[info] welcome to sbt 1.11.6 (Ubuntu Java 17.0.16)
[info] loading global plugins from /home/peng/.sbt/1.0/plugins
[info] loading settings for project frameless-build-build-build from metals.sbt...
[info] loading project definition from /home/peng/git-release/__LEGACY/frameless/project/project/project
[info] loading settings for project frameless-build-build from metals.sbt...
[info] loading project definition from /home/peng/git-release/__LEGACY/frameless/project/project
[success] Generated .bloop/frameless-build-build.json
[success] Total time: 2 s, completed Oct. 11, 2025, 7:42:47 p.m.
[info] loading settings for project frameless-build from metals.sbt, plugins.sbt...
[info] loading project definition from /home/peng/git-release/__LEGACY/frameless/project
[info] waiting for lock on /home/peng/.ivy2/exclude_classifiers.lock to be available...
[success] Generated .bloop/frameless-build.json
[success] Total time: 6 s, completed Oct. 11, 2025, 7:42:53 p.m.
[info] loading settings for project root from build.sbt, github.sbt...
[info] resolving key references (21985 settings) ...
[info] set scmInfo to https://github.com/typelevel/frameless
[info] set current project to root (in build file:/home/peng/git-release/__LEGACY/frameless/)
[warn] there are 23 keys that are not used by any other settings/tasks:
[warn]  
[warn] * cats / scalafmtFilter
[warn]   +- /home/peng/git-release/__LEGACY/frameless/project/Common.scala:12
[warn] * cats-spark33 / scalafmtFilter
[warn]   +- /home/peng/git-release/__LEGACY/frameless/project/Common.scala:12
[warn] * cats-spark34 / scalafmtFilter
[warn]   +- /home/peng/git-release/__LEGACY/frameless/project/Common.scala:12
[warn] * cats-spark40 / scalafmtFilter
[warn]   +- /home/peng/git-release/__LEGACY/frameless/project/Common.scala:12
[warn] * core / scalafmtFilter
[warn]   +- /home/peng/git-release/__LEGACY/frameless/project/Common.scala:12
[warn] * dataset / scalafmtFilter
[warn]   +- /home/peng/git-release/__LEGACY/frameless/project/Common.scala:12
[warn] * dataset-spark33 / scalafmtFilter
[warn]   +- /home/peng/git-release/__LEGACY/frameless/project/Common.scala:12
[warn] * dataset-spark34 / scalafmtFilter
[warn]   +- /home/peng/git-release/__LEGACY/frameless/project/Common.scala:12
[warn] * dataset-spark40 / scalafmtFilter
[warn]   +- /home/peng/git-release/__LEGACY/frameless/project/Common.scala:12
[warn] * docs / scalafmtFilter
[warn]   +- /home/peng/git-release/__LEGACY/frameless/project/Common.scala:12
[warn] * ml / scalafmtFilter
[warn]   +- /home/peng/git-release/__LEGACY/frameless/project/Common.scala:12
[warn] * ml-spark33 / scalafmtFilter
[warn]   +- /home/peng/git-release/__LEGACY/frameless/project/Common.scala:12
[warn] * ml-spark34 / scalafmtFilter
[warn]   +- /home/peng/git-release/__LEGACY/frameless/project/Common.scala:12
[warn] * ml-spark40 / scalafmtFilter
[warn]   +- /home/peng/git-release/__LEGACY/frameless/project/Common.scala:12
[warn] * refined / scalafmtFilter
[warn]   +- /home/peng/git-release/__LEGACY/frameless/project/Common.scala:12
[warn] * refined-spark33 / scalafmtFilter
[warn]   +- /home/peng/git-release/__LEGACY/frameless/project/Common.scala:12
[warn] * refined-spark34 / scalafmtFilter
[warn]   +- /home/peng/git-release/__LEGACY/frameless/project/Common.scala:12
[warn] * refined-spark40 / scalafmtFilter
[warn]   +- /home/peng/git-release/__LEGACY/frameless/project/Common.scala:12
[warn] * root / scalafmtFilter
[warn]   +- /home/peng/git-release/__LEGACY/frameless/project/Common.scala:12
[warn] * root-spark33 / scalafmtFilter
[warn]   +- /home/peng/git-release/__LEGACY/frameless/project/Common.scala:12
[warn] * root-spark34 / scalafmtFilter
[warn]   +- /home/peng/git-release/__LEGACY/frameless/project/Common.scala:12
[warn] * root-spark35 / scalafmtFilter
[warn]   +- /home/peng/git-release/__LEGACY/frameless/project/Common.scala:12
[warn] * root-spark40 / scalafmtFilter
[warn]   +- /home/peng/git-release/__LEGACY/frameless/project/Common.scala:12
[warn]  
[warn] note: a setting might still be used by a command; to exclude a key from this `lintUnused` check
[warn] either append it to `Global / excludeLintKeys` or call .withRank(KeyRanks.Invisible) on the key
[info] set current project to frameless-dataset-spark40 (in build file:/home/peng/git-release/__LEGACY/frameless/)
[info] CubeTests:
2025-10-11 19:43:12 [pool-1-thread-1] WARN  org.apache.hadoop.util.NativeCodeLoader:60 - Unable to load native-hadoop library for your platform... using builtin-java classes where applicable
[info] - cube('a).agg(count()) (12 seconds, 930 milliseconds)
[info] - cube('a, 'b).agg(count()) (3 seconds, 757 milliseconds)
[info] - cube('a).agg(sum('b) *** FAILED *** (245 milliseconds)
[info]   ExtendedAnalysisException was thrown during property evaluation.
[info]     Message: [MISSING_AGGREGATION] The non-aggregating expression "b" is based on columns which are not participating in the GROUP BY clause.
[info]   Add the columns or the expression to the GROUP BY, aggregate the expression, or use "any_value(b)" if you do not care which of the values within a group is returned. SQLSTATE: 42803;
[info]   Aggregate [a#1157, spark_grouping_id#1156L], [a#1157, coalesce(sum(b#1139L), 0) AS coalesce(sum(b), 0)#1154L]
[info]   +- Expand [[a#1138, b#1139L, a#1155, 0], [a#1138, b#1139L, null, 1]], [a#1138, b#1139L, a#1157, spark_grouping_id#1156L]
[info]      +- Project [a#1138, b#1139L, a#1138 AS a#1155]
[info]         +- LocalRelation <empty>, [a#1138, b#1139L]
[info]   
[info]     Occurred when passed generated values (
[info]       arg0 = List()
[info]     )
[info]   org.scalatest.exceptions.GeneratorDrivenPropertyCheckFailedException:
[info]   at org.scalatestplus.scalacheck.CheckerAsserting$$anon$2.indicateFailure(CheckerAsserting.scala:251)
[info]   at org.scalatestplus.scalacheck.CheckerAsserting$$anon$2.indicateFailure(CheckerAsserting.scala:238)
[info]   at org.scalatestplus.scalacheck.UnitCheckerAsserting$CheckerAssertingImpl.check(CheckerAsserting.scala:160)
[info]   at org.scalatestplus.scalacheck.Checkers.check(Checkers.scala:371)
[info]   at org.scalatestplus.scalacheck.Checkers.check$(Checkers.scala:369)
[info]   at frameless.TypedDatasetSuite.check(TypedDatasetSuite.scala:70)
[info]   at frameless.ops.CubeTests.$anonfun$new$31(CubeTests.scala:92)
[info]   at org.scalatest.OutcomeOf.outcomeOf(OutcomeOf.scala:85)
[info]   at org.scalatest.OutcomeOf.outcomeOf$(OutcomeOf.scala:83)
[info]   at org.scalatest.OutcomeOf$.outcomeOf(OutcomeOf.scala:104)
[info]   at org.scalatest.Transformer.apply(Transformer.scala:22)
[info]   at org.scalatest.Transformer.apply(Transformer.scala:20)
[info]   at org.scalatest.funsuite.AnyFunSuiteLike$$anon$1.apply(AnyFunSuiteLike.scala:226)
[info]   at org.scalatest.TestSuite.withFixture(TestSuite.scala:196)
[info]   at org.scalatest.TestSuite.withFixture$(TestSuite.scala:195)
[info]   at org.scalatest.funsuite.AnyFunSuite.withFixture(AnyFunSuite.scala:1564)
[info]   at org.scalatest.funsuite.AnyFunSuiteLike.invokeWithFixture$1(AnyFunSuiteLike.scala:224)
[info]   at org.scalatest.funsuite.AnyFunSuiteLike.$anonfun$runTest$1(AnyFunSuiteLike.scala:236)
[info]   at org.scalatest.SuperEngine.runTestImpl(Engine.scala:306)
[info]   at org.scalatest.funsuite.AnyFunSuiteLike.runTest(AnyFunSuiteLike.scala:236)
[info]   at org.scalatest.funsuite.AnyFunSuiteLike.runTest$(AnyFunSuiteLike.scala:218)
[info]   at org.scalatest.funsuite.AnyFunSuite.runTest(AnyFunSuite.scala:1564)
[info]   at org.scalatest.funsuite.AnyFunSuiteLike.$anonfun$runTests$1(AnyFunSuiteLike.scala:269)
[info]   at org.scalatest.SuperEngine.$anonfun$runTestsInBranch$1(Engine.scala:413)
[info]   at scala.collection.immutable.List.foreach(List.scala:334)
[info]   at org.scalatest.SuperEngine.traverseSubNodes$1(Engine.scala:401)
[info]   at org.scalatest.SuperEngine.runTestsInBranch(Engine.scala:396)
[info]   at org.scalatest.SuperEngine.runTestsImpl(Engine.scala:475)
[info]   at org.scalatest.funsuite.AnyFunSuiteLike.runTests(AnyFunSuiteLike.scala:269)
[info]   at org.scalatest.funsuite.AnyFunSuiteLike.runTests$(AnyFunSuiteLike.scala:268)
[info]   at org.scalatest.funsuite.AnyFunSuite.runTests(AnyFunSuite.scala:1564)
[info]   at org.scalatest.Suite.run(Suite.scala:1114)
[info]   at org.scalatest.Suite.run$(Suite.scala:1096)
[info]   at org.scalatest.funsuite.AnyFunSuite.org$scalatest$funsuite$AnyFunSuiteLike$$super$run(AnyFunSuite.scala:1564)
[info]   at org.scalatest.funsuite.AnyFunSuiteLike.$anonfun$run$1(AnyFunSuiteLike.scala:273)
[info]   at org.scalatest.SuperEngine.runImpl(Engine.scala:535)
[info]   at org.scalatest.funsuite.AnyFunSuiteLike.run(AnyFunSuiteLike.scala:273)
[info]   at org.scalatest.funsuite.AnyFunSuiteLike.run$(AnyFunSuiteLike.scala:272)
[info]   at frameless.TypedDatasetSuite.org$scalatest$BeforeAndAfterAll$$super$run(TypedDatasetSuite.scala:70)
[info]   at org.scalatest.BeforeAndAfterAll.liftedTree1$1(BeforeAndAfterAll.scala:213)
[info]   at org.scalatest.BeforeAndAfterAll.run(BeforeAndAfterAll.scala:210)
[info]   at org.scalatest.BeforeAndAfterAll.run$(BeforeAndAfterAll.scala:208)
[info]   at frameless.TypedDatasetSuite.run(TypedDatasetSuite.scala:70)
[info]   at org.scalatest.tools.Framework.org$scalatest$tools$Framework$$runSuite(Framework.scala:321)
[info]   at org.scalatest.tools.Framework$ScalaTestTask.execute(Framework.scala:517)
[info]   at sbt.ForkMain$Run.lambda$runTest$1(ForkMain.java:414)
[info]   at java.base/java.util.concurrent.FutureTask.run(FutureTask.java:264)
[info]   at java.base/java.util.concurrent.ThreadPoolExecutor.runWorker(ThreadPoolExecutor.java:1136)
[info]   at java.base/java.util.concurrent.ThreadPoolExecutor$Worker.run(ThreadPoolExecutor.java:635)
[info]   at java.base/java.lang.Thread.run(Thread.java:840)
[info]   Cause: org.apache.spark.sql.catalyst.ExtendedAnalysisException: [MISSING_AGGREGATION] The non-aggregating expression "b" is based on columns which are not participating in the GROUP BY clause.
[info] Add the columns or the expression to the GROUP BY, aggregate the expression, or use "any_value(b)" if you do not care which of the values within a group is returned. SQLSTATE: 42803;
[info] Aggregate [a#1157, spark_grouping_id#1156L], [a#1157, coalesce(sum(b#1139L), 0) AS coalesce(sum(b), 0)#1154L]
[info] +- Expand [[a#1138, b#1139L, a#1155, 0], [a#1138, b#1139L, null, 1]], [a#1138, b#1139L, a#1157, spark_grouping_id#1156L]
[info]    +- Project [a#1138, b#1139L, a#1138 AS a#1155]
[info]       +- LocalRelation <empty>, [a#1138, b#1139L]
[info]   at org.apache.spark.sql.errors.QueryCompilationErrors$.columnNotInGroupByClauseError(QueryCompilationErrors.scala:3702)
[info]   at org.apache.spark.sql.catalyst.expressions.ExprUtils$.checkValidAggregateExpression$1(ExprUtils.scala:180)
[info]   at org.apache.spark.sql.catalyst.expressions.ExprUtils$.$anonfun$assertValidAggregation$7(ExprUtils.scala:194)
[info]   at org.apache.spark.sql.catalyst.expressions.ExprUtils$.$anonfun$assertValidAggregation$7$adapted(ExprUtils.scala:194)
[info]   at scala.collection.immutable.Vector.foreach(Vector.scala:2125)
[info]   at org.apache.spark.sql.catalyst.expressions.ExprUtils$.checkValidAggregateExpression$1(ExprUtils.scala:194)
[info]   at org.apache.spark.sql.catalyst.expressions.ExprUtils$.$anonfun$assertValidAggregation$7(ExprUtils.scala:194)
[info]   at org.apache.spark.sql.catalyst.expressions.ExprUtils$.$anonfun$assertValidAggregation$7$adapted(ExprUtils.scala:194)
[info]   at scala.collection.immutable.Vector.foreach(Vector.scala:2125)
[info]   at org.apache.spark.sql.catalyst.expressions.ExprUtils$.checkValidAggregateExpression$1(ExprUtils.scala:194)
[info]   at org.apache.spark.sql.catalyst.expressions.ExprUtils$.$anonfun$assertValidAggregation$7(ExprUtils.scala:194)
[info]   at org.apache.spark.sql.catalyst.expressions.ExprUtils$.$anonfun$assertValidAggregation$7$adapted(ExprUtils.scala:194)
[info]   at scala.collection.immutable.Vector.foreach(Vector.scala:2125)
[info]   at org.apache.spark.sql.catalyst.expressions.ExprUtils$.checkValidAggregateExpression$1(ExprUtils.scala:194)
[info]   at org.apache.spark.sql.catalyst.expressions.ExprUtils$.$anonfun$assertValidAggregation$11(ExprUtils.scala:226)
[info]   at org.apache.spark.sql.catalyst.expressions.ExprUtils$.$anonfun$assertValidAggregation$11$adapted(ExprUtils.scala:226)
[info]   at scala.collection.immutable.List.foreach(List.scala:334)
[info]   at org.apache.spark.sql.catalyst.expressions.ExprUtils$.assertValidAggregation(ExprUtils.scala:226)
[info]   at org.apache.spark.sql.catalyst.analysis.CheckAnalysis.$anonfun$checkAnalysis0$2(CheckAnalysis.scala:593)
[info]   at org.apache.spark.sql.catalyst.analysis.CheckAnalysis.$anonfun$checkAnalysis0$2$adapted(CheckAnalysis.scala:284)
[info]   at org.apache.spark.sql.catalyst.trees.TreeNode.foreachUp(TreeNode.scala:252)
[info]   at org.apache.spark.sql.catalyst.analysis.CheckAnalysis.checkAnalysis0(CheckAnalysis.scala:284)
[info]   at org.apache.spark.sql.catalyst.analysis.CheckAnalysis.checkAnalysis0$(CheckAnalysis.scala:255)
[info]   at org.apache.spark.sql.catalyst.analysis.Analyzer.checkAnalysis0(Analyzer.scala:299)
[info]   at org.apache.spark.sql.catalyst.analysis.CheckAnalysis.checkAnalysis(CheckAnalysis.scala:244)
[info]   at org.apache.spark.sql.catalyst.analysis.CheckAnalysis.checkAnalysis$(CheckAnalysis.scala:231)
[info]   at org.apache.spark.sql.catalyst.analysis.Analyzer.checkAnalysis(Analyzer.scala:299)
[info]   at org.apache.spark.sql.catalyst.analysis.resolver.HybridAnalyzer.$anonfun$resolveInFixedPoint$1(HybridAnalyzer.scala:192)
[info]   at scala.runtime.java8.JFunction0$mcV$sp.apply(JFunction0$mcV$sp.scala:18)
[info]   at org.apache.spark.sql.catalyst.QueryPlanningTracker$.withTracker(QueryPlanningTracker.scala:89)
[info]   at org.apache.spark.sql.catalyst.analysis.resolver.HybridAnalyzer.resolveInFixedPoint(HybridAnalyzer.scala:192)
[info]   at org.apache.spark.sql.catalyst.analysis.resolver.HybridAnalyzer.$anonfun$apply$1(HybridAnalyzer.scala:76)
[info]   at org.apache.spark.sql.catalyst.analysis.resolver.HybridAnalyzer.withTrackedAnalyzerBridgeState(HybridAnalyzer.scala:111)
[info]   at org.apache.spark.sql.catalyst.analysis.resolver.HybridAnalyzer.apply(HybridAnalyzer.scala:71)
[info]   at org.apache.spark.sql.catalyst.analysis.Analyzer.$anonfun$executeAndCheck$1(Analyzer.scala:330)
[info]   at org.apache.spark.sql.catalyst.plans.logical.AnalysisHelper$.markInAnalyzer(AnalysisHelper.scala:423)
[info]   at org.apache.spark.sql.catalyst.analysis.Analyzer.executeAndCheck(Analyzer.scala:330)
[info]   at org.apache.spark.sql.execution.QueryExecution.$anonfun$lazyAnalyzed$2(QueryExecution.scala:110)
[info]   at org.apache.spark.sql.catalyst.QueryPlanningTracker.measurePhase(QueryPlanningTracker.scala:148)
[info]   at org.apache.spark.sql.execution.QueryExecution.$anonfun$executePhase$2(QueryExecution.scala:278)
[info]   at org.apache.spark.sql.execution.QueryExecution$.withInternalError(QueryExecution.scala:654)
[info]   at org.apache.spark.sql.execution.QueryExecution.$anonfun$executePhase$1(QueryExecution.scala:278)
[info]   at org.apache.spark.sql.SparkSession.withActive(SparkSession.scala:804)
[info]   at org.apache.spark.sql.execution.QueryExecution.executePhase(QueryExecution.scala:277)
[info]   at org.apache.spark.sql.execution.QueryExecution.$anonfun$lazyAnalyzed$1(QueryExecution.scala:110)
[info]   at scala.util.Try$.apply(Try.scala:217)
[info]   at org.apache.spark.util.Utils$.doTryWithCallerStacktrace(Utils.scala:1378)
[info]   at org.apache.spark.util.Utils$.getTryWithCallerStacktrace(Utils.scala:1439)
[info]   at org.apache.spark.util.LazyTry.get(LazyTry.scala:58)
[info]   at org.apache.spark.sql.execution.QueryExecution.analyzed(QueryExecution.scala:121)
[info]   at org.apache.spark.sql.execution.QueryExecution.assertAnalyzed(QueryExecution.scala:80)
[info]   at org.apache.spark.sql.classic.Dataset$.$anonfun$ofRows$1(Dataset.scala:115)
[info]   at org.apache.spark.sql.SparkSession.withActive(SparkSession.scala:804)
[info]   at org.apache.spark.sql.classic.Dataset$.ofRows(Dataset.scala:113)
[info]   at org.apache.spark.sql.classic.RelationalGroupedDataset.toDF(RelationalGroupedDataset.scala:91)
[info]   at org.apache.spark.sql.classic.RelationalGroupedDataset.toDF(RelationalGroupedDataset.scala:54)
[info]   at org.apache.spark.sql.RelationalGroupedDataset.agg(RelationalGroupedDataset.scala:158)
[info]   at org.apache.spark.sql.classic.RelationalGroupedDataset.agg(RelationalGroupedDataset.scala:147)
[info]   at org.apache.spark.sql.classic.RelationalGroupedDataset.agg(RelationalGroupedDataset.scala:54)
[info]   at frameless.ops.AggregatingOps.aggregate(GroupByOps.scala:234)
[info]   at frameless.ops.RelationalGroupsOps$agg$.applyProduct(RelationalGroupsOps.scala:64)
[info]   at frameless.ops.RelationalGroups1Ops.agg(RelationalGroupsOps.scala:77)
[info]   at frameless.ops.CubeTests.prop$3(CubeTests.scala:80)
[info]   at frameless.ops.CubeTests.$anonfun$new$45(CubeTests.scala:92)
[info]   at scala.Function1.$anonfun$andThen$1(Function1.scala:87)
[info]   at org.scalacheck.Prop$.$anonfun$forAllShrink$2(Prop.scala:868)
[info]   at org.scalacheck.Prop$.secure(Prop.scala:484)
[info]   at org.scalacheck.Prop$.result$1(Prop.scala:868)
[info]   at org.scalacheck.Prop$.$anonfun$forAllShrink$1(Prop.scala:915)
[info]   at org.scalacheck.Prop$.$anonfun$apply$1(Prop.scala:305)
[info]   at org.scalacheck.PropFromFun.apply(Prop.scala:20)
[info]   at org.scalacheck.Test$.workerFun$1(Test.scala:486)
[info]   at org.scalacheck.Test$.$anonfun$check$4(Test.scala:518)
[info]   at org.scalacheck.Test$.$anonfun$check$4$adapted(Test.scala:518)
[info]   at org.scalacheck.Platform$.runWorkers(Platform.scala:42)
[info]   at org.scalacheck.Test$.check(Test.scala:518)
[info]   at org.scalatestplus.scalacheck.UnitCheckerAsserting$CheckerAssertingImpl.check(CheckerAsserting.scala:90)
[info]   at org.scalatestplus.scalacheck.Checkers.check(Checkers.scala:371)
[info]   at org.scalatestplus.scalacheck.Checkers.check$(Checkers.scala:369)
[info]   at frameless.TypedDatasetSuite.check(TypedDatasetSuite.scala:70)
[info]   at frameless.ops.CubeTests.$anonfun$new$31(CubeTests.scala:92)
[info]   at org.scalatest.OutcomeOf.outcomeOf(OutcomeOf.scala:85)
[info]   at org.scalatest.OutcomeOf.outcomeOf$(OutcomeOf.scala:83)
[info]   at org.scalatest.OutcomeOf$.outcomeOf(OutcomeOf.scala:104)
[info]   at org.scalatest.Transformer.apply(Transformer.scala:22)
[info]   at org.scalatest.Transformer.apply(Transformer.scala:20)
[info]   at org.scalatest.funsuite.AnyFunSuiteLike$$anon$1.apply(AnyFunSuiteLike.scala:226)
[info]   at org.scalatest.TestSuite.withFixture(TestSuite.scala:196)
[info]   at org.scalatest.TestSuite.withFixture$(TestSuite.scala:195)
[info]   at org.scalatest.funsuite.AnyFunSuite.withFixture(AnyFunSuite.scala:1564)
[info]   at org.scalatest.funsuite.AnyFunSuiteLike.invokeWithFixture$1(AnyFunSuiteLike.scala:224)
[info]   at org.scalatest.funsuite.AnyFunSuiteLike.$anonfun$runTest$1(AnyFunSuiteLike.scala:236)
[info]   at org.scalatest.SuperEngine.runTestImpl(Engine.scala:306)
[info]   at org.scalatest.funsuite.AnyFunSuiteLike.runTest(AnyFunSuiteLike.scala:236)
[info]   at org.scalatest.funsuite.AnyFunSuiteLike.runTest$(AnyFunSuiteLike.scala:218)
[info]   at org.scalatest.funsuite.AnyFunSuite.runTest(AnyFunSuite.scala:1564)
[info]   at org.scalatest.funsuite.AnyFunSuiteLike.$anonfun$runTests$1(AnyFunSuiteLike.scala:269)
[info]   at org.scalatest.SuperEngine.$anonfun$runTestsInBranch$1(Engine.scala:413)
[info]   at scala.collection.immutable.List.foreach(List.scala:334)
[info]   at org.scalatest.SuperEngine.traverseSubNodes$1(Engine.scala:401)
[info]   at org.scalatest.SuperEngine.runTestsInBranch(Engine.scala:396)
[info]   at org.scalatest.SuperEngine.runTestsImpl(Engine.scala:475)
[info]   at org.scalatest.funsuite.AnyFunSuiteLike.runTests(AnyFunSuiteLike.scala:269)
[info]   at org.scalatest.funsuite.AnyFunSuiteLike.runTests$(AnyFunSuiteLike.scala:268)
[info]   at org.scalatest.funsuite.AnyFunSuite.runTests(AnyFunSuite.scala:1564)
[info]   at org.scalatest.Suite.run(Suite.scala:1114)
[info]   at org.scalatest.Suite.run$(Suite.scala:1096)
[info]   at org.scalatest.funsuite.AnyFunSuite.org$scalatest$funsuite$AnyFunSuiteLike$$super$run(AnyFunSuite.scala:1564)
[info]   at org.scalatest.funsuite.AnyFunSuiteLike.$anonfun$run$1(AnyFunSuiteLike.scala:273)
[info]   at org.scalatest.SuperEngine.runImpl(Engine.scala:535)
[info]   at org.scalatest.funsuite.AnyFunSuiteLike.run(AnyFunSuiteLike.scala:273)
[info]   at org.scalatest.funsuite.AnyFunSuiteLike.run$(AnyFunSuiteLike.scala:272)
[info]   at frameless.TypedDatasetSuite.org$scalatest$BeforeAndAfterAll$$super$run(TypedDatasetSuite.scala:70)
[info]   at org.scalatest.BeforeAndAfterAll.liftedTree1$1(BeforeAndAfterAll.scala:213)
[info]   at org.scalatest.BeforeAndAfterAll.run(BeforeAndAfterAll.scala:210)
[info]   at org.scalatest.BeforeAndAfterAll.run$(BeforeAndAfterAll.scala:208)
[info]   at frameless.TypedDatasetSuite.run(TypedDatasetSuite.scala:70)
[info]   at org.scalatest.tools.Framework.org$scalatest$tools$Framework$$runSuite(Framework.scala:321)
[info]   at org.scalatest.tools.Framework$ScalaTestTask.execute(Framework.scala:517)
[info]   at sbt.ForkMain$Run.lambda$runTest$1(ForkMain.java:414)
[info]   at java.base/java.util.concurrent.FutureTask.run(FutureTask.java:264)
[info]   at java.base/java.util.concurrent.ThreadPoolExecutor.runWorker(ThreadPoolExecutor.java:1136)
[info]   at java.base/java.util.concurrent.ThreadPoolExecutor$Worker.run(ThreadPoolExecutor.java:635)
[info]   at java.base/java.lang.Thread.run(Thread.java:840)
[info] - cube('a).mapGroups('a, sum('b)) (2 seconds, 20 milliseconds)
[info] - cube('a).agg(sum('b), sum('c)) to cube('a).agg(sum('a), sum('b), sum('a), sum('b), sum('a)) *** FAILED *** (58 milliseconds)
[info]   ExtendedAnalysisException was thrown during property evaluation.
[info]     Message: [MISSING_AGGREGATION] The non-aggregating expression "b" is based on columns which are not participating in the GROUP BY clause.
[info]   Add the columns or the expression to the GROUP BY, aggregate the expression, or use "any_value(b)" if you do not care which of the values within a group is returned. SQLSTATE: 42803;
[info]   Aggregate [a#1661, spark_grouping_id#1660L], [a#1661, coalesce(sum(b#1635L), 0) AS coalesce(sum(b), 0)#1657L, coalesce(sum(c#1636), 0.0) AS coalesce(sum(c), 0.0)#1658]
[info]   +- Expand [[a#1634, b#1635L, c#1636, a#1659, 0], [a#1634, b#1635L, c#1636, null, 1]], [a#1634, b#1635L, c#1636, a#1661, spark_grouping_id#1660L]
[info]      +- Project [a#1634, b#1635L, c#1636, a#1634 AS a#1659]
[info]         +- LocalRelation <empty>, [a#1634, b#1635L, c#1636]
[info]   
[info]     Occurred when passed generated values (
[info]       arg0 = List()
[info]     )
[info]   org.scalatest.exceptions.GeneratorDrivenPropertyCheckFailedException:
[info]   at org.scalatestplus.scalacheck.CheckerAsserting$$anon$2.indicateFailure(CheckerAsserting.scala:251)
[info]   at org.scalatestplus.scalacheck.CheckerAsserting$$anon$2.indicateFailure(CheckerAsserting.scala:238)
[info]   at org.scalatestplus.scalacheck.UnitCheckerAsserting$CheckerAssertingImpl.check(CheckerAsserting.scala:160)
[info]   at org.scalatestplus.scalacheck.Checkers.check(Checkers.scala:371)
[info]   at org.scalatestplus.scalacheck.Checkers.check$(Checkers.scala:369)
[info]   at frameless.TypedDatasetSuite.check(TypedDatasetSuite.scala:70)
[info]   at frameless.ops.CubeTests.$anonfun$new$69(CubeTests.scala:232)
[info]   at org.scalatest.OutcomeOf.outcomeOf(OutcomeOf.scala:85)
[info]   at org.scalatest.OutcomeOf.outcomeOf$(OutcomeOf.scala:83)
[info]   at org.scalatest.OutcomeOf$.outcomeOf(OutcomeOf.scala:104)
[info]   at org.scalatest.Transformer.apply(Transformer.scala:22)
[info]   at org.scalatest.Transformer.apply(Transformer.scala:20)
[info]   at org.scalatest.funsuite.AnyFunSuiteLike$$anon$1.apply(AnyFunSuiteLike.scala:226)
[info]   at org.scalatest.TestSuite.withFixture(TestSuite.scala:196)
[info]   at org.scalatest.TestSuite.withFixture$(TestSuite.scala:195)
[info]   at org.scalatest.funsuite.AnyFunSuite.withFixture(AnyFunSuite.scala:1564)
[info]   at org.scalatest.funsuite.AnyFunSuiteLike.invokeWithFixture$1(AnyFunSuiteLike.scala:224)
[info]   at org.scalatest.funsuite.AnyFunSuiteLike.$anonfun$runTest$1(AnyFunSuiteLike.scala:236)
[info]   at org.scalatest.SuperEngine.runTestImpl(Engine.scala:306)
[info]   at org.scalatest.funsuite.AnyFunSuiteLike.runTest(AnyFunSuiteLike.scala:236)
[info]   at org.scalatest.funsuite.AnyFunSuiteLike.runTest$(AnyFunSuiteLike.scala:218)
[info]   at org.scalatest.funsuite.AnyFunSuite.runTest(AnyFunSuite.scala:1564)
[info]   at org.scalatest.funsuite.AnyFunSuiteLike.$anonfun$runTests$1(AnyFunSuiteLike.scala:269)
[info]   at org.scalatest.SuperEngine.$anonfun$runTestsInBranch$1(Engine.scala:413)
[info]   at scala.collection.immutable.List.foreach(List.scala:334)
[info]   at org.scalatest.SuperEngine.traverseSubNodes$1(Engine.scala:401)
[info]   at org.scalatest.SuperEngine.runTestsInBranch(Engine.scala:396)
[info]   at org.scalatest.SuperEngine.runTestsImpl(Engine.scala:475)
[info]   at org.scalatest.funsuite.AnyFunSuiteLike.runTests(AnyFunSuiteLike.scala:269)
[info]   at org.scalatest.funsuite.AnyFunSuiteLike.runTests$(AnyFunSuiteLike.scala:268)
[info]   at org.scalatest.funsuite.AnyFunSuite.runTests(AnyFunSuite.scala:1564)
[info]   at org.scalatest.Suite.run(Suite.scala:1114)
[info]   at org.scalatest.Suite.run$(Suite.scala:1096)
[info]   at org.scalatest.funsuite.AnyFunSuite.org$scalatest$funsuite$AnyFunSuiteLike$$super$run(AnyFunSuite.scala:1564)
[info]   at org.scalatest.funsuite.AnyFunSuiteLike.$anonfun$run$1(AnyFunSuiteLike.scala:273)
[info]   at org.scalatest.SuperEngine.runImpl(Engine.scala:535)
[info]   at org.scalatest.funsuite.AnyFunSuiteLike.run(AnyFunSuiteLike.scala:273)
[info]   at org.scalatest.funsuite.AnyFunSuiteLike.run$(AnyFunSuiteLike.scala:272)
[info]   at frameless.TypedDatasetSuite.org$scalatest$BeforeAndAfterAll$$super$run(TypedDatasetSuite.scala:70)
[info]   at org.scalatest.BeforeAndAfterAll.liftedTree1$1(BeforeAndAfterAll.scala:213)
[info]   at org.scalatest.BeforeAndAfterAll.run(BeforeAndAfterAll.scala:210)
[info]   at org.scalatest.BeforeAndAfterAll.run$(BeforeAndAfterAll.scala:208)
[info]   at frameless.TypedDatasetSuite.run(TypedDatasetSuite.scala:70)
[info]   at org.scalatest.tools.Framework.org$scalatest$tools$Framework$$runSuite(Framework.scala:321)
[info]   at org.scalatest.tools.Framework$ScalaTestTask.execute(Framework.scala:517)
[info]   at sbt.ForkMain$Run.lambda$runTest$1(ForkMain.java:414)
[info]   at java.base/java.util.concurrent.FutureTask.run(FutureTask.java:264)
[info]   at java.base/java.util.concurrent.ThreadPoolExecutor.runWorker(ThreadPoolExecutor.java:1136)
[info]   at java.base/java.util.concurrent.ThreadPoolExecutor$Worker.run(ThreadPoolExecutor.java:635)
[info]   at java.base/java.lang.Thread.run(Thread.java:840)
[info]   Cause: org.apache.spark.sql.catalyst.ExtendedAnalysisException: [MISSING_AGGREGATION] The non-aggregating expression "b" is based on columns which are not participating in the GROUP BY clause.
[info] Add the columns or the expression to the GROUP BY, aggregate the expression, or use "any_value(b)" if you do not care which of the values within a group is returned. SQLSTATE: 42803;
[info] Aggregate [a#1661, spark_grouping_id#1660L], [a#1661, coalesce(sum(b#1635L), 0) AS coalesce(sum(b), 0)#1657L, coalesce(sum(c#1636), 0.0) AS coalesce(sum(c), 0.0)#1658]
[info] +- Expand [[a#1634, b#1635L, c#1636, a#1659, 0], [a#1634, b#1635L, c#1636, null, 1]], [a#1634, b#1635L, c#1636, a#1661, spark_grouping_id#1660L]
[info]    +- Project [a#1634, b#1635L, c#1636, a#1634 AS a#1659]
[info]       +- LocalRelation <empty>, [a#1634, b#1635L, c#1636]
[info]   at org.apache.spark.sql.errors.QueryCompilationErrors$.columnNotInGroupByClauseError(QueryCompilationErrors.scala:3702)
[info]   at org.apache.spark.sql.catalyst.expressions.ExprUtils$.checkValidAggregateExpression$1(ExprUtils.scala:180)
[info]   at org.apache.spark.sql.catalyst.expressions.ExprUtils$.$anonfun$assertValidAggregation$7(ExprUtils.scala:194)
[info]   at org.apache.spark.sql.catalyst.expressions.ExprUtils$.$anonfun$assertValidAggregation$7$adapted(ExprUtils.scala:194)
[info]   at scala.collection.immutable.Vector.foreach(Vector.scala:2125)
[info]   at org.apache.spark.sql.catalyst.expressions.ExprUtils$.checkValidAggregateExpression$1(ExprUtils.scala:194)
[info]   at org.apache.spark.sql.catalyst.expressions.ExprUtils$.$anonfun$assertValidAggregation$7(ExprUtils.scala:194)
[info]   at org.apache.spark.sql.catalyst.expressions.ExprUtils$.$anonfun$assertValidAggregation$7$adapted(ExprUtils.scala:194)
[info]   at scala.collection.immutable.Vector.foreach(Vector.scala:2125)
[info]   at org.apache.spark.sql.catalyst.expressions.ExprUtils$.checkValidAggregateExpression$1(ExprUtils.scala:194)
[info]   at org.apache.spark.sql.catalyst.expressions.ExprUtils$.$anonfun$assertValidAggregation$7(ExprUtils.scala:194)
[info]   at org.apache.spark.sql.catalyst.expressions.ExprUtils$.$anonfun$assertValidAggregation$7$adapted(ExprUtils.scala:194)
[info]   at scala.collection.immutable.Vector.foreach(Vector.scala:2125)
[info]   at org.apache.spark.sql.catalyst.expressions.ExprUtils$.checkValidAggregateExpression$1(ExprUtils.scala:194)
[info]   at org.apache.spark.sql.catalyst.expressions.ExprUtils$.$anonfun$assertValidAggregation$11(ExprUtils.scala:226)
[info]   at org.apache.spark.sql.catalyst.expressions.ExprUtils$.$anonfun$assertValidAggregation$11$adapted(ExprUtils.scala:226)
[info]   at scala.collection.immutable.List.foreach(List.scala:334)
[info]   at org.apache.spark.sql.catalyst.expressions.ExprUtils$.assertValidAggregation(ExprUtils.scala:226)
[info]   at org.apache.spark.sql.catalyst.analysis.CheckAnalysis.$anonfun$checkAnalysis0$2(CheckAnalysis.scala:593)
[info]   at org.apache.spark.sql.catalyst.analysis.CheckAnalysis.$anonfun$checkAnalysis0$2$adapted(CheckAnalysis.scala:284)
[info]   at org.apache.spark.sql.catalyst.trees.TreeNode.foreachUp(TreeNode.scala:252)
[info]   at org.apache.spark.sql.catalyst.analysis.CheckAnalysis.checkAnalysis0(CheckAnalysis.scala:284)
[info]   at org.apache.spark.sql.catalyst.analysis.CheckAnalysis.checkAnalysis0$(CheckAnalysis.scala:255)
[info]   at org.apache.spark.sql.catalyst.analysis.Analyzer.checkAnalysis0(Analyzer.scala:299)
[info]   at org.apache.spark.sql.catalyst.analysis.CheckAnalysis.checkAnalysis(CheckAnalysis.scala:244)
[info]   at org.apache.spark.sql.catalyst.analysis.CheckAnalysis.checkAnalysis$(CheckAnalysis.scala:231)
[info]   at org.apache.spark.sql.catalyst.analysis.Analyzer.checkAnalysis(Analyzer.scala:299)
[info]   at org.apache.spark.sql.catalyst.analysis.resolver.HybridAnalyzer.$anonfun$resolveInFixedPoint$1(HybridAnalyzer.scala:192)
[info]   at scala.runtime.java8.JFunction0$mcV$sp.apply(JFunction0$mcV$sp.scala:18)
[info]   at org.apache.spark.sql.catalyst.QueryPlanningTracker$.withTracker(QueryPlanningTracker.scala:89)
[info]   at org.apache.spark.sql.catalyst.analysis.resolver.HybridAnalyzer.resolveInFixedPoint(HybridAnalyzer.scala:192)
[info]   at org.apache.spark.sql.catalyst.analysis.resolver.HybridAnalyzer.$anonfun$apply$1(HybridAnalyzer.scala:76)
[info]   at org.apache.spark.sql.catalyst.analysis.resolver.HybridAnalyzer.withTrackedAnalyzerBridgeState(HybridAnalyzer.scala:111)
[info]   at org.apache.spark.sql.catalyst.analysis.resolver.HybridAnalyzer.apply(HybridAnalyzer.scala:71)
[info]   at org.apache.spark.sql.catalyst.analysis.Analyzer.$anonfun$executeAndCheck$1(Analyzer.scala:330)
[info]   at org.apache.spark.sql.catalyst.plans.logical.AnalysisHelper$.markInAnalyzer(AnalysisHelper.scala:423)
[info]   at org.apache.spark.sql.catalyst.analysis.Analyzer.executeAndCheck(Analyzer.scala:330)
[info]   at org.apache.spark.sql.execution.QueryExecution.$anonfun$lazyAnalyzed$2(QueryExecution.scala:110)
[info]   at org.apache.spark.sql.catalyst.QueryPlanningTracker.measurePhase(QueryPlanningTracker.scala:148)
[info]   at org.apache.spark.sql.execution.QueryExecution.$anonfun$executePhase$2(QueryExecution.scala:278)
[info]   at org.apache.spark.sql.execution.QueryExecution$.withInternalError(QueryExecution.scala:654)
[info]   at org.apache.spark.sql.execution.QueryExecution.$anonfun$executePhase$1(QueryExecution.scala:278)
[info]   at org.apache.spark.sql.SparkSession.withActive(SparkSession.scala:804)
[info]   at org.apache.spark.sql.execution.QueryExecution.executePhase(QueryExecution.scala:277)
[info]   at org.apache.spark.sql.execution.QueryExecution.$anonfun$lazyAnalyzed$1(QueryExecution.scala:110)
[info]   at scala.util.Try$.apply(Try.scala:217)
[info]   at org.apache.spark.util.Utils$.doTryWithCallerStacktrace(Utils.scala:1378)
[info]   at org.apache.spark.util.Utils$.getTryWithCallerStacktrace(Utils.scala:1439)
[info]   at org.apache.spark.util.LazyTry.get(LazyTry.scala:58)
[info]   at org.apache.spark.sql.execution.QueryExecution.analyzed(QueryExecution.scala:121)
[info]   at org.apache.spark.sql.execution.QueryExecution.assertAnalyzed(QueryExecution.scala:80)
[info]   at org.apache.spark.sql.classic.Dataset$.$anonfun$ofRows$1(Dataset.scala:115)
[info]   at org.apache.spark.sql.SparkSession.withActive(SparkSession.scala:804)
[info]   at org.apache.spark.sql.classic.Dataset$.ofRows(Dataset.scala:113)
[info]   at org.apache.spark.sql.classic.RelationalGroupedDataset.toDF(RelationalGroupedDataset.scala:91)
[info]   at org.apache.spark.sql.classic.RelationalGroupedDataset.toDF(RelationalGroupedDataset.scala:54)
[info]   at org.apache.spark.sql.RelationalGroupedDataset.agg(RelationalGroupedDataset.scala:158)
[info]   at org.apache.spark.sql.classic.RelationalGroupedDataset.agg(RelationalGroupedDataset.scala:147)
[info]   at org.apache.spark.sql.classic.RelationalGroupedDataset.agg(RelationalGroupedDataset.scala:54)
[info]   at frameless.ops.AggregatingOps.aggregate(GroupByOps.scala:234)
[info]   at frameless.ops.RelationalGroupsOps$agg$.applyProduct(RelationalGroupsOps.scala:64)
[info]   at frameless.ops.RelationalGroups1Ops.agg(RelationalGroupsOps.scala:85)
[info]   at frameless.ops.CubeTests.prop$5(CubeTests.scala:138)
[info]   at frameless.ops.CubeTests.$anonfun$new$103(CubeTests.scala:232)
[info]   at scala.Function1.$anonfun$andThen$1(Function1.scala:87)
[info]   at org.scalacheck.Prop$.$anonfun$forAllShrink$2(Prop.scala:868)
[info]   at org.scalacheck.Prop$.secure(Prop.scala:484)
[info]   at org.scalacheck.Prop$.result$1(Prop.scala:868)
[info]   at org.scalacheck.Prop$.$anonfun$forAllShrink$1(Prop.scala:915)
[info]   at org.scalacheck.Prop$.$anonfun$apply$1(Prop.scala:305)
[info]   at org.scalacheck.PropFromFun.apply(Prop.scala:20)
[info]   at org.scalacheck.Test$.workerFun$1(Test.scala:486)
[info]   at org.scalacheck.Test$.$anonfun$check$4(Test.scala:518)
[info]   at org.scalacheck.Test$.$anonfun$check$4$adapted(Test.scala:518)
[info]   at org.scalacheck.Platform$.runWorkers(Platform.scala:42)
[info]   at org.scalacheck.Test$.check(Test.scala:518)
[info]   at org.scalatestplus.scalacheck.UnitCheckerAsserting$CheckerAssertingImpl.check(CheckerAsserting.scala:90)
[info]   at org.scalatestplus.scalacheck.Checkers.check(Checkers.scala:371)
[info]   at org.scalatestplus.scalacheck.Checkers.check$(Checkers.scala:369)
[info]   at frameless.TypedDatasetSuite.check(TypedDatasetSuite.scala:70)
[info]   at frameless.ops.CubeTests.$anonfun$new$69(CubeTests.scala:232)
[info]   at org.scalatest.OutcomeOf.outcomeOf(OutcomeOf.scala:85)
[info]   at org.scalatest.OutcomeOf.outcomeOf$(OutcomeOf.scala:83)
[info]   at org.scalatest.OutcomeOf$.outcomeOf(OutcomeOf.scala:104)
[info]   at org.scalatest.Transformer.apply(Transformer.scala:22)
[info]   at org.scalatest.Transformer.apply(Transformer.scala:20)
[info]   at org.scalatest.funsuite.AnyFunSuiteLike$$anon$1.apply(AnyFunSuiteLike.scala:226)
[info]   at org.scalatest.TestSuite.withFixture(TestSuite.scala:196)
[info]   at org.scalatest.TestSuite.withFixture$(TestSuite.scala:195)
[info]   at org.scalatest.funsuite.AnyFunSuite.withFixture(AnyFunSuite.scala:1564)
[info]   at org.scalatest.funsuite.AnyFunSuiteLike.invokeWithFixture$1(AnyFunSuiteLike.scala:224)
[info]   at org.scalatest.funsuite.AnyFunSuiteLike.$anonfun$runTest$1(AnyFunSuiteLike.scala:236)
[info]   at org.scalatest.SuperEngine.runTestImpl(Engine.scala:306)
[info]   at org.scalatest.funsuite.AnyFunSuiteLike.runTest(AnyFunSuiteLike.scala:236)
[info]   at org.scalatest.funsuite.AnyFunSuiteLike.runTest$(AnyFunSuiteLike.scala:218)
[info]   at org.scalatest.funsuite.AnyFunSuite.runTest(AnyFunSuite.scala:1564)
[info]   at org.scalatest.funsuite.AnyFunSuiteLike.$anonfun$runTests$1(AnyFunSuiteLike.scala:269)
[info]   at org.scalatest.SuperEngine.$anonfun$runTestsInBranch$1(Engine.scala:413)
[info]   at scala.collection.immutable.List.foreach(List.scala:334)
[info]   at org.scalatest.SuperEngine.traverseSubNodes$1(Engine.scala:401)
[info]   at org.scalatest.SuperEngine.runTestsInBranch(Engine.scala:396)
[info]   at org.scalatest.SuperEngine.runTestsImpl(Engine.scala:475)
[info]   at org.scalatest.funsuite.AnyFunSuiteLike.runTests(AnyFunSuiteLike.scala:269)
[info]   at org.scalatest.funsuite.AnyFunSuiteLike.runTests$(AnyFunSuiteLike.scala:268)
[info]   at org.scalatest.funsuite.AnyFunSuite.runTests(AnyFunSuite.scala:1564)
[info]   at org.scalatest.Suite.run(Suite.scala:1114)
[info]   at org.scalatest.Suite.run$(Suite.scala:1096)
[info]   at org.scalatest.funsuite.AnyFunSuite.org$scalatest$funsuite$AnyFunSuiteLike$$super$run(AnyFunSuite.scala:1564)
[info]   at org.scalatest.funsuite.AnyFunSuiteLike.$anonfun$run$1(AnyFunSuiteLike.scala:273)
[info]   at org.scalatest.SuperEngine.runImpl(Engine.scala:535)
[info]   at org.scalatest.funsuite.AnyFunSuiteLike.run(AnyFunSuiteLike.scala:273)
[info]   at org.scalatest.funsuite.AnyFunSuiteLike.run$(AnyFunSuiteLike.scala:272)
[info]   at frameless.TypedDatasetSuite.org$scalatest$BeforeAndAfterAll$$super$run(TypedDatasetSuite.scala:70)
[info]   at org.scalatest.BeforeAndAfterAll.liftedTree1$1(BeforeAndAfterAll.scala:213)
[info]   at org.scalatest.BeforeAndAfterAll.run(BeforeAndAfterAll.scala:210)
[info]   at org.scalatest.BeforeAndAfterAll.run$(BeforeAndAfterAll.scala:208)
[info]   at frameless.TypedDatasetSuite.run(TypedDatasetSuite.scala:70)
[info]   at org.scalatest.tools.Framework.org$scalatest$tools$Framework$$runSuite(Framework.scala:321)
[info]   at org.scalatest.tools.Framework$ScalaTestTask.execute(Framework.scala:517)
[info]   at sbt.ForkMain$Run.lambda$runTest$1(ForkMain.java:414)
[info]   at java.base/java.util.concurrent.FutureTask.run(FutureTask.java:264)
[info]   at java.base/java.util.concurrent.ThreadPoolExecutor.runWorker(ThreadPoolExecutor.java:1136)
[info]   at java.base/java.util.concurrent.ThreadPoolExecutor$Worker.run(ThreadPoolExecutor.java:635)
[info]   at java.base/java.lang.Thread.run(Thread.java:840)
[info] - cube('a, 'b).agg(sum('c), sum('d)) *** FAILED *** (57 milliseconds)
[info]   ExtendedAnalysisException was thrown during property evaluation.
[info]     Message: [MISSING_AGGREGATION] The non-aggregating expression "c" is based on columns which are not participating in the GROUP BY clause.
[info]   Add the columns or the expression to the GROUP BY, aggregate the expression, or use "any_value(c)" if you do not care which of the values within a group is returned. SQLSTATE: 42803;
[info]   Aggregate [a#1705, b#1706, spark_grouping_id#1704L], [a#1705, b#1706, coalesce(sum(c#1672L), 0) AS coalesce(sum(c), 0)#1700L, coalesce(sum(d#1673), 0.0) AS coalesce(sum(d), 0.0)#1701]
[info]   +- Expand [[a#1670, b#1671, c#1672L, d#1673, a#1702, b#1703, 0], [a#1670, b#1671, c#1672L, d#1673, a#1702, null, 1], [a#1670, b#1671, c#1672L, d#1673, null, b#1703, 2], [a#1670, b#1671, c#1672L, d#1673, null, null, 3]], [a#1670, b#1671, c#1672L, d#1673, a#1705, b#1706, spark_grouping_id#1704L]
[info]      +- Project [a#1670, b#1671, c#1672L, d#1673, a#1670 AS a#1702, b#1671 AS b#1703]
[info]         +- LocalRelation <empty>, [a#1670, b#1671, c#1672L, d#1673]
[info]   
[info]     Occurred when passed generated values (
[info]       arg0 = List()
[info]     )
[info]   org.scalatest.exceptions.GeneratorDrivenPropertyCheckFailedException:
[info]   at org.scalatestplus.scalacheck.CheckerAsserting$$anon$2.indicateFailure(CheckerAsserting.scala:251)
[info]   at org.scalatestplus.scalacheck.CheckerAsserting$$anon$2.indicateFailure(CheckerAsserting.scala:238)
[info]   at org.scalatestplus.scalacheck.UnitCheckerAsserting$CheckerAssertingImpl.check(CheckerAsserting.scala:160)
[info]   at org.scalatestplus.scalacheck.Checkers.check(Checkers.scala:371)
[info]   at org.scalatestplus.scalacheck.Checkers.check$(Checkers.scala:369)
[info]   at frameless.TypedDatasetSuite.check(TypedDatasetSuite.scala:70)
[info]   at frameless.ops.CubeTests.$anonfun$new$105(CubeTests.scala:280)
[info]   at org.scalatest.OutcomeOf.outcomeOf(OutcomeOf.scala:85)
[info]   at org.scalatest.OutcomeOf.outcomeOf$(OutcomeOf.scala:83)
[info]   at org.scalatest.OutcomeOf$.outcomeOf(OutcomeOf.scala:104)
[info]   at org.scalatest.Transformer.apply(Transformer.scala:22)
[info]   at org.scalatest.Transformer.apply(Transformer.scala:20)
[info]   at org.scalatest.funsuite.AnyFunSuiteLike$$anon$1.apply(AnyFunSuiteLike.scala:226)
[info]   at org.scalatest.TestSuite.withFixture(TestSuite.scala:196)
[info]   at org.scalatest.TestSuite.withFixture$(TestSuite.scala:195)
[info]   at org.scalatest.funsuite.AnyFunSuite.withFixture(AnyFunSuite.scala:1564)
[info]   at org.scalatest.funsuite.AnyFunSuiteLike.invokeWithFixture$1(AnyFunSuiteLike.scala:224)
[info]   at org.scalatest.funsuite.AnyFunSuiteLike.$anonfun$runTest$1(AnyFunSuiteLike.scala:236)
[info]   at org.scalatest.SuperEngine.runTestImpl(Engine.scala:306)
[info]   at org.scalatest.funsuite.AnyFunSuiteLike.runTest(AnyFunSuiteLike.scala:236)
[info]   at org.scalatest.funsuite.AnyFunSuiteLike.runTest$(AnyFunSuiteLike.scala:218)
[info]   at org.scalatest.funsuite.AnyFunSuite.runTest(AnyFunSuite.scala:1564)
[info]   at org.scalatest.funsuite.AnyFunSuiteLike.$anonfun$runTests$1(AnyFunSuiteLike.scala:269)
[info]   at org.scalatest.SuperEngine.$anonfun$runTestsInBranch$1(Engine.scala:413)
[info]   at scala.collection.immutable.List.foreach(List.scala:334)
[info]   at org.scalatest.SuperEngine.traverseSubNodes$1(Engine.scala:401)
[info]   at org.scalatest.SuperEngine.runTestsInBranch(Engine.scala:396)
[info]   at org.scalatest.SuperEngine.runTestsImpl(Engine.scala:475)
[info]   at org.scalatest.funsuite.AnyFunSuiteLike.runTests(AnyFunSuiteLike.scala:269)
[info]   at org.scalatest.funsuite.AnyFunSuiteLike.runTests$(AnyFunSuiteLike.scala:268)
[info]   at org.scalatest.funsuite.AnyFunSuite.runTests(AnyFunSuite.scala:1564)
[info]   at org.scalatest.Suite.run(Suite.scala:1114)
[info]   at org.scalatest.Suite.run$(Suite.scala:1096)
[info]   at org.scalatest.funsuite.AnyFunSuite.org$scalatest$funsuite$AnyFunSuiteLike$$super$run(AnyFunSuite.scala:1564)
[info]   at org.scalatest.funsuite.AnyFunSuiteLike.$anonfun$run$1(AnyFunSuiteLike.scala:273)
[info]   at org.scalatest.SuperEngine.runImpl(Engine.scala:535)
[info]   at org.scalatest.funsuite.AnyFunSuiteLike.run(AnyFunSuiteLike.scala:273)
[info]   at org.scalatest.funsuite.AnyFunSuiteLike.run$(AnyFunSuiteLike.scala:272)
[info]   at frameless.TypedDatasetSuite.org$scalatest$BeforeAndAfterAll$$super$run(TypedDatasetSuite.scala:70)
[info]   at org.scalatest.BeforeAndAfterAll.liftedTree1$1(BeforeAndAfterAll.scala:213)
[info]   at org.scalatest.BeforeAndAfterAll.run(BeforeAndAfterAll.scala:210)
[info]   at org.scalatest.BeforeAndAfterAll.run$(BeforeAndAfterAll.scala:208)
[info]   at frameless.TypedDatasetSuite.run(TypedDatasetSuite.scala:70)
[info]   at org.scalatest.tools.Framework.org$scalatest$tools$Framework$$runSuite(Framework.scala:321)
[info]   at org.scalatest.tools.Framework$ScalaTestTask.execute(Framework.scala:517)
[info]   at sbt.ForkMain$Run.lambda$runTest$1(ForkMain.java:414)
[info]   at java.base/java.util.concurrent.FutureTask.run(FutureTask.java:264)
[info]   at java.base/java.util.concurrent.ThreadPoolExecutor.runWorker(ThreadPoolExecutor.java:1136)
[info]   at java.base/java.util.concurrent.ThreadPoolExecutor$Worker.run(ThreadPoolExecutor.java:635)
[info]   at java.base/java.lang.Thread.run(Thread.java:840)
[info]   Cause: org.apache.spark.sql.catalyst.ExtendedAnalysisException: [MISSING_AGGREGATION] The non-aggregating expression "c" is based on columns which are not participating in the GROUP BY clause.
[info] Add the columns or the expression to the GROUP BY, aggregate the expression, or use "any_value(c)" if you do not care which of the values within a group is returned. SQLSTATE: 42803;
[info] Aggregate [a#1705, b#1706, spark_grouping_id#1704L], [a#1705, b#1706, coalesce(sum(c#1672L), 0) AS coalesce(sum(c), 0)#1700L, coalesce(sum(d#1673), 0.0) AS coalesce(sum(d), 0.0)#1701]
[info] +- Expand [[a#1670, b#1671, c#1672L, d#1673, a#1702, b#1703, 0], [a#1670, b#1671, c#1672L, d#1673, a#1702, null, 1], [a#1670, b#1671, c#1672L, d#1673, null, b#1703, 2], [a#1670, b#1671, c#1672L, d#1673, null, null, 3]], [a#1670, b#1671, c#1672L, d#1673, a#1705, b#1706, spark_grouping_id#1704L]
[info]    +- Project [a#1670, b#1671, c#1672L, d#1673, a#1670 AS a#1702, b#1671 AS b#1703]
[info]       +- LocalRelation <empty>, [a#1670, b#1671, c#1672L, d#1673]
[info]   at org.apache.spark.sql.errors.QueryCompilationErrors$.columnNotInGroupByClauseError(QueryCompilationErrors.scala:3702)
[info]   at org.apache.spark.sql.catalyst.expressions.ExprUtils$.checkValidAggregateExpression$1(ExprUtils.scala:180)
[info]   at org.apache.spark.sql.catalyst.expressions.ExprUtils$.$anonfun$assertValidAggregation$7(ExprUtils.scala:194)
[info]   at org.apache.spark.sql.catalyst.expressions.ExprUtils$.$anonfun$assertValidAggregation$7$adapted(ExprUtils.scala:194)
[info]   at scala.collection.immutable.Vector.foreach(Vector.scala:2125)
[info]   at org.apache.spark.sql.catalyst.expressions.ExprUtils$.checkValidAggregateExpression$1(ExprUtils.scala:194)
[info]   at org.apache.spark.sql.catalyst.expressions.ExprUtils$.$anonfun$assertValidAggregation$7(ExprUtils.scala:194)
[info]   at org.apache.spark.sql.catalyst.expressions.ExprUtils$.$anonfun$assertValidAggregation$7$adapted(ExprUtils.scala:194)
[info]   at scala.collection.immutable.Vector.foreach(Vector.scala:2125)
[info]   at org.apache.spark.sql.catalyst.expressions.ExprUtils$.checkValidAggregateExpression$1(ExprUtils.scala:194)
[info]   at org.apache.spark.sql.catalyst.expressions.ExprUtils$.$anonfun$assertValidAggregation$7(ExprUtils.scala:194)
[info]   at org.apache.spark.sql.catalyst.expressions.ExprUtils$.$anonfun$assertValidAggregation$7$adapted(ExprUtils.scala:194)
[info]   at scala.collection.immutable.Vector.foreach(Vector.scala:2125)
[info]   at org.apache.spark.sql.catalyst.expressions.ExprUtils$.checkValidAggregateExpression$1(ExprUtils.scala:194)
[info]   at org.apache.spark.sql.catalyst.expressions.ExprUtils$.$anonfun$assertValidAggregation$11(ExprUtils.scala:226)
[info]   at org.apache.spark.sql.catalyst.expressions.ExprUtils$.$anonfun$assertValidAggregation$11$adapted(ExprUtils.scala:226)
[info]   at scala.collection.immutable.List.foreach(List.scala:334)
[info]   at org.apache.spark.sql.catalyst.expressions.ExprUtils$.assertValidAggregation(ExprUtils.scala:226)
[info]   at org.apache.spark.sql.catalyst.analysis.CheckAnalysis.$anonfun$checkAnalysis0$2(CheckAnalysis.scala:593)
[info]   at org.apache.spark.sql.catalyst.analysis.CheckAnalysis.$anonfun$checkAnalysis0$2$adapted(CheckAnalysis.scala:284)
[info]   at org.apache.spark.sql.catalyst.trees.TreeNode.foreachUp(TreeNode.scala:252)
[info]   at org.apache.spark.sql.catalyst.analysis.CheckAnalysis.checkAnalysis0(CheckAnalysis.scala:284)
[info]   at org.apache.spark.sql.catalyst.analysis.CheckAnalysis.checkAnalysis0$(CheckAnalysis.scala:255)
[info]   at org.apache.spark.sql.catalyst.analysis.Analyzer.checkAnalysis0(Analyzer.scala:299)
[info]   at org.apache.spark.sql.catalyst.analysis.CheckAnalysis.checkAnalysis(CheckAnalysis.scala:244)
[info]   at org.apache.spark.sql.catalyst.analysis.CheckAnalysis.checkAnalysis$(CheckAnalysis.scala:231)
[info]   at org.apache.spark.sql.catalyst.analysis.Analyzer.checkAnalysis(Analyzer.scala:299)
[info]   at org.apache.spark.sql.catalyst.analysis.resolver.HybridAnalyzer.$anonfun$resolveInFixedPoint$1(HybridAnalyzer.scala:192)
[info]   at scala.runtime.java8.JFunction0$mcV$sp.apply(JFunction0$mcV$sp.scala:18)
[info]   at org.apache.spark.sql.catalyst.QueryPlanningTracker$.withTracker(QueryPlanningTracker.scala:89)
[info]   at org.apache.spark.sql.catalyst.analysis.resolver.HybridAnalyzer.resolveInFixedPoint(HybridAnalyzer.scala:192)
[info]   at org.apache.spark.sql.catalyst.analysis.resolver.HybridAnalyzer.$anonfun$apply$1(HybridAnalyzer.scala:76)
[info]   at org.apache.spark.sql.catalyst.analysis.resolver.HybridAnalyzer.withTrackedAnalyzerBridgeState(HybridAnalyzer.scala:111)
[info]   at org.apache.spark.sql.catalyst.analysis.resolver.HybridAnalyzer.apply(HybridAnalyzer.scala:71)
[info]   at org.apache.spark.sql.catalyst.analysis.Analyzer.$anonfun$executeAndCheck$1(Analyzer.scala:330)
[info]   at org.apache.spark.sql.catalyst.plans.logical.AnalysisHelper$.markInAnalyzer(AnalysisHelper.scala:423)
[info]   at org.apache.spark.sql.catalyst.analysis.Analyzer.executeAndCheck(Analyzer.scala:330)
[info]   at org.apache.spark.sql.execution.QueryExecution.$anonfun$lazyAnalyzed$2(QueryExecution.scala:110)
[info]   at org.apache.spark.sql.catalyst.QueryPlanningTracker.measurePhase(QueryPlanningTracker.scala:148)
[info]   at org.apache.spark.sql.execution.QueryExecution.$anonfun$executePhase$2(QueryExecution.scala:278)
[info]   at org.apache.spark.sql.execution.QueryExecution$.withInternalError(QueryExecution.scala:654)
[info]   at org.apache.spark.sql.execution.QueryExecution.$anonfun$executePhase$1(QueryExecution.scala:278)
[info]   at org.apache.spark.sql.SparkSession.withActive(SparkSession.scala:804)
[info]   at org.apache.spark.sql.execution.QueryExecution.executePhase(QueryExecution.scala:277)
[info]   at org.apache.spark.sql.execution.QueryExecution.$anonfun$lazyAnalyzed$1(QueryExecution.scala:110)
[info]   at scala.util.Try$.apply(Try.scala:217)
[info]   at org.apache.spark.util.Utils$.doTryWithCallerStacktrace(Utils.scala:1378)
[info]   at org.apache.spark.util.Utils$.getTryWithCallerStacktrace(Utils.scala:1439)
[info]   at org.apache.spark.util.LazyTry.get(LazyTry.scala:58)
[info]   at org.apache.spark.sql.execution.QueryExecution.analyzed(QueryExecution.scala:121)
[info]   at org.apache.spark.sql.execution.QueryExecution.assertAnalyzed(QueryExecution.scala:80)
[info]   at org.apache.spark.sql.classic.Dataset$.$anonfun$ofRows$1(Dataset.scala:115)
[info]   at org.apache.spark.sql.SparkSession.withActive(SparkSession.scala:804)
[info]   at org.apache.spark.sql.classic.Dataset$.ofRows(Dataset.scala:113)
[info]   at org.apache.spark.sql.classic.RelationalGroupedDataset.toDF(RelationalGroupedDataset.scala:91)
[info]   at org.apache.spark.sql.classic.RelationalGroupedDataset.toDF(RelationalGroupedDataset.scala:54)
[info]   at org.apache.spark.sql.RelationalGroupedDataset.agg(RelationalGroupedDataset.scala:158)
[info]   at org.apache.spark.sql.classic.RelationalGroupedDataset.agg(RelationalGroupedDataset.scala:147)
[info]   at org.apache.spark.sql.classic.RelationalGroupedDataset.agg(RelationalGroupedDataset.scala:54)
[info]   at frameless.ops.AggregatingOps.aggregate(GroupByOps.scala:234)
[info]   at frameless.ops.RelationalGroupsOps$agg$.applyProduct(RelationalGroupsOps.scala:64)
[info]   at frameless.ops.RelationalGroups2Ops.agg(RelationalGroupsOps.scala:167)
[info]   at frameless.ops.CubeTests.prop$6(CubeTests.scala:256)
[info]   at frameless.ops.CubeTests.$anonfun$new$123(CubeTests.scala:280)
[info]   at scala.Function1.$anonfun$andThen$1(Function1.scala:87)
[info]   at org.scalacheck.Prop$.$anonfun$forAllShrink$2(Prop.scala:868)
[info]   at org.scalacheck.Prop$.secure(Prop.scala:484)
[info]   at org.scalacheck.Prop$.result$1(Prop.scala:868)
[info]   at org.scalacheck.Prop$.$anonfun$forAllShrink$1(Prop.scala:915)
[info]   at org.scalacheck.Prop$.$anonfun$apply$1(Prop.scala:305)
[info]   at org.scalacheck.PropFromFun.apply(Prop.scala:20)
[info]   at org.scalacheck.Test$.workerFun$1(Test.scala:486)
[info]   at org.scalacheck.Test$.$anonfun$check$4(Test.scala:518)
[info]   at org.scalacheck.Test$.$anonfun$check$4$adapted(Test.scala:518)
[info]   at org.scalacheck.Platform$.runWorkers(Platform.scala:42)
[info]   at org.scalacheck.Test$.check(Test.scala:518)
[info]   at org.scalatestplus.scalacheck.UnitCheckerAsserting$CheckerAssertingImpl.check(CheckerAsserting.scala:90)
[info]   at org.scalatestplus.scalacheck.Checkers.check(Checkers.scala:371)
[info]   at org.scalatestplus.scalacheck.Checkers.check$(Checkers.scala:369)
[info]   at frameless.TypedDatasetSuite.check(TypedDatasetSuite.scala:70)
[info]   at frameless.ops.CubeTests.$anonfun$new$105(CubeTests.scala:280)
[info]   at org.scalatest.OutcomeOf.outcomeOf(OutcomeOf.scala:85)
[info]   at org.scalatest.OutcomeOf.outcomeOf$(OutcomeOf.scala:83)
[info]   at org.scalatest.OutcomeOf$.outcomeOf(OutcomeOf.scala:104)
[info]   at org.scalatest.Transformer.apply(Transformer.scala:22)
[info]   at org.scalatest.Transformer.apply(Transformer.scala:20)
[info]   at org.scalatest.funsuite.AnyFunSuiteLike$$anon$1.apply(AnyFunSuiteLike.scala:226)
[info]   at org.scalatest.TestSuite.withFixture(TestSuite.scala:196)
[info]   at org.scalatest.TestSuite.withFixture$(TestSuite.scala:195)
[info]   at org.scalatest.funsuite.AnyFunSuite.withFixture(AnyFunSuite.scala:1564)
[info]   at org.scalatest.funsuite.AnyFunSuiteLike.invokeWithFixture$1(AnyFunSuiteLike.scala:224)
[info]   at org.scalatest.funsuite.AnyFunSuiteLike.$anonfun$runTest$1(AnyFunSuiteLike.scala:236)
[info]   at org.scalatest.SuperEngine.runTestImpl(Engine.scala:306)
[info]   at org.scalatest.funsuite.AnyFunSuiteLike.runTest(AnyFunSuiteLike.scala:236)
[info]   at org.scalatest.funsuite.AnyFunSuiteLike.runTest$(AnyFunSuiteLike.scala:218)
[info]   at org.scalatest.funsuite.AnyFunSuite.runTest(AnyFunSuite.scala:1564)
[info]   at org.scalatest.funsuite.AnyFunSuiteLike.$anonfun$runTests$1(AnyFunSuiteLike.scala:269)
[info]   at org.scalatest.SuperEngine.$anonfun$runTestsInBranch$1(Engine.scala:413)
[info]   at scala.collection.immutable.List.foreach(List.scala:334)
[info]   at org.scalatest.SuperEngine.traverseSubNodes$1(Engine.scala:401)
[info]   at org.scalatest.SuperEngine.runTestsInBranch(Engine.scala:396)
[info]   at org.scalatest.SuperEngine.runTestsImpl(Engine.scala:475)
[info]   at org.scalatest.funsuite.AnyFunSuiteLike.runTests(AnyFunSuiteLike.scala:269)
[info]   at org.scalatest.funsuite.AnyFunSuiteLike.runTests$(AnyFunSuiteLike.scala:268)
[info]   at org.scalatest.funsuite.AnyFunSuite.runTests(AnyFunSuite.scala:1564)
[info]   at org.scalatest.Suite.run(Suite.scala:1114)
[info]   at org.scalatest.Suite.run$(Suite.scala:1096)
[info]   at org.scalatest.funsuite.AnyFunSuite.org$scalatest$funsuite$AnyFunSuiteLike$$super$run(AnyFunSuite.scala:1564)
[info]   at org.scalatest.funsuite.AnyFunSuiteLike.$anonfun$run$1(AnyFunSuiteLike.scala:273)
[info]   at org.scalatest.SuperEngine.runImpl(Engine.scala:535)
[info]   at org.scalatest.funsuite.AnyFunSuiteLike.run(AnyFunSuiteLike.scala:273)
[info]   at org.scalatest.funsuite.AnyFunSuiteLike.run$(AnyFunSuiteLike.scala:272)
[info]   at frameless.TypedDatasetSuite.org$scalatest$BeforeAndAfterAll$$super$run(TypedDatasetSuite.scala:70)
[info]   at org.scalatest.BeforeAndAfterAll.liftedTree1$1(BeforeAndAfterAll.scala:213)
[info]   at org.scalatest.BeforeAndAfterAll.run(BeforeAndAfterAll.scala:210)
[info]   at org.scalatest.BeforeAndAfterAll.run$(BeforeAndAfterAll.scala:208)
[info]   at frameless.TypedDatasetSuite.run(TypedDatasetSuite.scala:70)
[info]   at org.scalatest.tools.Framework.org$scalatest$tools$Framework$$runSuite(Framework.scala:321)
[info]   at org.scalatest.tools.Framework$ScalaTestTask.execute(Framework.scala:517)
[info]   at sbt.ForkMain$Run.lambda$runTest$1(ForkMain.java:414)
[info]   at java.base/java.util.concurrent.FutureTask.run(FutureTask.java:264)
[info]   at java.base/java.util.concurrent.ThreadPoolExecutor.runWorker(ThreadPoolExecutor.java:1136)
[info]   at java.base/java.util.concurrent.ThreadPoolExecutor$Worker.run(ThreadPoolExecutor.java:635)
[info]   at java.base/java.lang.Thread.run(Thread.java:840)
[info] - cube('a, 'b).agg(sum('c)) to cube('a, 'b).agg(sum('c),sum('c),sum('c),sum('c),sum('c)) *** FAILED *** (42 milliseconds)
[info]   ExtendedAnalysisException was thrown during property evaluation.
[info]     Message: [MISSING_AGGREGATION] The non-aggregating expression "c" is based on columns which are not participating in the GROUP BY clause.
[info]   Add the columns or the expression to the GROUP BY, aggregate the expression, or use "any_value(c)" if you do not care which of the values within a group is returned. SQLSTATE: 42803;
[info]   Aggregate [a#1740, b#1741L, spark_grouping_id#1739L], [a#1740, b#1741L, coalesce(sum(c#1715), 0.0) AS coalesce(sum(c), 0.0)#1736]
[info]   +- Expand [[a#1713, b#1714L, c#1715, a#1737, b#1738L, 0], [a#1713, b#1714L, c#1715, a#1737, null, 1], [a#1713, b#1714L, c#1715, null, b#1738L, 2], [a#1713, b#1714L, c#1715, null, null, 3]], [a#1713, b#1714L, c#1715, a#1740, b#1741L, spark_grouping_id#1739L]
[info]      +- Project [a#1713, b#1714L, c#1715, a#1713 AS a#1737, b#1714L AS b#1738L]
[info]         +- LocalRelation <empty>, [a#1713, b#1714L, c#1715]
[info]   
[info]     Occurred when passed generated values (
[info]       arg0 = List()
[info]     )
[info]   org.scalatest.exceptions.GeneratorDrivenPropertyCheckFailedException:
[info]   at org.scalatestplus.scalacheck.CheckerAsserting$$anon$2.indicateFailure(CheckerAsserting.scala:251)
[info]   at org.scalatestplus.scalacheck.CheckerAsserting$$anon$2.indicateFailure(CheckerAsserting.scala:238)
[info]   at org.scalatestplus.scalacheck.UnitCheckerAsserting$CheckerAssertingImpl.check(CheckerAsserting.scala:160)
[info]   at org.scalatestplus.scalacheck.Checkers.check(Checkers.scala:371)
[info]   at org.scalatestplus.scalacheck.Checkers.check$(Checkers.scala:369)
[info]   at frameless.TypedDatasetSuite.check(TypedDatasetSuite.scala:70)
[info]   at frameless.ops.CubeTests.$anonfun$new$125(CubeTests.scala:416)
[info]   at org.scalatest.OutcomeOf.outcomeOf(OutcomeOf.scala:85)
[info]   at org.scalatest.OutcomeOf.outcomeOf$(OutcomeOf.scala:83)
[info]   at org.scalatest.OutcomeOf$.outcomeOf(OutcomeOf.scala:104)
[info]   at org.scalatest.Transformer.apply(Transformer.scala:22)
[info]   at org.scalatest.Transformer.apply(Transformer.scala:20)
[info]   at org.scalatest.funsuite.AnyFunSuiteLike$$anon$1.apply(AnyFunSuiteLike.scala:226)
[info]   at org.scalatest.TestSuite.withFixture(TestSuite.scala:196)
[info]   at org.scalatest.TestSuite.withFixture$(TestSuite.scala:195)
[info]   at org.scalatest.funsuite.AnyFunSuite.withFixture(AnyFunSuite.scala:1564)
[info]   at org.scalatest.funsuite.AnyFunSuiteLike.invokeWithFixture$1(AnyFunSuiteLike.scala:224)
[info]   at org.scalatest.funsuite.AnyFunSuiteLike.$anonfun$runTest$1(AnyFunSuiteLike.scala:236)
[info]   at org.scalatest.SuperEngine.runTestImpl(Engine.scala:306)
[info]   at org.scalatest.funsuite.AnyFunSuiteLike.runTest(AnyFunSuiteLike.scala:236)
[info]   at org.scalatest.funsuite.AnyFunSuiteLike.runTest$(AnyFunSuiteLike.scala:218)
[info]   at org.scalatest.funsuite.AnyFunSuite.runTest(AnyFunSuite.scala:1564)
[info]   at org.scalatest.funsuite.AnyFunSuiteLike.$anonfun$runTests$1(AnyFunSuiteLike.scala:269)
[info]   at org.scalatest.SuperEngine.$anonfun$runTestsInBranch$1(Engine.scala:413)
[info]   at scala.collection.immutable.List.foreach(List.scala:334)
[info]   at org.scalatest.SuperEngine.traverseSubNodes$1(Engine.scala:401)
[info]   at org.scalatest.SuperEngine.runTestsInBranch(Engine.scala:396)
[info]   at org.scalatest.SuperEngine.runTestsImpl(Engine.scala:475)
[info]   at org.scalatest.funsuite.AnyFunSuiteLike.runTests(AnyFunSuiteLike.scala:269)
[info]   at org.scalatest.funsuite.AnyFunSuiteLike.runTests$(AnyFunSuiteLike.scala:268)
[info]   at org.scalatest.funsuite.AnyFunSuite.runTests(AnyFunSuite.scala:1564)
[info]   at org.scalatest.Suite.run(Suite.scala:1114)
[info]   at org.scalatest.Suite.run$(Suite.scala:1096)
[info]   at org.scalatest.funsuite.AnyFunSuite.org$scalatest$funsuite$AnyFunSuiteLike$$super$run(AnyFunSuite.scala:1564)
[info]   at org.scalatest.funsuite.AnyFunSuiteLike.$anonfun$run$1(AnyFunSuiteLike.scala:273)
[info]   at org.scalatest.SuperEngine.runImpl(Engine.scala:535)
[info]   at org.scalatest.funsuite.AnyFunSuiteLike.run(AnyFunSuiteLike.scala:273)
[info]   at org.scalatest.funsuite.AnyFunSuiteLike.run$(AnyFunSuiteLike.scala:272)
[info]   at frameless.TypedDatasetSuite.org$scalatest$BeforeAndAfterAll$$super$run(TypedDatasetSuite.scala:70)
[info]   at org.scalatest.BeforeAndAfterAll.liftedTree1$1(BeforeAndAfterAll.scala:213)
[info]   at org.scalatest.BeforeAndAfterAll.run(BeforeAndAfterAll.scala:210)
[info]   at org.scalatest.BeforeAndAfterAll.run$(BeforeAndAfterAll.scala:208)
[info]   at frameless.TypedDatasetSuite.run(TypedDatasetSuite.scala:70)
[info]   at org.scalatest.tools.Framework.org$scalatest$tools$Framework$$runSuite(Framework.scala:321)
[info]   at org.scalatest.tools.Framework$ScalaTestTask.execute(Framework.scala:517)
[info]   at sbt.ForkMain$Run.lambda$runTest$1(ForkMain.java:414)
[info]   at java.base/java.util.concurrent.FutureTask.run(FutureTask.java:264)
[info]   at java.base/java.util.concurrent.ThreadPoolExecutor.runWorker(ThreadPoolExecutor.java:1136)
[info]   at java.base/java.util.concurrent.ThreadPoolExecutor$Worker.run(ThreadPoolExecutor.java:635)
[info]   at java.base/java.lang.Thread.run(Thread.java:840)
[info]   Cause: org.apache.spark.sql.catalyst.ExtendedAnalysisException: [MISSING_AGGREGATION] The non-aggregating expression "c" is based on columns which are not participating in the GROUP BY clause.
[info] Add the columns or the expression to the GROUP BY, aggregate the expression, or use "any_value(c)" if you do not care which of the values within a group is returned. SQLSTATE: 42803;
[info] Aggregate [a#1740, b#1741L, spark_grouping_id#1739L], [a#1740, b#1741L, coalesce(sum(c#1715), 0.0) AS coalesce(sum(c), 0.0)#1736]
[info] +- Expand [[a#1713, b#1714L, c#1715, a#1737, b#1738L, 0], [a#1713, b#1714L, c#1715, a#1737, null, 1], [a#1713, b#1714L, c#1715, null, b#1738L, 2], [a#1713, b#1714L, c#1715, null, null, 3]], [a#1713, b#1714L, c#1715, a#1740, b#1741L, spark_grouping_id#1739L]
[info]    +- Project [a#1713, b#1714L, c#1715, a#1713 AS a#1737, b#1714L AS b#1738L]
[info]       +- LocalRelation <empty>, [a#1713, b#1714L, c#1715]
[info]   at org.apache.spark.sql.errors.QueryCompilationErrors$.columnNotInGroupByClauseError(QueryCompilationErrors.scala:3702)
[info]   at org.apache.spark.sql.catalyst.expressions.ExprUtils$.checkValidAggregateExpression$1(ExprUtils.scala:180)
[info]   at org.apache.spark.sql.catalyst.expressions.ExprUtils$.$anonfun$assertValidAggregation$7(ExprUtils.scala:194)
[info]   at org.apache.spark.sql.catalyst.expressions.ExprUtils$.$anonfun$assertValidAggregation$7$adapted(ExprUtils.scala:194)
[info]   at scala.collection.immutable.Vector.foreach(Vector.scala:2125)
[info]   at org.apache.spark.sql.catalyst.expressions.ExprUtils$.checkValidAggregateExpression$1(ExprUtils.scala:194)
[info]   at org.apache.spark.sql.catalyst.expressions.ExprUtils$.$anonfun$assertValidAggregation$7(ExprUtils.scala:194)
[info]   at org.apache.spark.sql.catalyst.expressions.ExprUtils$.$anonfun$assertValidAggregation$7$adapted(ExprUtils.scala:194)
[info]   at scala.collection.immutable.Vector.foreach(Vector.scala:2125)
[info]   at org.apache.spark.sql.catalyst.expressions.ExprUtils$.checkValidAggregateExpression$1(ExprUtils.scala:194)
[info]   at org.apache.spark.sql.catalyst.expressions.ExprUtils$.$anonfun$assertValidAggregation$7(ExprUtils.scala:194)
[info]   at org.apache.spark.sql.catalyst.expressions.ExprUtils$.$anonfun$assertValidAggregation$7$adapted(ExprUtils.scala:194)
[info]   at scala.collection.immutable.Vector.foreach(Vector.scala:2125)
[info]   at org.apache.spark.sql.catalyst.expressions.ExprUtils$.checkValidAggregateExpression$1(ExprUtils.scala:194)
[info]   at org.apache.spark.sql.catalyst.expressions.ExprUtils$.$anonfun$assertValidAggregation$11(ExprUtils.scala:226)
[info]   at org.apache.spark.sql.catalyst.expressions.ExprUtils$.$anonfun$assertValidAggregation$11$adapted(ExprUtils.scala:226)
[info]   at scala.collection.immutable.List.foreach(List.scala:334)
[info]   at org.apache.spark.sql.catalyst.expressions.ExprUtils$.assertValidAggregation(ExprUtils.scala:226)
[info]   at org.apache.spark.sql.catalyst.analysis.CheckAnalysis.$anonfun$checkAnalysis0$2(CheckAnalysis.scala:593)
[info]   at org.apache.spark.sql.catalyst.analysis.CheckAnalysis.$anonfun$checkAnalysis0$2$adapted(CheckAnalysis.scala:284)
[info]   at org.apache.spark.sql.catalyst.trees.TreeNode.foreachUp(TreeNode.scala:252)
[info]   at org.apache.spark.sql.catalyst.analysis.CheckAnalysis.checkAnalysis0(CheckAnalysis.scala:284)
[info]   at org.apache.spark.sql.catalyst.analysis.CheckAnalysis.checkAnalysis0$(CheckAnalysis.scala:255)
[info]   at org.apache.spark.sql.catalyst.analysis.Analyzer.checkAnalysis0(Analyzer.scala:299)
[info]   at org.apache.spark.sql.catalyst.analysis.CheckAnalysis.checkAnalysis(CheckAnalysis.scala:244)
[info]   at org.apache.spark.sql.catalyst.analysis.CheckAnalysis.checkAnalysis$(CheckAnalysis.scala:231)
[info]   at org.apache.spark.sql.catalyst.analysis.Analyzer.checkAnalysis(Analyzer.scala:299)
[info]   at org.apache.spark.sql.catalyst.analysis.resolver.HybridAnalyzer.$anonfun$resolveInFixedPoint$1(HybridAnalyzer.scala:192)
[info]   at scala.runtime.java8.JFunction0$mcV$sp.apply(JFunction0$mcV$sp.scala:18)
[info]   at org.apache.spark.sql.catalyst.QueryPlanningTracker$.withTracker(QueryPlanningTracker.scala:89)
[info]   at org.apache.spark.sql.catalyst.analysis.resolver.HybridAnalyzer.resolveInFixedPoint(HybridAnalyzer.scala:192)
[info]   at org.apache.spark.sql.catalyst.analysis.resolver.HybridAnalyzer.$anonfun$apply$1(HybridAnalyzer.scala:76)
[info]   at org.apache.spark.sql.catalyst.analysis.resolver.HybridAnalyzer.withTrackedAnalyzerBridgeState(HybridAnalyzer.scala:111)
[info]   at org.apache.spark.sql.catalyst.analysis.resolver.HybridAnalyzer.apply(HybridAnalyzer.scala:71)
[info]   at org.apache.spark.sql.catalyst.analysis.Analyzer.$anonfun$executeAndCheck$1(Analyzer.scala:330)
[info]   at org.apache.spark.sql.catalyst.plans.logical.AnalysisHelper$.markInAnalyzer(AnalysisHelper.scala:423)
[info]   at org.apache.spark.sql.catalyst.analysis.Analyzer.executeAndCheck(Analyzer.scala:330)
[info]   at org.apache.spark.sql.execution.QueryExecution.$anonfun$lazyAnalyzed$2(QueryExecution.scala:110)
[info]   at org.apache.spark.sql.catalyst.QueryPlanningTracker.measurePhase(QueryPlanningTracker.scala:148)
[info]   at org.apache.spark.sql.execution.QueryExecution.$anonfun$executePhase$2(QueryExecution.scala:278)
[info]   at org.apache.spark.sql.execution.QueryExecution$.withInternalError(QueryExecution.scala:654)
[info]   at org.apache.spark.sql.execution.QueryExecution.$anonfun$executePhase$1(QueryExecution.scala:278)
[info]   at org.apache.spark.sql.SparkSession.withActive(SparkSession.scala:804)
[info]   at org.apache.spark.sql.execution.QueryExecution.executePhase(QueryExecution.scala:277)
[info]   at org.apache.spark.sql.execution.QueryExecution.$anonfun$lazyAnalyzed$1(QueryExecution.scala:110)
[info]   at scala.util.Try$.apply(Try.scala:217)
[info]   at org.apache.spark.util.Utils$.doTryWithCallerStacktrace(Utils.scala:1378)
[info]   at org.apache.spark.util.Utils$.getTryWithCallerStacktrace(Utils.scala:1439)
[info]   at org.apache.spark.util.LazyTry.get(LazyTry.scala:58)
[info]   at org.apache.spark.sql.execution.QueryExecution.analyzed(QueryExecution.scala:121)
[info]   at org.apache.spark.sql.execution.QueryExecution.assertAnalyzed(QueryExecution.scala:80)
[info]   at org.apache.spark.sql.classic.Dataset$.$anonfun$ofRows$1(Dataset.scala:115)
[info]   at org.apache.spark.sql.SparkSession.withActive(SparkSession.scala:804)
[info]   at org.apache.spark.sql.classic.Dataset$.ofRows(Dataset.scala:113)
[info]   at org.apache.spark.sql.classic.RelationalGroupedDataset.toDF(RelationalGroupedDataset.scala:91)
[info]   at org.apache.spark.sql.classic.RelationalGroupedDataset.toDF(RelationalGroupedDataset.scala:54)
[info]   at org.apache.spark.sql.RelationalGroupedDataset.agg(RelationalGroupedDataset.scala:158)
[info]   at org.apache.spark.sql.classic.RelationalGroupedDataset.agg(RelationalGroupedDataset.scala:147)
[info]   at org.apache.spark.sql.classic.RelationalGroupedDataset.agg(RelationalGroupedDataset.scala:54)
[info]   at frameless.ops.AggregatingOps.aggregate(GroupByOps.scala:234)
[info]   at frameless.ops.RelationalGroupsOps$agg$.applyProduct(RelationalGroupsOps.scala:64)
[info]   at frameless.ops.RelationalGroups2Ops.agg(RelationalGroupsOps.scala:159)
[info]   at frameless.ops.CubeTests.prop$7(CubeTests.scala:299)
[info]   at frameless.ops.CubeTests.$anonfun$new$165(CubeTests.scala:416)
[info]   at scala.Function1.$anonfun$andThen$1(Function1.scala:87)
[info]   at org.scalacheck.Prop$.$anonfun$forAllShrink$2(Prop.scala:868)
[info]   at org.scalacheck.Prop$.secure(Prop.scala:484)
[info]   at org.scalacheck.Prop$.result$1(Prop.scala:868)
[info]   at org.scalacheck.Prop$.$anonfun$forAllShrink$1(Prop.scala:915)
[info]   at org.scalacheck.Prop$.$anonfun$apply$1(Prop.scala:305)
[info]   at org.scalacheck.PropFromFun.apply(Prop.scala:20)
[info]   at org.scalacheck.Test$.workerFun$1(Test.scala:486)
[info]   at org.scalacheck.Test$.$anonfun$check$4(Test.scala:518)
[info]   at org.scalacheck.Test$.$anonfun$check$4$adapted(Test.scala:518)
[info]   at org.scalacheck.Platform$.runWorkers(Platform.scala:42)
[info]   at org.scalacheck.Test$.check(Test.scala:518)
[info]   at org.scalatestplus.scalacheck.UnitCheckerAsserting$CheckerAssertingImpl.check(CheckerAsserting.scala:90)
[info]   at org.scalatestplus.scalacheck.Checkers.check(Checkers.scala:371)
[info]   at org.scalatestplus.scalacheck.Checkers.check$(Checkers.scala:369)
[info]   at frameless.TypedDatasetSuite.check(TypedDatasetSuite.scala:70)
[info]   at frameless.ops.CubeTests.$anonfun$new$125(CubeTests.scala:416)
[info]   at org.scalatest.OutcomeOf.outcomeOf(OutcomeOf.scala:85)
[info]   at org.scalatest.OutcomeOf.outcomeOf$(OutcomeOf.scala:83)
[info]   at org.scalatest.OutcomeOf$.outcomeOf(OutcomeOf.scala:104)
[info]   at org.scalatest.Transformer.apply(Transformer.scala:22)
[info]   at org.scalatest.Transformer.apply(Transformer.scala:20)
[info]   at org.scalatest.funsuite.AnyFunSuiteLike$$anon$1.apply(AnyFunSuiteLike.scala:226)
[info]   at org.scalatest.TestSuite.withFixture(TestSuite.scala:196)
[info]   at org.scalatest.TestSuite.withFixture$(TestSuite.scala:195)
[info]   at org.scalatest.funsuite.AnyFunSuite.withFixture(AnyFunSuite.scala:1564)
[info]   at org.scalatest.funsuite.AnyFunSuiteLike.invokeWithFixture$1(AnyFunSuiteLike.scala:224)
[info]   at org.scalatest.funsuite.AnyFunSuiteLike.$anonfun$runTest$1(AnyFunSuiteLike.scala:236)
[info]   at org.scalatest.SuperEngine.runTestImpl(Engine.scala:306)
[info]   at org.scalatest.funsuite.AnyFunSuiteLike.runTest(AnyFunSuiteLike.scala:236)
[info]   at org.scalatest.funsuite.AnyFunSuiteLike.runTest$(AnyFunSuiteLike.scala:218)
[info]   at org.scalatest.funsuite.AnyFunSuite.runTest(AnyFunSuite.scala:1564)
[info]   at org.scalatest.funsuite.AnyFunSuiteLike.$anonfun$runTests$1(AnyFunSuiteLike.scala:269)
[info]   at org.scalatest.SuperEngine.$anonfun$runTestsInBranch$1(Engine.scala:413)
[info]   at scala.collection.immutable.List.foreach(List.scala:334)
[info]   at org.scalatest.SuperEngine.traverseSubNodes$1(Engine.scala:401)
[info]   at org.scalatest.SuperEngine.runTestsInBranch(Engine.scala:396)
[info]   at org.scalatest.SuperEngine.runTestsImpl(Engine.scala:475)
[info]   at org.scalatest.funsuite.AnyFunSuiteLike.runTests(AnyFunSuiteLike.scala:269)
[info]   at org.scalatest.funsuite.AnyFunSuiteLike.runTests$(AnyFunSuiteLike.scala:268)
[info]   at org.scalatest.funsuite.AnyFunSuite.runTests(AnyFunSuite.scala:1564)
[info]   at org.scalatest.Suite.run(Suite.scala:1114)
[info]   at org.scalatest.Suite.run$(Suite.scala:1096)
[info]   at org.scalatest.funsuite.AnyFunSuite.org$scalatest$funsuite$AnyFunSuiteLike$$super$run(AnyFunSuite.scala:1564)
[info]   at org.scalatest.funsuite.AnyFunSuiteLike.$anonfun$run$1(AnyFunSuiteLike.scala:273)
[info]   at org.scalatest.SuperEngine.runImpl(Engine.scala:535)
[info]   at org.scalatest.funsuite.AnyFunSuiteLike.run(AnyFunSuiteLike.scala:273)
[info]   at org.scalatest.funsuite.AnyFunSuiteLike.run$(AnyFunSuiteLike.scala:272)
[info]   at frameless.TypedDatasetSuite.org$scalatest$BeforeAndAfterAll$$super$run(TypedDatasetSuite.scala:70)
[info]   at org.scalatest.BeforeAndAfterAll.liftedTree1$1(BeforeAndAfterAll.scala:213)
[info]   at org.scalatest.BeforeAndAfterAll.run(BeforeAndAfterAll.scala:210)
[info]   at org.scalatest.BeforeAndAfterAll.run$(BeforeAndAfterAll.scala:208)
[info]   at frameless.TypedDatasetSuite.run(TypedDatasetSuite.scala:70)
[info]   at org.scalatest.tools.Framework.org$scalatest$tools$Framework$$runSuite(Framework.scala:321)
[info]   at org.scalatest.tools.Framework$ScalaTestTask.execute(Framework.scala:517)
[info]   at sbt.ForkMain$Run.lambda$runTest$1(ForkMain.java:414)
[info]   at java.base/java.util.concurrent.FutureTask.run(FutureTask.java:264)
[info]   at java.base/java.util.concurrent.ThreadPoolExecutor.runWorker(ThreadPoolExecutor.java:1136)
[info]   at java.base/java.util.concurrent.ThreadPoolExecutor$Worker.run(ThreadPoolExecutor.java:635)
[info]   at java.base/java.lang.Thread.run(Thread.java:840)
[info] - cube('a, 'b).mapGroups('a, 'b, sum('c)) (2 seconds, 102 milliseconds)
[info] - cube('a).mapGroups(('a, toVector(('a, 'b)) (5 seconds, 84 milliseconds)
[info] - cube('a).flatMapGroups(('a, toVector(('a, 'b)) (4 seconds, 4 milliseconds)
[info] - cube('a, 'b).flatMapGroups((('a,'b) toVector((('a,'b), 'c)) (4 seconds, 44 milliseconds)
[info] - cubeMany('a).agg(sum('b)) (1 second, 815 milliseconds)
[info] Run completed in 47 seconds, 59 milliseconds.
[info] Total number of tests run: 12
[info] Suites: completed 1, aborted 0
[info] Tests: succeeded 8, failed 4, canceled 0, ignored 0, pending 0
[info] *** 4 TESTS FAILED ***
[error] Failed tests:
[error] 	frameless.ops.CubeTests
[error] (Test / testOnly) sbt.TestsFailedException: Tests unsuccessful
[error] Total time: 52 s, completed Oct. 11, 2025, 7:43:52 p.m.
