[info] welcome to sbt 1.11.6 (Ubuntu Java 17.0.16)
[info] loading global plugins from /home/peng/.sbt/1.0/plugins
[info] loading settings for project frameless-build-build-build from metals.sbt...
[info] loading project definition from /home/peng/git-release/__LEGACY/frameless/project/project/project
[info] loading settings for project frameless-build-build from metals.sbt...
[info] loading project definition from /home/peng/git-release/__LEGACY/frameless/project/project
[info] waiting for lock on /home/peng/.ivy2/exclude_classifiers.lock to be available...
[success] Generated .bloop/frameless-build-build.json
[success] Total time: 3 s, completed Oct. 11, 2025, 7:42:55 p.m.
[info] loading settings for project frameless-build from metals.sbt, plugins.sbt...
[info] loading project definition from /home/peng/git-release/__LEGACY/frameless/project
[info] waiting for lock on /home/peng/.ivy2/exclude_classifiers.lock to be available...
[success] Generated .bloop/frameless-build.json
[success] Total time: 7 s, completed Oct. 11, 2025, 7:43:02 p.m.
[info] loading settings for project root from build.sbt, github.sbt...
[info] resolving key references (21985 settings) ...
[info] set scmInfo to https://github.com/typelevel/frameless
[info] set current project to root (in build file:/home/peng/git-release/__LEGACY/frameless/)
[warn] there are 23 keys that are not used by any other settings/tasks:
[warn]  
[warn] * cats / scalafmtFilter
[warn]   +- /home/peng/git-release/__LEGACY/frameless/project/Common.scala:12
[warn] * cats-spark33 / scalafmtFilter
[warn]   +- /home/peng/git-release/__LEGACY/frameless/project/Common.scala:12
[warn] * cats-spark34 / scalafmtFilter
[warn]   +- /home/peng/git-release/__LEGACY/frameless/project/Common.scala:12
[warn] * cats-spark40 / scalafmtFilter
[warn]   +- /home/peng/git-release/__LEGACY/frameless/project/Common.scala:12
[warn] * core / scalafmtFilter
[warn]   +- /home/peng/git-release/__LEGACY/frameless/project/Common.scala:12
[warn] * dataset / scalafmtFilter
[warn]   +- /home/peng/git-release/__LEGACY/frameless/project/Common.scala:12
[warn] * dataset-spark33 / scalafmtFilter
[warn]   +- /home/peng/git-release/__LEGACY/frameless/project/Common.scala:12
[warn] * dataset-spark34 / scalafmtFilter
[warn]   +- /home/peng/git-release/__LEGACY/frameless/project/Common.scala:12
[warn] * dataset-spark40 / scalafmtFilter
[warn]   +- /home/peng/git-release/__LEGACY/frameless/project/Common.scala:12
[warn] * docs / scalafmtFilter
[warn]   +- /home/peng/git-release/__LEGACY/frameless/project/Common.scala:12
[warn] * ml / scalafmtFilter
[warn]   +- /home/peng/git-release/__LEGACY/frameless/project/Common.scala:12
[warn] * ml-spark33 / scalafmtFilter
[warn]   +- /home/peng/git-release/__LEGACY/frameless/project/Common.scala:12
[warn] * ml-spark34 / scalafmtFilter
[warn]   +- /home/peng/git-release/__LEGACY/frameless/project/Common.scala:12
[warn] * ml-spark40 / scalafmtFilter
[warn]   +- /home/peng/git-release/__LEGACY/frameless/project/Common.scala:12
[warn] * refined / scalafmtFilter
[warn]   +- /home/peng/git-release/__LEGACY/frameless/project/Common.scala:12
[warn] * refined-spark33 / scalafmtFilter
[warn]   +- /home/peng/git-release/__LEGACY/frameless/project/Common.scala:12
[warn] * refined-spark34 / scalafmtFilter
[warn]   +- /home/peng/git-release/__LEGACY/frameless/project/Common.scala:12
[warn] * refined-spark40 / scalafmtFilter
[warn]   +- /home/peng/git-release/__LEGACY/frameless/project/Common.scala:12
[warn] * root / scalafmtFilter
[warn]   +- /home/peng/git-release/__LEGACY/frameless/project/Common.scala:12
[warn] * root-spark33 / scalafmtFilter
[warn]   +- /home/peng/git-release/__LEGACY/frameless/project/Common.scala:12
[warn] * root-spark34 / scalafmtFilter
[warn]   +- /home/peng/git-release/__LEGACY/frameless/project/Common.scala:12
[warn] * root-spark35 / scalafmtFilter
[warn]   +- /home/peng/git-release/__LEGACY/frameless/project/Common.scala:12
[warn] * root-spark40 / scalafmtFilter
[warn]   +- /home/peng/git-release/__LEGACY/frameless/project/Common.scala:12
[warn]  
[warn] note: a setting might still be used by a command; to exclude a key from this `lintUnused` check
[warn] either append it to `Global / excludeLintKeys` or call .withRank(KeyRanks.Invisible) on the key
[info] set current project to frameless-dataset-spark40 (in build file:/home/peng/git-release/__LEGACY/frameless/)
[info] GroupByTests:
2025-10-11 19:43:24 [pool-1-thread-1] WARN  org.apache.hadoop.util.NativeCodeLoader:60 - Unable to load native-hadoop library for your platform... using builtin-java classes where applicable
[info] - groupByMany('a).agg(sum('b)) *** FAILED *** (4 seconds, 865 milliseconds)
[info]   ExtendedAnalysisException was thrown during property evaluation.
[info]     Message: [MISSING_AGGREGATION] The non-aggregating expression "b" is based on columns which are not participating in the GROUP BY clause.
[info]   Add the columns or the expression to the GROUP BY, aggregate the expression, or use "any_value(b)" if you do not care which of the values within a group is returned. SQLSTATE: 42803;
[info]   Aggregate [a#4], [a#4, coalesce(sum(b#5L), 0) AS coalesce(sum(b), 0)#20L]
[info]   +- LocalRelation <empty>, [a#4, b#5L]
[info]   
[info]     Occurred when passed generated values (
[info]       arg0 = List()
[info]     )
[info]   org.scalatest.exceptions.GeneratorDrivenPropertyCheckFailedException:
[info]   at org.scalatestplus.scalacheck.CheckerAsserting$$anon$2.indicateFailure(CheckerAsserting.scala:251)
[info]   at org.scalatestplus.scalacheck.CheckerAsserting$$anon$2.indicateFailure(CheckerAsserting.scala:238)
[info]   at org.scalatestplus.scalacheck.UnitCheckerAsserting$CheckerAssertingImpl.check(CheckerAsserting.scala:160)
[info]   at org.scalatestplus.scalacheck.Checkers.check(Checkers.scala:371)
[info]   at org.scalatestplus.scalacheck.Checkers.check$(Checkers.scala:369)
[info]   at frameless.TypedDatasetSuite.check(TypedDatasetSuite.scala:70)
[info]   at frameless.GroupByTests.$anonfun$new$1(GroupByTests.scala:33)
[info]   at org.scalatest.OutcomeOf.outcomeOf(OutcomeOf.scala:85)
[info]   at org.scalatest.OutcomeOf.outcomeOf$(OutcomeOf.scala:83)
[info]   at org.scalatest.OutcomeOf$.outcomeOf(OutcomeOf.scala:104)
[info]   at org.scalatest.Transformer.apply(Transformer.scala:22)
[info]   at org.scalatest.Transformer.apply(Transformer.scala:20)
[info]   at org.scalatest.funsuite.AnyFunSuiteLike$$anon$1.apply(AnyFunSuiteLike.scala:226)
[info]   at org.scalatest.TestSuite.withFixture(TestSuite.scala:196)
[info]   at org.scalatest.TestSuite.withFixture$(TestSuite.scala:195)
[info]   at org.scalatest.funsuite.AnyFunSuite.withFixture(AnyFunSuite.scala:1564)
[info]   at org.scalatest.funsuite.AnyFunSuiteLike.invokeWithFixture$1(AnyFunSuiteLike.scala:224)
[info]   at org.scalatest.funsuite.AnyFunSuiteLike.$anonfun$runTest$1(AnyFunSuiteLike.scala:236)
[info]   at org.scalatest.SuperEngine.runTestImpl(Engine.scala:306)
[info]   at org.scalatest.funsuite.AnyFunSuiteLike.runTest(AnyFunSuiteLike.scala:236)
[info]   at org.scalatest.funsuite.AnyFunSuiteLike.runTest$(AnyFunSuiteLike.scala:218)
[info]   at org.scalatest.funsuite.AnyFunSuite.runTest(AnyFunSuite.scala:1564)
[info]   at org.scalatest.funsuite.AnyFunSuiteLike.$anonfun$runTests$1(AnyFunSuiteLike.scala:269)
[info]   at org.scalatest.SuperEngine.$anonfun$runTestsInBranch$1(Engine.scala:413)
[info]   at scala.collection.immutable.List.foreach(List.scala:334)
[info]   at org.scalatest.SuperEngine.traverseSubNodes$1(Engine.scala:401)
[info]   at org.scalatest.SuperEngine.runTestsInBranch(Engine.scala:396)
[info]   at org.scalatest.SuperEngine.runTestsImpl(Engine.scala:475)
[info]   at org.scalatest.funsuite.AnyFunSuiteLike.runTests(AnyFunSuiteLike.scala:269)
[info]   at org.scalatest.funsuite.AnyFunSuiteLike.runTests$(AnyFunSuiteLike.scala:268)
[info]   at org.scalatest.funsuite.AnyFunSuite.runTests(AnyFunSuite.scala:1564)
[info]   at org.scalatest.Suite.run(Suite.scala:1114)
[info]   at org.scalatest.Suite.run$(Suite.scala:1096)
[info]   at org.scalatest.funsuite.AnyFunSuite.org$scalatest$funsuite$AnyFunSuiteLike$$super$run(AnyFunSuite.scala:1564)
[info]   at org.scalatest.funsuite.AnyFunSuiteLike.$anonfun$run$1(AnyFunSuiteLike.scala:273)
[info]   at org.scalatest.SuperEngine.runImpl(Engine.scala:535)
[info]   at org.scalatest.funsuite.AnyFunSuiteLike.run(AnyFunSuiteLike.scala:273)
[info]   at org.scalatest.funsuite.AnyFunSuiteLike.run$(AnyFunSuiteLike.scala:272)
[info]   at frameless.TypedDatasetSuite.org$scalatest$BeforeAndAfterAll$$super$run(TypedDatasetSuite.scala:70)
[info]   at org.scalatest.BeforeAndAfterAll.liftedTree1$1(BeforeAndAfterAll.scala:213)
[info]   at org.scalatest.BeforeAndAfterAll.run(BeforeAndAfterAll.scala:210)
[info]   at org.scalatest.BeforeAndAfterAll.run$(BeforeAndAfterAll.scala:208)
[info]   at frameless.TypedDatasetSuite.run(TypedDatasetSuite.scala:70)
[info]   at org.scalatest.tools.Framework.org$scalatest$tools$Framework$$runSuite(Framework.scala:321)
[info]   at org.scalatest.tools.Framework$ScalaTestTask.execute(Framework.scala:517)
[info]   at sbt.ForkMain$Run.lambda$runTest$1(ForkMain.java:414)
[info]   at java.base/java.util.concurrent.FutureTask.run(FutureTask.java:264)
[info]   at java.base/java.util.concurrent.ThreadPoolExecutor.runWorker(ThreadPoolExecutor.java:1136)
[info]   at java.base/java.util.concurrent.ThreadPoolExecutor$Worker.run(ThreadPoolExecutor.java:635)
[info]   at java.base/java.lang.Thread.run(Thread.java:840)
[info]   Cause: org.apache.spark.sql.catalyst.ExtendedAnalysisException: [MISSING_AGGREGATION] The non-aggregating expression "b" is based on columns which are not participating in the GROUP BY clause.
[info] Add the columns or the expression to the GROUP BY, aggregate the expression, or use "any_value(b)" if you do not care which of the values within a group is returned. SQLSTATE: 42803;
[info] Aggregate [a#4], [a#4, coalesce(sum(b#5L), 0) AS coalesce(sum(b), 0)#20L]
[info] +- LocalRelation <empty>, [a#4, b#5L]
[info]   at org.apache.spark.sql.errors.QueryCompilationErrors$.columnNotInGroupByClauseError(QueryCompilationErrors.scala:3702)
[info]   at org.apache.spark.sql.catalyst.expressions.ExprUtils$.checkValidAggregateExpression$1(ExprUtils.scala:180)
[info]   at org.apache.spark.sql.catalyst.expressions.ExprUtils$.$anonfun$assertValidAggregation$7(ExprUtils.scala:194)
[info]   at org.apache.spark.sql.catalyst.expressions.ExprUtils$.$anonfun$assertValidAggregation$7$adapted(ExprUtils.scala:194)
[info]   at scala.collection.immutable.Vector.foreach(Vector.scala:2125)
[info]   at org.apache.spark.sql.catalyst.expressions.ExprUtils$.checkValidAggregateExpression$1(ExprUtils.scala:194)
[info]   at org.apache.spark.sql.catalyst.expressions.ExprUtils$.$anonfun$assertValidAggregation$7(ExprUtils.scala:194)
[info]   at org.apache.spark.sql.catalyst.expressions.ExprUtils$.$anonfun$assertValidAggregation$7$adapted(ExprUtils.scala:194)
[info]   at scala.collection.immutable.Vector.foreach(Vector.scala:2125)
[info]   at org.apache.spark.sql.catalyst.expressions.ExprUtils$.checkValidAggregateExpression$1(ExprUtils.scala:194)
[info]   at org.apache.spark.sql.catalyst.expressions.ExprUtils$.$anonfun$assertValidAggregation$7(ExprUtils.scala:194)
[info]   at org.apache.spark.sql.catalyst.expressions.ExprUtils$.$anonfun$assertValidAggregation$7$adapted(ExprUtils.scala:194)
[info]   at scala.collection.immutable.Vector.foreach(Vector.scala:2125)
[info]   at org.apache.spark.sql.catalyst.expressions.ExprUtils$.checkValidAggregateExpression$1(ExprUtils.scala:194)
[info]   at org.apache.spark.sql.catalyst.expressions.ExprUtils$.$anonfun$assertValidAggregation$11(ExprUtils.scala:226)
[info]   at org.apache.spark.sql.catalyst.expressions.ExprUtils$.$anonfun$assertValidAggregation$11$adapted(ExprUtils.scala:226)
[info]   at scala.collection.immutable.List.foreach(List.scala:334)
[info]   at org.apache.spark.sql.catalyst.expressions.ExprUtils$.assertValidAggregation(ExprUtils.scala:226)
[info]   at org.apache.spark.sql.catalyst.analysis.CheckAnalysis.$anonfun$checkAnalysis0$2(CheckAnalysis.scala:593)
[info]   at org.apache.spark.sql.catalyst.analysis.CheckAnalysis.$anonfun$checkAnalysis0$2$adapted(CheckAnalysis.scala:284)
[info]   at org.apache.spark.sql.catalyst.trees.TreeNode.foreachUp(TreeNode.scala:252)
[info]   at org.apache.spark.sql.catalyst.analysis.CheckAnalysis.checkAnalysis0(CheckAnalysis.scala:284)
[info]   at org.apache.spark.sql.catalyst.analysis.CheckAnalysis.checkAnalysis0$(CheckAnalysis.scala:255)
[info]   at org.apache.spark.sql.catalyst.analysis.Analyzer.checkAnalysis0(Analyzer.scala:299)
[info]   at org.apache.spark.sql.catalyst.analysis.CheckAnalysis.checkAnalysis(CheckAnalysis.scala:244)
[info]   at org.apache.spark.sql.catalyst.analysis.CheckAnalysis.checkAnalysis$(CheckAnalysis.scala:231)
[info]   at org.apache.spark.sql.catalyst.analysis.Analyzer.checkAnalysis(Analyzer.scala:299)
[info]   at org.apache.spark.sql.catalyst.analysis.resolver.HybridAnalyzer.$anonfun$resolveInFixedPoint$1(HybridAnalyzer.scala:192)
[info]   at scala.runtime.java8.JFunction0$mcV$sp.apply(JFunction0$mcV$sp.scala:18)
[info]   at org.apache.spark.sql.catalyst.QueryPlanningTracker$.withTracker(QueryPlanningTracker.scala:89)
[info]   at org.apache.spark.sql.catalyst.analysis.resolver.HybridAnalyzer.resolveInFixedPoint(HybridAnalyzer.scala:192)
[info]   at org.apache.spark.sql.catalyst.analysis.resolver.HybridAnalyzer.$anonfun$apply$1(HybridAnalyzer.scala:76)
[info]   at org.apache.spark.sql.catalyst.analysis.resolver.HybridAnalyzer.withTrackedAnalyzerBridgeState(HybridAnalyzer.scala:111)
[info]   at org.apache.spark.sql.catalyst.analysis.resolver.HybridAnalyzer.apply(HybridAnalyzer.scala:71)
[info]   at org.apache.spark.sql.catalyst.analysis.Analyzer.$anonfun$executeAndCheck$1(Analyzer.scala:330)
[info]   at org.apache.spark.sql.catalyst.plans.logical.AnalysisHelper$.markInAnalyzer(AnalysisHelper.scala:423)
[info]   at org.apache.spark.sql.catalyst.analysis.Analyzer.executeAndCheck(Analyzer.scala:330)
[info]   at org.apache.spark.sql.execution.QueryExecution.$anonfun$lazyAnalyzed$2(QueryExecution.scala:110)
[info]   at org.apache.spark.sql.catalyst.QueryPlanningTracker.measurePhase(QueryPlanningTracker.scala:148)
[info]   at org.apache.spark.sql.execution.QueryExecution.$anonfun$executePhase$2(QueryExecution.scala:278)
[info]   at org.apache.spark.sql.execution.QueryExecution$.withInternalError(QueryExecution.scala:654)
[info]   at org.apache.spark.sql.execution.QueryExecution.$anonfun$executePhase$1(QueryExecution.scala:278)
[info]   at org.apache.spark.sql.SparkSession.withActive(SparkSession.scala:804)
[info]   at org.apache.spark.sql.execution.QueryExecution.executePhase(QueryExecution.scala:277)
[info]   at org.apache.spark.sql.execution.QueryExecution.$anonfun$lazyAnalyzed$1(QueryExecution.scala:110)
[info]   at scala.util.Try$.apply(Try.scala:217)
[info]   at org.apache.spark.util.Utils$.doTryWithCallerStacktrace(Utils.scala:1378)
[info]   at org.apache.spark.util.Utils$.getTryWithCallerStacktrace(Utils.scala:1439)
[info]   at org.apache.spark.util.LazyTry.get(LazyTry.scala:58)
[info]   at org.apache.spark.sql.execution.QueryExecution.analyzed(QueryExecution.scala:121)
[info]   at org.apache.spark.sql.execution.QueryExecution.assertAnalyzed(QueryExecution.scala:80)
[info]   at org.apache.spark.sql.classic.Dataset$.$anonfun$ofRows$1(Dataset.scala:115)
[info]   at org.apache.spark.sql.SparkSession.withActive(SparkSession.scala:804)
[info]   at org.apache.spark.sql.classic.Dataset$.ofRows(Dataset.scala:113)
[info]   at org.apache.spark.sql.classic.RelationalGroupedDataset.toDF(RelationalGroupedDataset.scala:84)
[info]   at org.apache.spark.sql.classic.RelationalGroupedDataset.toDF(RelationalGroupedDataset.scala:54)
[info]   at org.apache.spark.sql.RelationalGroupedDataset.agg(RelationalGroupedDataset.scala:158)
[info]   at org.apache.spark.sql.classic.RelationalGroupedDataset.agg(RelationalGroupedDataset.scala:147)
[info]   at org.apache.spark.sql.classic.RelationalGroupedDataset.agg(RelationalGroupedDataset.scala:54)
[info]   at frameless.ops.AggregatingOps.aggregate(GroupByOps.scala:234)
[info]   at frameless.ops.GroupedByManyOps$agg$.applyProduct(GroupByOps.scala:46)
[info]   at frameless.GroupByTests.prop$1(GroupByTests.scala:23)
[info]   at frameless.GroupByTests.$anonfun$new$21(GroupByTests.scala:33)
[info]   at scala.Function1.$anonfun$andThen$1(Function1.scala:87)
[info]   at org.scalacheck.Prop$.$anonfun$forAllShrink$2(Prop.scala:868)
[info]   at org.scalacheck.Prop$.secure(Prop.scala:484)
[info]   at org.scalacheck.Prop$.result$1(Prop.scala:868)
[info]   at org.scalacheck.Prop$.$anonfun$forAllShrink$1(Prop.scala:915)
[info]   at org.scalacheck.Prop$.$anonfun$apply$1(Prop.scala:305)
[info]   at org.scalacheck.PropFromFun.apply(Prop.scala:20)
[info]   at org.scalacheck.Test$.workerFun$1(Test.scala:486)
[info]   at org.scalacheck.Test$.$anonfun$check$4(Test.scala:518)
[info]   at org.scalacheck.Test$.$anonfun$check$4$adapted(Test.scala:518)
[info]   at org.scalacheck.Platform$.runWorkers(Platform.scala:42)
[info]   at org.scalacheck.Test$.check(Test.scala:518)
[info]   at org.scalatestplus.scalacheck.UnitCheckerAsserting$CheckerAssertingImpl.check(CheckerAsserting.scala:90)
[info]   at org.scalatestplus.scalacheck.Checkers.check(Checkers.scala:371)
[info]   at org.scalatestplus.scalacheck.Checkers.check$(Checkers.scala:369)
[info]   at frameless.TypedDatasetSuite.check(TypedDatasetSuite.scala:70)
[info]   at frameless.GroupByTests.$anonfun$new$1(GroupByTests.scala:33)
[info]   at org.scalatest.OutcomeOf.outcomeOf(OutcomeOf.scala:85)
[info]   at org.scalatest.OutcomeOf.outcomeOf$(OutcomeOf.scala:83)
[info]   at org.scalatest.OutcomeOf$.outcomeOf(OutcomeOf.scala:104)
[info]   at org.scalatest.Transformer.apply(Transformer.scala:22)
[info]   at org.scalatest.Transformer.apply(Transformer.scala:20)
[info]   at org.scalatest.funsuite.AnyFunSuiteLike$$anon$1.apply(AnyFunSuiteLike.scala:226)
[info]   at org.scalatest.TestSuite.withFixture(TestSuite.scala:196)
[info]   at org.scalatest.TestSuite.withFixture$(TestSuite.scala:195)
[info]   at org.scalatest.funsuite.AnyFunSuite.withFixture(AnyFunSuite.scala:1564)
[info]   at org.scalatest.funsuite.AnyFunSuiteLike.invokeWithFixture$1(AnyFunSuiteLike.scala:224)
[info]   at org.scalatest.funsuite.AnyFunSuiteLike.$anonfun$runTest$1(AnyFunSuiteLike.scala:236)
[info]   at org.scalatest.SuperEngine.runTestImpl(Engine.scala:306)
[info]   at org.scalatest.funsuite.AnyFunSuiteLike.runTest(AnyFunSuiteLike.scala:236)
[info]   at org.scalatest.funsuite.AnyFunSuiteLike.runTest$(AnyFunSuiteLike.scala:218)
[info]   at org.scalatest.funsuite.AnyFunSuite.runTest(AnyFunSuite.scala:1564)
[info]   at org.scalatest.funsuite.AnyFunSuiteLike.$anonfun$runTests$1(AnyFunSuiteLike.scala:269)
[info]   at org.scalatest.SuperEngine.$anonfun$runTestsInBranch$1(Engine.scala:413)
[info]   at scala.collection.immutable.List.foreach(List.scala:334)
[info]   at org.scalatest.SuperEngine.traverseSubNodes$1(Engine.scala:401)
[info]   at org.scalatest.SuperEngine.runTestsInBranch(Engine.scala:396)
[info]   at org.scalatest.SuperEngine.runTestsImpl(Engine.scala:475)
[info]   at org.scalatest.funsuite.AnyFunSuiteLike.runTests(AnyFunSuiteLike.scala:269)
[info]   at org.scalatest.funsuite.AnyFunSuiteLike.runTests$(AnyFunSuiteLike.scala:268)
[info]   at org.scalatest.funsuite.AnyFunSuite.runTests(AnyFunSuite.scala:1564)
[info]   at org.scalatest.Suite.run(Suite.scala:1114)
[info]   at org.scalatest.Suite.run$(Suite.scala:1096)
[info]   at org.scalatest.funsuite.AnyFunSuite.org$scalatest$funsuite$AnyFunSuiteLike$$super$run(AnyFunSuite.scala:1564)
[info]   at org.scalatest.funsuite.AnyFunSuiteLike.$anonfun$run$1(AnyFunSuiteLike.scala:273)
[info]   at org.scalatest.SuperEngine.runImpl(Engine.scala:535)
[info]   at org.scalatest.funsuite.AnyFunSuiteLike.run(AnyFunSuiteLike.scala:273)
[info]   at org.scalatest.funsuite.AnyFunSuiteLike.run$(AnyFunSuiteLike.scala:272)
[info]   at frameless.TypedDatasetSuite.org$scalatest$BeforeAndAfterAll$$super$run(TypedDatasetSuite.scala:70)
[info]   at org.scalatest.BeforeAndAfterAll.liftedTree1$1(BeforeAndAfterAll.scala:213)
[info]   at org.scalatest.BeforeAndAfterAll.run(BeforeAndAfterAll.scala:210)
[info]   at org.scalatest.BeforeAndAfterAll.run$(BeforeAndAfterAll.scala:208)
[info]   at frameless.TypedDatasetSuite.run(TypedDatasetSuite.scala:70)
[info]   at org.scalatest.tools.Framework.org$scalatest$tools$Framework$$runSuite(Framework.scala:321)
[info]   at org.scalatest.tools.Framework$ScalaTestTask.execute(Framework.scala:517)
[info]   at sbt.ForkMain$Run.lambda$runTest$1(ForkMain.java:414)
[info]   at java.base/java.util.concurrent.FutureTask.run(FutureTask.java:264)
[info]   at java.base/java.util.concurrent.ThreadPoolExecutor.runWorker(ThreadPoolExecutor.java:1136)
[info]   at java.base/java.util.concurrent.ThreadPoolExecutor$Worker.run(ThreadPoolExecutor.java:635)
[info]   at java.base/java.lang.Thread.run(Thread.java:840)
[info] - agg(sum('a)) (6 seconds, 386 milliseconds)
[info] - agg(sum('a), sum('b)) (2 seconds, 45 milliseconds)
[info] - agg(sum('a), sum('b), sum('c)) (1 second, 792 milliseconds)
[info] - agg(sum('a), sum('b), min('c), max('d)) (4 seconds, 586 milliseconds)
[info] - groupBy('a).agg(sum('b)) *** FAILED *** (33 milliseconds)
[info]   ExtendedAnalysisException was thrown during property evaluation.
[info]     Message: [MISSING_AGGREGATION] The non-aggregating expression "b" is based on columns which are not participating in the GROUP BY clause.
[info]   Add the columns or the expression to the GROUP BY, aggregate the expression, or use "any_value(b)" if you do not care which of the values within a group is returned. SQLSTATE: 42803;
[info]   Aggregate [a#4315], [a#4315, coalesce(sum(b#4316L), 0) AS coalesce(sum(b), 0)#4331L]
[info]   +- LocalRelation <empty>, [a#4315, b#4316L]
[info]   
[info]     Occurred when passed generated values (
[info]       arg0 = List()
[info]     )
[info]   org.scalatest.exceptions.GeneratorDrivenPropertyCheckFailedException:
[info]   at org.scalatestplus.scalacheck.CheckerAsserting$$anon$2.indicateFailure(CheckerAsserting.scala:251)
[info]   at org.scalatestplus.scalacheck.CheckerAsserting$$anon$2.indicateFailure(CheckerAsserting.scala:238)
[info]   at org.scalatestplus.scalacheck.UnitCheckerAsserting$CheckerAssertingImpl.check(CheckerAsserting.scala:160)
[info]   at org.scalatestplus.scalacheck.Checkers.check(Checkers.scala:371)
[info]   at org.scalatestplus.scalacheck.Checkers.check$(Checkers.scala:369)
[info]   at frameless.TypedDatasetSuite.check(TypedDatasetSuite.scala:70)
[info]   at frameless.GroupByTests.$anonfun$new$93(GroupByTests.scala:168)
[info]   at org.scalatest.OutcomeOf.outcomeOf(OutcomeOf.scala:85)
[info]   at org.scalatest.OutcomeOf.outcomeOf$(OutcomeOf.scala:83)
[info]   at org.scalatest.OutcomeOf$.outcomeOf(OutcomeOf.scala:104)
[info]   at org.scalatest.Transformer.apply(Transformer.scala:22)
[info]   at org.scalatest.Transformer.apply(Transformer.scala:20)
[info]   at org.scalatest.funsuite.AnyFunSuiteLike$$anon$1.apply(AnyFunSuiteLike.scala:226)
[info]   at org.scalatest.TestSuite.withFixture(TestSuite.scala:196)
[info]   at org.scalatest.TestSuite.withFixture$(TestSuite.scala:195)
[info]   at org.scalatest.funsuite.AnyFunSuite.withFixture(AnyFunSuite.scala:1564)
[info]   at org.scalatest.funsuite.AnyFunSuiteLike.invokeWithFixture$1(AnyFunSuiteLike.scala:224)
[info]   at org.scalatest.funsuite.AnyFunSuiteLike.$anonfun$runTest$1(AnyFunSuiteLike.scala:236)
[info]   at org.scalatest.SuperEngine.runTestImpl(Engine.scala:306)
[info]   at org.scalatest.funsuite.AnyFunSuiteLike.runTest(AnyFunSuiteLike.scala:236)
[info]   at org.scalatest.funsuite.AnyFunSuiteLike.runTest$(AnyFunSuiteLike.scala:218)
[info]   at org.scalatest.funsuite.AnyFunSuite.runTest(AnyFunSuite.scala:1564)
[info]   at org.scalatest.funsuite.AnyFunSuiteLike.$anonfun$runTests$1(AnyFunSuiteLike.scala:269)
[info]   at org.scalatest.SuperEngine.$anonfun$runTestsInBranch$1(Engine.scala:413)
[info]   at scala.collection.immutable.List.foreach(List.scala:334)
[info]   at org.scalatest.SuperEngine.traverseSubNodes$1(Engine.scala:401)
[info]   at org.scalatest.SuperEngine.runTestsInBranch(Engine.scala:396)
[info]   at org.scalatest.SuperEngine.runTestsImpl(Engine.scala:475)
[info]   at org.scalatest.funsuite.AnyFunSuiteLike.runTests(AnyFunSuiteLike.scala:269)
[info]   at org.scalatest.funsuite.AnyFunSuiteLike.runTests$(AnyFunSuiteLike.scala:268)
[info]   at org.scalatest.funsuite.AnyFunSuite.runTests(AnyFunSuite.scala:1564)
[info]   at org.scalatest.Suite.run(Suite.scala:1114)
[info]   at org.scalatest.Suite.run$(Suite.scala:1096)
[info]   at org.scalatest.funsuite.AnyFunSuite.org$scalatest$funsuite$AnyFunSuiteLike$$super$run(AnyFunSuite.scala:1564)
[info]   at org.scalatest.funsuite.AnyFunSuiteLike.$anonfun$run$1(AnyFunSuiteLike.scala:273)
[info]   at org.scalatest.SuperEngine.runImpl(Engine.scala:535)
[info]   at org.scalatest.funsuite.AnyFunSuiteLike.run(AnyFunSuiteLike.scala:273)
[info]   at org.scalatest.funsuite.AnyFunSuiteLike.run$(AnyFunSuiteLike.scala:272)
[info]   at frameless.TypedDatasetSuite.org$scalatest$BeforeAndAfterAll$$super$run(TypedDatasetSuite.scala:70)
[info]   at org.scalatest.BeforeAndAfterAll.liftedTree1$1(BeforeAndAfterAll.scala:213)
[info]   at org.scalatest.BeforeAndAfterAll.run(BeforeAndAfterAll.scala:210)
[info]   at org.scalatest.BeforeAndAfterAll.run$(BeforeAndAfterAll.scala:208)
[info]   at frameless.TypedDatasetSuite.run(TypedDatasetSuite.scala:70)
[info]   at org.scalatest.tools.Framework.org$scalatest$tools$Framework$$runSuite(Framework.scala:321)
[info]   at org.scalatest.tools.Framework$ScalaTestTask.execute(Framework.scala:517)
[info]   at sbt.ForkMain$Run.lambda$runTest$1(ForkMain.java:414)
[info]   at java.base/java.util.concurrent.FutureTask.run(FutureTask.java:264)
[info]   at java.base/java.util.concurrent.ThreadPoolExecutor.runWorker(ThreadPoolExecutor.java:1136)
[info]   at java.base/java.util.concurrent.ThreadPoolExecutor$Worker.run(ThreadPoolExecutor.java:635)
[info]   at java.base/java.lang.Thread.run(Thread.java:840)
[info]   Cause: org.apache.spark.sql.catalyst.ExtendedAnalysisException: [MISSING_AGGREGATION] The non-aggregating expression "b" is based on columns which are not participating in the GROUP BY clause.
[info] Add the columns or the expression to the GROUP BY, aggregate the expression, or use "any_value(b)" if you do not care which of the values within a group is returned. SQLSTATE: 42803;
[info] Aggregate [a#4315], [a#4315, coalesce(sum(b#4316L), 0) AS coalesce(sum(b), 0)#4331L]
[info] +- LocalRelation <empty>, [a#4315, b#4316L]
[info]   at org.apache.spark.sql.errors.QueryCompilationErrors$.columnNotInGroupByClauseError(QueryCompilationErrors.scala:3702)
[info]   at org.apache.spark.sql.catalyst.expressions.ExprUtils$.checkValidAggregateExpression$1(ExprUtils.scala:180)
[info]   at org.apache.spark.sql.catalyst.expressions.ExprUtils$.$anonfun$assertValidAggregation$7(ExprUtils.scala:194)
[info]   at org.apache.spark.sql.catalyst.expressions.ExprUtils$.$anonfun$assertValidAggregation$7$adapted(ExprUtils.scala:194)
[info]   at scala.collection.immutable.Vector.foreach(Vector.scala:2125)
[info]   at org.apache.spark.sql.catalyst.expressions.ExprUtils$.checkValidAggregateExpression$1(ExprUtils.scala:194)
[info]   at org.apache.spark.sql.catalyst.expressions.ExprUtils$.$anonfun$assertValidAggregation$7(ExprUtils.scala:194)
[info]   at org.apache.spark.sql.catalyst.expressions.ExprUtils$.$anonfun$assertValidAggregation$7$adapted(ExprUtils.scala:194)
[info]   at scala.collection.immutable.Vector.foreach(Vector.scala:2125)
[info]   at org.apache.spark.sql.catalyst.expressions.ExprUtils$.checkValidAggregateExpression$1(ExprUtils.scala:194)
[info]   at org.apache.spark.sql.catalyst.expressions.ExprUtils$.$anonfun$assertValidAggregation$7(ExprUtils.scala:194)
[info]   at org.apache.spark.sql.catalyst.expressions.ExprUtils$.$anonfun$assertValidAggregation$7$adapted(ExprUtils.scala:194)
[info]   at scala.collection.immutable.Vector.foreach(Vector.scala:2125)
[info]   at org.apache.spark.sql.catalyst.expressions.ExprUtils$.checkValidAggregateExpression$1(ExprUtils.scala:194)
[info]   at org.apache.spark.sql.catalyst.expressions.ExprUtils$.$anonfun$assertValidAggregation$11(ExprUtils.scala:226)
[info]   at org.apache.spark.sql.catalyst.expressions.ExprUtils$.$anonfun$assertValidAggregation$11$adapted(ExprUtils.scala:226)
[info]   at scala.collection.immutable.List.foreach(List.scala:334)
[info]   at org.apache.spark.sql.catalyst.expressions.ExprUtils$.assertValidAggregation(ExprUtils.scala:226)
[info]   at org.apache.spark.sql.catalyst.analysis.CheckAnalysis.$anonfun$checkAnalysis0$2(CheckAnalysis.scala:593)
[info]   at org.apache.spark.sql.catalyst.analysis.CheckAnalysis.$anonfun$checkAnalysis0$2$adapted(CheckAnalysis.scala:284)
[info]   at org.apache.spark.sql.catalyst.trees.TreeNode.foreachUp(TreeNode.scala:252)
[info]   at org.apache.spark.sql.catalyst.analysis.CheckAnalysis.checkAnalysis0(CheckAnalysis.scala:284)
[info]   at org.apache.spark.sql.catalyst.analysis.CheckAnalysis.checkAnalysis0$(CheckAnalysis.scala:255)
[info]   at org.apache.spark.sql.catalyst.analysis.Analyzer.checkAnalysis0(Analyzer.scala:299)
[info]   at org.apache.spark.sql.catalyst.analysis.CheckAnalysis.checkAnalysis(CheckAnalysis.scala:244)
[info]   at org.apache.spark.sql.catalyst.analysis.CheckAnalysis.checkAnalysis$(CheckAnalysis.scala:231)
[info]   at org.apache.spark.sql.catalyst.analysis.Analyzer.checkAnalysis(Analyzer.scala:299)
[info]   at org.apache.spark.sql.catalyst.analysis.resolver.HybridAnalyzer.$anonfun$resolveInFixedPoint$1(HybridAnalyzer.scala:192)
[info]   at scala.runtime.java8.JFunction0$mcV$sp.apply(JFunction0$mcV$sp.scala:18)
[info]   at org.apache.spark.sql.catalyst.QueryPlanningTracker$.withTracker(QueryPlanningTracker.scala:89)
[info]   at org.apache.spark.sql.catalyst.analysis.resolver.HybridAnalyzer.resolveInFixedPoint(HybridAnalyzer.scala:192)
[info]   at org.apache.spark.sql.catalyst.analysis.resolver.HybridAnalyzer.$anonfun$apply$1(HybridAnalyzer.scala:76)
[info]   at org.apache.spark.sql.catalyst.analysis.resolver.HybridAnalyzer.withTrackedAnalyzerBridgeState(HybridAnalyzer.scala:111)
[info]   at org.apache.spark.sql.catalyst.analysis.resolver.HybridAnalyzer.apply(HybridAnalyzer.scala:71)
[info]   at org.apache.spark.sql.catalyst.analysis.Analyzer.$anonfun$executeAndCheck$1(Analyzer.scala:330)
[info]   at org.apache.spark.sql.catalyst.plans.logical.AnalysisHelper$.markInAnalyzer(AnalysisHelper.scala:423)
[info]   at org.apache.spark.sql.catalyst.analysis.Analyzer.executeAndCheck(Analyzer.scala:330)
[info]   at org.apache.spark.sql.execution.QueryExecution.$anonfun$lazyAnalyzed$2(QueryExecution.scala:110)
[info]   at org.apache.spark.sql.catalyst.QueryPlanningTracker.measurePhase(QueryPlanningTracker.scala:148)
[info]   at org.apache.spark.sql.execution.QueryExecution.$anonfun$executePhase$2(QueryExecution.scala:278)
[info]   at org.apache.spark.sql.execution.QueryExecution$.withInternalError(QueryExecution.scala:654)
[info]   at org.apache.spark.sql.execution.QueryExecution.$anonfun$executePhase$1(QueryExecution.scala:278)
[info]   at org.apache.spark.sql.SparkSession.withActive(SparkSession.scala:804)
[info]   at org.apache.spark.sql.execution.QueryExecution.executePhase(QueryExecution.scala:277)
[info]   at org.apache.spark.sql.execution.QueryExecution.$anonfun$lazyAnalyzed$1(QueryExecution.scala:110)
[info]   at scala.util.Try$.apply(Try.scala:217)
[info]   at org.apache.spark.util.Utils$.doTryWithCallerStacktrace(Utils.scala:1378)
[info]   at org.apache.spark.util.Utils$.getTryWithCallerStacktrace(Utils.scala:1439)
[info]   at org.apache.spark.util.LazyTry.get(LazyTry.scala:58)
[info]   at org.apache.spark.sql.execution.QueryExecution.analyzed(QueryExecution.scala:121)
[info]   at org.apache.spark.sql.execution.QueryExecution.assertAnalyzed(QueryExecution.scala:80)
[info]   at org.apache.spark.sql.classic.Dataset$.$anonfun$ofRows$1(Dataset.scala:115)
[info]   at org.apache.spark.sql.SparkSession.withActive(SparkSession.scala:804)
[info]   at org.apache.spark.sql.classic.Dataset$.ofRows(Dataset.scala:113)
[info]   at org.apache.spark.sql.classic.RelationalGroupedDataset.toDF(RelationalGroupedDataset.scala:84)
[info]   at org.apache.spark.sql.classic.RelationalGroupedDataset.toDF(RelationalGroupedDataset.scala:54)
[info]   at org.apache.spark.sql.RelationalGroupedDataset.agg(RelationalGroupedDataset.scala:158)
[info]   at org.apache.spark.sql.classic.RelationalGroupedDataset.agg(RelationalGroupedDataset.scala:147)
[info]   at org.apache.spark.sql.classic.RelationalGroupedDataset.agg(RelationalGroupedDataset.scala:54)
[info]   at frameless.ops.AggregatingOps.aggregate(GroupByOps.scala:234)
[info]   at frameless.ops.GroupedByManyOps$agg$.applyProduct(GroupByOps.scala:46)
[info]   at frameless.ops.GroupedBy1Ops.agg(GroupByOps.scala:59)
[info]   at frameless.GroupByTests.prop$6(GroupByTests.scala:158)
[info]   at frameless.GroupByTests.$anonfun$new$109(GroupByTests.scala:168)
[info]   at scala.Function1.$anonfun$andThen$1(Function1.scala:87)
[info]   at org.scalacheck.Prop$.$anonfun$forAllShrink$2(Prop.scala:868)
[info]   at org.scalacheck.Prop$.secure(Prop.scala:484)
[info]   at org.scalacheck.Prop$.result$1(Prop.scala:868)
[info]   at org.scalacheck.Prop$.$anonfun$forAllShrink$1(Prop.scala:915)
[info]   at org.scalacheck.Prop$.$anonfun$apply$1(Prop.scala:305)
[info]   at org.scalacheck.PropFromFun.apply(Prop.scala:20)
[info]   at org.scalacheck.Test$.workerFun$1(Test.scala:486)
[info]   at org.scalacheck.Test$.$anonfun$check$4(Test.scala:518)
[info]   at org.scalacheck.Test$.$anonfun$check$4$adapted(Test.scala:518)
[info]   at org.scalacheck.Platform$.runWorkers(Platform.scala:42)
[info]   at org.scalacheck.Test$.check(Test.scala:518)
[info]   at org.scalatestplus.scalacheck.UnitCheckerAsserting$CheckerAssertingImpl.check(CheckerAsserting.scala:90)
[info]   at org.scalatestplus.scalacheck.Checkers.check(Checkers.scala:371)
[info]   at org.scalatestplus.scalacheck.Checkers.check$(Checkers.scala:369)
[info]   at frameless.TypedDatasetSuite.check(TypedDatasetSuite.scala:70)
[info]   at frameless.GroupByTests.$anonfun$new$93(GroupByTests.scala:168)
[info]   at org.scalatest.OutcomeOf.outcomeOf(OutcomeOf.scala:85)
[info]   at org.scalatest.OutcomeOf.outcomeOf$(OutcomeOf.scala:83)
[info]   at org.scalatest.OutcomeOf$.outcomeOf(OutcomeOf.scala:104)
[info]   at org.scalatest.Transformer.apply(Transformer.scala:22)
[info]   at org.scalatest.Transformer.apply(Transformer.scala:20)
[info]   at org.scalatest.funsuite.AnyFunSuiteLike$$anon$1.apply(AnyFunSuiteLike.scala:226)
[info]   at org.scalatest.TestSuite.withFixture(TestSuite.scala:196)
[info]   at org.scalatest.TestSuite.withFixture$(TestSuite.scala:195)
[info]   at org.scalatest.funsuite.AnyFunSuite.withFixture(AnyFunSuite.scala:1564)
[info]   at org.scalatest.funsuite.AnyFunSuiteLike.invokeWithFixture$1(AnyFunSuiteLike.scala:224)
[info]   at org.scalatest.funsuite.AnyFunSuiteLike.$anonfun$runTest$1(AnyFunSuiteLike.scala:236)
[info]   at org.scalatest.SuperEngine.runTestImpl(Engine.scala:306)
[info]   at org.scalatest.funsuite.AnyFunSuiteLike.runTest(AnyFunSuiteLike.scala:236)
[info]   at org.scalatest.funsuite.AnyFunSuiteLike.runTest$(AnyFunSuiteLike.scala:218)
[info]   at org.scalatest.funsuite.AnyFunSuite.runTest(AnyFunSuite.scala:1564)
[info]   at org.scalatest.funsuite.AnyFunSuiteLike.$anonfun$runTests$1(AnyFunSuiteLike.scala:269)
[info]   at org.scalatest.SuperEngine.$anonfun$runTestsInBranch$1(Engine.scala:413)
[info]   at scala.collection.immutable.List.foreach(List.scala:334)
[info]   at org.scalatest.SuperEngine.traverseSubNodes$1(Engine.scala:401)
[info]   at org.scalatest.SuperEngine.runTestsInBranch(Engine.scala:396)
[info]   at org.scalatest.SuperEngine.runTestsImpl(Engine.scala:475)
[info]   at org.scalatest.funsuite.AnyFunSuiteLike.runTests(AnyFunSuiteLike.scala:269)
[info]   at org.scalatest.funsuite.AnyFunSuiteLike.runTests$(AnyFunSuiteLike.scala:268)
[info]   at org.scalatest.funsuite.AnyFunSuite.runTests(AnyFunSuite.scala:1564)
[info]   at org.scalatest.Suite.run(Suite.scala:1114)
[info]   at org.scalatest.Suite.run$(Suite.scala:1096)
[info]   at org.scalatest.funsuite.AnyFunSuite.org$scalatest$funsuite$AnyFunSuiteLike$$super$run(AnyFunSuite.scala:1564)
[info]   at org.scalatest.funsuite.AnyFunSuiteLike.$anonfun$run$1(AnyFunSuiteLike.scala:273)
[info]   at org.scalatest.SuperEngine.runImpl(Engine.scala:535)
[info]   at org.scalatest.funsuite.AnyFunSuiteLike.run(AnyFunSuiteLike.scala:273)
[info]   at org.scalatest.funsuite.AnyFunSuiteLike.run$(AnyFunSuiteLike.scala:272)
[info]   at frameless.TypedDatasetSuite.org$scalatest$BeforeAndAfterAll$$super$run(TypedDatasetSuite.scala:70)
[info]   at org.scalatest.BeforeAndAfterAll.liftedTree1$1(BeforeAndAfterAll.scala:213)
[info]   at org.scalatest.BeforeAndAfterAll.run(BeforeAndAfterAll.scala:210)
[info]   at org.scalatest.BeforeAndAfterAll.run$(BeforeAndAfterAll.scala:208)
[info]   at frameless.TypedDatasetSuite.run(TypedDatasetSuite.scala:70)
[info]   at org.scalatest.tools.Framework.org$scalatest$tools$Framework$$runSuite(Framework.scala:321)
[info]   at org.scalatest.tools.Framework$ScalaTestTask.execute(Framework.scala:517)
[info]   at sbt.ForkMain$Run.lambda$runTest$1(ForkMain.java:414)
[info]   at java.base/java.util.concurrent.FutureTask.run(FutureTask.java:264)
[info]   at java.base/java.util.concurrent.ThreadPoolExecutor.runWorker(ThreadPoolExecutor.java:1136)
[info]   at java.base/java.util.concurrent.ThreadPoolExecutor$Worker.run(ThreadPoolExecutor.java:635)
[info]   at java.base/java.lang.Thread.run(Thread.java:840)
[info] - groupBy('a).mapGroups('a, sum('b)) (1 second, 925 milliseconds)
[info] - groupBy('a).agg(sum('b), sum('c)) to groupBy('a).agg(sum('a), sum('b), sum('a), sum('b), sum('a)) *** FAILED *** (20 milliseconds)
[info]   ExtendedAnalysisException was thrown during property evaluation.
[info]     Message: [MISSING_AGGREGATION] The non-aggregating expression "b" is based on columns which are not participating in the GROUP BY clause.
[info]   Add the columns or the expression to the GROUP BY, aggregate the expression, or use "any_value(b)" if you do not care which of the values within a group is returned. SQLSTATE: 42803;
[info]   Aggregate [a#4818], [a#4818, coalesce(sum(b#4819L), 0) AS coalesce(sum(b), 0)#4841L, coalesce(sum(c#4820), 0) AS coalesce(sum(c), 0)#4842]
[info]   +- LocalRelation <empty>, [a#4818, b#4819L, c#4820]
[info]   
[info]     Occurred when passed generated values (
[info]       arg0 = List()
[info]     )
[info]   org.scalatest.exceptions.GeneratorDrivenPropertyCheckFailedException:
[info]   at org.scalatestplus.scalacheck.CheckerAsserting$$anon$2.indicateFailure(CheckerAsserting.scala:251)
[info]   at org.scalatestplus.scalacheck.CheckerAsserting$$anon$2.indicateFailure(CheckerAsserting.scala:238)
[info]   at org.scalatestplus.scalacheck.UnitCheckerAsserting$CheckerAssertingImpl.check(CheckerAsserting.scala:160)
[info]   at org.scalatestplus.scalacheck.Checkers.check(Checkers.scala:371)
[info]   at org.scalatestplus.scalacheck.Checkers.check$(Checkers.scala:369)
[info]   at frameless.TypedDatasetSuite.check(TypedDatasetSuite.scala:70)
[info]   at frameless.GroupByTests.$anonfun$new$135(GroupByTests.scala:304)
[info]   at org.scalatest.OutcomeOf.outcomeOf(OutcomeOf.scala:85)
[info]   at org.scalatest.OutcomeOf.outcomeOf$(OutcomeOf.scala:83)
[info]   at org.scalatest.OutcomeOf$.outcomeOf(OutcomeOf.scala:104)
[info]   at org.scalatest.Transformer.apply(Transformer.scala:22)
[info]   at org.scalatest.Transformer.apply(Transformer.scala:20)
[info]   at org.scalatest.funsuite.AnyFunSuiteLike$$anon$1.apply(AnyFunSuiteLike.scala:226)
[info]   at org.scalatest.TestSuite.withFixture(TestSuite.scala:196)
[info]   at org.scalatest.TestSuite.withFixture$(TestSuite.scala:195)
[info]   at org.scalatest.funsuite.AnyFunSuite.withFixture(AnyFunSuite.scala:1564)
[info]   at org.scalatest.funsuite.AnyFunSuiteLike.invokeWithFixture$1(AnyFunSuiteLike.scala:224)
[info]   at org.scalatest.funsuite.AnyFunSuiteLike.$anonfun$runTest$1(AnyFunSuiteLike.scala:236)
[info]   at org.scalatest.SuperEngine.runTestImpl(Engine.scala:306)
[info]   at org.scalatest.funsuite.AnyFunSuiteLike.runTest(AnyFunSuiteLike.scala:236)
[info]   at org.scalatest.funsuite.AnyFunSuiteLike.runTest$(AnyFunSuiteLike.scala:218)
[info]   at org.scalatest.funsuite.AnyFunSuite.runTest(AnyFunSuite.scala:1564)
[info]   at org.scalatest.funsuite.AnyFunSuiteLike.$anonfun$runTests$1(AnyFunSuiteLike.scala:269)
[info]   at org.scalatest.SuperEngine.$anonfun$runTestsInBranch$1(Engine.scala:413)
[info]   at scala.collection.immutable.List.foreach(List.scala:334)
[info]   at org.scalatest.SuperEngine.traverseSubNodes$1(Engine.scala:401)
[info]   at org.scalatest.SuperEngine.runTestsInBranch(Engine.scala:396)
[info]   at org.scalatest.SuperEngine.runTestsImpl(Engine.scala:475)
[info]   at org.scalatest.funsuite.AnyFunSuiteLike.runTests(AnyFunSuiteLike.scala:269)
[info]   at org.scalatest.funsuite.AnyFunSuiteLike.runTests$(AnyFunSuiteLike.scala:268)
[info]   at org.scalatest.funsuite.AnyFunSuite.runTests(AnyFunSuite.scala:1564)
[info]   at org.scalatest.Suite.run(Suite.scala:1114)
[info]   at org.scalatest.Suite.run$(Suite.scala:1096)
[info]   at org.scalatest.funsuite.AnyFunSuite.org$scalatest$funsuite$AnyFunSuiteLike$$super$run(AnyFunSuite.scala:1564)
[info]   at org.scalatest.funsuite.AnyFunSuiteLike.$anonfun$run$1(AnyFunSuiteLike.scala:273)
[info]   at org.scalatest.SuperEngine.runImpl(Engine.scala:535)
[info]   at org.scalatest.funsuite.AnyFunSuiteLike.run(AnyFunSuiteLike.scala:273)
[info]   at org.scalatest.funsuite.AnyFunSuiteLike.run$(AnyFunSuiteLike.scala:272)
[info]   at frameless.TypedDatasetSuite.org$scalatest$BeforeAndAfterAll$$super$run(TypedDatasetSuite.scala:70)
[info]   at org.scalatest.BeforeAndAfterAll.liftedTree1$1(BeforeAndAfterAll.scala:213)
[info]   at org.scalatest.BeforeAndAfterAll.run(BeforeAndAfterAll.scala:210)
[info]   at org.scalatest.BeforeAndAfterAll.run$(BeforeAndAfterAll.scala:208)
[info]   at frameless.TypedDatasetSuite.run(TypedDatasetSuite.scala:70)
[info]   at org.scalatest.tools.Framework.org$scalatest$tools$Framework$$runSuite(Framework.scala:321)
[info]   at org.scalatest.tools.Framework$ScalaTestTask.execute(Framework.scala:517)
[info]   at sbt.ForkMain$Run.lambda$runTest$1(ForkMain.java:414)
[info]   at java.base/java.util.concurrent.FutureTask.run(FutureTask.java:264)
[info]   at java.base/java.util.concurrent.ThreadPoolExecutor.runWorker(ThreadPoolExecutor.java:1136)
[info]   at java.base/java.util.concurrent.ThreadPoolExecutor$Worker.run(ThreadPoolExecutor.java:635)
[info]   at java.base/java.lang.Thread.run(Thread.java:840)
[info]   Cause: org.apache.spark.sql.catalyst.ExtendedAnalysisException: [MISSING_AGGREGATION] The non-aggregating expression "b" is based on columns which are not participating in the GROUP BY clause.
[info] Add the columns or the expression to the GROUP BY, aggregate the expression, or use "any_value(b)" if you do not care which of the values within a group is returned. SQLSTATE: 42803;
[info] Aggregate [a#4818], [a#4818, coalesce(sum(b#4819L), 0) AS coalesce(sum(b), 0)#4841L, coalesce(sum(c#4820), 0) AS coalesce(sum(c), 0)#4842]
[info] +- LocalRelation <empty>, [a#4818, b#4819L, c#4820]
[info]   at org.apache.spark.sql.errors.QueryCompilationErrors$.columnNotInGroupByClauseError(QueryCompilationErrors.scala:3702)
[info]   at org.apache.spark.sql.catalyst.expressions.ExprUtils$.checkValidAggregateExpression$1(ExprUtils.scala:180)
[info]   at org.apache.spark.sql.catalyst.expressions.ExprUtils$.$anonfun$assertValidAggregation$7(ExprUtils.scala:194)
[info]   at org.apache.spark.sql.catalyst.expressions.ExprUtils$.$anonfun$assertValidAggregation$7$adapted(ExprUtils.scala:194)
[info]   at scala.collection.immutable.Vector.foreach(Vector.scala:2125)
[info]   at org.apache.spark.sql.catalyst.expressions.ExprUtils$.checkValidAggregateExpression$1(ExprUtils.scala:194)
[info]   at org.apache.spark.sql.catalyst.expressions.ExprUtils$.$anonfun$assertValidAggregation$7(ExprUtils.scala:194)
[info]   at org.apache.spark.sql.catalyst.expressions.ExprUtils$.$anonfun$assertValidAggregation$7$adapted(ExprUtils.scala:194)
[info]   at scala.collection.immutable.Vector.foreach(Vector.scala:2125)
[info]   at org.apache.spark.sql.catalyst.expressions.ExprUtils$.checkValidAggregateExpression$1(ExprUtils.scala:194)
[info]   at org.apache.spark.sql.catalyst.expressions.ExprUtils$.$anonfun$assertValidAggregation$7(ExprUtils.scala:194)
[info]   at org.apache.spark.sql.catalyst.expressions.ExprUtils$.$anonfun$assertValidAggregation$7$adapted(ExprUtils.scala:194)
[info]   at scala.collection.immutable.Vector.foreach(Vector.scala:2125)
[info]   at org.apache.spark.sql.catalyst.expressions.ExprUtils$.checkValidAggregateExpression$1(ExprUtils.scala:194)
[info]   at org.apache.spark.sql.catalyst.expressions.ExprUtils$.$anonfun$assertValidAggregation$11(ExprUtils.scala:226)
[info]   at org.apache.spark.sql.catalyst.expressions.ExprUtils$.$anonfun$assertValidAggregation$11$adapted(ExprUtils.scala:226)
[info]   at scala.collection.immutable.List.foreach(List.scala:334)
[info]   at org.apache.spark.sql.catalyst.expressions.ExprUtils$.assertValidAggregation(ExprUtils.scala:226)
[info]   at org.apache.spark.sql.catalyst.analysis.CheckAnalysis.$anonfun$checkAnalysis0$2(CheckAnalysis.scala:593)
[info]   at org.apache.spark.sql.catalyst.analysis.CheckAnalysis.$anonfun$checkAnalysis0$2$adapted(CheckAnalysis.scala:284)
[info]   at org.apache.spark.sql.catalyst.trees.TreeNode.foreachUp(TreeNode.scala:252)
[info]   at org.apache.spark.sql.catalyst.analysis.CheckAnalysis.checkAnalysis0(CheckAnalysis.scala:284)
[info]   at org.apache.spark.sql.catalyst.analysis.CheckAnalysis.checkAnalysis0$(CheckAnalysis.scala:255)
[info]   at org.apache.spark.sql.catalyst.analysis.Analyzer.checkAnalysis0(Analyzer.scala:299)
[info]   at org.apache.spark.sql.catalyst.analysis.CheckAnalysis.checkAnalysis(CheckAnalysis.scala:244)
[info]   at org.apache.spark.sql.catalyst.analysis.CheckAnalysis.checkAnalysis$(CheckAnalysis.scala:231)
[info]   at org.apache.spark.sql.catalyst.analysis.Analyzer.checkAnalysis(Analyzer.scala:299)
[info]   at org.apache.spark.sql.catalyst.analysis.resolver.HybridAnalyzer.$anonfun$resolveInFixedPoint$1(HybridAnalyzer.scala:192)
[info]   at scala.runtime.java8.JFunction0$mcV$sp.apply(JFunction0$mcV$sp.scala:18)
[info]   at org.apache.spark.sql.catalyst.QueryPlanningTracker$.withTracker(QueryPlanningTracker.scala:89)
[info]   at org.apache.spark.sql.catalyst.analysis.resolver.HybridAnalyzer.resolveInFixedPoint(HybridAnalyzer.scala:192)
[info]   at org.apache.spark.sql.catalyst.analysis.resolver.HybridAnalyzer.$anonfun$apply$1(HybridAnalyzer.scala:76)
[info]   at org.apache.spark.sql.catalyst.analysis.resolver.HybridAnalyzer.withTrackedAnalyzerBridgeState(HybridAnalyzer.scala:111)
[info]   at org.apache.spark.sql.catalyst.analysis.resolver.HybridAnalyzer.apply(HybridAnalyzer.scala:71)
[info]   at org.apache.spark.sql.catalyst.analysis.Analyzer.$anonfun$executeAndCheck$1(Analyzer.scala:330)
[info]   at org.apache.spark.sql.catalyst.plans.logical.AnalysisHelper$.markInAnalyzer(AnalysisHelper.scala:423)
[info]   at org.apache.spark.sql.catalyst.analysis.Analyzer.executeAndCheck(Analyzer.scala:330)
[info]   at org.apache.spark.sql.execution.QueryExecution.$anonfun$lazyAnalyzed$2(QueryExecution.scala:110)
[info]   at org.apache.spark.sql.catalyst.QueryPlanningTracker.measurePhase(QueryPlanningTracker.scala:148)
[info]   at org.apache.spark.sql.execution.QueryExecution.$anonfun$executePhase$2(QueryExecution.scala:278)
[info]   at org.apache.spark.sql.execution.QueryExecution$.withInternalError(QueryExecution.scala:654)
[info]   at org.apache.spark.sql.execution.QueryExecution.$anonfun$executePhase$1(QueryExecution.scala:278)
[info]   at org.apache.spark.sql.SparkSession.withActive(SparkSession.scala:804)
[info]   at org.apache.spark.sql.execution.QueryExecution.executePhase(QueryExecution.scala:277)
[info]   at org.apache.spark.sql.execution.QueryExecution.$anonfun$lazyAnalyzed$1(QueryExecution.scala:110)
[info]   at scala.util.Try$.apply(Try.scala:217)
[info]   at org.apache.spark.util.Utils$.doTryWithCallerStacktrace(Utils.scala:1378)
[info]   at org.apache.spark.util.Utils$.getTryWithCallerStacktrace(Utils.scala:1439)
[info]   at org.apache.spark.util.LazyTry.get(LazyTry.scala:58)
[info]   at org.apache.spark.sql.execution.QueryExecution.analyzed(QueryExecution.scala:121)
[info]   at org.apache.spark.sql.execution.QueryExecution.assertAnalyzed(QueryExecution.scala:80)
[info]   at org.apache.spark.sql.classic.Dataset$.$anonfun$ofRows$1(Dataset.scala:115)
[info]   at org.apache.spark.sql.SparkSession.withActive(SparkSession.scala:804)
[info]   at org.apache.spark.sql.classic.Dataset$.ofRows(Dataset.scala:113)
[info]   at org.apache.spark.sql.classic.RelationalGroupedDataset.toDF(RelationalGroupedDataset.scala:84)
[info]   at org.apache.spark.sql.classic.RelationalGroupedDataset.toDF(RelationalGroupedDataset.scala:54)
[info]   at org.apache.spark.sql.RelationalGroupedDataset.agg(RelationalGroupedDataset.scala:158)
[info]   at org.apache.spark.sql.classic.RelationalGroupedDataset.agg(RelationalGroupedDataset.scala:147)
[info]   at org.apache.spark.sql.classic.RelationalGroupedDataset.agg(RelationalGroupedDataset.scala:54)
[info]   at frameless.ops.AggregatingOps.aggregate(GroupByOps.scala:234)
[info]   at frameless.ops.GroupedByManyOps$agg$.applyProduct(GroupByOps.scala:46)
[info]   at frameless.ops.GroupedBy1Ops.agg(GroupByOps.scala:67)
[info]   at frameless.GroupByTests.prop$8(GroupByTests.scala:217)
[info]   at frameless.GroupByTests.$anonfun$new$191(GroupByTests.scala:304)
[info]   at scala.Function1.$anonfun$andThen$1(Function1.scala:87)
[info]   at org.scalacheck.Prop$.$anonfun$forAllShrink$2(Prop.scala:868)
[info]   at org.scalacheck.Prop$.secure(Prop.scala:484)
[info]   at org.scalacheck.Prop$.result$1(Prop.scala:868)
[info]   at org.scalacheck.Prop$.$anonfun$forAllShrink$1(Prop.scala:915)
[info]   at org.scalacheck.Prop$.$anonfun$apply$1(Prop.scala:305)
[info]   at org.scalacheck.PropFromFun.apply(Prop.scala:20)
[info]   at org.scalacheck.Test$.workerFun$1(Test.scala:486)
[info]   at org.scalacheck.Test$.$anonfun$check$4(Test.scala:518)
[info]   at org.scalacheck.Test$.$anonfun$check$4$adapted(Test.scala:518)
[info]   at org.scalacheck.Platform$.runWorkers(Platform.scala:42)
[info]   at org.scalacheck.Test$.check(Test.scala:518)
[info]   at org.scalatestplus.scalacheck.UnitCheckerAsserting$CheckerAssertingImpl.check(CheckerAsserting.scala:90)
[info]   at org.scalatestplus.scalacheck.Checkers.check(Checkers.scala:371)
[info]   at org.scalatestplus.scalacheck.Checkers.check$(Checkers.scala:369)
[info]   at frameless.TypedDatasetSuite.check(TypedDatasetSuite.scala:70)
[info]   at frameless.GroupByTests.$anonfun$new$135(GroupByTests.scala:304)
[info]   at org.scalatest.OutcomeOf.outcomeOf(OutcomeOf.scala:85)
[info]   at org.scalatest.OutcomeOf.outcomeOf$(OutcomeOf.scala:83)
[info]   at org.scalatest.OutcomeOf$.outcomeOf(OutcomeOf.scala:104)
[info]   at org.scalatest.Transformer.apply(Transformer.scala:22)
[info]   at org.scalatest.Transformer.apply(Transformer.scala:20)
[info]   at org.scalatest.funsuite.AnyFunSuiteLike$$anon$1.apply(AnyFunSuiteLike.scala:226)
[info]   at org.scalatest.TestSuite.withFixture(TestSuite.scala:196)
[info]   at org.scalatest.TestSuite.withFixture$(TestSuite.scala:195)
[info]   at org.scalatest.funsuite.AnyFunSuite.withFixture(AnyFunSuite.scala:1564)
[info]   at org.scalatest.funsuite.AnyFunSuiteLike.invokeWithFixture$1(AnyFunSuiteLike.scala:224)
[info]   at org.scalatest.funsuite.AnyFunSuiteLike.$anonfun$runTest$1(AnyFunSuiteLike.scala:236)
[info]   at org.scalatest.SuperEngine.runTestImpl(Engine.scala:306)
[info]   at org.scalatest.funsuite.AnyFunSuiteLike.runTest(AnyFunSuiteLike.scala:236)
[info]   at org.scalatest.funsuite.AnyFunSuiteLike.runTest$(AnyFunSuiteLike.scala:218)
[info]   at org.scalatest.funsuite.AnyFunSuite.runTest(AnyFunSuite.scala:1564)
[info]   at org.scalatest.funsuite.AnyFunSuiteLike.$anonfun$runTests$1(AnyFunSuiteLike.scala:269)
[info]   at org.scalatest.SuperEngine.$anonfun$runTestsInBranch$1(Engine.scala:413)
[info]   at scala.collection.immutable.List.foreach(List.scala:334)
[info]   at org.scalatest.SuperEngine.traverseSubNodes$1(Engine.scala:401)
[info]   at org.scalatest.SuperEngine.runTestsInBranch(Engine.scala:396)
[info]   at org.scalatest.SuperEngine.runTestsImpl(Engine.scala:475)
[info]   at org.scalatest.funsuite.AnyFunSuiteLike.runTests(AnyFunSuiteLike.scala:269)
[info]   at org.scalatest.funsuite.AnyFunSuiteLike.runTests$(AnyFunSuiteLike.scala:268)
[info]   at org.scalatest.funsuite.AnyFunSuite.runTests(AnyFunSuite.scala:1564)
[info]   at org.scalatest.Suite.run(Suite.scala:1114)
[info]   at org.scalatest.Suite.run$(Suite.scala:1096)
[info]   at org.scalatest.funsuite.AnyFunSuite.org$scalatest$funsuite$AnyFunSuiteLike$$super$run(AnyFunSuite.scala:1564)
[info]   at org.scalatest.funsuite.AnyFunSuiteLike.$anonfun$run$1(AnyFunSuiteLike.scala:273)
[info]   at org.scalatest.SuperEngine.runImpl(Engine.scala:535)
[info]   at org.scalatest.funsuite.AnyFunSuiteLike.run(AnyFunSuiteLike.scala:273)
[info]   at org.scalatest.funsuite.AnyFunSuiteLike.run$(AnyFunSuiteLike.scala:272)
[info]   at frameless.TypedDatasetSuite.org$scalatest$BeforeAndAfterAll$$super$run(TypedDatasetSuite.scala:70)
[info]   at org.scalatest.BeforeAndAfterAll.liftedTree1$1(BeforeAndAfterAll.scala:213)
[info]   at org.scalatest.BeforeAndAfterAll.run(BeforeAndAfterAll.scala:210)
[info]   at org.scalatest.BeforeAndAfterAll.run$(BeforeAndAfterAll.scala:208)
[info]   at frameless.TypedDatasetSuite.run(TypedDatasetSuite.scala:70)
[info]   at org.scalatest.tools.Framework.org$scalatest$tools$Framework$$runSuite(Framework.scala:321)
[info]   at org.scalatest.tools.Framework$ScalaTestTask.execute(Framework.scala:517)
[info]   at sbt.ForkMain$Run.lambda$runTest$1(ForkMain.java:414)
[info]   at java.base/java.util.concurrent.FutureTask.run(FutureTask.java:264)
[info]   at java.base/java.util.concurrent.ThreadPoolExecutor.runWorker(ThreadPoolExecutor.java:1136)
[info]   at java.base/java.util.concurrent.ThreadPoolExecutor$Worker.run(ThreadPoolExecutor.java:635)
[info]   at java.base/java.lang.Thread.run(Thread.java:840)
[info] - groupBy('a, 'b).agg(sum('c)) to groupBy('a, 'b).agg(sum('c),sum('c),sum('c),sum('c),sum('c)) *** FAILED *** (23 milliseconds)
[info]   ExtendedAnalysisException was thrown during property evaluation.
[info]     Message: [MISSING_AGGREGATION] The non-aggregating expression "c" is based on columns which are not participating in the GROUP BY clause.
[info]   Add the columns or the expression to the GROUP BY, aggregate the expression, or use "any_value(c)" if you do not care which of the values within a group is returned. SQLSTATE: 42803;
[info]   Aggregate [a#4849, b#4850L], [a#4849, b#4850L, coalesce(sum(c#4851), 0) AS coalesce(sum(c), 0)#4872]
[info]   +- LocalRelation <empty>, [a#4849, b#4850L, c#4851]
[info]   
[info]     Occurred when passed generated values (
[info]       arg0 = List()
[info]     )
[info]   org.scalatest.exceptions.GeneratorDrivenPropertyCheckFailedException:
[info]   at org.scalatestplus.scalacheck.CheckerAsserting$$anon$2.indicateFailure(CheckerAsserting.scala:251)
[info]   at org.scalatestplus.scalacheck.CheckerAsserting$$anon$2.indicateFailure(CheckerAsserting.scala:238)
[info]   at org.scalatestplus.scalacheck.UnitCheckerAsserting$CheckerAssertingImpl.check(CheckerAsserting.scala:160)
[info]   at org.scalatestplus.scalacheck.Checkers.check(Checkers.scala:371)
[info]   at org.scalatestplus.scalacheck.Checkers.check$(Checkers.scala:369)
[info]   at frameless.TypedDatasetSuite.check(TypedDatasetSuite.scala:70)
[info]   at frameless.GroupByTests.$anonfun$new$193(GroupByTests.scala:415)
[info]   at org.scalatest.OutcomeOf.outcomeOf(OutcomeOf.scala:85)
[info]   at org.scalatest.OutcomeOf.outcomeOf$(OutcomeOf.scala:83)
[info]   at org.scalatest.OutcomeOf$.outcomeOf(OutcomeOf.scala:104)
[info]   at org.scalatest.Transformer.apply(Transformer.scala:22)
[info]   at org.scalatest.Transformer.apply(Transformer.scala:20)
[info]   at org.scalatest.funsuite.AnyFunSuiteLike$$anon$1.apply(AnyFunSuiteLike.scala:226)
[info]   at org.scalatest.TestSuite.withFixture(TestSuite.scala:196)
[info]   at org.scalatest.TestSuite.withFixture$(TestSuite.scala:195)
[info]   at org.scalatest.funsuite.AnyFunSuite.withFixture(AnyFunSuite.scala:1564)
[info]   at org.scalatest.funsuite.AnyFunSuiteLike.invokeWithFixture$1(AnyFunSuiteLike.scala:224)
[info]   at org.scalatest.funsuite.AnyFunSuiteLike.$anonfun$runTest$1(AnyFunSuiteLike.scala:236)
[info]   at org.scalatest.SuperEngine.runTestImpl(Engine.scala:306)
[info]   at org.scalatest.funsuite.AnyFunSuiteLike.runTest(AnyFunSuiteLike.scala:236)
[info]   at org.scalatest.funsuite.AnyFunSuiteLike.runTest$(AnyFunSuiteLike.scala:218)
[info]   at org.scalatest.funsuite.AnyFunSuite.runTest(AnyFunSuite.scala:1564)
[info]   at org.scalatest.funsuite.AnyFunSuiteLike.$anonfun$runTests$1(AnyFunSuiteLike.scala:269)
[info]   at org.scalatest.SuperEngine.$anonfun$runTestsInBranch$1(Engine.scala:413)
[info]   at scala.collection.immutable.List.foreach(List.scala:334)
[info]   at org.scalatest.SuperEngine.traverseSubNodes$1(Engine.scala:401)
[info]   at org.scalatest.SuperEngine.runTestsInBranch(Engine.scala:396)
[info]   at org.scalatest.SuperEngine.runTestsImpl(Engine.scala:475)
[info]   at org.scalatest.funsuite.AnyFunSuiteLike.runTests(AnyFunSuiteLike.scala:269)
[info]   at org.scalatest.funsuite.AnyFunSuiteLike.runTests$(AnyFunSuiteLike.scala:268)
[info]   at org.scalatest.funsuite.AnyFunSuite.runTests(AnyFunSuite.scala:1564)
[info]   at org.scalatest.Suite.run(Suite.scala:1114)
[info]   at org.scalatest.Suite.run$(Suite.scala:1096)
[info]   at org.scalatest.funsuite.AnyFunSuite.org$scalatest$funsuite$AnyFunSuiteLike$$super$run(AnyFunSuite.scala:1564)
[info]   at org.scalatest.funsuite.AnyFunSuiteLike.$anonfun$run$1(AnyFunSuiteLike.scala:273)
[info]   at org.scalatest.SuperEngine.runImpl(Engine.scala:535)
[info]   at org.scalatest.funsuite.AnyFunSuiteLike.run(AnyFunSuiteLike.scala:273)
[info]   at org.scalatest.funsuite.AnyFunSuiteLike.run$(AnyFunSuiteLike.scala:272)
[info]   at frameless.TypedDatasetSuite.org$scalatest$BeforeAndAfterAll$$super$run(TypedDatasetSuite.scala:70)
[info]   at org.scalatest.BeforeAndAfterAll.liftedTree1$1(BeforeAndAfterAll.scala:213)
[info]   at org.scalatest.BeforeAndAfterAll.run(BeforeAndAfterAll.scala:210)
[info]   at org.scalatest.BeforeAndAfterAll.run$(BeforeAndAfterAll.scala:208)
[info]   at frameless.TypedDatasetSuite.run(TypedDatasetSuite.scala:70)
[info]   at org.scalatest.tools.Framework.org$scalatest$tools$Framework$$runSuite(Framework.scala:321)
[info]   at org.scalatest.tools.Framework$ScalaTestTask.execute(Framework.scala:517)
[info]   at sbt.ForkMain$Run.lambda$runTest$1(ForkMain.java:414)
[info]   at java.base/java.util.concurrent.FutureTask.run(FutureTask.java:264)
[info]   at java.base/java.util.concurrent.ThreadPoolExecutor.runWorker(ThreadPoolExecutor.java:1136)
[info]   at java.base/java.util.concurrent.ThreadPoolExecutor$Worker.run(ThreadPoolExecutor.java:635)
[info]   at java.base/java.lang.Thread.run(Thread.java:840)
[info]   Cause: org.apache.spark.sql.catalyst.ExtendedAnalysisException: [MISSING_AGGREGATION] The non-aggregating expression "c" is based on columns which are not participating in the GROUP BY clause.
[info] Add the columns or the expression to the GROUP BY, aggregate the expression, or use "any_value(c)" if you do not care which of the values within a group is returned. SQLSTATE: 42803;
[info] Aggregate [a#4849, b#4850L], [a#4849, b#4850L, coalesce(sum(c#4851), 0) AS coalesce(sum(c), 0)#4872]
[info] +- LocalRelation <empty>, [a#4849, b#4850L, c#4851]
[info]   at org.apache.spark.sql.errors.QueryCompilationErrors$.columnNotInGroupByClauseError(QueryCompilationErrors.scala:3702)
[info]   at org.apache.spark.sql.catalyst.expressions.ExprUtils$.checkValidAggregateExpression$1(ExprUtils.scala:180)
[info]   at org.apache.spark.sql.catalyst.expressions.ExprUtils$.$anonfun$assertValidAggregation$7(ExprUtils.scala:194)
[info]   at org.apache.spark.sql.catalyst.expressions.ExprUtils$.$anonfun$assertValidAggregation$7$adapted(ExprUtils.scala:194)
[info]   at scala.collection.immutable.Vector.foreach(Vector.scala:2125)
[info]   at org.apache.spark.sql.catalyst.expressions.ExprUtils$.checkValidAggregateExpression$1(ExprUtils.scala:194)
[info]   at org.apache.spark.sql.catalyst.expressions.ExprUtils$.$anonfun$assertValidAggregation$7(ExprUtils.scala:194)
[info]   at org.apache.spark.sql.catalyst.expressions.ExprUtils$.$anonfun$assertValidAggregation$7$adapted(ExprUtils.scala:194)
[info]   at scala.collection.immutable.Vector.foreach(Vector.scala:2125)
[info]   at org.apache.spark.sql.catalyst.expressions.ExprUtils$.checkValidAggregateExpression$1(ExprUtils.scala:194)
[info]   at org.apache.spark.sql.catalyst.expressions.ExprUtils$.$anonfun$assertValidAggregation$7(ExprUtils.scala:194)
[info]   at org.apache.spark.sql.catalyst.expressions.ExprUtils$.$anonfun$assertValidAggregation$7$adapted(ExprUtils.scala:194)
[info]   at scala.collection.immutable.Vector.foreach(Vector.scala:2125)
[info]   at org.apache.spark.sql.catalyst.expressions.ExprUtils$.checkValidAggregateExpression$1(ExprUtils.scala:194)
[info]   at org.apache.spark.sql.catalyst.expressions.ExprUtils$.$anonfun$assertValidAggregation$11(ExprUtils.scala:226)
[info]   at org.apache.spark.sql.catalyst.expressions.ExprUtils$.$anonfun$assertValidAggregation$11$adapted(ExprUtils.scala:226)
[info]   at scala.collection.immutable.List.foreach(List.scala:334)
[info]   at org.apache.spark.sql.catalyst.expressions.ExprUtils$.assertValidAggregation(ExprUtils.scala:226)
[info]   at org.apache.spark.sql.catalyst.analysis.CheckAnalysis.$anonfun$checkAnalysis0$2(CheckAnalysis.scala:593)
[info]   at org.apache.spark.sql.catalyst.analysis.CheckAnalysis.$anonfun$checkAnalysis0$2$adapted(CheckAnalysis.scala:284)
[info]   at org.apache.spark.sql.catalyst.trees.TreeNode.foreachUp(TreeNode.scala:252)
[info]   at org.apache.spark.sql.catalyst.analysis.CheckAnalysis.checkAnalysis0(CheckAnalysis.scala:284)
[info]   at org.apache.spark.sql.catalyst.analysis.CheckAnalysis.checkAnalysis0$(CheckAnalysis.scala:255)
[info]   at org.apache.spark.sql.catalyst.analysis.Analyzer.checkAnalysis0(Analyzer.scala:299)
[info]   at org.apache.spark.sql.catalyst.analysis.CheckAnalysis.checkAnalysis(CheckAnalysis.scala:244)
[info]   at org.apache.spark.sql.catalyst.analysis.CheckAnalysis.checkAnalysis$(CheckAnalysis.scala:231)
[info]   at org.apache.spark.sql.catalyst.analysis.Analyzer.checkAnalysis(Analyzer.scala:299)
[info]   at org.apache.spark.sql.catalyst.analysis.resolver.HybridAnalyzer.$anonfun$resolveInFixedPoint$1(HybridAnalyzer.scala:192)
[info]   at scala.runtime.java8.JFunction0$mcV$sp.apply(JFunction0$mcV$sp.scala:18)
[info]   at org.apache.spark.sql.catalyst.QueryPlanningTracker$.withTracker(QueryPlanningTracker.scala:89)
[info]   at org.apache.spark.sql.catalyst.analysis.resolver.HybridAnalyzer.resolveInFixedPoint(HybridAnalyzer.scala:192)
[info]   at org.apache.spark.sql.catalyst.analysis.resolver.HybridAnalyzer.$anonfun$apply$1(HybridAnalyzer.scala:76)
[info]   at org.apache.spark.sql.catalyst.analysis.resolver.HybridAnalyzer.withTrackedAnalyzerBridgeState(HybridAnalyzer.scala:111)
[info]   at org.apache.spark.sql.catalyst.analysis.resolver.HybridAnalyzer.apply(HybridAnalyzer.scala:71)
[info]   at org.apache.spark.sql.catalyst.analysis.Analyzer.$anonfun$executeAndCheck$1(Analyzer.scala:330)
[info]   at org.apache.spark.sql.catalyst.plans.logical.AnalysisHelper$.markInAnalyzer(AnalysisHelper.scala:423)
[info]   at org.apache.spark.sql.catalyst.analysis.Analyzer.executeAndCheck(Analyzer.scala:330)
[info]   at org.apache.spark.sql.execution.QueryExecution.$anonfun$lazyAnalyzed$2(QueryExecution.scala:110)
[info]   at org.apache.spark.sql.catalyst.QueryPlanningTracker.measurePhase(QueryPlanningTracker.scala:148)
[info]   at org.apache.spark.sql.execution.QueryExecution.$anonfun$executePhase$2(QueryExecution.scala:278)
[info]   at org.apache.spark.sql.execution.QueryExecution$.withInternalError(QueryExecution.scala:654)
[info]   at org.apache.spark.sql.execution.QueryExecution.$anonfun$executePhase$1(QueryExecution.scala:278)
[info]   at org.apache.spark.sql.SparkSession.withActive(SparkSession.scala:804)
[info]   at org.apache.spark.sql.execution.QueryExecution.executePhase(QueryExecution.scala:277)
[info]   at org.apache.spark.sql.execution.QueryExecution.$anonfun$lazyAnalyzed$1(QueryExecution.scala:110)
[info]   at scala.util.Try$.apply(Try.scala:217)
[info]   at org.apache.spark.util.Utils$.doTryWithCallerStacktrace(Utils.scala:1378)
[info]   at org.apache.spark.util.Utils$.getTryWithCallerStacktrace(Utils.scala:1439)
[info]   at org.apache.spark.util.LazyTry.get(LazyTry.scala:58)
[info]   at org.apache.spark.sql.execution.QueryExecution.analyzed(QueryExecution.scala:121)
[info]   at org.apache.spark.sql.execution.QueryExecution.assertAnalyzed(QueryExecution.scala:80)
[info]   at org.apache.spark.sql.classic.Dataset$.$anonfun$ofRows$1(Dataset.scala:115)
[info]   at org.apache.spark.sql.SparkSession.withActive(SparkSession.scala:804)
[info]   at org.apache.spark.sql.classic.Dataset$.ofRows(Dataset.scala:113)
[info]   at org.apache.spark.sql.classic.RelationalGroupedDataset.toDF(RelationalGroupedDataset.scala:84)
[info]   at org.apache.spark.sql.classic.RelationalGroupedDataset.toDF(RelationalGroupedDataset.scala:54)
[info]   at org.apache.spark.sql.RelationalGroupedDataset.agg(RelationalGroupedDataset.scala:158)
[info]   at org.apache.spark.sql.classic.RelationalGroupedDataset.agg(RelationalGroupedDataset.scala:147)
[info]   at org.apache.spark.sql.classic.RelationalGroupedDataset.agg(RelationalGroupedDataset.scala:54)
[info]   at frameless.ops.AggregatingOps.aggregate(GroupByOps.scala:234)
[info]   at frameless.ops.GroupedByManyOps$agg$.applyProduct(GroupByOps.scala:46)
[info]   at frameless.ops.GroupedBy2Ops.agg(GroupByOps.scala:139)
[info]   at frameless.GroupByTests.prop$9(GroupByTests.scala:325)
[info]   at frameless.GroupByTests.$anonfun$new$248(GroupByTests.scala:415)
[info]   at scala.Function1.$anonfun$andThen$1(Function1.scala:87)
[info]   at org.scalacheck.Prop$.$anonfun$forAllShrink$2(Prop.scala:868)
[info]   at org.scalacheck.Prop$.secure(Prop.scala:484)
[info]   at org.scalacheck.Prop$.result$1(Prop.scala:868)
[info]   at org.scalacheck.Prop$.$anonfun$forAllShrink$1(Prop.scala:915)
[info]   at org.scalacheck.Prop$.$anonfun$apply$1(Prop.scala:305)
[info]   at org.scalacheck.PropFromFun.apply(Prop.scala:20)
[info]   at org.scalacheck.Test$.workerFun$1(Test.scala:486)
[info]   at org.scalacheck.Test$.$anonfun$check$4(Test.scala:518)
[info]   at org.scalacheck.Test$.$anonfun$check$4$adapted(Test.scala:518)
[info]   at org.scalacheck.Platform$.runWorkers(Platform.scala:42)
[info]   at org.scalacheck.Test$.check(Test.scala:518)
[info]   at org.scalatestplus.scalacheck.UnitCheckerAsserting$CheckerAssertingImpl.check(CheckerAsserting.scala:90)
[info]   at org.scalatestplus.scalacheck.Checkers.check(Checkers.scala:371)
[info]   at org.scalatestplus.scalacheck.Checkers.check$(Checkers.scala:369)
[info]   at frameless.TypedDatasetSuite.check(TypedDatasetSuite.scala:70)
[info]   at frameless.GroupByTests.$anonfun$new$193(GroupByTests.scala:415)
[info]   at org.scalatest.OutcomeOf.outcomeOf(OutcomeOf.scala:85)
[info]   at org.scalatest.OutcomeOf.outcomeOf$(OutcomeOf.scala:83)
[info]   at org.scalatest.OutcomeOf$.outcomeOf(OutcomeOf.scala:104)
[info]   at org.scalatest.Transformer.apply(Transformer.scala:22)
[info]   at org.scalatest.Transformer.apply(Transformer.scala:20)
[info]   at org.scalatest.funsuite.AnyFunSuiteLike$$anon$1.apply(AnyFunSuiteLike.scala:226)
[info]   at org.scalatest.TestSuite.withFixture(TestSuite.scala:196)
[info]   at org.scalatest.TestSuite.withFixture$(TestSuite.scala:195)
[info]   at org.scalatest.funsuite.AnyFunSuite.withFixture(AnyFunSuite.scala:1564)
[info]   at org.scalatest.funsuite.AnyFunSuiteLike.invokeWithFixture$1(AnyFunSuiteLike.scala:224)
[info]   at org.scalatest.funsuite.AnyFunSuiteLike.$anonfun$runTest$1(AnyFunSuiteLike.scala:236)
[info]   at org.scalatest.SuperEngine.runTestImpl(Engine.scala:306)
[info]   at org.scalatest.funsuite.AnyFunSuiteLike.runTest(AnyFunSuiteLike.scala:236)
[info]   at org.scalatest.funsuite.AnyFunSuiteLike.runTest$(AnyFunSuiteLike.scala:218)
[info]   at org.scalatest.funsuite.AnyFunSuite.runTest(AnyFunSuite.scala:1564)
[info]   at org.scalatest.funsuite.AnyFunSuiteLike.$anonfun$runTests$1(AnyFunSuiteLike.scala:269)
[info]   at org.scalatest.SuperEngine.$anonfun$runTestsInBranch$1(Engine.scala:413)
[info]   at scala.collection.immutable.List.foreach(List.scala:334)
[info]   at org.scalatest.SuperEngine.traverseSubNodes$1(Engine.scala:401)
[info]   at org.scalatest.SuperEngine.runTestsInBranch(Engine.scala:396)
[info]   at org.scalatest.SuperEngine.runTestsImpl(Engine.scala:475)
[info]   at org.scalatest.funsuite.AnyFunSuiteLike.runTests(AnyFunSuiteLike.scala:269)
[info]   at org.scalatest.funsuite.AnyFunSuiteLike.runTests$(AnyFunSuiteLike.scala:268)
[info]   at org.scalatest.funsuite.AnyFunSuite.runTests(AnyFunSuite.scala:1564)
[info]   at org.scalatest.Suite.run(Suite.scala:1114)
[info]   at org.scalatest.Suite.run$(Suite.scala:1096)
[info]   at org.scalatest.funsuite.AnyFunSuite.org$scalatest$funsuite$AnyFunSuiteLike$$super$run(AnyFunSuite.scala:1564)
[info]   at org.scalatest.funsuite.AnyFunSuiteLike.$anonfun$run$1(AnyFunSuiteLike.scala:273)
[info]   at org.scalatest.SuperEngine.runImpl(Engine.scala:535)
[info]   at org.scalatest.funsuite.AnyFunSuiteLike.run(AnyFunSuiteLike.scala:273)
[info]   at org.scalatest.funsuite.AnyFunSuiteLike.run$(AnyFunSuiteLike.scala:272)
[info]   at frameless.TypedDatasetSuite.org$scalatest$BeforeAndAfterAll$$super$run(TypedDatasetSuite.scala:70)
[info]   at org.scalatest.BeforeAndAfterAll.liftedTree1$1(BeforeAndAfterAll.scala:213)
[info]   at org.scalatest.BeforeAndAfterAll.run(BeforeAndAfterAll.scala:210)
[info]   at org.scalatest.BeforeAndAfterAll.run$(BeforeAndAfterAll.scala:208)
[info]   at frameless.TypedDatasetSuite.run(TypedDatasetSuite.scala:70)
[info]   at org.scalatest.tools.Framework.org$scalatest$tools$Framework$$runSuite(Framework.scala:321)
[info]   at org.scalatest.tools.Framework$ScalaTestTask.execute(Framework.scala:517)
[info]   at sbt.ForkMain$Run.lambda$runTest$1(ForkMain.java:414)
[info]   at java.base/java.util.concurrent.FutureTask.run(FutureTask.java:264)
[info]   at java.base/java.util.concurrent.ThreadPoolExecutor.runWorker(ThreadPoolExecutor.java:1136)
[info]   at java.base/java.util.concurrent.ThreadPoolExecutor$Worker.run(ThreadPoolExecutor.java:635)
[info]   at java.base/java.lang.Thread.run(Thread.java:840)
[info] - groupBy('a, 'b).agg(sum('c), sum('d)) *** FAILED *** (35 milliseconds)
[info]   ExtendedAnalysisException was thrown during property evaluation.
[info]     Message: [MISSING_AGGREGATION] The non-aggregating expression "c" is based on columns which are not participating in the GROUP BY clause.
[info]   Add the columns or the expression to the GROUP BY, aggregate the expression, or use "any_value(c)" if you do not care which of the values within a group is returned. SQLSTATE: 42803;
[info]   Aggregate [a#4881, b#4882], [a#4881, b#4882, coalesce(sum(c#4883L), 0) AS coalesce(sum(c), 0)#4911L, coalesce(sum(d#4884), 0) AS coalesce(sum(d), 0)#4912]
[info]   +- LocalRelation <empty>, [a#4881, b#4882, c#4883L, d#4884]
[info]   
[info]     Occurred when passed generated values (
[info]       arg0 = List()
[info]     )
[info]   org.scalatest.exceptions.GeneratorDrivenPropertyCheckFailedException:
[info]   at org.scalatestplus.scalacheck.CheckerAsserting$$anon$2.indicateFailure(CheckerAsserting.scala:251)
[info]   at org.scalatestplus.scalacheck.CheckerAsserting$$anon$2.indicateFailure(CheckerAsserting.scala:238)
[info]   at org.scalatestplus.scalacheck.UnitCheckerAsserting$CheckerAssertingImpl.check(CheckerAsserting.scala:160)
[info]   at org.scalatestplus.scalacheck.Checkers.check(Checkers.scala:371)
[info]   at org.scalatestplus.scalacheck.Checkers.check$(Checkers.scala:369)
[info]   at frameless.TypedDatasetSuite.check(TypedDatasetSuite.scala:70)
[info]   at frameless.GroupByTests.$anonfun$new$250(GroupByTests.scala:459)
[info]   at org.scalatest.OutcomeOf.outcomeOf(OutcomeOf.scala:85)
[info]   at org.scalatest.OutcomeOf.outcomeOf$(OutcomeOf.scala:83)
[info]   at org.scalatest.OutcomeOf$.outcomeOf(OutcomeOf.scala:104)
[info]   at org.scalatest.Transformer.apply(Transformer.scala:22)
[info]   at org.scalatest.Transformer.apply(Transformer.scala:20)
[info]   at org.scalatest.funsuite.AnyFunSuiteLike$$anon$1.apply(AnyFunSuiteLike.scala:226)
[info]   at org.scalatest.TestSuite.withFixture(TestSuite.scala:196)
[info]   at org.scalatest.TestSuite.withFixture$(TestSuite.scala:195)
[info]   at org.scalatest.funsuite.AnyFunSuite.withFixture(AnyFunSuite.scala:1564)
[info]   at org.scalatest.funsuite.AnyFunSuiteLike.invokeWithFixture$1(AnyFunSuiteLike.scala:224)
[info]   at org.scalatest.funsuite.AnyFunSuiteLike.$anonfun$runTest$1(AnyFunSuiteLike.scala:236)
[info]   at org.scalatest.SuperEngine.runTestImpl(Engine.scala:306)
[info]   at org.scalatest.funsuite.AnyFunSuiteLike.runTest(AnyFunSuiteLike.scala:236)
[info]   at org.scalatest.funsuite.AnyFunSuiteLike.runTest$(AnyFunSuiteLike.scala:218)
[info]   at org.scalatest.funsuite.AnyFunSuite.runTest(AnyFunSuite.scala:1564)
[info]   at org.scalatest.funsuite.AnyFunSuiteLike.$anonfun$runTests$1(AnyFunSuiteLike.scala:269)
[info]   at org.scalatest.SuperEngine.$anonfun$runTestsInBranch$1(Engine.scala:413)
[info]   at scala.collection.immutable.List.foreach(List.scala:334)
[info]   at org.scalatest.SuperEngine.traverseSubNodes$1(Engine.scala:401)
[info]   at org.scalatest.SuperEngine.runTestsInBranch(Engine.scala:396)
[info]   at org.scalatest.SuperEngine.runTestsImpl(Engine.scala:475)
[info]   at org.scalatest.funsuite.AnyFunSuiteLike.runTests(AnyFunSuiteLike.scala:269)
[info]   at org.scalatest.funsuite.AnyFunSuiteLike.runTests$(AnyFunSuiteLike.scala:268)
[info]   at org.scalatest.funsuite.AnyFunSuite.runTests(AnyFunSuite.scala:1564)
[info]   at org.scalatest.Suite.run(Suite.scala:1114)
[info]   at org.scalatest.Suite.run$(Suite.scala:1096)
[info]   at org.scalatest.funsuite.AnyFunSuite.org$scalatest$funsuite$AnyFunSuiteLike$$super$run(AnyFunSuite.scala:1564)
[info]   at org.scalatest.funsuite.AnyFunSuiteLike.$anonfun$run$1(AnyFunSuiteLike.scala:273)
[info]   at org.scalatest.SuperEngine.runImpl(Engine.scala:535)
[info]   at org.scalatest.funsuite.AnyFunSuiteLike.run(AnyFunSuiteLike.scala:273)
[info]   at org.scalatest.funsuite.AnyFunSuiteLike.run$(AnyFunSuiteLike.scala:272)
[info]   at frameless.TypedDatasetSuite.org$scalatest$BeforeAndAfterAll$$super$run(TypedDatasetSuite.scala:70)
[info]   at org.scalatest.BeforeAndAfterAll.liftedTree1$1(BeforeAndAfterAll.scala:213)
[info]   at org.scalatest.BeforeAndAfterAll.run(BeforeAndAfterAll.scala:210)
[info]   at org.scalatest.BeforeAndAfterAll.run$(BeforeAndAfterAll.scala:208)
[info]   at frameless.TypedDatasetSuite.run(TypedDatasetSuite.scala:70)
[info]   at org.scalatest.tools.Framework.org$scalatest$tools$Framework$$runSuite(Framework.scala:321)
[info]   at org.scalatest.tools.Framework$ScalaTestTask.execute(Framework.scala:517)
[info]   at sbt.ForkMain$Run.lambda$runTest$1(ForkMain.java:414)
[info]   at java.base/java.util.concurrent.FutureTask.run(FutureTask.java:264)
[info]   at java.base/java.util.concurrent.ThreadPoolExecutor.runWorker(ThreadPoolExecutor.java:1136)
[info]   at java.base/java.util.concurrent.ThreadPoolExecutor$Worker.run(ThreadPoolExecutor.java:635)
[info]   at java.base/java.lang.Thread.run(Thread.java:840)
[info]   Cause: org.apache.spark.sql.catalyst.ExtendedAnalysisException: [MISSING_AGGREGATION] The non-aggregating expression "c" is based on columns which are not participating in the GROUP BY clause.
[info] Add the columns or the expression to the GROUP BY, aggregate the expression, or use "any_value(c)" if you do not care which of the values within a group is returned. SQLSTATE: 42803;
[info] Aggregate [a#4881, b#4882], [a#4881, b#4882, coalesce(sum(c#4883L), 0) AS coalesce(sum(c), 0)#4911L, coalesce(sum(d#4884), 0) AS coalesce(sum(d), 0)#4912]
[info] +- LocalRelation <empty>, [a#4881, b#4882, c#4883L, d#4884]
[info]   at org.apache.spark.sql.errors.QueryCompilationErrors$.columnNotInGroupByClauseError(QueryCompilationErrors.scala:3702)
[info]   at org.apache.spark.sql.catalyst.expressions.ExprUtils$.checkValidAggregateExpression$1(ExprUtils.scala:180)
[info]   at org.apache.spark.sql.catalyst.expressions.ExprUtils$.$anonfun$assertValidAggregation$7(ExprUtils.scala:194)
[info]   at org.apache.spark.sql.catalyst.expressions.ExprUtils$.$anonfun$assertValidAggregation$7$adapted(ExprUtils.scala:194)
[info]   at scala.collection.immutable.Vector.foreach(Vector.scala:2125)
[info]   at org.apache.spark.sql.catalyst.expressions.ExprUtils$.checkValidAggregateExpression$1(ExprUtils.scala:194)
[info]   at org.apache.spark.sql.catalyst.expressions.ExprUtils$.$anonfun$assertValidAggregation$7(ExprUtils.scala:194)
[info]   at org.apache.spark.sql.catalyst.expressions.ExprUtils$.$anonfun$assertValidAggregation$7$adapted(ExprUtils.scala:194)
[info]   at scala.collection.immutable.Vector.foreach(Vector.scala:2125)
[info]   at org.apache.spark.sql.catalyst.expressions.ExprUtils$.checkValidAggregateExpression$1(ExprUtils.scala:194)
[info]   at org.apache.spark.sql.catalyst.expressions.ExprUtils$.$anonfun$assertValidAggregation$7(ExprUtils.scala:194)
[info]   at org.apache.spark.sql.catalyst.expressions.ExprUtils$.$anonfun$assertValidAggregation$7$adapted(ExprUtils.scala:194)
[info]   at scala.collection.immutable.Vector.foreach(Vector.scala:2125)
[info]   at org.apache.spark.sql.catalyst.expressions.ExprUtils$.checkValidAggregateExpression$1(ExprUtils.scala:194)
[info]   at org.apache.spark.sql.catalyst.expressions.ExprUtils$.$anonfun$assertValidAggregation$11(ExprUtils.scala:226)
[info]   at org.apache.spark.sql.catalyst.expressions.ExprUtils$.$anonfun$assertValidAggregation$11$adapted(ExprUtils.scala:226)
[info]   at scala.collection.immutable.List.foreach(List.scala:334)
[info]   at org.apache.spark.sql.catalyst.expressions.ExprUtils$.assertValidAggregation(ExprUtils.scala:226)
[info]   at org.apache.spark.sql.catalyst.analysis.CheckAnalysis.$anonfun$checkAnalysis0$2(CheckAnalysis.scala:593)
[info]   at org.apache.spark.sql.catalyst.analysis.CheckAnalysis.$anonfun$checkAnalysis0$2$adapted(CheckAnalysis.scala:284)
[info]   at org.apache.spark.sql.catalyst.trees.TreeNode.foreachUp(TreeNode.scala:252)
[info]   at org.apache.spark.sql.catalyst.analysis.CheckAnalysis.checkAnalysis0(CheckAnalysis.scala:284)
[info]   at org.apache.spark.sql.catalyst.analysis.CheckAnalysis.checkAnalysis0$(CheckAnalysis.scala:255)
[info]   at org.apache.spark.sql.catalyst.analysis.Analyzer.checkAnalysis0(Analyzer.scala:299)
[info]   at org.apache.spark.sql.catalyst.analysis.CheckAnalysis.checkAnalysis(CheckAnalysis.scala:244)
[info]   at org.apache.spark.sql.catalyst.analysis.CheckAnalysis.checkAnalysis$(CheckAnalysis.scala:231)
[info]   at org.apache.spark.sql.catalyst.analysis.Analyzer.checkAnalysis(Analyzer.scala:299)
[info]   at org.apache.spark.sql.catalyst.analysis.resolver.HybridAnalyzer.$anonfun$resolveInFixedPoint$1(HybridAnalyzer.scala:192)
[info]   at scala.runtime.java8.JFunction0$mcV$sp.apply(JFunction0$mcV$sp.scala:18)
[info]   at org.apache.spark.sql.catalyst.QueryPlanningTracker$.withTracker(QueryPlanningTracker.scala:89)
[info]   at org.apache.spark.sql.catalyst.analysis.resolver.HybridAnalyzer.resolveInFixedPoint(HybridAnalyzer.scala:192)
[info]   at org.apache.spark.sql.catalyst.analysis.resolver.HybridAnalyzer.$anonfun$apply$1(HybridAnalyzer.scala:76)
[info]   at org.apache.spark.sql.catalyst.analysis.resolver.HybridAnalyzer.withTrackedAnalyzerBridgeState(HybridAnalyzer.scala:111)
[info]   at org.apache.spark.sql.catalyst.analysis.resolver.HybridAnalyzer.apply(HybridAnalyzer.scala:71)
[info]   at org.apache.spark.sql.catalyst.analysis.Analyzer.$anonfun$executeAndCheck$1(Analyzer.scala:330)
[info]   at org.apache.spark.sql.catalyst.plans.logical.AnalysisHelper$.markInAnalyzer(AnalysisHelper.scala:423)
[info]   at org.apache.spark.sql.catalyst.analysis.Analyzer.executeAndCheck(Analyzer.scala:330)
[info]   at org.apache.spark.sql.execution.QueryExecution.$anonfun$lazyAnalyzed$2(QueryExecution.scala:110)
[info]   at org.apache.spark.sql.catalyst.QueryPlanningTracker.measurePhase(QueryPlanningTracker.scala:148)
[info]   at org.apache.spark.sql.execution.QueryExecution.$anonfun$executePhase$2(QueryExecution.scala:278)
[info]   at org.apache.spark.sql.execution.QueryExecution$.withInternalError(QueryExecution.scala:654)
[info]   at org.apache.spark.sql.execution.QueryExecution.$anonfun$executePhase$1(QueryExecution.scala:278)
[info]   at org.apache.spark.sql.SparkSession.withActive(SparkSession.scala:804)
[info]   at org.apache.spark.sql.execution.QueryExecution.executePhase(QueryExecution.scala:277)
[info]   at org.apache.spark.sql.execution.QueryExecution.$anonfun$lazyAnalyzed$1(QueryExecution.scala:110)
[info]   at scala.util.Try$.apply(Try.scala:217)
[info]   at org.apache.spark.util.Utils$.doTryWithCallerStacktrace(Utils.scala:1378)
[info]   at org.apache.spark.util.Utils$.getTryWithCallerStacktrace(Utils.scala:1439)
[info]   at org.apache.spark.util.LazyTry.get(LazyTry.scala:58)
[info]   at org.apache.spark.sql.execution.QueryExecution.analyzed(QueryExecution.scala:121)
[info]   at org.apache.spark.sql.execution.QueryExecution.assertAnalyzed(QueryExecution.scala:80)
[info]   at org.apache.spark.sql.classic.Dataset$.$anonfun$ofRows$1(Dataset.scala:115)
[info]   at org.apache.spark.sql.SparkSession.withActive(SparkSession.scala:804)
[info]   at org.apache.spark.sql.classic.Dataset$.ofRows(Dataset.scala:113)
[info]   at org.apache.spark.sql.classic.RelationalGroupedDataset.toDF(RelationalGroupedDataset.scala:84)
[info]   at org.apache.spark.sql.classic.RelationalGroupedDataset.toDF(RelationalGroupedDataset.scala:54)
[info]   at org.apache.spark.sql.RelationalGroupedDataset.agg(RelationalGroupedDataset.scala:158)
[info]   at org.apache.spark.sql.classic.RelationalGroupedDataset.agg(RelationalGroupedDataset.scala:147)
[info]   at org.apache.spark.sql.classic.RelationalGroupedDataset.agg(RelationalGroupedDataset.scala:54)
[info]   at frameless.ops.AggregatingOps.aggregate(GroupByOps.scala:234)
[info]   at frameless.ops.GroupedByManyOps$agg$.applyProduct(GroupByOps.scala:46)
[info]   at frameless.ops.GroupedBy2Ops.agg(GroupByOps.scala:147)
[info]   at frameless.GroupByTests.prop$10(GroupByTests.scala:441)
[info]   at frameless.GroupByTests.$anonfun$new$272(GroupByTests.scala:459)
[info]   at scala.Function1.$anonfun$andThen$1(Function1.scala:87)
[info]   at org.scalacheck.Prop$.$anonfun$forAllShrink$2(Prop.scala:868)
[info]   at org.scalacheck.Prop$.secure(Prop.scala:484)
[info]   at org.scalacheck.Prop$.result$1(Prop.scala:868)
[info]   at org.scalacheck.Prop$.$anonfun$forAllShrink$1(Prop.scala:915)
[info]   at org.scalacheck.Prop$.$anonfun$apply$1(Prop.scala:305)
[info]   at org.scalacheck.PropFromFun.apply(Prop.scala:20)
[info]   at org.scalacheck.Test$.workerFun$1(Test.scala:486)
[info]   at org.scalacheck.Test$.$anonfun$check$4(Test.scala:518)
[info]   at org.scalacheck.Test$.$anonfun$check$4$adapted(Test.scala:518)
[info]   at org.scalacheck.Platform$.runWorkers(Platform.scala:42)
[info]   at org.scalacheck.Test$.check(Test.scala:518)
[info]   at org.scalatestplus.scalacheck.UnitCheckerAsserting$CheckerAssertingImpl.check(CheckerAsserting.scala:90)
[info]   at org.scalatestplus.scalacheck.Checkers.check(Checkers.scala:371)
[info]   at org.scalatestplus.scalacheck.Checkers.check$(Checkers.scala:369)
[info]   at frameless.TypedDatasetSuite.check(TypedDatasetSuite.scala:70)
[info]   at frameless.GroupByTests.$anonfun$new$250(GroupByTests.scala:459)
[info]   at org.scalatest.OutcomeOf.outcomeOf(OutcomeOf.scala:85)
[info]   at org.scalatest.OutcomeOf.outcomeOf$(OutcomeOf.scala:83)
[info]   at org.scalatest.OutcomeOf$.outcomeOf(OutcomeOf.scala:104)
[info]   at org.scalatest.Transformer.apply(Transformer.scala:22)
[info]   at org.scalatest.Transformer.apply(Transformer.scala:20)
[info]   at org.scalatest.funsuite.AnyFunSuiteLike$$anon$1.apply(AnyFunSuiteLike.scala:226)
[info]   at org.scalatest.TestSuite.withFixture(TestSuite.scala:196)
[info]   at org.scalatest.TestSuite.withFixture$(TestSuite.scala:195)
[info]   at org.scalatest.funsuite.AnyFunSuite.withFixture(AnyFunSuite.scala:1564)
[info]   at org.scalatest.funsuite.AnyFunSuiteLike.invokeWithFixture$1(AnyFunSuiteLike.scala:224)
[info]   at org.scalatest.funsuite.AnyFunSuiteLike.$anonfun$runTest$1(AnyFunSuiteLike.scala:236)
[info]   at org.scalatest.SuperEngine.runTestImpl(Engine.scala:306)
[info]   at org.scalatest.funsuite.AnyFunSuiteLike.runTest(AnyFunSuiteLike.scala:236)
[info]   at org.scalatest.funsuite.AnyFunSuiteLike.runTest$(AnyFunSuiteLike.scala:218)
[info]   at org.scalatest.funsuite.AnyFunSuite.runTest(AnyFunSuite.scala:1564)
[info]   at org.scalatest.funsuite.AnyFunSuiteLike.$anonfun$runTests$1(AnyFunSuiteLike.scala:269)
[info]   at org.scalatest.SuperEngine.$anonfun$runTestsInBranch$1(Engine.scala:413)
[info]   at scala.collection.immutable.List.foreach(List.scala:334)
[info]   at org.scalatest.SuperEngine.traverseSubNodes$1(Engine.scala:401)
[info]   at org.scalatest.SuperEngine.runTestsInBranch(Engine.scala:396)
[info]   at org.scalatest.SuperEngine.runTestsImpl(Engine.scala:475)
[info]   at org.scalatest.funsuite.AnyFunSuiteLike.runTests(AnyFunSuiteLike.scala:269)
[info]   at org.scalatest.funsuite.AnyFunSuiteLike.runTests$(AnyFunSuiteLike.scala:268)
[info]   at org.scalatest.funsuite.AnyFunSuite.runTests(AnyFunSuite.scala:1564)
[info]   at org.scalatest.Suite.run(Suite.scala:1114)
[info]   at org.scalatest.Suite.run$(Suite.scala:1096)
[info]   at org.scalatest.funsuite.AnyFunSuite.org$scalatest$funsuite$AnyFunSuiteLike$$super$run(AnyFunSuite.scala:1564)
[info]   at org.scalatest.funsuite.AnyFunSuiteLike.$anonfun$run$1(AnyFunSuiteLike.scala:273)
[info]   at org.scalatest.SuperEngine.runImpl(Engine.scala:535)
[info]   at org.scalatest.funsuite.AnyFunSuiteLike.run(AnyFunSuiteLike.scala:273)
[info]   at org.scalatest.funsuite.AnyFunSuiteLike.run$(AnyFunSuiteLike.scala:272)
[info]   at frameless.TypedDatasetSuite.org$scalatest$BeforeAndAfterAll$$super$run(TypedDatasetSuite.scala:70)
[info]   at org.scalatest.BeforeAndAfterAll.liftedTree1$1(BeforeAndAfterAll.scala:213)
[info]   at org.scalatest.BeforeAndAfterAll.run(BeforeAndAfterAll.scala:210)
[info]   at org.scalatest.BeforeAndAfterAll.run$(BeforeAndAfterAll.scala:208)
[info]   at frameless.TypedDatasetSuite.run(TypedDatasetSuite.scala:70)
[info]   at org.scalatest.tools.Framework.org$scalatest$tools$Framework$$runSuite(Framework.scala:321)
[info]   at org.scalatest.tools.Framework$ScalaTestTask.execute(Framework.scala:517)
[info]   at sbt.ForkMain$Run.lambda$runTest$1(ForkMain.java:414)
[info]   at java.base/java.util.concurrent.FutureTask.run(FutureTask.java:264)
[info]   at java.base/java.util.concurrent.ThreadPoolExecutor.runWorker(ThreadPoolExecutor.java:1136)
[info]   at java.base/java.util.concurrent.ThreadPoolExecutor$Worker.run(ThreadPoolExecutor.java:635)
[info]   at java.base/java.lang.Thread.run(Thread.java:840)
[info] - groupBy('a, 'b).mapGroups('a, 'b, sum('c)) (1 second, 387 milliseconds)
[info] - groupBy('a).mapGroups(('a, toVector(('a, 'b)) (3 seconds, 825 milliseconds)
[info] - groupBy('a).flatMapGroups(('a, toVector(('a, 'b)) (2 seconds, 626 milliseconds)
[info] - groupBy('a, 'b).flatMapGroups((('a,'b) toVector((('a,'b), 'c)) (2 seconds, 572 milliseconds)
[info] Run completed in 40 seconds, 442 milliseconds.
[info] Total number of tests run: 14
[info] Suites: completed 1, aborted 0
[info] Tests: succeeded 9, failed 5, canceled 0, ignored 0, pending 0
[info] *** 5 TESTS FAILED ***
[error] Failed tests:
[error] 	frameless.GroupByTests
[error] (Test / testOnly) sbt.TestsFailedException: Tests unsuccessful
[error] Total time: 47 s, completed Oct. 11, 2025, 7:43:59 p.m.
