[info] welcome to sbt 1.11.6 (Ubuntu Java 17.0.16)
[info] loading global plugins from /home/peng/.sbt/1.0/plugins
[info] loading settings for project frameless-build-build-build from metals.sbt...
[info] loading project definition from /home/peng/git-release/__LEGACY/frameless/project/project/project
[info] loading settings for project frameless-build-build from metals.sbt...
[info] loading project definition from /home/peng/git-release/__LEGACY/frameless/project/project
[info] waiting for lock on /home/peng/.ivy2/exclude_classifiers.lock to be available...
[success] Generated .bloop/frameless-build-build.json
[success] Total time: 4 s, completed Oct. 11, 2025, 7:43:01 p.m.
[info] loading settings for project frameless-build from metals.sbt, plugins.sbt...
[info] loading project definition from /home/peng/git-release/__LEGACY/frameless/project
[success] Generated .bloop/frameless-build.json
[success] Total time: 6 s, completed Oct. 11, 2025, 7:43:08 p.m.
[info] loading settings for project root from build.sbt, github.sbt...
[info] resolving key references (21985 settings) ...
[info] set scmInfo to https://github.com/typelevel/frameless
[info] set current project to root (in build file:/home/peng/git-release/__LEGACY/frameless/)
[warn] there are 23 keys that are not used by any other settings/tasks:
[warn]  
[warn] * cats / scalafmtFilter
[warn]   +- /home/peng/git-release/__LEGACY/frameless/project/Common.scala:12
[warn] * cats-spark33 / scalafmtFilter
[warn]   +- /home/peng/git-release/__LEGACY/frameless/project/Common.scala:12
[warn] * cats-spark34 / scalafmtFilter
[warn]   +- /home/peng/git-release/__LEGACY/frameless/project/Common.scala:12
[warn] * cats-spark40 / scalafmtFilter
[warn]   +- /home/peng/git-release/__LEGACY/frameless/project/Common.scala:12
[warn] * core / scalafmtFilter
[warn]   +- /home/peng/git-release/__LEGACY/frameless/project/Common.scala:12
[warn] * dataset / scalafmtFilter
[warn]   +- /home/peng/git-release/__LEGACY/frameless/project/Common.scala:12
[warn] * dataset-spark33 / scalafmtFilter
[warn]   +- /home/peng/git-release/__LEGACY/frameless/project/Common.scala:12
[warn] * dataset-spark34 / scalafmtFilter
[warn]   +- /home/peng/git-release/__LEGACY/frameless/project/Common.scala:12
[warn] * dataset-spark40 / scalafmtFilter
[warn]   +- /home/peng/git-release/__LEGACY/frameless/project/Common.scala:12
[warn] * docs / scalafmtFilter
[warn]   +- /home/peng/git-release/__LEGACY/frameless/project/Common.scala:12
[warn] * ml / scalafmtFilter
[warn]   +- /home/peng/git-release/__LEGACY/frameless/project/Common.scala:12
[warn] * ml-spark33 / scalafmtFilter
[warn]   +- /home/peng/git-release/__LEGACY/frameless/project/Common.scala:12
[warn] * ml-spark34 / scalafmtFilter
[warn]   +- /home/peng/git-release/__LEGACY/frameless/project/Common.scala:12
[warn] * ml-spark40 / scalafmtFilter
[warn]   +- /home/peng/git-release/__LEGACY/frameless/project/Common.scala:12
[warn] * refined / scalafmtFilter
[warn]   +- /home/peng/git-release/__LEGACY/frameless/project/Common.scala:12
[warn] * refined-spark33 / scalafmtFilter
[warn]   +- /home/peng/git-release/__LEGACY/frameless/project/Common.scala:12
[warn] * refined-spark34 / scalafmtFilter
[warn]   +- /home/peng/git-release/__LEGACY/frameless/project/Common.scala:12
[warn] * refined-spark40 / scalafmtFilter
[warn]   +- /home/peng/git-release/__LEGACY/frameless/project/Common.scala:12
[warn] * root / scalafmtFilter
[warn]   +- /home/peng/git-release/__LEGACY/frameless/project/Common.scala:12
[warn] * root-spark33 / scalafmtFilter
[warn]   +- /home/peng/git-release/__LEGACY/frameless/project/Common.scala:12
[warn] * root-spark34 / scalafmtFilter
[warn]   +- /home/peng/git-release/__LEGACY/frameless/project/Common.scala:12
[warn] * root-spark35 / scalafmtFilter
[warn]   +- /home/peng/git-release/__LEGACY/frameless/project/Common.scala:12
[warn] * root-spark40 / scalafmtFilter
[warn]   +- /home/peng/git-release/__LEGACY/frameless/project/Common.scala:12
[warn]  
[warn] note: a setting might still be used by a command; to exclude a key from this `lintUnused` check
[warn] either append it to `Global / excludeLintKeys` or call .withRank(KeyRanks.Invisible) on the key
[info] set current project to frameless-dataset-spark40 (in build file:/home/peng/git-release/__LEGACY/frameless/)
[info] NonAggregateFunctionsTests:
2025-10-11 19:43:29 [pool-1-thread-1] WARN  org.apache.hadoop.util.NativeCodeLoader:60 - Unable to load native-hadoop library for your platform... using builtin-java classes where applicable
[info] - negate (20 seconds, 794 milliseconds)
[info] - not (1 second, 318 milliseconds)
[info] - conv (1 second, 435 milliseconds)
[info] - degrees (5 seconds, 165 milliseconds)
[info] - shiftRightUnsigned (3 seconds, 795 milliseconds)
[info] - shiftRight (3 seconds, 13 milliseconds)
[info] - shiftLeft (2 seconds, 772 milliseconds)
[info] - ceil (3 seconds, 283 milliseconds)
[info] - sha2 (2 seconds, 159 milliseconds)
[info] - sha1 (498 milliseconds)
[info] - crc32 (508 milliseconds)
[info] - floor (2 seconds, 596 milliseconds)
[info] - abs big decimal (537 milliseconds)
[info] - abs (2 seconds, 119 milliseconds)
[info] - cos (2 seconds, 834 milliseconds)
[info] - cosh (2 seconds, 375 milliseconds)
[info] - acos (2 seconds, 402 milliseconds)
[info] - signum (2 seconds, 522 milliseconds)
[info] - sin (2 seconds, 444 milliseconds)
[info] - sinh (2 seconds, 394 milliseconds)
[info] - asin (2 seconds, 567 milliseconds)
[info] - tan (2 seconds, 560 milliseconds)
[info] - tanh (2 seconds, 434 milliseconds)
[info] - arrayContains (812 milliseconds)
[info] - atan (7 seconds, 953 milliseconds)
[info] - atan2 (6 seconds, 284 milliseconds)
[info] - atan2LitLeft (7 seconds, 459 milliseconds)
[info] - atan2LitRight (7 seconds, 257 milliseconds)
[info] - sqrt (2 seconds, 164 milliseconds)
[info] - crbt (2 seconds, 148 milliseconds)
[info] - exp (2 seconds, 368 milliseconds)
[info] - md5 (347 milliseconds)
[info] - factorial (320 milliseconds)
[info] - round (1 second, 279 milliseconds)
[info] - round big decimal (399 milliseconds)
[info] - round with scale (1 second, 701 milliseconds)
[info] - round big decimal with scale (375 milliseconds)
[info] - bround (1 second, 302 milliseconds)
[info] - bround big decimal (359 milliseconds)
[info] - bround with scale (1 second, 411 milliseconds)
[info] - bround big decimal with scale (340 milliseconds)
[info] - log with base (1 second, 750 milliseconds)
[info] - log (2 seconds, 64 milliseconds)
[info] - log2 (1 second, 915 milliseconds)
[info] - log1p (1 second, 797 milliseconds)
[info] - log10 (1 second, 768 milliseconds)
[info] - base64 (704 milliseconds)
[info] - hypot with double (2 seconds, 962 milliseconds)
[info] - hypot with two columns (1 second, 691 milliseconds)
[info] - pow with double (3 seconds, 719 milliseconds)
[info] - pow with two columns (1 second, 985 milliseconds)
[info] - pmod (1 second, 751 milliseconds)
[info] - unbase64 (409 milliseconds)
[info] - bin (237 milliseconds)
[info] - bitwiseNOT (1 second, 372 milliseconds)
[info] - inputFileName (4 seconds, 161 milliseconds)
[info] - monotonic id (316 milliseconds)
[info] - when (858 milliseconds)
[info] - ascii (411 milliseconds)
[info] - concat (362 milliseconds)
[info] - concat for TypedAggregate (717 milliseconds)
[info] - concat_ws (460 milliseconds)
[info] - concat_ws for TypedAggregate (603 milliseconds)
[info] - instr (383 milliseconds)
[info] - length (323 milliseconds)
[info] - levenshtein *** FAILED *** (30 milliseconds)
[info]   AnalysisException was thrown during property evaluation.
[info]     Message: [UNRESOLVED_ROUTINE] Cannot resolve routine `FramelessLit` on search path [`system`.`builtin`, `system`.`session`, `spark_catalog`.`default`]. SQLSTATE: 42883; line 1 pos 10
[info]     Occurred when passed generated values (
[info]       arg0 = X1(),
[info]       arg1 = List()
[info]     )
[info]   org.scalatest.exceptions.GeneratorDrivenPropertyCheckFailedException:
[info]   at org.scalatestplus.scalacheck.CheckerAsserting$$anon$2.indicateFailure(CheckerAsserting.scala:251)
[info]   at org.scalatestplus.scalacheck.CheckerAsserting$$anon$2.indicateFailure(CheckerAsserting.scala:238)
[info]   at org.scalatestplus.scalacheck.UnitCheckerAsserting$CheckerAssertingImpl.check(CheckerAsserting.scala:160)
[info]   at org.scalatestplus.scalacheck.Checkers.check(Checkers.scala:371)
[info]   at org.scalatestplus.scalacheck.Checkers.check$(Checkers.scala:369)
[info]   at frameless.TypedDatasetSuite.check(TypedDatasetSuite.scala:70)
[info]   at frameless.functions.NonAggregateFunctionsTests.$anonfun$new$1323(NonAggregateFunctionsTests.scala:2128)
[info]   at org.scalatest.OutcomeOf.outcomeOf(OutcomeOf.scala:85)
[info]   at org.scalatest.OutcomeOf.outcomeOf$(OutcomeOf.scala:83)
[info]   at org.scalatest.OutcomeOf$.outcomeOf(OutcomeOf.scala:104)
[info]   at org.scalatest.Transformer.apply(Transformer.scala:22)
[info]   at org.scalatest.Transformer.apply(Transformer.scala:20)
[info]   at org.scalatest.funsuite.AnyFunSuiteLike$$anon$1.apply(AnyFunSuiteLike.scala:226)
[info]   at org.scalatest.TestSuite.withFixture(TestSuite.scala:196)
[info]   at org.scalatest.TestSuite.withFixture$(TestSuite.scala:195)
[info]   at org.scalatest.funsuite.AnyFunSuite.withFixture(AnyFunSuite.scala:1564)
[info]   at org.scalatest.funsuite.AnyFunSuiteLike.invokeWithFixture$1(AnyFunSuiteLike.scala:224)
[info]   at org.scalatest.funsuite.AnyFunSuiteLike.$anonfun$runTest$1(AnyFunSuiteLike.scala:236)
[info]   at org.scalatest.SuperEngine.runTestImpl(Engine.scala:306)
[info]   at org.scalatest.funsuite.AnyFunSuiteLike.runTest(AnyFunSuiteLike.scala:236)
[info]   at org.scalatest.funsuite.AnyFunSuiteLike.runTest$(AnyFunSuiteLike.scala:218)
[info]   at org.scalatest.funsuite.AnyFunSuite.runTest(AnyFunSuite.scala:1564)
[info]   at org.scalatest.funsuite.AnyFunSuiteLike.$anonfun$runTests$1(AnyFunSuiteLike.scala:269)
[info]   at org.scalatest.SuperEngine.$anonfun$runTestsInBranch$1(Engine.scala:413)
[info]   at scala.collection.immutable.List.foreach(List.scala:334)
[info]   at org.scalatest.SuperEngine.traverseSubNodes$1(Engine.scala:401)
[info]   at org.scalatest.SuperEngine.runTestsInBranch(Engine.scala:396)
[info]   at org.scalatest.SuperEngine.runTestsImpl(Engine.scala:475)
[info]   at org.scalatest.funsuite.AnyFunSuiteLike.runTests(AnyFunSuiteLike.scala:269)
[info]   at org.scalatest.funsuite.AnyFunSuiteLike.runTests$(AnyFunSuiteLike.scala:268)
[info]   at org.scalatest.funsuite.AnyFunSuite.runTests(AnyFunSuite.scala:1564)
[info]   at org.scalatest.Suite.run(Suite.scala:1114)
[info]   at org.scalatest.Suite.run$(Suite.scala:1096)
[info]   at org.scalatest.funsuite.AnyFunSuite.org$scalatest$funsuite$AnyFunSuiteLike$$super$run(AnyFunSuite.scala:1564)
[info]   at org.scalatest.funsuite.AnyFunSuiteLike.$anonfun$run$1(AnyFunSuiteLike.scala:273)
[info]   at org.scalatest.SuperEngine.runImpl(Engine.scala:535)
[info]   at org.scalatest.funsuite.AnyFunSuiteLike.run(AnyFunSuiteLike.scala:273)
[info]   at org.scalatest.funsuite.AnyFunSuiteLike.run$(AnyFunSuiteLike.scala:272)
[info]   at frameless.TypedDatasetSuite.org$scalatest$BeforeAndAfterAll$$super$run(TypedDatasetSuite.scala:70)
[info]   at org.scalatest.BeforeAndAfterAll.liftedTree1$1(BeforeAndAfterAll.scala:213)
[info]   at org.scalatest.BeforeAndAfterAll.run(BeforeAndAfterAll.scala:210)
[info]   at org.scalatest.BeforeAndAfterAll.run$(BeforeAndAfterAll.scala:208)
[info]   at frameless.TypedDatasetSuite.run(TypedDatasetSuite.scala:70)
[info]   at org.scalatest.tools.Framework.org$scalatest$tools$Framework$$runSuite(Framework.scala:321)
[info]   at org.scalatest.tools.Framework$ScalaTestTask.execute(Framework.scala:517)
[info]   at sbt.ForkMain$Run.lambda$runTest$1(ForkMain.java:414)
[info]   at java.base/java.util.concurrent.FutureTask.run(FutureTask.java:264)
[info]   at java.base/java.util.concurrent.ThreadPoolExecutor.runWorker(ThreadPoolExecutor.java:1136)
[info]   at java.base/java.util.concurrent.ThreadPoolExecutor$Worker.run(ThreadPoolExecutor.java:635)
[info]   at java.base/java.lang.Thread.run(Thread.java:840)
[info]   Cause: org.apache.spark.sql.AnalysisException: [UNRESOLVED_ROUTINE] Cannot resolve routine `FramelessLit` on search path [`system`.`builtin`, `system`.`session`, `spark_catalog`.`default`]. SQLSTATE: 42883; line 1 pos 10
[info]   at org.apache.spark.sql.errors.QueryCompilationErrors$.unresolvedRoutineError(QueryCompilationErrors.scala:907)
[info]   at org.apache.spark.sql.catalyst.analysis.Analyzer$LookupFunctions$$anonfun$apply$17.applyOrElse(Analyzer.scala:2098)
[info]   at org.apache.spark.sql.catalyst.analysis.Analyzer$LookupFunctions$$anonfun$apply$17.applyOrElse(Analyzer.scala:2079)
[info]   at org.apache.spark.sql.catalyst.trees.TreeNode.$anonfun$transformDownWithPruning$1(TreeNode.scala:470)
[info]   at org.apache.spark.sql.catalyst.trees.CurrentOrigin$.withOrigin(origin.scala:86)
[info]   at org.apache.spark.sql.catalyst.trees.TreeNode.transformDownWithPruning(TreeNode.scala:470)
[info]   at org.apache.spark.sql.catalyst.trees.TreeNode.$anonfun$transformDownWithPruning$3(TreeNode.scala:475)
[info]   at scala.collection.immutable.List.map(List.scala:251)
[info]   at scala.collection.immutable.List.map(List.scala:79)
[info]   at org.apache.spark.sql.catalyst.trees.TreeNode.mapChildren(TreeNode.scala:708)
[info]   at org.apache.spark.sql.catalyst.trees.TreeNode.transformDownWithPruning(TreeNode.scala:475)
[info]   at org.apache.spark.sql.catalyst.trees.TreeNode.$anonfun$transformDownWithPruning$3(TreeNode.scala:475)
[info]   at scala.collection.immutable.ArraySeq.map(ArraySeq.scala:75)
[info]   at scala.collection.immutable.ArraySeq.map(ArraySeq.scala:35)
[info]   at org.apache.spark.sql.catalyst.trees.TreeNode.mapChildren(TreeNode.scala:708)
[info]   at org.apache.spark.sql.catalyst.trees.TreeNode.transformDownWithPruning(TreeNode.scala:475)
[info]   at org.apache.spark.sql.catalyst.trees.TreeNode.$anonfun$transformDownWithPruning$3(TreeNode.scala:475)
[info]   at org.apache.spark.sql.catalyst.trees.UnaryLike.mapChildren(TreeNode.scala:1231)
[info]   at org.apache.spark.sql.catalyst.trees.UnaryLike.mapChildren$(TreeNode.scala:1230)
[info]   at org.apache.spark.sql.catalyst.expressions.UnaryExpression.mapChildren(Expression.scala:563)
[info]   at org.apache.spark.sql.catalyst.trees.TreeNode.transformDownWithPruning(TreeNode.scala:475)
[info]   at org.apache.spark.sql.catalyst.plans.QueryPlan.$anonfun$transformExpressionsDownWithPruning$1(QueryPlan.scala:185)
[info]   at org.apache.spark.sql.catalyst.plans.QueryPlan.$anonfun$mapExpressions$1(QueryPlan.scala:226)
[info]   at org.apache.spark.sql.catalyst.trees.CurrentOrigin$.withOrigin(origin.scala:86)
[info]   at org.apache.spark.sql.catalyst.plans.QueryPlan.transformExpression$1(QueryPlan.scala:226)
[info]   at org.apache.spark.sql.catalyst.plans.QueryPlan.recursiveTransform$1(QueryPlan.scala:238)
[info]   at org.apache.spark.sql.catalyst.plans.QueryPlan.$anonfun$mapExpressions$4(QueryPlan.scala:244)
[info]   at scala.collection.immutable.List.map(List.scala:247)
[info]   at scala.collection.immutable.List.map(List.scala:79)
[info]   at org.apache.spark.sql.catalyst.plans.QueryPlan.recursiveTransform$1(QueryPlan.scala:244)
[info]   at org.apache.spark.sql.catalyst.plans.QueryPlan.$anonfun$mapExpressions$5(QueryPlan.scala:249)
[info]   at org.apache.spark.sql.catalyst.trees.TreeNode.mapProductIterator(TreeNode.scala:312)
[info]   at org.apache.spark.sql.catalyst.plans.QueryPlan.mapExpressions(QueryPlan.scala:249)
[info]   at org.apache.spark.sql.catalyst.plans.QueryPlan.transformExpressionsDownWithPruning(QueryPlan.scala:185)
[info]   at org.apache.spark.sql.catalyst.plans.QueryPlan.transformExpressionsWithPruning(QueryPlan.scala:156)
[info]   at org.apache.spark.sql.catalyst.plans.logical.AnalysisHelper$$anonfun$resolveExpressionsDownWithPruning$1.applyOrElse(AnalysisHelper.scala:307)
[info]   at org.apache.spark.sql.catalyst.plans.logical.AnalysisHelper$$anonfun$resolveExpressionsDownWithPruning$1.applyOrElse(AnalysisHelper.scala:306)
[info]   at org.apache.spark.sql.catalyst.plans.logical.AnalysisHelper.$anonfun$resolveOperatorsDownWithPruning$2(AnalysisHelper.scala:200)
[info]   at org.apache.spark.sql.catalyst.trees.CurrentOrigin$.withOrigin(origin.scala:86)
[info]   at org.apache.spark.sql.catalyst.plans.logical.AnalysisHelper.$anonfun$resolveOperatorsDownWithPruning$1(AnalysisHelper.scala:200)
[info]   at org.apache.spark.sql.catalyst.plans.logical.AnalysisHelper$.allowInvokingTransformsInAnalyzer(AnalysisHelper.scala:416)
[info]   at org.apache.spark.sql.catalyst.plans.logical.AnalysisHelper.resolveOperatorsDownWithPruning(AnalysisHelper.scala:198)
[info]   at org.apache.spark.sql.catalyst.plans.logical.AnalysisHelper.resolveOperatorsDownWithPruning$(AnalysisHelper.scala:194)
[info]   at org.apache.spark.sql.catalyst.plans.logical.LogicalPlan.resolveOperatorsDownWithPruning(LogicalPlan.scala:37)
[info]   at org.apache.spark.sql.catalyst.plans.logical.AnalysisHelper.resolveOperatorsWithPruning(AnalysisHelper.scala:100)
[info]   at org.apache.spark.sql.catalyst.plans.logical.AnalysisHelper.resolveOperatorsWithPruning$(AnalysisHelper.scala:97)
[info]   at org.apache.spark.sql.catalyst.plans.logical.LogicalPlan.resolveOperatorsWithPruning(LogicalPlan.scala:37)
[info]   at org.apache.spark.sql.catalyst.plans.logical.AnalysisHelper.resolveExpressionsDownWithPruning(AnalysisHelper.scala:306)
[info]   at org.apache.spark.sql.catalyst.plans.logical.AnalysisHelper.resolveExpressionsDownWithPruning$(AnalysisHelper.scala:303)
[info]   at org.apache.spark.sql.catalyst.plans.logical.LogicalPlan.resolveExpressionsDownWithPruning(LogicalPlan.scala:37)
[info]   at org.apache.spark.sql.catalyst.plans.logical.AnalysisHelper.resolveExpressionsWithPruning(AnalysisHelper.scala:278)
[info]   at org.apache.spark.sql.catalyst.plans.logical.AnalysisHelper.resolveExpressionsWithPruning$(AnalysisHelper.scala:276)
[info]   at org.apache.spark.sql.catalyst.plans.logical.LogicalPlan.resolveExpressionsWithPruning(LogicalPlan.scala:37)
[info]   at org.apache.spark.sql.catalyst.analysis.Analyzer$LookupFunctions$.apply(Analyzer.scala:2079)
[info]   at org.apache.spark.sql.catalyst.analysis.Analyzer$LookupFunctions$.apply(Analyzer.scala:2075)
[info]   at org.apache.spark.sql.catalyst.rules.RuleExecutor.$anonfun$execute$2(RuleExecutor.scala:242)
[info]   at scala.collection.immutable.ArraySeq.foldLeft(ArraySeq.scala:222)
[info]   at org.apache.spark.sql.catalyst.rules.RuleExecutor.$anonfun$execute$1(RuleExecutor.scala:239)
[info]   at org.apache.spark.sql.catalyst.rules.RuleExecutor.$anonfun$execute$1$adapted(RuleExecutor.scala:231)
[info]   at scala.collection.immutable.List.foreach(List.scala:334)
[info]   at org.apache.spark.sql.catalyst.rules.RuleExecutor.execute(RuleExecutor.scala:231)
[info]   at org.apache.spark.sql.catalyst.analysis.Analyzer.org$apache$spark$sql$catalyst$analysis$Analyzer$$executeSameContext(Analyzer.scala:340)
[info]   at org.apache.spark.sql.catalyst.analysis.Analyzer.$anonfun$execute$1(Analyzer.scala:336)
[info]   at org.apache.spark.sql.catalyst.analysis.AnalysisContext$.withNewAnalysisContext(Analyzer.scala:234)
[info]   at org.apache.spark.sql.catalyst.analysis.Analyzer.execute(Analyzer.scala:336)
[info]   at org.apache.spark.sql.catalyst.analysis.Analyzer.execute(Analyzer.scala:299)
[info]   at org.apache.spark.sql.catalyst.rules.RuleExecutor.$anonfun$executeAndTrack$1(RuleExecutor.scala:201)
[info]   at org.apache.spark.sql.catalyst.QueryPlanningTracker$.withTracker(QueryPlanningTracker.scala:89)
[info]   at org.apache.spark.sql.catalyst.rules.RuleExecutor.executeAndTrack(RuleExecutor.scala:201)
[info]   at org.apache.spark.sql.catalyst.analysis.resolver.HybridAnalyzer.resolveInFixedPoint(HybridAnalyzer.scala:190)
[info]   at org.apache.spark.sql.catalyst.analysis.resolver.HybridAnalyzer.$anonfun$apply$1(HybridAnalyzer.scala:76)
[info]   at org.apache.spark.sql.catalyst.analysis.resolver.HybridAnalyzer.withTrackedAnalyzerBridgeState(HybridAnalyzer.scala:111)
[info]   at org.apache.spark.sql.catalyst.analysis.resolver.HybridAnalyzer.apply(HybridAnalyzer.scala:71)
[info]   at org.apache.spark.sql.catalyst.analysis.Analyzer.$anonfun$executeAndCheck$1(Analyzer.scala:330)
[info]   at org.apache.spark.sql.catalyst.plans.logical.AnalysisHelper$.markInAnalyzer(AnalysisHelper.scala:423)
[info]   at org.apache.spark.sql.catalyst.analysis.Analyzer.executeAndCheck(Analyzer.scala:330)
[info]   at org.apache.spark.sql.execution.QueryExecution.$anonfun$lazyAnalyzed$2(QueryExecution.scala:110)
[info]   at org.apache.spark.sql.catalyst.QueryPlanningTracker.measurePhase(QueryPlanningTracker.scala:148)
[info]   at org.apache.spark.sql.execution.QueryExecution.$anonfun$executePhase$2(QueryExecution.scala:278)
[info]   at org.apache.spark.sql.execution.QueryExecution$.withInternalError(QueryExecution.scala:654)
[info]   at org.apache.spark.sql.execution.QueryExecution.$anonfun$executePhase$1(QueryExecution.scala:278)
[info]   at org.apache.spark.sql.SparkSession.withActive(SparkSession.scala:804)
[info]   at org.apache.spark.sql.execution.QueryExecution.executePhase(QueryExecution.scala:277)
[info]   at org.apache.spark.sql.execution.QueryExecution.$anonfun$lazyAnalyzed$1(QueryExecution.scala:110)
[info]   at scala.util.Try$.apply(Try.scala:217)
[info]   at org.apache.spark.util.Utils$.doTryWithCallerStacktrace(Utils.scala:1378)
[info]   at org.apache.spark.util.Utils$.getTryWithCallerStacktrace(Utils.scala:1439)
[info]   at org.apache.spark.util.LazyTry.get(LazyTry.scala:58)
[info]   at org.apache.spark.sql.execution.QueryExecution.analyzed(QueryExecution.scala:121)
[info]   at org.apache.spark.sql.execution.QueryExecution.assertAnalyzed(QueryExecution.scala:80)
[info]   at org.apache.spark.sql.classic.Dataset$.$anonfun$ofRows$1(Dataset.scala:115)
[info]   at org.apache.spark.sql.SparkSession.withActive(SparkSession.scala:804)
[info]   at org.apache.spark.sql.classic.Dataset$.ofRows(Dataset.scala:113)
[info]   at org.apache.spark.sql.classic.Dataset.withPlan(Dataset.scala:2263)
[info]   at org.apache.spark.sql.classic.Dataset.select(Dataset.scala:894)
[info]   at org.apache.spark.sql.classic.Dataset.select(Dataset.scala:232)
[info]   at frameless.TypedDataset$selectMany$.applyProduct(TypedDataset.scala:1365)
[info]   at frameless.TypedDataset.select(TypedDataset.scala:1114)
[info]   at frameless.functions.NonAggregateFunctionsTests.$anonfun$new$1324(NonAggregateFunctionsTests.scala:2144)
[info]   at org.scalacheck.Prop$.$anonfun$forAll$18(Prop.scala:1131)
[info]   at scala.Function1.$anonfun$andThen$1(Function1.scala:87)
[info]   at org.scalacheck.Prop$.$anonfun$forAllShrink$2(Prop.scala:868)
[info]   at org.scalacheck.Prop$.secure(Prop.scala:484)
[info]   at org.scalacheck.Prop$.result$1(Prop.scala:868)
[info]   at org.scalacheck.Prop$.$anonfun$forAllShrink$1(Prop.scala:915)
[info]   at org.scalacheck.Prop$.$anonfun$apply$1(Prop.scala:305)
[info]   at org.scalacheck.PropFromFun.apply(Prop.scala:20)
[info]   at org.scalacheck.Prop$.result$1(Prop.scala:869)
[info]   at org.scalacheck.Prop$.$anonfun$forAllShrink$1(Prop.scala:915)
[info]   at org.scalacheck.Prop$.$anonfun$apply$1(Prop.scala:305)
[info]   at org.scalacheck.PropFromFun.apply(Prop.scala:20)
[info]   at org.scalacheck.Test$.workerFun$1(Test.scala:486)
[info]   at org.scalacheck.Test$.$anonfun$check$4(Test.scala:518)
[info]   at org.scalacheck.Test$.$anonfun$check$4$adapted(Test.scala:518)
[info]   at org.scalacheck.Platform$.runWorkers(Platform.scala:42)
[info]   at org.scalacheck.Test$.check(Test.scala:518)
[info]   at org.scalatestplus.scalacheck.UnitCheckerAsserting$CheckerAssertingImpl.check(CheckerAsserting.scala:90)
[info]   at org.scalatestplus.scalacheck.Checkers.check(Checkers.scala:371)
[info]   at org.scalatestplus.scalacheck.Checkers.check$(Checkers.scala:369)
[info]   at frameless.TypedDatasetSuite.check(TypedDatasetSuite.scala:70)
[info]   at frameless.functions.NonAggregateFunctionsTests.$anonfun$new$1323(NonAggregateFunctionsTests.scala:2128)
[info]   at org.scalatest.OutcomeOf.outcomeOf(OutcomeOf.scala:85)
[info]   at org.scalatest.OutcomeOf.outcomeOf$(OutcomeOf.scala:83)
[info]   at org.scalatest.OutcomeOf$.outcomeOf(OutcomeOf.scala:104)
[info]   at org.scalatest.Transformer.apply(Transformer.scala:22)
[info]   at org.scalatest.Transformer.apply(Transformer.scala:20)
[info]   at org.scalatest.funsuite.AnyFunSuiteLike$$anon$1.apply(AnyFunSuiteLike.scala:226)
[info]   at org.scalatest.TestSuite.withFixture(TestSuite.scala:196)
[info]   at org.scalatest.TestSuite.withFixture$(TestSuite.scala:195)
[info]   at org.scalatest.funsuite.AnyFunSuite.withFixture(AnyFunSuite.scala:1564)
[info]   at org.scalatest.funsuite.AnyFunSuiteLike.invokeWithFixture$1(AnyFunSuiteLike.scala:224)
[info]   at org.scalatest.funsuite.AnyFunSuiteLike.$anonfun$runTest$1(AnyFunSuiteLike.scala:236)
[info]   at org.scalatest.SuperEngine.runTestImpl(Engine.scala:306)
[info]   at org.scalatest.funsuite.AnyFunSuiteLike.runTest(AnyFunSuiteLike.scala:236)
[info]   at org.scalatest.funsuite.AnyFunSuiteLike.runTest$(AnyFunSuiteLike.scala:218)
[info]   at org.scalatest.funsuite.AnyFunSuite.runTest(AnyFunSuite.scala:1564)
[info]   at org.scalatest.funsuite.AnyFunSuiteLike.$anonfun$runTests$1(AnyFunSuiteLike.scala:269)
[info]   at org.scalatest.SuperEngine.$anonfun$runTestsInBranch$1(Engine.scala:413)
[info]   at scala.collection.immutable.List.foreach(List.scala:334)
[info]   at org.scalatest.SuperEngine.traverseSubNodes$1(Engine.scala:401)
[info]   at org.scalatest.SuperEngine.runTestsInBranch(Engine.scala:396)
[info]   at org.scalatest.SuperEngine.runTestsImpl(Engine.scala:475)
[info]   at org.scalatest.funsuite.AnyFunSuiteLike.runTests(AnyFunSuiteLike.scala:269)
[info]   at org.scalatest.funsuite.AnyFunSuiteLike.runTests$(AnyFunSuiteLike.scala:268)
[info]   at org.scalatest.funsuite.AnyFunSuite.runTests(AnyFunSuite.scala:1564)
[info]   at org.scalatest.Suite.run(Suite.scala:1114)
[info]   at org.scalatest.Suite.run$(Suite.scala:1096)
[info]   at org.scalatest.funsuite.AnyFunSuite.org$scalatest$funsuite$AnyFunSuiteLike$$super$run(AnyFunSuite.scala:1564)
[info]   at org.scalatest.funsuite.AnyFunSuiteLike.$anonfun$run$1(AnyFunSuiteLike.scala:273)
[info]   at org.scalatest.SuperEngine.runImpl(Engine.scala:535)
[info]   at org.scalatest.funsuite.AnyFunSuiteLike.run(AnyFunSuiteLike.scala:273)
[info]   at org.scalatest.funsuite.AnyFunSuiteLike.run$(AnyFunSuiteLike.scala:272)
[info]   at frameless.TypedDatasetSuite.org$scalatest$BeforeAndAfterAll$$super$run(TypedDatasetSuite.scala:70)
[info]   at org.scalatest.BeforeAndAfterAll.liftedTree1$1(BeforeAndAfterAll.scala:213)
[info]   at org.scalatest.BeforeAndAfterAll.run(BeforeAndAfterAll.scala:210)
[info]   at org.scalatest.BeforeAndAfterAll.run$(BeforeAndAfterAll.scala:208)
[info]   at frameless.TypedDatasetSuite.run(TypedDatasetSuite.scala:70)
[info]   at org.scalatest.tools.Framework.org$scalatest$tools$Framework$$runSuite(Framework.scala:321)
[info]   at org.scalatest.tools.Framework$ScalaTestTask.execute(Framework.scala:517)
[info]   at sbt.ForkMain$Run.lambda$runTest$1(ForkMain.java:414)
[info]   at java.base/java.util.concurrent.FutureTask.run(FutureTask.java:264)
[info]   at java.base/java.util.concurrent.ThreadPoolExecutor.runWorker(ThreadPoolExecutor.java:1136)
[info]   at java.base/java.util.concurrent.ThreadPoolExecutor$Worker.run(ThreadPoolExecutor.java:635)
[info]   at java.base/java.lang.Thread.run(Thread.java:840)
[info] - regexp_replace (383 milliseconds)
[info] - reverse (349 milliseconds)
[info] - rpad (403 milliseconds)
[info] - lpad (364 milliseconds)
[info] - rtrim (367 milliseconds)
[info] - ltrim (376 milliseconds)
[info] - substring (298 milliseconds)
[info] - trim (369 milliseconds)
[info] - upper (838 milliseconds)
[info] - lower (388 milliseconds)
[info] - Empty vararg tests (927 milliseconds)
[info] - year (730 milliseconds)
[info] - quarter (568 milliseconds)
[info] - month (812 milliseconds)
[info] - dayofweek (731 milliseconds)
[info] - dayofmonth (726 milliseconds)
[info] - dayofyear (664 milliseconds)
[info] - hour (656 milliseconds)
[info] - minute (678 milliseconds)
[info] - second (662 milliseconds)
[info] - weekofyear (733 milliseconds)
[info] Run completed in 2 minutes, 49 seconds.
[info] Total number of tests run: 87
[info] Suites: completed 1, aborted 0
[info] Tests: succeeded 86, failed 1, canceled 0, ignored 0, pending 0
[info] *** 1 TEST FAILED ***
[error] Failed tests:
[error] 	frameless.functions.NonAggregateFunctionsTests
[error] (Test / testOnly) sbt.TestsFailedException: Tests unsuccessful
[error] Total time: 174 s (0:02:54.0), completed Oct. 11, 2025, 7:46:13 p.m.
