[info] welcome to sbt 1.11.6 (Ubuntu Java 17.0.16)
[info] loading global plugins from /home/peng/.sbt/1.0/plugins
[info] loading settings for project frameless-build-build-build from metals.sbt...
[info] loading project definition from /home/peng/git-release/__LEGACY/frameless/project/project/project
[info] loading settings for project frameless-build-build from metals.sbt...
[info] loading project definition from /home/peng/git-release/__LEGACY/frameless/project/project
[success] Generated .bloop/frameless-build-build.json
[success] Total time: 3 s, completed Oct. 11, 2025, 6:29:50 p.m.
[info] loading settings for project frameless-build from metals.sbt, plugins.sbt...
[info] loading project definition from /home/peng/git-release/__LEGACY/frameless/project
[success] Generated .bloop/frameless-build.json
[success] Total time: 4 s, completed Oct. 11, 2025, 6:29:55 p.m.
[info] loading settings for project root from build.sbt, github.sbt...
[info] resolving key references (21985 settings) ...
[info] set scmInfo to https://github.com/typelevel/frameless
[info] set current project to root (in build file:/home/peng/git-release/__LEGACY/frameless/)
[warn] there are 23 keys that are not used by any other settings/tasks:
[warn]  
[warn] * cats / scalafmtFilter
[warn]   +- /home/peng/git-release/__LEGACY/frameless/project/Common.scala:12
[warn] * cats-spark33 / scalafmtFilter
[warn]   +- /home/peng/git-release/__LEGACY/frameless/project/Common.scala:12
[warn] * cats-spark34 / scalafmtFilter
[warn]   +- /home/peng/git-release/__LEGACY/frameless/project/Common.scala:12
[warn] * cats-spark40 / scalafmtFilter
[warn]   +- /home/peng/git-release/__LEGACY/frameless/project/Common.scala:12
[warn] * core / scalafmtFilter
[warn]   +- /home/peng/git-release/__LEGACY/frameless/project/Common.scala:12
[warn] * dataset / scalafmtFilter
[warn]   +- /home/peng/git-release/__LEGACY/frameless/project/Common.scala:12
[warn] * dataset-spark33 / scalafmtFilter
[warn]   +- /home/peng/git-release/__LEGACY/frameless/project/Common.scala:12
[warn] * dataset-spark34 / scalafmtFilter
[warn]   +- /home/peng/git-release/__LEGACY/frameless/project/Common.scala:12
[warn] * dataset-spark40 / scalafmtFilter
[warn]   +- /home/peng/git-release/__LEGACY/frameless/project/Common.scala:12
[warn] * docs / scalafmtFilter
[warn]   +- /home/peng/git-release/__LEGACY/frameless/project/Common.scala:12
[warn] * ml / scalafmtFilter
[warn]   +- /home/peng/git-release/__LEGACY/frameless/project/Common.scala:12
[warn] * ml-spark33 / scalafmtFilter
[warn]   +- /home/peng/git-release/__LEGACY/frameless/project/Common.scala:12
[warn] * ml-spark34 / scalafmtFilter
[warn]   +- /home/peng/git-release/__LEGACY/frameless/project/Common.scala:12
[warn] * ml-spark40 / scalafmtFilter
[warn]   +- /home/peng/git-release/__LEGACY/frameless/project/Common.scala:12
[warn] * refined / scalafmtFilter
[warn]   +- /home/peng/git-release/__LEGACY/frameless/project/Common.scala:12
[warn] * refined-spark33 / scalafmtFilter
[warn]   +- /home/peng/git-release/__LEGACY/frameless/project/Common.scala:12
[warn] * refined-spark34 / scalafmtFilter
[warn]   +- /home/peng/git-release/__LEGACY/frameless/project/Common.scala:12
[warn] * refined-spark40 / scalafmtFilter
[warn]   +- /home/peng/git-release/__LEGACY/frameless/project/Common.scala:12
[warn] * root / scalafmtFilter
[warn]   +- /home/peng/git-release/__LEGACY/frameless/project/Common.scala:12
[warn] * root-spark33 / scalafmtFilter
[warn]   +- /home/peng/git-release/__LEGACY/frameless/project/Common.scala:12
[warn] * root-spark34 / scalafmtFilter
[warn]   +- /home/peng/git-release/__LEGACY/frameless/project/Common.scala:12
[warn] * root-spark35 / scalafmtFilter
[warn]   +- /home/peng/git-release/__LEGACY/frameless/project/Common.scala:12
[warn] * root-spark40 / scalafmtFilter
[warn]   +- /home/peng/git-release/__LEGACY/frameless/project/Common.scala:12
[warn]  
[warn] note: a setting might still be used by a command; to exclude a key from this `lintUnused` check
[warn] either append it to `Global / excludeLintKeys` or call .withRank(KeyRanks.Invisible) on the key
[info] set current project to frameless-dataset-spark40 (in build file:/home/peng/git-release/__LEGACY/frameless/)
[info] ColumnTests:
2025-10-11 18:30:13 [pool-1-thread-1] WARN  org.apache.hadoop.util.NativeCodeLoader:60 - Unable to load native-hadoop library for your platform... using builtin-java classes where applicable
[info] - opt *** FAILED *** (4 seconds, 736 milliseconds)
[info]   org.apache.spark.sql.catalyst.ExtendedAnalysisException: [DATATYPE_MISMATCH.UNEXPECTED_INPUT_TYPE] Cannot resolve "unwrapoption(LongType, _1)" due to data type mismatch: The first parameter requires the "OBJECT" type, however "_1" has the type "BIGINT". SQLSTATE: 42K09;
[info] 'Project [unresolvedalias(if (isnull(_1#4L)) null else (unwrapoption(LongType, _1#4L) * 2)), unresolvedalias(if (isnull(_1#4L)) null else (unwrapoption(LongType, _1#4L) + 2))]
[info] +- LocalRelation [_1#4L, _2#5L]
[info]   at org.apache.spark.sql.catalyst.analysis.package$AnalysisErrorAt.dataTypeMismatch(package.scala:77)
[info]   at org.apache.spark.sql.catalyst.analysis.package$AnalysisErrorAt.dataTypeMismatch(package.scala:70)
[info]   at org.apache.spark.sql.catalyst.analysis.CheckAnalysis.$anonfun$checkAnalysis0$7(CheckAnalysis.scala:420)
[info]   at org.apache.spark.sql.catalyst.analysis.CheckAnalysis.$anonfun$checkAnalysis0$7$adapted(CheckAnalysis.scala:402)
[info]   at org.apache.spark.sql.catalyst.trees.TreeNode.foreachUp(TreeNode.scala:252)
[info]   at org.apache.spark.sql.catalyst.trees.TreeNode.$anonfun$foreachUp$1(TreeNode.scala:251)
[info]   at org.apache.spark.sql.catalyst.trees.TreeNode.$anonfun$foreachUp$1$adapted(TreeNode.scala:251)
[info]   at scala.collection.immutable.Vector.foreach(Vector.scala:2125)
[info]   at org.apache.spark.sql.catalyst.trees.TreeNode.foreachUp(TreeNode.scala:251)
[info]   at org.apache.spark.sql.catalyst.trees.TreeNode.$anonfun$foreachUp$1(TreeNode.scala:251)
[info]   at org.apache.spark.sql.catalyst.trees.TreeNode.$anonfun$foreachUp$1$adapted(TreeNode.scala:251)
[info]   at scala.collection.immutable.Vector.foreach(Vector.scala:2125)
[info]   at org.apache.spark.sql.catalyst.trees.TreeNode.foreachUp(TreeNode.scala:251)
[info]   at org.apache.spark.sql.catalyst.trees.TreeNode.$anonfun$foreachUp$1(TreeNode.scala:251)
[info]   at org.apache.spark.sql.catalyst.trees.TreeNode.$anonfun$foreachUp$1$adapted(TreeNode.scala:251)
[info]   at scala.collection.immutable.Vector.foreach(Vector.scala:2125)
[info]   at org.apache.spark.sql.catalyst.trees.TreeNode.foreachUp(TreeNode.scala:251)
[info]   at org.apache.spark.sql.catalyst.analysis.CheckAnalysis.$anonfun$checkAnalysis0$6(CheckAnalysis.scala:402)
[info]   at org.apache.spark.sql.catalyst.analysis.CheckAnalysis.$anonfun$checkAnalysis0$6$adapted(CheckAnalysis.scala:402)
[info]   at scala.collection.immutable.List.foreach(List.scala:334)
[info]   at org.apache.spark.sql.catalyst.analysis.CheckAnalysis.$anonfun$checkAnalysis0$2(CheckAnalysis.scala:402)
[info]   at org.apache.spark.sql.catalyst.analysis.CheckAnalysis.$anonfun$checkAnalysis0$2$adapted(CheckAnalysis.scala:284)
[info]   at org.apache.spark.sql.catalyst.trees.TreeNode.foreachUp(TreeNode.scala:252)
[info]   at org.apache.spark.sql.catalyst.analysis.CheckAnalysis.checkAnalysis0(CheckAnalysis.scala:284)
[info]   at org.apache.spark.sql.catalyst.analysis.CheckAnalysis.checkAnalysis0$(CheckAnalysis.scala:255)
[info]   at org.apache.spark.sql.catalyst.analysis.Analyzer.checkAnalysis0(Analyzer.scala:299)
[info]   at org.apache.spark.sql.catalyst.analysis.CheckAnalysis.checkAnalysis(CheckAnalysis.scala:244)
[info]   at org.apache.spark.sql.catalyst.analysis.CheckAnalysis.checkAnalysis$(CheckAnalysis.scala:231)
[info]   at org.apache.spark.sql.catalyst.analysis.Analyzer.checkAnalysis(Analyzer.scala:299)
[info]   at org.apache.spark.sql.catalyst.analysis.resolver.HybridAnalyzer.$anonfun$resolveInFixedPoint$1(HybridAnalyzer.scala:192)
[info]   at scala.runtime.java8.JFunction0$mcV$sp.apply(JFunction0$mcV$sp.scala:18)
[info]   at org.apache.spark.sql.catalyst.QueryPlanningTracker$.withTracker(QueryPlanningTracker.scala:89)
[info]   at org.apache.spark.sql.catalyst.analysis.resolver.HybridAnalyzer.resolveInFixedPoint(HybridAnalyzer.scala:192)
[info]   at org.apache.spark.sql.catalyst.analysis.resolver.HybridAnalyzer.$anonfun$apply$1(HybridAnalyzer.scala:76)
[info]   at org.apache.spark.sql.catalyst.analysis.resolver.HybridAnalyzer.withTrackedAnalyzerBridgeState(HybridAnalyzer.scala:111)
[info]   at org.apache.spark.sql.catalyst.analysis.resolver.HybridAnalyzer.apply(HybridAnalyzer.scala:71)
[info]   at org.apache.spark.sql.catalyst.analysis.Analyzer.$anonfun$executeAndCheck$1(Analyzer.scala:330)
[info]   at org.apache.spark.sql.catalyst.plans.logical.AnalysisHelper$.markInAnalyzer(AnalysisHelper.scala:423)
[info]   at org.apache.spark.sql.catalyst.analysis.Analyzer.executeAndCheck(Analyzer.scala:330)
[info]   at org.apache.spark.sql.execution.QueryExecution.$anonfun$lazyAnalyzed$2(QueryExecution.scala:110)
[info]   at org.apache.spark.sql.catalyst.QueryPlanningTracker.measurePhase(QueryPlanningTracker.scala:148)
[info]   at org.apache.spark.sql.execution.QueryExecution.$anonfun$executePhase$2(QueryExecution.scala:278)
[info]   at org.apache.spark.sql.execution.QueryExecution$.withInternalError(QueryExecution.scala:654)
[info]   at org.apache.spark.sql.execution.QueryExecution.$anonfun$executePhase$1(QueryExecution.scala:278)
[info]   at org.apache.spark.sql.SparkSession.withActive(SparkSession.scala:804)
[info]   at org.apache.spark.sql.execution.QueryExecution.executePhase(QueryExecution.scala:277)
[info]   at org.apache.spark.sql.execution.QueryExecution.$anonfun$lazyAnalyzed$1(QueryExecution.scala:110)
[info]   at scala.util.Try$.apply(Try.scala:217)
[info]   at org.apache.spark.util.Utils$.doTryWithCallerStacktrace(Utils.scala:1378)
[info]   at org.apache.spark.util.Utils$.getTryWithCallerStacktrace(Utils.scala:1439)
[info]   at org.apache.spark.util.LazyTry.get(LazyTry.scala:58)
[info]   at org.apache.spark.sql.execution.QueryExecution.analyzed(QueryExecution.scala:121)
[info]   at org.apache.spark.sql.execution.QueryExecution.assertAnalyzed(QueryExecution.scala:80)
[info]   at org.apache.spark.sql.classic.Dataset$.$anonfun$ofRows$1(Dataset.scala:115)
[info]   at org.apache.spark.sql.SparkSession.withActive(SparkSession.scala:804)
[info]   at org.apache.spark.sql.classic.Dataset$.ofRows(Dataset.scala:113)
[info]   at org.apache.spark.sql.classic.Dataset.withPlan(Dataset.scala:2263)
[info]   at org.apache.spark.sql.classic.Dataset.select(Dataset.scala:894)
[info]   at org.apache.spark.sql.classic.Dataset.select(Dataset.scala:232)
[info]   at frameless.TypedDataset$selectMany$.applyProduct(TypedDataset.scala:1365)
[info]   at frameless.TypedDataset.select(TypedDataset.scala:1142)
[info]   at frameless.ColumnTests.$anonfun$new$421(ColumnTests.scala:575)
[info]   at org.scalatest.OutcomeOf.outcomeOf(OutcomeOf.scala:85)
[info]   at org.scalatest.OutcomeOf.outcomeOf$(OutcomeOf.scala:83)
[info]   at org.scalatest.OutcomeOf$.outcomeOf(OutcomeOf.scala:104)
[info]   at org.scalatest.Transformer.apply(Transformer.scala:22)
[info]   at org.scalatest.Transformer.apply(Transformer.scala:20)
[info]   at org.scalatest.funsuite.AnyFunSuiteLike$$anon$1.apply(AnyFunSuiteLike.scala:226)
[info]   at org.scalatest.TestSuite.withFixture(TestSuite.scala:196)
[info]   at org.scalatest.TestSuite.withFixture$(TestSuite.scala:195)
[info]   at org.scalatest.funsuite.AnyFunSuite.withFixture(AnyFunSuite.scala:1564)
[info]   at org.scalatest.funsuite.AnyFunSuiteLike.invokeWithFixture$1(AnyFunSuiteLike.scala:224)
[info]   at org.scalatest.funsuite.AnyFunSuiteLike.$anonfun$runTest$1(AnyFunSuiteLike.scala:236)
[info]   at org.scalatest.SuperEngine.runTestImpl(Engine.scala:306)
[info]   at org.scalatest.funsuite.AnyFunSuiteLike.runTest(AnyFunSuiteLike.scala:236)
[info]   at org.scalatest.funsuite.AnyFunSuiteLike.runTest$(AnyFunSuiteLike.scala:218)
[info]   at org.scalatest.funsuite.AnyFunSuite.runTest(AnyFunSuite.scala:1564)
[info]   at org.scalatest.funsuite.AnyFunSuiteLike.$anonfun$runTests$1(AnyFunSuiteLike.scala:269)
[info]   at org.scalatest.SuperEngine.$anonfun$runTestsInBranch$1(Engine.scala:413)
[info]   at scala.collection.immutable.List.foreach(List.scala:334)
[info]   at org.scalatest.SuperEngine.traverseSubNodes$1(Engine.scala:401)
[info]   at org.scalatest.SuperEngine.runTestsInBranch(Engine.scala:396)
[info]   at org.scalatest.SuperEngine.runTestsImpl(Engine.scala:475)
[info]   at org.scalatest.funsuite.AnyFunSuiteLike.runTests(AnyFunSuiteLike.scala:269)
[info]   at org.scalatest.funsuite.AnyFunSuiteLike.runTests$(AnyFunSuiteLike.scala:268)
[info]   at org.scalatest.funsuite.AnyFunSuite.runTests(AnyFunSuite.scala:1564)
[info]   at org.scalatest.Suite.run(Suite.scala:1114)
[info]   at org.scalatest.Suite.run$(Suite.scala:1096)
[info]   at org.scalatest.funsuite.AnyFunSuite.org$scalatest$funsuite$AnyFunSuiteLike$$super$run(AnyFunSuite.scala:1564)
[info]   at org.scalatest.funsuite.AnyFunSuiteLike.$anonfun$run$1(AnyFunSuiteLike.scala:273)
[info]   at org.scalatest.SuperEngine.runImpl(Engine.scala:535)
[info]   at org.scalatest.funsuite.AnyFunSuiteLike.run(AnyFunSuiteLike.scala:273)
[info]   at org.scalatest.funsuite.AnyFunSuiteLike.run$(AnyFunSuiteLike.scala:272)
[info]   at frameless.TypedDatasetSuite.org$scalatest$BeforeAndAfterAll$$super$run(TypedDatasetSuite.scala:70)
[info]   at org.scalatest.BeforeAndAfterAll.liftedTree1$1(BeforeAndAfterAll.scala:213)
[info]   at org.scalatest.BeforeAndAfterAll.run(BeforeAndAfterAll.scala:210)
[info]   at org.scalatest.BeforeAndAfterAll.run$(BeforeAndAfterAll.scala:208)
[info]   at frameless.TypedDatasetSuite.run(TypedDatasetSuite.scala:70)
[info]   at org.scalatest.tools.Framework.org$scalatest$tools$Framework$$runSuite(Framework.scala:321)
[info]   at org.scalatest.tools.Framework$ScalaTestTask.execute(Framework.scala:517)
[info]   at sbt.ForkMain$Run.lambda$runTest$1(ForkMain.java:414)
[info]   at java.base/java.util.concurrent.FutureTask.run(FutureTask.java:264)
[info]   at java.base/java.util.concurrent.ThreadPoolExecutor.runWorker(ThreadPoolExecutor.java:1136)
[info]   at java.base/java.util.concurrent.ThreadPoolExecutor$Worker.run(ThreadPoolExecutor.java:635)
[info]   at java.base/java.lang.Thread.run(Thread.java:840)
[info] - opt compiles only for columns of type Option[_] (211 milliseconds)
[info] Run completed in 12 seconds, 212 milliseconds.
[info] Total number of tests run: 2
[info] Suites: completed 1, aborted 0
[info] Tests: succeeded 1, failed 1, canceled 0, ignored 0, pending 0
[info] *** 1 TEST FAILED ***
[error] Failed tests:
[error] 	frameless.ColumnTests
[error] (Test / testOnly) sbt.TestsFailedException: Tests unsuccessful
[error] Total time: 18 s, completed Oct. 11, 2025, 6:30:20 p.m.
