[info] welcome to sbt 1.11.6 (Ubuntu Java 17.0.16)
[info] loading global plugins from /home/peng/.sbt/1.0/plugins
[info] loading settings for project frameless-build-build-build from metals.sbt...
[info] loading project definition from /home/peng/git-release/__LEGACY/frameless/project/project/project
[info] loading settings for project frameless-build-build from metals.sbt...
[info] loading project definition from /home/peng/git-release/__LEGACY/frameless/project/project
[success] Generated .bloop/frameless-build-build.json
[success] Total time: 3 s, completed Oct. 11, 2025, 7:42:50 p.m.
[info] loading settings for project frameless-build from metals.sbt, plugins.sbt...
[info] loading project definition from /home/peng/git-release/__LEGACY/frameless/project
[info] waiting for lock on /home/peng/.ivy2/exclude_classifiers.lock to be available...
[success] Generated .bloop/frameless-build.json
[success] Total time: 6 s, completed Oct. 11, 2025, 7:42:56 p.m.
[info] loading settings for project root from build.sbt, github.sbt...
[info] resolving key references (21985 settings) ...
[info] set scmInfo to https://github.com/typelevel/frameless
[info] set current project to root (in build file:/home/peng/git-release/__LEGACY/frameless/)
[warn] there are 23 keys that are not used by any other settings/tasks:
[warn]  
[warn] * cats / scalafmtFilter
[warn]   +- /home/peng/git-release/__LEGACY/frameless/project/Common.scala:12
[warn] * cats-spark33 / scalafmtFilter
[warn]   +- /home/peng/git-release/__LEGACY/frameless/project/Common.scala:12
[warn] * cats-spark34 / scalafmtFilter
[warn]   +- /home/peng/git-release/__LEGACY/frameless/project/Common.scala:12
[warn] * cats-spark40 / scalafmtFilter
[warn]   +- /home/peng/git-release/__LEGACY/frameless/project/Common.scala:12
[warn] * core / scalafmtFilter
[warn]   +- /home/peng/git-release/__LEGACY/frameless/project/Common.scala:12
[warn] * dataset / scalafmtFilter
[warn]   +- /home/peng/git-release/__LEGACY/frameless/project/Common.scala:12
[warn] * dataset-spark33 / scalafmtFilter
[warn]   +- /home/peng/git-release/__LEGACY/frameless/project/Common.scala:12
[warn] * dataset-spark34 / scalafmtFilter
[warn]   +- /home/peng/git-release/__LEGACY/frameless/project/Common.scala:12
[warn] * dataset-spark40 / scalafmtFilter
[warn]   +- /home/peng/git-release/__LEGACY/frameless/project/Common.scala:12
[warn] * docs / scalafmtFilter
[warn]   +- /home/peng/git-release/__LEGACY/frameless/project/Common.scala:12
[warn] * ml / scalafmtFilter
[warn]   +- /home/peng/git-release/__LEGACY/frameless/project/Common.scala:12
[warn] * ml-spark33 / scalafmtFilter
[warn]   +- /home/peng/git-release/__LEGACY/frameless/project/Common.scala:12
[warn] * ml-spark34 / scalafmtFilter
[warn]   +- /home/peng/git-release/__LEGACY/frameless/project/Common.scala:12
[warn] * ml-spark40 / scalafmtFilter
[warn]   +- /home/peng/git-release/__LEGACY/frameless/project/Common.scala:12
[warn] * refined / scalafmtFilter
[warn]   +- /home/peng/git-release/__LEGACY/frameless/project/Common.scala:12
[warn] * refined-spark33 / scalafmtFilter
[warn]   +- /home/peng/git-release/__LEGACY/frameless/project/Common.scala:12
[warn] * refined-spark34 / scalafmtFilter
[warn]   +- /home/peng/git-release/__LEGACY/frameless/project/Common.scala:12
[warn] * refined-spark40 / scalafmtFilter
[warn]   +- /home/peng/git-release/__LEGACY/frameless/project/Common.scala:12
[warn] * root / scalafmtFilter
[warn]   +- /home/peng/git-release/__LEGACY/frameless/project/Common.scala:12
[warn] * root-spark33 / scalafmtFilter
[warn]   +- /home/peng/git-release/__LEGACY/frameless/project/Common.scala:12
[warn] * root-spark34 / scalafmtFilter
[warn]   +- /home/peng/git-release/__LEGACY/frameless/project/Common.scala:12
[warn] * root-spark35 / scalafmtFilter
[warn]   +- /home/peng/git-release/__LEGACY/frameless/project/Common.scala:12
[warn] * root-spark40 / scalafmtFilter
[warn]   +- /home/peng/git-release/__LEGACY/frameless/project/Common.scala:12
[warn]  
[warn] note: a setting might still be used by a command; to exclude a key from this `lintUnused` check
[warn] either append it to `Global / excludeLintKeys` or call .withRank(KeyRanks.Invisible) on the key
[info] set current project to frameless-dataset-spark40 (in build file:/home/peng/git-release/__LEGACY/frameless/)
[info] PivotTest:
2025-10-11 19:43:18 [pool-1-thread-1] WARN  org.apache.hadoop.util.NativeCodeLoader:60 - Unable to load native-hadoop library for your platform... using builtin-java classes where applicable
[info] - X4[Boolean, String, Int, Boolean] pivot on String *** FAILED *** (5 seconds, 555 milliseconds)
[info]   AnalysisException was thrown during property evaluation.
[info]     Message: Aggregate expression required for pivot, but 'c' did not appear in any aggregate function.
[info]     Occurred when passed generated values (
[info]       arg0 = Vector() // 3 shrinks
[info]     )
[info]   org.scalatest.exceptions.GeneratorDrivenPropertyCheckFailedException:
[info]   at org.scalatestplus.scalacheck.CheckerAsserting$$anon$2.indicateFailure(CheckerAsserting.scala:251)
[info]   at org.scalatestplus.scalacheck.CheckerAsserting$$anon$2.indicateFailure(CheckerAsserting.scala:238)
[info]   at org.scalatestplus.scalacheck.UnitCheckerAsserting$CheckerAssertingImpl.check(CheckerAsserting.scala:160)
[info]   at org.scalatestplus.scalacheck.Checkers.check(Checkers.scala:371)
[info]   at org.scalatestplus.scalacheck.Checkers.check$(Checkers.scala:369)
[info]   at frameless.TypedDatasetSuite.check(TypedDatasetSuite.scala:70)
[info]   at frameless.ops.PivotTest.$anonfun$new$1(PivotTest.scala:51)
[info]   at org.scalatest.OutcomeOf.outcomeOf(OutcomeOf.scala:85)
[info]   at org.scalatest.OutcomeOf.outcomeOf$(OutcomeOf.scala:83)
[info]   at org.scalatest.OutcomeOf$.outcomeOf(OutcomeOf.scala:104)
[info]   at org.scalatest.Transformer.apply(Transformer.scala:22)
[info]   at org.scalatest.Transformer.apply(Transformer.scala:20)
[info]   at org.scalatest.funsuite.AnyFunSuiteLike$$anon$1.apply(AnyFunSuiteLike.scala:226)
[info]   at org.scalatest.TestSuite.withFixture(TestSuite.scala:196)
[info]   at org.scalatest.TestSuite.withFixture$(TestSuite.scala:195)
[info]   at org.scalatest.funsuite.AnyFunSuite.withFixture(AnyFunSuite.scala:1564)
[info]   at org.scalatest.funsuite.AnyFunSuiteLike.invokeWithFixture$1(AnyFunSuiteLike.scala:224)
[info]   at org.scalatest.funsuite.AnyFunSuiteLike.$anonfun$runTest$1(AnyFunSuiteLike.scala:236)
[info]   at org.scalatest.SuperEngine.runTestImpl(Engine.scala:306)
[info]   at org.scalatest.funsuite.AnyFunSuiteLike.runTest(AnyFunSuiteLike.scala:236)
[info]   at org.scalatest.funsuite.AnyFunSuiteLike.runTest$(AnyFunSuiteLike.scala:218)
[info]   at org.scalatest.funsuite.AnyFunSuite.runTest(AnyFunSuite.scala:1564)
[info]   at org.scalatest.funsuite.AnyFunSuiteLike.$anonfun$runTests$1(AnyFunSuiteLike.scala:269)
[info]   at org.scalatest.SuperEngine.$anonfun$runTestsInBranch$1(Engine.scala:413)
[info]   at scala.collection.immutable.List.foreach(List.scala:334)
[info]   at org.scalatest.SuperEngine.traverseSubNodes$1(Engine.scala:401)
[info]   at org.scalatest.SuperEngine.runTestsInBranch(Engine.scala:396)
[info]   at org.scalatest.SuperEngine.runTestsImpl(Engine.scala:475)
[info]   at org.scalatest.funsuite.AnyFunSuiteLike.runTests(AnyFunSuiteLike.scala:269)
[info]   at org.scalatest.funsuite.AnyFunSuiteLike.runTests$(AnyFunSuiteLike.scala:268)
[info]   at org.scalatest.funsuite.AnyFunSuite.runTests(AnyFunSuite.scala:1564)
[info]   at org.scalatest.Suite.run(Suite.scala:1114)
[info]   at org.scalatest.Suite.run$(Suite.scala:1096)
[info]   at org.scalatest.funsuite.AnyFunSuite.org$scalatest$funsuite$AnyFunSuiteLike$$super$run(AnyFunSuite.scala:1564)
[info]   at org.scalatest.funsuite.AnyFunSuiteLike.$anonfun$run$1(AnyFunSuiteLike.scala:273)
[info]   at org.scalatest.SuperEngine.runImpl(Engine.scala:535)
[info]   at org.scalatest.funsuite.AnyFunSuiteLike.run(AnyFunSuiteLike.scala:273)
[info]   at org.scalatest.funsuite.AnyFunSuiteLike.run$(AnyFunSuiteLike.scala:272)
[info]   at frameless.TypedDatasetSuite.org$scalatest$BeforeAndAfterAll$$super$run(TypedDatasetSuite.scala:70)
[info]   at org.scalatest.BeforeAndAfterAll.liftedTree1$1(BeforeAndAfterAll.scala:213)
[info]   at org.scalatest.BeforeAndAfterAll.run(BeforeAndAfterAll.scala:210)
[info]   at org.scalatest.BeforeAndAfterAll.run$(BeforeAndAfterAll.scala:208)
[info]   at frameless.TypedDatasetSuite.run(TypedDatasetSuite.scala:70)
[info]   at org.scalatest.tools.Framework.org$scalatest$tools$Framework$$runSuite(Framework.scala:321)
[info]   at org.scalatest.tools.Framework$ScalaTestTask.execute(Framework.scala:517)
[info]   at sbt.ForkMain$Run.lambda$runTest$1(ForkMain.java:414)
[info]   at java.base/java.util.concurrent.FutureTask.run(FutureTask.java:264)
[info]   at java.base/java.util.concurrent.ThreadPoolExecutor.runWorker(ThreadPoolExecutor.java:1136)
[info]   at java.base/java.util.concurrent.ThreadPoolExecutor$Worker.run(ThreadPoolExecutor.java:635)
[info]   at java.base/java.lang.Thread.run(Thread.java:840)
[info]   Cause: org.apache.spark.sql.AnalysisException: Aggregate expression required for pivot, but 'c' did not appear in any aggregate function.
[info]   at org.apache.spark.sql.errors.QueryCompilationErrors$.aggregateExpressionRequiredForPivotError(QueryCompilationErrors.scala:516)
[info]   at org.apache.spark.sql.catalyst.analysis.Analyzer$ResolvePivot$.org$apache$spark$sql$catalyst$analysis$Analyzer$ResolvePivot$$checkValidAggregateExpression(Analyzer.scala:977)
[info]   at org.apache.spark.sql.catalyst.analysis.Analyzer$ResolvePivot$.$anonfun$checkValidAggregateExpression$1(Analyzer.scala:978)
[info]   at org.apache.spark.sql.catalyst.analysis.Analyzer$ResolvePivot$.$anonfun$checkValidAggregateExpression$1$adapted(Analyzer.scala:978)
[info]   at scala.collection.immutable.Vector.foreach(Vector.scala:2125)
[info]   at org.apache.spark.sql.catalyst.analysis.Analyzer$ResolvePivot$.org$apache$spark$sql$catalyst$analysis$Analyzer$ResolvePivot$$checkValidAggregateExpression(Analyzer.scala:978)
[info]   at org.apache.spark.sql.catalyst.analysis.Analyzer$ResolvePivot$.$anonfun$checkValidAggregateExpression$1(Analyzer.scala:978)
[info]   at org.apache.spark.sql.catalyst.analysis.Analyzer$ResolvePivot$.$anonfun$checkValidAggregateExpression$1$adapted(Analyzer.scala:978)
[info]   at scala.collection.immutable.List.foreach(List.scala:334)
[info]   at org.apache.spark.sql.catalyst.analysis.Analyzer$ResolvePivot$.org$apache$spark$sql$catalyst$analysis$Analyzer$ResolvePivot$$checkValidAggregateExpression(Analyzer.scala:978)
[info]   at org.apache.spark.sql.catalyst.analysis.Analyzer$ResolvePivot$$anonfun$apply$8.$anonfun$applyOrElse$20(Analyzer.scala:870)
[info]   at org.apache.spark.sql.catalyst.analysis.Analyzer$ResolvePivot$$anonfun$apply$8.$anonfun$applyOrElse$20$adapted(Analyzer.scala:870)
[info]   at scala.collection.immutable.List.foreach(List.scala:334)
[info]   at org.apache.spark.sql.catalyst.analysis.Analyzer$ResolvePivot$$anonfun$apply$8.applyOrElse(Analyzer.scala:870)
[info]   at org.apache.spark.sql.catalyst.analysis.Analyzer$ResolvePivot$$anonfun$apply$8.applyOrElse(Analyzer.scala:861)
[info]   at org.apache.spark.sql.catalyst.plans.logical.AnalysisHelper.$anonfun$resolveOperatorsDownWithPruning$2(AnalysisHelper.scala:200)
[info]   at org.apache.spark.sql.catalyst.trees.CurrentOrigin$.withOrigin(origin.scala:86)
[info]   at org.apache.spark.sql.catalyst.plans.logical.AnalysisHelper.$anonfun$resolveOperatorsDownWithPruning$1(AnalysisHelper.scala:200)
[info]   at org.apache.spark.sql.catalyst.plans.logical.AnalysisHelper$.allowInvokingTransformsInAnalyzer(AnalysisHelper.scala:416)
[info]   at org.apache.spark.sql.catalyst.plans.logical.AnalysisHelper.resolveOperatorsDownWithPruning(AnalysisHelper.scala:198)
[info]   at org.apache.spark.sql.catalyst.plans.logical.AnalysisHelper.resolveOperatorsDownWithPruning$(AnalysisHelper.scala:194)
[info]   at org.apache.spark.sql.catalyst.plans.logical.LogicalPlan.resolveOperatorsDownWithPruning(LogicalPlan.scala:37)
[info]   at org.apache.spark.sql.catalyst.plans.logical.AnalysisHelper.resolveOperatorsWithPruning(AnalysisHelper.scala:100)
[info]   at org.apache.spark.sql.catalyst.plans.logical.AnalysisHelper.resolveOperatorsWithPruning$(AnalysisHelper.scala:97)
[info]   at org.apache.spark.sql.catalyst.plans.logical.LogicalPlan.resolveOperatorsWithPruning(LogicalPlan.scala:37)
[info]   at org.apache.spark.sql.catalyst.analysis.Analyzer$ResolvePivot$.apply(Analyzer.scala:861)
[info]   at org.apache.spark.sql.catalyst.analysis.Analyzer$ResolvePivot$.apply(Analyzer.scala:859)
[info]   at org.apache.spark.sql.catalyst.rules.RuleExecutor.$anonfun$execute$2(RuleExecutor.scala:242)
[info]   at scala.collection.LinearSeqOps.foldLeft(LinearSeq.scala:183)
[info]   at scala.collection.LinearSeqOps.foldLeft$(LinearSeq.scala:179)
[info]   at scala.collection.immutable.List.foldLeft(List.scala:79)
[info]   at org.apache.spark.sql.catalyst.rules.RuleExecutor.$anonfun$execute$1(RuleExecutor.scala:239)
[info]   at org.apache.spark.sql.catalyst.rules.RuleExecutor.$anonfun$execute$1$adapted(RuleExecutor.scala:231)
[info]   at scala.collection.immutable.List.foreach(List.scala:334)
[info]   at org.apache.spark.sql.catalyst.rules.RuleExecutor.execute(RuleExecutor.scala:231)
[info]   at org.apache.spark.sql.catalyst.analysis.Analyzer.org$apache$spark$sql$catalyst$analysis$Analyzer$$executeSameContext(Analyzer.scala:340)
[info]   at org.apache.spark.sql.catalyst.analysis.Analyzer.$anonfun$execute$1(Analyzer.scala:336)
[info]   at org.apache.spark.sql.catalyst.analysis.AnalysisContext$.withNewAnalysisContext(Analyzer.scala:234)
[info]   at org.apache.spark.sql.catalyst.analysis.Analyzer.execute(Analyzer.scala:336)
[info]   at org.apache.spark.sql.catalyst.analysis.Analyzer.execute(Analyzer.scala:299)
[info]   at org.apache.spark.sql.catalyst.rules.RuleExecutor.$anonfun$executeAndTrack$1(RuleExecutor.scala:201)
[info]   at org.apache.spark.sql.catalyst.QueryPlanningTracker$.withTracker(QueryPlanningTracker.scala:89)
[info]   at org.apache.spark.sql.catalyst.rules.RuleExecutor.executeAndTrack(RuleExecutor.scala:201)
[info]   at org.apache.spark.sql.catalyst.analysis.resolver.HybridAnalyzer.resolveInFixedPoint(HybridAnalyzer.scala:190)
[info]   at org.apache.spark.sql.catalyst.analysis.resolver.HybridAnalyzer.$anonfun$apply$1(HybridAnalyzer.scala:76)
[info]   at org.apache.spark.sql.catalyst.analysis.resolver.HybridAnalyzer.withTrackedAnalyzerBridgeState(HybridAnalyzer.scala:111)
[info]   at org.apache.spark.sql.catalyst.analysis.resolver.HybridAnalyzer.apply(HybridAnalyzer.scala:71)
[info]   at org.apache.spark.sql.catalyst.analysis.Analyzer.$anonfun$executeAndCheck$1(Analyzer.scala:330)
[info]   at org.apache.spark.sql.catalyst.plans.logical.AnalysisHelper$.markInAnalyzer(AnalysisHelper.scala:423)
[info]   at org.apache.spark.sql.catalyst.analysis.Analyzer.executeAndCheck(Analyzer.scala:330)
[info]   at org.apache.spark.sql.execution.QueryExecution.$anonfun$lazyAnalyzed$2(QueryExecution.scala:110)
[info]   at org.apache.spark.sql.catalyst.QueryPlanningTracker.measurePhase(QueryPlanningTracker.scala:148)
[info]   at org.apache.spark.sql.execution.QueryExecution.$anonfun$executePhase$2(QueryExecution.scala:278)
[info]   at org.apache.spark.sql.execution.QueryExecution$.withInternalError(QueryExecution.scala:654)
[info]   at org.apache.spark.sql.execution.QueryExecution.$anonfun$executePhase$1(QueryExecution.scala:278)
[info]   at org.apache.spark.sql.SparkSession.withActive(SparkSession.scala:804)
[info]   at org.apache.spark.sql.execution.QueryExecution.executePhase(QueryExecution.scala:277)
[info]   at org.apache.spark.sql.execution.QueryExecution.$anonfun$lazyAnalyzed$1(QueryExecution.scala:110)
[info]   at scala.util.Try$.apply(Try.scala:217)
[info]   at org.apache.spark.util.Utils$.doTryWithCallerStacktrace(Utils.scala:1378)
[info]   at org.apache.spark.util.Utils$.getTryWithCallerStacktrace(Utils.scala:1439)
[info]   at org.apache.spark.util.LazyTry.get(LazyTry.scala:58)
[info]   at org.apache.spark.sql.execution.QueryExecution.analyzed(QueryExecution.scala:121)
[info]   at org.apache.spark.sql.execution.QueryExecution.assertAnalyzed(QueryExecution.scala:80)
[info]   at org.apache.spark.sql.classic.Dataset$.$anonfun$ofRows$1(Dataset.scala:115)
[info]   at org.apache.spark.sql.SparkSession.withActive(SparkSession.scala:804)
[info]   at org.apache.spark.sql.classic.Dataset$.ofRows(Dataset.scala:113)
[info]   at org.apache.spark.sql.classic.RelationalGroupedDataset.toDF(RelationalGroupedDataset.scala:101)
[info]   at org.apache.spark.sql.classic.RelationalGroupedDataset.toDF(RelationalGroupedDataset.scala:54)
[info]   at org.apache.spark.sql.RelationalGroupedDataset.agg(RelationalGroupedDataset.scala:158)
[info]   at org.apache.spark.sql.classic.RelationalGroupedDataset.agg(RelationalGroupedDataset.scala:147)
[info]   at org.apache.spark.sql.classic.RelationalGroupedDataset.agg(RelationalGroupedDataset.scala:54)
[info]   at frameless.ops.Pivot$agg$.applyProduct(GroupByOps.scala:365)
[info]   at frameless.ops.PivotTest.prop$1(PivotTest.scala:30)
[info]   at frameless.ops.PivotTest.$anonfun$new$52(PivotTest.scala:51)
[info]   at org.scalacheck.Prop$.$anonfun$forAllShrink$2(Prop.scala:868)
[info]   at org.scalacheck.Prop$.secure(Prop.scala:484)
[info]   at org.scalacheck.Prop$.result$1(Prop.scala:868)
[info]   at org.scalacheck.Prop$.$anonfun$forAllShrink$4(Prop.scala:880)
[info]   at scala.collection.immutable.Stream.map(Stream.scala:173)
[info]   at org.scalacheck.Prop$.getFirstFailure$1(Prop.scala:880)
[info]   at org.scalacheck.Prop$.shrinker$1(Prop.scala:895)
[info]   at org.scalacheck.Prop$.$anonfun$forAllShrink$1(Prop.scala:916)
[info]   at org.scalacheck.Prop$.$anonfun$apply$1(Prop.scala:305)
[info]   at org.scalacheck.PropFromFun.apply(Prop.scala:20)
[info]   at org.scalacheck.Test$.workerFun$1(Test.scala:486)
[info]   at org.scalacheck.Test$.$anonfun$check$4(Test.scala:518)
[info]   at org.scalacheck.Test$.$anonfun$check$4$adapted(Test.scala:518)
[info]   at org.scalacheck.Platform$.runWorkers(Platform.scala:42)
[info]   at org.scalacheck.Test$.check(Test.scala:518)
[info]   at org.scalatestplus.scalacheck.UnitCheckerAsserting$CheckerAssertingImpl.check(CheckerAsserting.scala:90)
[info]   at org.scalatestplus.scalacheck.Checkers.check(Checkers.scala:371)
[info]   at org.scalatestplus.scalacheck.Checkers.check$(Checkers.scala:369)
[info]   at frameless.TypedDatasetSuite.check(TypedDatasetSuite.scala:70)
[info]   at frameless.ops.PivotTest.$anonfun$new$1(PivotTest.scala:51)
[info]   at org.scalatest.OutcomeOf.outcomeOf(OutcomeOf.scala:85)
[info]   at org.scalatest.OutcomeOf.outcomeOf$(OutcomeOf.scala:83)
[info]   at org.scalatest.OutcomeOf$.outcomeOf(OutcomeOf.scala:104)
[info]   at org.scalatest.Transformer.apply(Transformer.scala:22)
[info]   at org.scalatest.Transformer.apply(Transformer.scala:20)
[info]   at org.scalatest.funsuite.AnyFunSuiteLike$$anon$1.apply(AnyFunSuiteLike.scala:226)
[info]   at org.scalatest.TestSuite.withFixture(TestSuite.scala:196)
[info]   at org.scalatest.TestSuite.withFixture$(TestSuite.scala:195)
[info]   at org.scalatest.funsuite.AnyFunSuite.withFixture(AnyFunSuite.scala:1564)
[info]   at org.scalatest.funsuite.AnyFunSuiteLike.invokeWithFixture$1(AnyFunSuiteLike.scala:224)
[info]   at org.scalatest.funsuite.AnyFunSuiteLike.$anonfun$runTest$1(AnyFunSuiteLike.scala:236)
[info]   at org.scalatest.SuperEngine.runTestImpl(Engine.scala:306)
[info]   at org.scalatest.funsuite.AnyFunSuiteLike.runTest(AnyFunSuiteLike.scala:236)
[info]   at org.scalatest.funsuite.AnyFunSuiteLike.runTest$(AnyFunSuiteLike.scala:218)
[info]   at org.scalatest.funsuite.AnyFunSuite.runTest(AnyFunSuite.scala:1564)
[info]   at org.scalatest.funsuite.AnyFunSuiteLike.$anonfun$runTests$1(AnyFunSuiteLike.scala:269)
[info]   at org.scalatest.SuperEngine.$anonfun$runTestsInBranch$1(Engine.scala:413)
[info]   at scala.collection.immutable.List.foreach(List.scala:334)
[info]   at org.scalatest.SuperEngine.traverseSubNodes$1(Engine.scala:401)
[info]   at org.scalatest.SuperEngine.runTestsInBranch(Engine.scala:396)
[info]   at org.scalatest.SuperEngine.runTestsImpl(Engine.scala:475)
[info]   at org.scalatest.funsuite.AnyFunSuiteLike.runTests(AnyFunSuiteLike.scala:269)
[info]   at org.scalatest.funsuite.AnyFunSuiteLike.runTests$(AnyFunSuiteLike.scala:268)
[info]   at org.scalatest.funsuite.AnyFunSuite.runTests(AnyFunSuite.scala:1564)
[info]   at org.scalatest.Suite.run(Suite.scala:1114)
[info]   at org.scalatest.Suite.run$(Suite.scala:1096)
[info]   at org.scalatest.funsuite.AnyFunSuite.org$scalatest$funsuite$AnyFunSuiteLike$$super$run(AnyFunSuite.scala:1564)
[info]   at org.scalatest.funsuite.AnyFunSuiteLike.$anonfun$run$1(AnyFunSuiteLike.scala:273)
[info]   at org.scalatest.SuperEngine.runImpl(Engine.scala:535)
[info]   at org.scalatest.funsuite.AnyFunSuiteLike.run(AnyFunSuiteLike.scala:273)
[info]   at org.scalatest.funsuite.AnyFunSuiteLike.run$(AnyFunSuiteLike.scala:272)
[info]   at frameless.TypedDatasetSuite.org$scalatest$BeforeAndAfterAll$$super$run(TypedDatasetSuite.scala:70)
[info]   at org.scalatest.BeforeAndAfterAll.liftedTree1$1(BeforeAndAfterAll.scala:213)
[info]   at org.scalatest.BeforeAndAfterAll.run(BeforeAndAfterAll.scala:210)
[info]   at org.scalatest.BeforeAndAfterAll.run$(BeforeAndAfterAll.scala:208)
[info]   at frameless.TypedDatasetSuite.run(TypedDatasetSuite.scala:70)
[info]   at org.scalatest.tools.Framework.org$scalatest$tools$Framework$$runSuite(Framework.scala:321)
[info]   at org.scalatest.tools.Framework$ScalaTestTask.execute(Framework.scala:517)
[info]   at sbt.ForkMain$Run.lambda$runTest$1(ForkMain.java:414)
[info]   at java.base/java.util.concurrent.FutureTask.run(FutureTask.java:264)
[info]   at java.base/java.util.concurrent.ThreadPoolExecutor.runWorker(ThreadPoolExecutor.java:1136)
[info]   at java.base/java.util.concurrent.ThreadPoolExecutor$Worker.run(ThreadPoolExecutor.java:635)
[info]   at java.base/java.lang.Thread.run(Thread.java:840)
[info] - Pivot on Boolean (3 seconds, 874 milliseconds)
[info] - Pivot with groupBy on two columns, pivot on Long (1 second, 380 milliseconds)
[info] - Pivot with cube on two columns, pivot on Long (431 milliseconds)
[info] - Pivot with cube on Boolean (411 milliseconds)
[info] - Pivot with rollup on two columns, pivot on Long (420 milliseconds)
[info] - Pivot with rollup on Boolean (344 milliseconds)
[info] Run completed in 24 seconds, 136 milliseconds.
[info] Total number of tests run: 7
[info] Suites: completed 1, aborted 0
[info] Tests: succeeded 6, failed 1, canceled 0, ignored 0, pending 0
[info] *** 1 TEST FAILED ***
[error] Failed tests:
[error] 	frameless.ops.PivotTest
[error] (Test / testOnly) sbt.TestsFailedException: Tests unsuccessful
[error] Total time: 30 s, completed Oct. 11, 2025, 7:43:34 p.m.
