[info] welcome to sbt 1.11.6 (Oracle Corporation Java 21.0.8)
[info] loading global plugins from C:\Users\pengc\.sbt\1.0\plugins
[info] loading settings for project frameless-build-build-build from metals.sbt...
[info] loading project definition from D:\git-release\__LEGACY\frameless\project\project\project
[info] loading settings for project frameless-build-build from metals.sbt...
[info] loading project definition from D:\git-release\__LEGACY\frameless\project\project
[success] Generated .bloop\frameless-build-build.json
[success] Total time: 14 s, completed Oct 2, 2025, 3:06:17 a.m.
[info] loading settings for project frameless-build from metals.sbt, plugins.sbt...
[info] loading project definition from D:\git-release\__LEGACY\frameless\project
[success] Generated .bloop\frameless-build.json
[success] Total time: 7 s, completed Oct 2, 2025, 3:06:25 a.m.
[info] loading settings for project root from build.sbt, github.sbt...
[info] resolving key references (21985 settings) ...
[info] set scmInfo to https://github.com/typelevel/frameless
[info] set current project to root (in build file:/D:/git-release/__LEGACY/frameless/)
[warn] there are 23 keys that are not used by any other settings/tasks:
[warn]  
[warn] * cats / scalafmtFilter
[warn]   +- D:\git-release\__LEGACY\frameless\project\Common.scala:12
[warn] * cats-spark33 / scalafmtFilter
[warn]   +- D:\git-release\__LEGACY\frameless\project\Common.scala:12
[warn] * cats-spark34 / scalafmtFilter
[warn]   +- D:\git-release\__LEGACY\frameless\project\Common.scala:12
[warn] * cats-spark40 / scalafmtFilter
[warn]   +- D:\git-release\__LEGACY\frameless\project\Common.scala:12
[warn] * core / scalafmtFilter
[warn]   +- D:\git-release\__LEGACY\frameless\project\Common.scala:12
[warn] * dataset / scalafmtFilter
[warn]   +- D:\git-release\__LEGACY\frameless\project\Common.scala:12
[warn] * dataset-spark33 / scalafmtFilter
[warn]   +- D:\git-release\__LEGACY\frameless\project\Common.scala:12
[warn] * dataset-spark34 / scalafmtFilter
[warn]   +- D:\git-release\__LEGACY\frameless\project\Common.scala:12
[warn] * dataset-spark40 / scalafmtFilter
[warn]   +- D:\git-release\__LEGACY\frameless\project\Common.scala:12
[warn] * docs / scalafmtFilter
[warn]   +- D:\git-release\__LEGACY\frameless\project\Common.scala:12
[warn] * ml / scalafmtFilter
[warn]   +- D:\git-release\__LEGACY\frameless\project\Common.scala:12
[warn] * ml-spark33 / scalafmtFilter
[warn]   +- D:\git-release\__LEGACY\frameless\project\Common.scala:12
[warn] * ml-spark34 / scalafmtFilter
[warn]   +- D:\git-release\__LEGACY\frameless\project\Common.scala:12
[warn] * ml-spark40 / scalafmtFilter
[warn]   +- D:\git-release\__LEGACY\frameless\project\Common.scala:12
[warn] * refined / scalafmtFilter
[warn]   +- D:\git-release\__LEGACY\frameless\project\Common.scala:12
[warn] * refined-spark33 / scalafmtFilter
[warn]   +- D:\git-release\__LEGACY\frameless\project\Common.scala:12
[warn] * refined-spark34 / scalafmtFilter
[warn]   +- D:\git-release\__LEGACY\frameless\project\Common.scala:12
[warn] * refined-spark40 / scalafmtFilter
[warn]   +- D:\git-release\__LEGACY\frameless\project\Common.scala:12
[warn] * root / scalafmtFilter
[warn]   +- D:\git-release\__LEGACY\frameless\project\Common.scala:12
[warn] * root-spark33 / scalafmtFilter
[warn]   +- D:\git-release\__LEGACY\frameless\project\Common.scala:12
[warn] * root-spark34 / scalafmtFilter
[warn]   +- D:\git-release\__LEGACY\frameless\project\Common.scala:12
[warn] * root-spark35 / scalafmtFilter
[warn]   +- D:\git-release\__LEGACY\frameless\project\Common.scala:12
[warn] * root-spark40 / scalafmtFilter
[warn]   +- D:\git-release\__LEGACY\frameless\project\Common.scala:12
[warn]  
[warn] note: a setting might still be used by a command; to exclude a key from this `lintUnused` check
[warn] either append it to `Global / excludeLintKeys` or call .withRank(KeyRanks.Invisible) on the key
[info] set current project to frameless-dataset-spark40 (in build file:/D:/git-release/__LEGACY/frameless/)
[info] QueryExecutionTests:
2025-10-02 03:06:48 [pool-1-thread-1] WARN  org.apache.hadoop.util.Shell:746 - Did not find winutils.exe: java.io.FileNotFoundException: java.io.FileNotFoundException: HADOOP_HOME and hadoop.home.dir are unset. -see https://cwiki.apache.org/confluence/display/HADOOP2/WindowsProblems
2025-10-02 03:06:48 [pool-1-thread-1] WARN  org.apache.hadoop.util.NativeCodeLoader:60 - Unable to load native-hadoop library for your platform... using builtin-java classes where applicable
[info] - queryExecution *** FAILED *** (319 milliseconds)
[info]   IllegalArgumentException was thrown during property evaluation.
[info]     Message: argument type mismatch
[info]     Occurred when passed generated values (
[info]       arg0 = Vector()
[info]     )
[info]   org.scalatest.exceptions.GeneratorDrivenPropertyCheckFailedException:
[info]   at org.scalatestplus.scalacheck.CheckerAsserting$$anon$2.indicateFailure(CheckerAsserting.scala:251)
[info]   at org.scalatestplus.scalacheck.CheckerAsserting$$anon$2.indicateFailure(CheckerAsserting.scala:238)
[info]   at org.scalatestplus.scalacheck.UnitCheckerAsserting$CheckerAssertingImpl.check(CheckerAsserting.scala:160)
[info]   at org.scalatestplus.scalacheck.Checkers.check(Checkers.scala:371)
[info]   at org.scalatestplus.scalacheck.Checkers.check$(Checkers.scala:369)
[info]   at frameless.TypedDatasetSuite.check(TypedDatasetSuite.scala:63)
[info]   at frameless.QueryExecutionTests.$anonfun$new$1(QueryExecutionTests.scala:14)
[info]   at org.scalatest.OutcomeOf.outcomeOf(OutcomeOf.scala:85)
[info]   at org.scalatest.OutcomeOf.outcomeOf$(OutcomeOf.scala:83)
[info]   at org.scalatest.OutcomeOf$.outcomeOf(OutcomeOf.scala:104)
[info]   at org.scalatest.Transformer.apply(Transformer.scala:22)
[info]   at org.scalatest.Transformer.apply(Transformer.scala:20)
[info]   at org.scalatest.funsuite.AnyFunSuiteLike$$anon$1.apply(AnyFunSuiteLike.scala:226)
[info]   at org.scalatest.TestSuite.withFixture(TestSuite.scala:196)
[info]   at org.scalatest.TestSuite.withFixture$(TestSuite.scala:195)
[info]   at org.scalatest.funsuite.AnyFunSuite.withFixture(AnyFunSuite.scala:1564)
[info]   at org.scalatest.funsuite.AnyFunSuiteLike.invokeWithFixture$1(AnyFunSuiteLike.scala:224)
[info]   at org.scalatest.funsuite.AnyFunSuiteLike.$anonfun$runTest$1(AnyFunSuiteLike.scala:236)
[info]   at org.scalatest.SuperEngine.runTestImpl(Engine.scala:306)
[info]   at org.scalatest.funsuite.AnyFunSuiteLike.runTest(AnyFunSuiteLike.scala:236)
[info]   at org.scalatest.funsuite.AnyFunSuiteLike.runTest$(AnyFunSuiteLike.scala:218)
[info]   at org.scalatest.funsuite.AnyFunSuite.runTest(AnyFunSuite.scala:1564)
[info]   at org.scalatest.funsuite.AnyFunSuiteLike.$anonfun$runTests$1(AnyFunSuiteLike.scala:269)
[info]   at org.scalatest.SuperEngine.$anonfun$runTestsInBranch$1(Engine.scala:413)
[info]   at scala.collection.immutable.List.foreach(List.scala:334)
[info]   at org.scalatest.SuperEngine.traverseSubNodes$1(Engine.scala:401)
[info]   at org.scalatest.SuperEngine.runTestsInBranch(Engine.scala:396)
[info]   at org.scalatest.SuperEngine.runTestsImpl(Engine.scala:475)
[info]   at org.scalatest.funsuite.AnyFunSuiteLike.runTests(AnyFunSuiteLike.scala:269)
[info]   at org.scalatest.funsuite.AnyFunSuiteLike.runTests$(AnyFunSuiteLike.scala:268)
[info]   at org.scalatest.funsuite.AnyFunSuite.runTests(AnyFunSuite.scala:1564)
[info]   at org.scalatest.Suite.run(Suite.scala:1114)
[info]   at org.scalatest.Suite.run$(Suite.scala:1096)
[info]   at org.scalatest.funsuite.AnyFunSuite.org$scalatest$funsuite$AnyFunSuiteLike$$super$run(AnyFunSuite.scala:1564)
[info]   at org.scalatest.funsuite.AnyFunSuiteLike.$anonfun$run$1(AnyFunSuiteLike.scala:273)
[info]   at org.scalatest.SuperEngine.runImpl(Engine.scala:535)
[info]   at org.scalatest.funsuite.AnyFunSuiteLike.run(AnyFunSuiteLike.scala:273)
[info]   at org.scalatest.funsuite.AnyFunSuiteLike.run$(AnyFunSuiteLike.scala:272)
[info]   at frameless.TypedDatasetSuite.org$scalatest$BeforeAndAfterAll$$super$run(TypedDatasetSuite.scala:63)
[info]   at org.scalatest.BeforeAndAfterAll.liftedTree1$1(BeforeAndAfterAll.scala:213)
[info]   at org.scalatest.BeforeAndAfterAll.run(BeforeAndAfterAll.scala:210)
[info]   at org.scalatest.BeforeAndAfterAll.run$(BeforeAndAfterAll.scala:208)
[info]   at frameless.TypedDatasetSuite.run(TypedDatasetSuite.scala:63)
[info]   at org.scalatest.tools.Framework.org$scalatest$tools$Framework$$runSuite(Framework.scala:321)
[info]   at org.scalatest.tools.Framework$ScalaTestTask.execute(Framework.scala:517)
[info]   at sbt.ForkMain$Run.lambda$runTest$1(ForkMain.java:414)
[info]   at java.base/java.util.concurrent.FutureTask.run(FutureTask.java:317)
[info]   at java.base/java.util.concurrent.ThreadPoolExecutor.runWorker(ThreadPoolExecutor.java:1144)
[info]   at java.base/java.util.concurrent.ThreadPoolExecutor$Worker.run(ThreadPoolExecutor.java:642)
[info]   at java.base/java.lang.Thread.run(Thread.java:1583)
[info]   Cause: java.lang.IllegalArgumentException: argument type mismatch
[info]   at java.base/jdk.internal.reflect.DirectConstructorHandleAccessor.newInstance(DirectConstructorHandleAccessor.java:65)
[info]   at java.base/java.lang.reflect.Constructor.newInstanceWithCaller(Constructor.java:502)
[info]   at java.base/java.lang.reflect.Constructor.newInstance(Constructor.java:486)
[info]   at frameless.TypedExpressionEncoder$.$anonfun$apply$3(TypedExpressionEncoder.scala:55)
[info]   at scala.Option.map(Option.scala:242)
[info]   at frameless.TypedExpressionEncoder$.apply(TypedExpressionEncoder.scala:54)
[info]   at frameless.TypedDataset$.create(TypedDataset.scala:1325)
[info]   at frameless.QueryExecutionTests.prop$1(QueryExecutionTests.scala:9)
[info]   at frameless.QueryExecutionTests.$anonfun$new$4(QueryExecutionTests.scala:14)
[info]   at scala.Function1.$anonfun$andThen$1(Function1.scala:87)
[info]   at org.scalacheck.Prop$.$anonfun$forAllShrink$2(Prop.scala:868)
[info]   at org.scalacheck.Prop$.secure(Prop.scala:484)
[info]   at org.scalacheck.Prop$.result$1(Prop.scala:868)
[info]   at org.scalacheck.Prop$.$anonfun$forAllShrink$1(Prop.scala:915)
[info]   at org.scalacheck.Prop$.$anonfun$apply$1(Prop.scala:305)
[info]   at org.scalacheck.PropFromFun.apply(Prop.scala:20)
[info]   at org.scalacheck.Test$.workerFun$1(Test.scala:486)
[info]   at org.scalacheck.Test$.$anonfun$check$4(Test.scala:518)
[info]   at org.scalacheck.Test$.$anonfun$check$4$adapted(Test.scala:518)
[info]   at org.scalacheck.Platform$.runWorkers(Platform.scala:42)
[info]   at org.scalacheck.Test$.check(Test.scala:518)
[info]   at org.scalatestplus.scalacheck.UnitCheckerAsserting$CheckerAssertingImpl.check(CheckerAsserting.scala:90)
[info]   at org.scalatestplus.scalacheck.Checkers.check(Checkers.scala:371)
[info]   at org.scalatestplus.scalacheck.Checkers.check$(Checkers.scala:369)
[info]   at frameless.TypedDatasetSuite.check(TypedDatasetSuite.scala:63)
[info]   at frameless.QueryExecutionTests.$anonfun$new$1(QueryExecutionTests.scala:14)
[info]   at org.scalatest.OutcomeOf.outcomeOf(OutcomeOf.scala:85)
[info]   at org.scalatest.OutcomeOf.outcomeOf$(OutcomeOf.scala:83)
[info]   at org.scalatest.OutcomeOf$.outcomeOf(OutcomeOf.scala:104)
[info]   at org.scalatest.Transformer.apply(Transformer.scala:22)
[info]   at org.scalatest.Transformer.apply(Transformer.scala:20)
[info]   at org.scalatest.funsuite.AnyFunSuiteLike$$anon$1.apply(AnyFunSuiteLike.scala:226)
[info]   at org.scalatest.TestSuite.withFixture(TestSuite.scala:196)
[info]   at org.scalatest.TestSuite.withFixture$(TestSuite.scala:195)
[info]   at org.scalatest.funsuite.AnyFunSuite.withFixture(AnyFunSuite.scala:1564)
[info]   at org.scalatest.funsuite.AnyFunSuiteLike.invokeWithFixture$1(AnyFunSuiteLike.scala:224)
[info]   at org.scalatest.funsuite.AnyFunSuiteLike.$anonfun$runTest$1(AnyFunSuiteLike.scala:236)
[info]   at org.scalatest.SuperEngine.runTestImpl(Engine.scala:306)
[info]   at org.scalatest.funsuite.AnyFunSuiteLike.runTest(AnyFunSuiteLike.scala:236)
[info]   at org.scalatest.funsuite.AnyFunSuiteLike.runTest$(AnyFunSuiteLike.scala:218)
[info]   at org.scalatest.funsuite.AnyFunSuite.runTest(AnyFunSuite.scala:1564)
[info]   at org.scalatest.funsuite.AnyFunSuiteLike.$anonfun$runTests$1(AnyFunSuiteLike.scala:269)
[info]   at org.scalatest.SuperEngine.$anonfun$runTestsInBranch$1(Engine.scala:413)
[info]   at scala.collection.immutable.List.foreach(List.scala:334)
[info]   at org.scalatest.SuperEngine.traverseSubNodes$1(Engine.scala:401)
[info]   at org.scalatest.SuperEngine.runTestsInBranch(Engine.scala:396)
[info]   at org.scalatest.SuperEngine.runTestsImpl(Engine.scala:475)
[info]   at org.scalatest.funsuite.AnyFunSuiteLike.runTests(AnyFunSuiteLike.scala:269)
[info]   at org.scalatest.funsuite.AnyFunSuiteLike.runTests$(AnyFunSuiteLike.scala:268)
[info]   at org.scalatest.funsuite.AnyFunSuite.runTests(AnyFunSuite.scala:1564)
[info]   at org.scalatest.Suite.run(Suite.scala:1114)
[info]   at org.scalatest.Suite.run$(Suite.scala:1096)
[info]   at org.scalatest.funsuite.AnyFunSuite.org$scalatest$funsuite$AnyFunSuiteLike$$super$run(AnyFunSuite.scala:1564)
[info]   at org.scalatest.funsuite.AnyFunSuiteLike.$anonfun$run$1(AnyFunSuiteLike.scala:273)
[info]   at org.scalatest.SuperEngine.runImpl(Engine.scala:535)
[info]   at org.scalatest.funsuite.AnyFunSuiteLike.run(AnyFunSuiteLike.scala:273)
[info]   at org.scalatest.funsuite.AnyFunSuiteLike.run$(AnyFunSuiteLike.scala:272)
[info]   at frameless.TypedDatasetSuite.org$scalatest$BeforeAndAfterAll$$super$run(TypedDatasetSuite.scala:63)
[info]   at org.scalatest.BeforeAndAfterAll.liftedTree1$1(BeforeAndAfterAll.scala:213)
[info]   at org.scalatest.BeforeAndAfterAll.run(BeforeAndAfterAll.scala:210)
[info]   at org.scalatest.BeforeAndAfterAll.run$(BeforeAndAfterAll.scala:208)
[info]   at frameless.TypedDatasetSuite.run(TypedDatasetSuite.scala:63)
[info]   at org.scalatest.tools.Framework.org$scalatest$tools$Framework$$runSuite(Framework.scala:321)
[info]   at org.scalatest.tools.Framework$ScalaTestTask.execute(Framework.scala:517)
[info]   at sbt.ForkMain$Run.lambda$runTest$1(ForkMain.java:414)
[info]   at java.base/java.util.concurrent.FutureTask.run(FutureTask.java:317)
[info]   at java.base/java.util.concurrent.ThreadPoolExecutor.runWorker(ThreadPoolExecutor.java:1144)
[info]   at java.base/java.util.concurrent.ThreadPoolExecutor$Worker.run(ThreadPoolExecutor.java:642)
[info]   at java.base/java.lang.Thread.run(Thread.java:1583)
[info]   Cause: java.lang.ClassCastException: Cannot cast scala.reflect.ManifestFactory$IntManifest to org.apache.spark.sql.catalyst.expressions.Expression
[info]   at java.base/java.lang.Class.cast(Class.java:4067)
[info]   at java.base/jdk.internal.reflect.DirectConstructorHandleAccessor.newInstance(DirectConstructorHandleAccessor.java:62)
[info]   at java.base/java.lang.reflect.Constructor.newInstanceWithCaller(Constructor.java:502)
[info]   at java.base/java.lang.reflect.Constructor.newInstance(Constructor.java:486)
[info]   at frameless.TypedExpressionEncoder$.$anonfun$apply$3(TypedExpressionEncoder.scala:55)
[info]   at scala.Option.map(Option.scala:242)
[info]   at frameless.TypedExpressionEncoder$.apply(TypedExpressionEncoder.scala:54)
[info]   at frameless.TypedDataset$.create(TypedDataset.scala:1325)
[info]   at frameless.QueryExecutionTests.prop$1(QueryExecutionTests.scala:9)
[info]   at frameless.QueryExecutionTests.$anonfun$new$4(QueryExecutionTests.scala:14)
[info]   at scala.Function1.$anonfun$andThen$1(Function1.scala:87)
[info]   at org.scalacheck.Prop$.$anonfun$forAllShrink$2(Prop.scala:868)
[info]   at org.scalacheck.Prop$.secure(Prop.scala:484)
[info]   at org.scalacheck.Prop$.result$1(Prop.scala:868)
[info]   at org.scalacheck.Prop$.$anonfun$forAllShrink$1(Prop.scala:915)
[info]   at org.scalacheck.Prop$.$anonfun$apply$1(Prop.scala:305)
[info]   at org.scalacheck.PropFromFun.apply(Prop.scala:20)
[info]   at org.scalacheck.Test$.workerFun$1(Test.scala:486)
[info]   at org.scalacheck.Test$.$anonfun$check$4(Test.scala:518)
[info]   at org.scalacheck.Test$.$anonfun$check$4$adapted(Test.scala:518)
[info]   at org.scalacheck.Platform$.runWorkers(Platform.scala:42)
[info]   at org.scalacheck.Test$.check(Test.scala:518)
[info]   at org.scalatestplus.scalacheck.UnitCheckerAsserting$CheckerAssertingImpl.check(CheckerAsserting.scala:90)
[info]   at org.scalatestplus.scalacheck.Checkers.check(Checkers.scala:371)
[info]   at org.scalatestplus.scalacheck.Checkers.check$(Checkers.scala:369)
[info]   at frameless.TypedDatasetSuite.check(TypedDatasetSuite.scala:63)
[info]   at frameless.QueryExecutionTests.$anonfun$new$1(QueryExecutionTests.scala:14)
[info]   at org.scalatest.OutcomeOf.outcomeOf(OutcomeOf.scala:85)
[info]   at org.scalatest.OutcomeOf.outcomeOf$(OutcomeOf.scala:83)
[info]   at org.scalatest.OutcomeOf$.outcomeOf(OutcomeOf.scala:104)
[info]   at org.scalatest.Transformer.apply(Transformer.scala:22)
[info]   at org.scalatest.Transformer.apply(Transformer.scala:20)
[info]   at org.scalatest.funsuite.AnyFunSuiteLike$$anon$1.apply(AnyFunSuiteLike.scala:226)
[info]   at org.scalatest.TestSuite.withFixture(TestSuite.scala:196)
[info]   at org.scalatest.TestSuite.withFixture$(TestSuite.scala:195)
[info]   at org.scalatest.funsuite.AnyFunSuite.withFixture(AnyFunSuite.scala:1564)
[info]   at org.scalatest.funsuite.AnyFunSuiteLike.invokeWithFixture$1(AnyFunSuiteLike.scala:224)
[info]   at org.scalatest.funsuite.AnyFunSuiteLike.$anonfun$runTest$1(AnyFunSuiteLike.scala:236)
[info]   at org.scalatest.SuperEngine.runTestImpl(Engine.scala:306)
[info]   at org.scalatest.funsuite.AnyFunSuiteLike.runTest(AnyFunSuiteLike.scala:236)
[info]   at org.scalatest.funsuite.AnyFunSuiteLike.runTest$(AnyFunSuiteLike.scala:218)
[info]   at org.scalatest.funsuite.AnyFunSuite.runTest(AnyFunSuite.scala:1564)
[info]   at org.scalatest.funsuite.AnyFunSuiteLike.$anonfun$runTests$1(AnyFunSuiteLike.scala:269)
[info]   at org.scalatest.SuperEngine.$anonfun$runTestsInBranch$1(Engine.scala:413)
[info]   at scala.collection.immutable.List.foreach(List.scala:334)
[info]   at org.scalatest.SuperEngine.traverseSubNodes$1(Engine.scala:401)
[info]   at org.scalatest.SuperEngine.runTestsInBranch(Engine.scala:396)
[info]   at org.scalatest.SuperEngine.runTestsImpl(Engine.scala:475)
[info]   at org.scalatest.funsuite.AnyFunSuiteLike.runTests(AnyFunSuiteLike.scala:269)
[info]   at org.scalatest.funsuite.AnyFunSuiteLike.runTests$(AnyFunSuiteLike.scala:268)
[info]   at org.scalatest.funsuite.AnyFunSuite.runTests(AnyFunSuite.scala:1564)
[info]   at org.scalatest.Suite.run(Suite.scala:1114)
[info]   at org.scalatest.Suite.run$(Suite.scala:1096)
[info]   at org.scalatest.funsuite.AnyFunSuite.org$scalatest$funsuite$AnyFunSuiteLike$$super$run(AnyFunSuite.scala:1564)
[info]   at org.scalatest.funsuite.AnyFunSuiteLike.$anonfun$run$1(AnyFunSuiteLike.scala:273)
[info]   at org.scalatest.SuperEngine.runImpl(Engine.scala:535)
[info]   at org.scalatest.funsuite.AnyFunSuiteLike.run(AnyFunSuiteLike.scala:273)
[info]   at org.scalatest.funsuite.AnyFunSuiteLike.run$(AnyFunSuiteLike.scala:272)
[info]   at frameless.TypedDatasetSuite.org$scalatest$BeforeAndAfterAll$$super$run(TypedDatasetSuite.scala:63)
[info]   at org.scalatest.BeforeAndAfterAll.liftedTree1$1(BeforeAndAfterAll.scala:213)
[info]   at org.scalatest.BeforeAndAfterAll.run(BeforeAndAfterAll.scala:210)
[info]   at org.scalatest.BeforeAndAfterAll.run$(BeforeAndAfterAll.scala:208)
[info]   at frameless.TypedDatasetSuite.run(TypedDatasetSuite.scala:63)
[info]   at org.scalatest.tools.Framework.org$scalatest$tools$Framework$$runSuite(Framework.scala:321)
[info]   at org.scalatest.tools.Framework$ScalaTestTask.execute(Framework.scala:517)
[info]   at sbt.ForkMain$Run.lambda$runTest$1(ForkMain.java:414)
[info]   at java.base/java.util.concurrent.FutureTask.run(FutureTask.java:317)
[info]   at java.base/java.util.concurrent.ThreadPoolExecutor.runWorker(ThreadPoolExecutor.java:1144)
[info]   at java.base/java.util.concurrent.ThreadPoolExecutor$Worker.run(ThreadPoolExecutor.java:642)
[info]   at java.base/java.lang.Thread.run(Thread.java:1583)
[info] AggregateFunctionsTests:
[info] - sum *** FAILED *** (161 milliseconds)
[info]   IllegalArgumentException was thrown during property evaluation.
[info]     Message: argument type mismatch
[info]     Occurred when passed generated values (
[info]       arg0 = List()
[info]     )
[info]   org.scalatest.exceptions.GeneratorDrivenPropertyCheckFailedException:
[info]   at org.scalatestplus.scalacheck.CheckerAsserting$$anon$2.indicateFailure(CheckerAsserting.scala:251)
[info]   at org.scalatestplus.scalacheck.CheckerAsserting$$anon$2.indicateFailure(CheckerAsserting.scala:238)
[info]   at org.scalatestplus.scalacheck.UnitCheckerAsserting$CheckerAssertingImpl.check(CheckerAsserting.scala:160)
[info]   at org.scalatestplus.scalacheck.Checkers.check(Checkers.scala:371)
[info]   at org.scalatestplus.scalacheck.Checkers.check$(Checkers.scala:369)
[info]   at frameless.TypedDatasetSuite.check(TypedDatasetSuite.scala:63)
[info]   at frameless.functions.AggregateFunctionsTests.$anonfun$new$1(AggregateFunctionsTests.scala:48)
[info]   at org.scalatest.OutcomeOf.outcomeOf(OutcomeOf.scala:85)
[info]   at org.scalatest.OutcomeOf.outcomeOf$(OutcomeOf.scala:83)
[info]   at org.scalatest.OutcomeOf$.outcomeOf(OutcomeOf.scala:104)
[info]   at org.scalatest.Transformer.apply(Transformer.scala:22)
[info]   at org.scalatest.Transformer.apply(Transformer.scala:20)
[info]   at org.scalatest.funsuite.AnyFunSuiteLike$$anon$1.apply(AnyFunSuiteLike.scala:226)
[info]   at org.scalatest.TestSuite.withFixture(TestSuite.scala:196)
[info]   at org.scalatest.TestSuite.withFixture$(TestSuite.scala:195)
[info]   at org.scalatest.funsuite.AnyFunSuite.withFixture(AnyFunSuite.scala:1564)
[info]   at org.scalatest.funsuite.AnyFunSuiteLike.invokeWithFixture$1(AnyFunSuiteLike.scala:224)
[info]   at org.scalatest.funsuite.AnyFunSuiteLike.$anonfun$runTest$1(AnyFunSuiteLike.scala:236)
[info]   at org.scalatest.SuperEngine.runTestImpl(Engine.scala:306)
[info]   at org.scalatest.funsuite.AnyFunSuiteLike.runTest(AnyFunSuiteLike.scala:236)
[info]   at org.scalatest.funsuite.AnyFunSuiteLike.runTest$(AnyFunSuiteLike.scala:218)
[info]   at org.scalatest.funsuite.AnyFunSuite.runTest(AnyFunSuite.scala:1564)
[info]   at org.scalatest.funsuite.AnyFunSuiteLike.$anonfun$runTests$1(AnyFunSuiteLike.scala:269)
[info]   at org.scalatest.SuperEngine.$anonfun$runTestsInBranch$1(Engine.scala:413)
[info]   at scala.collection.immutable.List.foreach(List.scala:334)
[info]   at org.scalatest.SuperEngine.traverseSubNodes$1(Engine.scala:401)
[info]   at org.scalatest.SuperEngine.runTestsInBranch(Engine.scala:396)
[info]   at org.scalatest.SuperEngine.runTestsImpl(Engine.scala:475)
[info]   at org.scalatest.funsuite.AnyFunSuiteLike.runTests(AnyFunSuiteLike.scala:269)
[info]   at org.scalatest.funsuite.AnyFunSuiteLike.runTests$(AnyFunSuiteLike.scala:268)
[info]   at org.scalatest.funsuite.AnyFunSuite.runTests(AnyFunSuite.scala:1564)
[info]   at org.scalatest.Suite.run(Suite.scala:1114)
[info]   at org.scalatest.Suite.run$(Suite.scala:1096)
[info]   at org.scalatest.funsuite.AnyFunSuite.org$scalatest$funsuite$AnyFunSuiteLike$$super$run(AnyFunSuite.scala:1564)
[info]   at org.scalatest.funsuite.AnyFunSuiteLike.$anonfun$run$1(AnyFunSuiteLike.scala:273)
[info]   at org.scalatest.SuperEngine.runImpl(Engine.scala:535)
[info]   at org.scalatest.funsuite.AnyFunSuiteLike.run(AnyFunSuiteLike.scala:273)
[info]   at org.scalatest.funsuite.AnyFunSuiteLike.run$(AnyFunSuiteLike.scala:272)
[info]   at frameless.TypedDatasetSuite.org$scalatest$BeforeAndAfterAll$$super$run(TypedDatasetSuite.scala:63)
[info]   at org.scalatest.BeforeAndAfterAll.liftedTree1$1(BeforeAndAfterAll.scala:213)
[info]   at org.scalatest.BeforeAndAfterAll.run(BeforeAndAfterAll.scala:210)
[info]   at org.scalatest.BeforeAndAfterAll.run$(BeforeAndAfterAll.scala:208)
[info]   at frameless.TypedDatasetSuite.run(TypedDatasetSuite.scala:63)
[info]   at org.scalatest.tools.Framework.org$scalatest$tools$Framework$$runSuite(Framework.scala:321)
[info]   at org.scalatest.tools.Framework$ScalaTestTask.execute(Framework.scala:517)
[info]   at sbt.ForkMain$Run.lambda$runTest$1(ForkMain.java:414)
[info]   at java.base/java.util.concurrent.FutureTask.run(FutureTask.java:317)
[info]   at java.base/java.util.concurrent.ThreadPoolExecutor.runWorker(ThreadPoolExecutor.java:1144)
[info]   at java.base/java.util.concurrent.ThreadPoolExecutor$Worker.run(ThreadPoolExecutor.java:642)
[info]   at java.base/java.lang.Thread.run(Thread.java:1583)
[info]   Cause: java.lang.IllegalArgumentException: argument type mismatch
[info]   at java.base/jdk.internal.reflect.DirectConstructorHandleAccessor.newInstance(DirectConstructorHandleAccessor.java:65)
[info]   at java.base/java.lang.reflect.Constructor.newInstanceWithCaller(Constructor.java:502)
[info]   at java.base/java.lang.reflect.Constructor.newInstance(Constructor.java:486)
[info]   at frameless.TypedExpressionEncoder$.$anonfun$apply$3(TypedExpressionEncoder.scala:55)
[info]   at scala.Option.map(Option.scala:242)
[info]   at frameless.TypedExpressionEncoder$.apply(TypedExpressionEncoder.scala:54)
[info]   at frameless.TypedDataset$.create(TypedDataset.scala:1325)
[info]   at frameless.functions.AggregateFunctionsTests.prop$1(AggregateFunctionsTests.scala:29)
[info]   at frameless.functions.AggregateFunctionsTests.$anonfun$new$16(AggregateFunctionsTests.scala:48)
[info]   at scala.Function1.$anonfun$andThen$1(Function1.scala:87)
[info]   at org.scalacheck.Prop$.$anonfun$forAllShrink$2(Prop.scala:868)
[info]   at org.scalacheck.Prop$.secure(Prop.scala:484)
[info]   at org.scalacheck.Prop$.result$1(Prop.scala:868)
[info]   at org.scalacheck.Prop$.$anonfun$forAllShrink$1(Prop.scala:915)
[info]   at org.scalacheck.Prop$.$anonfun$apply$1(Prop.scala:305)
[info]   at org.scalacheck.PropFromFun.apply(Prop.scala:20)
[info]   at org.scalacheck.Test$.workerFun$1(Test.scala:486)
[info]   at org.scalacheck.Test$.$anonfun$check$4(Test.scala:518)
[info]   at org.scalacheck.Test$.$anonfun$check$4$adapted(Test.scala:518)
[info]   at org.scalacheck.Platform$.runWorkers(Platform.scala:42)
[info]   at org.scalacheck.Test$.check(Test.scala:518)
[info]   at org.scalatestplus.scalacheck.UnitCheckerAsserting$CheckerAssertingImpl.check(CheckerAsserting.scala:90)
[info]   at org.scalatestplus.scalacheck.Checkers.check(Checkers.scala:371)
[info]   at org.scalatestplus.scalacheck.Checkers.check$(Checkers.scala:369)
[info]   at frameless.TypedDatasetSuite.check(TypedDatasetSuite.scala:63)
[info]   at frameless.functions.AggregateFunctionsTests.$anonfun$new$1(AggregateFunctionsTests.scala:48)
[info]   at org.scalatest.OutcomeOf.outcomeOf(OutcomeOf.scala:85)
[info]   at org.scalatest.OutcomeOf.outcomeOf$(OutcomeOf.scala:83)
[info]   at org.scalatest.OutcomeOf$.outcomeOf(OutcomeOf.scala:104)
[info]   at org.scalatest.Transformer.apply(Transformer.scala:22)
[info]   at org.scalatest.Transformer.apply(Transformer.scala:20)
[info]   at org.scalatest.funsuite.AnyFunSuiteLike$$anon$1.apply(AnyFunSuiteLike.scala:226)
[info]   at org.scalatest.TestSuite.withFixture(TestSuite.scala:196)
[info]   at org.scalatest.TestSuite.withFixture$(TestSuite.scala:195)
[info]   at org.scalatest.funsuite.AnyFunSuite.withFixture(AnyFunSuite.scala:1564)
[info]   at org.scalatest.funsuite.AnyFunSuiteLike.invokeWithFixture$1(AnyFunSuiteLike.scala:224)
[info]   at org.scalatest.funsuite.AnyFunSuiteLike.$anonfun$runTest$1(AnyFunSuiteLike.scala:236)
[info]   at org.scalatest.SuperEngine.runTestImpl(Engine.scala:306)
[info]   at org.scalatest.funsuite.AnyFunSuiteLike.runTest(AnyFunSuiteLike.scala:236)
[info]   at org.scalatest.funsuite.AnyFunSuiteLike.runTest$(AnyFunSuiteLike.scala:218)
[info]   at org.scalatest.funsuite.AnyFunSuite.runTest(AnyFunSuite.scala:1564)
[info]   at org.scalatest.funsuite.AnyFunSuiteLike.$anonfun$runTests$1(AnyFunSuiteLike.scala:269)
[info]   at org.scalatest.SuperEngine.$anonfun$runTestsInBranch$1(Engine.scala:413)
[info]   at scala.collection.immutable.List.foreach(List.scala:334)
[info]   at org.scalatest.SuperEngine.traverseSubNodes$1(Engine.scala:401)
[info]   at org.scalatest.SuperEngine.runTestsInBranch(Engine.scala:396)
[info]   at org.scalatest.SuperEngine.runTestsImpl(Engine.scala:475)
[info]   at org.scalatest.funsuite.AnyFunSuiteLike.runTests(AnyFunSuiteLike.scala:269)
[info]   at org.scalatest.funsuite.AnyFunSuiteLike.runTests$(AnyFunSuiteLike.scala:268)
[info]   at org.scalatest.funsuite.AnyFunSuite.runTests(AnyFunSuite.scala:1564)
[info]   at org.scalatest.Suite.run(Suite.scala:1114)
[info]   at org.scalatest.Suite.run$(Suite.scala:1096)
[info]   at org.scalatest.funsuite.AnyFunSuite.org$scalatest$funsuite$AnyFunSuiteLike$$super$run(AnyFunSuite.scala:1564)
[info]   at org.scalatest.funsuite.AnyFunSuiteLike.$anonfun$run$1(AnyFunSuiteLike.scala:273)
[info]   at org.scalatest.SuperEngine.runImpl(Engine.scala:535)
[info]   at org.scalatest.funsuite.AnyFunSuiteLike.run(AnyFunSuiteLike.scala:273)
[info]   at org.scalatest.funsuite.AnyFunSuiteLike.run$(AnyFunSuiteLike.scala:272)
[info]   at frameless.TypedDatasetSuite.org$scalatest$BeforeAndAfterAll$$super$run(TypedDatasetSuite.scala:63)
[info]   at org.scalatest.BeforeAndAfterAll.liftedTree1$1(BeforeAndAfterAll.scala:213)
[info]   at org.scalatest.BeforeAndAfterAll.run(BeforeAndAfterAll.scala:210)
[info]   at org.scalatest.BeforeAndAfterAll.run$(BeforeAndAfterAll.scala:208)
[info]   at frameless.TypedDatasetSuite.run(TypedDatasetSuite.scala:63)
[info]   at org.scalatest.tools.Framework.org$scalatest$tools$Framework$$runSuite(Framework.scala:321)
[info]   at org.scalatest.tools.Framework$ScalaTestTask.execute(Framework.scala:517)
[info]   at sbt.ForkMain$Run.lambda$runTest$1(ForkMain.java:414)
[info]   at java.base/java.util.concurrent.FutureTask.run(FutureTask.java:317)
[info]   at java.base/java.util.concurrent.ThreadPoolExecutor.runWorker(ThreadPoolExecutor.java:1144)
[info]   at java.base/java.util.concurrent.ThreadPoolExecutor$Worker.run(ThreadPoolExecutor.java:642)
[info]   at java.base/java.lang.Thread.run(Thread.java:1583)
[info]   Cause: java.lang.ClassCastException: Cannot cast scala.reflect.ClassTag$GenericClassTag to org.apache.spark.sql.catalyst.expressions.Expression
[info]   at java.base/java.lang.Class.cast(Class.java:4067)
[info]   at java.base/jdk.internal.reflect.DirectConstructorHandleAccessor.newInstance(DirectConstructorHandleAccessor.java:62)
[info]   at java.base/java.lang.reflect.Constructor.newInstanceWithCaller(Constructor.java:502)
[info]   at java.base/java.lang.reflect.Constructor.newInstance(Constructor.java:486)
[info]   at frameless.TypedExpressionEncoder$.$anonfun$apply$3(TypedExpressionEncoder.scala:55)
[info]   at scala.Option.map(Option.scala:242)
[info]   at frameless.TypedExpressionEncoder$.apply(TypedExpressionEncoder.scala:54)
[info]   at frameless.TypedDataset$.create(TypedDataset.scala:1325)
[info]   at frameless.functions.AggregateFunctionsTests.prop$1(AggregateFunctionsTests.scala:29)
[info]   at frameless.functions.AggregateFunctionsTests.$anonfun$new$16(AggregateFunctionsTests.scala:48)
[info]   at scala.Function1.$anonfun$andThen$1(Function1.scala:87)
[info]   at org.scalacheck.Prop$.$anonfun$forAllShrink$2(Prop.scala:868)
[info]   at org.scalacheck.Prop$.secure(Prop.scala:484)
[info]   at org.scalacheck.Prop$.result$1(Prop.scala:868)
[info]   at org.scalacheck.Prop$.$anonfun$forAllShrink$1(Prop.scala:915)
[info]   at org.scalacheck.Prop$.$anonfun$apply$1(Prop.scala:305)
[info]   at org.scalacheck.PropFromFun.apply(Prop.scala:20)
[info]   at org.scalacheck.Test$.workerFun$1(Test.scala:486)
[info]   at org.scalacheck.Test$.$anonfun$check$4(Test.scala:518)
[info]   at org.scalacheck.Test$.$anonfun$check$4$adapted(Test.scala:518)
[info]   at org.scalacheck.Platform$.runWorkers(Platform.scala:42)
[info]   at org.scalacheck.Test$.check(Test.scala:518)
[info]   at org.scalatestplus.scalacheck.UnitCheckerAsserting$CheckerAssertingImpl.check(CheckerAsserting.scala:90)
[info]   at org.scalatestplus.scalacheck.Checkers.check(Checkers.scala:371)
[info]   at org.scalatestplus.scalacheck.Checkers.check$(Checkers.scala:369)
[info]   at frameless.TypedDatasetSuite.check(TypedDatasetSuite.scala:63)
[info]   at frameless.functions.AggregateFunctionsTests.$anonfun$new$1(AggregateFunctionsTests.scala:48)
[info]   at org.scalatest.OutcomeOf.outcomeOf(OutcomeOf.scala:85)
[info]   at org.scalatest.OutcomeOf.outcomeOf$(OutcomeOf.scala:83)
[info]   at org.scalatest.OutcomeOf$.outcomeOf(OutcomeOf.scala:104)
[info]   at org.scalatest.Transformer.apply(Transformer.scala:22)
[info]   at org.scalatest.Transformer.apply(Transformer.scala:20)
[info]   at org.scalatest.funsuite.AnyFunSuiteLike$$anon$1.apply(AnyFunSuiteLike.scala:226)
[info]   at org.scalatest.TestSuite.withFixture(TestSuite.scala:196)
[info]   at org.scalatest.TestSuite.withFixture$(TestSuite.scala:195)
[info]   at org.scalatest.funsuite.AnyFunSuite.withFixture(AnyFunSuite.scala:1564)
[info]   at org.scalatest.funsuite.AnyFunSuiteLike.invokeWithFixture$1(AnyFunSuiteLike.scala:224)
[info]   at org.scalatest.funsuite.AnyFunSuiteLike.$anonfun$runTest$1(AnyFunSuiteLike.scala:236)
[info]   at org.scalatest.SuperEngine.runTestImpl(Engine.scala:306)
[info]   at org.scalatest.funsuite.AnyFunSuiteLike.runTest(AnyFunSuiteLike.scala:236)
[info]   at org.scalatest.funsuite.AnyFunSuiteLike.runTest$(AnyFunSuiteLike.scala:218)
[info]   at org.scalatest.funsuite.AnyFunSuite.runTest(AnyFunSuite.scala:1564)
[info]   at org.scalatest.funsuite.AnyFunSuiteLike.$anonfun$runTests$1(AnyFunSuiteLike.scala:269)
[info]   at org.scalatest.SuperEngine.$anonfun$runTestsInBranch$1(Engine.scala:413)
[info]   at scala.collection.immutable.List.foreach(List.scala:334)
[info]   at org.scalatest.SuperEngine.traverseSubNodes$1(Engine.scala:401)
[info]   at org.scalatest.SuperEngine.runTestsInBranch(Engine.scala:396)
[info]   at org.scalatest.SuperEngine.runTestsImpl(Engine.scala:475)
[info]   at org.scalatest.funsuite.AnyFunSuiteLike.runTests(AnyFunSuiteLike.scala:269)
[info]   at org.scalatest.funsuite.AnyFunSuiteLike.runTests$(AnyFunSuiteLike.scala:268)
[info]   at org.scalatest.funsuite.AnyFunSuite.runTests(AnyFunSuite.scala:1564)
[info]   at org.scalatest.Suite.run(Suite.scala:1114)
[info]   at org.scalatest.Suite.run$(Suite.scala:1096)
[info]   at org.scalatest.funsuite.AnyFunSuite.org$scalatest$funsuite$AnyFunSuiteLike$$super$run(AnyFunSuite.scala:1564)
[info]   at org.scalatest.funsuite.AnyFunSuiteLike.$anonfun$run$1(AnyFunSuiteLike.scala:273)
[info]   at org.scalatest.SuperEngine.runImpl(Engine.scala:535)
[info]   at org.scalatest.funsuite.AnyFunSuiteLike.run(AnyFunSuiteLike.scala:273)
[info]   at org.scalatest.funsuite.AnyFunSuiteLike.run$(AnyFunSuiteLike.scala:272)
[info]   at frameless.TypedDatasetSuite.org$scalatest$BeforeAndAfterAll$$super$run(TypedDatasetSuite.scala:63)
[info]   at org.scalatest.BeforeAndAfterAll.liftedTree1$1(BeforeAndAfterAll.scala:213)
[info]   at org.scalatest.BeforeAndAfterAll.run(BeforeAndAfterAll.scala:210)
[info]   at org.scalatest.BeforeAndAfterAll.run$(BeforeAndAfterAll.scala:208)
[info]   at frameless.TypedDatasetSuite.run(TypedDatasetSuite.scala:63)
[info]   at org.scalatest.tools.Framework.org$scalatest$tools$Framework$$runSuite(Framework.scala:321)
[info]   at org.scalatest.tools.Framework$ScalaTestTask.execute(Framework.scala:517)
[info]   at sbt.ForkMain$Run.lambda$runTest$1(ForkMain.java:414)
[info]   at java.base/java.util.concurrent.FutureTask.run(FutureTask.java:317)
[info]   at java.base/java.util.concurrent.ThreadPoolExecutor.runWorker(ThreadPoolExecutor.java:1144)
[info]   at java.base/java.util.concurrent.ThreadPoolExecutor$Worker.run(ThreadPoolExecutor.java:642)
[info]   at java.base/java.lang.Thread.run(Thread.java:1583)
[info] - sumDistinct *** FAILED *** (7 milliseconds)
[info]   IllegalArgumentException was thrown during property evaluation.
[info]     Message: argument type mismatch
[info]     Occurred when passed generated values (
[info]       arg0 = List()
[info]     )
[info]   org.scalatest.exceptions.GeneratorDrivenPropertyCheckFailedException:
[info]   at org.scalatestplus.scalacheck.CheckerAsserting$$anon$2.indicateFailure(CheckerAsserting.scala:251)
[info]   at org.scalatestplus.scalacheck.CheckerAsserting$$anon$2.indicateFailure(CheckerAsserting.scala:238)
[info]   at org.scalatestplus.scalacheck.UnitCheckerAsserting$CheckerAssertingImpl.check(CheckerAsserting.scala:160)
[info]   at org.scalatestplus.scalacheck.Checkers.check(Checkers.scala:371)
[info]   at org.scalatestplus.scalacheck.Checkers.check$(Checkers.scala:369)
[info]   at frameless.TypedDatasetSuite.check(TypedDatasetSuite.scala:63)
[info]   at frameless.functions.AggregateFunctionsTests.$anonfun$new$31(AggregateFunctionsTests.scala:86)
[info]   at org.scalatest.OutcomeOf.outcomeOf(OutcomeOf.scala:85)
[info]   at org.scalatest.OutcomeOf.outcomeOf$(OutcomeOf.scala:83)
[info]   at org.scalatest.OutcomeOf$.outcomeOf(OutcomeOf.scala:104)
[info]   at org.scalatest.Transformer.apply(Transformer.scala:22)
[info]   at org.scalatest.Transformer.apply(Transformer.scala:20)
[info]   at org.scalatest.funsuite.AnyFunSuiteLike$$anon$1.apply(AnyFunSuiteLike.scala:226)
[info]   at org.scalatest.TestSuite.withFixture(TestSuite.scala:196)
[info]   at org.scalatest.TestSuite.withFixture$(TestSuite.scala:195)
[info]   at org.scalatest.funsuite.AnyFunSuite.withFixture(AnyFunSuite.scala:1564)
[info]   at org.scalatest.funsuite.AnyFunSuiteLike.invokeWithFixture$1(AnyFunSuiteLike.scala:224)
[info]   at org.scalatest.funsuite.AnyFunSuiteLike.$anonfun$runTest$1(AnyFunSuiteLike.scala:236)
[info]   at org.scalatest.SuperEngine.runTestImpl(Engine.scala:306)
[info]   at org.scalatest.funsuite.AnyFunSuiteLike.runTest(AnyFunSuiteLike.scala:236)
[info]   at org.scalatest.funsuite.AnyFunSuiteLike.runTest$(AnyFunSuiteLike.scala:218)
[info]   at org.scalatest.funsuite.AnyFunSuite.runTest(AnyFunSuite.scala:1564)
[info]   at org.scalatest.funsuite.AnyFunSuiteLike.$anonfun$runTests$1(AnyFunSuiteLike.scala:269)
[info]   at org.scalatest.SuperEngine.$anonfun$runTestsInBranch$1(Engine.scala:413)
[info]   at scala.collection.immutable.List.foreach(List.scala:334)
[info]   at org.scalatest.SuperEngine.traverseSubNodes$1(Engine.scala:401)
[info]   at org.scalatest.SuperEngine.runTestsInBranch(Engine.scala:396)
[info]   at org.scalatest.SuperEngine.runTestsImpl(Engine.scala:475)
[info]   at org.scalatest.funsuite.AnyFunSuiteLike.runTests(AnyFunSuiteLike.scala:269)
[info]   at org.scalatest.funsuite.AnyFunSuiteLike.runTests$(AnyFunSuiteLike.scala:268)
[info]   at org.scalatest.funsuite.AnyFunSuite.runTests(AnyFunSuite.scala:1564)
[info]   at org.scalatest.Suite.run(Suite.scala:1114)
[info]   at org.scalatest.Suite.run$(Suite.scala:1096)
[info]   at org.scalatest.funsuite.AnyFunSuite.org$scalatest$funsuite$AnyFunSuiteLike$$super$run(AnyFunSuite.scala:1564)
[info]   at org.scalatest.funsuite.AnyFunSuiteLike.$anonfun$run$1(AnyFunSuiteLike.scala:273)
[info]   at org.scalatest.SuperEngine.runImpl(Engine.scala:535)
[info]   at org.scalatest.funsuite.AnyFunSuiteLike.run(AnyFunSuiteLike.scala:273)
[info]   at org.scalatest.funsuite.AnyFunSuiteLike.run$(AnyFunSuiteLike.scala:272)
[info]   at frameless.TypedDatasetSuite.org$scalatest$BeforeAndAfterAll$$super$run(TypedDatasetSuite.scala:63)
[info]   at org.scalatest.BeforeAndAfterAll.liftedTree1$1(BeforeAndAfterAll.scala:213)
[info]   at org.scalatest.BeforeAndAfterAll.run(BeforeAndAfterAll.scala:210)
[info]   at org.scalatest.BeforeAndAfterAll.run$(BeforeAndAfterAll.scala:208)
[info]   at frameless.TypedDatasetSuite.run(TypedDatasetSuite.scala:63)
[info]   at org.scalatest.tools.Framework.org$scalatest$tools$Framework$$runSuite(Framework.scala:321)
[info]   at org.scalatest.tools.Framework$ScalaTestTask.execute(Framework.scala:517)
[info]   at sbt.ForkMain$Run.lambda$runTest$1(ForkMain.java:414)
[info]   at java.base/java.util.concurrent.FutureTask.run(FutureTask.java:317)
[info]   at java.base/java.util.concurrent.ThreadPoolExecutor.runWorker(ThreadPoolExecutor.java:1144)
[info]   at java.base/java.util.concurrent.ThreadPoolExecutor$Worker.run(ThreadPoolExecutor.java:642)
[info]   at java.base/java.lang.Thread.run(Thread.java:1583)
[info]   Cause: java.lang.IllegalArgumentException: argument type mismatch
[info]   at java.base/jdk.internal.reflect.DirectConstructorHandleAccessor.newInstance(DirectConstructorHandleAccessor.java:65)
[info]   at java.base/java.lang.reflect.Constructor.newInstanceWithCaller(Constructor.java:502)
[info]   at java.base/java.lang.reflect.Constructor.newInstance(Constructor.java:486)
[info]   at frameless.TypedExpressionEncoder$.$anonfun$apply$3(TypedExpressionEncoder.scala:55)
[info]   at scala.Option.map(Option.scala:242)
[info]   at frameless.TypedExpressionEncoder$.apply(TypedExpressionEncoder.scala:54)
[info]   at frameless.TypedDataset$.create(TypedDataset.scala:1325)
[info]   at frameless.functions.AggregateFunctionsTests.prop$2(AggregateFunctionsTests.scala:69)
[info]   at frameless.functions.AggregateFunctionsTests.$anonfun$new$44(AggregateFunctionsTests.scala:86)
[info]   at scala.Function1.$anonfun$andThen$1(Function1.scala:87)
[info]   at org.scalacheck.Prop$.$anonfun$forAllShrink$2(Prop.scala:868)
[info]   at org.scalacheck.Prop$.secure(Prop.scala:484)
[info]   at org.scalacheck.Prop$.result$1(Prop.scala:868)
[info]   at org.scalacheck.Prop$.$anonfun$forAllShrink$1(Prop.scala:915)
[info]   at org.scalacheck.Prop$.$anonfun$apply$1(Prop.scala:305)
[info]   at org.scalacheck.PropFromFun.apply(Prop.scala:20)
[info]   at org.scalacheck.Test$.workerFun$1(Test.scala:486)
[info]   at org.scalacheck.Test$.$anonfun$check$4(Test.scala:518)
[info]   at org.scalacheck.Test$.$anonfun$check$4$adapted(Test.scala:518)
[info]   at org.scalacheck.Platform$.runWorkers(Platform.scala:42)
[info]   at org.scalacheck.Test$.check(Test.scala:518)
[info]   at org.scalatestplus.scalacheck.UnitCheckerAsserting$CheckerAssertingImpl.check(CheckerAsserting.scala:90)
[info]   at org.scalatestplus.scalacheck.Checkers.check(Checkers.scala:371)
[info]   at org.scalatestplus.scalacheck.Checkers.check$(Checkers.scala:369)
[info]   at frameless.TypedDatasetSuite.check(TypedDatasetSuite.scala:63)
[info]   at frameless.functions.AggregateFunctionsTests.$anonfun$new$31(AggregateFunctionsTests.scala:86)
[info]   at org.scalatest.OutcomeOf.outcomeOf(OutcomeOf.scala:85)
[info]   at org.scalatest.OutcomeOf.outcomeOf$(OutcomeOf.scala:83)
[info]   at org.scalatest.OutcomeOf$.outcomeOf(OutcomeOf.scala:104)
[info]   at org.scalatest.Transformer.apply(Transformer.scala:22)
[info]   at org.scalatest.Transformer.apply(Transformer.scala:20)
[info]   at org.scalatest.funsuite.AnyFunSuiteLike$$anon$1.apply(AnyFunSuiteLike.scala:226)
[info]   at org.scalatest.TestSuite.withFixture(TestSuite.scala:196)
[info]   at org.scalatest.TestSuite.withFixture$(TestSuite.scala:195)
[info]   at org.scalatest.funsuite.AnyFunSuite.withFixture(AnyFunSuite.scala:1564)
[info]   at org.scalatest.funsuite.AnyFunSuiteLike.invokeWithFixture$1(AnyFunSuiteLike.scala:224)
[info]   at org.scalatest.funsuite.AnyFunSuiteLike.$anonfun$runTest$1(AnyFunSuiteLike.scala:236)
[info]   at org.scalatest.SuperEngine.runTestImpl(Engine.scala:306)
[info]   at org.scalatest.funsuite.AnyFunSuiteLike.runTest(AnyFunSuiteLike.scala:236)
[info]   at org.scalatest.funsuite.AnyFunSuiteLike.runTest$(AnyFunSuiteLike.scala:218)
[info]   at org.scalatest.funsuite.AnyFunSuite.runTest(AnyFunSuite.scala:1564)
[info]   at org.scalatest.funsuite.AnyFunSuiteLike.$anonfun$runTests$1(AnyFunSuiteLike.scala:269)
[info]   at org.scalatest.SuperEngine.$anonfun$runTestsInBranch$1(Engine.scala:413)
[info]   at scala.collection.immutable.List.foreach(List.scala:334)
[info]   at org.scalatest.SuperEngine.traverseSubNodes$1(Engine.scala:401)
[info]   at org.scalatest.SuperEngine.runTestsInBranch(Engine.scala:396)
[info]   at org.scalatest.SuperEngine.runTestsImpl(Engine.scala:475)
[info]   at org.scalatest.funsuite.AnyFunSuiteLike.runTests(AnyFunSuiteLike.scala:269)
[info]   at org.scalatest.funsuite.AnyFunSuiteLike.runTests$(AnyFunSuiteLike.scala:268)
[info]   at org.scalatest.funsuite.AnyFunSuite.runTests(AnyFunSuite.scala:1564)
[info]   at org.scalatest.Suite.run(Suite.scala:1114)
[info]   at org.scalatest.Suite.run$(Suite.scala:1096)
[info]   at org.scalatest.funsuite.AnyFunSuite.org$scalatest$funsuite$AnyFunSuiteLike$$super$run(AnyFunSuite.scala:1564)
[info]   at org.scalatest.funsuite.AnyFunSuiteLike.$anonfun$run$1(AnyFunSuiteLike.scala:273)
[info]   at org.scalatest.SuperEngine.runImpl(Engine.scala:535)
[info]   at org.scalatest.funsuite.AnyFunSuiteLike.run(AnyFunSuiteLike.scala:273)
[info]   at org.scalatest.funsuite.AnyFunSuiteLike.run$(AnyFunSuiteLike.scala:272)
[info]   at frameless.TypedDatasetSuite.org$scalatest$BeforeAndAfterAll$$super$run(TypedDatasetSuite.scala:63)
[info]   at org.scalatest.BeforeAndAfterAll.liftedTree1$1(BeforeAndAfterAll.scala:213)
[info]   at org.scalatest.BeforeAndAfterAll.run(BeforeAndAfterAll.scala:210)
[info]   at org.scalatest.BeforeAndAfterAll.run$(BeforeAndAfterAll.scala:208)
[info]   at frameless.TypedDatasetSuite.run(TypedDatasetSuite.scala:63)
[info]   at org.scalatest.tools.Framework.org$scalatest$tools$Framework$$runSuite(Framework.scala:321)
[info]   at org.scalatest.tools.Framework$ScalaTestTask.execute(Framework.scala:517)
[info]   at sbt.ForkMain$Run.lambda$runTest$1(ForkMain.java:414)
[info]   at java.base/java.util.concurrent.FutureTask.run(FutureTask.java:317)
[info]   at java.base/java.util.concurrent.ThreadPoolExecutor.runWorker(ThreadPoolExecutor.java:1144)
[info]   at java.base/java.util.concurrent.ThreadPoolExecutor$Worker.run(ThreadPoolExecutor.java:642)
[info]   at java.base/java.lang.Thread.run(Thread.java:1583)
[info]   Cause: java.lang.ClassCastException: Cannot cast scala.reflect.ClassTag$GenericClassTag to org.apache.spark.sql.catalyst.expressions.Expression
[info]   at java.base/java.lang.Class.cast(Class.java:4067)
[info]   at java.base/jdk.internal.reflect.DirectConstructorHandleAccessor.newInstance(DirectConstructorHandleAccessor.java:62)
[info]   at java.base/java.lang.reflect.Constructor.newInstanceWithCaller(Constructor.java:502)
[info]   at java.base/java.lang.reflect.Constructor.newInstance(Constructor.java:486)
[info]   at frameless.TypedExpressionEncoder$.$anonfun$apply$3(TypedExpressionEncoder.scala:55)
[info]   at scala.Option.map(Option.scala:242)
[info]   at frameless.TypedExpressionEncoder$.apply(TypedExpressionEncoder.scala:54)
[info]   at frameless.TypedDataset$.create(TypedDataset.scala:1325)
[info]   at frameless.functions.AggregateFunctionsTests.prop$2(AggregateFunctionsTests.scala:69)
[info]   at frameless.functions.AggregateFunctionsTests.$anonfun$new$44(AggregateFunctionsTests.scala:86)
[info]   at scala.Function1.$anonfun$andThen$1(Function1.scala:87)
[info]   at org.scalacheck.Prop$.$anonfun$forAllShrink$2(Prop.scala:868)
[info]   at org.scalacheck.Prop$.secure(Prop.scala:484)
[info]   at org.scalacheck.Prop$.result$1(Prop.scala:868)
[info]   at org.scalacheck.Prop$.$anonfun$forAllShrink$1(Prop.scala:915)
[info]   at org.scalacheck.Prop$.$anonfun$apply$1(Prop.scala:305)
[info]   at org.scalacheck.PropFromFun.apply(Prop.scala:20)
[info]   at org.scalacheck.Test$.workerFun$1(Test.scala:486)
[info]   at org.scalacheck.Test$.$anonfun$check$4(Test.scala:518)
[info]   at org.scalacheck.Test$.$anonfun$check$4$adapted(Test.scala:518)
[info]   at org.scalacheck.Platform$.runWorkers(Platform.scala:42)
[info]   at org.scalacheck.Test$.check(Test.scala:518)
[info]   at org.scalatestplus.scalacheck.UnitCheckerAsserting$CheckerAssertingImpl.check(CheckerAsserting.scala:90)
[info]   at org.scalatestplus.scalacheck.Checkers.check(Checkers.scala:371)
[info]   at org.scalatestplus.scalacheck.Checkers.check$(Checkers.scala:369)
[info]   at frameless.TypedDatasetSuite.check(TypedDatasetSuite.scala:63)
[info]   at frameless.functions.AggregateFunctionsTests.$anonfun$new$31(AggregateFunctionsTests.scala:86)
[info]   at org.scalatest.OutcomeOf.outcomeOf(OutcomeOf.scala:85)
[info]   at org.scalatest.OutcomeOf.outcomeOf$(OutcomeOf.scala:83)
[info]   at org.scalatest.OutcomeOf$.outcomeOf(OutcomeOf.scala:104)
[info]   at org.scalatest.Transformer.apply(Transformer.scala:22)
[info]   at org.scalatest.Transformer.apply(Transformer.scala:20)
[info]   at org.scalatest.funsuite.AnyFunSuiteLike$$anon$1.apply(AnyFunSuiteLike.scala:226)
[info]   at org.scalatest.TestSuite.withFixture(TestSuite.scala:196)
[info]   at org.scalatest.TestSuite.withFixture$(TestSuite.scala:195)
[info]   at org.scalatest.funsuite.AnyFunSuite.withFixture(AnyFunSuite.scala:1564)
[info]   at org.scalatest.funsuite.AnyFunSuiteLike.invokeWithFixture$1(AnyFunSuiteLike.scala:224)
[info]   at org.scalatest.funsuite.AnyFunSuiteLike.$anonfun$runTest$1(AnyFunSuiteLike.scala:236)
[info]   at org.scalatest.SuperEngine.runTestImpl(Engine.scala:306)
[info]   at org.scalatest.funsuite.AnyFunSuiteLike.runTest(AnyFunSuiteLike.scala:236)
[info]   at org.scalatest.funsuite.AnyFunSuiteLike.runTest$(AnyFunSuiteLike.scala:218)
[info]   at org.scalatest.funsuite.AnyFunSuite.runTest(AnyFunSuite.scala:1564)
[info]   at org.scalatest.funsuite.AnyFunSuiteLike.$anonfun$runTests$1(AnyFunSuiteLike.scala:269)
[info]   at org.scalatest.SuperEngine.$anonfun$runTestsInBranch$1(Engine.scala:413)
[info]   at scala.collection.immutable.List.foreach(List.scala:334)
[info]   at org.scalatest.SuperEngine.traverseSubNodes$1(Engine.scala:401)
[info]   at org.scalatest.SuperEngine.runTestsInBranch(Engine.scala:396)
[info]   at org.scalatest.SuperEngine.runTestsImpl(Engine.scala:475)
[info]   at org.scalatest.funsuite.AnyFunSuiteLike.runTests(AnyFunSuiteLike.scala:269)
[info]   at org.scalatest.funsuite.AnyFunSuiteLike.runTests$(AnyFunSuiteLike.scala:268)
[info]   at org.scalatest.funsuite.AnyFunSuite.runTests(AnyFunSuite.scala:1564)
[info]   at org.scalatest.Suite.run(Suite.scala:1114)
[info]   at org.scalatest.Suite.run$(Suite.scala:1096)
[info]   at org.scalatest.funsuite.AnyFunSuite.org$scalatest$funsuite$AnyFunSuiteLike$$super$run(AnyFunSuite.scala:1564)
[info]   at org.scalatest.funsuite.AnyFunSuiteLike.$anonfun$run$1(AnyFunSuiteLike.scala:273)
[info]   at org.scalatest.SuperEngine.runImpl(Engine.scala:535)
[info]   at org.scalatest.funsuite.AnyFunSuiteLike.run(AnyFunSuiteLike.scala:273)
[info]   at org.scalatest.funsuite.AnyFunSuiteLike.run$(AnyFunSuiteLike.scala:272)
[info]   at frameless.TypedDatasetSuite.org$scalatest$BeforeAndAfterAll$$super$run(TypedDatasetSuite.scala:63)
[info]   at org.scalatest.BeforeAndAfterAll.liftedTree1$1(BeforeAndAfterAll.scala:213)
[info]   at org.scalatest.BeforeAndAfterAll.run(BeforeAndAfterAll.scala:210)
[info]   at org.scalatest.BeforeAndAfterAll.run$(BeforeAndAfterAll.scala:208)
[info]   at frameless.TypedDatasetSuite.run(TypedDatasetSuite.scala:63)
[info]   at org.scalatest.tools.Framework.org$scalatest$tools$Framework$$runSuite(Framework.scala:321)
[info]   at org.scalatest.tools.Framework$ScalaTestTask.execute(Framework.scala:517)
[info]   at sbt.ForkMain$Run.lambda$runTest$1(ForkMain.java:414)
[info]   at java.base/java.util.concurrent.FutureTask.run(FutureTask.java:317)
[info]   at java.base/java.util.concurrent.ThreadPoolExecutor.runWorker(ThreadPoolExecutor.java:1144)
[info]   at java.base/java.util.concurrent.ThreadPoolExecutor$Worker.run(ThreadPoolExecutor.java:642)
[info]   at java.base/java.lang.Thread.run(Thread.java:1583)
Despite being tolerant each of the 20 runs failed, re-throwing the last
[info] - avg *** FAILED *** (64 milliseconds)
[info]   IllegalArgumentException was thrown during property evaluation.
[info]     Message: argument type mismatch
[info]     Occurred when passed generated values (
[info]       arg0 = List()
[info]     )
[info]   org.scalatest.exceptions.GeneratorDrivenPropertyCheckFailedException:
[info]   at org.scalatestplus.scalacheck.CheckerAsserting$$anon$2.indicateFailure(CheckerAsserting.scala:251)
[info]   at org.scalatestplus.scalacheck.CheckerAsserting$$anon$2.indicateFailure(CheckerAsserting.scala:238)
[info]   at org.scalatestplus.scalacheck.UnitCheckerAsserting$CheckerAssertingImpl.check(CheckerAsserting.scala:160)
[info]   at org.scalatestplus.scalacheck.Checkers.check(Checkers.scala:371)
[info]   at org.scalatestplus.scalacheck.Checkers.check$(Checkers.scala:369)
[info]   at frameless.TypedDatasetSuite.check(TypedDatasetSuite.scala:63)
[info]   at frameless.functions.AggregateFunctionsTests.$anonfun$new$72(AggregateFunctionsTests.scala:135)
[info]   at frameless.package$.tolerantRun(package.scala:126)
[info]   at frameless.functions.AggregateFunctionsTests.$anonfun$new$53(AggregateFunctionsTests.scala:134)
[info]   at org.scalatest.OutcomeOf.outcomeOf(OutcomeOf.scala:85)
[info]   at org.scalatest.OutcomeOf.outcomeOf$(OutcomeOf.scala:83)
[info]   at org.scalatest.OutcomeOf$.outcomeOf(OutcomeOf.scala:104)
[info]   at org.scalatest.Transformer.apply(Transformer.scala:22)
[info]   at org.scalatest.Transformer.apply(Transformer.scala:20)
[info]   at org.scalatest.funsuite.AnyFunSuiteLike$$anon$1.apply(AnyFunSuiteLike.scala:226)
[info]   at org.scalatest.TestSuite.withFixture(TestSuite.scala:196)
[info]   at org.scalatest.TestSuite.withFixture$(TestSuite.scala:195)
[info]   at org.scalatest.funsuite.AnyFunSuite.withFixture(AnyFunSuite.scala:1564)
[info]   at org.scalatest.funsuite.AnyFunSuiteLike.invokeWithFixture$1(AnyFunSuiteLike.scala:224)
[info]   at org.scalatest.funsuite.AnyFunSuiteLike.$anonfun$runTest$1(AnyFunSuiteLike.scala:236)
[info]   at org.scalatest.SuperEngine.runTestImpl(Engine.scala:306)
[info]   at org.scalatest.funsuite.AnyFunSuiteLike.runTest(AnyFunSuiteLike.scala:236)
[info]   at org.scalatest.funsuite.AnyFunSuiteLike.runTest$(AnyFunSuiteLike.scala:218)
[info]   at org.scalatest.funsuite.AnyFunSuite.runTest(AnyFunSuite.scala:1564)
[info]   at org.scalatest.funsuite.AnyFunSuiteLike.$anonfun$runTests$1(AnyFunSuiteLike.scala:269)
[info]   at org.scalatest.SuperEngine.$anonfun$runTestsInBranch$1(Engine.scala:413)
[info]   at scala.collection.immutable.List.foreach(List.scala:334)
[info]   at org.scalatest.SuperEngine.traverseSubNodes$1(Engine.scala:401)
[info]   at org.scalatest.SuperEngine.runTestsInBranch(Engine.scala:396)
[info]   at org.scalatest.SuperEngine.runTestsImpl(Engine.scala:475)
[info]   at org.scalatest.funsuite.AnyFunSuiteLike.runTests(AnyFunSuiteLike.scala:269)
[info]   at org.scalatest.funsuite.AnyFunSuiteLike.runTests$(AnyFunSuiteLike.scala:268)
[info]   at org.scalatest.funsuite.AnyFunSuite.runTests(AnyFunSuite.scala:1564)
[info]   at org.scalatest.Suite.run(Suite.scala:1114)
[info]   at org.scalatest.Suite.run$(Suite.scala:1096)
[info]   at org.scalatest.funsuite.AnyFunSuite.org$scalatest$funsuite$AnyFunSuiteLike$$super$run(AnyFunSuite.scala:1564)
[info]   at org.scalatest.funsuite.AnyFunSuiteLike.$anonfun$run$1(AnyFunSuiteLike.scala:273)
[info]   at org.scalatest.SuperEngine.runImpl(Engine.scala:535)
[info]   at org.scalatest.funsuite.AnyFunSuiteLike.run(AnyFunSuiteLike.scala:273)
[info]   at org.scalatest.funsuite.AnyFunSuiteLike.run$(AnyFunSuiteLike.scala:272)
[info]   at frameless.TypedDatasetSuite.org$scalatest$BeforeAndAfterAll$$super$run(TypedDatasetSuite.scala:63)
[info]   at org.scalatest.BeforeAndAfterAll.liftedTree1$1(BeforeAndAfterAll.scala:213)
[info]   at org.scalatest.BeforeAndAfterAll.run(BeforeAndAfterAll.scala:210)
[info]   at org.scalatest.BeforeAndAfterAll.run$(BeforeAndAfterAll.scala:208)
[info]   at frameless.TypedDatasetSuite.run(TypedDatasetSuite.scala:63)
[info]   at org.scalatest.tools.Framework.org$scalatest$tools$Framework$$runSuite(Framework.scala:321)
[info]   at org.scalatest.tools.Framework$ScalaTestTask.execute(Framework.scala:517)
[info]   at sbt.ForkMain$Run.lambda$runTest$1(ForkMain.java:414)
[info]   at java.base/java.util.concurrent.FutureTask.run(FutureTask.java:317)
[info]   at java.base/java.util.concurrent.ThreadPoolExecutor.runWorker(ThreadPoolExecutor.java:1144)
[info]   at java.base/java.util.concurrent.ThreadPoolExecutor$Worker.run(ThreadPoolExecutor.java:642)
[info]   at java.base/java.lang.Thread.run(Thread.java:1583)
[info]   Cause: java.lang.IllegalArgumentException: argument type mismatch
[info]   at java.base/jdk.internal.reflect.DirectConstructorHandleAccessor.newInstance(DirectConstructorHandleAccessor.java:65)
[info]   at java.base/java.lang.reflect.Constructor.newInstanceWithCaller(Constructor.java:502)
[info]   at java.base/java.lang.reflect.Constructor.newInstance(Constructor.java:486)
[info]   at frameless.TypedExpressionEncoder$.$anonfun$apply$3(TypedExpressionEncoder.scala:55)
[info]   at scala.Option.map(Option.scala:242)
[info]   at frameless.TypedExpressionEncoder$.apply(TypedExpressionEncoder.scala:54)
[info]   at frameless.TypedDataset$.create(TypedDataset.scala:1325)
[info]   at frameless.functions.AggregateFunctionsTests.prop$3(AggregateFunctionsTests.scala:103)
[info]   at frameless.functions.AggregateFunctionsTests.$anonfun$new$73(AggregateFunctionsTests.scala:135)
[info]   at scala.Function1.$anonfun$andThen$1(Function1.scala:87)
[info]   at org.scalacheck.Prop$.$anonfun$forAllShrink$2(Prop.scala:868)
[info]   at org.scalacheck.Prop$.secure(Prop.scala:484)
[info]   at org.scalacheck.Prop$.result$1(Prop.scala:868)
[info]   at org.scalacheck.Prop$.$anonfun$forAllShrink$1(Prop.scala:915)
[info]   at org.scalacheck.Prop$.$anonfun$apply$1(Prop.scala:305)
[info]   at org.scalacheck.PropFromFun.apply(Prop.scala:20)
[info]   at org.scalacheck.Test$.workerFun$1(Test.scala:486)
[info]   at org.scalacheck.Test$.$anonfun$check$4(Test.scala:518)
[info]   at org.scalacheck.Test$.$anonfun$check$4$adapted(Test.scala:518)
[info]   at org.scalacheck.Platform$.runWorkers(Platform.scala:42)
[info]   at org.scalacheck.Test$.check(Test.scala:518)
[info]   at org.scalatestplus.scalacheck.UnitCheckerAsserting$CheckerAssertingImpl.check(CheckerAsserting.scala:90)
[info]   at org.scalatestplus.scalacheck.Checkers.check(Checkers.scala:371)
[info]   at org.scalatestplus.scalacheck.Checkers.check$(Checkers.scala:369)
[info]   at frameless.TypedDatasetSuite.check(TypedDatasetSuite.scala:63)
[info]   at frameless.functions.AggregateFunctionsTests.$anonfun$new$72(AggregateFunctionsTests.scala:135)
[info]   at frameless.package$.tolerantRun(package.scala:126)
[info]   at frameless.functions.AggregateFunctionsTests.$anonfun$new$53(AggregateFunctionsTests.scala:134)
[info]   at org.scalatest.OutcomeOf.outcomeOf(OutcomeOf.scala:85)
[info]   at org.scalatest.OutcomeOf.outcomeOf$(OutcomeOf.scala:83)
[info]   at org.scalatest.OutcomeOf$.outcomeOf(OutcomeOf.scala:104)
[info]   at org.scalatest.Transformer.apply(Transformer.scala:22)
[info]   at org.scalatest.Transformer.apply(Transformer.scala:20)
[info]   at org.scalatest.funsuite.AnyFunSuiteLike$$anon$1.apply(AnyFunSuiteLike.scala:226)
[info]   at org.scalatest.TestSuite.withFixture(TestSuite.scala:196)
[info]   at org.scalatest.TestSuite.withFixture$(TestSuite.scala:195)
[info]   at org.scalatest.funsuite.AnyFunSuite.withFixture(AnyFunSuite.scala:1564)
[info]   at org.scalatest.funsuite.AnyFunSuiteLike.invokeWithFixture$1(AnyFunSuiteLike.scala:224)
[info]   at org.scalatest.funsuite.AnyFunSuiteLike.$anonfun$runTest$1(AnyFunSuiteLike.scala:236)
[info]   at org.scalatest.SuperEngine.runTestImpl(Engine.scala:306)
[info]   at org.scalatest.funsuite.AnyFunSuiteLike.runTest(AnyFunSuiteLike.scala:236)
[info]   at org.scalatest.funsuite.AnyFunSuiteLike.runTest$(AnyFunSuiteLike.scala:218)
[info]   at org.scalatest.funsuite.AnyFunSuite.runTest(AnyFunSuite.scala:1564)
[info]   at org.scalatest.funsuite.AnyFunSuiteLike.$anonfun$runTests$1(AnyFunSuiteLike.scala:269)
[info]   at org.scalatest.SuperEngine.$anonfun$runTestsInBranch$1(Engine.scala:413)
[info]   at scala.collection.immutable.List.foreach(List.scala:334)
[info]   at org.scalatest.SuperEngine.traverseSubNodes$1(Engine.scala:401)
[info]   at org.scalatest.SuperEngine.runTestsInBranch(Engine.scala:396)
[info]   at org.scalatest.SuperEngine.runTestsImpl(Engine.scala:475)
[info]   at org.scalatest.funsuite.AnyFunSuiteLike.runTests(AnyFunSuiteLike.scala:269)
[info]   at org.scalatest.funsuite.AnyFunSuiteLike.runTests$(AnyFunSuiteLike.scala:268)
[info]   at org.scalatest.funsuite.AnyFunSuite.runTests(AnyFunSuite.scala:1564)
[info]   at org.scalatest.Suite.run(Suite.scala:1114)
[info]   at org.scalatest.Suite.run$(Suite.scala:1096)
[info]   at org.scalatest.funsuite.AnyFunSuite.org$scalatest$funsuite$AnyFunSuiteLike$$super$run(AnyFunSuite.scala:1564)
[info]   at org.scalatest.funsuite.AnyFunSuiteLike.$anonfun$run$1(AnyFunSuiteLike.scala:273)
[info]   at org.scalatest.SuperEngine.runImpl(Engine.scala:535)
[info]   at org.scalatest.funsuite.AnyFunSuiteLike.run(AnyFunSuiteLike.scala:273)
[info]   at org.scalatest.funsuite.AnyFunSuiteLike.run$(AnyFunSuiteLike.scala:272)
[info]   at frameless.TypedDatasetSuite.org$scalatest$BeforeAndAfterAll$$super$run(TypedDatasetSuite.scala:63)
[info]   at org.scalatest.BeforeAndAfterAll.liftedTree1$1(BeforeAndAfterAll.scala:213)
[info]   at org.scalatest.BeforeAndAfterAll.run(BeforeAndAfterAll.scala:210)
[info]   at org.scalatest.BeforeAndAfterAll.run$(BeforeAndAfterAll.scala:208)
[info]   at frameless.TypedDatasetSuite.run(TypedDatasetSuite.scala:63)
[info]   at org.scalatest.tools.Framework.org$scalatest$tools$Framework$$runSuite(Framework.scala:321)
[info]   at org.scalatest.tools.Framework$ScalaTestTask.execute(Framework.scala:517)
[info]   at sbt.ForkMain$Run.lambda$runTest$1(ForkMain.java:414)
[info]   at java.base/java.util.concurrent.FutureTask.run(FutureTask.java:317)
[info]   at java.base/java.util.concurrent.ThreadPoolExecutor.runWorker(ThreadPoolExecutor.java:1144)
[info]   at java.base/java.util.concurrent.ThreadPoolExecutor$Worker.run(ThreadPoolExecutor.java:642)
[info]   at java.base/java.lang.Thread.run(Thread.java:1583)
[info]   Cause: java.lang.ClassCastException: Cannot cast scala.reflect.ClassTag$GenericClassTag to org.apache.spark.sql.catalyst.expressions.Expression
[info]   at java.base/java.lang.Class.cast(Class.java:4067)
[info]   at java.base/jdk.internal.reflect.DirectConstructorHandleAccessor.newInstance(DirectConstructorHandleAccessor.java:62)
[info]   at java.base/java.lang.reflect.Constructor.newInstanceWithCaller(Constructor.java:502)
[info]   at java.base/java.lang.reflect.Constructor.newInstance(Constructor.java:486)
[info]   at frameless.TypedExpressionEncoder$.$anonfun$apply$3(TypedExpressionEncoder.scala:55)
[info]   at scala.Option.map(Option.scala:242)
[info]   at frameless.TypedExpressionEncoder$.apply(TypedExpressionEncoder.scala:54)
[info]   at frameless.TypedDataset$.create(TypedDataset.scala:1325)
[info]   at frameless.functions.AggregateFunctionsTests.prop$3(AggregateFunctionsTests.scala:103)
[info]   at frameless.functions.AggregateFunctionsTests.$anonfun$new$73(AggregateFunctionsTests.scala:135)
[info]   at scala.Function1.$anonfun$andThen$1(Function1.scala:87)
[info]   at org.scalacheck.Prop$.$anonfun$forAllShrink$2(Prop.scala:868)
[info]   at org.scalacheck.Prop$.secure(Prop.scala:484)
[info]   at org.scalacheck.Prop$.result$1(Prop.scala:868)
[info]   at org.scalacheck.Prop$.$anonfun$forAllShrink$1(Prop.scala:915)
[info]   at org.scalacheck.Prop$.$anonfun$apply$1(Prop.scala:305)
[info]   at org.scalacheck.PropFromFun.apply(Prop.scala:20)
[info]   at org.scalacheck.Test$.workerFun$1(Test.scala:486)
[info]   at org.scalacheck.Test$.$anonfun$check$4(Test.scala:518)
[info]   at org.scalacheck.Test$.$anonfun$check$4$adapted(Test.scala:518)
[info]   at org.scalacheck.Platform$.runWorkers(Platform.scala:42)
[info]   at org.scalacheck.Test$.check(Test.scala:518)
[info]   at org.scalatestplus.scalacheck.UnitCheckerAsserting$CheckerAssertingImpl.check(CheckerAsserting.scala:90)
[info]   at org.scalatestplus.scalacheck.Checkers.check(Checkers.scala:371)
[info]   at org.scalatestplus.scalacheck.Checkers.check$(Checkers.scala:369)
[info]   at frameless.TypedDatasetSuite.check(TypedDatasetSuite.scala:63)
[info]   at frameless.functions.AggregateFunctionsTests.$anonfun$new$72(AggregateFunctionsTests.scala:135)
[info]   at frameless.package$.tolerantRun(package.scala:126)
[info]   at frameless.functions.AggregateFunctionsTests.$anonfun$new$53(AggregateFunctionsTests.scala:134)
[info]   at org.scalatest.OutcomeOf.outcomeOf(OutcomeOf.scala:85)
[info]   at org.scalatest.OutcomeOf.outcomeOf$(OutcomeOf.scala:83)
[info]   at org.scalatest.OutcomeOf$.outcomeOf(OutcomeOf.scala:104)
[info]   at org.scalatest.Transformer.apply(Transformer.scala:22)
[info]   at org.scalatest.Transformer.apply(Transformer.scala:20)
[info]   at org.scalatest.funsuite.AnyFunSuiteLike$$anon$1.apply(AnyFunSuiteLike.scala:226)
[info]   at org.scalatest.TestSuite.withFixture(TestSuite.scala:196)
[info]   at org.scalatest.TestSuite.withFixture$(TestSuite.scala:195)
[info]   at org.scalatest.funsuite.AnyFunSuite.withFixture(AnyFunSuite.scala:1564)
[info]   at org.scalatest.funsuite.AnyFunSuiteLike.invokeWithFixture$1(AnyFunSuiteLike.scala:224)
[info]   at org.scalatest.funsuite.AnyFunSuiteLike.$anonfun$runTest$1(AnyFunSuiteLike.scala:236)
[info]   at org.scalatest.SuperEngine.runTestImpl(Engine.scala:306)
[info]   at org.scalatest.funsuite.AnyFunSuiteLike.runTest(AnyFunSuiteLike.scala:236)
[info]   at org.scalatest.funsuite.AnyFunSuiteLike.runTest$(AnyFunSuiteLike.scala:218)
[info]   at org.scalatest.funsuite.AnyFunSuite.runTest(AnyFunSuite.scala:1564)
[info]   at org.scalatest.funsuite.AnyFunSuiteLike.$anonfun$runTests$1(AnyFunSuiteLike.scala:269)
[info]   at org.scalatest.SuperEngine.$anonfun$runTestsInBranch$1(Engine.scala:413)
[info]   at scala.collection.immutable.List.foreach(List.scala:334)
[info]   at org.scalatest.SuperEngine.traverseSubNodes$1(Engine.scala:401)
[info]   at org.scalatest.SuperEngine.runTestsInBranch(Engine.scala:396)
[info]   at org.scalatest.SuperEngine.runTestsImpl(Engine.scala:475)
[info]   at org.scalatest.funsuite.AnyFunSuiteLike.runTests(AnyFunSuiteLike.scala:269)
[info]   at org.scalatest.funsuite.AnyFunSuiteLike.runTests$(AnyFunSuiteLike.scala:268)
[info]   at org.scalatest.funsuite.AnyFunSuite.runTests(AnyFunSuite.scala:1564)
[info]   at org.scalatest.Suite.run(Suite.scala:1114)
[info]   at org.scalatest.Suite.run$(Suite.scala:1096)
[info]   at org.scalatest.funsuite.AnyFunSuite.org$scalatest$funsuite$AnyFunSuiteLike$$super$run(AnyFunSuite.scala:1564)
[info]   at org.scalatest.funsuite.AnyFunSuiteLike.$anonfun$run$1(AnyFunSuiteLike.scala:273)
[info]   at org.scalatest.SuperEngine.runImpl(Engine.scala:535)
[info]   at org.scalatest.funsuite.AnyFunSuiteLike.run(AnyFunSuiteLike.scala:273)
[info]   at org.scalatest.funsuite.AnyFunSuiteLike.run$(AnyFunSuiteLike.scala:272)
[info]   at frameless.TypedDatasetSuite.org$scalatest$BeforeAndAfterAll$$super$run(TypedDatasetSuite.scala:63)
[info]   at org.scalatest.BeforeAndAfterAll.liftedTree1$1(BeforeAndAfterAll.scala:213)
[info]   at org.scalatest.BeforeAndAfterAll.run(BeforeAndAfterAll.scala:210)
[info]   at org.scalatest.BeforeAndAfterAll.run$(BeforeAndAfterAll.scala:208)
[info]   at frameless.TypedDatasetSuite.run(TypedDatasetSuite.scala:63)
[info]   at org.scalatest.tools.Framework.org$scalatest$tools$Framework$$runSuite(Framework.scala:321)
[info]   at org.scalatest.tools.Framework$ScalaTestTask.execute(Framework.scala:517)
[info]   at sbt.ForkMain$Run.lambda$runTest$1(ForkMain.java:414)
[info]   at java.base/java.util.concurrent.FutureTask.run(FutureTask.java:317)
[info]   at java.base/java.util.concurrent.ThreadPoolExecutor.runWorker(ThreadPoolExecutor.java:1144)
[info]   at java.base/java.util.concurrent.ThreadPoolExecutor$Worker.run(ThreadPoolExecutor.java:642)
[info]   at java.base/java.lang.Thread.run(Thread.java:1583)
[info] - stddev and variance *** FAILED *** (11 milliseconds)
[info]   IllegalArgumentException was thrown during property evaluation.
[info]     Message: argument type mismatch
[info]     Occurred when passed generated values (
[info]       arg0 = List()
[info]     )
[info]   org.scalatest.exceptions.GeneratorDrivenPropertyCheckFailedException:
[info]   at org.scalatestplus.scalacheck.CheckerAsserting$$anon$2.indicateFailure(CheckerAsserting.scala:251)
[info]   at org.scalatestplus.scalacheck.CheckerAsserting$$anon$2.indicateFailure(CheckerAsserting.scala:238)
[info]   at org.scalatestplus.scalacheck.UnitCheckerAsserting$CheckerAssertingImpl.check(CheckerAsserting.scala:160)
[info]   at org.scalatestplus.scalacheck.Checkers.check(Checkers.scala:371)
[info]   at org.scalatestplus.scalacheck.Checkers.check$(Checkers.scala:369)
[info]   at frameless.TypedDatasetSuite.check(TypedDatasetSuite.scala:63)
[info]   at frameless.functions.AggregateFunctionsTests.$anonfun$new$83(AggregateFunctionsTests.scala:162)
[info]   at org.scalatest.OutcomeOf.outcomeOf(OutcomeOf.scala:85)
[info]   at org.scalatest.OutcomeOf.outcomeOf$(OutcomeOf.scala:83)
[info]   at org.scalatest.OutcomeOf$.outcomeOf(OutcomeOf.scala:104)
[info]   at org.scalatest.Transformer.apply(Transformer.scala:22)
[info]   at org.scalatest.Transformer.apply(Transformer.scala:20)
[info]   at org.scalatest.funsuite.AnyFunSuiteLike$$anon$1.apply(AnyFunSuiteLike.scala:226)
[info]   at org.scalatest.TestSuite.withFixture(TestSuite.scala:196)
[info]   at org.scalatest.TestSuite.withFixture$(TestSuite.scala:195)
[info]   at org.scalatest.funsuite.AnyFunSuite.withFixture(AnyFunSuite.scala:1564)
[info]   at org.scalatest.funsuite.AnyFunSuiteLike.invokeWithFixture$1(AnyFunSuiteLike.scala:224)
[info]   at org.scalatest.funsuite.AnyFunSuiteLike.$anonfun$runTest$1(AnyFunSuiteLike.scala:236)
[info]   at org.scalatest.SuperEngine.runTestImpl(Engine.scala:306)
[info]   at org.scalatest.funsuite.AnyFunSuiteLike.runTest(AnyFunSuiteLike.scala:236)
[info]   at org.scalatest.funsuite.AnyFunSuiteLike.runTest$(AnyFunSuiteLike.scala:218)
[info]   at org.scalatest.funsuite.AnyFunSuite.runTest(AnyFunSuite.scala:1564)
[info]   at org.scalatest.funsuite.AnyFunSuiteLike.$anonfun$runTests$1(AnyFunSuiteLike.scala:269)
[info]   at org.scalatest.SuperEngine.$anonfun$runTestsInBranch$1(Engine.scala:413)
[info]   at scala.collection.immutable.List.foreach(List.scala:334)
[info]   at org.scalatest.SuperEngine.traverseSubNodes$1(Engine.scala:401)
[info]   at org.scalatest.SuperEngine.runTestsInBranch(Engine.scala:396)
[info]   at org.scalatest.SuperEngine.runTestsImpl(Engine.scala:475)
[info]   at org.scalatest.funsuite.AnyFunSuiteLike.runTests(AnyFunSuiteLike.scala:269)
[info]   at org.scalatest.funsuite.AnyFunSuiteLike.runTests$(AnyFunSuiteLike.scala:268)
[info]   at org.scalatest.funsuite.AnyFunSuite.runTests(AnyFunSuite.scala:1564)
[info]   at org.scalatest.Suite.run(Suite.scala:1114)
[info]   at org.scalatest.Suite.run$(Suite.scala:1096)
[info]   at org.scalatest.funsuite.AnyFunSuite.org$scalatest$funsuite$AnyFunSuiteLike$$super$run(AnyFunSuite.scala:1564)
[info]   at org.scalatest.funsuite.AnyFunSuiteLike.$anonfun$run$1(AnyFunSuiteLike.scala:273)
[info]   at org.scalatest.SuperEngine.runImpl(Engine.scala:535)
[info]   at org.scalatest.funsuite.AnyFunSuiteLike.run(AnyFunSuiteLike.scala:273)
[info]   at org.scalatest.funsuite.AnyFunSuiteLike.run$(AnyFunSuiteLike.scala:272)
[info]   at frameless.TypedDatasetSuite.org$scalatest$BeforeAndAfterAll$$super$run(TypedDatasetSuite.scala:63)
[info]   at org.scalatest.BeforeAndAfterAll.liftedTree1$1(BeforeAndAfterAll.scala:213)
[info]   at org.scalatest.BeforeAndAfterAll.run(BeforeAndAfterAll.scala:210)
[info]   at org.scalatest.BeforeAndAfterAll.run$(BeforeAndAfterAll.scala:208)
[info]   at frameless.TypedDatasetSuite.run(TypedDatasetSuite.scala:63)
[info]   at org.scalatest.tools.Framework.org$scalatest$tools$Framework$$runSuite(Framework.scala:321)
[info]   at org.scalatest.tools.Framework$ScalaTestTask.execute(Framework.scala:517)
[info]   at sbt.ForkMain$Run.lambda$runTest$1(ForkMain.java:414)
[info]   at java.base/java.util.concurrent.FutureTask.run(FutureTask.java:317)
[info]   at java.base/java.util.concurrent.ThreadPoolExecutor.runWorker(ThreadPoolExecutor.java:1144)
[info]   at java.base/java.util.concurrent.ThreadPoolExecutor$Worker.run(ThreadPoolExecutor.java:642)
[info]   at java.base/java.lang.Thread.run(Thread.java:1583)
[info]   Cause: java.lang.IllegalArgumentException: argument type mismatch
[info]   at java.base/jdk.internal.reflect.DirectConstructorHandleAccessor.newInstance(DirectConstructorHandleAccessor.java:65)
[info]   at java.base/java.lang.reflect.Constructor.newInstanceWithCaller(Constructor.java:502)
[info]   at java.base/java.lang.reflect.Constructor.newInstance(Constructor.java:486)
[info]   at frameless.TypedExpressionEncoder$.$anonfun$apply$3(TypedExpressionEncoder.scala:55)
[info]   at scala.Option.map(Option.scala:242)
[info]   at frameless.TypedExpressionEncoder$.apply(TypedExpressionEncoder.scala:54)
[info]   at frameless.TypedDataset$.create(TypedDataset.scala:1325)
[info]   at frameless.functions.AggregateFunctionsTests.prop$4(AggregateFunctionsTests.scala:146)
[info]   at frameless.functions.AggregateFunctionsTests.$anonfun$new$94(AggregateFunctionsTests.scala:162)
[info]   at scala.Function1.$anonfun$andThen$1(Function1.scala:87)
[info]   at org.scalacheck.Prop$.$anonfun$forAllShrink$2(Prop.scala:868)
[info]   at org.scalacheck.Prop$.secure(Prop.scala:484)
[info]   at org.scalacheck.Prop$.result$1(Prop.scala:868)
[info]   at org.scalacheck.Prop$.$anonfun$forAllShrink$1(Prop.scala:915)
[info]   at org.scalacheck.Prop$.$anonfun$apply$1(Prop.scala:305)
[info]   at org.scalacheck.PropFromFun.apply(Prop.scala:20)
[info]   at org.scalacheck.Test$.workerFun$1(Test.scala:486)
[info]   at org.scalacheck.Test$.$anonfun$check$4(Test.scala:518)
[info]   at org.scalacheck.Test$.$anonfun$check$4$adapted(Test.scala:518)
[info]   at org.scalacheck.Platform$.runWorkers(Platform.scala:42)
[info]   at org.scalacheck.Test$.check(Test.scala:518)
[info]   at org.scalatestplus.scalacheck.UnitCheckerAsserting$CheckerAssertingImpl.check(CheckerAsserting.scala:90)
[info]   at org.scalatestplus.scalacheck.Checkers.check(Checkers.scala:371)
[info]   at org.scalatestplus.scalacheck.Checkers.check$(Checkers.scala:369)
[info]   at frameless.TypedDatasetSuite.check(TypedDatasetSuite.scala:63)
[info]   at frameless.functions.AggregateFunctionsTests.$anonfun$new$83(AggregateFunctionsTests.scala:162)
[info]   at org.scalatest.OutcomeOf.outcomeOf(OutcomeOf.scala:85)
[info]   at org.scalatest.OutcomeOf.outcomeOf$(OutcomeOf.scala:83)
[info]   at org.scalatest.OutcomeOf$.outcomeOf(OutcomeOf.scala:104)
[info]   at org.scalatest.Transformer.apply(Transformer.scala:22)
[info]   at org.scalatest.Transformer.apply(Transformer.scala:20)
[info]   at org.scalatest.funsuite.AnyFunSuiteLike$$anon$1.apply(AnyFunSuiteLike.scala:226)
[info]   at org.scalatest.TestSuite.withFixture(TestSuite.scala:196)
[info]   at org.scalatest.TestSuite.withFixture$(TestSuite.scala:195)
[info]   at org.scalatest.funsuite.AnyFunSuite.withFixture(AnyFunSuite.scala:1564)
[info]   at org.scalatest.funsuite.AnyFunSuiteLike.invokeWithFixture$1(AnyFunSuiteLike.scala:224)
[info]   at org.scalatest.funsuite.AnyFunSuiteLike.$anonfun$runTest$1(AnyFunSuiteLike.scala:236)
[info]   at org.scalatest.SuperEngine.runTestImpl(Engine.scala:306)
[info]   at org.scalatest.funsuite.AnyFunSuiteLike.runTest(AnyFunSuiteLike.scala:236)
[info]   at org.scalatest.funsuite.AnyFunSuiteLike.runTest$(AnyFunSuiteLike.scala:218)
[info]   at org.scalatest.funsuite.AnyFunSuite.runTest(AnyFunSuite.scala:1564)
[info]   at org.scalatest.funsuite.AnyFunSuiteLike.$anonfun$runTests$1(AnyFunSuiteLike.scala:269)
[info]   at org.scalatest.SuperEngine.$anonfun$runTestsInBranch$1(Engine.scala:413)
[info]   at scala.collection.immutable.List.foreach(List.scala:334)
[info]   at org.scalatest.SuperEngine.traverseSubNodes$1(Engine.scala:401)
[info]   at org.scalatest.SuperEngine.runTestsInBranch(Engine.scala:396)
[info]   at org.scalatest.SuperEngine.runTestsImpl(Engine.scala:475)
[info]   at org.scalatest.funsuite.AnyFunSuiteLike.runTests(AnyFunSuiteLike.scala:269)
[info]   at org.scalatest.funsuite.AnyFunSuiteLike.runTests$(AnyFunSuiteLike.scala:268)
[info]   at org.scalatest.funsuite.AnyFunSuite.runTests(AnyFunSuite.scala:1564)
[info]   at org.scalatest.Suite.run(Suite.scala:1114)
[info]   at org.scalatest.Suite.run$(Suite.scala:1096)
[info]   at org.scalatest.funsuite.AnyFunSuite.org$scalatest$funsuite$AnyFunSuiteLike$$super$run(AnyFunSuite.scala:1564)
[info]   at org.scalatest.funsuite.AnyFunSuiteLike.$anonfun$run$1(AnyFunSuiteLike.scala:273)
[info]   at org.scalatest.SuperEngine.runImpl(Engine.scala:535)
[info]   at org.scalatest.funsuite.AnyFunSuiteLike.run(AnyFunSuiteLike.scala:273)
[info]   at org.scalatest.funsuite.AnyFunSuiteLike.run$(AnyFunSuiteLike.scala:272)
[info]   at frameless.TypedDatasetSuite.org$scalatest$BeforeAndAfterAll$$super$run(TypedDatasetSuite.scala:63)
[info]   at org.scalatest.BeforeAndAfterAll.liftedTree1$1(BeforeAndAfterAll.scala:213)
[info]   at org.scalatest.BeforeAndAfterAll.run(BeforeAndAfterAll.scala:210)
[info]   at org.scalatest.BeforeAndAfterAll.run$(BeforeAndAfterAll.scala:208)
[info]   at frameless.TypedDatasetSuite.run(TypedDatasetSuite.scala:63)
[info]   at org.scalatest.tools.Framework.org$scalatest$tools$Framework$$runSuite(Framework.scala:321)
[info]   at org.scalatest.tools.Framework$ScalaTestTask.execute(Framework.scala:517)
[info]   at sbt.ForkMain$Run.lambda$runTest$1(ForkMain.java:414)
[info]   at java.base/java.util.concurrent.FutureTask.run(FutureTask.java:317)
[info]   at java.base/java.util.concurrent.ThreadPoolExecutor.runWorker(ThreadPoolExecutor.java:1144)
[info]   at java.base/java.util.concurrent.ThreadPoolExecutor$Worker.run(ThreadPoolExecutor.java:642)
[info]   at java.base/java.lang.Thread.run(Thread.java:1583)
[info]   Cause: java.lang.ClassCastException: Cannot cast scala.reflect.ClassTag$GenericClassTag to org.apache.spark.sql.catalyst.expressions.Expression
[info]   at java.base/java.lang.Class.cast(Class.java:4067)
[info]   at java.base/jdk.internal.reflect.DirectConstructorHandleAccessor.newInstance(DirectConstructorHandleAccessor.java:62)
[info]   at java.base/java.lang.reflect.Constructor.newInstanceWithCaller(Constructor.java:502)
[info]   at java.base/java.lang.reflect.Constructor.newInstance(Constructor.java:486)
[info]   at frameless.TypedExpressionEncoder$.$anonfun$apply$3(TypedExpressionEncoder.scala:55)
[info]   at scala.Option.map(Option.scala:242)
[info]   at frameless.TypedExpressionEncoder$.apply(TypedExpressionEncoder.scala:54)
[info]   at frameless.TypedDataset$.create(TypedDataset.scala:1325)
[info]   at frameless.functions.AggregateFunctionsTests.prop$4(AggregateFunctionsTests.scala:146)
[info]   at frameless.functions.AggregateFunctionsTests.$anonfun$new$94(AggregateFunctionsTests.scala:162)
[info]   at scala.Function1.$anonfun$andThen$1(Function1.scala:87)
[info]   at org.scalacheck.Prop$.$anonfun$forAllShrink$2(Prop.scala:868)
[info]   at org.scalacheck.Prop$.secure(Prop.scala:484)
[info]   at org.scalacheck.Prop$.result$1(Prop.scala:868)
[info]   at org.scalacheck.Prop$.$anonfun$forAllShrink$1(Prop.scala:915)
[info]   at org.scalacheck.Prop$.$anonfun$apply$1(Prop.scala:305)
[info]   at org.scalacheck.PropFromFun.apply(Prop.scala:20)
[info]   at org.scalacheck.Test$.workerFun$1(Test.scala:486)
[info]   at org.scalacheck.Test$.$anonfun$check$4(Test.scala:518)
[info]   at org.scalacheck.Test$.$anonfun$check$4$adapted(Test.scala:518)
[info]   at org.scalacheck.Platform$.runWorkers(Platform.scala:42)
[info]   at org.scalacheck.Test$.check(Test.scala:518)
[info]   at org.scalatestplus.scalacheck.UnitCheckerAsserting$CheckerAssertingImpl.check(CheckerAsserting.scala:90)
[info]   at org.scalatestplus.scalacheck.Checkers.check(Checkers.scala:371)
[info]   at org.scalatestplus.scalacheck.Checkers.check$(Checkers.scala:369)
[info]   at frameless.TypedDatasetSuite.check(TypedDatasetSuite.scala:63)
[info]   at frameless.functions.AggregateFunctionsTests.$anonfun$new$83(AggregateFunctionsTests.scala:162)
[info]   at org.scalatest.OutcomeOf.outcomeOf(OutcomeOf.scala:85)
[info]   at org.scalatest.OutcomeOf.outcomeOf$(OutcomeOf.scala:83)
[info]   at org.scalatest.OutcomeOf$.outcomeOf(OutcomeOf.scala:104)
[info]   at org.scalatest.Transformer.apply(Transformer.scala:22)
[info]   at org.scalatest.Transformer.apply(Transformer.scala:20)
[info]   at org.scalatest.funsuite.AnyFunSuiteLike$$anon$1.apply(AnyFunSuiteLike.scala:226)
[info]   at org.scalatest.TestSuite.withFixture(TestSuite.scala:196)
[info]   at org.scalatest.TestSuite.withFixture$(TestSuite.scala:195)
[info]   at org.scalatest.funsuite.AnyFunSuite.withFixture(AnyFunSuite.scala:1564)
[info]   at org.scalatest.funsuite.AnyFunSuiteLike.invokeWithFixture$1(AnyFunSuiteLike.scala:224)
[info]   at org.scalatest.funsuite.AnyFunSuiteLike.$anonfun$runTest$1(AnyFunSuiteLike.scala:236)
[info]   at org.scalatest.SuperEngine.runTestImpl(Engine.scala:306)
[info]   at org.scalatest.funsuite.AnyFunSuiteLike.runTest(AnyFunSuiteLike.scala:236)
[info]   at org.scalatest.funsuite.AnyFunSuiteLike.runTest$(AnyFunSuiteLike.scala:218)
[info]   at org.scalatest.funsuite.AnyFunSuite.runTest(AnyFunSuite.scala:1564)
[info]   at org.scalatest.funsuite.AnyFunSuiteLike.$anonfun$runTests$1(AnyFunSuiteLike.scala:269)
[info]   at org.scalatest.SuperEngine.$anonfun$runTestsInBranch$1(Engine.scala:413)
[info]   at scala.collection.immutable.List.foreach(List.scala:334)
[info]   at org.scalatest.SuperEngine.traverseSubNodes$1(Engine.scala:401)
[info]   at org.scalatest.SuperEngine.runTestsInBranch(Engine.scala:396)
[info]   at org.scalatest.SuperEngine.runTestsImpl(Engine.scala:475)
[info]   at org.scalatest.funsuite.AnyFunSuiteLike.runTests(AnyFunSuiteLike.scala:269)
[info]   at org.scalatest.funsuite.AnyFunSuiteLike.runTests$(AnyFunSuiteLike.scala:268)
[info]   at org.scalatest.funsuite.AnyFunSuite.runTests(AnyFunSuite.scala:1564)
[info]   at org.scalatest.Suite.run(Suite.scala:1114)
[info]   at org.scalatest.Suite.run$(Suite.scala:1096)
[info]   at org.scalatest.funsuite.AnyFunSuite.org$scalatest$funsuite$AnyFunSuiteLike$$super$run(AnyFunSuite.scala:1564)
[info]   at org.scalatest.funsuite.AnyFunSuiteLike.$anonfun$run$1(AnyFunSuiteLike.scala:273)
[info]   at org.scalatest.SuperEngine.runImpl(Engine.scala:535)
[info]   at org.scalatest.funsuite.AnyFunSuiteLike.run(AnyFunSuiteLike.scala:273)
[info]   at org.scalatest.funsuite.AnyFunSuiteLike.run$(AnyFunSuiteLike.scala:272)
[info]   at frameless.TypedDatasetSuite.org$scalatest$BeforeAndAfterAll$$super$run(TypedDatasetSuite.scala:63)
[info]   at org.scalatest.BeforeAndAfterAll.liftedTree1$1(BeforeAndAfterAll.scala:213)
[info]   at org.scalatest.BeforeAndAfterAll.run(BeforeAndAfterAll.scala:210)
[info]   at org.scalatest.BeforeAndAfterAll.run$(BeforeAndAfterAll.scala:208)
[info]   at frameless.TypedDatasetSuite.run(TypedDatasetSuite.scala:63)
[info]   at org.scalatest.tools.Framework.org$scalatest$tools$Framework$$runSuite(Framework.scala:321)
[info]   at org.scalatest.tools.Framework$ScalaTestTask.execute(Framework.scala:517)
[info]   at sbt.ForkMain$Run.lambda$runTest$1(ForkMain.java:414)
[info]   at java.base/java.util.concurrent.FutureTask.run(FutureTask.java:317)
[info]   at java.base/java.util.concurrent.ThreadPoolExecutor.runWorker(ThreadPoolExecutor.java:1144)
[info]   at java.base/java.util.concurrent.ThreadPoolExecutor$Worker.run(ThreadPoolExecutor.java:642)
[info]   at java.base/java.lang.Thread.run(Thread.java:1583)
[info] - litAggr *** FAILED *** (24 milliseconds)
[info]   IllegalArgumentException was thrown during property evaluation.
[info]     Message: argument type mismatch
[info]     Occurred when passed generated values (
[info]       arg0 = List(),
[info]       arg1 = 0, // 1 shrink
[info]       arg2 = ""
[info]     )
[info]   org.scalatest.exceptions.GeneratorDrivenPropertyCheckFailedException:
[info]   at org.scalatestplus.scalacheck.CheckerAsserting$$anon$2.indicateFailure(CheckerAsserting.scala:251)
[info]   at org.scalatestplus.scalacheck.CheckerAsserting$$anon$2.indicateFailure(CheckerAsserting.scala:238)
[info]   at org.scalatestplus.scalacheck.UnitCheckerAsserting$CheckerAssertingImpl.check(CheckerAsserting.scala:160)
[info]   at org.scalatestplus.scalacheck.Checkers.check(Checkers.scala:371)
[info]   at org.scalatestplus.scalacheck.Checkers.check$(Checkers.scala:369)
[info]   at frameless.TypedDatasetSuite.check(TypedDatasetSuite.scala:63)
[info]   at frameless.functions.AggregateFunctionsTests.$anonfun$new$104(AggregateFunctionsTests.scala:176)
[info]   at org.scalatest.OutcomeOf.outcomeOf(OutcomeOf.scala:85)
[info]   at org.scalatest.OutcomeOf.outcomeOf$(OutcomeOf.scala:83)
[info]   at org.scalatest.OutcomeOf$.outcomeOf(OutcomeOf.scala:104)
[info]   at org.scalatest.Transformer.apply(Transformer.scala:22)
[info]   at org.scalatest.Transformer.apply(Transformer.scala:20)
[info]   at org.scalatest.funsuite.AnyFunSuiteLike$$anon$1.apply(AnyFunSuiteLike.scala:226)
[info]   at org.scalatest.TestSuite.withFixture(TestSuite.scala:196)
[info]   at org.scalatest.TestSuite.withFixture$(TestSuite.scala:195)
[info]   at org.scalatest.funsuite.AnyFunSuite.withFixture(AnyFunSuite.scala:1564)
[info]   at org.scalatest.funsuite.AnyFunSuiteLike.invokeWithFixture$1(AnyFunSuiteLike.scala:224)
[info]   at org.scalatest.funsuite.AnyFunSuiteLike.$anonfun$runTest$1(AnyFunSuiteLike.scala:236)
[info]   at org.scalatest.SuperEngine.runTestImpl(Engine.scala:306)
[info]   at org.scalatest.funsuite.AnyFunSuiteLike.runTest(AnyFunSuiteLike.scala:236)
[info]   at org.scalatest.funsuite.AnyFunSuiteLike.runTest$(AnyFunSuiteLike.scala:218)
[info]   at org.scalatest.funsuite.AnyFunSuite.runTest(AnyFunSuite.scala:1564)
[info]   at org.scalatest.funsuite.AnyFunSuiteLike.$anonfun$runTests$1(AnyFunSuiteLike.scala:269)
[info]   at org.scalatest.SuperEngine.$anonfun$runTestsInBranch$1(Engine.scala:413)
[info]   at scala.collection.immutable.List.foreach(List.scala:334)
[info]   at org.scalatest.SuperEngine.traverseSubNodes$1(Engine.scala:401)
[info]   at org.scalatest.SuperEngine.runTestsInBranch(Engine.scala:396)
[info]   at org.scalatest.SuperEngine.runTestsImpl(Engine.scala:475)
[info]   at org.scalatest.funsuite.AnyFunSuiteLike.runTests(AnyFunSuiteLike.scala:269)
[info]   at org.scalatest.funsuite.AnyFunSuiteLike.runTests$(AnyFunSuiteLike.scala:268)
[info]   at org.scalatest.funsuite.AnyFunSuite.runTests(AnyFunSuite.scala:1564)
[info]   at org.scalatest.Suite.run(Suite.scala:1114)
[info]   at org.scalatest.Suite.run$(Suite.scala:1096)
[info]   at org.scalatest.funsuite.AnyFunSuite.org$scalatest$funsuite$AnyFunSuiteLike$$super$run(AnyFunSuite.scala:1564)
[info]   at org.scalatest.funsuite.AnyFunSuiteLike.$anonfun$run$1(AnyFunSuiteLike.scala:273)
[info]   at org.scalatest.SuperEngine.runImpl(Engine.scala:535)
[info]   at org.scalatest.funsuite.AnyFunSuiteLike.run(AnyFunSuiteLike.scala:273)
[info]   at org.scalatest.funsuite.AnyFunSuiteLike.run$(AnyFunSuiteLike.scala:272)
[info]   at frameless.TypedDatasetSuite.org$scalatest$BeforeAndAfterAll$$super$run(TypedDatasetSuite.scala:63)
[info]   at org.scalatest.BeforeAndAfterAll.liftedTree1$1(BeforeAndAfterAll.scala:213)
[info]   at org.scalatest.BeforeAndAfterAll.run(BeforeAndAfterAll.scala:210)
[info]   at org.scalatest.BeforeAndAfterAll.run$(BeforeAndAfterAll.scala:208)
[info]   at frameless.TypedDatasetSuite.run(TypedDatasetSuite.scala:63)
[info]   at org.scalatest.tools.Framework.org$scalatest$tools$Framework$$runSuite(Framework.scala:321)
[info]   at org.scalatest.tools.Framework$ScalaTestTask.execute(Framework.scala:517)
[info]   at sbt.ForkMain$Run.lambda$runTest$1(ForkMain.java:414)
[info]   at java.base/java.util.concurrent.FutureTask.run(FutureTask.java:317)
[info]   at java.base/java.util.concurrent.ThreadPoolExecutor.runWorker(ThreadPoolExecutor.java:1144)
[info]   at java.base/java.util.concurrent.ThreadPoolExecutor$Worker.run(ThreadPoolExecutor.java:642)
[info]   at java.base/java.lang.Thread.run(Thread.java:1583)
[info]   Cause: java.lang.IllegalArgumentException: argument type mismatch
[info]   at java.base/jdk.internal.reflect.DirectConstructorHandleAccessor.newInstance(DirectConstructorHandleAccessor.java:65)
[info]   at java.base/java.lang.reflect.Constructor.newInstanceWithCaller(Constructor.java:502)
[info]   at java.base/java.lang.reflect.Constructor.newInstance(Constructor.java:486)
[info]   at frameless.TypedExpressionEncoder$.$anonfun$apply$3(TypedExpressionEncoder.scala:55)
[info]   at scala.Option.map(Option.scala:242)
[info]   at frameless.TypedExpressionEncoder$.apply(TypedExpressionEncoder.scala:54)
[info]   at frameless.TypedDataset$.create(TypedDataset.scala:1325)
[info]   at frameless.functions.AggregateFunctionsTests.prop$5(AggregateFunctionsTests.scala:171)
[info]   at frameless.functions.AggregateFunctionsTests.$anonfun$new$116(AggregateFunctionsTests.scala:176)
[info]   at frameless.functions.AggregateFunctionsTests.$anonfun$new$116$adapted(AggregateFunctionsTests.scala:176)
[info]   at org.scalacheck.Prop$.$anonfun$forAll$20(Prop.scala:1147)
[info]   at org.scalacheck.Prop$.$anonfun$forAll$18(Prop.scala:1131)
[info]   at scala.Function1.$anonfun$andThen$1(Function1.scala:87)
[info]   at org.scalacheck.Prop$.$anonfun$forAllShrink$2(Prop.scala:868)
[info]   at org.scalacheck.Prop$.secure(Prop.scala:484)
[info]   at org.scalacheck.Prop$.result$1(Prop.scala:868)
[info]   at org.scalacheck.Prop$.$anonfun$forAllShrink$1(Prop.scala:915)
[info]   at org.scalacheck.Prop$.$anonfun$apply$1(Prop.scala:305)
[info]   at org.scalacheck.PropFromFun.apply(Prop.scala:20)
[info]   at org.scalacheck.Prop$.result$1(Prop.scala:869)
[info]   at org.scalacheck.Prop$.$anonfun$forAllShrink$4(Prop.scala:880)
[info]   at scala.collection.immutable.Stream.map(Stream.scala:173)
[info]   at org.scalacheck.Prop$.getFirstFailure$1(Prop.scala:880)
[info]   at org.scalacheck.Prop$.shrinker$1(Prop.scala:895)
[info]   at org.scalacheck.Prop$.$anonfun$forAllShrink$1(Prop.scala:916)
[info]   at org.scalacheck.Prop$.$anonfun$apply$1(Prop.scala:305)
[info]   at org.scalacheck.PropFromFun.apply(Prop.scala:20)
[info]   at org.scalacheck.Prop$.result$1(Prop.scala:869)
[info]   at org.scalacheck.Prop$.$anonfun$forAllShrink$1(Prop.scala:915)
[info]   at org.scalacheck.Prop$.$anonfun$apply$1(Prop.scala:305)
[info]   at org.scalacheck.PropFromFun.apply(Prop.scala:20)
[info]   at org.scalacheck.Test$.workerFun$1(Test.scala:486)
[info]   at org.scalacheck.Test$.$anonfun$check$4(Test.scala:518)
[info]   at org.scalacheck.Test$.$anonfun$check$4$adapted(Test.scala:518)
[info]   at org.scalacheck.Platform$.runWorkers(Platform.scala:42)
[info]   at org.scalacheck.Test$.check(Test.scala:518)
[info]   at org.scalatestplus.scalacheck.UnitCheckerAsserting$CheckerAssertingImpl.check(CheckerAsserting.scala:90)
[info]   at org.scalatestplus.scalacheck.Checkers.check(Checkers.scala:371)
[info]   at org.scalatestplus.scalacheck.Checkers.check$(Checkers.scala:369)
[info]   at frameless.TypedDatasetSuite.check(TypedDatasetSuite.scala:63)
[info]   at frameless.functions.AggregateFunctionsTests.$anonfun$new$104(AggregateFunctionsTests.scala:176)
[info]   at org.scalatest.OutcomeOf.outcomeOf(OutcomeOf.scala:85)
[info]   at org.scalatest.OutcomeOf.outcomeOf$(OutcomeOf.scala:83)
[info]   at org.scalatest.OutcomeOf$.outcomeOf(OutcomeOf.scala:104)
[info]   at org.scalatest.Transformer.apply(Transformer.scala:22)
[info]   at org.scalatest.Transformer.apply(Transformer.scala:20)
[info]   at org.scalatest.funsuite.AnyFunSuiteLike$$anon$1.apply(AnyFunSuiteLike.scala:226)
[info]   at org.scalatest.TestSuite.withFixture(TestSuite.scala:196)
[info]   at org.scalatest.TestSuite.withFixture$(TestSuite.scala:195)
[info]   at org.scalatest.funsuite.AnyFunSuite.withFixture(AnyFunSuite.scala:1564)
[info]   at org.scalatest.funsuite.AnyFunSuiteLike.invokeWithFixture$1(AnyFunSuiteLike.scala:224)
[info]   at org.scalatest.funsuite.AnyFunSuiteLike.$anonfun$runTest$1(AnyFunSuiteLike.scala:236)
[info]   at org.scalatest.SuperEngine.runTestImpl(Engine.scala:306)
[info]   at org.scalatest.funsuite.AnyFunSuiteLike.runTest(AnyFunSuiteLike.scala:236)
[info]   at org.scalatest.funsuite.AnyFunSuiteLike.runTest$(AnyFunSuiteLike.scala:218)
[info]   at org.scalatest.funsuite.AnyFunSuite.runTest(AnyFunSuite.scala:1564)
[info]   at org.scalatest.funsuite.AnyFunSuiteLike.$anonfun$runTests$1(AnyFunSuiteLike.scala:269)
[info]   at org.scalatest.SuperEngine.$anonfun$runTestsInBranch$1(Engine.scala:413)
[info]   at scala.collection.immutable.List.foreach(List.scala:334)
[info]   at org.scalatest.SuperEngine.traverseSubNodes$1(Engine.scala:401)
[info]   at org.scalatest.SuperEngine.runTestsInBranch(Engine.scala:396)
[info]   at org.scalatest.SuperEngine.runTestsImpl(Engine.scala:475)
[info]   at org.scalatest.funsuite.AnyFunSuiteLike.runTests(AnyFunSuiteLike.scala:269)
[info]   at org.scalatest.funsuite.AnyFunSuiteLike.runTests$(AnyFunSuiteLike.scala:268)
[info]   at org.scalatest.funsuite.AnyFunSuite.runTests(AnyFunSuite.scala:1564)
[info]   at org.scalatest.Suite.run(Suite.scala:1114)
[info]   at org.scalatest.Suite.run$(Suite.scala:1096)
[info]   at org.scalatest.funsuite.AnyFunSuite.org$scalatest$funsuite$AnyFunSuiteLike$$super$run(AnyFunSuite.scala:1564)
[info]   at org.scalatest.funsuite.AnyFunSuiteLike.$anonfun$run$1(AnyFunSuiteLike.scala:273)
[info]   at org.scalatest.SuperEngine.runImpl(Engine.scala:535)
[info]   at org.scalatest.funsuite.AnyFunSuiteLike.run(AnyFunSuiteLike.scala:273)
[info]   at org.scalatest.funsuite.AnyFunSuiteLike.run$(AnyFunSuiteLike.scala:272)
[info]   at frameless.TypedDatasetSuite.org$scalatest$BeforeAndAfterAll$$super$run(TypedDatasetSuite.scala:63)
[info]   at org.scalatest.BeforeAndAfterAll.liftedTree1$1(BeforeAndAfterAll.scala:213)
[info]   at org.scalatest.BeforeAndAfterAll.run(BeforeAndAfterAll.scala:210)
[info]   at org.scalatest.BeforeAndAfterAll.run$(BeforeAndAfterAll.scala:208)
[info]   at frameless.TypedDatasetSuite.run(TypedDatasetSuite.scala:63)
[info]   at org.scalatest.tools.Framework.org$scalatest$tools$Framework$$runSuite(Framework.scala:321)
[info]   at org.scalatest.tools.Framework$ScalaTestTask.execute(Framework.scala:517)
[info]   at sbt.ForkMain$Run.lambda$runTest$1(ForkMain.java:414)
[info]   at java.base/java.util.concurrent.FutureTask.run(FutureTask.java:317)
[info]   at java.base/java.util.concurrent.ThreadPoolExecutor.runWorker(ThreadPoolExecutor.java:1144)
[info]   at java.base/java.util.concurrent.ThreadPoolExecutor$Worker.run(ThreadPoolExecutor.java:642)
[info]   at java.base/java.lang.Thread.run(Thread.java:1583)
[info]   Cause: java.lang.ClassCastException: Cannot cast scala.reflect.ManifestFactory$BooleanManifest to org.apache.spark.sql.catalyst.expressions.Expression
[info]   at java.base/java.lang.Class.cast(Class.java:4067)
[info]   at java.base/jdk.internal.reflect.DirectConstructorHandleAccessor.newInstance(DirectConstructorHandleAccessor.java:62)
[info]   at java.base/java.lang.reflect.Constructor.newInstanceWithCaller(Constructor.java:502)
[info]   at java.base/java.lang.reflect.Constructor.newInstance(Constructor.java:486)
[info]   at frameless.TypedExpressionEncoder$.$anonfun$apply$3(TypedExpressionEncoder.scala:55)
[info]   at scala.Option.map(Option.scala:242)
[info]   at frameless.TypedExpressionEncoder$.apply(TypedExpressionEncoder.scala:54)
[info]   at frameless.TypedDataset$.create(TypedDataset.scala:1325)
[info]   at frameless.functions.AggregateFunctionsTests.prop$5(AggregateFunctionsTests.scala:171)
[info]   at frameless.functions.AggregateFunctionsTests.$anonfun$new$116(AggregateFunctionsTests.scala:176)
[info]   at frameless.functions.AggregateFunctionsTests.$anonfun$new$116$adapted(AggregateFunctionsTests.scala:176)
[info]   at org.scalacheck.Prop$.$anonfun$forAll$20(Prop.scala:1147)
[info]   at org.scalacheck.Prop$.$anonfun$forAll$18(Prop.scala:1131)
[info]   at scala.Function1.$anonfun$andThen$1(Function1.scala:87)
[info]   at org.scalacheck.Prop$.$anonfun$forAllShrink$2(Prop.scala:868)
[info]   at org.scalacheck.Prop$.secure(Prop.scala:484)
[info]   at org.scalacheck.Prop$.result$1(Prop.scala:868)
[info]   at org.scalacheck.Prop$.$anonfun$forAllShrink$1(Prop.scala:915)
[info]   at org.scalacheck.Prop$.$anonfun$apply$1(Prop.scala:305)
[info]   at org.scalacheck.PropFromFun.apply(Prop.scala:20)
[info]   at org.scalacheck.Prop$.result$1(Prop.scala:869)
[info]   at org.scalacheck.Prop$.$anonfun$forAllShrink$4(Prop.scala:880)
[info]   at scala.collection.immutable.Stream.map(Stream.scala:173)
[info]   at org.scalacheck.Prop$.getFirstFailure$1(Prop.scala:880)
[info]   at org.scalacheck.Prop$.shrinker$1(Prop.scala:895)
[info]   at org.scalacheck.Prop$.$anonfun$forAllShrink$1(Prop.scala:916)
[info]   at org.scalacheck.Prop$.$anonfun$apply$1(Prop.scala:305)
[info]   at org.scalacheck.PropFromFun.apply(Prop.scala:20)
[info]   at org.scalacheck.Prop$.result$1(Prop.scala:869)
[info]   at org.scalacheck.Prop$.$anonfun$forAllShrink$1(Prop.scala:915)
[info]   at org.scalacheck.Prop$.$anonfun$apply$1(Prop.scala:305)
[info]   at org.scalacheck.PropFromFun.apply(Prop.scala:20)
[info]   at org.scalacheck.Test$.workerFun$1(Test.scala:486)
[info]   at org.scalacheck.Test$.$anonfun$check$4(Test.scala:518)
[info]   at org.scalacheck.Test$.$anonfun$check$4$adapted(Test.scala:518)
[info]   at org.scalacheck.Platform$.runWorkers(Platform.scala:42)
[info]   at org.scalacheck.Test$.check(Test.scala:518)
[info]   at org.scalatestplus.scalacheck.UnitCheckerAsserting$CheckerAssertingImpl.check(CheckerAsserting.scala:90)
[info]   at org.scalatestplus.scalacheck.Checkers.check(Checkers.scala:371)
[info]   at org.scalatestplus.scalacheck.Checkers.check$(Checkers.scala:369)
[info]   at frameless.TypedDatasetSuite.check(TypedDatasetSuite.scala:63)
[info]   at frameless.functions.AggregateFunctionsTests.$anonfun$new$104(AggregateFunctionsTests.scala:176)
[info]   at org.scalatest.OutcomeOf.outcomeOf(OutcomeOf.scala:85)
[info]   at org.scalatest.OutcomeOf.outcomeOf$(OutcomeOf.scala:83)
[info]   at org.scalatest.OutcomeOf$.outcomeOf(OutcomeOf.scala:104)
[info]   at org.scalatest.Transformer.apply(Transformer.scala:22)
[info]   at org.scalatest.Transformer.apply(Transformer.scala:20)
[info]   at org.scalatest.funsuite.AnyFunSuiteLike$$anon$1.apply(AnyFunSuiteLike.scala:226)
[info]   at org.scalatest.TestSuite.withFixture(TestSuite.scala:196)
[info]   at org.scalatest.TestSuite.withFixture$(TestSuite.scala:195)
[info]   at org.scalatest.funsuite.AnyFunSuite.withFixture(AnyFunSuite.scala:1564)
[info]   at org.scalatest.funsuite.AnyFunSuiteLike.invokeWithFixture$1(AnyFunSuiteLike.scala:224)
[info]   at org.scalatest.funsuite.AnyFunSuiteLike.$anonfun$runTest$1(AnyFunSuiteLike.scala:236)
[info]   at org.scalatest.SuperEngine.runTestImpl(Engine.scala:306)
[info]   at org.scalatest.funsuite.AnyFunSuiteLike.runTest(AnyFunSuiteLike.scala:236)
[info]   at org.scalatest.funsuite.AnyFunSuiteLike.runTest$(AnyFunSuiteLike.scala:218)
[info]   at org.scalatest.funsuite.AnyFunSuite.runTest(AnyFunSuite.scala:1564)
[info]   at org.scalatest.funsuite.AnyFunSuiteLike.$anonfun$runTests$1(AnyFunSuiteLike.scala:269)
[info]   at org.scalatest.SuperEngine.$anonfun$runTestsInBranch$1(Engine.scala:413)
[info]   at scala.collection.immutable.List.foreach(List.scala:334)
[info]   at org.scalatest.SuperEngine.traverseSubNodes$1(Engine.scala:401)
[info]   at org.scalatest.SuperEngine.runTestsInBranch(Engine.scala:396)
[info]   at org.scalatest.SuperEngine.runTestsImpl(Engine.scala:475)
[info]   at org.scalatest.funsuite.AnyFunSuiteLike.runTests(AnyFunSuiteLike.scala:269)
[info]   at org.scalatest.funsuite.AnyFunSuiteLike.runTests$(AnyFunSuiteLike.scala:268)
[info]   at org.scalatest.funsuite.AnyFunSuite.runTests(AnyFunSuite.scala:1564)
[info]   at org.scalatest.Suite.run(Suite.scala:1114)
[info]   at org.scalatest.Suite.run$(Suite.scala:1096)
[info]   at org.scalatest.funsuite.AnyFunSuite.org$scalatest$funsuite$AnyFunSuiteLike$$super$run(AnyFunSuite.scala:1564)
[info]   at org.scalatest.funsuite.AnyFunSuiteLike.$anonfun$run$1(AnyFunSuiteLike.scala:273)
[info]   at org.scalatest.SuperEngine.runImpl(Engine.scala:535)
[info]   at org.scalatest.funsuite.AnyFunSuiteLike.run(AnyFunSuiteLike.scala:273)
[info]   at org.scalatest.funsuite.AnyFunSuiteLike.run$(AnyFunSuiteLike.scala:272)
[info]   at frameless.TypedDatasetSuite.org$scalatest$BeforeAndAfterAll$$super$run(TypedDatasetSuite.scala:63)
[info]   at org.scalatest.BeforeAndAfterAll.liftedTree1$1(BeforeAndAfterAll.scala:213)
[info]   at org.scalatest.BeforeAndAfterAll.run(BeforeAndAfterAll.scala:210)
[info]   at org.scalatest.BeforeAndAfterAll.run$(BeforeAndAfterAll.scala:208)
[info]   at frameless.TypedDatasetSuite.run(TypedDatasetSuite.scala:63)
[info]   at org.scalatest.tools.Framework.org$scalatest$tools$Framework$$runSuite(Framework.scala:321)
[info]   at org.scalatest.tools.Framework$ScalaTestTask.execute(Framework.scala:517)
[info]   at sbt.ForkMain$Run.lambda$runTest$1(ForkMain.java:414)
[info]   at java.base/java.util.concurrent.FutureTask.run(FutureTask.java:317)
[info]   at java.base/java.util.concurrent.ThreadPoolExecutor.runWorker(ThreadPoolExecutor.java:1144)
[info]   at java.base/java.util.concurrent.ThreadPoolExecutor$Worker.run(ThreadPoolExecutor.java:642)
[info]   at java.base/java.lang.Thread.run(Thread.java:1583)
[info] - count *** FAILED *** (1 millisecond)
[info]   IllegalArgumentException was thrown during property evaluation.
[info]     Message: argument type mismatch
[info]     Occurred when passed generated values (
[info]       arg0 = List()
[info]     )
[info]   org.scalatest.exceptions.GeneratorDrivenPropertyCheckFailedException:
[info]   at org.scalatestplus.scalacheck.CheckerAsserting$$anon$2.indicateFailure(CheckerAsserting.scala:251)
[info]   at org.scalatestplus.scalacheck.CheckerAsserting$$anon$2.indicateFailure(CheckerAsserting.scala:238)
[info]   at org.scalatestplus.scalacheck.UnitCheckerAsserting$CheckerAssertingImpl.check(CheckerAsserting.scala:160)
[info]   at org.scalatestplus.scalacheck.Checkers.check(Checkers.scala:371)
[info]   at org.scalatestplus.scalacheck.Checkers.check$(Checkers.scala:369)
[info]   at frameless.TypedDatasetSuite.check(TypedDatasetSuite.scala:63)
[info]   at frameless.functions.AggregateFunctionsTests.$anonfun$new$125(AggregateFunctionsTests.scala:188)
[info]   at org.scalatest.OutcomeOf.outcomeOf(OutcomeOf.scala:85)
[info]   at org.scalatest.OutcomeOf.outcomeOf$(OutcomeOf.scala:83)
[info]   at org.scalatest.OutcomeOf$.outcomeOf(OutcomeOf.scala:104)
[info]   at org.scalatest.Transformer.apply(Transformer.scala:22)
[info]   at org.scalatest.Transformer.apply(Transformer.scala:20)
[info]   at org.scalatest.funsuite.AnyFunSuiteLike$$anon$1.apply(AnyFunSuiteLike.scala:226)
[info]   at org.scalatest.TestSuite.withFixture(TestSuite.scala:196)
[info]   at org.scalatest.TestSuite.withFixture$(TestSuite.scala:195)
[info]   at org.scalatest.funsuite.AnyFunSuite.withFixture(AnyFunSuite.scala:1564)
[info]   at org.scalatest.funsuite.AnyFunSuiteLike.invokeWithFixture$1(AnyFunSuiteLike.scala:224)
[info]   at org.scalatest.funsuite.AnyFunSuiteLike.$anonfun$runTest$1(AnyFunSuiteLike.scala:236)
[info]   at org.scalatest.SuperEngine.runTestImpl(Engine.scala:306)
[info]   at org.scalatest.funsuite.AnyFunSuiteLike.runTest(AnyFunSuiteLike.scala:236)
[info]   at org.scalatest.funsuite.AnyFunSuiteLike.runTest$(AnyFunSuiteLike.scala:218)
[info]   at org.scalatest.funsuite.AnyFunSuite.runTest(AnyFunSuite.scala:1564)
[info]   at org.scalatest.funsuite.AnyFunSuiteLike.$anonfun$runTests$1(AnyFunSuiteLike.scala:269)
[info]   at org.scalatest.SuperEngine.$anonfun$runTestsInBranch$1(Engine.scala:413)
[info]   at scala.collection.immutable.List.foreach(List.scala:334)
[info]   at org.scalatest.SuperEngine.traverseSubNodes$1(Engine.scala:401)
[info]   at org.scalatest.SuperEngine.runTestsInBranch(Engine.scala:396)
[info]   at org.scalatest.SuperEngine.runTestsImpl(Engine.scala:475)
[info]   at org.scalatest.funsuite.AnyFunSuiteLike.runTests(AnyFunSuiteLike.scala:269)
[info]   at org.scalatest.funsuite.AnyFunSuiteLike.runTests$(AnyFunSuiteLike.scala:268)
[info]   at org.scalatest.funsuite.AnyFunSuite.runTests(AnyFunSuite.scala:1564)
[info]   at org.scalatest.Suite.run(Suite.scala:1114)
[info]   at org.scalatest.Suite.run$(Suite.scala:1096)
[info]   at org.scalatest.funsuite.AnyFunSuite.org$scalatest$funsuite$AnyFunSuiteLike$$super$run(AnyFunSuite.scala:1564)
[info]   at org.scalatest.funsuite.AnyFunSuiteLike.$anonfun$run$1(AnyFunSuiteLike.scala:273)
[info]   at org.scalatest.SuperEngine.runImpl(Engine.scala:535)
[info]   at org.scalatest.funsuite.AnyFunSuiteLike.run(AnyFunSuiteLike.scala:273)
[info]   at org.scalatest.funsuite.AnyFunSuiteLike.run$(AnyFunSuiteLike.scala:272)
[info]   at frameless.TypedDatasetSuite.org$scalatest$BeforeAndAfterAll$$super$run(TypedDatasetSuite.scala:63)
[info]   at org.scalatest.BeforeAndAfterAll.liftedTree1$1(BeforeAndAfterAll.scala:213)
[info]   at org.scalatest.BeforeAndAfterAll.run(BeforeAndAfterAll.scala:210)
[info]   at org.scalatest.BeforeAndAfterAll.run$(BeforeAndAfterAll.scala:208)
[info]   at frameless.TypedDatasetSuite.run(TypedDatasetSuite.scala:63)
[info]   at org.scalatest.tools.Framework.org$scalatest$tools$Framework$$runSuite(Framework.scala:321)
[info]   at org.scalatest.tools.Framework$ScalaTestTask.execute(Framework.scala:517)
[info]   at sbt.ForkMain$Run.lambda$runTest$1(ForkMain.java:414)
[info]   at java.base/java.util.concurrent.FutureTask.run(FutureTask.java:317)
[info]   at java.base/java.util.concurrent.ThreadPoolExecutor.runWorker(ThreadPoolExecutor.java:1144)
[info]   at java.base/java.util.concurrent.ThreadPoolExecutor$Worker.run(ThreadPoolExecutor.java:642)
[info]   at java.base/java.lang.Thread.run(Thread.java:1583)
[info]   Cause: java.lang.IllegalArgumentException: argument type mismatch
[info]   at java.base/jdk.internal.reflect.DirectConstructorHandleAccessor.newInstance(DirectConstructorHandleAccessor.java:65)
[info]   at java.base/java.lang.reflect.Constructor.newInstanceWithCaller(Constructor.java:502)
[info]   at java.base/java.lang.reflect.Constructor.newInstance(Constructor.java:486)
[info]   at frameless.TypedExpressionEncoder$.$anonfun$apply$3(TypedExpressionEncoder.scala:55)
[info]   at scala.Option.map(Option.scala:242)
[info]   at frameless.TypedExpressionEncoder$.apply(TypedExpressionEncoder.scala:54)
[info]   at frameless.TypedDataset$.create(TypedDataset.scala:1325)
[info]   at frameless.functions.AggregateFunctionsTests.prop$6(AggregateFunctionsTests.scala:182)
[info]   at frameless.functions.AggregateFunctionsTests.$anonfun$new$128(AggregateFunctionsTests.scala:188)
[info]   at scala.Function1.$anonfun$andThen$1(Function1.scala:87)
[info]   at org.scalacheck.Prop$.$anonfun$forAllShrink$2(Prop.scala:868)
[info]   at org.scalacheck.Prop$.secure(Prop.scala:484)
[info]   at org.scalacheck.Prop$.result$1(Prop.scala:868)
[info]   at org.scalacheck.Prop$.$anonfun$forAllShrink$1(Prop.scala:915)
[info]   at org.scalacheck.Prop$.$anonfun$apply$1(Prop.scala:305)
[info]   at org.scalacheck.PropFromFun.apply(Prop.scala:20)
[info]   at org.scalacheck.Test$.workerFun$1(Test.scala:486)
[info]   at org.scalacheck.Test$.$anonfun$check$4(Test.scala:518)
[info]   at org.scalacheck.Test$.$anonfun$check$4$adapted(Test.scala:518)
[info]   at org.scalacheck.Platform$.runWorkers(Platform.scala:42)
[info]   at org.scalacheck.Test$.check(Test.scala:518)
[info]   at org.scalatestplus.scalacheck.UnitCheckerAsserting$CheckerAssertingImpl.check(CheckerAsserting.scala:90)
[info]   at org.scalatestplus.scalacheck.Checkers.check(Checkers.scala:371)
[info]   at org.scalatestplus.scalacheck.Checkers.check$(Checkers.scala:369)
[info]   at frameless.TypedDatasetSuite.check(TypedDatasetSuite.scala:63)
[info]   at frameless.functions.AggregateFunctionsTests.$anonfun$new$125(AggregateFunctionsTests.scala:188)
[info]   at org.scalatest.OutcomeOf.outcomeOf(OutcomeOf.scala:85)
[info]   at org.scalatest.OutcomeOf.outcomeOf$(OutcomeOf.scala:83)
[info]   at org.scalatest.OutcomeOf$.outcomeOf(OutcomeOf.scala:104)
[info]   at org.scalatest.Transformer.apply(Transformer.scala:22)
[info]   at org.scalatest.Transformer.apply(Transformer.scala:20)
[info]   at org.scalatest.funsuite.AnyFunSuiteLike$$anon$1.apply(AnyFunSuiteLike.scala:226)
[info]   at org.scalatest.TestSuite.withFixture(TestSuite.scala:196)
[info]   at org.scalatest.TestSuite.withFixture$(TestSuite.scala:195)
[info]   at org.scalatest.funsuite.AnyFunSuite.withFixture(AnyFunSuite.scala:1564)
[info]   at org.scalatest.funsuite.AnyFunSuiteLike.invokeWithFixture$1(AnyFunSuiteLike.scala:224)
[info]   at org.scalatest.funsuite.AnyFunSuiteLike.$anonfun$runTest$1(AnyFunSuiteLike.scala:236)
[info]   at org.scalatest.SuperEngine.runTestImpl(Engine.scala:306)
[info]   at org.scalatest.funsuite.AnyFunSuiteLike.runTest(AnyFunSuiteLike.scala:236)
[info]   at org.scalatest.funsuite.AnyFunSuiteLike.runTest$(AnyFunSuiteLike.scala:218)
[info]   at org.scalatest.funsuite.AnyFunSuite.runTest(AnyFunSuite.scala:1564)
[info]   at org.scalatest.funsuite.AnyFunSuiteLike.$anonfun$runTests$1(AnyFunSuiteLike.scala:269)
[info]   at org.scalatest.SuperEngine.$anonfun$runTestsInBranch$1(Engine.scala:413)
[info]   at scala.collection.immutable.List.foreach(List.scala:334)
[info]   at org.scalatest.SuperEngine.traverseSubNodes$1(Engine.scala:401)
[info]   at org.scalatest.SuperEngine.runTestsInBranch(Engine.scala:396)
[info]   at org.scalatest.SuperEngine.runTestsImpl(Engine.scala:475)
[info]   at org.scalatest.funsuite.AnyFunSuiteLike.runTests(AnyFunSuiteLike.scala:269)
[info]   at org.scalatest.funsuite.AnyFunSuiteLike.runTests$(AnyFunSuiteLike.scala:268)
[info]   at org.scalatest.funsuite.AnyFunSuite.runTests(AnyFunSuite.scala:1564)
[info]   at org.scalatest.Suite.run(Suite.scala:1114)
[info]   at org.scalatest.Suite.run$(Suite.scala:1096)
[info]   at org.scalatest.funsuite.AnyFunSuite.org$scalatest$funsuite$AnyFunSuiteLike$$super$run(AnyFunSuite.scala:1564)
[info]   at org.scalatest.funsuite.AnyFunSuiteLike.$anonfun$run$1(AnyFunSuiteLike.scala:273)
[info]   at org.scalatest.SuperEngine.runImpl(Engine.scala:535)
[info]   at org.scalatest.funsuite.AnyFunSuiteLike.run(AnyFunSuiteLike.scala:273)
[info]   at org.scalatest.funsuite.AnyFunSuiteLike.run$(AnyFunSuiteLike.scala:272)
[info]   at frameless.TypedDatasetSuite.org$scalatest$BeforeAndAfterAll$$super$run(TypedDatasetSuite.scala:63)
[info]   at org.scalatest.BeforeAndAfterAll.liftedTree1$1(BeforeAndAfterAll.scala:213)
[info]   at org.scalatest.BeforeAndAfterAll.run(BeforeAndAfterAll.scala:210)
[info]   at org.scalatest.BeforeAndAfterAll.run$(BeforeAndAfterAll.scala:208)
[info]   at frameless.TypedDatasetSuite.run(TypedDatasetSuite.scala:63)
[info]   at org.scalatest.tools.Framework.org$scalatest$tools$Framework$$runSuite(Framework.scala:321)
[info]   at org.scalatest.tools.Framework$ScalaTestTask.execute(Framework.scala:517)
[info]   at sbt.ForkMain$Run.lambda$runTest$1(ForkMain.java:414)
[info]   at java.base/java.util.concurrent.FutureTask.run(FutureTask.java:317)
[info]   at java.base/java.util.concurrent.ThreadPoolExecutor.runWorker(ThreadPoolExecutor.java:1144)
[info]   at java.base/java.util.concurrent.ThreadPoolExecutor$Worker.run(ThreadPoolExecutor.java:642)
[info]   at java.base/java.lang.Thread.run(Thread.java:1583)
[info]   Cause: java.lang.ClassCastException: Cannot cast scala.reflect.ManifestFactory$IntManifest to org.apache.spark.sql.catalyst.expressions.Expression
[info]   at java.base/java.lang.Class.cast(Class.java:4067)
[info]   at java.base/jdk.internal.reflect.DirectConstructorHandleAccessor.newInstance(DirectConstructorHandleAccessor.java:62)
[info]   at java.base/java.lang.reflect.Constructor.newInstanceWithCaller(Constructor.java:502)
[info]   at java.base/java.lang.reflect.Constructor.newInstance(Constructor.java:486)
[info]   at frameless.TypedExpressionEncoder$.$anonfun$apply$3(TypedExpressionEncoder.scala:55)
[info]   at scala.Option.map(Option.scala:242)
[info]   at frameless.TypedExpressionEncoder$.apply(TypedExpressionEncoder.scala:54)
[info]   at frameless.TypedDataset$.create(TypedDataset.scala:1325)
[info]   at frameless.functions.AggregateFunctionsTests.prop$6(AggregateFunctionsTests.scala:182)
[info]   at frameless.functions.AggregateFunctionsTests.$anonfun$new$128(AggregateFunctionsTests.scala:188)
[info]   at scala.Function1.$anonfun$andThen$1(Function1.scala:87)
[info]   at org.scalacheck.Prop$.$anonfun$forAllShrink$2(Prop.scala:868)
[info]   at org.scalacheck.Prop$.secure(Prop.scala:484)
[info]   at org.scalacheck.Prop$.result$1(Prop.scala:868)
[info]   at org.scalacheck.Prop$.$anonfun$forAllShrink$1(Prop.scala:915)
[info]   at org.scalacheck.Prop$.$anonfun$apply$1(Prop.scala:305)
[info]   at org.scalacheck.PropFromFun.apply(Prop.scala:20)
[info]   at org.scalacheck.Test$.workerFun$1(Test.scala:486)
[info]   at org.scalacheck.Test$.$anonfun$check$4(Test.scala:518)
[info]   at org.scalacheck.Test$.$anonfun$check$4$adapted(Test.scala:518)
[info]   at org.scalacheck.Platform$.runWorkers(Platform.scala:42)
[info]   at org.scalacheck.Test$.check(Test.scala:518)
[info]   at org.scalatestplus.scalacheck.UnitCheckerAsserting$CheckerAssertingImpl.check(CheckerAsserting.scala:90)
[info]   at org.scalatestplus.scalacheck.Checkers.check(Checkers.scala:371)
[info]   at org.scalatestplus.scalacheck.Checkers.check$(Checkers.scala:369)
[info]   at frameless.TypedDatasetSuite.check(TypedDatasetSuite.scala:63)
[info]   at frameless.functions.AggregateFunctionsTests.$anonfun$new$125(AggregateFunctionsTests.scala:188)
[info]   at org.scalatest.OutcomeOf.outcomeOf(OutcomeOf.scala:85)
[info]   at org.scalatest.OutcomeOf.outcomeOf$(OutcomeOf.scala:83)
[info]   at org.scalatest.OutcomeOf$.outcomeOf(OutcomeOf.scala:104)
[info]   at org.scalatest.Transformer.apply(Transformer.scala:22)
[info]   at org.scalatest.Transformer.apply(Transformer.scala:20)
[info]   at org.scalatest.funsuite.AnyFunSuiteLike$$anon$1.apply(AnyFunSuiteLike.scala:226)
[info]   at org.scalatest.TestSuite.withFixture(TestSuite.scala:196)
[info]   at org.scalatest.TestSuite.withFixture$(TestSuite.scala:195)
[info]   at org.scalatest.funsuite.AnyFunSuite.withFixture(AnyFunSuite.scala:1564)
[info]   at org.scalatest.funsuite.AnyFunSuiteLike.invokeWithFixture$1(AnyFunSuiteLike.scala:224)
[info]   at org.scalatest.funsuite.AnyFunSuiteLike.$anonfun$runTest$1(AnyFunSuiteLike.scala:236)
[info]   at org.scalatest.SuperEngine.runTestImpl(Engine.scala:306)
[info]   at org.scalatest.funsuite.AnyFunSuiteLike.runTest(AnyFunSuiteLike.scala:236)
[info]   at org.scalatest.funsuite.AnyFunSuiteLike.runTest$(AnyFunSuiteLike.scala:218)
[info]   at org.scalatest.funsuite.AnyFunSuite.runTest(AnyFunSuite.scala:1564)
[info]   at org.scalatest.funsuite.AnyFunSuiteLike.$anonfun$runTests$1(AnyFunSuiteLike.scala:269)
[info]   at org.scalatest.SuperEngine.$anonfun$runTestsInBranch$1(Engine.scala:413)
[info]   at scala.collection.immutable.List.foreach(List.scala:334)
[info]   at org.scalatest.SuperEngine.traverseSubNodes$1(Engine.scala:401)
[info]   at org.scalatest.SuperEngine.runTestsInBranch(Engine.scala:396)
[info]   at org.scalatest.SuperEngine.runTestsImpl(Engine.scala:475)
[info]   at org.scalatest.funsuite.AnyFunSuiteLike.runTests(AnyFunSuiteLike.scala:269)
[info]   at org.scalatest.funsuite.AnyFunSuiteLike.runTests$(AnyFunSuiteLike.scala:268)
[info]   at org.scalatest.funsuite.AnyFunSuite.runTests(AnyFunSuite.scala:1564)
[info]   at org.scalatest.Suite.run(Suite.scala:1114)
[info]   at org.scalatest.Suite.run$(Suite.scala:1096)
[info]   at org.scalatest.funsuite.AnyFunSuite.org$scalatest$funsuite$AnyFunSuiteLike$$super$run(AnyFunSuite.scala:1564)
[info]   at org.scalatest.funsuite.AnyFunSuiteLike.$anonfun$run$1(AnyFunSuiteLike.scala:273)
[info]   at org.scalatest.SuperEngine.runImpl(Engine.scala:535)
[info]   at org.scalatest.funsuite.AnyFunSuiteLike.run(AnyFunSuiteLike.scala:273)
[info]   at org.scalatest.funsuite.AnyFunSuiteLike.run$(AnyFunSuiteLike.scala:272)
[info]   at frameless.TypedDatasetSuite.org$scalatest$BeforeAndAfterAll$$super$run(TypedDatasetSuite.scala:63)
[info]   at org.scalatest.BeforeAndAfterAll.liftedTree1$1(BeforeAndAfterAll.scala:213)
[info]   at org.scalatest.BeforeAndAfterAll.run(BeforeAndAfterAll.scala:210)
[info]   at org.scalatest.BeforeAndAfterAll.run$(BeforeAndAfterAll.scala:208)
[info]   at frameless.TypedDatasetSuite.run(TypedDatasetSuite.scala:63)
[info]   at org.scalatest.tools.Framework.org$scalatest$tools$Framework$$runSuite(Framework.scala:321)
[info]   at org.scalatest.tools.Framework$ScalaTestTask.execute(Framework.scala:517)
[info]   at sbt.ForkMain$Run.lambda$runTest$1(ForkMain.java:414)
[info]   at java.base/java.util.concurrent.FutureTask.run(FutureTask.java:317)
[info]   at java.base/java.util.concurrent.ThreadPoolExecutor.runWorker(ThreadPoolExecutor.java:1144)
[info]   at java.base/java.util.concurrent.ThreadPoolExecutor$Worker.run(ThreadPoolExecutor.java:642)
[info]   at java.base/java.lang.Thread.run(Thread.java:1583)
[info] - count('a) *** FAILED *** (4 milliseconds)
[info]   IllegalArgumentException was thrown during property evaluation.
[info]     Message: argument type mismatch
[info]     Occurred when passed generated values (
[info]       arg0 = List()
[info]     )
[info]   org.scalatest.exceptions.GeneratorDrivenPropertyCheckFailedException:
[info]   at org.scalatestplus.scalacheck.CheckerAsserting$$anon$2.indicateFailure(CheckerAsserting.scala:251)
[info]   at org.scalatestplus.scalacheck.CheckerAsserting$$anon$2.indicateFailure(CheckerAsserting.scala:238)
[info]   at org.scalatestplus.scalacheck.UnitCheckerAsserting$CheckerAssertingImpl.check(CheckerAsserting.scala:160)
[info]   at org.scalatestplus.scalacheck.Checkers.check(Checkers.scala:371)
[info]   at org.scalatestplus.scalacheck.Checkers.check$(Checkers.scala:369)
[info]   at frameless.TypedDatasetSuite.check(TypedDatasetSuite.scala:63)
[info]   at frameless.functions.AggregateFunctionsTests.$anonfun$new$132(AggregateFunctionsTests.scala:201)
[info]   at org.scalatest.OutcomeOf.outcomeOf(OutcomeOf.scala:85)
[info]   at org.scalatest.OutcomeOf.outcomeOf$(OutcomeOf.scala:83)
[info]   at org.scalatest.OutcomeOf$.outcomeOf(OutcomeOf.scala:104)
[info]   at org.scalatest.Transformer.apply(Transformer.scala:22)
[info]   at org.scalatest.Transformer.apply(Transformer.scala:20)
[info]   at org.scalatest.funsuite.AnyFunSuiteLike$$anon$1.apply(AnyFunSuiteLike.scala:226)
[info]   at org.scalatest.TestSuite.withFixture(TestSuite.scala:196)
[info]   at org.scalatest.TestSuite.withFixture$(TestSuite.scala:195)
[info]   at org.scalatest.funsuite.AnyFunSuite.withFixture(AnyFunSuite.scala:1564)
[info]   at org.scalatest.funsuite.AnyFunSuiteLike.invokeWithFixture$1(AnyFunSuiteLike.scala:224)
[info]   at org.scalatest.funsuite.AnyFunSuiteLike.$anonfun$runTest$1(AnyFunSuiteLike.scala:236)
[info]   at org.scalatest.SuperEngine.runTestImpl(Engine.scala:306)
[info]   at org.scalatest.funsuite.AnyFunSuiteLike.runTest(AnyFunSuiteLike.scala:236)
[info]   at org.scalatest.funsuite.AnyFunSuiteLike.runTest$(AnyFunSuiteLike.scala:218)
[info]   at org.scalatest.funsuite.AnyFunSuite.runTest(AnyFunSuite.scala:1564)
[info]   at org.scalatest.funsuite.AnyFunSuiteLike.$anonfun$runTests$1(AnyFunSuiteLike.scala:269)
[info]   at org.scalatest.SuperEngine.$anonfun$runTestsInBranch$1(Engine.scala:413)
[info]   at scala.collection.immutable.List.foreach(List.scala:334)
[info]   at org.scalatest.SuperEngine.traverseSubNodes$1(Engine.scala:401)
[info]   at org.scalatest.SuperEngine.runTestsInBranch(Engine.scala:396)
[info]   at org.scalatest.SuperEngine.runTestsImpl(Engine.scala:475)
[info]   at org.scalatest.funsuite.AnyFunSuiteLike.runTests(AnyFunSuiteLike.scala:269)
[info]   at org.scalatest.funsuite.AnyFunSuiteLike.runTests$(AnyFunSuiteLike.scala:268)
[info]   at org.scalatest.funsuite.AnyFunSuite.runTests(AnyFunSuite.scala:1564)
[info]   at org.scalatest.Suite.run(Suite.scala:1114)
[info]   at org.scalatest.Suite.run$(Suite.scala:1096)
[info]   at org.scalatest.funsuite.AnyFunSuite.org$scalatest$funsuite$AnyFunSuiteLike$$super$run(AnyFunSuite.scala:1564)
[info]   at org.scalatest.funsuite.AnyFunSuiteLike.$anonfun$run$1(AnyFunSuiteLike.scala:273)
[info]   at org.scalatest.SuperEngine.runImpl(Engine.scala:535)
[info]   at org.scalatest.funsuite.AnyFunSuiteLike.run(AnyFunSuiteLike.scala:273)
[info]   at org.scalatest.funsuite.AnyFunSuiteLike.run$(AnyFunSuiteLike.scala:272)
[info]   at frameless.TypedDatasetSuite.org$scalatest$BeforeAndAfterAll$$super$run(TypedDatasetSuite.scala:63)
[info]   at org.scalatest.BeforeAndAfterAll.liftedTree1$1(BeforeAndAfterAll.scala:213)
[info]   at org.scalatest.BeforeAndAfterAll.run(BeforeAndAfterAll.scala:210)
[info]   at org.scalatest.BeforeAndAfterAll.run$(BeforeAndAfterAll.scala:208)
[info]   at frameless.TypedDatasetSuite.run(TypedDatasetSuite.scala:63)
[info]   at org.scalatest.tools.Framework.org$scalatest$tools$Framework$$runSuite(Framework.scala:321)
[info]   at org.scalatest.tools.Framework$ScalaTestTask.execute(Framework.scala:517)
[info]   at sbt.ForkMain$Run.lambda$runTest$1(ForkMain.java:414)
[info]   at java.base/java.util.concurrent.FutureTask.run(FutureTask.java:317)
[info]   at java.base/java.util.concurrent.ThreadPoolExecutor.runWorker(ThreadPoolExecutor.java:1144)
[info]   at java.base/java.util.concurrent.ThreadPoolExecutor$Worker.run(ThreadPoolExecutor.java:642)
[info]   at java.base/java.lang.Thread.run(Thread.java:1583)
[info]   Cause: java.lang.IllegalArgumentException: argument type mismatch
[info]   at java.base/jdk.internal.reflect.DirectConstructorHandleAccessor.newInstance(DirectConstructorHandleAccessor.java:65)
[info]   at java.base/java.lang.reflect.Constructor.newInstanceWithCaller(Constructor.java:502)
[info]   at java.base/java.lang.reflect.Constructor.newInstance(Constructor.java:486)
[info]   at frameless.TypedExpressionEncoder$.$anonfun$apply$3(TypedExpressionEncoder.scala:55)
[info]   at scala.Option.map(Option.scala:242)
[info]   at frameless.TypedExpressionEncoder$.apply(TypedExpressionEncoder.scala:54)
[info]   at frameless.TypedDataset$.create(TypedDataset.scala:1325)
[info]   at frameless.functions.AggregateFunctionsTests.prop$7(AggregateFunctionsTests.scala:194)
[info]   at frameless.functions.AggregateFunctionsTests.$anonfun$new$142(AggregateFunctionsTests.scala:201)
[info]   at scala.Function1.$anonfun$andThen$1(Function1.scala:87)
[info]   at org.scalacheck.Prop$.$anonfun$forAllShrink$2(Prop.scala:868)
[info]   at org.scalacheck.Prop$.secure(Prop.scala:484)
[info]   at org.scalacheck.Prop$.result$1(Prop.scala:868)
[info]   at org.scalacheck.Prop$.$anonfun$forAllShrink$1(Prop.scala:915)
[info]   at org.scalacheck.Prop$.$anonfun$apply$1(Prop.scala:305)
[info]   at org.scalacheck.PropFromFun.apply(Prop.scala:20)
[info]   at org.scalacheck.Test$.workerFun$1(Test.scala:486)
[info]   at org.scalacheck.Test$.$anonfun$check$4(Test.scala:518)
[info]   at org.scalacheck.Test$.$anonfun$check$4$adapted(Test.scala:518)
[info]   at org.scalacheck.Platform$.runWorkers(Platform.scala:42)
[info]   at org.scalacheck.Test$.check(Test.scala:518)
[info]   at org.scalatestplus.scalacheck.UnitCheckerAsserting$CheckerAssertingImpl.check(CheckerAsserting.scala:90)
[info]   at org.scalatestplus.scalacheck.Checkers.check(Checkers.scala:371)
[info]   at org.scalatestplus.scalacheck.Checkers.check$(Checkers.scala:369)
[info]   at frameless.TypedDatasetSuite.check(TypedDatasetSuite.scala:63)
[info]   at frameless.functions.AggregateFunctionsTests.$anonfun$new$132(AggregateFunctionsTests.scala:201)
[info]   at org.scalatest.OutcomeOf.outcomeOf(OutcomeOf.scala:85)
[info]   at org.scalatest.OutcomeOf.outcomeOf$(OutcomeOf.scala:83)
[info]   at org.scalatest.OutcomeOf$.outcomeOf(OutcomeOf.scala:104)
[info]   at org.scalatest.Transformer.apply(Transformer.scala:22)
[info]   at org.scalatest.Transformer.apply(Transformer.scala:20)
[info]   at org.scalatest.funsuite.AnyFunSuiteLike$$anon$1.apply(AnyFunSuiteLike.scala:226)
[info]   at org.scalatest.TestSuite.withFixture(TestSuite.scala:196)
[info]   at org.scalatest.TestSuite.withFixture$(TestSuite.scala:195)
[info]   at org.scalatest.funsuite.AnyFunSuite.withFixture(AnyFunSuite.scala:1564)
[info]   at org.scalatest.funsuite.AnyFunSuiteLike.invokeWithFixture$1(AnyFunSuiteLike.scala:224)
[info]   at org.scalatest.funsuite.AnyFunSuiteLike.$anonfun$runTest$1(AnyFunSuiteLike.scala:236)
[info]   at org.scalatest.SuperEngine.runTestImpl(Engine.scala:306)
[info]   at org.scalatest.funsuite.AnyFunSuiteLike.runTest(AnyFunSuiteLike.scala:236)
[info]   at org.scalatest.funsuite.AnyFunSuiteLike.runTest$(AnyFunSuiteLike.scala:218)
[info]   at org.scalatest.funsuite.AnyFunSuite.runTest(AnyFunSuite.scala:1564)
[info]   at org.scalatest.funsuite.AnyFunSuiteLike.$anonfun$runTests$1(AnyFunSuiteLike.scala:269)
[info]   at org.scalatest.SuperEngine.$anonfun$runTestsInBranch$1(Engine.scala:413)
[info]   at scala.collection.immutable.List.foreach(List.scala:334)
[info]   at org.scalatest.SuperEngine.traverseSubNodes$1(Engine.scala:401)
[info]   at org.scalatest.SuperEngine.runTestsInBranch(Engine.scala:396)
[info]   at org.scalatest.SuperEngine.runTestsImpl(Engine.scala:475)
[info]   at org.scalatest.funsuite.AnyFunSuiteLike.runTests(AnyFunSuiteLike.scala:269)
[info]   at org.scalatest.funsuite.AnyFunSuiteLike.runTests$(AnyFunSuiteLike.scala:268)
[info]   at org.scalatest.funsuite.AnyFunSuite.runTests(AnyFunSuite.scala:1564)
[info]   at org.scalatest.Suite.run(Suite.scala:1114)
[info]   at org.scalatest.Suite.run$(Suite.scala:1096)
[info]   at org.scalatest.funsuite.AnyFunSuite.org$scalatest$funsuite$AnyFunSuiteLike$$super$run(AnyFunSuite.scala:1564)
[info]   at org.scalatest.funsuite.AnyFunSuiteLike.$anonfun$run$1(AnyFunSuiteLike.scala:273)
[info]   at org.scalatest.SuperEngine.runImpl(Engine.scala:535)
[info]   at org.scalatest.funsuite.AnyFunSuiteLike.run(AnyFunSuiteLike.scala:273)
[info]   at org.scalatest.funsuite.AnyFunSuiteLike.run$(AnyFunSuiteLike.scala:272)
[info]   at frameless.TypedDatasetSuite.org$scalatest$BeforeAndAfterAll$$super$run(TypedDatasetSuite.scala:63)
[info]   at org.scalatest.BeforeAndAfterAll.liftedTree1$1(BeforeAndAfterAll.scala:213)
[info]   at org.scalatest.BeforeAndAfterAll.run(BeforeAndAfterAll.scala:210)
[info]   at org.scalatest.BeforeAndAfterAll.run$(BeforeAndAfterAll.scala:208)
[info]   at frameless.TypedDatasetSuite.run(TypedDatasetSuite.scala:63)
[info]   at org.scalatest.tools.Framework.org$scalatest$tools$Framework$$runSuite(Framework.scala:321)
[info]   at org.scalatest.tools.Framework$ScalaTestTask.execute(Framework.scala:517)
[info]   at sbt.ForkMain$Run.lambda$runTest$1(ForkMain.java:414)
[info]   at java.base/java.util.concurrent.FutureTask.run(FutureTask.java:317)
[info]   at java.base/java.util.concurrent.ThreadPoolExecutor.runWorker(ThreadPoolExecutor.java:1144)
[info]   at java.base/java.util.concurrent.ThreadPoolExecutor$Worker.run(ThreadPoolExecutor.java:642)
[info]   at java.base/java.lang.Thread.run(Thread.java:1583)
[info]   Cause: java.lang.ClassCastException: Cannot cast scala.reflect.ClassTag$GenericClassTag to org.apache.spark.sql.catalyst.expressions.Expression
[info]   at java.base/java.lang.Class.cast(Class.java:4067)
[info]   at java.base/jdk.internal.reflect.DirectConstructorHandleAccessor.newInstance(DirectConstructorHandleAccessor.java:62)
[info]   at java.base/java.lang.reflect.Constructor.newInstanceWithCaller(Constructor.java:502)
[info]   at java.base/java.lang.reflect.Constructor.newInstance(Constructor.java:486)
[info]   at frameless.TypedExpressionEncoder$.$anonfun$apply$3(TypedExpressionEncoder.scala:55)
[info]   at scala.Option.map(Option.scala:242)
[info]   at frameless.TypedExpressionEncoder$.apply(TypedExpressionEncoder.scala:54)
[info]   at frameless.TypedDataset$.create(TypedDataset.scala:1325)
[info]   at frameless.functions.AggregateFunctionsTests.prop$7(AggregateFunctionsTests.scala:194)
[info]   at frameless.functions.AggregateFunctionsTests.$anonfun$new$142(AggregateFunctionsTests.scala:201)
[info]   at scala.Function1.$anonfun$andThen$1(Function1.scala:87)
[info]   at org.scalacheck.Prop$.$anonfun$forAllShrink$2(Prop.scala:868)
[info]   at org.scalacheck.Prop$.secure(Prop.scala:484)
[info]   at org.scalacheck.Prop$.result$1(Prop.scala:868)
[info]   at org.scalacheck.Prop$.$anonfun$forAllShrink$1(Prop.scala:915)
[info]   at org.scalacheck.Prop$.$anonfun$apply$1(Prop.scala:305)
[info]   at org.scalacheck.PropFromFun.apply(Prop.scala:20)
[info]   at org.scalacheck.Test$.workerFun$1(Test.scala:486)
[info]   at org.scalacheck.Test$.$anonfun$check$4(Test.scala:518)
[info]   at org.scalacheck.Test$.$anonfun$check$4$adapted(Test.scala:518)
[info]   at org.scalacheck.Platform$.runWorkers(Platform.scala:42)
[info]   at org.scalacheck.Test$.check(Test.scala:518)
[info]   at org.scalatestplus.scalacheck.UnitCheckerAsserting$CheckerAssertingImpl.check(CheckerAsserting.scala:90)
[info]   at org.scalatestplus.scalacheck.Checkers.check(Checkers.scala:371)
[info]   at org.scalatestplus.scalacheck.Checkers.check$(Checkers.scala:369)
[info]   at frameless.TypedDatasetSuite.check(TypedDatasetSuite.scala:63)
[info]   at frameless.functions.AggregateFunctionsTests.$anonfun$new$132(AggregateFunctionsTests.scala:201)
[info]   at org.scalatest.OutcomeOf.outcomeOf(OutcomeOf.scala:85)
[info]   at org.scalatest.OutcomeOf.outcomeOf$(OutcomeOf.scala:83)
[info]   at org.scalatest.OutcomeOf$.outcomeOf(OutcomeOf.scala:104)
[info]   at org.scalatest.Transformer.apply(Transformer.scala:22)
[info]   at org.scalatest.Transformer.apply(Transformer.scala:20)
[info]   at org.scalatest.funsuite.AnyFunSuiteLike$$anon$1.apply(AnyFunSuiteLike.scala:226)
[info]   at org.scalatest.TestSuite.withFixture(TestSuite.scala:196)
[info]   at org.scalatest.TestSuite.withFixture$(TestSuite.scala:195)
[info]   at org.scalatest.funsuite.AnyFunSuite.withFixture(AnyFunSuite.scala:1564)
[info]   at org.scalatest.funsuite.AnyFunSuiteLike.invokeWithFixture$1(AnyFunSuiteLike.scala:224)
[info]   at org.scalatest.funsuite.AnyFunSuiteLike.$anonfun$runTest$1(AnyFunSuiteLike.scala:236)
[info]   at org.scalatest.SuperEngine.runTestImpl(Engine.scala:306)
[info]   at org.scalatest.funsuite.AnyFunSuiteLike.runTest(AnyFunSuiteLike.scala:236)
[info]   at org.scalatest.funsuite.AnyFunSuiteLike.runTest$(AnyFunSuiteLike.scala:218)
[info]   at org.scalatest.funsuite.AnyFunSuite.runTest(AnyFunSuite.scala:1564)
[info]   at org.scalatest.funsuite.AnyFunSuiteLike.$anonfun$runTests$1(AnyFunSuiteLike.scala:269)
[info]   at org.scalatest.SuperEngine.$anonfun$runTestsInBranch$1(Engine.scala:413)
[info]   at scala.collection.immutable.List.foreach(List.scala:334)
[info]   at org.scalatest.SuperEngine.traverseSubNodes$1(Engine.scala:401)
[info]   at org.scalatest.SuperEngine.runTestsInBranch(Engine.scala:396)
[info]   at org.scalatest.SuperEngine.runTestsImpl(Engine.scala:475)
[info]   at org.scalatest.funsuite.AnyFunSuiteLike.runTests(AnyFunSuiteLike.scala:269)
[info]   at org.scalatest.funsuite.AnyFunSuiteLike.runTests$(AnyFunSuiteLike.scala:268)
[info]   at org.scalatest.funsuite.AnyFunSuite.runTests(AnyFunSuite.scala:1564)
[info]   at org.scalatest.Suite.run(Suite.scala:1114)
[info]   at org.scalatest.Suite.run$(Suite.scala:1096)
[info]   at org.scalatest.funsuite.AnyFunSuite.org$scalatest$funsuite$AnyFunSuiteLike$$super$run(AnyFunSuite.scala:1564)
[info]   at org.scalatest.funsuite.AnyFunSuiteLike.$anonfun$run$1(AnyFunSuiteLike.scala:273)
[info]   at org.scalatest.SuperEngine.runImpl(Engine.scala:535)
[info]   at org.scalatest.funsuite.AnyFunSuiteLike.run(AnyFunSuiteLike.scala:273)
[info]   at org.scalatest.funsuite.AnyFunSuiteLike.run$(AnyFunSuiteLike.scala:272)
[info]   at frameless.TypedDatasetSuite.org$scalatest$BeforeAndAfterAll$$super$run(TypedDatasetSuite.scala:63)
[info]   at org.scalatest.BeforeAndAfterAll.liftedTree1$1(BeforeAndAfterAll.scala:213)
[info]   at org.scalatest.BeforeAndAfterAll.run(BeforeAndAfterAll.scala:210)
[info]   at org.scalatest.BeforeAndAfterAll.run$(BeforeAndAfterAll.scala:208)
[info]   at frameless.TypedDatasetSuite.run(TypedDatasetSuite.scala:63)
[info]   at org.scalatest.tools.Framework.org$scalatest$tools$Framework$$runSuite(Framework.scala:321)
[info]   at org.scalatest.tools.Framework$ScalaTestTask.execute(Framework.scala:517)
[info]   at sbt.ForkMain$Run.lambda$runTest$1(ForkMain.java:414)
[info]   at java.base/java.util.concurrent.FutureTask.run(FutureTask.java:317)
[info]   at java.base/java.util.concurrent.ThreadPoolExecutor.runWorker(ThreadPoolExecutor.java:1144)
[info]   at java.base/java.util.concurrent.ThreadPoolExecutor$Worker.run(ThreadPoolExecutor.java:642)
[info]   at java.base/java.lang.Thread.run(Thread.java:1583)
[info] - max *** FAILED *** (9 milliseconds)
[info]   IllegalArgumentException was thrown during property evaluation.
[info]     Message: argument type mismatch
[info]     Occurred when passed generated values (
[info]       arg0 = List()
[info]     )
[info]   org.scalatest.exceptions.GeneratorDrivenPropertyCheckFailedException:
[info]   at org.scalatestplus.scalacheck.CheckerAsserting$$anon$2.indicateFailure(CheckerAsserting.scala:251)
[info]   at org.scalatestplus.scalacheck.CheckerAsserting$$anon$2.indicateFailure(CheckerAsserting.scala:238)
[info]   at org.scalatestplus.scalacheck.UnitCheckerAsserting$CheckerAssertingImpl.check(CheckerAsserting.scala:160)
[info]   at org.scalatestplus.scalacheck.Checkers.check(Checkers.scala:371)
[info]   at org.scalatestplus.scalacheck.Checkers.check$(Checkers.scala:369)
[info]   at frameless.TypedDatasetSuite.check(TypedDatasetSuite.scala:63)
[info]   at frameless.functions.AggregateFunctionsTests.$anonfun$new$146(AggregateFunctionsTests.scala:214)
[info]   at org.scalatest.OutcomeOf.outcomeOf(OutcomeOf.scala:85)
[info]   at org.scalatest.OutcomeOf.outcomeOf$(OutcomeOf.scala:83)
[info]   at org.scalatest.OutcomeOf$.outcomeOf(OutcomeOf.scala:104)
[info]   at org.scalatest.Transformer.apply(Transformer.scala:22)
[info]   at org.scalatest.Transformer.apply(Transformer.scala:20)
[info]   at org.scalatest.funsuite.AnyFunSuiteLike$$anon$1.apply(AnyFunSuiteLike.scala:226)
[info]   at org.scalatest.TestSuite.withFixture(TestSuite.scala:196)
[info]   at org.scalatest.TestSuite.withFixture$(TestSuite.scala:195)
[info]   at org.scalatest.funsuite.AnyFunSuite.withFixture(AnyFunSuite.scala:1564)
[info]   at org.scalatest.funsuite.AnyFunSuiteLike.invokeWithFixture$1(AnyFunSuiteLike.scala:224)
[info]   at org.scalatest.funsuite.AnyFunSuiteLike.$anonfun$runTest$1(AnyFunSuiteLike.scala:236)
[info]   at org.scalatest.SuperEngine.runTestImpl(Engine.scala:306)
[info]   at org.scalatest.funsuite.AnyFunSuiteLike.runTest(AnyFunSuiteLike.scala:236)
[info]   at org.scalatest.funsuite.AnyFunSuiteLike.runTest$(AnyFunSuiteLike.scala:218)
[info]   at org.scalatest.funsuite.AnyFunSuite.runTest(AnyFunSuite.scala:1564)
[info]   at org.scalatest.funsuite.AnyFunSuiteLike.$anonfun$runTests$1(AnyFunSuiteLike.scala:269)
[info]   at org.scalatest.SuperEngine.$anonfun$runTestsInBranch$1(Engine.scala:413)
[info]   at scala.collection.immutable.List.foreach(List.scala:334)
[info]   at org.scalatest.SuperEngine.traverseSubNodes$1(Engine.scala:401)
[info]   at org.scalatest.SuperEngine.runTestsInBranch(Engine.scala:396)
[info]   at org.scalatest.SuperEngine.runTestsImpl(Engine.scala:475)
[info]   at org.scalatest.funsuite.AnyFunSuiteLike.runTests(AnyFunSuiteLike.scala:269)
[info]   at org.scalatest.funsuite.AnyFunSuiteLike.runTests$(AnyFunSuiteLike.scala:268)
[info]   at org.scalatest.funsuite.AnyFunSuite.runTests(AnyFunSuite.scala:1564)
[info]   at org.scalatest.Suite.run(Suite.scala:1114)
[info]   at org.scalatest.Suite.run$(Suite.scala:1096)
[info]   at org.scalatest.funsuite.AnyFunSuite.org$scalatest$funsuite$AnyFunSuiteLike$$super$run(AnyFunSuite.scala:1564)
[info]   at org.scalatest.funsuite.AnyFunSuiteLike.$anonfun$run$1(AnyFunSuiteLike.scala:273)
[info]   at org.scalatest.SuperEngine.runImpl(Engine.scala:535)
[info]   at org.scalatest.funsuite.AnyFunSuiteLike.run(AnyFunSuiteLike.scala:273)
[info]   at org.scalatest.funsuite.AnyFunSuiteLike.run$(AnyFunSuiteLike.scala:272)
[info]   at frameless.TypedDatasetSuite.org$scalatest$BeforeAndAfterAll$$super$run(TypedDatasetSuite.scala:63)
[info]   at org.scalatest.BeforeAndAfterAll.liftedTree1$1(BeforeAndAfterAll.scala:213)
[info]   at org.scalatest.BeforeAndAfterAll.run(BeforeAndAfterAll.scala:210)
[info]   at org.scalatest.BeforeAndAfterAll.run$(BeforeAndAfterAll.scala:208)
[info]   at frameless.TypedDatasetSuite.run(TypedDatasetSuite.scala:63)
[info]   at org.scalatest.tools.Framework.org$scalatest$tools$Framework$$runSuite(Framework.scala:321)
[info]   at org.scalatest.tools.Framework$ScalaTestTask.execute(Framework.scala:517)
[info]   at sbt.ForkMain$Run.lambda$runTest$1(ForkMain.java:414)
[info]   at java.base/java.util.concurrent.FutureTask.run(FutureTask.java:317)
[info]   at java.base/java.util.concurrent.ThreadPoolExecutor.runWorker(ThreadPoolExecutor.java:1144)
[info]   at java.base/java.util.concurrent.ThreadPoolExecutor$Worker.run(ThreadPoolExecutor.java:642)
[info]   at java.base/java.lang.Thread.run(Thread.java:1583)
[info]   Cause: java.lang.IllegalArgumentException: argument type mismatch
[info]   at java.base/jdk.internal.reflect.DirectConstructorHandleAccessor.newInstance(DirectConstructorHandleAccessor.java:65)
[info]   at java.base/java.lang.reflect.Constructor.newInstanceWithCaller(Constructor.java:502)
[info]   at java.base/java.lang.reflect.Constructor.newInstance(Constructor.java:486)
[info]   at frameless.TypedExpressionEncoder$.$anonfun$apply$3(TypedExpressionEncoder.scala:55)
[info]   at scala.Option.map(Option.scala:242)
[info]   at frameless.TypedExpressionEncoder$.apply(TypedExpressionEncoder.scala:54)
[info]   at frameless.TypedDataset$.create(TypedDataset.scala:1325)
[info]   at frameless.functions.AggregateFunctionsTests.prop$8(AggregateFunctionsTests.scala:207)
[info]   at frameless.functions.AggregateFunctionsTests.$anonfun$new$157(AggregateFunctionsTests.scala:214)
[info]   at scala.Function1.$anonfun$andThen$1(Function1.scala:87)
[info]   at org.scalacheck.Prop$.$anonfun$forAllShrink$2(Prop.scala:868)
[info]   at org.scalacheck.Prop$.secure(Prop.scala:484)
[info]   at org.scalacheck.Prop$.result$1(Prop.scala:868)
[info]   at org.scalacheck.Prop$.$anonfun$forAllShrink$1(Prop.scala:915)
[info]   at org.scalacheck.Prop$.$anonfun$apply$1(Prop.scala:305)
[info]   at org.scalacheck.PropFromFun.apply(Prop.scala:20)
[info]   at org.scalacheck.Test$.workerFun$1(Test.scala:486)
[info]   at org.scalacheck.Test$.$anonfun$check$4(Test.scala:518)
[info]   at org.scalacheck.Test$.$anonfun$check$4$adapted(Test.scala:518)
[info]   at org.scalacheck.Platform$.runWorkers(Platform.scala:42)
[info]   at org.scalacheck.Test$.check(Test.scala:518)
[info]   at org.scalatestplus.scalacheck.UnitCheckerAsserting$CheckerAssertingImpl.check(CheckerAsserting.scala:90)
[info]   at org.scalatestplus.scalacheck.Checkers.check(Checkers.scala:371)
[info]   at org.scalatestplus.scalacheck.Checkers.check$(Checkers.scala:369)
[info]   at frameless.TypedDatasetSuite.check(TypedDatasetSuite.scala:63)
[info]   at frameless.functions.AggregateFunctionsTests.$anonfun$new$146(AggregateFunctionsTests.scala:214)
[info]   at org.scalatest.OutcomeOf.outcomeOf(OutcomeOf.scala:85)
[info]   at org.scalatest.OutcomeOf.outcomeOf$(OutcomeOf.scala:83)
[info]   at org.scalatest.OutcomeOf$.outcomeOf(OutcomeOf.scala:104)
[info]   at org.scalatest.Transformer.apply(Transformer.scala:22)
[info]   at org.scalatest.Transformer.apply(Transformer.scala:20)
[info]   at org.scalatest.funsuite.AnyFunSuiteLike$$anon$1.apply(AnyFunSuiteLike.scala:226)
[info]   at org.scalatest.TestSuite.withFixture(TestSuite.scala:196)
[info]   at org.scalatest.TestSuite.withFixture$(TestSuite.scala:195)
[info]   at org.scalatest.funsuite.AnyFunSuite.withFixture(AnyFunSuite.scala:1564)
[info]   at org.scalatest.funsuite.AnyFunSuiteLike.invokeWithFixture$1(AnyFunSuiteLike.scala:224)
[info]   at org.scalatest.funsuite.AnyFunSuiteLike.$anonfun$runTest$1(AnyFunSuiteLike.scala:236)
[info]   at org.scalatest.SuperEngine.runTestImpl(Engine.scala:306)
[info]   at org.scalatest.funsuite.AnyFunSuiteLike.runTest(AnyFunSuiteLike.scala:236)
[info]   at org.scalatest.funsuite.AnyFunSuiteLike.runTest$(AnyFunSuiteLike.scala:218)
[info]   at org.scalatest.funsuite.AnyFunSuite.runTest(AnyFunSuite.scala:1564)
[info]   at org.scalatest.funsuite.AnyFunSuiteLike.$anonfun$runTests$1(AnyFunSuiteLike.scala:269)
[info]   at org.scalatest.SuperEngine.$anonfun$runTestsInBranch$1(Engine.scala:413)
[info]   at scala.collection.immutable.List.foreach(List.scala:334)
[info]   at org.scalatest.SuperEngine.traverseSubNodes$1(Engine.scala:401)
[info]   at org.scalatest.SuperEngine.runTestsInBranch(Engine.scala:396)
[info]   at org.scalatest.SuperEngine.runTestsImpl(Engine.scala:475)
[info]   at org.scalatest.funsuite.AnyFunSuiteLike.runTests(AnyFunSuiteLike.scala:269)
[info]   at org.scalatest.funsuite.AnyFunSuiteLike.runTests$(AnyFunSuiteLike.scala:268)
[info]   at org.scalatest.funsuite.AnyFunSuite.runTests(AnyFunSuite.scala:1564)
[info]   at org.scalatest.Suite.run(Suite.scala:1114)
[info]   at org.scalatest.Suite.run$(Suite.scala:1096)
[info]   at org.scalatest.funsuite.AnyFunSuite.org$scalatest$funsuite$AnyFunSuiteLike$$super$run(AnyFunSuite.scala:1564)
[info]   at org.scalatest.funsuite.AnyFunSuiteLike.$anonfun$run$1(AnyFunSuiteLike.scala:273)
[info]   at org.scalatest.SuperEngine.runImpl(Engine.scala:535)
[info]   at org.scalatest.funsuite.AnyFunSuiteLike.run(AnyFunSuiteLike.scala:273)
[info]   at org.scalatest.funsuite.AnyFunSuiteLike.run$(AnyFunSuiteLike.scala:272)
[info]   at frameless.TypedDatasetSuite.org$scalatest$BeforeAndAfterAll$$super$run(TypedDatasetSuite.scala:63)
[info]   at org.scalatest.BeforeAndAfterAll.liftedTree1$1(BeforeAndAfterAll.scala:213)
[info]   at org.scalatest.BeforeAndAfterAll.run(BeforeAndAfterAll.scala:210)
[info]   at org.scalatest.BeforeAndAfterAll.run$(BeforeAndAfterAll.scala:208)
[info]   at frameless.TypedDatasetSuite.run(TypedDatasetSuite.scala:63)
[info]   at org.scalatest.tools.Framework.org$scalatest$tools$Framework$$runSuite(Framework.scala:321)
[info]   at org.scalatest.tools.Framework$ScalaTestTask.execute(Framework.scala:517)
[info]   at sbt.ForkMain$Run.lambda$runTest$1(ForkMain.java:414)
[info]   at java.base/java.util.concurrent.FutureTask.run(FutureTask.java:317)
[info]   at java.base/java.util.concurrent.ThreadPoolExecutor.runWorker(ThreadPoolExecutor.java:1144)
[info]   at java.base/java.util.concurrent.ThreadPoolExecutor$Worker.run(ThreadPoolExecutor.java:642)
[info]   at java.base/java.lang.Thread.run(Thread.java:1583)
[info]   Cause: java.lang.ClassCastException: Cannot cast scala.reflect.ClassTag$GenericClassTag to org.apache.spark.sql.catalyst.expressions.Expression
[info]   at java.base/java.lang.Class.cast(Class.java:4067)
[info]   at java.base/jdk.internal.reflect.DirectConstructorHandleAccessor.newInstance(DirectConstructorHandleAccessor.java:62)
[info]   at java.base/java.lang.reflect.Constructor.newInstanceWithCaller(Constructor.java:502)
[info]   at java.base/java.lang.reflect.Constructor.newInstance(Constructor.java:486)
[info]   at frameless.TypedExpressionEncoder$.$anonfun$apply$3(TypedExpressionEncoder.scala:55)
[info]   at scala.Option.map(Option.scala:242)
[info]   at frameless.TypedExpressionEncoder$.apply(TypedExpressionEncoder.scala:54)
[info]   at frameless.TypedDataset$.create(TypedDataset.scala:1325)
[info]   at frameless.functions.AggregateFunctionsTests.prop$8(AggregateFunctionsTests.scala:207)
[info]   at frameless.functions.AggregateFunctionsTests.$anonfun$new$157(AggregateFunctionsTests.scala:214)
[info]   at scala.Function1.$anonfun$andThen$1(Function1.scala:87)
[info]   at org.scalacheck.Prop$.$anonfun$forAllShrink$2(Prop.scala:868)
[info]   at org.scalacheck.Prop$.secure(Prop.scala:484)
[info]   at org.scalacheck.Prop$.result$1(Prop.scala:868)
[info]   at org.scalacheck.Prop$.$anonfun$forAllShrink$1(Prop.scala:915)
[info]   at org.scalacheck.Prop$.$anonfun$apply$1(Prop.scala:305)
[info]   at org.scalacheck.PropFromFun.apply(Prop.scala:20)
[info]   at org.scalacheck.Test$.workerFun$1(Test.scala:486)
[info]   at org.scalacheck.Test$.$anonfun$check$4(Test.scala:518)
[info]   at org.scalacheck.Test$.$anonfun$check$4$adapted(Test.scala:518)
[info]   at org.scalacheck.Platform$.runWorkers(Platform.scala:42)
[info]   at org.scalacheck.Test$.check(Test.scala:518)
[info]   at org.scalatestplus.scalacheck.UnitCheckerAsserting$CheckerAssertingImpl.check(CheckerAsserting.scala:90)
[info]   at org.scalatestplus.scalacheck.Checkers.check(Checkers.scala:371)
[info]   at org.scalatestplus.scalacheck.Checkers.check$(Checkers.scala:369)
[info]   at frameless.TypedDatasetSuite.check(TypedDatasetSuite.scala:63)
[info]   at frameless.functions.AggregateFunctionsTests.$anonfun$new$146(AggregateFunctionsTests.scala:214)
[info]   at org.scalatest.OutcomeOf.outcomeOf(OutcomeOf.scala:85)
[info]   at org.scalatest.OutcomeOf.outcomeOf$(OutcomeOf.scala:83)
[info]   at org.scalatest.OutcomeOf$.outcomeOf(OutcomeOf.scala:104)
[info]   at org.scalatest.Transformer.apply(Transformer.scala:22)
[info]   at org.scalatest.Transformer.apply(Transformer.scala:20)
[info]   at org.scalatest.funsuite.AnyFunSuiteLike$$anon$1.apply(AnyFunSuiteLike.scala:226)
[info]   at org.scalatest.TestSuite.withFixture(TestSuite.scala:196)
[info]   at org.scalatest.TestSuite.withFixture$(TestSuite.scala:195)
[info]   at org.scalatest.funsuite.AnyFunSuite.withFixture(AnyFunSuite.scala:1564)
[info]   at org.scalatest.funsuite.AnyFunSuiteLike.invokeWithFixture$1(AnyFunSuiteLike.scala:224)
[info]   at org.scalatest.funsuite.AnyFunSuiteLike.$anonfun$runTest$1(AnyFunSuiteLike.scala:236)
[info]   at org.scalatest.SuperEngine.runTestImpl(Engine.scala:306)
[info]   at org.scalatest.funsuite.AnyFunSuiteLike.runTest(AnyFunSuiteLike.scala:236)
[info]   at org.scalatest.funsuite.AnyFunSuiteLike.runTest$(AnyFunSuiteLike.scala:218)
[info]   at org.scalatest.funsuite.AnyFunSuite.runTest(AnyFunSuite.scala:1564)
[info]   at org.scalatest.funsuite.AnyFunSuiteLike.$anonfun$runTests$1(AnyFunSuiteLike.scala:269)
[info]   at org.scalatest.SuperEngine.$anonfun$runTestsInBranch$1(Engine.scala:413)
[info]   at scala.collection.immutable.List.foreach(List.scala:334)
[info]   at org.scalatest.SuperEngine.traverseSubNodes$1(Engine.scala:401)
[info]   at org.scalatest.SuperEngine.runTestsInBranch(Engine.scala:396)
[info]   at org.scalatest.SuperEngine.runTestsImpl(Engine.scala:475)
[info]   at org.scalatest.funsuite.AnyFunSuiteLike.runTests(AnyFunSuiteLike.scala:269)
[info]   at org.scalatest.funsuite.AnyFunSuiteLike.runTests$(AnyFunSuiteLike.scala:268)
[info]   at org.scalatest.funsuite.AnyFunSuite.runTests(AnyFunSuite.scala:1564)
[info]   at org.scalatest.Suite.run(Suite.scala:1114)
[info]   at org.scalatest.Suite.run$(Suite.scala:1096)
[info]   at org.scalatest.funsuite.AnyFunSuite.org$scalatest$funsuite$AnyFunSuiteLike$$super$run(AnyFunSuite.scala:1564)
[info]   at org.scalatest.funsuite.AnyFunSuiteLike.$anonfun$run$1(AnyFunSuiteLike.scala:273)
[info]   at org.scalatest.SuperEngine.runImpl(Engine.scala:535)
[info]   at org.scalatest.funsuite.AnyFunSuiteLike.run(AnyFunSuiteLike.scala:273)
[info]   at org.scalatest.funsuite.AnyFunSuiteLike.run$(AnyFunSuiteLike.scala:272)
[info]   at frameless.TypedDatasetSuite.org$scalatest$BeforeAndAfterAll$$super$run(TypedDatasetSuite.scala:63)
[info]   at org.scalatest.BeforeAndAfterAll.liftedTree1$1(BeforeAndAfterAll.scala:213)
[info]   at org.scalatest.BeforeAndAfterAll.run(BeforeAndAfterAll.scala:210)
[info]   at org.scalatest.BeforeAndAfterAll.run$(BeforeAndAfterAll.scala:208)
[info]   at frameless.TypedDatasetSuite.run(TypedDatasetSuite.scala:63)
[info]   at org.scalatest.tools.Framework.org$scalatest$tools$Framework$$runSuite(Framework.scala:321)
[info]   at org.scalatest.tools.Framework$ScalaTestTask.execute(Framework.scala:517)
[info]   at sbt.ForkMain$Run.lambda$runTest$1(ForkMain.java:414)
[info]   at java.base/java.util.concurrent.FutureTask.run(FutureTask.java:317)
[info]   at java.base/java.util.concurrent.ThreadPoolExecutor.runWorker(ThreadPoolExecutor.java:1144)
[info]   at java.base/java.util.concurrent.ThreadPoolExecutor$Worker.run(ThreadPoolExecutor.java:642)
[info]   at java.base/java.lang.Thread.run(Thread.java:1583)
[info] - max with follow up multiplication *** FAILED *** (5 milliseconds)
[info]   IllegalArgumentException was thrown during property evaluation.
[info]     Message: argument type mismatch
[info]     Occurred when passed generated values (
[info]       arg0 = List()
[info]     )
[info]   org.scalatest.exceptions.GeneratorDrivenPropertyCheckFailedException:
[info]   at org.scalatestplus.scalacheck.CheckerAsserting$$anon$2.indicateFailure(CheckerAsserting.scala:251)
[info]   at org.scalatestplus.scalacheck.CheckerAsserting$$anon$2.indicateFailure(CheckerAsserting.scala:238)
[info]   at org.scalatestplus.scalacheck.UnitCheckerAsserting$CheckerAssertingImpl.check(CheckerAsserting.scala:160)
[info]   at org.scalatestplus.scalacheck.Checkers.check(Checkers.scala:371)
[info]   at org.scalatestplus.scalacheck.Checkers.check$(Checkers.scala:369)
[info]   at frameless.TypedDatasetSuite.check(TypedDatasetSuite.scala:63)
[info]   at frameless.functions.AggregateFunctionsTests.$anonfun$new$169(AggregateFunctionsTests.scala:231)
[info]   at org.scalatest.OutcomeOf.outcomeOf(OutcomeOf.scala:85)
[info]   at org.scalatest.OutcomeOf.outcomeOf$(OutcomeOf.scala:83)
[info]   at org.scalatest.OutcomeOf$.outcomeOf(OutcomeOf.scala:104)
[info]   at org.scalatest.Transformer.apply(Transformer.scala:22)
[info]   at org.scalatest.Transformer.apply(Transformer.scala:20)
[info]   at org.scalatest.funsuite.AnyFunSuiteLike$$anon$1.apply(AnyFunSuiteLike.scala:226)
[info]   at org.scalatest.TestSuite.withFixture(TestSuite.scala:196)
[info]   at org.scalatest.TestSuite.withFixture$(TestSuite.scala:195)
[info]   at org.scalatest.funsuite.AnyFunSuite.withFixture(AnyFunSuite.scala:1564)
[info]   at org.scalatest.funsuite.AnyFunSuiteLike.invokeWithFixture$1(AnyFunSuiteLike.scala:224)
[info]   at org.scalatest.funsuite.AnyFunSuiteLike.$anonfun$runTest$1(AnyFunSuiteLike.scala:236)
[info]   at org.scalatest.SuperEngine.runTestImpl(Engine.scala:306)
[info]   at org.scalatest.funsuite.AnyFunSuiteLike.runTest(AnyFunSuiteLike.scala:236)
[info]   at org.scalatest.funsuite.AnyFunSuiteLike.runTest$(AnyFunSuiteLike.scala:218)
[info]   at org.scalatest.funsuite.AnyFunSuite.runTest(AnyFunSuite.scala:1564)
[info]   at org.scalatest.funsuite.AnyFunSuiteLike.$anonfun$runTests$1(AnyFunSuiteLike.scala:269)
[info]   at org.scalatest.SuperEngine.$anonfun$runTestsInBranch$1(Engine.scala:413)
[info]   at scala.collection.immutable.List.foreach(List.scala:334)
[info]   at org.scalatest.SuperEngine.traverseSubNodes$1(Engine.scala:401)
[info]   at org.scalatest.SuperEngine.runTestsInBranch(Engine.scala:396)
[info]   at org.scalatest.SuperEngine.runTestsImpl(Engine.scala:475)
[info]   at org.scalatest.funsuite.AnyFunSuiteLike.runTests(AnyFunSuiteLike.scala:269)
[info]   at org.scalatest.funsuite.AnyFunSuiteLike.runTests$(AnyFunSuiteLike.scala:268)
[info]   at org.scalatest.funsuite.AnyFunSuite.runTests(AnyFunSuite.scala:1564)
[info]   at org.scalatest.Suite.run(Suite.scala:1114)
[info]   at org.scalatest.Suite.run$(Suite.scala:1096)
[info]   at org.scalatest.funsuite.AnyFunSuite.org$scalatest$funsuite$AnyFunSuiteLike$$super$run(AnyFunSuite.scala:1564)
[info]   at org.scalatest.funsuite.AnyFunSuiteLike.$anonfun$run$1(AnyFunSuiteLike.scala:273)
[info]   at org.scalatest.SuperEngine.runImpl(Engine.scala:535)
[info]   at org.scalatest.funsuite.AnyFunSuiteLike.run(AnyFunSuiteLike.scala:273)
[info]   at org.scalatest.funsuite.AnyFunSuiteLike.run$(AnyFunSuiteLike.scala:272)
[info]   at frameless.TypedDatasetSuite.org$scalatest$BeforeAndAfterAll$$super$run(TypedDatasetSuite.scala:63)
[info]   at org.scalatest.BeforeAndAfterAll.liftedTree1$1(BeforeAndAfterAll.scala:213)
[info]   at org.scalatest.BeforeAndAfterAll.run(BeforeAndAfterAll.scala:210)
[info]   at org.scalatest.BeforeAndAfterAll.run$(BeforeAndAfterAll.scala:208)
[info]   at frameless.TypedDatasetSuite.run(TypedDatasetSuite.scala:63)
[info]   at org.scalatest.tools.Framework.org$scalatest$tools$Framework$$runSuite(Framework.scala:321)
[info]   at org.scalatest.tools.Framework$ScalaTestTask.execute(Framework.scala:517)
[info]   at sbt.ForkMain$Run.lambda$runTest$1(ForkMain.java:414)
[info]   at java.base/java.util.concurrent.FutureTask.run(FutureTask.java:317)
[info]   at java.base/java.util.concurrent.ThreadPoolExecutor.runWorker(ThreadPoolExecutor.java:1144)
[info]   at java.base/java.util.concurrent.ThreadPoolExecutor$Worker.run(ThreadPoolExecutor.java:642)
[info]   at java.base/java.lang.Thread.run(Thread.java:1583)
[info]   Cause: java.lang.IllegalArgumentException: argument type mismatch
[info]   at java.base/jdk.internal.reflect.DirectConstructorHandleAccessor.newInstance(DirectConstructorHandleAccessor.java:65)
[info]   at java.base/java.lang.reflect.Constructor.newInstanceWithCaller(Constructor.java:502)
[info]   at java.base/java.lang.reflect.Constructor.newInstance(Constructor.java:486)
[info]   at frameless.TypedExpressionEncoder$.$anonfun$apply$3(TypedExpressionEncoder.scala:55)
[info]   at scala.Option.map(Option.scala:242)
[info]   at frameless.TypedExpressionEncoder$.apply(TypedExpressionEncoder.scala:54)
[info]   at frameless.TypedDataset$.create(TypedDataset.scala:1325)
[info]   at frameless.functions.AggregateFunctionsTests.prop$9(AggregateFunctionsTests.scala:224)
[info]   at frameless.functions.AggregateFunctionsTests.$anonfun$new$179(AggregateFunctionsTests.scala:231)
[info]   at scala.Function1.$anonfun$andThen$1(Function1.scala:87)
[info]   at org.scalacheck.Prop$.$anonfun$forAllShrink$2(Prop.scala:868)
[info]   at org.scalacheck.Prop$.secure(Prop.scala:484)
[info]   at org.scalacheck.Prop$.result$1(Prop.scala:868)
[info]   at org.scalacheck.Prop$.$anonfun$forAllShrink$1(Prop.scala:915)
[info]   at org.scalacheck.Prop$.$anonfun$apply$1(Prop.scala:305)
[info]   at org.scalacheck.PropFromFun.apply(Prop.scala:20)
[info]   at org.scalacheck.Test$.workerFun$1(Test.scala:486)
[info]   at org.scalacheck.Test$.$anonfun$check$4(Test.scala:518)
[info]   at org.scalacheck.Test$.$anonfun$check$4$adapted(Test.scala:518)
[info]   at org.scalacheck.Platform$.runWorkers(Platform.scala:42)
[info]   at org.scalacheck.Test$.check(Test.scala:518)
[info]   at org.scalatestplus.scalacheck.UnitCheckerAsserting$CheckerAssertingImpl.check(CheckerAsserting.scala:90)
[info]   at org.scalatestplus.scalacheck.Checkers.check(Checkers.scala:371)
[info]   at org.scalatestplus.scalacheck.Checkers.check$(Checkers.scala:369)
[info]   at frameless.TypedDatasetSuite.check(TypedDatasetSuite.scala:63)
[info]   at frameless.functions.AggregateFunctionsTests.$anonfun$new$169(AggregateFunctionsTests.scala:231)
[info]   at org.scalatest.OutcomeOf.outcomeOf(OutcomeOf.scala:85)
[info]   at org.scalatest.OutcomeOf.outcomeOf$(OutcomeOf.scala:83)
[info]   at org.scalatest.OutcomeOf$.outcomeOf(OutcomeOf.scala:104)
[info]   at org.scalatest.Transformer.apply(Transformer.scala:22)
[info]   at org.scalatest.Transformer.apply(Transformer.scala:20)
[info]   at org.scalatest.funsuite.AnyFunSuiteLike$$anon$1.apply(AnyFunSuiteLike.scala:226)
[info]   at org.scalatest.TestSuite.withFixture(TestSuite.scala:196)
[info]   at org.scalatest.TestSuite.withFixture$(TestSuite.scala:195)
[info]   at org.scalatest.funsuite.AnyFunSuite.withFixture(AnyFunSuite.scala:1564)
[info]   at org.scalatest.funsuite.AnyFunSuiteLike.invokeWithFixture$1(AnyFunSuiteLike.scala:224)
[info]   at org.scalatest.funsuite.AnyFunSuiteLike.$anonfun$runTest$1(AnyFunSuiteLike.scala:236)
[info]   at org.scalatest.SuperEngine.runTestImpl(Engine.scala:306)
[info]   at org.scalatest.funsuite.AnyFunSuiteLike.runTest(AnyFunSuiteLike.scala:236)
[info]   at org.scalatest.funsuite.AnyFunSuiteLike.runTest$(AnyFunSuiteLike.scala:218)
[info]   at org.scalatest.funsuite.AnyFunSuite.runTest(AnyFunSuite.scala:1564)
[info]   at org.scalatest.funsuite.AnyFunSuiteLike.$anonfun$runTests$1(AnyFunSuiteLike.scala:269)
[info]   at org.scalatest.SuperEngine.$anonfun$runTestsInBranch$1(Engine.scala:413)
[info]   at scala.collection.immutable.List.foreach(List.scala:334)
[info]   at org.scalatest.SuperEngine.traverseSubNodes$1(Engine.scala:401)
[info]   at org.scalatest.SuperEngine.runTestsInBranch(Engine.scala:396)
[info]   at org.scalatest.SuperEngine.runTestsImpl(Engine.scala:475)
[info]   at org.scalatest.funsuite.AnyFunSuiteLike.runTests(AnyFunSuiteLike.scala:269)
[info]   at org.scalatest.funsuite.AnyFunSuiteLike.runTests$(AnyFunSuiteLike.scala:268)
[info]   at org.scalatest.funsuite.AnyFunSuite.runTests(AnyFunSuite.scala:1564)
[info]   at org.scalatest.Suite.run(Suite.scala:1114)
[info]   at org.scalatest.Suite.run$(Suite.scala:1096)
[info]   at org.scalatest.funsuite.AnyFunSuite.org$scalatest$funsuite$AnyFunSuiteLike$$super$run(AnyFunSuite.scala:1564)
[info]   at org.scalatest.funsuite.AnyFunSuiteLike.$anonfun$run$1(AnyFunSuiteLike.scala:273)
[info]   at org.scalatest.SuperEngine.runImpl(Engine.scala:535)
[info]   at org.scalatest.funsuite.AnyFunSuiteLike.run(AnyFunSuiteLike.scala:273)
[info]   at org.scalatest.funsuite.AnyFunSuiteLike.run$(AnyFunSuiteLike.scala:272)
[info]   at frameless.TypedDatasetSuite.org$scalatest$BeforeAndAfterAll$$super$run(TypedDatasetSuite.scala:63)
[info]   at org.scalatest.BeforeAndAfterAll.liftedTree1$1(BeforeAndAfterAll.scala:213)
[info]   at org.scalatest.BeforeAndAfterAll.run(BeforeAndAfterAll.scala:210)
[info]   at org.scalatest.BeforeAndAfterAll.run$(BeforeAndAfterAll.scala:208)
[info]   at frameless.TypedDatasetSuite.run(TypedDatasetSuite.scala:63)
[info]   at org.scalatest.tools.Framework.org$scalatest$tools$Framework$$runSuite(Framework.scala:321)
[info]   at org.scalatest.tools.Framework$ScalaTestTask.execute(Framework.scala:517)
[info]   at sbt.ForkMain$Run.lambda$runTest$1(ForkMain.java:414)
[info]   at java.base/java.util.concurrent.FutureTask.run(FutureTask.java:317)
[info]   at java.base/java.util.concurrent.ThreadPoolExecutor.runWorker(ThreadPoolExecutor.java:1144)
[info]   at java.base/java.util.concurrent.ThreadPoolExecutor$Worker.run(ThreadPoolExecutor.java:642)
[info]   at java.base/java.lang.Thread.run(Thread.java:1583)
[info]   Cause: java.lang.ClassCastException: Cannot cast scala.reflect.ClassTag$GenericClassTag to org.apache.spark.sql.catalyst.expressions.Expression
[info]   at java.base/java.lang.Class.cast(Class.java:4067)
[info]   at java.base/jdk.internal.reflect.DirectConstructorHandleAccessor.newInstance(DirectConstructorHandleAccessor.java:62)
[info]   at java.base/java.lang.reflect.Constructor.newInstanceWithCaller(Constructor.java:502)
[info]   at java.base/java.lang.reflect.Constructor.newInstance(Constructor.java:486)
[info]   at frameless.TypedExpressionEncoder$.$anonfun$apply$3(TypedExpressionEncoder.scala:55)
[info]   at scala.Option.map(Option.scala:242)
[info]   at frameless.TypedExpressionEncoder$.apply(TypedExpressionEncoder.scala:54)
[info]   at frameless.TypedDataset$.create(TypedDataset.scala:1325)
[info]   at frameless.functions.AggregateFunctionsTests.prop$9(AggregateFunctionsTests.scala:224)
[info]   at frameless.functions.AggregateFunctionsTests.$anonfun$new$179(AggregateFunctionsTests.scala:231)
[info]   at scala.Function1.$anonfun$andThen$1(Function1.scala:87)
[info]   at org.scalacheck.Prop$.$anonfun$forAllShrink$2(Prop.scala:868)
[info]   at org.scalacheck.Prop$.secure(Prop.scala:484)
[info]   at org.scalacheck.Prop$.result$1(Prop.scala:868)
[info]   at org.scalacheck.Prop$.$anonfun$forAllShrink$1(Prop.scala:915)
[info]   at org.scalacheck.Prop$.$anonfun$apply$1(Prop.scala:305)
[info]   at org.scalacheck.PropFromFun.apply(Prop.scala:20)
[info]   at org.scalacheck.Test$.workerFun$1(Test.scala:486)
[info]   at org.scalacheck.Test$.$anonfun$check$4(Test.scala:518)
[info]   at org.scalacheck.Test$.$anonfun$check$4$adapted(Test.scala:518)
[info]   at org.scalacheck.Platform$.runWorkers(Platform.scala:42)
[info]   at org.scalacheck.Test$.check(Test.scala:518)
[info]   at org.scalatestplus.scalacheck.UnitCheckerAsserting$CheckerAssertingImpl.check(CheckerAsserting.scala:90)
[info]   at org.scalatestplus.scalacheck.Checkers.check(Checkers.scala:371)
[info]   at org.scalatestplus.scalacheck.Checkers.check$(Checkers.scala:369)
[info]   at frameless.TypedDatasetSuite.check(TypedDatasetSuite.scala:63)
[info]   at frameless.functions.AggregateFunctionsTests.$anonfun$new$169(AggregateFunctionsTests.scala:231)
[info]   at org.scalatest.OutcomeOf.outcomeOf(OutcomeOf.scala:85)
[info]   at org.scalatest.OutcomeOf.outcomeOf$(OutcomeOf.scala:83)
[info]   at org.scalatest.OutcomeOf$.outcomeOf(OutcomeOf.scala:104)
[info]   at org.scalatest.Transformer.apply(Transformer.scala:22)
[info]   at org.scalatest.Transformer.apply(Transformer.scala:20)
[info]   at org.scalatest.funsuite.AnyFunSuiteLike$$anon$1.apply(AnyFunSuiteLike.scala:226)
[info]   at org.scalatest.TestSuite.withFixture(TestSuite.scala:196)
[info]   at org.scalatest.TestSuite.withFixture$(TestSuite.scala:195)
[info]   at org.scalatest.funsuite.AnyFunSuite.withFixture(AnyFunSuite.scala:1564)
[info]   at org.scalatest.funsuite.AnyFunSuiteLike.invokeWithFixture$1(AnyFunSuiteLike.scala:224)
[info]   at org.scalatest.funsuite.AnyFunSuiteLike.$anonfun$runTest$1(AnyFunSuiteLike.scala:236)
[info]   at org.scalatest.SuperEngine.runTestImpl(Engine.scala:306)
[info]   at org.scalatest.funsuite.AnyFunSuiteLike.runTest(AnyFunSuiteLike.scala:236)
[info]   at org.scalatest.funsuite.AnyFunSuiteLike.runTest$(AnyFunSuiteLike.scala:218)
[info]   at org.scalatest.funsuite.AnyFunSuite.runTest(AnyFunSuite.scala:1564)
[info]   at org.scalatest.funsuite.AnyFunSuiteLike.$anonfun$runTests$1(AnyFunSuiteLike.scala:269)
[info]   at org.scalatest.SuperEngine.$anonfun$runTestsInBranch$1(Engine.scala:413)
[info]   at scala.collection.immutable.List.foreach(List.scala:334)
[info]   at org.scalatest.SuperEngine.traverseSubNodes$1(Engine.scala:401)
[info]   at org.scalatest.SuperEngine.runTestsInBranch(Engine.scala:396)
[info]   at org.scalatest.SuperEngine.runTestsImpl(Engine.scala:475)
[info]   at org.scalatest.funsuite.AnyFunSuiteLike.runTests(AnyFunSuiteLike.scala:269)
[info]   at org.scalatest.funsuite.AnyFunSuiteLike.runTests$(AnyFunSuiteLike.scala:268)
[info]   at org.scalatest.funsuite.AnyFunSuite.runTests(AnyFunSuite.scala:1564)
[info]   at org.scalatest.Suite.run(Suite.scala:1114)
[info]   at org.scalatest.Suite.run$(Suite.scala:1096)
[info]   at org.scalatest.funsuite.AnyFunSuite.org$scalatest$funsuite$AnyFunSuiteLike$$super$run(AnyFunSuite.scala:1564)
[info]   at org.scalatest.funsuite.AnyFunSuiteLike.$anonfun$run$1(AnyFunSuiteLike.scala:273)
[info]   at org.scalatest.SuperEngine.runImpl(Engine.scala:535)
[info]   at org.scalatest.funsuite.AnyFunSuiteLike.run(AnyFunSuiteLike.scala:273)
[info]   at org.scalatest.funsuite.AnyFunSuiteLike.run$(AnyFunSuiteLike.scala:272)
[info]   at frameless.TypedDatasetSuite.org$scalatest$BeforeAndAfterAll$$super$run(TypedDatasetSuite.scala:63)
[info]   at org.scalatest.BeforeAndAfterAll.liftedTree1$1(BeforeAndAfterAll.scala:213)
[info]   at org.scalatest.BeforeAndAfterAll.run(BeforeAndAfterAll.scala:210)
[info]   at org.scalatest.BeforeAndAfterAll.run$(BeforeAndAfterAll.scala:208)
[info]   at frameless.TypedDatasetSuite.run(TypedDatasetSuite.scala:63)
[info]   at org.scalatest.tools.Framework.org$scalatest$tools$Framework$$runSuite(Framework.scala:321)
[info]   at org.scalatest.tools.Framework$ScalaTestTask.execute(Framework.scala:517)
[info]   at sbt.ForkMain$Run.lambda$runTest$1(ForkMain.java:414)
[info]   at java.base/java.util.concurrent.FutureTask.run(FutureTask.java:317)
[info]   at java.base/java.util.concurrent.ThreadPoolExecutor.runWorker(ThreadPoolExecutor.java:1144)
[info]   at java.base/java.util.concurrent.ThreadPoolExecutor$Worker.run(ThreadPoolExecutor.java:642)
[info]   at java.base/java.lang.Thread.run(Thread.java:1583)
[info] - min *** FAILED *** (9 milliseconds)
[info]   IllegalArgumentException was thrown during property evaluation.
[info]     Message: argument type mismatch
[info]     Occurred when passed generated values (
[info]       arg0 = List()
[info]     )
[info]   org.scalatest.exceptions.GeneratorDrivenPropertyCheckFailedException:
[info]   at org.scalatestplus.scalacheck.CheckerAsserting$$anon$2.indicateFailure(CheckerAsserting.scala:251)
[info]   at org.scalatestplus.scalacheck.CheckerAsserting$$anon$2.indicateFailure(CheckerAsserting.scala:238)
[info]   at org.scalatestplus.scalacheck.UnitCheckerAsserting$CheckerAssertingImpl.check(CheckerAsserting.scala:160)
[info]   at org.scalatestplus.scalacheck.Checkers.check(Checkers.scala:371)
[info]   at org.scalatestplus.scalacheck.Checkers.check$(Checkers.scala:369)
[info]   at frameless.TypedDatasetSuite.check(TypedDatasetSuite.scala:63)
[info]   at frameless.functions.AggregateFunctionsTests.$anonfun$new$181(AggregateFunctionsTests.scala:244)
[info]   at org.scalatest.OutcomeOf.outcomeOf(OutcomeOf.scala:85)
[info]   at org.scalatest.OutcomeOf.outcomeOf$(OutcomeOf.scala:83)
[info]   at org.scalatest.OutcomeOf$.outcomeOf(OutcomeOf.scala:104)
[info]   at org.scalatest.Transformer.apply(Transformer.scala:22)
[info]   at org.scalatest.Transformer.apply(Transformer.scala:20)
[info]   at org.scalatest.funsuite.AnyFunSuiteLike$$anon$1.apply(AnyFunSuiteLike.scala:226)
[info]   at org.scalatest.TestSuite.withFixture(TestSuite.scala:196)
[info]   at org.scalatest.TestSuite.withFixture$(TestSuite.scala:195)
[info]   at org.scalatest.funsuite.AnyFunSuite.withFixture(AnyFunSuite.scala:1564)
[info]   at org.scalatest.funsuite.AnyFunSuiteLike.invokeWithFixture$1(AnyFunSuiteLike.scala:224)
[info]   at org.scalatest.funsuite.AnyFunSuiteLike.$anonfun$runTest$1(AnyFunSuiteLike.scala:236)
[info]   at org.scalatest.SuperEngine.runTestImpl(Engine.scala:306)
[info]   at org.scalatest.funsuite.AnyFunSuiteLike.runTest(AnyFunSuiteLike.scala:236)
[info]   at org.scalatest.funsuite.AnyFunSuiteLike.runTest$(AnyFunSuiteLike.scala:218)
[info]   at org.scalatest.funsuite.AnyFunSuite.runTest(AnyFunSuite.scala:1564)
[info]   at org.scalatest.funsuite.AnyFunSuiteLike.$anonfun$runTests$1(AnyFunSuiteLike.scala:269)
[info]   at org.scalatest.SuperEngine.$anonfun$runTestsInBranch$1(Engine.scala:413)
[info]   at scala.collection.immutable.List.foreach(List.scala:334)
[info]   at org.scalatest.SuperEngine.traverseSubNodes$1(Engine.scala:401)
[info]   at org.scalatest.SuperEngine.runTestsInBranch(Engine.scala:396)
[info]   at org.scalatest.SuperEngine.runTestsImpl(Engine.scala:475)
[info]   at org.scalatest.funsuite.AnyFunSuiteLike.runTests(AnyFunSuiteLike.scala:269)
[info]   at org.scalatest.funsuite.AnyFunSuiteLike.runTests$(AnyFunSuiteLike.scala:268)
[info]   at org.scalatest.funsuite.AnyFunSuite.runTests(AnyFunSuite.scala:1564)
[info]   at org.scalatest.Suite.run(Suite.scala:1114)
[info]   at org.scalatest.Suite.run$(Suite.scala:1096)
[info]   at org.scalatest.funsuite.AnyFunSuite.org$scalatest$funsuite$AnyFunSuiteLike$$super$run(AnyFunSuite.scala:1564)
[info]   at org.scalatest.funsuite.AnyFunSuiteLike.$anonfun$run$1(AnyFunSuiteLike.scala:273)
[info]   at org.scalatest.SuperEngine.runImpl(Engine.scala:535)
[info]   at org.scalatest.funsuite.AnyFunSuiteLike.run(AnyFunSuiteLike.scala:273)
[info]   at org.scalatest.funsuite.AnyFunSuiteLike.run$(AnyFunSuiteLike.scala:272)
[info]   at frameless.TypedDatasetSuite.org$scalatest$BeforeAndAfterAll$$super$run(TypedDatasetSuite.scala:63)
[info]   at org.scalatest.BeforeAndAfterAll.liftedTree1$1(BeforeAndAfterAll.scala:213)
[info]   at org.scalatest.BeforeAndAfterAll.run(BeforeAndAfterAll.scala:210)
[info]   at org.scalatest.BeforeAndAfterAll.run$(BeforeAndAfterAll.scala:208)
[info]   at frameless.TypedDatasetSuite.run(TypedDatasetSuite.scala:63)
[info]   at org.scalatest.tools.Framework.org$scalatest$tools$Framework$$runSuite(Framework.scala:321)
[info]   at org.scalatest.tools.Framework$ScalaTestTask.execute(Framework.scala:517)
[info]   at sbt.ForkMain$Run.lambda$runTest$1(ForkMain.java:414)
[info]   at java.base/java.util.concurrent.FutureTask.run(FutureTask.java:317)
[info]   at java.base/java.util.concurrent.ThreadPoolExecutor.runWorker(ThreadPoolExecutor.java:1144)
[info]   at java.base/java.util.concurrent.ThreadPoolExecutor$Worker.run(ThreadPoolExecutor.java:642)
[info]   at java.base/java.lang.Thread.run(Thread.java:1583)
[info]   Cause: java.lang.IllegalArgumentException: argument type mismatch
[info]   at java.base/jdk.internal.reflect.DirectConstructorHandleAccessor.newInstance(DirectConstructorHandleAccessor.java:65)
[info]   at java.base/java.lang.reflect.Constructor.newInstanceWithCaller(Constructor.java:502)
[info]   at java.base/java.lang.reflect.Constructor.newInstance(Constructor.java:486)
[info]   at frameless.TypedExpressionEncoder$.$anonfun$apply$3(TypedExpressionEncoder.scala:55)
[info]   at scala.Option.map(Option.scala:242)
[info]   at frameless.TypedExpressionEncoder$.apply(TypedExpressionEncoder.scala:54)
[info]   at frameless.TypedDataset$.create(TypedDataset.scala:1325)
[info]   at frameless.functions.AggregateFunctionsTests.prop$10(AggregateFunctionsTests.scala:236)
[info]   at frameless.functions.AggregateFunctionsTests.$anonfun$new$192(AggregateFunctionsTests.scala:244)
[info]   at scala.Function1.$anonfun$andThen$1(Function1.scala:87)
[info]   at org.scalacheck.Prop$.$anonfun$forAllShrink$2(Prop.scala:868)
[info]   at org.scalacheck.Prop$.secure(Prop.scala:484)
[info]   at org.scalacheck.Prop$.result$1(Prop.scala:868)
[info]   at org.scalacheck.Prop$.$anonfun$forAllShrink$1(Prop.scala:915)
[info]   at org.scalacheck.Prop$.$anonfun$apply$1(Prop.scala:305)
[info]   at org.scalacheck.PropFromFun.apply(Prop.scala:20)
[info]   at org.scalacheck.Test$.workerFun$1(Test.scala:486)
[info]   at org.scalacheck.Test$.$anonfun$check$4(Test.scala:518)
[info]   at org.scalacheck.Test$.$anonfun$check$4$adapted(Test.scala:518)
[info]   at org.scalacheck.Platform$.runWorkers(Platform.scala:42)
[info]   at org.scalacheck.Test$.check(Test.scala:518)
[info]   at org.scalatestplus.scalacheck.UnitCheckerAsserting$CheckerAssertingImpl.check(CheckerAsserting.scala:90)
[info]   at org.scalatestplus.scalacheck.Checkers.check(Checkers.scala:371)
[info]   at org.scalatestplus.scalacheck.Checkers.check$(Checkers.scala:369)
[info]   at frameless.TypedDatasetSuite.check(TypedDatasetSuite.scala:63)
[info]   at frameless.functions.AggregateFunctionsTests.$anonfun$new$181(AggregateFunctionsTests.scala:244)
[info]   at org.scalatest.OutcomeOf.outcomeOf(OutcomeOf.scala:85)
[info]   at org.scalatest.OutcomeOf.outcomeOf$(OutcomeOf.scala:83)
[info]   at org.scalatest.OutcomeOf$.outcomeOf(OutcomeOf.scala:104)
[info]   at org.scalatest.Transformer.apply(Transformer.scala:22)
[info]   at org.scalatest.Transformer.apply(Transformer.scala:20)
[info]   at org.scalatest.funsuite.AnyFunSuiteLike$$anon$1.apply(AnyFunSuiteLike.scala:226)
[info]   at org.scalatest.TestSuite.withFixture(TestSuite.scala:196)
[info]   at org.scalatest.TestSuite.withFixture$(TestSuite.scala:195)
[info]   at org.scalatest.funsuite.AnyFunSuite.withFixture(AnyFunSuite.scala:1564)
[info]   at org.scalatest.funsuite.AnyFunSuiteLike.invokeWithFixture$1(AnyFunSuiteLike.scala:224)
[info]   at org.scalatest.funsuite.AnyFunSuiteLike.$anonfun$runTest$1(AnyFunSuiteLike.scala:236)
[info]   at org.scalatest.SuperEngine.runTestImpl(Engine.scala:306)
[info]   at org.scalatest.funsuite.AnyFunSuiteLike.runTest(AnyFunSuiteLike.scala:236)
[info]   at org.scalatest.funsuite.AnyFunSuiteLike.runTest$(AnyFunSuiteLike.scala:218)
[info]   at org.scalatest.funsuite.AnyFunSuite.runTest(AnyFunSuite.scala:1564)
[info]   at org.scalatest.funsuite.AnyFunSuiteLike.$anonfun$runTests$1(AnyFunSuiteLike.scala:269)
[info]   at org.scalatest.SuperEngine.$anonfun$runTestsInBranch$1(Engine.scala:413)
[info]   at scala.collection.immutable.List.foreach(List.scala:334)
[info]   at org.scalatest.SuperEngine.traverseSubNodes$1(Engine.scala:401)
[info]   at org.scalatest.SuperEngine.runTestsInBranch(Engine.scala:396)
[info]   at org.scalatest.SuperEngine.runTestsImpl(Engine.scala:475)
[info]   at org.scalatest.funsuite.AnyFunSuiteLike.runTests(AnyFunSuiteLike.scala:269)
[info]   at org.scalatest.funsuite.AnyFunSuiteLike.runTests$(AnyFunSuiteLike.scala:268)
[info]   at org.scalatest.funsuite.AnyFunSuite.runTests(AnyFunSuite.scala:1564)
[info]   at org.scalatest.Suite.run(Suite.scala:1114)
[info]   at org.scalatest.Suite.run$(Suite.scala:1096)
[info]   at org.scalatest.funsuite.AnyFunSuite.org$scalatest$funsuite$AnyFunSuiteLike$$super$run(AnyFunSuite.scala:1564)
[info]   at org.scalatest.funsuite.AnyFunSuiteLike.$anonfun$run$1(AnyFunSuiteLike.scala:273)
[info]   at org.scalatest.SuperEngine.runImpl(Engine.scala:535)
[info]   at org.scalatest.funsuite.AnyFunSuiteLike.run(AnyFunSuiteLike.scala:273)
[info]   at org.scalatest.funsuite.AnyFunSuiteLike.run$(AnyFunSuiteLike.scala:272)
[info]   at frameless.TypedDatasetSuite.org$scalatest$BeforeAndAfterAll$$super$run(TypedDatasetSuite.scala:63)
[info]   at org.scalatest.BeforeAndAfterAll.liftedTree1$1(BeforeAndAfterAll.scala:213)
[info]   at org.scalatest.BeforeAndAfterAll.run(BeforeAndAfterAll.scala:210)
[info]   at org.scalatest.BeforeAndAfterAll.run$(BeforeAndAfterAll.scala:208)
[info]   at frameless.TypedDatasetSuite.run(TypedDatasetSuite.scala:63)
[info]   at org.scalatest.tools.Framework.org$scalatest$tools$Framework$$runSuite(Framework.scala:321)
[info]   at org.scalatest.tools.Framework$ScalaTestTask.execute(Framework.scala:517)
[info]   at sbt.ForkMain$Run.lambda$runTest$1(ForkMain.java:414)
[info]   at java.base/java.util.concurrent.FutureTask.run(FutureTask.java:317)
[info]   at java.base/java.util.concurrent.ThreadPoolExecutor.runWorker(ThreadPoolExecutor.java:1144)
[info]   at java.base/java.util.concurrent.ThreadPoolExecutor$Worker.run(ThreadPoolExecutor.java:642)
[info]   at java.base/java.lang.Thread.run(Thread.java:1583)
[info]   Cause: java.lang.ClassCastException: Cannot cast scala.reflect.ClassTag$GenericClassTag to org.apache.spark.sql.catalyst.expressions.Expression
[info]   at java.base/java.lang.Class.cast(Class.java:4067)
[info]   at java.base/jdk.internal.reflect.DirectConstructorHandleAccessor.newInstance(DirectConstructorHandleAccessor.java:62)
[info]   at java.base/java.lang.reflect.Constructor.newInstanceWithCaller(Constructor.java:502)
[info]   at java.base/java.lang.reflect.Constructor.newInstance(Constructor.java:486)
[info]   at frameless.TypedExpressionEncoder$.$anonfun$apply$3(TypedExpressionEncoder.scala:55)
[info]   at scala.Option.map(Option.scala:242)
[info]   at frameless.TypedExpressionEncoder$.apply(TypedExpressionEncoder.scala:54)
[info]   at frameless.TypedDataset$.create(TypedDataset.scala:1325)
[info]   at frameless.functions.AggregateFunctionsTests.prop$10(AggregateFunctionsTests.scala:236)
[info]   at frameless.functions.AggregateFunctionsTests.$anonfun$new$192(AggregateFunctionsTests.scala:244)
[info]   at scala.Function1.$anonfun$andThen$1(Function1.scala:87)
[info]   at org.scalacheck.Prop$.$anonfun$forAllShrink$2(Prop.scala:868)
[info]   at org.scalacheck.Prop$.secure(Prop.scala:484)
[info]   at org.scalacheck.Prop$.result$1(Prop.scala:868)
[info]   at org.scalacheck.Prop$.$anonfun$forAllShrink$1(Prop.scala:915)
[info]   at org.scalacheck.Prop$.$anonfun$apply$1(Prop.scala:305)
[info]   at org.scalacheck.PropFromFun.apply(Prop.scala:20)
[info]   at org.scalacheck.Test$.workerFun$1(Test.scala:486)
[info]   at org.scalacheck.Test$.$anonfun$check$4(Test.scala:518)
[info]   at org.scalacheck.Test$.$anonfun$check$4$adapted(Test.scala:518)
[info]   at org.scalacheck.Platform$.runWorkers(Platform.scala:42)
[info]   at org.scalacheck.Test$.check(Test.scala:518)
[info]   at org.scalatestplus.scalacheck.UnitCheckerAsserting$CheckerAssertingImpl.check(CheckerAsserting.scala:90)
[info]   at org.scalatestplus.scalacheck.Checkers.check(Checkers.scala:371)
[info]   at org.scalatestplus.scalacheck.Checkers.check$(Checkers.scala:369)
[info]   at frameless.TypedDatasetSuite.check(TypedDatasetSuite.scala:63)
[info]   at frameless.functions.AggregateFunctionsTests.$anonfun$new$181(AggregateFunctionsTests.scala:244)
[info]   at org.scalatest.OutcomeOf.outcomeOf(OutcomeOf.scala:85)
[info]   at org.scalatest.OutcomeOf.outcomeOf$(OutcomeOf.scala:83)
[info]   at org.scalatest.OutcomeOf$.outcomeOf(OutcomeOf.scala:104)
[info]   at org.scalatest.Transformer.apply(Transformer.scala:22)
[info]   at org.scalatest.Transformer.apply(Transformer.scala:20)
[info]   at org.scalatest.funsuite.AnyFunSuiteLike$$anon$1.apply(AnyFunSuiteLike.scala:226)
[info]   at org.scalatest.TestSuite.withFixture(TestSuite.scala:196)
[info]   at org.scalatest.TestSuite.withFixture$(TestSuite.scala:195)
[info]   at org.scalatest.funsuite.AnyFunSuite.withFixture(AnyFunSuite.scala:1564)
[info]   at org.scalatest.funsuite.AnyFunSuiteLike.invokeWithFixture$1(AnyFunSuiteLike.scala:224)
[info]   at org.scalatest.funsuite.AnyFunSuiteLike.$anonfun$runTest$1(AnyFunSuiteLike.scala:236)
[info]   at org.scalatest.SuperEngine.runTestImpl(Engine.scala:306)
[info]   at org.scalatest.funsuite.AnyFunSuiteLike.runTest(AnyFunSuiteLike.scala:236)
[info]   at org.scalatest.funsuite.AnyFunSuiteLike.runTest$(AnyFunSuiteLike.scala:218)
[info]   at org.scalatest.funsuite.AnyFunSuite.runTest(AnyFunSuite.scala:1564)
[info]   at org.scalatest.funsuite.AnyFunSuiteLike.$anonfun$runTests$1(AnyFunSuiteLike.scala:269)
[info]   at org.scalatest.SuperEngine.$anonfun$runTestsInBranch$1(Engine.scala:413)
[info]   at scala.collection.immutable.List.foreach(List.scala:334)
[info]   at org.scalatest.SuperEngine.traverseSubNodes$1(Engine.scala:401)
[info]   at org.scalatest.SuperEngine.runTestsInBranch(Engine.scala:396)
[info]   at org.scalatest.SuperEngine.runTestsImpl(Engine.scala:475)
[info]   at org.scalatest.funsuite.AnyFunSuiteLike.runTests(AnyFunSuiteLike.scala:269)
[info]   at org.scalatest.funsuite.AnyFunSuiteLike.runTests$(AnyFunSuiteLike.scala:268)
[info]   at org.scalatest.funsuite.AnyFunSuite.runTests(AnyFunSuite.scala:1564)
[info]   at org.scalatest.Suite.run(Suite.scala:1114)
[info]   at org.scalatest.Suite.run$(Suite.scala:1096)
[info]   at org.scalatest.funsuite.AnyFunSuite.org$scalatest$funsuite$AnyFunSuiteLike$$super$run(AnyFunSuite.scala:1564)
[info]   at org.scalatest.funsuite.AnyFunSuiteLike.$anonfun$run$1(AnyFunSuiteLike.scala:273)
[info]   at org.scalatest.SuperEngine.runImpl(Engine.scala:535)
[info]   at org.scalatest.funsuite.AnyFunSuiteLike.run(AnyFunSuiteLike.scala:273)
[info]   at org.scalatest.funsuite.AnyFunSuiteLike.run$(AnyFunSuiteLike.scala:272)
[info]   at frameless.TypedDatasetSuite.org$scalatest$BeforeAndAfterAll$$super$run(TypedDatasetSuite.scala:63)
[info]   at org.scalatest.BeforeAndAfterAll.liftedTree1$1(BeforeAndAfterAll.scala:213)
[info]   at org.scalatest.BeforeAndAfterAll.run(BeforeAndAfterAll.scala:210)
[info]   at org.scalatest.BeforeAndAfterAll.run$(BeforeAndAfterAll.scala:208)
[info]   at frameless.TypedDatasetSuite.run(TypedDatasetSuite.scala:63)
[info]   at org.scalatest.tools.Framework.org$scalatest$tools$Framework$$runSuite(Framework.scala:321)
[info]   at org.scalatest.tools.Framework$ScalaTestTask.execute(Framework.scala:517)
[info]   at sbt.ForkMain$Run.lambda$runTest$1(ForkMain.java:414)
[info]   at java.base/java.util.concurrent.FutureTask.run(FutureTask.java:317)
[info]   at java.base/java.util.concurrent.ThreadPoolExecutor.runWorker(ThreadPoolExecutor.java:1144)
[info]   at java.base/java.util.concurrent.ThreadPoolExecutor$Worker.run(ThreadPoolExecutor.java:642)
[info]   at java.base/java.lang.Thread.run(Thread.java:1583)
[info] - first *** FAILED *** (14 milliseconds)
[info]   IllegalArgumentException was thrown during property evaluation.
[info]     Message: argument type mismatch
[info]     Occurred when passed generated values (
[info]       arg0 = List()
[info]     )
[info]   org.scalatest.exceptions.GeneratorDrivenPropertyCheckFailedException:
[info]   at org.scalatestplus.scalacheck.CheckerAsserting$$anon$2.indicateFailure(CheckerAsserting.scala:251)
[info]   at org.scalatestplus.scalacheck.CheckerAsserting$$anon$2.indicateFailure(CheckerAsserting.scala:238)
[info]   at org.scalatestplus.scalacheck.UnitCheckerAsserting$CheckerAssertingImpl.check(CheckerAsserting.scala:160)
[info]   at org.scalatestplus.scalacheck.Checkers.check(Checkers.scala:371)
[info]   at org.scalatestplus.scalacheck.Checkers.check$(Checkers.scala:369)
[info]   at frameless.TypedDatasetSuite.check(TypedDatasetSuite.scala:63)
[info]   at frameless.functions.AggregateFunctionsTests.$anonfun$new$204(AggregateFunctionsTests.scala:262)
[info]   at org.scalatest.OutcomeOf.outcomeOf(OutcomeOf.scala:85)
[info]   at org.scalatest.OutcomeOf.outcomeOf$(OutcomeOf.scala:83)
[info]   at org.scalatest.OutcomeOf$.outcomeOf(OutcomeOf.scala:104)
[info]   at org.scalatest.Transformer.apply(Transformer.scala:22)
[info]   at org.scalatest.Transformer.apply(Transformer.scala:20)
[info]   at org.scalatest.funsuite.AnyFunSuiteLike$$anon$1.apply(AnyFunSuiteLike.scala:226)
[info]   at org.scalatest.TestSuite.withFixture(TestSuite.scala:196)
[info]   at org.scalatest.TestSuite.withFixture$(TestSuite.scala:195)
[info]   at org.scalatest.funsuite.AnyFunSuite.withFixture(AnyFunSuite.scala:1564)
[info]   at org.scalatest.funsuite.AnyFunSuiteLike.invokeWithFixture$1(AnyFunSuiteLike.scala:224)
[info]   at org.scalatest.funsuite.AnyFunSuiteLike.$anonfun$runTest$1(AnyFunSuiteLike.scala:236)
[info]   at org.scalatest.SuperEngine.runTestImpl(Engine.scala:306)
[info]   at org.scalatest.funsuite.AnyFunSuiteLike.runTest(AnyFunSuiteLike.scala:236)
[info]   at org.scalatest.funsuite.AnyFunSuiteLike.runTest$(AnyFunSuiteLike.scala:218)
[info]   at org.scalatest.funsuite.AnyFunSuite.runTest(AnyFunSuite.scala:1564)
[info]   at org.scalatest.funsuite.AnyFunSuiteLike.$anonfun$runTests$1(AnyFunSuiteLike.scala:269)
[info]   at org.scalatest.SuperEngine.$anonfun$runTestsInBranch$1(Engine.scala:413)
[info]   at scala.collection.immutable.List.foreach(List.scala:334)
[info]   at org.scalatest.SuperEngine.traverseSubNodes$1(Engine.scala:401)
[info]   at org.scalatest.SuperEngine.runTestsInBranch(Engine.scala:396)
[info]   at org.scalatest.SuperEngine.runTestsImpl(Engine.scala:475)
[info]   at org.scalatest.funsuite.AnyFunSuiteLike.runTests(AnyFunSuiteLike.scala:269)
[info]   at org.scalatest.funsuite.AnyFunSuiteLike.runTests$(AnyFunSuiteLike.scala:268)
[info]   at org.scalatest.funsuite.AnyFunSuite.runTests(AnyFunSuite.scala:1564)
[info]   at org.scalatest.Suite.run(Suite.scala:1114)
[info]   at org.scalatest.Suite.run$(Suite.scala:1096)
[info]   at org.scalatest.funsuite.AnyFunSuite.org$scalatest$funsuite$AnyFunSuiteLike$$super$run(AnyFunSuite.scala:1564)
[info]   at org.scalatest.funsuite.AnyFunSuiteLike.$anonfun$run$1(AnyFunSuiteLike.scala:273)
[info]   at org.scalatest.SuperEngine.runImpl(Engine.scala:535)
[info]   at org.scalatest.funsuite.AnyFunSuiteLike.run(AnyFunSuiteLike.scala:273)
[info]   at org.scalatest.funsuite.AnyFunSuiteLike.run$(AnyFunSuiteLike.scala:272)
[info]   at frameless.TypedDatasetSuite.org$scalatest$BeforeAndAfterAll$$super$run(TypedDatasetSuite.scala:63)
[info]   at org.scalatest.BeforeAndAfterAll.liftedTree1$1(BeforeAndAfterAll.scala:213)
[info]   at org.scalatest.BeforeAndAfterAll.run(BeforeAndAfterAll.scala:210)
[info]   at org.scalatest.BeforeAndAfterAll.run$(BeforeAndAfterAll.scala:208)
[info]   at frameless.TypedDatasetSuite.run(TypedDatasetSuite.scala:63)
[info]   at org.scalatest.tools.Framework.org$scalatest$tools$Framework$$runSuite(Framework.scala:321)
[info]   at org.scalatest.tools.Framework$ScalaTestTask.execute(Framework.scala:517)
[info]   at sbt.ForkMain$Run.lambda$runTest$1(ForkMain.java:414)
[info]   at java.base/java.util.concurrent.FutureTask.run(FutureTask.java:317)
[info]   at java.base/java.util.concurrent.ThreadPoolExecutor.runWorker(ThreadPoolExecutor.java:1144)
[info]   at java.base/java.util.concurrent.ThreadPoolExecutor$Worker.run(ThreadPoolExecutor.java:642)
[info]   at java.base/java.lang.Thread.run(Thread.java:1583)
[info]   Cause: java.lang.IllegalArgumentException: argument type mismatch
[info]   at java.base/jdk.internal.reflect.DirectConstructorHandleAccessor.newInstance(DirectConstructorHandleAccessor.java:65)
[info]   at java.base/java.lang.reflect.Constructor.newInstanceWithCaller(Constructor.java:502)
[info]   at java.base/java.lang.reflect.Constructor.newInstance(Constructor.java:486)
[info]   at frameless.TypedExpressionEncoder$.$anonfun$apply$3(TypedExpressionEncoder.scala:55)
[info]   at scala.Option.map(Option.scala:242)
[info]   at frameless.TypedExpressionEncoder$.apply(TypedExpressionEncoder.scala:54)
[info]   at frameless.TypedDataset$.create(TypedDataset.scala:1325)
[info]   at frameless.functions.AggregateFunctionsTests.prop$11(AggregateFunctionsTests.scala:254)
[info]   at frameless.functions.AggregateFunctionsTests.$anonfun$new$214(AggregateFunctionsTests.scala:262)
[info]   at scala.Function1.$anonfun$andThen$1(Function1.scala:87)
[info]   at org.scalacheck.Prop$.$anonfun$forAllShrink$2(Prop.scala:868)
[info]   at org.scalacheck.Prop$.secure(Prop.scala:484)
[info]   at org.scalacheck.Prop$.result$1(Prop.scala:868)
[info]   at org.scalacheck.Prop$.$anonfun$forAllShrink$1(Prop.scala:915)
[info]   at org.scalacheck.Prop$.$anonfun$apply$1(Prop.scala:305)
[info]   at org.scalacheck.PropFromFun.apply(Prop.scala:20)
[info]   at org.scalacheck.Test$.workerFun$1(Test.scala:486)
[info]   at org.scalacheck.Test$.$anonfun$check$4(Test.scala:518)
[info]   at org.scalacheck.Test$.$anonfun$check$4$adapted(Test.scala:518)
[info]   at org.scalacheck.Platform$.runWorkers(Platform.scala:42)
[info]   at org.scalacheck.Test$.check(Test.scala:518)
[info]   at org.scalatestplus.scalacheck.UnitCheckerAsserting$CheckerAssertingImpl.check(CheckerAsserting.scala:90)
[info]   at org.scalatestplus.scalacheck.Checkers.check(Checkers.scala:371)
[info]   at org.scalatestplus.scalacheck.Checkers.check$(Checkers.scala:369)
[info]   at frameless.TypedDatasetSuite.check(TypedDatasetSuite.scala:63)
[info]   at frameless.functions.AggregateFunctionsTests.$anonfun$new$204(AggregateFunctionsTests.scala:262)
[info]   at org.scalatest.OutcomeOf.outcomeOf(OutcomeOf.scala:85)
[info]   at org.scalatest.OutcomeOf.outcomeOf$(OutcomeOf.scala:83)
[info]   at org.scalatest.OutcomeOf$.outcomeOf(OutcomeOf.scala:104)
[info]   at org.scalatest.Transformer.apply(Transformer.scala:22)
[info]   at org.scalatest.Transformer.apply(Transformer.scala:20)
[info]   at org.scalatest.funsuite.AnyFunSuiteLike$$anon$1.apply(AnyFunSuiteLike.scala:226)
[info]   at org.scalatest.TestSuite.withFixture(TestSuite.scala:196)
[info]   at org.scalatest.TestSuite.withFixture$(TestSuite.scala:195)
[info]   at org.scalatest.funsuite.AnyFunSuite.withFixture(AnyFunSuite.scala:1564)
[info]   at org.scalatest.funsuite.AnyFunSuiteLike.invokeWithFixture$1(AnyFunSuiteLike.scala:224)
[info]   at org.scalatest.funsuite.AnyFunSuiteLike.$anonfun$runTest$1(AnyFunSuiteLike.scala:236)
[info]   at org.scalatest.SuperEngine.runTestImpl(Engine.scala:306)
[info]   at org.scalatest.funsuite.AnyFunSuiteLike.runTest(AnyFunSuiteLike.scala:236)
[info]   at org.scalatest.funsuite.AnyFunSuiteLike.runTest$(AnyFunSuiteLike.scala:218)
[info]   at org.scalatest.funsuite.AnyFunSuite.runTest(AnyFunSuite.scala:1564)
[info]   at org.scalatest.funsuite.AnyFunSuiteLike.$anonfun$runTests$1(AnyFunSuiteLike.scala:269)
[info]   at org.scalatest.SuperEngine.$anonfun$runTestsInBranch$1(Engine.scala:413)
[info]   at scala.collection.immutable.List.foreach(List.scala:334)
[info]   at org.scalatest.SuperEngine.traverseSubNodes$1(Engine.scala:401)
[info]   at org.scalatest.SuperEngine.runTestsInBranch(Engine.scala:396)
[info]   at org.scalatest.SuperEngine.runTestsImpl(Engine.scala:475)
[info]   at org.scalatest.funsuite.AnyFunSuiteLike.runTests(AnyFunSuiteLike.scala:269)
[info]   at org.scalatest.funsuite.AnyFunSuiteLike.runTests$(AnyFunSuiteLike.scala:268)
[info]   at org.scalatest.funsuite.AnyFunSuite.runTests(AnyFunSuite.scala:1564)
[info]   at org.scalatest.Suite.run(Suite.scala:1114)
[info]   at org.scalatest.Suite.run$(Suite.scala:1096)
[info]   at org.scalatest.funsuite.AnyFunSuite.org$scalatest$funsuite$AnyFunSuiteLike$$super$run(AnyFunSuite.scala:1564)
[info]   at org.scalatest.funsuite.AnyFunSuiteLike.$anonfun$run$1(AnyFunSuiteLike.scala:273)
[info]   at org.scalatest.SuperEngine.runImpl(Engine.scala:535)
[info]   at org.scalatest.funsuite.AnyFunSuiteLike.run(AnyFunSuiteLike.scala:273)
[info]   at org.scalatest.funsuite.AnyFunSuiteLike.run$(AnyFunSuiteLike.scala:272)
[info]   at frameless.TypedDatasetSuite.org$scalatest$BeforeAndAfterAll$$super$run(TypedDatasetSuite.scala:63)
[info]   at org.scalatest.BeforeAndAfterAll.liftedTree1$1(BeforeAndAfterAll.scala:213)
[info]   at org.scalatest.BeforeAndAfterAll.run(BeforeAndAfterAll.scala:210)
[info]   at org.scalatest.BeforeAndAfterAll.run$(BeforeAndAfterAll.scala:208)
[info]   at frameless.TypedDatasetSuite.run(TypedDatasetSuite.scala:63)
[info]   at org.scalatest.tools.Framework.org$scalatest$tools$Framework$$runSuite(Framework.scala:321)
[info]   at org.scalatest.tools.Framework$ScalaTestTask.execute(Framework.scala:517)
[info]   at sbt.ForkMain$Run.lambda$runTest$1(ForkMain.java:414)
[info]   at java.base/java.util.concurrent.FutureTask.run(FutureTask.java:317)
[info]   at java.base/java.util.concurrent.ThreadPoolExecutor.runWorker(ThreadPoolExecutor.java:1144)
[info]   at java.base/java.util.concurrent.ThreadPoolExecutor$Worker.run(ThreadPoolExecutor.java:642)
[info]   at java.base/java.lang.Thread.run(Thread.java:1583)
[info]   Cause: java.lang.ClassCastException: Cannot cast scala.reflect.ClassTag$GenericClassTag to org.apache.spark.sql.catalyst.expressions.Expression
[info]   at java.base/java.lang.Class.cast(Class.java:4067)
[info]   at java.base/jdk.internal.reflect.DirectConstructorHandleAccessor.newInstance(DirectConstructorHandleAccessor.java:62)
[info]   at java.base/java.lang.reflect.Constructor.newInstanceWithCaller(Constructor.java:502)
[info]   at java.base/java.lang.reflect.Constructor.newInstance(Constructor.java:486)
[info]   at frameless.TypedExpressionEncoder$.$anonfun$apply$3(TypedExpressionEncoder.scala:55)
[info]   at scala.Option.map(Option.scala:242)
[info]   at frameless.TypedExpressionEncoder$.apply(TypedExpressionEncoder.scala:54)
[info]   at frameless.TypedDataset$.create(TypedDataset.scala:1325)
[info]   at frameless.functions.AggregateFunctionsTests.prop$11(AggregateFunctionsTests.scala:254)
[info]   at frameless.functions.AggregateFunctionsTests.$anonfun$new$214(AggregateFunctionsTests.scala:262)
[info]   at scala.Function1.$anonfun$andThen$1(Function1.scala:87)
[info]   at org.scalacheck.Prop$.$anonfun$forAllShrink$2(Prop.scala:868)
[info]   at org.scalacheck.Prop$.secure(Prop.scala:484)
[info]   at org.scalacheck.Prop$.result$1(Prop.scala:868)
[info]   at org.scalacheck.Prop$.$anonfun$forAllShrink$1(Prop.scala:915)
[info]   at org.scalacheck.Prop$.$anonfun$apply$1(Prop.scala:305)
[info]   at org.scalacheck.PropFromFun.apply(Prop.scala:20)
[info]   at org.scalacheck.Test$.workerFun$1(Test.scala:486)
[info]   at org.scalacheck.Test$.$anonfun$check$4(Test.scala:518)
[info]   at org.scalacheck.Test$.$anonfun$check$4$adapted(Test.scala:518)
[info]   at org.scalacheck.Platform$.runWorkers(Platform.scala:42)
[info]   at org.scalacheck.Test$.check(Test.scala:518)
[info]   at org.scalatestplus.scalacheck.UnitCheckerAsserting$CheckerAssertingImpl.check(CheckerAsserting.scala:90)
[info]   at org.scalatestplus.scalacheck.Checkers.check(Checkers.scala:371)
[info]   at org.scalatestplus.scalacheck.Checkers.check$(Checkers.scala:369)
[info]   at frameless.TypedDatasetSuite.check(TypedDatasetSuite.scala:63)
[info]   at frameless.functions.AggregateFunctionsTests.$anonfun$new$204(AggregateFunctionsTests.scala:262)
[info]   at org.scalatest.OutcomeOf.outcomeOf(OutcomeOf.scala:85)
[info]   at org.scalatest.OutcomeOf.outcomeOf$(OutcomeOf.scala:83)
[info]   at org.scalatest.OutcomeOf$.outcomeOf(OutcomeOf.scala:104)
[info]   at org.scalatest.Transformer.apply(Transformer.scala:22)
[info]   at org.scalatest.Transformer.apply(Transformer.scala:20)
[info]   at org.scalatest.funsuite.AnyFunSuiteLike$$anon$1.apply(AnyFunSuiteLike.scala:226)
[info]   at org.scalatest.TestSuite.withFixture(TestSuite.scala:196)
[info]   at org.scalatest.TestSuite.withFixture$(TestSuite.scala:195)
[info]   at org.scalatest.funsuite.AnyFunSuite.withFixture(AnyFunSuite.scala:1564)
[info]   at org.scalatest.funsuite.AnyFunSuiteLike.invokeWithFixture$1(AnyFunSuiteLike.scala:224)
[info]   at org.scalatest.funsuite.AnyFunSuiteLike.$anonfun$runTest$1(AnyFunSuiteLike.scala:236)
[info]   at org.scalatest.SuperEngine.runTestImpl(Engine.scala:306)
[info]   at org.scalatest.funsuite.AnyFunSuiteLike.runTest(AnyFunSuiteLike.scala:236)
[info]   at org.scalatest.funsuite.AnyFunSuiteLike.runTest$(AnyFunSuiteLike.scala:218)
[info]   at org.scalatest.funsuite.AnyFunSuite.runTest(AnyFunSuite.scala:1564)
[info]   at org.scalatest.funsuite.AnyFunSuiteLike.$anonfun$runTests$1(AnyFunSuiteLike.scala:269)
[info]   at org.scalatest.SuperEngine.$anonfun$runTestsInBranch$1(Engine.scala:413)
[info]   at scala.collection.immutable.List.foreach(List.scala:334)
[info]   at org.scalatest.SuperEngine.traverseSubNodes$1(Engine.scala:401)
[info]   at org.scalatest.SuperEngine.runTestsInBranch(Engine.scala:396)
[info]   at org.scalatest.SuperEngine.runTestsImpl(Engine.scala:475)
[info]   at org.scalatest.funsuite.AnyFunSuiteLike.runTests(AnyFunSuiteLike.scala:269)
[info]   at org.scalatest.funsuite.AnyFunSuiteLike.runTests$(AnyFunSuiteLike.scala:268)
[info]   at org.scalatest.funsuite.AnyFunSuite.runTests(AnyFunSuite.scala:1564)
[info]   at org.scalatest.Suite.run(Suite.scala:1114)
[info]   at org.scalatest.Suite.run$(Suite.scala:1096)
[info]   at org.scalatest.funsuite.AnyFunSuite.org$scalatest$funsuite$AnyFunSuiteLike$$super$run(AnyFunSuite.scala:1564)
[info]   at org.scalatest.funsuite.AnyFunSuiteLike.$anonfun$run$1(AnyFunSuiteLike.scala:273)
[info]   at org.scalatest.SuperEngine.runImpl(Engine.scala:535)
[info]   at org.scalatest.funsuite.AnyFunSuiteLike.run(AnyFunSuiteLike.scala:273)
[info]   at org.scalatest.funsuite.AnyFunSuiteLike.run$(AnyFunSuiteLike.scala:272)
[info]   at frameless.TypedDatasetSuite.org$scalatest$BeforeAndAfterAll$$super$run(TypedDatasetSuite.scala:63)
[info]   at org.scalatest.BeforeAndAfterAll.liftedTree1$1(BeforeAndAfterAll.scala:213)
[info]   at org.scalatest.BeforeAndAfterAll.run(BeforeAndAfterAll.scala:210)
[info]   at org.scalatest.BeforeAndAfterAll.run$(BeforeAndAfterAll.scala:208)
[info]   at frameless.TypedDatasetSuite.run(TypedDatasetSuite.scala:63)
[info]   at org.scalatest.tools.Framework.org$scalatest$tools$Framework$$runSuite(Framework.scala:321)
[info]   at org.scalatest.tools.Framework$ScalaTestTask.execute(Framework.scala:517)
[info]   at sbt.ForkMain$Run.lambda$runTest$1(ForkMain.java:414)
[info]   at java.base/java.util.concurrent.FutureTask.run(FutureTask.java:317)
[info]   at java.base/java.util.concurrent.ThreadPoolExecutor.runWorker(ThreadPoolExecutor.java:1144)
[info]   at java.base/java.util.concurrent.ThreadPoolExecutor$Worker.run(ThreadPoolExecutor.java:642)
[info]   at java.base/java.lang.Thread.run(Thread.java:1583)
[info] - last *** FAILED *** (12 milliseconds)
[info]   IllegalArgumentException was thrown during property evaluation.
[info]     Message: argument type mismatch
[info]     Occurred when passed generated values (
[info]       arg0 = List()
[info]     )
[info]   org.scalatest.exceptions.GeneratorDrivenPropertyCheckFailedException:
[info]   at org.scalatestplus.scalacheck.CheckerAsserting$$anon$2.indicateFailure(CheckerAsserting.scala:251)
[info]   at org.scalatestplus.scalacheck.CheckerAsserting$$anon$2.indicateFailure(CheckerAsserting.scala:238)
[info]   at org.scalatestplus.scalacheck.UnitCheckerAsserting$CheckerAssertingImpl.check(CheckerAsserting.scala:160)
[info]   at org.scalatestplus.scalacheck.Checkers.check(Checkers.scala:371)
[info]   at org.scalatestplus.scalacheck.Checkers.check$(Checkers.scala:369)
[info]   at frameless.TypedDatasetSuite.check(TypedDatasetSuite.scala:63)
[info]   at frameless.functions.AggregateFunctionsTests.$anonfun$new$228(AggregateFunctionsTests.scala:281)
[info]   at org.scalatest.OutcomeOf.outcomeOf(OutcomeOf.scala:85)
[info]   at org.scalatest.OutcomeOf.outcomeOf$(OutcomeOf.scala:83)
[info]   at org.scalatest.OutcomeOf$.outcomeOf(OutcomeOf.scala:104)
[info]   at org.scalatest.Transformer.apply(Transformer.scala:22)
[info]   at org.scalatest.Transformer.apply(Transformer.scala:20)
[info]   at org.scalatest.funsuite.AnyFunSuiteLike$$anon$1.apply(AnyFunSuiteLike.scala:226)
[info]   at org.scalatest.TestSuite.withFixture(TestSuite.scala:196)
[info]   at org.scalatest.TestSuite.withFixture$(TestSuite.scala:195)
[info]   at org.scalatest.funsuite.AnyFunSuite.withFixture(AnyFunSuite.scala:1564)
[info]   at org.scalatest.funsuite.AnyFunSuiteLike.invokeWithFixture$1(AnyFunSuiteLike.scala:224)
[info]   at org.scalatest.funsuite.AnyFunSuiteLike.$anonfun$runTest$1(AnyFunSuiteLike.scala:236)
[info]   at org.scalatest.SuperEngine.runTestImpl(Engine.scala:306)
[info]   at org.scalatest.funsuite.AnyFunSuiteLike.runTest(AnyFunSuiteLike.scala:236)
[info]   at org.scalatest.funsuite.AnyFunSuiteLike.runTest$(AnyFunSuiteLike.scala:218)
[info]   at org.scalatest.funsuite.AnyFunSuite.runTest(AnyFunSuite.scala:1564)
[info]   at org.scalatest.funsuite.AnyFunSuiteLike.$anonfun$runTests$1(AnyFunSuiteLike.scala:269)
[info]   at org.scalatest.SuperEngine.$anonfun$runTestsInBranch$1(Engine.scala:413)
[info]   at scala.collection.immutable.List.foreach(List.scala:334)
[info]   at org.scalatest.SuperEngine.traverseSubNodes$1(Engine.scala:401)
[info]   at org.scalatest.SuperEngine.runTestsInBranch(Engine.scala:396)
[info]   at org.scalatest.SuperEngine.runTestsImpl(Engine.scala:475)
[info]   at org.scalatest.funsuite.AnyFunSuiteLike.runTests(AnyFunSuiteLike.scala:269)
[info]   at org.scalatest.funsuite.AnyFunSuiteLike.runTests$(AnyFunSuiteLike.scala:268)
[info]   at org.scalatest.funsuite.AnyFunSuite.runTests(AnyFunSuite.scala:1564)
[info]   at org.scalatest.Suite.run(Suite.scala:1114)
[info]   at org.scalatest.Suite.run$(Suite.scala:1096)
[info]   at org.scalatest.funsuite.AnyFunSuite.org$scalatest$funsuite$AnyFunSuiteLike$$super$run(AnyFunSuite.scala:1564)
[info]   at org.scalatest.funsuite.AnyFunSuiteLike.$anonfun$run$1(AnyFunSuiteLike.scala:273)
[info]   at org.scalatest.SuperEngine.runImpl(Engine.scala:535)
[info]   at org.scalatest.funsuite.AnyFunSuiteLike.run(AnyFunSuiteLike.scala:273)
[info]   at org.scalatest.funsuite.AnyFunSuiteLike.run$(AnyFunSuiteLike.scala:272)
[info]   at frameless.TypedDatasetSuite.org$scalatest$BeforeAndAfterAll$$super$run(TypedDatasetSuite.scala:63)
[info]   at org.scalatest.BeforeAndAfterAll.liftedTree1$1(BeforeAndAfterAll.scala:213)
[info]   at org.scalatest.BeforeAndAfterAll.run(BeforeAndAfterAll.scala:210)
[info]   at org.scalatest.BeforeAndAfterAll.run$(BeforeAndAfterAll.scala:208)
[info]   at frameless.TypedDatasetSuite.run(TypedDatasetSuite.scala:63)
[info]   at org.scalatest.tools.Framework.org$scalatest$tools$Framework$$runSuite(Framework.scala:321)
[info]   at org.scalatest.tools.Framework$ScalaTestTask.execute(Framework.scala:517)
[info]   at sbt.ForkMain$Run.lambda$runTest$1(ForkMain.java:414)
[info]   at java.base/java.util.concurrent.FutureTask.run(FutureTask.java:317)
[info]   at java.base/java.util.concurrent.ThreadPoolExecutor.runWorker(ThreadPoolExecutor.java:1144)
[info]   at java.base/java.util.concurrent.ThreadPoolExecutor$Worker.run(ThreadPoolExecutor.java:642)
[info]   at java.base/java.lang.Thread.run(Thread.java:1583)
[info]   Cause: java.lang.IllegalArgumentException: argument type mismatch
[info]   at java.base/jdk.internal.reflect.DirectConstructorHandleAccessor.newInstance(DirectConstructorHandleAccessor.java:65)
[info]   at java.base/java.lang.reflect.Constructor.newInstanceWithCaller(Constructor.java:502)
[info]   at java.base/java.lang.reflect.Constructor.newInstance(Constructor.java:486)
[info]   at frameless.TypedExpressionEncoder$.$anonfun$apply$3(TypedExpressionEncoder.scala:55)
[info]   at scala.Option.map(Option.scala:242)
[info]   at frameless.TypedExpressionEncoder$.apply(TypedExpressionEncoder.scala:54)
[info]   at frameless.TypedDataset$.create(TypedDataset.scala:1325)
[info]   at frameless.functions.AggregateFunctionsTests.prop$12(AggregateFunctionsTests.scala:273)
[info]   at frameless.functions.AggregateFunctionsTests.$anonfun$new$238(AggregateFunctionsTests.scala:281)
[info]   at scala.Function1.$anonfun$andThen$1(Function1.scala:87)
[info]   at org.scalacheck.Prop$.$anonfun$forAllShrink$2(Prop.scala:868)
[info]   at org.scalacheck.Prop$.secure(Prop.scala:484)
[info]   at org.scalacheck.Prop$.result$1(Prop.scala:868)
[info]   at org.scalacheck.Prop$.$anonfun$forAllShrink$1(Prop.scala:915)
[info]   at org.scalacheck.Prop$.$anonfun$apply$1(Prop.scala:305)
[info]   at org.scalacheck.PropFromFun.apply(Prop.scala:20)
[info]   at org.scalacheck.Test$.workerFun$1(Test.scala:486)
[info]   at org.scalacheck.Test$.$anonfun$check$4(Test.scala:518)
[info]   at org.scalacheck.Test$.$anonfun$check$4$adapted(Test.scala:518)
[info]   at org.scalacheck.Platform$.runWorkers(Platform.scala:42)
[info]   at org.scalacheck.Test$.check(Test.scala:518)
[info]   at org.scalatestplus.scalacheck.UnitCheckerAsserting$CheckerAssertingImpl.check(CheckerAsserting.scala:90)
[info]   at org.scalatestplus.scalacheck.Checkers.check(Checkers.scala:371)
[info]   at org.scalatestplus.scalacheck.Checkers.check$(Checkers.scala:369)
[info]   at frameless.TypedDatasetSuite.check(TypedDatasetSuite.scala:63)
[info]   at frameless.functions.AggregateFunctionsTests.$anonfun$new$228(AggregateFunctionsTests.scala:281)
[info]   at org.scalatest.OutcomeOf.outcomeOf(OutcomeOf.scala:85)
[info]   at org.scalatest.OutcomeOf.outcomeOf$(OutcomeOf.scala:83)
[info]   at org.scalatest.OutcomeOf$.outcomeOf(OutcomeOf.scala:104)
[info]   at org.scalatest.Transformer.apply(Transformer.scala:22)
[info]   at org.scalatest.Transformer.apply(Transformer.scala:20)
[info]   at org.scalatest.funsuite.AnyFunSuiteLike$$anon$1.apply(AnyFunSuiteLike.scala:226)
[info]   at org.scalatest.TestSuite.withFixture(TestSuite.scala:196)
[info]   at org.scalatest.TestSuite.withFixture$(TestSuite.scala:195)
[info]   at org.scalatest.funsuite.AnyFunSuite.withFixture(AnyFunSuite.scala:1564)
[info]   at org.scalatest.funsuite.AnyFunSuiteLike.invokeWithFixture$1(AnyFunSuiteLike.scala:224)
[info]   at org.scalatest.funsuite.AnyFunSuiteLike.$anonfun$runTest$1(AnyFunSuiteLike.scala:236)
[info]   at org.scalatest.SuperEngine.runTestImpl(Engine.scala:306)
[info]   at org.scalatest.funsuite.AnyFunSuiteLike.runTest(AnyFunSuiteLike.scala:236)
[info]   at org.scalatest.funsuite.AnyFunSuiteLike.runTest$(AnyFunSuiteLike.scala:218)
[info]   at org.scalatest.funsuite.AnyFunSuite.runTest(AnyFunSuite.scala:1564)
[info]   at org.scalatest.funsuite.AnyFunSuiteLike.$anonfun$runTests$1(AnyFunSuiteLike.scala:269)
[info]   at org.scalatest.SuperEngine.$anonfun$runTestsInBranch$1(Engine.scala:413)
[info]   at scala.collection.immutable.List.foreach(List.scala:334)
[info]   at org.scalatest.SuperEngine.traverseSubNodes$1(Engine.scala:401)
[info]   at org.scalatest.SuperEngine.runTestsInBranch(Engine.scala:396)
[info]   at org.scalatest.SuperEngine.runTestsImpl(Engine.scala:475)
[info]   at org.scalatest.funsuite.AnyFunSuiteLike.runTests(AnyFunSuiteLike.scala:269)
[info]   at org.scalatest.funsuite.AnyFunSuiteLike.runTests$(AnyFunSuiteLike.scala:268)
[info]   at org.scalatest.funsuite.AnyFunSuite.runTests(AnyFunSuite.scala:1564)
[info]   at org.scalatest.Suite.run(Suite.scala:1114)
[info]   at org.scalatest.Suite.run$(Suite.scala:1096)
[info]   at org.scalatest.funsuite.AnyFunSuite.org$scalatest$funsuite$AnyFunSuiteLike$$super$run(AnyFunSuite.scala:1564)
[info]   at org.scalatest.funsuite.AnyFunSuiteLike.$anonfun$run$1(AnyFunSuiteLike.scala:273)
[info]   at org.scalatest.SuperEngine.runImpl(Engine.scala:535)
[info]   at org.scalatest.funsuite.AnyFunSuiteLike.run(AnyFunSuiteLike.scala:273)
[info]   at org.scalatest.funsuite.AnyFunSuiteLike.run$(AnyFunSuiteLike.scala:272)
[info]   at frameless.TypedDatasetSuite.org$scalatest$BeforeAndAfterAll$$super$run(TypedDatasetSuite.scala:63)
[info]   at org.scalatest.BeforeAndAfterAll.liftedTree1$1(BeforeAndAfterAll.scala:213)
[info]   at org.scalatest.BeforeAndAfterAll.run(BeforeAndAfterAll.scala:210)
[info]   at org.scalatest.BeforeAndAfterAll.run$(BeforeAndAfterAll.scala:208)
[info]   at frameless.TypedDatasetSuite.run(TypedDatasetSuite.scala:63)
[info]   at org.scalatest.tools.Framework.org$scalatest$tools$Framework$$runSuite(Framework.scala:321)
[info]   at org.scalatest.tools.Framework$ScalaTestTask.execute(Framework.scala:517)
[info]   at sbt.ForkMain$Run.lambda$runTest$1(ForkMain.java:414)
[info]   at java.base/java.util.concurrent.FutureTask.run(FutureTask.java:317)
[info]   at java.base/java.util.concurrent.ThreadPoolExecutor.runWorker(ThreadPoolExecutor.java:1144)
[info]   at java.base/java.util.concurrent.ThreadPoolExecutor$Worker.run(ThreadPoolExecutor.java:642)
[info]   at java.base/java.lang.Thread.run(Thread.java:1583)
[info]   Cause: java.lang.ClassCastException: Cannot cast scala.reflect.ClassTag$GenericClassTag to org.apache.spark.sql.catalyst.expressions.Expression
[info]   at java.base/java.lang.Class.cast(Class.java:4067)
[info]   at java.base/jdk.internal.reflect.DirectConstructorHandleAccessor.newInstance(DirectConstructorHandleAccessor.java:62)
[info]   at java.base/java.lang.reflect.Constructor.newInstanceWithCaller(Constructor.java:502)
[info]   at java.base/java.lang.reflect.Constructor.newInstance(Constructor.java:486)
[info]   at frameless.TypedExpressionEncoder$.$anonfun$apply$3(TypedExpressionEncoder.scala:55)
[info]   at scala.Option.map(Option.scala:242)
[info]   at frameless.TypedExpressionEncoder$.apply(TypedExpressionEncoder.scala:54)
[info]   at frameless.TypedDataset$.create(TypedDataset.scala:1325)
[info]   at frameless.functions.AggregateFunctionsTests.prop$12(AggregateFunctionsTests.scala:273)
[info]   at frameless.functions.AggregateFunctionsTests.$anonfun$new$238(AggregateFunctionsTests.scala:281)
[info]   at scala.Function1.$anonfun$andThen$1(Function1.scala:87)
[info]   at org.scalacheck.Prop$.$anonfun$forAllShrink$2(Prop.scala:868)
[info]   at org.scalacheck.Prop$.secure(Prop.scala:484)
[info]   at org.scalacheck.Prop$.result$1(Prop.scala:868)
[info]   at org.scalacheck.Prop$.$anonfun$forAllShrink$1(Prop.scala:915)
[info]   at org.scalacheck.Prop$.$anonfun$apply$1(Prop.scala:305)
[info]   at org.scalacheck.PropFromFun.apply(Prop.scala:20)
[info]   at org.scalacheck.Test$.workerFun$1(Test.scala:486)
[info]   at org.scalacheck.Test$.$anonfun$check$4(Test.scala:518)
[info]   at org.scalacheck.Test$.$anonfun$check$4$adapted(Test.scala:518)
[info]   at org.scalacheck.Platform$.runWorkers(Platform.scala:42)
[info]   at org.scalacheck.Test$.check(Test.scala:518)
[info]   at org.scalatestplus.scalacheck.UnitCheckerAsserting$CheckerAssertingImpl.check(CheckerAsserting.scala:90)
[info]   at org.scalatestplus.scalacheck.Checkers.check(Checkers.scala:371)
[info]   at org.scalatestplus.scalacheck.Checkers.check$(Checkers.scala:369)
[info]   at frameless.TypedDatasetSuite.check(TypedDatasetSuite.scala:63)
[info]   at frameless.functions.AggregateFunctionsTests.$anonfun$new$228(AggregateFunctionsTests.scala:281)
[info]   at org.scalatest.OutcomeOf.outcomeOf(OutcomeOf.scala:85)
[info]   at org.scalatest.OutcomeOf.outcomeOf$(OutcomeOf.scala:83)
[info]   at org.scalatest.OutcomeOf$.outcomeOf(OutcomeOf.scala:104)
[info]   at org.scalatest.Transformer.apply(Transformer.scala:22)
[info]   at org.scalatest.Transformer.apply(Transformer.scala:20)
[info]   at org.scalatest.funsuite.AnyFunSuiteLike$$anon$1.apply(AnyFunSuiteLike.scala:226)
[info]   at org.scalatest.TestSuite.withFixture(TestSuite.scala:196)
[info]   at org.scalatest.TestSuite.withFixture$(TestSuite.scala:195)
[info]   at org.scalatest.funsuite.AnyFunSuite.withFixture(AnyFunSuite.scala:1564)
[info]   at org.scalatest.funsuite.AnyFunSuiteLike.invokeWithFixture$1(AnyFunSuiteLike.scala:224)
[info]   at org.scalatest.funsuite.AnyFunSuiteLike.$anonfun$runTest$1(AnyFunSuiteLike.scala:236)
[info]   at org.scalatest.SuperEngine.runTestImpl(Engine.scala:306)
[info]   at org.scalatest.funsuite.AnyFunSuiteLike.runTest(AnyFunSuiteLike.scala:236)
[info]   at org.scalatest.funsuite.AnyFunSuiteLike.runTest$(AnyFunSuiteLike.scala:218)
[info]   at org.scalatest.funsuite.AnyFunSuite.runTest(AnyFunSuite.scala:1564)
[info]   at org.scalatest.funsuite.AnyFunSuiteLike.$anonfun$runTests$1(AnyFunSuiteLike.scala:269)
[info]   at org.scalatest.SuperEngine.$anonfun$runTestsInBranch$1(Engine.scala:413)
[info]   at scala.collection.immutable.List.foreach(List.scala:334)
[info]   at org.scalatest.SuperEngine.traverseSubNodes$1(Engine.scala:401)
[info]   at org.scalatest.SuperEngine.runTestsInBranch(Engine.scala:396)
[info]   at org.scalatest.SuperEngine.runTestsImpl(Engine.scala:475)
[info]   at org.scalatest.funsuite.AnyFunSuiteLike.runTests(AnyFunSuiteLike.scala:269)
[info]   at org.scalatest.funsuite.AnyFunSuiteLike.runTests$(AnyFunSuiteLike.scala:268)
[info]   at org.scalatest.funsuite.AnyFunSuite.runTests(AnyFunSuite.scala:1564)
[info]   at org.scalatest.Suite.run(Suite.scala:1114)
[info]   at org.scalatest.Suite.run$(Suite.scala:1096)
[info]   at org.scalatest.funsuite.AnyFunSuite.org$scalatest$funsuite$AnyFunSuiteLike$$super$run(AnyFunSuite.scala:1564)
[info]   at org.scalatest.funsuite.AnyFunSuiteLike.$anonfun$run$1(AnyFunSuiteLike.scala:273)
[info]   at org.scalatest.SuperEngine.runImpl(Engine.scala:535)
[info]   at org.scalatest.funsuite.AnyFunSuiteLike.run(AnyFunSuiteLike.scala:273)
[info]   at org.scalatest.funsuite.AnyFunSuiteLike.run$(AnyFunSuiteLike.scala:272)
[info]   at frameless.TypedDatasetSuite.org$scalatest$BeforeAndAfterAll$$super$run(TypedDatasetSuite.scala:63)
[info]   at org.scalatest.BeforeAndAfterAll.liftedTree1$1(BeforeAndAfterAll.scala:213)
[info]   at org.scalatest.BeforeAndAfterAll.run(BeforeAndAfterAll.scala:210)
[info]   at org.scalatest.BeforeAndAfterAll.run$(BeforeAndAfterAll.scala:208)
[info]   at frameless.TypedDatasetSuite.run(TypedDatasetSuite.scala:63)
[info]   at org.scalatest.tools.Framework.org$scalatest$tools$Framework$$runSuite(Framework.scala:321)
[info]   at org.scalatest.tools.Framework$ScalaTestTask.execute(Framework.scala:517)
[info]   at sbt.ForkMain$Run.lambda$runTest$1(ForkMain.java:414)
[info]   at java.base/java.util.concurrent.FutureTask.run(FutureTask.java:317)
[info]   at java.base/java.util.concurrent.ThreadPoolExecutor.runWorker(ThreadPoolExecutor.java:1144)
[info]   at java.base/java.util.concurrent.ThreadPoolExecutor$Worker.run(ThreadPoolExecutor.java:642)
[info]   at java.base/java.lang.Thread.run(Thread.java:1583)
[info] - countDistinct *** FAILED *** (26 milliseconds)
[info]   IllegalArgumentException was thrown during property evaluation.
[info]     Message: argument type mismatch
[info]     Occurred when passed generated values (
[info]       arg0 = Vector() // 8 shrinks
[info]     )
[info]   org.scalatest.exceptions.GeneratorDrivenPropertyCheckFailedException:
[info]   at org.scalatestplus.scalacheck.CheckerAsserting$$anon$2.indicateFailure(CheckerAsserting.scala:251)
[info]   at org.scalatestplus.scalacheck.CheckerAsserting$$anon$2.indicateFailure(CheckerAsserting.scala:238)
[info]   at org.scalatestplus.scalacheck.UnitCheckerAsserting$CheckerAssertingImpl.check(CheckerAsserting.scala:160)
[info]   at org.scalatestplus.scalacheck.Checkers.check(Checkers.scala:371)
[info]   at org.scalatestplus.scalacheck.Checkers.check$(Checkers.scala:369)
[info]   at frameless.TypedDatasetSuite.check(TypedDatasetSuite.scala:63)
[info]   at frameless.functions.AggregateFunctionsTests.$anonfun$new$252(AggregateFunctionsTests.scala:301)
[info]   at org.scalatest.OutcomeOf.outcomeOf(OutcomeOf.scala:85)
[info]   at org.scalatest.OutcomeOf.outcomeOf$(OutcomeOf.scala:83)
[info]   at org.scalatest.OutcomeOf$.outcomeOf(OutcomeOf.scala:104)
[info]   at org.scalatest.Transformer.apply(Transformer.scala:22)
[info]   at org.scalatest.Transformer.apply(Transformer.scala:20)
[info]   at org.scalatest.funsuite.AnyFunSuiteLike$$anon$1.apply(AnyFunSuiteLike.scala:226)
[info]   at org.scalatest.TestSuite.withFixture(TestSuite.scala:196)
[info]   at org.scalatest.TestSuite.withFixture$(TestSuite.scala:195)
[info]   at org.scalatest.funsuite.AnyFunSuite.withFixture(AnyFunSuite.scala:1564)
[info]   at org.scalatest.funsuite.AnyFunSuiteLike.invokeWithFixture$1(AnyFunSuiteLike.scala:224)
[info]   at org.scalatest.funsuite.AnyFunSuiteLike.$anonfun$runTest$1(AnyFunSuiteLike.scala:236)
[info]   at org.scalatest.SuperEngine.runTestImpl(Engine.scala:306)
[info]   at org.scalatest.funsuite.AnyFunSuiteLike.runTest(AnyFunSuiteLike.scala:236)
[info]   at org.scalatest.funsuite.AnyFunSuiteLike.runTest$(AnyFunSuiteLike.scala:218)
[info]   at org.scalatest.funsuite.AnyFunSuite.runTest(AnyFunSuite.scala:1564)
[info]   at org.scalatest.funsuite.AnyFunSuiteLike.$anonfun$runTests$1(AnyFunSuiteLike.scala:269)
[info]   at org.scalatest.SuperEngine.$anonfun$runTestsInBranch$1(Engine.scala:413)
[info]   at scala.collection.immutable.List.foreach(List.scala:334)
[info]   at org.scalatest.SuperEngine.traverseSubNodes$1(Engine.scala:401)
[info]   at org.scalatest.SuperEngine.runTestsInBranch(Engine.scala:396)
[info]   at org.scalatest.SuperEngine.runTestsImpl(Engine.scala:475)
[info]   at org.scalatest.funsuite.AnyFunSuiteLike.runTests(AnyFunSuiteLike.scala:269)
[info]   at org.scalatest.funsuite.AnyFunSuiteLike.runTests$(AnyFunSuiteLike.scala:268)
[info]   at org.scalatest.funsuite.AnyFunSuite.runTests(AnyFunSuite.scala:1564)
[info]   at org.scalatest.Suite.run(Suite.scala:1114)
[info]   at org.scalatest.Suite.run$(Suite.scala:1096)
[info]   at org.scalatest.funsuite.AnyFunSuite.org$scalatest$funsuite$AnyFunSuiteLike$$super$run(AnyFunSuite.scala:1564)
[info]   at org.scalatest.funsuite.AnyFunSuiteLike.$anonfun$run$1(AnyFunSuiteLike.scala:273)
[info]   at org.scalatest.SuperEngine.runImpl(Engine.scala:535)
[info]   at org.scalatest.funsuite.AnyFunSuiteLike.run(AnyFunSuiteLike.scala:273)
[info]   at org.scalatest.funsuite.AnyFunSuiteLike.run$(AnyFunSuiteLike.scala:272)
[info]   at frameless.TypedDatasetSuite.org$scalatest$BeforeAndAfterAll$$super$run(TypedDatasetSuite.scala:63)
[info]   at org.scalatest.BeforeAndAfterAll.liftedTree1$1(BeforeAndAfterAll.scala:213)
[info]   at org.scalatest.BeforeAndAfterAll.run(BeforeAndAfterAll.scala:210)
[info]   at org.scalatest.BeforeAndAfterAll.run$(BeforeAndAfterAll.scala:208)
[info]   at frameless.TypedDatasetSuite.run(TypedDatasetSuite.scala:63)
[info]   at org.scalatest.tools.Framework.org$scalatest$tools$Framework$$runSuite(Framework.scala:321)
[info]   at org.scalatest.tools.Framework$ScalaTestTask.execute(Framework.scala:517)
[info]   at sbt.ForkMain$Run.lambda$runTest$1(ForkMain.java:414)
[info]   at java.base/java.util.concurrent.FutureTask.run(FutureTask.java:317)
[info]   at java.base/java.util.concurrent.ThreadPoolExecutor.runWorker(ThreadPoolExecutor.java:1144)
[info]   at java.base/java.util.concurrent.ThreadPoolExecutor$Worker.run(ThreadPoolExecutor.java:642)
[info]   at java.base/java.lang.Thread.run(Thread.java:1583)
[info]   Cause: java.lang.IllegalArgumentException: argument type mismatch
[info]   at java.base/jdk.internal.reflect.DirectConstructorHandleAccessor.newInstance(DirectConstructorHandleAccessor.java:65)
[info]   at java.base/java.lang.reflect.Constructor.newInstanceWithCaller(Constructor.java:502)
[info]   at java.base/java.lang.reflect.Constructor.newInstance(Constructor.java:486)
[info]   at frameless.TypedExpressionEncoder$.$anonfun$apply$3(TypedExpressionEncoder.scala:55)
[info]   at scala.Option.map(Option.scala:242)
[info]   at frameless.TypedExpressionEncoder$.apply(TypedExpressionEncoder.scala:54)
[info]   at frameless.TypedDataset$.create(TypedDataset.scala:1325)
[info]   at frameless.functions.AggregateFunctionsTests.$anonfun$new$253(AggregateFunctionsTests.scala:303)
[info]   at org.scalacheck.Prop$.$anonfun$forAllShrink$2(Prop.scala:868)
[info]   at org.scalacheck.Prop$.secure(Prop.scala:484)
[info]   at org.scalacheck.Prop$.result$1(Prop.scala:868)
[info]   at org.scalacheck.Prop$.$anonfun$forAllShrink$4(Prop.scala:880)
[info]   at scala.collection.immutable.Stream.map(Stream.scala:173)
[info]   at org.scalacheck.Prop$.getFirstFailure$1(Prop.scala:880)
[info]   at org.scalacheck.Prop$.shrinker$1(Prop.scala:895)
[info]   at org.scalacheck.Prop$.$anonfun$forAllShrink$1(Prop.scala:916)
[info]   at org.scalacheck.Prop$.$anonfun$apply$1(Prop.scala:305)
[info]   at org.scalacheck.PropFromFun.apply(Prop.scala:20)
[info]   at org.scalacheck.Test$.workerFun$1(Test.scala:486)
[info]   at org.scalacheck.Test$.$anonfun$check$4(Test.scala:518)
[info]   at org.scalacheck.Test$.$anonfun$check$4$adapted(Test.scala:518)
[info]   at org.scalacheck.Platform$.runWorkers(Platform.scala:42)
[info]   at org.scalacheck.Test$.check(Test.scala:518)
[info]   at org.scalatestplus.scalacheck.UnitCheckerAsserting$CheckerAssertingImpl.check(CheckerAsserting.scala:90)
[info]   at org.scalatestplus.scalacheck.Checkers.check(Checkers.scala:371)
[info]   at org.scalatestplus.scalacheck.Checkers.check$(Checkers.scala:369)
[info]   at frameless.TypedDatasetSuite.check(TypedDatasetSuite.scala:63)
[info]   at frameless.functions.AggregateFunctionsTests.$anonfun$new$252(AggregateFunctionsTests.scala:301)
[info]   at org.scalatest.OutcomeOf.outcomeOf(OutcomeOf.scala:85)
[info]   at org.scalatest.OutcomeOf.outcomeOf$(OutcomeOf.scala:83)
[info]   at org.scalatest.OutcomeOf$.outcomeOf(OutcomeOf.scala:104)
[info]   at org.scalatest.Transformer.apply(Transformer.scala:22)
[info]   at org.scalatest.Transformer.apply(Transformer.scala:20)
[info]   at org.scalatest.funsuite.AnyFunSuiteLike$$anon$1.apply(AnyFunSuiteLike.scala:226)
[info]   at org.scalatest.TestSuite.withFixture(TestSuite.scala:196)
[info]   at org.scalatest.TestSuite.withFixture$(TestSuite.scala:195)
[info]   at org.scalatest.funsuite.AnyFunSuite.withFixture(AnyFunSuite.scala:1564)
[info]   at org.scalatest.funsuite.AnyFunSuiteLike.invokeWithFixture$1(AnyFunSuiteLike.scala:224)
[info]   at org.scalatest.funsuite.AnyFunSuiteLike.$anonfun$runTest$1(AnyFunSuiteLike.scala:236)
[info]   at org.scalatest.SuperEngine.runTestImpl(Engine.scala:306)
[info]   at org.scalatest.funsuite.AnyFunSuiteLike.runTest(AnyFunSuiteLike.scala:236)
[info]   at org.scalatest.funsuite.AnyFunSuiteLike.runTest$(AnyFunSuiteLike.scala:218)
[info]   at org.scalatest.funsuite.AnyFunSuite.runTest(AnyFunSuite.scala:1564)
[info]   at org.scalatest.funsuite.AnyFunSuiteLike.$anonfun$runTests$1(AnyFunSuiteLike.scala:269)
[info]   at org.scalatest.SuperEngine.$anonfun$runTestsInBranch$1(Engine.scala:413)
[info]   at scala.collection.immutable.List.foreach(List.scala:334)
[info]   at org.scalatest.SuperEngine.traverseSubNodes$1(Engine.scala:401)
[info]   at org.scalatest.SuperEngine.runTestsInBranch(Engine.scala:396)
[info]   at org.scalatest.SuperEngine.runTestsImpl(Engine.scala:475)
[info]   at org.scalatest.funsuite.AnyFunSuiteLike.runTests(AnyFunSuiteLike.scala:269)
[info]   at org.scalatest.funsuite.AnyFunSuiteLike.runTests$(AnyFunSuiteLike.scala:268)
[info]   at org.scalatest.funsuite.AnyFunSuite.runTests(AnyFunSuite.scala:1564)
[info]   at org.scalatest.Suite.run(Suite.scala:1114)
[info]   at org.scalatest.Suite.run$(Suite.scala:1096)
[info]   at org.scalatest.funsuite.AnyFunSuite.org$scalatest$funsuite$AnyFunSuiteLike$$super$run(AnyFunSuite.scala:1564)
[info]   at org.scalatest.funsuite.AnyFunSuiteLike.$anonfun$run$1(AnyFunSuiteLike.scala:273)
[info]   at org.scalatest.SuperEngine.runImpl(Engine.scala:535)
[info]   at org.scalatest.funsuite.AnyFunSuiteLike.run(AnyFunSuiteLike.scala:273)
[info]   at org.scalatest.funsuite.AnyFunSuiteLike.run$(AnyFunSuiteLike.scala:272)
[info]   at frameless.TypedDatasetSuite.org$scalatest$BeforeAndAfterAll$$super$run(TypedDatasetSuite.scala:63)
[info]   at org.scalatest.BeforeAndAfterAll.liftedTree1$1(BeforeAndAfterAll.scala:213)
[info]   at org.scalatest.BeforeAndAfterAll.run(BeforeAndAfterAll.scala:210)
[info]   at org.scalatest.BeforeAndAfterAll.run$(BeforeAndAfterAll.scala:208)
[info]   at frameless.TypedDatasetSuite.run(TypedDatasetSuite.scala:63)
[info]   at org.scalatest.tools.Framework.org$scalatest$tools$Framework$$runSuite(Framework.scala:321)
[info]   at org.scalatest.tools.Framework$ScalaTestTask.execute(Framework.scala:517)
[info]   at sbt.ForkMain$Run.lambda$runTest$1(ForkMain.java:414)
[info]   at java.base/java.util.concurrent.FutureTask.run(FutureTask.java:317)
[info]   at java.base/java.util.concurrent.ThreadPoolExecutor.runWorker(ThreadPoolExecutor.java:1144)
[info]   at java.base/java.util.concurrent.ThreadPoolExecutor$Worker.run(ThreadPoolExecutor.java:642)
[info]   at java.base/java.lang.Thread.run(Thread.java:1583)
[info]   Cause: java.lang.ClassCastException: Cannot cast scala.reflect.ClassTag$GenericClassTag to org.apache.spark.sql.catalyst.expressions.Expression
[info]   at java.base/java.lang.Class.cast(Class.java:4067)
[info]   at java.base/jdk.internal.reflect.DirectConstructorHandleAccessor.newInstance(DirectConstructorHandleAccessor.java:62)
[info]   at java.base/java.lang.reflect.Constructor.newInstanceWithCaller(Constructor.java:502)
[info]   at java.base/java.lang.reflect.Constructor.newInstance(Constructor.java:486)
[info]   at frameless.TypedExpressionEncoder$.$anonfun$apply$3(TypedExpressionEncoder.scala:55)
[info]   at scala.Option.map(Option.scala:242)
[info]   at frameless.TypedExpressionEncoder$.apply(TypedExpressionEncoder.scala:54)
[info]   at frameless.TypedDataset$.create(TypedDataset.scala:1325)
[info]   at frameless.functions.AggregateFunctionsTests.$anonfun$new$253(AggregateFunctionsTests.scala:303)
[info]   at org.scalacheck.Prop$.$anonfun$forAllShrink$2(Prop.scala:868)
[info]   at org.scalacheck.Prop$.secure(Prop.scala:484)
[info]   at org.scalacheck.Prop$.result$1(Prop.scala:868)
[info]   at org.scalacheck.Prop$.$anonfun$forAllShrink$4(Prop.scala:880)
[info]   at scala.collection.immutable.Stream.map(Stream.scala:173)
[info]   at org.scalacheck.Prop$.getFirstFailure$1(Prop.scala:880)
[info]   at org.scalacheck.Prop$.shrinker$1(Prop.scala:895)
[info]   at org.scalacheck.Prop$.$anonfun$forAllShrink$1(Prop.scala:916)
[info]   at org.scalacheck.Prop$.$anonfun$apply$1(Prop.scala:305)
[info]   at org.scalacheck.PropFromFun.apply(Prop.scala:20)
[info]   at org.scalacheck.Test$.workerFun$1(Test.scala:486)
[info]   at org.scalacheck.Test$.$anonfun$check$4(Test.scala:518)
[info]   at org.scalacheck.Test$.$anonfun$check$4$adapted(Test.scala:518)
[info]   at org.scalacheck.Platform$.runWorkers(Platform.scala:42)
[info]   at org.scalacheck.Test$.check(Test.scala:518)
[info]   at org.scalatestplus.scalacheck.UnitCheckerAsserting$CheckerAssertingImpl.check(CheckerAsserting.scala:90)
[info]   at org.scalatestplus.scalacheck.Checkers.check(Checkers.scala:371)
[info]   at org.scalatestplus.scalacheck.Checkers.check$(Checkers.scala:369)
[info]   at frameless.TypedDatasetSuite.check(TypedDatasetSuite.scala:63)
[info]   at frameless.functions.AggregateFunctionsTests.$anonfun$new$252(AggregateFunctionsTests.scala:301)
[info]   at org.scalatest.OutcomeOf.outcomeOf(OutcomeOf.scala:85)
[info]   at org.scalatest.OutcomeOf.outcomeOf$(OutcomeOf.scala:83)
[info]   at org.scalatest.OutcomeOf$.outcomeOf(OutcomeOf.scala:104)
[info]   at org.scalatest.Transformer.apply(Transformer.scala:22)
[info]   at org.scalatest.Transformer.apply(Transformer.scala:20)
[info]   at org.scalatest.funsuite.AnyFunSuiteLike$$anon$1.apply(AnyFunSuiteLike.scala:226)
[info]   at org.scalatest.TestSuite.withFixture(TestSuite.scala:196)
[info]   at org.scalatest.TestSuite.withFixture$(TestSuite.scala:195)
[info]   at org.scalatest.funsuite.AnyFunSuite.withFixture(AnyFunSuite.scala:1564)
[info]   at org.scalatest.funsuite.AnyFunSuiteLike.invokeWithFixture$1(AnyFunSuiteLike.scala:224)
[info]   at org.scalatest.funsuite.AnyFunSuiteLike.$anonfun$runTest$1(AnyFunSuiteLike.scala:236)
[info]   at org.scalatest.SuperEngine.runTestImpl(Engine.scala:306)
[info]   at org.scalatest.funsuite.AnyFunSuiteLike.runTest(AnyFunSuiteLike.scala:236)
[info]   at org.scalatest.funsuite.AnyFunSuiteLike.runTest$(AnyFunSuiteLike.scala:218)
[info]   at org.scalatest.funsuite.AnyFunSuite.runTest(AnyFunSuite.scala:1564)
[info]   at org.scalatest.funsuite.AnyFunSuiteLike.$anonfun$runTests$1(AnyFunSuiteLike.scala:269)
[info]   at org.scalatest.SuperEngine.$anonfun$runTestsInBranch$1(Engine.scala:413)
[info]   at scala.collection.immutable.List.foreach(List.scala:334)
[info]   at org.scalatest.SuperEngine.traverseSubNodes$1(Engine.scala:401)
[info]   at org.scalatest.SuperEngine.runTestsInBranch(Engine.scala:396)
[info]   at org.scalatest.SuperEngine.runTestsImpl(Engine.scala:475)
[info]   at org.scalatest.funsuite.AnyFunSuiteLike.runTests(AnyFunSuiteLike.scala:269)
[info]   at org.scalatest.funsuite.AnyFunSuiteLike.runTests$(AnyFunSuiteLike.scala:268)
[info]   at org.scalatest.funsuite.AnyFunSuite.runTests(AnyFunSuite.scala:1564)
[info]   at org.scalatest.Suite.run(Suite.scala:1114)
[info]   at org.scalatest.Suite.run$(Suite.scala:1096)
[info]   at org.scalatest.funsuite.AnyFunSuite.org$scalatest$funsuite$AnyFunSuiteLike$$super$run(AnyFunSuite.scala:1564)
[info]   at org.scalatest.funsuite.AnyFunSuiteLike.$anonfun$run$1(AnyFunSuiteLike.scala:273)
[info]   at org.scalatest.SuperEngine.runImpl(Engine.scala:535)
[info]   at org.scalatest.funsuite.AnyFunSuiteLike.run(AnyFunSuiteLike.scala:273)
[info]   at org.scalatest.funsuite.AnyFunSuiteLike.run$(AnyFunSuiteLike.scala:272)
[info]   at frameless.TypedDatasetSuite.org$scalatest$BeforeAndAfterAll$$super$run(TypedDatasetSuite.scala:63)
[info]   at org.scalatest.BeforeAndAfterAll.liftedTree1$1(BeforeAndAfterAll.scala:213)
[info]   at org.scalatest.BeforeAndAfterAll.run(BeforeAndAfterAll.scala:210)
[info]   at org.scalatest.BeforeAndAfterAll.run$(BeforeAndAfterAll.scala:208)
[info]   at frameless.TypedDatasetSuite.run(TypedDatasetSuite.scala:63)
[info]   at org.scalatest.tools.Framework.org$scalatest$tools$Framework$$runSuite(Framework.scala:321)
[info]   at org.scalatest.tools.Framework$ScalaTestTask.execute(Framework.scala:517)
[info]   at sbt.ForkMain$Run.lambda$runTest$1(ForkMain.java:414)
[info]   at java.base/java.util.concurrent.FutureTask.run(FutureTask.java:317)
[info]   at java.base/java.util.concurrent.ThreadPoolExecutor.runWorker(ThreadPoolExecutor.java:1144)
[info]   at java.base/java.util.concurrent.ThreadPoolExecutor$Worker.run(ThreadPoolExecutor.java:642)
[info]   at java.base/java.lang.Thread.run(Thread.java:1583)
[info] - approxCountDistinct *** FAILED *** (32 milliseconds)
[info]   IllegalArgumentException was thrown during property evaluation.
[info]     Message: argument type mismatch
[info]     Occurred when passed generated values (
[info]       arg0 = Vector() // 8 shrinks
[info]     )
[info]   org.scalatest.exceptions.GeneratorDrivenPropertyCheckFailedException:
[info]   at org.scalatestplus.scalacheck.CheckerAsserting$$anon$2.indicateFailure(CheckerAsserting.scala:251)
[info]   at org.scalatestplus.scalacheck.CheckerAsserting$$anon$2.indicateFailure(CheckerAsserting.scala:238)
[info]   at org.scalatestplus.scalacheck.UnitCheckerAsserting$CheckerAssertingImpl.check(CheckerAsserting.scala:160)
[info]   at org.scalatestplus.scalacheck.Checkers.check(Checkers.scala:371)
[info]   at org.scalatestplus.scalacheck.Checkers.check$(Checkers.scala:369)
[info]   at frameless.TypedDatasetSuite.check(TypedDatasetSuite.scala:63)
[info]   at frameless.functions.AggregateFunctionsTests.$anonfun$new$268(AggregateFunctionsTests.scala:318)
[info]   at org.scalatest.OutcomeOf.outcomeOf(OutcomeOf.scala:85)
[info]   at org.scalatest.OutcomeOf.outcomeOf$(OutcomeOf.scala:83)
[info]   at org.scalatest.OutcomeOf$.outcomeOf(OutcomeOf.scala:104)
[info]   at org.scalatest.Transformer.apply(Transformer.scala:22)
[info]   at org.scalatest.Transformer.apply(Transformer.scala:20)
[info]   at org.scalatest.funsuite.AnyFunSuiteLike$$anon$1.apply(AnyFunSuiteLike.scala:226)
[info]   at org.scalatest.TestSuite.withFixture(TestSuite.scala:196)
[info]   at org.scalatest.TestSuite.withFixture$(TestSuite.scala:195)
[info]   at org.scalatest.funsuite.AnyFunSuite.withFixture(AnyFunSuite.scala:1564)
[info]   at org.scalatest.funsuite.AnyFunSuiteLike.invokeWithFixture$1(AnyFunSuiteLike.scala:224)
[info]   at org.scalatest.funsuite.AnyFunSuiteLike.$anonfun$runTest$1(AnyFunSuiteLike.scala:236)
[info]   at org.scalatest.SuperEngine.runTestImpl(Engine.scala:306)
[info]   at org.scalatest.funsuite.AnyFunSuiteLike.runTest(AnyFunSuiteLike.scala:236)
[info]   at org.scalatest.funsuite.AnyFunSuiteLike.runTest$(AnyFunSuiteLike.scala:218)
[info]   at org.scalatest.funsuite.AnyFunSuite.runTest(AnyFunSuite.scala:1564)
[info]   at org.scalatest.funsuite.AnyFunSuiteLike.$anonfun$runTests$1(AnyFunSuiteLike.scala:269)
[info]   at org.scalatest.SuperEngine.$anonfun$runTestsInBranch$1(Engine.scala:413)
[info]   at scala.collection.immutable.List.foreach(List.scala:334)
[info]   at org.scalatest.SuperEngine.traverseSubNodes$1(Engine.scala:401)
[info]   at org.scalatest.SuperEngine.runTestsInBranch(Engine.scala:396)
[info]   at org.scalatest.SuperEngine.runTestsImpl(Engine.scala:475)
[info]   at org.scalatest.funsuite.AnyFunSuiteLike.runTests(AnyFunSuiteLike.scala:269)
[info]   at org.scalatest.funsuite.AnyFunSuiteLike.runTests$(AnyFunSuiteLike.scala:268)
[info]   at org.scalatest.funsuite.AnyFunSuite.runTests(AnyFunSuite.scala:1564)
[info]   at org.scalatest.Suite.run(Suite.scala:1114)
[info]   at org.scalatest.Suite.run$(Suite.scala:1096)
[info]   at org.scalatest.funsuite.AnyFunSuite.org$scalatest$funsuite$AnyFunSuiteLike$$super$run(AnyFunSuite.scala:1564)
[info]   at org.scalatest.funsuite.AnyFunSuiteLike.$anonfun$run$1(AnyFunSuiteLike.scala:273)
[info]   at org.scalatest.SuperEngine.runImpl(Engine.scala:535)
[info]   at org.scalatest.funsuite.AnyFunSuiteLike.run(AnyFunSuiteLike.scala:273)
[info]   at org.scalatest.funsuite.AnyFunSuiteLike.run$(AnyFunSuiteLike.scala:272)
[info]   at frameless.TypedDatasetSuite.org$scalatest$BeforeAndAfterAll$$super$run(TypedDatasetSuite.scala:63)
[info]   at org.scalatest.BeforeAndAfterAll.liftedTree1$1(BeforeAndAfterAll.scala:213)
[info]   at org.scalatest.BeforeAndAfterAll.run(BeforeAndAfterAll.scala:210)
[info]   at org.scalatest.BeforeAndAfterAll.run$(BeforeAndAfterAll.scala:208)
[info]   at frameless.TypedDatasetSuite.run(TypedDatasetSuite.scala:63)
[info]   at org.scalatest.tools.Framework.org$scalatest$tools$Framework$$runSuite(Framework.scala:321)
[info]   at org.scalatest.tools.Framework$ScalaTestTask.execute(Framework.scala:517)
[info]   at sbt.ForkMain$Run.lambda$runTest$1(ForkMain.java:414)
[info]   at java.base/java.util.concurrent.FutureTask.run(FutureTask.java:317)
[info]   at java.base/java.util.concurrent.ThreadPoolExecutor.runWorker(ThreadPoolExecutor.java:1144)
[info]   at java.base/java.util.concurrent.ThreadPoolExecutor$Worker.run(ThreadPoolExecutor.java:642)
[info]   at java.base/java.lang.Thread.run(Thread.java:1583)
[info]   Cause: java.lang.IllegalArgumentException: argument type mismatch
[info]   at java.base/jdk.internal.reflect.DirectConstructorHandleAccessor.newInstance(DirectConstructorHandleAccessor.java:65)
[info]   at java.base/java.lang.reflect.Constructor.newInstanceWithCaller(Constructor.java:502)
[info]   at java.base/java.lang.reflect.Constructor.newInstance(Constructor.java:486)
[info]   at frameless.TypedExpressionEncoder$.$anonfun$apply$3(TypedExpressionEncoder.scala:55)
[info]   at scala.Option.map(Option.scala:242)
[info]   at frameless.TypedExpressionEncoder$.apply(TypedExpressionEncoder.scala:54)
[info]   at frameless.TypedDataset$.create(TypedDataset.scala:1325)
[info]   at frameless.functions.AggregateFunctionsTests.$anonfun$new$269(AggregateFunctionsTests.scala:320)
[info]   at frameless.functions.AggregateFunctionsTests.$anonfun$new$269$adapted(AggregateFunctionsTests.scala:319)
[info]   at org.scalacheck.Prop$.$anonfun$forAllShrink$2(Prop.scala:868)
[info]   at org.scalacheck.Prop$.secure(Prop.scala:484)
[info]   at org.scalacheck.Prop$.result$1(Prop.scala:868)
[info]   at org.scalacheck.Prop$.$anonfun$forAllShrink$4(Prop.scala:880)
[info]   at scala.collection.immutable.Stream.map(Stream.scala:173)
[info]   at org.scalacheck.Prop$.getFirstFailure$1(Prop.scala:880)
[info]   at org.scalacheck.Prop$.shrinker$1(Prop.scala:895)
[info]   at org.scalacheck.Prop$.$anonfun$forAllShrink$1(Prop.scala:916)
[info]   at org.scalacheck.Prop$.$anonfun$apply$1(Prop.scala:305)
[info]   at org.scalacheck.PropFromFun.apply(Prop.scala:20)
[info]   at org.scalacheck.Test$.workerFun$1(Test.scala:486)
[info]   at org.scalacheck.Test$.$anonfun$check$4(Test.scala:518)
[info]   at org.scalacheck.Test$.$anonfun$check$4$adapted(Test.scala:518)
[info]   at org.scalacheck.Platform$.runWorkers(Platform.scala:42)
[info]   at org.scalacheck.Test$.check(Test.scala:518)
[info]   at org.scalatestplus.scalacheck.UnitCheckerAsserting$CheckerAssertingImpl.check(CheckerAsserting.scala:90)
[info]   at org.scalatestplus.scalacheck.Checkers.check(Checkers.scala:371)
[info]   at org.scalatestplus.scalacheck.Checkers.check$(Checkers.scala:369)
[info]   at frameless.TypedDatasetSuite.check(TypedDatasetSuite.scala:63)
[info]   at frameless.functions.AggregateFunctionsTests.$anonfun$new$268(AggregateFunctionsTests.scala:318)
[info]   at org.scalatest.OutcomeOf.outcomeOf(OutcomeOf.scala:85)
[info]   at org.scalatest.OutcomeOf.outcomeOf$(OutcomeOf.scala:83)
[info]   at org.scalatest.OutcomeOf$.outcomeOf(OutcomeOf.scala:104)
[info]   at org.scalatest.Transformer.apply(Transformer.scala:22)
[info]   at org.scalatest.Transformer.apply(Transformer.scala:20)
[info]   at org.scalatest.funsuite.AnyFunSuiteLike$$anon$1.apply(AnyFunSuiteLike.scala:226)
[info]   at org.scalatest.TestSuite.withFixture(TestSuite.scala:196)
[info]   at org.scalatest.TestSuite.withFixture$(TestSuite.scala:195)
[info]   at org.scalatest.funsuite.AnyFunSuite.withFixture(AnyFunSuite.scala:1564)
[info]   at org.scalatest.funsuite.AnyFunSuiteLike.invokeWithFixture$1(AnyFunSuiteLike.scala:224)
[info]   at org.scalatest.funsuite.AnyFunSuiteLike.$anonfun$runTest$1(AnyFunSuiteLike.scala:236)
[info]   at org.scalatest.SuperEngine.runTestImpl(Engine.scala:306)
[info]   at org.scalatest.funsuite.AnyFunSuiteLike.runTest(AnyFunSuiteLike.scala:236)
[info]   at org.scalatest.funsuite.AnyFunSuiteLike.runTest$(AnyFunSuiteLike.scala:218)
[info]   at org.scalatest.funsuite.AnyFunSuite.runTest(AnyFunSuite.scala:1564)
[info]   at org.scalatest.funsuite.AnyFunSuiteLike.$anonfun$runTests$1(AnyFunSuiteLike.scala:269)
[info]   at org.scalatest.SuperEngine.$anonfun$runTestsInBranch$1(Engine.scala:413)
[info]   at scala.collection.immutable.List.foreach(List.scala:334)
[info]   at org.scalatest.SuperEngine.traverseSubNodes$1(Engine.scala:401)
[info]   at org.scalatest.SuperEngine.runTestsInBranch(Engine.scala:396)
[info]   at org.scalatest.SuperEngine.runTestsImpl(Engine.scala:475)
[info]   at org.scalatest.funsuite.AnyFunSuiteLike.runTests(AnyFunSuiteLike.scala:269)
[info]   at org.scalatest.funsuite.AnyFunSuiteLike.runTests$(AnyFunSuiteLike.scala:268)
[info]   at org.scalatest.funsuite.AnyFunSuite.runTests(AnyFunSuite.scala:1564)
[info]   at org.scalatest.Suite.run(Suite.scala:1114)
[info]   at org.scalatest.Suite.run$(Suite.scala:1096)
[info]   at org.scalatest.funsuite.AnyFunSuite.org$scalatest$funsuite$AnyFunSuiteLike$$super$run(AnyFunSuite.scala:1564)
[info]   at org.scalatest.funsuite.AnyFunSuiteLike.$anonfun$run$1(AnyFunSuiteLike.scala:273)
[info]   at org.scalatest.SuperEngine.runImpl(Engine.scala:535)
[info]   at org.scalatest.funsuite.AnyFunSuiteLike.run(AnyFunSuiteLike.scala:273)
[info]   at org.scalatest.funsuite.AnyFunSuiteLike.run$(AnyFunSuiteLike.scala:272)
[info]   at frameless.TypedDatasetSuite.org$scalatest$BeforeAndAfterAll$$super$run(TypedDatasetSuite.scala:63)
[info]   at org.scalatest.BeforeAndAfterAll.liftedTree1$1(BeforeAndAfterAll.scala:213)
[info]   at org.scalatest.BeforeAndAfterAll.run(BeforeAndAfterAll.scala:210)
[info]   at org.scalatest.BeforeAndAfterAll.run$(BeforeAndAfterAll.scala:208)
[info]   at frameless.TypedDatasetSuite.run(TypedDatasetSuite.scala:63)
[info]   at org.scalatest.tools.Framework.org$scalatest$tools$Framework$$runSuite(Framework.scala:321)
[info]   at org.scalatest.tools.Framework$ScalaTestTask.execute(Framework.scala:517)
[info]   at sbt.ForkMain$Run.lambda$runTest$1(ForkMain.java:414)
[info]   at java.base/java.util.concurrent.FutureTask.run(FutureTask.java:317)
[info]   at java.base/java.util.concurrent.ThreadPoolExecutor.runWorker(ThreadPoolExecutor.java:1144)
[info]   at java.base/java.util.concurrent.ThreadPoolExecutor$Worker.run(ThreadPoolExecutor.java:642)
[info]   at java.base/java.lang.Thread.run(Thread.java:1583)
[info]   Cause: java.lang.ClassCastException: Cannot cast scala.reflect.ClassTag$GenericClassTag to org.apache.spark.sql.catalyst.expressions.Expression
[info]   at java.base/java.lang.Class.cast(Class.java:4067)
[info]   at java.base/jdk.internal.reflect.DirectConstructorHandleAccessor.newInstance(DirectConstructorHandleAccessor.java:62)
[info]   at java.base/java.lang.reflect.Constructor.newInstanceWithCaller(Constructor.java:502)
[info]   at java.base/java.lang.reflect.Constructor.newInstance(Constructor.java:486)
[info]   at frameless.TypedExpressionEncoder$.$anonfun$apply$3(TypedExpressionEncoder.scala:55)
[info]   at scala.Option.map(Option.scala:242)
[info]   at frameless.TypedExpressionEncoder$.apply(TypedExpressionEncoder.scala:54)
[info]   at frameless.TypedDataset$.create(TypedDataset.scala:1325)
[info]   at frameless.functions.AggregateFunctionsTests.$anonfun$new$269(AggregateFunctionsTests.scala:320)
[info]   at frameless.functions.AggregateFunctionsTests.$anonfun$new$269$adapted(AggregateFunctionsTests.scala:319)
[info]   at org.scalacheck.Prop$.$anonfun$forAllShrink$2(Prop.scala:868)
[info]   at org.scalacheck.Prop$.secure(Prop.scala:484)
[info]   at org.scalacheck.Prop$.result$1(Prop.scala:868)
[info]   at org.scalacheck.Prop$.$anonfun$forAllShrink$4(Prop.scala:880)
[info]   at scala.collection.immutable.Stream.map(Stream.scala:173)
[info]   at org.scalacheck.Prop$.getFirstFailure$1(Prop.scala:880)
[info]   at org.scalacheck.Prop$.shrinker$1(Prop.scala:895)
[info]   at org.scalacheck.Prop$.$anonfun$forAllShrink$1(Prop.scala:916)
[info]   at org.scalacheck.Prop$.$anonfun$apply$1(Prop.scala:305)
[info]   at org.scalacheck.PropFromFun.apply(Prop.scala:20)
[info]   at org.scalacheck.Test$.workerFun$1(Test.scala:486)
[info]   at org.scalacheck.Test$.$anonfun$check$4(Test.scala:518)
[info]   at org.scalacheck.Test$.$anonfun$check$4$adapted(Test.scala:518)
[info]   at org.scalacheck.Platform$.runWorkers(Platform.scala:42)
[info]   at org.scalacheck.Test$.check(Test.scala:518)
[info]   at org.scalatestplus.scalacheck.UnitCheckerAsserting$CheckerAssertingImpl.check(CheckerAsserting.scala:90)
[info]   at org.scalatestplus.scalacheck.Checkers.check(Checkers.scala:371)
[info]   at org.scalatestplus.scalacheck.Checkers.check$(Checkers.scala:369)
[info]   at frameless.TypedDatasetSuite.check(TypedDatasetSuite.scala:63)
[info]   at frameless.functions.AggregateFunctionsTests.$anonfun$new$268(AggregateFunctionsTests.scala:318)
[info]   at org.scalatest.OutcomeOf.outcomeOf(OutcomeOf.scala:85)
[info]   at org.scalatest.OutcomeOf.outcomeOf$(OutcomeOf.scala:83)
[info]   at org.scalatest.OutcomeOf$.outcomeOf(OutcomeOf.scala:104)
[info]   at org.scalatest.Transformer.apply(Transformer.scala:22)
[info]   at org.scalatest.Transformer.apply(Transformer.scala:20)
[info]   at org.scalatest.funsuite.AnyFunSuiteLike$$anon$1.apply(AnyFunSuiteLike.scala:226)
[info]   at org.scalatest.TestSuite.withFixture(TestSuite.scala:196)
[info]   at org.scalatest.TestSuite.withFixture$(TestSuite.scala:195)
[info]   at org.scalatest.funsuite.AnyFunSuite.withFixture(AnyFunSuite.scala:1564)
[info]   at org.scalatest.funsuite.AnyFunSuiteLike.invokeWithFixture$1(AnyFunSuiteLike.scala:224)
[info]   at org.scalatest.funsuite.AnyFunSuiteLike.$anonfun$runTest$1(AnyFunSuiteLike.scala:236)
[info]   at org.scalatest.SuperEngine.runTestImpl(Engine.scala:306)
[info]   at org.scalatest.funsuite.AnyFunSuiteLike.runTest(AnyFunSuiteLike.scala:236)
[info]   at org.scalatest.funsuite.AnyFunSuiteLike.runTest$(AnyFunSuiteLike.scala:218)
[info]   at org.scalatest.funsuite.AnyFunSuite.runTest(AnyFunSuite.scala:1564)
[info]   at org.scalatest.funsuite.AnyFunSuiteLike.$anonfun$runTests$1(AnyFunSuiteLike.scala:269)
[info]   at org.scalatest.SuperEngine.$anonfun$runTestsInBranch$1(Engine.scala:413)
[info]   at scala.collection.immutable.List.foreach(List.scala:334)
[info]   at org.scalatest.SuperEngine.traverseSubNodes$1(Engine.scala:401)
[info]   at org.scalatest.SuperEngine.runTestsInBranch(Engine.scala:396)
[info]   at org.scalatest.SuperEngine.runTestsImpl(Engine.scala:475)
[info]   at org.scalatest.funsuite.AnyFunSuiteLike.runTests(AnyFunSuiteLike.scala:269)
[info]   at org.scalatest.funsuite.AnyFunSuiteLike.runTests$(AnyFunSuiteLike.scala:268)
[info]   at org.scalatest.funsuite.AnyFunSuite.runTests(AnyFunSuite.scala:1564)
[info]   at org.scalatest.Suite.run(Suite.scala:1114)
[info]   at org.scalatest.Suite.run$(Suite.scala:1096)
[info]   at org.scalatest.funsuite.AnyFunSuite.org$scalatest$funsuite$AnyFunSuiteLike$$super$run(AnyFunSuite.scala:1564)
[info]   at org.scalatest.funsuite.AnyFunSuiteLike.$anonfun$run$1(AnyFunSuiteLike.scala:273)
[info]   at org.scalatest.SuperEngine.runImpl(Engine.scala:535)
[info]   at org.scalatest.funsuite.AnyFunSuiteLike.run(AnyFunSuiteLike.scala:273)
[info]   at org.scalatest.funsuite.AnyFunSuiteLike.run$(AnyFunSuiteLike.scala:272)
[info]   at frameless.TypedDatasetSuite.org$scalatest$BeforeAndAfterAll$$super$run(TypedDatasetSuite.scala:63)
[info]   at org.scalatest.BeforeAndAfterAll.liftedTree1$1(BeforeAndAfterAll.scala:213)
[info]   at org.scalatest.BeforeAndAfterAll.run(BeforeAndAfterAll.scala:210)
[info]   at org.scalatest.BeforeAndAfterAll.run$(BeforeAndAfterAll.scala:208)
[info]   at frameless.TypedDatasetSuite.run(TypedDatasetSuite.scala:63)
[info]   at org.scalatest.tools.Framework.org$scalatest$tools$Framework$$runSuite(Framework.scala:321)
[info]   at org.scalatest.tools.Framework$ScalaTestTask.execute(Framework.scala:517)
[info]   at sbt.ForkMain$Run.lambda$runTest$1(ForkMain.java:414)
[info]   at java.base/java.util.concurrent.FutureTask.run(FutureTask.java:317)
[info]   at java.base/java.util.concurrent.ThreadPoolExecutor.runWorker(ThreadPoolExecutor.java:1144)
[info]   at java.base/java.util.concurrent.ThreadPoolExecutor$Worker.run(ThreadPoolExecutor.java:642)
[info]   at java.base/java.lang.Thread.run(Thread.java:1583)
[info] - collectList *** FAILED *** (8 milliseconds)
[info]   IllegalArgumentException was thrown during property evaluation.
[info]     Message: argument type mismatch
[info]     Occurred when passed generated values (
[info]       arg0 = List()
[info]     )
[info]   org.scalatest.exceptions.GeneratorDrivenPropertyCheckFailedException:
[info]   at org.scalatestplus.scalacheck.CheckerAsserting$$anon$2.indicateFailure(CheckerAsserting.scala:251)
[info]   at org.scalatestplus.scalacheck.CheckerAsserting$$anon$2.indicateFailure(CheckerAsserting.scala:238)
[info]   at org.scalatestplus.scalacheck.UnitCheckerAsserting$CheckerAssertingImpl.check(CheckerAsserting.scala:160)
[info]   at org.scalatestplus.scalacheck.Checkers.check(Checkers.scala:371)
[info]   at org.scalatestplus.scalacheck.Checkers.check$(Checkers.scala:369)
[info]   at frameless.TypedDatasetSuite.check(TypedDatasetSuite.scala:63)
[info]   at frameless.functions.AggregateFunctionsTests.$anonfun$new$297(AggregateFunctionsTests.scala:346)
[info]   at org.scalatest.OutcomeOf.outcomeOf(OutcomeOf.scala:85)
[info]   at org.scalatest.OutcomeOf.outcomeOf$(OutcomeOf.scala:83)
[info]   at org.scalatest.OutcomeOf$.outcomeOf(OutcomeOf.scala:104)
[info]   at org.scalatest.Transformer.apply(Transformer.scala:22)
[info]   at org.scalatest.Transformer.apply(Transformer.scala:20)
[info]   at org.scalatest.funsuite.AnyFunSuiteLike$$anon$1.apply(AnyFunSuiteLike.scala:226)
[info]   at org.scalatest.TestSuite.withFixture(TestSuite.scala:196)
[info]   at org.scalatest.TestSuite.withFixture$(TestSuite.scala:195)
[info]   at org.scalatest.funsuite.AnyFunSuite.withFixture(AnyFunSuite.scala:1564)
[info]   at org.scalatest.funsuite.AnyFunSuiteLike.invokeWithFixture$1(AnyFunSuiteLike.scala:224)
[info]   at org.scalatest.funsuite.AnyFunSuiteLike.$anonfun$runTest$1(AnyFunSuiteLike.scala:236)
[info]   at org.scalatest.SuperEngine.runTestImpl(Engine.scala:306)
[info]   at org.scalatest.funsuite.AnyFunSuiteLike.runTest(AnyFunSuiteLike.scala:236)
[info]   at org.scalatest.funsuite.AnyFunSuiteLike.runTest$(AnyFunSuiteLike.scala:218)
[info]   at org.scalatest.funsuite.AnyFunSuite.runTest(AnyFunSuite.scala:1564)
[info]   at org.scalatest.funsuite.AnyFunSuiteLike.$anonfun$runTests$1(AnyFunSuiteLike.scala:269)
[info]   at org.scalatest.SuperEngine.$anonfun$runTestsInBranch$1(Engine.scala:413)
[info]   at scala.collection.immutable.List.foreach(List.scala:334)
[info]   at org.scalatest.SuperEngine.traverseSubNodes$1(Engine.scala:401)
[info]   at org.scalatest.SuperEngine.runTestsInBranch(Engine.scala:396)
[info]   at org.scalatest.SuperEngine.runTestsImpl(Engine.scala:475)
[info]   at org.scalatest.funsuite.AnyFunSuiteLike.runTests(AnyFunSuiteLike.scala:269)
[info]   at org.scalatest.funsuite.AnyFunSuiteLike.runTests$(AnyFunSuiteLike.scala:268)
[info]   at org.scalatest.funsuite.AnyFunSuite.runTests(AnyFunSuite.scala:1564)
[info]   at org.scalatest.Suite.run(Suite.scala:1114)
[info]   at org.scalatest.Suite.run$(Suite.scala:1096)
[info]   at org.scalatest.funsuite.AnyFunSuite.org$scalatest$funsuite$AnyFunSuiteLike$$super$run(AnyFunSuite.scala:1564)
[info]   at org.scalatest.funsuite.AnyFunSuiteLike.$anonfun$run$1(AnyFunSuiteLike.scala:273)
[info]   at org.scalatest.SuperEngine.runImpl(Engine.scala:535)
[info]   at org.scalatest.funsuite.AnyFunSuiteLike.run(AnyFunSuiteLike.scala:273)
[info]   at org.scalatest.funsuite.AnyFunSuiteLike.run$(AnyFunSuiteLike.scala:272)
[info]   at frameless.TypedDatasetSuite.org$scalatest$BeforeAndAfterAll$$super$run(TypedDatasetSuite.scala:63)
[info]   at org.scalatest.BeforeAndAfterAll.liftedTree1$1(BeforeAndAfterAll.scala:213)
[info]   at org.scalatest.BeforeAndAfterAll.run(BeforeAndAfterAll.scala:210)
[info]   at org.scalatest.BeforeAndAfterAll.run$(BeforeAndAfterAll.scala:208)
[info]   at frameless.TypedDatasetSuite.run(TypedDatasetSuite.scala:63)
[info]   at org.scalatest.tools.Framework.org$scalatest$tools$Framework$$runSuite(Framework.scala:321)
[info]   at org.scalatest.tools.Framework$ScalaTestTask.execute(Framework.scala:517)
[info]   at sbt.ForkMain$Run.lambda$runTest$1(ForkMain.java:414)
[info]   at java.base/java.util.concurrent.FutureTask.run(FutureTask.java:317)
[info]   at java.base/java.util.concurrent.ThreadPoolExecutor.runWorker(ThreadPoolExecutor.java:1144)
[info]   at java.base/java.util.concurrent.ThreadPoolExecutor$Worker.run(ThreadPoolExecutor.java:642)
[info]   at java.base/java.lang.Thread.run(Thread.java:1583)
[info]   Cause: java.lang.IllegalArgumentException: argument type mismatch
[info]   at java.base/jdk.internal.reflect.DirectConstructorHandleAccessor.newInstance(DirectConstructorHandleAccessor.java:65)
[info]   at java.base/java.lang.reflect.Constructor.newInstanceWithCaller(Constructor.java:502)
[info]   at java.base/java.lang.reflect.Constructor.newInstance(Constructor.java:486)
[info]   at frameless.TypedExpressionEncoder$.$anonfun$apply$3(TypedExpressionEncoder.scala:55)
[info]   at scala.Option.map(Option.scala:242)
[info]   at frameless.TypedExpressionEncoder$.apply(TypedExpressionEncoder.scala:54)
[info]   at frameless.TypedDataset$.create(TypedDataset.scala:1325)
[info]   at frameless.functions.AggregateFunctionsTests.prop$13(AggregateFunctionsTests.scala:340)
[info]   at frameless.functions.AggregateFunctionsTests.$anonfun$new$312(AggregateFunctionsTests.scala:346)
[info]   at scala.Function1.$anonfun$andThen$1(Function1.scala:87)
[info]   at org.scalacheck.Prop$.$anonfun$forAllShrink$2(Prop.scala:868)
[info]   at org.scalacheck.Prop$.secure(Prop.scala:484)
[info]   at org.scalacheck.Prop$.result$1(Prop.scala:868)
[info]   at org.scalacheck.Prop$.$anonfun$forAllShrink$1(Prop.scala:915)
[info]   at org.scalacheck.Prop$.$anonfun$apply$1(Prop.scala:305)
[info]   at org.scalacheck.PropFromFun.apply(Prop.scala:20)
[info]   at org.scalacheck.Test$.workerFun$1(Test.scala:486)
[info]   at org.scalacheck.Test$.$anonfun$check$4(Test.scala:518)
[info]   at org.scalacheck.Test$.$anonfun$check$4$adapted(Test.scala:518)
[info]   at org.scalacheck.Platform$.runWorkers(Platform.scala:42)
[info]   at org.scalacheck.Test$.check(Test.scala:518)
[info]   at org.scalatestplus.scalacheck.UnitCheckerAsserting$CheckerAssertingImpl.check(CheckerAsserting.scala:90)
[info]   at org.scalatestplus.scalacheck.Checkers.check(Checkers.scala:371)
[info]   at org.scalatestplus.scalacheck.Checkers.check$(Checkers.scala:369)
[info]   at frameless.TypedDatasetSuite.check(TypedDatasetSuite.scala:63)
[info]   at frameless.functions.AggregateFunctionsTests.$anonfun$new$297(AggregateFunctionsTests.scala:346)
[info]   at org.scalatest.OutcomeOf.outcomeOf(OutcomeOf.scala:85)
[info]   at org.scalatest.OutcomeOf.outcomeOf$(OutcomeOf.scala:83)
[info]   at org.scalatest.OutcomeOf$.outcomeOf(OutcomeOf.scala:104)
[info]   at org.scalatest.Transformer.apply(Transformer.scala:22)
[info]   at org.scalatest.Transformer.apply(Transformer.scala:20)
[info]   at org.scalatest.funsuite.AnyFunSuiteLike$$anon$1.apply(AnyFunSuiteLike.scala:226)
[info]   at org.scalatest.TestSuite.withFixture(TestSuite.scala:196)
[info]   at org.scalatest.TestSuite.withFixture$(TestSuite.scala:195)
[info]   at org.scalatest.funsuite.AnyFunSuite.withFixture(AnyFunSuite.scala:1564)
[info]   at org.scalatest.funsuite.AnyFunSuiteLike.invokeWithFixture$1(AnyFunSuiteLike.scala:224)
[info]   at org.scalatest.funsuite.AnyFunSuiteLike.$anonfun$runTest$1(AnyFunSuiteLike.scala:236)
[info]   at org.scalatest.SuperEngine.runTestImpl(Engine.scala:306)
[info]   at org.scalatest.funsuite.AnyFunSuiteLike.runTest(AnyFunSuiteLike.scala:236)
[info]   at org.scalatest.funsuite.AnyFunSuiteLike.runTest$(AnyFunSuiteLike.scala:218)
[info]   at org.scalatest.funsuite.AnyFunSuite.runTest(AnyFunSuite.scala:1564)
[info]   at org.scalatest.funsuite.AnyFunSuiteLike.$anonfun$runTests$1(AnyFunSuiteLike.scala:269)
[info]   at org.scalatest.SuperEngine.$anonfun$runTestsInBranch$1(Engine.scala:413)
[info]   at scala.collection.immutable.List.foreach(List.scala:334)
[info]   at org.scalatest.SuperEngine.traverseSubNodes$1(Engine.scala:401)
[info]   at org.scalatest.SuperEngine.runTestsInBranch(Engine.scala:396)
[info]   at org.scalatest.SuperEngine.runTestsImpl(Engine.scala:475)
[info]   at org.scalatest.funsuite.AnyFunSuiteLike.runTests(AnyFunSuiteLike.scala:269)
[info]   at org.scalatest.funsuite.AnyFunSuiteLike.runTests$(AnyFunSuiteLike.scala:268)
[info]   at org.scalatest.funsuite.AnyFunSuite.runTests(AnyFunSuite.scala:1564)
[info]   at org.scalatest.Suite.run(Suite.scala:1114)
[info]   at org.scalatest.Suite.run$(Suite.scala:1096)
[info]   at org.scalatest.funsuite.AnyFunSuite.org$scalatest$funsuite$AnyFunSuiteLike$$super$run(AnyFunSuite.scala:1564)
[info]   at org.scalatest.funsuite.AnyFunSuiteLike.$anonfun$run$1(AnyFunSuiteLike.scala:273)
[info]   at org.scalatest.SuperEngine.runImpl(Engine.scala:535)
[info]   at org.scalatest.funsuite.AnyFunSuiteLike.run(AnyFunSuiteLike.scala:273)
[info]   at org.scalatest.funsuite.AnyFunSuiteLike.run$(AnyFunSuiteLike.scala:272)
[info]   at frameless.TypedDatasetSuite.org$scalatest$BeforeAndAfterAll$$super$run(TypedDatasetSuite.scala:63)
[info]   at org.scalatest.BeforeAndAfterAll.liftedTree1$1(BeforeAndAfterAll.scala:213)
[info]   at org.scalatest.BeforeAndAfterAll.run(BeforeAndAfterAll.scala:210)
[info]   at org.scalatest.BeforeAndAfterAll.run$(BeforeAndAfterAll.scala:208)
[info]   at frameless.TypedDatasetSuite.run(TypedDatasetSuite.scala:63)
[info]   at org.scalatest.tools.Framework.org$scalatest$tools$Framework$$runSuite(Framework.scala:321)
[info]   at org.scalatest.tools.Framework$ScalaTestTask.execute(Framework.scala:517)
[info]   at sbt.ForkMain$Run.lambda$runTest$1(ForkMain.java:414)
[info]   at java.base/java.util.concurrent.FutureTask.run(FutureTask.java:317)
[info]   at java.base/java.util.concurrent.ThreadPoolExecutor.runWorker(ThreadPoolExecutor.java:1144)
[info]   at java.base/java.util.concurrent.ThreadPoolExecutor$Worker.run(ThreadPoolExecutor.java:642)
[info]   at java.base/java.lang.Thread.run(Thread.java:1583)
[info]   Cause: java.lang.ClassCastException: Cannot cast scala.reflect.ClassTag$GenericClassTag to org.apache.spark.sql.catalyst.expressions.Expression
[info]   at java.base/java.lang.Class.cast(Class.java:4067)
[info]   at java.base/jdk.internal.reflect.DirectConstructorHandleAccessor.newInstance(DirectConstructorHandleAccessor.java:62)
[info]   at java.base/java.lang.reflect.Constructor.newInstanceWithCaller(Constructor.java:502)
[info]   at java.base/java.lang.reflect.Constructor.newInstance(Constructor.java:486)
[info]   at frameless.TypedExpressionEncoder$.$anonfun$apply$3(TypedExpressionEncoder.scala:55)
[info]   at scala.Option.map(Option.scala:242)
[info]   at frameless.TypedExpressionEncoder$.apply(TypedExpressionEncoder.scala:54)
[info]   at frameless.TypedDataset$.create(TypedDataset.scala:1325)
[info]   at frameless.functions.AggregateFunctionsTests.prop$13(AggregateFunctionsTests.scala:340)
[info]   at frameless.functions.AggregateFunctionsTests.$anonfun$new$312(AggregateFunctionsTests.scala:346)
[info]   at scala.Function1.$anonfun$andThen$1(Function1.scala:87)
[info]   at org.scalacheck.Prop$.$anonfun$forAllShrink$2(Prop.scala:868)
[info]   at org.scalacheck.Prop$.secure(Prop.scala:484)
[info]   at org.scalacheck.Prop$.result$1(Prop.scala:868)
[info]   at org.scalacheck.Prop$.$anonfun$forAllShrink$1(Prop.scala:915)
[info]   at org.scalacheck.Prop$.$anonfun$apply$1(Prop.scala:305)
[info]   at org.scalacheck.PropFromFun.apply(Prop.scala:20)
[info]   at org.scalacheck.Test$.workerFun$1(Test.scala:486)
[info]   at org.scalacheck.Test$.$anonfun$check$4(Test.scala:518)
[info]   at org.scalacheck.Test$.$anonfun$check$4$adapted(Test.scala:518)
[info]   at org.scalacheck.Platform$.runWorkers(Platform.scala:42)
[info]   at org.scalacheck.Test$.check(Test.scala:518)
[info]   at org.scalatestplus.scalacheck.UnitCheckerAsserting$CheckerAssertingImpl.check(CheckerAsserting.scala:90)
[info]   at org.scalatestplus.scalacheck.Checkers.check(Checkers.scala:371)
[info]   at org.scalatestplus.scalacheck.Checkers.check$(Checkers.scala:369)
[info]   at frameless.TypedDatasetSuite.check(TypedDatasetSuite.scala:63)
[info]   at frameless.functions.AggregateFunctionsTests.$anonfun$new$297(AggregateFunctionsTests.scala:346)
[info]   at org.scalatest.OutcomeOf.outcomeOf(OutcomeOf.scala:85)
[info]   at org.scalatest.OutcomeOf.outcomeOf$(OutcomeOf.scala:83)
[info]   at org.scalatest.OutcomeOf$.outcomeOf(OutcomeOf.scala:104)
[info]   at org.scalatest.Transformer.apply(Transformer.scala:22)
[info]   at org.scalatest.Transformer.apply(Transformer.scala:20)
[info]   at org.scalatest.funsuite.AnyFunSuiteLike$$anon$1.apply(AnyFunSuiteLike.scala:226)
[info]   at org.scalatest.TestSuite.withFixture(TestSuite.scala:196)
[info]   at org.scalatest.TestSuite.withFixture$(TestSuite.scala:195)
[info]   at org.scalatest.funsuite.AnyFunSuite.withFixture(AnyFunSuite.scala:1564)
[info]   at org.scalatest.funsuite.AnyFunSuiteLike.invokeWithFixture$1(AnyFunSuiteLike.scala:224)
[info]   at org.scalatest.funsuite.AnyFunSuiteLike.$anonfun$runTest$1(AnyFunSuiteLike.scala:236)
[info]   at org.scalatest.SuperEngine.runTestImpl(Engine.scala:306)
[info]   at org.scalatest.funsuite.AnyFunSuiteLike.runTest(AnyFunSuiteLike.scala:236)
[info]   at org.scalatest.funsuite.AnyFunSuiteLike.runTest$(AnyFunSuiteLike.scala:218)
[info]   at org.scalatest.funsuite.AnyFunSuite.runTest(AnyFunSuite.scala:1564)
[info]   at org.scalatest.funsuite.AnyFunSuiteLike.$anonfun$runTests$1(AnyFunSuiteLike.scala:269)
[info]   at org.scalatest.SuperEngine.$anonfun$runTestsInBranch$1(Engine.scala:413)
[info]   at scala.collection.immutable.List.foreach(List.scala:334)
[info]   at org.scalatest.SuperEngine.traverseSubNodes$1(Engine.scala:401)
[info]   at org.scalatest.SuperEngine.runTestsInBranch(Engine.scala:396)
[info]   at org.scalatest.SuperEngine.runTestsImpl(Engine.scala:475)
[info]   at org.scalatest.funsuite.AnyFunSuiteLike.runTests(AnyFunSuiteLike.scala:269)
[info]   at org.scalatest.funsuite.AnyFunSuiteLike.runTests$(AnyFunSuiteLike.scala:268)
[info]   at org.scalatest.funsuite.AnyFunSuite.runTests(AnyFunSuite.scala:1564)
[info]   at org.scalatest.Suite.run(Suite.scala:1114)
[info]   at org.scalatest.Suite.run$(Suite.scala:1096)
[info]   at org.scalatest.funsuite.AnyFunSuite.org$scalatest$funsuite$AnyFunSuiteLike$$super$run(AnyFunSuite.scala:1564)
[info]   at org.scalatest.funsuite.AnyFunSuiteLike.$anonfun$run$1(AnyFunSuiteLike.scala:273)
[info]   at org.scalatest.SuperEngine.runImpl(Engine.scala:535)
[info]   at org.scalatest.funsuite.AnyFunSuiteLike.run(AnyFunSuiteLike.scala:273)
[info]   at org.scalatest.funsuite.AnyFunSuiteLike.run$(AnyFunSuiteLike.scala:272)
[info]   at frameless.TypedDatasetSuite.org$scalatest$BeforeAndAfterAll$$super$run(TypedDatasetSuite.scala:63)
[info]   at org.scalatest.BeforeAndAfterAll.liftedTree1$1(BeforeAndAfterAll.scala:213)
[info]   at org.scalatest.BeforeAndAfterAll.run(BeforeAndAfterAll.scala:210)
[info]   at org.scalatest.BeforeAndAfterAll.run$(BeforeAndAfterAll.scala:208)
[info]   at frameless.TypedDatasetSuite.run(TypedDatasetSuite.scala:63)
[info]   at org.scalatest.tools.Framework.org$scalatest$tools$Framework$$runSuite(Framework.scala:321)
[info]   at org.scalatest.tools.Framework$ScalaTestTask.execute(Framework.scala:517)
[info]   at sbt.ForkMain$Run.lambda$runTest$1(ForkMain.java:414)
[info]   at java.base/java.util.concurrent.FutureTask.run(FutureTask.java:317)
[info]   at java.base/java.util.concurrent.ThreadPoolExecutor.runWorker(ThreadPoolExecutor.java:1144)
[info]   at java.base/java.util.concurrent.ThreadPoolExecutor$Worker.run(ThreadPoolExecutor.java:642)
[info]   at java.base/java.lang.Thread.run(Thread.java:1583)
[info] - collectSet *** FAILED *** (7 milliseconds)
[info]   IllegalArgumentException was thrown during property evaluation.
[info]     Message: argument type mismatch
[info]     Occurred when passed generated values (
[info]       arg0 = List()
[info]     )
[info]   org.scalatest.exceptions.GeneratorDrivenPropertyCheckFailedException:
[info]   at org.scalatestplus.scalacheck.CheckerAsserting$$anon$2.indicateFailure(CheckerAsserting.scala:251)
[info]   at org.scalatestplus.scalacheck.CheckerAsserting$$anon$2.indicateFailure(CheckerAsserting.scala:238)
[info]   at org.scalatestplus.scalacheck.UnitCheckerAsserting$CheckerAssertingImpl.check(CheckerAsserting.scala:160)
[info]   at org.scalatestplus.scalacheck.Checkers.check(Checkers.scala:371)
[info]   at org.scalatestplus.scalacheck.Checkers.check$(Checkers.scala:369)
[info]   at frameless.TypedDatasetSuite.check(TypedDatasetSuite.scala:63)
[info]   at frameless.functions.AggregateFunctionsTests.$anonfun$new$320(AggregateFunctionsTests.scala:360)
[info]   at org.scalatest.OutcomeOf.outcomeOf(OutcomeOf.scala:85)
[info]   at org.scalatest.OutcomeOf.outcomeOf$(OutcomeOf.scala:83)
[info]   at org.scalatest.OutcomeOf$.outcomeOf(OutcomeOf.scala:104)
[info]   at org.scalatest.Transformer.apply(Transformer.scala:22)
[info]   at org.scalatest.Transformer.apply(Transformer.scala:20)
[info]   at org.scalatest.funsuite.AnyFunSuiteLike$$anon$1.apply(AnyFunSuiteLike.scala:226)
[info]   at org.scalatest.TestSuite.withFixture(TestSuite.scala:196)
[info]   at org.scalatest.TestSuite.withFixture$(TestSuite.scala:195)
[info]   at org.scalatest.funsuite.AnyFunSuite.withFixture(AnyFunSuite.scala:1564)
[info]   at org.scalatest.funsuite.AnyFunSuiteLike.invokeWithFixture$1(AnyFunSuiteLike.scala:224)
[info]   at org.scalatest.funsuite.AnyFunSuiteLike.$anonfun$runTest$1(AnyFunSuiteLike.scala:236)
[info]   at org.scalatest.SuperEngine.runTestImpl(Engine.scala:306)
[info]   at org.scalatest.funsuite.AnyFunSuiteLike.runTest(AnyFunSuiteLike.scala:236)
[info]   at org.scalatest.funsuite.AnyFunSuiteLike.runTest$(AnyFunSuiteLike.scala:218)
[info]   at org.scalatest.funsuite.AnyFunSuite.runTest(AnyFunSuite.scala:1564)
[info]   at org.scalatest.funsuite.AnyFunSuiteLike.$anonfun$runTests$1(AnyFunSuiteLike.scala:269)
[info]   at org.scalatest.SuperEngine.$anonfun$runTestsInBranch$1(Engine.scala:413)
[info]   at scala.collection.immutable.List.foreach(List.scala:334)
[info]   at org.scalatest.SuperEngine.traverseSubNodes$1(Engine.scala:401)
[info]   at org.scalatest.SuperEngine.runTestsInBranch(Engine.scala:396)
[info]   at org.scalatest.SuperEngine.runTestsImpl(Engine.scala:475)
[info]   at org.scalatest.funsuite.AnyFunSuiteLike.runTests(AnyFunSuiteLike.scala:269)
[info]   at org.scalatest.funsuite.AnyFunSuiteLike.runTests$(AnyFunSuiteLike.scala:268)
[info]   at org.scalatest.funsuite.AnyFunSuite.runTests(AnyFunSuite.scala:1564)
[info]   at org.scalatest.Suite.run(Suite.scala:1114)
[info]   at org.scalatest.Suite.run$(Suite.scala:1096)
[info]   at org.scalatest.funsuite.AnyFunSuite.org$scalatest$funsuite$AnyFunSuiteLike$$super$run(AnyFunSuite.scala:1564)
[info]   at org.scalatest.funsuite.AnyFunSuiteLike.$anonfun$run$1(AnyFunSuiteLike.scala:273)
[info]   at org.scalatest.SuperEngine.runImpl(Engine.scala:535)
[info]   at org.scalatest.funsuite.AnyFunSuiteLike.run(AnyFunSuiteLike.scala:273)
[info]   at org.scalatest.funsuite.AnyFunSuiteLike.run$(AnyFunSuiteLike.scala:272)
[info]   at frameless.TypedDatasetSuite.org$scalatest$BeforeAndAfterAll$$super$run(TypedDatasetSuite.scala:63)
[info]   at org.scalatest.BeforeAndAfterAll.liftedTree1$1(BeforeAndAfterAll.scala:213)
[info]   at org.scalatest.BeforeAndAfterAll.run(BeforeAndAfterAll.scala:210)
[info]   at org.scalatest.BeforeAndAfterAll.run$(BeforeAndAfterAll.scala:208)
[info]   at frameless.TypedDatasetSuite.run(TypedDatasetSuite.scala:63)
[info]   at org.scalatest.tools.Framework.org$scalatest$tools$Framework$$runSuite(Framework.scala:321)
[info]   at org.scalatest.tools.Framework$ScalaTestTask.execute(Framework.scala:517)
[info]   at sbt.ForkMain$Run.lambda$runTest$1(ForkMain.java:414)
[info]   at java.base/java.util.concurrent.FutureTask.run(FutureTask.java:317)
[info]   at java.base/java.util.concurrent.ThreadPoolExecutor.runWorker(ThreadPoolExecutor.java:1144)
[info]   at java.base/java.util.concurrent.ThreadPoolExecutor$Worker.run(ThreadPoolExecutor.java:642)
[info]   at java.base/java.lang.Thread.run(Thread.java:1583)
[info]   Cause: java.lang.IllegalArgumentException: argument type mismatch
[info]   at java.base/jdk.internal.reflect.DirectConstructorHandleAccessor.newInstance(DirectConstructorHandleAccessor.java:65)
[info]   at java.base/java.lang.reflect.Constructor.newInstanceWithCaller(Constructor.java:502)
[info]   at java.base/java.lang.reflect.Constructor.newInstance(Constructor.java:486)
[info]   at frameless.TypedExpressionEncoder$.$anonfun$apply$3(TypedExpressionEncoder.scala:55)
[info]   at scala.Option.map(Option.scala:242)
[info]   at frameless.TypedExpressionEncoder$.apply(TypedExpressionEncoder.scala:54)
[info]   at frameless.TypedDataset$.create(TypedDataset.scala:1325)
[info]   at frameless.functions.AggregateFunctionsTests.prop$14(AggregateFunctionsTests.scala:354)
[info]   at frameless.functions.AggregateFunctionsTests.$anonfun$new$335(AggregateFunctionsTests.scala:360)
[info]   at scala.Function1.$anonfun$andThen$1(Function1.scala:87)
[info]   at org.scalacheck.Prop$.$anonfun$forAllShrink$2(Prop.scala:868)
[info]   at org.scalacheck.Prop$.secure(Prop.scala:484)
[info]   at org.scalacheck.Prop$.result$1(Prop.scala:868)
[info]   at org.scalacheck.Prop$.$anonfun$forAllShrink$1(Prop.scala:915)
[info]   at org.scalacheck.Prop$.$anonfun$apply$1(Prop.scala:305)
[info]   at org.scalacheck.PropFromFun.apply(Prop.scala:20)
[info]   at org.scalacheck.Test$.workerFun$1(Test.scala:486)
[info]   at org.scalacheck.Test$.$anonfun$check$4(Test.scala:518)
[info]   at org.scalacheck.Test$.$anonfun$check$4$adapted(Test.scala:518)
[info]   at org.scalacheck.Platform$.runWorkers(Platform.scala:42)
[info]   at org.scalacheck.Test$.check(Test.scala:518)
[info]   at org.scalatestplus.scalacheck.UnitCheckerAsserting$CheckerAssertingImpl.check(CheckerAsserting.scala:90)
[info]   at org.scalatestplus.scalacheck.Checkers.check(Checkers.scala:371)
[info]   at org.scalatestplus.scalacheck.Checkers.check$(Checkers.scala:369)
[info]   at frameless.TypedDatasetSuite.check(TypedDatasetSuite.scala:63)
[info]   at frameless.functions.AggregateFunctionsTests.$anonfun$new$320(AggregateFunctionsTests.scala:360)
[info]   at org.scalatest.OutcomeOf.outcomeOf(OutcomeOf.scala:85)
[info]   at org.scalatest.OutcomeOf.outcomeOf$(OutcomeOf.scala:83)
[info]   at org.scalatest.OutcomeOf$.outcomeOf(OutcomeOf.scala:104)
[info]   at org.scalatest.Transformer.apply(Transformer.scala:22)
[info]   at org.scalatest.Transformer.apply(Transformer.scala:20)
[info]   at org.scalatest.funsuite.AnyFunSuiteLike$$anon$1.apply(AnyFunSuiteLike.scala:226)
[info]   at org.scalatest.TestSuite.withFixture(TestSuite.scala:196)
[info]   at org.scalatest.TestSuite.withFixture$(TestSuite.scala:195)
[info]   at org.scalatest.funsuite.AnyFunSuite.withFixture(AnyFunSuite.scala:1564)
[info]   at org.scalatest.funsuite.AnyFunSuiteLike.invokeWithFixture$1(AnyFunSuiteLike.scala:224)
[info]   at org.scalatest.funsuite.AnyFunSuiteLike.$anonfun$runTest$1(AnyFunSuiteLike.scala:236)
[info]   at org.scalatest.SuperEngine.runTestImpl(Engine.scala:306)
[info]   at org.scalatest.funsuite.AnyFunSuiteLike.runTest(AnyFunSuiteLike.scala:236)
[info]   at org.scalatest.funsuite.AnyFunSuiteLike.runTest$(AnyFunSuiteLike.scala:218)
[info]   at org.scalatest.funsuite.AnyFunSuite.runTest(AnyFunSuite.scala:1564)
[info]   at org.scalatest.funsuite.AnyFunSuiteLike.$anonfun$runTests$1(AnyFunSuiteLike.scala:269)
[info]   at org.scalatest.SuperEngine.$anonfun$runTestsInBranch$1(Engine.scala:413)
[info]   at scala.collection.immutable.List.foreach(List.scala:334)
[info]   at org.scalatest.SuperEngine.traverseSubNodes$1(Engine.scala:401)
[info]   at org.scalatest.SuperEngine.runTestsInBranch(Engine.scala:396)
[info]   at org.scalatest.SuperEngine.runTestsImpl(Engine.scala:475)
[info]   at org.scalatest.funsuite.AnyFunSuiteLike.runTests(AnyFunSuiteLike.scala:269)
[info]   at org.scalatest.funsuite.AnyFunSuiteLike.runTests$(AnyFunSuiteLike.scala:268)
[info]   at org.scalatest.funsuite.AnyFunSuite.runTests(AnyFunSuite.scala:1564)
[info]   at org.scalatest.Suite.run(Suite.scala:1114)
[info]   at org.scalatest.Suite.run$(Suite.scala:1096)
[info]   at org.scalatest.funsuite.AnyFunSuite.org$scalatest$funsuite$AnyFunSuiteLike$$super$run(AnyFunSuite.scala:1564)
[info]   at org.scalatest.funsuite.AnyFunSuiteLike.$anonfun$run$1(AnyFunSuiteLike.scala:273)
[info]   at org.scalatest.SuperEngine.runImpl(Engine.scala:535)
[info]   at org.scalatest.funsuite.AnyFunSuiteLike.run(AnyFunSuiteLike.scala:273)
[info]   at org.scalatest.funsuite.AnyFunSuiteLike.run$(AnyFunSuiteLike.scala:272)
[info]   at frameless.TypedDatasetSuite.org$scalatest$BeforeAndAfterAll$$super$run(TypedDatasetSuite.scala:63)
[info]   at org.scalatest.BeforeAndAfterAll.liftedTree1$1(BeforeAndAfterAll.scala:213)
[info]   at org.scalatest.BeforeAndAfterAll.run(BeforeAndAfterAll.scala:210)
[info]   at org.scalatest.BeforeAndAfterAll.run$(BeforeAndAfterAll.scala:208)
[info]   at frameless.TypedDatasetSuite.run(TypedDatasetSuite.scala:63)
[info]   at org.scalatest.tools.Framework.org$scalatest$tools$Framework$$runSuite(Framework.scala:321)
[info]   at org.scalatest.tools.Framework$ScalaTestTask.execute(Framework.scala:517)
[info]   at sbt.ForkMain$Run.lambda$runTest$1(ForkMain.java:414)
[info]   at java.base/java.util.concurrent.FutureTask.run(FutureTask.java:317)
[info]   at java.base/java.util.concurrent.ThreadPoolExecutor.runWorker(ThreadPoolExecutor.java:1144)
[info]   at java.base/java.util.concurrent.ThreadPoolExecutor$Worker.run(ThreadPoolExecutor.java:642)
[info]   at java.base/java.lang.Thread.run(Thread.java:1583)
[info]   Cause: java.lang.ClassCastException: Cannot cast scala.reflect.ClassTag$GenericClassTag to org.apache.spark.sql.catalyst.expressions.Expression
[info]   at java.base/java.lang.Class.cast(Class.java:4067)
[info]   at java.base/jdk.internal.reflect.DirectConstructorHandleAccessor.newInstance(DirectConstructorHandleAccessor.java:62)
[info]   at java.base/java.lang.reflect.Constructor.newInstanceWithCaller(Constructor.java:502)
[info]   at java.base/java.lang.reflect.Constructor.newInstance(Constructor.java:486)
[info]   at frameless.TypedExpressionEncoder$.$anonfun$apply$3(TypedExpressionEncoder.scala:55)
[info]   at scala.Option.map(Option.scala:242)
[info]   at frameless.TypedExpressionEncoder$.apply(TypedExpressionEncoder.scala:54)
[info]   at frameless.TypedDataset$.create(TypedDataset.scala:1325)
[info]   at frameless.functions.AggregateFunctionsTests.prop$14(AggregateFunctionsTests.scala:354)
[info]   at frameless.functions.AggregateFunctionsTests.$anonfun$new$335(AggregateFunctionsTests.scala:360)
[info]   at scala.Function1.$anonfun$andThen$1(Function1.scala:87)
[info]   at org.scalacheck.Prop$.$anonfun$forAllShrink$2(Prop.scala:868)
[info]   at org.scalacheck.Prop$.secure(Prop.scala:484)
[info]   at org.scalacheck.Prop$.result$1(Prop.scala:868)
[info]   at org.scalacheck.Prop$.$anonfun$forAllShrink$1(Prop.scala:915)
[info]   at org.scalacheck.Prop$.$anonfun$apply$1(Prop.scala:305)
[info]   at org.scalacheck.PropFromFun.apply(Prop.scala:20)
[info]   at org.scalacheck.Test$.workerFun$1(Test.scala:486)
[info]   at org.scalacheck.Test$.$anonfun$check$4(Test.scala:518)
[info]   at org.scalacheck.Test$.$anonfun$check$4$adapted(Test.scala:518)
[info]   at org.scalacheck.Platform$.runWorkers(Platform.scala:42)
[info]   at org.scalacheck.Test$.check(Test.scala:518)
[info]   at org.scalatestplus.scalacheck.UnitCheckerAsserting$CheckerAssertingImpl.check(CheckerAsserting.scala:90)
[info]   at org.scalatestplus.scalacheck.Checkers.check(Checkers.scala:371)
[info]   at org.scalatestplus.scalacheck.Checkers.check$(Checkers.scala:369)
[info]   at frameless.TypedDatasetSuite.check(TypedDatasetSuite.scala:63)
[info]   at frameless.functions.AggregateFunctionsTests.$anonfun$new$320(AggregateFunctionsTests.scala:360)
[info]   at org.scalatest.OutcomeOf.outcomeOf(OutcomeOf.scala:85)
[info]   at org.scalatest.OutcomeOf.outcomeOf$(OutcomeOf.scala:83)
[info]   at org.scalatest.OutcomeOf$.outcomeOf(OutcomeOf.scala:104)
[info]   at org.scalatest.Transformer.apply(Transformer.scala:22)
[info]   at org.scalatest.Transformer.apply(Transformer.scala:20)
[info]   at org.scalatest.funsuite.AnyFunSuiteLike$$anon$1.apply(AnyFunSuiteLike.scala:226)
[info]   at org.scalatest.TestSuite.withFixture(TestSuite.scala:196)
[info]   at org.scalatest.TestSuite.withFixture$(TestSuite.scala:195)
[info]   at org.scalatest.funsuite.AnyFunSuite.withFixture(AnyFunSuite.scala:1564)
[info]   at org.scalatest.funsuite.AnyFunSuiteLike.invokeWithFixture$1(AnyFunSuiteLike.scala:224)
[info]   at org.scalatest.funsuite.AnyFunSuiteLike.$anonfun$runTest$1(AnyFunSuiteLike.scala:236)
[info]   at org.scalatest.SuperEngine.runTestImpl(Engine.scala:306)
[info]   at org.scalatest.funsuite.AnyFunSuiteLike.runTest(AnyFunSuiteLike.scala:236)
[info]   at org.scalatest.funsuite.AnyFunSuiteLike.runTest$(AnyFunSuiteLike.scala:218)
[info]   at org.scalatest.funsuite.AnyFunSuite.runTest(AnyFunSuite.scala:1564)
[info]   at org.scalatest.funsuite.AnyFunSuiteLike.$anonfun$runTests$1(AnyFunSuiteLike.scala:269)
[info]   at org.scalatest.SuperEngine.$anonfun$runTestsInBranch$1(Engine.scala:413)
[info]   at scala.collection.immutable.List.foreach(List.scala:334)
[info]   at org.scalatest.SuperEngine.traverseSubNodes$1(Engine.scala:401)
[info]   at org.scalatest.SuperEngine.runTestsInBranch(Engine.scala:396)
[info]   at org.scalatest.SuperEngine.runTestsImpl(Engine.scala:475)
[info]   at org.scalatest.funsuite.AnyFunSuiteLike.runTests(AnyFunSuiteLike.scala:269)
[info]   at org.scalatest.funsuite.AnyFunSuiteLike.runTests$(AnyFunSuiteLike.scala:268)
[info]   at org.scalatest.funsuite.AnyFunSuite.runTests(AnyFunSuite.scala:1564)
[info]   at org.scalatest.Suite.run(Suite.scala:1114)
[info]   at org.scalatest.Suite.run$(Suite.scala:1096)
[info]   at org.scalatest.funsuite.AnyFunSuite.org$scalatest$funsuite$AnyFunSuiteLike$$super$run(AnyFunSuite.scala:1564)
[info]   at org.scalatest.funsuite.AnyFunSuiteLike.$anonfun$run$1(AnyFunSuiteLike.scala:273)
[info]   at org.scalatest.SuperEngine.runImpl(Engine.scala:535)
[info]   at org.scalatest.funsuite.AnyFunSuiteLike.run(AnyFunSuiteLike.scala:273)
[info]   at org.scalatest.funsuite.AnyFunSuiteLike.run$(AnyFunSuiteLike.scala:272)
[info]   at frameless.TypedDatasetSuite.org$scalatest$BeforeAndAfterAll$$super$run(TypedDatasetSuite.scala:63)
[info]   at org.scalatest.BeforeAndAfterAll.liftedTree1$1(BeforeAndAfterAll.scala:213)
[info]   at org.scalatest.BeforeAndAfterAll.run(BeforeAndAfterAll.scala:210)
[info]   at org.scalatest.BeforeAndAfterAll.run$(BeforeAndAfterAll.scala:208)
[info]   at frameless.TypedDatasetSuite.run(TypedDatasetSuite.scala:63)
[info]   at org.scalatest.tools.Framework.org$scalatest$tools$Framework$$runSuite(Framework.scala:321)
[info]   at org.scalatest.tools.Framework$ScalaTestTask.execute(Framework.scala:517)
[info]   at sbt.ForkMain$Run.lambda$runTest$1(ForkMain.java:414)
[info]   at java.base/java.util.concurrent.FutureTask.run(FutureTask.java:317)
[info]   at java.base/java.util.concurrent.ThreadPoolExecutor.runWorker(ThreadPoolExecutor.java:1144)
[info]   at java.base/java.util.concurrent.ThreadPoolExecutor$Worker.run(ThreadPoolExecutor.java:642)
[info]   at java.base/java.lang.Thread.run(Thread.java:1583)
[info] - lit *** FAILED *** (62 milliseconds)
[info]   IllegalArgumentException was thrown during property evaluation.
[info]     Message: argument type mismatch
[info]     Occurred when passed generated values (
[info]       arg0 = List(),
[info]       arg1 = 0 // 62 shrinks
[info]     )
[info]   org.scalatest.exceptions.GeneratorDrivenPropertyCheckFailedException:
[info]   at org.scalatestplus.scalacheck.CheckerAsserting$$anon$2.indicateFailure(CheckerAsserting.scala:251)
[info]   at org.scalatestplus.scalacheck.CheckerAsserting$$anon$2.indicateFailure(CheckerAsserting.scala:238)
[info]   at org.scalatestplus.scalacheck.UnitCheckerAsserting$CheckerAssertingImpl.check(CheckerAsserting.scala:160)
[info]   at org.scalatestplus.scalacheck.Checkers.check(Checkers.scala:371)
[info]   at org.scalatestplus.scalacheck.Checkers.check$(Checkers.scala:369)
[info]   at frameless.TypedDatasetSuite.check(TypedDatasetSuite.scala:63)
[info]   at frameless.functions.AggregateFunctionsTests.$anonfun$new$343(AggregateFunctionsTests.scala:372)
[info]   at org.scalatest.OutcomeOf.outcomeOf(OutcomeOf.scala:85)
[info]   at org.scalatest.OutcomeOf.outcomeOf$(OutcomeOf.scala:83)
[info]   at org.scalatest.OutcomeOf$.outcomeOf(OutcomeOf.scala:104)
[info]   at org.scalatest.Transformer.apply(Transformer.scala:22)
[info]   at org.scalatest.Transformer.apply(Transformer.scala:20)
[info]   at org.scalatest.funsuite.AnyFunSuiteLike$$anon$1.apply(AnyFunSuiteLike.scala:226)
[info]   at org.scalatest.TestSuite.withFixture(TestSuite.scala:196)
[info]   at org.scalatest.TestSuite.withFixture$(TestSuite.scala:195)
[info]   at org.scalatest.funsuite.AnyFunSuite.withFixture(AnyFunSuite.scala:1564)
[info]   at org.scalatest.funsuite.AnyFunSuiteLike.invokeWithFixture$1(AnyFunSuiteLike.scala:224)
[info]   at org.scalatest.funsuite.AnyFunSuiteLike.$anonfun$runTest$1(AnyFunSuiteLike.scala:236)
[info]   at org.scalatest.SuperEngine.runTestImpl(Engine.scala:306)
[info]   at org.scalatest.funsuite.AnyFunSuiteLike.runTest(AnyFunSuiteLike.scala:236)
[info]   at org.scalatest.funsuite.AnyFunSuiteLike.runTest$(AnyFunSuiteLike.scala:218)
[info]   at org.scalatest.funsuite.AnyFunSuite.runTest(AnyFunSuite.scala:1564)
[info]   at org.scalatest.funsuite.AnyFunSuiteLike.$anonfun$runTests$1(AnyFunSuiteLike.scala:269)
[info]   at org.scalatest.SuperEngine.$anonfun$runTestsInBranch$1(Engine.scala:413)
[info]   at scala.collection.immutable.List.foreach(List.scala:334)
[info]   at org.scalatest.SuperEngine.traverseSubNodes$1(Engine.scala:401)
[info]   at org.scalatest.SuperEngine.runTestsInBranch(Engine.scala:396)
[info]   at org.scalatest.SuperEngine.runTestsImpl(Engine.scala:475)
[info]   at org.scalatest.funsuite.AnyFunSuiteLike.runTests(AnyFunSuiteLike.scala:269)
[info]   at org.scalatest.funsuite.AnyFunSuiteLike.runTests$(AnyFunSuiteLike.scala:268)
[info]   at org.scalatest.funsuite.AnyFunSuite.runTests(AnyFunSuite.scala:1564)
[info]   at org.scalatest.Suite.run(Suite.scala:1114)
[info]   at org.scalatest.Suite.run$(Suite.scala:1096)
[info]   at org.scalatest.funsuite.AnyFunSuite.org$scalatest$funsuite$AnyFunSuiteLike$$super$run(AnyFunSuite.scala:1564)
[info]   at org.scalatest.funsuite.AnyFunSuiteLike.$anonfun$run$1(AnyFunSuiteLike.scala:273)
[info]   at org.scalatest.SuperEngine.runImpl(Engine.scala:535)
[info]   at org.scalatest.funsuite.AnyFunSuiteLike.run(AnyFunSuiteLike.scala:273)
[info]   at org.scalatest.funsuite.AnyFunSuiteLike.run$(AnyFunSuiteLike.scala:272)
[info]   at frameless.TypedDatasetSuite.org$scalatest$BeforeAndAfterAll$$super$run(TypedDatasetSuite.scala:63)
[info]   at org.scalatest.BeforeAndAfterAll.liftedTree1$1(BeforeAndAfterAll.scala:213)
[info]   at org.scalatest.BeforeAndAfterAll.run(BeforeAndAfterAll.scala:210)
[info]   at org.scalatest.BeforeAndAfterAll.run$(BeforeAndAfterAll.scala:208)
[info]   at frameless.TypedDatasetSuite.run(TypedDatasetSuite.scala:63)
[info]   at org.scalatest.tools.Framework.org$scalatest$tools$Framework$$runSuite(Framework.scala:321)
[info]   at org.scalatest.tools.Framework$ScalaTestTask.execute(Framework.scala:517)
[info]   at sbt.ForkMain$Run.lambda$runTest$1(ForkMain.java:414)
[info]   at java.base/java.util.concurrent.FutureTask.run(FutureTask.java:317)
[info]   at java.base/java.util.concurrent.ThreadPoolExecutor.runWorker(ThreadPoolExecutor.java:1144)
[info]   at java.base/java.util.concurrent.ThreadPoolExecutor$Worker.run(ThreadPoolExecutor.java:642)
[info]   at java.base/java.lang.Thread.run(Thread.java:1583)
[info]   Cause: java.lang.IllegalArgumentException: argument type mismatch
[info]   at java.base/jdk.internal.reflect.DirectConstructorHandleAccessor.newInstance(DirectConstructorHandleAccessor.java:65)
[info]   at java.base/java.lang.reflect.Constructor.newInstanceWithCaller(Constructor.java:502)
[info]   at java.base/java.lang.reflect.Constructor.newInstance(Constructor.java:486)
[info]   at frameless.TypedExpressionEncoder$.$anonfun$apply$3(TypedExpressionEncoder.scala:55)
[info]   at scala.Option.map(Option.scala:242)
[info]   at frameless.TypedExpressionEncoder$.apply(TypedExpressionEncoder.scala:54)
[info]   at frameless.TypedDataset$.create(TypedDataset.scala:1325)
[info]   at frameless.functions.AggregateFunctionsTests.prop$15(AggregateFunctionsTests.scala:368)
[info]   at frameless.functions.AggregateFunctionsTests.$anonfun$new$353(AggregateFunctionsTests.scala:372)
[info]   at frameless.functions.AggregateFunctionsTests.$anonfun$new$353$adapted(AggregateFunctionsTests.scala:372)
[info]   at org.scalacheck.Prop$.$anonfun$forAll$18(Prop.scala:1131)
[info]   at scala.Function1.$anonfun$andThen$1(Function1.scala:87)
[info]   at org.scalacheck.Prop$.$anonfun$forAllShrink$2(Prop.scala:868)
[info]   at org.scalacheck.Prop$.secure(Prop.scala:484)
[info]   at org.scalacheck.Prop$.result$1(Prop.scala:868)
[info]   at org.scalacheck.Prop$.$anonfun$forAllShrink$4(Prop.scala:880)
[info]   at scala.collection.immutable.Stream.map(Stream.scala:173)
[info]   at org.scalacheck.Prop$.getFirstFailure$1(Prop.scala:880)
[info]   at org.scalacheck.Prop$.shrinker$1(Prop.scala:895)
[info]   at org.scalacheck.Prop$.$anonfun$forAllShrink$1(Prop.scala:916)
[info]   at org.scalacheck.Prop$.$anonfun$apply$1(Prop.scala:305)
[info]   at org.scalacheck.PropFromFun.apply(Prop.scala:20)
[info]   at org.scalacheck.Prop$.result$1(Prop.scala:869)
[info]   at org.scalacheck.Prop$.$anonfun$forAllShrink$1(Prop.scala:915)
[info]   at org.scalacheck.Prop$.$anonfun$apply$1(Prop.scala:305)
[info]   at org.scalacheck.PropFromFun.apply(Prop.scala:20)
[info]   at org.scalacheck.Test$.workerFun$1(Test.scala:486)
[info]   at org.scalacheck.Test$.$anonfun$check$4(Test.scala:518)
[info]   at org.scalacheck.Test$.$anonfun$check$4$adapted(Test.scala:518)
[info]   at org.scalacheck.Platform$.runWorkers(Platform.scala:42)
[info]   at org.scalacheck.Test$.check(Test.scala:518)
[info]   at org.scalatestplus.scalacheck.UnitCheckerAsserting$CheckerAssertingImpl.check(CheckerAsserting.scala:90)
[info]   at org.scalatestplus.scalacheck.Checkers.check(Checkers.scala:371)
[info]   at org.scalatestplus.scalacheck.Checkers.check$(Checkers.scala:369)
[info]   at frameless.TypedDatasetSuite.check(TypedDatasetSuite.scala:63)
[info]   at frameless.functions.AggregateFunctionsTests.$anonfun$new$343(AggregateFunctionsTests.scala:372)
[info]   at org.scalatest.OutcomeOf.outcomeOf(OutcomeOf.scala:85)
[info]   at org.scalatest.OutcomeOf.outcomeOf$(OutcomeOf.scala:83)
[info]   at org.scalatest.OutcomeOf$.outcomeOf(OutcomeOf.scala:104)
[info]   at org.scalatest.Transformer.apply(Transformer.scala:22)
[info]   at org.scalatest.Transformer.apply(Transformer.scala:20)
[info]   at org.scalatest.funsuite.AnyFunSuiteLike$$anon$1.apply(AnyFunSuiteLike.scala:226)
[info]   at org.scalatest.TestSuite.withFixture(TestSuite.scala:196)
[info]   at org.scalatest.TestSuite.withFixture$(TestSuite.scala:195)
[info]   at org.scalatest.funsuite.AnyFunSuite.withFixture(AnyFunSuite.scala:1564)
[info]   at org.scalatest.funsuite.AnyFunSuiteLike.invokeWithFixture$1(AnyFunSuiteLike.scala:224)
[info]   at org.scalatest.funsuite.AnyFunSuiteLike.$anonfun$runTest$1(AnyFunSuiteLike.scala:236)
[info]   at org.scalatest.SuperEngine.runTestImpl(Engine.scala:306)
[info]   at org.scalatest.funsuite.AnyFunSuiteLike.runTest(AnyFunSuiteLike.scala:236)
[info]   at org.scalatest.funsuite.AnyFunSuiteLike.runTest$(AnyFunSuiteLike.scala:218)
[info]   at org.scalatest.funsuite.AnyFunSuite.runTest(AnyFunSuite.scala:1564)
[info]   at org.scalatest.funsuite.AnyFunSuiteLike.$anonfun$runTests$1(AnyFunSuiteLike.scala:269)
[info]   at org.scalatest.SuperEngine.$anonfun$runTestsInBranch$1(Engine.scala:413)
[info]   at scala.collection.immutable.List.foreach(List.scala:334)
[info]   at org.scalatest.SuperEngine.traverseSubNodes$1(Engine.scala:401)
[info]   at org.scalatest.SuperEngine.runTestsInBranch(Engine.scala:396)
[info]   at org.scalatest.SuperEngine.runTestsImpl(Engine.scala:475)
[info]   at org.scalatest.funsuite.AnyFunSuiteLike.runTests(AnyFunSuiteLike.scala:269)
[info]   at org.scalatest.funsuite.AnyFunSuiteLike.runTests$(AnyFunSuiteLike.scala:268)
[info]   at org.scalatest.funsuite.AnyFunSuite.runTests(AnyFunSuite.scala:1564)
[info]   at org.scalatest.Suite.run(Suite.scala:1114)
[info]   at org.scalatest.Suite.run$(Suite.scala:1096)
[info]   at org.scalatest.funsuite.AnyFunSuite.org$scalatest$funsuite$AnyFunSuiteLike$$super$run(AnyFunSuite.scala:1564)
[info]   at org.scalatest.funsuite.AnyFunSuiteLike.$anonfun$run$1(AnyFunSuiteLike.scala:273)
[info]   at org.scalatest.SuperEngine.runImpl(Engine.scala:535)
[info]   at org.scalatest.funsuite.AnyFunSuiteLike.run(AnyFunSuiteLike.scala:273)
[info]   at org.scalatest.funsuite.AnyFunSuiteLike.run$(AnyFunSuiteLike.scala:272)
[info]   at frameless.TypedDatasetSuite.org$scalatest$BeforeAndAfterAll$$super$run(TypedDatasetSuite.scala:63)
[info]   at org.scalatest.BeforeAndAfterAll.liftedTree1$1(BeforeAndAfterAll.scala:213)
[info]   at org.scalatest.BeforeAndAfterAll.run(BeforeAndAfterAll.scala:210)
[info]   at org.scalatest.BeforeAndAfterAll.run$(BeforeAndAfterAll.scala:208)
[info]   at frameless.TypedDatasetSuite.run(TypedDatasetSuite.scala:63)
[info]   at org.scalatest.tools.Framework.org$scalatest$tools$Framework$$runSuite(Framework.scala:321)
[info]   at org.scalatest.tools.Framework$ScalaTestTask.execute(Framework.scala:517)
[info]   at sbt.ForkMain$Run.lambda$runTest$1(ForkMain.java:414)
[info]   at java.base/java.util.concurrent.FutureTask.run(FutureTask.java:317)
[info]   at java.base/java.util.concurrent.ThreadPoolExecutor.runWorker(ThreadPoolExecutor.java:1144)
[info]   at java.base/java.util.concurrent.ThreadPoolExecutor$Worker.run(ThreadPoolExecutor.java:642)
[info]   at java.base/java.lang.Thread.run(Thread.java:1583)
[info]   Cause: java.lang.ClassCastException: Cannot cast scala.reflect.ClassTag$GenericClassTag to org.apache.spark.sql.catalyst.expressions.Expression
[info]   at java.base/java.lang.Class.cast(Class.java:4067)
[info]   at java.base/jdk.internal.reflect.DirectConstructorHandleAccessor.newInstance(DirectConstructorHandleAccessor.java:62)
[info]   at java.base/java.lang.reflect.Constructor.newInstanceWithCaller(Constructor.java:502)
[info]   at java.base/java.lang.reflect.Constructor.newInstance(Constructor.java:486)
[info]   at frameless.TypedExpressionEncoder$.$anonfun$apply$3(TypedExpressionEncoder.scala:55)
[info]   at scala.Option.map(Option.scala:242)
[info]   at frameless.TypedExpressionEncoder$.apply(TypedExpressionEncoder.scala:54)
[info]   at frameless.TypedDataset$.create(TypedDataset.scala:1325)
[info]   at frameless.functions.AggregateFunctionsTests.prop$15(AggregateFunctionsTests.scala:368)
[info]   at frameless.functions.AggregateFunctionsTests.$anonfun$new$353(AggregateFunctionsTests.scala:372)
[info]   at frameless.functions.AggregateFunctionsTests.$anonfun$new$353$adapted(AggregateFunctionsTests.scala:372)
[info]   at org.scalacheck.Prop$.$anonfun$forAll$18(Prop.scala:1131)
[info]   at scala.Function1.$anonfun$andThen$1(Function1.scala:87)
[info]   at org.scalacheck.Prop$.$anonfun$forAllShrink$2(Prop.scala:868)
[info]   at org.scalacheck.Prop$.secure(Prop.scala:484)
[info]   at org.scalacheck.Prop$.result$1(Prop.scala:868)
[info]   at org.scalacheck.Prop$.$anonfun$forAllShrink$4(Prop.scala:880)
[info]   at scala.collection.immutable.Stream.map(Stream.scala:173)
[info]   at org.scalacheck.Prop$.getFirstFailure$1(Prop.scala:880)
[info]   at org.scalacheck.Prop$.shrinker$1(Prop.scala:895)
[info]   at org.scalacheck.Prop$.$anonfun$forAllShrink$1(Prop.scala:916)
[info]   at org.scalacheck.Prop$.$anonfun$apply$1(Prop.scala:305)
[info]   at org.scalacheck.PropFromFun.apply(Prop.scala:20)
[info]   at org.scalacheck.Prop$.result$1(Prop.scala:869)
[info]   at org.scalacheck.Prop$.$anonfun$forAllShrink$1(Prop.scala:915)
[info]   at org.scalacheck.Prop$.$anonfun$apply$1(Prop.scala:305)
[info]   at org.scalacheck.PropFromFun.apply(Prop.scala:20)
[info]   at org.scalacheck.Test$.workerFun$1(Test.scala:486)
[info]   at org.scalacheck.Test$.$anonfun$check$4(Test.scala:518)
[info]   at org.scalacheck.Test$.$anonfun$check$4$adapted(Test.scala:518)
[info]   at org.scalacheck.Platform$.runWorkers(Platform.scala:42)
[info]   at org.scalacheck.Test$.check(Test.scala:518)
[info]   at org.scalatestplus.scalacheck.UnitCheckerAsserting$CheckerAssertingImpl.check(CheckerAsserting.scala:90)
[info]   at org.scalatestplus.scalacheck.Checkers.check(Checkers.scala:371)
[info]   at org.scalatestplus.scalacheck.Checkers.check$(Checkers.scala:369)
[info]   at frameless.TypedDatasetSuite.check(TypedDatasetSuite.scala:63)
[info]   at frameless.functions.AggregateFunctionsTests.$anonfun$new$343(AggregateFunctionsTests.scala:372)
[info]   at org.scalatest.OutcomeOf.outcomeOf(OutcomeOf.scala:85)
[info]   at org.scalatest.OutcomeOf.outcomeOf$(OutcomeOf.scala:83)
[info]   at org.scalatest.OutcomeOf$.outcomeOf(OutcomeOf.scala:104)
[info]   at org.scalatest.Transformer.apply(Transformer.scala:22)
[info]   at org.scalatest.Transformer.apply(Transformer.scala:20)
[info]   at org.scalatest.funsuite.AnyFunSuiteLike$$anon$1.apply(AnyFunSuiteLike.scala:226)
[info]   at org.scalatest.TestSuite.withFixture(TestSuite.scala:196)
[info]   at org.scalatest.TestSuite.withFixture$(TestSuite.scala:195)
[info]   at org.scalatest.funsuite.AnyFunSuite.withFixture(AnyFunSuite.scala:1564)
[info]   at org.scalatest.funsuite.AnyFunSuiteLike.invokeWithFixture$1(AnyFunSuiteLike.scala:224)
[info]   at org.scalatest.funsuite.AnyFunSuiteLike.$anonfun$runTest$1(AnyFunSuiteLike.scala:236)
[info]   at org.scalatest.SuperEngine.runTestImpl(Engine.scala:306)
[info]   at org.scalatest.funsuite.AnyFunSuiteLike.runTest(AnyFunSuiteLike.scala:236)
[info]   at org.scalatest.funsuite.AnyFunSuiteLike.runTest$(AnyFunSuiteLike.scala:218)
[info]   at org.scalatest.funsuite.AnyFunSuite.runTest(AnyFunSuite.scala:1564)
[info]   at org.scalatest.funsuite.AnyFunSuiteLike.$anonfun$runTests$1(AnyFunSuiteLike.scala:269)
[info]   at org.scalatest.SuperEngine.$anonfun$runTestsInBranch$1(Engine.scala:413)
[info]   at scala.collection.immutable.List.foreach(List.scala:334)
[info]   at org.scalatest.SuperEngine.traverseSubNodes$1(Engine.scala:401)
[info]   at org.scalatest.SuperEngine.runTestsInBranch(Engine.scala:396)
[info]   at org.scalatest.SuperEngine.runTestsImpl(Engine.scala:475)
[info]   at org.scalatest.funsuite.AnyFunSuiteLike.runTests(AnyFunSuiteLike.scala:269)
[info]   at org.scalatest.funsuite.AnyFunSuiteLike.runTests$(AnyFunSuiteLike.scala:268)
[info]   at org.scalatest.funsuite.AnyFunSuite.runTests(AnyFunSuite.scala:1564)
[info]   at org.scalatest.Suite.run(Suite.scala:1114)
[info]   at org.scalatest.Suite.run$(Suite.scala:1096)
[info]   at org.scalatest.funsuite.AnyFunSuite.org$scalatest$funsuite$AnyFunSuiteLike$$super$run(AnyFunSuite.scala:1564)
[info]   at org.scalatest.funsuite.AnyFunSuiteLike.$anonfun$run$1(AnyFunSuiteLike.scala:273)
[info]   at org.scalatest.SuperEngine.runImpl(Engine.scala:535)
[info]   at org.scalatest.funsuite.AnyFunSuiteLike.run(AnyFunSuiteLike.scala:273)
[info]   at org.scalatest.funsuite.AnyFunSuiteLike.run$(AnyFunSuiteLike.scala:272)
[info]   at frameless.TypedDatasetSuite.org$scalatest$BeforeAndAfterAll$$super$run(TypedDatasetSuite.scala:63)
[info]   at org.scalatest.BeforeAndAfterAll.liftedTree1$1(BeforeAndAfterAll.scala:213)
[info]   at org.scalatest.BeforeAndAfterAll.run(BeforeAndAfterAll.scala:210)
[info]   at org.scalatest.BeforeAndAfterAll.run$(BeforeAndAfterAll.scala:208)
[info]   at frameless.TypedDatasetSuite.run(TypedDatasetSuite.scala:63)
[info]   at org.scalatest.tools.Framework.org$scalatest$tools$Framework$$runSuite(Framework.scala:321)
[info]   at org.scalatest.tools.Framework$ScalaTestTask.execute(Framework.scala:517)
[info]   at sbt.ForkMain$Run.lambda$runTest$1(ForkMain.java:414)
[info]   at java.base/java.util.concurrent.FutureTask.run(FutureTask.java:317)
[info]   at java.base/java.util.concurrent.ThreadPoolExecutor.runWorker(ThreadPoolExecutor.java:1144)
[info]   at java.base/java.util.concurrent.ThreadPoolExecutor$Worker.run(ThreadPoolExecutor.java:642)
[info]   at java.base/java.lang.Thread.run(Thread.java:1583)
[info] - corr *** FAILED *** (141 milliseconds)
[info]   IllegalArgumentException was thrown during property evaluation.
[info]     Message: argument type mismatch
[info]     Occurred when passed generated values (
[info]       arg0 = List()
[info]     )
[info]   org.scalatest.exceptions.GeneratorDrivenPropertyCheckFailedException:
[info]   at org.scalatestplus.scalacheck.CheckerAsserting$$anon$2.indicateFailure(CheckerAsserting.scala:251)
[info]   at org.scalatestplus.scalacheck.CheckerAsserting$$anon$2.indicateFailure(CheckerAsserting.scala:238)
[info]   at org.scalatestplus.scalacheck.UnitCheckerAsserting$CheckerAssertingImpl.check(CheckerAsserting.scala:160)
[info]   at org.scalatestplus.scalacheck.Checkers.check(Checkers.scala:371)
[info]   at org.scalatestplus.scalacheck.Checkers.check$(Checkers.scala:369)
[info]   at frameless.TypedDatasetSuite.check(TypedDatasetSuite.scala:63)
[info]   at frameless.functions.AggregateFunctionsTests.$anonfun$new$380(AggregateFunctionsTests.scala:469)
[info]   at org.scalatest.OutcomeOf.outcomeOf(OutcomeOf.scala:85)
[info]   at org.scalatest.OutcomeOf.outcomeOf$(OutcomeOf.scala:83)
[info]   at org.scalatest.OutcomeOf$.outcomeOf(OutcomeOf.scala:104)
[info]   at org.scalatest.Transformer.apply(Transformer.scala:22)
[info]   at org.scalatest.Transformer.apply(Transformer.scala:20)
[info]   at org.scalatest.funsuite.AnyFunSuiteLike$$anon$1.apply(AnyFunSuiteLike.scala:226)
[info]   at org.scalatest.TestSuite.withFixture(TestSuite.scala:196)
[info]   at org.scalatest.TestSuite.withFixture$(TestSuite.scala:195)
[info]   at org.scalatest.funsuite.AnyFunSuite.withFixture(AnyFunSuite.scala:1564)
[info]   at org.scalatest.funsuite.AnyFunSuiteLike.invokeWithFixture$1(AnyFunSuiteLike.scala:224)
[info]   at org.scalatest.funsuite.AnyFunSuiteLike.$anonfun$runTest$1(AnyFunSuiteLike.scala:236)
[info]   at org.scalatest.SuperEngine.runTestImpl(Engine.scala:306)
[info]   at org.scalatest.funsuite.AnyFunSuiteLike.runTest(AnyFunSuiteLike.scala:236)
[info]   at org.scalatest.funsuite.AnyFunSuiteLike.runTest$(AnyFunSuiteLike.scala:218)
[info]   at org.scalatest.funsuite.AnyFunSuite.runTest(AnyFunSuite.scala:1564)
[info]   at org.scalatest.funsuite.AnyFunSuiteLike.$anonfun$runTests$1(AnyFunSuiteLike.scala:269)
[info]   at org.scalatest.SuperEngine.$anonfun$runTestsInBranch$1(Engine.scala:413)
[info]   at scala.collection.immutable.List.foreach(List.scala:334)
[info]   at org.scalatest.SuperEngine.traverseSubNodes$1(Engine.scala:401)
[info]   at org.scalatest.SuperEngine.runTestsInBranch(Engine.scala:396)
[info]   at org.scalatest.SuperEngine.runTestsImpl(Engine.scala:475)
[info]   at org.scalatest.funsuite.AnyFunSuiteLike.runTests(AnyFunSuiteLike.scala:269)
[info]   at org.scalatest.funsuite.AnyFunSuiteLike.runTests$(AnyFunSuiteLike.scala:268)
[info]   at org.scalatest.funsuite.AnyFunSuite.runTests(AnyFunSuite.scala:1564)
[info]   at org.scalatest.Suite.run(Suite.scala:1114)
[info]   at org.scalatest.Suite.run$(Suite.scala:1096)
[info]   at org.scalatest.funsuite.AnyFunSuite.org$scalatest$funsuite$AnyFunSuiteLike$$super$run(AnyFunSuite.scala:1564)
[info]   at org.scalatest.funsuite.AnyFunSuiteLike.$anonfun$run$1(AnyFunSuiteLike.scala:273)
[info]   at org.scalatest.SuperEngine.runImpl(Engine.scala:535)
[info]   at org.scalatest.funsuite.AnyFunSuiteLike.run(AnyFunSuiteLike.scala:273)
[info]   at org.scalatest.funsuite.AnyFunSuiteLike.run$(AnyFunSuiteLike.scala:272)
[info]   at frameless.TypedDatasetSuite.org$scalatest$BeforeAndAfterAll$$super$run(TypedDatasetSuite.scala:63)
[info]   at org.scalatest.BeforeAndAfterAll.liftedTree1$1(BeforeAndAfterAll.scala:213)
[info]   at org.scalatest.BeforeAndAfterAll.run(BeforeAndAfterAll.scala:210)
[info]   at org.scalatest.BeforeAndAfterAll.run$(BeforeAndAfterAll.scala:208)
[info]   at frameless.TypedDatasetSuite.run(TypedDatasetSuite.scala:63)
[info]   at org.scalatest.tools.Framework.org$scalatest$tools$Framework$$runSuite(Framework.scala:321)
[info]   at org.scalatest.tools.Framework$ScalaTestTask.execute(Framework.scala:517)
[info]   at sbt.ForkMain$Run.lambda$runTest$1(ForkMain.java:414)
[info]   at java.base/java.util.concurrent.FutureTask.run(FutureTask.java:317)
[info]   at java.base/java.util.concurrent.ThreadPoolExecutor.runWorker(ThreadPoolExecutor.java:1144)
[info]   at java.base/java.util.concurrent.ThreadPoolExecutor$Worker.run(ThreadPoolExecutor.java:642)
[info]   at java.base/java.lang.Thread.run(Thread.java:1583)
[info]   Cause: java.lang.IllegalArgumentException: argument type mismatch
[info]   at java.base/jdk.internal.reflect.DirectConstructorHandleAccessor.newInstance(DirectConstructorHandleAccessor.java:65)
[info]   at java.base/java.lang.reflect.Constructor.newInstanceWithCaller(Constructor.java:502)
[info]   at java.base/java.lang.reflect.Constructor.newInstance(Constructor.java:486)
[info]   at frameless.TypedExpressionEncoder$.$anonfun$apply$3(TypedExpressionEncoder.scala:55)
[info]   at scala.Option.map(Option.scala:242)
[info]   at frameless.TypedExpressionEncoder$.apply(TypedExpressionEncoder.scala:54)
[info]   at frameless.TypedDataset$.create(TypedDataset.scala:1325)
[info]   at frameless.functions.AggregateFunctionsTests.bivariatePropTemplate(AggregateFunctionsTests.scala:399)
[info]   at frameless.functions.AggregateFunctionsTests.prop$16(AggregateFunctionsTests.scala:467)
[info]   at frameless.functions.AggregateFunctionsTests.$anonfun$new$383(AggregateFunctionsTests.scala:469)
[info]   at scala.Function1.$anonfun$andThen$1(Function1.scala:87)
[info]   at org.scalacheck.Prop$.$anonfun$forAllShrink$2(Prop.scala:868)
[info]   at org.scalacheck.Prop$.secure(Prop.scala:484)
[info]   at org.scalacheck.Prop$.result$1(Prop.scala:868)
[info]   at org.scalacheck.Prop$.$anonfun$forAllShrink$1(Prop.scala:915)
[info]   at org.scalacheck.Prop$.$anonfun$apply$1(Prop.scala:305)
[info]   at org.scalacheck.PropFromFun.apply(Prop.scala:20)
[info]   at org.scalacheck.Test$.workerFun$1(Test.scala:486)
[info]   at org.scalacheck.Test$.$anonfun$check$4(Test.scala:518)
[info]   at org.scalacheck.Test$.$anonfun$check$4$adapted(Test.scala:518)
[info]   at org.scalacheck.Platform$.runWorkers(Platform.scala:42)
[info]   at org.scalacheck.Test$.check(Test.scala:518)
[info]   at org.scalatestplus.scalacheck.UnitCheckerAsserting$CheckerAssertingImpl.check(CheckerAsserting.scala:90)
[info]   at org.scalatestplus.scalacheck.Checkers.check(Checkers.scala:371)
[info]   at org.scalatestplus.scalacheck.Checkers.check$(Checkers.scala:369)
[info]   at frameless.TypedDatasetSuite.check(TypedDatasetSuite.scala:63)
[info]   at frameless.functions.AggregateFunctionsTests.$anonfun$new$380(AggregateFunctionsTests.scala:469)
[info]   at org.scalatest.OutcomeOf.outcomeOf(OutcomeOf.scala:85)
[info]   at org.scalatest.OutcomeOf.outcomeOf$(OutcomeOf.scala:83)
[info]   at org.scalatest.OutcomeOf$.outcomeOf(OutcomeOf.scala:104)
[info]   at org.scalatest.Transformer.apply(Transformer.scala:22)
[info]   at org.scalatest.Transformer.apply(Transformer.scala:20)
[info]   at org.scalatest.funsuite.AnyFunSuiteLike$$anon$1.apply(AnyFunSuiteLike.scala:226)
[info]   at org.scalatest.TestSuite.withFixture(TestSuite.scala:196)
[info]   at org.scalatest.TestSuite.withFixture$(TestSuite.scala:195)
[info]   at org.scalatest.funsuite.AnyFunSuite.withFixture(AnyFunSuite.scala:1564)
[info]   at org.scalatest.funsuite.AnyFunSuiteLike.invokeWithFixture$1(AnyFunSuiteLike.scala:224)
[info]   at org.scalatest.funsuite.AnyFunSuiteLike.$anonfun$runTest$1(AnyFunSuiteLike.scala:236)
[info]   at org.scalatest.SuperEngine.runTestImpl(Engine.scala:306)
[info]   at org.scalatest.funsuite.AnyFunSuiteLike.runTest(AnyFunSuiteLike.scala:236)
[info]   at org.scalatest.funsuite.AnyFunSuiteLike.runTest$(AnyFunSuiteLike.scala:218)
[info]   at org.scalatest.funsuite.AnyFunSuite.runTest(AnyFunSuite.scala:1564)
[info]   at org.scalatest.funsuite.AnyFunSuiteLike.$anonfun$runTests$1(AnyFunSuiteLike.scala:269)
[info]   at org.scalatest.SuperEngine.$anonfun$runTestsInBranch$1(Engine.scala:413)
[info]   at scala.collection.immutable.List.foreach(List.scala:334)
[info]   at org.scalatest.SuperEngine.traverseSubNodes$1(Engine.scala:401)
[info]   at org.scalatest.SuperEngine.runTestsInBranch(Engine.scala:396)
[info]   at org.scalatest.SuperEngine.runTestsImpl(Engine.scala:475)
[info]   at org.scalatest.funsuite.AnyFunSuiteLike.runTests(AnyFunSuiteLike.scala:269)
[info]   at org.scalatest.funsuite.AnyFunSuiteLike.runTests$(AnyFunSuiteLike.scala:268)
[info]   at org.scalatest.funsuite.AnyFunSuite.runTests(AnyFunSuite.scala:1564)
[info]   at org.scalatest.Suite.run(Suite.scala:1114)
[info]   at org.scalatest.Suite.run$(Suite.scala:1096)
[info]   at org.scalatest.funsuite.AnyFunSuite.org$scalatest$funsuite$AnyFunSuiteLike$$super$run(AnyFunSuite.scala:1564)
[info]   at org.scalatest.funsuite.AnyFunSuiteLike.$anonfun$run$1(AnyFunSuiteLike.scala:273)
[info]   at org.scalatest.SuperEngine.runImpl(Engine.scala:535)
[info]   at org.scalatest.funsuite.AnyFunSuiteLike.run(AnyFunSuiteLike.scala:273)
[info]   at org.scalatest.funsuite.AnyFunSuiteLike.run$(AnyFunSuiteLike.scala:272)
[info]   at frameless.TypedDatasetSuite.org$scalatest$BeforeAndAfterAll$$super$run(TypedDatasetSuite.scala:63)
[info]   at org.scalatest.BeforeAndAfterAll.liftedTree1$1(BeforeAndAfterAll.scala:213)
[info]   at org.scalatest.BeforeAndAfterAll.run(BeforeAndAfterAll.scala:210)
[info]   at org.scalatest.BeforeAndAfterAll.run$(BeforeAndAfterAll.scala:208)
[info]   at frameless.TypedDatasetSuite.run(TypedDatasetSuite.scala:63)
[info]   at org.scalatest.tools.Framework.org$scalatest$tools$Framework$$runSuite(Framework.scala:321)
[info]   at org.scalatest.tools.Framework$ScalaTestTask.execute(Framework.scala:517)
[info]   at sbt.ForkMain$Run.lambda$runTest$1(ForkMain.java:414)
[info]   at java.base/java.util.concurrent.FutureTask.run(FutureTask.java:317)
[info]   at java.base/java.util.concurrent.ThreadPoolExecutor.runWorker(ThreadPoolExecutor.java:1144)
[info]   at java.base/java.util.concurrent.ThreadPoolExecutor$Worker.run(ThreadPoolExecutor.java:642)
[info]   at java.base/java.lang.Thread.run(Thread.java:1583)
[info]   Cause: java.lang.ClassCastException: Cannot cast scala.reflect.ClassTag$GenericClassTag to org.apache.spark.sql.catalyst.expressions.Expression
[info]   at java.base/java.lang.Class.cast(Class.java:4067)
[info]   at java.base/jdk.internal.reflect.DirectConstructorHandleAccessor.newInstance(DirectConstructorHandleAccessor.java:62)
[info]   at java.base/java.lang.reflect.Constructor.newInstanceWithCaller(Constructor.java:502)
[info]   at java.base/java.lang.reflect.Constructor.newInstance(Constructor.java:486)
[info]   at frameless.TypedExpressionEncoder$.$anonfun$apply$3(TypedExpressionEncoder.scala:55)
[info]   at scala.Option.map(Option.scala:242)
[info]   at frameless.TypedExpressionEncoder$.apply(TypedExpressionEncoder.scala:54)
[info]   at frameless.TypedDataset$.create(TypedDataset.scala:1325)
[info]   at frameless.functions.AggregateFunctionsTests.bivariatePropTemplate(AggregateFunctionsTests.scala:399)
[info]   at frameless.functions.AggregateFunctionsTests.prop$16(AggregateFunctionsTests.scala:467)
[info]   at frameless.functions.AggregateFunctionsTests.$anonfun$new$383(AggregateFunctionsTests.scala:469)
[info]   at scala.Function1.$anonfun$andThen$1(Function1.scala:87)
[info]   at org.scalacheck.Prop$.$anonfun$forAllShrink$2(Prop.scala:868)
[info]   at org.scalacheck.Prop$.secure(Prop.scala:484)
[info]   at org.scalacheck.Prop$.result$1(Prop.scala:868)
[info]   at org.scalacheck.Prop$.$anonfun$forAllShrink$1(Prop.scala:915)
[info]   at org.scalacheck.Prop$.$anonfun$apply$1(Prop.scala:305)
[info]   at org.scalacheck.PropFromFun.apply(Prop.scala:20)
[info]   at org.scalacheck.Test$.workerFun$1(Test.scala:486)
[info]   at org.scalacheck.Test$.$anonfun$check$4(Test.scala:518)
[info]   at org.scalacheck.Test$.$anonfun$check$4$adapted(Test.scala:518)
[info]   at org.scalacheck.Platform$.runWorkers(Platform.scala:42)
[info]   at org.scalacheck.Test$.check(Test.scala:518)
[info]   at org.scalatestplus.scalacheck.UnitCheckerAsserting$CheckerAssertingImpl.check(CheckerAsserting.scala:90)
[info]   at org.scalatestplus.scalacheck.Checkers.check(Checkers.scala:371)
[info]   at org.scalatestplus.scalacheck.Checkers.check$(Checkers.scala:369)
[info]   at frameless.TypedDatasetSuite.check(TypedDatasetSuite.scala:63)
[info]   at frameless.functions.AggregateFunctionsTests.$anonfun$new$380(AggregateFunctionsTests.scala:469)
[info]   at org.scalatest.OutcomeOf.outcomeOf(OutcomeOf.scala:85)
[info]   at org.scalatest.OutcomeOf.outcomeOf$(OutcomeOf.scala:83)
[info]   at org.scalatest.OutcomeOf$.outcomeOf(OutcomeOf.scala:104)
[info]   at org.scalatest.Transformer.apply(Transformer.scala:22)
[info]   at org.scalatest.Transformer.apply(Transformer.scala:20)
[info]   at org.scalatest.funsuite.AnyFunSuiteLike$$anon$1.apply(AnyFunSuiteLike.scala:226)
[info]   at org.scalatest.TestSuite.withFixture(TestSuite.scala:196)
[info]   at org.scalatest.TestSuite.withFixture$(TestSuite.scala:195)
[info]   at org.scalatest.funsuite.AnyFunSuite.withFixture(AnyFunSuite.scala:1564)
[info]   at org.scalatest.funsuite.AnyFunSuiteLike.invokeWithFixture$1(AnyFunSuiteLike.scala:224)
[info]   at org.scalatest.funsuite.AnyFunSuiteLike.$anonfun$runTest$1(AnyFunSuiteLike.scala:236)
[info]   at org.scalatest.SuperEngine.runTestImpl(Engine.scala:306)
[info]   at org.scalatest.funsuite.AnyFunSuiteLike.runTest(AnyFunSuiteLike.scala:236)
[info]   at org.scalatest.funsuite.AnyFunSuiteLike.runTest$(AnyFunSuiteLike.scala:218)
[info]   at org.scalatest.funsuite.AnyFunSuite.runTest(AnyFunSuite.scala:1564)
[info]   at org.scalatest.funsuite.AnyFunSuiteLike.$anonfun$runTests$1(AnyFunSuiteLike.scala:269)
[info]   at org.scalatest.SuperEngine.$anonfun$runTestsInBranch$1(Engine.scala:413)
[info]   at scala.collection.immutable.List.foreach(List.scala:334)
[info]   at org.scalatest.SuperEngine.traverseSubNodes$1(Engine.scala:401)
[info]   at org.scalatest.SuperEngine.runTestsInBranch(Engine.scala:396)
[info]   at org.scalatest.SuperEngine.runTestsImpl(Engine.scala:475)
[info]   at org.scalatest.funsuite.AnyFunSuiteLike.runTests(AnyFunSuiteLike.scala:269)
[info]   at org.scalatest.funsuite.AnyFunSuiteLike.runTests$(AnyFunSuiteLike.scala:268)
[info]   at org.scalatest.funsuite.AnyFunSuite.runTests(AnyFunSuite.scala:1564)
[info]   at org.scalatest.Suite.run(Suite.scala:1114)
[info]   at org.scalatest.Suite.run$(Suite.scala:1096)
[info]   at org.scalatest.funsuite.AnyFunSuite.org$scalatest$funsuite$AnyFunSuiteLike$$super$run(AnyFunSuite.scala:1564)
[info]   at org.scalatest.funsuite.AnyFunSuiteLike.$anonfun$run$1(AnyFunSuiteLike.scala:273)
[info]   at org.scalatest.SuperEngine.runImpl(Engine.scala:535)
[info]   at org.scalatest.funsuite.AnyFunSuiteLike.run(AnyFunSuiteLike.scala:273)
[info]   at org.scalatest.funsuite.AnyFunSuiteLike.run$(AnyFunSuiteLike.scala:272)
[info]   at frameless.TypedDatasetSuite.org$scalatest$BeforeAndAfterAll$$super$run(TypedDatasetSuite.scala:63)
[info]   at org.scalatest.BeforeAndAfterAll.liftedTree1$1(BeforeAndAfterAll.scala:213)
[info]   at org.scalatest.BeforeAndAfterAll.run(BeforeAndAfterAll.scala:210)
[info]   at org.scalatest.BeforeAndAfterAll.run$(BeforeAndAfterAll.scala:208)
[info]   at frameless.TypedDatasetSuite.run(TypedDatasetSuite.scala:63)
[info]   at org.scalatest.tools.Framework.org$scalatest$tools$Framework$$runSuite(Framework.scala:321)
[info]   at org.scalatest.tools.Framework$ScalaTestTask.execute(Framework.scala:517)
[info]   at sbt.ForkMain$Run.lambda$runTest$1(ForkMain.java:414)
[info]   at java.base/java.util.concurrent.FutureTask.run(FutureTask.java:317)
[info]   at java.base/java.util.concurrent.ThreadPoolExecutor.runWorker(ThreadPoolExecutor.java:1144)
[info]   at java.base/java.util.concurrent.ThreadPoolExecutor$Worker.run(ThreadPoolExecutor.java:642)
[info]   at java.base/java.lang.Thread.run(Thread.java:1583)
[info] - covar_pop *** FAILED *** (15 milliseconds)
[info]   IllegalArgumentException was thrown during property evaluation.
[info]     Message: argument type mismatch
[info]     Occurred when passed generated values (
[info]       arg0 = List()
[info]     )
[info]   org.scalatest.exceptions.GeneratorDrivenPropertyCheckFailedException:
[info]   at org.scalatestplus.scalacheck.CheckerAsserting$$anon$2.indicateFailure(CheckerAsserting.scala:251)
[info]   at org.scalatestplus.scalacheck.CheckerAsserting$$anon$2.indicateFailure(CheckerAsserting.scala:238)
[info]   at org.scalatestplus.scalacheck.UnitCheckerAsserting$CheckerAssertingImpl.check(CheckerAsserting.scala:160)
[info]   at org.scalatestplus.scalacheck.Checkers.check(Checkers.scala:371)
[info]   at org.scalatestplus.scalacheck.Checkers.check$(Checkers.scala:369)
[info]   at frameless.TypedDatasetSuite.check(TypedDatasetSuite.scala:63)
[info]   at frameless.functions.AggregateFunctionsTests.$anonfun$new$393(AggregateFunctionsTests.scala:490)
[info]   at org.scalatest.OutcomeOf.outcomeOf(OutcomeOf.scala:85)
[info]   at org.scalatest.OutcomeOf.outcomeOf$(OutcomeOf.scala:83)
[info]   at org.scalatest.OutcomeOf$.outcomeOf(OutcomeOf.scala:104)
[info]   at org.scalatest.Transformer.apply(Transformer.scala:22)
[info]   at org.scalatest.Transformer.apply(Transformer.scala:20)
[info]   at org.scalatest.funsuite.AnyFunSuiteLike$$anon$1.apply(AnyFunSuiteLike.scala:226)
[info]   at org.scalatest.TestSuite.withFixture(TestSuite.scala:196)
[info]   at org.scalatest.TestSuite.withFixture$(TestSuite.scala:195)
[info]   at org.scalatest.funsuite.AnyFunSuite.withFixture(AnyFunSuite.scala:1564)
[info]   at org.scalatest.funsuite.AnyFunSuiteLike.invokeWithFixture$1(AnyFunSuiteLike.scala:224)
[info]   at org.scalatest.funsuite.AnyFunSuiteLike.$anonfun$runTest$1(AnyFunSuiteLike.scala:236)
[info]   at org.scalatest.SuperEngine.runTestImpl(Engine.scala:306)
[info]   at org.scalatest.funsuite.AnyFunSuiteLike.runTest(AnyFunSuiteLike.scala:236)
[info]   at org.scalatest.funsuite.AnyFunSuiteLike.runTest$(AnyFunSuiteLike.scala:218)
[info]   at org.scalatest.funsuite.AnyFunSuite.runTest(AnyFunSuite.scala:1564)
[info]   at org.scalatest.funsuite.AnyFunSuiteLike.$anonfun$runTests$1(AnyFunSuiteLike.scala:269)
[info]   at org.scalatest.SuperEngine.$anonfun$runTestsInBranch$1(Engine.scala:413)
[info]   at scala.collection.immutable.List.foreach(List.scala:334)
[info]   at org.scalatest.SuperEngine.traverseSubNodes$1(Engine.scala:401)
[info]   at org.scalatest.SuperEngine.runTestsInBranch(Engine.scala:396)
[info]   at org.scalatest.SuperEngine.runTestsImpl(Engine.scala:475)
[info]   at org.scalatest.funsuite.AnyFunSuiteLike.runTests(AnyFunSuiteLike.scala:269)
[info]   at org.scalatest.funsuite.AnyFunSuiteLike.runTests$(AnyFunSuiteLike.scala:268)
[info]   at org.scalatest.funsuite.AnyFunSuite.runTests(AnyFunSuite.scala:1564)
[info]   at org.scalatest.Suite.run(Suite.scala:1114)
[info]   at org.scalatest.Suite.run$(Suite.scala:1096)
[info]   at org.scalatest.funsuite.AnyFunSuite.org$scalatest$funsuite$AnyFunSuiteLike$$super$run(AnyFunSuite.scala:1564)
[info]   at org.scalatest.funsuite.AnyFunSuiteLike.$anonfun$run$1(AnyFunSuiteLike.scala:273)
[info]   at org.scalatest.SuperEngine.runImpl(Engine.scala:535)
[info]   at org.scalatest.funsuite.AnyFunSuiteLike.run(AnyFunSuiteLike.scala:273)
[info]   at org.scalatest.funsuite.AnyFunSuiteLike.run$(AnyFunSuiteLike.scala:272)
[info]   at frameless.TypedDatasetSuite.org$scalatest$BeforeAndAfterAll$$super$run(TypedDatasetSuite.scala:63)
[info]   at org.scalatest.BeforeAndAfterAll.liftedTree1$1(BeforeAndAfterAll.scala:213)
[info]   at org.scalatest.BeforeAndAfterAll.run(BeforeAndAfterAll.scala:210)
[info]   at org.scalatest.BeforeAndAfterAll.run$(BeforeAndAfterAll.scala:208)
[info]   at frameless.TypedDatasetSuite.run(TypedDatasetSuite.scala:63)
[info]   at org.scalatest.tools.Framework.org$scalatest$tools$Framework$$runSuite(Framework.scala:321)
[info]   at org.scalatest.tools.Framework$ScalaTestTask.execute(Framework.scala:517)
[info]   at sbt.ForkMain$Run.lambda$runTest$1(ForkMain.java:414)
[info]   at java.base/java.util.concurrent.FutureTask.run(FutureTask.java:317)
[info]   at java.base/java.util.concurrent.ThreadPoolExecutor.runWorker(ThreadPoolExecutor.java:1144)
[info]   at java.base/java.util.concurrent.ThreadPoolExecutor$Worker.run(ThreadPoolExecutor.java:642)
[info]   at java.base/java.lang.Thread.run(Thread.java:1583)
[info]   Cause: java.lang.IllegalArgumentException: argument type mismatch
[info]   at java.base/jdk.internal.reflect.DirectConstructorHandleAccessor.newInstance(DirectConstructorHandleAccessor.java:65)
[info]   at java.base/java.lang.reflect.Constructor.newInstanceWithCaller(Constructor.java:502)
[info]   at java.base/java.lang.reflect.Constructor.newInstance(Constructor.java:486)
[info]   at frameless.TypedExpressionEncoder$.$anonfun$apply$3(TypedExpressionEncoder.scala:55)
[info]   at scala.Option.map(Option.scala:242)
[info]   at frameless.TypedExpressionEncoder$.apply(TypedExpressionEncoder.scala:54)
[info]   at frameless.TypedDataset$.create(TypedDataset.scala:1325)
[info]   at frameless.functions.AggregateFunctionsTests.bivariatePropTemplate(AggregateFunctionsTests.scala:399)
[info]   at frameless.functions.AggregateFunctionsTests.prop$17(AggregateFunctionsTests.scala:485)
[info]   at frameless.functions.AggregateFunctionsTests.$anonfun$new$396(AggregateFunctionsTests.scala:490)
[info]   at scala.Function1.$anonfun$andThen$1(Function1.scala:87)
[info]   at org.scalacheck.Prop$.$anonfun$forAllShrink$2(Prop.scala:868)
[info]   at org.scalacheck.Prop$.secure(Prop.scala:484)
[info]   at org.scalacheck.Prop$.result$1(Prop.scala:868)
[info]   at org.scalacheck.Prop$.$anonfun$forAllShrink$1(Prop.scala:915)
[info]   at org.scalacheck.Prop$.$anonfun$apply$1(Prop.scala:305)
[info]   at org.scalacheck.PropFromFun.apply(Prop.scala:20)
[info]   at org.scalacheck.Test$.workerFun$1(Test.scala:486)
[info]   at org.scalacheck.Test$.$anonfun$check$4(Test.scala:518)
[info]   at org.scalacheck.Test$.$anonfun$check$4$adapted(Test.scala:518)
[info]   at org.scalacheck.Platform$.runWorkers(Platform.scala:42)
[info]   at org.scalacheck.Test$.check(Test.scala:518)
[info]   at org.scalatestplus.scalacheck.UnitCheckerAsserting$CheckerAssertingImpl.check(CheckerAsserting.scala:90)
[info]   at org.scalatestplus.scalacheck.Checkers.check(Checkers.scala:371)
[info]   at org.scalatestplus.scalacheck.Checkers.check$(Checkers.scala:369)
[info]   at frameless.TypedDatasetSuite.check(TypedDatasetSuite.scala:63)
[info]   at frameless.functions.AggregateFunctionsTests.$anonfun$new$393(AggregateFunctionsTests.scala:490)
[info]   at org.scalatest.OutcomeOf.outcomeOf(OutcomeOf.scala:85)
[info]   at org.scalatest.OutcomeOf.outcomeOf$(OutcomeOf.scala:83)
[info]   at org.scalatest.OutcomeOf$.outcomeOf(OutcomeOf.scala:104)
[info]   at org.scalatest.Transformer.apply(Transformer.scala:22)
[info]   at org.scalatest.Transformer.apply(Transformer.scala:20)
[info]   at org.scalatest.funsuite.AnyFunSuiteLike$$anon$1.apply(AnyFunSuiteLike.scala:226)
[info]   at org.scalatest.TestSuite.withFixture(TestSuite.scala:196)
[info]   at org.scalatest.TestSuite.withFixture$(TestSuite.scala:195)
[info]   at org.scalatest.funsuite.AnyFunSuite.withFixture(AnyFunSuite.scala:1564)
[info]   at org.scalatest.funsuite.AnyFunSuiteLike.invokeWithFixture$1(AnyFunSuiteLike.scala:224)
[info]   at org.scalatest.funsuite.AnyFunSuiteLike.$anonfun$runTest$1(AnyFunSuiteLike.scala:236)
[info]   at org.scalatest.SuperEngine.runTestImpl(Engine.scala:306)
[info]   at org.scalatest.funsuite.AnyFunSuiteLike.runTest(AnyFunSuiteLike.scala:236)
[info]   at org.scalatest.funsuite.AnyFunSuiteLike.runTest$(AnyFunSuiteLike.scala:218)
[info]   at org.scalatest.funsuite.AnyFunSuite.runTest(AnyFunSuite.scala:1564)
[info]   at org.scalatest.funsuite.AnyFunSuiteLike.$anonfun$runTests$1(AnyFunSuiteLike.scala:269)
[info]   at org.scalatest.SuperEngine.$anonfun$runTestsInBranch$1(Engine.scala:413)
[info]   at scala.collection.immutable.List.foreach(List.scala:334)
[info]   at org.scalatest.SuperEngine.traverseSubNodes$1(Engine.scala:401)
[info]   at org.scalatest.SuperEngine.runTestsInBranch(Engine.scala:396)
[info]   at org.scalatest.SuperEngine.runTestsImpl(Engine.scala:475)
[info]   at org.scalatest.funsuite.AnyFunSuiteLike.runTests(AnyFunSuiteLike.scala:269)
[info]   at org.scalatest.funsuite.AnyFunSuiteLike.runTests$(AnyFunSuiteLike.scala:268)
[info]   at org.scalatest.funsuite.AnyFunSuite.runTests(AnyFunSuite.scala:1564)
[info]   at org.scalatest.Suite.run(Suite.scala:1114)
[info]   at org.scalatest.Suite.run$(Suite.scala:1096)
[info]   at org.scalatest.funsuite.AnyFunSuite.org$scalatest$funsuite$AnyFunSuiteLike$$super$run(AnyFunSuite.scala:1564)
[info]   at org.scalatest.funsuite.AnyFunSuiteLike.$anonfun$run$1(AnyFunSuiteLike.scala:273)
[info]   at org.scalatest.SuperEngine.runImpl(Engine.scala:535)
[info]   at org.scalatest.funsuite.AnyFunSuiteLike.run(AnyFunSuiteLike.scala:273)
[info]   at org.scalatest.funsuite.AnyFunSuiteLike.run$(AnyFunSuiteLike.scala:272)
[info]   at frameless.TypedDatasetSuite.org$scalatest$BeforeAndAfterAll$$super$run(TypedDatasetSuite.scala:63)
[info]   at org.scalatest.BeforeAndAfterAll.liftedTree1$1(BeforeAndAfterAll.scala:213)
[info]   at org.scalatest.BeforeAndAfterAll.run(BeforeAndAfterAll.scala:210)
[info]   at org.scalatest.BeforeAndAfterAll.run$(BeforeAndAfterAll.scala:208)
[info]   at frameless.TypedDatasetSuite.run(TypedDatasetSuite.scala:63)
[info]   at org.scalatest.tools.Framework.org$scalatest$tools$Framework$$runSuite(Framework.scala:321)
[info]   at org.scalatest.tools.Framework$ScalaTestTask.execute(Framework.scala:517)
[info]   at sbt.ForkMain$Run.lambda$runTest$1(ForkMain.java:414)
[info]   at java.base/java.util.concurrent.FutureTask.run(FutureTask.java:317)
[info]   at java.base/java.util.concurrent.ThreadPoolExecutor.runWorker(ThreadPoolExecutor.java:1144)
[info]   at java.base/java.util.concurrent.ThreadPoolExecutor$Worker.run(ThreadPoolExecutor.java:642)
[info]   at java.base/java.lang.Thread.run(Thread.java:1583)
[info]   Cause: java.lang.ClassCastException: Cannot cast scala.reflect.ClassTag$GenericClassTag to org.apache.spark.sql.catalyst.expressions.Expression
[info]   at java.base/java.lang.Class.cast(Class.java:4067)
[info]   at java.base/jdk.internal.reflect.DirectConstructorHandleAccessor.newInstance(DirectConstructorHandleAccessor.java:62)
[info]   at java.base/java.lang.reflect.Constructor.newInstanceWithCaller(Constructor.java:502)
[info]   at java.base/java.lang.reflect.Constructor.newInstance(Constructor.java:486)
[info]   at frameless.TypedExpressionEncoder$.$anonfun$apply$3(TypedExpressionEncoder.scala:55)
[info]   at scala.Option.map(Option.scala:242)
[info]   at frameless.TypedExpressionEncoder$.apply(TypedExpressionEncoder.scala:54)
[info]   at frameless.TypedDataset$.create(TypedDataset.scala:1325)
[info]   at frameless.functions.AggregateFunctionsTests.bivariatePropTemplate(AggregateFunctionsTests.scala:399)
[info]   at frameless.functions.AggregateFunctionsTests.prop$17(AggregateFunctionsTests.scala:485)
[info]   at frameless.functions.AggregateFunctionsTests.$anonfun$new$396(AggregateFunctionsTests.scala:490)
[info]   at scala.Function1.$anonfun$andThen$1(Function1.scala:87)
[info]   at org.scalacheck.Prop$.$anonfun$forAllShrink$2(Prop.scala:868)
[info]   at org.scalacheck.Prop$.secure(Prop.scala:484)
[info]   at org.scalacheck.Prop$.result$1(Prop.scala:868)
[info]   at org.scalacheck.Prop$.$anonfun$forAllShrink$1(Prop.scala:915)
[info]   at org.scalacheck.Prop$.$anonfun$apply$1(Prop.scala:305)
[info]   at org.scalacheck.PropFromFun.apply(Prop.scala:20)
[info]   at org.scalacheck.Test$.workerFun$1(Test.scala:486)
[info]   at org.scalacheck.Test$.$anonfun$check$4(Test.scala:518)
[info]   at org.scalacheck.Test$.$anonfun$check$4$adapted(Test.scala:518)
[info]   at org.scalacheck.Platform$.runWorkers(Platform.scala:42)
[info]   at org.scalacheck.Test$.check(Test.scala:518)
[info]   at org.scalatestplus.scalacheck.UnitCheckerAsserting$CheckerAssertingImpl.check(CheckerAsserting.scala:90)
[info]   at org.scalatestplus.scalacheck.Checkers.check(Checkers.scala:371)
[info]   at org.scalatestplus.scalacheck.Checkers.check$(Checkers.scala:369)
[info]   at frameless.TypedDatasetSuite.check(TypedDatasetSuite.scala:63)
[info]   at frameless.functions.AggregateFunctionsTests.$anonfun$new$393(AggregateFunctionsTests.scala:490)
[info]   at org.scalatest.OutcomeOf.outcomeOf(OutcomeOf.scala:85)
[info]   at org.scalatest.OutcomeOf.outcomeOf$(OutcomeOf.scala:83)
[info]   at org.scalatest.OutcomeOf$.outcomeOf(OutcomeOf.scala:104)
[info]   at org.scalatest.Transformer.apply(Transformer.scala:22)
[info]   at org.scalatest.Transformer.apply(Transformer.scala:20)
[info]   at org.scalatest.funsuite.AnyFunSuiteLike$$anon$1.apply(AnyFunSuiteLike.scala:226)
[info]   at org.scalatest.TestSuite.withFixture(TestSuite.scala:196)
[info]   at org.scalatest.TestSuite.withFixture$(TestSuite.scala:195)
[info]   at org.scalatest.funsuite.AnyFunSuite.withFixture(AnyFunSuite.scala:1564)
[info]   at org.scalatest.funsuite.AnyFunSuiteLike.invokeWithFixture$1(AnyFunSuiteLike.scala:224)
[info]   at org.scalatest.funsuite.AnyFunSuiteLike.$anonfun$runTest$1(AnyFunSuiteLike.scala:236)
[info]   at org.scalatest.SuperEngine.runTestImpl(Engine.scala:306)
[info]   at org.scalatest.funsuite.AnyFunSuiteLike.runTest(AnyFunSuiteLike.scala:236)
[info]   at org.scalatest.funsuite.AnyFunSuiteLike.runTest$(AnyFunSuiteLike.scala:218)
[info]   at org.scalatest.funsuite.AnyFunSuite.runTest(AnyFunSuite.scala:1564)
[info]   at org.scalatest.funsuite.AnyFunSuiteLike.$anonfun$runTests$1(AnyFunSuiteLike.scala:269)
[info]   at org.scalatest.SuperEngine.$anonfun$runTestsInBranch$1(Engine.scala:413)
[info]   at scala.collection.immutable.List.foreach(List.scala:334)
[info]   at org.scalatest.SuperEngine.traverseSubNodes$1(Engine.scala:401)
[info]   at org.scalatest.SuperEngine.runTestsInBranch(Engine.scala:396)
[info]   at org.scalatest.SuperEngine.runTestsImpl(Engine.scala:475)
[info]   at org.scalatest.funsuite.AnyFunSuiteLike.runTests(AnyFunSuiteLike.scala:269)
[info]   at org.scalatest.funsuite.AnyFunSuiteLike.runTests$(AnyFunSuiteLike.scala:268)
[info]   at org.scalatest.funsuite.AnyFunSuite.runTests(AnyFunSuite.scala:1564)
[info]   at org.scalatest.Suite.run(Suite.scala:1114)
[info]   at org.scalatest.Suite.run$(Suite.scala:1096)
[info]   at org.scalatest.funsuite.AnyFunSuite.org$scalatest$funsuite$AnyFunSuiteLike$$super$run(AnyFunSuite.scala:1564)
[info]   at org.scalatest.funsuite.AnyFunSuiteLike.$anonfun$run$1(AnyFunSuiteLike.scala:273)
[info]   at org.scalatest.SuperEngine.runImpl(Engine.scala:535)
[info]   at org.scalatest.funsuite.AnyFunSuiteLike.run(AnyFunSuiteLike.scala:273)
[info]   at org.scalatest.funsuite.AnyFunSuiteLike.run$(AnyFunSuiteLike.scala:272)
[info]   at frameless.TypedDatasetSuite.org$scalatest$BeforeAndAfterAll$$super$run(TypedDatasetSuite.scala:63)
[info]   at org.scalatest.BeforeAndAfterAll.liftedTree1$1(BeforeAndAfterAll.scala:213)
[info]   at org.scalatest.BeforeAndAfterAll.run(BeforeAndAfterAll.scala:210)
[info]   at org.scalatest.BeforeAndAfterAll.run$(BeforeAndAfterAll.scala:208)
[info]   at frameless.TypedDatasetSuite.run(TypedDatasetSuite.scala:63)
[info]   at org.scalatest.tools.Framework.org$scalatest$tools$Framework$$runSuite(Framework.scala:321)
[info]   at org.scalatest.tools.Framework$ScalaTestTask.execute(Framework.scala:517)
[info]   at sbt.ForkMain$Run.lambda$runTest$1(ForkMain.java:414)
[info]   at java.base/java.util.concurrent.FutureTask.run(FutureTask.java:317)
[info]   at java.base/java.util.concurrent.ThreadPoolExecutor.runWorker(ThreadPoolExecutor.java:1144)
[info]   at java.base/java.util.concurrent.ThreadPoolExecutor$Worker.run(ThreadPoolExecutor.java:642)
[info]   at java.base/java.lang.Thread.run(Thread.java:1583)
[info] - covar_samp *** FAILED *** (14 milliseconds)
[info]   IllegalArgumentException was thrown during property evaluation.
[info]     Message: argument type mismatch
[info]     Occurred when passed generated values (
[info]       arg0 = List()
[info]     )
[info]   org.scalatest.exceptions.GeneratorDrivenPropertyCheckFailedException:
[info]   at org.scalatestplus.scalacheck.CheckerAsserting$$anon$2.indicateFailure(CheckerAsserting.scala:251)
[info]   at org.scalatestplus.scalacheck.CheckerAsserting$$anon$2.indicateFailure(CheckerAsserting.scala:238)
[info]   at org.scalatestplus.scalacheck.UnitCheckerAsserting$CheckerAssertingImpl.check(CheckerAsserting.scala:160)
[info]   at org.scalatestplus.scalacheck.Checkers.check(Checkers.scala:371)
[info]   at org.scalatestplus.scalacheck.Checkers.check$(Checkers.scala:369)
[info]   at frameless.TypedDatasetSuite.check(TypedDatasetSuite.scala:63)
[info]   at frameless.functions.AggregateFunctionsTests.$anonfun$new$406(AggregateFunctionsTests.scala:511)
[info]   at org.scalatest.OutcomeOf.outcomeOf(OutcomeOf.scala:85)
[info]   at org.scalatest.OutcomeOf.outcomeOf$(OutcomeOf.scala:83)
[info]   at org.scalatest.OutcomeOf$.outcomeOf(OutcomeOf.scala:104)
[info]   at org.scalatest.Transformer.apply(Transformer.scala:22)
[info]   at org.scalatest.Transformer.apply(Transformer.scala:20)
[info]   at org.scalatest.funsuite.AnyFunSuiteLike$$anon$1.apply(AnyFunSuiteLike.scala:226)
[info]   at org.scalatest.TestSuite.withFixture(TestSuite.scala:196)
[info]   at org.scalatest.TestSuite.withFixture$(TestSuite.scala:195)
[info]   at org.scalatest.funsuite.AnyFunSuite.withFixture(AnyFunSuite.scala:1564)
[info]   at org.scalatest.funsuite.AnyFunSuiteLike.invokeWithFixture$1(AnyFunSuiteLike.scala:224)
[info]   at org.scalatest.funsuite.AnyFunSuiteLike.$anonfun$runTest$1(AnyFunSuiteLike.scala:236)
[info]   at org.scalatest.SuperEngine.runTestImpl(Engine.scala:306)
[info]   at org.scalatest.funsuite.AnyFunSuiteLike.runTest(AnyFunSuiteLike.scala:236)
[info]   at org.scalatest.funsuite.AnyFunSuiteLike.runTest$(AnyFunSuiteLike.scala:218)
[info]   at org.scalatest.funsuite.AnyFunSuite.runTest(AnyFunSuite.scala:1564)
[info]   at org.scalatest.funsuite.AnyFunSuiteLike.$anonfun$runTests$1(AnyFunSuiteLike.scala:269)
[info]   at org.scalatest.SuperEngine.$anonfun$runTestsInBranch$1(Engine.scala:413)
[info]   at scala.collection.immutable.List.foreach(List.scala:334)
[info]   at org.scalatest.SuperEngine.traverseSubNodes$1(Engine.scala:401)
[info]   at org.scalatest.SuperEngine.runTestsInBranch(Engine.scala:396)
[info]   at org.scalatest.SuperEngine.runTestsImpl(Engine.scala:475)
[info]   at org.scalatest.funsuite.AnyFunSuiteLike.runTests(AnyFunSuiteLike.scala:269)
[info]   at org.scalatest.funsuite.AnyFunSuiteLike.runTests$(AnyFunSuiteLike.scala:268)
[info]   at org.scalatest.funsuite.AnyFunSuite.runTests(AnyFunSuite.scala:1564)
[info]   at org.scalatest.Suite.run(Suite.scala:1114)
[info]   at org.scalatest.Suite.run$(Suite.scala:1096)
[info]   at org.scalatest.funsuite.AnyFunSuite.org$scalatest$funsuite$AnyFunSuiteLike$$super$run(AnyFunSuite.scala:1564)
[info]   at org.scalatest.funsuite.AnyFunSuiteLike.$anonfun$run$1(AnyFunSuiteLike.scala:273)
[info]   at org.scalatest.SuperEngine.runImpl(Engine.scala:535)
[info]   at org.scalatest.funsuite.AnyFunSuiteLike.run(AnyFunSuiteLike.scala:273)
[info]   at org.scalatest.funsuite.AnyFunSuiteLike.run$(AnyFunSuiteLike.scala:272)
[info]   at frameless.TypedDatasetSuite.org$scalatest$BeforeAndAfterAll$$super$run(TypedDatasetSuite.scala:63)
[info]   at org.scalatest.BeforeAndAfterAll.liftedTree1$1(BeforeAndAfterAll.scala:213)
[info]   at org.scalatest.BeforeAndAfterAll.run(BeforeAndAfterAll.scala:210)
[info]   at org.scalatest.BeforeAndAfterAll.run$(BeforeAndAfterAll.scala:208)
[info]   at frameless.TypedDatasetSuite.run(TypedDatasetSuite.scala:63)
[info]   at org.scalatest.tools.Framework.org$scalatest$tools$Framework$$runSuite(Framework.scala:321)
[info]   at org.scalatest.tools.Framework$ScalaTestTask.execute(Framework.scala:517)
[info]   at sbt.ForkMain$Run.lambda$runTest$1(ForkMain.java:414)
[info]   at java.base/java.util.concurrent.FutureTask.run(FutureTask.java:317)
[info]   at java.base/java.util.concurrent.ThreadPoolExecutor.runWorker(ThreadPoolExecutor.java:1144)
[info]   at java.base/java.util.concurrent.ThreadPoolExecutor$Worker.run(ThreadPoolExecutor.java:642)
[info]   at java.base/java.lang.Thread.run(Thread.java:1583)
[info]   Cause: java.lang.IllegalArgumentException: argument type mismatch
[info]   at java.base/jdk.internal.reflect.DirectConstructorHandleAccessor.newInstance(DirectConstructorHandleAccessor.java:65)
[info]   at java.base/java.lang.reflect.Constructor.newInstanceWithCaller(Constructor.java:502)
[info]   at java.base/java.lang.reflect.Constructor.newInstance(Constructor.java:486)
[info]   at frameless.TypedExpressionEncoder$.$anonfun$apply$3(TypedExpressionEncoder.scala:55)
[info]   at scala.Option.map(Option.scala:242)
[info]   at frameless.TypedExpressionEncoder$.apply(TypedExpressionEncoder.scala:54)
[info]   at frameless.TypedDataset$.create(TypedDataset.scala:1325)
[info]   at frameless.functions.AggregateFunctionsTests.bivariatePropTemplate(AggregateFunctionsTests.scala:399)
[info]   at frameless.functions.AggregateFunctionsTests.prop$18(AggregateFunctionsTests.scala:506)
[info]   at frameless.functions.AggregateFunctionsTests.$anonfun$new$409(AggregateFunctionsTests.scala:511)
[info]   at scala.Function1.$anonfun$andThen$1(Function1.scala:87)
[info]   at org.scalacheck.Prop$.$anonfun$forAllShrink$2(Prop.scala:868)
[info]   at org.scalacheck.Prop$.secure(Prop.scala:484)
[info]   at org.scalacheck.Prop$.result$1(Prop.scala:868)
[info]   at org.scalacheck.Prop$.$anonfun$forAllShrink$1(Prop.scala:915)
[info]   at org.scalacheck.Prop$.$anonfun$apply$1(Prop.scala:305)
[info]   at org.scalacheck.PropFromFun.apply(Prop.scala:20)
[info]   at org.scalacheck.Test$.workerFun$1(Test.scala:486)
[info]   at org.scalacheck.Test$.$anonfun$check$4(Test.scala:518)
[info]   at org.scalacheck.Test$.$anonfun$check$4$adapted(Test.scala:518)
[info]   at org.scalacheck.Platform$.runWorkers(Platform.scala:42)
[info]   at org.scalacheck.Test$.check(Test.scala:518)
[info]   at org.scalatestplus.scalacheck.UnitCheckerAsserting$CheckerAssertingImpl.check(CheckerAsserting.scala:90)
[info]   at org.scalatestplus.scalacheck.Checkers.check(Checkers.scala:371)
[info]   at org.scalatestplus.scalacheck.Checkers.check$(Checkers.scala:369)
[info]   at frameless.TypedDatasetSuite.check(TypedDatasetSuite.scala:63)
[info]   at frameless.functions.AggregateFunctionsTests.$anonfun$new$406(AggregateFunctionsTests.scala:511)
[info]   at org.scalatest.OutcomeOf.outcomeOf(OutcomeOf.scala:85)
[info]   at org.scalatest.OutcomeOf.outcomeOf$(OutcomeOf.scala:83)
[info]   at org.scalatest.OutcomeOf$.outcomeOf(OutcomeOf.scala:104)
[info]   at org.scalatest.Transformer.apply(Transformer.scala:22)
[info]   at org.scalatest.Transformer.apply(Transformer.scala:20)
[info]   at org.scalatest.funsuite.AnyFunSuiteLike$$anon$1.apply(AnyFunSuiteLike.scala:226)
[info]   at org.scalatest.TestSuite.withFixture(TestSuite.scala:196)
[info]   at org.scalatest.TestSuite.withFixture$(TestSuite.scala:195)
[info]   at org.scalatest.funsuite.AnyFunSuite.withFixture(AnyFunSuite.scala:1564)
[info]   at org.scalatest.funsuite.AnyFunSuiteLike.invokeWithFixture$1(AnyFunSuiteLike.scala:224)
[info]   at org.scalatest.funsuite.AnyFunSuiteLike.$anonfun$runTest$1(AnyFunSuiteLike.scala:236)
[info]   at org.scalatest.SuperEngine.runTestImpl(Engine.scala:306)
[info]   at org.scalatest.funsuite.AnyFunSuiteLike.runTest(AnyFunSuiteLike.scala:236)
[info]   at org.scalatest.funsuite.AnyFunSuiteLike.runTest$(AnyFunSuiteLike.scala:218)
[info]   at org.scalatest.funsuite.AnyFunSuite.runTest(AnyFunSuite.scala:1564)
[info]   at org.scalatest.funsuite.AnyFunSuiteLike.$anonfun$runTests$1(AnyFunSuiteLike.scala:269)
[info]   at org.scalatest.SuperEngine.$anonfun$runTestsInBranch$1(Engine.scala:413)
[info]   at scala.collection.immutable.List.foreach(List.scala:334)
[info]   at org.scalatest.SuperEngine.traverseSubNodes$1(Engine.scala:401)
[info]   at org.scalatest.SuperEngine.runTestsInBranch(Engine.scala:396)
[info]   at org.scalatest.SuperEngine.runTestsImpl(Engine.scala:475)
[info]   at org.scalatest.funsuite.AnyFunSuiteLike.runTests(AnyFunSuiteLike.scala:269)
[info]   at org.scalatest.funsuite.AnyFunSuiteLike.runTests$(AnyFunSuiteLike.scala:268)
[info]   at org.scalatest.funsuite.AnyFunSuite.runTests(AnyFunSuite.scala:1564)
[info]   at org.scalatest.Suite.run(Suite.scala:1114)
[info]   at org.scalatest.Suite.run$(Suite.scala:1096)
[info]   at org.scalatest.funsuite.AnyFunSuite.org$scalatest$funsuite$AnyFunSuiteLike$$super$run(AnyFunSuite.scala:1564)
[info]   at org.scalatest.funsuite.AnyFunSuiteLike.$anonfun$run$1(AnyFunSuiteLike.scala:273)
[info]   at org.scalatest.SuperEngine.runImpl(Engine.scala:535)
[info]   at org.scalatest.funsuite.AnyFunSuiteLike.run(AnyFunSuiteLike.scala:273)
[info]   at org.scalatest.funsuite.AnyFunSuiteLike.run$(AnyFunSuiteLike.scala:272)
[info]   at frameless.TypedDatasetSuite.org$scalatest$BeforeAndAfterAll$$super$run(TypedDatasetSuite.scala:63)
[info]   at org.scalatest.BeforeAndAfterAll.liftedTree1$1(BeforeAndAfterAll.scala:213)
[info]   at org.scalatest.BeforeAndAfterAll.run(BeforeAndAfterAll.scala:210)
[info]   at org.scalatest.BeforeAndAfterAll.run$(BeforeAndAfterAll.scala:208)
[info]   at frameless.TypedDatasetSuite.run(TypedDatasetSuite.scala:63)
[info]   at org.scalatest.tools.Framework.org$scalatest$tools$Framework$$runSuite(Framework.scala:321)
[info]   at org.scalatest.tools.Framework$ScalaTestTask.execute(Framework.scala:517)
[info]   at sbt.ForkMain$Run.lambda$runTest$1(ForkMain.java:414)
[info]   at java.base/java.util.concurrent.FutureTask.run(FutureTask.java:317)
[info]   at java.base/java.util.concurrent.ThreadPoolExecutor.runWorker(ThreadPoolExecutor.java:1144)
[info]   at java.base/java.util.concurrent.ThreadPoolExecutor$Worker.run(ThreadPoolExecutor.java:642)
[info]   at java.base/java.lang.Thread.run(Thread.java:1583)
[info]   Cause: java.lang.ClassCastException: Cannot cast scala.reflect.ClassTag$GenericClassTag to org.apache.spark.sql.catalyst.expressions.Expression
[info]   at java.base/java.lang.Class.cast(Class.java:4067)
[info]   at java.base/jdk.internal.reflect.DirectConstructorHandleAccessor.newInstance(DirectConstructorHandleAccessor.java:62)
[info]   at java.base/java.lang.reflect.Constructor.newInstanceWithCaller(Constructor.java:502)
[info]   at java.base/java.lang.reflect.Constructor.newInstance(Constructor.java:486)
[info]   at frameless.TypedExpressionEncoder$.$anonfun$apply$3(TypedExpressionEncoder.scala:55)
[info]   at scala.Option.map(Option.scala:242)
[info]   at frameless.TypedExpressionEncoder$.apply(TypedExpressionEncoder.scala:54)
[info]   at frameless.TypedDataset$.create(TypedDataset.scala:1325)
[info]   at frameless.functions.AggregateFunctionsTests.bivariatePropTemplate(AggregateFunctionsTests.scala:399)
[info]   at frameless.functions.AggregateFunctionsTests.prop$18(AggregateFunctionsTests.scala:506)
[info]   at frameless.functions.AggregateFunctionsTests.$anonfun$new$409(AggregateFunctionsTests.scala:511)
[info]   at scala.Function1.$anonfun$andThen$1(Function1.scala:87)
[info]   at org.scalacheck.Prop$.$anonfun$forAllShrink$2(Prop.scala:868)
[info]   at org.scalacheck.Prop$.secure(Prop.scala:484)
[info]   at org.scalacheck.Prop$.result$1(Prop.scala:868)
[info]   at org.scalacheck.Prop$.$anonfun$forAllShrink$1(Prop.scala:915)
[info]   at org.scalacheck.Prop$.$anonfun$apply$1(Prop.scala:305)
[info]   at org.scalacheck.PropFromFun.apply(Prop.scala:20)
[info]   at org.scalacheck.Test$.workerFun$1(Test.scala:486)
[info]   at org.scalacheck.Test$.$anonfun$check$4(Test.scala:518)
[info]   at org.scalacheck.Test$.$anonfun$check$4$adapted(Test.scala:518)
[info]   at org.scalacheck.Platform$.runWorkers(Platform.scala:42)
[info]   at org.scalacheck.Test$.check(Test.scala:518)
[info]   at org.scalatestplus.scalacheck.UnitCheckerAsserting$CheckerAssertingImpl.check(CheckerAsserting.scala:90)
[info]   at org.scalatestplus.scalacheck.Checkers.check(Checkers.scala:371)
[info]   at org.scalatestplus.scalacheck.Checkers.check$(Checkers.scala:369)
[info]   at frameless.TypedDatasetSuite.check(TypedDatasetSuite.scala:63)
[info]   at frameless.functions.AggregateFunctionsTests.$anonfun$new$406(AggregateFunctionsTests.scala:511)
[info]   at org.scalatest.OutcomeOf.outcomeOf(OutcomeOf.scala:85)
[info]   at org.scalatest.OutcomeOf.outcomeOf$(OutcomeOf.scala:83)
[info]   at org.scalatest.OutcomeOf$.outcomeOf(OutcomeOf.scala:104)
[info]   at org.scalatest.Transformer.apply(Transformer.scala:22)
[info]   at org.scalatest.Transformer.apply(Transformer.scala:20)
[info]   at org.scalatest.funsuite.AnyFunSuiteLike$$anon$1.apply(AnyFunSuiteLike.scala:226)
[info]   at org.scalatest.TestSuite.withFixture(TestSuite.scala:196)
[info]   at org.scalatest.TestSuite.withFixture$(TestSuite.scala:195)
[info]   at org.scalatest.funsuite.AnyFunSuite.withFixture(AnyFunSuite.scala:1564)
[info]   at org.scalatest.funsuite.AnyFunSuiteLike.invokeWithFixture$1(AnyFunSuiteLike.scala:224)
[info]   at org.scalatest.funsuite.AnyFunSuiteLike.$anonfun$runTest$1(AnyFunSuiteLike.scala:236)
[info]   at org.scalatest.SuperEngine.runTestImpl(Engine.scala:306)
[info]   at org.scalatest.funsuite.AnyFunSuiteLike.runTest(AnyFunSuiteLike.scala:236)
[info]   at org.scalatest.funsuite.AnyFunSuiteLike.runTest$(AnyFunSuiteLike.scala:218)
[info]   at org.scalatest.funsuite.AnyFunSuite.runTest(AnyFunSuite.scala:1564)
[info]   at org.scalatest.funsuite.AnyFunSuiteLike.$anonfun$runTests$1(AnyFunSuiteLike.scala:269)
[info]   at org.scalatest.SuperEngine.$anonfun$runTestsInBranch$1(Engine.scala:413)
[info]   at scala.collection.immutable.List.foreach(List.scala:334)
[info]   at org.scalatest.SuperEngine.traverseSubNodes$1(Engine.scala:401)
[info]   at org.scalatest.SuperEngine.runTestsInBranch(Engine.scala:396)
[info]   at org.scalatest.SuperEngine.runTestsImpl(Engine.scala:475)
[info]   at org.scalatest.funsuite.AnyFunSuiteLike.runTests(AnyFunSuiteLike.scala:269)
[info]   at org.scalatest.funsuite.AnyFunSuiteLike.runTests$(AnyFunSuiteLike.scala:268)
[info]   at org.scalatest.funsuite.AnyFunSuite.runTests(AnyFunSuite.scala:1564)
[info]   at org.scalatest.Suite.run(Suite.scala:1114)
[info]   at org.scalatest.Suite.run$(Suite.scala:1096)
[info]   at org.scalatest.funsuite.AnyFunSuite.org$scalatest$funsuite$AnyFunSuiteLike$$super$run(AnyFunSuite.scala:1564)
[info]   at org.scalatest.funsuite.AnyFunSuiteLike.$anonfun$run$1(AnyFunSuiteLike.scala:273)
[info]   at org.scalatest.SuperEngine.runImpl(Engine.scala:535)
[info]   at org.scalatest.funsuite.AnyFunSuiteLike.run(AnyFunSuiteLike.scala:273)
[info]   at org.scalatest.funsuite.AnyFunSuiteLike.run$(AnyFunSuiteLike.scala:272)
[info]   at frameless.TypedDatasetSuite.org$scalatest$BeforeAndAfterAll$$super$run(TypedDatasetSuite.scala:63)
[info]   at org.scalatest.BeforeAndAfterAll.liftedTree1$1(BeforeAndAfterAll.scala:213)
[info]   at org.scalatest.BeforeAndAfterAll.run(BeforeAndAfterAll.scala:210)
[info]   at org.scalatest.BeforeAndAfterAll.run$(BeforeAndAfterAll.scala:208)
[info]   at frameless.TypedDatasetSuite.run(TypedDatasetSuite.scala:63)
[info]   at org.scalatest.tools.Framework.org$scalatest$tools$Framework$$runSuite(Framework.scala:321)
[info]   at org.scalatest.tools.Framework$ScalaTestTask.execute(Framework.scala:517)
[info]   at sbt.ForkMain$Run.lambda$runTest$1(ForkMain.java:414)
[info]   at java.base/java.util.concurrent.FutureTask.run(FutureTask.java:317)
[info]   at java.base/java.util.concurrent.ThreadPoolExecutor.runWorker(ThreadPoolExecutor.java:1144)
[info]   at java.base/java.util.concurrent.ThreadPoolExecutor$Worker.run(ThreadPoolExecutor.java:642)
[info]   at java.base/java.lang.Thread.run(Thread.java:1583)
[info] - kurtosis *** FAILED *** (17 milliseconds)
[info]   IllegalArgumentException was thrown during property evaluation.
[info]     Message: argument type mismatch
[info]     Occurred when passed generated values (
[info]       arg0 = List()
[info]     )
[info]   org.scalatest.exceptions.GeneratorDrivenPropertyCheckFailedException:
[info]   at org.scalatestplus.scalacheck.CheckerAsserting$$anon$2.indicateFailure(CheckerAsserting.scala:251)
[info]   at org.scalatestplus.scalacheck.CheckerAsserting$$anon$2.indicateFailure(CheckerAsserting.scala:238)
[info]   at org.scalatestplus.scalacheck.UnitCheckerAsserting$CheckerAssertingImpl.check(CheckerAsserting.scala:160)
[info]   at org.scalatestplus.scalacheck.Checkers.check(Checkers.scala:371)
[info]   at org.scalatestplus.scalacheck.Checkers.check$(Checkers.scala:369)
[info]   at frameless.TypedDatasetSuite.check(TypedDatasetSuite.scala:63)
[info]   at frameless.functions.AggregateFunctionsTests.$anonfun$new$419(AggregateFunctionsTests.scala:531)
[info]   at org.scalatest.OutcomeOf.outcomeOf(OutcomeOf.scala:85)
[info]   at org.scalatest.OutcomeOf.outcomeOf$(OutcomeOf.scala:83)
[info]   at org.scalatest.OutcomeOf$.outcomeOf(OutcomeOf.scala:104)
[info]   at org.scalatest.Transformer.apply(Transformer.scala:22)
[info]   at org.scalatest.Transformer.apply(Transformer.scala:20)
[info]   at org.scalatest.funsuite.AnyFunSuiteLike$$anon$1.apply(AnyFunSuiteLike.scala:226)
[info]   at org.scalatest.TestSuite.withFixture(TestSuite.scala:196)
[info]   at org.scalatest.TestSuite.withFixture$(TestSuite.scala:195)
[info]   at org.scalatest.funsuite.AnyFunSuite.withFixture(AnyFunSuite.scala:1564)
[info]   at org.scalatest.funsuite.AnyFunSuiteLike.invokeWithFixture$1(AnyFunSuiteLike.scala:224)
[info]   at org.scalatest.funsuite.AnyFunSuiteLike.$anonfun$runTest$1(AnyFunSuiteLike.scala:236)
[info]   at org.scalatest.SuperEngine.runTestImpl(Engine.scala:306)
[info]   at org.scalatest.funsuite.AnyFunSuiteLike.runTest(AnyFunSuiteLike.scala:236)
[info]   at org.scalatest.funsuite.AnyFunSuiteLike.runTest$(AnyFunSuiteLike.scala:218)
[info]   at org.scalatest.funsuite.AnyFunSuite.runTest(AnyFunSuite.scala:1564)
[info]   at org.scalatest.funsuite.AnyFunSuiteLike.$anonfun$runTests$1(AnyFunSuiteLike.scala:269)
[info]   at org.scalatest.SuperEngine.$anonfun$runTestsInBranch$1(Engine.scala:413)
[info]   at scala.collection.immutable.List.foreach(List.scala:334)
[info]   at org.scalatest.SuperEngine.traverseSubNodes$1(Engine.scala:401)
[info]   at org.scalatest.SuperEngine.runTestsInBranch(Engine.scala:396)
[info]   at org.scalatest.SuperEngine.runTestsImpl(Engine.scala:475)
[info]   at org.scalatest.funsuite.AnyFunSuiteLike.runTests(AnyFunSuiteLike.scala:269)
[info]   at org.scalatest.funsuite.AnyFunSuiteLike.runTests$(AnyFunSuiteLike.scala:268)
[info]   at org.scalatest.funsuite.AnyFunSuite.runTests(AnyFunSuite.scala:1564)
[info]   at org.scalatest.Suite.run(Suite.scala:1114)
[info]   at org.scalatest.Suite.run$(Suite.scala:1096)
[info]   at org.scalatest.funsuite.AnyFunSuite.org$scalatest$funsuite$AnyFunSuiteLike$$super$run(AnyFunSuite.scala:1564)
[info]   at org.scalatest.funsuite.AnyFunSuiteLike.$anonfun$run$1(AnyFunSuiteLike.scala:273)
[info]   at org.scalatest.SuperEngine.runImpl(Engine.scala:535)
[info]   at org.scalatest.funsuite.AnyFunSuiteLike.run(AnyFunSuiteLike.scala:273)
[info]   at org.scalatest.funsuite.AnyFunSuiteLike.run$(AnyFunSuiteLike.scala:272)
[info]   at frameless.TypedDatasetSuite.org$scalatest$BeforeAndAfterAll$$super$run(TypedDatasetSuite.scala:63)
[info]   at org.scalatest.BeforeAndAfterAll.liftedTree1$1(BeforeAndAfterAll.scala:213)
[info]   at org.scalatest.BeforeAndAfterAll.run(BeforeAndAfterAll.scala:210)
[info]   at org.scalatest.BeforeAndAfterAll.run$(BeforeAndAfterAll.scala:208)
[info]   at frameless.TypedDatasetSuite.run(TypedDatasetSuite.scala:63)
[info]   at org.scalatest.tools.Framework.org$scalatest$tools$Framework$$runSuite(Framework.scala:321)
[info]   at org.scalatest.tools.Framework$ScalaTestTask.execute(Framework.scala:517)
[info]   at sbt.ForkMain$Run.lambda$runTest$1(ForkMain.java:414)
[info]   at java.base/java.util.concurrent.FutureTask.run(FutureTask.java:317)
[info]   at java.base/java.util.concurrent.ThreadPoolExecutor.runWorker(ThreadPoolExecutor.java:1144)
[info]   at java.base/java.util.concurrent.ThreadPoolExecutor$Worker.run(ThreadPoolExecutor.java:642)
[info]   at java.base/java.lang.Thread.run(Thread.java:1583)
[info]   Cause: java.lang.IllegalArgumentException: argument type mismatch
[info]   at java.base/jdk.internal.reflect.DirectConstructorHandleAccessor.newInstance(DirectConstructorHandleAccessor.java:65)
[info]   at java.base/java.lang.reflect.Constructor.newInstanceWithCaller(Constructor.java:502)
[info]   at java.base/java.lang.reflect.Constructor.newInstance(Constructor.java:486)
[info]   at frameless.TypedExpressionEncoder$.$anonfun$apply$3(TypedExpressionEncoder.scala:55)
[info]   at scala.Option.map(Option.scala:242)
[info]   at frameless.TypedExpressionEncoder$.apply(TypedExpressionEncoder.scala:54)
[info]   at frameless.TypedDataset$.create(TypedDataset.scala:1325)
[info]   at frameless.functions.AggregateFunctionsTests.univariatePropTemplate(AggregateFunctionsTests.scala:436)
[info]   at frameless.functions.AggregateFunctionsTests.prop$19(AggregateFunctionsTests.scala:526)
[info]   at frameless.functions.AggregateFunctionsTests.$anonfun$new$422(AggregateFunctionsTests.scala:531)
[info]   at scala.Function1.$anonfun$andThen$1(Function1.scala:87)
[info]   at org.scalacheck.Prop$.$anonfun$forAllShrink$2(Prop.scala:868)
[info]   at org.scalacheck.Prop$.secure(Prop.scala:484)
[info]   at org.scalacheck.Prop$.result$1(Prop.scala:868)
[info]   at org.scalacheck.Prop$.$anonfun$forAllShrink$1(Prop.scala:915)
[info]   at org.scalacheck.Prop$.$anonfun$apply$1(Prop.scala:305)
[info]   at org.scalacheck.PropFromFun.apply(Prop.scala:20)
[info]   at org.scalacheck.Test$.workerFun$1(Test.scala:486)
[info]   at org.scalacheck.Test$.$anonfun$check$4(Test.scala:518)
[info]   at org.scalacheck.Test$.$anonfun$check$4$adapted(Test.scala:518)
[info]   at org.scalacheck.Platform$.runWorkers(Platform.scala:42)
[info]   at org.scalacheck.Test$.check(Test.scala:518)
[info]   at org.scalatestplus.scalacheck.UnitCheckerAsserting$CheckerAssertingImpl.check(CheckerAsserting.scala:90)
[info]   at org.scalatestplus.scalacheck.Checkers.check(Checkers.scala:371)
[info]   at org.scalatestplus.scalacheck.Checkers.check$(Checkers.scala:369)
[info]   at frameless.TypedDatasetSuite.check(TypedDatasetSuite.scala:63)
[info]   at frameless.functions.AggregateFunctionsTests.$anonfun$new$419(AggregateFunctionsTests.scala:531)
[info]   at org.scalatest.OutcomeOf.outcomeOf(OutcomeOf.scala:85)
[info]   at org.scalatest.OutcomeOf.outcomeOf$(OutcomeOf.scala:83)
[info]   at org.scalatest.OutcomeOf$.outcomeOf(OutcomeOf.scala:104)
[info]   at org.scalatest.Transformer.apply(Transformer.scala:22)
[info]   at org.scalatest.Transformer.apply(Transformer.scala:20)
[info]   at org.scalatest.funsuite.AnyFunSuiteLike$$anon$1.apply(AnyFunSuiteLike.scala:226)
[info]   at org.scalatest.TestSuite.withFixture(TestSuite.scala:196)
[info]   at org.scalatest.TestSuite.withFixture$(TestSuite.scala:195)
[info]   at org.scalatest.funsuite.AnyFunSuite.withFixture(AnyFunSuite.scala:1564)
[info]   at org.scalatest.funsuite.AnyFunSuiteLike.invokeWithFixture$1(AnyFunSuiteLike.scala:224)
[info]   at org.scalatest.funsuite.AnyFunSuiteLike.$anonfun$runTest$1(AnyFunSuiteLike.scala:236)
[info]   at org.scalatest.SuperEngine.runTestImpl(Engine.scala:306)
[info]   at org.scalatest.funsuite.AnyFunSuiteLike.runTest(AnyFunSuiteLike.scala:236)
[info]   at org.scalatest.funsuite.AnyFunSuiteLike.runTest$(AnyFunSuiteLike.scala:218)
[info]   at org.scalatest.funsuite.AnyFunSuite.runTest(AnyFunSuite.scala:1564)
[info]   at org.scalatest.funsuite.AnyFunSuiteLike.$anonfun$runTests$1(AnyFunSuiteLike.scala:269)
[info]   at org.scalatest.SuperEngine.$anonfun$runTestsInBranch$1(Engine.scala:413)
[info]   at scala.collection.immutable.List.foreach(List.scala:334)
[info]   at org.scalatest.SuperEngine.traverseSubNodes$1(Engine.scala:401)
[info]   at org.scalatest.SuperEngine.runTestsInBranch(Engine.scala:396)
[info]   at org.scalatest.SuperEngine.runTestsImpl(Engine.scala:475)
[info]   at org.scalatest.funsuite.AnyFunSuiteLike.runTests(AnyFunSuiteLike.scala:269)
[info]   at org.scalatest.funsuite.AnyFunSuiteLike.runTests$(AnyFunSuiteLike.scala:268)
[info]   at org.scalatest.funsuite.AnyFunSuite.runTests(AnyFunSuite.scala:1564)
[info]   at org.scalatest.Suite.run(Suite.scala:1114)
[info]   at org.scalatest.Suite.run$(Suite.scala:1096)
[info]   at org.scalatest.funsuite.AnyFunSuite.org$scalatest$funsuite$AnyFunSuiteLike$$super$run(AnyFunSuite.scala:1564)
[info]   at org.scalatest.funsuite.AnyFunSuiteLike.$anonfun$run$1(AnyFunSuiteLike.scala:273)
[info]   at org.scalatest.SuperEngine.runImpl(Engine.scala:535)
[info]   at org.scalatest.funsuite.AnyFunSuiteLike.run(AnyFunSuiteLike.scala:273)
[info]   at org.scalatest.funsuite.AnyFunSuiteLike.run$(AnyFunSuiteLike.scala:272)
[info]   at frameless.TypedDatasetSuite.org$scalatest$BeforeAndAfterAll$$super$run(TypedDatasetSuite.scala:63)
[info]   at org.scalatest.BeforeAndAfterAll.liftedTree1$1(BeforeAndAfterAll.scala:213)
[info]   at org.scalatest.BeforeAndAfterAll.run(BeforeAndAfterAll.scala:210)
[info]   at org.scalatest.BeforeAndAfterAll.run$(BeforeAndAfterAll.scala:208)
[info]   at frameless.TypedDatasetSuite.run(TypedDatasetSuite.scala:63)
[info]   at org.scalatest.tools.Framework.org$scalatest$tools$Framework$$runSuite(Framework.scala:321)
[info]   at org.scalatest.tools.Framework$ScalaTestTask.execute(Framework.scala:517)
[info]   at sbt.ForkMain$Run.lambda$runTest$1(ForkMain.java:414)
[info]   at java.base/java.util.concurrent.FutureTask.run(FutureTask.java:317)
[info]   at java.base/java.util.concurrent.ThreadPoolExecutor.runWorker(ThreadPoolExecutor.java:1144)
[info]   at java.base/java.util.concurrent.ThreadPoolExecutor$Worker.run(ThreadPoolExecutor.java:642)
[info]   at java.base/java.lang.Thread.run(Thread.java:1583)
[info]   Cause: java.lang.ClassCastException: Cannot cast scala.reflect.ClassTag$GenericClassTag to org.apache.spark.sql.catalyst.expressions.Expression
[info]   at java.base/java.lang.Class.cast(Class.java:4067)
[info]   at java.base/jdk.internal.reflect.DirectConstructorHandleAccessor.newInstance(DirectConstructorHandleAccessor.java:62)
[info]   at java.base/java.lang.reflect.Constructor.newInstanceWithCaller(Constructor.java:502)
[info]   at java.base/java.lang.reflect.Constructor.newInstance(Constructor.java:486)
[info]   at frameless.TypedExpressionEncoder$.$anonfun$apply$3(TypedExpressionEncoder.scala:55)
[info]   at scala.Option.map(Option.scala:242)
[info]   at frameless.TypedExpressionEncoder$.apply(TypedExpressionEncoder.scala:54)
[info]   at frameless.TypedDataset$.create(TypedDataset.scala:1325)
[info]   at frameless.functions.AggregateFunctionsTests.univariatePropTemplate(AggregateFunctionsTests.scala:436)
[info]   at frameless.functions.AggregateFunctionsTests.prop$19(AggregateFunctionsTests.scala:526)
[info]   at frameless.functions.AggregateFunctionsTests.$anonfun$new$422(AggregateFunctionsTests.scala:531)
[info]   at scala.Function1.$anonfun$andThen$1(Function1.scala:87)
[info]   at org.scalacheck.Prop$.$anonfun$forAllShrink$2(Prop.scala:868)
[info]   at org.scalacheck.Prop$.secure(Prop.scala:484)
[info]   at org.scalacheck.Prop$.result$1(Prop.scala:868)
[info]   at org.scalacheck.Prop$.$anonfun$forAllShrink$1(Prop.scala:915)
[info]   at org.scalacheck.Prop$.$anonfun$apply$1(Prop.scala:305)
[info]   at org.scalacheck.PropFromFun.apply(Prop.scala:20)
[info]   at org.scalacheck.Test$.workerFun$1(Test.scala:486)
[info]   at org.scalacheck.Test$.$anonfun$check$4(Test.scala:518)
[info]   at org.scalacheck.Test$.$anonfun$check$4$adapted(Test.scala:518)
[info]   at org.scalacheck.Platform$.runWorkers(Platform.scala:42)
[info]   at org.scalacheck.Test$.check(Test.scala:518)
[info]   at org.scalatestplus.scalacheck.UnitCheckerAsserting$CheckerAssertingImpl.check(CheckerAsserting.scala:90)
[info]   at org.scalatestplus.scalacheck.Checkers.check(Checkers.scala:371)
[info]   at org.scalatestplus.scalacheck.Checkers.check$(Checkers.scala:369)
[info]   at frameless.TypedDatasetSuite.check(TypedDatasetSuite.scala:63)
[info]   at frameless.functions.AggregateFunctionsTests.$anonfun$new$419(AggregateFunctionsTests.scala:531)
[info]   at org.scalatest.OutcomeOf.outcomeOf(OutcomeOf.scala:85)
[info]   at org.scalatest.OutcomeOf.outcomeOf$(OutcomeOf.scala:83)
[info]   at org.scalatest.OutcomeOf$.outcomeOf(OutcomeOf.scala:104)
[info]   at org.scalatest.Transformer.apply(Transformer.scala:22)
[info]   at org.scalatest.Transformer.apply(Transformer.scala:20)
[info]   at org.scalatest.funsuite.AnyFunSuiteLike$$anon$1.apply(AnyFunSuiteLike.scala:226)
[info]   at org.scalatest.TestSuite.withFixture(TestSuite.scala:196)
[info]   at org.scalatest.TestSuite.withFixture$(TestSuite.scala:195)
[info]   at org.scalatest.funsuite.AnyFunSuite.withFixture(AnyFunSuite.scala:1564)
[info]   at org.scalatest.funsuite.AnyFunSuiteLike.invokeWithFixture$1(AnyFunSuiteLike.scala:224)
[info]   at org.scalatest.funsuite.AnyFunSuiteLike.$anonfun$runTest$1(AnyFunSuiteLike.scala:236)
[info]   at org.scalatest.SuperEngine.runTestImpl(Engine.scala:306)
[info]   at org.scalatest.funsuite.AnyFunSuiteLike.runTest(AnyFunSuiteLike.scala:236)
[info]   at org.scalatest.funsuite.AnyFunSuiteLike.runTest$(AnyFunSuiteLike.scala:218)
[info]   at org.scalatest.funsuite.AnyFunSuite.runTest(AnyFunSuite.scala:1564)
[info]   at org.scalatest.funsuite.AnyFunSuiteLike.$anonfun$runTests$1(AnyFunSuiteLike.scala:269)
[info]   at org.scalatest.SuperEngine.$anonfun$runTestsInBranch$1(Engine.scala:413)
[info]   at scala.collection.immutable.List.foreach(List.scala:334)
[info]   at org.scalatest.SuperEngine.traverseSubNodes$1(Engine.scala:401)
[info]   at org.scalatest.SuperEngine.runTestsInBranch(Engine.scala:396)
[info]   at org.scalatest.SuperEngine.runTestsImpl(Engine.scala:475)
[info]   at org.scalatest.funsuite.AnyFunSuiteLike.runTests(AnyFunSuiteLike.scala:269)
[info]   at org.scalatest.funsuite.AnyFunSuiteLike.runTests$(AnyFunSuiteLike.scala:268)
[info]   at org.scalatest.funsuite.AnyFunSuite.runTests(AnyFunSuite.scala:1564)
[info]   at org.scalatest.Suite.run(Suite.scala:1114)
[info]   at org.scalatest.Suite.run$(Suite.scala:1096)
[info]   at org.scalatest.funsuite.AnyFunSuite.org$scalatest$funsuite$AnyFunSuiteLike$$super$run(AnyFunSuite.scala:1564)
[info]   at org.scalatest.funsuite.AnyFunSuiteLike.$anonfun$run$1(AnyFunSuiteLike.scala:273)
[info]   at org.scalatest.SuperEngine.runImpl(Engine.scala:535)
[info]   at org.scalatest.funsuite.AnyFunSuiteLike.run(AnyFunSuiteLike.scala:273)
[info]   at org.scalatest.funsuite.AnyFunSuiteLike.run$(AnyFunSuiteLike.scala:272)
[info]   at frameless.TypedDatasetSuite.org$scalatest$BeforeAndAfterAll$$super$run(TypedDatasetSuite.scala:63)
[info]   at org.scalatest.BeforeAndAfterAll.liftedTree1$1(BeforeAndAfterAll.scala:213)
[info]   at org.scalatest.BeforeAndAfterAll.run(BeforeAndAfterAll.scala:210)
[info]   at org.scalatest.BeforeAndAfterAll.run$(BeforeAndAfterAll.scala:208)
[info]   at frameless.TypedDatasetSuite.run(TypedDatasetSuite.scala:63)
[info]   at org.scalatest.tools.Framework.org$scalatest$tools$Framework$$runSuite(Framework.scala:321)
[info]   at org.scalatest.tools.Framework$ScalaTestTask.execute(Framework.scala:517)
[info]   at sbt.ForkMain$Run.lambda$runTest$1(ForkMain.java:414)
[info]   at java.base/java.util.concurrent.FutureTask.run(FutureTask.java:317)
[info]   at java.base/java.util.concurrent.ThreadPoolExecutor.runWorker(ThreadPoolExecutor.java:1144)
[info]   at java.base/java.util.concurrent.ThreadPoolExecutor$Worker.run(ThreadPoolExecutor.java:642)
[info]   at java.base/java.lang.Thread.run(Thread.java:1583)
[info] - skewness *** FAILED *** (13 milliseconds)
[info]   IllegalArgumentException was thrown during property evaluation.
[info]     Message: argument type mismatch
[info]     Occurred when passed generated values (
[info]       arg0 = List()
[info]     )
[info]   org.scalatest.exceptions.GeneratorDrivenPropertyCheckFailedException:
[info]   at org.scalatestplus.scalacheck.CheckerAsserting$$anon$2.indicateFailure(CheckerAsserting.scala:251)
[info]   at org.scalatestplus.scalacheck.CheckerAsserting$$anon$2.indicateFailure(CheckerAsserting.scala:238)
[info]   at org.scalatestplus.scalacheck.UnitCheckerAsserting$CheckerAssertingImpl.check(CheckerAsserting.scala:160)
[info]   at org.scalatestplus.scalacheck.Checkers.check(Checkers.scala:371)
[info]   at org.scalatestplus.scalacheck.Checkers.check$(Checkers.scala:369)
[info]   at frameless.TypedDatasetSuite.check(TypedDatasetSuite.scala:63)
[info]   at frameless.functions.AggregateFunctionsTests.$anonfun$new$432(AggregateFunctionsTests.scala:551)
[info]   at org.scalatest.OutcomeOf.outcomeOf(OutcomeOf.scala:85)
[info]   at org.scalatest.OutcomeOf.outcomeOf$(OutcomeOf.scala:83)
[info]   at org.scalatest.OutcomeOf$.outcomeOf(OutcomeOf.scala:104)
[info]   at org.scalatest.Transformer.apply(Transformer.scala:22)
[info]   at org.scalatest.Transformer.apply(Transformer.scala:20)
[info]   at org.scalatest.funsuite.AnyFunSuiteLike$$anon$1.apply(AnyFunSuiteLike.scala:226)
[info]   at org.scalatest.TestSuite.withFixture(TestSuite.scala:196)
[info]   at org.scalatest.TestSuite.withFixture$(TestSuite.scala:195)
[info]   at org.scalatest.funsuite.AnyFunSuite.withFixture(AnyFunSuite.scala:1564)
[info]   at org.scalatest.funsuite.AnyFunSuiteLike.invokeWithFixture$1(AnyFunSuiteLike.scala:224)
[info]   at org.scalatest.funsuite.AnyFunSuiteLike.$anonfun$runTest$1(AnyFunSuiteLike.scala:236)
[info]   at org.scalatest.SuperEngine.runTestImpl(Engine.scala:306)
[info]   at org.scalatest.funsuite.AnyFunSuiteLike.runTest(AnyFunSuiteLike.scala:236)
[info]   at org.scalatest.funsuite.AnyFunSuiteLike.runTest$(AnyFunSuiteLike.scala:218)
[info]   at org.scalatest.funsuite.AnyFunSuite.runTest(AnyFunSuite.scala:1564)
[info]   at org.scalatest.funsuite.AnyFunSuiteLike.$anonfun$runTests$1(AnyFunSuiteLike.scala:269)
[info]   at org.scalatest.SuperEngine.$anonfun$runTestsInBranch$1(Engine.scala:413)
[info]   at scala.collection.immutable.List.foreach(List.scala:334)
[info]   at org.scalatest.SuperEngine.traverseSubNodes$1(Engine.scala:401)
[info]   at org.scalatest.SuperEngine.runTestsInBranch(Engine.scala:396)
[info]   at org.scalatest.SuperEngine.runTestsImpl(Engine.scala:475)
[info]   at org.scalatest.funsuite.AnyFunSuiteLike.runTests(AnyFunSuiteLike.scala:269)
[info]   at org.scalatest.funsuite.AnyFunSuiteLike.runTests$(AnyFunSuiteLike.scala:268)
[info]   at org.scalatest.funsuite.AnyFunSuite.runTests(AnyFunSuite.scala:1564)
[info]   at org.scalatest.Suite.run(Suite.scala:1114)
[info]   at org.scalatest.Suite.run$(Suite.scala:1096)
[info]   at org.scalatest.funsuite.AnyFunSuite.org$scalatest$funsuite$AnyFunSuiteLike$$super$run(AnyFunSuite.scala:1564)
[info]   at org.scalatest.funsuite.AnyFunSuiteLike.$anonfun$run$1(AnyFunSuiteLike.scala:273)
[info]   at org.scalatest.SuperEngine.runImpl(Engine.scala:535)
[info]   at org.scalatest.funsuite.AnyFunSuiteLike.run(AnyFunSuiteLike.scala:273)
[info]   at org.scalatest.funsuite.AnyFunSuiteLike.run$(AnyFunSuiteLike.scala:272)
[info]   at frameless.TypedDatasetSuite.org$scalatest$BeforeAndAfterAll$$super$run(TypedDatasetSuite.scala:63)
[info]   at org.scalatest.BeforeAndAfterAll.liftedTree1$1(BeforeAndAfterAll.scala:213)
[info]   at org.scalatest.BeforeAndAfterAll.run(BeforeAndAfterAll.scala:210)
[info]   at org.scalatest.BeforeAndAfterAll.run$(BeforeAndAfterAll.scala:208)
[info]   at frameless.TypedDatasetSuite.run(TypedDatasetSuite.scala:63)
[info]   at org.scalatest.tools.Framework.org$scalatest$tools$Framework$$runSuite(Framework.scala:321)
[info]   at org.scalatest.tools.Framework$ScalaTestTask.execute(Framework.scala:517)
[info]   at sbt.ForkMain$Run.lambda$runTest$1(ForkMain.java:414)
[info]   at java.base/java.util.concurrent.FutureTask.run(FutureTask.java:317)
[info]   at java.base/java.util.concurrent.ThreadPoolExecutor.runWorker(ThreadPoolExecutor.java:1144)
[info]   at java.base/java.util.concurrent.ThreadPoolExecutor$Worker.run(ThreadPoolExecutor.java:642)
[info]   at java.base/java.lang.Thread.run(Thread.java:1583)
[info]   Cause: java.lang.IllegalArgumentException: argument type mismatch
[info]   at java.base/jdk.internal.reflect.DirectConstructorHandleAccessor.newInstance(DirectConstructorHandleAccessor.java:65)
[info]   at java.base/java.lang.reflect.Constructor.newInstanceWithCaller(Constructor.java:502)
[info]   at java.base/java.lang.reflect.Constructor.newInstance(Constructor.java:486)
[info]   at frameless.TypedExpressionEncoder$.$anonfun$apply$3(TypedExpressionEncoder.scala:55)
[info]   at scala.Option.map(Option.scala:242)
[info]   at frameless.TypedExpressionEncoder$.apply(TypedExpressionEncoder.scala:54)
[info]   at frameless.TypedDataset$.create(TypedDataset.scala:1325)
[info]   at frameless.functions.AggregateFunctionsTests.univariatePropTemplate(AggregateFunctionsTests.scala:436)
[info]   at frameless.functions.AggregateFunctionsTests.prop$20(AggregateFunctionsTests.scala:546)
[info]   at frameless.functions.AggregateFunctionsTests.$anonfun$new$435(AggregateFunctionsTests.scala:551)
[info]   at scala.Function1.$anonfun$andThen$1(Function1.scala:87)
[info]   at org.scalacheck.Prop$.$anonfun$forAllShrink$2(Prop.scala:868)
[info]   at org.scalacheck.Prop$.secure(Prop.scala:484)
[info]   at org.scalacheck.Prop$.result$1(Prop.scala:868)
[info]   at org.scalacheck.Prop$.$anonfun$forAllShrink$1(Prop.scala:915)
[info]   at org.scalacheck.Prop$.$anonfun$apply$1(Prop.scala:305)
[info]   at org.scalacheck.PropFromFun.apply(Prop.scala:20)
[info]   at org.scalacheck.Test$.workerFun$1(Test.scala:486)
[info]   at org.scalacheck.Test$.$anonfun$check$4(Test.scala:518)
[info]   at org.scalacheck.Test$.$anonfun$check$4$adapted(Test.scala:518)
[info]   at org.scalacheck.Platform$.runWorkers(Platform.scala:42)
[info]   at org.scalacheck.Test$.check(Test.scala:518)
[info]   at org.scalatestplus.scalacheck.UnitCheckerAsserting$CheckerAssertingImpl.check(CheckerAsserting.scala:90)
[info]   at org.scalatestplus.scalacheck.Checkers.check(Checkers.scala:371)
[info]   at org.scalatestplus.scalacheck.Checkers.check$(Checkers.scala:369)
[info]   at frameless.TypedDatasetSuite.check(TypedDatasetSuite.scala:63)
[info]   at frameless.functions.AggregateFunctionsTests.$anonfun$new$432(AggregateFunctionsTests.scala:551)
[info]   at org.scalatest.OutcomeOf.outcomeOf(OutcomeOf.scala:85)
[info]   at org.scalatest.OutcomeOf.outcomeOf$(OutcomeOf.scala:83)
[info]   at org.scalatest.OutcomeOf$.outcomeOf(OutcomeOf.scala:104)
[info]   at org.scalatest.Transformer.apply(Transformer.scala:22)
[info]   at org.scalatest.Transformer.apply(Transformer.scala:20)
[info]   at org.scalatest.funsuite.AnyFunSuiteLike$$anon$1.apply(AnyFunSuiteLike.scala:226)
[info]   at org.scalatest.TestSuite.withFixture(TestSuite.scala:196)
[info]   at org.scalatest.TestSuite.withFixture$(TestSuite.scala:195)
[info]   at org.scalatest.funsuite.AnyFunSuite.withFixture(AnyFunSuite.scala:1564)
[info]   at org.scalatest.funsuite.AnyFunSuiteLike.invokeWithFixture$1(AnyFunSuiteLike.scala:224)
[info]   at org.scalatest.funsuite.AnyFunSuiteLike.$anonfun$runTest$1(AnyFunSuiteLike.scala:236)
[info]   at org.scalatest.SuperEngine.runTestImpl(Engine.scala:306)
[info]   at org.scalatest.funsuite.AnyFunSuiteLike.runTest(AnyFunSuiteLike.scala:236)
[info]   at org.scalatest.funsuite.AnyFunSuiteLike.runTest$(AnyFunSuiteLike.scala:218)
[info]   at org.scalatest.funsuite.AnyFunSuite.runTest(AnyFunSuite.scala:1564)
[info]   at org.scalatest.funsuite.AnyFunSuiteLike.$anonfun$runTests$1(AnyFunSuiteLike.scala:269)
[info]   at org.scalatest.SuperEngine.$anonfun$runTestsInBranch$1(Engine.scala:413)
[info]   at scala.collection.immutable.List.foreach(List.scala:334)
[info]   at org.scalatest.SuperEngine.traverseSubNodes$1(Engine.scala:401)
[info]   at org.scalatest.SuperEngine.runTestsInBranch(Engine.scala:396)
[info]   at org.scalatest.SuperEngine.runTestsImpl(Engine.scala:475)
[info]   at org.scalatest.funsuite.AnyFunSuiteLike.runTests(AnyFunSuiteLike.scala:269)
[info]   at org.scalatest.funsuite.AnyFunSuiteLike.runTests$(AnyFunSuiteLike.scala:268)
[info]   at org.scalatest.funsuite.AnyFunSuite.runTests(AnyFunSuite.scala:1564)
[info]   at org.scalatest.Suite.run(Suite.scala:1114)
[info]   at org.scalatest.Suite.run$(Suite.scala:1096)
[info]   at org.scalatest.funsuite.AnyFunSuite.org$scalatest$funsuite$AnyFunSuiteLike$$super$run(AnyFunSuite.scala:1564)
[info]   at org.scalatest.funsuite.AnyFunSuiteLike.$anonfun$run$1(AnyFunSuiteLike.scala:273)
[info]   at org.scalatest.SuperEngine.runImpl(Engine.scala:535)
[info]   at org.scalatest.funsuite.AnyFunSuiteLike.run(AnyFunSuiteLike.scala:273)
[info]   at org.scalatest.funsuite.AnyFunSuiteLike.run$(AnyFunSuiteLike.scala:272)
[info]   at frameless.TypedDatasetSuite.org$scalatest$BeforeAndAfterAll$$super$run(TypedDatasetSuite.scala:63)
[info]   at org.scalatest.BeforeAndAfterAll.liftedTree1$1(BeforeAndAfterAll.scala:213)
[info]   at org.scalatest.BeforeAndAfterAll.run(BeforeAndAfterAll.scala:210)
[info]   at org.scalatest.BeforeAndAfterAll.run$(BeforeAndAfterAll.scala:208)
[info]   at frameless.TypedDatasetSuite.run(TypedDatasetSuite.scala:63)
[info]   at org.scalatest.tools.Framework.org$scalatest$tools$Framework$$runSuite(Framework.scala:321)
[info]   at org.scalatest.tools.Framework$ScalaTestTask.execute(Framework.scala:517)
[info]   at sbt.ForkMain$Run.lambda$runTest$1(ForkMain.java:414)
[info]   at java.base/java.util.concurrent.FutureTask.run(FutureTask.java:317)
[info]   at java.base/java.util.concurrent.ThreadPoolExecutor.runWorker(ThreadPoolExecutor.java:1144)
[info]   at java.base/java.util.concurrent.ThreadPoolExecutor$Worker.run(ThreadPoolExecutor.java:642)
[info]   at java.base/java.lang.Thread.run(Thread.java:1583)
[info]   Cause: java.lang.ClassCastException: Cannot cast scala.reflect.ClassTag$GenericClassTag to org.apache.spark.sql.catalyst.expressions.Expression
[info]   at java.base/java.lang.Class.cast(Class.java:4067)
[info]   at java.base/jdk.internal.reflect.DirectConstructorHandleAccessor.newInstance(DirectConstructorHandleAccessor.java:62)
[info]   at java.base/java.lang.reflect.Constructor.newInstanceWithCaller(Constructor.java:502)
[info]   at java.base/java.lang.reflect.Constructor.newInstance(Constructor.java:486)
[info]   at frameless.TypedExpressionEncoder$.$anonfun$apply$3(TypedExpressionEncoder.scala:55)
[info]   at scala.Option.map(Option.scala:242)
[info]   at frameless.TypedExpressionEncoder$.apply(TypedExpressionEncoder.scala:54)
[info]   at frameless.TypedDataset$.create(TypedDataset.scala:1325)
[info]   at frameless.functions.AggregateFunctionsTests.univariatePropTemplate(AggregateFunctionsTests.scala:436)
[info]   at frameless.functions.AggregateFunctionsTests.prop$20(AggregateFunctionsTests.scala:546)
[info]   at frameless.functions.AggregateFunctionsTests.$anonfun$new$435(AggregateFunctionsTests.scala:551)
[info]   at scala.Function1.$anonfun$andThen$1(Function1.scala:87)
[info]   at org.scalacheck.Prop$.$anonfun$forAllShrink$2(Prop.scala:868)
[info]   at org.scalacheck.Prop$.secure(Prop.scala:484)
[info]   at org.scalacheck.Prop$.result$1(Prop.scala:868)
[info]   at org.scalacheck.Prop$.$anonfun$forAllShrink$1(Prop.scala:915)
[info]   at org.scalacheck.Prop$.$anonfun$apply$1(Prop.scala:305)
[info]   at org.scalacheck.PropFromFun.apply(Prop.scala:20)
[info]   at org.scalacheck.Test$.workerFun$1(Test.scala:486)
[info]   at org.scalacheck.Test$.$anonfun$check$4(Test.scala:518)
[info]   at org.scalacheck.Test$.$anonfun$check$4$adapted(Test.scala:518)
[info]   at org.scalacheck.Platform$.runWorkers(Platform.scala:42)
[info]   at org.scalacheck.Test$.check(Test.scala:518)
[info]   at org.scalatestplus.scalacheck.UnitCheckerAsserting$CheckerAssertingImpl.check(CheckerAsserting.scala:90)
[info]   at org.scalatestplus.scalacheck.Checkers.check(Checkers.scala:371)
[info]   at org.scalatestplus.scalacheck.Checkers.check$(Checkers.scala:369)
[info]   at frameless.TypedDatasetSuite.check(TypedDatasetSuite.scala:63)
[info]   at frameless.functions.AggregateFunctionsTests.$anonfun$new$432(AggregateFunctionsTests.scala:551)
[info]   at org.scalatest.OutcomeOf.outcomeOf(OutcomeOf.scala:85)
[info]   at org.scalatest.OutcomeOf.outcomeOf$(OutcomeOf.scala:83)
[info]   at org.scalatest.OutcomeOf$.outcomeOf(OutcomeOf.scala:104)
[info]   at org.scalatest.Transformer.apply(Transformer.scala:22)
[info]   at org.scalatest.Transformer.apply(Transformer.scala:20)
[info]   at org.scalatest.funsuite.AnyFunSuiteLike$$anon$1.apply(AnyFunSuiteLike.scala:226)
[info]   at org.scalatest.TestSuite.withFixture(TestSuite.scala:196)
[info]   at org.scalatest.TestSuite.withFixture$(TestSuite.scala:195)
[info]   at org.scalatest.funsuite.AnyFunSuite.withFixture(AnyFunSuite.scala:1564)
[info]   at org.scalatest.funsuite.AnyFunSuiteLike.invokeWithFixture$1(AnyFunSuiteLike.scala:224)
[info]   at org.scalatest.funsuite.AnyFunSuiteLike.$anonfun$runTest$1(AnyFunSuiteLike.scala:236)
[info]   at org.scalatest.SuperEngine.runTestImpl(Engine.scala:306)
[info]   at org.scalatest.funsuite.AnyFunSuiteLike.runTest(AnyFunSuiteLike.scala:236)
[info]   at org.scalatest.funsuite.AnyFunSuiteLike.runTest$(AnyFunSuiteLike.scala:218)
[info]   at org.scalatest.funsuite.AnyFunSuite.runTest(AnyFunSuite.scala:1564)
[info]   at org.scalatest.funsuite.AnyFunSuiteLike.$anonfun$runTests$1(AnyFunSuiteLike.scala:269)
[info]   at org.scalatest.SuperEngine.$anonfun$runTestsInBranch$1(Engine.scala:413)
[info]   at scala.collection.immutable.List.foreach(List.scala:334)
[info]   at org.scalatest.SuperEngine.traverseSubNodes$1(Engine.scala:401)
[info]   at org.scalatest.SuperEngine.runTestsInBranch(Engine.scala:396)
[info]   at org.scalatest.SuperEngine.runTestsImpl(Engine.scala:475)
[info]   at org.scalatest.funsuite.AnyFunSuiteLike.runTests(AnyFunSuiteLike.scala:269)
[info]   at org.scalatest.funsuite.AnyFunSuiteLike.runTests$(AnyFunSuiteLike.scala:268)
[info]   at org.scalatest.funsuite.AnyFunSuite.runTests(AnyFunSuite.scala:1564)
[info]   at org.scalatest.Suite.run(Suite.scala:1114)
[info]   at org.scalatest.Suite.run$(Suite.scala:1096)
[info]   at org.scalatest.funsuite.AnyFunSuite.org$scalatest$funsuite$AnyFunSuiteLike$$super$run(AnyFunSuite.scala:1564)
[info]   at org.scalatest.funsuite.AnyFunSuiteLike.$anonfun$run$1(AnyFunSuiteLike.scala:273)
[info]   at org.scalatest.SuperEngine.runImpl(Engine.scala:535)
[info]   at org.scalatest.funsuite.AnyFunSuiteLike.run(AnyFunSuiteLike.scala:273)
[info]   at org.scalatest.funsuite.AnyFunSuiteLike.run$(AnyFunSuiteLike.scala:272)
[info]   at frameless.TypedDatasetSuite.org$scalatest$BeforeAndAfterAll$$super$run(TypedDatasetSuite.scala:63)
[info]   at org.scalatest.BeforeAndAfterAll.liftedTree1$1(BeforeAndAfterAll.scala:213)
[info]   at org.scalatest.BeforeAndAfterAll.run(BeforeAndAfterAll.scala:210)
[info]   at org.scalatest.BeforeAndAfterAll.run$(BeforeAndAfterAll.scala:208)
[info]   at frameless.TypedDatasetSuite.run(TypedDatasetSuite.scala:63)
[info]   at org.scalatest.tools.Framework.org$scalatest$tools$Framework$$runSuite(Framework.scala:321)
[info]   at org.scalatest.tools.Framework$ScalaTestTask.execute(Framework.scala:517)
[info]   at sbt.ForkMain$Run.lambda$runTest$1(ForkMain.java:414)
[info]   at java.base/java.util.concurrent.FutureTask.run(FutureTask.java:317)
[info]   at java.base/java.util.concurrent.ThreadPoolExecutor.runWorker(ThreadPoolExecutor.java:1144)
[info]   at java.base/java.util.concurrent.ThreadPoolExecutor$Worker.run(ThreadPoolExecutor.java:642)
[info]   at java.base/java.lang.Thread.run(Thread.java:1583)
[info] - stddev_pop *** FAILED *** (12 milliseconds)
[info]   IllegalArgumentException was thrown during property evaluation.
[info]     Message: argument type mismatch
[info]     Occurred when passed generated values (
[info]       arg0 = List()
[info]     )
[info]   org.scalatest.exceptions.GeneratorDrivenPropertyCheckFailedException:
[info]   at org.scalatestplus.scalacheck.CheckerAsserting$$anon$2.indicateFailure(CheckerAsserting.scala:251)
[info]   at org.scalatestplus.scalacheck.CheckerAsserting$$anon$2.indicateFailure(CheckerAsserting.scala:238)
[info]   at org.scalatestplus.scalacheck.UnitCheckerAsserting$CheckerAssertingImpl.check(CheckerAsserting.scala:160)
[info]   at org.scalatestplus.scalacheck.Checkers.check(Checkers.scala:371)
[info]   at org.scalatestplus.scalacheck.Checkers.check$(Checkers.scala:369)
[info]   at frameless.TypedDatasetSuite.check(TypedDatasetSuite.scala:63)
[info]   at frameless.functions.AggregateFunctionsTests.$anonfun$new$445(AggregateFunctionsTests.scala:571)
[info]   at org.scalatest.OutcomeOf.outcomeOf(OutcomeOf.scala:85)
[info]   at org.scalatest.OutcomeOf.outcomeOf$(OutcomeOf.scala:83)
[info]   at org.scalatest.OutcomeOf$.outcomeOf(OutcomeOf.scala:104)
[info]   at org.scalatest.Transformer.apply(Transformer.scala:22)
[info]   at org.scalatest.Transformer.apply(Transformer.scala:20)
[info]   at org.scalatest.funsuite.AnyFunSuiteLike$$anon$1.apply(AnyFunSuiteLike.scala:226)
[info]   at org.scalatest.TestSuite.withFixture(TestSuite.scala:196)
[info]   at org.scalatest.TestSuite.withFixture$(TestSuite.scala:195)
[info]   at org.scalatest.funsuite.AnyFunSuite.withFixture(AnyFunSuite.scala:1564)
[info]   at org.scalatest.funsuite.AnyFunSuiteLike.invokeWithFixture$1(AnyFunSuiteLike.scala:224)
[info]   at org.scalatest.funsuite.AnyFunSuiteLike.$anonfun$runTest$1(AnyFunSuiteLike.scala:236)
[info]   at org.scalatest.SuperEngine.runTestImpl(Engine.scala:306)
[info]   at org.scalatest.funsuite.AnyFunSuiteLike.runTest(AnyFunSuiteLike.scala:236)
[info]   at org.scalatest.funsuite.AnyFunSuiteLike.runTest$(AnyFunSuiteLike.scala:218)
[info]   at org.scalatest.funsuite.AnyFunSuite.runTest(AnyFunSuite.scala:1564)
[info]   at org.scalatest.funsuite.AnyFunSuiteLike.$anonfun$runTests$1(AnyFunSuiteLike.scala:269)
[info]   at org.scalatest.SuperEngine.$anonfun$runTestsInBranch$1(Engine.scala:413)
[info]   at scala.collection.immutable.List.foreach(List.scala:334)
[info]   at org.scalatest.SuperEngine.traverseSubNodes$1(Engine.scala:401)
[info]   at org.scalatest.SuperEngine.runTestsInBranch(Engine.scala:396)
[info]   at org.scalatest.SuperEngine.runTestsImpl(Engine.scala:475)
[info]   at org.scalatest.funsuite.AnyFunSuiteLike.runTests(AnyFunSuiteLike.scala:269)
[info]   at org.scalatest.funsuite.AnyFunSuiteLike.runTests$(AnyFunSuiteLike.scala:268)
[info]   at org.scalatest.funsuite.AnyFunSuite.runTests(AnyFunSuite.scala:1564)
[info]   at org.scalatest.Suite.run(Suite.scala:1114)
[info]   at org.scalatest.Suite.run$(Suite.scala:1096)
[info]   at org.scalatest.funsuite.AnyFunSuite.org$scalatest$funsuite$AnyFunSuiteLike$$super$run(AnyFunSuite.scala:1564)
[info]   at org.scalatest.funsuite.AnyFunSuiteLike.$anonfun$run$1(AnyFunSuiteLike.scala:273)
[info]   at org.scalatest.SuperEngine.runImpl(Engine.scala:535)
[info]   at org.scalatest.funsuite.AnyFunSuiteLike.run(AnyFunSuiteLike.scala:273)
[info]   at org.scalatest.funsuite.AnyFunSuiteLike.run$(AnyFunSuiteLike.scala:272)
[info]   at frameless.TypedDatasetSuite.org$scalatest$BeforeAndAfterAll$$super$run(TypedDatasetSuite.scala:63)
[info]   at org.scalatest.BeforeAndAfterAll.liftedTree1$1(BeforeAndAfterAll.scala:213)
[info]   at org.scalatest.BeforeAndAfterAll.run(BeforeAndAfterAll.scala:210)
[info]   at org.scalatest.BeforeAndAfterAll.run$(BeforeAndAfterAll.scala:208)
[info]   at frameless.TypedDatasetSuite.run(TypedDatasetSuite.scala:63)
[info]   at org.scalatest.tools.Framework.org$scalatest$tools$Framework$$runSuite(Framework.scala:321)
[info]   at org.scalatest.tools.Framework$ScalaTestTask.execute(Framework.scala:517)
[info]   at sbt.ForkMain$Run.lambda$runTest$1(ForkMain.java:414)
[info]   at java.base/java.util.concurrent.FutureTask.run(FutureTask.java:317)
[info]   at java.base/java.util.concurrent.ThreadPoolExecutor.runWorker(ThreadPoolExecutor.java:1144)
[info]   at java.base/java.util.concurrent.ThreadPoolExecutor$Worker.run(ThreadPoolExecutor.java:642)
[info]   at java.base/java.lang.Thread.run(Thread.java:1583)
[info]   Cause: java.lang.IllegalArgumentException: argument type mismatch
[info]   at java.base/jdk.internal.reflect.DirectConstructorHandleAccessor.newInstance(DirectConstructorHandleAccessor.java:65)
[info]   at java.base/java.lang.reflect.Constructor.newInstanceWithCaller(Constructor.java:502)
[info]   at java.base/java.lang.reflect.Constructor.newInstance(Constructor.java:486)
[info]   at frameless.TypedExpressionEncoder$.$anonfun$apply$3(TypedExpressionEncoder.scala:55)
[info]   at scala.Option.map(Option.scala:242)
[info]   at frameless.TypedExpressionEncoder$.apply(TypedExpressionEncoder.scala:54)
[info]   at frameless.TypedDataset$.create(TypedDataset.scala:1325)
[info]   at frameless.functions.AggregateFunctionsTests.univariatePropTemplate(AggregateFunctionsTests.scala:436)
[info]   at frameless.functions.AggregateFunctionsTests.prop$21(AggregateFunctionsTests.scala:566)
[info]   at frameless.functions.AggregateFunctionsTests.$anonfun$new$448(AggregateFunctionsTests.scala:571)
[info]   at scala.Function1.$anonfun$andThen$1(Function1.scala:87)
[info]   at org.scalacheck.Prop$.$anonfun$forAllShrink$2(Prop.scala:868)
[info]   at org.scalacheck.Prop$.secure(Prop.scala:484)
[info]   at org.scalacheck.Prop$.result$1(Prop.scala:868)
[info]   at org.scalacheck.Prop$.$anonfun$forAllShrink$1(Prop.scala:915)
[info]   at org.scalacheck.Prop$.$anonfun$apply$1(Prop.scala:305)
[info]   at org.scalacheck.PropFromFun.apply(Prop.scala:20)
[info]   at org.scalacheck.Test$.workerFun$1(Test.scala:486)
[info]   at org.scalacheck.Test$.$anonfun$check$4(Test.scala:518)
[info]   at org.scalacheck.Test$.$anonfun$check$4$adapted(Test.scala:518)
[info]   at org.scalacheck.Platform$.runWorkers(Platform.scala:42)
[info]   at org.scalacheck.Test$.check(Test.scala:518)
[info]   at org.scalatestplus.scalacheck.UnitCheckerAsserting$CheckerAssertingImpl.check(CheckerAsserting.scala:90)
[info]   at org.scalatestplus.scalacheck.Checkers.check(Checkers.scala:371)
[info]   at org.scalatestplus.scalacheck.Checkers.check$(Checkers.scala:369)
[info]   at frameless.TypedDatasetSuite.check(TypedDatasetSuite.scala:63)
[info]   at frameless.functions.AggregateFunctionsTests.$anonfun$new$445(AggregateFunctionsTests.scala:571)
[info]   at org.scalatest.OutcomeOf.outcomeOf(OutcomeOf.scala:85)
[info]   at org.scalatest.OutcomeOf.outcomeOf$(OutcomeOf.scala:83)
[info]   at org.scalatest.OutcomeOf$.outcomeOf(OutcomeOf.scala:104)
[info]   at org.scalatest.Transformer.apply(Transformer.scala:22)
[info]   at org.scalatest.Transformer.apply(Transformer.scala:20)
[info]   at org.scalatest.funsuite.AnyFunSuiteLike$$anon$1.apply(AnyFunSuiteLike.scala:226)
[info]   at org.scalatest.TestSuite.withFixture(TestSuite.scala:196)
[info]   at org.scalatest.TestSuite.withFixture$(TestSuite.scala:195)
[info]   at org.scalatest.funsuite.AnyFunSuite.withFixture(AnyFunSuite.scala:1564)
[info]   at org.scalatest.funsuite.AnyFunSuiteLike.invokeWithFixture$1(AnyFunSuiteLike.scala:224)
[info]   at org.scalatest.funsuite.AnyFunSuiteLike.$anonfun$runTest$1(AnyFunSuiteLike.scala:236)
[info]   at org.scalatest.SuperEngine.runTestImpl(Engine.scala:306)
[info]   at org.scalatest.funsuite.AnyFunSuiteLike.runTest(AnyFunSuiteLike.scala:236)
[info]   at org.scalatest.funsuite.AnyFunSuiteLike.runTest$(AnyFunSuiteLike.scala:218)
[info]   at org.scalatest.funsuite.AnyFunSuite.runTest(AnyFunSuite.scala:1564)
[info]   at org.scalatest.funsuite.AnyFunSuiteLike.$anonfun$runTests$1(AnyFunSuiteLike.scala:269)
[info]   at org.scalatest.SuperEngine.$anonfun$runTestsInBranch$1(Engine.scala:413)
[info]   at scala.collection.immutable.List.foreach(List.scala:334)
[info]   at org.scalatest.SuperEngine.traverseSubNodes$1(Engine.scala:401)
[info]   at org.scalatest.SuperEngine.runTestsInBranch(Engine.scala:396)
[info]   at org.scalatest.SuperEngine.runTestsImpl(Engine.scala:475)
[info]   at org.scalatest.funsuite.AnyFunSuiteLike.runTests(AnyFunSuiteLike.scala:269)
[info]   at org.scalatest.funsuite.AnyFunSuiteLike.runTests$(AnyFunSuiteLike.scala:268)
[info]   at org.scalatest.funsuite.AnyFunSuite.runTests(AnyFunSuite.scala:1564)
[info]   at org.scalatest.Suite.run(Suite.scala:1114)
[info]   at org.scalatest.Suite.run$(Suite.scala:1096)
[info]   at org.scalatest.funsuite.AnyFunSuite.org$scalatest$funsuite$AnyFunSuiteLike$$super$run(AnyFunSuite.scala:1564)
[info]   at org.scalatest.funsuite.AnyFunSuiteLike.$anonfun$run$1(AnyFunSuiteLike.scala:273)
[info]   at org.scalatest.SuperEngine.runImpl(Engine.scala:535)
[info]   at org.scalatest.funsuite.AnyFunSuiteLike.run(AnyFunSuiteLike.scala:273)
[info]   at org.scalatest.funsuite.AnyFunSuiteLike.run$(AnyFunSuiteLike.scala:272)
[info]   at frameless.TypedDatasetSuite.org$scalatest$BeforeAndAfterAll$$super$run(TypedDatasetSuite.scala:63)
[info]   at org.scalatest.BeforeAndAfterAll.liftedTree1$1(BeforeAndAfterAll.scala:213)
[info]   at org.scalatest.BeforeAndAfterAll.run(BeforeAndAfterAll.scala:210)
[info]   at org.scalatest.BeforeAndAfterAll.run$(BeforeAndAfterAll.scala:208)
[info]   at frameless.TypedDatasetSuite.run(TypedDatasetSuite.scala:63)
[info]   at org.scalatest.tools.Framework.org$scalatest$tools$Framework$$runSuite(Framework.scala:321)
[info]   at org.scalatest.tools.Framework$ScalaTestTask.execute(Framework.scala:517)
[info]   at sbt.ForkMain$Run.lambda$runTest$1(ForkMain.java:414)
[info]   at java.base/java.util.concurrent.FutureTask.run(FutureTask.java:317)
[info]   at java.base/java.util.concurrent.ThreadPoolExecutor.runWorker(ThreadPoolExecutor.java:1144)
[info]   at java.base/java.util.concurrent.ThreadPoolExecutor$Worker.run(ThreadPoolExecutor.java:642)
[info]   at java.base/java.lang.Thread.run(Thread.java:1583)
[info]   Cause: java.lang.ClassCastException: Cannot cast scala.reflect.ClassTag$GenericClassTag to org.apache.spark.sql.catalyst.expressions.Expression
[info]   at java.base/java.lang.Class.cast(Class.java:4067)
[info]   at java.base/jdk.internal.reflect.DirectConstructorHandleAccessor.newInstance(DirectConstructorHandleAccessor.java:62)
[info]   at java.base/java.lang.reflect.Constructor.newInstanceWithCaller(Constructor.java:502)
[info]   at java.base/java.lang.reflect.Constructor.newInstance(Constructor.java:486)
[info]   at frameless.TypedExpressionEncoder$.$anonfun$apply$3(TypedExpressionEncoder.scala:55)
[info]   at scala.Option.map(Option.scala:242)
[info]   at frameless.TypedExpressionEncoder$.apply(TypedExpressionEncoder.scala:54)
[info]   at frameless.TypedDataset$.create(TypedDataset.scala:1325)
[info]   at frameless.functions.AggregateFunctionsTests.univariatePropTemplate(AggregateFunctionsTests.scala:436)
[info]   at frameless.functions.AggregateFunctionsTests.prop$21(AggregateFunctionsTests.scala:566)
[info]   at frameless.functions.AggregateFunctionsTests.$anonfun$new$448(AggregateFunctionsTests.scala:571)
[info]   at scala.Function1.$anonfun$andThen$1(Function1.scala:87)
[info]   at org.scalacheck.Prop$.$anonfun$forAllShrink$2(Prop.scala:868)
[info]   at org.scalacheck.Prop$.secure(Prop.scala:484)
[info]   at org.scalacheck.Prop$.result$1(Prop.scala:868)
[info]   at org.scalacheck.Prop$.$anonfun$forAllShrink$1(Prop.scala:915)
[info]   at org.scalacheck.Prop$.$anonfun$apply$1(Prop.scala:305)
[info]   at org.scalacheck.PropFromFun.apply(Prop.scala:20)
[info]   at org.scalacheck.Test$.workerFun$1(Test.scala:486)
[info]   at org.scalacheck.Test$.$anonfun$check$4(Test.scala:518)
[info]   at org.scalacheck.Test$.$anonfun$check$4$adapted(Test.scala:518)
[info]   at org.scalacheck.Platform$.runWorkers(Platform.scala:42)
[info]   at org.scalacheck.Test$.check(Test.scala:518)
[info]   at org.scalatestplus.scalacheck.UnitCheckerAsserting$CheckerAssertingImpl.check(CheckerAsserting.scala:90)
[info]   at org.scalatestplus.scalacheck.Checkers.check(Checkers.scala:371)
[info]   at org.scalatestplus.scalacheck.Checkers.check$(Checkers.scala:369)
[info]   at frameless.TypedDatasetSuite.check(TypedDatasetSuite.scala:63)
[info]   at frameless.functions.AggregateFunctionsTests.$anonfun$new$445(AggregateFunctionsTests.scala:571)
[info]   at org.scalatest.OutcomeOf.outcomeOf(OutcomeOf.scala:85)
[info]   at org.scalatest.OutcomeOf.outcomeOf$(OutcomeOf.scala:83)
[info]   at org.scalatest.OutcomeOf$.outcomeOf(OutcomeOf.scala:104)
[info]   at org.scalatest.Transformer.apply(Transformer.scala:22)
[info]   at org.scalatest.Transformer.apply(Transformer.scala:20)
[info]   at org.scalatest.funsuite.AnyFunSuiteLike$$anon$1.apply(AnyFunSuiteLike.scala:226)
[info]   at org.scalatest.TestSuite.withFixture(TestSuite.scala:196)
[info]   at org.scalatest.TestSuite.withFixture$(TestSuite.scala:195)
[info]   at org.scalatest.funsuite.AnyFunSuite.withFixture(AnyFunSuite.scala:1564)
[info]   at org.scalatest.funsuite.AnyFunSuiteLike.invokeWithFixture$1(AnyFunSuiteLike.scala:224)
[info]   at org.scalatest.funsuite.AnyFunSuiteLike.$anonfun$runTest$1(AnyFunSuiteLike.scala:236)
[info]   at org.scalatest.SuperEngine.runTestImpl(Engine.scala:306)
[info]   at org.scalatest.funsuite.AnyFunSuiteLike.runTest(AnyFunSuiteLike.scala:236)
[info]   at org.scalatest.funsuite.AnyFunSuiteLike.runTest$(AnyFunSuiteLike.scala:218)
[info]   at org.scalatest.funsuite.AnyFunSuite.runTest(AnyFunSuite.scala:1564)
[info]   at org.scalatest.funsuite.AnyFunSuiteLike.$anonfun$runTests$1(AnyFunSuiteLike.scala:269)
[info]   at org.scalatest.SuperEngine.$anonfun$runTestsInBranch$1(Engine.scala:413)
[info]   at scala.collection.immutable.List.foreach(List.scala:334)
[info]   at org.scalatest.SuperEngine.traverseSubNodes$1(Engine.scala:401)
[info]   at org.scalatest.SuperEngine.runTestsInBranch(Engine.scala:396)
[info]   at org.scalatest.SuperEngine.runTestsImpl(Engine.scala:475)
[info]   at org.scalatest.funsuite.AnyFunSuiteLike.runTests(AnyFunSuiteLike.scala:269)
[info]   at org.scalatest.funsuite.AnyFunSuiteLike.runTests$(AnyFunSuiteLike.scala:268)
[info]   at org.scalatest.funsuite.AnyFunSuite.runTests(AnyFunSuite.scala:1564)
[info]   at org.scalatest.Suite.run(Suite.scala:1114)
[info]   at org.scalatest.Suite.run$(Suite.scala:1096)
[info]   at org.scalatest.funsuite.AnyFunSuite.org$scalatest$funsuite$AnyFunSuiteLike$$super$run(AnyFunSuite.scala:1564)
[info]   at org.scalatest.funsuite.AnyFunSuiteLike.$anonfun$run$1(AnyFunSuiteLike.scala:273)
[info]   at org.scalatest.SuperEngine.runImpl(Engine.scala:535)
[info]   at org.scalatest.funsuite.AnyFunSuiteLike.run(AnyFunSuiteLike.scala:273)
[info]   at org.scalatest.funsuite.AnyFunSuiteLike.run$(AnyFunSuiteLike.scala:272)
[info]   at frameless.TypedDatasetSuite.org$scalatest$BeforeAndAfterAll$$super$run(TypedDatasetSuite.scala:63)
[info]   at org.scalatest.BeforeAndAfterAll.liftedTree1$1(BeforeAndAfterAll.scala:213)
[info]   at org.scalatest.BeforeAndAfterAll.run(BeforeAndAfterAll.scala:210)
[info]   at org.scalatest.BeforeAndAfterAll.run$(BeforeAndAfterAll.scala:208)
[info]   at frameless.TypedDatasetSuite.run(TypedDatasetSuite.scala:63)
[info]   at org.scalatest.tools.Framework.org$scalatest$tools$Framework$$runSuite(Framework.scala:321)
[info]   at org.scalatest.tools.Framework$ScalaTestTask.execute(Framework.scala:517)
[info]   at sbt.ForkMain$Run.lambda$runTest$1(ForkMain.java:414)
[info]   at java.base/java.util.concurrent.FutureTask.run(FutureTask.java:317)
[info]   at java.base/java.util.concurrent.ThreadPoolExecutor.runWorker(ThreadPoolExecutor.java:1144)
[info]   at java.base/java.util.concurrent.ThreadPoolExecutor$Worker.run(ThreadPoolExecutor.java:642)
[info]   at java.base/java.lang.Thread.run(Thread.java:1583)
[info] - stddev_samp *** FAILED *** (15 milliseconds)
[info]   IllegalArgumentException was thrown during property evaluation.
[info]     Message: argument type mismatch
[info]     Occurred when passed generated values (
[info]       arg0 = List()
[info]     )
[info]   org.scalatest.exceptions.GeneratorDrivenPropertyCheckFailedException:
[info]   at org.scalatestplus.scalacheck.CheckerAsserting$$anon$2.indicateFailure(CheckerAsserting.scala:251)
[info]   at org.scalatestplus.scalacheck.CheckerAsserting$$anon$2.indicateFailure(CheckerAsserting.scala:238)
[info]   at org.scalatestplus.scalacheck.UnitCheckerAsserting$CheckerAssertingImpl.check(CheckerAsserting.scala:160)
[info]   at org.scalatestplus.scalacheck.Checkers.check(Checkers.scala:371)
[info]   at org.scalatestplus.scalacheck.Checkers.check$(Checkers.scala:369)
[info]   at frameless.TypedDatasetSuite.check(TypedDatasetSuite.scala:63)
[info]   at frameless.functions.AggregateFunctionsTests.$anonfun$new$458(AggregateFunctionsTests.scala:590)
[info]   at org.scalatest.OutcomeOf.outcomeOf(OutcomeOf.scala:85)
[info]   at org.scalatest.OutcomeOf.outcomeOf$(OutcomeOf.scala:83)
[info]   at org.scalatest.OutcomeOf$.outcomeOf(OutcomeOf.scala:104)
[info]   at org.scalatest.Transformer.apply(Transformer.scala:22)
[info]   at org.scalatest.Transformer.apply(Transformer.scala:20)
[info]   at org.scalatest.funsuite.AnyFunSuiteLike$$anon$1.apply(AnyFunSuiteLike.scala:226)
[info]   at org.scalatest.TestSuite.withFixture(TestSuite.scala:196)
[info]   at org.scalatest.TestSuite.withFixture$(TestSuite.scala:195)
[info]   at org.scalatest.funsuite.AnyFunSuite.withFixture(AnyFunSuite.scala:1564)
[info]   at org.scalatest.funsuite.AnyFunSuiteLike.invokeWithFixture$1(AnyFunSuiteLike.scala:224)
[info]   at org.scalatest.funsuite.AnyFunSuiteLike.$anonfun$runTest$1(AnyFunSuiteLike.scala:236)
[info]   at org.scalatest.SuperEngine.runTestImpl(Engine.scala:306)
[info]   at org.scalatest.funsuite.AnyFunSuiteLike.runTest(AnyFunSuiteLike.scala:236)
[info]   at org.scalatest.funsuite.AnyFunSuiteLike.runTest$(AnyFunSuiteLike.scala:218)
[info]   at org.scalatest.funsuite.AnyFunSuite.runTest(AnyFunSuite.scala:1564)
[info]   at org.scalatest.funsuite.AnyFunSuiteLike.$anonfun$runTests$1(AnyFunSuiteLike.scala:269)
[info]   at org.scalatest.SuperEngine.$anonfun$runTestsInBranch$1(Engine.scala:413)
[info]   at scala.collection.immutable.List.foreach(List.scala:334)
[info]   at org.scalatest.SuperEngine.traverseSubNodes$1(Engine.scala:401)
[info]   at org.scalatest.SuperEngine.runTestsInBranch(Engine.scala:396)
[info]   at org.scalatest.SuperEngine.runTestsImpl(Engine.scala:475)
[info]   at org.scalatest.funsuite.AnyFunSuiteLike.runTests(AnyFunSuiteLike.scala:269)
[info]   at org.scalatest.funsuite.AnyFunSuiteLike.runTests$(AnyFunSuiteLike.scala:268)
[info]   at org.scalatest.funsuite.AnyFunSuite.runTests(AnyFunSuite.scala:1564)
[info]   at org.scalatest.Suite.run(Suite.scala:1114)
[info]   at org.scalatest.Suite.run$(Suite.scala:1096)
[info]   at org.scalatest.funsuite.AnyFunSuite.org$scalatest$funsuite$AnyFunSuiteLike$$super$run(AnyFunSuite.scala:1564)
[info]   at org.scalatest.funsuite.AnyFunSuiteLike.$anonfun$run$1(AnyFunSuiteLike.scala:273)
[info]   at org.scalatest.SuperEngine.runImpl(Engine.scala:535)
[info]   at org.scalatest.funsuite.AnyFunSuiteLike.run(AnyFunSuiteLike.scala:273)
[info]   at org.scalatest.funsuite.AnyFunSuiteLike.run$(AnyFunSuiteLike.scala:272)
[info]   at frameless.TypedDatasetSuite.org$scalatest$BeforeAndAfterAll$$super$run(TypedDatasetSuite.scala:63)
[info]   at org.scalatest.BeforeAndAfterAll.liftedTree1$1(BeforeAndAfterAll.scala:213)
[info]   at org.scalatest.BeforeAndAfterAll.run(BeforeAndAfterAll.scala:210)
[info]   at org.scalatest.BeforeAndAfterAll.run$(BeforeAndAfterAll.scala:208)
[info]   at frameless.TypedDatasetSuite.run(TypedDatasetSuite.scala:63)
[info]   at org.scalatest.tools.Framework.org$scalatest$tools$Framework$$runSuite(Framework.scala:321)
[info]   at org.scalatest.tools.Framework$ScalaTestTask.execute(Framework.scala:517)
[info]   at sbt.ForkMain$Run.lambda$runTest$1(ForkMain.java:414)
[info]   at java.base/java.util.concurrent.FutureTask.run(FutureTask.java:317)
[info]   at java.base/java.util.concurrent.ThreadPoolExecutor.runWorker(ThreadPoolExecutor.java:1144)
[info]   at java.base/java.util.concurrent.ThreadPoolExecutor$Worker.run(ThreadPoolExecutor.java:642)
[info]   at java.base/java.lang.Thread.run(Thread.java:1583)
[info]   Cause: java.lang.IllegalArgumentException: argument type mismatch
[info]   at java.base/jdk.internal.reflect.DirectConstructorHandleAccessor.newInstance(DirectConstructorHandleAccessor.java:65)
[info]   at java.base/java.lang.reflect.Constructor.newInstanceWithCaller(Constructor.java:502)
[info]   at java.base/java.lang.reflect.Constructor.newInstance(Constructor.java:486)
[info]   at frameless.TypedExpressionEncoder$.$anonfun$apply$3(TypedExpressionEncoder.scala:55)
[info]   at scala.Option.map(Option.scala:242)
[info]   at frameless.TypedExpressionEncoder$.apply(TypedExpressionEncoder.scala:54)
[info]   at frameless.TypedDataset$.create(TypedDataset.scala:1325)
[info]   at frameless.functions.AggregateFunctionsTests.univariatePropTemplate(AggregateFunctionsTests.scala:436)
[info]   at frameless.functions.AggregateFunctionsTests.prop$22(AggregateFunctionsTests.scala:586)
[info]   at frameless.functions.AggregateFunctionsTests.$anonfun$new$461(AggregateFunctionsTests.scala:590)
[info]   at scala.Function1.$anonfun$andThen$1(Function1.scala:87)
[info]   at org.scalacheck.Prop$.$anonfun$forAllShrink$2(Prop.scala:868)
[info]   at org.scalacheck.Prop$.secure(Prop.scala:484)
[info]   at org.scalacheck.Prop$.result$1(Prop.scala:868)
[info]   at org.scalacheck.Prop$.$anonfun$forAllShrink$1(Prop.scala:915)
[info]   at org.scalacheck.Prop$.$anonfun$apply$1(Prop.scala:305)
[info]   at org.scalacheck.PropFromFun.apply(Prop.scala:20)
[info]   at org.scalacheck.Test$.workerFun$1(Test.scala:486)
[info]   at org.scalacheck.Test$.$anonfun$check$4(Test.scala:518)
[info]   at org.scalacheck.Test$.$anonfun$check$4$adapted(Test.scala:518)
[info]   at org.scalacheck.Platform$.runWorkers(Platform.scala:42)
[info]   at org.scalacheck.Test$.check(Test.scala:518)
[info]   at org.scalatestplus.scalacheck.UnitCheckerAsserting$CheckerAssertingImpl.check(CheckerAsserting.scala:90)
[info]   at org.scalatestplus.scalacheck.Checkers.check(Checkers.scala:371)
[info]   at org.scalatestplus.scalacheck.Checkers.check$(Checkers.scala:369)
[info]   at frameless.TypedDatasetSuite.check(TypedDatasetSuite.scala:63)
[info]   at frameless.functions.AggregateFunctionsTests.$anonfun$new$458(AggregateFunctionsTests.scala:590)
[info]   at org.scalatest.OutcomeOf.outcomeOf(OutcomeOf.scala:85)
[info]   at org.scalatest.OutcomeOf.outcomeOf$(OutcomeOf.scala:83)
[info]   at org.scalatest.OutcomeOf$.outcomeOf(OutcomeOf.scala:104)
[info]   at org.scalatest.Transformer.apply(Transformer.scala:22)
[info]   at org.scalatest.Transformer.apply(Transformer.scala:20)
[info]   at org.scalatest.funsuite.AnyFunSuiteLike$$anon$1.apply(AnyFunSuiteLike.scala:226)
[info]   at org.scalatest.TestSuite.withFixture(TestSuite.scala:196)
[info]   at org.scalatest.TestSuite.withFixture$(TestSuite.scala:195)
[info]   at org.scalatest.funsuite.AnyFunSuite.withFixture(AnyFunSuite.scala:1564)
[info]   at org.scalatest.funsuite.AnyFunSuiteLike.invokeWithFixture$1(AnyFunSuiteLike.scala:224)
[info]   at org.scalatest.funsuite.AnyFunSuiteLike.$anonfun$runTest$1(AnyFunSuiteLike.scala:236)
[info]   at org.scalatest.SuperEngine.runTestImpl(Engine.scala:306)
[info]   at org.scalatest.funsuite.AnyFunSuiteLike.runTest(AnyFunSuiteLike.scala:236)
[info]   at org.scalatest.funsuite.AnyFunSuiteLike.runTest$(AnyFunSuiteLike.scala:218)
[info]   at org.scalatest.funsuite.AnyFunSuite.runTest(AnyFunSuite.scala:1564)
[info]   at org.scalatest.funsuite.AnyFunSuiteLike.$anonfun$runTests$1(AnyFunSuiteLike.scala:269)
[info]   at org.scalatest.SuperEngine.$anonfun$runTestsInBranch$1(Engine.scala:413)
[info]   at scala.collection.immutable.List.foreach(List.scala:334)
[info]   at org.scalatest.SuperEngine.traverseSubNodes$1(Engine.scala:401)
[info]   at org.scalatest.SuperEngine.runTestsInBranch(Engine.scala:396)
[info]   at org.scalatest.SuperEngine.runTestsImpl(Engine.scala:475)
[info]   at org.scalatest.funsuite.AnyFunSuiteLike.runTests(AnyFunSuiteLike.scala:269)
[info]   at org.scalatest.funsuite.AnyFunSuiteLike.runTests$(AnyFunSuiteLike.scala:268)
[info]   at org.scalatest.funsuite.AnyFunSuite.runTests(AnyFunSuite.scala:1564)
[info]   at org.scalatest.Suite.run(Suite.scala:1114)
[info]   at org.scalatest.Suite.run$(Suite.scala:1096)
[info]   at org.scalatest.funsuite.AnyFunSuite.org$scalatest$funsuite$AnyFunSuiteLike$$super$run(AnyFunSuite.scala:1564)
[info]   at org.scalatest.funsuite.AnyFunSuiteLike.$anonfun$run$1(AnyFunSuiteLike.scala:273)
[info]   at org.scalatest.SuperEngine.runImpl(Engine.scala:535)
[info]   at org.scalatest.funsuite.AnyFunSuiteLike.run(AnyFunSuiteLike.scala:273)
[info]   at org.scalatest.funsuite.AnyFunSuiteLike.run$(AnyFunSuiteLike.scala:272)
[info]   at frameless.TypedDatasetSuite.org$scalatest$BeforeAndAfterAll$$super$run(TypedDatasetSuite.scala:63)
[info]   at org.scalatest.BeforeAndAfterAll.liftedTree1$1(BeforeAndAfterAll.scala:213)
[info]   at org.scalatest.BeforeAndAfterAll.run(BeforeAndAfterAll.scala:210)
[info]   at org.scalatest.BeforeAndAfterAll.run$(BeforeAndAfterAll.scala:208)
[info]   at frameless.TypedDatasetSuite.run(TypedDatasetSuite.scala:63)
[info]   at org.scalatest.tools.Framework.org$scalatest$tools$Framework$$runSuite(Framework.scala:321)
[info]   at org.scalatest.tools.Framework$ScalaTestTask.execute(Framework.scala:517)
[info]   at sbt.ForkMain$Run.lambda$runTest$1(ForkMain.java:414)
[info]   at java.base/java.util.concurrent.FutureTask.run(FutureTask.java:317)
[info]   at java.base/java.util.concurrent.ThreadPoolExecutor.runWorker(ThreadPoolExecutor.java:1144)
[info]   at java.base/java.util.concurrent.ThreadPoolExecutor$Worker.run(ThreadPoolExecutor.java:642)
[info]   at java.base/java.lang.Thread.run(Thread.java:1583)
[info]   Cause: java.lang.ClassCastException: Cannot cast scala.reflect.ClassTag$GenericClassTag to org.apache.spark.sql.catalyst.expressions.Expression
[info]   at java.base/java.lang.Class.cast(Class.java:4067)
[info]   at java.base/jdk.internal.reflect.DirectConstructorHandleAccessor.newInstance(DirectConstructorHandleAccessor.java:62)
[info]   at java.base/java.lang.reflect.Constructor.newInstanceWithCaller(Constructor.java:502)
[info]   at java.base/java.lang.reflect.Constructor.newInstance(Constructor.java:486)
[info]   at frameless.TypedExpressionEncoder$.$anonfun$apply$3(TypedExpressionEncoder.scala:55)
[info]   at scala.Option.map(Option.scala:242)
[info]   at frameless.TypedExpressionEncoder$.apply(TypedExpressionEncoder.scala:54)
[info]   at frameless.TypedDataset$.create(TypedDataset.scala:1325)
[info]   at frameless.functions.AggregateFunctionsTests.univariatePropTemplate(AggregateFunctionsTests.scala:436)
[info]   at frameless.functions.AggregateFunctionsTests.prop$22(AggregateFunctionsTests.scala:586)
[info]   at frameless.functions.AggregateFunctionsTests.$anonfun$new$461(AggregateFunctionsTests.scala:590)
[info]   at scala.Function1.$anonfun$andThen$1(Function1.scala:87)
[info]   at org.scalacheck.Prop$.$anonfun$forAllShrink$2(Prop.scala:868)
[info]   at org.scalacheck.Prop$.secure(Prop.scala:484)
[info]   at org.scalacheck.Prop$.result$1(Prop.scala:868)
[info]   at org.scalacheck.Prop$.$anonfun$forAllShrink$1(Prop.scala:915)
[info]   at org.scalacheck.Prop$.$anonfun$apply$1(Prop.scala:305)
[info]   at org.scalacheck.PropFromFun.apply(Prop.scala:20)
[info]   at org.scalacheck.Test$.workerFun$1(Test.scala:486)
[info]   at org.scalacheck.Test$.$anonfun$check$4(Test.scala:518)
[info]   at org.scalacheck.Test$.$anonfun$check$4$adapted(Test.scala:518)
[info]   at org.scalacheck.Platform$.runWorkers(Platform.scala:42)
[info]   at org.scalacheck.Test$.check(Test.scala:518)
[info]   at org.scalatestplus.scalacheck.UnitCheckerAsserting$CheckerAssertingImpl.check(CheckerAsserting.scala:90)
[info]   at org.scalatestplus.scalacheck.Checkers.check(Checkers.scala:371)
[info]   at org.scalatestplus.scalacheck.Checkers.check$(Checkers.scala:369)
[info]   at frameless.TypedDatasetSuite.check(TypedDatasetSuite.scala:63)
[info]   at frameless.functions.AggregateFunctionsTests.$anonfun$new$458(AggregateFunctionsTests.scala:590)
[info]   at org.scalatest.OutcomeOf.outcomeOf(OutcomeOf.scala:85)
[info]   at org.scalatest.OutcomeOf.outcomeOf$(OutcomeOf.scala:83)
[info]   at org.scalatest.OutcomeOf$.outcomeOf(OutcomeOf.scala:104)
[info]   at org.scalatest.Transformer.apply(Transformer.scala:22)
[info]   at org.scalatest.Transformer.apply(Transformer.scala:20)
[info]   at org.scalatest.funsuite.AnyFunSuiteLike$$anon$1.apply(AnyFunSuiteLike.scala:226)
[info]   at org.scalatest.TestSuite.withFixture(TestSuite.scala:196)
[info]   at org.scalatest.TestSuite.withFixture$(TestSuite.scala:195)
[info]   at org.scalatest.funsuite.AnyFunSuite.withFixture(AnyFunSuite.scala:1564)
[info]   at org.scalatest.funsuite.AnyFunSuiteLike.invokeWithFixture$1(AnyFunSuiteLike.scala:224)
[info]   at org.scalatest.funsuite.AnyFunSuiteLike.$anonfun$runTest$1(AnyFunSuiteLike.scala:236)
[info]   at org.scalatest.SuperEngine.runTestImpl(Engine.scala:306)
[info]   at org.scalatest.funsuite.AnyFunSuiteLike.runTest(AnyFunSuiteLike.scala:236)
[info]   at org.scalatest.funsuite.AnyFunSuiteLike.runTest$(AnyFunSuiteLike.scala:218)
[info]   at org.scalatest.funsuite.AnyFunSuite.runTest(AnyFunSuite.scala:1564)
[info]   at org.scalatest.funsuite.AnyFunSuiteLike.$anonfun$runTests$1(AnyFunSuiteLike.scala:269)
[info]   at org.scalatest.SuperEngine.$anonfun$runTestsInBranch$1(Engine.scala:413)
[info]   at scala.collection.immutable.List.foreach(List.scala:334)
[info]   at org.scalatest.SuperEngine.traverseSubNodes$1(Engine.scala:401)
[info]   at org.scalatest.SuperEngine.runTestsInBranch(Engine.scala:396)
[info]   at org.scalatest.SuperEngine.runTestsImpl(Engine.scala:475)
[info]   at org.scalatest.funsuite.AnyFunSuiteLike.runTests(AnyFunSuiteLike.scala:269)
[info]   at org.scalatest.funsuite.AnyFunSuiteLike.runTests$(AnyFunSuiteLike.scala:268)
[info]   at org.scalatest.funsuite.AnyFunSuite.runTests(AnyFunSuite.scala:1564)
[info]   at org.scalatest.Suite.run(Suite.scala:1114)
[info]   at org.scalatest.Suite.run$(Suite.scala:1096)
[info]   at org.scalatest.funsuite.AnyFunSuite.org$scalatest$funsuite$AnyFunSuiteLike$$super$run(AnyFunSuite.scala:1564)
[info]   at org.scalatest.funsuite.AnyFunSuiteLike.$anonfun$run$1(AnyFunSuiteLike.scala:273)
[info]   at org.scalatest.SuperEngine.runImpl(Engine.scala:535)
[info]   at org.scalatest.funsuite.AnyFunSuiteLike.run(AnyFunSuiteLike.scala:273)
[info]   at org.scalatest.funsuite.AnyFunSuiteLike.run$(AnyFunSuiteLike.scala:272)
[info]   at frameless.TypedDatasetSuite.org$scalatest$BeforeAndAfterAll$$super$run(TypedDatasetSuite.scala:63)
[info]   at org.scalatest.BeforeAndAfterAll.liftedTree1$1(BeforeAndAfterAll.scala:213)
[info]   at org.scalatest.BeforeAndAfterAll.run(BeforeAndAfterAll.scala:210)
[info]   at org.scalatest.BeforeAndAfterAll.run$(BeforeAndAfterAll.scala:208)
[info]   at frameless.TypedDatasetSuite.run(TypedDatasetSuite.scala:63)
[info]   at org.scalatest.tools.Framework.org$scalatest$tools$Framework$$runSuite(Framework.scala:321)
[info]   at org.scalatest.tools.Framework$ScalaTestTask.execute(Framework.scala:517)
[info]   at sbt.ForkMain$Run.lambda$runTest$1(ForkMain.java:414)
[info]   at java.base/java.util.concurrent.FutureTask.run(FutureTask.java:317)
[info]   at java.base/java.util.concurrent.ThreadPoolExecutor.runWorker(ThreadPoolExecutor.java:1144)
[info]   at java.base/java.util.concurrent.ThreadPoolExecutor$Worker.run(ThreadPoolExecutor.java:642)
[info]   at java.base/java.lang.Thread.run(Thread.java:1583)
[info] MapTests:
[info] - map *** FAILED *** (16 milliseconds)
[info]   IllegalArgumentException was thrown during property evaluation.
[info]     Message: argument type mismatch
[info]     Occurred when passed generated values (
[info]       arg0 = org.scalacheck.GenArities$$Lambda/0x0000017ec48a4800@35336c83,
[info]       arg1 = Vector()
[info]     )
[info]   org.scalatest.exceptions.GeneratorDrivenPropertyCheckFailedException:
[info]   at org.scalatestplus.scalacheck.CheckerAsserting$$anon$2.indicateFailure(CheckerAsserting.scala:251)
[info]   at org.scalatestplus.scalacheck.CheckerAsserting$$anon$2.indicateFailure(CheckerAsserting.scala:238)
[info]   at org.scalatestplus.scalacheck.UnitCheckerAsserting$CheckerAssertingImpl.check(CheckerAsserting.scala:160)
[info]   at org.scalatestplus.scalacheck.Checkers.check(Checkers.scala:371)
[info]   at org.scalatestplus.scalacheck.Checkers.check$(Checkers.scala:369)
[info]   at frameless.TypedDatasetSuite.check(TypedDatasetSuite.scala:63)
[info]   at frameless.ops.deserialized.MapTests.$anonfun$new$1(MapTests.scala:16)
[info]   at org.scalatest.OutcomeOf.outcomeOf(OutcomeOf.scala:85)
[info]   at org.scalatest.OutcomeOf.outcomeOf$(OutcomeOf.scala:83)
[info]   at org.scalatest.OutcomeOf$.outcomeOf(OutcomeOf.scala:104)
[info]   at org.scalatest.Transformer.apply(Transformer.scala:22)
[info]   at org.scalatest.Transformer.apply(Transformer.scala:20)
[info]   at org.scalatest.funsuite.AnyFunSuiteLike$$anon$1.apply(AnyFunSuiteLike.scala:226)
[info]   at org.scalatest.TestSuite.withFixture(TestSuite.scala:196)
[info]   at org.scalatest.TestSuite.withFixture$(TestSuite.scala:195)
[info]   at org.scalatest.funsuite.AnyFunSuite.withFixture(AnyFunSuite.scala:1564)
[info]   at org.scalatest.funsuite.AnyFunSuiteLike.invokeWithFixture$1(AnyFunSuiteLike.scala:224)
[info]   at org.scalatest.funsuite.AnyFunSuiteLike.$anonfun$runTest$1(AnyFunSuiteLike.scala:236)
[info]   at org.scalatest.SuperEngine.runTestImpl(Engine.scala:306)
[info]   at org.scalatest.funsuite.AnyFunSuiteLike.runTest(AnyFunSuiteLike.scala:236)
[info]   at org.scalatest.funsuite.AnyFunSuiteLike.runTest$(AnyFunSuiteLike.scala:218)
[info]   at org.scalatest.funsuite.AnyFunSuite.runTest(AnyFunSuite.scala:1564)
[info]   at org.scalatest.funsuite.AnyFunSuiteLike.$anonfun$runTests$1(AnyFunSuiteLike.scala:269)
[info]   at org.scalatest.SuperEngine.$anonfun$runTestsInBranch$1(Engine.scala:413)
[info]   at scala.collection.immutable.List.foreach(List.scala:334)
[info]   at org.scalatest.SuperEngine.traverseSubNodes$1(Engine.scala:401)
[info]   at org.scalatest.SuperEngine.runTestsInBranch(Engine.scala:396)
[info]   at org.scalatest.SuperEngine.runTestsImpl(Engine.scala:475)
[info]   at org.scalatest.funsuite.AnyFunSuiteLike.runTests(AnyFunSuiteLike.scala:269)
[info]   at org.scalatest.funsuite.AnyFunSuiteLike.runTests$(AnyFunSuiteLike.scala:268)
[info]   at org.scalatest.funsuite.AnyFunSuite.runTests(AnyFunSuite.scala:1564)
[info]   at org.scalatest.Suite.run(Suite.scala:1114)
[info]   at org.scalatest.Suite.run$(Suite.scala:1096)
[info]   at org.scalatest.funsuite.AnyFunSuite.org$scalatest$funsuite$AnyFunSuiteLike$$super$run(AnyFunSuite.scala:1564)
[info]   at org.scalatest.funsuite.AnyFunSuiteLike.$anonfun$run$1(AnyFunSuiteLike.scala:273)
[info]   at org.scalatest.SuperEngine.runImpl(Engine.scala:535)
[info]   at org.scalatest.funsuite.AnyFunSuiteLike.run(AnyFunSuiteLike.scala:273)
[info]   at org.scalatest.funsuite.AnyFunSuiteLike.run$(AnyFunSuiteLike.scala:272)
[info]   at frameless.TypedDatasetSuite.org$scalatest$BeforeAndAfterAll$$super$run(TypedDatasetSuite.scala:63)
[info]   at org.scalatest.BeforeAndAfterAll.liftedTree1$1(BeforeAndAfterAll.scala:213)
[info]   at org.scalatest.BeforeAndAfterAll.run(BeforeAndAfterAll.scala:210)
[info]   at org.scalatest.BeforeAndAfterAll.run$(BeforeAndAfterAll.scala:208)
[info]   at frameless.TypedDatasetSuite.run(TypedDatasetSuite.scala:63)
[info]   at org.scalatest.tools.Framework.org$scalatest$tools$Framework$$runSuite(Framework.scala:321)
[info]   at org.scalatest.tools.Framework$ScalaTestTask.execute(Framework.scala:517)
[info]   at sbt.ForkMain$Run.lambda$runTest$1(ForkMain.java:414)
[info]   at java.base/java.util.concurrent.FutureTask.run(FutureTask.java:317)
[info]   at java.base/java.util.concurrent.ThreadPoolExecutor.runWorker(ThreadPoolExecutor.java:1144)
[info]   at java.base/java.util.concurrent.ThreadPoolExecutor$Worker.run(ThreadPoolExecutor.java:642)
[info]   at java.base/java.lang.Thread.run(Thread.java:1583)
[info]   Cause: java.lang.IllegalArgumentException: argument type mismatch
[info]   at java.base/jdk.internal.reflect.DirectConstructorHandleAccessor.newInstance(DirectConstructorHandleAccessor.java:65)
[info]   at java.base/java.lang.reflect.Constructor.newInstanceWithCaller(Constructor.java:502)
[info]   at java.base/java.lang.reflect.Constructor.newInstance(Constructor.java:486)
[info]   at frameless.TypedExpressionEncoder$.$anonfun$apply$3(TypedExpressionEncoder.scala:55)
[info]   at scala.Option.map(Option.scala:242)
[info]   at frameless.TypedExpressionEncoder$.apply(TypedExpressionEncoder.scala:54)
[info]   at frameless.TypedDataset$.create(TypedDataset.scala:1325)
[info]   at frameless.ops.deserialized.MapTests.$anonfun$new$2(MapTests.scala:11)
[info]   at org.scalacheck.Prop$ExtendedAny.$eq$qmark(Prop.scala:332)
[info]   at frameless.ops.deserialized.MapTests.prop$1(MapTests.scala:14)
[info]   at frameless.ops.deserialized.MapTests.$anonfun$new$4(MapTests.scala:16)
[info]   at org.scalacheck.Prop$.$anonfun$forAll$18(Prop.scala:1131)
[info]   at scala.Function1.$anonfun$andThen$1(Function1.scala:87)
[info]   at org.scalacheck.Prop$.$anonfun$forAllShrink$2(Prop.scala:868)
[info]   at org.scalacheck.Prop$.secure(Prop.scala:484)
[info]   at org.scalacheck.Prop$.result$1(Prop.scala:868)
[info]   at org.scalacheck.Prop$.$anonfun$forAllShrink$1(Prop.scala:915)
[info]   at org.scalacheck.Prop$.$anonfun$apply$1(Prop.scala:305)
[info]   at org.scalacheck.PropFromFun.apply(Prop.scala:20)
[info]   at org.scalacheck.Prop$.result$1(Prop.scala:869)
[info]   at org.scalacheck.Prop$.$anonfun$forAllShrink$1(Prop.scala:915)
[info]   at org.scalacheck.Prop$.$anonfun$apply$1(Prop.scala:305)
[info]   at org.scalacheck.PropFromFun.apply(Prop.scala:20)
[info]   at org.scalacheck.Test$.workerFun$1(Test.scala:486)
[info]   at org.scalacheck.Test$.$anonfun$check$4(Test.scala:518)
[info]   at org.scalacheck.Test$.$anonfun$check$4$adapted(Test.scala:518)
[info]   at org.scalacheck.Platform$.runWorkers(Platform.scala:42)
[info]   at org.scalacheck.Test$.check(Test.scala:518)
[info]   at org.scalatestplus.scalacheck.UnitCheckerAsserting$CheckerAssertingImpl.check(CheckerAsserting.scala:90)
[info]   at org.scalatestplus.scalacheck.Checkers.check(Checkers.scala:371)
[info]   at org.scalatestplus.scalacheck.Checkers.check$(Checkers.scala:369)
[info]   at frameless.TypedDatasetSuite.check(TypedDatasetSuite.scala:63)
[info]   at frameless.ops.deserialized.MapTests.$anonfun$new$1(MapTests.scala:16)
[info]   at org.scalatest.OutcomeOf.outcomeOf(OutcomeOf.scala:85)
[info]   at org.scalatest.OutcomeOf.outcomeOf$(OutcomeOf.scala:83)
[info]   at org.scalatest.OutcomeOf$.outcomeOf(OutcomeOf.scala:104)
[info]   at org.scalatest.Transformer.apply(Transformer.scala:22)
[info]   at org.scalatest.Transformer.apply(Transformer.scala:20)
[info]   at org.scalatest.funsuite.AnyFunSuiteLike$$anon$1.apply(AnyFunSuiteLike.scala:226)
[info]   at org.scalatest.TestSuite.withFixture(TestSuite.scala:196)
[info]   at org.scalatest.TestSuite.withFixture$(TestSuite.scala:195)
[info]   at org.scalatest.funsuite.AnyFunSuite.withFixture(AnyFunSuite.scala:1564)
[info]   at org.scalatest.funsuite.AnyFunSuiteLike.invokeWithFixture$1(AnyFunSuiteLike.scala:224)
[info]   at org.scalatest.funsuite.AnyFunSuiteLike.$anonfun$runTest$1(AnyFunSuiteLike.scala:236)
[info]   at org.scalatest.SuperEngine.runTestImpl(Engine.scala:306)
[info]   at org.scalatest.funsuite.AnyFunSuiteLike.runTest(AnyFunSuiteLike.scala:236)
[info]   at org.scalatest.funsuite.AnyFunSuiteLike.runTest$(AnyFunSuiteLike.scala:218)
[info]   at org.scalatest.funsuite.AnyFunSuite.runTest(AnyFunSuite.scala:1564)
[info]   at org.scalatest.funsuite.AnyFunSuiteLike.$anonfun$runTests$1(AnyFunSuiteLike.scala:269)
[info]   at org.scalatest.SuperEngine.$anonfun$runTestsInBranch$1(Engine.scala:413)
[info]   at scala.collection.immutable.List.foreach(List.scala:334)
[info]   at org.scalatest.SuperEngine.traverseSubNodes$1(Engine.scala:401)
[info]   at org.scalatest.SuperEngine.runTestsInBranch(Engine.scala:396)
[info]   at org.scalatest.SuperEngine.runTestsImpl(Engine.scala:475)
[info]   at org.scalatest.funsuite.AnyFunSuiteLike.runTests(AnyFunSuiteLike.scala:269)
[info]   at org.scalatest.funsuite.AnyFunSuiteLike.runTests$(AnyFunSuiteLike.scala:268)
[info]   at org.scalatest.funsuite.AnyFunSuite.runTests(AnyFunSuite.scala:1564)
[info]   at org.scalatest.Suite.run(Suite.scala:1114)
[info]   at org.scalatest.Suite.run$(Suite.scala:1096)
[info]   at org.scalatest.funsuite.AnyFunSuite.org$scalatest$funsuite$AnyFunSuiteLike$$super$run(AnyFunSuite.scala:1564)
[info]   at org.scalatest.funsuite.AnyFunSuiteLike.$anonfun$run$1(AnyFunSuiteLike.scala:273)
[info]   at org.scalatest.SuperEngine.runImpl(Engine.scala:535)
[info]   at org.scalatest.funsuite.AnyFunSuiteLike.run(AnyFunSuiteLike.scala:273)
[info]   at org.scalatest.funsuite.AnyFunSuiteLike.run$(AnyFunSuiteLike.scala:272)
[info]   at frameless.TypedDatasetSuite.org$scalatest$BeforeAndAfterAll$$super$run(TypedDatasetSuite.scala:63)
[info]   at org.scalatest.BeforeAndAfterAll.liftedTree1$1(BeforeAndAfterAll.scala:213)
[info]   at org.scalatest.BeforeAndAfterAll.run(BeforeAndAfterAll.scala:210)
[info]   at org.scalatest.BeforeAndAfterAll.run$(BeforeAndAfterAll.scala:208)
[info]   at frameless.TypedDatasetSuite.run(TypedDatasetSuite.scala:63)
[info]   at org.scalatest.tools.Framework.org$scalatest$tools$Framework$$runSuite(Framework.scala:321)
[info]   at org.scalatest.tools.Framework$ScalaTestTask.execute(Framework.scala:517)
[info]   at sbt.ForkMain$Run.lambda$runTest$1(ForkMain.java:414)
[info]   at java.base/java.util.concurrent.FutureTask.run(FutureTask.java:317)
[info]   at java.base/java.util.concurrent.ThreadPoolExecutor.runWorker(ThreadPoolExecutor.java:1144)
[info]   at java.base/java.util.concurrent.ThreadPoolExecutor$Worker.run(ThreadPoolExecutor.java:642)
[info]   at java.base/java.lang.Thread.run(Thread.java:1583)
[info]   Cause: java.lang.ClassCastException: Cannot cast scala.reflect.ManifestFactory$IntManifest to org.apache.spark.sql.catalyst.expressions.Expression
[info]   at java.base/java.lang.Class.cast(Class.java:4067)
[info]   at java.base/jdk.internal.reflect.DirectConstructorHandleAccessor.newInstance(DirectConstructorHandleAccessor.java:62)
[info]   at java.base/java.lang.reflect.Constructor.newInstanceWithCaller(Constructor.java:502)
[info]   at java.base/java.lang.reflect.Constructor.newInstance(Constructor.java:486)
[info]   at frameless.TypedExpressionEncoder$.$anonfun$apply$3(TypedExpressionEncoder.scala:55)
[info]   at scala.Option.map(Option.scala:242)
[info]   at frameless.TypedExpressionEncoder$.apply(TypedExpressionEncoder.scala:54)
[info]   at frameless.TypedDataset$.create(TypedDataset.scala:1325)
[info]   at frameless.ops.deserialized.MapTests.$anonfun$new$2(MapTests.scala:11)
[info]   at org.scalacheck.Prop$ExtendedAny.$eq$qmark(Prop.scala:332)
[info]   at frameless.ops.deserialized.MapTests.prop$1(MapTests.scala:14)
[info]   at frameless.ops.deserialized.MapTests.$anonfun$new$4(MapTests.scala:16)
[info]   at org.scalacheck.Prop$.$anonfun$forAll$18(Prop.scala:1131)
[info]   at scala.Function1.$anonfun$andThen$1(Function1.scala:87)
[info]   at org.scalacheck.Prop$.$anonfun$forAllShrink$2(Prop.scala:868)
[info]   at org.scalacheck.Prop$.secure(Prop.scala:484)
[info]   at org.scalacheck.Prop$.result$1(Prop.scala:868)
[info]   at org.scalacheck.Prop$.$anonfun$forAllShrink$1(Prop.scala:915)
[info]   at org.scalacheck.Prop$.$anonfun$apply$1(Prop.scala:305)
[info]   at org.scalacheck.PropFromFun.apply(Prop.scala:20)
[info]   at org.scalacheck.Prop$.result$1(Prop.scala:869)
[info]   at org.scalacheck.Prop$.$anonfun$forAllShrink$1(Prop.scala:915)
[info]   at org.scalacheck.Prop$.$anonfun$apply$1(Prop.scala:305)
[info]   at org.scalacheck.PropFromFun.apply(Prop.scala:20)
[info]   at org.scalacheck.Test$.workerFun$1(Test.scala:486)
[info]   at org.scalacheck.Test$.$anonfun$check$4(Test.scala:518)
[info]   at org.scalacheck.Test$.$anonfun$check$4$adapted(Test.scala:518)
[info]   at org.scalacheck.Platform$.runWorkers(Platform.scala:42)
[info]   at org.scalacheck.Test$.check(Test.scala:518)
[info]   at org.scalatestplus.scalacheck.UnitCheckerAsserting$CheckerAssertingImpl.check(CheckerAsserting.scala:90)
[info]   at org.scalatestplus.scalacheck.Checkers.check(Checkers.scala:371)
[info]   at org.scalatestplus.scalacheck.Checkers.check$(Checkers.scala:369)
[info]   at frameless.TypedDatasetSuite.check(TypedDatasetSuite.scala:63)
[info]   at frameless.ops.deserialized.MapTests.$anonfun$new$1(MapTests.scala:16)
[info]   at org.scalatest.OutcomeOf.outcomeOf(OutcomeOf.scala:85)
[info]   at org.scalatest.OutcomeOf.outcomeOf$(OutcomeOf.scala:83)
[info]   at org.scalatest.OutcomeOf$.outcomeOf(OutcomeOf.scala:104)
[info]   at org.scalatest.Transformer.apply(Transformer.scala:22)
[info]   at org.scalatest.Transformer.apply(Transformer.scala:20)
[info]   at org.scalatest.funsuite.AnyFunSuiteLike$$anon$1.apply(AnyFunSuiteLike.scala:226)
[info]   at org.scalatest.TestSuite.withFixture(TestSuite.scala:196)
[info]   at org.scalatest.TestSuite.withFixture$(TestSuite.scala:195)
[info]   at org.scalatest.funsuite.AnyFunSuite.withFixture(AnyFunSuite.scala:1564)
[info]   at org.scalatest.funsuite.AnyFunSuiteLike.invokeWithFixture$1(AnyFunSuiteLike.scala:224)
[info]   at org.scalatest.funsuite.AnyFunSuiteLike.$anonfun$runTest$1(AnyFunSuiteLike.scala:236)
[info]   at org.scalatest.SuperEngine.runTestImpl(Engine.scala:306)
[info]   at org.scalatest.funsuite.AnyFunSuiteLike.runTest(AnyFunSuiteLike.scala:236)
[info]   at org.scalatest.funsuite.AnyFunSuiteLike.runTest$(AnyFunSuiteLike.scala:218)
[info]   at org.scalatest.funsuite.AnyFunSuite.runTest(AnyFunSuite.scala:1564)
[info]   at org.scalatest.funsuite.AnyFunSuiteLike.$anonfun$runTests$1(AnyFunSuiteLike.scala:269)
[info]   at org.scalatest.SuperEngine.$anonfun$runTestsInBranch$1(Engine.scala:413)
[info]   at scala.collection.immutable.List.foreach(List.scala:334)
[info]   at org.scalatest.SuperEngine.traverseSubNodes$1(Engine.scala:401)
[info]   at org.scalatest.SuperEngine.runTestsInBranch(Engine.scala:396)
[info]   at org.scalatest.SuperEngine.runTestsImpl(Engine.scala:475)
[info]   at org.scalatest.funsuite.AnyFunSuiteLike.runTests(AnyFunSuiteLike.scala:269)
[info]   at org.scalatest.funsuite.AnyFunSuiteLike.runTests$(AnyFunSuiteLike.scala:268)
[info]   at org.scalatest.funsuite.AnyFunSuite.runTests(AnyFunSuite.scala:1564)
[info]   at org.scalatest.Suite.run(Suite.scala:1114)
[info]   at org.scalatest.Suite.run$(Suite.scala:1096)
[info]   at org.scalatest.funsuite.AnyFunSuite.org$scalatest$funsuite$AnyFunSuiteLike$$super$run(AnyFunSuite.scala:1564)
[info]   at org.scalatest.funsuite.AnyFunSuiteLike.$anonfun$run$1(AnyFunSuiteLike.scala:273)
[info]   at org.scalatest.SuperEngine.runImpl(Engine.scala:535)
[info]   at org.scalatest.funsuite.AnyFunSuiteLike.run(AnyFunSuiteLike.scala:273)
[info]   at org.scalatest.funsuite.AnyFunSuiteLike.run$(AnyFunSuiteLike.scala:272)
[info]   at frameless.TypedDatasetSuite.org$scalatest$BeforeAndAfterAll$$super$run(TypedDatasetSuite.scala:63)
[info]   at org.scalatest.BeforeAndAfterAll.liftedTree1$1(BeforeAndAfterAll.scala:213)
[info]   at org.scalatest.BeforeAndAfterAll.run(BeforeAndAfterAll.scala:210)
[info]   at org.scalatest.BeforeAndAfterAll.run$(BeforeAndAfterAll.scala:208)
[info]   at frameless.TypedDatasetSuite.run(TypedDatasetSuite.scala:63)
[info]   at org.scalatest.tools.Framework.org$scalatest$tools$Framework$$runSuite(Framework.scala:321)
[info]   at org.scalatest.tools.Framework$ScalaTestTask.execute(Framework.scala:517)
[info]   at sbt.ForkMain$Run.lambda$runTest$1(ForkMain.java:414)
[info]   at java.base/java.util.concurrent.FutureTask.run(FutureTask.java:317)
[info]   at java.base/java.util.concurrent.ThreadPoolExecutor.runWorker(ThreadPoolExecutor.java:1144)
[info]   at java.base/java.util.concurrent.ThreadPoolExecutor$Worker.run(ThreadPoolExecutor.java:642)
[info]   at java.base/java.lang.Thread.run(Thread.java:1583)
[info] WithColumnTest:
[info] - fail to compile on missing value *** FAILED *** (7 milliseconds)
[info]   java.lang.IllegalArgumentException: argument type mismatch
[info]   at java.base/jdk.internal.reflect.DirectConstructorHandleAccessor.newInstance(DirectConstructorHandleAccessor.java:65)
[info]   at java.base/java.lang.reflect.Constructor.newInstanceWithCaller(Constructor.java:502)
[info]   at java.base/java.lang.reflect.Constructor.newInstance(Constructor.java:486)
[info]   at frameless.TypedExpressionEncoder$.$anonfun$apply$3(TypedExpressionEncoder.scala:55)
[info]   at scala.Option.map(Option.scala:242)
[info]   at frameless.TypedExpressionEncoder$.apply(TypedExpressionEncoder.scala:54)
[info]   at frameless.TypedDataset$.create(TypedDataset.scala:1325)
[info]   at frameless.WithColumnTest.$anonfun$new$1(WithColumnTest.scala:11)
[info]   at scala.runtime.java8.JFunction0$mcV$sp.apply(JFunction0$mcV$sp.scala:18)
[info]   at org.scalatest.OutcomeOf.outcomeOf(OutcomeOf.scala:85)
[info]   at org.scalatest.OutcomeOf.outcomeOf$(OutcomeOf.scala:83)
[info]   at org.scalatest.OutcomeOf$.outcomeOf(OutcomeOf.scala:104)
[info]   at org.scalatest.Transformer.apply(Transformer.scala:22)
[info]   at org.scalatest.Transformer.apply(Transformer.scala:20)
[info]   at org.scalatest.funsuite.AnyFunSuiteLike$$anon$1.apply(AnyFunSuiteLike.scala:226)
[info]   at org.scalatest.TestSuite.withFixture(TestSuite.scala:196)
[info]   at org.scalatest.TestSuite.withFixture$(TestSuite.scala:195)
[info]   at org.scalatest.funsuite.AnyFunSuite.withFixture(AnyFunSuite.scala:1564)
[info]   at org.scalatest.funsuite.AnyFunSuiteLike.invokeWithFixture$1(AnyFunSuiteLike.scala:224)
[info]   at org.scalatest.funsuite.AnyFunSuiteLike.$anonfun$runTest$1(AnyFunSuiteLike.scala:236)
[info]   at org.scalatest.SuperEngine.runTestImpl(Engine.scala:306)
[info]   at org.scalatest.funsuite.AnyFunSuiteLike.runTest(AnyFunSuiteLike.scala:236)
[info]   at org.scalatest.funsuite.AnyFunSuiteLike.runTest$(AnyFunSuiteLike.scala:218)
[info]   at org.scalatest.funsuite.AnyFunSuite.runTest(AnyFunSuite.scala:1564)
[info]   at org.scalatest.funsuite.AnyFunSuiteLike.$anonfun$runTests$1(AnyFunSuiteLike.scala:269)
[info]   at org.scalatest.SuperEngine.$anonfun$runTestsInBranch$1(Engine.scala:413)
[info]   at scala.collection.immutable.List.foreach(List.scala:334)
[info]   at org.scalatest.SuperEngine.traverseSubNodes$1(Engine.scala:401)
[info]   at org.scalatest.SuperEngine.runTestsInBranch(Engine.scala:396)
[info]   at org.scalatest.SuperEngine.runTestsImpl(Engine.scala:475)
[info]   at org.scalatest.funsuite.AnyFunSuiteLike.runTests(AnyFunSuiteLike.scala:269)
[info]   at org.scalatest.funsuite.AnyFunSuiteLike.runTests$(AnyFunSuiteLike.scala:268)
[info]   at org.scalatest.funsuite.AnyFunSuite.runTests(AnyFunSuite.scala:1564)
[info]   at org.scalatest.Suite.run(Suite.scala:1114)
[info]   at org.scalatest.Suite.run$(Suite.scala:1096)
[info]   at org.scalatest.funsuite.AnyFunSuite.org$scalatest$funsuite$AnyFunSuiteLike$$super$run(AnyFunSuite.scala:1564)
[info]   at org.scalatest.funsuite.AnyFunSuiteLike.$anonfun$run$1(AnyFunSuiteLike.scala:273)
[info]   at org.scalatest.SuperEngine.runImpl(Engine.scala:535)
[info]   at org.scalatest.funsuite.AnyFunSuiteLike.run(AnyFunSuiteLike.scala:273)
[info]   at org.scalatest.funsuite.AnyFunSuiteLike.run$(AnyFunSuiteLike.scala:272)
[info]   at frameless.TypedDatasetSuite.org$scalatest$BeforeAndAfterAll$$super$run(TypedDatasetSuite.scala:63)
[info]   at org.scalatest.BeforeAndAfterAll.liftedTree1$1(BeforeAndAfterAll.scala:213)
[info]   at org.scalatest.BeforeAndAfterAll.run(BeforeAndAfterAll.scala:210)
[info]   at org.scalatest.BeforeAndAfterAll.run$(BeforeAndAfterAll.scala:208)
[info]   at frameless.TypedDatasetSuite.run(TypedDatasetSuite.scala:63)
[info]   at org.scalatest.tools.Framework.org$scalatest$tools$Framework$$runSuite(Framework.scala:321)
[info]   at org.scalatest.tools.Framework$ScalaTestTask.execute(Framework.scala:517)
[info]   at sbt.ForkMain$Run.lambda$runTest$1(ForkMain.java:414)
[info]   at java.base/java.util.concurrent.FutureTask.run(FutureTask.java:317)
[info]   at java.base/java.util.concurrent.ThreadPoolExecutor.runWorker(ThreadPoolExecutor.java:1144)
[info]   at java.base/java.util.concurrent.ThreadPoolExecutor$Worker.run(ThreadPoolExecutor.java:642)
[info]   at java.base/java.lang.Thread.run(Thread.java:1583)
[info]   Cause: java.lang.ClassCastException: Cannot cast scala.reflect.ClassTag$GenericClassTag to org.apache.spark.sql.catalyst.expressions.Expression
[info]   at java.base/java.lang.Class.cast(Class.java:4067)
[info]   at java.base/jdk.internal.reflect.DirectConstructorHandleAccessor.newInstance(DirectConstructorHandleAccessor.java:62)
[info]   at java.base/java.lang.reflect.Constructor.newInstanceWithCaller(Constructor.java:502)
[info]   at java.base/java.lang.reflect.Constructor.newInstance(Constructor.java:486)
[info]   at frameless.TypedExpressionEncoder$.$anonfun$apply$3(TypedExpressionEncoder.scala:55)
[info]   at scala.Option.map(Option.scala:242)
[info]   at frameless.TypedExpressionEncoder$.apply(TypedExpressionEncoder.scala:54)
[info]   at frameless.TypedDataset$.create(TypedDataset.scala:1325)
[info]   at frameless.WithColumnTest.$anonfun$new$1(WithColumnTest.scala:11)
[info]   at scala.runtime.java8.JFunction0$mcV$sp.apply(JFunction0$mcV$sp.scala:18)
[info]   at org.scalatest.OutcomeOf.outcomeOf(OutcomeOf.scala:85)
[info]   at org.scalatest.OutcomeOf.outcomeOf$(OutcomeOf.scala:83)
[info]   at org.scalatest.OutcomeOf$.outcomeOf(OutcomeOf.scala:104)
[info]   at org.scalatest.Transformer.apply(Transformer.scala:22)
[info]   at org.scalatest.Transformer.apply(Transformer.scala:20)
[info]   at org.scalatest.funsuite.AnyFunSuiteLike$$anon$1.apply(AnyFunSuiteLike.scala:226)
[info]   at org.scalatest.TestSuite.withFixture(TestSuite.scala:196)
[info]   at org.scalatest.TestSuite.withFixture$(TestSuite.scala:195)
[info]   at org.scalatest.funsuite.AnyFunSuite.withFixture(AnyFunSuite.scala:1564)
[info]   at org.scalatest.funsuite.AnyFunSuiteLike.invokeWithFixture$1(AnyFunSuiteLike.scala:224)
[info]   at org.scalatest.funsuite.AnyFunSuiteLike.$anonfun$runTest$1(AnyFunSuiteLike.scala:236)
[info]   at org.scalatest.SuperEngine.runTestImpl(Engine.scala:306)
[info]   at org.scalatest.funsuite.AnyFunSuiteLike.runTest(AnyFunSuiteLike.scala:236)
[info]   at org.scalatest.funsuite.AnyFunSuiteLike.runTest$(AnyFunSuiteLike.scala:218)
[info]   at org.scalatest.funsuite.AnyFunSuite.runTest(AnyFunSuite.scala:1564)
[info]   at org.scalatest.funsuite.AnyFunSuiteLike.$anonfun$runTests$1(AnyFunSuiteLike.scala:269)
[info]   at org.scalatest.SuperEngine.$anonfun$runTestsInBranch$1(Engine.scala:413)
[info]   at scala.collection.immutable.List.foreach(List.scala:334)
[info]   at org.scalatest.SuperEngine.traverseSubNodes$1(Engine.scala:401)
[info]   at org.scalatest.SuperEngine.runTestsInBranch(Engine.scala:396)
[info]   at org.scalatest.SuperEngine.runTestsImpl(Engine.scala:475)
[info]   at org.scalatest.funsuite.AnyFunSuiteLike.runTests(AnyFunSuiteLike.scala:269)
[info]   at org.scalatest.funsuite.AnyFunSuiteLike.runTests$(AnyFunSuiteLike.scala:268)
[info]   at org.scalatest.funsuite.AnyFunSuite.runTests(AnyFunSuite.scala:1564)
[info]   at org.scalatest.Suite.run(Suite.scala:1114)
[info]   at org.scalatest.Suite.run$(Suite.scala:1096)
[info]   at org.scalatest.funsuite.AnyFunSuite.org$scalatest$funsuite$AnyFunSuiteLike$$super$run(AnyFunSuite.scala:1564)
[info]   at org.scalatest.funsuite.AnyFunSuiteLike.$anonfun$run$1(AnyFunSuiteLike.scala:273)
[info]   at org.scalatest.SuperEngine.runImpl(Engine.scala:535)
[info]   at org.scalatest.funsuite.AnyFunSuiteLike.run(AnyFunSuiteLike.scala:273)
[info]   at org.scalatest.funsuite.AnyFunSuiteLike.run$(AnyFunSuiteLike.scala:272)
[info]   at frameless.TypedDatasetSuite.org$scalatest$BeforeAndAfterAll$$super$run(TypedDatasetSuite.scala:63)
[info]   at org.scalatest.BeforeAndAfterAll.liftedTree1$1(BeforeAndAfterAll.scala:213)
[info]   at org.scalatest.BeforeAndAfterAll.run(BeforeAndAfterAll.scala:210)
[info]   at org.scalatest.BeforeAndAfterAll.run$(BeforeAndAfterAll.scala:208)
[info]   at frameless.TypedDatasetSuite.run(TypedDatasetSuite.scala:63)
[info]   at org.scalatest.tools.Framework.org$scalatest$tools$Framework$$runSuite(Framework.scala:321)
[info]   at org.scalatest.tools.Framework$ScalaTestTask.execute(Framework.scala:517)
[info]   at sbt.ForkMain$Run.lambda$runTest$1(ForkMain.java:414)
[info]   at java.base/java.util.concurrent.FutureTask.run(FutureTask.java:317)
[info]   at java.base/java.util.concurrent.ThreadPoolExecutor.runWorker(ThreadPoolExecutor.java:1144)
[info]   at java.base/java.util.concurrent.ThreadPoolExecutor$Worker.run(ThreadPoolExecutor.java:642)
[info]   at java.base/java.lang.Thread.run(Thread.java:1583)
[info] - fail to compile on different column name *** FAILED *** (4 milliseconds)
[info]   java.lang.IllegalArgumentException: argument type mismatch
[info]   at java.base/jdk.internal.reflect.DirectConstructorHandleAccessor.newInstance(DirectConstructorHandleAccessor.java:65)
[info]   at java.base/java.lang.reflect.Constructor.newInstanceWithCaller(Constructor.java:502)
[info]   at java.base/java.lang.reflect.Constructor.newInstance(Constructor.java:486)
[info]   at frameless.TypedExpressionEncoder$.$anonfun$apply$3(TypedExpressionEncoder.scala:55)
[info]   at scala.Option.map(Option.scala:242)
[info]   at frameless.TypedExpressionEncoder$.apply(TypedExpressionEncoder.scala:54)
[info]   at frameless.TypedDataset$.create(TypedDataset.scala:1325)
[info]   at frameless.WithColumnTest.$anonfun$new$6(WithColumnTest.scala:18)
[info]   at scala.runtime.java8.JFunction0$mcV$sp.apply(JFunction0$mcV$sp.scala:18)
[info]   at org.scalatest.OutcomeOf.outcomeOf(OutcomeOf.scala:85)
[info]   at org.scalatest.OutcomeOf.outcomeOf$(OutcomeOf.scala:83)
[info]   at org.scalatest.OutcomeOf$.outcomeOf(OutcomeOf.scala:104)
[info]   at org.scalatest.Transformer.apply(Transformer.scala:22)
[info]   at org.scalatest.Transformer.apply(Transformer.scala:20)
[info]   at org.scalatest.funsuite.AnyFunSuiteLike$$anon$1.apply(AnyFunSuiteLike.scala:226)
[info]   at org.scalatest.TestSuite.withFixture(TestSuite.scala:196)
[info]   at org.scalatest.TestSuite.withFixture$(TestSuite.scala:195)
[info]   at org.scalatest.funsuite.AnyFunSuite.withFixture(AnyFunSuite.scala:1564)
[info]   at org.scalatest.funsuite.AnyFunSuiteLike.invokeWithFixture$1(AnyFunSuiteLike.scala:224)
[info]   at org.scalatest.funsuite.AnyFunSuiteLike.$anonfun$runTest$1(AnyFunSuiteLike.scala:236)
[info]   at org.scalatest.SuperEngine.runTestImpl(Engine.scala:306)
[info]   at org.scalatest.funsuite.AnyFunSuiteLike.runTest(AnyFunSuiteLike.scala:236)
[info]   at org.scalatest.funsuite.AnyFunSuiteLike.runTest$(AnyFunSuiteLike.scala:218)
[info]   at org.scalatest.funsuite.AnyFunSuite.runTest(AnyFunSuite.scala:1564)
[info]   at org.scalatest.funsuite.AnyFunSuiteLike.$anonfun$runTests$1(AnyFunSuiteLike.scala:269)
[info]   at org.scalatest.SuperEngine.$anonfun$runTestsInBranch$1(Engine.scala:413)
[info]   at scala.collection.immutable.List.foreach(List.scala:334)
[info]   at org.scalatest.SuperEngine.traverseSubNodes$1(Engine.scala:401)
[info]   at org.scalatest.SuperEngine.runTestsInBranch(Engine.scala:396)
[info]   at org.scalatest.SuperEngine.runTestsImpl(Engine.scala:475)
[info]   at org.scalatest.funsuite.AnyFunSuiteLike.runTests(AnyFunSuiteLike.scala:269)
[info]   at org.scalatest.funsuite.AnyFunSuiteLike.runTests$(AnyFunSuiteLike.scala:268)
[info]   at org.scalatest.funsuite.AnyFunSuite.runTests(AnyFunSuite.scala:1564)
[info]   at org.scalatest.Suite.run(Suite.scala:1114)
[info]   at org.scalatest.Suite.run$(Suite.scala:1096)
[info]   at org.scalatest.funsuite.AnyFunSuite.org$scalatest$funsuite$AnyFunSuiteLike$$super$run(AnyFunSuite.scala:1564)
[info]   at org.scalatest.funsuite.AnyFunSuiteLike.$anonfun$run$1(AnyFunSuiteLike.scala:273)
[info]   at org.scalatest.SuperEngine.runImpl(Engine.scala:535)
[info]   at org.scalatest.funsuite.AnyFunSuiteLike.run(AnyFunSuiteLike.scala:273)
[info]   at org.scalatest.funsuite.AnyFunSuiteLike.run$(AnyFunSuiteLike.scala:272)
[info]   at frameless.TypedDatasetSuite.org$scalatest$BeforeAndAfterAll$$super$run(TypedDatasetSuite.scala:63)
[info]   at org.scalatest.BeforeAndAfterAll.liftedTree1$1(BeforeAndAfterAll.scala:213)
[info]   at org.scalatest.BeforeAndAfterAll.run(BeforeAndAfterAll.scala:210)
[info]   at org.scalatest.BeforeAndAfterAll.run$(BeforeAndAfterAll.scala:208)
[info]   at frameless.TypedDatasetSuite.run(TypedDatasetSuite.scala:63)
[info]   at org.scalatest.tools.Framework.org$scalatest$tools$Framework$$runSuite(Framework.scala:321)
[info]   at org.scalatest.tools.Framework$ScalaTestTask.execute(Framework.scala:517)
[info]   at sbt.ForkMain$Run.lambda$runTest$1(ForkMain.java:414)
[info]   at java.base/java.util.concurrent.FutureTask.run(FutureTask.java:317)
[info]   at java.base/java.util.concurrent.ThreadPoolExecutor.runWorker(ThreadPoolExecutor.java:1144)
[info]   at java.base/java.util.concurrent.ThreadPoolExecutor$Worker.run(ThreadPoolExecutor.java:642)
[info]   at java.base/java.lang.Thread.run(Thread.java:1583)
[info]   Cause: java.lang.ClassCastException: Cannot cast scala.reflect.ClassTag$GenericClassTag to org.apache.spark.sql.catalyst.expressions.Expression
[info]   at java.base/java.lang.Class.cast(Class.java:4067)
[info]   at java.base/jdk.internal.reflect.DirectConstructorHandleAccessor.newInstance(DirectConstructorHandleAccessor.java:62)
[info]   at java.base/java.lang.reflect.Constructor.newInstanceWithCaller(Constructor.java:502)
[info]   at java.base/java.lang.reflect.Constructor.newInstance(Constructor.java:486)
[info]   at frameless.TypedExpressionEncoder$.$anonfun$apply$3(TypedExpressionEncoder.scala:55)
[info]   at scala.Option.map(Option.scala:242)
[info]   at frameless.TypedExpressionEncoder$.apply(TypedExpressionEncoder.scala:54)
[info]   at frameless.TypedDataset$.create(TypedDataset.scala:1325)
[info]   at frameless.WithColumnTest.$anonfun$new$6(WithColumnTest.scala:18)
[info]   at scala.runtime.java8.JFunction0$mcV$sp.apply(JFunction0$mcV$sp.scala:18)
[info]   at org.scalatest.OutcomeOf.outcomeOf(OutcomeOf.scala:85)
[info]   at org.scalatest.OutcomeOf.outcomeOf$(OutcomeOf.scala:83)
[info]   at org.scalatest.OutcomeOf$.outcomeOf(OutcomeOf.scala:104)
[info]   at org.scalatest.Transformer.apply(Transformer.scala:22)
[info]   at org.scalatest.Transformer.apply(Transformer.scala:20)
[info]   at org.scalatest.funsuite.AnyFunSuiteLike$$anon$1.apply(AnyFunSuiteLike.scala:226)
[info]   at org.scalatest.TestSuite.withFixture(TestSuite.scala:196)
[info]   at org.scalatest.TestSuite.withFixture$(TestSuite.scala:195)
[info]   at org.scalatest.funsuite.AnyFunSuite.withFixture(AnyFunSuite.scala:1564)
[info]   at org.scalatest.funsuite.AnyFunSuiteLike.invokeWithFixture$1(AnyFunSuiteLike.scala:224)
[info]   at org.scalatest.funsuite.AnyFunSuiteLike.$anonfun$runTest$1(AnyFunSuiteLike.scala:236)
[info]   at org.scalatest.SuperEngine.runTestImpl(Engine.scala:306)
[info]   at org.scalatest.funsuite.AnyFunSuiteLike.runTest(AnyFunSuiteLike.scala:236)
[info]   at org.scalatest.funsuite.AnyFunSuiteLike.runTest$(AnyFunSuiteLike.scala:218)
[info]   at org.scalatest.funsuite.AnyFunSuite.runTest(AnyFunSuite.scala:1564)
[info]   at org.scalatest.funsuite.AnyFunSuiteLike.$anonfun$runTests$1(AnyFunSuiteLike.scala:269)
[info]   at org.scalatest.SuperEngine.$anonfun$runTestsInBranch$1(Engine.scala:413)
[info]   at scala.collection.immutable.List.foreach(List.scala:334)
[info]   at org.scalatest.SuperEngine.traverseSubNodes$1(Engine.scala:401)
[info]   at org.scalatest.SuperEngine.runTestsInBranch(Engine.scala:396)
[info]   at org.scalatest.SuperEngine.runTestsImpl(Engine.scala:475)
[info]   at org.scalatest.funsuite.AnyFunSuiteLike.runTests(AnyFunSuiteLike.scala:269)
[info]   at org.scalatest.funsuite.AnyFunSuiteLike.runTests$(AnyFunSuiteLike.scala:268)
[info]   at org.scalatest.funsuite.AnyFunSuite.runTests(AnyFunSuite.scala:1564)
[info]   at org.scalatest.Suite.run(Suite.scala:1114)
[info]   at org.scalatest.Suite.run$(Suite.scala:1096)
[info]   at org.scalatest.funsuite.AnyFunSuite.org$scalatest$funsuite$AnyFunSuiteLike$$super$run(AnyFunSuite.scala:1564)
[info]   at org.scalatest.funsuite.AnyFunSuiteLike.$anonfun$run$1(AnyFunSuiteLike.scala:273)
[info]   at org.scalatest.SuperEngine.runImpl(Engine.scala:535)
[info]   at org.scalatest.funsuite.AnyFunSuiteLike.run(AnyFunSuiteLike.scala:273)
[info]   at org.scalatest.funsuite.AnyFunSuiteLike.run$(AnyFunSuiteLike.scala:272)
[info]   at frameless.TypedDatasetSuite.org$scalatest$BeforeAndAfterAll$$super$run(TypedDatasetSuite.scala:63)
[info]   at org.scalatest.BeforeAndAfterAll.liftedTree1$1(BeforeAndAfterAll.scala:213)
[info]   at org.scalatest.BeforeAndAfterAll.run(BeforeAndAfterAll.scala:210)
[info]   at org.scalatest.BeforeAndAfterAll.run$(BeforeAndAfterAll.scala:208)
[info]   at frameless.TypedDatasetSuite.run(TypedDatasetSuite.scala:63)
[info]   at org.scalatest.tools.Framework.org$scalatest$tools$Framework$$runSuite(Framework.scala:321)
[info]   at org.scalatest.tools.Framework$ScalaTestTask.execute(Framework.scala:517)
[info]   at sbt.ForkMain$Run.lambda$runTest$1(ForkMain.java:414)
[info]   at java.base/java.util.concurrent.FutureTask.run(FutureTask.java:317)
[info]   at java.base/java.util.concurrent.ThreadPoolExecutor.runWorker(ThreadPoolExecutor.java:1144)
[info]   at java.base/java.util.concurrent.ThreadPoolExecutor$Worker.run(ThreadPoolExecutor.java:642)
[info]   at java.base/java.lang.Thread.run(Thread.java:1583)
[info] - fail to compile on added column name *** FAILED *** (4 milliseconds)
[info]   java.lang.IllegalArgumentException: argument type mismatch
[info]   at java.base/jdk.internal.reflect.DirectConstructorHandleAccessor.newInstance(DirectConstructorHandleAccessor.java:65)
[info]   at java.base/java.lang.reflect.Constructor.newInstanceWithCaller(Constructor.java:502)
[info]   at java.base/java.lang.reflect.Constructor.newInstance(Constructor.java:486)
[info]   at frameless.TypedExpressionEncoder$.$anonfun$apply$3(TypedExpressionEncoder.scala:55)
[info]   at scala.Option.map(Option.scala:242)
[info]   at frameless.TypedExpressionEncoder$.apply(TypedExpressionEncoder.scala:54)
[info]   at frameless.TypedDataset$.create(TypedDataset.scala:1325)
[info]   at frameless.WithColumnTest.$anonfun$new$11(WithColumnTest.scala:25)
[info]   at scala.runtime.java8.JFunction0$mcV$sp.apply(JFunction0$mcV$sp.scala:18)
[info]   at org.scalatest.OutcomeOf.outcomeOf(OutcomeOf.scala:85)
[info]   at org.scalatest.OutcomeOf.outcomeOf$(OutcomeOf.scala:83)
[info]   at org.scalatest.OutcomeOf$.outcomeOf(OutcomeOf.scala:104)
[info]   at org.scalatest.Transformer.apply(Transformer.scala:22)
[info]   at org.scalatest.Transformer.apply(Transformer.scala:20)
[info]   at org.scalatest.funsuite.AnyFunSuiteLike$$anon$1.apply(AnyFunSuiteLike.scala:226)
[info]   at org.scalatest.TestSuite.withFixture(TestSuite.scala:196)
[info]   at org.scalatest.TestSuite.withFixture$(TestSuite.scala:195)
[info]   at org.scalatest.funsuite.AnyFunSuite.withFixture(AnyFunSuite.scala:1564)
[info]   at org.scalatest.funsuite.AnyFunSuiteLike.invokeWithFixture$1(AnyFunSuiteLike.scala:224)
[info]   at org.scalatest.funsuite.AnyFunSuiteLike.$anonfun$runTest$1(AnyFunSuiteLike.scala:236)
[info]   at org.scalatest.SuperEngine.runTestImpl(Engine.scala:306)
[info]   at org.scalatest.funsuite.AnyFunSuiteLike.runTest(AnyFunSuiteLike.scala:236)
[info]   at org.scalatest.funsuite.AnyFunSuiteLike.runTest$(AnyFunSuiteLike.scala:218)
[info]   at org.scalatest.funsuite.AnyFunSuite.runTest(AnyFunSuite.scala:1564)
[info]   at org.scalatest.funsuite.AnyFunSuiteLike.$anonfun$runTests$1(AnyFunSuiteLike.scala:269)
[info]   at org.scalatest.SuperEngine.$anonfun$runTestsInBranch$1(Engine.scala:413)
[info]   at scala.collection.immutable.List.foreach(List.scala:334)
[info]   at org.scalatest.SuperEngine.traverseSubNodes$1(Engine.scala:401)
[info]   at org.scalatest.SuperEngine.runTestsInBranch(Engine.scala:396)
[info]   at org.scalatest.SuperEngine.runTestsImpl(Engine.scala:475)
[info]   at org.scalatest.funsuite.AnyFunSuiteLike.runTests(AnyFunSuiteLike.scala:269)
[info]   at org.scalatest.funsuite.AnyFunSuiteLike.runTests$(AnyFunSuiteLike.scala:268)
[info]   at org.scalatest.funsuite.AnyFunSuite.runTests(AnyFunSuite.scala:1564)
[info]   at org.scalatest.Suite.run(Suite.scala:1114)
[info]   at org.scalatest.Suite.run$(Suite.scala:1096)
[info]   at org.scalatest.funsuite.AnyFunSuite.org$scalatest$funsuite$AnyFunSuiteLike$$super$run(AnyFunSuite.scala:1564)
[info]   at org.scalatest.funsuite.AnyFunSuiteLike.$anonfun$run$1(AnyFunSuiteLike.scala:273)
[info]   at org.scalatest.SuperEngine.runImpl(Engine.scala:535)
[info]   at org.scalatest.funsuite.AnyFunSuiteLike.run(AnyFunSuiteLike.scala:273)
[info]   at org.scalatest.funsuite.AnyFunSuiteLike.run$(AnyFunSuiteLike.scala:272)
[info]   at frameless.TypedDatasetSuite.org$scalatest$BeforeAndAfterAll$$super$run(TypedDatasetSuite.scala:63)
[info]   at org.scalatest.BeforeAndAfterAll.liftedTree1$1(BeforeAndAfterAll.scala:213)
[info]   at org.scalatest.BeforeAndAfterAll.run(BeforeAndAfterAll.scala:210)
[info]   at org.scalatest.BeforeAndAfterAll.run$(BeforeAndAfterAll.scala:208)
[info]   at frameless.TypedDatasetSuite.run(TypedDatasetSuite.scala:63)
[info]   at org.scalatest.tools.Framework.org$scalatest$tools$Framework$$runSuite(Framework.scala:321)
[info]   at org.scalatest.tools.Framework$ScalaTestTask.execute(Framework.scala:517)
[info]   at sbt.ForkMain$Run.lambda$runTest$1(ForkMain.java:414)
[info]   at java.base/java.util.concurrent.FutureTask.run(FutureTask.java:317)
[info]   at java.base/java.util.concurrent.ThreadPoolExecutor.runWorker(ThreadPoolExecutor.java:1144)
[info]   at java.base/java.util.concurrent.ThreadPoolExecutor$Worker.run(ThreadPoolExecutor.java:642)
[info]   at java.base/java.lang.Thread.run(Thread.java:1583)
[info]   Cause: java.lang.ClassCastException: Cannot cast scala.reflect.ClassTag$GenericClassTag to org.apache.spark.sql.catalyst.expressions.Expression
[info]   at java.base/java.lang.Class.cast(Class.java:4067)
[info]   at java.base/jdk.internal.reflect.DirectConstructorHandleAccessor.newInstance(DirectConstructorHandleAccessor.java:62)
[info]   at java.base/java.lang.reflect.Constructor.newInstanceWithCaller(Constructor.java:502)
[info]   at java.base/java.lang.reflect.Constructor.newInstance(Constructor.java:486)
[info]   at frameless.TypedExpressionEncoder$.$anonfun$apply$3(TypedExpressionEncoder.scala:55)
[info]   at scala.Option.map(Option.scala:242)
[info]   at frameless.TypedExpressionEncoder$.apply(TypedExpressionEncoder.scala:54)
[info]   at frameless.TypedDataset$.create(TypedDataset.scala:1325)
[info]   at frameless.WithColumnTest.$anonfun$new$11(WithColumnTest.scala:25)
[info]   at scala.runtime.java8.JFunction0$mcV$sp.apply(JFunction0$mcV$sp.scala:18)
[info]   at org.scalatest.OutcomeOf.outcomeOf(OutcomeOf.scala:85)
[info]   at org.scalatest.OutcomeOf.outcomeOf$(OutcomeOf.scala:83)
[info]   at org.scalatest.OutcomeOf$.outcomeOf(OutcomeOf.scala:104)
[info]   at org.scalatest.Transformer.apply(Transformer.scala:22)
[info]   at org.scalatest.Transformer.apply(Transformer.scala:20)
[info]   at org.scalatest.funsuite.AnyFunSuiteLike$$anon$1.apply(AnyFunSuiteLike.scala:226)
[info]   at org.scalatest.TestSuite.withFixture(TestSuite.scala:196)
[info]   at org.scalatest.TestSuite.withFixture$(TestSuite.scala:195)
[info]   at org.scalatest.funsuite.AnyFunSuite.withFixture(AnyFunSuite.scala:1564)
[info]   at org.scalatest.funsuite.AnyFunSuiteLike.invokeWithFixture$1(AnyFunSuiteLike.scala:224)
[info]   at org.scalatest.funsuite.AnyFunSuiteLike.$anonfun$runTest$1(AnyFunSuiteLike.scala:236)
[info]   at org.scalatest.SuperEngine.runTestImpl(Engine.scala:306)
[info]   at org.scalatest.funsuite.AnyFunSuiteLike.runTest(AnyFunSuiteLike.scala:236)
[info]   at org.scalatest.funsuite.AnyFunSuiteLike.runTest$(AnyFunSuiteLike.scala:218)
[info]   at org.scalatest.funsuite.AnyFunSuite.runTest(AnyFunSuite.scala:1564)
[info]   at org.scalatest.funsuite.AnyFunSuiteLike.$anonfun$runTests$1(AnyFunSuiteLike.scala:269)
[info]   at org.scalatest.SuperEngine.$anonfun$runTestsInBranch$1(Engine.scala:413)
[info]   at scala.collection.immutable.List.foreach(List.scala:334)
[info]   at org.scalatest.SuperEngine.traverseSubNodes$1(Engine.scala:401)
[info]   at org.scalatest.SuperEngine.runTestsInBranch(Engine.scala:396)
[info]   at org.scalatest.SuperEngine.runTestsImpl(Engine.scala:475)
[info]   at org.scalatest.funsuite.AnyFunSuiteLike.runTests(AnyFunSuiteLike.scala:269)
[info]   at org.scalatest.funsuite.AnyFunSuiteLike.runTests$(AnyFunSuiteLike.scala:268)
[info]   at org.scalatest.funsuite.AnyFunSuite.runTests(AnyFunSuite.scala:1564)
[info]   at org.scalatest.Suite.run(Suite.scala:1114)
[info]   at org.scalatest.Suite.run$(Suite.scala:1096)
[info]   at org.scalatest.funsuite.AnyFunSuite.org$scalatest$funsuite$AnyFunSuiteLike$$super$run(AnyFunSuite.scala:1564)
[info]   at org.scalatest.funsuite.AnyFunSuiteLike.$anonfun$run$1(AnyFunSuiteLike.scala:273)
[info]   at org.scalatest.SuperEngine.runImpl(Engine.scala:535)
[info]   at org.scalatest.funsuite.AnyFunSuiteLike.run(AnyFunSuiteLike.scala:273)
[info]   at org.scalatest.funsuite.AnyFunSuiteLike.run$(AnyFunSuiteLike.scala:272)
[info]   at frameless.TypedDatasetSuite.org$scalatest$BeforeAndAfterAll$$super$run(TypedDatasetSuite.scala:63)
[info]   at org.scalatest.BeforeAndAfterAll.liftedTree1$1(BeforeAndAfterAll.scala:213)
[info]   at org.scalatest.BeforeAndAfterAll.run(BeforeAndAfterAll.scala:210)
[info]   at org.scalatest.BeforeAndAfterAll.run$(BeforeAndAfterAll.scala:208)
[info]   at frameless.TypedDatasetSuite.run(TypedDatasetSuite.scala:63)
[info]   at org.scalatest.tools.Framework.org$scalatest$tools$Framework$$runSuite(Framework.scala:321)
[info]   at org.scalatest.tools.Framework$ScalaTestTask.execute(Framework.scala:517)
[info]   at sbt.ForkMain$Run.lambda$runTest$1(ForkMain.java:414)
[info]   at java.base/java.util.concurrent.FutureTask.run(FutureTask.java:317)
[info]   at java.base/java.util.concurrent.ThreadPoolExecutor.runWorker(ThreadPoolExecutor.java:1144)
[info]   at java.base/java.util.concurrent.ThreadPoolExecutor$Worker.run(ThreadPoolExecutor.java:642)
[info]   at java.base/java.lang.Thread.run(Thread.java:1583)
[info] - fail to compile on wrong typed column *** FAILED *** (7 milliseconds)
[info]   java.lang.IllegalArgumentException: argument type mismatch
[info]   at java.base/jdk.internal.reflect.DirectConstructorHandleAccessor.newInstance(DirectConstructorHandleAccessor.java:65)
[info]   at java.base/java.lang.reflect.Constructor.newInstanceWithCaller(Constructor.java:502)
[info]   at java.base/java.lang.reflect.Constructor.newInstance(Constructor.java:486)
[info]   at frameless.TypedExpressionEncoder$.$anonfun$apply$3(TypedExpressionEncoder.scala:55)
[info]   at scala.Option.map(Option.scala:242)
[info]   at frameless.TypedExpressionEncoder$.apply(TypedExpressionEncoder.scala:54)
[info]   at frameless.TypedDataset$.create(TypedDataset.scala:1325)
[info]   at frameless.WithColumnTest.$anonfun$new$16(WithColumnTest.scala:32)
[info]   at scala.runtime.java8.JFunction0$mcV$sp.apply(JFunction0$mcV$sp.scala:18)
[info]   at org.scalatest.OutcomeOf.outcomeOf(OutcomeOf.scala:85)
[info]   at org.scalatest.OutcomeOf.outcomeOf$(OutcomeOf.scala:83)
[info]   at org.scalatest.OutcomeOf$.outcomeOf(OutcomeOf.scala:104)
[info]   at org.scalatest.Transformer.apply(Transformer.scala:22)
[info]   at org.scalatest.Transformer.apply(Transformer.scala:20)
[info]   at org.scalatest.funsuite.AnyFunSuiteLike$$anon$1.apply(AnyFunSuiteLike.scala:226)
[info]   at org.scalatest.TestSuite.withFixture(TestSuite.scala:196)
[info]   at org.scalatest.TestSuite.withFixture$(TestSuite.scala:195)
[info]   at org.scalatest.funsuite.AnyFunSuite.withFixture(AnyFunSuite.scala:1564)
[info]   at org.scalatest.funsuite.AnyFunSuiteLike.invokeWithFixture$1(AnyFunSuiteLike.scala:224)
[info]   at org.scalatest.funsuite.AnyFunSuiteLike.$anonfun$runTest$1(AnyFunSuiteLike.scala:236)
[info]   at org.scalatest.SuperEngine.runTestImpl(Engine.scala:306)
[info]   at org.scalatest.funsuite.AnyFunSuiteLike.runTest(AnyFunSuiteLike.scala:236)
[info]   at org.scalatest.funsuite.AnyFunSuiteLike.runTest$(AnyFunSuiteLike.scala:218)
[info]   at org.scalatest.funsuite.AnyFunSuite.runTest(AnyFunSuite.scala:1564)
[info]   at org.scalatest.funsuite.AnyFunSuiteLike.$anonfun$runTests$1(AnyFunSuiteLike.scala:269)
[info]   at org.scalatest.SuperEngine.$anonfun$runTestsInBranch$1(Engine.scala:413)
[info]   at scala.collection.immutable.List.foreach(List.scala:334)
[info]   at org.scalatest.SuperEngine.traverseSubNodes$1(Engine.scala:401)
[info]   at org.scalatest.SuperEngine.runTestsInBranch(Engine.scala:396)
[info]   at org.scalatest.SuperEngine.runTestsImpl(Engine.scala:475)
[info]   at org.scalatest.funsuite.AnyFunSuiteLike.runTests(AnyFunSuiteLike.scala:269)
[info]   at org.scalatest.funsuite.AnyFunSuiteLike.runTests$(AnyFunSuiteLike.scala:268)
[info]   at org.scalatest.funsuite.AnyFunSuite.runTests(AnyFunSuite.scala:1564)
[info]   at org.scalatest.Suite.run(Suite.scala:1114)
[info]   at org.scalatest.Suite.run$(Suite.scala:1096)
[info]   at org.scalatest.funsuite.AnyFunSuite.org$scalatest$funsuite$AnyFunSuiteLike$$super$run(AnyFunSuite.scala:1564)
[info]   at org.scalatest.funsuite.AnyFunSuiteLike.$anonfun$run$1(AnyFunSuiteLike.scala:273)
[info]   at org.scalatest.SuperEngine.runImpl(Engine.scala:535)
[info]   at org.scalatest.funsuite.AnyFunSuiteLike.run(AnyFunSuiteLike.scala:273)
[info]   at org.scalatest.funsuite.AnyFunSuiteLike.run$(AnyFunSuiteLike.scala:272)
[info]   at frameless.TypedDatasetSuite.org$scalatest$BeforeAndAfterAll$$super$run(TypedDatasetSuite.scala:63)
[info]   at org.scalatest.BeforeAndAfterAll.liftedTree1$1(BeforeAndAfterAll.scala:213)
[info]   at org.scalatest.BeforeAndAfterAll.run(BeforeAndAfterAll.scala:210)
[info]   at org.scalatest.BeforeAndAfterAll.run$(BeforeAndAfterAll.scala:208)
[info]   at frameless.TypedDatasetSuite.run(TypedDatasetSuite.scala:63)
[info]   at org.scalatest.tools.Framework.org$scalatest$tools$Framework$$runSuite(Framework.scala:321)
[info]   at org.scalatest.tools.Framework$ScalaTestTask.execute(Framework.scala:517)
[info]   at sbt.ForkMain$Run.lambda$runTest$1(ForkMain.java:414)
[info]   at java.base/java.util.concurrent.FutureTask.run(FutureTask.java:317)
[info]   at java.base/java.util.concurrent.ThreadPoolExecutor.runWorker(ThreadPoolExecutor.java:1144)
[info]   at java.base/java.util.concurrent.ThreadPoolExecutor$Worker.run(ThreadPoolExecutor.java:642)
[info]   at java.base/java.lang.Thread.run(Thread.java:1583)
[info]   Cause: java.lang.ClassCastException: Cannot cast scala.reflect.ClassTag$GenericClassTag to org.apache.spark.sql.catalyst.expressions.Expression
[info]   at java.base/java.lang.Class.cast(Class.java:4067)
[info]   at java.base/jdk.internal.reflect.DirectConstructorHandleAccessor.newInstance(DirectConstructorHandleAccessor.java:62)
[info]   at java.base/java.lang.reflect.Constructor.newInstanceWithCaller(Constructor.java:502)
[info]   at java.base/java.lang.reflect.Constructor.newInstance(Constructor.java:486)
[info]   at frameless.TypedExpressionEncoder$.$anonfun$apply$3(TypedExpressionEncoder.scala:55)
[info]   at scala.Option.map(Option.scala:242)
[info]   at frameless.TypedExpressionEncoder$.apply(TypedExpressionEncoder.scala:54)
[info]   at frameless.TypedDataset$.create(TypedDataset.scala:1325)
[info]   at frameless.WithColumnTest.$anonfun$new$16(WithColumnTest.scala:32)
[info]   at scala.runtime.java8.JFunction0$mcV$sp.apply(JFunction0$mcV$sp.scala:18)
[info]   at org.scalatest.OutcomeOf.outcomeOf(OutcomeOf.scala:85)
[info]   at org.scalatest.OutcomeOf.outcomeOf$(OutcomeOf.scala:83)
[info]   at org.scalatest.OutcomeOf$.outcomeOf(OutcomeOf.scala:104)
[info]   at org.scalatest.Transformer.apply(Transformer.scala:22)
[info]   at org.scalatest.Transformer.apply(Transformer.scala:20)
[info]   at org.scalatest.funsuite.AnyFunSuiteLike$$anon$1.apply(AnyFunSuiteLike.scala:226)
[info]   at org.scalatest.TestSuite.withFixture(TestSuite.scala:196)
[info]   at org.scalatest.TestSuite.withFixture$(TestSuite.scala:195)
[info]   at org.scalatest.funsuite.AnyFunSuite.withFixture(AnyFunSuite.scala:1564)
[info]   at org.scalatest.funsuite.AnyFunSuiteLike.invokeWithFixture$1(AnyFunSuiteLike.scala:224)
[info]   at org.scalatest.funsuite.AnyFunSuiteLike.$anonfun$runTest$1(AnyFunSuiteLike.scala:236)
[info]   at org.scalatest.SuperEngine.runTestImpl(Engine.scala:306)
[info]   at org.scalatest.funsuite.AnyFunSuiteLike.runTest(AnyFunSuiteLike.scala:236)
[info]   at org.scalatest.funsuite.AnyFunSuiteLike.runTest$(AnyFunSuiteLike.scala:218)
[info]   at org.scalatest.funsuite.AnyFunSuite.runTest(AnyFunSuite.scala:1564)
[info]   at org.scalatest.funsuite.AnyFunSuiteLike.$anonfun$runTests$1(AnyFunSuiteLike.scala:269)
[info]   at org.scalatest.SuperEngine.$anonfun$runTestsInBranch$1(Engine.scala:413)
[info]   at scala.collection.immutable.List.foreach(List.scala:334)
[info]   at org.scalatest.SuperEngine.traverseSubNodes$1(Engine.scala:401)
[info]   at org.scalatest.SuperEngine.runTestsInBranch(Engine.scala:396)
[info]   at org.scalatest.SuperEngine.runTestsImpl(Engine.scala:475)
[info]   at org.scalatest.funsuite.AnyFunSuiteLike.runTests(AnyFunSuiteLike.scala:269)
[info]   at org.scalatest.funsuite.AnyFunSuiteLike.runTests$(AnyFunSuiteLike.scala:268)
[info]   at org.scalatest.funsuite.AnyFunSuite.runTests(AnyFunSuite.scala:1564)
[info]   at org.scalatest.Suite.run(Suite.scala:1114)
[info]   at org.scalatest.Suite.run$(Suite.scala:1096)
[info]   at org.scalatest.funsuite.AnyFunSuite.org$scalatest$funsuite$AnyFunSuiteLike$$super$run(AnyFunSuite.scala:1564)
[info]   at org.scalatest.funsuite.AnyFunSuiteLike.$anonfun$run$1(AnyFunSuiteLike.scala:273)
[info]   at org.scalatest.SuperEngine.runImpl(Engine.scala:535)
[info]   at org.scalatest.funsuite.AnyFunSuiteLike.run(AnyFunSuiteLike.scala:273)
[info]   at org.scalatest.funsuite.AnyFunSuiteLike.run$(AnyFunSuiteLike.scala:272)
[info]   at frameless.TypedDatasetSuite.org$scalatest$BeforeAndAfterAll$$super$run(TypedDatasetSuite.scala:63)
[info]   at org.scalatest.BeforeAndAfterAll.liftedTree1$1(BeforeAndAfterAll.scala:213)
[info]   at org.scalatest.BeforeAndAfterAll.run(BeforeAndAfterAll.scala:210)
[info]   at org.scalatest.BeforeAndAfterAll.run$(BeforeAndAfterAll.scala:208)
[info]   at frameless.TypedDatasetSuite.run(TypedDatasetSuite.scala:63)
[info]   at org.scalatest.tools.Framework.org$scalatest$tools$Framework$$runSuite(Framework.scala:321)
[info]   at org.scalatest.tools.Framework$ScalaTestTask.execute(Framework.scala:517)
[info]   at sbt.ForkMain$Run.lambda$runTest$1(ForkMain.java:414)
[info]   at java.base/java.util.concurrent.FutureTask.run(FutureTask.java:317)
[info]   at java.base/java.util.concurrent.ThreadPoolExecutor.runWorker(ThreadPoolExecutor.java:1144)
[info]   at java.base/java.util.concurrent.ThreadPoolExecutor$Worker.run(ThreadPoolExecutor.java:642)
[info]   at java.base/java.lang.Thread.run(Thread.java:1583)
[info] - append four columns *** FAILED *** (16 milliseconds)
[info]   IllegalArgumentException was thrown during property evaluation.
[info]     Message: argument type mismatch
[info]     Occurred when passed generated values (
[info]       arg0 = 0 // 1 shrink
[info]     )
[info]   org.scalatest.exceptions.GeneratorDrivenPropertyCheckFailedException:
[info]   at org.scalatestplus.scalacheck.CheckerAsserting$$anon$2.indicateFailure(CheckerAsserting.scala:251)
[info]   at org.scalatestplus.scalacheck.CheckerAsserting$$anon$2.indicateFailure(CheckerAsserting.scala:238)
[info]   at org.scalatestplus.scalacheck.UnitCheckerAsserting$CheckerAssertingImpl.check(CheckerAsserting.scala:160)
[info]   at org.scalatestplus.scalacheck.Checkers.check(Checkers.scala:244)
[info]   at org.scalatestplus.scalacheck.Checkers.check$(Checkers.scala:235)
[info]   at frameless.TypedDatasetSuite.check(TypedDatasetSuite.scala:63)
[info]   at frameless.WithColumnTest.$anonfun$new$21(WithColumnTest.scala:49)
[info]   at org.scalatest.OutcomeOf.outcomeOf(OutcomeOf.scala:85)
[info]   at org.scalatest.OutcomeOf.outcomeOf$(OutcomeOf.scala:83)
[info]   at org.scalatest.OutcomeOf$.outcomeOf(OutcomeOf.scala:104)
[info]   at org.scalatest.Transformer.apply(Transformer.scala:22)
[info]   at org.scalatest.Transformer.apply(Transformer.scala:20)
[info]   at org.scalatest.funsuite.AnyFunSuiteLike$$anon$1.apply(AnyFunSuiteLike.scala:226)
[info]   at org.scalatest.TestSuite.withFixture(TestSuite.scala:196)
[info]   at org.scalatest.TestSuite.withFixture$(TestSuite.scala:195)
[info]   at org.scalatest.funsuite.AnyFunSuite.withFixture(AnyFunSuite.scala:1564)
[info]   at org.scalatest.funsuite.AnyFunSuiteLike.invokeWithFixture$1(AnyFunSuiteLike.scala:224)
[info]   at org.scalatest.funsuite.AnyFunSuiteLike.$anonfun$runTest$1(AnyFunSuiteLike.scala:236)
[info]   at org.scalatest.SuperEngine.runTestImpl(Engine.scala:306)
[info]   at org.scalatest.funsuite.AnyFunSuiteLike.runTest(AnyFunSuiteLike.scala:236)
[info]   at org.scalatest.funsuite.AnyFunSuiteLike.runTest$(AnyFunSuiteLike.scala:218)
[info]   at org.scalatest.funsuite.AnyFunSuite.runTest(AnyFunSuite.scala:1564)
[info]   at org.scalatest.funsuite.AnyFunSuiteLike.$anonfun$runTests$1(AnyFunSuiteLike.scala:269)
[info]   at org.scalatest.SuperEngine.$anonfun$runTestsInBranch$1(Engine.scala:413)
[info]   at scala.collection.immutable.List.foreach(List.scala:334)
[info]   at org.scalatest.SuperEngine.traverseSubNodes$1(Engine.scala:401)
[info]   at org.scalatest.SuperEngine.runTestsInBranch(Engine.scala:396)
[info]   at org.scalatest.SuperEngine.runTestsImpl(Engine.scala:475)
[info]   at org.scalatest.funsuite.AnyFunSuiteLike.runTests(AnyFunSuiteLike.scala:269)
[info]   at org.scalatest.funsuite.AnyFunSuiteLike.runTests$(AnyFunSuiteLike.scala:268)
[info]   at org.scalatest.funsuite.AnyFunSuite.runTests(AnyFunSuite.scala:1564)
[info]   at org.scalatest.Suite.run(Suite.scala:1114)
[info]   at org.scalatest.Suite.run$(Suite.scala:1096)
[info]   at org.scalatest.funsuite.AnyFunSuite.org$scalatest$funsuite$AnyFunSuiteLike$$super$run(AnyFunSuite.scala:1564)
[info]   at org.scalatest.funsuite.AnyFunSuiteLike.$anonfun$run$1(AnyFunSuiteLike.scala:273)
[info]   at org.scalatest.SuperEngine.runImpl(Engine.scala:535)
[info]   at org.scalatest.funsuite.AnyFunSuiteLike.run(AnyFunSuiteLike.scala:273)
[info]   at org.scalatest.funsuite.AnyFunSuiteLike.run$(AnyFunSuiteLike.scala:272)
[info]   at frameless.TypedDatasetSuite.org$scalatest$BeforeAndAfterAll$$super$run(TypedDatasetSuite.scala:63)
[info]   at org.scalatest.BeforeAndAfterAll.liftedTree1$1(BeforeAndAfterAll.scala:213)
[info]   at org.scalatest.BeforeAndAfterAll.run(BeforeAndAfterAll.scala:210)
[info]   at org.scalatest.BeforeAndAfterAll.run$(BeforeAndAfterAll.scala:208)
[info]   at frameless.TypedDatasetSuite.run(TypedDatasetSuite.scala:63)
[info]   at org.scalatest.tools.Framework.org$scalatest$tools$Framework$$runSuite(Framework.scala:321)
[info]   at org.scalatest.tools.Framework$ScalaTestTask.execute(Framework.scala:517)
[info]   at sbt.ForkMain$Run.lambda$runTest$1(ForkMain.java:414)
[info]   at java.base/java.util.concurrent.FutureTask.run(FutureTask.java:317)
[info]   at java.base/java.util.concurrent.ThreadPoolExecutor.runWorker(ThreadPoolExecutor.java:1144)
[info]   at java.base/java.util.concurrent.ThreadPoolExecutor$Worker.run(ThreadPoolExecutor.java:642)
[info]   at java.base/java.lang.Thread.run(Thread.java:1583)
[info]   Cause: java.lang.IllegalArgumentException: argument type mismatch
[info]   at java.base/jdk.internal.reflect.DirectConstructorHandleAccessor.newInstance(DirectConstructorHandleAccessor.java:65)
[info]   at java.base/java.lang.reflect.Constructor.newInstanceWithCaller(Constructor.java:502)
[info]   at java.base/java.lang.reflect.Constructor.newInstance(Constructor.java:486)
[info]   at frameless.TypedExpressionEncoder$.$anonfun$apply$3(TypedExpressionEncoder.scala:55)
[info]   at scala.Option.map(Option.scala:242)
[info]   at frameless.TypedExpressionEncoder$.apply(TypedExpressionEncoder.scala:54)
[info]   at frameless.TypedDataset$.create(TypedDataset.scala:1325)
[info]   at frameless.WithColumnTest.prop$1(WithColumnTest.scala:40)
[info]   at frameless.WithColumnTest.$anonfun$new$68(WithColumnTest.scala:49)
[info]   at frameless.WithColumnTest.$anonfun$new$68$adapted(WithColumnTest.scala:49)
[info]   at scala.Function1.$anonfun$andThen$1(Function1.scala:87)
[info]   at org.scalacheck.Prop$.$anonfun$forAllShrink$2(Prop.scala:868)
[info]   at org.scalacheck.Prop$.secure(Prop.scala:484)
[info]   at org.scalacheck.Prop$.result$1(Prop.scala:868)
[info]   at org.scalacheck.Prop$.$anonfun$forAllShrink$4(Prop.scala:880)
[info]   at scala.collection.immutable.Stream.map(Stream.scala:173)
[info]   at org.scalacheck.Prop$.getFirstFailure$1(Prop.scala:880)
[info]   at org.scalacheck.Prop$.shrinker$1(Prop.scala:895)
[info]   at org.scalacheck.Prop$.$anonfun$forAllShrink$1(Prop.scala:916)
[info]   at org.scalacheck.Prop$.$anonfun$apply$1(Prop.scala:305)
[info]   at org.scalacheck.PropFromFun.apply(Prop.scala:20)
[info]   at org.scalacheck.Test$.workerFun$1(Test.scala:486)
[info]   at org.scalacheck.Test$.$anonfun$check$4(Test.scala:518)
[info]   at org.scalacheck.Test$.$anonfun$check$4$adapted(Test.scala:518)
[info]   at org.scalacheck.Platform$.runWorkers(Platform.scala:42)
[info]   at org.scalacheck.Test$.check(Test.scala:518)
[info]   at org.scalatestplus.scalacheck.UnitCheckerAsserting$CheckerAssertingImpl.check(CheckerAsserting.scala:90)
[info]   at org.scalatestplus.scalacheck.Checkers.check(Checkers.scala:244)
[info]   at org.scalatestplus.scalacheck.Checkers.check$(Checkers.scala:235)
[info]   at frameless.TypedDatasetSuite.check(TypedDatasetSuite.scala:63)
[info]   at frameless.WithColumnTest.$anonfun$new$21(WithColumnTest.scala:49)
[info]   at org.scalatest.OutcomeOf.outcomeOf(OutcomeOf.scala:85)
[info]   at org.scalatest.OutcomeOf.outcomeOf$(OutcomeOf.scala:83)
[info]   at org.scalatest.OutcomeOf$.outcomeOf(OutcomeOf.scala:104)
[info]   at org.scalatest.Transformer.apply(Transformer.scala:22)
[info]   at org.scalatest.Transformer.apply(Transformer.scala:20)
[info]   at org.scalatest.funsuite.AnyFunSuiteLike$$anon$1.apply(AnyFunSuiteLike.scala:226)
[info]   at org.scalatest.TestSuite.withFixture(TestSuite.scala:196)
[info]   at org.scalatest.TestSuite.withFixture$(TestSuite.scala:195)
[info]   at org.scalatest.funsuite.AnyFunSuite.withFixture(AnyFunSuite.scala:1564)
[info]   at org.scalatest.funsuite.AnyFunSuiteLike.invokeWithFixture$1(AnyFunSuiteLike.scala:224)
[info]   at org.scalatest.funsuite.AnyFunSuiteLike.$anonfun$runTest$1(AnyFunSuiteLike.scala:236)
[info]   at org.scalatest.SuperEngine.runTestImpl(Engine.scala:306)
[info]   at org.scalatest.funsuite.AnyFunSuiteLike.runTest(AnyFunSuiteLike.scala:236)
[info]   at org.scalatest.funsuite.AnyFunSuiteLike.runTest$(AnyFunSuiteLike.scala:218)
[info]   at org.scalatest.funsuite.AnyFunSuite.runTest(AnyFunSuite.scala:1564)
[info]   at org.scalatest.funsuite.AnyFunSuiteLike.$anonfun$runTests$1(AnyFunSuiteLike.scala:269)
[info]   at org.scalatest.SuperEngine.$anonfun$runTestsInBranch$1(Engine.scala:413)
[info]   at scala.collection.immutable.List.foreach(List.scala:334)
[info]   at org.scalatest.SuperEngine.traverseSubNodes$1(Engine.scala:401)
[info]   at org.scalatest.SuperEngine.runTestsInBranch(Engine.scala:396)
[info]   at org.scalatest.SuperEngine.runTestsImpl(Engine.scala:475)
[info]   at org.scalatest.funsuite.AnyFunSuiteLike.runTests(AnyFunSuiteLike.scala:269)
[info]   at org.scalatest.funsuite.AnyFunSuiteLike.runTests$(AnyFunSuiteLike.scala:268)
[info]   at org.scalatest.funsuite.AnyFunSuite.runTests(AnyFunSuite.scala:1564)
[info]   at org.scalatest.Suite.run(Suite.scala:1114)
[info]   at org.scalatest.Suite.run$(Suite.scala:1096)
[info]   at org.scalatest.funsuite.AnyFunSuite.org$scalatest$funsuite$AnyFunSuiteLike$$super$run(AnyFunSuite.scala:1564)
[info]   at org.scalatest.funsuite.AnyFunSuiteLike.$anonfun$run$1(AnyFunSuiteLike.scala:273)
[info]   at org.scalatest.SuperEngine.runImpl(Engine.scala:535)
[info]   at org.scalatest.funsuite.AnyFunSuiteLike.run(AnyFunSuiteLike.scala:273)
[info]   at org.scalatest.funsuite.AnyFunSuiteLike.run$(AnyFunSuiteLike.scala:272)
[info]   at frameless.TypedDatasetSuite.org$scalatest$BeforeAndAfterAll$$super$run(TypedDatasetSuite.scala:63)
[info]   at org.scalatest.BeforeAndAfterAll.liftedTree1$1(BeforeAndAfterAll.scala:213)
[info]   at org.scalatest.BeforeAndAfterAll.run(BeforeAndAfterAll.scala:210)
[info]   at org.scalatest.BeforeAndAfterAll.run$(BeforeAndAfterAll.scala:208)
[info]   at frameless.TypedDatasetSuite.run(TypedDatasetSuite.scala:63)
[info]   at org.scalatest.tools.Framework.org$scalatest$tools$Framework$$runSuite(Framework.scala:321)
[info]   at org.scalatest.tools.Framework$ScalaTestTask.execute(Framework.scala:517)
[info]   at sbt.ForkMain$Run.lambda$runTest$1(ForkMain.java:414)
[info]   at java.base/java.util.concurrent.FutureTask.run(FutureTask.java:317)
[info]   at java.base/java.util.concurrent.ThreadPoolExecutor.runWorker(ThreadPoolExecutor.java:1144)
[info]   at java.base/java.util.concurrent.ThreadPoolExecutor$Worker.run(ThreadPoolExecutor.java:642)
[info]   at java.base/java.lang.Thread.run(Thread.java:1583)
[info]   Cause: java.lang.ClassCastException: Cannot cast scala.reflect.ClassTag$GenericClassTag to org.apache.spark.sql.catalyst.expressions.Expression
[info]   at java.base/java.lang.Class.cast(Class.java:4067)
[info]   at java.base/jdk.internal.reflect.DirectConstructorHandleAccessor.newInstance(DirectConstructorHandleAccessor.java:62)
[info]   at java.base/java.lang.reflect.Constructor.newInstanceWithCaller(Constructor.java:502)
[info]   at java.base/java.lang.reflect.Constructor.newInstance(Constructor.java:486)
[info]   at frameless.TypedExpressionEncoder$.$anonfun$apply$3(TypedExpressionEncoder.scala:55)
[info]   at scala.Option.map(Option.scala:242)
[info]   at frameless.TypedExpressionEncoder$.apply(TypedExpressionEncoder.scala:54)
[info]   at frameless.TypedDataset$.create(TypedDataset.scala:1325)
[info]   at frameless.WithColumnTest.prop$1(WithColumnTest.scala:40)
[info]   at frameless.WithColumnTest.$anonfun$new$68(WithColumnTest.scala:49)
[info]   at frameless.WithColumnTest.$anonfun$new$68$adapted(WithColumnTest.scala:49)
[info]   at scala.Function1.$anonfun$andThen$1(Function1.scala:87)
[info]   at org.scalacheck.Prop$.$anonfun$forAllShrink$2(Prop.scala:868)
[info]   at org.scalacheck.Prop$.secure(Prop.scala:484)
[info]   at org.scalacheck.Prop$.result$1(Prop.scala:868)
[info]   at org.scalacheck.Prop$.$anonfun$forAllShrink$4(Prop.scala:880)
[info]   at scala.collection.immutable.Stream.map(Stream.scala:173)
[info]   at org.scalacheck.Prop$.getFirstFailure$1(Prop.scala:880)
[info]   at org.scalacheck.Prop$.shrinker$1(Prop.scala:895)
[info]   at org.scalacheck.Prop$.$anonfun$forAllShrink$1(Prop.scala:916)
[info]   at org.scalacheck.Prop$.$anonfun$apply$1(Prop.scala:305)
[info]   at org.scalacheck.PropFromFun.apply(Prop.scala:20)
[info]   at org.scalacheck.Test$.workerFun$1(Test.scala:486)
[info]   at org.scalacheck.Test$.$anonfun$check$4(Test.scala:518)
[info]   at org.scalacheck.Test$.$anonfun$check$4$adapted(Test.scala:518)
[info]   at org.scalacheck.Platform$.runWorkers(Platform.scala:42)
[info]   at org.scalacheck.Test$.check(Test.scala:518)
[info]   at org.scalatestplus.scalacheck.UnitCheckerAsserting$CheckerAssertingImpl.check(CheckerAsserting.scala:90)
[info]   at org.scalatestplus.scalacheck.Checkers.check(Checkers.scala:244)
[info]   at org.scalatestplus.scalacheck.Checkers.check$(Checkers.scala:235)
[info]   at frameless.TypedDatasetSuite.check(TypedDatasetSuite.scala:63)
[info]   at frameless.WithColumnTest.$anonfun$new$21(WithColumnTest.scala:49)
[info]   at org.scalatest.OutcomeOf.outcomeOf(OutcomeOf.scala:85)
[info]   at org.scalatest.OutcomeOf.outcomeOf$(OutcomeOf.scala:83)
[info]   at org.scalatest.OutcomeOf$.outcomeOf(OutcomeOf.scala:104)
[info]   at org.scalatest.Transformer.apply(Transformer.scala:22)
[info]   at org.scalatest.Transformer.apply(Transformer.scala:20)
[info]   at org.scalatest.funsuite.AnyFunSuiteLike$$anon$1.apply(AnyFunSuiteLike.scala:226)
[info]   at org.scalatest.TestSuite.withFixture(TestSuite.scala:196)
[info]   at org.scalatest.TestSuite.withFixture$(TestSuite.scala:195)
[info]   at org.scalatest.funsuite.AnyFunSuite.withFixture(AnyFunSuite.scala:1564)
[info]   at org.scalatest.funsuite.AnyFunSuiteLike.invokeWithFixture$1(AnyFunSuiteLike.scala:224)
[info]   at org.scalatest.funsuite.AnyFunSuiteLike.$anonfun$runTest$1(AnyFunSuiteLike.scala:236)
[info]   at org.scalatest.SuperEngine.runTestImpl(Engine.scala:306)
[info]   at org.scalatest.funsuite.AnyFunSuiteLike.runTest(AnyFunSuiteLike.scala:236)
[info]   at org.scalatest.funsuite.AnyFunSuiteLike.runTest$(AnyFunSuiteLike.scala:218)
[info]   at org.scalatest.funsuite.AnyFunSuite.runTest(AnyFunSuite.scala:1564)
[info]   at org.scalatest.funsuite.AnyFunSuiteLike.$anonfun$runTests$1(AnyFunSuiteLike.scala:269)
[info]   at org.scalatest.SuperEngine.$anonfun$runTestsInBranch$1(Engine.scala:413)
[info]   at scala.collection.immutable.List.foreach(List.scala:334)
[info]   at org.scalatest.SuperEngine.traverseSubNodes$1(Engine.scala:401)
[info]   at org.scalatest.SuperEngine.runTestsInBranch(Engine.scala:396)
[info]   at org.scalatest.SuperEngine.runTestsImpl(Engine.scala:475)
[info]   at org.scalatest.funsuite.AnyFunSuiteLike.runTests(AnyFunSuiteLike.scala:269)
[info]   at org.scalatest.funsuite.AnyFunSuiteLike.runTests$(AnyFunSuiteLike.scala:268)
[info]   at org.scalatest.funsuite.AnyFunSuite.runTests(AnyFunSuite.scala:1564)
[info]   at org.scalatest.Suite.run(Suite.scala:1114)
[info]   at org.scalatest.Suite.run$(Suite.scala:1096)
[info]   at org.scalatest.funsuite.AnyFunSuite.org$scalatest$funsuite$AnyFunSuiteLike$$super$run(AnyFunSuite.scala:1564)
[info]   at org.scalatest.funsuite.AnyFunSuiteLike.$anonfun$run$1(AnyFunSuiteLike.scala:273)
[info]   at org.scalatest.SuperEngine.runImpl(Engine.scala:535)
[info]   at org.scalatest.funsuite.AnyFunSuiteLike.run(AnyFunSuiteLike.scala:273)
[info]   at org.scalatest.funsuite.AnyFunSuiteLike.run$(AnyFunSuiteLike.scala:272)
[info]   at frameless.TypedDatasetSuite.org$scalatest$BeforeAndAfterAll$$super$run(TypedDatasetSuite.scala:63)
[info]   at org.scalatest.BeforeAndAfterAll.liftedTree1$1(BeforeAndAfterAll.scala:213)
[info]   at org.scalatest.BeforeAndAfterAll.run(BeforeAndAfterAll.scala:210)
[info]   at org.scalatest.BeforeAndAfterAll.run$(BeforeAndAfterAll.scala:208)
[info]   at frameless.TypedDatasetSuite.run(TypedDatasetSuite.scala:63)
[info]   at org.scalatest.tools.Framework.org$scalatest$tools$Framework$$runSuite(Framework.scala:321)
[info]   at org.scalatest.tools.Framework$ScalaTestTask.execute(Framework.scala:517)
[info]   at sbt.ForkMain$Run.lambda$runTest$1(ForkMain.java:414)
[info]   at java.base/java.util.concurrent.FutureTask.run(FutureTask.java:317)
[info]   at java.base/java.util.concurrent.ThreadPoolExecutor.runWorker(ThreadPoolExecutor.java:1144)
[info]   at java.base/java.util.concurrent.ThreadPoolExecutor$Worker.run(ThreadPoolExecutor.java:642)
[info]   at java.base/java.lang.Thread.run(Thread.java:1583)
[info] - update in place *** FAILED *** (300 milliseconds)
[info]   IllegalArgumentException was thrown during property evaluation.
[info]     Message: argument type mismatch
[info]     Occurred when passed generated values (
[info]       arg0 = 0, // 32 shrinks
[info]       arg1 = 0 // 31 shrinks
[info]     )
[info]   org.scalatest.exceptions.GeneratorDrivenPropertyCheckFailedException:
[info]   at org.scalatestplus.scalacheck.CheckerAsserting$$anon$2.indicateFailure(CheckerAsserting.scala:251)
[info]   at org.scalatestplus.scalacheck.CheckerAsserting$$anon$2.indicateFailure(CheckerAsserting.scala:238)
[info]   at org.scalatestplus.scalacheck.UnitCheckerAsserting$CheckerAssertingImpl.check(CheckerAsserting.scala:160)
[info]   at org.scalatestplus.scalacheck.Checkers.check(Checkers.scala:263)
[info]   at org.scalatestplus.scalacheck.Checkers.check$(Checkers.scala:253)
[info]   at frameless.TypedDatasetSuite.check(TypedDatasetSuite.scala:63)
[info]   at frameless.WithColumnTest.$anonfun$new$82(WithColumnTest.scala:67)
[info]   at org.scalatest.OutcomeOf.outcomeOf(OutcomeOf.scala:85)
[info]   at org.scalatest.OutcomeOf.outcomeOf$(OutcomeOf.scala:83)
[info]   at org.scalatest.OutcomeOf$.outcomeOf(OutcomeOf.scala:104)
[info]   at org.scalatest.Transformer.apply(Transformer.scala:22)
[info]   at org.scalatest.Transformer.apply(Transformer.scala:20)
[info]   at org.scalatest.funsuite.AnyFunSuiteLike$$anon$1.apply(AnyFunSuiteLike.scala:226)
[info]   at org.scalatest.TestSuite.withFixture(TestSuite.scala:196)
[info]   at org.scalatest.TestSuite.withFixture$(TestSuite.scala:195)
[info]   at org.scalatest.funsuite.AnyFunSuite.withFixture(AnyFunSuite.scala:1564)
[info]   at org.scalatest.funsuite.AnyFunSuiteLike.invokeWithFixture$1(AnyFunSuiteLike.scala:224)
[info]   at org.scalatest.funsuite.AnyFunSuiteLike.$anonfun$runTest$1(AnyFunSuiteLike.scala:236)
[info]   at org.scalatest.SuperEngine.runTestImpl(Engine.scala:306)
[info]   at org.scalatest.funsuite.AnyFunSuiteLike.runTest(AnyFunSuiteLike.scala:236)
[info]   at org.scalatest.funsuite.AnyFunSuiteLike.runTest$(AnyFunSuiteLike.scala:218)
[info]   at org.scalatest.funsuite.AnyFunSuite.runTest(AnyFunSuite.scala:1564)
[info]   at org.scalatest.funsuite.AnyFunSuiteLike.$anonfun$runTests$1(AnyFunSuiteLike.scala:269)
[info]   at org.scalatest.SuperEngine.$anonfun$runTestsInBranch$1(Engine.scala:413)
[info]   at scala.collection.immutable.List.foreach(List.scala:334)
[info]   at org.scalatest.SuperEngine.traverseSubNodes$1(Engine.scala:401)
[info]   at org.scalatest.SuperEngine.runTestsInBranch(Engine.scala:396)
[info]   at org.scalatest.SuperEngine.runTestsImpl(Engine.scala:475)
[info]   at org.scalatest.funsuite.AnyFunSuiteLike.runTests(AnyFunSuiteLike.scala:269)
[info]   at org.scalatest.funsuite.AnyFunSuiteLike.runTests$(AnyFunSuiteLike.scala:268)
[info]   at org.scalatest.funsuite.AnyFunSuite.runTests(AnyFunSuite.scala:1564)
[info]   at org.scalatest.Suite.run(Suite.scala:1114)
[info]   at org.scalatest.Suite.run$(Suite.scala:1096)
[info]   at org.scalatest.funsuite.AnyFunSuite.org$scalatest$funsuite$AnyFunSuiteLike$$super$run(AnyFunSuite.scala:1564)
[info]   at org.scalatest.funsuite.AnyFunSuiteLike.$anonfun$run$1(AnyFunSuiteLike.scala:273)
[info]   at org.scalatest.SuperEngine.runImpl(Engine.scala:535)
[info]   at org.scalatest.funsuite.AnyFunSuiteLike.run(AnyFunSuiteLike.scala:273)
[info]   at org.scalatest.funsuite.AnyFunSuiteLike.run$(AnyFunSuiteLike.scala:272)
[info]   at frameless.TypedDatasetSuite.org$scalatest$BeforeAndAfterAll$$super$run(TypedDatasetSuite.scala:63)
[info]   at org.scalatest.BeforeAndAfterAll.liftedTree1$1(BeforeAndAfterAll.scala:213)
[info]   at org.scalatest.BeforeAndAfterAll.run(BeforeAndAfterAll.scala:210)
[info]   at org.scalatest.BeforeAndAfterAll.run$(BeforeAndAfterAll.scala:208)
[info]   at frameless.TypedDatasetSuite.run(TypedDatasetSuite.scala:63)
[info]   at org.scalatest.tools.Framework.org$scalatest$tools$Framework$$runSuite(Framework.scala:321)
[info]   at org.scalatest.tools.Framework$ScalaTestTask.execute(Framework.scala:517)
[info]   at sbt.ForkMain$Run.lambda$runTest$1(ForkMain.java:414)
[info]   at java.base/java.util.concurrent.FutureTask.run(FutureTask.java:317)
[info]   at java.base/java.util.concurrent.ThreadPoolExecutor.runWorker(ThreadPoolExecutor.java:1144)
[info]   at java.base/java.util.concurrent.ThreadPoolExecutor$Worker.run(ThreadPoolExecutor.java:642)
[info]   at java.base/java.lang.Thread.run(Thread.java:1583)
[info]   Cause: java.lang.IllegalArgumentException: argument type mismatch
[info]   at java.base/jdk.internal.reflect.DirectConstructorHandleAccessor.newInstance(DirectConstructorHandleAccessor.java:65)
[info]   at java.base/java.lang.reflect.Constructor.newInstanceWithCaller(Constructor.java:502)
[info]   at java.base/java.lang.reflect.Constructor.newInstance(Constructor.java:486)
[info]   at frameless.TypedExpressionEncoder$.$anonfun$apply$3(TypedExpressionEncoder.scala:55)
[info]   at scala.Option.map(Option.scala:242)
[info]   at frameless.TypedExpressionEncoder$.apply(TypedExpressionEncoder.scala:54)
[info]   at frameless.TypedDataset$.create(TypedDataset.scala:1325)
[info]   at frameless.WithColumnTest.prop$2(WithColumnTest.scala:58)
[info]   at frameless.WithColumnTest.$anonfun$new$93(WithColumnTest.scala:67)
[info]   at frameless.WithColumnTest.$anonfun$new$93$adapted(WithColumnTest.scala:67)
[info]   at org.scalacheck.Prop$.$anonfun$forAll$18(Prop.scala:1131)
[info]   at scala.Function1.$anonfun$andThen$1(Function1.scala:87)
[info]   at org.scalacheck.Prop$.$anonfun$forAllShrink$2(Prop.scala:868)
[info]   at org.scalacheck.Prop$.secure(Prop.scala:484)
[info]   at org.scalacheck.Prop$.result$1(Prop.scala:868)
[info]   at org.scalacheck.Prop$.$anonfun$forAllShrink$4(Prop.scala:880)
[info]   at scala.collection.immutable.Stream.map(Stream.scala:173)
[info]   at org.scalacheck.Prop$.getFirstFailure$1(Prop.scala:880)
[info]   at org.scalacheck.Prop$.shrinker$1(Prop.scala:895)
[info]   at org.scalacheck.Prop$.$anonfun$forAllShrink$1(Prop.scala:916)
[info]   at org.scalacheck.Prop$.$anonfun$apply$1(Prop.scala:305)
[info]   at org.scalacheck.PropFromFun.apply(Prop.scala:20)
[info]   at org.scalacheck.Prop$.result$1(Prop.scala:869)
[info]   at org.scalacheck.Prop$.$anonfun$forAllShrink$4(Prop.scala:880)
[info]   at scala.collection.immutable.Stream.map(Stream.scala:173)
[info]   at org.scalacheck.Prop$.getFirstFailure$1(Prop.scala:880)
[info]   at org.scalacheck.Prop$.shrinker$1(Prop.scala:895)
[info]   at org.scalacheck.Prop$.$anonfun$forAllShrink$1(Prop.scala:916)
[info]   at org.scalacheck.Prop$.$anonfun$apply$1(Prop.scala:305)
[info]   at org.scalacheck.PropFromFun.apply(Prop.scala:20)
[info]   at org.scalacheck.Test$.workerFun$1(Test.scala:486)
[info]   at org.scalacheck.Test$.$anonfun$check$4(Test.scala:518)
[info]   at org.scalacheck.Test$.$anonfun$check$4$adapted(Test.scala:518)
[info]   at org.scalacheck.Platform$.runWorkers(Platform.scala:42)
[info]   at org.scalacheck.Test$.check(Test.scala:518)
[info]   at org.scalatestplus.scalacheck.UnitCheckerAsserting$CheckerAssertingImpl.check(CheckerAsserting.scala:90)
[info]   at org.scalatestplus.scalacheck.Checkers.check(Checkers.scala:263)
[info]   at org.scalatestplus.scalacheck.Checkers.check$(Checkers.scala:253)
[info]   at frameless.TypedDatasetSuite.check(TypedDatasetSuite.scala:63)
[info]   at frameless.WithColumnTest.$anonfun$new$82(WithColumnTest.scala:67)
[info]   at org.scalatest.OutcomeOf.outcomeOf(OutcomeOf.scala:85)
[info]   at org.scalatest.OutcomeOf.outcomeOf$(OutcomeOf.scala:83)
[info]   at org.scalatest.OutcomeOf$.outcomeOf(OutcomeOf.scala:104)
[info]   at org.scalatest.Transformer.apply(Transformer.scala:22)
[info]   at org.scalatest.Transformer.apply(Transformer.scala:20)
[info]   at org.scalatest.funsuite.AnyFunSuiteLike$$anon$1.apply(AnyFunSuiteLike.scala:226)
[info]   at org.scalatest.TestSuite.withFixture(TestSuite.scala:196)
[info]   at org.scalatest.TestSuite.withFixture$(TestSuite.scala:195)
[info]   at org.scalatest.funsuite.AnyFunSuite.withFixture(AnyFunSuite.scala:1564)
[info]   at org.scalatest.funsuite.AnyFunSuiteLike.invokeWithFixture$1(AnyFunSuiteLike.scala:224)
[info]   at org.scalatest.funsuite.AnyFunSuiteLike.$anonfun$runTest$1(AnyFunSuiteLike.scala:236)
[info]   at org.scalatest.SuperEngine.runTestImpl(Engine.scala:306)
[info]   at org.scalatest.funsuite.AnyFunSuiteLike.runTest(AnyFunSuiteLike.scala:236)
[info]   at org.scalatest.funsuite.AnyFunSuiteLike.runTest$(AnyFunSuiteLike.scala:218)
[info]   at org.scalatest.funsuite.AnyFunSuite.runTest(AnyFunSuite.scala:1564)
[info]   at org.scalatest.funsuite.AnyFunSuiteLike.$anonfun$runTests$1(AnyFunSuiteLike.scala:269)
[info]   at org.scalatest.SuperEngine.$anonfun$runTestsInBranch$1(Engine.scala:413)
[info]   at scala.collection.immutable.List.foreach(List.scala:334)
[info]   at org.scalatest.SuperEngine.traverseSubNodes$1(Engine.scala:401)
[info]   at org.scalatest.SuperEngine.runTestsInBranch(Engine.scala:396)
[info]   at org.scalatest.SuperEngine.runTestsImpl(Engine.scala:475)
[info]   at org.scalatest.funsuite.AnyFunSuiteLike.runTests(AnyFunSuiteLike.scala:269)
[info]   at org.scalatest.funsuite.AnyFunSuiteLike.runTests$(AnyFunSuiteLike.scala:268)
[info]   at org.scalatest.funsuite.AnyFunSuite.runTests(AnyFunSuite.scala:1564)
[info]   at org.scalatest.Suite.run(Suite.scala:1114)
[info]   at org.scalatest.Suite.run$(Suite.scala:1096)
[info]   at org.scalatest.funsuite.AnyFunSuite.org$scalatest$funsuite$AnyFunSuiteLike$$super$run(AnyFunSuite.scala:1564)
[info]   at org.scalatest.funsuite.AnyFunSuiteLike.$anonfun$run$1(AnyFunSuiteLike.scala:273)
[info]   at org.scalatest.SuperEngine.runImpl(Engine.scala:535)
[info]   at org.scalatest.funsuite.AnyFunSuiteLike.run(AnyFunSuiteLike.scala:273)
[info]   at org.scalatest.funsuite.AnyFunSuiteLike.run$(AnyFunSuiteLike.scala:272)
[info]   at frameless.TypedDatasetSuite.org$scalatest$BeforeAndAfterAll$$super$run(TypedDatasetSuite.scala:63)
[info]   at org.scalatest.BeforeAndAfterAll.liftedTree1$1(BeforeAndAfterAll.scala:213)
[info]   at org.scalatest.BeforeAndAfterAll.run(BeforeAndAfterAll.scala:210)
[info]   at org.scalatest.BeforeAndAfterAll.run$(BeforeAndAfterAll.scala:208)
[info]   at frameless.TypedDatasetSuite.run(TypedDatasetSuite.scala:63)
[info]   at org.scalatest.tools.Framework.org$scalatest$tools$Framework$$runSuite(Framework.scala:321)
[info]   at org.scalatest.tools.Framework$ScalaTestTask.execute(Framework.scala:517)
[info]   at sbt.ForkMain$Run.lambda$runTest$1(ForkMain.java:414)
[info]   at java.base/java.util.concurrent.FutureTask.run(FutureTask.java:317)
[info]   at java.base/java.util.concurrent.ThreadPoolExecutor.runWorker(ThreadPoolExecutor.java:1144)
[info]   at java.base/java.util.concurrent.ThreadPoolExecutor$Worker.run(ThreadPoolExecutor.java:642)
[info]   at java.base/java.lang.Thread.run(Thread.java:1583)
[info]   Cause: java.lang.ClassCastException: Cannot cast scala.reflect.ClassTag$GenericClassTag to org.apache.spark.sql.catalyst.expressions.Expression
[info]   at java.base/java.lang.Class.cast(Class.java:4067)
[info]   at java.base/jdk.internal.reflect.DirectConstructorHandleAccessor.newInstance(DirectConstructorHandleAccessor.java:62)
[info]   at java.base/java.lang.reflect.Constructor.newInstanceWithCaller(Constructor.java:502)
[info]   at java.base/java.lang.reflect.Constructor.newInstance(Constructor.java:486)
[info]   at frameless.TypedExpressionEncoder$.$anonfun$apply$3(TypedExpressionEncoder.scala:55)
[info]   at scala.Option.map(Option.scala:242)
[info]   at frameless.TypedExpressionEncoder$.apply(TypedExpressionEncoder.scala:54)
[info]   at frameless.TypedDataset$.create(TypedDataset.scala:1325)
[info]   at frameless.WithColumnTest.prop$2(WithColumnTest.scala:58)
[info]   at frameless.WithColumnTest.$anonfun$new$93(WithColumnTest.scala:67)
[info]   at frameless.WithColumnTest.$anonfun$new$93$adapted(WithColumnTest.scala:67)
[info]   at org.scalacheck.Prop$.$anonfun$forAll$18(Prop.scala:1131)
[info]   at scala.Function1.$anonfun$andThen$1(Function1.scala:87)
[info]   at org.scalacheck.Prop$.$anonfun$forAllShrink$2(Prop.scala:868)
[info]   at org.scalacheck.Prop$.secure(Prop.scala:484)
[info]   at org.scalacheck.Prop$.result$1(Prop.scala:868)
[info]   at org.scalacheck.Prop$.$anonfun$forAllShrink$4(Prop.scala:880)
[info]   at scala.collection.immutable.Stream.map(Stream.scala:173)
[info]   at org.scalacheck.Prop$.getFirstFailure$1(Prop.scala:880)
[info]   at org.scalacheck.Prop$.shrinker$1(Prop.scala:895)
[info]   at org.scalacheck.Prop$.$anonfun$forAllShrink$1(Prop.scala:916)
[info]   at org.scalacheck.Prop$.$anonfun$apply$1(Prop.scala:305)
[info]   at org.scalacheck.PropFromFun.apply(Prop.scala:20)
[info]   at org.scalacheck.Prop$.result$1(Prop.scala:869)
[info]   at org.scalacheck.Prop$.$anonfun$forAllShrink$4(Prop.scala:880)
[info]   at scala.collection.immutable.Stream.map(Stream.scala:173)
[info]   at org.scalacheck.Prop$.getFirstFailure$1(Prop.scala:880)
[info]   at org.scalacheck.Prop$.shrinker$1(Prop.scala:895)
[info]   at org.scalacheck.Prop$.$anonfun$forAllShrink$1(Prop.scala:916)
[info]   at org.scalacheck.Prop$.$anonfun$apply$1(Prop.scala:305)
[info]   at org.scalacheck.PropFromFun.apply(Prop.scala:20)
[info]   at org.scalacheck.Test$.workerFun$1(Test.scala:486)
[info]   at org.scalacheck.Test$.$anonfun$check$4(Test.scala:518)
[info]   at org.scalacheck.Test$.$anonfun$check$4$adapted(Test.scala:518)
[info]   at org.scalacheck.Platform$.runWorkers(Platform.scala:42)
[info]   at org.scalacheck.Test$.check(Test.scala:518)
[info]   at org.scalatestplus.scalacheck.UnitCheckerAsserting$CheckerAssertingImpl.check(CheckerAsserting.scala:90)
[info]   at org.scalatestplus.scalacheck.Checkers.check(Checkers.scala:263)
[info]   at org.scalatestplus.scalacheck.Checkers.check$(Checkers.scala:253)
[info]   at frameless.TypedDatasetSuite.check(TypedDatasetSuite.scala:63)
[info]   at frameless.WithColumnTest.$anonfun$new$82(WithColumnTest.scala:67)
[info]   at org.scalatest.OutcomeOf.outcomeOf(OutcomeOf.scala:85)
[info]   at org.scalatest.OutcomeOf.outcomeOf$(OutcomeOf.scala:83)
[info]   at org.scalatest.OutcomeOf$.outcomeOf(OutcomeOf.scala:104)
[info]   at org.scalatest.Transformer.apply(Transformer.scala:22)
[info]   at org.scalatest.Transformer.apply(Transformer.scala:20)
[info]   at org.scalatest.funsuite.AnyFunSuiteLike$$anon$1.apply(AnyFunSuiteLike.scala:226)
[info]   at org.scalatest.TestSuite.withFixture(TestSuite.scala:196)
[info]   at org.scalatest.TestSuite.withFixture$(TestSuite.scala:195)
[info]   at org.scalatest.funsuite.AnyFunSuite.withFixture(AnyFunSuite.scala:1564)
[info]   at org.scalatest.funsuite.AnyFunSuiteLike.invokeWithFixture$1(AnyFunSuiteLike.scala:224)
[info]   at org.scalatest.funsuite.AnyFunSuiteLike.$anonfun$runTest$1(AnyFunSuiteLike.scala:236)
[info]   at org.scalatest.SuperEngine.runTestImpl(Engine.scala:306)
[info]   at org.scalatest.funsuite.AnyFunSuiteLike.runTest(AnyFunSuiteLike.scala:236)
[info]   at org.scalatest.funsuite.AnyFunSuiteLike.runTest$(AnyFunSuiteLike.scala:218)
[info]   at org.scalatest.funsuite.AnyFunSuite.runTest(AnyFunSuite.scala:1564)
[info]   at org.scalatest.funsuite.AnyFunSuiteLike.$anonfun$runTests$1(AnyFunSuiteLike.scala:269)
[info]   at org.scalatest.SuperEngine.$anonfun$runTestsInBranch$1(Engine.scala:413)
[info]   at scala.collection.immutable.List.foreach(List.scala:334)
[info]   at org.scalatest.SuperEngine.traverseSubNodes$1(Engine.scala:401)
[info]   at org.scalatest.SuperEngine.runTestsInBranch(Engine.scala:396)
[info]   at org.scalatest.SuperEngine.runTestsImpl(Engine.scala:475)
[info]   at org.scalatest.funsuite.AnyFunSuiteLike.runTests(AnyFunSuiteLike.scala:269)
[info]   at org.scalatest.funsuite.AnyFunSuiteLike.runTests$(AnyFunSuiteLike.scala:268)
[info]   at org.scalatest.funsuite.AnyFunSuite.runTests(AnyFunSuite.scala:1564)
[info]   at org.scalatest.Suite.run(Suite.scala:1114)
[info]   at org.scalatest.Suite.run$(Suite.scala:1096)
[info]   at org.scalatest.funsuite.AnyFunSuite.org$scalatest$funsuite$AnyFunSuiteLike$$super$run(AnyFunSuite.scala:1564)
[info]   at org.scalatest.funsuite.AnyFunSuiteLike.$anonfun$run$1(AnyFunSuiteLike.scala:273)
[info]   at org.scalatest.SuperEngine.runImpl(Engine.scala:535)
[info]   at org.scalatest.funsuite.AnyFunSuiteLike.run(AnyFunSuiteLike.scala:273)
[info]   at org.scalatest.funsuite.AnyFunSuiteLike.run$(AnyFunSuiteLike.scala:272)
[info]   at frameless.TypedDatasetSuite.org$scalatest$BeforeAndAfterAll$$super$run(TypedDatasetSuite.scala:63)
[info]   at org.scalatest.BeforeAndAfterAll.liftedTree1$1(BeforeAndAfterAll.scala:213)
[info]   at org.scalatest.BeforeAndAfterAll.run(BeforeAndAfterAll.scala:210)
[info]   at org.scalatest.BeforeAndAfterAll.run$(BeforeAndAfterAll.scala:208)
[info]   at frameless.TypedDatasetSuite.run(TypedDatasetSuite.scala:63)
[info]   at org.scalatest.tools.Framework.org$scalatest$tools$Framework$$runSuite(Framework.scala:321)
[info]   at org.scalatest.tools.Framework$ScalaTestTask.execute(Framework.scala:517)
[info]   at sbt.ForkMain$Run.lambda$runTest$1(ForkMain.java:414)
[info]   at java.base/java.util.concurrent.FutureTask.run(FutureTask.java:317)
[info]   at java.base/java.util.concurrent.ThreadPoolExecutor.runWorker(ThreadPoolExecutor.java:1144)
[info]   at java.base/java.util.concurrent.ThreadPoolExecutor$Worker.run(ThreadPoolExecutor.java:642)
[info]   at java.base/java.lang.Thread.run(Thread.java:1583)
[info] IsLocalTests:
[info] - isLocal *** FAILED *** (0 milliseconds)
[info]   IllegalArgumentException was thrown during property evaluation.
[info]     Message: argument type mismatch
[info]     Occurred when passed generated values (
[info]       arg0 = Vector()
[info]     )
[info]   org.scalatest.exceptions.GeneratorDrivenPropertyCheckFailedException:
[info]   at org.scalatestplus.scalacheck.CheckerAsserting$$anon$2.indicateFailure(CheckerAsserting.scala:251)
[info]   at org.scalatestplus.scalacheck.CheckerAsserting$$anon$2.indicateFailure(CheckerAsserting.scala:238)
[info]   at org.scalatestplus.scalacheck.UnitCheckerAsserting$CheckerAssertingImpl.check(CheckerAsserting.scala:160)
[info]   at org.scalatestplus.scalacheck.Checkers.check(Checkers.scala:371)
[info]   at org.scalatestplus.scalacheck.Checkers.check$(Checkers.scala:369)
[info]   at frameless.TypedDatasetSuite.check(TypedDatasetSuite.scala:63)
[info]   at frameless.IsLocalTests.$anonfun$new$1(IsLocalTests.scala:14)
[info]   at org.scalatest.OutcomeOf.outcomeOf(OutcomeOf.scala:85)
[info]   at org.scalatest.OutcomeOf.outcomeOf$(OutcomeOf.scala:83)
[info]   at org.scalatest.OutcomeOf$.outcomeOf(OutcomeOf.scala:104)
[info]   at org.scalatest.Transformer.apply(Transformer.scala:22)
[info]   at org.scalatest.Transformer.apply(Transformer.scala:20)
[info]   at org.scalatest.funsuite.AnyFunSuiteLike$$anon$1.apply(AnyFunSuiteLike.scala:226)
[info]   at org.scalatest.TestSuite.withFixture(TestSuite.scala:196)
[info]   at org.scalatest.TestSuite.withFixture$(TestSuite.scala:195)
[info]   at org.scalatest.funsuite.AnyFunSuite.withFixture(AnyFunSuite.scala:1564)
[info]   at org.scalatest.funsuite.AnyFunSuiteLike.invokeWithFixture$1(AnyFunSuiteLike.scala:224)
[info]   at org.scalatest.funsuite.AnyFunSuiteLike.$anonfun$runTest$1(AnyFunSuiteLike.scala:236)
[info]   at org.scalatest.SuperEngine.runTestImpl(Engine.scala:306)
[info]   at org.scalatest.funsuite.AnyFunSuiteLike.runTest(AnyFunSuiteLike.scala:236)
[info]   at org.scalatest.funsuite.AnyFunSuiteLike.runTest$(AnyFunSuiteLike.scala:218)
[info]   at org.scalatest.funsuite.AnyFunSuite.runTest(AnyFunSuite.scala:1564)
[info]   at org.scalatest.funsuite.AnyFunSuiteLike.$anonfun$runTests$1(AnyFunSuiteLike.scala:269)
[info]   at org.scalatest.SuperEngine.$anonfun$runTestsInBranch$1(Engine.scala:413)
[info]   at scala.collection.immutable.List.foreach(List.scala:334)
[info]   at org.scalatest.SuperEngine.traverseSubNodes$1(Engine.scala:401)
[info]   at org.scalatest.SuperEngine.runTestsInBranch(Engine.scala:396)
[info]   at org.scalatest.SuperEngine.runTestsImpl(Engine.scala:475)
[info]   at org.scalatest.funsuite.AnyFunSuiteLike.runTests(AnyFunSuiteLike.scala:269)
[info]   at org.scalatest.funsuite.AnyFunSuiteLike.runTests$(AnyFunSuiteLike.scala:268)
[info]   at org.scalatest.funsuite.AnyFunSuite.runTests(AnyFunSuite.scala:1564)
[info]   at org.scalatest.Suite.run(Suite.scala:1114)
[info]   at org.scalatest.Suite.run$(Suite.scala:1096)
[info]   at org.scalatest.funsuite.AnyFunSuite.org$scalatest$funsuite$AnyFunSuiteLike$$super$run(AnyFunSuite.scala:1564)
[info]   at org.scalatest.funsuite.AnyFunSuiteLike.$anonfun$run$1(AnyFunSuiteLike.scala:273)
[info]   at org.scalatest.SuperEngine.runImpl(Engine.scala:535)
[info]   at org.scalatest.funsuite.AnyFunSuiteLike.run(AnyFunSuiteLike.scala:273)
[info]   at org.scalatest.funsuite.AnyFunSuiteLike.run$(AnyFunSuiteLike.scala:272)
[info]   at frameless.TypedDatasetSuite.org$scalatest$BeforeAndAfterAll$$super$run(TypedDatasetSuite.scala:63)
[info]   at org.scalatest.BeforeAndAfterAll.liftedTree1$1(BeforeAndAfterAll.scala:213)
[info]   at org.scalatest.BeforeAndAfterAll.run(BeforeAndAfterAll.scala:210)
[info]   at org.scalatest.BeforeAndAfterAll.run$(BeforeAndAfterAll.scala:208)
[info]   at frameless.TypedDatasetSuite.run(TypedDatasetSuite.scala:63)
[info]   at org.scalatest.tools.Framework.org$scalatest$tools$Framework$$runSuite(Framework.scala:321)
[info]   at org.scalatest.tools.Framework$ScalaTestTask.execute(Framework.scala:517)
[info]   at sbt.ForkMain$Run.lambda$runTest$1(ForkMain.java:414)
[info]   at java.base/java.util.concurrent.FutureTask.run(FutureTask.java:317)
[info]   at java.base/java.util.concurrent.ThreadPoolExecutor.runWorker(ThreadPoolExecutor.java:1144)
[info]   at java.base/java.util.concurrent.ThreadPoolExecutor$Worker.run(ThreadPoolExecutor.java:642)
[info]   at java.base/java.lang.Thread.run(Thread.java:1583)
[info]   Cause: java.lang.IllegalArgumentException: argument type mismatch
[info]   at java.base/jdk.internal.reflect.DirectConstructorHandleAccessor.newInstance(DirectConstructorHandleAccessor.java:65)
[info]   at java.base/java.lang.reflect.Constructor.newInstanceWithCaller(Constructor.java:502)
[info]   at java.base/java.lang.reflect.Constructor.newInstance(Constructor.java:486)
[info]   at frameless.TypedExpressionEncoder$.$anonfun$apply$3(TypedExpressionEncoder.scala:55)
[info]   at scala.Option.map(Option.scala:242)
[info]   at frameless.TypedExpressionEncoder$.apply(TypedExpressionEncoder.scala:54)
[info]   at frameless.TypedDataset$.create(TypedDataset.scala:1325)
[info]   at frameless.IsLocalTests.prop$1(IsLocalTests.scala:9)
[info]   at frameless.IsLocalTests.$anonfun$new$4(IsLocalTests.scala:14)
[info]   at scala.Function1.$anonfun$andThen$1(Function1.scala:87)
[info]   at org.scalacheck.Prop$.$anonfun$forAllShrink$2(Prop.scala:868)
[info]   at org.scalacheck.Prop$.secure(Prop.scala:484)
[info]   at org.scalacheck.Prop$.result$1(Prop.scala:868)
[info]   at org.scalacheck.Prop$.$anonfun$forAllShrink$1(Prop.scala:915)
[info]   at org.scalacheck.Prop$.$anonfun$apply$1(Prop.scala:305)
[info]   at org.scalacheck.PropFromFun.apply(Prop.scala:20)
[info]   at org.scalacheck.Test$.workerFun$1(Test.scala:486)
[info]   at org.scalacheck.Test$.$anonfun$check$4(Test.scala:518)
[info]   at org.scalacheck.Test$.$anonfun$check$4$adapted(Test.scala:518)
[info]   at org.scalacheck.Platform$.runWorkers(Platform.scala:42)
[info]   at org.scalacheck.Test$.check(Test.scala:518)
[info]   at org.scalatestplus.scalacheck.UnitCheckerAsserting$CheckerAssertingImpl.check(CheckerAsserting.scala:90)
[info]   at org.scalatestplus.scalacheck.Checkers.check(Checkers.scala:371)
[info]   at org.scalatestplus.scalacheck.Checkers.check$(Checkers.scala:369)
[info]   at frameless.TypedDatasetSuite.check(TypedDatasetSuite.scala:63)
[info]   at frameless.IsLocalTests.$anonfun$new$1(IsLocalTests.scala:14)
[info]   at org.scalatest.OutcomeOf.outcomeOf(OutcomeOf.scala:85)
[info]   at org.scalatest.OutcomeOf.outcomeOf$(OutcomeOf.scala:83)
[info]   at org.scalatest.OutcomeOf$.outcomeOf(OutcomeOf.scala:104)
[info]   at org.scalatest.Transformer.apply(Transformer.scala:22)
[info]   at org.scalatest.Transformer.apply(Transformer.scala:20)
[info]   at org.scalatest.funsuite.AnyFunSuiteLike$$anon$1.apply(AnyFunSuiteLike.scala:226)
[info]   at org.scalatest.TestSuite.withFixture(TestSuite.scala:196)
[info]   at org.scalatest.TestSuite.withFixture$(TestSuite.scala:195)
[info]   at org.scalatest.funsuite.AnyFunSuite.withFixture(AnyFunSuite.scala:1564)
[info]   at org.scalatest.funsuite.AnyFunSuiteLike.invokeWithFixture$1(AnyFunSuiteLike.scala:224)
[info]   at org.scalatest.funsuite.AnyFunSuiteLike.$anonfun$runTest$1(AnyFunSuiteLike.scala:236)
[info]   at org.scalatest.SuperEngine.runTestImpl(Engine.scala:306)
[info]   at org.scalatest.funsuite.AnyFunSuiteLike.runTest(AnyFunSuiteLike.scala:236)
[info]   at org.scalatest.funsuite.AnyFunSuiteLike.runTest$(AnyFunSuiteLike.scala:218)
[info]   at org.scalatest.funsuite.AnyFunSuite.runTest(AnyFunSuite.scala:1564)
[info]   at org.scalatest.funsuite.AnyFunSuiteLike.$anonfun$runTests$1(AnyFunSuiteLike.scala:269)
[info]   at org.scalatest.SuperEngine.$anonfun$runTestsInBranch$1(Engine.scala:413)
[info]   at scala.collection.immutable.List.foreach(List.scala:334)
[info]   at org.scalatest.SuperEngine.traverseSubNodes$1(Engine.scala:401)
[info]   at org.scalatest.SuperEngine.runTestsInBranch(Engine.scala:396)
[info]   at org.scalatest.SuperEngine.runTestsImpl(Engine.scala:475)
[info]   at org.scalatest.funsuite.AnyFunSuiteLike.runTests(AnyFunSuiteLike.scala:269)
[info]   at org.scalatest.funsuite.AnyFunSuiteLike.runTests$(AnyFunSuiteLike.scala:268)
[info]   at org.scalatest.funsuite.AnyFunSuite.runTests(AnyFunSuite.scala:1564)
[info]   at org.scalatest.Suite.run(Suite.scala:1114)
[info]   at org.scalatest.Suite.run$(Suite.scala:1096)
[info]   at org.scalatest.funsuite.AnyFunSuite.org$scalatest$funsuite$AnyFunSuiteLike$$super$run(AnyFunSuite.scala:1564)
[info]   at org.scalatest.funsuite.AnyFunSuiteLike.$anonfun$run$1(AnyFunSuiteLike.scala:273)
[info]   at org.scalatest.SuperEngine.runImpl(Engine.scala:535)
[info]   at org.scalatest.funsuite.AnyFunSuiteLike.run(AnyFunSuiteLike.scala:273)
[info]   at org.scalatest.funsuite.AnyFunSuiteLike.run$(AnyFunSuiteLike.scala:272)
[info]   at frameless.TypedDatasetSuite.org$scalatest$BeforeAndAfterAll$$super$run(TypedDatasetSuite.scala:63)
[info]   at org.scalatest.BeforeAndAfterAll.liftedTree1$1(BeforeAndAfterAll.scala:213)
[info]   at org.scalatest.BeforeAndAfterAll.run(BeforeAndAfterAll.scala:210)
[info]   at org.scalatest.BeforeAndAfterAll.run$(BeforeAndAfterAll.scala:208)
[info]   at frameless.TypedDatasetSuite.run(TypedDatasetSuite.scala:63)
[info]   at org.scalatest.tools.Framework.org$scalatest$tools$Framework$$runSuite(Framework.scala:321)
[info]   at org.scalatest.tools.Framework$ScalaTestTask.execute(Framework.scala:517)
[info]   at sbt.ForkMain$Run.lambda$runTest$1(ForkMain.java:414)
[info]   at java.base/java.util.concurrent.FutureTask.run(FutureTask.java:317)
[info]   at java.base/java.util.concurrent.ThreadPoolExecutor.runWorker(ThreadPoolExecutor.java:1144)
[info]   at java.base/java.util.concurrent.ThreadPoolExecutor$Worker.run(ThreadPoolExecutor.java:642)
[info]   at java.base/java.lang.Thread.run(Thread.java:1583)
[info]   Cause: java.lang.ClassCastException: Cannot cast scala.reflect.ManifestFactory$IntManifest to org.apache.spark.sql.catalyst.expressions.Expression
[info]   at java.base/java.lang.Class.cast(Class.java:4067)
[info]   at java.base/jdk.internal.reflect.DirectConstructorHandleAccessor.newInstance(DirectConstructorHandleAccessor.java:62)
[info]   at java.base/java.lang.reflect.Constructor.newInstanceWithCaller(Constructor.java:502)
[info]   at java.base/java.lang.reflect.Constructor.newInstance(Constructor.java:486)
[info]   at frameless.TypedExpressionEncoder$.$anonfun$apply$3(TypedExpressionEncoder.scala:55)
[info]   at scala.Option.map(Option.scala:242)
[info]   at frameless.TypedExpressionEncoder$.apply(TypedExpressionEncoder.scala:54)
[info]   at frameless.TypedDataset$.create(TypedDataset.scala:1325)
[info]   at frameless.IsLocalTests.prop$1(IsLocalTests.scala:9)
[info]   at frameless.IsLocalTests.$anonfun$new$4(IsLocalTests.scala:14)
[info]   at scala.Function1.$anonfun$andThen$1(Function1.scala:87)
[info]   at org.scalacheck.Prop$.$anonfun$forAllShrink$2(Prop.scala:868)
[info]   at org.scalacheck.Prop$.secure(Prop.scala:484)
[info]   at org.scalacheck.Prop$.result$1(Prop.scala:868)
[info]   at org.scalacheck.Prop$.$anonfun$forAllShrink$1(Prop.scala:915)
[info]   at org.scalacheck.Prop$.$anonfun$apply$1(Prop.scala:305)
[info]   at org.scalacheck.PropFromFun.apply(Prop.scala:20)
[info]   at org.scalacheck.Test$.workerFun$1(Test.scala:486)
[info]   at org.scalacheck.Test$.$anonfun$check$4(Test.scala:518)
[info]   at org.scalacheck.Test$.$anonfun$check$4$adapted(Test.scala:518)
[info]   at org.scalacheck.Platform$.runWorkers(Platform.scala:42)
[info]   at org.scalacheck.Test$.check(Test.scala:518)
[info]   at org.scalatestplus.scalacheck.UnitCheckerAsserting$CheckerAssertingImpl.check(CheckerAsserting.scala:90)
[info]   at org.scalatestplus.scalacheck.Checkers.check(Checkers.scala:371)
[info]   at org.scalatestplus.scalacheck.Checkers.check$(Checkers.scala:369)
[info]   at frameless.TypedDatasetSuite.check(TypedDatasetSuite.scala:63)
[info]   at frameless.IsLocalTests.$anonfun$new$1(IsLocalTests.scala:14)
[info]   at org.scalatest.OutcomeOf.outcomeOf(OutcomeOf.scala:85)
[info]   at org.scalatest.OutcomeOf.outcomeOf$(OutcomeOf.scala:83)
[info]   at org.scalatest.OutcomeOf$.outcomeOf(OutcomeOf.scala:104)
[info]   at org.scalatest.Transformer.apply(Transformer.scala:22)
[info]   at org.scalatest.Transformer.apply(Transformer.scala:20)
[info]   at org.scalatest.funsuite.AnyFunSuiteLike$$anon$1.apply(AnyFunSuiteLike.scala:226)
[info]   at org.scalatest.TestSuite.withFixture(TestSuite.scala:196)
[info]   at org.scalatest.TestSuite.withFixture$(TestSuite.scala:195)
[info]   at org.scalatest.funsuite.AnyFunSuite.withFixture(AnyFunSuite.scala:1564)
[info]   at org.scalatest.funsuite.AnyFunSuiteLike.invokeWithFixture$1(AnyFunSuiteLike.scala:224)
[info]   at org.scalatest.funsuite.AnyFunSuiteLike.$anonfun$runTest$1(AnyFunSuiteLike.scala:236)
[info]   at org.scalatest.SuperEngine.runTestImpl(Engine.scala:306)
[info]   at org.scalatest.funsuite.AnyFunSuiteLike.runTest(AnyFunSuiteLike.scala:236)
[info]   at org.scalatest.funsuite.AnyFunSuiteLike.runTest$(AnyFunSuiteLike.scala:218)
[info]   at org.scalatest.funsuite.AnyFunSuite.runTest(AnyFunSuite.scala:1564)
[info]   at org.scalatest.funsuite.AnyFunSuiteLike.$anonfun$runTests$1(AnyFunSuiteLike.scala:269)
[info]   at org.scalatest.SuperEngine.$anonfun$runTestsInBranch$1(Engine.scala:413)
[info]   at scala.collection.immutable.List.foreach(List.scala:334)
[info]   at org.scalatest.SuperEngine.traverseSubNodes$1(Engine.scala:401)
[info]   at org.scalatest.SuperEngine.runTestsInBranch(Engine.scala:396)
[info]   at org.scalatest.SuperEngine.runTestsImpl(Engine.scala:475)
[info]   at org.scalatest.funsuite.AnyFunSuiteLike.runTests(AnyFunSuiteLike.scala:269)
[info]   at org.scalatest.funsuite.AnyFunSuiteLike.runTests$(AnyFunSuiteLike.scala:268)
[info]   at org.scalatest.funsuite.AnyFunSuite.runTests(AnyFunSuite.scala:1564)
[info]   at org.scalatest.Suite.run(Suite.scala:1114)
[info]   at org.scalatest.Suite.run$(Suite.scala:1096)
[info]   at org.scalatest.funsuite.AnyFunSuite.org$scalatest$funsuite$AnyFunSuiteLike$$super$run(AnyFunSuite.scala:1564)
[info]   at org.scalatest.funsuite.AnyFunSuiteLike.$anonfun$run$1(AnyFunSuiteLike.scala:273)
[info]   at org.scalatest.SuperEngine.runImpl(Engine.scala:535)
[info]   at org.scalatest.funsuite.AnyFunSuiteLike.run(AnyFunSuiteLike.scala:273)
[info]   at org.scalatest.funsuite.AnyFunSuiteLike.run$(AnyFunSuiteLike.scala:272)
[info]   at frameless.TypedDatasetSuite.org$scalatest$BeforeAndAfterAll$$super$run(TypedDatasetSuite.scala:63)
[info]   at org.scalatest.BeforeAndAfterAll.liftedTree1$1(BeforeAndAfterAll.scala:213)
[info]   at org.scalatest.BeforeAndAfterAll.run(BeforeAndAfterAll.scala:210)
[info]   at org.scalatest.BeforeAndAfterAll.run$(BeforeAndAfterAll.scala:208)
[info]   at frameless.TypedDatasetSuite.run(TypedDatasetSuite.scala:63)
[info]   at org.scalatest.tools.Framework.org$scalatest$tools$Framework$$runSuite(Framework.scala:321)
[info]   at org.scalatest.tools.Framework$ScalaTestTask.execute(Framework.scala:517)
[info]   at sbt.ForkMain$Run.lambda$runTest$1(ForkMain.java:414)
[info]   at java.base/java.util.concurrent.FutureTask.run(FutureTask.java:317)
[info]   at java.base/java.util.concurrent.ThreadPoolExecutor.runWorker(ThreadPoolExecutor.java:1144)
[info]   at java.base/java.util.concurrent.ThreadPoolExecutor$Worker.run(ThreadPoolExecutor.java:642)
[info]   at java.base/java.lang.Thread.run(Thread.java:1583)
[info] FlatMapTests:
[info] - flatMap *** FAILED *** (1 millisecond)
[info]   IllegalArgumentException was thrown during property evaluation.
[info]     Message: argument type mismatch
[info]     Occurred when passed generated values (
[info]       arg0 = org.scalacheck.GenArities$$Lambda/0x0000017ec48a4800@2685cd91,
[info]       arg1 = Vector()
[info]     )
[info]   org.scalatest.exceptions.GeneratorDrivenPropertyCheckFailedException:
[info]   at org.scalatestplus.scalacheck.CheckerAsserting$$anon$2.indicateFailure(CheckerAsserting.scala:251)
[info]   at org.scalatestplus.scalacheck.CheckerAsserting$$anon$2.indicateFailure(CheckerAsserting.scala:238)
[info]   at org.scalatestplus.scalacheck.UnitCheckerAsserting$CheckerAssertingImpl.check(CheckerAsserting.scala:160)
[info]   at org.scalatestplus.scalacheck.Checkers.check(Checkers.scala:371)
[info]   at org.scalatestplus.scalacheck.Checkers.check$(Checkers.scala:369)
[info]   at frameless.TypedDatasetSuite.check(TypedDatasetSuite.scala:63)
[info]   at frameless.ops.deserialized.FlatMapTests.$anonfun$new$1(FlatMapTests.scala:16)
[info]   at org.scalatest.OutcomeOf.outcomeOf(OutcomeOf.scala:85)
[info]   at org.scalatest.OutcomeOf.outcomeOf$(OutcomeOf.scala:83)
[info]   at org.scalatest.OutcomeOf$.outcomeOf(OutcomeOf.scala:104)
[info]   at org.scalatest.Transformer.apply(Transformer.scala:22)
[info]   at org.scalatest.Transformer.apply(Transformer.scala:20)
[info]   at org.scalatest.funsuite.AnyFunSuiteLike$$anon$1.apply(AnyFunSuiteLike.scala:226)
[info]   at org.scalatest.TestSuite.withFixture(TestSuite.scala:196)
[info]   at org.scalatest.TestSuite.withFixture$(TestSuite.scala:195)
[info]   at org.scalatest.funsuite.AnyFunSuite.withFixture(AnyFunSuite.scala:1564)
[info]   at org.scalatest.funsuite.AnyFunSuiteLike.invokeWithFixture$1(AnyFunSuiteLike.scala:224)
[info]   at org.scalatest.funsuite.AnyFunSuiteLike.$anonfun$runTest$1(AnyFunSuiteLike.scala:236)
[info]   at org.scalatest.SuperEngine.runTestImpl(Engine.scala:306)
[info]   at org.scalatest.funsuite.AnyFunSuiteLike.runTest(AnyFunSuiteLike.scala:236)
[info]   at org.scalatest.funsuite.AnyFunSuiteLike.runTest$(AnyFunSuiteLike.scala:218)
[info]   at org.scalatest.funsuite.AnyFunSuite.runTest(AnyFunSuite.scala:1564)
[info]   at org.scalatest.funsuite.AnyFunSuiteLike.$anonfun$runTests$1(AnyFunSuiteLike.scala:269)
[info]   at org.scalatest.SuperEngine.$anonfun$runTestsInBranch$1(Engine.scala:413)
[info]   at scala.collection.immutable.List.foreach(List.scala:334)
[info]   at org.scalatest.SuperEngine.traverseSubNodes$1(Engine.scala:401)
[info]   at org.scalatest.SuperEngine.runTestsInBranch(Engine.scala:396)
[info]   at org.scalatest.SuperEngine.runTestsImpl(Engine.scala:475)
[info]   at org.scalatest.funsuite.AnyFunSuiteLike.runTests(AnyFunSuiteLike.scala:269)
[info]   at org.scalatest.funsuite.AnyFunSuiteLike.runTests$(AnyFunSuiteLike.scala:268)
[info]   at org.scalatest.funsuite.AnyFunSuite.runTests(AnyFunSuite.scala:1564)
[info]   at org.scalatest.Suite.run(Suite.scala:1114)
[info]   at org.scalatest.Suite.run$(Suite.scala:1096)
[info]   at org.scalatest.funsuite.AnyFunSuite.org$scalatest$funsuite$AnyFunSuiteLike$$super$run(AnyFunSuite.scala:1564)
[info]   at org.scalatest.funsuite.AnyFunSuiteLike.$anonfun$run$1(AnyFunSuiteLike.scala:273)
[info]   at org.scalatest.SuperEngine.runImpl(Engine.scala:535)
[info]   at org.scalatest.funsuite.AnyFunSuiteLike.run(AnyFunSuiteLike.scala:273)
[info]   at org.scalatest.funsuite.AnyFunSuiteLike.run$(AnyFunSuiteLike.scala:272)
[info]   at frameless.TypedDatasetSuite.org$scalatest$BeforeAndAfterAll$$super$run(TypedDatasetSuite.scala:63)
[info]   at org.scalatest.BeforeAndAfterAll.liftedTree1$1(BeforeAndAfterAll.scala:213)
[info]   at org.scalatest.BeforeAndAfterAll.run(BeforeAndAfterAll.scala:210)
[info]   at org.scalatest.BeforeAndAfterAll.run$(BeforeAndAfterAll.scala:208)
[info]   at frameless.TypedDatasetSuite.run(TypedDatasetSuite.scala:63)
[info]   at org.scalatest.tools.Framework.org$scalatest$tools$Framework$$runSuite(Framework.scala:321)
[info]   at org.scalatest.tools.Framework$ScalaTestTask.execute(Framework.scala:517)
[info]   at sbt.ForkMain$Run.lambda$runTest$1(ForkMain.java:414)
[info]   at java.base/java.util.concurrent.FutureTask.run(FutureTask.java:317)
[info]   at java.base/java.util.concurrent.ThreadPoolExecutor.runWorker(ThreadPoolExecutor.java:1144)
[info]   at java.base/java.util.concurrent.ThreadPoolExecutor$Worker.run(ThreadPoolExecutor.java:642)
[info]   at java.base/java.lang.Thread.run(Thread.java:1583)
[info]   Cause: java.lang.IllegalArgumentException: argument type mismatch
[info]   at java.base/jdk.internal.reflect.DirectConstructorHandleAccessor.newInstance(DirectConstructorHandleAccessor.java:65)
[info]   at java.base/java.lang.reflect.Constructor.newInstanceWithCaller(Constructor.java:502)
[info]   at java.base/java.lang.reflect.Constructor.newInstance(Constructor.java:486)
[info]   at frameless.TypedExpressionEncoder$.$anonfun$apply$3(TypedExpressionEncoder.scala:55)
[info]   at scala.Option.map(Option.scala:242)
[info]   at frameless.TypedExpressionEncoder$.apply(TypedExpressionEncoder.scala:54)
[info]   at frameless.TypedDataset$.create(TypedDataset.scala:1325)
[info]   at frameless.ops.deserialized.FlatMapTests.$anonfun$new$2(FlatMapTests.scala:11)
[info]   at org.scalacheck.Prop$ExtendedAny.$eq$qmark(Prop.scala:332)
[info]   at frameless.ops.deserialized.FlatMapTests.prop$1(FlatMapTests.scala:14)
[info]   at frameless.ops.deserialized.FlatMapTests.$anonfun$new$4(FlatMapTests.scala:16)
[info]   at org.scalacheck.Prop$.$anonfun$forAll$18(Prop.scala:1131)
[info]   at scala.Function1.$anonfun$andThen$1(Function1.scala:87)
[info]   at org.scalacheck.Prop$.$anonfun$forAllShrink$2(Prop.scala:868)
[info]   at org.scalacheck.Prop$.secure(Prop.scala:484)
[info]   at org.scalacheck.Prop$.result$1(Prop.scala:868)
[info]   at org.scalacheck.Prop$.$anonfun$forAllShrink$1(Prop.scala:915)
[info]   at org.scalacheck.Prop$.$anonfun$apply$1(Prop.scala:305)
[info]   at org.scalacheck.PropFromFun.apply(Prop.scala:20)
[info]   at org.scalacheck.Prop$.result$1(Prop.scala:869)
[info]   at org.scalacheck.Prop$.$anonfun$forAllShrink$1(Prop.scala:915)
[info]   at org.scalacheck.Prop$.$anonfun$apply$1(Prop.scala:305)
[info]   at org.scalacheck.PropFromFun.apply(Prop.scala:20)
[info]   at org.scalacheck.Test$.workerFun$1(Test.scala:486)
[info]   at org.scalacheck.Test$.$anonfun$check$4(Test.scala:518)
[info]   at org.scalacheck.Test$.$anonfun$check$4$adapted(Test.scala:518)
[info]   at org.scalacheck.Platform$.runWorkers(Platform.scala:42)
[info]   at org.scalacheck.Test$.check(Test.scala:518)
[info]   at org.scalatestplus.scalacheck.UnitCheckerAsserting$CheckerAssertingImpl.check(CheckerAsserting.scala:90)
[info]   at org.scalatestplus.scalacheck.Checkers.check(Checkers.scala:371)
[info]   at org.scalatestplus.scalacheck.Checkers.check$(Checkers.scala:369)
[info]   at frameless.TypedDatasetSuite.check(TypedDatasetSuite.scala:63)
[info]   at frameless.ops.deserialized.FlatMapTests.$anonfun$new$1(FlatMapTests.scala:16)
[info]   at org.scalatest.OutcomeOf.outcomeOf(OutcomeOf.scala:85)
[info]   at org.scalatest.OutcomeOf.outcomeOf$(OutcomeOf.scala:83)
[info]   at org.scalatest.OutcomeOf$.outcomeOf(OutcomeOf.scala:104)
[info]   at org.scalatest.Transformer.apply(Transformer.scala:22)
[info]   at org.scalatest.Transformer.apply(Transformer.scala:20)
[info]   at org.scalatest.funsuite.AnyFunSuiteLike$$anon$1.apply(AnyFunSuiteLike.scala:226)
[info]   at org.scalatest.TestSuite.withFixture(TestSuite.scala:196)
[info]   at org.scalatest.TestSuite.withFixture$(TestSuite.scala:195)
[info]   at org.scalatest.funsuite.AnyFunSuite.withFixture(AnyFunSuite.scala:1564)
[info]   at org.scalatest.funsuite.AnyFunSuiteLike.invokeWithFixture$1(AnyFunSuiteLike.scala:224)
[info]   at org.scalatest.funsuite.AnyFunSuiteLike.$anonfun$runTest$1(AnyFunSuiteLike.scala:236)
[info]   at org.scalatest.SuperEngine.runTestImpl(Engine.scala:306)
[info]   at org.scalatest.funsuite.AnyFunSuiteLike.runTest(AnyFunSuiteLike.scala:236)
[info]   at org.scalatest.funsuite.AnyFunSuiteLike.runTest$(AnyFunSuiteLike.scala:218)
[info]   at org.scalatest.funsuite.AnyFunSuite.runTest(AnyFunSuite.scala:1564)
[info]   at org.scalatest.funsuite.AnyFunSuiteLike.$anonfun$runTests$1(AnyFunSuiteLike.scala:269)
[info]   at org.scalatest.SuperEngine.$anonfun$runTestsInBranch$1(Engine.scala:413)
[info]   at scala.collection.immutable.List.foreach(List.scala:334)
[info]   at org.scalatest.SuperEngine.traverseSubNodes$1(Engine.scala:401)
[info]   at org.scalatest.SuperEngine.runTestsInBranch(Engine.scala:396)
[info]   at org.scalatest.SuperEngine.runTestsImpl(Engine.scala:475)
[info]   at org.scalatest.funsuite.AnyFunSuiteLike.runTests(AnyFunSuiteLike.scala:269)
[info]   at org.scalatest.funsuite.AnyFunSuiteLike.runTests$(AnyFunSuiteLike.scala:268)
[info]   at org.scalatest.funsuite.AnyFunSuite.runTests(AnyFunSuite.scala:1564)
[info]   at org.scalatest.Suite.run(Suite.scala:1114)
[info]   at org.scalatest.Suite.run$(Suite.scala:1096)
[info]   at org.scalatest.funsuite.AnyFunSuite.org$scalatest$funsuite$AnyFunSuiteLike$$super$run(AnyFunSuite.scala:1564)
[info]   at org.scalatest.funsuite.AnyFunSuiteLike.$anonfun$run$1(AnyFunSuiteLike.scala:273)
[info]   at org.scalatest.SuperEngine.runImpl(Engine.scala:535)
[info]   at org.scalatest.funsuite.AnyFunSuiteLike.run(AnyFunSuiteLike.scala:273)
[info]   at org.scalatest.funsuite.AnyFunSuiteLike.run$(AnyFunSuiteLike.scala:272)
[info]   at frameless.TypedDatasetSuite.org$scalatest$BeforeAndAfterAll$$super$run(TypedDatasetSuite.scala:63)
[info]   at org.scalatest.BeforeAndAfterAll.liftedTree1$1(BeforeAndAfterAll.scala:213)
[info]   at org.scalatest.BeforeAndAfterAll.run(BeforeAndAfterAll.scala:210)
[info]   at org.scalatest.BeforeAndAfterAll.run$(BeforeAndAfterAll.scala:208)
[info]   at frameless.TypedDatasetSuite.run(TypedDatasetSuite.scala:63)
[info]   at org.scalatest.tools.Framework.org$scalatest$tools$Framework$$runSuite(Framework.scala:321)
[info]   at org.scalatest.tools.Framework$ScalaTestTask.execute(Framework.scala:517)
[info]   at sbt.ForkMain$Run.lambda$runTest$1(ForkMain.java:414)
[info]   at java.base/java.util.concurrent.FutureTask.run(FutureTask.java:317)
[info]   at java.base/java.util.concurrent.ThreadPoolExecutor.runWorker(ThreadPoolExecutor.java:1144)
[info]   at java.base/java.util.concurrent.ThreadPoolExecutor$Worker.run(ThreadPoolExecutor.java:642)
[info]   at java.base/java.lang.Thread.run(Thread.java:1583)
[info]   Cause: java.lang.ClassCastException: Cannot cast scala.reflect.ManifestFactory$IntManifest to org.apache.spark.sql.catalyst.expressions.Expression
[info]   at java.base/java.lang.Class.cast(Class.java:4067)
[info]   at java.base/jdk.internal.reflect.DirectConstructorHandleAccessor.newInstance(DirectConstructorHandleAccessor.java:62)
[info]   at java.base/java.lang.reflect.Constructor.newInstanceWithCaller(Constructor.java:502)
[info]   at java.base/java.lang.reflect.Constructor.newInstance(Constructor.java:486)
[info]   at frameless.TypedExpressionEncoder$.$anonfun$apply$3(TypedExpressionEncoder.scala:55)
[info]   at scala.Option.map(Option.scala:242)
[info]   at frameless.TypedExpressionEncoder$.apply(TypedExpressionEncoder.scala:54)
[info]   at frameless.TypedDataset$.create(TypedDataset.scala:1325)
[info]   at frameless.ops.deserialized.FlatMapTests.$anonfun$new$2(FlatMapTests.scala:11)
[info]   at org.scalacheck.Prop$ExtendedAny.$eq$qmark(Prop.scala:332)
[info]   at frameless.ops.deserialized.FlatMapTests.prop$1(FlatMapTests.scala:14)
[info]   at frameless.ops.deserialized.FlatMapTests.$anonfun$new$4(FlatMapTests.scala:16)
[info]   at org.scalacheck.Prop$.$anonfun$forAll$18(Prop.scala:1131)
[info]   at scala.Function1.$anonfun$andThen$1(Function1.scala:87)
[info]   at org.scalacheck.Prop$.$anonfun$forAllShrink$2(Prop.scala:868)
[info]   at org.scalacheck.Prop$.secure(Prop.scala:484)
[info]   at org.scalacheck.Prop$.result$1(Prop.scala:868)
[info]   at org.scalacheck.Prop$.$anonfun$forAllShrink$1(Prop.scala:915)
[info]   at org.scalacheck.Prop$.$anonfun$apply$1(Prop.scala:305)
[info]   at org.scalacheck.PropFromFun.apply(Prop.scala:20)
[info]   at org.scalacheck.Prop$.result$1(Prop.scala:869)
[info]   at org.scalacheck.Prop$.$anonfun$forAllShrink$1(Prop.scala:915)
[info]   at org.scalacheck.Prop$.$anonfun$apply$1(Prop.scala:305)
[info]   at org.scalacheck.PropFromFun.apply(Prop.scala:20)
[info]   at org.scalacheck.Test$.workerFun$1(Test.scala:486)
[info]   at org.scalacheck.Test$.$anonfun$check$4(Test.scala:518)
[info]   at org.scalacheck.Test$.$anonfun$check$4$adapted(Test.scala:518)
[info]   at org.scalacheck.Platform$.runWorkers(Platform.scala:42)
[info]   at org.scalacheck.Test$.check(Test.scala:518)
[info]   at org.scalatestplus.scalacheck.UnitCheckerAsserting$CheckerAssertingImpl.check(CheckerAsserting.scala:90)
[info]   at org.scalatestplus.scalacheck.Checkers.check(Checkers.scala:371)
[info]   at org.scalatestplus.scalacheck.Checkers.check$(Checkers.scala:369)
[info]   at frameless.TypedDatasetSuite.check(TypedDatasetSuite.scala:63)
[info]   at frameless.ops.deserialized.FlatMapTests.$anonfun$new$1(FlatMapTests.scala:16)
[info]   at org.scalatest.OutcomeOf.outcomeOf(OutcomeOf.scala:85)
[info]   at org.scalatest.OutcomeOf.outcomeOf$(OutcomeOf.scala:83)
[info]   at org.scalatest.OutcomeOf$.outcomeOf(OutcomeOf.scala:104)
[info]   at org.scalatest.Transformer.apply(Transformer.scala:22)
[info]   at org.scalatest.Transformer.apply(Transformer.scala:20)
[info]   at org.scalatest.funsuite.AnyFunSuiteLike$$anon$1.apply(AnyFunSuiteLike.scala:226)
[info]   at org.scalatest.TestSuite.withFixture(TestSuite.scala:196)
[info]   at org.scalatest.TestSuite.withFixture$(TestSuite.scala:195)
[info]   at org.scalatest.funsuite.AnyFunSuite.withFixture(AnyFunSuite.scala:1564)
[info]   at org.scalatest.funsuite.AnyFunSuiteLike.invokeWithFixture$1(AnyFunSuiteLike.scala:224)
[info]   at org.scalatest.funsuite.AnyFunSuiteLike.$anonfun$runTest$1(AnyFunSuiteLike.scala:236)
[info]   at org.scalatest.SuperEngine.runTestImpl(Engine.scala:306)
[info]   at org.scalatest.funsuite.AnyFunSuiteLike.runTest(AnyFunSuiteLike.scala:236)
[info]   at org.scalatest.funsuite.AnyFunSuiteLike.runTest$(AnyFunSuiteLike.scala:218)
[info]   at org.scalatest.funsuite.AnyFunSuite.runTest(AnyFunSuite.scala:1564)
[info]   at org.scalatest.funsuite.AnyFunSuiteLike.$anonfun$runTests$1(AnyFunSuiteLike.scala:269)
[info]   at org.scalatest.SuperEngine.$anonfun$runTestsInBranch$1(Engine.scala:413)
[info]   at scala.collection.immutable.List.foreach(List.scala:334)
[info]   at org.scalatest.SuperEngine.traverseSubNodes$1(Engine.scala:401)
[info]   at org.scalatest.SuperEngine.runTestsInBranch(Engine.scala:396)
[info]   at org.scalatest.SuperEngine.runTestsImpl(Engine.scala:475)
[info]   at org.scalatest.funsuite.AnyFunSuiteLike.runTests(AnyFunSuiteLike.scala:269)
[info]   at org.scalatest.funsuite.AnyFunSuiteLike.runTests$(AnyFunSuiteLike.scala:268)
[info]   at org.scalatest.funsuite.AnyFunSuite.runTests(AnyFunSuite.scala:1564)
[info]   at org.scalatest.Suite.run(Suite.scala:1114)
[info]   at org.scalatest.Suite.run$(Suite.scala:1096)
[info]   at org.scalatest.funsuite.AnyFunSuite.org$scalatest$funsuite$AnyFunSuiteLike$$super$run(AnyFunSuite.scala:1564)
[info]   at org.scalatest.funsuite.AnyFunSuiteLike.$anonfun$run$1(AnyFunSuiteLike.scala:273)
[info]   at org.scalatest.SuperEngine.runImpl(Engine.scala:535)
[info]   at org.scalatest.funsuite.AnyFunSuiteLike.run(AnyFunSuiteLike.scala:273)
[info]   at org.scalatest.funsuite.AnyFunSuiteLike.run$(AnyFunSuiteLike.scala:272)
[info]   at frameless.TypedDatasetSuite.org$scalatest$BeforeAndAfterAll$$super$run(TypedDatasetSuite.scala:63)
[info]   at org.scalatest.BeforeAndAfterAll.liftedTree1$1(BeforeAndAfterAll.scala:213)
[info]   at org.scalatest.BeforeAndAfterAll.run(BeforeAndAfterAll.scala:210)
[info]   at org.scalatest.BeforeAndAfterAll.run$(BeforeAndAfterAll.scala:208)
[info]   at frameless.TypedDatasetSuite.run(TypedDatasetSuite.scala:63)
[info]   at org.scalatest.tools.Framework.org$scalatest$tools$Framework$$runSuite(Framework.scala:321)
[info]   at org.scalatest.tools.Framework$ScalaTestTask.execute(Framework.scala:517)
[info]   at sbt.ForkMain$Run.lambda$runTest$1(ForkMain.java:414)
[info]   at java.base/java.util.concurrent.FutureTask.run(FutureTask.java:317)
[info]   at java.base/java.util.concurrent.ThreadPoolExecutor.runWorker(ThreadPoolExecutor.java:1144)
[info]   at java.base/java.util.concurrent.ThreadPoolExecutor$Worker.run(ThreadPoolExecutor.java:642)
[info]   at java.base/java.lang.Thread.run(Thread.java:1583)
[info] MapPartitionsTests:
[info] - mapPartitions *** FAILED *** (2 milliseconds)
[info]   IllegalArgumentException was thrown during property evaluation.
[info]     Message: argument type mismatch
[info]     Occurred when passed generated values (
[info]       arg0 = org.scalacheck.GenArities$$Lambda/0x0000017ec48a4800@7520a9af,
[info]       arg1 = Vector()
[info]     )
[info]   org.scalatest.exceptions.GeneratorDrivenPropertyCheckFailedException:
[info]   at org.scalatestplus.scalacheck.CheckerAsserting$$anon$2.indicateFailure(CheckerAsserting.scala:251)
[info]   at org.scalatestplus.scalacheck.CheckerAsserting$$anon$2.indicateFailure(CheckerAsserting.scala:238)
[info]   at org.scalatestplus.scalacheck.UnitCheckerAsserting$CheckerAssertingImpl.check(CheckerAsserting.scala:160)
[info]   at org.scalatestplus.scalacheck.Checkers.check(Checkers.scala:371)
[info]   at org.scalatestplus.scalacheck.Checkers.check$(Checkers.scala:369)
[info]   at frameless.TypedDatasetSuite.check(TypedDatasetSuite.scala:63)
[info]   at frameless.ops.deserialized.MapPartitionsTests.$anonfun$new$1(MapPartitionsTests.scala:18)
[info]   at org.scalatest.OutcomeOf.outcomeOf(OutcomeOf.scala:85)
[info]   at org.scalatest.OutcomeOf.outcomeOf$(OutcomeOf.scala:83)
[info]   at org.scalatest.OutcomeOf$.outcomeOf(OutcomeOf.scala:104)
[info]   at org.scalatest.Transformer.apply(Transformer.scala:22)
[info]   at org.scalatest.Transformer.apply(Transformer.scala:20)
[info]   at org.scalatest.funsuite.AnyFunSuiteLike$$anon$1.apply(AnyFunSuiteLike.scala:226)
[info]   at org.scalatest.TestSuite.withFixture(TestSuite.scala:196)
[info]   at org.scalatest.TestSuite.withFixture$(TestSuite.scala:195)
[info]   at org.scalatest.funsuite.AnyFunSuite.withFixture(AnyFunSuite.scala:1564)
[info]   at org.scalatest.funsuite.AnyFunSuiteLike.invokeWithFixture$1(AnyFunSuiteLike.scala:224)
[info]   at org.scalatest.funsuite.AnyFunSuiteLike.$anonfun$runTest$1(AnyFunSuiteLike.scala:236)
[info]   at org.scalatest.SuperEngine.runTestImpl(Engine.scala:306)
[info]   at org.scalatest.funsuite.AnyFunSuiteLike.runTest(AnyFunSuiteLike.scala:236)
[info]   at org.scalatest.funsuite.AnyFunSuiteLike.runTest$(AnyFunSuiteLike.scala:218)
[info]   at org.scalatest.funsuite.AnyFunSuite.runTest(AnyFunSuite.scala:1564)
[info]   at org.scalatest.funsuite.AnyFunSuiteLike.$anonfun$runTests$1(AnyFunSuiteLike.scala:269)
[info]   at org.scalatest.SuperEngine.$anonfun$runTestsInBranch$1(Engine.scala:413)
[info]   at scala.collection.immutable.List.foreach(List.scala:334)
[info]   at org.scalatest.SuperEngine.traverseSubNodes$1(Engine.scala:401)
[info]   at org.scalatest.SuperEngine.runTestsInBranch(Engine.scala:396)
[info]   at org.scalatest.SuperEngine.runTestsImpl(Engine.scala:475)
[info]   at org.scalatest.funsuite.AnyFunSuiteLike.runTests(AnyFunSuiteLike.scala:269)
[info]   at org.scalatest.funsuite.AnyFunSuiteLike.runTests$(AnyFunSuiteLike.scala:268)
[info]   at org.scalatest.funsuite.AnyFunSuite.runTests(AnyFunSuite.scala:1564)
[info]   at org.scalatest.Suite.run(Suite.scala:1114)
[info]   at org.scalatest.Suite.run$(Suite.scala:1096)
[info]   at org.scalatest.funsuite.AnyFunSuite.org$scalatest$funsuite$AnyFunSuiteLike$$super$run(AnyFunSuite.scala:1564)
[info]   at org.scalatest.funsuite.AnyFunSuiteLike.$anonfun$run$1(AnyFunSuiteLike.scala:273)
[info]   at org.scalatest.SuperEngine.runImpl(Engine.scala:535)
[info]   at org.scalatest.funsuite.AnyFunSuiteLike.run(AnyFunSuiteLike.scala:273)
[info]   at org.scalatest.funsuite.AnyFunSuiteLike.run$(AnyFunSuiteLike.scala:272)
[info]   at frameless.TypedDatasetSuite.org$scalatest$BeforeAndAfterAll$$super$run(TypedDatasetSuite.scala:63)
[info]   at org.scalatest.BeforeAndAfterAll.liftedTree1$1(BeforeAndAfterAll.scala:213)
[info]   at org.scalatest.BeforeAndAfterAll.run(BeforeAndAfterAll.scala:210)
[info]   at org.scalatest.BeforeAndAfterAll.run$(BeforeAndAfterAll.scala:208)
[info]   at frameless.TypedDatasetSuite.run(TypedDatasetSuite.scala:63)
[info]   at org.scalatest.tools.Framework.org$scalatest$tools$Framework$$runSuite(Framework.scala:321)
[info]   at org.scalatest.tools.Framework$ScalaTestTask.execute(Framework.scala:517)
[info]   at sbt.ForkMain$Run.lambda$runTest$1(ForkMain.java:414)
[info]   at java.base/java.util.concurrent.FutureTask.run(FutureTask.java:317)
[info]   at java.base/java.util.concurrent.ThreadPoolExecutor.runWorker(ThreadPoolExecutor.java:1144)
[info]   at java.base/java.util.concurrent.ThreadPoolExecutor$Worker.run(ThreadPoolExecutor.java:642)
[info]   at java.base/java.lang.Thread.run(Thread.java:1583)
[info]   Cause: java.lang.IllegalArgumentException: argument type mismatch
[info]   at java.base/jdk.internal.reflect.DirectConstructorHandleAccessor.newInstance(DirectConstructorHandleAccessor.java:65)
[info]   at java.base/java.lang.reflect.Constructor.newInstanceWithCaller(Constructor.java:502)
[info]   at java.base/java.lang.reflect.Constructor.newInstance(Constructor.java:486)
[info]   at frameless.TypedExpressionEncoder$.$anonfun$apply$3(TypedExpressionEncoder.scala:55)
[info]   at scala.Option.map(Option.scala:242)
[info]   at frameless.TypedExpressionEncoder$.apply(TypedExpressionEncoder.scala:54)
[info]   at frameless.TypedDataset$.create(TypedDataset.scala:1325)
[info]   at frameless.ops.deserialized.MapPartitionsTests.$anonfun$new$3(MapPartitionsTests.scala:12)
[info]   at org.scalacheck.Prop$ExtendedAny.$eq$qmark(Prop.scala:332)
[info]   at frameless.ops.deserialized.MapPartitionsTests.prop$1(MapPartitionsTests.scala:15)
[info]   at frameless.ops.deserialized.MapPartitionsTests.$anonfun$new$5(MapPartitionsTests.scala:18)
[info]   at org.scalacheck.Prop$.$anonfun$forAll$18(Prop.scala:1131)
[info]   at scala.Function1.$anonfun$andThen$1(Function1.scala:87)
[info]   at org.scalacheck.Prop$.$anonfun$forAllShrink$2(Prop.scala:868)
[info]   at org.scalacheck.Prop$.secure(Prop.scala:484)
[info]   at org.scalacheck.Prop$.result$1(Prop.scala:868)
[info]   at org.scalacheck.Prop$.$anonfun$forAllShrink$1(Prop.scala:915)
[info]   at org.scalacheck.Prop$.$anonfun$apply$1(Prop.scala:305)
[info]   at org.scalacheck.PropFromFun.apply(Prop.scala:20)
[info]   at org.scalacheck.Prop$.result$1(Prop.scala:869)
[info]   at org.scalacheck.Prop$.$anonfun$forAllShrink$1(Prop.scala:915)
[info]   at org.scalacheck.Prop$.$anonfun$apply$1(Prop.scala:305)
[info]   at org.scalacheck.PropFromFun.apply(Prop.scala:20)
[info]   at org.scalacheck.Test$.workerFun$1(Test.scala:486)
[info]   at org.scalacheck.Test$.$anonfun$check$4(Test.scala:518)
[info]   at org.scalacheck.Test$.$anonfun$check$4$adapted(Test.scala:518)
[info]   at org.scalacheck.Platform$.runWorkers(Platform.scala:42)
[info]   at org.scalacheck.Test$.check(Test.scala:518)
[info]   at org.scalatestplus.scalacheck.UnitCheckerAsserting$CheckerAssertingImpl.check(CheckerAsserting.scala:90)
[info]   at org.scalatestplus.scalacheck.Checkers.check(Checkers.scala:371)
[info]   at org.scalatestplus.scalacheck.Checkers.check$(Checkers.scala:369)
[info]   at frameless.TypedDatasetSuite.check(TypedDatasetSuite.scala:63)
[info]   at frameless.ops.deserialized.MapPartitionsTests.$anonfun$new$1(MapPartitionsTests.scala:18)
[info]   at org.scalatest.OutcomeOf.outcomeOf(OutcomeOf.scala:85)
[info]   at org.scalatest.OutcomeOf.outcomeOf$(OutcomeOf.scala:83)
[info]   at org.scalatest.OutcomeOf$.outcomeOf(OutcomeOf.scala:104)
[info]   at org.scalatest.Transformer.apply(Transformer.scala:22)
[info]   at org.scalatest.Transformer.apply(Transformer.scala:20)
[info]   at org.scalatest.funsuite.AnyFunSuiteLike$$anon$1.apply(AnyFunSuiteLike.scala:226)
[info]   at org.scalatest.TestSuite.withFixture(TestSuite.scala:196)
[info]   at org.scalatest.TestSuite.withFixture$(TestSuite.scala:195)
[info]   at org.scalatest.funsuite.AnyFunSuite.withFixture(AnyFunSuite.scala:1564)
[info]   at org.scalatest.funsuite.AnyFunSuiteLike.invokeWithFixture$1(AnyFunSuiteLike.scala:224)
[info]   at org.scalatest.funsuite.AnyFunSuiteLike.$anonfun$runTest$1(AnyFunSuiteLike.scala:236)
[info]   at org.scalatest.SuperEngine.runTestImpl(Engine.scala:306)
[info]   at org.scalatest.funsuite.AnyFunSuiteLike.runTest(AnyFunSuiteLike.scala:236)
[info]   at org.scalatest.funsuite.AnyFunSuiteLike.runTest$(AnyFunSuiteLike.scala:218)
[info]   at org.scalatest.funsuite.AnyFunSuite.runTest(AnyFunSuite.scala:1564)
[info]   at org.scalatest.funsuite.AnyFunSuiteLike.$anonfun$runTests$1(AnyFunSuiteLike.scala:269)
[info]   at org.scalatest.SuperEngine.$anonfun$runTestsInBranch$1(Engine.scala:413)
[info]   at scala.collection.immutable.List.foreach(List.scala:334)
[info]   at org.scalatest.SuperEngine.traverseSubNodes$1(Engine.scala:401)
[info]   at org.scalatest.SuperEngine.runTestsInBranch(Engine.scala:396)
[info]   at org.scalatest.SuperEngine.runTestsImpl(Engine.scala:475)
[info]   at org.scalatest.funsuite.AnyFunSuiteLike.runTests(AnyFunSuiteLike.scala:269)
[info]   at org.scalatest.funsuite.AnyFunSuiteLike.runTests$(AnyFunSuiteLike.scala:268)
[info]   at org.scalatest.funsuite.AnyFunSuite.runTests(AnyFunSuite.scala:1564)
[info]   at org.scalatest.Suite.run(Suite.scala:1114)
[info]   at org.scalatest.Suite.run$(Suite.scala:1096)
[info]   at org.scalatest.funsuite.AnyFunSuite.org$scalatest$funsuite$AnyFunSuiteLike$$super$run(AnyFunSuite.scala:1564)
[info]   at org.scalatest.funsuite.AnyFunSuiteLike.$anonfun$run$1(AnyFunSuiteLike.scala:273)
[info]   at org.scalatest.SuperEngine.runImpl(Engine.scala:535)
[info]   at org.scalatest.funsuite.AnyFunSuiteLike.run(AnyFunSuiteLike.scala:273)
[info]   at org.scalatest.funsuite.AnyFunSuiteLike.run$(AnyFunSuiteLike.scala:272)
[info]   at frameless.TypedDatasetSuite.org$scalatest$BeforeAndAfterAll$$super$run(TypedDatasetSuite.scala:63)
[info]   at org.scalatest.BeforeAndAfterAll.liftedTree1$1(BeforeAndAfterAll.scala:213)
[info]   at org.scalatest.BeforeAndAfterAll.run(BeforeAndAfterAll.scala:210)
[info]   at org.scalatest.BeforeAndAfterAll.run$(BeforeAndAfterAll.scala:208)
[info]   at frameless.TypedDatasetSuite.run(TypedDatasetSuite.scala:63)
[info]   at org.scalatest.tools.Framework.org$scalatest$tools$Framework$$runSuite(Framework.scala:321)
[info]   at org.scalatest.tools.Framework$ScalaTestTask.execute(Framework.scala:517)
[info]   at sbt.ForkMain$Run.lambda$runTest$1(ForkMain.java:414)
[info]   at java.base/java.util.concurrent.FutureTask.run(FutureTask.java:317)
[info]   at java.base/java.util.concurrent.ThreadPoolExecutor.runWorker(ThreadPoolExecutor.java:1144)
[info]   at java.base/java.util.concurrent.ThreadPoolExecutor$Worker.run(ThreadPoolExecutor.java:642)
[info]   at java.base/java.lang.Thread.run(Thread.java:1583)
[info]   Cause: java.lang.ClassCastException: Cannot cast scala.reflect.ManifestFactory$IntManifest to org.apache.spark.sql.catalyst.expressions.Expression
[info]   at java.base/java.lang.Class.cast(Class.java:4067)
[info]   at java.base/jdk.internal.reflect.DirectConstructorHandleAccessor.newInstance(DirectConstructorHandleAccessor.java:62)
[info]   at java.base/java.lang.reflect.Constructor.newInstanceWithCaller(Constructor.java:502)
[info]   at java.base/java.lang.reflect.Constructor.newInstance(Constructor.java:486)
[info]   at frameless.TypedExpressionEncoder$.$anonfun$apply$3(TypedExpressionEncoder.scala:55)
[info]   at scala.Option.map(Option.scala:242)
[info]   at frameless.TypedExpressionEncoder$.apply(TypedExpressionEncoder.scala:54)
[info]   at frameless.TypedDataset$.create(TypedDataset.scala:1325)
[info]   at frameless.ops.deserialized.MapPartitionsTests.$anonfun$new$3(MapPartitionsTests.scala:12)
[info]   at org.scalacheck.Prop$ExtendedAny.$eq$qmark(Prop.scala:332)
[info]   at frameless.ops.deserialized.MapPartitionsTests.prop$1(MapPartitionsTests.scala:15)
[info]   at frameless.ops.deserialized.MapPartitionsTests.$anonfun$new$5(MapPartitionsTests.scala:18)
[info]   at org.scalacheck.Prop$.$anonfun$forAll$18(Prop.scala:1131)
[info]   at scala.Function1.$anonfun$andThen$1(Function1.scala:87)
[info]   at org.scalacheck.Prop$.$anonfun$forAllShrink$2(Prop.scala:868)
[info]   at org.scalacheck.Prop$.secure(Prop.scala:484)
[info]   at org.scalacheck.Prop$.result$1(Prop.scala:868)
[info]   at org.scalacheck.Prop$.$anonfun$forAllShrink$1(Prop.scala:915)
[info]   at org.scalacheck.Prop$.$anonfun$apply$1(Prop.scala:305)
[info]   at org.scalacheck.PropFromFun.apply(Prop.scala:20)
[info]   at org.scalacheck.Prop$.result$1(Prop.scala:869)
[info]   at org.scalacheck.Prop$.$anonfun$forAllShrink$1(Prop.scala:915)
[info]   at org.scalacheck.Prop$.$anonfun$apply$1(Prop.scala:305)
[info]   at org.scalacheck.PropFromFun.apply(Prop.scala:20)
[info]   at org.scalacheck.Test$.workerFun$1(Test.scala:486)
[info]   at org.scalacheck.Test$.$anonfun$check$4(Test.scala:518)
[info]   at org.scalacheck.Test$.$anonfun$check$4$adapted(Test.scala:518)
[info]   at org.scalacheck.Platform$.runWorkers(Platform.scala:42)
[info]   at org.scalacheck.Test$.check(Test.scala:518)
[info]   at org.scalatestplus.scalacheck.UnitCheckerAsserting$CheckerAssertingImpl.check(CheckerAsserting.scala:90)
[info]   at org.scalatestplus.scalacheck.Checkers.check(Checkers.scala:371)
[info]   at org.scalatestplus.scalacheck.Checkers.check$(Checkers.scala:369)
[info]   at frameless.TypedDatasetSuite.check(TypedDatasetSuite.scala:63)
[info]   at frameless.ops.deserialized.MapPartitionsTests.$anonfun$new$1(MapPartitionsTests.scala:18)
[info]   at org.scalatest.OutcomeOf.outcomeOf(OutcomeOf.scala:85)
[info]   at org.scalatest.OutcomeOf.outcomeOf$(OutcomeOf.scala:83)
[info]   at org.scalatest.OutcomeOf$.outcomeOf(OutcomeOf.scala:104)
[info]   at org.scalatest.Transformer.apply(Transformer.scala:22)
[info]   at org.scalatest.Transformer.apply(Transformer.scala:20)
[info]   at org.scalatest.funsuite.AnyFunSuiteLike$$anon$1.apply(AnyFunSuiteLike.scala:226)
[info]   at org.scalatest.TestSuite.withFixture(TestSuite.scala:196)
[info]   at org.scalatest.TestSuite.withFixture$(TestSuite.scala:195)
[info]   at org.scalatest.funsuite.AnyFunSuite.withFixture(AnyFunSuite.scala:1564)
[info]   at org.scalatest.funsuite.AnyFunSuiteLike.invokeWithFixture$1(AnyFunSuiteLike.scala:224)
[info]   at org.scalatest.funsuite.AnyFunSuiteLike.$anonfun$runTest$1(AnyFunSuiteLike.scala:236)
[info]   at org.scalatest.SuperEngine.runTestImpl(Engine.scala:306)
[info]   at org.scalatest.funsuite.AnyFunSuiteLike.runTest(AnyFunSuiteLike.scala:236)
[info]   at org.scalatest.funsuite.AnyFunSuiteLike.runTest$(AnyFunSuiteLike.scala:218)
[info]   at org.scalatest.funsuite.AnyFunSuite.runTest(AnyFunSuite.scala:1564)
[info]   at org.scalatest.funsuite.AnyFunSuiteLike.$anonfun$runTests$1(AnyFunSuiteLike.scala:269)
[info]   at org.scalatest.SuperEngine.$anonfun$runTestsInBranch$1(Engine.scala:413)
[info]   at scala.collection.immutable.List.foreach(List.scala:334)
[info]   at org.scalatest.SuperEngine.traverseSubNodes$1(Engine.scala:401)
[info]   at org.scalatest.SuperEngine.runTestsInBranch(Engine.scala:396)
[info]   at org.scalatest.SuperEngine.runTestsImpl(Engine.scala:475)
[info]   at org.scalatest.funsuite.AnyFunSuiteLike.runTests(AnyFunSuiteLike.scala:269)
[info]   at org.scalatest.funsuite.AnyFunSuiteLike.runTests$(AnyFunSuiteLike.scala:268)
[info]   at org.scalatest.funsuite.AnyFunSuite.runTests(AnyFunSuite.scala:1564)
[info]   at org.scalatest.Suite.run(Suite.scala:1114)
[info]   at org.scalatest.Suite.run$(Suite.scala:1096)
[info]   at org.scalatest.funsuite.AnyFunSuite.org$scalatest$funsuite$AnyFunSuiteLike$$super$run(AnyFunSuite.scala:1564)
[info]   at org.scalatest.funsuite.AnyFunSuiteLike.$anonfun$run$1(AnyFunSuiteLike.scala:273)
[info]   at org.scalatest.SuperEngine.runImpl(Engine.scala:535)
[info]   at org.scalatest.funsuite.AnyFunSuiteLike.run(AnyFunSuiteLike.scala:273)
[info]   at org.scalatest.funsuite.AnyFunSuiteLike.run$(AnyFunSuiteLike.scala:272)
[info]   at frameless.TypedDatasetSuite.org$scalatest$BeforeAndAfterAll$$super$run(TypedDatasetSuite.scala:63)
[info]   at org.scalatest.BeforeAndAfterAll.liftedTree1$1(BeforeAndAfterAll.scala:213)
[info]   at org.scalatest.BeforeAndAfterAll.run(BeforeAndAfterAll.scala:210)
[info]   at org.scalatest.BeforeAndAfterAll.run$(BeforeAndAfterAll.scala:208)
[info]   at frameless.TypedDatasetSuite.run(TypedDatasetSuite.scala:63)
[info]   at org.scalatest.tools.Framework.org$scalatest$tools$Framework$$runSuite(Framework.scala:321)
[info]   at org.scalatest.tools.Framework$ScalaTestTask.execute(Framework.scala:517)
[info]   at sbt.ForkMain$Run.lambda$runTest$1(ForkMain.java:414)
[info]   at java.base/java.util.concurrent.FutureTask.run(FutureTask.java:317)
[info]   at java.base/java.util.concurrent.ThreadPoolExecutor.runWorker(ThreadPoolExecutor.java:1144)
[info]   at java.base/java.util.concurrent.ThreadPoolExecutor$Worker.run(ThreadPoolExecutor.java:642)
[info]   at java.base/java.lang.Thread.run(Thread.java:1583)
[info] SmartProjectTest:
[info] - project Foo to Bar *** FAILED *** (4 milliseconds)
[info]   java.lang.IllegalArgumentException: argument type mismatch
[info]   at java.base/jdk.internal.reflect.DirectConstructorHandleAccessor.newInstance(DirectConstructorHandleAccessor.java:65)
[info]   at java.base/java.lang.reflect.Constructor.newInstanceWithCaller(Constructor.java:502)
[info]   at java.base/java.lang.reflect.Constructor.newInstance(Constructor.java:486)
[info]   at frameless.TypedExpressionEncoder$.$anonfun$apply$3(TypedExpressionEncoder.scala:55)
[info]   at scala.Option.map(Option.scala:242)
[info]   at frameless.TypedExpressionEncoder$.apply(TypedExpressionEncoder.scala:54)
[info]   at frameless.TypedDataset$.create(TypedDataset.scala:1325)
[info]   at frameless.ops.SmartProjectTest.dataset$lzycompute(SmartProjectTest.scala:16)
[info]   at frameless.ops.SmartProjectTest.dataset(SmartProjectTest.scala:16)
[info]   at frameless.ops.SmartProjectTest.$anonfun$new$1(SmartProjectTest.scala:19)
[info]   at org.scalatest.OutcomeOf.outcomeOf(OutcomeOf.scala:85)
[info]   at org.scalatest.OutcomeOf.outcomeOf$(OutcomeOf.scala:83)
[info]   at org.scalatest.OutcomeOf$.outcomeOf(OutcomeOf.scala:104)
[info]   at org.scalatest.Transformer.apply(Transformer.scala:22)
[info]   at org.scalatest.Transformer.apply(Transformer.scala:20)
[info]   at org.scalatest.funsuite.AnyFunSuiteLike$$anon$1.apply(AnyFunSuiteLike.scala:226)
[info]   at org.scalatest.TestSuite.withFixture(TestSuite.scala:196)
[info]   at org.scalatest.TestSuite.withFixture$(TestSuite.scala:195)
[info]   at org.scalatest.funsuite.AnyFunSuite.withFixture(AnyFunSuite.scala:1564)
[info]   at org.scalatest.funsuite.AnyFunSuiteLike.invokeWithFixture$1(AnyFunSuiteLike.scala:224)
[info]   at org.scalatest.funsuite.AnyFunSuiteLike.$anonfun$runTest$1(AnyFunSuiteLike.scala:236)
[info]   at org.scalatest.SuperEngine.runTestImpl(Engine.scala:306)
[info]   at org.scalatest.funsuite.AnyFunSuiteLike.runTest(AnyFunSuiteLike.scala:236)
[info]   at org.scalatest.funsuite.AnyFunSuiteLike.runTest$(AnyFunSuiteLike.scala:218)
[info]   at org.scalatest.funsuite.AnyFunSuite.runTest(AnyFunSuite.scala:1564)
[info]   at org.scalatest.funsuite.AnyFunSuiteLike.$anonfun$runTests$1(AnyFunSuiteLike.scala:269)
[info]   at org.scalatest.SuperEngine.$anonfun$runTestsInBranch$1(Engine.scala:413)
[info]   at scala.collection.immutable.List.foreach(List.scala:334)
[info]   at org.scalatest.SuperEngine.traverseSubNodes$1(Engine.scala:401)
[info]   at org.scalatest.SuperEngine.runTestsInBranch(Engine.scala:396)
[info]   at org.scalatest.SuperEngine.runTestsImpl(Engine.scala:475)
[info]   at org.scalatest.funsuite.AnyFunSuiteLike.runTests(AnyFunSuiteLike.scala:269)
[info]   at org.scalatest.funsuite.AnyFunSuiteLike.runTests$(AnyFunSuiteLike.scala:268)
[info]   at org.scalatest.funsuite.AnyFunSuite.runTests(AnyFunSuite.scala:1564)
[info]   at org.scalatest.Suite.run(Suite.scala:1114)
[info]   at org.scalatest.Suite.run$(Suite.scala:1096)
[info]   at org.scalatest.funsuite.AnyFunSuite.org$scalatest$funsuite$AnyFunSuiteLike$$super$run(AnyFunSuite.scala:1564)
[info]   at org.scalatest.funsuite.AnyFunSuiteLike.$anonfun$run$1(AnyFunSuiteLike.scala:273)
[info]   at org.scalatest.SuperEngine.runImpl(Engine.scala:535)
[info]   at org.scalatest.funsuite.AnyFunSuiteLike.run(AnyFunSuiteLike.scala:273)
[info]   at org.scalatest.funsuite.AnyFunSuiteLike.run$(AnyFunSuiteLike.scala:272)
[info]   at frameless.TypedDatasetSuite.org$scalatest$BeforeAndAfterAll$$super$run(TypedDatasetSuite.scala:63)
[info]   at org.scalatest.BeforeAndAfterAll.liftedTree1$1(BeforeAndAfterAll.scala:213)
[info]   at org.scalatest.BeforeAndAfterAll.run(BeforeAndAfterAll.scala:210)
[info]   at org.scalatest.BeforeAndAfterAll.run$(BeforeAndAfterAll.scala:208)
[info]   at frameless.TypedDatasetSuite.run(TypedDatasetSuite.scala:63)
[info]   at org.scalatest.tools.Framework.org$scalatest$tools$Framework$$runSuite(Framework.scala:321)
[info]   at org.scalatest.tools.Framework$ScalaTestTask.execute(Framework.scala:517)
[info]   at sbt.ForkMain$Run.lambda$runTest$1(ForkMain.java:414)
[info]   at java.base/java.util.concurrent.FutureTask.run(FutureTask.java:317)
[info]   at java.base/java.util.concurrent.ThreadPoolExecutor.runWorker(ThreadPoolExecutor.java:1144)
[info]   at java.base/java.util.concurrent.ThreadPoolExecutor$Worker.run(ThreadPoolExecutor.java:642)
[info]   at java.base/java.lang.Thread.run(Thread.java:1583)
[info]   Cause: java.lang.ClassCastException: Cannot cast scala.reflect.ClassTag$GenericClassTag to org.apache.spark.sql.catalyst.expressions.Expression
[info]   at java.base/java.lang.Class.cast(Class.java:4067)
[info]   at java.base/jdk.internal.reflect.DirectConstructorHandleAccessor.newInstance(DirectConstructorHandleAccessor.java:62)
[info]   at java.base/java.lang.reflect.Constructor.newInstanceWithCaller(Constructor.java:502)
[info]   at java.base/java.lang.reflect.Constructor.newInstance(Constructor.java:486)
[info]   at frameless.TypedExpressionEncoder$.$anonfun$apply$3(TypedExpressionEncoder.scala:55)
[info]   at scala.Option.map(Option.scala:242)
[info]   at frameless.TypedExpressionEncoder$.apply(TypedExpressionEncoder.scala:54)
[info]   at frameless.TypedDataset$.create(TypedDataset.scala:1325)
[info]   at frameless.ops.SmartProjectTest.dataset$lzycompute(SmartProjectTest.scala:16)
[info]   at frameless.ops.SmartProjectTest.dataset(SmartProjectTest.scala:16)
[info]   at frameless.ops.SmartProjectTest.$anonfun$new$1(SmartProjectTest.scala:19)
[info]   at org.scalatest.OutcomeOf.outcomeOf(OutcomeOf.scala:85)
[info]   at org.scalatest.OutcomeOf.outcomeOf$(OutcomeOf.scala:83)
[info]   at org.scalatest.OutcomeOf$.outcomeOf(OutcomeOf.scala:104)
[info]   at org.scalatest.Transformer.apply(Transformer.scala:22)
[info]   at org.scalatest.Transformer.apply(Transformer.scala:20)
[info]   at org.scalatest.funsuite.AnyFunSuiteLike$$anon$1.apply(AnyFunSuiteLike.scala:226)
[info]   at org.scalatest.TestSuite.withFixture(TestSuite.scala:196)
[info]   at org.scalatest.TestSuite.withFixture$(TestSuite.scala:195)
[info]   at org.scalatest.funsuite.AnyFunSuite.withFixture(AnyFunSuite.scala:1564)
[info]   at org.scalatest.funsuite.AnyFunSuiteLike.invokeWithFixture$1(AnyFunSuiteLike.scala:224)
[info]   at org.scalatest.funsuite.AnyFunSuiteLike.$anonfun$runTest$1(AnyFunSuiteLike.scala:236)
[info]   at org.scalatest.SuperEngine.runTestImpl(Engine.scala:306)
[info]   at org.scalatest.funsuite.AnyFunSuiteLike.runTest(AnyFunSuiteLike.scala:236)
[info]   at org.scalatest.funsuite.AnyFunSuiteLike.runTest$(AnyFunSuiteLike.scala:218)
[info]   at org.scalatest.funsuite.AnyFunSuite.runTest(AnyFunSuite.scala:1564)
[info]   at org.scalatest.funsuite.AnyFunSuiteLike.$anonfun$runTests$1(AnyFunSuiteLike.scala:269)
[info]   at org.scalatest.SuperEngine.$anonfun$runTestsInBranch$1(Engine.scala:413)
[info]   at scala.collection.immutable.List.foreach(List.scala:334)
[info]   at org.scalatest.SuperEngine.traverseSubNodes$1(Engine.scala:401)
[info]   at org.scalatest.SuperEngine.runTestsInBranch(Engine.scala:396)
[info]   at org.scalatest.SuperEngine.runTestsImpl(Engine.scala:475)
[info]   at org.scalatest.funsuite.AnyFunSuiteLike.runTests(AnyFunSuiteLike.scala:269)
[info]   at org.scalatest.funsuite.AnyFunSuiteLike.runTests$(AnyFunSuiteLike.scala:268)
[info]   at org.scalatest.funsuite.AnyFunSuite.runTests(AnyFunSuite.scala:1564)
[info]   at org.scalatest.Suite.run(Suite.scala:1114)
[info]   at org.scalatest.Suite.run$(Suite.scala:1096)
[info]   at org.scalatest.funsuite.AnyFunSuite.org$scalatest$funsuite$AnyFunSuiteLike$$super$run(AnyFunSuite.scala:1564)
[info]   at org.scalatest.funsuite.AnyFunSuiteLike.$anonfun$run$1(AnyFunSuiteLike.scala:273)
[info]   at org.scalatest.SuperEngine.runImpl(Engine.scala:535)
[info]   at org.scalatest.funsuite.AnyFunSuiteLike.run(AnyFunSuiteLike.scala:273)
[info]   at org.scalatest.funsuite.AnyFunSuiteLike.run$(AnyFunSuiteLike.scala:272)
[info]   at frameless.TypedDatasetSuite.org$scalatest$BeforeAndAfterAll$$super$run(TypedDatasetSuite.scala:63)
[info]   at org.scalatest.BeforeAndAfterAll.liftedTree1$1(BeforeAndAfterAll.scala:213)
[info]   at org.scalatest.BeforeAndAfterAll.run(BeforeAndAfterAll.scala:210)
[info]   at org.scalatest.BeforeAndAfterAll.run$(BeforeAndAfterAll.scala:208)
[info]   at frameless.TypedDatasetSuite.run(TypedDatasetSuite.scala:63)
[info]   at org.scalatest.tools.Framework.org$scalatest$tools$Framework$$runSuite(Framework.scala:321)
[info]   at org.scalatest.tools.Framework$ScalaTestTask.execute(Framework.scala:517)
[info]   at sbt.ForkMain$Run.lambda$runTest$1(ForkMain.java:414)
[info]   at java.base/java.util.concurrent.FutureTask.run(FutureTask.java:317)
[info]   at java.base/java.util.concurrent.ThreadPoolExecutor.runWorker(ThreadPoolExecutor.java:1144)
[info]   at java.base/java.util.concurrent.ThreadPoolExecutor$Worker.run(ThreadPoolExecutor.java:642)
[info]   at java.base/java.lang.Thread.run(Thread.java:1583)
[info] - project to InvalidFooProjection should not type check (0 milliseconds)
[info] - X4 to X1,X2,X3,X4 projections *** FAILED *** (868 milliseconds)
[info]   IllegalArgumentException was thrown during property evaluation.
[info]     Message: argument type mismatch
[info]     Occurred when passed generated values (
[info]       arg0 = Vector()
[info]     )
[info]   org.scalatest.exceptions.GeneratorDrivenPropertyCheckFailedException:
[info]   at org.scalatestplus.scalacheck.CheckerAsserting$$anon$2.indicateFailure(CheckerAsserting.scala:251)
[info]   at org.scalatestplus.scalacheck.CheckerAsserting$$anon$2.indicateFailure(CheckerAsserting.scala:238)
[info]   at org.scalatestplus.scalacheck.UnitCheckerAsserting$CheckerAssertingImpl.check(CheckerAsserting.scala:160)
[info]   at org.scalatestplus.scalacheck.Checkers.check(Checkers.scala:371)
[info]   at org.scalatestplus.scalacheck.Checkers.check$(Checkers.scala:369)
[info]   at frameless.TypedDatasetSuite.check(TypedDatasetSuite.scala:63)
[info]   at frameless.ops.SmartProjectTest.$anonfun$new$15(SmartProjectTest.scala:37)
[info]   at org.scalatest.OutcomeOf.outcomeOf(OutcomeOf.scala:85)
[info]   at org.scalatest.OutcomeOf.outcomeOf$(OutcomeOf.scala:83)
[info]   at org.scalatest.OutcomeOf$.outcomeOf(OutcomeOf.scala:104)
[info]   at org.scalatest.Transformer.apply(Transformer.scala:22)
[info]   at org.scalatest.Transformer.apply(Transformer.scala:20)
[info]   at org.scalatest.funsuite.AnyFunSuiteLike$$anon$1.apply(AnyFunSuiteLike.scala:226)
[info]   at org.scalatest.TestSuite.withFixture(TestSuite.scala:196)
[info]   at org.scalatest.TestSuite.withFixture$(TestSuite.scala:195)
[info]   at org.scalatest.funsuite.AnyFunSuite.withFixture(AnyFunSuite.scala:1564)
[info]   at org.scalatest.funsuite.AnyFunSuiteLike.invokeWithFixture$1(AnyFunSuiteLike.scala:224)
[info]   at org.scalatest.funsuite.AnyFunSuiteLike.$anonfun$runTest$1(AnyFunSuiteLike.scala:236)
[info]   at org.scalatest.SuperEngine.runTestImpl(Engine.scala:306)
[info]   at org.scalatest.funsuite.AnyFunSuiteLike.runTest(AnyFunSuiteLike.scala:236)
[info]   at org.scalatest.funsuite.AnyFunSuiteLike.runTest$(AnyFunSuiteLike.scala:218)
[info]   at org.scalatest.funsuite.AnyFunSuite.runTest(AnyFunSuite.scala:1564)
[info]   at org.scalatest.funsuite.AnyFunSuiteLike.$anonfun$runTests$1(AnyFunSuiteLike.scala:269)
[info]   at org.scalatest.SuperEngine.$anonfun$runTestsInBranch$1(Engine.scala:413)
[info]   at scala.collection.immutable.List.foreach(List.scala:334)
[info]   at org.scalatest.SuperEngine.traverseSubNodes$1(Engine.scala:401)
[info]   at org.scalatest.SuperEngine.runTestsInBranch(Engine.scala:396)
[info]   at org.scalatest.SuperEngine.runTestsImpl(Engine.scala:475)
[info]   at org.scalatest.funsuite.AnyFunSuiteLike.runTests(AnyFunSuiteLike.scala:269)
[info]   at org.scalatest.funsuite.AnyFunSuiteLike.runTests$(AnyFunSuiteLike.scala:268)
[info]   at org.scalatest.funsuite.AnyFunSuite.runTests(AnyFunSuite.scala:1564)
[info]   at org.scalatest.Suite.run(Suite.scala:1114)
[info]   at org.scalatest.Suite.run$(Suite.scala:1096)
[info]   at org.scalatest.funsuite.AnyFunSuite.org$scalatest$funsuite$AnyFunSuiteLike$$super$run(AnyFunSuite.scala:1564)
[info]   at org.scalatest.funsuite.AnyFunSuiteLike.$anonfun$run$1(AnyFunSuiteLike.scala:273)
[info]   at org.scalatest.SuperEngine.runImpl(Engine.scala:535)
[info]   at org.scalatest.funsuite.AnyFunSuiteLike.run(AnyFunSuiteLike.scala:273)
[info]   at org.scalatest.funsuite.AnyFunSuiteLike.run$(AnyFunSuiteLike.scala:272)
[info]   at frameless.TypedDatasetSuite.org$scalatest$BeforeAndAfterAll$$super$run(TypedDatasetSuite.scala:63)
[info]   at org.scalatest.BeforeAndAfterAll.liftedTree1$1(BeforeAndAfterAll.scala:213)
[info]   at org.scalatest.BeforeAndAfterAll.run(BeforeAndAfterAll.scala:210)
[info]   at org.scalatest.BeforeAndAfterAll.run$(BeforeAndAfterAll.scala:208)
[info]   at frameless.TypedDatasetSuite.run(TypedDatasetSuite.scala:63)
[info]   at org.scalatest.tools.Framework.org$scalatest$tools$Framework$$runSuite(Framework.scala:321)
[info]   at org.scalatest.tools.Framework$ScalaTestTask.execute(Framework.scala:517)
[info]   at sbt.ForkMain$Run.lambda$runTest$1(ForkMain.java:414)
[info]   at java.base/java.util.concurrent.FutureTask.run(FutureTask.java:317)
[info]   at java.base/java.util.concurrent.ThreadPoolExecutor.runWorker(ThreadPoolExecutor.java:1144)
[info]   at java.base/java.util.concurrent.ThreadPoolExecutor$Worker.run(ThreadPoolExecutor.java:642)
[info]   at java.base/java.lang.Thread.run(Thread.java:1583)
[info]   Cause: java.lang.IllegalArgumentException: argument type mismatch
[info]   at java.base/jdk.internal.reflect.DirectConstructorHandleAccessor.newInstance(DirectConstructorHandleAccessor.java:65)
[info]   at java.base/java.lang.reflect.Constructor.newInstanceWithCaller(Constructor.java:502)
[info]   at java.base/java.lang.reflect.Constructor.newInstance(Constructor.java:486)
[info]   at frameless.TypedExpressionEncoder$.$anonfun$apply$3(TypedExpressionEncoder.scala:55)
[info]   at scala.Option.map(Option.scala:242)
[info]   at frameless.TypedExpressionEncoder$.apply(TypedExpressionEncoder.scala:54)
[info]   at frameless.TypedDataset$.create(TypedDataset.scala:1325)
[info]   at frameless.ops.SmartProjectTest.prop$1(SmartProjectTest.scala:29)
[info]   at frameless.ops.SmartProjectTest.$anonfun$new$79(SmartProjectTest.scala:37)
[info]   at scala.Function1.$anonfun$andThen$1(Function1.scala:87)
[info]   at org.scalacheck.Prop$.$anonfun$forAllShrink$2(Prop.scala:868)
[info]   at org.scalacheck.Prop$.secure(Prop.scala:484)
[info]   at org.scalacheck.Prop$.result$1(Prop.scala:868)
[info]   at org.scalacheck.Prop$.$anonfun$forAllShrink$1(Prop.scala:915)
[info]   at org.scalacheck.Prop$.$anonfun$apply$1(Prop.scala:305)
[info]   at org.scalacheck.PropFromFun.apply(Prop.scala:20)
[info]   at org.scalacheck.Test$.workerFun$1(Test.scala:486)
[info]   at org.scalacheck.Test$.$anonfun$check$4(Test.scala:518)
[info]   at org.scalacheck.Test$.$anonfun$check$4$adapted(Test.scala:518)
[info]   at org.scalacheck.Platform$.runWorkers(Platform.scala:42)
[info]   at org.scalacheck.Test$.check(Test.scala:518)
[info]   at org.scalatestplus.scalacheck.UnitCheckerAsserting$CheckerAssertingImpl.check(CheckerAsserting.scala:90)
[info]   at org.scalatestplus.scalacheck.Checkers.check(Checkers.scala:371)
[info]   at org.scalatestplus.scalacheck.Checkers.check$(Checkers.scala:369)
[info]   at frameless.TypedDatasetSuite.check(TypedDatasetSuite.scala:63)
[info]   at frameless.ops.SmartProjectTest.$anonfun$new$15(SmartProjectTest.scala:37)
[info]   at org.scalatest.OutcomeOf.outcomeOf(OutcomeOf.scala:85)
[info]   at org.scalatest.OutcomeOf.outcomeOf$(OutcomeOf.scala:83)
[info]   at org.scalatest.OutcomeOf$.outcomeOf(OutcomeOf.scala:104)
[info]   at org.scalatest.Transformer.apply(Transformer.scala:22)
[info]   at org.scalatest.Transformer.apply(Transformer.scala:20)
[info]   at org.scalatest.funsuite.AnyFunSuiteLike$$anon$1.apply(AnyFunSuiteLike.scala:226)
[info]   at org.scalatest.TestSuite.withFixture(TestSuite.scala:196)
[info]   at org.scalatest.TestSuite.withFixture$(TestSuite.scala:195)
[info]   at org.scalatest.funsuite.AnyFunSuite.withFixture(AnyFunSuite.scala:1564)
[info]   at org.scalatest.funsuite.AnyFunSuiteLike.invokeWithFixture$1(AnyFunSuiteLike.scala:224)
[info]   at org.scalatest.funsuite.AnyFunSuiteLike.$anonfun$runTest$1(AnyFunSuiteLike.scala:236)
[info]   at org.scalatest.SuperEngine.runTestImpl(Engine.scala:306)
[info]   at org.scalatest.funsuite.AnyFunSuiteLike.runTest(AnyFunSuiteLike.scala:236)
[info]   at org.scalatest.funsuite.AnyFunSuiteLike.runTest$(AnyFunSuiteLike.scala:218)
[info]   at org.scalatest.funsuite.AnyFunSuite.runTest(AnyFunSuite.scala:1564)
[info]   at org.scalatest.funsuite.AnyFunSuiteLike.$anonfun$runTests$1(AnyFunSuiteLike.scala:269)
[info]   at org.scalatest.SuperEngine.$anonfun$runTestsInBranch$1(Engine.scala:413)
[info]   at scala.collection.immutable.List.foreach(List.scala:334)
[info]   at org.scalatest.SuperEngine.traverseSubNodes$1(Engine.scala:401)
[info]   at org.scalatest.SuperEngine.runTestsInBranch(Engine.scala:396)
[info]   at org.scalatest.SuperEngine.runTestsImpl(Engine.scala:475)
[info]   at org.scalatest.funsuite.AnyFunSuiteLike.runTests(AnyFunSuiteLike.scala:269)
[info]   at org.scalatest.funsuite.AnyFunSuiteLike.runTests$(AnyFunSuiteLike.scala:268)
[info]   at org.scalatest.funsuite.AnyFunSuite.runTests(AnyFunSuite.scala:1564)
[info]   at org.scalatest.Suite.run(Suite.scala:1114)
[info]   at org.scalatest.Suite.run$(Suite.scala:1096)
[info]   at org.scalatest.funsuite.AnyFunSuite.org$scalatest$funsuite$AnyFunSuiteLike$$super$run(AnyFunSuite.scala:1564)
[info]   at org.scalatest.funsuite.AnyFunSuiteLike.$anonfun$run$1(AnyFunSuiteLike.scala:273)
[info]   at org.scalatest.SuperEngine.runImpl(Engine.scala:535)
[info]   at org.scalatest.funsuite.AnyFunSuiteLike.run(AnyFunSuiteLike.scala:273)
[info]   at org.scalatest.funsuite.AnyFunSuiteLike.run$(AnyFunSuiteLike.scala:272)
[info]   at frameless.TypedDatasetSuite.org$scalatest$BeforeAndAfterAll$$super$run(TypedDatasetSuite.scala:63)
[info]   at org.scalatest.BeforeAndAfterAll.liftedTree1$1(BeforeAndAfterAll.scala:213)
[info]   at org.scalatest.BeforeAndAfterAll.run(BeforeAndAfterAll.scala:210)
[info]   at org.scalatest.BeforeAndAfterAll.run$(BeforeAndAfterAll.scala:208)
[info]   at frameless.TypedDatasetSuite.run(TypedDatasetSuite.scala:63)
[info]   at org.scalatest.tools.Framework.org$scalatest$tools$Framework$$runSuite(Framework.scala:321)
[info]   at org.scalatest.tools.Framework$ScalaTestTask.execute(Framework.scala:517)
[info]   at sbt.ForkMain$Run.lambda$runTest$1(ForkMain.java:414)
[info]   at java.base/java.util.concurrent.FutureTask.run(FutureTask.java:317)
[info]   at java.base/java.util.concurrent.ThreadPoolExecutor.runWorker(ThreadPoolExecutor.java:1144)
[info]   at java.base/java.util.concurrent.ThreadPoolExecutor$Worker.run(ThreadPoolExecutor.java:642)
[info]   at java.base/java.lang.Thread.run(Thread.java:1583)
[info]   Cause: java.lang.ClassCastException: Cannot cast scala.reflect.ClassTag$GenericClassTag to org.apache.spark.sql.catalyst.expressions.Expression
[info]   at java.base/java.lang.Class.cast(Class.java:4067)
[info]   at java.base/jdk.internal.reflect.DirectConstructorHandleAccessor.newInstance(DirectConstructorHandleAccessor.java:62)
[info]   at java.base/java.lang.reflect.Constructor.newInstanceWithCaller(Constructor.java:502)
[info]   at java.base/java.lang.reflect.Constructor.newInstance(Constructor.java:486)
[info]   at frameless.TypedExpressionEncoder$.$anonfun$apply$3(TypedExpressionEncoder.scala:55)
[info]   at scala.Option.map(Option.scala:242)
[info]   at frameless.TypedExpressionEncoder$.apply(TypedExpressionEncoder.scala:54)
[info]   at frameless.TypedDataset$.create(TypedDataset.scala:1325)
[info]   at frameless.ops.SmartProjectTest.prop$1(SmartProjectTest.scala:29)
[info]   at frameless.ops.SmartProjectTest.$anonfun$new$79(SmartProjectTest.scala:37)
[info]   at scala.Function1.$anonfun$andThen$1(Function1.scala:87)
[info]   at org.scalacheck.Prop$.$anonfun$forAllShrink$2(Prop.scala:868)
[info]   at org.scalacheck.Prop$.secure(Prop.scala:484)
[info]   at org.scalacheck.Prop$.result$1(Prop.scala:868)
[info]   at org.scalacheck.Prop$.$anonfun$forAllShrink$1(Prop.scala:915)
[info]   at org.scalacheck.Prop$.$anonfun$apply$1(Prop.scala:305)
[info]   at org.scalacheck.PropFromFun.apply(Prop.scala:20)
[info]   at org.scalacheck.Test$.workerFun$1(Test.scala:486)
[info]   at org.scalacheck.Test$.$anonfun$check$4(Test.scala:518)
[info]   at org.scalacheck.Test$.$anonfun$check$4$adapted(Test.scala:518)
[info]   at org.scalacheck.Platform$.runWorkers(Platform.scala:42)
[info]   at org.scalacheck.Test$.check(Test.scala:518)
[info]   at org.scalatestplus.scalacheck.UnitCheckerAsserting$CheckerAssertingImpl.check(CheckerAsserting.scala:90)
[info]   at org.scalatestplus.scalacheck.Checkers.check(Checkers.scala:371)
[info]   at org.scalatestplus.scalacheck.Checkers.check$(Checkers.scala:369)
[info]   at frameless.TypedDatasetSuite.check(TypedDatasetSuite.scala:63)
[info]   at frameless.ops.SmartProjectTest.$anonfun$new$15(SmartProjectTest.scala:37)
[info]   at org.scalatest.OutcomeOf.outcomeOf(OutcomeOf.scala:85)
[info]   at org.scalatest.OutcomeOf.outcomeOf$(OutcomeOf.scala:83)
[info]   at org.scalatest.OutcomeOf$.outcomeOf(OutcomeOf.scala:104)
[info]   at org.scalatest.Transformer.apply(Transformer.scala:22)
[info]   at org.scalatest.Transformer.apply(Transformer.scala:20)
[info]   at org.scalatest.funsuite.AnyFunSuiteLike$$anon$1.apply(AnyFunSuiteLike.scala:226)
[info]   at org.scalatest.TestSuite.withFixture(TestSuite.scala:196)
[info]   at org.scalatest.TestSuite.withFixture$(TestSuite.scala:195)
[info]   at org.scalatest.funsuite.AnyFunSuite.withFixture(AnyFunSuite.scala:1564)
[info]   at org.scalatest.funsuite.AnyFunSuiteLike.invokeWithFixture$1(AnyFunSuiteLike.scala:224)
[info]   at org.scalatest.funsuite.AnyFunSuiteLike.$anonfun$runTest$1(AnyFunSuiteLike.scala:236)
[info]   at org.scalatest.SuperEngine.runTestImpl(Engine.scala:306)
[info]   at org.scalatest.funsuite.AnyFunSuiteLike.runTest(AnyFunSuiteLike.scala:236)
[info]   at org.scalatest.funsuite.AnyFunSuiteLike.runTest$(AnyFunSuiteLike.scala:218)
[info]   at org.scalatest.funsuite.AnyFunSuite.runTest(AnyFunSuite.scala:1564)
[info]   at org.scalatest.funsuite.AnyFunSuiteLike.$anonfun$runTests$1(AnyFunSuiteLike.scala:269)
[info]   at org.scalatest.SuperEngine.$anonfun$runTestsInBranch$1(Engine.scala:413)
[info]   at scala.collection.immutable.List.foreach(List.scala:334)
[info]   at org.scalatest.SuperEngine.traverseSubNodes$1(Engine.scala:401)
[info]   at org.scalatest.SuperEngine.runTestsInBranch(Engine.scala:396)
[info]   at org.scalatest.SuperEngine.runTestsImpl(Engine.scala:475)
[info]   at org.scalatest.funsuite.AnyFunSuiteLike.runTests(AnyFunSuiteLike.scala:269)
[info]   at org.scalatest.funsuite.AnyFunSuiteLike.runTests$(AnyFunSuiteLike.scala:268)
[info]   at org.scalatest.funsuite.AnyFunSuite.runTests(AnyFunSuite.scala:1564)
[info]   at org.scalatest.Suite.run(Suite.scala:1114)
[info]   at org.scalatest.Suite.run$(Suite.scala:1096)
[info]   at org.scalatest.funsuite.AnyFunSuite.org$scalatest$funsuite$AnyFunSuiteLike$$super$run(AnyFunSuite.scala:1564)
[info]   at org.scalatest.funsuite.AnyFunSuiteLike.$anonfun$run$1(AnyFunSuiteLike.scala:273)
[info]   at org.scalatest.SuperEngine.runImpl(Engine.scala:535)
[info]   at org.scalatest.funsuite.AnyFunSuiteLike.run(AnyFunSuiteLike.scala:273)
[info]   at org.scalatest.funsuite.AnyFunSuiteLike.run$(AnyFunSuiteLike.scala:272)
[info]   at frameless.TypedDatasetSuite.org$scalatest$BeforeAndAfterAll$$super$run(TypedDatasetSuite.scala:63)
[info]   at org.scalatest.BeforeAndAfterAll.liftedTree1$1(BeforeAndAfterAll.scala:213)
[info]   at org.scalatest.BeforeAndAfterAll.run(BeforeAndAfterAll.scala:210)
[info]   at org.scalatest.BeforeAndAfterAll.run$(BeforeAndAfterAll.scala:208)
[info]   at frameless.TypedDatasetSuite.run(TypedDatasetSuite.scala:63)
[info]   at org.scalatest.tools.Framework.org$scalatest$tools$Framework$$runSuite(Framework.scala:321)
[info]   at org.scalatest.tools.Framework$ScalaTestTask.execute(Framework.scala:517)
[info]   at sbt.ForkMain$Run.lambda$runTest$1(ForkMain.java:414)
[info]   at java.base/java.util.concurrent.FutureTask.run(FutureTask.java:317)
[info]   at java.base/java.util.concurrent.ThreadPoolExecutor.runWorker(ThreadPoolExecutor.java:1144)
[info]   at java.base/java.util.concurrent.ThreadPoolExecutor$Worker.run(ThreadPoolExecutor.java:642)
[info]   at java.base/java.lang.Thread.run(Thread.java:1583)
[info] - X3U to X1,X2,X3 projections *** FAILED *** (6 milliseconds)
[info]   IllegalArgumentException was thrown during property evaluation.
[info]     Message: argument type mismatch
[info]     Occurred when passed generated values (
[info]       arg0 = Vector()
[info]     )
[info]   org.scalatest.exceptions.GeneratorDrivenPropertyCheckFailedException:
[info]   at org.scalatestplus.scalacheck.CheckerAsserting$$anon$2.indicateFailure(CheckerAsserting.scala:251)
[info]   at org.scalatestplus.scalacheck.CheckerAsserting$$anon$2.indicateFailure(CheckerAsserting.scala:238)
[info]   at org.scalatestplus.scalacheck.UnitCheckerAsserting$CheckerAssertingImpl.check(CheckerAsserting.scala:160)
[info]   at org.scalatestplus.scalacheck.Checkers.check(Checkers.scala:371)
[info]   at org.scalatestplus.scalacheck.Checkers.check$(Checkers.scala:369)
[info]   at frameless.TypedDatasetSuite.check(TypedDatasetSuite.scala:63)
[info]   at frameless.ops.SmartProjectTest.$anonfun$new$117(SmartProjectTest.scala:53)
[info]   at org.scalatest.OutcomeOf.outcomeOf(OutcomeOf.scala:85)
[info]   at org.scalatest.OutcomeOf.outcomeOf$(OutcomeOf.scala:83)
[info]   at org.scalatest.OutcomeOf$.outcomeOf(OutcomeOf.scala:104)
[info]   at org.scalatest.Transformer.apply(Transformer.scala:22)
[info]   at org.scalatest.Transformer.apply(Transformer.scala:20)
[info]   at org.scalatest.funsuite.AnyFunSuiteLike$$anon$1.apply(AnyFunSuiteLike.scala:226)
[info]   at org.scalatest.TestSuite.withFixture(TestSuite.scala:196)
[info]   at org.scalatest.TestSuite.withFixture$(TestSuite.scala:195)
[info]   at org.scalatest.funsuite.AnyFunSuite.withFixture(AnyFunSuite.scala:1564)
[info]   at org.scalatest.funsuite.AnyFunSuiteLike.invokeWithFixture$1(AnyFunSuiteLike.scala:224)
[info]   at org.scalatest.funsuite.AnyFunSuiteLike.$anonfun$runTest$1(AnyFunSuiteLike.scala:236)
[info]   at org.scalatest.SuperEngine.runTestImpl(Engine.scala:306)
[info]   at org.scalatest.funsuite.AnyFunSuiteLike.runTest(AnyFunSuiteLike.scala:236)
[info]   at org.scalatest.funsuite.AnyFunSuiteLike.runTest$(AnyFunSuiteLike.scala:218)
[info]   at org.scalatest.funsuite.AnyFunSuite.runTest(AnyFunSuite.scala:1564)
[info]   at org.scalatest.funsuite.AnyFunSuiteLike.$anonfun$runTests$1(AnyFunSuiteLike.scala:269)
[info]   at org.scalatest.SuperEngine.$anonfun$runTestsInBranch$1(Engine.scala:413)
[info]   at scala.collection.immutable.List.foreach(List.scala:334)
[info]   at org.scalatest.SuperEngine.traverseSubNodes$1(Engine.scala:401)
[info]   at org.scalatest.SuperEngine.runTestsInBranch(Engine.scala:396)
[info]   at org.scalatest.SuperEngine.runTestsImpl(Engine.scala:475)
[info]   at org.scalatest.funsuite.AnyFunSuiteLike.runTests(AnyFunSuiteLike.scala:269)
[info]   at org.scalatest.funsuite.AnyFunSuiteLike.runTests$(AnyFunSuiteLike.scala:268)
[info]   at org.scalatest.funsuite.AnyFunSuite.runTests(AnyFunSuite.scala:1564)
[info]   at org.scalatest.Suite.run(Suite.scala:1114)
[info]   at org.scalatest.Suite.run$(Suite.scala:1096)
[info]   at org.scalatest.funsuite.AnyFunSuite.org$scalatest$funsuite$AnyFunSuiteLike$$super$run(AnyFunSuite.scala:1564)
[info]   at org.scalatest.funsuite.AnyFunSuiteLike.$anonfun$run$1(AnyFunSuiteLike.scala:273)
[info]   at org.scalatest.SuperEngine.runImpl(Engine.scala:535)
[info]   at org.scalatest.funsuite.AnyFunSuiteLike.run(AnyFunSuiteLike.scala:273)
[info]   at org.scalatest.funsuite.AnyFunSuiteLike.run$(AnyFunSuiteLike.scala:272)
[info]   at frameless.TypedDatasetSuite.org$scalatest$BeforeAndAfterAll$$super$run(TypedDatasetSuite.scala:63)
[info]   at org.scalatest.BeforeAndAfterAll.liftedTree1$1(BeforeAndAfterAll.scala:213)
[info]   at org.scalatest.BeforeAndAfterAll.run(BeforeAndAfterAll.scala:210)
[info]   at org.scalatest.BeforeAndAfterAll.run$(BeforeAndAfterAll.scala:208)
[info]   at frameless.TypedDatasetSuite.run(TypedDatasetSuite.scala:63)
[info]   at org.scalatest.tools.Framework.org$scalatest$tools$Framework$$runSuite(Framework.scala:321)
[info]   at org.scalatest.tools.Framework$ScalaTestTask.execute(Framework.scala:517)
[info]   at sbt.ForkMain$Run.lambda$runTest$1(ForkMain.java:414)
[info]   at java.base/java.util.concurrent.FutureTask.run(FutureTask.java:317)
[info]   at java.base/java.util.concurrent.ThreadPoolExecutor.runWorker(ThreadPoolExecutor.java:1144)
[info]   at java.base/java.util.concurrent.ThreadPoolExecutor$Worker.run(ThreadPoolExecutor.java:642)
[info]   at java.base/java.lang.Thread.run(Thread.java:1583)
[info]   Cause: java.lang.IllegalArgumentException: argument type mismatch
[info]   at java.base/jdk.internal.reflect.DirectConstructorHandleAccessor.newInstance(DirectConstructorHandleAccessor.java:65)
[info]   at java.base/java.lang.reflect.Constructor.newInstanceWithCaller(Constructor.java:502)
[info]   at java.base/java.lang.reflect.Constructor.newInstance(Constructor.java:486)
[info]   at frameless.TypedExpressionEncoder$.$anonfun$apply$3(TypedExpressionEncoder.scala:55)
[info]   at scala.Option.map(Option.scala:242)
[info]   at frameless.TypedExpressionEncoder$.apply(TypedExpressionEncoder.scala:54)
[info]   at frameless.TypedDataset$.create(TypedDataset.scala:1325)
[info]   at frameless.ops.SmartProjectTest.prop$2(SmartProjectTest.scala:46)
[info]   at frameless.ops.SmartProjectTest.$anonfun$new$167(SmartProjectTest.scala:53)
[info]   at scala.Function1.$anonfun$andThen$1(Function1.scala:87)
[info]   at org.scalacheck.Prop$.$anonfun$forAllShrink$2(Prop.scala:868)
[info]   at org.scalacheck.Prop$.secure(Prop.scala:484)
[info]   at org.scalacheck.Prop$.result$1(Prop.scala:868)
[info]   at org.scalacheck.Prop$.$anonfun$forAllShrink$1(Prop.scala:915)
[info]   at org.scalacheck.Prop$.$anonfun$apply$1(Prop.scala:305)
[info]   at org.scalacheck.PropFromFun.apply(Prop.scala:20)
[info]   at org.scalacheck.Test$.workerFun$1(Test.scala:486)
[info]   at org.scalacheck.Test$.$anonfun$check$4(Test.scala:518)
[info]   at org.scalacheck.Test$.$anonfun$check$4$adapted(Test.scala:518)
[info]   at org.scalacheck.Platform$.runWorkers(Platform.scala:42)
[info]   at org.scalacheck.Test$.check(Test.scala:518)
[info]   at org.scalatestplus.scalacheck.UnitCheckerAsserting$CheckerAssertingImpl.check(CheckerAsserting.scala:90)
[info]   at org.scalatestplus.scalacheck.Checkers.check(Checkers.scala:371)
[info]   at org.scalatestplus.scalacheck.Checkers.check$(Checkers.scala:369)
[info]   at frameless.TypedDatasetSuite.check(TypedDatasetSuite.scala:63)
[info]   at frameless.ops.SmartProjectTest.$anonfun$new$117(SmartProjectTest.scala:53)
[info]   at org.scalatest.OutcomeOf.outcomeOf(OutcomeOf.scala:85)
[info]   at org.scalatest.OutcomeOf.outcomeOf$(OutcomeOf.scala:83)
[info]   at org.scalatest.OutcomeOf$.outcomeOf(OutcomeOf.scala:104)
[info]   at org.scalatest.Transformer.apply(Transformer.scala:22)
[info]   at org.scalatest.Transformer.apply(Transformer.scala:20)
[info]   at org.scalatest.funsuite.AnyFunSuiteLike$$anon$1.apply(AnyFunSuiteLike.scala:226)
[info]   at org.scalatest.TestSuite.withFixture(TestSuite.scala:196)
[info]   at org.scalatest.TestSuite.withFixture$(TestSuite.scala:195)
[info]   at org.scalatest.funsuite.AnyFunSuite.withFixture(AnyFunSuite.scala:1564)
[info]   at org.scalatest.funsuite.AnyFunSuiteLike.invokeWithFixture$1(AnyFunSuiteLike.scala:224)
[info]   at org.scalatest.funsuite.AnyFunSuiteLike.$anonfun$runTest$1(AnyFunSuiteLike.scala:236)
[info]   at org.scalatest.SuperEngine.runTestImpl(Engine.scala:306)
[info]   at org.scalatest.funsuite.AnyFunSuiteLike.runTest(AnyFunSuiteLike.scala:236)
[info]   at org.scalatest.funsuite.AnyFunSuiteLike.runTest$(AnyFunSuiteLike.scala:218)
[info]   at org.scalatest.funsuite.AnyFunSuite.runTest(AnyFunSuite.scala:1564)
[info]   at org.scalatest.funsuite.AnyFunSuiteLike.$anonfun$runTests$1(AnyFunSuiteLike.scala:269)
[info]   at org.scalatest.SuperEngine.$anonfun$runTestsInBranch$1(Engine.scala:413)
[info]   at scala.collection.immutable.List.foreach(List.scala:334)
[info]   at org.scalatest.SuperEngine.traverseSubNodes$1(Engine.scala:401)
[info]   at org.scalatest.SuperEngine.runTestsInBranch(Engine.scala:396)
[info]   at org.scalatest.SuperEngine.runTestsImpl(Engine.scala:475)
[info]   at org.scalatest.funsuite.AnyFunSuiteLike.runTests(AnyFunSuiteLike.scala:269)
[info]   at org.scalatest.funsuite.AnyFunSuiteLike.runTests$(AnyFunSuiteLike.scala:268)
[info]   at org.scalatest.funsuite.AnyFunSuite.runTests(AnyFunSuite.scala:1564)
[info]   at org.scalatest.Suite.run(Suite.scala:1114)
[info]   at org.scalatest.Suite.run$(Suite.scala:1096)
[info]   at org.scalatest.funsuite.AnyFunSuite.org$scalatest$funsuite$AnyFunSuiteLike$$super$run(AnyFunSuite.scala:1564)
[info]   at org.scalatest.funsuite.AnyFunSuiteLike.$anonfun$run$1(AnyFunSuiteLike.scala:273)
[info]   at org.scalatest.SuperEngine.runImpl(Engine.scala:535)
[info]   at org.scalatest.funsuite.AnyFunSuiteLike.run(AnyFunSuiteLike.scala:273)
[info]   at org.scalatest.funsuite.AnyFunSuiteLike.run$(AnyFunSuiteLike.scala:272)
[info]   at frameless.TypedDatasetSuite.org$scalatest$BeforeAndAfterAll$$super$run(TypedDatasetSuite.scala:63)
[info]   at org.scalatest.BeforeAndAfterAll.liftedTree1$1(BeforeAndAfterAll.scala:213)
[info]   at org.scalatest.BeforeAndAfterAll.run(BeforeAndAfterAll.scala:210)
[info]   at org.scalatest.BeforeAndAfterAll.run$(BeforeAndAfterAll.scala:208)
[info]   at frameless.TypedDatasetSuite.run(TypedDatasetSuite.scala:63)
[info]   at org.scalatest.tools.Framework.org$scalatest$tools$Framework$$runSuite(Framework.scala:321)
[info]   at org.scalatest.tools.Framework$ScalaTestTask.execute(Framework.scala:517)
[info]   at sbt.ForkMain$Run.lambda$runTest$1(ForkMain.java:414)
[info]   at java.base/java.util.concurrent.FutureTask.run(FutureTask.java:317)
[info]   at java.base/java.util.concurrent.ThreadPoolExecutor.runWorker(ThreadPoolExecutor.java:1144)
[info]   at java.base/java.util.concurrent.ThreadPoolExecutor$Worker.run(ThreadPoolExecutor.java:642)
[info]   at java.base/java.lang.Thread.run(Thread.java:1583)
[info]   Cause: java.lang.ClassCastException: Cannot cast scala.reflect.ClassTag$GenericClassTag to org.apache.spark.sql.catalyst.expressions.Expression
[info]   at java.base/java.lang.Class.cast(Class.java:4067)
[info]   at java.base/jdk.internal.reflect.DirectConstructorHandleAccessor.newInstance(DirectConstructorHandleAccessor.java:62)
[info]   at java.base/java.lang.reflect.Constructor.newInstanceWithCaller(Constructor.java:502)
[info]   at java.base/java.lang.reflect.Constructor.newInstance(Constructor.java:486)
[info]   at frameless.TypedExpressionEncoder$.$anonfun$apply$3(TypedExpressionEncoder.scala:55)
[info]   at scala.Option.map(Option.scala:242)
[info]   at frameless.TypedExpressionEncoder$.apply(TypedExpressionEncoder.scala:54)
[info]   at frameless.TypedDataset$.create(TypedDataset.scala:1325)
[info]   at frameless.ops.SmartProjectTest.prop$2(SmartProjectTest.scala:46)
[info]   at frameless.ops.SmartProjectTest.$anonfun$new$167(SmartProjectTest.scala:53)
[info]   at scala.Function1.$anonfun$andThen$1(Function1.scala:87)
[info]   at org.scalacheck.Prop$.$anonfun$forAllShrink$2(Prop.scala:868)
[info]   at org.scalacheck.Prop$.secure(Prop.scala:484)
[info]   at org.scalacheck.Prop$.result$1(Prop.scala:868)
[info]   at org.scalacheck.Prop$.$anonfun$forAllShrink$1(Prop.scala:915)
[info]   at org.scalacheck.Prop$.$anonfun$apply$1(Prop.scala:305)
[info]   at org.scalacheck.PropFromFun.apply(Prop.scala:20)
[info]   at org.scalacheck.Test$.workerFun$1(Test.scala:486)
[info]   at org.scalacheck.Test$.$anonfun$check$4(Test.scala:518)
[info]   at org.scalacheck.Test$.$anonfun$check$4$adapted(Test.scala:518)
[info]   at org.scalacheck.Platform$.runWorkers(Platform.scala:42)
[info]   at org.scalacheck.Test$.check(Test.scala:518)
[info]   at org.scalatestplus.scalacheck.UnitCheckerAsserting$CheckerAssertingImpl.check(CheckerAsserting.scala:90)
[info]   at org.scalatestplus.scalacheck.Checkers.check(Checkers.scala:371)
[info]   at org.scalatestplus.scalacheck.Checkers.check$(Checkers.scala:369)
[info]   at frameless.TypedDatasetSuite.check(TypedDatasetSuite.scala:63)
[info]   at frameless.ops.SmartProjectTest.$anonfun$new$117(SmartProjectTest.scala:53)
[info]   at org.scalatest.OutcomeOf.outcomeOf(OutcomeOf.scala:85)
[info]   at org.scalatest.OutcomeOf.outcomeOf$(OutcomeOf.scala:83)
[info]   at org.scalatest.OutcomeOf$.outcomeOf(OutcomeOf.scala:104)
[info]   at org.scalatest.Transformer.apply(Transformer.scala:22)
[info]   at org.scalatest.Transformer.apply(Transformer.scala:20)
[info]   at org.scalatest.funsuite.AnyFunSuiteLike$$anon$1.apply(AnyFunSuiteLike.scala:226)
[info]   at org.scalatest.TestSuite.withFixture(TestSuite.scala:196)
[info]   at org.scalatest.TestSuite.withFixture$(TestSuite.scala:195)
[info]   at org.scalatest.funsuite.AnyFunSuite.withFixture(AnyFunSuite.scala:1564)
[info]   at org.scalatest.funsuite.AnyFunSuiteLike.invokeWithFixture$1(AnyFunSuiteLike.scala:224)
[info]   at org.scalatest.funsuite.AnyFunSuiteLike.$anonfun$runTest$1(AnyFunSuiteLike.scala:236)
[info]   at org.scalatest.SuperEngine.runTestImpl(Engine.scala:306)
[info]   at org.scalatest.funsuite.AnyFunSuiteLike.runTest(AnyFunSuiteLike.scala:236)
[info]   at org.scalatest.funsuite.AnyFunSuiteLike.runTest$(AnyFunSuiteLike.scala:218)
[info]   at org.scalatest.funsuite.AnyFunSuite.runTest(AnyFunSuite.scala:1564)
[info]   at org.scalatest.funsuite.AnyFunSuiteLike.$anonfun$runTests$1(AnyFunSuiteLike.scala:269)
[info]   at org.scalatest.SuperEngine.$anonfun$runTestsInBranch$1(Engine.scala:413)
[info]   at scala.collection.immutable.List.foreach(List.scala:334)
[info]   at org.scalatest.SuperEngine.traverseSubNodes$1(Engine.scala:401)
[info]   at org.scalatest.SuperEngine.runTestsInBranch(Engine.scala:396)
[info]   at org.scalatest.SuperEngine.runTestsImpl(Engine.scala:475)
[info]   at org.scalatest.funsuite.AnyFunSuiteLike.runTests(AnyFunSuiteLike.scala:269)
[info]   at org.scalatest.funsuite.AnyFunSuiteLike.runTests$(AnyFunSuiteLike.scala:268)
[info]   at org.scalatest.funsuite.AnyFunSuite.runTests(AnyFunSuite.scala:1564)
[info]   at org.scalatest.Suite.run(Suite.scala:1114)
[info]   at org.scalatest.Suite.run$(Suite.scala:1096)
[info]   at org.scalatest.funsuite.AnyFunSuite.org$scalatest$funsuite$AnyFunSuiteLike$$super$run(AnyFunSuite.scala:1564)
[info]   at org.scalatest.funsuite.AnyFunSuiteLike.$anonfun$run$1(AnyFunSuiteLike.scala:273)
[info]   at org.scalatest.SuperEngine.runImpl(Engine.scala:535)
[info]   at org.scalatest.funsuite.AnyFunSuiteLike.run(AnyFunSuiteLike.scala:273)
[info]   at org.scalatest.funsuite.AnyFunSuiteLike.run$(AnyFunSuiteLike.scala:272)
[info]   at frameless.TypedDatasetSuite.org$scalatest$BeforeAndAfterAll$$super$run(TypedDatasetSuite.scala:63)
[info]   at org.scalatest.BeforeAndAfterAll.liftedTree1$1(BeforeAndAfterAll.scala:213)
[info]   at org.scalatest.BeforeAndAfterAll.run(BeforeAndAfterAll.scala:210)
[info]   at org.scalatest.BeforeAndAfterAll.run$(BeforeAndAfterAll.scala:208)
[info]   at frameless.TypedDatasetSuite.run(TypedDatasetSuite.scala:63)
[info]   at org.scalatest.tools.Framework.org$scalatest$tools$Framework$$runSuite(Framework.scala:321)
[info]   at org.scalatest.tools.Framework$ScalaTestTask.execute(Framework.scala:517)
[info]   at sbt.ForkMain$Run.lambda$runTest$1(ForkMain.java:414)
[info]   at java.base/java.util.concurrent.FutureTask.run(FutureTask.java:317)
[info]   at java.base/java.util.concurrent.ThreadPoolExecutor.runWorker(ThreadPoolExecutor.java:1144)
[info]   at java.base/java.util.concurrent.ThreadPoolExecutor$Worker.run(ThreadPoolExecutor.java:642)
[info]   at java.base/java.lang.Thread.run(Thread.java:1583)
[info] WithColumnTupledTest:
[info] - append five columns *** FAILED *** (6 milliseconds)
[info]   IllegalArgumentException was thrown during property evaluation.
[info]     Message: argument type mismatch
[info]     Occurred when passed generated values (
[info]       arg0 = 0 // 1 shrink
[info]     )
[info]   org.scalatest.exceptions.GeneratorDrivenPropertyCheckFailedException:
[info]   at org.scalatestplus.scalacheck.CheckerAsserting$$anon$2.indicateFailure(CheckerAsserting.scala:251)
[info]   at org.scalatestplus.scalacheck.CheckerAsserting$$anon$2.indicateFailure(CheckerAsserting.scala:238)
[info]   at org.scalatestplus.scalacheck.UnitCheckerAsserting$CheckerAssertingImpl.check(CheckerAsserting.scala:160)
[info]   at org.scalatestplus.scalacheck.Checkers.check(Checkers.scala:244)
[info]   at org.scalatestplus.scalacheck.Checkers.check$(Checkers.scala:235)
[info]   at frameless.TypedDatasetSuite.check(TypedDatasetSuite.scala:63)
[info]   at frameless.WithColumnTupledTest.$anonfun$new$1(WithColumnTupledTest.scala:19)
[info]   at org.scalatest.OutcomeOf.outcomeOf(OutcomeOf.scala:85)
[info]   at org.scalatest.OutcomeOf.outcomeOf$(OutcomeOf.scala:83)
[info]   at org.scalatest.OutcomeOf$.outcomeOf(OutcomeOf.scala:104)
[info]   at org.scalatest.Transformer.apply(Transformer.scala:22)
[info]   at org.scalatest.Transformer.apply(Transformer.scala:20)
[info]   at org.scalatest.funsuite.AnyFunSuiteLike$$anon$1.apply(AnyFunSuiteLike.scala:226)
[info]   at org.scalatest.TestSuite.withFixture(TestSuite.scala:196)
[info]   at org.scalatest.TestSuite.withFixture$(TestSuite.scala:195)
[info]   at org.scalatest.funsuite.AnyFunSuite.withFixture(AnyFunSuite.scala:1564)
[info]   at org.scalatest.funsuite.AnyFunSuiteLike.invokeWithFixture$1(AnyFunSuiteLike.scala:224)
[info]   at org.scalatest.funsuite.AnyFunSuiteLike.$anonfun$runTest$1(AnyFunSuiteLike.scala:236)
[info]   at org.scalatest.SuperEngine.runTestImpl(Engine.scala:306)
[info]   at org.scalatest.funsuite.AnyFunSuiteLike.runTest(AnyFunSuiteLike.scala:236)
[info]   at org.scalatest.funsuite.AnyFunSuiteLike.runTest$(AnyFunSuiteLike.scala:218)
[info]   at org.scalatest.funsuite.AnyFunSuite.runTest(AnyFunSuite.scala:1564)
[info]   at org.scalatest.funsuite.AnyFunSuiteLike.$anonfun$runTests$1(AnyFunSuiteLike.scala:269)
[info]   at org.scalatest.SuperEngine.$anonfun$runTestsInBranch$1(Engine.scala:413)
[info]   at scala.collection.immutable.List.foreach(List.scala:334)
[info]   at org.scalatest.SuperEngine.traverseSubNodes$1(Engine.scala:401)
[info]   at org.scalatest.SuperEngine.runTestsInBranch(Engine.scala:396)
[info]   at org.scalatest.SuperEngine.runTestsImpl(Engine.scala:475)
[info]   at org.scalatest.funsuite.AnyFunSuiteLike.runTests(AnyFunSuiteLike.scala:269)
[info]   at org.scalatest.funsuite.AnyFunSuiteLike.runTests$(AnyFunSuiteLike.scala:268)
[info]   at org.scalatest.funsuite.AnyFunSuite.runTests(AnyFunSuite.scala:1564)
[info]   at org.scalatest.Suite.run(Suite.scala:1114)
[info]   at org.scalatest.Suite.run$(Suite.scala:1096)
[info]   at org.scalatest.funsuite.AnyFunSuite.org$scalatest$funsuite$AnyFunSuiteLike$$super$run(AnyFunSuite.scala:1564)
[info]   at org.scalatest.funsuite.AnyFunSuiteLike.$anonfun$run$1(AnyFunSuiteLike.scala:273)
[info]   at org.scalatest.SuperEngine.runImpl(Engine.scala:535)
[info]   at org.scalatest.funsuite.AnyFunSuiteLike.run(AnyFunSuiteLike.scala:273)
[info]   at org.scalatest.funsuite.AnyFunSuiteLike.run$(AnyFunSuiteLike.scala:272)
[info]   at frameless.TypedDatasetSuite.org$scalatest$BeforeAndAfterAll$$super$run(TypedDatasetSuite.scala:63)
[info]   at org.scalatest.BeforeAndAfterAll.liftedTree1$1(BeforeAndAfterAll.scala:213)
[info]   at org.scalatest.BeforeAndAfterAll.run(BeforeAndAfterAll.scala:210)
[info]   at org.scalatest.BeforeAndAfterAll.run$(BeforeAndAfterAll.scala:208)
[info]   at frameless.TypedDatasetSuite.run(TypedDatasetSuite.scala:63)
[info]   at org.scalatest.tools.Framework.org$scalatest$tools$Framework$$runSuite(Framework.scala:321)
[info]   at org.scalatest.tools.Framework$ScalaTestTask.execute(Framework.scala:517)
[info]   at sbt.ForkMain$Run.lambda$runTest$1(ForkMain.java:414)
[info]   at java.base/java.util.concurrent.FutureTask.run(FutureTask.java:317)
[info]   at java.base/java.util.concurrent.ThreadPoolExecutor.runWorker(ThreadPoolExecutor.java:1144)
[info]   at java.base/java.util.concurrent.ThreadPoolExecutor$Worker.run(ThreadPoolExecutor.java:642)
[info]   at java.base/java.lang.Thread.run(Thread.java:1583)
[info]   Cause: java.lang.IllegalArgumentException: argument type mismatch
[info]   at java.base/jdk.internal.reflect.DirectConstructorHandleAccessor.newInstance(DirectConstructorHandleAccessor.java:65)
[info]   at java.base/java.lang.reflect.Constructor.newInstanceWithCaller(Constructor.java:502)
[info]   at java.base/java.lang.reflect.Constructor.newInstance(Constructor.java:486)
[info]   at frameless.TypedExpressionEncoder$.$anonfun$apply$3(TypedExpressionEncoder.scala:55)
[info]   at scala.Option.map(Option.scala:242)
[info]   at frameless.TypedExpressionEncoder$.apply(TypedExpressionEncoder.scala:54)
[info]   at frameless.TypedDataset$.create(TypedDataset.scala:1325)
[info]   at frameless.WithColumnTupledTest.prop$1(WithColumnTupledTest.scala:9)
[info]   at frameless.WithColumnTupledTest.$anonfun$new$48(WithColumnTupledTest.scala:19)
[info]   at frameless.WithColumnTupledTest.$anonfun$new$48$adapted(WithColumnTupledTest.scala:19)
[info]   at scala.Function1.$anonfun$andThen$1(Function1.scala:87)
[info]   at org.scalacheck.Prop$.$anonfun$forAllShrink$2(Prop.scala:868)
[info]   at org.scalacheck.Prop$.secure(Prop.scala:484)
[info]   at org.scalacheck.Prop$.result$1(Prop.scala:868)
[info]   at org.scalacheck.Prop$.$anonfun$forAllShrink$4(Prop.scala:880)
[info]   at scala.collection.immutable.Stream.map(Stream.scala:173)
[info]   at org.scalacheck.Prop$.getFirstFailure$1(Prop.scala:880)
[info]   at org.scalacheck.Prop$.shrinker$1(Prop.scala:895)
[info]   at org.scalacheck.Prop$.$anonfun$forAllShrink$1(Prop.scala:916)
[info]   at org.scalacheck.Prop$.$anonfun$apply$1(Prop.scala:305)
[info]   at org.scalacheck.PropFromFun.apply(Prop.scala:20)
[info]   at org.scalacheck.Test$.workerFun$1(Test.scala:486)
[info]   at org.scalacheck.Test$.$anonfun$check$4(Test.scala:518)
[info]   at org.scalacheck.Test$.$anonfun$check$4$adapted(Test.scala:518)
[info]   at org.scalacheck.Platform$.runWorkers(Platform.scala:42)
[info]   at org.scalacheck.Test$.check(Test.scala:518)
[info]   at org.scalatestplus.scalacheck.UnitCheckerAsserting$CheckerAssertingImpl.check(CheckerAsserting.scala:90)
[info]   at org.scalatestplus.scalacheck.Checkers.check(Checkers.scala:244)
[info]   at org.scalatestplus.scalacheck.Checkers.check$(Checkers.scala:235)
[info]   at frameless.TypedDatasetSuite.check(TypedDatasetSuite.scala:63)
[info]   at frameless.WithColumnTupledTest.$anonfun$new$1(WithColumnTupledTest.scala:19)
[info]   at org.scalatest.OutcomeOf.outcomeOf(OutcomeOf.scala:85)
[info]   at org.scalatest.OutcomeOf.outcomeOf$(OutcomeOf.scala:83)
[info]   at org.scalatest.OutcomeOf$.outcomeOf(OutcomeOf.scala:104)
[info]   at org.scalatest.Transformer.apply(Transformer.scala:22)
[info]   at org.scalatest.Transformer.apply(Transformer.scala:20)
[info]   at org.scalatest.funsuite.AnyFunSuiteLike$$anon$1.apply(AnyFunSuiteLike.scala:226)
[info]   at org.scalatest.TestSuite.withFixture(TestSuite.scala:196)
[info]   at org.scalatest.TestSuite.withFixture$(TestSuite.scala:195)
[info]   at org.scalatest.funsuite.AnyFunSuite.withFixture(AnyFunSuite.scala:1564)
[info]   at org.scalatest.funsuite.AnyFunSuiteLike.invokeWithFixture$1(AnyFunSuiteLike.scala:224)
[info]   at org.scalatest.funsuite.AnyFunSuiteLike.$anonfun$runTest$1(AnyFunSuiteLike.scala:236)
[info]   at org.scalatest.SuperEngine.runTestImpl(Engine.scala:306)
[info]   at org.scalatest.funsuite.AnyFunSuiteLike.runTest(AnyFunSuiteLike.scala:236)
[info]   at org.scalatest.funsuite.AnyFunSuiteLike.runTest$(AnyFunSuiteLike.scala:218)
[info]   at org.scalatest.funsuite.AnyFunSuite.runTest(AnyFunSuite.scala:1564)
[info]   at org.scalatest.funsuite.AnyFunSuiteLike.$anonfun$runTests$1(AnyFunSuiteLike.scala:269)
[info]   at org.scalatest.SuperEngine.$anonfun$runTestsInBranch$1(Engine.scala:413)
[info]   at scala.collection.immutable.List.foreach(List.scala:334)
[info]   at org.scalatest.SuperEngine.traverseSubNodes$1(Engine.scala:401)
[info]   at org.scalatest.SuperEngine.runTestsInBranch(Engine.scala:396)
[info]   at org.scalatest.SuperEngine.runTestsImpl(Engine.scala:475)
[info]   at org.scalatest.funsuite.AnyFunSuiteLike.runTests(AnyFunSuiteLike.scala:269)
[info]   at org.scalatest.funsuite.AnyFunSuiteLike.runTests$(AnyFunSuiteLike.scala:268)
[info]   at org.scalatest.funsuite.AnyFunSuite.runTests(AnyFunSuite.scala:1564)
[info]   at org.scalatest.Suite.run(Suite.scala:1114)
[info]   at org.scalatest.Suite.run$(Suite.scala:1096)
[info]   at org.scalatest.funsuite.AnyFunSuite.org$scalatest$funsuite$AnyFunSuiteLike$$super$run(AnyFunSuite.scala:1564)
[info]   at org.scalatest.funsuite.AnyFunSuiteLike.$anonfun$run$1(AnyFunSuiteLike.scala:273)
[info]   at org.scalatest.SuperEngine.runImpl(Engine.scala:535)
[info]   at org.scalatest.funsuite.AnyFunSuiteLike.run(AnyFunSuiteLike.scala:273)
[info]   at org.scalatest.funsuite.AnyFunSuiteLike.run$(AnyFunSuiteLike.scala:272)
[info]   at frameless.TypedDatasetSuite.org$scalatest$BeforeAndAfterAll$$super$run(TypedDatasetSuite.scala:63)
[info]   at org.scalatest.BeforeAndAfterAll.liftedTree1$1(BeforeAndAfterAll.scala:213)
[info]   at org.scalatest.BeforeAndAfterAll.run(BeforeAndAfterAll.scala:210)
[info]   at org.scalatest.BeforeAndAfterAll.run$(BeforeAndAfterAll.scala:208)
[info]   at frameless.TypedDatasetSuite.run(TypedDatasetSuite.scala:63)
[info]   at org.scalatest.tools.Framework.org$scalatest$tools$Framework$$runSuite(Framework.scala:321)
[info]   at org.scalatest.tools.Framework$ScalaTestTask.execute(Framework.scala:517)
[info]   at sbt.ForkMain$Run.lambda$runTest$1(ForkMain.java:414)
[info]   at java.base/java.util.concurrent.FutureTask.run(FutureTask.java:317)
[info]   at java.base/java.util.concurrent.ThreadPoolExecutor.runWorker(ThreadPoolExecutor.java:1144)
[info]   at java.base/java.util.concurrent.ThreadPoolExecutor$Worker.run(ThreadPoolExecutor.java:642)
[info]   at java.base/java.lang.Thread.run(Thread.java:1583)
[info]   Cause: java.lang.ClassCastException: Cannot cast scala.reflect.ClassTag$GenericClassTag to org.apache.spark.sql.catalyst.expressions.Expression
[info]   at java.base/java.lang.Class.cast(Class.java:4067)
[info]   at java.base/jdk.internal.reflect.DirectConstructorHandleAccessor.newInstance(DirectConstructorHandleAccessor.java:62)
[info]   at java.base/java.lang.reflect.Constructor.newInstanceWithCaller(Constructor.java:502)
[info]   at java.base/java.lang.reflect.Constructor.newInstance(Constructor.java:486)
[info]   at frameless.TypedExpressionEncoder$.$anonfun$apply$3(TypedExpressionEncoder.scala:55)
[info]   at scala.Option.map(Option.scala:242)
[info]   at frameless.TypedExpressionEncoder$.apply(TypedExpressionEncoder.scala:54)
[info]   at frameless.TypedDataset$.create(TypedDataset.scala:1325)
[info]   at frameless.WithColumnTupledTest.prop$1(WithColumnTupledTest.scala:9)
[info]   at frameless.WithColumnTupledTest.$anonfun$new$48(WithColumnTupledTest.scala:19)
[info]   at frameless.WithColumnTupledTest.$anonfun$new$48$adapted(WithColumnTupledTest.scala:19)
[info]   at scala.Function1.$anonfun$andThen$1(Function1.scala:87)
[info]   at org.scalacheck.Prop$.$anonfun$forAllShrink$2(Prop.scala:868)
[info]   at org.scalacheck.Prop$.secure(Prop.scala:484)
[info]   at org.scalacheck.Prop$.result$1(Prop.scala:868)
[info]   at org.scalacheck.Prop$.$anonfun$forAllShrink$4(Prop.scala:880)
[info]   at scala.collection.immutable.Stream.map(Stream.scala:173)
[info]   at org.scalacheck.Prop$.getFirstFailure$1(Prop.scala:880)
[info]   at org.scalacheck.Prop$.shrinker$1(Prop.scala:895)
[info]   at org.scalacheck.Prop$.$anonfun$forAllShrink$1(Prop.scala:916)
[info]   at org.scalacheck.Prop$.$anonfun$apply$1(Prop.scala:305)
[info]   at org.scalacheck.PropFromFun.apply(Prop.scala:20)
[info]   at org.scalacheck.Test$.workerFun$1(Test.scala:486)
[info]   at org.scalacheck.Test$.$anonfun$check$4(Test.scala:518)
[info]   at org.scalacheck.Test$.$anonfun$check$4$adapted(Test.scala:518)
[info]   at org.scalacheck.Platform$.runWorkers(Platform.scala:42)
[info]   at org.scalacheck.Test$.check(Test.scala:518)
[info]   at org.scalatestplus.scalacheck.UnitCheckerAsserting$CheckerAssertingImpl.check(CheckerAsserting.scala:90)
[info]   at org.scalatestplus.scalacheck.Checkers.check(Checkers.scala:244)
[info]   at org.scalatestplus.scalacheck.Checkers.check$(Checkers.scala:235)
[info]   at frameless.TypedDatasetSuite.check(TypedDatasetSuite.scala:63)
[info]   at frameless.WithColumnTupledTest.$anonfun$new$1(WithColumnTupledTest.scala:19)
[info]   at org.scalatest.OutcomeOf.outcomeOf(OutcomeOf.scala:85)
[info]   at org.scalatest.OutcomeOf.outcomeOf$(OutcomeOf.scala:83)
[info]   at org.scalatest.OutcomeOf$.outcomeOf(OutcomeOf.scala:104)
[info]   at org.scalatest.Transformer.apply(Transformer.scala:22)
[info]   at org.scalatest.Transformer.apply(Transformer.scala:20)
[info]   at org.scalatest.funsuite.AnyFunSuiteLike$$anon$1.apply(AnyFunSuiteLike.scala:226)
[info]   at org.scalatest.TestSuite.withFixture(TestSuite.scala:196)
[info]   at org.scalatest.TestSuite.withFixture$(TestSuite.scala:195)
[info]   at org.scalatest.funsuite.AnyFunSuite.withFixture(AnyFunSuite.scala:1564)
[info]   at org.scalatest.funsuite.AnyFunSuiteLike.invokeWithFixture$1(AnyFunSuiteLike.scala:224)
[info]   at org.scalatest.funsuite.AnyFunSuiteLike.$anonfun$runTest$1(AnyFunSuiteLike.scala:236)
[info]   at org.scalatest.SuperEngine.runTestImpl(Engine.scala:306)
[info]   at org.scalatest.funsuite.AnyFunSuiteLike.runTest(AnyFunSuiteLike.scala:236)
[info]   at org.scalatest.funsuite.AnyFunSuiteLike.runTest$(AnyFunSuiteLike.scala:218)
[info]   at org.scalatest.funsuite.AnyFunSuite.runTest(AnyFunSuite.scala:1564)
[info]   at org.scalatest.funsuite.AnyFunSuiteLike.$anonfun$runTests$1(AnyFunSuiteLike.scala:269)
[info]   at org.scalatest.SuperEngine.$anonfun$runTestsInBranch$1(Engine.scala:413)
[info]   at scala.collection.immutable.List.foreach(List.scala:334)
[info]   at org.scalatest.SuperEngine.traverseSubNodes$1(Engine.scala:401)
[info]   at org.scalatest.SuperEngine.runTestsInBranch(Engine.scala:396)
[info]   at org.scalatest.SuperEngine.runTestsImpl(Engine.scala:475)
[info]   at org.scalatest.funsuite.AnyFunSuiteLike.runTests(AnyFunSuiteLike.scala:269)
[info]   at org.scalatest.funsuite.AnyFunSuiteLike.runTests$(AnyFunSuiteLike.scala:268)
[info]   at org.scalatest.funsuite.AnyFunSuite.runTests(AnyFunSuite.scala:1564)
[info]   at org.scalatest.Suite.run(Suite.scala:1114)
[info]   at org.scalatest.Suite.run$(Suite.scala:1096)
[info]   at org.scalatest.funsuite.AnyFunSuite.org$scalatest$funsuite$AnyFunSuiteLike$$super$run(AnyFunSuite.scala:1564)
[info]   at org.scalatest.funsuite.AnyFunSuiteLike.$anonfun$run$1(AnyFunSuiteLike.scala:273)
[info]   at org.scalatest.SuperEngine.runImpl(Engine.scala:535)
[info]   at org.scalatest.funsuite.AnyFunSuiteLike.run(AnyFunSuiteLike.scala:273)
[info]   at org.scalatest.funsuite.AnyFunSuiteLike.run$(AnyFunSuiteLike.scala:272)
[info]   at frameless.TypedDatasetSuite.org$scalatest$BeforeAndAfterAll$$super$run(TypedDatasetSuite.scala:63)
[info]   at org.scalatest.BeforeAndAfterAll.liftedTree1$1(BeforeAndAfterAll.scala:213)
[info]   at org.scalatest.BeforeAndAfterAll.run(BeforeAndAfterAll.scala:210)
[info]   at org.scalatest.BeforeAndAfterAll.run$(BeforeAndAfterAll.scala:208)
[info]   at frameless.TypedDatasetSuite.run(TypedDatasetSuite.scala:63)
[info]   at org.scalatest.tools.Framework.org$scalatest$tools$Framework$$runSuite(Framework.scala:321)
[info]   at org.scalatest.tools.Framework$ScalaTestTask.execute(Framework.scala:517)
[info]   at sbt.ForkMain$Run.lambda$runTest$1(ForkMain.java:414)
[info]   at java.base/java.util.concurrent.FutureTask.run(FutureTask.java:317)
[info]   at java.base/java.util.concurrent.ThreadPoolExecutor.runWorker(ThreadPoolExecutor.java:1144)
[info]   at java.base/java.util.concurrent.ThreadPoolExecutor$Worker.run(ThreadPoolExecutor.java:642)
[info]   at java.base/java.lang.Thread.run(Thread.java:1583)
[info] SelectTests:
[info] - select('a) FROM abcd *** FAILED *** (3 milliseconds)
[info]   IllegalArgumentException was thrown during property evaluation.
[info]     Message: argument type mismatch
[info]     Occurred when passed generated values (
[info]       arg0 = Vector()
[info]     )
[info]   org.scalatest.exceptions.GeneratorDrivenPropertyCheckFailedException:
[info]   at org.scalatestplus.scalacheck.CheckerAsserting$$anon$2.indicateFailure(CheckerAsserting.scala:251)
[info]   at org.scalatestplus.scalacheck.CheckerAsserting$$anon$2.indicateFailure(CheckerAsserting.scala:238)
[info]   at org.scalatestplus.scalacheck.UnitCheckerAsserting$CheckerAssertingImpl.check(CheckerAsserting.scala:160)
[info]   at org.scalatestplus.scalacheck.Checkers.check(Checkers.scala:371)
[info]   at org.scalatestplus.scalacheck.Checkers.check$(Checkers.scala:369)
[info]   at frameless.TypedDatasetSuite.check(TypedDatasetSuite.scala:63)
[info]   at frameless.SelectTests.$anonfun$new$1(SelectTests.scala:25)
[info]   at org.scalatest.OutcomeOf.outcomeOf(OutcomeOf.scala:85)
[info]   at org.scalatest.OutcomeOf.outcomeOf$(OutcomeOf.scala:83)
[info]   at org.scalatest.OutcomeOf$.outcomeOf(OutcomeOf.scala:104)
[info]   at org.scalatest.Transformer.apply(Transformer.scala:22)
[info]   at org.scalatest.Transformer.apply(Transformer.scala:20)
[info]   at org.scalatest.funsuite.AnyFunSuiteLike$$anon$1.apply(AnyFunSuiteLike.scala:226)
[info]   at org.scalatest.TestSuite.withFixture(TestSuite.scala:196)
[info]   at org.scalatest.TestSuite.withFixture$(TestSuite.scala:195)
[info]   at org.scalatest.funsuite.AnyFunSuite.withFixture(AnyFunSuite.scala:1564)
[info]   at org.scalatest.funsuite.AnyFunSuiteLike.invokeWithFixture$1(AnyFunSuiteLike.scala:224)
[info]   at org.scalatest.funsuite.AnyFunSuiteLike.$anonfun$runTest$1(AnyFunSuiteLike.scala:236)
[info]   at org.scalatest.SuperEngine.runTestImpl(Engine.scala:306)
[info]   at org.scalatest.funsuite.AnyFunSuiteLike.runTest(AnyFunSuiteLike.scala:236)
[info]   at org.scalatest.funsuite.AnyFunSuiteLike.runTest$(AnyFunSuiteLike.scala:218)
[info]   at org.scalatest.funsuite.AnyFunSuite.runTest(AnyFunSuite.scala:1564)
[info]   at org.scalatest.funsuite.AnyFunSuiteLike.$anonfun$runTests$1(AnyFunSuiteLike.scala:269)
[info]   at org.scalatest.SuperEngine.$anonfun$runTestsInBranch$1(Engine.scala:413)
[info]   at scala.collection.immutable.List.foreach(List.scala:334)
[info]   at org.scalatest.SuperEngine.traverseSubNodes$1(Engine.scala:401)
[info]   at org.scalatest.SuperEngine.runTestsInBranch(Engine.scala:396)
[info]   at org.scalatest.SuperEngine.runTestsImpl(Engine.scala:475)
[info]   at org.scalatest.funsuite.AnyFunSuiteLike.runTests(AnyFunSuiteLike.scala:269)
[info]   at org.scalatest.funsuite.AnyFunSuiteLike.runTests$(AnyFunSuiteLike.scala:268)
[info]   at org.scalatest.funsuite.AnyFunSuite.runTests(AnyFunSuite.scala:1564)
[info]   at org.scalatest.Suite.run(Suite.scala:1114)
[info]   at org.scalatest.Suite.run$(Suite.scala:1096)
[info]   at org.scalatest.funsuite.AnyFunSuite.org$scalatest$funsuite$AnyFunSuiteLike$$super$run(AnyFunSuite.scala:1564)
[info]   at org.scalatest.funsuite.AnyFunSuiteLike.$anonfun$run$1(AnyFunSuiteLike.scala:273)
[info]   at org.scalatest.SuperEngine.runImpl(Engine.scala:535)
[info]   at org.scalatest.funsuite.AnyFunSuiteLike.run(AnyFunSuiteLike.scala:273)
[info]   at org.scalatest.funsuite.AnyFunSuiteLike.run$(AnyFunSuiteLike.scala:272)
[info]   at frameless.TypedDatasetSuite.org$scalatest$BeforeAndAfterAll$$super$run(TypedDatasetSuite.scala:63)
[info]   at org.scalatest.BeforeAndAfterAll.liftedTree1$1(BeforeAndAfterAll.scala:213)
[info]   at org.scalatest.BeforeAndAfterAll.run(BeforeAndAfterAll.scala:210)
[info]   at org.scalatest.BeforeAndAfterAll.run$(BeforeAndAfterAll.scala:208)
[info]   at frameless.TypedDatasetSuite.run(TypedDatasetSuite.scala:63)
[info]   at org.scalatest.tools.Framework.org$scalatest$tools$Framework$$runSuite(Framework.scala:321)
[info]   at org.scalatest.tools.Framework$ScalaTestTask.execute(Framework.scala:517)
[info]   at sbt.ForkMain$Run.lambda$runTest$1(ForkMain.java:414)
[info]   at java.base/java.util.concurrent.FutureTask.run(FutureTask.java:317)
[info]   at java.base/java.util.concurrent.ThreadPoolExecutor.runWorker(ThreadPoolExecutor.java:1144)
[info]   at java.base/java.util.concurrent.ThreadPoolExecutor$Worker.run(ThreadPoolExecutor.java:642)
[info]   at java.base/java.lang.Thread.run(Thread.java:1583)
[info]   Cause: java.lang.IllegalArgumentException: argument type mismatch
[info]   at java.base/jdk.internal.reflect.DirectConstructorHandleAccessor.newInstance(DirectConstructorHandleAccessor.java:65)
[info]   at java.base/java.lang.reflect.Constructor.newInstanceWithCaller(Constructor.java:502)
[info]   at java.base/java.lang.reflect.Constructor.newInstance(Constructor.java:486)
[info]   at frameless.TypedExpressionEncoder$.$anonfun$apply$3(TypedExpressionEncoder.scala:55)
[info]   at scala.Option.map(Option.scala:242)
[info]   at frameless.TypedExpressionEncoder$.apply(TypedExpressionEncoder.scala:54)
[info]   at frameless.TypedDataset$.create(TypedDataset.scala:1325)
[info]   at frameless.SelectTests.prop$1(SelectTests.scala:16)
[info]   at frameless.SelectTests.$anonfun$new$7(SelectTests.scala:25)
[info]   at scala.Function1.$anonfun$andThen$1(Function1.scala:87)
[info]   at org.scalacheck.Prop$.$anonfun$forAllShrink$2(Prop.scala:868)
[info]   at org.scalacheck.Prop$.secure(Prop.scala:484)
[info]   at org.scalacheck.Prop$.result$1(Prop.scala:868)
[info]   at org.scalacheck.Prop$.$anonfun$forAllShrink$1(Prop.scala:915)
[info]   at org.scalacheck.Prop$.$anonfun$apply$1(Prop.scala:305)
[info]   at org.scalacheck.PropFromFun.apply(Prop.scala:20)
[info]   at org.scalacheck.Test$.workerFun$1(Test.scala:486)
[info]   at org.scalacheck.Test$.$anonfun$check$4(Test.scala:518)
[info]   at org.scalacheck.Test$.$anonfun$check$4$adapted(Test.scala:518)
[info]   at org.scalacheck.Platform$.runWorkers(Platform.scala:42)
[info]   at org.scalacheck.Test$.check(Test.scala:518)
[info]   at org.scalatestplus.scalacheck.UnitCheckerAsserting$CheckerAssertingImpl.check(CheckerAsserting.scala:90)
[info]   at org.scalatestplus.scalacheck.Checkers.check(Checkers.scala:371)
[info]   at org.scalatestplus.scalacheck.Checkers.check$(Checkers.scala:369)
[info]   at frameless.TypedDatasetSuite.check(TypedDatasetSuite.scala:63)
[info]   at frameless.SelectTests.$anonfun$new$1(SelectTests.scala:25)
[info]   at org.scalatest.OutcomeOf.outcomeOf(OutcomeOf.scala:85)
[info]   at org.scalatest.OutcomeOf.outcomeOf$(OutcomeOf.scala:83)
[info]   at org.scalatest.OutcomeOf$.outcomeOf(OutcomeOf.scala:104)
[info]   at org.scalatest.Transformer.apply(Transformer.scala:22)
[info]   at org.scalatest.Transformer.apply(Transformer.scala:20)
[info]   at org.scalatest.funsuite.AnyFunSuiteLike$$anon$1.apply(AnyFunSuiteLike.scala:226)
[info]   at org.scalatest.TestSuite.withFixture(TestSuite.scala:196)
[info]   at org.scalatest.TestSuite.withFixture$(TestSuite.scala:195)
[info]   at org.scalatest.funsuite.AnyFunSuite.withFixture(AnyFunSuite.scala:1564)
[info]   at org.scalatest.funsuite.AnyFunSuiteLike.invokeWithFixture$1(AnyFunSuiteLike.scala:224)
[info]   at org.scalatest.funsuite.AnyFunSuiteLike.$anonfun$runTest$1(AnyFunSuiteLike.scala:236)
[info]   at org.scalatest.SuperEngine.runTestImpl(Engine.scala:306)
[info]   at org.scalatest.funsuite.AnyFunSuiteLike.runTest(AnyFunSuiteLike.scala:236)
[info]   at org.scalatest.funsuite.AnyFunSuiteLike.runTest$(AnyFunSuiteLike.scala:218)
[info]   at org.scalatest.funsuite.AnyFunSuite.runTest(AnyFunSuite.scala:1564)
[info]   at org.scalatest.funsuite.AnyFunSuiteLike.$anonfun$runTests$1(AnyFunSuiteLike.scala:269)
[info]   at org.scalatest.SuperEngine.$anonfun$runTestsInBranch$1(Engine.scala:413)
[info]   at scala.collection.immutable.List.foreach(List.scala:334)
[info]   at org.scalatest.SuperEngine.traverseSubNodes$1(Engine.scala:401)
[info]   at org.scalatest.SuperEngine.runTestsInBranch(Engine.scala:396)
[info]   at org.scalatest.SuperEngine.runTestsImpl(Engine.scala:475)
[info]   at org.scalatest.funsuite.AnyFunSuiteLike.runTests(AnyFunSuiteLike.scala:269)
[info]   at org.scalatest.funsuite.AnyFunSuiteLike.runTests$(AnyFunSuiteLike.scala:268)
[info]   at org.scalatest.funsuite.AnyFunSuite.runTests(AnyFunSuite.scala:1564)
[info]   at org.scalatest.Suite.run(Suite.scala:1114)
[info]   at org.scalatest.Suite.run$(Suite.scala:1096)
[info]   at org.scalatest.funsuite.AnyFunSuite.org$scalatest$funsuite$AnyFunSuiteLike$$super$run(AnyFunSuite.scala:1564)
[info]   at org.scalatest.funsuite.AnyFunSuiteLike.$anonfun$run$1(AnyFunSuiteLike.scala:273)
[info]   at org.scalatest.SuperEngine.runImpl(Engine.scala:535)
[info]   at org.scalatest.funsuite.AnyFunSuiteLike.run(AnyFunSuiteLike.scala:273)
[info]   at org.scalatest.funsuite.AnyFunSuiteLike.run$(AnyFunSuiteLike.scala:272)
[info]   at frameless.TypedDatasetSuite.org$scalatest$BeforeAndAfterAll$$super$run(TypedDatasetSuite.scala:63)
[info]   at org.scalatest.BeforeAndAfterAll.liftedTree1$1(BeforeAndAfterAll.scala:213)
[info]   at org.scalatest.BeforeAndAfterAll.run(BeforeAndAfterAll.scala:210)
[info]   at org.scalatest.BeforeAndAfterAll.run$(BeforeAndAfterAll.scala:208)
[info]   at frameless.TypedDatasetSuite.run(TypedDatasetSuite.scala:63)
[info]   at org.scalatest.tools.Framework.org$scalatest$tools$Framework$$runSuite(Framework.scala:321)
[info]   at org.scalatest.tools.Framework$ScalaTestTask.execute(Framework.scala:517)
[info]   at sbt.ForkMain$Run.lambda$runTest$1(ForkMain.java:414)
[info]   at java.base/java.util.concurrent.FutureTask.run(FutureTask.java:317)
[info]   at java.base/java.util.concurrent.ThreadPoolExecutor.runWorker(ThreadPoolExecutor.java:1144)
[info]   at java.base/java.util.concurrent.ThreadPoolExecutor$Worker.run(ThreadPoolExecutor.java:642)
[info]   at java.base/java.lang.Thread.run(Thread.java:1583)
[info]   Cause: java.lang.ClassCastException: Cannot cast scala.reflect.ClassTag$GenericClassTag to org.apache.spark.sql.catalyst.expressions.Expression
[info]   at java.base/java.lang.Class.cast(Class.java:4067)
[info]   at java.base/jdk.internal.reflect.DirectConstructorHandleAccessor.newInstance(DirectConstructorHandleAccessor.java:62)
[info]   at java.base/java.lang.reflect.Constructor.newInstanceWithCaller(Constructor.java:502)
[info]   at java.base/java.lang.reflect.Constructor.newInstance(Constructor.java:486)
[info]   at frameless.TypedExpressionEncoder$.$anonfun$apply$3(TypedExpressionEncoder.scala:55)
[info]   at scala.Option.map(Option.scala:242)
[info]   at frameless.TypedExpressionEncoder$.apply(TypedExpressionEncoder.scala:54)
[info]   at frameless.TypedDataset$.create(TypedDataset.scala:1325)
[info]   at frameless.SelectTests.prop$1(SelectTests.scala:16)
[info]   at frameless.SelectTests.$anonfun$new$7(SelectTests.scala:25)
[info]   at scala.Function1.$anonfun$andThen$1(Function1.scala:87)
[info]   at org.scalacheck.Prop$.$anonfun$forAllShrink$2(Prop.scala:868)
[info]   at org.scalacheck.Prop$.secure(Prop.scala:484)
[info]   at org.scalacheck.Prop$.result$1(Prop.scala:868)
[info]   at org.scalacheck.Prop$.$anonfun$forAllShrink$1(Prop.scala:915)
[info]   at org.scalacheck.Prop$.$anonfun$apply$1(Prop.scala:305)
[info]   at org.scalacheck.PropFromFun.apply(Prop.scala:20)
[info]   at org.scalacheck.Test$.workerFun$1(Test.scala:486)
[info]   at org.scalacheck.Test$.$anonfun$check$4(Test.scala:518)
[info]   at org.scalacheck.Test$.$anonfun$check$4$adapted(Test.scala:518)
[info]   at org.scalacheck.Platform$.runWorkers(Platform.scala:42)
[info]   at org.scalacheck.Test$.check(Test.scala:518)
[info]   at org.scalatestplus.scalacheck.UnitCheckerAsserting$CheckerAssertingImpl.check(CheckerAsserting.scala:90)
[info]   at org.scalatestplus.scalacheck.Checkers.check(Checkers.scala:371)
[info]   at org.scalatestplus.scalacheck.Checkers.check$(Checkers.scala:369)
[info]   at frameless.TypedDatasetSuite.check(TypedDatasetSuite.scala:63)
[info]   at frameless.SelectTests.$anonfun$new$1(SelectTests.scala:25)
[info]   at org.scalatest.OutcomeOf.outcomeOf(OutcomeOf.scala:85)
[info]   at org.scalatest.OutcomeOf.outcomeOf$(OutcomeOf.scala:83)
[info]   at org.scalatest.OutcomeOf$.outcomeOf(OutcomeOf.scala:104)
[info]   at org.scalatest.Transformer.apply(Transformer.scala:22)
[info]   at org.scalatest.Transformer.apply(Transformer.scala:20)
[info]   at org.scalatest.funsuite.AnyFunSuiteLike$$anon$1.apply(AnyFunSuiteLike.scala:226)
[info]   at org.scalatest.TestSuite.withFixture(TestSuite.scala:196)
[info]   at org.scalatest.TestSuite.withFixture$(TestSuite.scala:195)
[info]   at org.scalatest.funsuite.AnyFunSuite.withFixture(AnyFunSuite.scala:1564)
[info]   at org.scalatest.funsuite.AnyFunSuiteLike.invokeWithFixture$1(AnyFunSuiteLike.scala:224)
[info]   at org.scalatest.funsuite.AnyFunSuiteLike.$anonfun$runTest$1(AnyFunSuiteLike.scala:236)
[info]   at org.scalatest.SuperEngine.runTestImpl(Engine.scala:306)
[info]   at org.scalatest.funsuite.AnyFunSuiteLike.runTest(AnyFunSuiteLike.scala:236)
[info]   at org.scalatest.funsuite.AnyFunSuiteLike.runTest$(AnyFunSuiteLike.scala:218)
[info]   at org.scalatest.funsuite.AnyFunSuite.runTest(AnyFunSuite.scala:1564)
[info]   at org.scalatest.funsuite.AnyFunSuiteLike.$anonfun$runTests$1(AnyFunSuiteLike.scala:269)
[info]   at org.scalatest.SuperEngine.$anonfun$runTestsInBranch$1(Engine.scala:413)
[info]   at scala.collection.immutable.List.foreach(List.scala:334)
[info]   at org.scalatest.SuperEngine.traverseSubNodes$1(Engine.scala:401)
[info]   at org.scalatest.SuperEngine.runTestsInBranch(Engine.scala:396)
[info]   at org.scalatest.SuperEngine.runTestsImpl(Engine.scala:475)
[info]   at org.scalatest.funsuite.AnyFunSuiteLike.runTests(AnyFunSuiteLike.scala:269)
[info]   at org.scalatest.funsuite.AnyFunSuiteLike.runTests$(AnyFunSuiteLike.scala:268)
[info]   at org.scalatest.funsuite.AnyFunSuite.runTests(AnyFunSuite.scala:1564)
[info]   at org.scalatest.Suite.run(Suite.scala:1114)
[info]   at org.scalatest.Suite.run$(Suite.scala:1096)
[info]   at org.scalatest.funsuite.AnyFunSuite.org$scalatest$funsuite$AnyFunSuiteLike$$super$run(AnyFunSuite.scala:1564)
[info]   at org.scalatest.funsuite.AnyFunSuiteLike.$anonfun$run$1(AnyFunSuiteLike.scala:273)
[info]   at org.scalatest.SuperEngine.runImpl(Engine.scala:535)
[info]   at org.scalatest.funsuite.AnyFunSuiteLike.run(AnyFunSuiteLike.scala:273)
[info]   at org.scalatest.funsuite.AnyFunSuiteLike.run$(AnyFunSuiteLike.scala:272)
[info]   at frameless.TypedDatasetSuite.org$scalatest$BeforeAndAfterAll$$super$run(TypedDatasetSuite.scala:63)
[info]   at org.scalatest.BeforeAndAfterAll.liftedTree1$1(BeforeAndAfterAll.scala:213)
[info]   at org.scalatest.BeforeAndAfterAll.run(BeforeAndAfterAll.scala:210)
[info]   at org.scalatest.BeforeAndAfterAll.run$(BeforeAndAfterAll.scala:208)
[info]   at frameless.TypedDatasetSuite.run(TypedDatasetSuite.scala:63)
[info]   at org.scalatest.tools.Framework.org$scalatest$tools$Framework$$runSuite(Framework.scala:321)
[info]   at org.scalatest.tools.Framework$ScalaTestTask.execute(Framework.scala:517)
[info]   at sbt.ForkMain$Run.lambda$runTest$1(ForkMain.java:414)
[info]   at java.base/java.util.concurrent.FutureTask.run(FutureTask.java:317)
[info]   at java.base/java.util.concurrent.ThreadPoolExecutor.runWorker(ThreadPoolExecutor.java:1144)
[info]   at java.base/java.util.concurrent.ThreadPoolExecutor$Worker.run(ThreadPoolExecutor.java:642)
[info]   at java.base/java.lang.Thread.run(Thread.java:1583)
[info] - select('a, 'b) FROM abcd *** FAILED *** (4 milliseconds)
[info]   IllegalArgumentException was thrown during property evaluation.
[info]     Message: argument type mismatch
[info]     Occurred when passed generated values (
[info]       arg0 = Vector()
[info]     )
[info]   org.scalatest.exceptions.GeneratorDrivenPropertyCheckFailedException:
[info]   at org.scalatestplus.scalacheck.CheckerAsserting$$anon$2.indicateFailure(CheckerAsserting.scala:251)
[info]   at org.scalatestplus.scalacheck.CheckerAsserting$$anon$2.indicateFailure(CheckerAsserting.scala:238)
[info]   at org.scalatestplus.scalacheck.UnitCheckerAsserting$CheckerAssertingImpl.check(CheckerAsserting.scala:160)
[info]   at org.scalatestplus.scalacheck.Checkers.check(Checkers.scala:371)
[info]   at org.scalatestplus.scalacheck.Checkers.check$(Checkers.scala:369)
[info]   at frameless.TypedDatasetSuite.check(TypedDatasetSuite.scala:63)
[info]   at frameless.SelectTests.$anonfun$new$35(SelectTests.scala:50)
[info]   at org.scalatest.OutcomeOf.outcomeOf(OutcomeOf.scala:85)
[info]   at org.scalatest.OutcomeOf.outcomeOf$(OutcomeOf.scala:83)
[info]   at org.scalatest.OutcomeOf$.outcomeOf(OutcomeOf.scala:104)
[info]   at org.scalatest.Transformer.apply(Transformer.scala:22)
[info]   at org.scalatest.Transformer.apply(Transformer.scala:20)
[info]   at org.scalatest.funsuite.AnyFunSuiteLike$$anon$1.apply(AnyFunSuiteLike.scala:226)
[info]   at org.scalatest.TestSuite.withFixture(TestSuite.scala:196)
[info]   at org.scalatest.TestSuite.withFixture$(TestSuite.scala:195)
[info]   at org.scalatest.funsuite.AnyFunSuite.withFixture(AnyFunSuite.scala:1564)
[info]   at org.scalatest.funsuite.AnyFunSuiteLike.invokeWithFixture$1(AnyFunSuiteLike.scala:224)
[info]   at org.scalatest.funsuite.AnyFunSuiteLike.$anonfun$runTest$1(AnyFunSuiteLike.scala:236)
[info]   at org.scalatest.SuperEngine.runTestImpl(Engine.scala:306)
[info]   at org.scalatest.funsuite.AnyFunSuiteLike.runTest(AnyFunSuiteLike.scala:236)
[info]   at org.scalatest.funsuite.AnyFunSuiteLike.runTest$(AnyFunSuiteLike.scala:218)
[info]   at org.scalatest.funsuite.AnyFunSuite.runTest(AnyFunSuite.scala:1564)
[info]   at org.scalatest.funsuite.AnyFunSuiteLike.$anonfun$runTests$1(AnyFunSuiteLike.scala:269)
[info]   at org.scalatest.SuperEngine.$anonfun$runTestsInBranch$1(Engine.scala:413)
[info]   at scala.collection.immutable.List.foreach(List.scala:334)
[info]   at org.scalatest.SuperEngine.traverseSubNodes$1(Engine.scala:401)
[info]   at org.scalatest.SuperEngine.runTestsInBranch(Engine.scala:396)
[info]   at org.scalatest.SuperEngine.runTestsImpl(Engine.scala:475)
[info]   at org.scalatest.funsuite.AnyFunSuiteLike.runTests(AnyFunSuiteLike.scala:269)
[info]   at org.scalatest.funsuite.AnyFunSuiteLike.runTests$(AnyFunSuiteLike.scala:268)
[info]   at org.scalatest.funsuite.AnyFunSuite.runTests(AnyFunSuite.scala:1564)
[info]   at org.scalatest.Suite.run(Suite.scala:1114)
[info]   at org.scalatest.Suite.run$(Suite.scala:1096)
[info]   at org.scalatest.funsuite.AnyFunSuite.org$scalatest$funsuite$AnyFunSuiteLike$$super$run(AnyFunSuite.scala:1564)
[info]   at org.scalatest.funsuite.AnyFunSuiteLike.$anonfun$run$1(AnyFunSuiteLike.scala:273)
[info]   at org.scalatest.SuperEngine.runImpl(Engine.scala:535)
[info]   at org.scalatest.funsuite.AnyFunSuiteLike.run(AnyFunSuiteLike.scala:273)
[info]   at org.scalatest.funsuite.AnyFunSuiteLike.run$(AnyFunSuiteLike.scala:272)
[info]   at frameless.TypedDatasetSuite.org$scalatest$BeforeAndAfterAll$$super$run(TypedDatasetSuite.scala:63)
[info]   at org.scalatest.BeforeAndAfterAll.liftedTree1$1(BeforeAndAfterAll.scala:213)
[info]   at org.scalatest.BeforeAndAfterAll.run(BeforeAndAfterAll.scala:210)
[info]   at org.scalatest.BeforeAndAfterAll.run$(BeforeAndAfterAll.scala:208)
[info]   at frameless.TypedDatasetSuite.run(TypedDatasetSuite.scala:63)
[info]   at org.scalatest.tools.Framework.org$scalatest$tools$Framework$$runSuite(Framework.scala:321)
[info]   at org.scalatest.tools.Framework$ScalaTestTask.execute(Framework.scala:517)
[info]   at sbt.ForkMain$Run.lambda$runTest$1(ForkMain.java:414)
[info]   at java.base/java.util.concurrent.FutureTask.run(FutureTask.java:317)
[info]   at java.base/java.util.concurrent.ThreadPoolExecutor.runWorker(ThreadPoolExecutor.java:1144)
[info]   at java.base/java.util.concurrent.ThreadPoolExecutor$Worker.run(ThreadPoolExecutor.java:642)
[info]   at java.base/java.lang.Thread.run(Thread.java:1583)
[info]   Cause: java.lang.IllegalArgumentException: argument type mismatch
[info]   at java.base/jdk.internal.reflect.DirectConstructorHandleAccessor.newInstance(DirectConstructorHandleAccessor.java:65)
[info]   at java.base/java.lang.reflect.Constructor.newInstanceWithCaller(Constructor.java:502)
[info]   at java.base/java.lang.reflect.Constructor.newInstance(Constructor.java:486)
[info]   at frameless.TypedExpressionEncoder$.$anonfun$apply$3(TypedExpressionEncoder.scala:55)
[info]   at scala.Option.map(Option.scala:242)
[info]   at frameless.TypedExpressionEncoder$.apply(TypedExpressionEncoder.scala:54)
[info]   at frameless.TypedDataset$.create(TypedDataset.scala:1325)
[info]   at frameless.SelectTests.prop$2(SelectTests.scala:40)
[info]   at frameless.SelectTests.$anonfun$new$43(SelectTests.scala:50)
[info]   at scala.Function1.$anonfun$andThen$1(Function1.scala:87)
[info]   at org.scalacheck.Prop$.$anonfun$forAllShrink$2(Prop.scala:868)
[info]   at org.scalacheck.Prop$.secure(Prop.scala:484)
[info]   at org.scalacheck.Prop$.result$1(Prop.scala:868)
[info]   at org.scalacheck.Prop$.$anonfun$forAllShrink$1(Prop.scala:915)
[info]   at org.scalacheck.Prop$.$anonfun$apply$1(Prop.scala:305)
[info]   at org.scalacheck.PropFromFun.apply(Prop.scala:20)
[info]   at org.scalacheck.Test$.workerFun$1(Test.scala:486)
[info]   at org.scalacheck.Test$.$anonfun$check$4(Test.scala:518)
[info]   at org.scalacheck.Test$.$anonfun$check$4$adapted(Test.scala:518)
[info]   at org.scalacheck.Platform$.runWorkers(Platform.scala:42)
[info]   at org.scalacheck.Test$.check(Test.scala:518)
[info]   at org.scalatestplus.scalacheck.UnitCheckerAsserting$CheckerAssertingImpl.check(CheckerAsserting.scala:90)
[info]   at org.scalatestplus.scalacheck.Checkers.check(Checkers.scala:371)
[info]   at org.scalatestplus.scalacheck.Checkers.check$(Checkers.scala:369)
[info]   at frameless.TypedDatasetSuite.check(TypedDatasetSuite.scala:63)
[info]   at frameless.SelectTests.$anonfun$new$35(SelectTests.scala:50)
[info]   at org.scalatest.OutcomeOf.outcomeOf(OutcomeOf.scala:85)
[info]   at org.scalatest.OutcomeOf.outcomeOf$(OutcomeOf.scala:83)
[info]   at org.scalatest.OutcomeOf$.outcomeOf(OutcomeOf.scala:104)
[info]   at org.scalatest.Transformer.apply(Transformer.scala:22)
[info]   at org.scalatest.Transformer.apply(Transformer.scala:20)
[info]   at org.scalatest.funsuite.AnyFunSuiteLike$$anon$1.apply(AnyFunSuiteLike.scala:226)
[info]   at org.scalatest.TestSuite.withFixture(TestSuite.scala:196)
[info]   at org.scalatest.TestSuite.withFixture$(TestSuite.scala:195)
[info]   at org.scalatest.funsuite.AnyFunSuite.withFixture(AnyFunSuite.scala:1564)
[info]   at org.scalatest.funsuite.AnyFunSuiteLike.invokeWithFixture$1(AnyFunSuiteLike.scala:224)
[info]   at org.scalatest.funsuite.AnyFunSuiteLike.$anonfun$runTest$1(AnyFunSuiteLike.scala:236)
[info]   at org.scalatest.SuperEngine.runTestImpl(Engine.scala:306)
[info]   at org.scalatest.funsuite.AnyFunSuiteLike.runTest(AnyFunSuiteLike.scala:236)
[info]   at org.scalatest.funsuite.AnyFunSuiteLike.runTest$(AnyFunSuiteLike.scala:218)
[info]   at org.scalatest.funsuite.AnyFunSuite.runTest(AnyFunSuite.scala:1564)
[info]   at org.scalatest.funsuite.AnyFunSuiteLike.$anonfun$runTests$1(AnyFunSuiteLike.scala:269)
[info]   at org.scalatest.SuperEngine.$anonfun$runTestsInBranch$1(Engine.scala:413)
[info]   at scala.collection.immutable.List.foreach(List.scala:334)
[info]   at org.scalatest.SuperEngine.traverseSubNodes$1(Engine.scala:401)
[info]   at org.scalatest.SuperEngine.runTestsInBranch(Engine.scala:396)
[info]   at org.scalatest.SuperEngine.runTestsImpl(Engine.scala:475)
[info]   at org.scalatest.funsuite.AnyFunSuiteLike.runTests(AnyFunSuiteLike.scala:269)
[info]   at org.scalatest.funsuite.AnyFunSuiteLike.runTests$(AnyFunSuiteLike.scala:268)
[info]   at org.scalatest.funsuite.AnyFunSuite.runTests(AnyFunSuite.scala:1564)
[info]   at org.scalatest.Suite.run(Suite.scala:1114)
[info]   at org.scalatest.Suite.run$(Suite.scala:1096)
[info]   at org.scalatest.funsuite.AnyFunSuite.org$scalatest$funsuite$AnyFunSuiteLike$$super$run(AnyFunSuite.scala:1564)
[info]   at org.scalatest.funsuite.AnyFunSuiteLike.$anonfun$run$1(AnyFunSuiteLike.scala:273)
[info]   at org.scalatest.SuperEngine.runImpl(Engine.scala:535)
[info]   at org.scalatest.funsuite.AnyFunSuiteLike.run(AnyFunSuiteLike.scala:273)
[info]   at org.scalatest.funsuite.AnyFunSuiteLike.run$(AnyFunSuiteLike.scala:272)
[info]   at frameless.TypedDatasetSuite.org$scalatest$BeforeAndAfterAll$$super$run(TypedDatasetSuite.scala:63)
[info]   at org.scalatest.BeforeAndAfterAll.liftedTree1$1(BeforeAndAfterAll.scala:213)
[info]   at org.scalatest.BeforeAndAfterAll.run(BeforeAndAfterAll.scala:210)
[info]   at org.scalatest.BeforeAndAfterAll.run$(BeforeAndAfterAll.scala:208)
[info]   at frameless.TypedDatasetSuite.run(TypedDatasetSuite.scala:63)
[info]   at org.scalatest.tools.Framework.org$scalatest$tools$Framework$$runSuite(Framework.scala:321)
[info]   at org.scalatest.tools.Framework$ScalaTestTask.execute(Framework.scala:517)
[info]   at sbt.ForkMain$Run.lambda$runTest$1(ForkMain.java:414)
[info]   at java.base/java.util.concurrent.FutureTask.run(FutureTask.java:317)
[info]   at java.base/java.util.concurrent.ThreadPoolExecutor.runWorker(ThreadPoolExecutor.java:1144)
[info]   at java.base/java.util.concurrent.ThreadPoolExecutor$Worker.run(ThreadPoolExecutor.java:642)
[info]   at java.base/java.lang.Thread.run(Thread.java:1583)
[info]   Cause: java.lang.ClassCastException: Cannot cast scala.reflect.ClassTag$GenericClassTag to org.apache.spark.sql.catalyst.expressions.Expression
[info]   at java.base/java.lang.Class.cast(Class.java:4067)
[info]   at java.base/jdk.internal.reflect.DirectConstructorHandleAccessor.newInstance(DirectConstructorHandleAccessor.java:62)
[info]   at java.base/java.lang.reflect.Constructor.newInstanceWithCaller(Constructor.java:502)
[info]   at java.base/java.lang.reflect.Constructor.newInstance(Constructor.java:486)
[info]   at frameless.TypedExpressionEncoder$.$anonfun$apply$3(TypedExpressionEncoder.scala:55)
[info]   at scala.Option.map(Option.scala:242)
[info]   at frameless.TypedExpressionEncoder$.apply(TypedExpressionEncoder.scala:54)
[info]   at frameless.TypedDataset$.create(TypedDataset.scala:1325)
[info]   at frameless.SelectTests.prop$2(SelectTests.scala:40)
[info]   at frameless.SelectTests.$anonfun$new$43(SelectTests.scala:50)
[info]   at scala.Function1.$anonfun$andThen$1(Function1.scala:87)
[info]   at org.scalacheck.Prop$.$anonfun$forAllShrink$2(Prop.scala:868)
[info]   at org.scalacheck.Prop$.secure(Prop.scala:484)
[info]   at org.scalacheck.Prop$.result$1(Prop.scala:868)
[info]   at org.scalacheck.Prop$.$anonfun$forAllShrink$1(Prop.scala:915)
[info]   at org.scalacheck.Prop$.$anonfun$apply$1(Prop.scala:305)
[info]   at org.scalacheck.PropFromFun.apply(Prop.scala:20)
[info]   at org.scalacheck.Test$.workerFun$1(Test.scala:486)
[info]   at org.scalacheck.Test$.$anonfun$check$4(Test.scala:518)
[info]   at org.scalacheck.Test$.$anonfun$check$4$adapted(Test.scala:518)
[info]   at org.scalacheck.Platform$.runWorkers(Platform.scala:42)
[info]   at org.scalacheck.Test$.check(Test.scala:518)
[info]   at org.scalatestplus.scalacheck.UnitCheckerAsserting$CheckerAssertingImpl.check(CheckerAsserting.scala:90)
[info]   at org.scalatestplus.scalacheck.Checkers.check(Checkers.scala:371)
[info]   at org.scalatestplus.scalacheck.Checkers.check$(Checkers.scala:369)
[info]   at frameless.TypedDatasetSuite.check(TypedDatasetSuite.scala:63)
[info]   at frameless.SelectTests.$anonfun$new$35(SelectTests.scala:50)
[info]   at org.scalatest.OutcomeOf.outcomeOf(OutcomeOf.scala:85)
[info]   at org.scalatest.OutcomeOf.outcomeOf$(OutcomeOf.scala:83)
[info]   at org.scalatest.OutcomeOf$.outcomeOf(OutcomeOf.scala:104)
[info]   at org.scalatest.Transformer.apply(Transformer.scala:22)
[info]   at org.scalatest.Transformer.apply(Transformer.scala:20)
[info]   at org.scalatest.funsuite.AnyFunSuiteLike$$anon$1.apply(AnyFunSuiteLike.scala:226)
[info]   at org.scalatest.TestSuite.withFixture(TestSuite.scala:196)
[info]   at org.scalatest.TestSuite.withFixture$(TestSuite.scala:195)
[info]   at org.scalatest.funsuite.AnyFunSuite.withFixture(AnyFunSuite.scala:1564)
[info]   at org.scalatest.funsuite.AnyFunSuiteLike.invokeWithFixture$1(AnyFunSuiteLike.scala:224)
[info]   at org.scalatest.funsuite.AnyFunSuiteLike.$anonfun$runTest$1(AnyFunSuiteLike.scala:236)
[info]   at org.scalatest.SuperEngine.runTestImpl(Engine.scala:306)
[info]   at org.scalatest.funsuite.AnyFunSuiteLike.runTest(AnyFunSuiteLike.scala:236)
[info]   at org.scalatest.funsuite.AnyFunSuiteLike.runTest$(AnyFunSuiteLike.scala:218)
[info]   at org.scalatest.funsuite.AnyFunSuite.runTest(AnyFunSuite.scala:1564)
[info]   at org.scalatest.funsuite.AnyFunSuiteLike.$anonfun$runTests$1(AnyFunSuiteLike.scala:269)
[info]   at org.scalatest.SuperEngine.$anonfun$runTestsInBranch$1(Engine.scala:413)
[info]   at scala.collection.immutable.List.foreach(List.scala:334)
[info]   at org.scalatest.SuperEngine.traverseSubNodes$1(Engine.scala:401)
[info]   at org.scalatest.SuperEngine.runTestsInBranch(Engine.scala:396)
[info]   at org.scalatest.SuperEngine.runTestsImpl(Engine.scala:475)
[info]   at org.scalatest.funsuite.AnyFunSuiteLike.runTests(AnyFunSuiteLike.scala:269)
[info]   at org.scalatest.funsuite.AnyFunSuiteLike.runTests$(AnyFunSuiteLike.scala:268)
[info]   at org.scalatest.funsuite.AnyFunSuite.runTests(AnyFunSuite.scala:1564)
[info]   at org.scalatest.Suite.run(Suite.scala:1114)
[info]   at org.scalatest.Suite.run$(Suite.scala:1096)
[info]   at org.scalatest.funsuite.AnyFunSuite.org$scalatest$funsuite$AnyFunSuiteLike$$super$run(AnyFunSuite.scala:1564)
[info]   at org.scalatest.funsuite.AnyFunSuiteLike.$anonfun$run$1(AnyFunSuiteLike.scala:273)
[info]   at org.scalatest.SuperEngine.runImpl(Engine.scala:535)
[info]   at org.scalatest.funsuite.AnyFunSuiteLike.run(AnyFunSuiteLike.scala:273)
[info]   at org.scalatest.funsuite.AnyFunSuiteLike.run$(AnyFunSuiteLike.scala:272)
[info]   at frameless.TypedDatasetSuite.org$scalatest$BeforeAndAfterAll$$super$run(TypedDatasetSuite.scala:63)
[info]   at org.scalatest.BeforeAndAfterAll.liftedTree1$1(BeforeAndAfterAll.scala:213)
[info]   at org.scalatest.BeforeAndAfterAll.run(BeforeAndAfterAll.scala:210)
[info]   at org.scalatest.BeforeAndAfterAll.run$(BeforeAndAfterAll.scala:208)
[info]   at frameless.TypedDatasetSuite.run(TypedDatasetSuite.scala:63)
[info]   at org.scalatest.tools.Framework.org$scalatest$tools$Framework$$runSuite(Framework.scala:321)
[info]   at org.scalatest.tools.Framework$ScalaTestTask.execute(Framework.scala:517)
[info]   at sbt.ForkMain$Run.lambda$runTest$1(ForkMain.java:414)
[info]   at java.base/java.util.concurrent.FutureTask.run(FutureTask.java:317)
[info]   at java.base/java.util.concurrent.ThreadPoolExecutor.runWorker(ThreadPoolExecutor.java:1144)
[info]   at java.base/java.util.concurrent.ThreadPoolExecutor$Worker.run(ThreadPoolExecutor.java:642)
[info]   at java.base/java.lang.Thread.run(Thread.java:1583)
[info] - select('a, 'b, 'c) FROM abcd *** FAILED *** (6 milliseconds)
[info]   IllegalArgumentException was thrown during property evaluation.
[info]     Message: argument type mismatch
[info]     Occurred when passed generated values (
[info]       arg0 = Vector()
[info]     )
[info]   org.scalatest.exceptions.GeneratorDrivenPropertyCheckFailedException:
[info]   at org.scalatestplus.scalacheck.CheckerAsserting$$anon$2.indicateFailure(CheckerAsserting.scala:251)
[info]   at org.scalatestplus.scalacheck.CheckerAsserting$$anon$2.indicateFailure(CheckerAsserting.scala:238)
[info]   at org.scalatestplus.scalacheck.UnitCheckerAsserting$CheckerAssertingImpl.check(CheckerAsserting.scala:160)
[info]   at org.scalatestplus.scalacheck.Checkers.check(Checkers.scala:371)
[info]   at org.scalatestplus.scalacheck.Checkers.check$(Checkers.scala:369)
[info]   at frameless.TypedDatasetSuite.check(TypedDatasetSuite.scala:63)
[info]   at frameless.SelectTests.$anonfun$new$73(SelectTests.scala:76)
[info]   at org.scalatest.OutcomeOf.outcomeOf(OutcomeOf.scala:85)
[info]   at org.scalatest.OutcomeOf.outcomeOf$(OutcomeOf.scala:83)
[info]   at org.scalatest.OutcomeOf$.outcomeOf(OutcomeOf.scala:104)
[info]   at org.scalatest.Transformer.apply(Transformer.scala:22)
[info]   at org.scalatest.Transformer.apply(Transformer.scala:20)
[info]   at org.scalatest.funsuite.AnyFunSuiteLike$$anon$1.apply(AnyFunSuiteLike.scala:226)
[info]   at org.scalatest.TestSuite.withFixture(TestSuite.scala:196)
[info]   at org.scalatest.TestSuite.withFixture$(TestSuite.scala:195)
[info]   at org.scalatest.funsuite.AnyFunSuite.withFixture(AnyFunSuite.scala:1564)
[info]   at org.scalatest.funsuite.AnyFunSuiteLike.invokeWithFixture$1(AnyFunSuiteLike.scala:224)
[info]   at org.scalatest.funsuite.AnyFunSuiteLike.$anonfun$runTest$1(AnyFunSuiteLike.scala:236)
[info]   at org.scalatest.SuperEngine.runTestImpl(Engine.scala:306)
[info]   at org.scalatest.funsuite.AnyFunSuiteLike.runTest(AnyFunSuiteLike.scala:236)
[info]   at org.scalatest.funsuite.AnyFunSuiteLike.runTest$(AnyFunSuiteLike.scala:218)
[info]   at org.scalatest.funsuite.AnyFunSuite.runTest(AnyFunSuite.scala:1564)
[info]   at org.scalatest.funsuite.AnyFunSuiteLike.$anonfun$runTests$1(AnyFunSuiteLike.scala:269)
[info]   at org.scalatest.SuperEngine.$anonfun$runTestsInBranch$1(Engine.scala:413)
[info]   at scala.collection.immutable.List.foreach(List.scala:334)
[info]   at org.scalatest.SuperEngine.traverseSubNodes$1(Engine.scala:401)
[info]   at org.scalatest.SuperEngine.runTestsInBranch(Engine.scala:396)
[info]   at org.scalatest.SuperEngine.runTestsImpl(Engine.scala:475)
[info]   at org.scalatest.funsuite.AnyFunSuiteLike.runTests(AnyFunSuiteLike.scala:269)
[info]   at org.scalatest.funsuite.AnyFunSuiteLike.runTests$(AnyFunSuiteLike.scala:268)
[info]   at org.scalatest.funsuite.AnyFunSuite.runTests(AnyFunSuite.scala:1564)
[info]   at org.scalatest.Suite.run(Suite.scala:1114)
[info]   at org.scalatest.Suite.run$(Suite.scala:1096)
[info]   at org.scalatest.funsuite.AnyFunSuite.org$scalatest$funsuite$AnyFunSuiteLike$$super$run(AnyFunSuite.scala:1564)
[info]   at org.scalatest.funsuite.AnyFunSuiteLike.$anonfun$run$1(AnyFunSuiteLike.scala:273)
[info]   at org.scalatest.SuperEngine.runImpl(Engine.scala:535)
[info]   at org.scalatest.funsuite.AnyFunSuiteLike.run(AnyFunSuiteLike.scala:273)
[info]   at org.scalatest.funsuite.AnyFunSuiteLike.run$(AnyFunSuiteLike.scala:272)
[info]   at frameless.TypedDatasetSuite.org$scalatest$BeforeAndAfterAll$$super$run(TypedDatasetSuite.scala:63)
[info]   at org.scalatest.BeforeAndAfterAll.liftedTree1$1(BeforeAndAfterAll.scala:213)
[info]   at org.scalatest.BeforeAndAfterAll.run(BeforeAndAfterAll.scala:210)
[info]   at org.scalatest.BeforeAndAfterAll.run$(BeforeAndAfterAll.scala:208)
[info]   at frameless.TypedDatasetSuite.run(TypedDatasetSuite.scala:63)
[info]   at org.scalatest.tools.Framework.org$scalatest$tools$Framework$$runSuite(Framework.scala:321)
[info]   at org.scalatest.tools.Framework$ScalaTestTask.execute(Framework.scala:517)
[info]   at sbt.ForkMain$Run.lambda$runTest$1(ForkMain.java:414)
[info]   at java.base/java.util.concurrent.FutureTask.run(FutureTask.java:317)
[info]   at java.base/java.util.concurrent.ThreadPoolExecutor.runWorker(ThreadPoolExecutor.java:1144)
[info]   at java.base/java.util.concurrent.ThreadPoolExecutor$Worker.run(ThreadPoolExecutor.java:642)
[info]   at java.base/java.lang.Thread.run(Thread.java:1583)
[info]   Cause: java.lang.IllegalArgumentException: argument type mismatch
[info]   at java.base/jdk.internal.reflect.DirectConstructorHandleAccessor.newInstance(DirectConstructorHandleAccessor.java:65)
[info]   at java.base/java.lang.reflect.Constructor.newInstanceWithCaller(Constructor.java:502)
[info]   at java.base/java.lang.reflect.Constructor.newInstance(Constructor.java:486)
[info]   at frameless.TypedExpressionEncoder$.$anonfun$apply$3(TypedExpressionEncoder.scala:55)
[info]   at scala.Option.map(Option.scala:242)
[info]   at frameless.TypedExpressionEncoder$.apply(TypedExpressionEncoder.scala:54)
[info]   at frameless.TypedDataset$.create(TypedDataset.scala:1325)
[info]   at frameless.SelectTests.prop$3(SelectTests.scala:65)
[info]   at frameless.SelectTests.$anonfun$new$83(SelectTests.scala:76)
[info]   at scala.Function1.$anonfun$andThen$1(Function1.scala:87)
[info]   at org.scalacheck.Prop$.$anonfun$forAllShrink$2(Prop.scala:868)
[info]   at org.scalacheck.Prop$.secure(Prop.scala:484)
[info]   at org.scalacheck.Prop$.result$1(Prop.scala:868)
[info]   at org.scalacheck.Prop$.$anonfun$forAllShrink$1(Prop.scala:915)
[info]   at org.scalacheck.Prop$.$anonfun$apply$1(Prop.scala:305)
[info]   at org.scalacheck.PropFromFun.apply(Prop.scala:20)
[info]   at org.scalacheck.Test$.workerFun$1(Test.scala:486)
[info]   at org.scalacheck.Test$.$anonfun$check$4(Test.scala:518)
[info]   at org.scalacheck.Test$.$anonfun$check$4$adapted(Test.scala:518)
[info]   at org.scalacheck.Platform$.runWorkers(Platform.scala:42)
[info]   at org.scalacheck.Test$.check(Test.scala:518)
[info]   at org.scalatestplus.scalacheck.UnitCheckerAsserting$CheckerAssertingImpl.check(CheckerAsserting.scala:90)
[info]   at org.scalatestplus.scalacheck.Checkers.check(Checkers.scala:371)
[info]   at org.scalatestplus.scalacheck.Checkers.check$(Checkers.scala:369)
[info]   at frameless.TypedDatasetSuite.check(TypedDatasetSuite.scala:63)
[info]   at frameless.SelectTests.$anonfun$new$73(SelectTests.scala:76)
[info]   at org.scalatest.OutcomeOf.outcomeOf(OutcomeOf.scala:85)
[info]   at org.scalatest.OutcomeOf.outcomeOf$(OutcomeOf.scala:83)
[info]   at org.scalatest.OutcomeOf$.outcomeOf(OutcomeOf.scala:104)
[info]   at org.scalatest.Transformer.apply(Transformer.scala:22)
[info]   at org.scalatest.Transformer.apply(Transformer.scala:20)
[info]   at org.scalatest.funsuite.AnyFunSuiteLike$$anon$1.apply(AnyFunSuiteLike.scala:226)
[info]   at org.scalatest.TestSuite.withFixture(TestSuite.scala:196)
[info]   at org.scalatest.TestSuite.withFixture$(TestSuite.scala:195)
[info]   at org.scalatest.funsuite.AnyFunSuite.withFixture(AnyFunSuite.scala:1564)
[info]   at org.scalatest.funsuite.AnyFunSuiteLike.invokeWithFixture$1(AnyFunSuiteLike.scala:224)
[info]   at org.scalatest.funsuite.AnyFunSuiteLike.$anonfun$runTest$1(AnyFunSuiteLike.scala:236)
[info]   at org.scalatest.SuperEngine.runTestImpl(Engine.scala:306)
[info]   at org.scalatest.funsuite.AnyFunSuiteLike.runTest(AnyFunSuiteLike.scala:236)
[info]   at org.scalatest.funsuite.AnyFunSuiteLike.runTest$(AnyFunSuiteLike.scala:218)
[info]   at org.scalatest.funsuite.AnyFunSuite.runTest(AnyFunSuite.scala:1564)
[info]   at org.scalatest.funsuite.AnyFunSuiteLike.$anonfun$runTests$1(AnyFunSuiteLike.scala:269)
[info]   at org.scalatest.SuperEngine.$anonfun$runTestsInBranch$1(Engine.scala:413)
[info]   at scala.collection.immutable.List.foreach(List.scala:334)
[info]   at org.scalatest.SuperEngine.traverseSubNodes$1(Engine.scala:401)
[info]   at org.scalatest.SuperEngine.runTestsInBranch(Engine.scala:396)
[info]   at org.scalatest.SuperEngine.runTestsImpl(Engine.scala:475)
[info]   at org.scalatest.funsuite.AnyFunSuiteLike.runTests(AnyFunSuiteLike.scala:269)
[info]   at org.scalatest.funsuite.AnyFunSuiteLike.runTests$(AnyFunSuiteLike.scala:268)
[info]   at org.scalatest.funsuite.AnyFunSuite.runTests(AnyFunSuite.scala:1564)
[info]   at org.scalatest.Suite.run(Suite.scala:1114)
[info]   at org.scalatest.Suite.run$(Suite.scala:1096)
[info]   at org.scalatest.funsuite.AnyFunSuite.org$scalatest$funsuite$AnyFunSuiteLike$$super$run(AnyFunSuite.scala:1564)
[info]   at org.scalatest.funsuite.AnyFunSuiteLike.$anonfun$run$1(AnyFunSuiteLike.scala:273)
[info]   at org.scalatest.SuperEngine.runImpl(Engine.scala:535)
[info]   at org.scalatest.funsuite.AnyFunSuiteLike.run(AnyFunSuiteLike.scala:273)
[info]   at org.scalatest.funsuite.AnyFunSuiteLike.run$(AnyFunSuiteLike.scala:272)
[info]   at frameless.TypedDatasetSuite.org$scalatest$BeforeAndAfterAll$$super$run(TypedDatasetSuite.scala:63)
[info]   at org.scalatest.BeforeAndAfterAll.liftedTree1$1(BeforeAndAfterAll.scala:213)
[info]   at org.scalatest.BeforeAndAfterAll.run(BeforeAndAfterAll.scala:210)
[info]   at org.scalatest.BeforeAndAfterAll.run$(BeforeAndAfterAll.scala:208)
[info]   at frameless.TypedDatasetSuite.run(TypedDatasetSuite.scala:63)
[info]   at org.scalatest.tools.Framework.org$scalatest$tools$Framework$$runSuite(Framework.scala:321)
[info]   at org.scalatest.tools.Framework$ScalaTestTask.execute(Framework.scala:517)
[info]   at sbt.ForkMain$Run.lambda$runTest$1(ForkMain.java:414)
[info]   at java.base/java.util.concurrent.FutureTask.run(FutureTask.java:317)
[info]   at java.base/java.util.concurrent.ThreadPoolExecutor.runWorker(ThreadPoolExecutor.java:1144)
[info]   at java.base/java.util.concurrent.ThreadPoolExecutor$Worker.run(ThreadPoolExecutor.java:642)
[info]   at java.base/java.lang.Thread.run(Thread.java:1583)
[info]   Cause: java.lang.ClassCastException: Cannot cast scala.reflect.ClassTag$GenericClassTag to org.apache.spark.sql.catalyst.expressions.Expression
[info]   at java.base/java.lang.Class.cast(Class.java:4067)
[info]   at java.base/jdk.internal.reflect.DirectConstructorHandleAccessor.newInstance(DirectConstructorHandleAccessor.java:62)
[info]   at java.base/java.lang.reflect.Constructor.newInstanceWithCaller(Constructor.java:502)
[info]   at java.base/java.lang.reflect.Constructor.newInstance(Constructor.java:486)
[info]   at frameless.TypedExpressionEncoder$.$anonfun$apply$3(TypedExpressionEncoder.scala:55)
[info]   at scala.Option.map(Option.scala:242)
[info]   at frameless.TypedExpressionEncoder$.apply(TypedExpressionEncoder.scala:54)
[info]   at frameless.TypedDataset$.create(TypedDataset.scala:1325)
[info]   at frameless.SelectTests.prop$3(SelectTests.scala:65)
[info]   at frameless.SelectTests.$anonfun$new$83(SelectTests.scala:76)
[info]   at scala.Function1.$anonfun$andThen$1(Function1.scala:87)
[info]   at org.scalacheck.Prop$.$anonfun$forAllShrink$2(Prop.scala:868)
[info]   at org.scalacheck.Prop$.secure(Prop.scala:484)
[info]   at org.scalacheck.Prop$.result$1(Prop.scala:868)
[info]   at org.scalacheck.Prop$.$anonfun$forAllShrink$1(Prop.scala:915)
[info]   at org.scalacheck.Prop$.$anonfun$apply$1(Prop.scala:305)
[info]   at org.scalacheck.PropFromFun.apply(Prop.scala:20)
[info]   at org.scalacheck.Test$.workerFun$1(Test.scala:486)
[info]   at org.scalacheck.Test$.$anonfun$check$4(Test.scala:518)
[info]   at org.scalacheck.Test$.$anonfun$check$4$adapted(Test.scala:518)
[info]   at org.scalacheck.Platform$.runWorkers(Platform.scala:42)
[info]   at org.scalacheck.Test$.check(Test.scala:518)
[info]   at org.scalatestplus.scalacheck.UnitCheckerAsserting$CheckerAssertingImpl.check(CheckerAsserting.scala:90)
[info]   at org.scalatestplus.scalacheck.Checkers.check(Checkers.scala:371)
[info]   at org.scalatestplus.scalacheck.Checkers.check$(Checkers.scala:369)
[info]   at frameless.TypedDatasetSuite.check(TypedDatasetSuite.scala:63)
[info]   at frameless.SelectTests.$anonfun$new$73(SelectTests.scala:76)
[info]   at org.scalatest.OutcomeOf.outcomeOf(OutcomeOf.scala:85)
[info]   at org.scalatest.OutcomeOf.outcomeOf$(OutcomeOf.scala:83)
[info]   at org.scalatest.OutcomeOf$.outcomeOf(OutcomeOf.scala:104)
[info]   at org.scalatest.Transformer.apply(Transformer.scala:22)
[info]   at org.scalatest.Transformer.apply(Transformer.scala:20)
[info]   at org.scalatest.funsuite.AnyFunSuiteLike$$anon$1.apply(AnyFunSuiteLike.scala:226)
[info]   at org.scalatest.TestSuite.withFixture(TestSuite.scala:196)
[info]   at org.scalatest.TestSuite.withFixture$(TestSuite.scala:195)
[info]   at org.scalatest.funsuite.AnyFunSuite.withFixture(AnyFunSuite.scala:1564)
[info]   at org.scalatest.funsuite.AnyFunSuiteLike.invokeWithFixture$1(AnyFunSuiteLike.scala:224)
[info]   at org.scalatest.funsuite.AnyFunSuiteLike.$anonfun$runTest$1(AnyFunSuiteLike.scala:236)
[info]   at org.scalatest.SuperEngine.runTestImpl(Engine.scala:306)
[info]   at org.scalatest.funsuite.AnyFunSuiteLike.runTest(AnyFunSuiteLike.scala:236)
[info]   at org.scalatest.funsuite.AnyFunSuiteLike.runTest$(AnyFunSuiteLike.scala:218)
[info]   at org.scalatest.funsuite.AnyFunSuite.runTest(AnyFunSuite.scala:1564)
[info]   at org.scalatest.funsuite.AnyFunSuiteLike.$anonfun$runTests$1(AnyFunSuiteLike.scala:269)
[info]   at org.scalatest.SuperEngine.$anonfun$runTestsInBranch$1(Engine.scala:413)
[info]   at scala.collection.immutable.List.foreach(List.scala:334)
[info]   at org.scalatest.SuperEngine.traverseSubNodes$1(Engine.scala:401)
[info]   at org.scalatest.SuperEngine.runTestsInBranch(Engine.scala:396)
[info]   at org.scalatest.SuperEngine.runTestsImpl(Engine.scala:475)
[info]   at org.scalatest.funsuite.AnyFunSuiteLike.runTests(AnyFunSuiteLike.scala:269)
[info]   at org.scalatest.funsuite.AnyFunSuiteLike.runTests$(AnyFunSuiteLike.scala:268)
[info]   at org.scalatest.funsuite.AnyFunSuite.runTests(AnyFunSuite.scala:1564)
[info]   at org.scalatest.Suite.run(Suite.scala:1114)
[info]   at org.scalatest.Suite.run$(Suite.scala:1096)
[info]   at org.scalatest.funsuite.AnyFunSuite.org$scalatest$funsuite$AnyFunSuiteLike$$super$run(AnyFunSuite.scala:1564)
[info]   at org.scalatest.funsuite.AnyFunSuiteLike.$anonfun$run$1(AnyFunSuiteLike.scala:273)
[info]   at org.scalatest.SuperEngine.runImpl(Engine.scala:535)
[info]   at org.scalatest.funsuite.AnyFunSuiteLike.run(AnyFunSuiteLike.scala:273)
[info]   at org.scalatest.funsuite.AnyFunSuiteLike.run$(AnyFunSuiteLike.scala:272)
[info]   at frameless.TypedDatasetSuite.org$scalatest$BeforeAndAfterAll$$super$run(TypedDatasetSuite.scala:63)
[info]   at org.scalatest.BeforeAndAfterAll.liftedTree1$1(BeforeAndAfterAll.scala:213)
[info]   at org.scalatest.BeforeAndAfterAll.run(BeforeAndAfterAll.scala:210)
[info]   at org.scalatest.BeforeAndAfterAll.run$(BeforeAndAfterAll.scala:208)
[info]   at frameless.TypedDatasetSuite.run(TypedDatasetSuite.scala:63)
[info]   at org.scalatest.tools.Framework.org$scalatest$tools$Framework$$runSuite(Framework.scala:321)
[info]   at org.scalatest.tools.Framework$ScalaTestTask.execute(Framework.scala:517)
[info]   at sbt.ForkMain$Run.lambda$runTest$1(ForkMain.java:414)
[info]   at java.base/java.util.concurrent.FutureTask.run(FutureTask.java:317)
[info]   at java.base/java.util.concurrent.ThreadPoolExecutor.runWorker(ThreadPoolExecutor.java:1144)
[info]   at java.base/java.util.concurrent.ThreadPoolExecutor$Worker.run(ThreadPoolExecutor.java:642)
[info]   at java.base/java.lang.Thread.run(Thread.java:1583)
[info] - select('a,'b,'c,'d) FROM abcd *** FAILED *** (2 milliseconds)
[info]   IllegalArgumentException was thrown during property evaluation.
[info]     Message: argument type mismatch
[info]     Occurred when passed generated values (
[info]       arg0 = Vector()
[info]     )
[info]   org.scalatest.exceptions.GeneratorDrivenPropertyCheckFailedException:
[info]   at org.scalatestplus.scalacheck.CheckerAsserting$$anon$2.indicateFailure(CheckerAsserting.scala:251)
[info]   at org.scalatestplus.scalacheck.CheckerAsserting$$anon$2.indicateFailure(CheckerAsserting.scala:238)
[info]   at org.scalatestplus.scalacheck.UnitCheckerAsserting$CheckerAssertingImpl.check(CheckerAsserting.scala:160)
[info]   at org.scalatestplus.scalacheck.Checkers.check(Checkers.scala:371)
[info]   at org.scalatestplus.scalacheck.Checkers.check$(Checkers.scala:369)
[info]   at frameless.TypedDatasetSuite.check(TypedDatasetSuite.scala:63)
[info]   at frameless.SelectTests.$anonfun$new$113(SelectTests.scala:103)
[info]   at org.scalatest.OutcomeOf.outcomeOf(OutcomeOf.scala:85)
[info]   at org.scalatest.OutcomeOf.outcomeOf$(OutcomeOf.scala:83)
[info]   at org.scalatest.OutcomeOf$.outcomeOf(OutcomeOf.scala:104)
[info]   at org.scalatest.Transformer.apply(Transformer.scala:22)
[info]   at org.scalatest.Transformer.apply(Transformer.scala:20)
[info]   at org.scalatest.funsuite.AnyFunSuiteLike$$anon$1.apply(AnyFunSuiteLike.scala:226)
[info]   at org.scalatest.TestSuite.withFixture(TestSuite.scala:196)
[info]   at org.scalatest.TestSuite.withFixture$(TestSuite.scala:195)
[info]   at org.scalatest.funsuite.AnyFunSuite.withFixture(AnyFunSuite.scala:1564)
[info]   at org.scalatest.funsuite.AnyFunSuiteLike.invokeWithFixture$1(AnyFunSuiteLike.scala:224)
[info]   at org.scalatest.funsuite.AnyFunSuiteLike.$anonfun$runTest$1(AnyFunSuiteLike.scala:236)
[info]   at org.scalatest.SuperEngine.runTestImpl(Engine.scala:306)
[info]   at org.scalatest.funsuite.AnyFunSuiteLike.runTest(AnyFunSuiteLike.scala:236)
[info]   at org.scalatest.funsuite.AnyFunSuiteLike.runTest$(AnyFunSuiteLike.scala:218)
[info]   at org.scalatest.funsuite.AnyFunSuite.runTest(AnyFunSuite.scala:1564)
[info]   at org.scalatest.funsuite.AnyFunSuiteLike.$anonfun$runTests$1(AnyFunSuiteLike.scala:269)
[info]   at org.scalatest.SuperEngine.$anonfun$runTestsInBranch$1(Engine.scala:413)
[info]   at scala.collection.immutable.List.foreach(List.scala:334)
[info]   at org.scalatest.SuperEngine.traverseSubNodes$1(Engine.scala:401)
[info]   at org.scalatest.SuperEngine.runTestsInBranch(Engine.scala:396)
[info]   at org.scalatest.SuperEngine.runTestsImpl(Engine.scala:475)
[info]   at org.scalatest.funsuite.AnyFunSuiteLike.runTests(AnyFunSuiteLike.scala:269)
[info]   at org.scalatest.funsuite.AnyFunSuiteLike.runTests$(AnyFunSuiteLike.scala:268)
[info]   at org.scalatest.funsuite.AnyFunSuite.runTests(AnyFunSuite.scala:1564)
[info]   at org.scalatest.Suite.run(Suite.scala:1114)
[info]   at org.scalatest.Suite.run$(Suite.scala:1096)
[info]   at org.scalatest.funsuite.AnyFunSuite.org$scalatest$funsuite$AnyFunSuiteLike$$super$run(AnyFunSuite.scala:1564)
[info]   at org.scalatest.funsuite.AnyFunSuiteLike.$anonfun$run$1(AnyFunSuiteLike.scala:273)
[info]   at org.scalatest.SuperEngine.runImpl(Engine.scala:535)
[info]   at org.scalatest.funsuite.AnyFunSuiteLike.run(AnyFunSuiteLike.scala:273)
[info]   at org.scalatest.funsuite.AnyFunSuiteLike.run$(AnyFunSuiteLike.scala:272)
[info]   at frameless.TypedDatasetSuite.org$scalatest$BeforeAndAfterAll$$super$run(TypedDatasetSuite.scala:63)
[info]   at org.scalatest.BeforeAndAfterAll.liftedTree1$1(BeforeAndAfterAll.scala:213)
[info]   at org.scalatest.BeforeAndAfterAll.run(BeforeAndAfterAll.scala:210)
[info]   at org.scalatest.BeforeAndAfterAll.run$(BeforeAndAfterAll.scala:208)
[info]   at frameless.TypedDatasetSuite.run(TypedDatasetSuite.scala:63)
[info]   at org.scalatest.tools.Framework.org$scalatest$tools$Framework$$runSuite(Framework.scala:321)
[info]   at org.scalatest.tools.Framework$ScalaTestTask.execute(Framework.scala:517)
[info]   at sbt.ForkMain$Run.lambda$runTest$1(ForkMain.java:414)
[info]   at java.base/java.util.concurrent.FutureTask.run(FutureTask.java:317)
[info]   at java.base/java.util.concurrent.ThreadPoolExecutor.runWorker(ThreadPoolExecutor.java:1144)
[info]   at java.base/java.util.concurrent.ThreadPoolExecutor$Worker.run(ThreadPoolExecutor.java:642)
[info]   at java.base/java.lang.Thread.run(Thread.java:1583)
[info]   Cause: java.lang.IllegalArgumentException: argument type mismatch
[info]   at java.base/jdk.internal.reflect.DirectConstructorHandleAccessor.newInstance(DirectConstructorHandleAccessor.java:65)
[info]   at java.base/java.lang.reflect.Constructor.newInstanceWithCaller(Constructor.java:502)
[info]   at java.base/java.lang.reflect.Constructor.newInstance(Constructor.java:486)
[info]   at frameless.TypedExpressionEncoder$.$anonfun$apply$3(TypedExpressionEncoder.scala:55)
[info]   at scala.Option.map(Option.scala:242)
[info]   at frameless.TypedExpressionEncoder$.apply(TypedExpressionEncoder.scala:54)
[info]   at frameless.TypedDataset$.create(TypedDataset.scala:1325)
[info]   at frameless.SelectTests.prop$4(SelectTests.scala:91)
[info]   at frameless.SelectTests.$anonfun$new$125(SelectTests.scala:103)
[info]   at scala.Function1.$anonfun$andThen$1(Function1.scala:87)
[info]   at org.scalacheck.Prop$.$anonfun$forAllShrink$2(Prop.scala:868)
[info]   at org.scalacheck.Prop$.secure(Prop.scala:484)
[info]   at org.scalacheck.Prop$.result$1(Prop.scala:868)
[info]   at org.scalacheck.Prop$.$anonfun$forAllShrink$1(Prop.scala:915)
[info]   at org.scalacheck.Prop$.$anonfun$apply$1(Prop.scala:305)
[info]   at org.scalacheck.PropFromFun.apply(Prop.scala:20)
[info]   at org.scalacheck.Test$.workerFun$1(Test.scala:486)
[info]   at org.scalacheck.Test$.$anonfun$check$4(Test.scala:518)
[info]   at org.scalacheck.Test$.$anonfun$check$4$adapted(Test.scala:518)
[info]   at org.scalacheck.Platform$.runWorkers(Platform.scala:42)
[info]   at org.scalacheck.Test$.check(Test.scala:518)
[info]   at org.scalatestplus.scalacheck.UnitCheckerAsserting$CheckerAssertingImpl.check(CheckerAsserting.scala:90)
[info]   at org.scalatestplus.scalacheck.Checkers.check(Checkers.scala:371)
[info]   at org.scalatestplus.scalacheck.Checkers.check$(Checkers.scala:369)
[info]   at frameless.TypedDatasetSuite.check(TypedDatasetSuite.scala:63)
[info]   at frameless.SelectTests.$anonfun$new$113(SelectTests.scala:103)
[info]   at org.scalatest.OutcomeOf.outcomeOf(OutcomeOf.scala:85)
[info]   at org.scalatest.OutcomeOf.outcomeOf$(OutcomeOf.scala:83)
[info]   at org.scalatest.OutcomeOf$.outcomeOf(OutcomeOf.scala:104)
[info]   at org.scalatest.Transformer.apply(Transformer.scala:22)
[info]   at org.scalatest.Transformer.apply(Transformer.scala:20)
[info]   at org.scalatest.funsuite.AnyFunSuiteLike$$anon$1.apply(AnyFunSuiteLike.scala:226)
[info]   at org.scalatest.TestSuite.withFixture(TestSuite.scala:196)
[info]   at org.scalatest.TestSuite.withFixture$(TestSuite.scala:195)
[info]   at org.scalatest.funsuite.AnyFunSuite.withFixture(AnyFunSuite.scala:1564)
[info]   at org.scalatest.funsuite.AnyFunSuiteLike.invokeWithFixture$1(AnyFunSuiteLike.scala:224)
[info]   at org.scalatest.funsuite.AnyFunSuiteLike.$anonfun$runTest$1(AnyFunSuiteLike.scala:236)
[info]   at org.scalatest.SuperEngine.runTestImpl(Engine.scala:306)
[info]   at org.scalatest.funsuite.AnyFunSuiteLike.runTest(AnyFunSuiteLike.scala:236)
[info]   at org.scalatest.funsuite.AnyFunSuiteLike.runTest$(AnyFunSuiteLike.scala:218)
[info]   at org.scalatest.funsuite.AnyFunSuite.runTest(AnyFunSuite.scala:1564)
[info]   at org.scalatest.funsuite.AnyFunSuiteLike.$anonfun$runTests$1(AnyFunSuiteLike.scala:269)
[info]   at org.scalatest.SuperEngine.$anonfun$runTestsInBranch$1(Engine.scala:413)
[info]   at scala.collection.immutable.List.foreach(List.scala:334)
[info]   at org.scalatest.SuperEngine.traverseSubNodes$1(Engine.scala:401)
[info]   at org.scalatest.SuperEngine.runTestsInBranch(Engine.scala:396)
[info]   at org.scalatest.SuperEngine.runTestsImpl(Engine.scala:475)
[info]   at org.scalatest.funsuite.AnyFunSuiteLike.runTests(AnyFunSuiteLike.scala:269)
[info]   at org.scalatest.funsuite.AnyFunSuiteLike.runTests$(AnyFunSuiteLike.scala:268)
[info]   at org.scalatest.funsuite.AnyFunSuite.runTests(AnyFunSuite.scala:1564)
[info]   at org.scalatest.Suite.run(Suite.scala:1114)
[info]   at org.scalatest.Suite.run$(Suite.scala:1096)
[info]   at org.scalatest.funsuite.AnyFunSuite.org$scalatest$funsuite$AnyFunSuiteLike$$super$run(AnyFunSuite.scala:1564)
[info]   at org.scalatest.funsuite.AnyFunSuiteLike.$anonfun$run$1(AnyFunSuiteLike.scala:273)
[info]   at org.scalatest.SuperEngine.runImpl(Engine.scala:535)
[info]   at org.scalatest.funsuite.AnyFunSuiteLike.run(AnyFunSuiteLike.scala:273)
[info]   at org.scalatest.funsuite.AnyFunSuiteLike.run$(AnyFunSuiteLike.scala:272)
[info]   at frameless.TypedDatasetSuite.org$scalatest$BeforeAndAfterAll$$super$run(TypedDatasetSuite.scala:63)
[info]   at org.scalatest.BeforeAndAfterAll.liftedTree1$1(BeforeAndAfterAll.scala:213)
[info]   at org.scalatest.BeforeAndAfterAll.run(BeforeAndAfterAll.scala:210)
[info]   at org.scalatest.BeforeAndAfterAll.run$(BeforeAndAfterAll.scala:208)
[info]   at frameless.TypedDatasetSuite.run(TypedDatasetSuite.scala:63)
[info]   at org.scalatest.tools.Framework.org$scalatest$tools$Framework$$runSuite(Framework.scala:321)
[info]   at org.scalatest.tools.Framework$ScalaTestTask.execute(Framework.scala:517)
[info]   at sbt.ForkMain$Run.lambda$runTest$1(ForkMain.java:414)
[info]   at java.base/java.util.concurrent.FutureTask.run(FutureTask.java:317)
[info]   at java.base/java.util.concurrent.ThreadPoolExecutor.runWorker(ThreadPoolExecutor.java:1144)
[info]   at java.base/java.util.concurrent.ThreadPoolExecutor$Worker.run(ThreadPoolExecutor.java:642)
[info]   at java.base/java.lang.Thread.run(Thread.java:1583)
[info]   Cause: java.lang.ClassCastException: Cannot cast scala.reflect.ClassTag$GenericClassTag to org.apache.spark.sql.catalyst.expressions.Expression
[info]   at java.base/java.lang.Class.cast(Class.java:4067)
[info]   at java.base/jdk.internal.reflect.DirectConstructorHandleAccessor.newInstance(DirectConstructorHandleAccessor.java:62)
[info]   at java.base/java.lang.reflect.Constructor.newInstanceWithCaller(Constructor.java:502)
[info]   at java.base/java.lang.reflect.Constructor.newInstance(Constructor.java:486)
[info]   at frameless.TypedExpressionEncoder$.$anonfun$apply$3(TypedExpressionEncoder.scala:55)
[info]   at scala.Option.map(Option.scala:242)
[info]   at frameless.TypedExpressionEncoder$.apply(TypedExpressionEncoder.scala:54)
[info]   at frameless.TypedDataset$.create(TypedDataset.scala:1325)
[info]   at frameless.SelectTests.prop$4(SelectTests.scala:91)
[info]   at frameless.SelectTests.$anonfun$new$125(SelectTests.scala:103)
[info]   at scala.Function1.$anonfun$andThen$1(Function1.scala:87)
[info]   at org.scalacheck.Prop$.$anonfun$forAllShrink$2(Prop.scala:868)
[info]   at org.scalacheck.Prop$.secure(Prop.scala:484)
[info]   at org.scalacheck.Prop$.result$1(Prop.scala:868)
[info]   at org.scalacheck.Prop$.$anonfun$forAllShrink$1(Prop.scala:915)
[info]   at org.scalacheck.Prop$.$anonfun$apply$1(Prop.scala:305)
[info]   at org.scalacheck.PropFromFun.apply(Prop.scala:20)
[info]   at org.scalacheck.Test$.workerFun$1(Test.scala:486)
[info]   at org.scalacheck.Test$.$anonfun$check$4(Test.scala:518)
[info]   at org.scalacheck.Test$.$anonfun$check$4$adapted(Test.scala:518)
[info]   at org.scalacheck.Platform$.runWorkers(Platform.scala:42)
[info]   at org.scalacheck.Test$.check(Test.scala:518)
[info]   at org.scalatestplus.scalacheck.UnitCheckerAsserting$CheckerAssertingImpl.check(CheckerAsserting.scala:90)
[info]   at org.scalatestplus.scalacheck.Checkers.check(Checkers.scala:371)
[info]   at org.scalatestplus.scalacheck.Checkers.check$(Checkers.scala:369)
[info]   at frameless.TypedDatasetSuite.check(TypedDatasetSuite.scala:63)
[info]   at frameless.SelectTests.$anonfun$new$113(SelectTests.scala:103)
[info]   at org.scalatest.OutcomeOf.outcomeOf(OutcomeOf.scala:85)
[info]   at org.scalatest.OutcomeOf.outcomeOf$(OutcomeOf.scala:83)
[info]   at org.scalatest.OutcomeOf$.outcomeOf(OutcomeOf.scala:104)
[info]   at org.scalatest.Transformer.apply(Transformer.scala:22)
[info]   at org.scalatest.Transformer.apply(Transformer.scala:20)
[info]   at org.scalatest.funsuite.AnyFunSuiteLike$$anon$1.apply(AnyFunSuiteLike.scala:226)
[info]   at org.scalatest.TestSuite.withFixture(TestSuite.scala:196)
[info]   at org.scalatest.TestSuite.withFixture$(TestSuite.scala:195)
[info]   at org.scalatest.funsuite.AnyFunSuite.withFixture(AnyFunSuite.scala:1564)
[info]   at org.scalatest.funsuite.AnyFunSuiteLike.invokeWithFixture$1(AnyFunSuiteLike.scala:224)
[info]   at org.scalatest.funsuite.AnyFunSuiteLike.$anonfun$runTest$1(AnyFunSuiteLike.scala:236)
[info]   at org.scalatest.SuperEngine.runTestImpl(Engine.scala:306)
[info]   at org.scalatest.funsuite.AnyFunSuiteLike.runTest(AnyFunSuiteLike.scala:236)
[info]   at org.scalatest.funsuite.AnyFunSuiteLike.runTest$(AnyFunSuiteLike.scala:218)
[info]   at org.scalatest.funsuite.AnyFunSuite.runTest(AnyFunSuite.scala:1564)
[info]   at org.scalatest.funsuite.AnyFunSuiteLike.$anonfun$runTests$1(AnyFunSuiteLike.scala:269)
[info]   at org.scalatest.SuperEngine.$anonfun$runTestsInBranch$1(Engine.scala:413)
[info]   at scala.collection.immutable.List.foreach(List.scala:334)
[info]   at org.scalatest.SuperEngine.traverseSubNodes$1(Engine.scala:401)
[info]   at org.scalatest.SuperEngine.runTestsInBranch(Engine.scala:396)
[info]   at org.scalatest.SuperEngine.runTestsImpl(Engine.scala:475)
[info]   at org.scalatest.funsuite.AnyFunSuiteLike.runTests(AnyFunSuiteLike.scala:269)
[info]   at org.scalatest.funsuite.AnyFunSuiteLike.runTests$(AnyFunSuiteLike.scala:268)
[info]   at org.scalatest.funsuite.AnyFunSuite.runTests(AnyFunSuite.scala:1564)
[info]   at org.scalatest.Suite.run(Suite.scala:1114)
[info]   at org.scalatest.Suite.run$(Suite.scala:1096)
[info]   at org.scalatest.funsuite.AnyFunSuite.org$scalatest$funsuite$AnyFunSuiteLike$$super$run(AnyFunSuite.scala:1564)
[info]   at org.scalatest.funsuite.AnyFunSuiteLike.$anonfun$run$1(AnyFunSuiteLike.scala:273)
[info]   at org.scalatest.SuperEngine.runImpl(Engine.scala:535)
[info]   at org.scalatest.funsuite.AnyFunSuiteLike.run(AnyFunSuiteLike.scala:273)
[info]   at org.scalatest.funsuite.AnyFunSuiteLike.run$(AnyFunSuiteLike.scala:272)
[info]   at frameless.TypedDatasetSuite.org$scalatest$BeforeAndAfterAll$$super$run(TypedDatasetSuite.scala:63)
[info]   at org.scalatest.BeforeAndAfterAll.liftedTree1$1(BeforeAndAfterAll.scala:213)
[info]   at org.scalatest.BeforeAndAfterAll.run(BeforeAndAfterAll.scala:210)
[info]   at org.scalatest.BeforeAndAfterAll.run$(BeforeAndAfterAll.scala:208)
[info]   at frameless.TypedDatasetSuite.run(TypedDatasetSuite.scala:63)
[info]   at org.scalatest.tools.Framework.org$scalatest$tools$Framework$$runSuite(Framework.scala:321)
[info]   at org.scalatest.tools.Framework$ScalaTestTask.execute(Framework.scala:517)
[info]   at sbt.ForkMain$Run.lambda$runTest$1(ForkMain.java:414)
[info]   at java.base/java.util.concurrent.FutureTask.run(FutureTask.java:317)
[info]   at java.base/java.util.concurrent.ThreadPoolExecutor.runWorker(ThreadPoolExecutor.java:1144)
[info]   at java.base/java.util.concurrent.ThreadPoolExecutor$Worker.run(ThreadPoolExecutor.java:642)
[info]   at java.base/java.lang.Thread.run(Thread.java:1583)
[info] - select('a,'b,'c,'d,'a) FROM abcd *** FAILED *** (3 milliseconds)
[info]   IllegalArgumentException was thrown during property evaluation.
[info]     Message: argument type mismatch
[info]     Occurred when passed generated values (
[info]       arg0 = Vector()
[info]     )
[info]   org.scalatest.exceptions.GeneratorDrivenPropertyCheckFailedException:
[info]   at org.scalatestplus.scalacheck.CheckerAsserting$$anon$2.indicateFailure(CheckerAsserting.scala:251)
[info]   at org.scalatestplus.scalacheck.CheckerAsserting$$anon$2.indicateFailure(CheckerAsserting.scala:238)
[info]   at org.scalatestplus.scalacheck.UnitCheckerAsserting$CheckerAssertingImpl.check(CheckerAsserting.scala:160)
[info]   at org.scalatestplus.scalacheck.Checkers.check(Checkers.scala:371)
[info]   at org.scalatestplus.scalacheck.Checkers.check$(Checkers.scala:369)
[info]   at frameless.TypedDatasetSuite.check(TypedDatasetSuite.scala:63)
[info]   at frameless.SelectTests.$anonfun$new$143(SelectTests.scala:130)
[info]   at org.scalatest.OutcomeOf.outcomeOf(OutcomeOf.scala:85)
[info]   at org.scalatest.OutcomeOf.outcomeOf$(OutcomeOf.scala:83)
[info]   at org.scalatest.OutcomeOf$.outcomeOf(OutcomeOf.scala:104)
[info]   at org.scalatest.Transformer.apply(Transformer.scala:22)
[info]   at org.scalatest.Transformer.apply(Transformer.scala:20)
[info]   at org.scalatest.funsuite.AnyFunSuiteLike$$anon$1.apply(AnyFunSuiteLike.scala:226)
[info]   at org.scalatest.TestSuite.withFixture(TestSuite.scala:196)
[info]   at org.scalatest.TestSuite.withFixture$(TestSuite.scala:195)
[info]   at org.scalatest.funsuite.AnyFunSuite.withFixture(AnyFunSuite.scala:1564)
[info]   at org.scalatest.funsuite.AnyFunSuiteLike.invokeWithFixture$1(AnyFunSuiteLike.scala:224)
[info]   at org.scalatest.funsuite.AnyFunSuiteLike.$anonfun$runTest$1(AnyFunSuiteLike.scala:236)
[info]   at org.scalatest.SuperEngine.runTestImpl(Engine.scala:306)
[info]   at org.scalatest.funsuite.AnyFunSuiteLike.runTest(AnyFunSuiteLike.scala:236)
[info]   at org.scalatest.funsuite.AnyFunSuiteLike.runTest$(AnyFunSuiteLike.scala:218)
[info]   at org.scalatest.funsuite.AnyFunSuite.runTest(AnyFunSuite.scala:1564)
[info]   at org.scalatest.funsuite.AnyFunSuiteLike.$anonfun$runTests$1(AnyFunSuiteLike.scala:269)
[info]   at org.scalatest.SuperEngine.$anonfun$runTestsInBranch$1(Engine.scala:413)
[info]   at scala.collection.immutable.List.foreach(List.scala:334)
[info]   at org.scalatest.SuperEngine.traverseSubNodes$1(Engine.scala:401)
[info]   at org.scalatest.SuperEngine.runTestsInBranch(Engine.scala:396)
[info]   at org.scalatest.SuperEngine.runTestsImpl(Engine.scala:475)
[info]   at org.scalatest.funsuite.AnyFunSuiteLike.runTests(AnyFunSuiteLike.scala:269)
[info]   at org.scalatest.funsuite.AnyFunSuiteLike.runTests$(AnyFunSuiteLike.scala:268)
[info]   at org.scalatest.funsuite.AnyFunSuite.runTests(AnyFunSuite.scala:1564)
[info]   at org.scalatest.Suite.run(Suite.scala:1114)
[info]   at org.scalatest.Suite.run$(Suite.scala:1096)
[info]   at org.scalatest.funsuite.AnyFunSuite.org$scalatest$funsuite$AnyFunSuiteLike$$super$run(AnyFunSuite.scala:1564)
[info]   at org.scalatest.funsuite.AnyFunSuiteLike.$anonfun$run$1(AnyFunSuiteLike.scala:273)
[info]   at org.scalatest.SuperEngine.runImpl(Engine.scala:535)
[info]   at org.scalatest.funsuite.AnyFunSuiteLike.run(AnyFunSuiteLike.scala:273)
[info]   at org.scalatest.funsuite.AnyFunSuiteLike.run$(AnyFunSuiteLike.scala:272)
[info]   at frameless.TypedDatasetSuite.org$scalatest$BeforeAndAfterAll$$super$run(TypedDatasetSuite.scala:63)
[info]   at org.scalatest.BeforeAndAfterAll.liftedTree1$1(BeforeAndAfterAll.scala:213)
[info]   at org.scalatest.BeforeAndAfterAll.run(BeforeAndAfterAll.scala:210)
[info]   at org.scalatest.BeforeAndAfterAll.run$(BeforeAndAfterAll.scala:208)
[info]   at frameless.TypedDatasetSuite.run(TypedDatasetSuite.scala:63)
[info]   at org.scalatest.tools.Framework.org$scalatest$tools$Framework$$runSuite(Framework.scala:321)
[info]   at org.scalatest.tools.Framework$ScalaTestTask.execute(Framework.scala:517)
[info]   at sbt.ForkMain$Run.lambda$runTest$1(ForkMain.java:414)
[info]   at java.base/java.util.concurrent.FutureTask.run(FutureTask.java:317)
[info]   at java.base/java.util.concurrent.ThreadPoolExecutor.runWorker(ThreadPoolExecutor.java:1144)
[info]   at java.base/java.util.concurrent.ThreadPoolExecutor$Worker.run(ThreadPoolExecutor.java:642)
[info]   at java.base/java.lang.Thread.run(Thread.java:1583)
[info]   Cause: java.lang.IllegalArgumentException: argument type mismatch
[info]   at java.base/jdk.internal.reflect.DirectConstructorHandleAccessor.newInstance(DirectConstructorHandleAccessor.java:65)
[info]   at java.base/java.lang.reflect.Constructor.newInstanceWithCaller(Constructor.java:502)
[info]   at java.base/java.lang.reflect.Constructor.newInstance(Constructor.java:486)
[info]   at frameless.TypedExpressionEncoder$.$anonfun$apply$3(TypedExpressionEncoder.scala:55)
[info]   at scala.Option.map(Option.scala:242)
[info]   at frameless.TypedExpressionEncoder$.apply(TypedExpressionEncoder.scala:54)
[info]   at frameless.TypedDataset$.create(TypedDataset.scala:1325)
[info]   at frameless.SelectTests.prop$5(SelectTests.scala:118)
[info]   at frameless.SelectTests.$anonfun$new$155(SelectTests.scala:130)
[info]   at scala.Function1.$anonfun$andThen$1(Function1.scala:87)
[info]   at org.scalacheck.Prop$.$anonfun$forAllShrink$2(Prop.scala:868)
[info]   at org.scalacheck.Prop$.secure(Prop.scala:484)
[info]   at org.scalacheck.Prop$.result$1(Prop.scala:868)
[info]   at org.scalacheck.Prop$.$anonfun$forAllShrink$1(Prop.scala:915)
[info]   at org.scalacheck.Prop$.$anonfun$apply$1(Prop.scala:305)
[info]   at org.scalacheck.PropFromFun.apply(Prop.scala:20)
[info]   at org.scalacheck.Test$.workerFun$1(Test.scala:486)
[info]   at org.scalacheck.Test$.$anonfun$check$4(Test.scala:518)
[info]   at org.scalacheck.Test$.$anonfun$check$4$adapted(Test.scala:518)
[info]   at org.scalacheck.Platform$.runWorkers(Platform.scala:42)
[info]   at org.scalacheck.Test$.check(Test.scala:518)
[info]   at org.scalatestplus.scalacheck.UnitCheckerAsserting$CheckerAssertingImpl.check(CheckerAsserting.scala:90)
[info]   at org.scalatestplus.scalacheck.Checkers.check(Checkers.scala:371)
[info]   at org.scalatestplus.scalacheck.Checkers.check$(Checkers.scala:369)
[info]   at frameless.TypedDatasetSuite.check(TypedDatasetSuite.scala:63)
[info]   at frameless.SelectTests.$anonfun$new$143(SelectTests.scala:130)
[info]   at org.scalatest.OutcomeOf.outcomeOf(OutcomeOf.scala:85)
[info]   at org.scalatest.OutcomeOf.outcomeOf$(OutcomeOf.scala:83)
[info]   at org.scalatest.OutcomeOf$.outcomeOf(OutcomeOf.scala:104)
[info]   at org.scalatest.Transformer.apply(Transformer.scala:22)
[info]   at org.scalatest.Transformer.apply(Transformer.scala:20)
[info]   at org.scalatest.funsuite.AnyFunSuiteLike$$anon$1.apply(AnyFunSuiteLike.scala:226)
[info]   at org.scalatest.TestSuite.withFixture(TestSuite.scala:196)
[info]   at org.scalatest.TestSuite.withFixture$(TestSuite.scala:195)
[info]   at org.scalatest.funsuite.AnyFunSuite.withFixture(AnyFunSuite.scala:1564)
[info]   at org.scalatest.funsuite.AnyFunSuiteLike.invokeWithFixture$1(AnyFunSuiteLike.scala:224)
[info]   at org.scalatest.funsuite.AnyFunSuiteLike.$anonfun$runTest$1(AnyFunSuiteLike.scala:236)
[info]   at org.scalatest.SuperEngine.runTestImpl(Engine.scala:306)
[info]   at org.scalatest.funsuite.AnyFunSuiteLike.runTest(AnyFunSuiteLike.scala:236)
[info]   at org.scalatest.funsuite.AnyFunSuiteLike.runTest$(AnyFunSuiteLike.scala:218)
[info]   at org.scalatest.funsuite.AnyFunSuite.runTest(AnyFunSuite.scala:1564)
[info]   at org.scalatest.funsuite.AnyFunSuiteLike.$anonfun$runTests$1(AnyFunSuiteLike.scala:269)
[info]   at org.scalatest.SuperEngine.$anonfun$runTestsInBranch$1(Engine.scala:413)
[info]   at scala.collection.immutable.List.foreach(List.scala:334)
[info]   at org.scalatest.SuperEngine.traverseSubNodes$1(Engine.scala:401)
[info]   at org.scalatest.SuperEngine.runTestsInBranch(Engine.scala:396)
[info]   at org.scalatest.SuperEngine.runTestsImpl(Engine.scala:475)
[info]   at org.scalatest.funsuite.AnyFunSuiteLike.runTests(AnyFunSuiteLike.scala:269)
[info]   at org.scalatest.funsuite.AnyFunSuiteLike.runTests$(AnyFunSuiteLike.scala:268)
[info]   at org.scalatest.funsuite.AnyFunSuite.runTests(AnyFunSuite.scala:1564)
[info]   at org.scalatest.Suite.run(Suite.scala:1114)
[info]   at org.scalatest.Suite.run$(Suite.scala:1096)
[info]   at org.scalatest.funsuite.AnyFunSuite.org$scalatest$funsuite$AnyFunSuiteLike$$super$run(AnyFunSuite.scala:1564)
[info]   at org.scalatest.funsuite.AnyFunSuiteLike.$anonfun$run$1(AnyFunSuiteLike.scala:273)
[info]   at org.scalatest.SuperEngine.runImpl(Engine.scala:535)
[info]   at org.scalatest.funsuite.AnyFunSuiteLike.run(AnyFunSuiteLike.scala:273)
[info]   at org.scalatest.funsuite.AnyFunSuiteLike.run$(AnyFunSuiteLike.scala:272)
[info]   at frameless.TypedDatasetSuite.org$scalatest$BeforeAndAfterAll$$super$run(TypedDatasetSuite.scala:63)
[info]   at org.scalatest.BeforeAndAfterAll.liftedTree1$1(BeforeAndAfterAll.scala:213)
[info]   at org.scalatest.BeforeAndAfterAll.run(BeforeAndAfterAll.scala:210)
[info]   at org.scalatest.BeforeAndAfterAll.run$(BeforeAndAfterAll.scala:208)
[info]   at frameless.TypedDatasetSuite.run(TypedDatasetSuite.scala:63)
[info]   at org.scalatest.tools.Framework.org$scalatest$tools$Framework$$runSuite(Framework.scala:321)
[info]   at org.scalatest.tools.Framework$ScalaTestTask.execute(Framework.scala:517)
[info]   at sbt.ForkMain$Run.lambda$runTest$1(ForkMain.java:414)
[info]   at java.base/java.util.concurrent.FutureTask.run(FutureTask.java:317)
[info]   at java.base/java.util.concurrent.ThreadPoolExecutor.runWorker(ThreadPoolExecutor.java:1144)
[info]   at java.base/java.util.concurrent.ThreadPoolExecutor$Worker.run(ThreadPoolExecutor.java:642)
[info]   at java.base/java.lang.Thread.run(Thread.java:1583)
[info]   Cause: java.lang.ClassCastException: Cannot cast scala.reflect.ClassTag$GenericClassTag to org.apache.spark.sql.catalyst.expressions.Expression
[info]   at java.base/java.lang.Class.cast(Class.java:4067)
[info]   at java.base/jdk.internal.reflect.DirectConstructorHandleAccessor.newInstance(DirectConstructorHandleAccessor.java:62)
[info]   at java.base/java.lang.reflect.Constructor.newInstanceWithCaller(Constructor.java:502)
[info]   at java.base/java.lang.reflect.Constructor.newInstance(Constructor.java:486)
[info]   at frameless.TypedExpressionEncoder$.$anonfun$apply$3(TypedExpressionEncoder.scala:55)
[info]   at scala.Option.map(Option.scala:242)
[info]   at frameless.TypedExpressionEncoder$.apply(TypedExpressionEncoder.scala:54)
[info]   at frameless.TypedDataset$.create(TypedDataset.scala:1325)
[info]   at frameless.SelectTests.prop$5(SelectTests.scala:118)
[info]   at frameless.SelectTests.$anonfun$new$155(SelectTests.scala:130)
[info]   at scala.Function1.$anonfun$andThen$1(Function1.scala:87)
[info]   at org.scalacheck.Prop$.$anonfun$forAllShrink$2(Prop.scala:868)
[info]   at org.scalacheck.Prop$.secure(Prop.scala:484)
[info]   at org.scalacheck.Prop$.result$1(Prop.scala:868)
[info]   at org.scalacheck.Prop$.$anonfun$forAllShrink$1(Prop.scala:915)
[info]   at org.scalacheck.Prop$.$anonfun$apply$1(Prop.scala:305)
[info]   at org.scalacheck.PropFromFun.apply(Prop.scala:20)
[info]   at org.scalacheck.Test$.workerFun$1(Test.scala:486)
[info]   at org.scalacheck.Test$.$anonfun$check$4(Test.scala:518)
[info]   at org.scalacheck.Test$.$anonfun$check$4$adapted(Test.scala:518)
[info]   at org.scalacheck.Platform$.runWorkers(Platform.scala:42)
[info]   at org.scalacheck.Test$.check(Test.scala:518)
[info]   at org.scalatestplus.scalacheck.UnitCheckerAsserting$CheckerAssertingImpl.check(CheckerAsserting.scala:90)
[info]   at org.scalatestplus.scalacheck.Checkers.check(Checkers.scala:371)
[info]   at org.scalatestplus.scalacheck.Checkers.check$(Checkers.scala:369)
[info]   at frameless.TypedDatasetSuite.check(TypedDatasetSuite.scala:63)
[info]   at frameless.SelectTests.$anonfun$new$143(SelectTests.scala:130)
[info]   at org.scalatest.OutcomeOf.outcomeOf(OutcomeOf.scala:85)
[info]   at org.scalatest.OutcomeOf.outcomeOf$(OutcomeOf.scala:83)
[info]   at org.scalatest.OutcomeOf$.outcomeOf(OutcomeOf.scala:104)
[info]   at org.scalatest.Transformer.apply(Transformer.scala:22)
[info]   at org.scalatest.Transformer.apply(Transformer.scala:20)
[info]   at org.scalatest.funsuite.AnyFunSuiteLike$$anon$1.apply(AnyFunSuiteLike.scala:226)
[info]   at org.scalatest.TestSuite.withFixture(TestSuite.scala:196)
[info]   at org.scalatest.TestSuite.withFixture$(TestSuite.scala:195)
[info]   at org.scalatest.funsuite.AnyFunSuite.withFixture(AnyFunSuite.scala:1564)
[info]   at org.scalatest.funsuite.AnyFunSuiteLike.invokeWithFixture$1(AnyFunSuiteLike.scala:224)
[info]   at org.scalatest.funsuite.AnyFunSuiteLike.$anonfun$runTest$1(AnyFunSuiteLike.scala:236)
[info]   at org.scalatest.SuperEngine.runTestImpl(Engine.scala:306)
[info]   at org.scalatest.funsuite.AnyFunSuiteLike.runTest(AnyFunSuiteLike.scala:236)
[info]   at org.scalatest.funsuite.AnyFunSuiteLike.runTest$(AnyFunSuiteLike.scala:218)
[info]   at org.scalatest.funsuite.AnyFunSuite.runTest(AnyFunSuite.scala:1564)
[info]   at org.scalatest.funsuite.AnyFunSuiteLike.$anonfun$runTests$1(AnyFunSuiteLike.scala:269)
[info]   at org.scalatest.SuperEngine.$anonfun$runTestsInBranch$1(Engine.scala:413)
[info]   at scala.collection.immutable.List.foreach(List.scala:334)
[info]   at org.scalatest.SuperEngine.traverseSubNodes$1(Engine.scala:401)
[info]   at org.scalatest.SuperEngine.runTestsInBranch(Engine.scala:396)
[info]   at org.scalatest.SuperEngine.runTestsImpl(Engine.scala:475)
[info]   at org.scalatest.funsuite.AnyFunSuiteLike.runTests(AnyFunSuiteLike.scala:269)
[info]   at org.scalatest.funsuite.AnyFunSuiteLike.runTests$(AnyFunSuiteLike.scala:268)
[info]   at org.scalatest.funsuite.AnyFunSuite.runTests(AnyFunSuite.scala:1564)
[info]   at org.scalatest.Suite.run(Suite.scala:1114)
[info]   at org.scalatest.Suite.run$(Suite.scala:1096)
[info]   at org.scalatest.funsuite.AnyFunSuite.org$scalatest$funsuite$AnyFunSuiteLike$$super$run(AnyFunSuite.scala:1564)
[info]   at org.scalatest.funsuite.AnyFunSuiteLike.$anonfun$run$1(AnyFunSuiteLike.scala:273)
[info]   at org.scalatest.SuperEngine.runImpl(Engine.scala:535)
[info]   at org.scalatest.funsuite.AnyFunSuiteLike.run(AnyFunSuiteLike.scala:273)
[info]   at org.scalatest.funsuite.AnyFunSuiteLike.run$(AnyFunSuiteLike.scala:272)
[info]   at frameless.TypedDatasetSuite.org$scalatest$BeforeAndAfterAll$$super$run(TypedDatasetSuite.scala:63)
[info]   at org.scalatest.BeforeAndAfterAll.liftedTree1$1(BeforeAndAfterAll.scala:213)
[info]   at org.scalatest.BeforeAndAfterAll.run(BeforeAndAfterAll.scala:210)
[info]   at org.scalatest.BeforeAndAfterAll.run$(BeforeAndAfterAll.scala:208)
[info]   at frameless.TypedDatasetSuite.run(TypedDatasetSuite.scala:63)
[info]   at org.scalatest.tools.Framework.org$scalatest$tools$Framework$$runSuite(Framework.scala:321)
[info]   at org.scalatest.tools.Framework$ScalaTestTask.execute(Framework.scala:517)
[info]   at sbt.ForkMain$Run.lambda$runTest$1(ForkMain.java:414)
[info]   at java.base/java.util.concurrent.FutureTask.run(FutureTask.java:317)
[info]   at java.base/java.util.concurrent.ThreadPoolExecutor.runWorker(ThreadPoolExecutor.java:1144)
[info]   at java.base/java.util.concurrent.ThreadPoolExecutor$Worker.run(ThreadPoolExecutor.java:642)
[info]   at java.base/java.lang.Thread.run(Thread.java:1583)
[info] - select('a,'b,'c,'d,'a, 'c) FROM abcd *** FAILED *** (3 milliseconds)
[info]   IllegalArgumentException was thrown during property evaluation.
[info]     Message: argument type mismatch
[info]     Occurred when passed generated values (
[info]       arg0 = Vector()
[info]     )
[info]   org.scalatest.exceptions.GeneratorDrivenPropertyCheckFailedException:
[info]   at org.scalatestplus.scalacheck.CheckerAsserting$$anon$2.indicateFailure(CheckerAsserting.scala:251)
[info]   at org.scalatestplus.scalacheck.CheckerAsserting$$anon$2.indicateFailure(CheckerAsserting.scala:238)
[info]   at org.scalatestplus.scalacheck.UnitCheckerAsserting$CheckerAssertingImpl.check(CheckerAsserting.scala:160)
[info]   at org.scalatestplus.scalacheck.Checkers.check(Checkers.scala:371)
[info]   at org.scalatestplus.scalacheck.Checkers.check$(Checkers.scala:369)
[info]   at frameless.TypedDatasetSuite.check(TypedDatasetSuite.scala:63)
[info]   at frameless.SelectTests.$anonfun$new$173(SelectTests.scala:157)
[info]   at org.scalatest.OutcomeOf.outcomeOf(OutcomeOf.scala:85)
[info]   at org.scalatest.OutcomeOf.outcomeOf$(OutcomeOf.scala:83)
[info]   at org.scalatest.OutcomeOf$.outcomeOf(OutcomeOf.scala:104)
[info]   at org.scalatest.Transformer.apply(Transformer.scala:22)
[info]   at org.scalatest.Transformer.apply(Transformer.scala:20)
[info]   at org.scalatest.funsuite.AnyFunSuiteLike$$anon$1.apply(AnyFunSuiteLike.scala:226)
[info]   at org.scalatest.TestSuite.withFixture(TestSuite.scala:196)
[info]   at org.scalatest.TestSuite.withFixture$(TestSuite.scala:195)
[info]   at org.scalatest.funsuite.AnyFunSuite.withFixture(AnyFunSuite.scala:1564)
[info]   at org.scalatest.funsuite.AnyFunSuiteLike.invokeWithFixture$1(AnyFunSuiteLike.scala:224)
[info]   at org.scalatest.funsuite.AnyFunSuiteLike.$anonfun$runTest$1(AnyFunSuiteLike.scala:236)
[info]   at org.scalatest.SuperEngine.runTestImpl(Engine.scala:306)
[info]   at org.scalatest.funsuite.AnyFunSuiteLike.runTest(AnyFunSuiteLike.scala:236)
[info]   at org.scalatest.funsuite.AnyFunSuiteLike.runTest$(AnyFunSuiteLike.scala:218)
[info]   at org.scalatest.funsuite.AnyFunSuite.runTest(AnyFunSuite.scala:1564)
[info]   at org.scalatest.funsuite.AnyFunSuiteLike.$anonfun$runTests$1(AnyFunSuiteLike.scala:269)
[info]   at org.scalatest.SuperEngine.$anonfun$runTestsInBranch$1(Engine.scala:413)
[info]   at scala.collection.immutable.List.foreach(List.scala:334)
[info]   at org.scalatest.SuperEngine.traverseSubNodes$1(Engine.scala:401)
[info]   at org.scalatest.SuperEngine.runTestsInBranch(Engine.scala:396)
[info]   at org.scalatest.SuperEngine.runTestsImpl(Engine.scala:475)
[info]   at org.scalatest.funsuite.AnyFunSuiteLike.runTests(AnyFunSuiteLike.scala:269)
[info]   at org.scalatest.funsuite.AnyFunSuiteLike.runTests$(AnyFunSuiteLike.scala:268)
[info]   at org.scalatest.funsuite.AnyFunSuite.runTests(AnyFunSuite.scala:1564)
[info]   at org.scalatest.Suite.run(Suite.scala:1114)
[info]   at org.scalatest.Suite.run$(Suite.scala:1096)
[info]   at org.scalatest.funsuite.AnyFunSuite.org$scalatest$funsuite$AnyFunSuiteLike$$super$run(AnyFunSuite.scala:1564)
[info]   at org.scalatest.funsuite.AnyFunSuiteLike.$anonfun$run$1(AnyFunSuiteLike.scala:273)
[info]   at org.scalatest.SuperEngine.runImpl(Engine.scala:535)
[info]   at org.scalatest.funsuite.AnyFunSuiteLike.run(AnyFunSuiteLike.scala:273)
[info]   at org.scalatest.funsuite.AnyFunSuiteLike.run$(AnyFunSuiteLike.scala:272)
[info]   at frameless.TypedDatasetSuite.org$scalatest$BeforeAndAfterAll$$super$run(TypedDatasetSuite.scala:63)
[info]   at org.scalatest.BeforeAndAfterAll.liftedTree1$1(BeforeAndAfterAll.scala:213)
[info]   at org.scalatest.BeforeAndAfterAll.run(BeforeAndAfterAll.scala:210)
[info]   at org.scalatest.BeforeAndAfterAll.run$(BeforeAndAfterAll.scala:208)
[info]   at frameless.TypedDatasetSuite.run(TypedDatasetSuite.scala:63)
[info]   at org.scalatest.tools.Framework.org$scalatest$tools$Framework$$runSuite(Framework.scala:321)
[info]   at org.scalatest.tools.Framework$ScalaTestTask.execute(Framework.scala:517)
[info]   at sbt.ForkMain$Run.lambda$runTest$1(ForkMain.java:414)
[info]   at java.base/java.util.concurrent.FutureTask.run(FutureTask.java:317)
[info]   at java.base/java.util.concurrent.ThreadPoolExecutor.runWorker(ThreadPoolExecutor.java:1144)
[info]   at java.base/java.util.concurrent.ThreadPoolExecutor$Worker.run(ThreadPoolExecutor.java:642)
[info]   at java.base/java.lang.Thread.run(Thread.java:1583)
[info]   Cause: java.lang.IllegalArgumentException: argument type mismatch
[info]   at java.base/jdk.internal.reflect.DirectConstructorHandleAccessor.newInstance(DirectConstructorHandleAccessor.java:65)
[info]   at java.base/java.lang.reflect.Constructor.newInstanceWithCaller(Constructor.java:502)
[info]   at java.base/java.lang.reflect.Constructor.newInstance(Constructor.java:486)
[info]   at frameless.TypedExpressionEncoder$.$anonfun$apply$3(TypedExpressionEncoder.scala:55)
[info]   at scala.Option.map(Option.scala:242)
[info]   at frameless.TypedExpressionEncoder$.apply(TypedExpressionEncoder.scala:54)
[info]   at frameless.TypedDataset$.create(TypedDataset.scala:1325)
[info]   at frameless.SelectTests.prop$6(SelectTests.scala:145)
[info]   at frameless.SelectTests.$anonfun$new$185(SelectTests.scala:157)
[info]   at scala.Function1.$anonfun$andThen$1(Function1.scala:87)
[info]   at org.scalacheck.Prop$.$anonfun$forAllShrink$2(Prop.scala:868)
[info]   at org.scalacheck.Prop$.secure(Prop.scala:484)
[info]   at org.scalacheck.Prop$.result$1(Prop.scala:868)
[info]   at org.scalacheck.Prop$.$anonfun$forAllShrink$1(Prop.scala:915)
[info]   at org.scalacheck.Prop$.$anonfun$apply$1(Prop.scala:305)
[info]   at org.scalacheck.PropFromFun.apply(Prop.scala:20)
[info]   at org.scalacheck.Test$.workerFun$1(Test.scala:486)
[info]   at org.scalacheck.Test$.$anonfun$check$4(Test.scala:518)
[info]   at org.scalacheck.Test$.$anonfun$check$4$adapted(Test.scala:518)
[info]   at org.scalacheck.Platform$.runWorkers(Platform.scala:42)
[info]   at org.scalacheck.Test$.check(Test.scala:518)
[info]   at org.scalatestplus.scalacheck.UnitCheckerAsserting$CheckerAssertingImpl.check(CheckerAsserting.scala:90)
[info]   at org.scalatestplus.scalacheck.Checkers.check(Checkers.scala:371)
[info]   at org.scalatestplus.scalacheck.Checkers.check$(Checkers.scala:369)
[info]   at frameless.TypedDatasetSuite.check(TypedDatasetSuite.scala:63)
[info]   at frameless.SelectTests.$anonfun$new$173(SelectTests.scala:157)
[info]   at org.scalatest.OutcomeOf.outcomeOf(OutcomeOf.scala:85)
[info]   at org.scalatest.OutcomeOf.outcomeOf$(OutcomeOf.scala:83)
[info]   at org.scalatest.OutcomeOf$.outcomeOf(OutcomeOf.scala:104)
[info]   at org.scalatest.Transformer.apply(Transformer.scala:22)
[info]   at org.scalatest.Transformer.apply(Transformer.scala:20)
[info]   at org.scalatest.funsuite.AnyFunSuiteLike$$anon$1.apply(AnyFunSuiteLike.scala:226)
[info]   at org.scalatest.TestSuite.withFixture(TestSuite.scala:196)
[info]   at org.scalatest.TestSuite.withFixture$(TestSuite.scala:195)
[info]   at org.scalatest.funsuite.AnyFunSuite.withFixture(AnyFunSuite.scala:1564)
[info]   at org.scalatest.funsuite.AnyFunSuiteLike.invokeWithFixture$1(AnyFunSuiteLike.scala:224)
[info]   at org.scalatest.funsuite.AnyFunSuiteLike.$anonfun$runTest$1(AnyFunSuiteLike.scala:236)
[info]   at org.scalatest.SuperEngine.runTestImpl(Engine.scala:306)
[info]   at org.scalatest.funsuite.AnyFunSuiteLike.runTest(AnyFunSuiteLike.scala:236)
[info]   at org.scalatest.funsuite.AnyFunSuiteLike.runTest$(AnyFunSuiteLike.scala:218)
[info]   at org.scalatest.funsuite.AnyFunSuite.runTest(AnyFunSuite.scala:1564)
[info]   at org.scalatest.funsuite.AnyFunSuiteLike.$anonfun$runTests$1(AnyFunSuiteLike.scala:269)
[info]   at org.scalatest.SuperEngine.$anonfun$runTestsInBranch$1(Engine.scala:413)
[info]   at scala.collection.immutable.List.foreach(List.scala:334)
[info]   at org.scalatest.SuperEngine.traverseSubNodes$1(Engine.scala:401)
[info]   at org.scalatest.SuperEngine.runTestsInBranch(Engine.scala:396)
[info]   at org.scalatest.SuperEngine.runTestsImpl(Engine.scala:475)
[info]   at org.scalatest.funsuite.AnyFunSuiteLike.runTests(AnyFunSuiteLike.scala:269)
[info]   at org.scalatest.funsuite.AnyFunSuiteLike.runTests$(AnyFunSuiteLike.scala:268)
[info]   at org.scalatest.funsuite.AnyFunSuite.runTests(AnyFunSuite.scala:1564)
[info]   at org.scalatest.Suite.run(Suite.scala:1114)
[info]   at org.scalatest.Suite.run$(Suite.scala:1096)
[info]   at org.scalatest.funsuite.AnyFunSuite.org$scalatest$funsuite$AnyFunSuiteLike$$super$run(AnyFunSuite.scala:1564)
[info]   at org.scalatest.funsuite.AnyFunSuiteLike.$anonfun$run$1(AnyFunSuiteLike.scala:273)
[info]   at org.scalatest.SuperEngine.runImpl(Engine.scala:535)
[info]   at org.scalatest.funsuite.AnyFunSuiteLike.run(AnyFunSuiteLike.scala:273)
[info]   at org.scalatest.funsuite.AnyFunSuiteLike.run$(AnyFunSuiteLike.scala:272)
[info]   at frameless.TypedDatasetSuite.org$scalatest$BeforeAndAfterAll$$super$run(TypedDatasetSuite.scala:63)
[info]   at org.scalatest.BeforeAndAfterAll.liftedTree1$1(BeforeAndAfterAll.scala:213)
[info]   at org.scalatest.BeforeAndAfterAll.run(BeforeAndAfterAll.scala:210)
[info]   at org.scalatest.BeforeAndAfterAll.run$(BeforeAndAfterAll.scala:208)
[info]   at frameless.TypedDatasetSuite.run(TypedDatasetSuite.scala:63)
[info]   at org.scalatest.tools.Framework.org$scalatest$tools$Framework$$runSuite(Framework.scala:321)
[info]   at org.scalatest.tools.Framework$ScalaTestTask.execute(Framework.scala:517)
[info]   at sbt.ForkMain$Run.lambda$runTest$1(ForkMain.java:414)
[info]   at java.base/java.util.concurrent.FutureTask.run(FutureTask.java:317)
[info]   at java.base/java.util.concurrent.ThreadPoolExecutor.runWorker(ThreadPoolExecutor.java:1144)
[info]   at java.base/java.util.concurrent.ThreadPoolExecutor$Worker.run(ThreadPoolExecutor.java:642)
[info]   at java.base/java.lang.Thread.run(Thread.java:1583)
[info]   Cause: java.lang.ClassCastException: Cannot cast scala.reflect.ClassTag$GenericClassTag to org.apache.spark.sql.catalyst.expressions.Expression
[info]   at java.base/java.lang.Class.cast(Class.java:4067)
[info]   at java.base/jdk.internal.reflect.DirectConstructorHandleAccessor.newInstance(DirectConstructorHandleAccessor.java:62)
[info]   at java.base/java.lang.reflect.Constructor.newInstanceWithCaller(Constructor.java:502)
[info]   at java.base/java.lang.reflect.Constructor.newInstance(Constructor.java:486)
[info]   at frameless.TypedExpressionEncoder$.$anonfun$apply$3(TypedExpressionEncoder.scala:55)
[info]   at scala.Option.map(Option.scala:242)
[info]   at frameless.TypedExpressionEncoder$.apply(TypedExpressionEncoder.scala:54)
[info]   at frameless.TypedDataset$.create(TypedDataset.scala:1325)
[info]   at frameless.SelectTests.prop$6(SelectTests.scala:145)
[info]   at frameless.SelectTests.$anonfun$new$185(SelectTests.scala:157)
[info]   at scala.Function1.$anonfun$andThen$1(Function1.scala:87)
[info]   at org.scalacheck.Prop$.$anonfun$forAllShrink$2(Prop.scala:868)
[info]   at org.scalacheck.Prop$.secure(Prop.scala:484)
[info]   at org.scalacheck.Prop$.result$1(Prop.scala:868)
[info]   at org.scalacheck.Prop$.$anonfun$forAllShrink$1(Prop.scala:915)
[info]   at org.scalacheck.Prop$.$anonfun$apply$1(Prop.scala:305)
[info]   at org.scalacheck.PropFromFun.apply(Prop.scala:20)
[info]   at org.scalacheck.Test$.workerFun$1(Test.scala:486)
[info]   at org.scalacheck.Test$.$anonfun$check$4(Test.scala:518)
[info]   at org.scalacheck.Test$.$anonfun$check$4$adapted(Test.scala:518)
[info]   at org.scalacheck.Platform$.runWorkers(Platform.scala:42)
[info]   at org.scalacheck.Test$.check(Test.scala:518)
[info]   at org.scalatestplus.scalacheck.UnitCheckerAsserting$CheckerAssertingImpl.check(CheckerAsserting.scala:90)
[info]   at org.scalatestplus.scalacheck.Checkers.check(Checkers.scala:371)
[info]   at org.scalatestplus.scalacheck.Checkers.check$(Checkers.scala:369)
[info]   at frameless.TypedDatasetSuite.check(TypedDatasetSuite.scala:63)
[info]   at frameless.SelectTests.$anonfun$new$173(SelectTests.scala:157)
[info]   at org.scalatest.OutcomeOf.outcomeOf(OutcomeOf.scala:85)
[info]   at org.scalatest.OutcomeOf.outcomeOf$(OutcomeOf.scala:83)
[info]   at org.scalatest.OutcomeOf$.outcomeOf(OutcomeOf.scala:104)
[info]   at org.scalatest.Transformer.apply(Transformer.scala:22)
[info]   at org.scalatest.Transformer.apply(Transformer.scala:20)
[info]   at org.scalatest.funsuite.AnyFunSuiteLike$$anon$1.apply(AnyFunSuiteLike.scala:226)
[info]   at org.scalatest.TestSuite.withFixture(TestSuite.scala:196)
[info]   at org.scalatest.TestSuite.withFixture$(TestSuite.scala:195)
[info]   at org.scalatest.funsuite.AnyFunSuite.withFixture(AnyFunSuite.scala:1564)
[info]   at org.scalatest.funsuite.AnyFunSuiteLike.invokeWithFixture$1(AnyFunSuiteLike.scala:224)
[info]   at org.scalatest.funsuite.AnyFunSuiteLike.$anonfun$runTest$1(AnyFunSuiteLike.scala:236)
[info]   at org.scalatest.SuperEngine.runTestImpl(Engine.scala:306)
[info]   at org.scalatest.funsuite.AnyFunSuiteLike.runTest(AnyFunSuiteLike.scala:236)
[info]   at org.scalatest.funsuite.AnyFunSuiteLike.runTest$(AnyFunSuiteLike.scala:218)
[info]   at org.scalatest.funsuite.AnyFunSuite.runTest(AnyFunSuite.scala:1564)
[info]   at org.scalatest.funsuite.AnyFunSuiteLike.$anonfun$runTests$1(AnyFunSuiteLike.scala:269)
[info]   at org.scalatest.SuperEngine.$anonfun$runTestsInBranch$1(Engine.scala:413)
[info]   at scala.collection.immutable.List.foreach(List.scala:334)
[info]   at org.scalatest.SuperEngine.traverseSubNodes$1(Engine.scala:401)
[info]   at org.scalatest.SuperEngine.runTestsInBranch(Engine.scala:396)
[info]   at org.scalatest.SuperEngine.runTestsImpl(Engine.scala:475)
[info]   at org.scalatest.funsuite.AnyFunSuiteLike.runTests(AnyFunSuiteLike.scala:269)
[info]   at org.scalatest.funsuite.AnyFunSuiteLike.runTests$(AnyFunSuiteLike.scala:268)
[info]   at org.scalatest.funsuite.AnyFunSuite.runTests(AnyFunSuite.scala:1564)
[info]   at org.scalatest.Suite.run(Suite.scala:1114)
[info]   at org.scalatest.Suite.run$(Suite.scala:1096)
[info]   at org.scalatest.funsuite.AnyFunSuite.org$scalatest$funsuite$AnyFunSuiteLike$$super$run(AnyFunSuite.scala:1564)
[info]   at org.scalatest.funsuite.AnyFunSuiteLike.$anonfun$run$1(AnyFunSuiteLike.scala:273)
[info]   at org.scalatest.SuperEngine.runImpl(Engine.scala:535)
[info]   at org.scalatest.funsuite.AnyFunSuiteLike.run(AnyFunSuiteLike.scala:273)
[info]   at org.scalatest.funsuite.AnyFunSuiteLike.run$(AnyFunSuiteLike.scala:272)
[info]   at frameless.TypedDatasetSuite.org$scalatest$BeforeAndAfterAll$$super$run(TypedDatasetSuite.scala:63)
[info]   at org.scalatest.BeforeAndAfterAll.liftedTree1$1(BeforeAndAfterAll.scala:213)
[info]   at org.scalatest.BeforeAndAfterAll.run(BeforeAndAfterAll.scala:210)
[info]   at org.scalatest.BeforeAndAfterAll.run$(BeforeAndAfterAll.scala:208)
[info]   at frameless.TypedDatasetSuite.run(TypedDatasetSuite.scala:63)
[info]   at org.scalatest.tools.Framework.org$scalatest$tools$Framework$$runSuite(Framework.scala:321)
[info]   at org.scalatest.tools.Framework$ScalaTestTask.execute(Framework.scala:517)
[info]   at sbt.ForkMain$Run.lambda$runTest$1(ForkMain.java:414)
[info]   at java.base/java.util.concurrent.FutureTask.run(FutureTask.java:317)
[info]   at java.base/java.util.concurrent.ThreadPoolExecutor.runWorker(ThreadPoolExecutor.java:1144)
[info]   at java.base/java.util.concurrent.ThreadPoolExecutor$Worker.run(ThreadPoolExecutor.java:642)
[info]   at java.base/java.lang.Thread.run(Thread.java:1583)
[info] - select('a,'b,'c,'d,'a,'c,'b) FROM abcd *** FAILED *** (2 milliseconds)
[info]   IllegalArgumentException was thrown during property evaluation.
[info]     Message: argument type mismatch
[info]     Occurred when passed generated values (
[info]       arg0 = Vector()
[info]     )
[info]   org.scalatest.exceptions.GeneratorDrivenPropertyCheckFailedException:
[info]   at org.scalatestplus.scalacheck.CheckerAsserting$$anon$2.indicateFailure(CheckerAsserting.scala:251)
[info]   at org.scalatestplus.scalacheck.CheckerAsserting$$anon$2.indicateFailure(CheckerAsserting.scala:238)
[info]   at org.scalatestplus.scalacheck.UnitCheckerAsserting$CheckerAssertingImpl.check(CheckerAsserting.scala:160)
[info]   at org.scalatestplus.scalacheck.Checkers.check(Checkers.scala:371)
[info]   at org.scalatestplus.scalacheck.Checkers.check$(Checkers.scala:369)
[info]   at frameless.TypedDatasetSuite.check(TypedDatasetSuite.scala:63)
[info]   at frameless.SelectTests.$anonfun$new$203(SelectTests.scala:184)
[info]   at org.scalatest.OutcomeOf.outcomeOf(OutcomeOf.scala:85)
[info]   at org.scalatest.OutcomeOf.outcomeOf$(OutcomeOf.scala:83)
[info]   at org.scalatest.OutcomeOf$.outcomeOf(OutcomeOf.scala:104)
[info]   at org.scalatest.Transformer.apply(Transformer.scala:22)
[info]   at org.scalatest.Transformer.apply(Transformer.scala:20)
[info]   at org.scalatest.funsuite.AnyFunSuiteLike$$anon$1.apply(AnyFunSuiteLike.scala:226)
[info]   at org.scalatest.TestSuite.withFixture(TestSuite.scala:196)
[info]   at org.scalatest.TestSuite.withFixture$(TestSuite.scala:195)
[info]   at org.scalatest.funsuite.AnyFunSuite.withFixture(AnyFunSuite.scala:1564)
[info]   at org.scalatest.funsuite.AnyFunSuiteLike.invokeWithFixture$1(AnyFunSuiteLike.scala:224)
[info]   at org.scalatest.funsuite.AnyFunSuiteLike.$anonfun$runTest$1(AnyFunSuiteLike.scala:236)
[info]   at org.scalatest.SuperEngine.runTestImpl(Engine.scala:306)
[info]   at org.scalatest.funsuite.AnyFunSuiteLike.runTest(AnyFunSuiteLike.scala:236)
[info]   at org.scalatest.funsuite.AnyFunSuiteLike.runTest$(AnyFunSuiteLike.scala:218)
[info]   at org.scalatest.funsuite.AnyFunSuite.runTest(AnyFunSuite.scala:1564)
[info]   at org.scalatest.funsuite.AnyFunSuiteLike.$anonfun$runTests$1(AnyFunSuiteLike.scala:269)
[info]   at org.scalatest.SuperEngine.$anonfun$runTestsInBranch$1(Engine.scala:413)
[info]   at scala.collection.immutable.List.foreach(List.scala:334)
[info]   at org.scalatest.SuperEngine.traverseSubNodes$1(Engine.scala:401)
[info]   at org.scalatest.SuperEngine.runTestsInBranch(Engine.scala:396)
[info]   at org.scalatest.SuperEngine.runTestsImpl(Engine.scala:475)
[info]   at org.scalatest.funsuite.AnyFunSuiteLike.runTests(AnyFunSuiteLike.scala:269)
[info]   at org.scalatest.funsuite.AnyFunSuiteLike.runTests$(AnyFunSuiteLike.scala:268)
[info]   at org.scalatest.funsuite.AnyFunSuite.runTests(AnyFunSuite.scala:1564)
[info]   at org.scalatest.Suite.run(Suite.scala:1114)
[info]   at org.scalatest.Suite.run$(Suite.scala:1096)
[info]   at org.scalatest.funsuite.AnyFunSuite.org$scalatest$funsuite$AnyFunSuiteLike$$super$run(AnyFunSuite.scala:1564)
[info]   at org.scalatest.funsuite.AnyFunSuiteLike.$anonfun$run$1(AnyFunSuiteLike.scala:273)
[info]   at org.scalatest.SuperEngine.runImpl(Engine.scala:535)
[info]   at org.scalatest.funsuite.AnyFunSuiteLike.run(AnyFunSuiteLike.scala:273)
[info]   at org.scalatest.funsuite.AnyFunSuiteLike.run$(AnyFunSuiteLike.scala:272)
[info]   at frameless.TypedDatasetSuite.org$scalatest$BeforeAndAfterAll$$super$run(TypedDatasetSuite.scala:63)
[info]   at org.scalatest.BeforeAndAfterAll.liftedTree1$1(BeforeAndAfterAll.scala:213)
[info]   at org.scalatest.BeforeAndAfterAll.run(BeforeAndAfterAll.scala:210)
[info]   at org.scalatest.BeforeAndAfterAll.run$(BeforeAndAfterAll.scala:208)
[info]   at frameless.TypedDatasetSuite.run(TypedDatasetSuite.scala:63)
[info]   at org.scalatest.tools.Framework.org$scalatest$tools$Framework$$runSuite(Framework.scala:321)
[info]   at org.scalatest.tools.Framework$ScalaTestTask.execute(Framework.scala:517)
[info]   at sbt.ForkMain$Run.lambda$runTest$1(ForkMain.java:414)
[info]   at java.base/java.util.concurrent.FutureTask.run(FutureTask.java:317)
[info]   at java.base/java.util.concurrent.ThreadPoolExecutor.runWorker(ThreadPoolExecutor.java:1144)
[info]   at java.base/java.util.concurrent.ThreadPoolExecutor$Worker.run(ThreadPoolExecutor.java:642)
[info]   at java.base/java.lang.Thread.run(Thread.java:1583)
[info]   Cause: java.lang.IllegalArgumentException: argument type mismatch
[info]   at java.base/jdk.internal.reflect.DirectConstructorHandleAccessor.newInstance(DirectConstructorHandleAccessor.java:65)
[info]   at java.base/java.lang.reflect.Constructor.newInstanceWithCaller(Constructor.java:502)
[info]   at java.base/java.lang.reflect.Constructor.newInstance(Constructor.java:486)
[info]   at frameless.TypedExpressionEncoder$.$anonfun$apply$3(TypedExpressionEncoder.scala:55)
[info]   at scala.Option.map(Option.scala:242)
[info]   at frameless.TypedExpressionEncoder$.apply(TypedExpressionEncoder.scala:54)
[info]   at frameless.TypedDataset$.create(TypedDataset.scala:1325)
[info]   at frameless.SelectTests.prop$7(SelectTests.scala:172)
[info]   at frameless.SelectTests.$anonfun$new$215(SelectTests.scala:184)
[info]   at scala.Function1.$anonfun$andThen$1(Function1.scala:87)
[info]   at org.scalacheck.Prop$.$anonfun$forAllShrink$2(Prop.scala:868)
[info]   at org.scalacheck.Prop$.secure(Prop.scala:484)
[info]   at org.scalacheck.Prop$.result$1(Prop.scala:868)
[info]   at org.scalacheck.Prop$.$anonfun$forAllShrink$1(Prop.scala:915)
[info]   at org.scalacheck.Prop$.$anonfun$apply$1(Prop.scala:305)
[info]   at org.scalacheck.PropFromFun.apply(Prop.scala:20)
[info]   at org.scalacheck.Test$.workerFun$1(Test.scala:486)
[info]   at org.scalacheck.Test$.$anonfun$check$4(Test.scala:518)
[info]   at org.scalacheck.Test$.$anonfun$check$4$adapted(Test.scala:518)
[info]   at org.scalacheck.Platform$.runWorkers(Platform.scala:42)
[info]   at org.scalacheck.Test$.check(Test.scala:518)
[info]   at org.scalatestplus.scalacheck.UnitCheckerAsserting$CheckerAssertingImpl.check(CheckerAsserting.scala:90)
[info]   at org.scalatestplus.scalacheck.Checkers.check(Checkers.scala:371)
[info]   at org.scalatestplus.scalacheck.Checkers.check$(Checkers.scala:369)
[info]   at frameless.TypedDatasetSuite.check(TypedDatasetSuite.scala:63)
[info]   at frameless.SelectTests.$anonfun$new$203(SelectTests.scala:184)
[info]   at org.scalatest.OutcomeOf.outcomeOf(OutcomeOf.scala:85)
[info]   at org.scalatest.OutcomeOf.outcomeOf$(OutcomeOf.scala:83)
[info]   at org.scalatest.OutcomeOf$.outcomeOf(OutcomeOf.scala:104)
[info]   at org.scalatest.Transformer.apply(Transformer.scala:22)
[info]   at org.scalatest.Transformer.apply(Transformer.scala:20)
[info]   at org.scalatest.funsuite.AnyFunSuiteLike$$anon$1.apply(AnyFunSuiteLike.scala:226)
[info]   at org.scalatest.TestSuite.withFixture(TestSuite.scala:196)
[info]   at org.scalatest.TestSuite.withFixture$(TestSuite.scala:195)
[info]   at org.scalatest.funsuite.AnyFunSuite.withFixture(AnyFunSuite.scala:1564)
[info]   at org.scalatest.funsuite.AnyFunSuiteLike.invokeWithFixture$1(AnyFunSuiteLike.scala:224)
[info]   at org.scalatest.funsuite.AnyFunSuiteLike.$anonfun$runTest$1(AnyFunSuiteLike.scala:236)
[info]   at org.scalatest.SuperEngine.runTestImpl(Engine.scala:306)
[info]   at org.scalatest.funsuite.AnyFunSuiteLike.runTest(AnyFunSuiteLike.scala:236)
[info]   at org.scalatest.funsuite.AnyFunSuiteLike.runTest$(AnyFunSuiteLike.scala:218)
[info]   at org.scalatest.funsuite.AnyFunSuite.runTest(AnyFunSuite.scala:1564)
[info]   at org.scalatest.funsuite.AnyFunSuiteLike.$anonfun$runTests$1(AnyFunSuiteLike.scala:269)
[info]   at org.scalatest.SuperEngine.$anonfun$runTestsInBranch$1(Engine.scala:413)
[info]   at scala.collection.immutable.List.foreach(List.scala:334)
[info]   at org.scalatest.SuperEngine.traverseSubNodes$1(Engine.scala:401)
[info]   at org.scalatest.SuperEngine.runTestsInBranch(Engine.scala:396)
[info]   at org.scalatest.SuperEngine.runTestsImpl(Engine.scala:475)
[info]   at org.scalatest.funsuite.AnyFunSuiteLike.runTests(AnyFunSuiteLike.scala:269)
[info]   at org.scalatest.funsuite.AnyFunSuiteLike.runTests$(AnyFunSuiteLike.scala:268)
[info]   at org.scalatest.funsuite.AnyFunSuite.runTests(AnyFunSuite.scala:1564)
[info]   at org.scalatest.Suite.run(Suite.scala:1114)
[info]   at org.scalatest.Suite.run$(Suite.scala:1096)
[info]   at org.scalatest.funsuite.AnyFunSuite.org$scalatest$funsuite$AnyFunSuiteLike$$super$run(AnyFunSuite.scala:1564)
[info]   at org.scalatest.funsuite.AnyFunSuiteLike.$anonfun$run$1(AnyFunSuiteLike.scala:273)
[info]   at org.scalatest.SuperEngine.runImpl(Engine.scala:535)
[info]   at org.scalatest.funsuite.AnyFunSuiteLike.run(AnyFunSuiteLike.scala:273)
[info]   at org.scalatest.funsuite.AnyFunSuiteLike.run$(AnyFunSuiteLike.scala:272)
[info]   at frameless.TypedDatasetSuite.org$scalatest$BeforeAndAfterAll$$super$run(TypedDatasetSuite.scala:63)
[info]   at org.scalatest.BeforeAndAfterAll.liftedTree1$1(BeforeAndAfterAll.scala:213)
[info]   at org.scalatest.BeforeAndAfterAll.run(BeforeAndAfterAll.scala:210)
[info]   at org.scalatest.BeforeAndAfterAll.run$(BeforeAndAfterAll.scala:208)
[info]   at frameless.TypedDatasetSuite.run(TypedDatasetSuite.scala:63)
[info]   at org.scalatest.tools.Framework.org$scalatest$tools$Framework$$runSuite(Framework.scala:321)
[info]   at org.scalatest.tools.Framework$ScalaTestTask.execute(Framework.scala:517)
[info]   at sbt.ForkMain$Run.lambda$runTest$1(ForkMain.java:414)
[info]   at java.base/java.util.concurrent.FutureTask.run(FutureTask.java:317)
[info]   at java.base/java.util.concurrent.ThreadPoolExecutor.runWorker(ThreadPoolExecutor.java:1144)
[info]   at java.base/java.util.concurrent.ThreadPoolExecutor$Worker.run(ThreadPoolExecutor.java:642)
[info]   at java.base/java.lang.Thread.run(Thread.java:1583)
[info]   Cause: java.lang.ClassCastException: Cannot cast scala.reflect.ClassTag$GenericClassTag to org.apache.spark.sql.catalyst.expressions.Expression
[info]   at java.base/java.lang.Class.cast(Class.java:4067)
[info]   at java.base/jdk.internal.reflect.DirectConstructorHandleAccessor.newInstance(DirectConstructorHandleAccessor.java:62)
[info]   at java.base/java.lang.reflect.Constructor.newInstanceWithCaller(Constructor.java:502)
[info]   at java.base/java.lang.reflect.Constructor.newInstance(Constructor.java:486)
[info]   at frameless.TypedExpressionEncoder$.$anonfun$apply$3(TypedExpressionEncoder.scala:55)
[info]   at scala.Option.map(Option.scala:242)
[info]   at frameless.TypedExpressionEncoder$.apply(TypedExpressionEncoder.scala:54)
[info]   at frameless.TypedDataset$.create(TypedDataset.scala:1325)
[info]   at frameless.SelectTests.prop$7(SelectTests.scala:172)
[info]   at frameless.SelectTests.$anonfun$new$215(SelectTests.scala:184)
[info]   at scala.Function1.$anonfun$andThen$1(Function1.scala:87)
[info]   at org.scalacheck.Prop$.$anonfun$forAllShrink$2(Prop.scala:868)
[info]   at org.scalacheck.Prop$.secure(Prop.scala:484)
[info]   at org.scalacheck.Prop$.result$1(Prop.scala:868)
[info]   at org.scalacheck.Prop$.$anonfun$forAllShrink$1(Prop.scala:915)
[info]   at org.scalacheck.Prop$.$anonfun$apply$1(Prop.scala:305)
[info]   at org.scalacheck.PropFromFun.apply(Prop.scala:20)
[info]   at org.scalacheck.Test$.workerFun$1(Test.scala:486)
[info]   at org.scalacheck.Test$.$anonfun$check$4(Test.scala:518)
[info]   at org.scalacheck.Test$.$anonfun$check$4$adapted(Test.scala:518)
[info]   at org.scalacheck.Platform$.runWorkers(Platform.scala:42)
[info]   at org.scalacheck.Test$.check(Test.scala:518)
[info]   at org.scalatestplus.scalacheck.UnitCheckerAsserting$CheckerAssertingImpl.check(CheckerAsserting.scala:90)
[info]   at org.scalatestplus.scalacheck.Checkers.check(Checkers.scala:371)
[info]   at org.scalatestplus.scalacheck.Checkers.check$(Checkers.scala:369)
[info]   at frameless.TypedDatasetSuite.check(TypedDatasetSuite.scala:63)
[info]   at frameless.SelectTests.$anonfun$new$203(SelectTests.scala:184)
[info]   at org.scalatest.OutcomeOf.outcomeOf(OutcomeOf.scala:85)
[info]   at org.scalatest.OutcomeOf.outcomeOf$(OutcomeOf.scala:83)
[info]   at org.scalatest.OutcomeOf$.outcomeOf(OutcomeOf.scala:104)
[info]   at org.scalatest.Transformer.apply(Transformer.scala:22)
[info]   at org.scalatest.Transformer.apply(Transformer.scala:20)
[info]   at org.scalatest.funsuite.AnyFunSuiteLike$$anon$1.apply(AnyFunSuiteLike.scala:226)
[info]   at org.scalatest.TestSuite.withFixture(TestSuite.scala:196)
[info]   at org.scalatest.TestSuite.withFixture$(TestSuite.scala:195)
[info]   at org.scalatest.funsuite.AnyFunSuite.withFixture(AnyFunSuite.scala:1564)
[info]   at org.scalatest.funsuite.AnyFunSuiteLike.invokeWithFixture$1(AnyFunSuiteLike.scala:224)
[info]   at org.scalatest.funsuite.AnyFunSuiteLike.$anonfun$runTest$1(AnyFunSuiteLike.scala:236)
[info]   at org.scalatest.SuperEngine.runTestImpl(Engine.scala:306)
[info]   at org.scalatest.funsuite.AnyFunSuiteLike.runTest(AnyFunSuiteLike.scala:236)
[info]   at org.scalatest.funsuite.AnyFunSuiteLike.runTest$(AnyFunSuiteLike.scala:218)
[info]   at org.scalatest.funsuite.AnyFunSuite.runTest(AnyFunSuite.scala:1564)
[info]   at org.scalatest.funsuite.AnyFunSuiteLike.$anonfun$runTests$1(AnyFunSuiteLike.scala:269)
[info]   at org.scalatest.SuperEngine.$anonfun$runTestsInBranch$1(Engine.scala:413)
[info]   at scala.collection.immutable.List.foreach(List.scala:334)
[info]   at org.scalatest.SuperEngine.traverseSubNodes$1(Engine.scala:401)
[info]   at org.scalatest.SuperEngine.runTestsInBranch(Engine.scala:396)
[info]   at org.scalatest.SuperEngine.runTestsImpl(Engine.scala:475)
[info]   at org.scalatest.funsuite.AnyFunSuiteLike.runTests(AnyFunSuiteLike.scala:269)
[info]   at org.scalatest.funsuite.AnyFunSuiteLike.runTests$(AnyFunSuiteLike.scala:268)
[info]   at org.scalatest.funsuite.AnyFunSuite.runTests(AnyFunSuite.scala:1564)
[info]   at org.scalatest.Suite.run(Suite.scala:1114)
[info]   at org.scalatest.Suite.run$(Suite.scala:1096)
[info]   at org.scalatest.funsuite.AnyFunSuite.org$scalatest$funsuite$AnyFunSuiteLike$$super$run(AnyFunSuite.scala:1564)
[info]   at org.scalatest.funsuite.AnyFunSuiteLike.$anonfun$run$1(AnyFunSuiteLike.scala:273)
[info]   at org.scalatest.SuperEngine.runImpl(Engine.scala:535)
[info]   at org.scalatest.funsuite.AnyFunSuiteLike.run(AnyFunSuiteLike.scala:273)
[info]   at org.scalatest.funsuite.AnyFunSuiteLike.run$(AnyFunSuiteLike.scala:272)
[info]   at frameless.TypedDatasetSuite.org$scalatest$BeforeAndAfterAll$$super$run(TypedDatasetSuite.scala:63)
[info]   at org.scalatest.BeforeAndAfterAll.liftedTree1$1(BeforeAndAfterAll.scala:213)
[info]   at org.scalatest.BeforeAndAfterAll.run(BeforeAndAfterAll.scala:210)
[info]   at org.scalatest.BeforeAndAfterAll.run$(BeforeAndAfterAll.scala:208)
[info]   at frameless.TypedDatasetSuite.run(TypedDatasetSuite.scala:63)
[info]   at org.scalatest.tools.Framework.org$scalatest$tools$Framework$$runSuite(Framework.scala:321)
[info]   at org.scalatest.tools.Framework$ScalaTestTask.execute(Framework.scala:517)
[info]   at sbt.ForkMain$Run.lambda$runTest$1(ForkMain.java:414)
[info]   at java.base/java.util.concurrent.FutureTask.run(FutureTask.java:317)
[info]   at java.base/java.util.concurrent.ThreadPoolExecutor.runWorker(ThreadPoolExecutor.java:1144)
[info]   at java.base/java.util.concurrent.ThreadPoolExecutor$Worker.run(ThreadPoolExecutor.java:642)
[info]   at java.base/java.lang.Thread.run(Thread.java:1583)
[info] - select('a,'b,'c,'d,'a,'c,'b, 'a) FROM abcd *** FAILED *** (3 milliseconds)
[info]   IllegalArgumentException was thrown during property evaluation.
[info]     Message: argument type mismatch
[info]     Occurred when passed generated values (
[info]       arg0 = Vector()
[info]     )
[info]   org.scalatest.exceptions.GeneratorDrivenPropertyCheckFailedException:
[info]   at org.scalatestplus.scalacheck.CheckerAsserting$$anon$2.indicateFailure(CheckerAsserting.scala:251)
[info]   at org.scalatestplus.scalacheck.CheckerAsserting$$anon$2.indicateFailure(CheckerAsserting.scala:238)
[info]   at org.scalatestplus.scalacheck.UnitCheckerAsserting$CheckerAssertingImpl.check(CheckerAsserting.scala:160)
[info]   at org.scalatestplus.scalacheck.Checkers.check(Checkers.scala:371)
[info]   at org.scalatestplus.scalacheck.Checkers.check$(Checkers.scala:369)
[info]   at frameless.TypedDatasetSuite.check(TypedDatasetSuite.scala:63)
[info]   at frameless.SelectTests.$anonfun$new$233(SelectTests.scala:211)
[info]   at org.scalatest.OutcomeOf.outcomeOf(OutcomeOf.scala:85)
[info]   at org.scalatest.OutcomeOf.outcomeOf$(OutcomeOf.scala:83)
[info]   at org.scalatest.OutcomeOf$.outcomeOf(OutcomeOf.scala:104)
[info]   at org.scalatest.Transformer.apply(Transformer.scala:22)
[info]   at org.scalatest.Transformer.apply(Transformer.scala:20)
[info]   at org.scalatest.funsuite.AnyFunSuiteLike$$anon$1.apply(AnyFunSuiteLike.scala:226)
[info]   at org.scalatest.TestSuite.withFixture(TestSuite.scala:196)
[info]   at org.scalatest.TestSuite.withFixture$(TestSuite.scala:195)
[info]   at org.scalatest.funsuite.AnyFunSuite.withFixture(AnyFunSuite.scala:1564)
[info]   at org.scalatest.funsuite.AnyFunSuiteLike.invokeWithFixture$1(AnyFunSuiteLike.scala:224)
[info]   at org.scalatest.funsuite.AnyFunSuiteLike.$anonfun$runTest$1(AnyFunSuiteLike.scala:236)
[info]   at org.scalatest.SuperEngine.runTestImpl(Engine.scala:306)
[info]   at org.scalatest.funsuite.AnyFunSuiteLike.runTest(AnyFunSuiteLike.scala:236)
[info]   at org.scalatest.funsuite.AnyFunSuiteLike.runTest$(AnyFunSuiteLike.scala:218)
[info]   at org.scalatest.funsuite.AnyFunSuite.runTest(AnyFunSuite.scala:1564)
[info]   at org.scalatest.funsuite.AnyFunSuiteLike.$anonfun$runTests$1(AnyFunSuiteLike.scala:269)
[info]   at org.scalatest.SuperEngine.$anonfun$runTestsInBranch$1(Engine.scala:413)
[info]   at scala.collection.immutable.List.foreach(List.scala:334)
[info]   at org.scalatest.SuperEngine.traverseSubNodes$1(Engine.scala:401)
[info]   at org.scalatest.SuperEngine.runTestsInBranch(Engine.scala:396)
[info]   at org.scalatest.SuperEngine.runTestsImpl(Engine.scala:475)
[info]   at org.scalatest.funsuite.AnyFunSuiteLike.runTests(AnyFunSuiteLike.scala:269)
[info]   at org.scalatest.funsuite.AnyFunSuiteLike.runTests$(AnyFunSuiteLike.scala:268)
[info]   at org.scalatest.funsuite.AnyFunSuite.runTests(AnyFunSuite.scala:1564)
[info]   at org.scalatest.Suite.run(Suite.scala:1114)
[info]   at org.scalatest.Suite.run$(Suite.scala:1096)
[info]   at org.scalatest.funsuite.AnyFunSuite.org$scalatest$funsuite$AnyFunSuiteLike$$super$run(AnyFunSuite.scala:1564)
[info]   at org.scalatest.funsuite.AnyFunSuiteLike.$anonfun$run$1(AnyFunSuiteLike.scala:273)
[info]   at org.scalatest.SuperEngine.runImpl(Engine.scala:535)
[info]   at org.scalatest.funsuite.AnyFunSuiteLike.run(AnyFunSuiteLike.scala:273)
[info]   at org.scalatest.funsuite.AnyFunSuiteLike.run$(AnyFunSuiteLike.scala:272)
[info]   at frameless.TypedDatasetSuite.org$scalatest$BeforeAndAfterAll$$super$run(TypedDatasetSuite.scala:63)
[info]   at org.scalatest.BeforeAndAfterAll.liftedTree1$1(BeforeAndAfterAll.scala:213)
[info]   at org.scalatest.BeforeAndAfterAll.run(BeforeAndAfterAll.scala:210)
[info]   at org.scalatest.BeforeAndAfterAll.run$(BeforeAndAfterAll.scala:208)
[info]   at frameless.TypedDatasetSuite.run(TypedDatasetSuite.scala:63)
[info]   at org.scalatest.tools.Framework.org$scalatest$tools$Framework$$runSuite(Framework.scala:321)
[info]   at org.scalatest.tools.Framework$ScalaTestTask.execute(Framework.scala:517)
[info]   at sbt.ForkMain$Run.lambda$runTest$1(ForkMain.java:414)
[info]   at java.base/java.util.concurrent.FutureTask.run(FutureTask.java:317)
[info]   at java.base/java.util.concurrent.ThreadPoolExecutor.runWorker(ThreadPoolExecutor.java:1144)
[info]   at java.base/java.util.concurrent.ThreadPoolExecutor$Worker.run(ThreadPoolExecutor.java:642)
[info]   at java.base/java.lang.Thread.run(Thread.java:1583)
[info]   Cause: java.lang.IllegalArgumentException: argument type mismatch
[info]   at java.base/jdk.internal.reflect.DirectConstructorHandleAccessor.newInstance(DirectConstructorHandleAccessor.java:65)
[info]   at java.base/java.lang.reflect.Constructor.newInstanceWithCaller(Constructor.java:502)
[info]   at java.base/java.lang.reflect.Constructor.newInstance(Constructor.java:486)
[info]   at frameless.TypedExpressionEncoder$.$anonfun$apply$3(TypedExpressionEncoder.scala:55)
[info]   at scala.Option.map(Option.scala:242)
[info]   at frameless.TypedExpressionEncoder$.apply(TypedExpressionEncoder.scala:54)
[info]   at frameless.TypedDataset$.create(TypedDataset.scala:1325)
[info]   at frameless.SelectTests.prop$8(SelectTests.scala:199)
[info]   at frameless.SelectTests.$anonfun$new$245(SelectTests.scala:211)
[info]   at scala.Function1.$anonfun$andThen$1(Function1.scala:87)
[info]   at org.scalacheck.Prop$.$anonfun$forAllShrink$2(Prop.scala:868)
[info]   at org.scalacheck.Prop$.secure(Prop.scala:484)
[info]   at org.scalacheck.Prop$.result$1(Prop.scala:868)
[info]   at org.scalacheck.Prop$.$anonfun$forAllShrink$1(Prop.scala:915)
[info]   at org.scalacheck.Prop$.$anonfun$apply$1(Prop.scala:305)
[info]   at org.scalacheck.PropFromFun.apply(Prop.scala:20)
[info]   at org.scalacheck.Test$.workerFun$1(Test.scala:486)
[info]   at org.scalacheck.Test$.$anonfun$check$4(Test.scala:518)
[info]   at org.scalacheck.Test$.$anonfun$check$4$adapted(Test.scala:518)
[info]   at org.scalacheck.Platform$.runWorkers(Platform.scala:42)
[info]   at org.scalacheck.Test$.check(Test.scala:518)
[info]   at org.scalatestplus.scalacheck.UnitCheckerAsserting$CheckerAssertingImpl.check(CheckerAsserting.scala:90)
[info]   at org.scalatestplus.scalacheck.Checkers.check(Checkers.scala:371)
[info]   at org.scalatestplus.scalacheck.Checkers.check$(Checkers.scala:369)
[info]   at frameless.TypedDatasetSuite.check(TypedDatasetSuite.scala:63)
[info]   at frameless.SelectTests.$anonfun$new$233(SelectTests.scala:211)
[info]   at org.scalatest.OutcomeOf.outcomeOf(OutcomeOf.scala:85)
[info]   at org.scalatest.OutcomeOf.outcomeOf$(OutcomeOf.scala:83)
[info]   at org.scalatest.OutcomeOf$.outcomeOf(OutcomeOf.scala:104)
[info]   at org.scalatest.Transformer.apply(Transformer.scala:22)
[info]   at org.scalatest.Transformer.apply(Transformer.scala:20)
[info]   at org.scalatest.funsuite.AnyFunSuiteLike$$anon$1.apply(AnyFunSuiteLike.scala:226)
[info]   at org.scalatest.TestSuite.withFixture(TestSuite.scala:196)
[info]   at org.scalatest.TestSuite.withFixture$(TestSuite.scala:195)
[info]   at org.scalatest.funsuite.AnyFunSuite.withFixture(AnyFunSuite.scala:1564)
[info]   at org.scalatest.funsuite.AnyFunSuiteLike.invokeWithFixture$1(AnyFunSuiteLike.scala:224)
[info]   at org.scalatest.funsuite.AnyFunSuiteLike.$anonfun$runTest$1(AnyFunSuiteLike.scala:236)
[info]   at org.scalatest.SuperEngine.runTestImpl(Engine.scala:306)
[info]   at org.scalatest.funsuite.AnyFunSuiteLike.runTest(AnyFunSuiteLike.scala:236)
[info]   at org.scalatest.funsuite.AnyFunSuiteLike.runTest$(AnyFunSuiteLike.scala:218)
[info]   at org.scalatest.funsuite.AnyFunSuite.runTest(AnyFunSuite.scala:1564)
[info]   at org.scalatest.funsuite.AnyFunSuiteLike.$anonfun$runTests$1(AnyFunSuiteLike.scala:269)
[info]   at org.scalatest.SuperEngine.$anonfun$runTestsInBranch$1(Engine.scala:413)
[info]   at scala.collection.immutable.List.foreach(List.scala:334)
[info]   at org.scalatest.SuperEngine.traverseSubNodes$1(Engine.scala:401)
[info]   at org.scalatest.SuperEngine.runTestsInBranch(Engine.scala:396)
[info]   at org.scalatest.SuperEngine.runTestsImpl(Engine.scala:475)
[info]   at org.scalatest.funsuite.AnyFunSuiteLike.runTests(AnyFunSuiteLike.scala:269)
[info]   at org.scalatest.funsuite.AnyFunSuiteLike.runTests$(AnyFunSuiteLike.scala:268)
[info]   at org.scalatest.funsuite.AnyFunSuite.runTests(AnyFunSuite.scala:1564)
[info]   at org.scalatest.Suite.run(Suite.scala:1114)
[info]   at org.scalatest.Suite.run$(Suite.scala:1096)
[info]   at org.scalatest.funsuite.AnyFunSuite.org$scalatest$funsuite$AnyFunSuiteLike$$super$run(AnyFunSuite.scala:1564)
[info]   at org.scalatest.funsuite.AnyFunSuiteLike.$anonfun$run$1(AnyFunSuiteLike.scala:273)
[info]   at org.scalatest.SuperEngine.runImpl(Engine.scala:535)
[info]   at org.scalatest.funsuite.AnyFunSuiteLike.run(AnyFunSuiteLike.scala:273)
[info]   at org.scalatest.funsuite.AnyFunSuiteLike.run$(AnyFunSuiteLike.scala:272)
[info]   at frameless.TypedDatasetSuite.org$scalatest$BeforeAndAfterAll$$super$run(TypedDatasetSuite.scala:63)
[info]   at org.scalatest.BeforeAndAfterAll.liftedTree1$1(BeforeAndAfterAll.scala:213)
[info]   at org.scalatest.BeforeAndAfterAll.run(BeforeAndAfterAll.scala:210)
[info]   at org.scalatest.BeforeAndAfterAll.run$(BeforeAndAfterAll.scala:208)
[info]   at frameless.TypedDatasetSuite.run(TypedDatasetSuite.scala:63)
[info]   at org.scalatest.tools.Framework.org$scalatest$tools$Framework$$runSuite(Framework.scala:321)
[info]   at org.scalatest.tools.Framework$ScalaTestTask.execute(Framework.scala:517)
[info]   at sbt.ForkMain$Run.lambda$runTest$1(ForkMain.java:414)
[info]   at java.base/java.util.concurrent.FutureTask.run(FutureTask.java:317)
[info]   at java.base/java.util.concurrent.ThreadPoolExecutor.runWorker(ThreadPoolExecutor.java:1144)
[info]   at java.base/java.util.concurrent.ThreadPoolExecutor$Worker.run(ThreadPoolExecutor.java:642)
[info]   at java.base/java.lang.Thread.run(Thread.java:1583)
[info]   Cause: java.lang.ClassCastException: Cannot cast scala.reflect.ClassTag$GenericClassTag to org.apache.spark.sql.catalyst.expressions.Expression
[info]   at java.base/java.lang.Class.cast(Class.java:4067)
[info]   at java.base/jdk.internal.reflect.DirectConstructorHandleAccessor.newInstance(DirectConstructorHandleAccessor.java:62)
[info]   at java.base/java.lang.reflect.Constructor.newInstanceWithCaller(Constructor.java:502)
[info]   at java.base/java.lang.reflect.Constructor.newInstance(Constructor.java:486)
[info]   at frameless.TypedExpressionEncoder$.$anonfun$apply$3(TypedExpressionEncoder.scala:55)
[info]   at scala.Option.map(Option.scala:242)
[info]   at frameless.TypedExpressionEncoder$.apply(TypedExpressionEncoder.scala:54)
[info]   at frameless.TypedDataset$.create(TypedDataset.scala:1325)
[info]   at frameless.SelectTests.prop$8(SelectTests.scala:199)
[info]   at frameless.SelectTests.$anonfun$new$245(SelectTests.scala:211)
[info]   at scala.Function1.$anonfun$andThen$1(Function1.scala:87)
[info]   at org.scalacheck.Prop$.$anonfun$forAllShrink$2(Prop.scala:868)
[info]   at org.scalacheck.Prop$.secure(Prop.scala:484)
[info]   at org.scalacheck.Prop$.result$1(Prop.scala:868)
[info]   at org.scalacheck.Prop$.$anonfun$forAllShrink$1(Prop.scala:915)
[info]   at org.scalacheck.Prop$.$anonfun$apply$1(Prop.scala:305)
[info]   at org.scalacheck.PropFromFun.apply(Prop.scala:20)
[info]   at org.scalacheck.Test$.workerFun$1(Test.scala:486)
[info]   at org.scalacheck.Test$.$anonfun$check$4(Test.scala:518)
[info]   at org.scalacheck.Test$.$anonfun$check$4$adapted(Test.scala:518)
[info]   at org.scalacheck.Platform$.runWorkers(Platform.scala:42)
[info]   at org.scalacheck.Test$.check(Test.scala:518)
[info]   at org.scalatestplus.scalacheck.UnitCheckerAsserting$CheckerAssertingImpl.check(CheckerAsserting.scala:90)
[info]   at org.scalatestplus.scalacheck.Checkers.check(Checkers.scala:371)
[info]   at org.scalatestplus.scalacheck.Checkers.check$(Checkers.scala:369)
[info]   at frameless.TypedDatasetSuite.check(TypedDatasetSuite.scala:63)
[info]   at frameless.SelectTests.$anonfun$new$233(SelectTests.scala:211)
[info]   at org.scalatest.OutcomeOf.outcomeOf(OutcomeOf.scala:85)
[info]   at org.scalatest.OutcomeOf.outcomeOf$(OutcomeOf.scala:83)
[info]   at org.scalatest.OutcomeOf$.outcomeOf(OutcomeOf.scala:104)
[info]   at org.scalatest.Transformer.apply(Transformer.scala:22)
[info]   at org.scalatest.Transformer.apply(Transformer.scala:20)
[info]   at org.scalatest.funsuite.AnyFunSuiteLike$$anon$1.apply(AnyFunSuiteLike.scala:226)
[info]   at org.scalatest.TestSuite.withFixture(TestSuite.scala:196)
[info]   at org.scalatest.TestSuite.withFixture$(TestSuite.scala:195)
[info]   at org.scalatest.funsuite.AnyFunSuite.withFixture(AnyFunSuite.scala:1564)
[info]   at org.scalatest.funsuite.AnyFunSuiteLike.invokeWithFixture$1(AnyFunSuiteLike.scala:224)
[info]   at org.scalatest.funsuite.AnyFunSuiteLike.$anonfun$runTest$1(AnyFunSuiteLike.scala:236)
[info]   at org.scalatest.SuperEngine.runTestImpl(Engine.scala:306)
[info]   at org.scalatest.funsuite.AnyFunSuiteLike.runTest(AnyFunSuiteLike.scala:236)
[info]   at org.scalatest.funsuite.AnyFunSuiteLike.runTest$(AnyFunSuiteLike.scala:218)
[info]   at org.scalatest.funsuite.AnyFunSuite.runTest(AnyFunSuite.scala:1564)
[info]   at org.scalatest.funsuite.AnyFunSuiteLike.$anonfun$runTests$1(AnyFunSuiteLike.scala:269)
[info]   at org.scalatest.SuperEngine.$anonfun$runTestsInBranch$1(Engine.scala:413)
[info]   at scala.collection.immutable.List.foreach(List.scala:334)
[info]   at org.scalatest.SuperEngine.traverseSubNodes$1(Engine.scala:401)
[info]   at org.scalatest.SuperEngine.runTestsInBranch(Engine.scala:396)
[info]   at org.scalatest.SuperEngine.runTestsImpl(Engine.scala:475)
[info]   at org.scalatest.funsuite.AnyFunSuiteLike.runTests(AnyFunSuiteLike.scala:269)
[info]   at org.scalatest.funsuite.AnyFunSuiteLike.runTests$(AnyFunSuiteLike.scala:268)
[info]   at org.scalatest.funsuite.AnyFunSuite.runTests(AnyFunSuite.scala:1564)
[info]   at org.scalatest.Suite.run(Suite.scala:1114)
[info]   at org.scalatest.Suite.run$(Suite.scala:1096)
[info]   at org.scalatest.funsuite.AnyFunSuite.org$scalatest$funsuite$AnyFunSuiteLike$$super$run(AnyFunSuite.scala:1564)
[info]   at org.scalatest.funsuite.AnyFunSuiteLike.$anonfun$run$1(AnyFunSuiteLike.scala:273)
[info]   at org.scalatest.SuperEngine.runImpl(Engine.scala:535)
[info]   at org.scalatest.funsuite.AnyFunSuiteLike.run(AnyFunSuiteLike.scala:273)
[info]   at org.scalatest.funsuite.AnyFunSuiteLike.run$(AnyFunSuiteLike.scala:272)
[info]   at frameless.TypedDatasetSuite.org$scalatest$BeforeAndAfterAll$$super$run(TypedDatasetSuite.scala:63)
[info]   at org.scalatest.BeforeAndAfterAll.liftedTree1$1(BeforeAndAfterAll.scala:213)
[info]   at org.scalatest.BeforeAndAfterAll.run(BeforeAndAfterAll.scala:210)
[info]   at org.scalatest.BeforeAndAfterAll.run$(BeforeAndAfterAll.scala:208)
[info]   at frameless.TypedDatasetSuite.run(TypedDatasetSuite.scala:63)
[info]   at org.scalatest.tools.Framework.org$scalatest$tools$Framework$$runSuite(Framework.scala:321)
[info]   at org.scalatest.tools.Framework$ScalaTestTask.execute(Framework.scala:517)
[info]   at sbt.ForkMain$Run.lambda$runTest$1(ForkMain.java:414)
[info]   at java.base/java.util.concurrent.FutureTask.run(FutureTask.java:317)
[info]   at java.base/java.util.concurrent.ThreadPoolExecutor.runWorker(ThreadPoolExecutor.java:1144)
[info]   at java.base/java.util.concurrent.ThreadPoolExecutor$Worker.run(ThreadPoolExecutor.java:642)
[info]   at java.base/java.lang.Thread.run(Thread.java:1583)
[info] - select('a,'b,'c,'d,'a,'c,'b,'a,'c) FROM abcd *** FAILED *** (3 milliseconds)
[info]   IllegalArgumentException was thrown during property evaluation.
[info]     Message: argument type mismatch
[info]     Occurred when passed generated values (
[info]       arg0 = Vector()
[info]     )
[info]   org.scalatest.exceptions.GeneratorDrivenPropertyCheckFailedException:
[info]   at org.scalatestplus.scalacheck.CheckerAsserting$$anon$2.indicateFailure(CheckerAsserting.scala:251)
[info]   at org.scalatestplus.scalacheck.CheckerAsserting$$anon$2.indicateFailure(CheckerAsserting.scala:238)
[info]   at org.scalatestplus.scalacheck.UnitCheckerAsserting$CheckerAssertingImpl.check(CheckerAsserting.scala:160)
[info]   at org.scalatestplus.scalacheck.Checkers.check(Checkers.scala:371)
[info]   at org.scalatestplus.scalacheck.Checkers.check$(Checkers.scala:369)
[info]   at frameless.TypedDatasetSuite.check(TypedDatasetSuite.scala:63)
[info]   at frameless.SelectTests.$anonfun$new$263(SelectTests.scala:238)
[info]   at org.scalatest.OutcomeOf.outcomeOf(OutcomeOf.scala:85)
[info]   at org.scalatest.OutcomeOf.outcomeOf$(OutcomeOf.scala:83)
[info]   at org.scalatest.OutcomeOf$.outcomeOf(OutcomeOf.scala:104)
[info]   at org.scalatest.Transformer.apply(Transformer.scala:22)
[info]   at org.scalatest.Transformer.apply(Transformer.scala:20)
[info]   at org.scalatest.funsuite.AnyFunSuiteLike$$anon$1.apply(AnyFunSuiteLike.scala:226)
[info]   at org.scalatest.TestSuite.withFixture(TestSuite.scala:196)
[info]   at org.scalatest.TestSuite.withFixture$(TestSuite.scala:195)
[info]   at org.scalatest.funsuite.AnyFunSuite.withFixture(AnyFunSuite.scala:1564)
[info]   at org.scalatest.funsuite.AnyFunSuiteLike.invokeWithFixture$1(AnyFunSuiteLike.scala:224)
[info]   at org.scalatest.funsuite.AnyFunSuiteLike.$anonfun$runTest$1(AnyFunSuiteLike.scala:236)
[info]   at org.scalatest.SuperEngine.runTestImpl(Engine.scala:306)
[info]   at org.scalatest.funsuite.AnyFunSuiteLike.runTest(AnyFunSuiteLike.scala:236)
[info]   at org.scalatest.funsuite.AnyFunSuiteLike.runTest$(AnyFunSuiteLike.scala:218)
[info]   at org.scalatest.funsuite.AnyFunSuite.runTest(AnyFunSuite.scala:1564)
[info]   at org.scalatest.funsuite.AnyFunSuiteLike.$anonfun$runTests$1(AnyFunSuiteLike.scala:269)
[info]   at org.scalatest.SuperEngine.$anonfun$runTestsInBranch$1(Engine.scala:413)
[info]   at scala.collection.immutable.List.foreach(List.scala:334)
[info]   at org.scalatest.SuperEngine.traverseSubNodes$1(Engine.scala:401)
[info]   at org.scalatest.SuperEngine.runTestsInBranch(Engine.scala:396)
[info]   at org.scalatest.SuperEngine.runTestsImpl(Engine.scala:475)
[info]   at org.scalatest.funsuite.AnyFunSuiteLike.runTests(AnyFunSuiteLike.scala:269)
[info]   at org.scalatest.funsuite.AnyFunSuiteLike.runTests$(AnyFunSuiteLike.scala:268)
[info]   at org.scalatest.funsuite.AnyFunSuite.runTests(AnyFunSuite.scala:1564)
[info]   at org.scalatest.Suite.run(Suite.scala:1114)
[info]   at org.scalatest.Suite.run$(Suite.scala:1096)
[info]   at org.scalatest.funsuite.AnyFunSuite.org$scalatest$funsuite$AnyFunSuiteLike$$super$run(AnyFunSuite.scala:1564)
[info]   at org.scalatest.funsuite.AnyFunSuiteLike.$anonfun$run$1(AnyFunSuiteLike.scala:273)
[info]   at org.scalatest.SuperEngine.runImpl(Engine.scala:535)
[info]   at org.scalatest.funsuite.AnyFunSuiteLike.run(AnyFunSuiteLike.scala:273)
[info]   at org.scalatest.funsuite.AnyFunSuiteLike.run$(AnyFunSuiteLike.scala:272)
[info]   at frameless.TypedDatasetSuite.org$scalatest$BeforeAndAfterAll$$super$run(TypedDatasetSuite.scala:63)
[info]   at org.scalatest.BeforeAndAfterAll.liftedTree1$1(BeforeAndAfterAll.scala:213)
[info]   at org.scalatest.BeforeAndAfterAll.run(BeforeAndAfterAll.scala:210)
[info]   at org.scalatest.BeforeAndAfterAll.run$(BeforeAndAfterAll.scala:208)
[info]   at frameless.TypedDatasetSuite.run(TypedDatasetSuite.scala:63)
[info]   at org.scalatest.tools.Framework.org$scalatest$tools$Framework$$runSuite(Framework.scala:321)
[info]   at org.scalatest.tools.Framework$ScalaTestTask.execute(Framework.scala:517)
[info]   at sbt.ForkMain$Run.lambda$runTest$1(ForkMain.java:414)
[info]   at java.base/java.util.concurrent.FutureTask.run(FutureTask.java:317)
[info]   at java.base/java.util.concurrent.ThreadPoolExecutor.runWorker(ThreadPoolExecutor.java:1144)
[info]   at java.base/java.util.concurrent.ThreadPoolExecutor$Worker.run(ThreadPoolExecutor.java:642)
[info]   at java.base/java.lang.Thread.run(Thread.java:1583)
[info]   Cause: java.lang.IllegalArgumentException: argument type mismatch
[info]   at java.base/jdk.internal.reflect.DirectConstructorHandleAccessor.newInstance(DirectConstructorHandleAccessor.java:65)
[info]   at java.base/java.lang.reflect.Constructor.newInstanceWithCaller(Constructor.java:502)
[info]   at java.base/java.lang.reflect.Constructor.newInstance(Constructor.java:486)
[info]   at frameless.TypedExpressionEncoder$.$anonfun$apply$3(TypedExpressionEncoder.scala:55)
[info]   at scala.Option.map(Option.scala:242)
[info]   at frameless.TypedExpressionEncoder$.apply(TypedExpressionEncoder.scala:54)
[info]   at frameless.TypedDataset$.create(TypedDataset.scala:1325)
[info]   at frameless.SelectTests.prop$9(SelectTests.scala:226)
[info]   at frameless.SelectTests.$anonfun$new$275(SelectTests.scala:238)
[info]   at scala.Function1.$anonfun$andThen$1(Function1.scala:87)
[info]   at org.scalacheck.Prop$.$anonfun$forAllShrink$2(Prop.scala:868)
[info]   at org.scalacheck.Prop$.secure(Prop.scala:484)
[info]   at org.scalacheck.Prop$.result$1(Prop.scala:868)
[info]   at org.scalacheck.Prop$.$anonfun$forAllShrink$1(Prop.scala:915)
[info]   at org.scalacheck.Prop$.$anonfun$apply$1(Prop.scala:305)
[info]   at org.scalacheck.PropFromFun.apply(Prop.scala:20)
[info]   at org.scalacheck.Test$.workerFun$1(Test.scala:486)
[info]   at org.scalacheck.Test$.$anonfun$check$4(Test.scala:518)
[info]   at org.scalacheck.Test$.$anonfun$check$4$adapted(Test.scala:518)
[info]   at org.scalacheck.Platform$.runWorkers(Platform.scala:42)
[info]   at org.scalacheck.Test$.check(Test.scala:518)
[info]   at org.scalatestplus.scalacheck.UnitCheckerAsserting$CheckerAssertingImpl.check(CheckerAsserting.scala:90)
[info]   at org.scalatestplus.scalacheck.Checkers.check(Checkers.scala:371)
[info]   at org.scalatestplus.scalacheck.Checkers.check$(Checkers.scala:369)
[info]   at frameless.TypedDatasetSuite.check(TypedDatasetSuite.scala:63)
[info]   at frameless.SelectTests.$anonfun$new$263(SelectTests.scala:238)
[info]   at org.scalatest.OutcomeOf.outcomeOf(OutcomeOf.scala:85)
[info]   at org.scalatest.OutcomeOf.outcomeOf$(OutcomeOf.scala:83)
[info]   at org.scalatest.OutcomeOf$.outcomeOf(OutcomeOf.scala:104)
[info]   at org.scalatest.Transformer.apply(Transformer.scala:22)
[info]   at org.scalatest.Transformer.apply(Transformer.scala:20)
[info]   at org.scalatest.funsuite.AnyFunSuiteLike$$anon$1.apply(AnyFunSuiteLike.scala:226)
[info]   at org.scalatest.TestSuite.withFixture(TestSuite.scala:196)
[info]   at org.scalatest.TestSuite.withFixture$(TestSuite.scala:195)
[info]   at org.scalatest.funsuite.AnyFunSuite.withFixture(AnyFunSuite.scala:1564)
[info]   at org.scalatest.funsuite.AnyFunSuiteLike.invokeWithFixture$1(AnyFunSuiteLike.scala:224)
[info]   at org.scalatest.funsuite.AnyFunSuiteLike.$anonfun$runTest$1(AnyFunSuiteLike.scala:236)
[info]   at org.scalatest.SuperEngine.runTestImpl(Engine.scala:306)
[info]   at org.scalatest.funsuite.AnyFunSuiteLike.runTest(AnyFunSuiteLike.scala:236)
[info]   at org.scalatest.funsuite.AnyFunSuiteLike.runTest$(AnyFunSuiteLike.scala:218)
[info]   at org.scalatest.funsuite.AnyFunSuite.runTest(AnyFunSuite.scala:1564)
[info]   at org.scalatest.funsuite.AnyFunSuiteLike.$anonfun$runTests$1(AnyFunSuiteLike.scala:269)
[info]   at org.scalatest.SuperEngine.$anonfun$runTestsInBranch$1(Engine.scala:413)
[info]   at scala.collection.immutable.List.foreach(List.scala:334)
[info]   at org.scalatest.SuperEngine.traverseSubNodes$1(Engine.scala:401)
[info]   at org.scalatest.SuperEngine.runTestsInBranch(Engine.scala:396)
[info]   at org.scalatest.SuperEngine.runTestsImpl(Engine.scala:475)
[info]   at org.scalatest.funsuite.AnyFunSuiteLike.runTests(AnyFunSuiteLike.scala:269)
[info]   at org.scalatest.funsuite.AnyFunSuiteLike.runTests$(AnyFunSuiteLike.scala:268)
[info]   at org.scalatest.funsuite.AnyFunSuite.runTests(AnyFunSuite.scala:1564)
[info]   at org.scalatest.Suite.run(Suite.scala:1114)
[info]   at org.scalatest.Suite.run$(Suite.scala:1096)
[info]   at org.scalatest.funsuite.AnyFunSuite.org$scalatest$funsuite$AnyFunSuiteLike$$super$run(AnyFunSuite.scala:1564)
[info]   at org.scalatest.funsuite.AnyFunSuiteLike.$anonfun$run$1(AnyFunSuiteLike.scala:273)
[info]   at org.scalatest.SuperEngine.runImpl(Engine.scala:535)
[info]   at org.scalatest.funsuite.AnyFunSuiteLike.run(AnyFunSuiteLike.scala:273)
[info]   at org.scalatest.funsuite.AnyFunSuiteLike.run$(AnyFunSuiteLike.scala:272)
[info]   at frameless.TypedDatasetSuite.org$scalatest$BeforeAndAfterAll$$super$run(TypedDatasetSuite.scala:63)
[info]   at org.scalatest.BeforeAndAfterAll.liftedTree1$1(BeforeAndAfterAll.scala:213)
[info]   at org.scalatest.BeforeAndAfterAll.run(BeforeAndAfterAll.scala:210)
[info]   at org.scalatest.BeforeAndAfterAll.run$(BeforeAndAfterAll.scala:208)
[info]   at frameless.TypedDatasetSuite.run(TypedDatasetSuite.scala:63)
[info]   at org.scalatest.tools.Framework.org$scalatest$tools$Framework$$runSuite(Framework.scala:321)
[info]   at org.scalatest.tools.Framework$ScalaTestTask.execute(Framework.scala:517)
[info]   at sbt.ForkMain$Run.lambda$runTest$1(ForkMain.java:414)
[info]   at java.base/java.util.concurrent.FutureTask.run(FutureTask.java:317)
[info]   at java.base/java.util.concurrent.ThreadPoolExecutor.runWorker(ThreadPoolExecutor.java:1144)
[info]   at java.base/java.util.concurrent.ThreadPoolExecutor$Worker.run(ThreadPoolExecutor.java:642)
[info]   at java.base/java.lang.Thread.run(Thread.java:1583)
[info]   Cause: java.lang.ClassCastException: Cannot cast scala.reflect.ClassTag$GenericClassTag to org.apache.spark.sql.catalyst.expressions.Expression
[info]   at java.base/java.lang.Class.cast(Class.java:4067)
[info]   at java.base/jdk.internal.reflect.DirectConstructorHandleAccessor.newInstance(DirectConstructorHandleAccessor.java:62)
[info]   at java.base/java.lang.reflect.Constructor.newInstanceWithCaller(Constructor.java:502)
[info]   at java.base/java.lang.reflect.Constructor.newInstance(Constructor.java:486)
[info]   at frameless.TypedExpressionEncoder$.$anonfun$apply$3(TypedExpressionEncoder.scala:55)
[info]   at scala.Option.map(Option.scala:242)
[info]   at frameless.TypedExpressionEncoder$.apply(TypedExpressionEncoder.scala:54)
[info]   at frameless.TypedDataset$.create(TypedDataset.scala:1325)
[info]   at frameless.SelectTests.prop$9(SelectTests.scala:226)
[info]   at frameless.SelectTests.$anonfun$new$275(SelectTests.scala:238)
[info]   at scala.Function1.$anonfun$andThen$1(Function1.scala:87)
[info]   at org.scalacheck.Prop$.$anonfun$forAllShrink$2(Prop.scala:868)
[info]   at org.scalacheck.Prop$.secure(Prop.scala:484)
[info]   at org.scalacheck.Prop$.result$1(Prop.scala:868)
[info]   at org.scalacheck.Prop$.$anonfun$forAllShrink$1(Prop.scala:915)
[info]   at org.scalacheck.Prop$.$anonfun$apply$1(Prop.scala:305)
[info]   at org.scalacheck.PropFromFun.apply(Prop.scala:20)
[info]   at org.scalacheck.Test$.workerFun$1(Test.scala:486)
[info]   at org.scalacheck.Test$.$anonfun$check$4(Test.scala:518)
[info]   at org.scalacheck.Test$.$anonfun$check$4$adapted(Test.scala:518)
[info]   at org.scalacheck.Platform$.runWorkers(Platform.scala:42)
[info]   at org.scalacheck.Test$.check(Test.scala:518)
[info]   at org.scalatestplus.scalacheck.UnitCheckerAsserting$CheckerAssertingImpl.check(CheckerAsserting.scala:90)
[info]   at org.scalatestplus.scalacheck.Checkers.check(Checkers.scala:371)
[info]   at org.scalatestplus.scalacheck.Checkers.check$(Checkers.scala:369)
[info]   at frameless.TypedDatasetSuite.check(TypedDatasetSuite.scala:63)
[info]   at frameless.SelectTests.$anonfun$new$263(SelectTests.scala:238)
[info]   at org.scalatest.OutcomeOf.outcomeOf(OutcomeOf.scala:85)
[info]   at org.scalatest.OutcomeOf.outcomeOf$(OutcomeOf.scala:83)
[info]   at org.scalatest.OutcomeOf$.outcomeOf(OutcomeOf.scala:104)
[info]   at org.scalatest.Transformer.apply(Transformer.scala:22)
[info]   at org.scalatest.Transformer.apply(Transformer.scala:20)
[info]   at org.scalatest.funsuite.AnyFunSuiteLike$$anon$1.apply(AnyFunSuiteLike.scala:226)
[info]   at org.scalatest.TestSuite.withFixture(TestSuite.scala:196)
[info]   at org.scalatest.TestSuite.withFixture$(TestSuite.scala:195)
[info]   at org.scalatest.funsuite.AnyFunSuite.withFixture(AnyFunSuite.scala:1564)
[info]   at org.scalatest.funsuite.AnyFunSuiteLike.invokeWithFixture$1(AnyFunSuiteLike.scala:224)
[info]   at org.scalatest.funsuite.AnyFunSuiteLike.$anonfun$runTest$1(AnyFunSuiteLike.scala:236)
[info]   at org.scalatest.SuperEngine.runTestImpl(Engine.scala:306)
[info]   at org.scalatest.funsuite.AnyFunSuiteLike.runTest(AnyFunSuiteLike.scala:236)
[info]   at org.scalatest.funsuite.AnyFunSuiteLike.runTest$(AnyFunSuiteLike.scala:218)
[info]   at org.scalatest.funsuite.AnyFunSuite.runTest(AnyFunSuite.scala:1564)
[info]   at org.scalatest.funsuite.AnyFunSuiteLike.$anonfun$runTests$1(AnyFunSuiteLike.scala:269)
[info]   at org.scalatest.SuperEngine.$anonfun$runTestsInBranch$1(Engine.scala:413)
[info]   at scala.collection.immutable.List.foreach(List.scala:334)
[info]   at org.scalatest.SuperEngine.traverseSubNodes$1(Engine.scala:401)
[info]   at org.scalatest.SuperEngine.runTestsInBranch(Engine.scala:396)
[info]   at org.scalatest.SuperEngine.runTestsImpl(Engine.scala:475)
[info]   at org.scalatest.funsuite.AnyFunSuiteLike.runTests(AnyFunSuiteLike.scala:269)
[info]   at org.scalatest.funsuite.AnyFunSuiteLike.runTests$(AnyFunSuiteLike.scala:268)
[info]   at org.scalatest.funsuite.AnyFunSuite.runTests(AnyFunSuite.scala:1564)
[info]   at org.scalatest.Suite.run(Suite.scala:1114)
[info]   at org.scalatest.Suite.run$(Suite.scala:1096)
[info]   at org.scalatest.funsuite.AnyFunSuite.org$scalatest$funsuite$AnyFunSuiteLike$$super$run(AnyFunSuite.scala:1564)
[info]   at org.scalatest.funsuite.AnyFunSuiteLike.$anonfun$run$1(AnyFunSuiteLike.scala:273)
[info]   at org.scalatest.SuperEngine.runImpl(Engine.scala:535)
[info]   at org.scalatest.funsuite.AnyFunSuiteLike.run(AnyFunSuiteLike.scala:273)
[info]   at org.scalatest.funsuite.AnyFunSuiteLike.run$(AnyFunSuiteLike.scala:272)
[info]   at frameless.TypedDatasetSuite.org$scalatest$BeforeAndAfterAll$$super$run(TypedDatasetSuite.scala:63)
[info]   at org.scalatest.BeforeAndAfterAll.liftedTree1$1(BeforeAndAfterAll.scala:213)
[info]   at org.scalatest.BeforeAndAfterAll.run(BeforeAndAfterAll.scala:210)
[info]   at org.scalatest.BeforeAndAfterAll.run$(BeforeAndAfterAll.scala:208)
[info]   at frameless.TypedDatasetSuite.run(TypedDatasetSuite.scala:63)
[info]   at org.scalatest.tools.Framework.org$scalatest$tools$Framework$$runSuite(Framework.scala:321)
[info]   at org.scalatest.tools.Framework$ScalaTestTask.execute(Framework.scala:517)
[info]   at sbt.ForkMain$Run.lambda$runTest$1(ForkMain.java:414)
[info]   at java.base/java.util.concurrent.FutureTask.run(FutureTask.java:317)
[info]   at java.base/java.util.concurrent.ThreadPoolExecutor.runWorker(ThreadPoolExecutor.java:1144)
[info]   at java.base/java.util.concurrent.ThreadPoolExecutor$Worker.run(ThreadPoolExecutor.java:642)
[info]   at java.base/java.lang.Thread.run(Thread.java:1583)
[info] - select('a,'b,'c,'d,'a,'c,'b,'a,'c, 'd) FROM abcd *** FAILED *** (2 milliseconds)
[info]   IllegalArgumentException was thrown during property evaluation.
[info]     Message: argument type mismatch
[info]     Occurred when passed generated values (
[info]       arg0 = Vector()
[info]     )
[info]   org.scalatest.exceptions.GeneratorDrivenPropertyCheckFailedException:
[info]   at org.scalatestplus.scalacheck.CheckerAsserting$$anon$2.indicateFailure(CheckerAsserting.scala:251)
[info]   at org.scalatestplus.scalacheck.CheckerAsserting$$anon$2.indicateFailure(CheckerAsserting.scala:238)
[info]   at org.scalatestplus.scalacheck.UnitCheckerAsserting$CheckerAssertingImpl.check(CheckerAsserting.scala:160)
[info]   at org.scalatestplus.scalacheck.Checkers.check(Checkers.scala:371)
[info]   at org.scalatestplus.scalacheck.Checkers.check$(Checkers.scala:369)
[info]   at frameless.TypedDatasetSuite.check(TypedDatasetSuite.scala:63)
[info]   at frameless.SelectTests.$anonfun$new$293(SelectTests.scala:265)
[info]   at org.scalatest.OutcomeOf.outcomeOf(OutcomeOf.scala:85)
[info]   at org.scalatest.OutcomeOf.outcomeOf$(OutcomeOf.scala:83)
[info]   at org.scalatest.OutcomeOf$.outcomeOf(OutcomeOf.scala:104)
[info]   at org.scalatest.Transformer.apply(Transformer.scala:22)
[info]   at org.scalatest.Transformer.apply(Transformer.scala:20)
[info]   at org.scalatest.funsuite.AnyFunSuiteLike$$anon$1.apply(AnyFunSuiteLike.scala:226)
[info]   at org.scalatest.TestSuite.withFixture(TestSuite.scala:196)
[info]   at org.scalatest.TestSuite.withFixture$(TestSuite.scala:195)
[info]   at org.scalatest.funsuite.AnyFunSuite.withFixture(AnyFunSuite.scala:1564)
[info]   at org.scalatest.funsuite.AnyFunSuiteLike.invokeWithFixture$1(AnyFunSuiteLike.scala:224)
[info]   at org.scalatest.funsuite.AnyFunSuiteLike.$anonfun$runTest$1(AnyFunSuiteLike.scala:236)
[info]   at org.scalatest.SuperEngine.runTestImpl(Engine.scala:306)
[info]   at org.scalatest.funsuite.AnyFunSuiteLike.runTest(AnyFunSuiteLike.scala:236)
[info]   at org.scalatest.funsuite.AnyFunSuiteLike.runTest$(AnyFunSuiteLike.scala:218)
[info]   at org.scalatest.funsuite.AnyFunSuite.runTest(AnyFunSuite.scala:1564)
[info]   at org.scalatest.funsuite.AnyFunSuiteLike.$anonfun$runTests$1(AnyFunSuiteLike.scala:269)
[info]   at org.scalatest.SuperEngine.$anonfun$runTestsInBranch$1(Engine.scala:413)
[info]   at scala.collection.immutable.List.foreach(List.scala:334)
[info]   at org.scalatest.SuperEngine.traverseSubNodes$1(Engine.scala:401)
[info]   at org.scalatest.SuperEngine.runTestsInBranch(Engine.scala:396)
[info]   at org.scalatest.SuperEngine.runTestsImpl(Engine.scala:475)
[info]   at org.scalatest.funsuite.AnyFunSuiteLike.runTests(AnyFunSuiteLike.scala:269)
[info]   at org.scalatest.funsuite.AnyFunSuiteLike.runTests$(AnyFunSuiteLike.scala:268)
[info]   at org.scalatest.funsuite.AnyFunSuite.runTests(AnyFunSuite.scala:1564)
[info]   at org.scalatest.Suite.run(Suite.scala:1114)
[info]   at org.scalatest.Suite.run$(Suite.scala:1096)
[info]   at org.scalatest.funsuite.AnyFunSuite.org$scalatest$funsuite$AnyFunSuiteLike$$super$run(AnyFunSuite.scala:1564)
[info]   at org.scalatest.funsuite.AnyFunSuiteLike.$anonfun$run$1(AnyFunSuiteLike.scala:273)
[info]   at org.scalatest.SuperEngine.runImpl(Engine.scala:535)
[info]   at org.scalatest.funsuite.AnyFunSuiteLike.run(AnyFunSuiteLike.scala:273)
[info]   at org.scalatest.funsuite.AnyFunSuiteLike.run$(AnyFunSuiteLike.scala:272)
[info]   at frameless.TypedDatasetSuite.org$scalatest$BeforeAndAfterAll$$super$run(TypedDatasetSuite.scala:63)
[info]   at org.scalatest.BeforeAndAfterAll.liftedTree1$1(BeforeAndAfterAll.scala:213)
[info]   at org.scalatest.BeforeAndAfterAll.run(BeforeAndAfterAll.scala:210)
[info]   at org.scalatest.BeforeAndAfterAll.run$(BeforeAndAfterAll.scala:208)
[info]   at frameless.TypedDatasetSuite.run(TypedDatasetSuite.scala:63)
[info]   at org.scalatest.tools.Framework.org$scalatest$tools$Framework$$runSuite(Framework.scala:321)
[info]   at org.scalatest.tools.Framework$ScalaTestTask.execute(Framework.scala:517)
[info]   at sbt.ForkMain$Run.lambda$runTest$1(ForkMain.java:414)
[info]   at java.base/java.util.concurrent.FutureTask.run(FutureTask.java:317)
[info]   at java.base/java.util.concurrent.ThreadPoolExecutor.runWorker(ThreadPoolExecutor.java:1144)
[info]   at java.base/java.util.concurrent.ThreadPoolExecutor$Worker.run(ThreadPoolExecutor.java:642)
[info]   at java.base/java.lang.Thread.run(Thread.java:1583)
[info]   Cause: java.lang.IllegalArgumentException: argument type mismatch
[info]   at java.base/jdk.internal.reflect.DirectConstructorHandleAccessor.newInstance(DirectConstructorHandleAccessor.java:65)
[info]   at java.base/java.lang.reflect.Constructor.newInstanceWithCaller(Constructor.java:502)
[info]   at java.base/java.lang.reflect.Constructor.newInstance(Constructor.java:486)
[info]   at frameless.TypedExpressionEncoder$.$anonfun$apply$3(TypedExpressionEncoder.scala:55)
[info]   at scala.Option.map(Option.scala:242)
[info]   at frameless.TypedExpressionEncoder$.apply(TypedExpressionEncoder.scala:54)
[info]   at frameless.TypedDataset$.create(TypedDataset.scala:1325)
[info]   at frameless.SelectTests.prop$10(SelectTests.scala:253)
[info]   at frameless.SelectTests.$anonfun$new$305(SelectTests.scala:265)
[info]   at scala.Function1.$anonfun$andThen$1(Function1.scala:87)
[info]   at org.scalacheck.Prop$.$anonfun$forAllShrink$2(Prop.scala:868)
[info]   at org.scalacheck.Prop$.secure(Prop.scala:484)
[info]   at org.scalacheck.Prop$.result$1(Prop.scala:868)
[info]   at org.scalacheck.Prop$.$anonfun$forAllShrink$1(Prop.scala:915)
[info]   at org.scalacheck.Prop$.$anonfun$apply$1(Prop.scala:305)
[info]   at org.scalacheck.PropFromFun.apply(Prop.scala:20)
[info]   at org.scalacheck.Test$.workerFun$1(Test.scala:486)
[info]   at org.scalacheck.Test$.$anonfun$check$4(Test.scala:518)
[info]   at org.scalacheck.Test$.$anonfun$check$4$adapted(Test.scala:518)
[info]   at org.scalacheck.Platform$.runWorkers(Platform.scala:42)
[info]   at org.scalacheck.Test$.check(Test.scala:518)
[info]   at org.scalatestplus.scalacheck.UnitCheckerAsserting$CheckerAssertingImpl.check(CheckerAsserting.scala:90)
[info]   at org.scalatestplus.scalacheck.Checkers.check(Checkers.scala:371)
[info]   at org.scalatestplus.scalacheck.Checkers.check$(Checkers.scala:369)
[info]   at frameless.TypedDatasetSuite.check(TypedDatasetSuite.scala:63)
[info]   at frameless.SelectTests.$anonfun$new$293(SelectTests.scala:265)
[info]   at org.scalatest.OutcomeOf.outcomeOf(OutcomeOf.scala:85)
[info]   at org.scalatest.OutcomeOf.outcomeOf$(OutcomeOf.scala:83)
[info]   at org.scalatest.OutcomeOf$.outcomeOf(OutcomeOf.scala:104)
[info]   at org.scalatest.Transformer.apply(Transformer.scala:22)
[info]   at org.scalatest.Transformer.apply(Transformer.scala:20)
[info]   at org.scalatest.funsuite.AnyFunSuiteLike$$anon$1.apply(AnyFunSuiteLike.scala:226)
[info]   at org.scalatest.TestSuite.withFixture(TestSuite.scala:196)
[info]   at org.scalatest.TestSuite.withFixture$(TestSuite.scala:195)
[info]   at org.scalatest.funsuite.AnyFunSuite.withFixture(AnyFunSuite.scala:1564)
[info]   at org.scalatest.funsuite.AnyFunSuiteLike.invokeWithFixture$1(AnyFunSuiteLike.scala:224)
[info]   at org.scalatest.funsuite.AnyFunSuiteLike.$anonfun$runTest$1(AnyFunSuiteLike.scala:236)
[info]   at org.scalatest.SuperEngine.runTestImpl(Engine.scala:306)
[info]   at org.scalatest.funsuite.AnyFunSuiteLike.runTest(AnyFunSuiteLike.scala:236)
[info]   at org.scalatest.funsuite.AnyFunSuiteLike.runTest$(AnyFunSuiteLike.scala:218)
[info]   at org.scalatest.funsuite.AnyFunSuite.runTest(AnyFunSuite.scala:1564)
[info]   at org.scalatest.funsuite.AnyFunSuiteLike.$anonfun$runTests$1(AnyFunSuiteLike.scala:269)
[info]   at org.scalatest.SuperEngine.$anonfun$runTestsInBranch$1(Engine.scala:413)
[info]   at scala.collection.immutable.List.foreach(List.scala:334)
[info]   at org.scalatest.SuperEngine.traverseSubNodes$1(Engine.scala:401)
[info]   at org.scalatest.SuperEngine.runTestsInBranch(Engine.scala:396)
[info]   at org.scalatest.SuperEngine.runTestsImpl(Engine.scala:475)
[info]   at org.scalatest.funsuite.AnyFunSuiteLike.runTests(AnyFunSuiteLike.scala:269)
[info]   at org.scalatest.funsuite.AnyFunSuiteLike.runTests$(AnyFunSuiteLike.scala:268)
[info]   at org.scalatest.funsuite.AnyFunSuite.runTests(AnyFunSuite.scala:1564)
[info]   at org.scalatest.Suite.run(Suite.scala:1114)
[info]   at org.scalatest.Suite.run$(Suite.scala:1096)
[info]   at org.scalatest.funsuite.AnyFunSuite.org$scalatest$funsuite$AnyFunSuiteLike$$super$run(AnyFunSuite.scala:1564)
[info]   at org.scalatest.funsuite.AnyFunSuiteLike.$anonfun$run$1(AnyFunSuiteLike.scala:273)
[info]   at org.scalatest.SuperEngine.runImpl(Engine.scala:535)
[info]   at org.scalatest.funsuite.AnyFunSuiteLike.run(AnyFunSuiteLike.scala:273)
[info]   at org.scalatest.funsuite.AnyFunSuiteLike.run$(AnyFunSuiteLike.scala:272)
[info]   at frameless.TypedDatasetSuite.org$scalatest$BeforeAndAfterAll$$super$run(TypedDatasetSuite.scala:63)
[info]   at org.scalatest.BeforeAndAfterAll.liftedTree1$1(BeforeAndAfterAll.scala:213)
[info]   at org.scalatest.BeforeAndAfterAll.run(BeforeAndAfterAll.scala:210)
[info]   at org.scalatest.BeforeAndAfterAll.run$(BeforeAndAfterAll.scala:208)
[info]   at frameless.TypedDatasetSuite.run(TypedDatasetSuite.scala:63)
[info]   at org.scalatest.tools.Framework.org$scalatest$tools$Framework$$runSuite(Framework.scala:321)
[info]   at org.scalatest.tools.Framework$ScalaTestTask.execute(Framework.scala:517)
[info]   at sbt.ForkMain$Run.lambda$runTest$1(ForkMain.java:414)
[info]   at java.base/java.util.concurrent.FutureTask.run(FutureTask.java:317)
[info]   at java.base/java.util.concurrent.ThreadPoolExecutor.runWorker(ThreadPoolExecutor.java:1144)
[info]   at java.base/java.util.concurrent.ThreadPoolExecutor$Worker.run(ThreadPoolExecutor.java:642)
[info]   at java.base/java.lang.Thread.run(Thread.java:1583)
[info]   Cause: java.lang.ClassCastException: Cannot cast scala.reflect.ClassTag$GenericClassTag to org.apache.spark.sql.catalyst.expressions.Expression
[info]   at java.base/java.lang.Class.cast(Class.java:4067)
[info]   at java.base/jdk.internal.reflect.DirectConstructorHandleAccessor.newInstance(DirectConstructorHandleAccessor.java:62)
[info]   at java.base/java.lang.reflect.Constructor.newInstanceWithCaller(Constructor.java:502)
[info]   at java.base/java.lang.reflect.Constructor.newInstance(Constructor.java:486)
[info]   at frameless.TypedExpressionEncoder$.$anonfun$apply$3(TypedExpressionEncoder.scala:55)
[info]   at scala.Option.map(Option.scala:242)
[info]   at frameless.TypedExpressionEncoder$.apply(TypedExpressionEncoder.scala:54)
[info]   at frameless.TypedDataset$.create(TypedDataset.scala:1325)
[info]   at frameless.SelectTests.prop$10(SelectTests.scala:253)
[info]   at frameless.SelectTests.$anonfun$new$305(SelectTests.scala:265)
[info]   at scala.Function1.$anonfun$andThen$1(Function1.scala:87)
[info]   at org.scalacheck.Prop$.$anonfun$forAllShrink$2(Prop.scala:868)
[info]   at org.scalacheck.Prop$.secure(Prop.scala:484)
[info]   at org.scalacheck.Prop$.result$1(Prop.scala:868)
[info]   at org.scalacheck.Prop$.$anonfun$forAllShrink$1(Prop.scala:915)
[info]   at org.scalacheck.Prop$.$anonfun$apply$1(Prop.scala:305)
[info]   at org.scalacheck.PropFromFun.apply(Prop.scala:20)
[info]   at org.scalacheck.Test$.workerFun$1(Test.scala:486)
[info]   at org.scalacheck.Test$.$anonfun$check$4(Test.scala:518)
[info]   at org.scalacheck.Test$.$anonfun$check$4$adapted(Test.scala:518)
[info]   at org.scalacheck.Platform$.runWorkers(Platform.scala:42)
[info]   at org.scalacheck.Test$.check(Test.scala:518)
[info]   at org.scalatestplus.scalacheck.UnitCheckerAsserting$CheckerAssertingImpl.check(CheckerAsserting.scala:90)
[info]   at org.scalatestplus.scalacheck.Checkers.check(Checkers.scala:371)
[info]   at org.scalatestplus.scalacheck.Checkers.check$(Checkers.scala:369)
[info]   at frameless.TypedDatasetSuite.check(TypedDatasetSuite.scala:63)
[info]   at frameless.SelectTests.$anonfun$new$293(SelectTests.scala:265)
[info]   at org.scalatest.OutcomeOf.outcomeOf(OutcomeOf.scala:85)
[info]   at org.scalatest.OutcomeOf.outcomeOf$(OutcomeOf.scala:83)
[info]   at org.scalatest.OutcomeOf$.outcomeOf(OutcomeOf.scala:104)
[info]   at org.scalatest.Transformer.apply(Transformer.scala:22)
[info]   at org.scalatest.Transformer.apply(Transformer.scala:20)
[info]   at org.scalatest.funsuite.AnyFunSuiteLike$$anon$1.apply(AnyFunSuiteLike.scala:226)
[info]   at org.scalatest.TestSuite.withFixture(TestSuite.scala:196)
[info]   at org.scalatest.TestSuite.withFixture$(TestSuite.scala:195)
[info]   at org.scalatest.funsuite.AnyFunSuite.withFixture(AnyFunSuite.scala:1564)
[info]   at org.scalatest.funsuite.AnyFunSuiteLike.invokeWithFixture$1(AnyFunSuiteLike.scala:224)
[info]   at org.scalatest.funsuite.AnyFunSuiteLike.$anonfun$runTest$1(AnyFunSuiteLike.scala:236)
[info]   at org.scalatest.SuperEngine.runTestImpl(Engine.scala:306)
[info]   at org.scalatest.funsuite.AnyFunSuiteLike.runTest(AnyFunSuiteLike.scala:236)
[info]   at org.scalatest.funsuite.AnyFunSuiteLike.runTest$(AnyFunSuiteLike.scala:218)
[info]   at org.scalatest.funsuite.AnyFunSuite.runTest(AnyFunSuite.scala:1564)
[info]   at org.scalatest.funsuite.AnyFunSuiteLike.$anonfun$runTests$1(AnyFunSuiteLike.scala:269)
[info]   at org.scalatest.SuperEngine.$anonfun$runTestsInBranch$1(Engine.scala:413)
[info]   at scala.collection.immutable.List.foreach(List.scala:334)
[info]   at org.scalatest.SuperEngine.traverseSubNodes$1(Engine.scala:401)
[info]   at org.scalatest.SuperEngine.runTestsInBranch(Engine.scala:396)
[info]   at org.scalatest.SuperEngine.runTestsImpl(Engine.scala:475)
[info]   at org.scalatest.funsuite.AnyFunSuiteLike.runTests(AnyFunSuiteLike.scala:269)
[info]   at org.scalatest.funsuite.AnyFunSuiteLike.runTests$(AnyFunSuiteLike.scala:268)
[info]   at org.scalatest.funsuite.AnyFunSuite.runTests(AnyFunSuite.scala:1564)
[info]   at org.scalatest.Suite.run(Suite.scala:1114)
[info]   at org.scalatest.Suite.run$(Suite.scala:1096)
[info]   at org.scalatest.funsuite.AnyFunSuite.org$scalatest$funsuite$AnyFunSuiteLike$$super$run(AnyFunSuite.scala:1564)
[info]   at org.scalatest.funsuite.AnyFunSuiteLike.$anonfun$run$1(AnyFunSuiteLike.scala:273)
[info]   at org.scalatest.SuperEngine.runImpl(Engine.scala:535)
[info]   at org.scalatest.funsuite.AnyFunSuiteLike.run(AnyFunSuiteLike.scala:273)
[info]   at org.scalatest.funsuite.AnyFunSuiteLike.run$(AnyFunSuiteLike.scala:272)
[info]   at frameless.TypedDatasetSuite.org$scalatest$BeforeAndAfterAll$$super$run(TypedDatasetSuite.scala:63)
[info]   at org.scalatest.BeforeAndAfterAll.liftedTree1$1(BeforeAndAfterAll.scala:213)
[info]   at org.scalatest.BeforeAndAfterAll.run(BeforeAndAfterAll.scala:210)
[info]   at org.scalatest.BeforeAndAfterAll.run$(BeforeAndAfterAll.scala:208)
[info]   at frameless.TypedDatasetSuite.run(TypedDatasetSuite.scala:63)
[info]   at org.scalatest.tools.Framework.org$scalatest$tools$Framework$$runSuite(Framework.scala:321)
[info]   at org.scalatest.tools.Framework$ScalaTestTask.execute(Framework.scala:517)
[info]   at sbt.ForkMain$Run.lambda$runTest$1(ForkMain.java:414)
[info]   at java.base/java.util.concurrent.FutureTask.run(FutureTask.java:317)
[info]   at java.base/java.util.concurrent.ThreadPoolExecutor.runWorker(ThreadPoolExecutor.java:1144)
[info]   at java.base/java.util.concurrent.ThreadPoolExecutor$Worker.run(ThreadPoolExecutor.java:642)
[info]   at java.base/java.lang.Thread.run(Thread.java:1583)
[info] - select('a.b) *** FAILED *** (6 milliseconds)
[info]   IllegalArgumentException was thrown during property evaluation.
[info]     Message: argument type mismatch
[info]     Occurred when passed generated values (
[info]       arg0 = Vector()
[info]     )
[info]   org.scalatest.exceptions.GeneratorDrivenPropertyCheckFailedException:
[info]   at org.scalatestplus.scalacheck.CheckerAsserting$$anon$2.indicateFailure(CheckerAsserting.scala:251)
[info]   at org.scalatestplus.scalacheck.CheckerAsserting$$anon$2.indicateFailure(CheckerAsserting.scala:238)
[info]   at org.scalatestplus.scalacheck.UnitCheckerAsserting$CheckerAssertingImpl.check(CheckerAsserting.scala:160)
[info]   at org.scalatestplus.scalacheck.Checkers.check(Checkers.scala:371)
[info]   at org.scalatestplus.scalacheck.Checkers.check$(Checkers.scala:369)
[info]   at frameless.TypedDatasetSuite.check(TypedDatasetSuite.scala:63)
[info]   at frameless.SelectTests.$anonfun$new$323(SelectTests.scala:286)
[info]   at org.scalatest.OutcomeOf.outcomeOf(OutcomeOf.scala:85)
[info]   at org.scalatest.OutcomeOf.outcomeOf$(OutcomeOf.scala:83)
[info]   at org.scalatest.OutcomeOf$.outcomeOf(OutcomeOf.scala:104)
[info]   at org.scalatest.Transformer.apply(Transformer.scala:22)
[info]   at org.scalatest.Transformer.apply(Transformer.scala:20)
[info]   at org.scalatest.funsuite.AnyFunSuiteLike$$anon$1.apply(AnyFunSuiteLike.scala:226)
[info]   at org.scalatest.TestSuite.withFixture(TestSuite.scala:196)
[info]   at org.scalatest.TestSuite.withFixture$(TestSuite.scala:195)
[info]   at org.scalatest.funsuite.AnyFunSuite.withFixture(AnyFunSuite.scala:1564)
[info]   at org.scalatest.funsuite.AnyFunSuiteLike.invokeWithFixture$1(AnyFunSuiteLike.scala:224)
[info]   at org.scalatest.funsuite.AnyFunSuiteLike.$anonfun$runTest$1(AnyFunSuiteLike.scala:236)
[info]   at org.scalatest.SuperEngine.runTestImpl(Engine.scala:306)
[info]   at org.scalatest.funsuite.AnyFunSuiteLike.runTest(AnyFunSuiteLike.scala:236)
[info]   at org.scalatest.funsuite.AnyFunSuiteLike.runTest$(AnyFunSuiteLike.scala:218)
[info]   at org.scalatest.funsuite.AnyFunSuite.runTest(AnyFunSuite.scala:1564)
[info]   at org.scalatest.funsuite.AnyFunSuiteLike.$anonfun$runTests$1(AnyFunSuiteLike.scala:269)
[info]   at org.scalatest.SuperEngine.$anonfun$runTestsInBranch$1(Engine.scala:413)
[info]   at scala.collection.immutable.List.foreach(List.scala:334)
[info]   at org.scalatest.SuperEngine.traverseSubNodes$1(Engine.scala:401)
[info]   at org.scalatest.SuperEngine.runTestsInBranch(Engine.scala:396)
[info]   at org.scalatest.SuperEngine.runTestsImpl(Engine.scala:475)
[info]   at org.scalatest.funsuite.AnyFunSuiteLike.runTests(AnyFunSuiteLike.scala:269)
[info]   at org.scalatest.funsuite.AnyFunSuiteLike.runTests$(AnyFunSuiteLike.scala:268)
[info]   at org.scalatest.funsuite.AnyFunSuite.runTests(AnyFunSuite.scala:1564)
[info]   at org.scalatest.Suite.run(Suite.scala:1114)
[info]   at org.scalatest.Suite.run$(Suite.scala:1096)
[info]   at org.scalatest.funsuite.AnyFunSuite.org$scalatest$funsuite$AnyFunSuiteLike$$super$run(AnyFunSuite.scala:1564)
[info]   at org.scalatest.funsuite.AnyFunSuiteLike.$anonfun$run$1(AnyFunSuiteLike.scala:273)
[info]   at org.scalatest.SuperEngine.runImpl(Engine.scala:535)
[info]   at org.scalatest.funsuite.AnyFunSuiteLike.run(AnyFunSuiteLike.scala:273)
[info]   at org.scalatest.funsuite.AnyFunSuiteLike.run$(AnyFunSuiteLike.scala:272)
[info]   at frameless.TypedDatasetSuite.org$scalatest$BeforeAndAfterAll$$super$run(TypedDatasetSuite.scala:63)
[info]   at org.scalatest.BeforeAndAfterAll.liftedTree1$1(BeforeAndAfterAll.scala:213)
[info]   at org.scalatest.BeforeAndAfterAll.run(BeforeAndAfterAll.scala:210)
[info]   at org.scalatest.BeforeAndAfterAll.run$(BeforeAndAfterAll.scala:208)
[info]   at frameless.TypedDatasetSuite.run(TypedDatasetSuite.scala:63)
[info]   at org.scalatest.tools.Framework.org$scalatest$tools$Framework$$runSuite(Framework.scala:321)
[info]   at org.scalatest.tools.Framework$ScalaTestTask.execute(Framework.scala:517)
[info]   at sbt.ForkMain$Run.lambda$runTest$1(ForkMain.java:414)
[info]   at java.base/java.util.concurrent.FutureTask.run(FutureTask.java:317)
[info]   at java.base/java.util.concurrent.ThreadPoolExecutor.runWorker(ThreadPoolExecutor.java:1144)
[info]   at java.base/java.util.concurrent.ThreadPoolExecutor$Worker.run(ThreadPoolExecutor.java:642)
[info]   at java.base/java.lang.Thread.run(Thread.java:1583)
[info]   Cause: java.lang.IllegalArgumentException: argument type mismatch
[info]   at java.base/jdk.internal.reflect.DirectConstructorHandleAccessor.newInstance(DirectConstructorHandleAccessor.java:65)
[info]   at java.base/java.lang.reflect.Constructor.newInstanceWithCaller(Constructor.java:502)
[info]   at java.base/java.lang.reflect.Constructor.newInstance(Constructor.java:486)
[info]   at frameless.TypedExpressionEncoder$.$anonfun$apply$3(TypedExpressionEncoder.scala:55)
[info]   at scala.Option.map(Option.scala:242)
[info]   at frameless.TypedExpressionEncoder$.apply(TypedExpressionEncoder.scala:54)
[info]   at frameless.TypedDataset$.create(TypedDataset.scala:1325)
[info]   at frameless.SelectTests.prop$11(SelectTests.scala:277)
[info]   at frameless.SelectTests.$anonfun$new$331(SelectTests.scala:286)
[info]   at scala.Function1.$anonfun$andThen$1(Function1.scala:87)
[info]   at org.scalacheck.Prop$.$anonfun$forAllShrink$2(Prop.scala:868)
[info]   at org.scalacheck.Prop$.secure(Prop.scala:484)
[info]   at org.scalacheck.Prop$.result$1(Prop.scala:868)
[info]   at org.scalacheck.Prop$.$anonfun$forAllShrink$1(Prop.scala:915)
[info]   at org.scalacheck.Prop$.$anonfun$apply$1(Prop.scala:305)
[info]   at org.scalacheck.PropFromFun.apply(Prop.scala:20)
[info]   at org.scalacheck.Test$.workerFun$1(Test.scala:486)
[info]   at org.scalacheck.Test$.$anonfun$check$4(Test.scala:518)
[info]   at org.scalacheck.Test$.$anonfun$check$4$adapted(Test.scala:518)
[info]   at org.scalacheck.Platform$.runWorkers(Platform.scala:42)
[info]   at org.scalacheck.Test$.check(Test.scala:518)
[info]   at org.scalatestplus.scalacheck.UnitCheckerAsserting$CheckerAssertingImpl.check(CheckerAsserting.scala:90)
[info]   at org.scalatestplus.scalacheck.Checkers.check(Checkers.scala:371)
[info]   at org.scalatestplus.scalacheck.Checkers.check$(Checkers.scala:369)
[info]   at frameless.TypedDatasetSuite.check(TypedDatasetSuite.scala:63)
[info]   at frameless.SelectTests.$anonfun$new$323(SelectTests.scala:286)
[info]   at org.scalatest.OutcomeOf.outcomeOf(OutcomeOf.scala:85)
[info]   at org.scalatest.OutcomeOf.outcomeOf$(OutcomeOf.scala:83)
[info]   at org.scalatest.OutcomeOf$.outcomeOf(OutcomeOf.scala:104)
[info]   at org.scalatest.Transformer.apply(Transformer.scala:22)
[info]   at org.scalatest.Transformer.apply(Transformer.scala:20)
[info]   at org.scalatest.funsuite.AnyFunSuiteLike$$anon$1.apply(AnyFunSuiteLike.scala:226)
[info]   at org.scalatest.TestSuite.withFixture(TestSuite.scala:196)
[info]   at org.scalatest.TestSuite.withFixture$(TestSuite.scala:195)
[info]   at org.scalatest.funsuite.AnyFunSuite.withFixture(AnyFunSuite.scala:1564)
[info]   at org.scalatest.funsuite.AnyFunSuiteLike.invokeWithFixture$1(AnyFunSuiteLike.scala:224)
[info]   at org.scalatest.funsuite.AnyFunSuiteLike.$anonfun$runTest$1(AnyFunSuiteLike.scala:236)
[info]   at org.scalatest.SuperEngine.runTestImpl(Engine.scala:306)
[info]   at org.scalatest.funsuite.AnyFunSuiteLike.runTest(AnyFunSuiteLike.scala:236)
[info]   at org.scalatest.funsuite.AnyFunSuiteLike.runTest$(AnyFunSuiteLike.scala:218)
[info]   at org.scalatest.funsuite.AnyFunSuite.runTest(AnyFunSuite.scala:1564)
[info]   at org.scalatest.funsuite.AnyFunSuiteLike.$anonfun$runTests$1(AnyFunSuiteLike.scala:269)
[info]   at org.scalatest.SuperEngine.$anonfun$runTestsInBranch$1(Engine.scala:413)
[info]   at scala.collection.immutable.List.foreach(List.scala:334)
[info]   at org.scalatest.SuperEngine.traverseSubNodes$1(Engine.scala:401)
[info]   at org.scalatest.SuperEngine.runTestsInBranch(Engine.scala:396)
[info]   at org.scalatest.SuperEngine.runTestsImpl(Engine.scala:475)
[info]   at org.scalatest.funsuite.AnyFunSuiteLike.runTests(AnyFunSuiteLike.scala:269)
[info]   at org.scalatest.funsuite.AnyFunSuiteLike.runTests$(AnyFunSuiteLike.scala:268)
[info]   at org.scalatest.funsuite.AnyFunSuite.runTests(AnyFunSuite.scala:1564)
[info]   at org.scalatest.Suite.run(Suite.scala:1114)
[info]   at org.scalatest.Suite.run$(Suite.scala:1096)
[info]   at org.scalatest.funsuite.AnyFunSuite.org$scalatest$funsuite$AnyFunSuiteLike$$super$run(AnyFunSuite.scala:1564)
[info]   at org.scalatest.funsuite.AnyFunSuiteLike.$anonfun$run$1(AnyFunSuiteLike.scala:273)
[info]   at org.scalatest.SuperEngine.runImpl(Engine.scala:535)
[info]   at org.scalatest.funsuite.AnyFunSuiteLike.run(AnyFunSuiteLike.scala:273)
[info]   at org.scalatest.funsuite.AnyFunSuiteLike.run$(AnyFunSuiteLike.scala:272)
[info]   at frameless.TypedDatasetSuite.org$scalatest$BeforeAndAfterAll$$super$run(TypedDatasetSuite.scala:63)
[info]   at org.scalatest.BeforeAndAfterAll.liftedTree1$1(BeforeAndAfterAll.scala:213)
[info]   at org.scalatest.BeforeAndAfterAll.run(BeforeAndAfterAll.scala:210)
[info]   at org.scalatest.BeforeAndAfterAll.run$(BeforeAndAfterAll.scala:208)
[info]   at frameless.TypedDatasetSuite.run(TypedDatasetSuite.scala:63)
[info]   at org.scalatest.tools.Framework.org$scalatest$tools$Framework$$runSuite(Framework.scala:321)
[info]   at org.scalatest.tools.Framework$ScalaTestTask.execute(Framework.scala:517)
[info]   at sbt.ForkMain$Run.lambda$runTest$1(ForkMain.java:414)
[info]   at java.base/java.util.concurrent.FutureTask.run(FutureTask.java:317)
[info]   at java.base/java.util.concurrent.ThreadPoolExecutor.runWorker(ThreadPoolExecutor.java:1144)
[info]   at java.base/java.util.concurrent.ThreadPoolExecutor$Worker.run(ThreadPoolExecutor.java:642)
[info]   at java.base/java.lang.Thread.run(Thread.java:1583)
[info]   Cause: java.lang.ClassCastException: Cannot cast scala.reflect.ClassTag$GenericClassTag to org.apache.spark.sql.catalyst.expressions.Expression
[info]   at java.base/java.lang.Class.cast(Class.java:4067)
[info]   at java.base/jdk.internal.reflect.DirectConstructorHandleAccessor.newInstance(DirectConstructorHandleAccessor.java:62)
[info]   at java.base/java.lang.reflect.Constructor.newInstanceWithCaller(Constructor.java:502)
[info]   at java.base/java.lang.reflect.Constructor.newInstance(Constructor.java:486)
[info]   at frameless.TypedExpressionEncoder$.$anonfun$apply$3(TypedExpressionEncoder.scala:55)
[info]   at scala.Option.map(Option.scala:242)
[info]   at frameless.TypedExpressionEncoder$.apply(TypedExpressionEncoder.scala:54)
[info]   at frameless.TypedDataset$.create(TypedDataset.scala:1325)
[info]   at frameless.SelectTests.prop$11(SelectTests.scala:277)
[info]   at frameless.SelectTests.$anonfun$new$331(SelectTests.scala:286)
[info]   at scala.Function1.$anonfun$andThen$1(Function1.scala:87)
[info]   at org.scalacheck.Prop$.$anonfun$forAllShrink$2(Prop.scala:868)
[info]   at org.scalacheck.Prop$.secure(Prop.scala:484)
[info]   at org.scalacheck.Prop$.result$1(Prop.scala:868)
[info]   at org.scalacheck.Prop$.$anonfun$forAllShrink$1(Prop.scala:915)
[info]   at org.scalacheck.Prop$.$anonfun$apply$1(Prop.scala:305)
[info]   at org.scalacheck.PropFromFun.apply(Prop.scala:20)
[info]   at org.scalacheck.Test$.workerFun$1(Test.scala:486)
[info]   at org.scalacheck.Test$.$anonfun$check$4(Test.scala:518)
[info]   at org.scalacheck.Test$.$anonfun$check$4$adapted(Test.scala:518)
[info]   at org.scalacheck.Platform$.runWorkers(Platform.scala:42)
[info]   at org.scalacheck.Test$.check(Test.scala:518)
[info]   at org.scalatestplus.scalacheck.UnitCheckerAsserting$CheckerAssertingImpl.check(CheckerAsserting.scala:90)
[info]   at org.scalatestplus.scalacheck.Checkers.check(Checkers.scala:371)
[info]   at org.scalatestplus.scalacheck.Checkers.check$(Checkers.scala:369)
[info]   at frameless.TypedDatasetSuite.check(TypedDatasetSuite.scala:63)
[info]   at frameless.SelectTests.$anonfun$new$323(SelectTests.scala:286)
[info]   at org.scalatest.OutcomeOf.outcomeOf(OutcomeOf.scala:85)
[info]   at org.scalatest.OutcomeOf.outcomeOf$(OutcomeOf.scala:83)
[info]   at org.scalatest.OutcomeOf$.outcomeOf(OutcomeOf.scala:104)
[info]   at org.scalatest.Transformer.apply(Transformer.scala:22)
[info]   at org.scalatest.Transformer.apply(Transformer.scala:20)
[info]   at org.scalatest.funsuite.AnyFunSuiteLike$$anon$1.apply(AnyFunSuiteLike.scala:226)
[info]   at org.scalatest.TestSuite.withFixture(TestSuite.scala:196)
[info]   at org.scalatest.TestSuite.withFixture$(TestSuite.scala:195)
[info]   at org.scalatest.funsuite.AnyFunSuite.withFixture(AnyFunSuite.scala:1564)
[info]   at org.scalatest.funsuite.AnyFunSuiteLike.invokeWithFixture$1(AnyFunSuiteLike.scala:224)
[info]   at org.scalatest.funsuite.AnyFunSuiteLike.$anonfun$runTest$1(AnyFunSuiteLike.scala:236)
[info]   at org.scalatest.SuperEngine.runTestImpl(Engine.scala:306)
[info]   at org.scalatest.funsuite.AnyFunSuiteLike.runTest(AnyFunSuiteLike.scala:236)
[info]   at org.scalatest.funsuite.AnyFunSuiteLike.runTest$(AnyFunSuiteLike.scala:218)
[info]   at org.scalatest.funsuite.AnyFunSuite.runTest(AnyFunSuite.scala:1564)
[info]   at org.scalatest.funsuite.AnyFunSuiteLike.$anonfun$runTests$1(AnyFunSuiteLike.scala:269)
[info]   at org.scalatest.SuperEngine.$anonfun$runTestsInBranch$1(Engine.scala:413)
[info]   at scala.collection.immutable.List.foreach(List.scala:334)
[info]   at org.scalatest.SuperEngine.traverseSubNodes$1(Engine.scala:401)
[info]   at org.scalatest.SuperEngine.runTestsInBranch(Engine.scala:396)
[info]   at org.scalatest.SuperEngine.runTestsImpl(Engine.scala:475)
[info]   at org.scalatest.funsuite.AnyFunSuiteLike.runTests(AnyFunSuiteLike.scala:269)
[info]   at org.scalatest.funsuite.AnyFunSuiteLike.runTests$(AnyFunSuiteLike.scala:268)
[info]   at org.scalatest.funsuite.AnyFunSuite.runTests(AnyFunSuite.scala:1564)
[info]   at org.scalatest.Suite.run(Suite.scala:1114)
[info]   at org.scalatest.Suite.run$(Suite.scala:1096)
[info]   at org.scalatest.funsuite.AnyFunSuite.org$scalatest$funsuite$AnyFunSuiteLike$$super$run(AnyFunSuite.scala:1564)
[info]   at org.scalatest.funsuite.AnyFunSuiteLike.$anonfun$run$1(AnyFunSuiteLike.scala:273)
[info]   at org.scalatest.SuperEngine.runImpl(Engine.scala:535)
[info]   at org.scalatest.funsuite.AnyFunSuiteLike.run(AnyFunSuiteLike.scala:273)
[info]   at org.scalatest.funsuite.AnyFunSuiteLike.run$(AnyFunSuiteLike.scala:272)
[info]   at frameless.TypedDatasetSuite.org$scalatest$BeforeAndAfterAll$$super$run(TypedDatasetSuite.scala:63)
[info]   at org.scalatest.BeforeAndAfterAll.liftedTree1$1(BeforeAndAfterAll.scala:213)
[info]   at org.scalatest.BeforeAndAfterAll.run(BeforeAndAfterAll.scala:210)
[info]   at org.scalatest.BeforeAndAfterAll.run$(BeforeAndAfterAll.scala:208)
[info]   at frameless.TypedDatasetSuite.run(TypedDatasetSuite.scala:63)
[info]   at org.scalatest.tools.Framework.org$scalatest$tools$Framework$$runSuite(Framework.scala:321)
[info]   at org.scalatest.tools.Framework$ScalaTestTask.execute(Framework.scala:517)
[info]   at sbt.ForkMain$Run.lambda$runTest$1(ForkMain.java:414)
[info]   at java.base/java.util.concurrent.FutureTask.run(FutureTask.java:317)
[info]   at java.base/java.util.concurrent.ThreadPoolExecutor.runWorker(ThreadPoolExecutor.java:1144)
[info]   at java.base/java.util.concurrent.ThreadPoolExecutor$Worker.run(ThreadPoolExecutor.java:642)
[info]   at java.base/java.lang.Thread.run(Thread.java:1583)
[info] - select with column expression addition *** FAILED *** (3 milliseconds)
[info]   IllegalArgumentException was thrown during property evaluation.
[info]     Message: argument type mismatch
[info]     Occurred when passed generated values (
[info]       arg0 = Vector(),
[info]       arg1 = 0 // 15 shrinks
[info]     )
[info]   org.scalatest.exceptions.GeneratorDrivenPropertyCheckFailedException:
[info]   at org.scalatestplus.scalacheck.CheckerAsserting$$anon$2.indicateFailure(CheckerAsserting.scala:251)
[info]   at org.scalatestplus.scalacheck.CheckerAsserting$$anon$2.indicateFailure(CheckerAsserting.scala:238)
[info]   at org.scalatestplus.scalacheck.UnitCheckerAsserting$CheckerAssertingImpl.check(CheckerAsserting.scala:160)
[info]   at org.scalatestplus.scalacheck.Checkers.check(Checkers.scala:371)
[info]   at org.scalatestplus.scalacheck.Checkers.check$(Checkers.scala:369)
[info]   at frameless.TypedDatasetSuite.check(TypedDatasetSuite.scala:63)
[info]   at frameless.SelectTests.$anonfun$new$337(SelectTests.scala:305)
[info]   at org.scalatest.OutcomeOf.outcomeOf(OutcomeOf.scala:85)
[info]   at org.scalatest.OutcomeOf.outcomeOf$(OutcomeOf.scala:83)
[info]   at org.scalatest.OutcomeOf$.outcomeOf(OutcomeOf.scala:104)
[info]   at org.scalatest.Transformer.apply(Transformer.scala:22)
[info]   at org.scalatest.Transformer.apply(Transformer.scala:20)
[info]   at org.scalatest.funsuite.AnyFunSuiteLike$$anon$1.apply(AnyFunSuiteLike.scala:226)
[info]   at org.scalatest.TestSuite.withFixture(TestSuite.scala:196)
[info]   at org.scalatest.TestSuite.withFixture$(TestSuite.scala:195)
[info]   at org.scalatest.funsuite.AnyFunSuite.withFixture(AnyFunSuite.scala:1564)
[info]   at org.scalatest.funsuite.AnyFunSuiteLike.invokeWithFixture$1(AnyFunSuiteLike.scala:224)
[info]   at org.scalatest.funsuite.AnyFunSuiteLike.$anonfun$runTest$1(AnyFunSuiteLike.scala:236)
[info]   at org.scalatest.SuperEngine.runTestImpl(Engine.scala:306)
[info]   at org.scalatest.funsuite.AnyFunSuiteLike.runTest(AnyFunSuiteLike.scala:236)
[info]   at org.scalatest.funsuite.AnyFunSuiteLike.runTest$(AnyFunSuiteLike.scala:218)
[info]   at org.scalatest.funsuite.AnyFunSuite.runTest(AnyFunSuite.scala:1564)
[info]   at org.scalatest.funsuite.AnyFunSuiteLike.$anonfun$runTests$1(AnyFunSuiteLike.scala:269)
[info]   at org.scalatest.SuperEngine.$anonfun$runTestsInBranch$1(Engine.scala:413)
[info]   at scala.collection.immutable.List.foreach(List.scala:334)
[info]   at org.scalatest.SuperEngine.traverseSubNodes$1(Engine.scala:401)
[info]   at org.scalatest.SuperEngine.runTestsInBranch(Engine.scala:396)
[info]   at org.scalatest.SuperEngine.runTestsImpl(Engine.scala:475)
[info]   at org.scalatest.funsuite.AnyFunSuiteLike.runTests(AnyFunSuiteLike.scala:269)
[info]   at org.scalatest.funsuite.AnyFunSuiteLike.runTests$(AnyFunSuiteLike.scala:268)
[info]   at org.scalatest.funsuite.AnyFunSuite.runTests(AnyFunSuite.scala:1564)
[info]   at org.scalatest.Suite.run(Suite.scala:1114)
[info]   at org.scalatest.Suite.run$(Suite.scala:1096)
[info]   at org.scalatest.funsuite.AnyFunSuite.org$scalatest$funsuite$AnyFunSuiteLike$$super$run(AnyFunSuite.scala:1564)
[info]   at org.scalatest.funsuite.AnyFunSuiteLike.$anonfun$run$1(AnyFunSuiteLike.scala:273)
[info]   at org.scalatest.SuperEngine.runImpl(Engine.scala:535)
[info]   at org.scalatest.funsuite.AnyFunSuiteLike.run(AnyFunSuiteLike.scala:273)
[info]   at org.scalatest.funsuite.AnyFunSuiteLike.run$(AnyFunSuiteLike.scala:272)
[info]   at frameless.TypedDatasetSuite.org$scalatest$BeforeAndAfterAll$$super$run(TypedDatasetSuite.scala:63)
[info]   at org.scalatest.BeforeAndAfterAll.liftedTree1$1(BeforeAndAfterAll.scala:213)
[info]   at org.scalatest.BeforeAndAfterAll.run(BeforeAndAfterAll.scala:210)
[info]   at org.scalatest.BeforeAndAfterAll.run$(BeforeAndAfterAll.scala:208)
[info]   at frameless.TypedDatasetSuite.run(TypedDatasetSuite.scala:63)
[info]   at org.scalatest.tools.Framework.org$scalatest$tools$Framework$$runSuite(Framework.scala:321)
[info]   at org.scalatest.tools.Framework$ScalaTestTask.execute(Framework.scala:517)
[info]   at sbt.ForkMain$Run.lambda$runTest$1(ForkMain.java:414)
[info]   at java.base/java.util.concurrent.FutureTask.run(FutureTask.java:317)
[info]   at java.base/java.util.concurrent.ThreadPoolExecutor.runWorker(ThreadPoolExecutor.java:1144)
[info]   at java.base/java.util.concurrent.ThreadPoolExecutor$Worker.run(ThreadPoolExecutor.java:642)
[info]   at java.base/java.lang.Thread.run(Thread.java:1583)
[info]   Cause: java.lang.IllegalArgumentException: argument type mismatch
[info]   at java.base/jdk.internal.reflect.DirectConstructorHandleAccessor.newInstance(DirectConstructorHandleAccessor.java:65)
[info]   at java.base/java.lang.reflect.Constructor.newInstanceWithCaller(Constructor.java:502)
[info]   at java.base/java.lang.reflect.Constructor.newInstance(Constructor.java:486)
[info]   at frameless.TypedExpressionEncoder$.$anonfun$apply$3(TypedExpressionEncoder.scala:55)
[info]   at scala.Option.map(Option.scala:242)
[info]   at frameless.TypedExpressionEncoder$.apply(TypedExpressionEncoder.scala:54)
[info]   at frameless.TypedDataset$.create(TypedDataset.scala:1325)
[info]   at frameless.SelectTests.prop$12(SelectTests.scala:297)
[info]   at frameless.SelectTests.$anonfun$new$343(SelectTests.scala:305)
[info]   at frameless.SelectTests.$anonfun$new$343$adapted(SelectTests.scala:305)
[info]   at org.scalacheck.Prop$.$anonfun$forAll$18(Prop.scala:1131)
[info]   at scala.Function1.$anonfun$andThen$1(Function1.scala:87)
[info]   at org.scalacheck.Prop$.$anonfun$forAllShrink$2(Prop.scala:868)
[info]   at org.scalacheck.Prop$.secure(Prop.scala:484)
[info]   at org.scalacheck.Prop$.result$1(Prop.scala:868)
[info]   at org.scalacheck.Prop$.$anonfun$forAllShrink$4(Prop.scala:880)
[info]   at scala.collection.immutable.Stream.map(Stream.scala:173)
[info]   at org.scalacheck.Prop$.getFirstFailure$1(Prop.scala:880)
[info]   at org.scalacheck.Prop$.shrinker$1(Prop.scala:895)
[info]   at org.scalacheck.Prop$.$anonfun$forAllShrink$1(Prop.scala:916)
[info]   at org.scalacheck.Prop$.$anonfun$apply$1(Prop.scala:305)
[info]   at org.scalacheck.PropFromFun.apply(Prop.scala:20)
[info]   at org.scalacheck.Prop$.result$1(Prop.scala:869)
[info]   at org.scalacheck.Prop$.$anonfun$forAllShrink$1(Prop.scala:915)
[info]   at org.scalacheck.Prop$.$anonfun$apply$1(Prop.scala:305)
[info]   at org.scalacheck.PropFromFun.apply(Prop.scala:20)
[info]   at org.scalacheck.Test$.workerFun$1(Test.scala:486)
[info]   at org.scalacheck.Test$.$anonfun$check$4(Test.scala:518)
[info]   at org.scalacheck.Test$.$anonfun$check$4$adapted(Test.scala:518)
[info]   at org.scalacheck.Platform$.runWorkers(Platform.scala:42)
[info]   at org.scalacheck.Test$.check(Test.scala:518)
[info]   at org.scalatestplus.scalacheck.UnitCheckerAsserting$CheckerAssertingImpl.check(CheckerAsserting.scala:90)
[info]   at org.scalatestplus.scalacheck.Checkers.check(Checkers.scala:371)
[info]   at org.scalatestplus.scalacheck.Checkers.check$(Checkers.scala:369)
[info]   at frameless.TypedDatasetSuite.check(TypedDatasetSuite.scala:63)
[info]   at frameless.SelectTests.$anonfun$new$337(SelectTests.scala:305)
[info]   at org.scalatest.OutcomeOf.outcomeOf(OutcomeOf.scala:85)
[info]   at org.scalatest.OutcomeOf.outcomeOf$(OutcomeOf.scala:83)
[info]   at org.scalatest.OutcomeOf$.outcomeOf(OutcomeOf.scala:104)
[info]   at org.scalatest.Transformer.apply(Transformer.scala:22)
[info]   at org.scalatest.Transformer.apply(Transformer.scala:20)
[info]   at org.scalatest.funsuite.AnyFunSuiteLike$$anon$1.apply(AnyFunSuiteLike.scala:226)
[info]   at org.scalatest.TestSuite.withFixture(TestSuite.scala:196)
[info]   at org.scalatest.TestSuite.withFixture$(TestSuite.scala:195)
[info]   at org.scalatest.funsuite.AnyFunSuite.withFixture(AnyFunSuite.scala:1564)
[info]   at org.scalatest.funsuite.AnyFunSuiteLike.invokeWithFixture$1(AnyFunSuiteLike.scala:224)
[info]   at org.scalatest.funsuite.AnyFunSuiteLike.$anonfun$runTest$1(AnyFunSuiteLike.scala:236)
[info]   at org.scalatest.SuperEngine.runTestImpl(Engine.scala:306)
[info]   at org.scalatest.funsuite.AnyFunSuiteLike.runTest(AnyFunSuiteLike.scala:236)
[info]   at org.scalatest.funsuite.AnyFunSuiteLike.runTest$(AnyFunSuiteLike.scala:218)
[info]   at org.scalatest.funsuite.AnyFunSuite.runTest(AnyFunSuite.scala:1564)
[info]   at org.scalatest.funsuite.AnyFunSuiteLike.$anonfun$runTests$1(AnyFunSuiteLike.scala:269)
[info]   at org.scalatest.SuperEngine.$anonfun$runTestsInBranch$1(Engine.scala:413)
[info]   at scala.collection.immutable.List.foreach(List.scala:334)
[info]   at org.scalatest.SuperEngine.traverseSubNodes$1(Engine.scala:401)
[info]   at org.scalatest.SuperEngine.runTestsInBranch(Engine.scala:396)
[info]   at org.scalatest.SuperEngine.runTestsImpl(Engine.scala:475)
[info]   at org.scalatest.funsuite.AnyFunSuiteLike.runTests(AnyFunSuiteLike.scala:269)
[info]   at org.scalatest.funsuite.AnyFunSuiteLike.runTests$(AnyFunSuiteLike.scala:268)
[info]   at org.scalatest.funsuite.AnyFunSuite.runTests(AnyFunSuite.scala:1564)
[info]   at org.scalatest.Suite.run(Suite.scala:1114)
[info]   at org.scalatest.Suite.run$(Suite.scala:1096)
[info]   at org.scalatest.funsuite.AnyFunSuite.org$scalatest$funsuite$AnyFunSuiteLike$$super$run(AnyFunSuite.scala:1564)
[info]   at org.scalatest.funsuite.AnyFunSuiteLike.$anonfun$run$1(AnyFunSuiteLike.scala:273)
[info]   at org.scalatest.SuperEngine.runImpl(Engine.scala:535)
[info]   at org.scalatest.funsuite.AnyFunSuiteLike.run(AnyFunSuiteLike.scala:273)
[info]   at org.scalatest.funsuite.AnyFunSuiteLike.run$(AnyFunSuiteLike.scala:272)
[info]   at frameless.TypedDatasetSuite.org$scalatest$BeforeAndAfterAll$$super$run(TypedDatasetSuite.scala:63)
[info]   at org.scalatest.BeforeAndAfterAll.liftedTree1$1(BeforeAndAfterAll.scala:213)
[info]   at org.scalatest.BeforeAndAfterAll.run(BeforeAndAfterAll.scala:210)
[info]   at org.scalatest.BeforeAndAfterAll.run$(BeforeAndAfterAll.scala:208)
[info]   at frameless.TypedDatasetSuite.run(TypedDatasetSuite.scala:63)
[info]   at org.scalatest.tools.Framework.org$scalatest$tools$Framework$$runSuite(Framework.scala:321)
[info]   at org.scalatest.tools.Framework$ScalaTestTask.execute(Framework.scala:517)
[info]   at sbt.ForkMain$Run.lambda$runTest$1(ForkMain.java:414)
[info]   at java.base/java.util.concurrent.FutureTask.run(FutureTask.java:317)
[info]   at java.base/java.util.concurrent.ThreadPoolExecutor.runWorker(ThreadPoolExecutor.java:1144)
[info]   at java.base/java.util.concurrent.ThreadPoolExecutor$Worker.run(ThreadPoolExecutor.java:642)
[info]   at java.base/java.lang.Thread.run(Thread.java:1583)
[info]   Cause: java.lang.ClassCastException: Cannot cast scala.reflect.ClassTag$GenericClassTag to org.apache.spark.sql.catalyst.expressions.Expression
[info]   at java.base/java.lang.Class.cast(Class.java:4067)
[info]   at java.base/jdk.internal.reflect.DirectConstructorHandleAccessor.newInstance(DirectConstructorHandleAccessor.java:62)
[info]   at java.base/java.lang.reflect.Constructor.newInstanceWithCaller(Constructor.java:502)
[info]   at java.base/java.lang.reflect.Constructor.newInstance(Constructor.java:486)
[info]   at frameless.TypedExpressionEncoder$.$anonfun$apply$3(TypedExpressionEncoder.scala:55)
[info]   at scala.Option.map(Option.scala:242)
[info]   at frameless.TypedExpressionEncoder$.apply(TypedExpressionEncoder.scala:54)
[info]   at frameless.TypedDataset$.create(TypedDataset.scala:1325)
[info]   at frameless.SelectTests.prop$12(SelectTests.scala:297)
[info]   at frameless.SelectTests.$anonfun$new$343(SelectTests.scala:305)
[info]   at frameless.SelectTests.$anonfun$new$343$adapted(SelectTests.scala:305)
[info]   at org.scalacheck.Prop$.$anonfun$forAll$18(Prop.scala:1131)
[info]   at scala.Function1.$anonfun$andThen$1(Function1.scala:87)
[info]   at org.scalacheck.Prop$.$anonfun$forAllShrink$2(Prop.scala:868)
[info]   at org.scalacheck.Prop$.secure(Prop.scala:484)
[info]   at org.scalacheck.Prop$.result$1(Prop.scala:868)
[info]   at org.scalacheck.Prop$.$anonfun$forAllShrink$4(Prop.scala:880)
[info]   at scala.collection.immutable.Stream.map(Stream.scala:173)
[info]   at org.scalacheck.Prop$.getFirstFailure$1(Prop.scala:880)
[info]   at org.scalacheck.Prop$.shrinker$1(Prop.scala:895)
[info]   at org.scalacheck.Prop$.$anonfun$forAllShrink$1(Prop.scala:916)
[info]   at org.scalacheck.Prop$.$anonfun$apply$1(Prop.scala:305)
[info]   at org.scalacheck.PropFromFun.apply(Prop.scala:20)
[info]   at org.scalacheck.Prop$.result$1(Prop.scala:869)
[info]   at org.scalacheck.Prop$.$anonfun$forAllShrink$1(Prop.scala:915)
[info]   at org.scalacheck.Prop$.$anonfun$apply$1(Prop.scala:305)
[info]   at org.scalacheck.PropFromFun.apply(Prop.scala:20)
[info]   at org.scalacheck.Test$.workerFun$1(Test.scala:486)
[info]   at org.scalacheck.Test$.$anonfun$check$4(Test.scala:518)
[info]   at org.scalacheck.Test$.$anonfun$check$4$adapted(Test.scala:518)
[info]   at org.scalacheck.Platform$.runWorkers(Platform.scala:42)
[info]   at org.scalacheck.Test$.check(Test.scala:518)
[info]   at org.scalatestplus.scalacheck.UnitCheckerAsserting$CheckerAssertingImpl.check(CheckerAsserting.scala:90)
[info]   at org.scalatestplus.scalacheck.Checkers.check(Checkers.scala:371)
[info]   at org.scalatestplus.scalacheck.Checkers.check$(Checkers.scala:369)
[info]   at frameless.TypedDatasetSuite.check(TypedDatasetSuite.scala:63)
[info]   at frameless.SelectTests.$anonfun$new$337(SelectTests.scala:305)
[info]   at org.scalatest.OutcomeOf.outcomeOf(OutcomeOf.scala:85)
[info]   at org.scalatest.OutcomeOf.outcomeOf$(OutcomeOf.scala:83)
[info]   at org.scalatest.OutcomeOf$.outcomeOf(OutcomeOf.scala:104)
[info]   at org.scalatest.Transformer.apply(Transformer.scala:22)
[info]   at org.scalatest.Transformer.apply(Transformer.scala:20)
[info]   at org.scalatest.funsuite.AnyFunSuiteLike$$anon$1.apply(AnyFunSuiteLike.scala:226)
[info]   at org.scalatest.TestSuite.withFixture(TestSuite.scala:196)
[info]   at org.scalatest.TestSuite.withFixture$(TestSuite.scala:195)
[info]   at org.scalatest.funsuite.AnyFunSuite.withFixture(AnyFunSuite.scala:1564)
[info]   at org.scalatest.funsuite.AnyFunSuiteLike.invokeWithFixture$1(AnyFunSuiteLike.scala:224)
[info]   at org.scalatest.funsuite.AnyFunSuiteLike.$anonfun$runTest$1(AnyFunSuiteLike.scala:236)
[info]   at org.scalatest.SuperEngine.runTestImpl(Engine.scala:306)
[info]   at org.scalatest.funsuite.AnyFunSuiteLike.runTest(AnyFunSuiteLike.scala:236)
[info]   at org.scalatest.funsuite.AnyFunSuiteLike.runTest$(AnyFunSuiteLike.scala:218)
[info]   at org.scalatest.funsuite.AnyFunSuite.runTest(AnyFunSuite.scala:1564)
[info]   at org.scalatest.funsuite.AnyFunSuiteLike.$anonfun$runTests$1(AnyFunSuiteLike.scala:269)
[info]   at org.scalatest.SuperEngine.$anonfun$runTestsInBranch$1(Engine.scala:413)
[info]   at scala.collection.immutable.List.foreach(List.scala:334)
[info]   at org.scalatest.SuperEngine.traverseSubNodes$1(Engine.scala:401)
[info]   at org.scalatest.SuperEngine.runTestsInBranch(Engine.scala:396)
[info]   at org.scalatest.SuperEngine.runTestsImpl(Engine.scala:475)
[info]   at org.scalatest.funsuite.AnyFunSuiteLike.runTests(AnyFunSuiteLike.scala:269)
[info]   at org.scalatest.funsuite.AnyFunSuiteLike.runTests$(AnyFunSuiteLike.scala:268)
[info]   at org.scalatest.funsuite.AnyFunSuite.runTests(AnyFunSuite.scala:1564)
[info]   at org.scalatest.Suite.run(Suite.scala:1114)
[info]   at org.scalatest.Suite.run$(Suite.scala:1096)
[info]   at org.scalatest.funsuite.AnyFunSuite.org$scalatest$funsuite$AnyFunSuiteLike$$super$run(AnyFunSuite.scala:1564)
[info]   at org.scalatest.funsuite.AnyFunSuiteLike.$anonfun$run$1(AnyFunSuiteLike.scala:273)
[info]   at org.scalatest.SuperEngine.runImpl(Engine.scala:535)
[info]   at org.scalatest.funsuite.AnyFunSuiteLike.run(AnyFunSuiteLike.scala:273)
[info]   at org.scalatest.funsuite.AnyFunSuiteLike.run$(AnyFunSuiteLike.scala:272)
[info]   at frameless.TypedDatasetSuite.org$scalatest$BeforeAndAfterAll$$super$run(TypedDatasetSuite.scala:63)
[info]   at org.scalatest.BeforeAndAfterAll.liftedTree1$1(BeforeAndAfterAll.scala:213)
[info]   at org.scalatest.BeforeAndAfterAll.run(BeforeAndAfterAll.scala:210)
[info]   at org.scalatest.BeforeAndAfterAll.run$(BeforeAndAfterAll.scala:208)
[info]   at frameless.TypedDatasetSuite.run(TypedDatasetSuite.scala:63)
[info]   at org.scalatest.tools.Framework.org$scalatest$tools$Framework$$runSuite(Framework.scala:321)
[info]   at org.scalatest.tools.Framework$ScalaTestTask.execute(Framework.scala:517)
[info]   at sbt.ForkMain$Run.lambda$runTest$1(ForkMain.java:414)
[info]   at java.base/java.util.concurrent.FutureTask.run(FutureTask.java:317)
[info]   at java.base/java.util.concurrent.ThreadPoolExecutor.runWorker(ThreadPoolExecutor.java:1144)
[info]   at java.base/java.util.concurrent.ThreadPoolExecutor$Worker.run(ThreadPoolExecutor.java:642)
[info]   at java.base/java.lang.Thread.run(Thread.java:1583)
[info] - select with column expression multiplication *** FAILED *** (5 milliseconds)
[info]   IllegalArgumentException was thrown during property evaluation.
[info]     Message: argument type mismatch
[info]     Occurred when passed generated values (
[info]       arg0 = Vector(),
[info]       arg1 = 0 // 15 shrinks
[info]     )
[info]   org.scalatest.exceptions.GeneratorDrivenPropertyCheckFailedException:
[info]   at org.scalatestplus.scalacheck.CheckerAsserting$$anon$2.indicateFailure(CheckerAsserting.scala:251)
[info]   at org.scalatestplus.scalacheck.CheckerAsserting$$anon$2.indicateFailure(CheckerAsserting.scala:238)
[info]   at org.scalatestplus.scalacheck.UnitCheckerAsserting$CheckerAssertingImpl.check(CheckerAsserting.scala:160)
[info]   at org.scalatestplus.scalacheck.Checkers.check(Checkers.scala:371)
[info]   at org.scalatestplus.scalacheck.Checkers.check$(Checkers.scala:369)
[info]   at frameless.TypedDatasetSuite.check(TypedDatasetSuite.scala:63)
[info]   at frameless.SelectTests.$anonfun$new$371(SelectTests.scala:327)
[info]   at org.scalatest.OutcomeOf.outcomeOf(OutcomeOf.scala:85)
[info]   at org.scalatest.OutcomeOf.outcomeOf$(OutcomeOf.scala:83)
[info]   at org.scalatest.OutcomeOf$.outcomeOf(OutcomeOf.scala:104)
[info]   at org.scalatest.Transformer.apply(Transformer.scala:22)
[info]   at org.scalatest.Transformer.apply(Transformer.scala:20)
[info]   at org.scalatest.funsuite.AnyFunSuiteLike$$anon$1.apply(AnyFunSuiteLike.scala:226)
[info]   at org.scalatest.TestSuite.withFixture(TestSuite.scala:196)
[info]   at org.scalatest.TestSuite.withFixture$(TestSuite.scala:195)
[info]   at org.scalatest.funsuite.AnyFunSuite.withFixture(AnyFunSuite.scala:1564)
[info]   at org.scalatest.funsuite.AnyFunSuiteLike.invokeWithFixture$1(AnyFunSuiteLike.scala:224)
[info]   at org.scalatest.funsuite.AnyFunSuiteLike.$anonfun$runTest$1(AnyFunSuiteLike.scala:236)
[info]   at org.scalatest.SuperEngine.runTestImpl(Engine.scala:306)
[info]   at org.scalatest.funsuite.AnyFunSuiteLike.runTest(AnyFunSuiteLike.scala:236)
[info]   at org.scalatest.funsuite.AnyFunSuiteLike.runTest$(AnyFunSuiteLike.scala:218)
[info]   at org.scalatest.funsuite.AnyFunSuite.runTest(AnyFunSuite.scala:1564)
[info]   at org.scalatest.funsuite.AnyFunSuiteLike.$anonfun$runTests$1(AnyFunSuiteLike.scala:269)
[info]   at org.scalatest.SuperEngine.$anonfun$runTestsInBranch$1(Engine.scala:413)
[info]   at scala.collection.immutable.List.foreach(List.scala:334)
[info]   at org.scalatest.SuperEngine.traverseSubNodes$1(Engine.scala:401)
[info]   at org.scalatest.SuperEngine.runTestsInBranch(Engine.scala:396)
[info]   at org.scalatest.SuperEngine.runTestsImpl(Engine.scala:475)
[info]   at org.scalatest.funsuite.AnyFunSuiteLike.runTests(AnyFunSuiteLike.scala:269)
[info]   at org.scalatest.funsuite.AnyFunSuiteLike.runTests$(AnyFunSuiteLike.scala:268)
[info]   at org.scalatest.funsuite.AnyFunSuite.runTests(AnyFunSuite.scala:1564)
[info]   at org.scalatest.Suite.run(Suite.scala:1114)
[info]   at org.scalatest.Suite.run$(Suite.scala:1096)
[info]   at org.scalatest.funsuite.AnyFunSuite.org$scalatest$funsuite$AnyFunSuiteLike$$super$run(AnyFunSuite.scala:1564)
[info]   at org.scalatest.funsuite.AnyFunSuiteLike.$anonfun$run$1(AnyFunSuiteLike.scala:273)
[info]   at org.scalatest.SuperEngine.runImpl(Engine.scala:535)
[info]   at org.scalatest.funsuite.AnyFunSuiteLike.run(AnyFunSuiteLike.scala:273)
[info]   at org.scalatest.funsuite.AnyFunSuiteLike.run$(AnyFunSuiteLike.scala:272)
[info]   at frameless.TypedDatasetSuite.org$scalatest$BeforeAndAfterAll$$super$run(TypedDatasetSuite.scala:63)
[info]   at org.scalatest.BeforeAndAfterAll.liftedTree1$1(BeforeAndAfterAll.scala:213)
[info]   at org.scalatest.BeforeAndAfterAll.run(BeforeAndAfterAll.scala:210)
[info]   at org.scalatest.BeforeAndAfterAll.run$(BeforeAndAfterAll.scala:208)
[info]   at frameless.TypedDatasetSuite.run(TypedDatasetSuite.scala:63)
[info]   at org.scalatest.tools.Framework.org$scalatest$tools$Framework$$runSuite(Framework.scala:321)
[info]   at org.scalatest.tools.Framework$ScalaTestTask.execute(Framework.scala:517)
[info]   at sbt.ForkMain$Run.lambda$runTest$1(ForkMain.java:414)
[info]   at java.base/java.util.concurrent.FutureTask.run(FutureTask.java:317)
[info]   at java.base/java.util.concurrent.ThreadPoolExecutor.runWorker(ThreadPoolExecutor.java:1144)
[info]   at java.base/java.util.concurrent.ThreadPoolExecutor$Worker.run(ThreadPoolExecutor.java:642)
[info]   at java.base/java.lang.Thread.run(Thread.java:1583)
[info]   Cause: java.lang.IllegalArgumentException: argument type mismatch
[info]   at java.base/jdk.internal.reflect.DirectConstructorHandleAccessor.newInstance(DirectConstructorHandleAccessor.java:65)
[info]   at java.base/java.lang.reflect.Constructor.newInstanceWithCaller(Constructor.java:502)
[info]   at java.base/java.lang.reflect.Constructor.newInstance(Constructor.java:486)
[info]   at frameless.TypedExpressionEncoder$.$anonfun$apply$3(TypedExpressionEncoder.scala:55)
[info]   at scala.Option.map(Option.scala:242)
[info]   at frameless.TypedExpressionEncoder$.apply(TypedExpressionEncoder.scala:54)
[info]   at frameless.TypedDataset$.create(TypedDataset.scala:1325)
[info]   at frameless.SelectTests.prop$13(SelectTests.scala:319)
[info]   at frameless.SelectTests.$anonfun$new$377(SelectTests.scala:327)
[info]   at frameless.SelectTests.$anonfun$new$377$adapted(SelectTests.scala:327)
[info]   at org.scalacheck.Prop$.$anonfun$forAll$18(Prop.scala:1131)
[info]   at scala.Function1.$anonfun$andThen$1(Function1.scala:87)
[info]   at org.scalacheck.Prop$.$anonfun$forAllShrink$2(Prop.scala:868)
[info]   at org.scalacheck.Prop$.secure(Prop.scala:484)
[info]   at org.scalacheck.Prop$.result$1(Prop.scala:868)
[info]   at org.scalacheck.Prop$.$anonfun$forAllShrink$4(Prop.scala:880)
[info]   at scala.collection.immutable.Stream.map(Stream.scala:173)
[info]   at org.scalacheck.Prop$.getFirstFailure$1(Prop.scala:880)
[info]   at org.scalacheck.Prop$.shrinker$1(Prop.scala:895)
[info]   at org.scalacheck.Prop$.$anonfun$forAllShrink$1(Prop.scala:916)
[info]   at org.scalacheck.Prop$.$anonfun$apply$1(Prop.scala:305)
[info]   at org.scalacheck.PropFromFun.apply(Prop.scala:20)
[info]   at org.scalacheck.Prop$.result$1(Prop.scala:869)
[info]   at org.scalacheck.Prop$.$anonfun$forAllShrink$1(Prop.scala:915)
[info]   at org.scalacheck.Prop$.$anonfun$apply$1(Prop.scala:305)
[info]   at org.scalacheck.PropFromFun.apply(Prop.scala:20)
[info]   at org.scalacheck.Test$.workerFun$1(Test.scala:486)
[info]   at org.scalacheck.Test$.$anonfun$check$4(Test.scala:518)
[info]   at org.scalacheck.Test$.$anonfun$check$4$adapted(Test.scala:518)
[info]   at org.scalacheck.Platform$.runWorkers(Platform.scala:42)
[info]   at org.scalacheck.Test$.check(Test.scala:518)
[info]   at org.scalatestplus.scalacheck.UnitCheckerAsserting$CheckerAssertingImpl.check(CheckerAsserting.scala:90)
[info]   at org.scalatestplus.scalacheck.Checkers.check(Checkers.scala:371)
[info]   at org.scalatestplus.scalacheck.Checkers.check$(Checkers.scala:369)
[info]   at frameless.TypedDatasetSuite.check(TypedDatasetSuite.scala:63)
[info]   at frameless.SelectTests.$anonfun$new$371(SelectTests.scala:327)
[info]   at org.scalatest.OutcomeOf.outcomeOf(OutcomeOf.scala:85)
[info]   at org.scalatest.OutcomeOf.outcomeOf$(OutcomeOf.scala:83)
[info]   at org.scalatest.OutcomeOf$.outcomeOf(OutcomeOf.scala:104)
[info]   at org.scalatest.Transformer.apply(Transformer.scala:22)
[info]   at org.scalatest.Transformer.apply(Transformer.scala:20)
[info]   at org.scalatest.funsuite.AnyFunSuiteLike$$anon$1.apply(AnyFunSuiteLike.scala:226)
[info]   at org.scalatest.TestSuite.withFixture(TestSuite.scala:196)
[info]   at org.scalatest.TestSuite.withFixture$(TestSuite.scala:195)
[info]   at org.scalatest.funsuite.AnyFunSuite.withFixture(AnyFunSuite.scala:1564)
[info]   at org.scalatest.funsuite.AnyFunSuiteLike.invokeWithFixture$1(AnyFunSuiteLike.scala:224)
[info]   at org.scalatest.funsuite.AnyFunSuiteLike.$anonfun$runTest$1(AnyFunSuiteLike.scala:236)
[info]   at org.scalatest.SuperEngine.runTestImpl(Engine.scala:306)
[info]   at org.scalatest.funsuite.AnyFunSuiteLike.runTest(AnyFunSuiteLike.scala:236)
[info]   at org.scalatest.funsuite.AnyFunSuiteLike.runTest$(AnyFunSuiteLike.scala:218)
[info]   at org.scalatest.funsuite.AnyFunSuite.runTest(AnyFunSuite.scala:1564)
[info]   at org.scalatest.funsuite.AnyFunSuiteLike.$anonfun$runTests$1(AnyFunSuiteLike.scala:269)
[info]   at org.scalatest.SuperEngine.$anonfun$runTestsInBranch$1(Engine.scala:413)
[info]   at scala.collection.immutable.List.foreach(List.scala:334)
[info]   at org.scalatest.SuperEngine.traverseSubNodes$1(Engine.scala:401)
[info]   at org.scalatest.SuperEngine.runTestsInBranch(Engine.scala:396)
[info]   at org.scalatest.SuperEngine.runTestsImpl(Engine.scala:475)
[info]   at org.scalatest.funsuite.AnyFunSuiteLike.runTests(AnyFunSuiteLike.scala:269)
[info]   at org.scalatest.funsuite.AnyFunSuiteLike.runTests$(AnyFunSuiteLike.scala:268)
[info]   at org.scalatest.funsuite.AnyFunSuite.runTests(AnyFunSuite.scala:1564)
[info]   at org.scalatest.Suite.run(Suite.scala:1114)
[info]   at org.scalatest.Suite.run$(Suite.scala:1096)
[info]   at org.scalatest.funsuite.AnyFunSuite.org$scalatest$funsuite$AnyFunSuiteLike$$super$run(AnyFunSuite.scala:1564)
[info]   at org.scalatest.funsuite.AnyFunSuiteLike.$anonfun$run$1(AnyFunSuiteLike.scala:273)
[info]   at org.scalatest.SuperEngine.runImpl(Engine.scala:535)
[info]   at org.scalatest.funsuite.AnyFunSuiteLike.run(AnyFunSuiteLike.scala:273)
[info]   at org.scalatest.funsuite.AnyFunSuiteLike.run$(AnyFunSuiteLike.scala:272)
[info]   at frameless.TypedDatasetSuite.org$scalatest$BeforeAndAfterAll$$super$run(TypedDatasetSuite.scala:63)
[info]   at org.scalatest.BeforeAndAfterAll.liftedTree1$1(BeforeAndAfterAll.scala:213)
[info]   at org.scalatest.BeforeAndAfterAll.run(BeforeAndAfterAll.scala:210)
[info]   at org.scalatest.BeforeAndAfterAll.run$(BeforeAndAfterAll.scala:208)
[info]   at frameless.TypedDatasetSuite.run(TypedDatasetSuite.scala:63)
[info]   at org.scalatest.tools.Framework.org$scalatest$tools$Framework$$runSuite(Framework.scala:321)
[info]   at org.scalatest.tools.Framework$ScalaTestTask.execute(Framework.scala:517)
[info]   at sbt.ForkMain$Run.lambda$runTest$1(ForkMain.java:414)
[info]   at java.base/java.util.concurrent.FutureTask.run(FutureTask.java:317)
[info]   at java.base/java.util.concurrent.ThreadPoolExecutor.runWorker(ThreadPoolExecutor.java:1144)
[info]   at java.base/java.util.concurrent.ThreadPoolExecutor$Worker.run(ThreadPoolExecutor.java:642)
[info]   at java.base/java.lang.Thread.run(Thread.java:1583)
[info]   Cause: java.lang.ClassCastException: Cannot cast scala.reflect.ClassTag$GenericClassTag to org.apache.spark.sql.catalyst.expressions.Expression
[info]   at java.base/java.lang.Class.cast(Class.java:4067)
[info]   at java.base/jdk.internal.reflect.DirectConstructorHandleAccessor.newInstance(DirectConstructorHandleAccessor.java:62)
[info]   at java.base/java.lang.reflect.Constructor.newInstanceWithCaller(Constructor.java:502)
[info]   at java.base/java.lang.reflect.Constructor.newInstance(Constructor.java:486)
[info]   at frameless.TypedExpressionEncoder$.$anonfun$apply$3(TypedExpressionEncoder.scala:55)
[info]   at scala.Option.map(Option.scala:242)
[info]   at frameless.TypedExpressionEncoder$.apply(TypedExpressionEncoder.scala:54)
[info]   at frameless.TypedDataset$.create(TypedDataset.scala:1325)
[info]   at frameless.SelectTests.prop$13(SelectTests.scala:319)
[info]   at frameless.SelectTests.$anonfun$new$377(SelectTests.scala:327)
[info]   at frameless.SelectTests.$anonfun$new$377$adapted(SelectTests.scala:327)
[info]   at org.scalacheck.Prop$.$anonfun$forAll$18(Prop.scala:1131)
[info]   at scala.Function1.$anonfun$andThen$1(Function1.scala:87)
[info]   at org.scalacheck.Prop$.$anonfun$forAllShrink$2(Prop.scala:868)
[info]   at org.scalacheck.Prop$.secure(Prop.scala:484)
[info]   at org.scalacheck.Prop$.result$1(Prop.scala:868)
[info]   at org.scalacheck.Prop$.$anonfun$forAllShrink$4(Prop.scala:880)
[info]   at scala.collection.immutable.Stream.map(Stream.scala:173)
[info]   at org.scalacheck.Prop$.getFirstFailure$1(Prop.scala:880)
[info]   at org.scalacheck.Prop$.shrinker$1(Prop.scala:895)
[info]   at org.scalacheck.Prop$.$anonfun$forAllShrink$1(Prop.scala:916)
[info]   at org.scalacheck.Prop$.$anonfun$apply$1(Prop.scala:305)
[info]   at org.scalacheck.PropFromFun.apply(Prop.scala:20)
[info]   at org.scalacheck.Prop$.result$1(Prop.scala:869)
[info]   at org.scalacheck.Prop$.$anonfun$forAllShrink$1(Prop.scala:915)
[info]   at org.scalacheck.Prop$.$anonfun$apply$1(Prop.scala:305)
[info]   at org.scalacheck.PropFromFun.apply(Prop.scala:20)
[info]   at org.scalacheck.Test$.workerFun$1(Test.scala:486)
[info]   at org.scalacheck.Test$.$anonfun$check$4(Test.scala:518)
[info]   at org.scalacheck.Test$.$anonfun$check$4$adapted(Test.scala:518)
[info]   at org.scalacheck.Platform$.runWorkers(Platform.scala:42)
[info]   at org.scalacheck.Test$.check(Test.scala:518)
[info]   at org.scalatestplus.scalacheck.UnitCheckerAsserting$CheckerAssertingImpl.check(CheckerAsserting.scala:90)
[info]   at org.scalatestplus.scalacheck.Checkers.check(Checkers.scala:371)
[info]   at org.scalatestplus.scalacheck.Checkers.check$(Checkers.scala:369)
[info]   at frameless.TypedDatasetSuite.check(TypedDatasetSuite.scala:63)
[info]   at frameless.SelectTests.$anonfun$new$371(SelectTests.scala:327)
[info]   at org.scalatest.OutcomeOf.outcomeOf(OutcomeOf.scala:85)
[info]   at org.scalatest.OutcomeOf.outcomeOf$(OutcomeOf.scala:83)
[info]   at org.scalatest.OutcomeOf$.outcomeOf(OutcomeOf.scala:104)
[info]   at org.scalatest.Transformer.apply(Transformer.scala:22)
[info]   at org.scalatest.Transformer.apply(Transformer.scala:20)
[info]   at org.scalatest.funsuite.AnyFunSuiteLike$$anon$1.apply(AnyFunSuiteLike.scala:226)
[info]   at org.scalatest.TestSuite.withFixture(TestSuite.scala:196)
[info]   at org.scalatest.TestSuite.withFixture$(TestSuite.scala:195)
[info]   at org.scalatest.funsuite.AnyFunSuite.withFixture(AnyFunSuite.scala:1564)
[info]   at org.scalatest.funsuite.AnyFunSuiteLike.invokeWithFixture$1(AnyFunSuiteLike.scala:224)
[info]   at org.scalatest.funsuite.AnyFunSuiteLike.$anonfun$runTest$1(AnyFunSuiteLike.scala:236)
[info]   at org.scalatest.SuperEngine.runTestImpl(Engine.scala:306)
[info]   at org.scalatest.funsuite.AnyFunSuiteLike.runTest(AnyFunSuiteLike.scala:236)
[info]   at org.scalatest.funsuite.AnyFunSuiteLike.runTest$(AnyFunSuiteLike.scala:218)
[info]   at org.scalatest.funsuite.AnyFunSuite.runTest(AnyFunSuite.scala:1564)
[info]   at org.scalatest.funsuite.AnyFunSuiteLike.$anonfun$runTests$1(AnyFunSuiteLike.scala:269)
[info]   at org.scalatest.SuperEngine.$anonfun$runTestsInBranch$1(Engine.scala:413)
[info]   at scala.collection.immutable.List.foreach(List.scala:334)
[info]   at org.scalatest.SuperEngine.traverseSubNodes$1(Engine.scala:401)
[info]   at org.scalatest.SuperEngine.runTestsInBranch(Engine.scala:396)
[info]   at org.scalatest.SuperEngine.runTestsImpl(Engine.scala:475)
[info]   at org.scalatest.funsuite.AnyFunSuiteLike.runTests(AnyFunSuiteLike.scala:269)
[info]   at org.scalatest.funsuite.AnyFunSuiteLike.runTests$(AnyFunSuiteLike.scala:268)
[info]   at org.scalatest.funsuite.AnyFunSuite.runTests(AnyFunSuite.scala:1564)
[info]   at org.scalatest.Suite.run(Suite.scala:1114)
[info]   at org.scalatest.Suite.run$(Suite.scala:1096)
[info]   at org.scalatest.funsuite.AnyFunSuite.org$scalatest$funsuite$AnyFunSuiteLike$$super$run(AnyFunSuite.scala:1564)
[info]   at org.scalatest.funsuite.AnyFunSuiteLike.$anonfun$run$1(AnyFunSuiteLike.scala:273)
[info]   at org.scalatest.SuperEngine.runImpl(Engine.scala:535)
[info]   at org.scalatest.funsuite.AnyFunSuiteLike.run(AnyFunSuiteLike.scala:273)
[info]   at org.scalatest.funsuite.AnyFunSuiteLike.run$(AnyFunSuiteLike.scala:272)
[info]   at frameless.TypedDatasetSuite.org$scalatest$BeforeAndAfterAll$$super$run(TypedDatasetSuite.scala:63)
[info]   at org.scalatest.BeforeAndAfterAll.liftedTree1$1(BeforeAndAfterAll.scala:213)
[info]   at org.scalatest.BeforeAndAfterAll.run(BeforeAndAfterAll.scala:210)
[info]   at org.scalatest.BeforeAndAfterAll.run$(BeforeAndAfterAll.scala:208)
[info]   at frameless.TypedDatasetSuite.run(TypedDatasetSuite.scala:63)
[info]   at org.scalatest.tools.Framework.org$scalatest$tools$Framework$$runSuite(Framework.scala:321)
[info]   at org.scalatest.tools.Framework$ScalaTestTask.execute(Framework.scala:517)
[info]   at sbt.ForkMain$Run.lambda$runTest$1(ForkMain.java:414)
[info]   at java.base/java.util.concurrent.FutureTask.run(FutureTask.java:317)
[info]   at java.base/java.util.concurrent.ThreadPoolExecutor.runWorker(ThreadPoolExecutor.java:1144)
[info]   at java.base/java.util.concurrent.ThreadPoolExecutor$Worker.run(ThreadPoolExecutor.java:642)
[info]   at java.base/java.lang.Thread.run(Thread.java:1583)
[info] - select with column expression subtraction *** FAILED *** (2 milliseconds)
[info]   IllegalArgumentException was thrown during property evaluation.
[info]     Message: argument type mismatch
[info]     Occurred when passed generated values (
[info]       arg0 = Vector(),
[info]       arg1 = 0 // 1 shrink
[info]     )
[info]   org.scalatest.exceptions.GeneratorDrivenPropertyCheckFailedException:
[info]   at org.scalatestplus.scalacheck.CheckerAsserting$$anon$2.indicateFailure(CheckerAsserting.scala:251)
[info]   at org.scalatestplus.scalacheck.CheckerAsserting$$anon$2.indicateFailure(CheckerAsserting.scala:238)
[info]   at org.scalatestplus.scalacheck.UnitCheckerAsserting$CheckerAssertingImpl.check(CheckerAsserting.scala:160)
[info]   at org.scalatestplus.scalacheck.Checkers.check(Checkers.scala:371)
[info]   at org.scalatestplus.scalacheck.Checkers.check$(Checkers.scala:369)
[info]   at frameless.TypedDatasetSuite.check(TypedDatasetSuite.scala:63)
[info]   at frameless.SelectTests.$anonfun$new$405(SelectTests.scala:349)
[info]   at org.scalatest.OutcomeOf.outcomeOf(OutcomeOf.scala:85)
[info]   at org.scalatest.OutcomeOf.outcomeOf$(OutcomeOf.scala:83)
[info]   at org.scalatest.OutcomeOf$.outcomeOf(OutcomeOf.scala:104)
[info]   at org.scalatest.Transformer.apply(Transformer.scala:22)
[info]   at org.scalatest.Transformer.apply(Transformer.scala:20)
[info]   at org.scalatest.funsuite.AnyFunSuiteLike$$anon$1.apply(AnyFunSuiteLike.scala:226)
[info]   at org.scalatest.TestSuite.withFixture(TestSuite.scala:196)
[info]   at org.scalatest.TestSuite.withFixture$(TestSuite.scala:195)
[info]   at org.scalatest.funsuite.AnyFunSuite.withFixture(AnyFunSuite.scala:1564)
[info]   at org.scalatest.funsuite.AnyFunSuiteLike.invokeWithFixture$1(AnyFunSuiteLike.scala:224)
[info]   at org.scalatest.funsuite.AnyFunSuiteLike.$anonfun$runTest$1(AnyFunSuiteLike.scala:236)
[info]   at org.scalatest.SuperEngine.runTestImpl(Engine.scala:306)
[info]   at org.scalatest.funsuite.AnyFunSuiteLike.runTest(AnyFunSuiteLike.scala:236)
[info]   at org.scalatest.funsuite.AnyFunSuiteLike.runTest$(AnyFunSuiteLike.scala:218)
[info]   at org.scalatest.funsuite.AnyFunSuite.runTest(AnyFunSuite.scala:1564)
[info]   at org.scalatest.funsuite.AnyFunSuiteLike.$anonfun$runTests$1(AnyFunSuiteLike.scala:269)
[info]   at org.scalatest.SuperEngine.$anonfun$runTestsInBranch$1(Engine.scala:413)
[info]   at scala.collection.immutable.List.foreach(List.scala:334)
[info]   at org.scalatest.SuperEngine.traverseSubNodes$1(Engine.scala:401)
[info]   at org.scalatest.SuperEngine.runTestsInBranch(Engine.scala:396)
[info]   at org.scalatest.SuperEngine.runTestsImpl(Engine.scala:475)
[info]   at org.scalatest.funsuite.AnyFunSuiteLike.runTests(AnyFunSuiteLike.scala:269)
[info]   at org.scalatest.funsuite.AnyFunSuiteLike.runTests$(AnyFunSuiteLike.scala:268)
[info]   at org.scalatest.funsuite.AnyFunSuite.runTests(AnyFunSuite.scala:1564)
[info]   at org.scalatest.Suite.run(Suite.scala:1114)
[info]   at org.scalatest.Suite.run$(Suite.scala:1096)
[info]   at org.scalatest.funsuite.AnyFunSuite.org$scalatest$funsuite$AnyFunSuiteLike$$super$run(AnyFunSuite.scala:1564)
[info]   at org.scalatest.funsuite.AnyFunSuiteLike.$anonfun$run$1(AnyFunSuiteLike.scala:273)
[info]   at org.scalatest.SuperEngine.runImpl(Engine.scala:535)
[info]   at org.scalatest.funsuite.AnyFunSuiteLike.run(AnyFunSuiteLike.scala:273)
[info]   at org.scalatest.funsuite.AnyFunSuiteLike.run$(AnyFunSuiteLike.scala:272)
[info]   at frameless.TypedDatasetSuite.org$scalatest$BeforeAndAfterAll$$super$run(TypedDatasetSuite.scala:63)
[info]   at org.scalatest.BeforeAndAfterAll.liftedTree1$1(BeforeAndAfterAll.scala:213)
[info]   at org.scalatest.BeforeAndAfterAll.run(BeforeAndAfterAll.scala:210)
[info]   at org.scalatest.BeforeAndAfterAll.run$(BeforeAndAfterAll.scala:208)
[info]   at frameless.TypedDatasetSuite.run(TypedDatasetSuite.scala:63)
[info]   at org.scalatest.tools.Framework.org$scalatest$tools$Framework$$runSuite(Framework.scala:321)
[info]   at org.scalatest.tools.Framework$ScalaTestTask.execute(Framework.scala:517)
[info]   at sbt.ForkMain$Run.lambda$runTest$1(ForkMain.java:414)
[info]   at java.base/java.util.concurrent.FutureTask.run(FutureTask.java:317)
[info]   at java.base/java.util.concurrent.ThreadPoolExecutor.runWorker(ThreadPoolExecutor.java:1144)
[info]   at java.base/java.util.concurrent.ThreadPoolExecutor$Worker.run(ThreadPoolExecutor.java:642)
[info]   at java.base/java.lang.Thread.run(Thread.java:1583)
[info]   Cause: java.lang.IllegalArgumentException: argument type mismatch
[info]   at java.base/jdk.internal.reflect.DirectConstructorHandleAccessor.newInstance(DirectConstructorHandleAccessor.java:65)
[info]   at java.base/java.lang.reflect.Constructor.newInstanceWithCaller(Constructor.java:502)
[info]   at java.base/java.lang.reflect.Constructor.newInstance(Constructor.java:486)
[info]   at frameless.TypedExpressionEncoder$.$anonfun$apply$3(TypedExpressionEncoder.scala:55)
[info]   at scala.Option.map(Option.scala:242)
[info]   at frameless.TypedExpressionEncoder$.apply(TypedExpressionEncoder.scala:54)
[info]   at frameless.TypedDataset$.create(TypedDataset.scala:1325)
[info]   at frameless.SelectTests.prop$14(SelectTests.scala:341)
[info]   at frameless.SelectTests.$anonfun$new$411(SelectTests.scala:349)
[info]   at frameless.SelectTests.$anonfun$new$411$adapted(SelectTests.scala:349)
[info]   at org.scalacheck.Prop$.$anonfun$forAll$18(Prop.scala:1131)
[info]   at scala.Function1.$anonfun$andThen$1(Function1.scala:87)
[info]   at org.scalacheck.Prop$.$anonfun$forAllShrink$2(Prop.scala:868)
[info]   at org.scalacheck.Prop$.secure(Prop.scala:484)
[info]   at org.scalacheck.Prop$.result$1(Prop.scala:868)
[info]   at org.scalacheck.Prop$.$anonfun$forAllShrink$4(Prop.scala:880)
[info]   at scala.collection.immutable.Stream.map(Stream.scala:173)
[info]   at org.scalacheck.Prop$.getFirstFailure$1(Prop.scala:880)
[info]   at org.scalacheck.Prop$.shrinker$1(Prop.scala:895)
[info]   at org.scalacheck.Prop$.$anonfun$forAllShrink$1(Prop.scala:916)
[info]   at org.scalacheck.Prop$.$anonfun$apply$1(Prop.scala:305)
[info]   at org.scalacheck.PropFromFun.apply(Prop.scala:20)
[info]   at org.scalacheck.Prop$.result$1(Prop.scala:869)
[info]   at org.scalacheck.Prop$.$anonfun$forAllShrink$1(Prop.scala:915)
[info]   at org.scalacheck.Prop$.$anonfun$apply$1(Prop.scala:305)
[info]   at org.scalacheck.PropFromFun.apply(Prop.scala:20)
[info]   at org.scalacheck.Test$.workerFun$1(Test.scala:486)
[info]   at org.scalacheck.Test$.$anonfun$check$4(Test.scala:518)
[info]   at org.scalacheck.Test$.$anonfun$check$4$adapted(Test.scala:518)
[info]   at org.scalacheck.Platform$.runWorkers(Platform.scala:42)
[info]   at org.scalacheck.Test$.check(Test.scala:518)
[info]   at org.scalatestplus.scalacheck.UnitCheckerAsserting$CheckerAssertingImpl.check(CheckerAsserting.scala:90)
[info]   at org.scalatestplus.scalacheck.Checkers.check(Checkers.scala:371)
[info]   at org.scalatestplus.scalacheck.Checkers.check$(Checkers.scala:369)
[info]   at frameless.TypedDatasetSuite.check(TypedDatasetSuite.scala:63)
[info]   at frameless.SelectTests.$anonfun$new$405(SelectTests.scala:349)
[info]   at org.scalatest.OutcomeOf.outcomeOf(OutcomeOf.scala:85)
[info]   at org.scalatest.OutcomeOf.outcomeOf$(OutcomeOf.scala:83)
[info]   at org.scalatest.OutcomeOf$.outcomeOf(OutcomeOf.scala:104)
[info]   at org.scalatest.Transformer.apply(Transformer.scala:22)
[info]   at org.scalatest.Transformer.apply(Transformer.scala:20)
[info]   at org.scalatest.funsuite.AnyFunSuiteLike$$anon$1.apply(AnyFunSuiteLike.scala:226)
[info]   at org.scalatest.TestSuite.withFixture(TestSuite.scala:196)
[info]   at org.scalatest.TestSuite.withFixture$(TestSuite.scala:195)
[info]   at org.scalatest.funsuite.AnyFunSuite.withFixture(AnyFunSuite.scala:1564)
[info]   at org.scalatest.funsuite.AnyFunSuiteLike.invokeWithFixture$1(AnyFunSuiteLike.scala:224)
[info]   at org.scalatest.funsuite.AnyFunSuiteLike.$anonfun$runTest$1(AnyFunSuiteLike.scala:236)
[info]   at org.scalatest.SuperEngine.runTestImpl(Engine.scala:306)
[info]   at org.scalatest.funsuite.AnyFunSuiteLike.runTest(AnyFunSuiteLike.scala:236)
[info]   at org.scalatest.funsuite.AnyFunSuiteLike.runTest$(AnyFunSuiteLike.scala:218)
[info]   at org.scalatest.funsuite.AnyFunSuite.runTest(AnyFunSuite.scala:1564)
[info]   at org.scalatest.funsuite.AnyFunSuiteLike.$anonfun$runTests$1(AnyFunSuiteLike.scala:269)
[info]   at org.scalatest.SuperEngine.$anonfun$runTestsInBranch$1(Engine.scala:413)
[info]   at scala.collection.immutable.List.foreach(List.scala:334)
[info]   at org.scalatest.SuperEngine.traverseSubNodes$1(Engine.scala:401)
[info]   at org.scalatest.SuperEngine.runTestsInBranch(Engine.scala:396)
[info]   at org.scalatest.SuperEngine.runTestsImpl(Engine.scala:475)
[info]   at org.scalatest.funsuite.AnyFunSuiteLike.runTests(AnyFunSuiteLike.scala:269)
[info]   at org.scalatest.funsuite.AnyFunSuiteLike.runTests$(AnyFunSuiteLike.scala:268)
[info]   at org.scalatest.funsuite.AnyFunSuite.runTests(AnyFunSuite.scala:1564)
[info]   at org.scalatest.Suite.run(Suite.scala:1114)
[info]   at org.scalatest.Suite.run$(Suite.scala:1096)
[info]   at org.scalatest.funsuite.AnyFunSuite.org$scalatest$funsuite$AnyFunSuiteLike$$super$run(AnyFunSuite.scala:1564)
[info]   at org.scalatest.funsuite.AnyFunSuiteLike.$anonfun$run$1(AnyFunSuiteLike.scala:273)
[info]   at org.scalatest.SuperEngine.runImpl(Engine.scala:535)
[info]   at org.scalatest.funsuite.AnyFunSuiteLike.run(AnyFunSuiteLike.scala:273)
[info]   at org.scalatest.funsuite.AnyFunSuiteLike.run$(AnyFunSuiteLike.scala:272)
[info]   at frameless.TypedDatasetSuite.org$scalatest$BeforeAndAfterAll$$super$run(TypedDatasetSuite.scala:63)
[info]   at org.scalatest.BeforeAndAfterAll.liftedTree1$1(BeforeAndAfterAll.scala:213)
[info]   at org.scalatest.BeforeAndAfterAll.run(BeforeAndAfterAll.scala:210)
[info]   at org.scalatest.BeforeAndAfterAll.run$(BeforeAndAfterAll.scala:208)
[info]   at frameless.TypedDatasetSuite.run(TypedDatasetSuite.scala:63)
[info]   at org.scalatest.tools.Framework.org$scalatest$tools$Framework$$runSuite(Framework.scala:321)
[info]   at org.scalatest.tools.Framework$ScalaTestTask.execute(Framework.scala:517)
[info]   at sbt.ForkMain$Run.lambda$runTest$1(ForkMain.java:414)
[info]   at java.base/java.util.concurrent.FutureTask.run(FutureTask.java:317)
[info]   at java.base/java.util.concurrent.ThreadPoolExecutor.runWorker(ThreadPoolExecutor.java:1144)
[info]   at java.base/java.util.concurrent.ThreadPoolExecutor$Worker.run(ThreadPoolExecutor.java:642)
[info]   at java.base/java.lang.Thread.run(Thread.java:1583)
[info]   Cause: java.lang.ClassCastException: Cannot cast scala.reflect.ClassTag$GenericClassTag to org.apache.spark.sql.catalyst.expressions.Expression
[info]   at java.base/java.lang.Class.cast(Class.java:4067)
[info]   at java.base/jdk.internal.reflect.DirectConstructorHandleAccessor.newInstance(DirectConstructorHandleAccessor.java:62)
[info]   at java.base/java.lang.reflect.Constructor.newInstanceWithCaller(Constructor.java:502)
[info]   at java.base/java.lang.reflect.Constructor.newInstance(Constructor.java:486)
[info]   at frameless.TypedExpressionEncoder$.$anonfun$apply$3(TypedExpressionEncoder.scala:55)
[info]   at scala.Option.map(Option.scala:242)
[info]   at frameless.TypedExpressionEncoder$.apply(TypedExpressionEncoder.scala:54)
[info]   at frameless.TypedDataset$.create(TypedDataset.scala:1325)
[info]   at frameless.SelectTests.prop$14(SelectTests.scala:341)
[info]   at frameless.SelectTests.$anonfun$new$411(SelectTests.scala:349)
[info]   at frameless.SelectTests.$anonfun$new$411$adapted(SelectTests.scala:349)
[info]   at org.scalacheck.Prop$.$anonfun$forAll$18(Prop.scala:1131)
[info]   at scala.Function1.$anonfun$andThen$1(Function1.scala:87)
[info]   at org.scalacheck.Prop$.$anonfun$forAllShrink$2(Prop.scala:868)
[info]   at org.scalacheck.Prop$.secure(Prop.scala:484)
[info]   at org.scalacheck.Prop$.result$1(Prop.scala:868)
[info]   at org.scalacheck.Prop$.$anonfun$forAllShrink$4(Prop.scala:880)
[info]   at scala.collection.immutable.Stream.map(Stream.scala:173)
[info]   at org.scalacheck.Prop$.getFirstFailure$1(Prop.scala:880)
[info]   at org.scalacheck.Prop$.shrinker$1(Prop.scala:895)
[info]   at org.scalacheck.Prop$.$anonfun$forAllShrink$1(Prop.scala:916)
[info]   at org.scalacheck.Prop$.$anonfun$apply$1(Prop.scala:305)
[info]   at org.scalacheck.PropFromFun.apply(Prop.scala:20)
[info]   at org.scalacheck.Prop$.result$1(Prop.scala:869)
[info]   at org.scalacheck.Prop$.$anonfun$forAllShrink$1(Prop.scala:915)
[info]   at org.scalacheck.Prop$.$anonfun$apply$1(Prop.scala:305)
[info]   at org.scalacheck.PropFromFun.apply(Prop.scala:20)
[info]   at org.scalacheck.Test$.workerFun$1(Test.scala:486)
[info]   at org.scalacheck.Test$.$anonfun$check$4(Test.scala:518)
[info]   at org.scalacheck.Test$.$anonfun$check$4$adapted(Test.scala:518)
[info]   at org.scalacheck.Platform$.runWorkers(Platform.scala:42)
[info]   at org.scalacheck.Test$.check(Test.scala:518)
[info]   at org.scalatestplus.scalacheck.UnitCheckerAsserting$CheckerAssertingImpl.check(CheckerAsserting.scala:90)
[info]   at org.scalatestplus.scalacheck.Checkers.check(Checkers.scala:371)
[info]   at org.scalatestplus.scalacheck.Checkers.check$(Checkers.scala:369)
[info]   at frameless.TypedDatasetSuite.check(TypedDatasetSuite.scala:63)
[info]   at frameless.SelectTests.$anonfun$new$405(SelectTests.scala:349)
[info]   at org.scalatest.OutcomeOf.outcomeOf(OutcomeOf.scala:85)
[info]   at org.scalatest.OutcomeOf.outcomeOf$(OutcomeOf.scala:83)
[info]   at org.scalatest.OutcomeOf$.outcomeOf(OutcomeOf.scala:104)
[info]   at org.scalatest.Transformer.apply(Transformer.scala:22)
[info]   at org.scalatest.Transformer.apply(Transformer.scala:20)
[info]   at org.scalatest.funsuite.AnyFunSuiteLike$$anon$1.apply(AnyFunSuiteLike.scala:226)
[info]   at org.scalatest.TestSuite.withFixture(TestSuite.scala:196)
[info]   at org.scalatest.TestSuite.withFixture$(TestSuite.scala:195)
[info]   at org.scalatest.funsuite.AnyFunSuite.withFixture(AnyFunSuite.scala:1564)
[info]   at org.scalatest.funsuite.AnyFunSuiteLike.invokeWithFixture$1(AnyFunSuiteLike.scala:224)
[info]   at org.scalatest.funsuite.AnyFunSuiteLike.$anonfun$runTest$1(AnyFunSuiteLike.scala:236)
[info]   at org.scalatest.SuperEngine.runTestImpl(Engine.scala:306)
[info]   at org.scalatest.funsuite.AnyFunSuiteLike.runTest(AnyFunSuiteLike.scala:236)
[info]   at org.scalatest.funsuite.AnyFunSuiteLike.runTest$(AnyFunSuiteLike.scala:218)
[info]   at org.scalatest.funsuite.AnyFunSuite.runTest(AnyFunSuite.scala:1564)
[info]   at org.scalatest.funsuite.AnyFunSuiteLike.$anonfun$runTests$1(AnyFunSuiteLike.scala:269)
[info]   at org.scalatest.SuperEngine.$anonfun$runTestsInBranch$1(Engine.scala:413)
[info]   at scala.collection.immutable.List.foreach(List.scala:334)
[info]   at org.scalatest.SuperEngine.traverseSubNodes$1(Engine.scala:401)
[info]   at org.scalatest.SuperEngine.runTestsInBranch(Engine.scala:396)
[info]   at org.scalatest.SuperEngine.runTestsImpl(Engine.scala:475)
[info]   at org.scalatest.funsuite.AnyFunSuiteLike.runTests(AnyFunSuiteLike.scala:269)
[info]   at org.scalatest.funsuite.AnyFunSuiteLike.runTests$(AnyFunSuiteLike.scala:268)
[info]   at org.scalatest.funsuite.AnyFunSuite.runTests(AnyFunSuite.scala:1564)
[info]   at org.scalatest.Suite.run(Suite.scala:1114)
[info]   at org.scalatest.Suite.run$(Suite.scala:1096)
[info]   at org.scalatest.funsuite.AnyFunSuite.org$scalatest$funsuite$AnyFunSuiteLike$$super$run(AnyFunSuite.scala:1564)
[info]   at org.scalatest.funsuite.AnyFunSuiteLike.$anonfun$run$1(AnyFunSuiteLike.scala:273)
[info]   at org.scalatest.SuperEngine.runImpl(Engine.scala:535)
[info]   at org.scalatest.funsuite.AnyFunSuiteLike.run(AnyFunSuiteLike.scala:273)
[info]   at org.scalatest.funsuite.AnyFunSuiteLike.run$(AnyFunSuiteLike.scala:272)
[info]   at frameless.TypedDatasetSuite.org$scalatest$BeforeAndAfterAll$$super$run(TypedDatasetSuite.scala:63)
[info]   at org.scalatest.BeforeAndAfterAll.liftedTree1$1(BeforeAndAfterAll.scala:213)
[info]   at org.scalatest.BeforeAndAfterAll.run(BeforeAndAfterAll.scala:210)
[info]   at org.scalatest.BeforeAndAfterAll.run$(BeforeAndAfterAll.scala:208)
[info]   at frameless.TypedDatasetSuite.run(TypedDatasetSuite.scala:63)
[info]   at org.scalatest.tools.Framework.org$scalatest$tools$Framework$$runSuite(Framework.scala:321)
[info]   at org.scalatest.tools.Framework$ScalaTestTask.execute(Framework.scala:517)
[info]   at sbt.ForkMain$Run.lambda$runTest$1(ForkMain.java:414)
[info]   at java.base/java.util.concurrent.FutureTask.run(FutureTask.java:317)
[info]   at java.base/java.util.concurrent.ThreadPoolExecutor.runWorker(ThreadPoolExecutor.java:1144)
[info]   at java.base/java.util.concurrent.ThreadPoolExecutor$Worker.run(ThreadPoolExecutor.java:642)
[info]   at java.base/java.lang.Thread.run(Thread.java:1583)
[info] - select with column expression division *** FAILED *** (6 milliseconds)
[info]   IllegalArgumentException was thrown during property evaluation.
[info]     Message: argument type mismatch
[info]     Occurred when passed generated values (
[info]       arg0 = Vector(),
[info]       arg1 = 0.0 // 27 shrinks
[info]     )
[info]   org.scalatest.exceptions.GeneratorDrivenPropertyCheckFailedException:
[info]   at org.scalatestplus.scalacheck.CheckerAsserting$$anon$2.indicateFailure(CheckerAsserting.scala:251)
[info]   at org.scalatestplus.scalacheck.CheckerAsserting$$anon$2.indicateFailure(CheckerAsserting.scala:238)
[info]   at org.scalatestplus.scalacheck.UnitCheckerAsserting$CheckerAssertingImpl.check(CheckerAsserting.scala:160)
[info]   at org.scalatestplus.scalacheck.Checkers.check(Checkers.scala:371)
[info]   at org.scalatestplus.scalacheck.Checkers.check$(Checkers.scala:369)
[info]   at frameless.TypedDatasetSuite.check(TypedDatasetSuite.scala:63)
[info]   at frameless.SelectTests.$anonfun$new$432(SelectTests.scala:371)
[info]   at org.scalatest.OutcomeOf.outcomeOf(OutcomeOf.scala:85)
[info]   at org.scalatest.OutcomeOf.outcomeOf$(OutcomeOf.scala:83)
[info]   at org.scalatest.OutcomeOf$.outcomeOf(OutcomeOf.scala:104)
[info]   at org.scalatest.Transformer.apply(Transformer.scala:22)
[info]   at org.scalatest.Transformer.apply(Transformer.scala:20)
[info]   at org.scalatest.funsuite.AnyFunSuiteLike$$anon$1.apply(AnyFunSuiteLike.scala:226)
[info]   at org.scalatest.TestSuite.withFixture(TestSuite.scala:196)
[info]   at org.scalatest.TestSuite.withFixture$(TestSuite.scala:195)
[info]   at org.scalatest.funsuite.AnyFunSuite.withFixture(AnyFunSuite.scala:1564)
[info]   at org.scalatest.funsuite.AnyFunSuiteLike.invokeWithFixture$1(AnyFunSuiteLike.scala:224)
[info]   at org.scalatest.funsuite.AnyFunSuiteLike.$anonfun$runTest$1(AnyFunSuiteLike.scala:236)
[info]   at org.scalatest.SuperEngine.runTestImpl(Engine.scala:306)
[info]   at org.scalatest.funsuite.AnyFunSuiteLike.runTest(AnyFunSuiteLike.scala:236)
[info]   at org.scalatest.funsuite.AnyFunSuiteLike.runTest$(AnyFunSuiteLike.scala:218)
[info]   at org.scalatest.funsuite.AnyFunSuite.runTest(AnyFunSuite.scala:1564)
[info]   at org.scalatest.funsuite.AnyFunSuiteLike.$anonfun$runTests$1(AnyFunSuiteLike.scala:269)
[info]   at org.scalatest.SuperEngine.$anonfun$runTestsInBranch$1(Engine.scala:413)
[info]   at scala.collection.immutable.List.foreach(List.scala:334)
[info]   at org.scalatest.SuperEngine.traverseSubNodes$1(Engine.scala:401)
[info]   at org.scalatest.SuperEngine.runTestsInBranch(Engine.scala:396)
[info]   at org.scalatest.SuperEngine.runTestsImpl(Engine.scala:475)
[info]   at org.scalatest.funsuite.AnyFunSuiteLike.runTests(AnyFunSuiteLike.scala:269)
[info]   at org.scalatest.funsuite.AnyFunSuiteLike.runTests$(AnyFunSuiteLike.scala:268)
[info]   at org.scalatest.funsuite.AnyFunSuite.runTests(AnyFunSuite.scala:1564)
[info]   at org.scalatest.Suite.run(Suite.scala:1114)
[info]   at org.scalatest.Suite.run$(Suite.scala:1096)
[info]   at org.scalatest.funsuite.AnyFunSuite.org$scalatest$funsuite$AnyFunSuiteLike$$super$run(AnyFunSuite.scala:1564)
[info]   at org.scalatest.funsuite.AnyFunSuiteLike.$anonfun$run$1(AnyFunSuiteLike.scala:273)
[info]   at org.scalatest.SuperEngine.runImpl(Engine.scala:535)
[info]   at org.scalatest.funsuite.AnyFunSuiteLike.run(AnyFunSuiteLike.scala:273)
[info]   at org.scalatest.funsuite.AnyFunSuiteLike.run$(AnyFunSuiteLike.scala:272)
[info]   at frameless.TypedDatasetSuite.org$scalatest$BeforeAndAfterAll$$super$run(TypedDatasetSuite.scala:63)
[info]   at org.scalatest.BeforeAndAfterAll.liftedTree1$1(BeforeAndAfterAll.scala:213)
[info]   at org.scalatest.BeforeAndAfterAll.run(BeforeAndAfterAll.scala:210)
[info]   at org.scalatest.BeforeAndAfterAll.run$(BeforeAndAfterAll.scala:208)
[info]   at frameless.TypedDatasetSuite.run(TypedDatasetSuite.scala:63)
[info]   at org.scalatest.tools.Framework.org$scalatest$tools$Framework$$runSuite(Framework.scala:321)
[info]   at org.scalatest.tools.Framework$ScalaTestTask.execute(Framework.scala:517)
[info]   at sbt.ForkMain$Run.lambda$runTest$1(ForkMain.java:414)
[info]   at java.base/java.util.concurrent.FutureTask.run(FutureTask.java:317)
[info]   at java.base/java.util.concurrent.ThreadPoolExecutor.runWorker(ThreadPoolExecutor.java:1144)
[info]   at java.base/java.util.concurrent.ThreadPoolExecutor$Worker.run(ThreadPoolExecutor.java:642)
[info]   at java.base/java.lang.Thread.run(Thread.java:1583)
[info]   Cause: java.lang.IllegalArgumentException: argument type mismatch
[info]   at java.base/jdk.internal.reflect.DirectConstructorHandleAccessor.newInstance(DirectConstructorHandleAccessor.java:65)
[info]   at java.base/java.lang.reflect.Constructor.newInstanceWithCaller(Constructor.java:502)
[info]   at java.base/java.lang.reflect.Constructor.newInstance(Constructor.java:486)
[info]   at frameless.TypedExpressionEncoder$.$anonfun$apply$3(TypedExpressionEncoder.scala:55)
[info]   at scala.Option.map(Option.scala:242)
[info]   at frameless.TypedExpressionEncoder$.apply(TypedExpressionEncoder.scala:54)
[info]   at frameless.TypedDataset$.create(TypedDataset.scala:1325)
[info]   at frameless.SelectTests.prop$15(SelectTests.scala:362)
[info]   at frameless.SelectTests.$anonfun$new$440(SelectTests.scala:371)
[info]   at frameless.SelectTests.$anonfun$new$440$adapted(SelectTests.scala:371)
[info]   at org.scalacheck.Prop$.$anonfun$forAll$18(Prop.scala:1131)
[info]   at scala.Function1.$anonfun$andThen$1(Function1.scala:87)
[info]   at org.scalacheck.Prop$.$anonfun$forAllShrink$2(Prop.scala:868)
[info]   at org.scalacheck.Prop$.secure(Prop.scala:484)
[info]   at org.scalacheck.Prop$.result$1(Prop.scala:868)
[info]   at org.scalacheck.Prop$.$anonfun$forAllShrink$4(Prop.scala:880)
[info]   at scala.collection.immutable.Stream.map(Stream.scala:173)
[info]   at org.scalacheck.Prop$.getFirstFailure$1(Prop.scala:880)
[info]   at org.scalacheck.Prop$.shrinker$1(Prop.scala:895)
[info]   at org.scalacheck.Prop$.$anonfun$forAllShrink$1(Prop.scala:916)
[info]   at org.scalacheck.Prop$.$anonfun$apply$1(Prop.scala:305)
[info]   at org.scalacheck.PropFromFun.apply(Prop.scala:20)
[info]   at org.scalacheck.Prop$.result$1(Prop.scala:869)
[info]   at org.scalacheck.Prop$.$anonfun$forAllShrink$1(Prop.scala:915)
[info]   at org.scalacheck.Prop$.$anonfun$apply$1(Prop.scala:305)
[info]   at org.scalacheck.PropFromFun.apply(Prop.scala:20)
[info]   at org.scalacheck.Test$.workerFun$1(Test.scala:486)
[info]   at org.scalacheck.Test$.$anonfun$check$4(Test.scala:518)
[info]   at org.scalacheck.Test$.$anonfun$check$4$adapted(Test.scala:518)
[info]   at org.scalacheck.Platform$.runWorkers(Platform.scala:42)
[info]   at org.scalacheck.Test$.check(Test.scala:518)
[info]   at org.scalatestplus.scalacheck.UnitCheckerAsserting$CheckerAssertingImpl.check(CheckerAsserting.scala:90)
[info]   at org.scalatestplus.scalacheck.Checkers.check(Checkers.scala:371)
[info]   at org.scalatestplus.scalacheck.Checkers.check$(Checkers.scala:369)
[info]   at frameless.TypedDatasetSuite.check(TypedDatasetSuite.scala:63)
[info]   at frameless.SelectTests.$anonfun$new$432(SelectTests.scala:371)
[info]   at org.scalatest.OutcomeOf.outcomeOf(OutcomeOf.scala:85)
[info]   at org.scalatest.OutcomeOf.outcomeOf$(OutcomeOf.scala:83)
[info]   at org.scalatest.OutcomeOf$.outcomeOf(OutcomeOf.scala:104)
[info]   at org.scalatest.Transformer.apply(Transformer.scala:22)
[info]   at org.scalatest.Transformer.apply(Transformer.scala:20)
[info]   at org.scalatest.funsuite.AnyFunSuiteLike$$anon$1.apply(AnyFunSuiteLike.scala:226)
[info]   at org.scalatest.TestSuite.withFixture(TestSuite.scala:196)
[info]   at org.scalatest.TestSuite.withFixture$(TestSuite.scala:195)
[info]   at org.scalatest.funsuite.AnyFunSuite.withFixture(AnyFunSuite.scala:1564)
[info]   at org.scalatest.funsuite.AnyFunSuiteLike.invokeWithFixture$1(AnyFunSuiteLike.scala:224)
[info]   at org.scalatest.funsuite.AnyFunSuiteLike.$anonfun$runTest$1(AnyFunSuiteLike.scala:236)
[info]   at org.scalatest.SuperEngine.runTestImpl(Engine.scala:306)
[info]   at org.scalatest.funsuite.AnyFunSuiteLike.runTest(AnyFunSuiteLike.scala:236)
[info]   at org.scalatest.funsuite.AnyFunSuiteLike.runTest$(AnyFunSuiteLike.scala:218)
[info]   at org.scalatest.funsuite.AnyFunSuite.runTest(AnyFunSuite.scala:1564)
[info]   at org.scalatest.funsuite.AnyFunSuiteLike.$anonfun$runTests$1(AnyFunSuiteLike.scala:269)
[info]   at org.scalatest.SuperEngine.$anonfun$runTestsInBranch$1(Engine.scala:413)
[info]   at scala.collection.immutable.List.foreach(List.scala:334)
[info]   at org.scalatest.SuperEngine.traverseSubNodes$1(Engine.scala:401)
[info]   at org.scalatest.SuperEngine.runTestsInBranch(Engine.scala:396)
[info]   at org.scalatest.SuperEngine.runTestsImpl(Engine.scala:475)
[info]   at org.scalatest.funsuite.AnyFunSuiteLike.runTests(AnyFunSuiteLike.scala:269)
[info]   at org.scalatest.funsuite.AnyFunSuiteLike.runTests$(AnyFunSuiteLike.scala:268)
[info]   at org.scalatest.funsuite.AnyFunSuite.runTests(AnyFunSuite.scala:1564)
[info]   at org.scalatest.Suite.run(Suite.scala:1114)
[info]   at org.scalatest.Suite.run$(Suite.scala:1096)
[info]   at org.scalatest.funsuite.AnyFunSuite.org$scalatest$funsuite$AnyFunSuiteLike$$super$run(AnyFunSuite.scala:1564)
[info]   at org.scalatest.funsuite.AnyFunSuiteLike.$anonfun$run$1(AnyFunSuiteLike.scala:273)
[info]   at org.scalatest.SuperEngine.runImpl(Engine.scala:535)
[info]   at org.scalatest.funsuite.AnyFunSuiteLike.run(AnyFunSuiteLike.scala:273)
[info]   at org.scalatest.funsuite.AnyFunSuiteLike.run$(AnyFunSuiteLike.scala:272)
[info]   at frameless.TypedDatasetSuite.org$scalatest$BeforeAndAfterAll$$super$run(TypedDatasetSuite.scala:63)
[info]   at org.scalatest.BeforeAndAfterAll.liftedTree1$1(BeforeAndAfterAll.scala:213)
[info]   at org.scalatest.BeforeAndAfterAll.run(BeforeAndAfterAll.scala:210)
[info]   at org.scalatest.BeforeAndAfterAll.run$(BeforeAndAfterAll.scala:208)
[info]   at frameless.TypedDatasetSuite.run(TypedDatasetSuite.scala:63)
[info]   at org.scalatest.tools.Framework.org$scalatest$tools$Framework$$runSuite(Framework.scala:321)
[info]   at org.scalatest.tools.Framework$ScalaTestTask.execute(Framework.scala:517)
[info]   at sbt.ForkMain$Run.lambda$runTest$1(ForkMain.java:414)
[info]   at java.base/java.util.concurrent.FutureTask.run(FutureTask.java:317)
[info]   at java.base/java.util.concurrent.ThreadPoolExecutor.runWorker(ThreadPoolExecutor.java:1144)
[info]   at java.base/java.util.concurrent.ThreadPoolExecutor$Worker.run(ThreadPoolExecutor.java:642)
[info]   at java.base/java.lang.Thread.run(Thread.java:1583)
[info]   Cause: java.lang.ClassCastException: Cannot cast scala.reflect.ClassTag$GenericClassTag to org.apache.spark.sql.catalyst.expressions.Expression
[info]   at java.base/java.lang.Class.cast(Class.java:4067)
[info]   at java.base/jdk.internal.reflect.DirectConstructorHandleAccessor.newInstance(DirectConstructorHandleAccessor.java:62)
[info]   at java.base/java.lang.reflect.Constructor.newInstanceWithCaller(Constructor.java:502)
[info]   at java.base/java.lang.reflect.Constructor.newInstance(Constructor.java:486)
[info]   at frameless.TypedExpressionEncoder$.$anonfun$apply$3(TypedExpressionEncoder.scala:55)
[info]   at scala.Option.map(Option.scala:242)
[info]   at frameless.TypedExpressionEncoder$.apply(TypedExpressionEncoder.scala:54)
[info]   at frameless.TypedDataset$.create(TypedDataset.scala:1325)
[info]   at frameless.SelectTests.prop$15(SelectTests.scala:362)
[info]   at frameless.SelectTests.$anonfun$new$440(SelectTests.scala:371)
[info]   at frameless.SelectTests.$anonfun$new$440$adapted(SelectTests.scala:371)
[info]   at org.scalacheck.Prop$.$anonfun$forAll$18(Prop.scala:1131)
[info]   at scala.Function1.$anonfun$andThen$1(Function1.scala:87)
[info]   at org.scalacheck.Prop$.$anonfun$forAllShrink$2(Prop.scala:868)
[info]   at org.scalacheck.Prop$.secure(Prop.scala:484)
[info]   at org.scalacheck.Prop$.result$1(Prop.scala:868)
[info]   at org.scalacheck.Prop$.$anonfun$forAllShrink$4(Prop.scala:880)
[info]   at scala.collection.immutable.Stream.map(Stream.scala:173)
[info]   at org.scalacheck.Prop$.getFirstFailure$1(Prop.scala:880)
[info]   at org.scalacheck.Prop$.shrinker$1(Prop.scala:895)
[info]   at org.scalacheck.Prop$.$anonfun$forAllShrink$1(Prop.scala:916)
[info]   at org.scalacheck.Prop$.$anonfun$apply$1(Prop.scala:305)
[info]   at org.scalacheck.PropFromFun.apply(Prop.scala:20)
[info]   at org.scalacheck.Prop$.result$1(Prop.scala:869)
[info]   at org.scalacheck.Prop$.$anonfun$forAllShrink$1(Prop.scala:915)
[info]   at org.scalacheck.Prop$.$anonfun$apply$1(Prop.scala:305)
[info]   at org.scalacheck.PropFromFun.apply(Prop.scala:20)
[info]   at org.scalacheck.Test$.workerFun$1(Test.scala:486)
[info]   at org.scalacheck.Test$.$anonfun$check$4(Test.scala:518)
[info]   at org.scalacheck.Test$.$anonfun$check$4$adapted(Test.scala:518)
[info]   at org.scalacheck.Platform$.runWorkers(Platform.scala:42)
[info]   at org.scalacheck.Test$.check(Test.scala:518)
[info]   at org.scalatestplus.scalacheck.UnitCheckerAsserting$CheckerAssertingImpl.check(CheckerAsserting.scala:90)
[info]   at org.scalatestplus.scalacheck.Checkers.check(Checkers.scala:371)
[info]   at org.scalatestplus.scalacheck.Checkers.check$(Checkers.scala:369)
[info]   at frameless.TypedDatasetSuite.check(TypedDatasetSuite.scala:63)
[info]   at frameless.SelectTests.$anonfun$new$432(SelectTests.scala:371)
[info]   at org.scalatest.OutcomeOf.outcomeOf(OutcomeOf.scala:85)
[info]   at org.scalatest.OutcomeOf.outcomeOf$(OutcomeOf.scala:83)
[info]   at org.scalatest.OutcomeOf$.outcomeOf(OutcomeOf.scala:104)
[info]   at org.scalatest.Transformer.apply(Transformer.scala:22)
[info]   at org.scalatest.Transformer.apply(Transformer.scala:20)
[info]   at org.scalatest.funsuite.AnyFunSuiteLike$$anon$1.apply(AnyFunSuiteLike.scala:226)
[info]   at org.scalatest.TestSuite.withFixture(TestSuite.scala:196)
[info]   at org.scalatest.TestSuite.withFixture$(TestSuite.scala:195)
[info]   at org.scalatest.funsuite.AnyFunSuite.withFixture(AnyFunSuite.scala:1564)
[info]   at org.scalatest.funsuite.AnyFunSuiteLike.invokeWithFixture$1(AnyFunSuiteLike.scala:224)
[info]   at org.scalatest.funsuite.AnyFunSuiteLike.$anonfun$runTest$1(AnyFunSuiteLike.scala:236)
[info]   at org.scalatest.SuperEngine.runTestImpl(Engine.scala:306)
[info]   at org.scalatest.funsuite.AnyFunSuiteLike.runTest(AnyFunSuiteLike.scala:236)
[info]   at org.scalatest.funsuite.AnyFunSuiteLike.runTest$(AnyFunSuiteLike.scala:218)
[info]   at org.scalatest.funsuite.AnyFunSuite.runTest(AnyFunSuite.scala:1564)
[info]   at org.scalatest.funsuite.AnyFunSuiteLike.$anonfun$runTests$1(AnyFunSuiteLike.scala:269)
[info]   at org.scalatest.SuperEngine.$anonfun$runTestsInBranch$1(Engine.scala:413)
[info]   at scala.collection.immutable.List.foreach(List.scala:334)
[info]   at org.scalatest.SuperEngine.traverseSubNodes$1(Engine.scala:401)
[info]   at org.scalatest.SuperEngine.runTestsInBranch(Engine.scala:396)
[info]   at org.scalatest.SuperEngine.runTestsImpl(Engine.scala:475)
[info]   at org.scalatest.funsuite.AnyFunSuiteLike.runTests(AnyFunSuiteLike.scala:269)
[info]   at org.scalatest.funsuite.AnyFunSuiteLike.runTests$(AnyFunSuiteLike.scala:268)
[info]   at org.scalatest.funsuite.AnyFunSuite.runTests(AnyFunSuite.scala:1564)
[info]   at org.scalatest.Suite.run(Suite.scala:1114)
[info]   at org.scalatest.Suite.run$(Suite.scala:1096)
[info]   at org.scalatest.funsuite.AnyFunSuite.org$scalatest$funsuite$AnyFunSuiteLike$$super$run(AnyFunSuite.scala:1564)
[info]   at org.scalatest.funsuite.AnyFunSuiteLike.$anonfun$run$1(AnyFunSuiteLike.scala:273)
[info]   at org.scalatest.SuperEngine.runImpl(Engine.scala:535)
[info]   at org.scalatest.funsuite.AnyFunSuiteLike.run(AnyFunSuiteLike.scala:273)
[info]   at org.scalatest.funsuite.AnyFunSuiteLike.run$(AnyFunSuiteLike.scala:272)
[info]   at frameless.TypedDatasetSuite.org$scalatest$BeforeAndAfterAll$$super$run(TypedDatasetSuite.scala:63)
[info]   at org.scalatest.BeforeAndAfterAll.liftedTree1$1(BeforeAndAfterAll.scala:213)
[info]   at org.scalatest.BeforeAndAfterAll.run(BeforeAndAfterAll.scala:210)
[info]   at org.scalatest.BeforeAndAfterAll.run$(BeforeAndAfterAll.scala:208)
[info]   at frameless.TypedDatasetSuite.run(TypedDatasetSuite.scala:63)
[info]   at org.scalatest.tools.Framework.org$scalatest$tools$Framework$$runSuite(Framework.scala:321)
[info]   at org.scalatest.tools.Framework$ScalaTestTask.execute(Framework.scala:517)
[info]   at sbt.ForkMain$Run.lambda$runTest$1(ForkMain.java:414)
[info]   at java.base/java.util.concurrent.FutureTask.run(FutureTask.java:317)
[info]   at java.base/java.util.concurrent.ThreadPoolExecutor.runWorker(ThreadPoolExecutor.java:1144)
[info]   at java.base/java.util.concurrent.ThreadPoolExecutor$Worker.run(ThreadPoolExecutor.java:642)
[info]   at java.base/java.lang.Thread.run(Thread.java:1583)
[info] - tests to cover problematic dataframe column names during projections *** FAILED *** (3 milliseconds)
[info]   java.lang.IllegalArgumentException: argument type mismatch
[info]   at java.base/jdk.internal.reflect.DirectConstructorHandleAccessor.newInstance(DirectConstructorHandleAccessor.java:65)
[info]   at java.base/java.lang.reflect.Constructor.newInstanceWithCaller(Constructor.java:502)
[info]   at java.base/java.lang.reflect.Constructor.newInstance(Constructor.java:486)
[info]   at frameless.TypedExpressionEncoder$.$anonfun$apply$3(TypedExpressionEncoder.scala:55)
[info]   at scala.Option.map(Option.scala:242)
[info]   at frameless.TypedExpressionEncoder$.apply(TypedExpressionEncoder.scala:54)
[info]   at frameless.TypedDataset$.create(TypedDataset.scala:1325)
[info]   at frameless.SelectTests.$anonfun$new$447(SelectTests.scala:376)
[info]   at org.scalatest.OutcomeOf.outcomeOf(OutcomeOf.scala:85)
[info]   at org.scalatest.OutcomeOf.outcomeOf$(OutcomeOf.scala:83)
[info]   at org.scalatest.OutcomeOf$.outcomeOf(OutcomeOf.scala:104)
[info]   at org.scalatest.Transformer.apply(Transformer.scala:22)
[info]   at org.scalatest.Transformer.apply(Transformer.scala:20)
[info]   at org.scalatest.funsuite.AnyFunSuiteLike$$anon$1.apply(AnyFunSuiteLike.scala:226)
[info]   at org.scalatest.TestSuite.withFixture(TestSuite.scala:196)
[info]   at org.scalatest.TestSuite.withFixture$(TestSuite.scala:195)
[info]   at org.scalatest.funsuite.AnyFunSuite.withFixture(AnyFunSuite.scala:1564)
[info]   at org.scalatest.funsuite.AnyFunSuiteLike.invokeWithFixture$1(AnyFunSuiteLike.scala:224)
[info]   at org.scalatest.funsuite.AnyFunSuiteLike.$anonfun$runTest$1(AnyFunSuiteLike.scala:236)
[info]   at org.scalatest.SuperEngine.runTestImpl(Engine.scala:306)
[info]   at org.scalatest.funsuite.AnyFunSuiteLike.runTest(AnyFunSuiteLike.scala:236)
[info]   at org.scalatest.funsuite.AnyFunSuiteLike.runTest$(AnyFunSuiteLike.scala:218)
[info]   at org.scalatest.funsuite.AnyFunSuite.runTest(AnyFunSuite.scala:1564)
[info]   at org.scalatest.funsuite.AnyFunSuiteLike.$anonfun$runTests$1(AnyFunSuiteLike.scala:269)
[info]   at org.scalatest.SuperEngine.$anonfun$runTestsInBranch$1(Engine.scala:413)
[info]   at scala.collection.immutable.List.foreach(List.scala:334)
[info]   at org.scalatest.SuperEngine.traverseSubNodes$1(Engine.scala:401)
[info]   at org.scalatest.SuperEngine.runTestsInBranch(Engine.scala:396)
[info]   at org.scalatest.SuperEngine.runTestsImpl(Engine.scala:475)
[info]   at org.scalatest.funsuite.AnyFunSuiteLike.runTests(AnyFunSuiteLike.scala:269)
[info]   at org.scalatest.funsuite.AnyFunSuiteLike.runTests$(AnyFunSuiteLike.scala:268)
[info]   at org.scalatest.funsuite.AnyFunSuite.runTests(AnyFunSuite.scala:1564)
[info]   at org.scalatest.Suite.run(Suite.scala:1114)
[info]   at org.scalatest.Suite.run$(Suite.scala:1096)
[info]   at org.scalatest.funsuite.AnyFunSuite.org$scalatest$funsuite$AnyFunSuiteLike$$super$run(AnyFunSuite.scala:1564)
[info]   at org.scalatest.funsuite.AnyFunSuiteLike.$anonfun$run$1(AnyFunSuiteLike.scala:273)
[info]   at org.scalatest.SuperEngine.runImpl(Engine.scala:535)
[info]   at org.scalatest.funsuite.AnyFunSuiteLike.run(AnyFunSuiteLike.scala:273)
[info]   at org.scalatest.funsuite.AnyFunSuiteLike.run$(AnyFunSuiteLike.scala:272)
[info]   at frameless.TypedDatasetSuite.org$scalatest$BeforeAndAfterAll$$super$run(TypedDatasetSuite.scala:63)
[info]   at org.scalatest.BeforeAndAfterAll.liftedTree1$1(BeforeAndAfterAll.scala:213)
[info]   at org.scalatest.BeforeAndAfterAll.run(BeforeAndAfterAll.scala:210)
[info]   at org.scalatest.BeforeAndAfterAll.run$(BeforeAndAfterAll.scala:208)
[info]   at frameless.TypedDatasetSuite.run(TypedDatasetSuite.scala:63)
[info]   at org.scalatest.tools.Framework.org$scalatest$tools$Framework$$runSuite(Framework.scala:321)
[info]   at org.scalatest.tools.Framework$ScalaTestTask.execute(Framework.scala:517)
[info]   at sbt.ForkMain$Run.lambda$runTest$1(ForkMain.java:414)
[info]   at java.base/java.util.concurrent.FutureTask.run(FutureTask.java:317)
[info]   at java.base/java.util.concurrent.ThreadPoolExecutor.runWorker(ThreadPoolExecutor.java:1144)
[info]   at java.base/java.util.concurrent.ThreadPoolExecutor$Worker.run(ThreadPoolExecutor.java:642)
[info]   at java.base/java.lang.Thread.run(Thread.java:1583)
[info]   Cause: java.lang.ClassCastException: Cannot cast scala.reflect.ClassTag$GenericClassTag to org.apache.spark.sql.catalyst.expressions.Expression
[info]   at java.base/java.lang.Class.cast(Class.java:4067)
[info]   at java.base/jdk.internal.reflect.DirectConstructorHandleAccessor.newInstance(DirectConstructorHandleAccessor.java:62)
[info]   at java.base/java.lang.reflect.Constructor.newInstanceWithCaller(Constructor.java:502)
[info]   at java.base/java.lang.reflect.Constructor.newInstance(Constructor.java:486)
[info]   at frameless.TypedExpressionEncoder$.$anonfun$apply$3(TypedExpressionEncoder.scala:55)
[info]   at scala.Option.map(Option.scala:242)
[info]   at frameless.TypedExpressionEncoder$.apply(TypedExpressionEncoder.scala:54)
[info]   at frameless.TypedDataset$.create(TypedDataset.scala:1325)
[info]   at frameless.SelectTests.$anonfun$new$447(SelectTests.scala:376)
[info]   at org.scalatest.OutcomeOf.outcomeOf(OutcomeOf.scala:85)
[info]   at org.scalatest.OutcomeOf.outcomeOf$(OutcomeOf.scala:83)
[info]   at org.scalatest.OutcomeOf$.outcomeOf(OutcomeOf.scala:104)
[info]   at org.scalatest.Transformer.apply(Transformer.scala:22)
[info]   at org.scalatest.Transformer.apply(Transformer.scala:20)
[info]   at org.scalatest.funsuite.AnyFunSuiteLike$$anon$1.apply(AnyFunSuiteLike.scala:226)
[info]   at org.scalatest.TestSuite.withFixture(TestSuite.scala:196)
[info]   at org.scalatest.TestSuite.withFixture$(TestSuite.scala:195)
[info]   at org.scalatest.funsuite.AnyFunSuite.withFixture(AnyFunSuite.scala:1564)
[info]   at org.scalatest.funsuite.AnyFunSuiteLike.invokeWithFixture$1(AnyFunSuiteLike.scala:224)
[info]   at org.scalatest.funsuite.AnyFunSuiteLike.$anonfun$runTest$1(AnyFunSuiteLike.scala:236)
[info]   at org.scalatest.SuperEngine.runTestImpl(Engine.scala:306)
[info]   at org.scalatest.funsuite.AnyFunSuiteLike.runTest(AnyFunSuiteLike.scala:236)
[info]   at org.scalatest.funsuite.AnyFunSuiteLike.runTest$(AnyFunSuiteLike.scala:218)
[info]   at org.scalatest.funsuite.AnyFunSuite.runTest(AnyFunSuite.scala:1564)
[info]   at org.scalatest.funsuite.AnyFunSuiteLike.$anonfun$runTests$1(AnyFunSuiteLike.scala:269)
[info]   at org.scalatest.SuperEngine.$anonfun$runTestsInBranch$1(Engine.scala:413)
[info]   at scala.collection.immutable.List.foreach(List.scala:334)
[info]   at org.scalatest.SuperEngine.traverseSubNodes$1(Engine.scala:401)
[info]   at org.scalatest.SuperEngine.runTestsInBranch(Engine.scala:396)
[info]   at org.scalatest.SuperEngine.runTestsImpl(Engine.scala:475)
[info]   at org.scalatest.funsuite.AnyFunSuiteLike.runTests(AnyFunSuiteLike.scala:269)
[info]   at org.scalatest.funsuite.AnyFunSuiteLike.runTests$(AnyFunSuiteLike.scala:268)
[info]   at org.scalatest.funsuite.AnyFunSuite.runTests(AnyFunSuite.scala:1564)
[info]   at org.scalatest.Suite.run(Suite.scala:1114)
[info]   at org.scalatest.Suite.run$(Suite.scala:1096)
[info]   at org.scalatest.funsuite.AnyFunSuite.org$scalatest$funsuite$AnyFunSuiteLike$$super$run(AnyFunSuite.scala:1564)
[info]   at org.scalatest.funsuite.AnyFunSuiteLike.$anonfun$run$1(AnyFunSuiteLike.scala:273)
[info]   at org.scalatest.SuperEngine.runImpl(Engine.scala:535)
[info]   at org.scalatest.funsuite.AnyFunSuiteLike.run(AnyFunSuiteLike.scala:273)
[info]   at org.scalatest.funsuite.AnyFunSuiteLike.run$(AnyFunSuiteLike.scala:272)
[info]   at frameless.TypedDatasetSuite.org$scalatest$BeforeAndAfterAll$$super$run(TypedDatasetSuite.scala:63)
[info]   at org.scalatest.BeforeAndAfterAll.liftedTree1$1(BeforeAndAfterAll.scala:213)
[info]   at org.scalatest.BeforeAndAfterAll.run(BeforeAndAfterAll.scala:210)
[info]   at org.scalatest.BeforeAndAfterAll.run$(BeforeAndAfterAll.scala:208)
[info]   at frameless.TypedDatasetSuite.run(TypedDatasetSuite.scala:63)
[info]   at org.scalatest.tools.Framework.org$scalatest$tools$Framework$$runSuite(Framework.scala:321)
[info]   at org.scalatest.tools.Framework$ScalaTestTask.execute(Framework.scala:517)
[info]   at sbt.ForkMain$Run.lambda$runTest$1(ForkMain.java:414)
[info]   at java.base/java.util.concurrent.FutureTask.run(FutureTask.java:317)
[info]   at java.base/java.util.concurrent.ThreadPoolExecutor.runWorker(ThreadPoolExecutor.java:1144)
[info]   at java.base/java.util.concurrent.ThreadPoolExecutor$Worker.run(ThreadPoolExecutor.java:642)
[info]   at java.base/java.lang.Thread.run(Thread.java:1583)
[info] - unary - on arithmetic *** FAILED *** (2 milliseconds)
[info]   java.lang.IllegalArgumentException: argument type mismatch
[info]   at java.base/jdk.internal.reflect.DirectConstructorHandleAccessor.newInstance(DirectConstructorHandleAccessor.java:65)
[info]   at java.base/java.lang.reflect.Constructor.newInstanceWithCaller(Constructor.java:502)
[info]   at java.base/java.lang.reflect.Constructor.newInstance(Constructor.java:486)
[info]   at frameless.TypedExpressionEncoder$.$anonfun$apply$3(TypedExpressionEncoder.scala:55)
[info]   at scala.Option.map(Option.scala:242)
[info]   at frameless.TypedExpressionEncoder$.apply(TypedExpressionEncoder.scala:54)
[info]   at frameless.TypedDataset$.create(TypedDataset.scala:1325)
[info]   at frameless.SelectTests.$anonfun$new$476(SelectTests.scala:385)
[info]   at org.scalatest.OutcomeOf.outcomeOf(OutcomeOf.scala:85)
[info]   at org.scalatest.OutcomeOf.outcomeOf$(OutcomeOf.scala:83)
[info]   at org.scalatest.OutcomeOf$.outcomeOf(OutcomeOf.scala:104)
[info]   at org.scalatest.Transformer.apply(Transformer.scala:22)
[info]   at org.scalatest.Transformer.apply(Transformer.scala:20)
[info]   at org.scalatest.funsuite.AnyFunSuiteLike$$anon$1.apply(AnyFunSuiteLike.scala:226)
[info]   at org.scalatest.TestSuite.withFixture(TestSuite.scala:196)
[info]   at org.scalatest.TestSuite.withFixture$(TestSuite.scala:195)
[info]   at org.scalatest.funsuite.AnyFunSuite.withFixture(AnyFunSuite.scala:1564)
[info]   at org.scalatest.funsuite.AnyFunSuiteLike.invokeWithFixture$1(AnyFunSuiteLike.scala:224)
[info]   at org.scalatest.funsuite.AnyFunSuiteLike.$anonfun$runTest$1(AnyFunSuiteLike.scala:236)
[info]   at org.scalatest.SuperEngine.runTestImpl(Engine.scala:306)
[info]   at org.scalatest.funsuite.AnyFunSuiteLike.runTest(AnyFunSuiteLike.scala:236)
[info]   at org.scalatest.funsuite.AnyFunSuiteLike.runTest$(AnyFunSuiteLike.scala:218)
[info]   at org.scalatest.funsuite.AnyFunSuite.runTest(AnyFunSuite.scala:1564)
[info]   at org.scalatest.funsuite.AnyFunSuiteLike.$anonfun$runTests$1(AnyFunSuiteLike.scala:269)
[info]   at org.scalatest.SuperEngine.$anonfun$runTestsInBranch$1(Engine.scala:413)
[info]   at scala.collection.immutable.List.foreach(List.scala:334)
[info]   at org.scalatest.SuperEngine.traverseSubNodes$1(Engine.scala:401)
[info]   at org.scalatest.SuperEngine.runTestsInBranch(Engine.scala:396)
[info]   at org.scalatest.SuperEngine.runTestsImpl(Engine.scala:475)
[info]   at org.scalatest.funsuite.AnyFunSuiteLike.runTests(AnyFunSuiteLike.scala:269)
[info]   at org.scalatest.funsuite.AnyFunSuiteLike.runTests$(AnyFunSuiteLike.scala:268)
[info]   at org.scalatest.funsuite.AnyFunSuite.runTests(AnyFunSuite.scala:1564)
[info]   at org.scalatest.Suite.run(Suite.scala:1114)
[info]   at org.scalatest.Suite.run$(Suite.scala:1096)
[info]   at org.scalatest.funsuite.AnyFunSuite.org$scalatest$funsuite$AnyFunSuiteLike$$super$run(AnyFunSuite.scala:1564)
[info]   at org.scalatest.funsuite.AnyFunSuiteLike.$anonfun$run$1(AnyFunSuiteLike.scala:273)
[info]   at org.scalatest.SuperEngine.runImpl(Engine.scala:535)
[info]   at org.scalatest.funsuite.AnyFunSuiteLike.run(AnyFunSuiteLike.scala:273)
[info]   at org.scalatest.funsuite.AnyFunSuiteLike.run$(AnyFunSuiteLike.scala:272)
[info]   at frameless.TypedDatasetSuite.org$scalatest$BeforeAndAfterAll$$super$run(TypedDatasetSuite.scala:63)
[info]   at org.scalatest.BeforeAndAfterAll.liftedTree1$1(BeforeAndAfterAll.scala:213)
[info]   at org.scalatest.BeforeAndAfterAll.run(BeforeAndAfterAll.scala:210)
[info]   at org.scalatest.BeforeAndAfterAll.run$(BeforeAndAfterAll.scala:208)
[info]   at frameless.TypedDatasetSuite.run(TypedDatasetSuite.scala:63)
[info]   at org.scalatest.tools.Framework.org$scalatest$tools$Framework$$runSuite(Framework.scala:321)
[info]   at org.scalatest.tools.Framework$ScalaTestTask.execute(Framework.scala:517)
[info]   at sbt.ForkMain$Run.lambda$runTest$1(ForkMain.java:414)
[info]   at java.base/java.util.concurrent.FutureTask.run(FutureTask.java:317)
[info]   at java.base/java.util.concurrent.ThreadPoolExecutor.runWorker(ThreadPoolExecutor.java:1144)
[info]   at java.base/java.util.concurrent.ThreadPoolExecutor$Worker.run(ThreadPoolExecutor.java:642)
[info]   at java.base/java.lang.Thread.run(Thread.java:1583)
[info]   Cause: java.lang.ClassCastException: Cannot cast scala.reflect.ClassTag$GenericClassTag to org.apache.spark.sql.catalyst.expressions.Expression
[info]   at java.base/java.lang.Class.cast(Class.java:4067)
[info]   at java.base/jdk.internal.reflect.DirectConstructorHandleAccessor.newInstance(DirectConstructorHandleAccessor.java:62)
[info]   at java.base/java.lang.reflect.Constructor.newInstanceWithCaller(Constructor.java:502)
[info]   at java.base/java.lang.reflect.Constructor.newInstance(Constructor.java:486)
[info]   at frameless.TypedExpressionEncoder$.$anonfun$apply$3(TypedExpressionEncoder.scala:55)
[info]   at scala.Option.map(Option.scala:242)
[info]   at frameless.TypedExpressionEncoder$.apply(TypedExpressionEncoder.scala:54)
[info]   at frameless.TypedDataset$.create(TypedDataset.scala:1325)
[info]   at frameless.SelectTests.$anonfun$new$476(SelectTests.scala:385)
[info]   at org.scalatest.OutcomeOf.outcomeOf(OutcomeOf.scala:85)
[info]   at org.scalatest.OutcomeOf.outcomeOf$(OutcomeOf.scala:83)
[info]   at org.scalatest.OutcomeOf$.outcomeOf(OutcomeOf.scala:104)
[info]   at org.scalatest.Transformer.apply(Transformer.scala:22)
[info]   at org.scalatest.Transformer.apply(Transformer.scala:20)
[info]   at org.scalatest.funsuite.AnyFunSuiteLike$$anon$1.apply(AnyFunSuiteLike.scala:226)
[info]   at org.scalatest.TestSuite.withFixture(TestSuite.scala:196)
[info]   at org.scalatest.TestSuite.withFixture$(TestSuite.scala:195)
[info]   at org.scalatest.funsuite.AnyFunSuite.withFixture(AnyFunSuite.scala:1564)
[info]   at org.scalatest.funsuite.AnyFunSuiteLike.invokeWithFixture$1(AnyFunSuiteLike.scala:224)
[info]   at org.scalatest.funsuite.AnyFunSuiteLike.$anonfun$runTest$1(AnyFunSuiteLike.scala:236)
[info]   at org.scalatest.SuperEngine.runTestImpl(Engine.scala:306)
[info]   at org.scalatest.funsuite.AnyFunSuiteLike.runTest(AnyFunSuiteLike.scala:236)
[info]   at org.scalatest.funsuite.AnyFunSuiteLike.runTest$(AnyFunSuiteLike.scala:218)
[info]   at org.scalatest.funsuite.AnyFunSuite.runTest(AnyFunSuite.scala:1564)
[info]   at org.scalatest.funsuite.AnyFunSuiteLike.$anonfun$runTests$1(AnyFunSuiteLike.scala:269)
[info]   at org.scalatest.SuperEngine.$anonfun$runTestsInBranch$1(Engine.scala:413)
[info]   at scala.collection.immutable.List.foreach(List.scala:334)
[info]   at org.scalatest.SuperEngine.traverseSubNodes$1(Engine.scala:401)
[info]   at org.scalatest.SuperEngine.runTestsInBranch(Engine.scala:396)
[info]   at org.scalatest.SuperEngine.runTestsImpl(Engine.scala:475)
[info]   at org.scalatest.funsuite.AnyFunSuiteLike.runTests(AnyFunSuiteLike.scala:269)
[info]   at org.scalatest.funsuite.AnyFunSuiteLike.runTests$(AnyFunSuiteLike.scala:268)
[info]   at org.scalatest.funsuite.AnyFunSuite.runTests(AnyFunSuite.scala:1564)
[info]   at org.scalatest.Suite.run(Suite.scala:1114)
[info]   at org.scalatest.Suite.run$(Suite.scala:1096)
[info]   at org.scalatest.funsuite.AnyFunSuite.org$scalatest$funsuite$AnyFunSuiteLike$$super$run(AnyFunSuite.scala:1564)
[info]   at org.scalatest.funsuite.AnyFunSuiteLike.$anonfun$run$1(AnyFunSuiteLike.scala:273)
[info]   at org.scalatest.SuperEngine.runImpl(Engine.scala:535)
[info]   at org.scalatest.funsuite.AnyFunSuiteLike.run(AnyFunSuiteLike.scala:273)
[info]   at org.scalatest.funsuite.AnyFunSuiteLike.run$(AnyFunSuiteLike.scala:272)
[info]   at frameless.TypedDatasetSuite.org$scalatest$BeforeAndAfterAll$$super$run(TypedDatasetSuite.scala:63)
[info]   at org.scalatest.BeforeAndAfterAll.liftedTree1$1(BeforeAndAfterAll.scala:213)
[info]   at org.scalatest.BeforeAndAfterAll.run(BeforeAndAfterAll.scala:210)
[info]   at org.scalatest.BeforeAndAfterAll.run$(BeforeAndAfterAll.scala:208)
[info]   at frameless.TypedDatasetSuite.run(TypedDatasetSuite.scala:63)
[info]   at org.scalatest.tools.Framework.org$scalatest$tools$Framework$$runSuite(Framework.scala:321)
[info]   at org.scalatest.tools.Framework$ScalaTestTask.execute(Framework.scala:517)
[info]   at sbt.ForkMain$Run.lambda$runTest$1(ForkMain.java:414)
[info]   at java.base/java.util.concurrent.FutureTask.run(FutureTask.java:317)
[info]   at java.base/java.util.concurrent.ThreadPoolExecutor.runWorker(ThreadPoolExecutor.java:1144)
[info]   at java.base/java.util.concurrent.ThreadPoolExecutor$Worker.run(ThreadPoolExecutor.java:642)
[info]   at java.base/java.lang.Thread.run(Thread.java:1583)
[info] - unary - on strings should not type check *** FAILED *** (1 millisecond)
[info]   java.lang.IllegalArgumentException: argument type mismatch
[info]   at java.base/jdk.internal.reflect.DirectConstructorHandleAccessor.newInstance(DirectConstructorHandleAccessor.java:65)
[info]   at java.base/java.lang.reflect.Constructor.newInstanceWithCaller(Constructor.java:502)
[info]   at java.base/java.lang.reflect.Constructor.newInstance(Constructor.java:486)
[info]   at frameless.TypedExpressionEncoder$.$anonfun$apply$3(TypedExpressionEncoder.scala:55)
[info]   at scala.Option.map(Option.scala:242)
[info]   at frameless.TypedExpressionEncoder$.apply(TypedExpressionEncoder.scala:54)
[info]   at frameless.TypedDataset$.create(TypedDataset.scala:1325)
[info]   at frameless.SelectTests.$anonfun$new$487(SelectTests.scala:391)
[info]   at scala.runtime.java8.JFunction0$mcV$sp.apply(JFunction0$mcV$sp.scala:18)
[info]   at org.scalatest.OutcomeOf.outcomeOf(OutcomeOf.scala:85)
[info]   at org.scalatest.OutcomeOf.outcomeOf$(OutcomeOf.scala:83)
[info]   at org.scalatest.OutcomeOf$.outcomeOf(OutcomeOf.scala:104)
[info]   at org.scalatest.Transformer.apply(Transformer.scala:22)
[info]   at org.scalatest.Transformer.apply(Transformer.scala:20)
[info]   at org.scalatest.funsuite.AnyFunSuiteLike$$anon$1.apply(AnyFunSuiteLike.scala:226)
[info]   at org.scalatest.TestSuite.withFixture(TestSuite.scala:196)
[info]   at org.scalatest.TestSuite.withFixture$(TestSuite.scala:195)
[info]   at org.scalatest.funsuite.AnyFunSuite.withFixture(AnyFunSuite.scala:1564)
[info]   at org.scalatest.funsuite.AnyFunSuiteLike.invokeWithFixture$1(AnyFunSuiteLike.scala:224)
[info]   at org.scalatest.funsuite.AnyFunSuiteLike.$anonfun$runTest$1(AnyFunSuiteLike.scala:236)
[info]   at org.scalatest.SuperEngine.runTestImpl(Engine.scala:306)
[info]   at org.scalatest.funsuite.AnyFunSuiteLike.runTest(AnyFunSuiteLike.scala:236)
[info]   at org.scalatest.funsuite.AnyFunSuiteLike.runTest$(AnyFunSuiteLike.scala:218)
[info]   at org.scalatest.funsuite.AnyFunSuite.runTest(AnyFunSuite.scala:1564)
[info]   at org.scalatest.funsuite.AnyFunSuiteLike.$anonfun$runTests$1(AnyFunSuiteLike.scala:269)
[info]   at org.scalatest.SuperEngine.$anonfun$runTestsInBranch$1(Engine.scala:413)
[info]   at scala.collection.immutable.List.foreach(List.scala:334)
[info]   at org.scalatest.SuperEngine.traverseSubNodes$1(Engine.scala:401)
[info]   at org.scalatest.SuperEngine.runTestsInBranch(Engine.scala:396)
[info]   at org.scalatest.SuperEngine.runTestsImpl(Engine.scala:475)
[info]   at org.scalatest.funsuite.AnyFunSuiteLike.runTests(AnyFunSuiteLike.scala:269)
[info]   at org.scalatest.funsuite.AnyFunSuiteLike.runTests$(AnyFunSuiteLike.scala:268)
[info]   at org.scalatest.funsuite.AnyFunSuite.runTests(AnyFunSuite.scala:1564)
[info]   at org.scalatest.Suite.run(Suite.scala:1114)
[info]   at org.scalatest.Suite.run$(Suite.scala:1096)
[info]   at org.scalatest.funsuite.AnyFunSuite.org$scalatest$funsuite$AnyFunSuiteLike$$super$run(AnyFunSuite.scala:1564)
[info]   at org.scalatest.funsuite.AnyFunSuiteLike.$anonfun$run$1(AnyFunSuiteLike.scala:273)
[info]   at org.scalatest.SuperEngine.runImpl(Engine.scala:535)
[info]   at org.scalatest.funsuite.AnyFunSuiteLike.run(AnyFunSuiteLike.scala:273)
[info]   at org.scalatest.funsuite.AnyFunSuiteLike.run$(AnyFunSuiteLike.scala:272)
[info]   at frameless.TypedDatasetSuite.org$scalatest$BeforeAndAfterAll$$super$run(TypedDatasetSuite.scala:63)
[info]   at org.scalatest.BeforeAndAfterAll.liftedTree1$1(BeforeAndAfterAll.scala:213)
[info]   at org.scalatest.BeforeAndAfterAll.run(BeforeAndAfterAll.scala:210)
[info]   at org.scalatest.BeforeAndAfterAll.run$(BeforeAndAfterAll.scala:208)
[info]   at frameless.TypedDatasetSuite.run(TypedDatasetSuite.scala:63)
[info]   at org.scalatest.tools.Framework.org$scalatest$tools$Framework$$runSuite(Framework.scala:321)
[info]   at org.scalatest.tools.Framework$ScalaTestTask.execute(Framework.scala:517)
[info]   at sbt.ForkMain$Run.lambda$runTest$1(ForkMain.java:414)
[info]   at java.base/java.util.concurrent.FutureTask.run(FutureTask.java:317)
[info]   at java.base/java.util.concurrent.ThreadPoolExecutor.runWorker(ThreadPoolExecutor.java:1144)
[info]   at java.base/java.util.concurrent.ThreadPoolExecutor$Worker.run(ThreadPoolExecutor.java:642)
[info]   at java.base/java.lang.Thread.run(Thread.java:1583)
[info]   Cause: java.lang.ClassCastException: Cannot cast scala.reflect.ClassTag$GenericClassTag to org.apache.spark.sql.catalyst.expressions.Expression
[info]   at java.base/java.lang.Class.cast(Class.java:4067)
[info]   at java.base/jdk.internal.reflect.DirectConstructorHandleAccessor.newInstance(DirectConstructorHandleAccessor.java:62)
[info]   at java.base/java.lang.reflect.Constructor.newInstanceWithCaller(Constructor.java:502)
[info]   at java.base/java.lang.reflect.Constructor.newInstance(Constructor.java:486)
[info]   at frameless.TypedExpressionEncoder$.$anonfun$apply$3(TypedExpressionEncoder.scala:55)
[info]   at scala.Option.map(Option.scala:242)
[info]   at frameless.TypedExpressionEncoder$.apply(TypedExpressionEncoder.scala:54)
[info]   at frameless.TypedDataset$.create(TypedDataset.scala:1325)
[info]   at frameless.SelectTests.$anonfun$new$487(SelectTests.scala:391)
[info]   at scala.runtime.java8.JFunction0$mcV$sp.apply(JFunction0$mcV$sp.scala:18)
[info]   at org.scalatest.OutcomeOf.outcomeOf(OutcomeOf.scala:85)
[info]   at org.scalatest.OutcomeOf.outcomeOf$(OutcomeOf.scala:83)
[info]   at org.scalatest.OutcomeOf$.outcomeOf(OutcomeOf.scala:104)
[info]   at org.scalatest.Transformer.apply(Transformer.scala:22)
[info]   at org.scalatest.Transformer.apply(Transformer.scala:20)
[info]   at org.scalatest.funsuite.AnyFunSuiteLike$$anon$1.apply(AnyFunSuiteLike.scala:226)
[info]   at org.scalatest.TestSuite.withFixture(TestSuite.scala:196)
[info]   at org.scalatest.TestSuite.withFixture$(TestSuite.scala:195)
[info]   at org.scalatest.funsuite.AnyFunSuite.withFixture(AnyFunSuite.scala:1564)
[info]   at org.scalatest.funsuite.AnyFunSuiteLike.invokeWithFixture$1(AnyFunSuiteLike.scala:224)
[info]   at org.scalatest.funsuite.AnyFunSuiteLike.$anonfun$runTest$1(AnyFunSuiteLike.scala:236)
[info]   at org.scalatest.SuperEngine.runTestImpl(Engine.scala:306)
[info]   at org.scalatest.funsuite.AnyFunSuiteLike.runTest(AnyFunSuiteLike.scala:236)
[info]   at org.scalatest.funsuite.AnyFunSuiteLike.runTest$(AnyFunSuiteLike.scala:218)
[info]   at org.scalatest.funsuite.AnyFunSuite.runTest(AnyFunSuite.scala:1564)
[info]   at org.scalatest.funsuite.AnyFunSuiteLike.$anonfun$runTests$1(AnyFunSuiteLike.scala:269)
[info]   at org.scalatest.SuperEngine.$anonfun$runTestsInBranch$1(Engine.scala:413)
[info]   at scala.collection.immutable.List.foreach(List.scala:334)
[info]   at org.scalatest.SuperEngine.traverseSubNodes$1(Engine.scala:401)
[info]   at org.scalatest.SuperEngine.runTestsInBranch(Engine.scala:396)
[info]   at org.scalatest.SuperEngine.runTestsImpl(Engine.scala:475)
[info]   at org.scalatest.funsuite.AnyFunSuiteLike.runTests(AnyFunSuiteLike.scala:269)
[info]   at org.scalatest.funsuite.AnyFunSuiteLike.runTests$(AnyFunSuiteLike.scala:268)
[info]   at org.scalatest.funsuite.AnyFunSuite.runTests(AnyFunSuite.scala:1564)
[info]   at org.scalatest.Suite.run(Suite.scala:1114)
[info]   at org.scalatest.Suite.run$(Suite.scala:1096)
[info]   at org.scalatest.funsuite.AnyFunSuite.org$scalatest$funsuite$AnyFunSuiteLike$$super$run(AnyFunSuite.scala:1564)
[info]   at org.scalatest.funsuite.AnyFunSuiteLike.$anonfun$run$1(AnyFunSuiteLike.scala:273)
[info]   at org.scalatest.SuperEngine.runImpl(Engine.scala:535)
[info]   at org.scalatest.funsuite.AnyFunSuiteLike.run(AnyFunSuiteLike.scala:273)
[info]   at org.scalatest.funsuite.AnyFunSuiteLike.run$(AnyFunSuiteLike.scala:272)
[info]   at frameless.TypedDatasetSuite.org$scalatest$BeforeAndAfterAll$$super$run(TypedDatasetSuite.scala:63)
[info]   at org.scalatest.BeforeAndAfterAll.liftedTree1$1(BeforeAndAfterAll.scala:213)
[info]   at org.scalatest.BeforeAndAfterAll.run(BeforeAndAfterAll.scala:210)
[info]   at org.scalatest.BeforeAndAfterAll.run$(BeforeAndAfterAll.scala:208)
[info]   at frameless.TypedDatasetSuite.run(TypedDatasetSuite.scala:63)
[info]   at org.scalatest.tools.Framework.org$scalatest$tools$Framework$$runSuite(Framework.scala:321)
[info]   at org.scalatest.tools.Framework$ScalaTestTask.execute(Framework.scala:517)
[info]   at sbt.ForkMain$Run.lambda$runTest$1(ForkMain.java:414)
[info]   at java.base/java.util.concurrent.FutureTask.run(FutureTask.java:317)
[info]   at java.base/java.util.concurrent.ThreadPoolExecutor.runWorker(ThreadPoolExecutor.java:1144)
[info]   at java.base/java.util.concurrent.ThreadPoolExecutor$Worker.run(ThreadPoolExecutor.java:642)
[info]   at java.base/java.lang.Thread.run(Thread.java:1583)
[info] - select with aggregation operations is not supported *** FAILED *** (2 milliseconds)
[info]   java.lang.IllegalArgumentException: argument type mismatch
[info]   at java.base/jdk.internal.reflect.DirectConstructorHandleAccessor.newInstance(DirectConstructorHandleAccessor.java:65)
[info]   at java.base/java.lang.reflect.Constructor.newInstanceWithCaller(Constructor.java:502)
[info]   at java.base/java.lang.reflect.Constructor.newInstance(Constructor.java:486)
[info]   at frameless.TypedExpressionEncoder$.$anonfun$apply$3(TypedExpressionEncoder.scala:55)
[info]   at scala.Option.map(Option.scala:242)
[info]   at frameless.TypedExpressionEncoder$.apply(TypedExpressionEncoder.scala:54)
[info]   at frameless.TypedDataset$.create(TypedDataset.scala:1325)
[info]   at frameless.SelectTests.$anonfun$new$492(SelectTests.scala:396)
[info]   at scala.runtime.java8.JFunction0$mcV$sp.apply(JFunction0$mcV$sp.scala:18)
[info]   at org.scalatest.OutcomeOf.outcomeOf(OutcomeOf.scala:85)
[info]   at org.scalatest.OutcomeOf.outcomeOf$(OutcomeOf.scala:83)
[info]   at org.scalatest.OutcomeOf$.outcomeOf(OutcomeOf.scala:104)
[info]   at org.scalatest.Transformer.apply(Transformer.scala:22)
[info]   at org.scalatest.Transformer.apply(Transformer.scala:20)
[info]   at org.scalatest.funsuite.AnyFunSuiteLike$$anon$1.apply(AnyFunSuiteLike.scala:226)
[info]   at org.scalatest.TestSuite.withFixture(TestSuite.scala:196)
[info]   at org.scalatest.TestSuite.withFixture$(TestSuite.scala:195)
[info]   at org.scalatest.funsuite.AnyFunSuite.withFixture(AnyFunSuite.scala:1564)
[info]   at org.scalatest.funsuite.AnyFunSuiteLike.invokeWithFixture$1(AnyFunSuiteLike.scala:224)
[info]   at org.scalatest.funsuite.AnyFunSuiteLike.$anonfun$runTest$1(AnyFunSuiteLike.scala:236)
[info]   at org.scalatest.SuperEngine.runTestImpl(Engine.scala:306)
[info]   at org.scalatest.funsuite.AnyFunSuiteLike.runTest(AnyFunSuiteLike.scala:236)
[info]   at org.scalatest.funsuite.AnyFunSuiteLike.runTest$(AnyFunSuiteLike.scala:218)
[info]   at org.scalatest.funsuite.AnyFunSuite.runTest(AnyFunSuite.scala:1564)
[info]   at org.scalatest.funsuite.AnyFunSuiteLike.$anonfun$runTests$1(AnyFunSuiteLike.scala:269)
[info]   at org.scalatest.SuperEngine.$anonfun$runTestsInBranch$1(Engine.scala:413)
[info]   at scala.collection.immutable.List.foreach(List.scala:334)
[info]   at org.scalatest.SuperEngine.traverseSubNodes$1(Engine.scala:401)
[info]   at org.scalatest.SuperEngine.runTestsInBranch(Engine.scala:396)
[info]   at org.scalatest.SuperEngine.runTestsImpl(Engine.scala:475)
[info]   at org.scalatest.funsuite.AnyFunSuiteLike.runTests(AnyFunSuiteLike.scala:269)
[info]   at org.scalatest.funsuite.AnyFunSuiteLike.runTests$(AnyFunSuiteLike.scala:268)
[info]   at org.scalatest.funsuite.AnyFunSuite.runTests(AnyFunSuite.scala:1564)
[info]   at org.scalatest.Suite.run(Suite.scala:1114)
[info]   at org.scalatest.Suite.run$(Suite.scala:1096)
[info]   at org.scalatest.funsuite.AnyFunSuite.org$scalatest$funsuite$AnyFunSuiteLike$$super$run(AnyFunSuite.scala:1564)
[info]   at org.scalatest.funsuite.AnyFunSuiteLike.$anonfun$run$1(AnyFunSuiteLike.scala:273)
[info]   at org.scalatest.SuperEngine.runImpl(Engine.scala:535)
[info]   at org.scalatest.funsuite.AnyFunSuiteLike.run(AnyFunSuiteLike.scala:273)
[info]   at org.scalatest.funsuite.AnyFunSuiteLike.run$(AnyFunSuiteLike.scala:272)
[info]   at frameless.TypedDatasetSuite.org$scalatest$BeforeAndAfterAll$$super$run(TypedDatasetSuite.scala:63)
[info]   at org.scalatest.BeforeAndAfterAll.liftedTree1$1(BeforeAndAfterAll.scala:213)
[info]   at org.scalatest.BeforeAndAfterAll.run(BeforeAndAfterAll.scala:210)
[info]   at org.scalatest.BeforeAndAfterAll.run$(BeforeAndAfterAll.scala:208)
[info]   at frameless.TypedDatasetSuite.run(TypedDatasetSuite.scala:63)
[info]   at org.scalatest.tools.Framework.org$scalatest$tools$Framework$$runSuite(Framework.scala:321)
[info]   at org.scalatest.tools.Framework$ScalaTestTask.execute(Framework.scala:517)
[info]   at sbt.ForkMain$Run.lambda$runTest$1(ForkMain.java:414)
[info]   at java.base/java.util.concurrent.FutureTask.run(FutureTask.java:317)
[info]   at java.base/java.util.concurrent.ThreadPoolExecutor.runWorker(ThreadPoolExecutor.java:1144)
[info]   at java.base/java.util.concurrent.ThreadPoolExecutor$Worker.run(ThreadPoolExecutor.java:642)
[info]   at java.base/java.lang.Thread.run(Thread.java:1583)
[info]   Cause: java.lang.ClassCastException: Cannot cast scala.reflect.ClassTag$GenericClassTag to org.apache.spark.sql.catalyst.expressions.Expression
[info]   at java.base/java.lang.Class.cast(Class.java:4067)
[info]   at java.base/jdk.internal.reflect.DirectConstructorHandleAccessor.newInstance(DirectConstructorHandleAccessor.java:62)
[info]   at java.base/java.lang.reflect.Constructor.newInstanceWithCaller(Constructor.java:502)
[info]   at java.base/java.lang.reflect.Constructor.newInstance(Constructor.java:486)
[info]   at frameless.TypedExpressionEncoder$.$anonfun$apply$3(TypedExpressionEncoder.scala:55)
[info]   at scala.Option.map(Option.scala:242)
[info]   at frameless.TypedExpressionEncoder$.apply(TypedExpressionEncoder.scala:54)
[info]   at frameless.TypedDataset$.create(TypedDataset.scala:1325)
[info]   at frameless.SelectTests.$anonfun$new$492(SelectTests.scala:396)
[info]   at scala.runtime.java8.JFunction0$mcV$sp.apply(JFunction0$mcV$sp.scala:18)
[info]   at org.scalatest.OutcomeOf.outcomeOf(OutcomeOf.scala:85)
[info]   at org.scalatest.OutcomeOf.outcomeOf$(OutcomeOf.scala:83)
[info]   at org.scalatest.OutcomeOf$.outcomeOf(OutcomeOf.scala:104)
[info]   at org.scalatest.Transformer.apply(Transformer.scala:22)
[info]   at org.scalatest.Transformer.apply(Transformer.scala:20)
[info]   at org.scalatest.funsuite.AnyFunSuiteLike$$anon$1.apply(AnyFunSuiteLike.scala:226)
[info]   at org.scalatest.TestSuite.withFixture(TestSuite.scala:196)
[info]   at org.scalatest.TestSuite.withFixture$(TestSuite.scala:195)
[info]   at org.scalatest.funsuite.AnyFunSuite.withFixture(AnyFunSuite.scala:1564)
[info]   at org.scalatest.funsuite.AnyFunSuiteLike.invokeWithFixture$1(AnyFunSuiteLike.scala:224)
[info]   at org.scalatest.funsuite.AnyFunSuiteLike.$anonfun$runTest$1(AnyFunSuiteLike.scala:236)
[info]   at org.scalatest.SuperEngine.runTestImpl(Engine.scala:306)
[info]   at org.scalatest.funsuite.AnyFunSuiteLike.runTest(AnyFunSuiteLike.scala:236)
[info]   at org.scalatest.funsuite.AnyFunSuiteLike.runTest$(AnyFunSuiteLike.scala:218)
[info]   at org.scalatest.funsuite.AnyFunSuite.runTest(AnyFunSuite.scala:1564)
[info]   at org.scalatest.funsuite.AnyFunSuiteLike.$anonfun$runTests$1(AnyFunSuiteLike.scala:269)
[info]   at org.scalatest.SuperEngine.$anonfun$runTestsInBranch$1(Engine.scala:413)
[info]   at scala.collection.immutable.List.foreach(List.scala:334)
[info]   at org.scalatest.SuperEngine.traverseSubNodes$1(Engine.scala:401)
[info]   at org.scalatest.SuperEngine.runTestsInBranch(Engine.scala:396)
[info]   at org.scalatest.SuperEngine.runTestsImpl(Engine.scala:475)
[info]   at org.scalatest.funsuite.AnyFunSuiteLike.runTests(AnyFunSuiteLike.scala:269)
[info]   at org.scalatest.funsuite.AnyFunSuiteLike.runTests$(AnyFunSuiteLike.scala:268)
[info]   at org.scalatest.funsuite.AnyFunSuite.runTests(AnyFunSuite.scala:1564)
[info]   at org.scalatest.Suite.run(Suite.scala:1114)
[info]   at org.scalatest.Suite.run$(Suite.scala:1096)
[info]   at org.scalatest.funsuite.AnyFunSuite.org$scalatest$funsuite$AnyFunSuiteLike$$super$run(AnyFunSuite.scala:1564)
[info]   at org.scalatest.funsuite.AnyFunSuiteLike.$anonfun$run$1(AnyFunSuiteLike.scala:273)
[info]   at org.scalatest.SuperEngine.runImpl(Engine.scala:535)
[info]   at org.scalatest.funsuite.AnyFunSuiteLike.run(AnyFunSuiteLike.scala:273)
[info]   at org.scalatest.funsuite.AnyFunSuiteLike.run$(AnyFunSuiteLike.scala:272)
[info]   at frameless.TypedDatasetSuite.org$scalatest$BeforeAndAfterAll$$super$run(TypedDatasetSuite.scala:63)
[info]   at org.scalatest.BeforeAndAfterAll.liftedTree1$1(BeforeAndAfterAll.scala:213)
[info]   at org.scalatest.BeforeAndAfterAll.run(BeforeAndAfterAll.scala:210)
[info]   at org.scalatest.BeforeAndAfterAll.run$(BeforeAndAfterAll.scala:208)
[info]   at frameless.TypedDatasetSuite.run(TypedDatasetSuite.scala:63)
[info]   at org.scalatest.tools.Framework.org$scalatest$tools$Framework$$runSuite(Framework.scala:321)
[info]   at org.scalatest.tools.Framework$ScalaTestTask.execute(Framework.scala:517)
[info]   at sbt.ForkMain$Run.lambda$runTest$1(ForkMain.java:414)
[info]   at java.base/java.util.concurrent.FutureTask.run(FutureTask.java:317)
[info]   at java.base/java.util.concurrent.ThreadPoolExecutor.runWorker(ThreadPoolExecutor.java:1144)
[info]   at java.base/java.util.concurrent.ThreadPoolExecutor$Worker.run(ThreadPoolExecutor.java:642)
[info]   at java.base/java.lang.Thread.run(Thread.java:1583)
[info] FilterTests:
[info] - filter('a == lit(b)) *** FAILED *** (2 milliseconds)
[info]   IllegalArgumentException was thrown during property evaluation.
[info]     Message: argument type mismatch
[info]     Occurred when passed generated values (
[info]       arg0 = 0, // 1 shrink
[info]       arg1 = Vector()
[info]     )
[info]   org.scalatest.exceptions.GeneratorDrivenPropertyCheckFailedException:
[info]   at org.scalatestplus.scalacheck.CheckerAsserting$$anon$2.indicateFailure(CheckerAsserting.scala:251)
[info]   at org.scalatestplus.scalacheck.CheckerAsserting$$anon$2.indicateFailure(CheckerAsserting.scala:238)
[info]   at org.scalatestplus.scalacheck.UnitCheckerAsserting$CheckerAssertingImpl.check(CheckerAsserting.scala:160)
[info]   at org.scalatestplus.scalacheck.Checkers.check(Checkers.scala:371)
[info]   at org.scalatestplus.scalacheck.Checkers.check$(Checkers.scala:369)
[info]   at frameless.TypedDatasetSuite.check(TypedDatasetSuite.scala:63)
[info]   at frameless.FilterTests.$anonfun$new$1(FilterTests.scala:20)
[info]   at org.scalatest.OutcomeOf.outcomeOf(OutcomeOf.scala:85)
[info]   at org.scalatest.OutcomeOf.outcomeOf$(OutcomeOf.scala:83)
[info]   at org.scalatest.OutcomeOf$.outcomeOf(OutcomeOf.scala:104)
[info]   at org.scalatest.Transformer.apply(Transformer.scala:22)
[info]   at org.scalatest.Transformer.apply(Transformer.scala:20)
[info]   at org.scalatest.funsuite.AnyFunSuiteLike$$anon$1.apply(AnyFunSuiteLike.scala:226)
[info]   at org.scalatest.TestSuite.withFixture(TestSuite.scala:196)
[info]   at org.scalatest.TestSuite.withFixture$(TestSuite.scala:195)
[info]   at org.scalatest.funsuite.AnyFunSuite.withFixture(AnyFunSuite.scala:1564)
[info]   at org.scalatest.funsuite.AnyFunSuiteLike.invokeWithFixture$1(AnyFunSuiteLike.scala:224)
[info]   at org.scalatest.funsuite.AnyFunSuiteLike.$anonfun$runTest$1(AnyFunSuiteLike.scala:236)
[info]   at org.scalatest.SuperEngine.runTestImpl(Engine.scala:306)
[info]   at org.scalatest.funsuite.AnyFunSuiteLike.runTest(AnyFunSuiteLike.scala:236)
[info]   at org.scalatest.funsuite.AnyFunSuiteLike.runTest$(AnyFunSuiteLike.scala:218)
[info]   at org.scalatest.funsuite.AnyFunSuite.runTest(AnyFunSuite.scala:1564)
[info]   at org.scalatest.funsuite.AnyFunSuiteLike.$anonfun$runTests$1(AnyFunSuiteLike.scala:269)
[info]   at org.scalatest.SuperEngine.$anonfun$runTestsInBranch$1(Engine.scala:413)
[info]   at scala.collection.immutable.List.foreach(List.scala:334)
[info]   at org.scalatest.SuperEngine.traverseSubNodes$1(Engine.scala:401)
[info]   at org.scalatest.SuperEngine.runTestsInBranch(Engine.scala:396)
[info]   at org.scalatest.SuperEngine.runTestsImpl(Engine.scala:475)
[info]   at org.scalatest.funsuite.AnyFunSuiteLike.runTests(AnyFunSuiteLike.scala:269)
[info]   at org.scalatest.funsuite.AnyFunSuiteLike.runTests$(AnyFunSuiteLike.scala:268)
[info]   at org.scalatest.funsuite.AnyFunSuite.runTests(AnyFunSuite.scala:1564)
[info]   at org.scalatest.Suite.run(Suite.scala:1114)
[info]   at org.scalatest.Suite.run$(Suite.scala:1096)
[info]   at org.scalatest.funsuite.AnyFunSuite.org$scalatest$funsuite$AnyFunSuiteLike$$super$run(AnyFunSuite.scala:1564)
[info]   at org.scalatest.funsuite.AnyFunSuiteLike.$anonfun$run$1(AnyFunSuiteLike.scala:273)
[info]   at org.scalatest.SuperEngine.runImpl(Engine.scala:535)
[info]   at org.scalatest.funsuite.AnyFunSuiteLike.run(AnyFunSuiteLike.scala:273)
[info]   at org.scalatest.funsuite.AnyFunSuiteLike.run$(AnyFunSuiteLike.scala:272)
[info]   at frameless.TypedDatasetSuite.org$scalatest$BeforeAndAfterAll$$super$run(TypedDatasetSuite.scala:63)
[info]   at org.scalatest.BeforeAndAfterAll.liftedTree1$1(BeforeAndAfterAll.scala:213)
[info]   at org.scalatest.BeforeAndAfterAll.run(BeforeAndAfterAll.scala:210)
[info]   at org.scalatest.BeforeAndAfterAll.run$(BeforeAndAfterAll.scala:208)
[info]   at frameless.TypedDatasetSuite.run(TypedDatasetSuite.scala:63)
[info]   at org.scalatest.tools.Framework.org$scalatest$tools$Framework$$runSuite(Framework.scala:321)
[info]   at org.scalatest.tools.Framework$ScalaTestTask.execute(Framework.scala:517)
[info]   at sbt.ForkMain$Run.lambda$runTest$1(ForkMain.java:414)
[info]   at java.base/java.util.concurrent.FutureTask.run(FutureTask.java:317)
[info]   at java.base/java.util.concurrent.ThreadPoolExecutor.runWorker(ThreadPoolExecutor.java:1144)
[info]   at java.base/java.util.concurrent.ThreadPoolExecutor$Worker.run(ThreadPoolExecutor.java:642)
[info]   at java.base/java.lang.Thread.run(Thread.java:1583)
[info]   Cause: java.lang.IllegalArgumentException: argument type mismatch
[info]   at java.base/jdk.internal.reflect.DirectConstructorHandleAccessor.newInstance(DirectConstructorHandleAccessor.java:65)
[info]   at java.base/java.lang.reflect.Constructor.newInstanceWithCaller(Constructor.java:502)
[info]   at java.base/java.lang.reflect.Constructor.newInstance(Constructor.java:486)
[info]   at frameless.TypedExpressionEncoder$.$anonfun$apply$3(TypedExpressionEncoder.scala:55)
[info]   at scala.Option.map(Option.scala:242)
[info]   at frameless.TypedExpressionEncoder$.apply(TypedExpressionEncoder.scala:54)
[info]   at frameless.TypedDataset$.create(TypedDataset.scala:1325)
[info]   at frameless.FilterTests.prop$1(FilterTests.scala:11)
[info]   at frameless.FilterTests.$anonfun$new$7(FilterTests.scala:20)
[info]   at frameless.FilterTests.$anonfun$new$7$adapted(FilterTests.scala:20)
[info]   at org.scalacheck.Prop$.$anonfun$forAll$18(Prop.scala:1131)
[info]   at scala.Function1.$anonfun$andThen$1(Function1.scala:87)
[info]   at org.scalacheck.Prop$.$anonfun$forAllShrink$2(Prop.scala:868)
[info]   at org.scalacheck.Prop$.secure(Prop.scala:484)
[info]   at org.scalacheck.Prop$.result$1(Prop.scala:868)
[info]   at org.scalacheck.Prop$.$anonfun$forAllShrink$1(Prop.scala:915)
[info]   at org.scalacheck.Prop$.$anonfun$apply$1(Prop.scala:305)
[info]   at org.scalacheck.PropFromFun.apply(Prop.scala:20)
[info]   at org.scalacheck.Prop$.result$1(Prop.scala:869)
[info]   at org.scalacheck.Prop$.$anonfun$forAllShrink$4(Prop.scala:880)
[info]   at scala.collection.immutable.Stream.map(Stream.scala:173)
[info]   at org.scalacheck.Prop$.getFirstFailure$1(Prop.scala:880)
[info]   at org.scalacheck.Prop$.shrinker$1(Prop.scala:895)
[info]   at org.scalacheck.Prop$.$anonfun$forAllShrink$1(Prop.scala:916)
[info]   at org.scalacheck.Prop$.$anonfun$apply$1(Prop.scala:305)
[info]   at org.scalacheck.PropFromFun.apply(Prop.scala:20)
[info]   at org.scalacheck.Test$.workerFun$1(Test.scala:486)
[info]   at org.scalacheck.Test$.$anonfun$check$4(Test.scala:518)
[info]   at org.scalacheck.Test$.$anonfun$check$4$adapted(Test.scala:518)
[info]   at org.scalacheck.Platform$.runWorkers(Platform.scala:42)
[info]   at org.scalacheck.Test$.check(Test.scala:518)
[info]   at org.scalatestplus.scalacheck.UnitCheckerAsserting$CheckerAssertingImpl.check(CheckerAsserting.scala:90)
[info]   at org.scalatestplus.scalacheck.Checkers.check(Checkers.scala:371)
[info]   at org.scalatestplus.scalacheck.Checkers.check$(Checkers.scala:369)
[info]   at frameless.TypedDatasetSuite.check(TypedDatasetSuite.scala:63)
[info]   at frameless.FilterTests.$anonfun$new$1(FilterTests.scala:20)
[info]   at org.scalatest.OutcomeOf.outcomeOf(OutcomeOf.scala:85)
[info]   at org.scalatest.OutcomeOf.outcomeOf$(OutcomeOf.scala:83)
[info]   at org.scalatest.OutcomeOf$.outcomeOf(OutcomeOf.scala:104)
[info]   at org.scalatest.Transformer.apply(Transformer.scala:22)
[info]   at org.scalatest.Transformer.apply(Transformer.scala:20)
[info]   at org.scalatest.funsuite.AnyFunSuiteLike$$anon$1.apply(AnyFunSuiteLike.scala:226)
[info]   at org.scalatest.TestSuite.withFixture(TestSuite.scala:196)
[info]   at org.scalatest.TestSuite.withFixture$(TestSuite.scala:195)
[info]   at org.scalatest.funsuite.AnyFunSuite.withFixture(AnyFunSuite.scala:1564)
[info]   at org.scalatest.funsuite.AnyFunSuiteLike.invokeWithFixture$1(AnyFunSuiteLike.scala:224)
[info]   at org.scalatest.funsuite.AnyFunSuiteLike.$anonfun$runTest$1(AnyFunSuiteLike.scala:236)
[info]   at org.scalatest.SuperEngine.runTestImpl(Engine.scala:306)
[info]   at org.scalatest.funsuite.AnyFunSuiteLike.runTest(AnyFunSuiteLike.scala:236)
[info]   at org.scalatest.funsuite.AnyFunSuiteLike.runTest$(AnyFunSuiteLike.scala:218)
[info]   at org.scalatest.funsuite.AnyFunSuite.runTest(AnyFunSuite.scala:1564)
[info]   at org.scalatest.funsuite.AnyFunSuiteLike.$anonfun$runTests$1(AnyFunSuiteLike.scala:269)
[info]   at org.scalatest.SuperEngine.$anonfun$runTestsInBranch$1(Engine.scala:413)
[info]   at scala.collection.immutable.List.foreach(List.scala:334)
[info]   at org.scalatest.SuperEngine.traverseSubNodes$1(Engine.scala:401)
[info]   at org.scalatest.SuperEngine.runTestsInBranch(Engine.scala:396)
[info]   at org.scalatest.SuperEngine.runTestsImpl(Engine.scala:475)
[info]   at org.scalatest.funsuite.AnyFunSuiteLike.runTests(AnyFunSuiteLike.scala:269)
[info]   at org.scalatest.funsuite.AnyFunSuiteLike.runTests$(AnyFunSuiteLike.scala:268)
[info]   at org.scalatest.funsuite.AnyFunSuite.runTests(AnyFunSuite.scala:1564)
[info]   at org.scalatest.Suite.run(Suite.scala:1114)
[info]   at org.scalatest.Suite.run$(Suite.scala:1096)
[info]   at org.scalatest.funsuite.AnyFunSuite.org$scalatest$funsuite$AnyFunSuiteLike$$super$run(AnyFunSuite.scala:1564)
[info]   at org.scalatest.funsuite.AnyFunSuiteLike.$anonfun$run$1(AnyFunSuiteLike.scala:273)
[info]   at org.scalatest.SuperEngine.runImpl(Engine.scala:535)
[info]   at org.scalatest.funsuite.AnyFunSuiteLike.run(AnyFunSuiteLike.scala:273)
[info]   at org.scalatest.funsuite.AnyFunSuiteLike.run$(AnyFunSuiteLike.scala:272)
[info]   at frameless.TypedDatasetSuite.org$scalatest$BeforeAndAfterAll$$super$run(TypedDatasetSuite.scala:63)
[info]   at org.scalatest.BeforeAndAfterAll.liftedTree1$1(BeforeAndAfterAll.scala:213)
[info]   at org.scalatest.BeforeAndAfterAll.run(BeforeAndAfterAll.scala:210)
[info]   at org.scalatest.BeforeAndAfterAll.run$(BeforeAndAfterAll.scala:208)
[info]   at frameless.TypedDatasetSuite.run(TypedDatasetSuite.scala:63)
[info]   at org.scalatest.tools.Framework.org$scalatest$tools$Framework$$runSuite(Framework.scala:321)
[info]   at org.scalatest.tools.Framework$ScalaTestTask.execute(Framework.scala:517)
[info]   at sbt.ForkMain$Run.lambda$runTest$1(ForkMain.java:414)
[info]   at java.base/java.util.concurrent.FutureTask.run(FutureTask.java:317)
[info]   at java.base/java.util.concurrent.ThreadPoolExecutor.runWorker(ThreadPoolExecutor.java:1144)
[info]   at java.base/java.util.concurrent.ThreadPoolExecutor$Worker.run(ThreadPoolExecutor.java:642)
[info]   at java.base/java.lang.Thread.run(Thread.java:1583)
[info]   Cause: java.lang.ClassCastException: Cannot cast scala.reflect.ClassTag$GenericClassTag to org.apache.spark.sql.catalyst.expressions.Expression
[info]   at java.base/java.lang.Class.cast(Class.java:4067)
[info]   at java.base/jdk.internal.reflect.DirectConstructorHandleAccessor.newInstance(DirectConstructorHandleAccessor.java:62)
[info]   at java.base/java.lang.reflect.Constructor.newInstanceWithCaller(Constructor.java:502)
[info]   at java.base/java.lang.reflect.Constructor.newInstance(Constructor.java:486)
[info]   at frameless.TypedExpressionEncoder$.$anonfun$apply$3(TypedExpressionEncoder.scala:55)
[info]   at scala.Option.map(Option.scala:242)
[info]   at frameless.TypedExpressionEncoder$.apply(TypedExpressionEncoder.scala:54)
[info]   at frameless.TypedDataset$.create(TypedDataset.scala:1325)
[info]   at frameless.FilterTests.prop$1(FilterTests.scala:11)
[info]   at frameless.FilterTests.$anonfun$new$7(FilterTests.scala:20)
[info]   at frameless.FilterTests.$anonfun$new$7$adapted(FilterTests.scala:20)
[info]   at org.scalacheck.Prop$.$anonfun$forAll$18(Prop.scala:1131)
[info]   at scala.Function1.$anonfun$andThen$1(Function1.scala:87)
[info]   at org.scalacheck.Prop$.$anonfun$forAllShrink$2(Prop.scala:868)
[info]   at org.scalacheck.Prop$.secure(Prop.scala:484)
[info]   at org.scalacheck.Prop$.result$1(Prop.scala:868)
[info]   at org.scalacheck.Prop$.$anonfun$forAllShrink$1(Prop.scala:915)
[info]   at org.scalacheck.Prop$.$anonfun$apply$1(Prop.scala:305)
[info]   at org.scalacheck.PropFromFun.apply(Prop.scala:20)
[info]   at org.scalacheck.Prop$.result$1(Prop.scala:869)
[info]   at org.scalacheck.Prop$.$anonfun$forAllShrink$4(Prop.scala:880)
[info]   at scala.collection.immutable.Stream.map(Stream.scala:173)
[info]   at org.scalacheck.Prop$.getFirstFailure$1(Prop.scala:880)
[info]   at org.scalacheck.Prop$.shrinker$1(Prop.scala:895)
[info]   at org.scalacheck.Prop$.$anonfun$forAllShrink$1(Prop.scala:916)
[info]   at org.scalacheck.Prop$.$anonfun$apply$1(Prop.scala:305)
[info]   at org.scalacheck.PropFromFun.apply(Prop.scala:20)
[info]   at org.scalacheck.Test$.workerFun$1(Test.scala:486)
[info]   at org.scalacheck.Test$.$anonfun$check$4(Test.scala:518)
[info]   at org.scalacheck.Test$.$anonfun$check$4$adapted(Test.scala:518)
[info]   at org.scalacheck.Platform$.runWorkers(Platform.scala:42)
[info]   at org.scalacheck.Test$.check(Test.scala:518)
[info]   at org.scalatestplus.scalacheck.UnitCheckerAsserting$CheckerAssertingImpl.check(CheckerAsserting.scala:90)
[info]   at org.scalatestplus.scalacheck.Checkers.check(Checkers.scala:371)
[info]   at org.scalatestplus.scalacheck.Checkers.check$(Checkers.scala:369)
[info]   at frameless.TypedDatasetSuite.check(TypedDatasetSuite.scala:63)
[info]   at frameless.FilterTests.$anonfun$new$1(FilterTests.scala:20)
[info]   at org.scalatest.OutcomeOf.outcomeOf(OutcomeOf.scala:85)
[info]   at org.scalatest.OutcomeOf.outcomeOf$(OutcomeOf.scala:83)
[info]   at org.scalatest.OutcomeOf$.outcomeOf(OutcomeOf.scala:104)
[info]   at org.scalatest.Transformer.apply(Transformer.scala:22)
[info]   at org.scalatest.Transformer.apply(Transformer.scala:20)
[info]   at org.scalatest.funsuite.AnyFunSuiteLike$$anon$1.apply(AnyFunSuiteLike.scala:226)
[info]   at org.scalatest.TestSuite.withFixture(TestSuite.scala:196)
[info]   at org.scalatest.TestSuite.withFixture$(TestSuite.scala:195)
[info]   at org.scalatest.funsuite.AnyFunSuite.withFixture(AnyFunSuite.scala:1564)
[info]   at org.scalatest.funsuite.AnyFunSuiteLike.invokeWithFixture$1(AnyFunSuiteLike.scala:224)
[info]   at org.scalatest.funsuite.AnyFunSuiteLike.$anonfun$runTest$1(AnyFunSuiteLike.scala:236)
[info]   at org.scalatest.SuperEngine.runTestImpl(Engine.scala:306)
[info]   at org.scalatest.funsuite.AnyFunSuiteLike.runTest(AnyFunSuiteLike.scala:236)
[info]   at org.scalatest.funsuite.AnyFunSuiteLike.runTest$(AnyFunSuiteLike.scala:218)
[info]   at org.scalatest.funsuite.AnyFunSuite.runTest(AnyFunSuite.scala:1564)
[info]   at org.scalatest.funsuite.AnyFunSuiteLike.$anonfun$runTests$1(AnyFunSuiteLike.scala:269)
[info]   at org.scalatest.SuperEngine.$anonfun$runTestsInBranch$1(Engine.scala:413)
[info]   at scala.collection.immutable.List.foreach(List.scala:334)
[info]   at org.scalatest.SuperEngine.traverseSubNodes$1(Engine.scala:401)
[info]   at org.scalatest.SuperEngine.runTestsInBranch(Engine.scala:396)
[info]   at org.scalatest.SuperEngine.runTestsImpl(Engine.scala:475)
[info]   at org.scalatest.funsuite.AnyFunSuiteLike.runTests(AnyFunSuiteLike.scala:269)
[info]   at org.scalatest.funsuite.AnyFunSuiteLike.runTests$(AnyFunSuiteLike.scala:268)
[info]   at org.scalatest.funsuite.AnyFunSuite.runTests(AnyFunSuite.scala:1564)
[info]   at org.scalatest.Suite.run(Suite.scala:1114)
[info]   at org.scalatest.Suite.run$(Suite.scala:1096)
[info]   at org.scalatest.funsuite.AnyFunSuite.org$scalatest$funsuite$AnyFunSuiteLike$$super$run(AnyFunSuite.scala:1564)
[info]   at org.scalatest.funsuite.AnyFunSuiteLike.$anonfun$run$1(AnyFunSuiteLike.scala:273)
[info]   at org.scalatest.SuperEngine.runImpl(Engine.scala:535)
[info]   at org.scalatest.funsuite.AnyFunSuiteLike.run(AnyFunSuiteLike.scala:273)
[info]   at org.scalatest.funsuite.AnyFunSuiteLike.run$(AnyFunSuiteLike.scala:272)
[info]   at frameless.TypedDatasetSuite.org$scalatest$BeforeAndAfterAll$$super$run(TypedDatasetSuite.scala:63)
[info]   at org.scalatest.BeforeAndAfterAll.liftedTree1$1(BeforeAndAfterAll.scala:213)
[info]   at org.scalatest.BeforeAndAfterAll.run(BeforeAndAfterAll.scala:210)
[info]   at org.scalatest.BeforeAndAfterAll.run$(BeforeAndAfterAll.scala:208)
[info]   at frameless.TypedDatasetSuite.run(TypedDatasetSuite.scala:63)
[info]   at org.scalatest.tools.Framework.org$scalatest$tools$Framework$$runSuite(Framework.scala:321)
[info]   at org.scalatest.tools.Framework$ScalaTestTask.execute(Framework.scala:517)
[info]   at sbt.ForkMain$Run.lambda$runTest$1(ForkMain.java:414)
[info]   at java.base/java.util.concurrent.FutureTask.run(FutureTask.java:317)
[info]   at java.base/java.util.concurrent.ThreadPoolExecutor.runWorker(ThreadPoolExecutor.java:1144)
[info]   at java.base/java.util.concurrent.ThreadPoolExecutor$Worker.run(ThreadPoolExecutor.java:642)
[info]   at java.base/java.lang.Thread.run(Thread.java:1583)
[info] - filter('a =!= lit(b)) *** FAILED *** (6 milliseconds)
[info]   IllegalArgumentException was thrown during property evaluation.
[info]     Message: argument type mismatch
[info]     Occurred when passed generated values (
[info]       arg0 = 0, // 31 shrinks
[info]       arg1 = Vector()
[info]     )
[info]   org.scalatest.exceptions.GeneratorDrivenPropertyCheckFailedException:
[info]   at org.scalatestplus.scalacheck.CheckerAsserting$$anon$2.indicateFailure(CheckerAsserting.scala:251)
[info]   at org.scalatestplus.scalacheck.CheckerAsserting$$anon$2.indicateFailure(CheckerAsserting.scala:238)
[info]   at org.scalatestplus.scalacheck.UnitCheckerAsserting$CheckerAssertingImpl.check(CheckerAsserting.scala:160)
[info]   at org.scalatestplus.scalacheck.Checkers.check(Checkers.scala:371)
[info]   at org.scalatestplus.scalacheck.Checkers.check$(Checkers.scala:369)
[info]   at frameless.TypedDatasetSuite.check(TypedDatasetSuite.scala:63)
[info]   at frameless.FilterTests.$anonfun$new$21(FilterTests.scala:35)
[info]   at org.scalatest.OutcomeOf.outcomeOf(OutcomeOf.scala:85)
[info]   at org.scalatest.OutcomeOf.outcomeOf$(OutcomeOf.scala:83)
[info]   at org.scalatest.OutcomeOf$.outcomeOf(OutcomeOf.scala:104)
[info]   at org.scalatest.Transformer.apply(Transformer.scala:22)
[info]   at org.scalatest.Transformer.apply(Transformer.scala:20)
[info]   at org.scalatest.funsuite.AnyFunSuiteLike$$anon$1.apply(AnyFunSuiteLike.scala:226)
[info]   at org.scalatest.TestSuite.withFixture(TestSuite.scala:196)
[info]   at org.scalatest.TestSuite.withFixture$(TestSuite.scala:195)
[info]   at org.scalatest.funsuite.AnyFunSuite.withFixture(AnyFunSuite.scala:1564)
[info]   at org.scalatest.funsuite.AnyFunSuiteLike.invokeWithFixture$1(AnyFunSuiteLike.scala:224)
[info]   at org.scalatest.funsuite.AnyFunSuiteLike.$anonfun$runTest$1(AnyFunSuiteLike.scala:236)
[info]   at org.scalatest.SuperEngine.runTestImpl(Engine.scala:306)
[info]   at org.scalatest.funsuite.AnyFunSuiteLike.runTest(AnyFunSuiteLike.scala:236)
[info]   at org.scalatest.funsuite.AnyFunSuiteLike.runTest$(AnyFunSuiteLike.scala:218)
[info]   at org.scalatest.funsuite.AnyFunSuite.runTest(AnyFunSuite.scala:1564)
[info]   at org.scalatest.funsuite.AnyFunSuiteLike.$anonfun$runTests$1(AnyFunSuiteLike.scala:269)
[info]   at org.scalatest.SuperEngine.$anonfun$runTestsInBranch$1(Engine.scala:413)
[info]   at scala.collection.immutable.List.foreach(List.scala:334)
[info]   at org.scalatest.SuperEngine.traverseSubNodes$1(Engine.scala:401)
[info]   at org.scalatest.SuperEngine.runTestsInBranch(Engine.scala:396)
[info]   at org.scalatest.SuperEngine.runTestsImpl(Engine.scala:475)
[info]   at org.scalatest.funsuite.AnyFunSuiteLike.runTests(AnyFunSuiteLike.scala:269)
[info]   at org.scalatest.funsuite.AnyFunSuiteLike.runTests$(AnyFunSuiteLike.scala:268)
[info]   at org.scalatest.funsuite.AnyFunSuite.runTests(AnyFunSuite.scala:1564)
[info]   at org.scalatest.Suite.run(Suite.scala:1114)
[info]   at org.scalatest.Suite.run$(Suite.scala:1096)
[info]   at org.scalatest.funsuite.AnyFunSuite.org$scalatest$funsuite$AnyFunSuiteLike$$super$run(AnyFunSuite.scala:1564)
[info]   at org.scalatest.funsuite.AnyFunSuiteLike.$anonfun$run$1(AnyFunSuiteLike.scala:273)
[info]   at org.scalatest.SuperEngine.runImpl(Engine.scala:535)
[info]   at org.scalatest.funsuite.AnyFunSuiteLike.run(AnyFunSuiteLike.scala:273)
[info]   at org.scalatest.funsuite.AnyFunSuiteLike.run$(AnyFunSuiteLike.scala:272)
[info]   at frameless.TypedDatasetSuite.org$scalatest$BeforeAndAfterAll$$super$run(TypedDatasetSuite.scala:63)
[info]   at org.scalatest.BeforeAndAfterAll.liftedTree1$1(BeforeAndAfterAll.scala:213)
[info]   at org.scalatest.BeforeAndAfterAll.run(BeforeAndAfterAll.scala:210)
[info]   at org.scalatest.BeforeAndAfterAll.run$(BeforeAndAfterAll.scala:208)
[info]   at frameless.TypedDatasetSuite.run(TypedDatasetSuite.scala:63)
[info]   at org.scalatest.tools.Framework.org$scalatest$tools$Framework$$runSuite(Framework.scala:321)
[info]   at org.scalatest.tools.Framework$ScalaTestTask.execute(Framework.scala:517)
[info]   at sbt.ForkMain$Run.lambda$runTest$1(ForkMain.java:414)
[info]   at java.base/java.util.concurrent.FutureTask.run(FutureTask.java:317)
[info]   at java.base/java.util.concurrent.ThreadPoolExecutor.runWorker(ThreadPoolExecutor.java:1144)
[info]   at java.base/java.util.concurrent.ThreadPoolExecutor$Worker.run(ThreadPoolExecutor.java:642)
[info]   at java.base/java.lang.Thread.run(Thread.java:1583)
[info]   Cause: java.lang.IllegalArgumentException: argument type mismatch
[info]   at java.base/jdk.internal.reflect.DirectConstructorHandleAccessor.newInstance(DirectConstructorHandleAccessor.java:65)
[info]   at java.base/java.lang.reflect.Constructor.newInstanceWithCaller(Constructor.java:502)
[info]   at java.base/java.lang.reflect.Constructor.newInstance(Constructor.java:486)
[info]   at frameless.TypedExpressionEncoder$.$anonfun$apply$3(TypedExpressionEncoder.scala:55)
[info]   at scala.Option.map(Option.scala:242)
[info]   at frameless.TypedExpressionEncoder$.apply(TypedExpressionEncoder.scala:54)
[info]   at frameless.TypedDataset$.create(TypedDataset.scala:1325)
[info]   at frameless.FilterTests.prop$2(FilterTests.scala:26)
[info]   at frameless.FilterTests.$anonfun$new$27(FilterTests.scala:35)
[info]   at frameless.FilterTests.$anonfun$new$27$adapted(FilterTests.scala:35)
[info]   at org.scalacheck.Prop$.$anonfun$forAll$18(Prop.scala:1131)
[info]   at scala.Function1.$anonfun$andThen$1(Function1.scala:87)
[info]   at org.scalacheck.Prop$.$anonfun$forAllShrink$2(Prop.scala:868)
[info]   at org.scalacheck.Prop$.secure(Prop.scala:484)
[info]   at org.scalacheck.Prop$.result$1(Prop.scala:868)
[info]   at org.scalacheck.Prop$.$anonfun$forAllShrink$1(Prop.scala:915)
[info]   at org.scalacheck.Prop$.$anonfun$apply$1(Prop.scala:305)
[info]   at org.scalacheck.PropFromFun.apply(Prop.scala:20)
[info]   at org.scalacheck.Prop$.result$1(Prop.scala:869)
[info]   at org.scalacheck.Prop$.$anonfun$forAllShrink$4(Prop.scala:880)
[info]   at scala.collection.immutable.Stream.map(Stream.scala:173)
[info]   at org.scalacheck.Prop$.getFirstFailure$1(Prop.scala:880)
[info]   at org.scalacheck.Prop$.shrinker$1(Prop.scala:895)
[info]   at org.scalacheck.Prop$.$anonfun$forAllShrink$1(Prop.scala:916)
[info]   at org.scalacheck.Prop$.$anonfun$apply$1(Prop.scala:305)
[info]   at org.scalacheck.PropFromFun.apply(Prop.scala:20)
[info]   at org.scalacheck.Test$.workerFun$1(Test.scala:486)
[info]   at org.scalacheck.Test$.$anonfun$check$4(Test.scala:518)
[info]   at org.scalacheck.Test$.$anonfun$check$4$adapted(Test.scala:518)
[info]   at org.scalacheck.Platform$.runWorkers(Platform.scala:42)
[info]   at org.scalacheck.Test$.check(Test.scala:518)
[info]   at org.scalatestplus.scalacheck.UnitCheckerAsserting$CheckerAssertingImpl.check(CheckerAsserting.scala:90)
[info]   at org.scalatestplus.scalacheck.Checkers.check(Checkers.scala:371)
[info]   at org.scalatestplus.scalacheck.Checkers.check$(Checkers.scala:369)
[info]   at frameless.TypedDatasetSuite.check(TypedDatasetSuite.scala:63)
[info]   at frameless.FilterTests.$anonfun$new$21(FilterTests.scala:35)
[info]   at org.scalatest.OutcomeOf.outcomeOf(OutcomeOf.scala:85)
[info]   at org.scalatest.OutcomeOf.outcomeOf$(OutcomeOf.scala:83)
[info]   at org.scalatest.OutcomeOf$.outcomeOf(OutcomeOf.scala:104)
[info]   at org.scalatest.Transformer.apply(Transformer.scala:22)
[info]   at org.scalatest.Transformer.apply(Transformer.scala:20)
[info]   at org.scalatest.funsuite.AnyFunSuiteLike$$anon$1.apply(AnyFunSuiteLike.scala:226)
[info]   at org.scalatest.TestSuite.withFixture(TestSuite.scala:196)
[info]   at org.scalatest.TestSuite.withFixture$(TestSuite.scala:195)
[info]   at org.scalatest.funsuite.AnyFunSuite.withFixture(AnyFunSuite.scala:1564)
[info]   at org.scalatest.funsuite.AnyFunSuiteLike.invokeWithFixture$1(AnyFunSuiteLike.scala:224)
[info]   at org.scalatest.funsuite.AnyFunSuiteLike.$anonfun$runTest$1(AnyFunSuiteLike.scala:236)
[info]   at org.scalatest.SuperEngine.runTestImpl(Engine.scala:306)
[info]   at org.scalatest.funsuite.AnyFunSuiteLike.runTest(AnyFunSuiteLike.scala:236)
[info]   at org.scalatest.funsuite.AnyFunSuiteLike.runTest$(AnyFunSuiteLike.scala:218)
[info]   at org.scalatest.funsuite.AnyFunSuite.runTest(AnyFunSuite.scala:1564)
[info]   at org.scalatest.funsuite.AnyFunSuiteLike.$anonfun$runTests$1(AnyFunSuiteLike.scala:269)
[info]   at org.scalatest.SuperEngine.$anonfun$runTestsInBranch$1(Engine.scala:413)
[info]   at scala.collection.immutable.List.foreach(List.scala:334)
[info]   at org.scalatest.SuperEngine.traverseSubNodes$1(Engine.scala:401)
[info]   at org.scalatest.SuperEngine.runTestsInBranch(Engine.scala:396)
[info]   at org.scalatest.SuperEngine.runTestsImpl(Engine.scala:475)
[info]   at org.scalatest.funsuite.AnyFunSuiteLike.runTests(AnyFunSuiteLike.scala:269)
[info]   at org.scalatest.funsuite.AnyFunSuiteLike.runTests$(AnyFunSuiteLike.scala:268)
[info]   at org.scalatest.funsuite.AnyFunSuite.runTests(AnyFunSuite.scala:1564)
[info]   at org.scalatest.Suite.run(Suite.scala:1114)
[info]   at org.scalatest.Suite.run$(Suite.scala:1096)
[info]   at org.scalatest.funsuite.AnyFunSuite.org$scalatest$funsuite$AnyFunSuiteLike$$super$run(AnyFunSuite.scala:1564)
[info]   at org.scalatest.funsuite.AnyFunSuiteLike.$anonfun$run$1(AnyFunSuiteLike.scala:273)
[info]   at org.scalatest.SuperEngine.runImpl(Engine.scala:535)
[info]   at org.scalatest.funsuite.AnyFunSuiteLike.run(AnyFunSuiteLike.scala:273)
[info]   at org.scalatest.funsuite.AnyFunSuiteLike.run$(AnyFunSuiteLike.scala:272)
[info]   at frameless.TypedDatasetSuite.org$scalatest$BeforeAndAfterAll$$super$run(TypedDatasetSuite.scala:63)
[info]   at org.scalatest.BeforeAndAfterAll.liftedTree1$1(BeforeAndAfterAll.scala:213)
[info]   at org.scalatest.BeforeAndAfterAll.run(BeforeAndAfterAll.scala:210)
[info]   at org.scalatest.BeforeAndAfterAll.run$(BeforeAndAfterAll.scala:208)
[info]   at frameless.TypedDatasetSuite.run(TypedDatasetSuite.scala:63)
[info]   at org.scalatest.tools.Framework.org$scalatest$tools$Framework$$runSuite(Framework.scala:321)
[info]   at org.scalatest.tools.Framework$ScalaTestTask.execute(Framework.scala:517)
[info]   at sbt.ForkMain$Run.lambda$runTest$1(ForkMain.java:414)
[info]   at java.base/java.util.concurrent.FutureTask.run(FutureTask.java:317)
[info]   at java.base/java.util.concurrent.ThreadPoolExecutor.runWorker(ThreadPoolExecutor.java:1144)
[info]   at java.base/java.util.concurrent.ThreadPoolExecutor$Worker.run(ThreadPoolExecutor.java:642)
[info]   at java.base/java.lang.Thread.run(Thread.java:1583)
[info]   Cause: java.lang.ClassCastException: Cannot cast scala.reflect.ClassTag$GenericClassTag to org.apache.spark.sql.catalyst.expressions.Expression
[info]   at java.base/java.lang.Class.cast(Class.java:4067)
[info]   at java.base/jdk.internal.reflect.DirectConstructorHandleAccessor.newInstance(DirectConstructorHandleAccessor.java:62)
[info]   at java.base/java.lang.reflect.Constructor.newInstanceWithCaller(Constructor.java:502)
[info]   at java.base/java.lang.reflect.Constructor.newInstance(Constructor.java:486)
[info]   at frameless.TypedExpressionEncoder$.$anonfun$apply$3(TypedExpressionEncoder.scala:55)
[info]   at scala.Option.map(Option.scala:242)
[info]   at frameless.TypedExpressionEncoder$.apply(TypedExpressionEncoder.scala:54)
[info]   at frameless.TypedDataset$.create(TypedDataset.scala:1325)
[info]   at frameless.FilterTests.prop$2(FilterTests.scala:26)
[info]   at frameless.FilterTests.$anonfun$new$27(FilterTests.scala:35)
[info]   at frameless.FilterTests.$anonfun$new$27$adapted(FilterTests.scala:35)
[info]   at org.scalacheck.Prop$.$anonfun$forAll$18(Prop.scala:1131)
[info]   at scala.Function1.$anonfun$andThen$1(Function1.scala:87)
[info]   at org.scalacheck.Prop$.$anonfun$forAllShrink$2(Prop.scala:868)
[info]   at org.scalacheck.Prop$.secure(Prop.scala:484)
[info]   at org.scalacheck.Prop$.result$1(Prop.scala:868)
[info]   at org.scalacheck.Prop$.$anonfun$forAllShrink$1(Prop.scala:915)
[info]   at org.scalacheck.Prop$.$anonfun$apply$1(Prop.scala:305)
[info]   at org.scalacheck.PropFromFun.apply(Prop.scala:20)
[info]   at org.scalacheck.Prop$.result$1(Prop.scala:869)
[info]   at org.scalacheck.Prop$.$anonfun$forAllShrink$4(Prop.scala:880)
[info]   at scala.collection.immutable.Stream.map(Stream.scala:173)
[info]   at org.scalacheck.Prop$.getFirstFailure$1(Prop.scala:880)
[info]   at org.scalacheck.Prop$.shrinker$1(Prop.scala:895)
[info]   at org.scalacheck.Prop$.$anonfun$forAllShrink$1(Prop.scala:916)
[info]   at org.scalacheck.Prop$.$anonfun$apply$1(Prop.scala:305)
[info]   at org.scalacheck.PropFromFun.apply(Prop.scala:20)
[info]   at org.scalacheck.Test$.workerFun$1(Test.scala:486)
[info]   at org.scalacheck.Test$.$anonfun$check$4(Test.scala:518)
[info]   at org.scalacheck.Test$.$anonfun$check$4$adapted(Test.scala:518)
[info]   at org.scalacheck.Platform$.runWorkers(Platform.scala:42)
[info]   at org.scalacheck.Test$.check(Test.scala:518)
[info]   at org.scalatestplus.scalacheck.UnitCheckerAsserting$CheckerAssertingImpl.check(CheckerAsserting.scala:90)
[info]   at org.scalatestplus.scalacheck.Checkers.check(Checkers.scala:371)
[info]   at org.scalatestplus.scalacheck.Checkers.check$(Checkers.scala:369)
[info]   at frameless.TypedDatasetSuite.check(TypedDatasetSuite.scala:63)
[info]   at frameless.FilterTests.$anonfun$new$21(FilterTests.scala:35)
[info]   at org.scalatest.OutcomeOf.outcomeOf(OutcomeOf.scala:85)
[info]   at org.scalatest.OutcomeOf.outcomeOf$(OutcomeOf.scala:83)
[info]   at org.scalatest.OutcomeOf$.outcomeOf(OutcomeOf.scala:104)
[info]   at org.scalatest.Transformer.apply(Transformer.scala:22)
[info]   at org.scalatest.Transformer.apply(Transformer.scala:20)
[info]   at org.scalatest.funsuite.AnyFunSuiteLike$$anon$1.apply(AnyFunSuiteLike.scala:226)
[info]   at org.scalatest.TestSuite.withFixture(TestSuite.scala:196)
[info]   at org.scalatest.TestSuite.withFixture$(TestSuite.scala:195)
[info]   at org.scalatest.funsuite.AnyFunSuite.withFixture(AnyFunSuite.scala:1564)
[info]   at org.scalatest.funsuite.AnyFunSuiteLike.invokeWithFixture$1(AnyFunSuiteLike.scala:224)
[info]   at org.scalatest.funsuite.AnyFunSuiteLike.$anonfun$runTest$1(AnyFunSuiteLike.scala:236)
[info]   at org.scalatest.SuperEngine.runTestImpl(Engine.scala:306)
[info]   at org.scalatest.funsuite.AnyFunSuiteLike.runTest(AnyFunSuiteLike.scala:236)
[info]   at org.scalatest.funsuite.AnyFunSuiteLike.runTest$(AnyFunSuiteLike.scala:218)
[info]   at org.scalatest.funsuite.AnyFunSuite.runTest(AnyFunSuite.scala:1564)
[info]   at org.scalatest.funsuite.AnyFunSuiteLike.$anonfun$runTests$1(AnyFunSuiteLike.scala:269)
[info]   at org.scalatest.SuperEngine.$anonfun$runTestsInBranch$1(Engine.scala:413)
[info]   at scala.collection.immutable.List.foreach(List.scala:334)
[info]   at org.scalatest.SuperEngine.traverseSubNodes$1(Engine.scala:401)
[info]   at org.scalatest.SuperEngine.runTestsInBranch(Engine.scala:396)
[info]   at org.scalatest.SuperEngine.runTestsImpl(Engine.scala:475)
[info]   at org.scalatest.funsuite.AnyFunSuiteLike.runTests(AnyFunSuiteLike.scala:269)
[info]   at org.scalatest.funsuite.AnyFunSuiteLike.runTests$(AnyFunSuiteLike.scala:268)
[info]   at org.scalatest.funsuite.AnyFunSuite.runTests(AnyFunSuite.scala:1564)
[info]   at org.scalatest.Suite.run(Suite.scala:1114)
[info]   at org.scalatest.Suite.run$(Suite.scala:1096)
[info]   at org.scalatest.funsuite.AnyFunSuite.org$scalatest$funsuite$AnyFunSuiteLike$$super$run(AnyFunSuite.scala:1564)
[info]   at org.scalatest.funsuite.AnyFunSuiteLike.$anonfun$run$1(AnyFunSuiteLike.scala:273)
[info]   at org.scalatest.SuperEngine.runImpl(Engine.scala:535)
[info]   at org.scalatest.funsuite.AnyFunSuiteLike.run(AnyFunSuiteLike.scala:273)
[info]   at org.scalatest.funsuite.AnyFunSuiteLike.run$(AnyFunSuiteLike.scala:272)
[info]   at frameless.TypedDatasetSuite.org$scalatest$BeforeAndAfterAll$$super$run(TypedDatasetSuite.scala:63)
[info]   at org.scalatest.BeforeAndAfterAll.liftedTree1$1(BeforeAndAfterAll.scala:213)
[info]   at org.scalatest.BeforeAndAfterAll.run(BeforeAndAfterAll.scala:210)
[info]   at org.scalatest.BeforeAndAfterAll.run$(BeforeAndAfterAll.scala:208)
[info]   at frameless.TypedDatasetSuite.run(TypedDatasetSuite.scala:63)
[info]   at org.scalatest.tools.Framework.org$scalatest$tools$Framework$$runSuite(Framework.scala:321)
[info]   at org.scalatest.tools.Framework$ScalaTestTask.execute(Framework.scala:517)
[info]   at sbt.ForkMain$Run.lambda$runTest$1(ForkMain.java:414)
[info]   at java.base/java.util.concurrent.FutureTask.run(FutureTask.java:317)
[info]   at java.base/java.util.concurrent.ThreadPoolExecutor.runWorker(ThreadPoolExecutor.java:1144)
[info]   at java.base/java.util.concurrent.ThreadPoolExecutor$Worker.run(ThreadPoolExecutor.java:642)
[info]   at java.base/java.lang.Thread.run(Thread.java:1583)
[info] - filter('a =!= 'b) *** FAILED *** (3 milliseconds)
[info]   IllegalArgumentException was thrown during property evaluation.
[info]     Message: argument type mismatch
[info]     Occurred when passed generated values (
[info]       arg0 = Vector()
[info]     )
[info]   org.scalatest.exceptions.GeneratorDrivenPropertyCheckFailedException:
[info]   at org.scalatestplus.scalacheck.CheckerAsserting$$anon$2.indicateFailure(CheckerAsserting.scala:251)
[info]   at org.scalatestplus.scalacheck.CheckerAsserting$$anon$2.indicateFailure(CheckerAsserting.scala:238)
[info]   at org.scalatestplus.scalacheck.UnitCheckerAsserting$CheckerAssertingImpl.check(CheckerAsserting.scala:160)
[info]   at org.scalatestplus.scalacheck.Checkers.check(Checkers.scala:371)
[info]   at org.scalatestplus.scalacheck.Checkers.check$(Checkers.scala:369)
[info]   at frameless.TypedDatasetSuite.check(TypedDatasetSuite.scala:63)
[info]   at frameless.FilterTests.$anonfun$new$70(FilterTests.scala:55)
[info]   at org.scalatest.OutcomeOf.outcomeOf(OutcomeOf.scala:85)
[info]   at org.scalatest.OutcomeOf.outcomeOf$(OutcomeOf.scala:83)
[info]   at org.scalatest.OutcomeOf$.outcomeOf(OutcomeOf.scala:104)
[info]   at org.scalatest.Transformer.apply(Transformer.scala:22)
[info]   at org.scalatest.Transformer.apply(Transformer.scala:20)
[info]   at org.scalatest.funsuite.AnyFunSuiteLike$$anon$1.apply(AnyFunSuiteLike.scala:226)
[info]   at org.scalatest.TestSuite.withFixture(TestSuite.scala:196)
[info]   at org.scalatest.TestSuite.withFixture$(TestSuite.scala:195)
[info]   at org.scalatest.funsuite.AnyFunSuite.withFixture(AnyFunSuite.scala:1564)
[info]   at org.scalatest.funsuite.AnyFunSuiteLike.invokeWithFixture$1(AnyFunSuiteLike.scala:224)
[info]   at org.scalatest.funsuite.AnyFunSuiteLike.$anonfun$runTest$1(AnyFunSuiteLike.scala:236)
[info]   at org.scalatest.SuperEngine.runTestImpl(Engine.scala:306)
[info]   at org.scalatest.funsuite.AnyFunSuiteLike.runTest(AnyFunSuiteLike.scala:236)
[info]   at org.scalatest.funsuite.AnyFunSuiteLike.runTest$(AnyFunSuiteLike.scala:218)
[info]   at org.scalatest.funsuite.AnyFunSuite.runTest(AnyFunSuite.scala:1564)
[info]   at org.scalatest.funsuite.AnyFunSuiteLike.$anonfun$runTests$1(AnyFunSuiteLike.scala:269)
[info]   at org.scalatest.SuperEngine.$anonfun$runTestsInBranch$1(Engine.scala:413)
[info]   at scala.collection.immutable.List.foreach(List.scala:334)
[info]   at org.scalatest.SuperEngine.traverseSubNodes$1(Engine.scala:401)
[info]   at org.scalatest.SuperEngine.runTestsInBranch(Engine.scala:396)
[info]   at org.scalatest.SuperEngine.runTestsImpl(Engine.scala:475)
[info]   at org.scalatest.funsuite.AnyFunSuiteLike.runTests(AnyFunSuiteLike.scala:269)
[info]   at org.scalatest.funsuite.AnyFunSuiteLike.runTests$(AnyFunSuiteLike.scala:268)
[info]   at org.scalatest.funsuite.AnyFunSuite.runTests(AnyFunSuite.scala:1564)
[info]   at org.scalatest.Suite.run(Suite.scala:1114)
[info]   at org.scalatest.Suite.run$(Suite.scala:1096)
[info]   at org.scalatest.funsuite.AnyFunSuite.org$scalatest$funsuite$AnyFunSuiteLike$$super$run(AnyFunSuite.scala:1564)
[info]   at org.scalatest.funsuite.AnyFunSuiteLike.$anonfun$run$1(AnyFunSuiteLike.scala:273)
[info]   at org.scalatest.SuperEngine.runImpl(Engine.scala:535)
[info]   at org.scalatest.funsuite.AnyFunSuiteLike.run(AnyFunSuiteLike.scala:273)
[info]   at org.scalatest.funsuite.AnyFunSuiteLike.run$(AnyFunSuiteLike.scala:272)
[info]   at frameless.TypedDatasetSuite.org$scalatest$BeforeAndAfterAll$$super$run(TypedDatasetSuite.scala:63)
[info]   at org.scalatest.BeforeAndAfterAll.liftedTree1$1(BeforeAndAfterAll.scala:213)
[info]   at org.scalatest.BeforeAndAfterAll.run(BeforeAndAfterAll.scala:210)
[info]   at org.scalatest.BeforeAndAfterAll.run$(BeforeAndAfterAll.scala:208)
[info]   at frameless.TypedDatasetSuite.run(TypedDatasetSuite.scala:63)
[info]   at org.scalatest.tools.Framework.org$scalatest$tools$Framework$$runSuite(Framework.scala:321)
[info]   at org.scalatest.tools.Framework$ScalaTestTask.execute(Framework.scala:517)
[info]   at sbt.ForkMain$Run.lambda$runTest$1(ForkMain.java:414)
[info]   at java.base/java.util.concurrent.FutureTask.run(FutureTask.java:317)
[info]   at java.base/java.util.concurrent.ThreadPoolExecutor.runWorker(ThreadPoolExecutor.java:1144)
[info]   at java.base/java.util.concurrent.ThreadPoolExecutor$Worker.run(ThreadPoolExecutor.java:642)
[info]   at java.base/java.lang.Thread.run(Thread.java:1583)
[info]   Cause: java.lang.IllegalArgumentException: argument type mismatch
[info]   at java.base/jdk.internal.reflect.DirectConstructorHandleAccessor.newInstance(DirectConstructorHandleAccessor.java:65)
[info]   at java.base/java.lang.reflect.Constructor.newInstanceWithCaller(Constructor.java:502)
[info]   at java.base/java.lang.reflect.Constructor.newInstance(Constructor.java:486)
[info]   at frameless.TypedExpressionEncoder$.$anonfun$apply$3(TypedExpressionEncoder.scala:55)
[info]   at scala.Option.map(Option.scala:242)
[info]   at frameless.TypedExpressionEncoder$.apply(TypedExpressionEncoder.scala:54)
[info]   at frameless.TypedDataset$.create(TypedDataset.scala:1325)
[info]   at frameless.FilterTests.prop$3(FilterTests.scala:45)
[info]   at frameless.FilterTests.$anonfun$new$82(FilterTests.scala:55)
[info]   at scala.Function1.$anonfun$andThen$1(Function1.scala:87)
[info]   at org.scalacheck.Prop$.$anonfun$forAllShrink$2(Prop.scala:868)
[info]   at org.scalacheck.Prop$.secure(Prop.scala:484)
[info]   at org.scalacheck.Prop$.result$1(Prop.scala:868)
[info]   at org.scalacheck.Prop$.$anonfun$forAllShrink$1(Prop.scala:915)
[info]   at org.scalacheck.Prop$.$anonfun$apply$1(Prop.scala:305)
[info]   at org.scalacheck.PropFromFun.apply(Prop.scala:20)
[info]   at org.scalacheck.Test$.workerFun$1(Test.scala:486)
[info]   at org.scalacheck.Test$.$anonfun$check$4(Test.scala:518)
[info]   at org.scalacheck.Test$.$anonfun$check$4$adapted(Test.scala:518)
[info]   at org.scalacheck.Platform$.runWorkers(Platform.scala:42)
[info]   at org.scalacheck.Test$.check(Test.scala:518)
[info]   at org.scalatestplus.scalacheck.UnitCheckerAsserting$CheckerAssertingImpl.check(CheckerAsserting.scala:90)
[info]   at org.scalatestplus.scalacheck.Checkers.check(Checkers.scala:371)
[info]   at org.scalatestplus.scalacheck.Checkers.check$(Checkers.scala:369)
[info]   at frameless.TypedDatasetSuite.check(TypedDatasetSuite.scala:63)
[info]   at frameless.FilterTests.$anonfun$new$70(FilterTests.scala:55)
[info]   at org.scalatest.OutcomeOf.outcomeOf(OutcomeOf.scala:85)
[info]   at org.scalatest.OutcomeOf.outcomeOf$(OutcomeOf.scala:83)
[info]   at org.scalatest.OutcomeOf$.outcomeOf(OutcomeOf.scala:104)
[info]   at org.scalatest.Transformer.apply(Transformer.scala:22)
[info]   at org.scalatest.Transformer.apply(Transformer.scala:20)
[info]   at org.scalatest.funsuite.AnyFunSuiteLike$$anon$1.apply(AnyFunSuiteLike.scala:226)
[info]   at org.scalatest.TestSuite.withFixture(TestSuite.scala:196)
[info]   at org.scalatest.TestSuite.withFixture$(TestSuite.scala:195)
[info]   at org.scalatest.funsuite.AnyFunSuite.withFixture(AnyFunSuite.scala:1564)
[info]   at org.scalatest.funsuite.AnyFunSuiteLike.invokeWithFixture$1(AnyFunSuiteLike.scala:224)
[info]   at org.scalatest.funsuite.AnyFunSuiteLike.$anonfun$runTest$1(AnyFunSuiteLike.scala:236)
[info]   at org.scalatest.SuperEngine.runTestImpl(Engine.scala:306)
[info]   at org.scalatest.funsuite.AnyFunSuiteLike.runTest(AnyFunSuiteLike.scala:236)
[info]   at org.scalatest.funsuite.AnyFunSuiteLike.runTest$(AnyFunSuiteLike.scala:218)
[info]   at org.scalatest.funsuite.AnyFunSuite.runTest(AnyFunSuite.scala:1564)
[info]   at org.scalatest.funsuite.AnyFunSuiteLike.$anonfun$runTests$1(AnyFunSuiteLike.scala:269)
[info]   at org.scalatest.SuperEngine.$anonfun$runTestsInBranch$1(Engine.scala:413)
[info]   at scala.collection.immutable.List.foreach(List.scala:334)
[info]   at org.scalatest.SuperEngine.traverseSubNodes$1(Engine.scala:401)
[info]   at org.scalatest.SuperEngine.runTestsInBranch(Engine.scala:396)
[info]   at org.scalatest.SuperEngine.runTestsImpl(Engine.scala:475)
[info]   at org.scalatest.funsuite.AnyFunSuiteLike.runTests(AnyFunSuiteLike.scala:269)
[info]   at org.scalatest.funsuite.AnyFunSuiteLike.runTests$(AnyFunSuiteLike.scala:268)
[info]   at org.scalatest.funsuite.AnyFunSuite.runTests(AnyFunSuite.scala:1564)
[info]   at org.scalatest.Suite.run(Suite.scala:1114)
[info]   at org.scalatest.Suite.run$(Suite.scala:1096)
[info]   at org.scalatest.funsuite.AnyFunSuite.org$scalatest$funsuite$AnyFunSuiteLike$$super$run(AnyFunSuite.scala:1564)
[info]   at org.scalatest.funsuite.AnyFunSuiteLike.$anonfun$run$1(AnyFunSuiteLike.scala:273)
[info]   at org.scalatest.SuperEngine.runImpl(Engine.scala:535)
[info]   at org.scalatest.funsuite.AnyFunSuiteLike.run(AnyFunSuiteLike.scala:273)
[info]   at org.scalatest.funsuite.AnyFunSuiteLike.run$(AnyFunSuiteLike.scala:272)
[info]   at frameless.TypedDatasetSuite.org$scalatest$BeforeAndAfterAll$$super$run(TypedDatasetSuite.scala:63)
[info]   at org.scalatest.BeforeAndAfterAll.liftedTree1$1(BeforeAndAfterAll.scala:213)
[info]   at org.scalatest.BeforeAndAfterAll.run(BeforeAndAfterAll.scala:210)
[info]   at org.scalatest.BeforeAndAfterAll.run$(BeforeAndAfterAll.scala:208)
[info]   at frameless.TypedDatasetSuite.run(TypedDatasetSuite.scala:63)
[info]   at org.scalatest.tools.Framework.org$scalatest$tools$Framework$$runSuite(Framework.scala:321)
[info]   at org.scalatest.tools.Framework$ScalaTestTask.execute(Framework.scala:517)
[info]   at sbt.ForkMain$Run.lambda$runTest$1(ForkMain.java:414)
[info]   at java.base/java.util.concurrent.FutureTask.run(FutureTask.java:317)
[info]   at java.base/java.util.concurrent.ThreadPoolExecutor.runWorker(ThreadPoolExecutor.java:1144)
[info]   at java.base/java.util.concurrent.ThreadPoolExecutor$Worker.run(ThreadPoolExecutor.java:642)
[info]   at java.base/java.lang.Thread.run(Thread.java:1583)
[info]   Cause: java.lang.ClassCastException: Cannot cast scala.reflect.ClassTag$GenericClassTag to org.apache.spark.sql.catalyst.expressions.Expression
[info]   at java.base/java.lang.Class.cast(Class.java:4067)
[info]   at java.base/jdk.internal.reflect.DirectConstructorHandleAccessor.newInstance(DirectConstructorHandleAccessor.java:62)
[info]   at java.base/java.lang.reflect.Constructor.newInstanceWithCaller(Constructor.java:502)
[info]   at java.base/java.lang.reflect.Constructor.newInstance(Constructor.java:486)
[info]   at frameless.TypedExpressionEncoder$.$anonfun$apply$3(TypedExpressionEncoder.scala:55)
[info]   at scala.Option.map(Option.scala:242)
[info]   at frameless.TypedExpressionEncoder$.apply(TypedExpressionEncoder.scala:54)
[info]   at frameless.TypedDataset$.create(TypedDataset.scala:1325)
[info]   at frameless.FilterTests.prop$3(FilterTests.scala:45)
[info]   at frameless.FilterTests.$anonfun$new$82(FilterTests.scala:55)
[info]   at scala.Function1.$anonfun$andThen$1(Function1.scala:87)
[info]   at org.scalacheck.Prop$.$anonfun$forAllShrink$2(Prop.scala:868)
[info]   at org.scalacheck.Prop$.secure(Prop.scala:484)
[info]   at org.scalacheck.Prop$.result$1(Prop.scala:868)
[info]   at org.scalacheck.Prop$.$anonfun$forAllShrink$1(Prop.scala:915)
[info]   at org.scalacheck.Prop$.$anonfun$apply$1(Prop.scala:305)
[info]   at org.scalacheck.PropFromFun.apply(Prop.scala:20)
[info]   at org.scalacheck.Test$.workerFun$1(Test.scala:486)
[info]   at org.scalacheck.Test$.$anonfun$check$4(Test.scala:518)
[info]   at org.scalacheck.Test$.$anonfun$check$4$adapted(Test.scala:518)
[info]   at org.scalacheck.Platform$.runWorkers(Platform.scala:42)
[info]   at org.scalacheck.Test$.check(Test.scala:518)
[info]   at org.scalatestplus.scalacheck.UnitCheckerAsserting$CheckerAssertingImpl.check(CheckerAsserting.scala:90)
[info]   at org.scalatestplus.scalacheck.Checkers.check(Checkers.scala:371)
[info]   at org.scalatestplus.scalacheck.Checkers.check$(Checkers.scala:369)
[info]   at frameless.TypedDatasetSuite.check(TypedDatasetSuite.scala:63)
[info]   at frameless.FilterTests.$anonfun$new$70(FilterTests.scala:55)
[info]   at org.scalatest.OutcomeOf.outcomeOf(OutcomeOf.scala:85)
[info]   at org.scalatest.OutcomeOf.outcomeOf$(OutcomeOf.scala:83)
[info]   at org.scalatest.OutcomeOf$.outcomeOf(OutcomeOf.scala:104)
[info]   at org.scalatest.Transformer.apply(Transformer.scala:22)
[info]   at org.scalatest.Transformer.apply(Transformer.scala:20)
[info]   at org.scalatest.funsuite.AnyFunSuiteLike$$anon$1.apply(AnyFunSuiteLike.scala:226)
[info]   at org.scalatest.TestSuite.withFixture(TestSuite.scala:196)
[info]   at org.scalatest.TestSuite.withFixture$(TestSuite.scala:195)
[info]   at org.scalatest.funsuite.AnyFunSuite.withFixture(AnyFunSuite.scala:1564)
[info]   at org.scalatest.funsuite.AnyFunSuiteLike.invokeWithFixture$1(AnyFunSuiteLike.scala:224)
[info]   at org.scalatest.funsuite.AnyFunSuiteLike.$anonfun$runTest$1(AnyFunSuiteLike.scala:236)
[info]   at org.scalatest.SuperEngine.runTestImpl(Engine.scala:306)
[info]   at org.scalatest.funsuite.AnyFunSuiteLike.runTest(AnyFunSuiteLike.scala:236)
[info]   at org.scalatest.funsuite.AnyFunSuiteLike.runTest$(AnyFunSuiteLike.scala:218)
[info]   at org.scalatest.funsuite.AnyFunSuite.runTest(AnyFunSuite.scala:1564)
[info]   at org.scalatest.funsuite.AnyFunSuiteLike.$anonfun$runTests$1(AnyFunSuiteLike.scala:269)
[info]   at org.scalatest.SuperEngine.$anonfun$runTestsInBranch$1(Engine.scala:413)
[info]   at scala.collection.immutable.List.foreach(List.scala:334)
[info]   at org.scalatest.SuperEngine.traverseSubNodes$1(Engine.scala:401)
[info]   at org.scalatest.SuperEngine.runTestsInBranch(Engine.scala:396)
[info]   at org.scalatest.SuperEngine.runTestsImpl(Engine.scala:475)
[info]   at org.scalatest.funsuite.AnyFunSuiteLike.runTests(AnyFunSuiteLike.scala:269)
[info]   at org.scalatest.funsuite.AnyFunSuiteLike.runTests$(AnyFunSuiteLike.scala:268)
[info]   at org.scalatest.funsuite.AnyFunSuite.runTests(AnyFunSuite.scala:1564)
[info]   at org.scalatest.Suite.run(Suite.scala:1114)
[info]   at org.scalatest.Suite.run$(Suite.scala:1096)
[info]   at org.scalatest.funsuite.AnyFunSuite.org$scalatest$funsuite$AnyFunSuiteLike$$super$run(AnyFunSuite.scala:1564)
[info]   at org.scalatest.funsuite.AnyFunSuiteLike.$anonfun$run$1(AnyFunSuiteLike.scala:273)
[info]   at org.scalatest.SuperEngine.runImpl(Engine.scala:535)
[info]   at org.scalatest.funsuite.AnyFunSuiteLike.run(AnyFunSuiteLike.scala:273)
[info]   at org.scalatest.funsuite.AnyFunSuiteLike.run$(AnyFunSuiteLike.scala:272)
[info]   at frameless.TypedDatasetSuite.org$scalatest$BeforeAndAfterAll$$super$run(TypedDatasetSuite.scala:63)
[info]   at org.scalatest.BeforeAndAfterAll.liftedTree1$1(BeforeAndAfterAll.scala:213)
[info]   at org.scalatest.BeforeAndAfterAll.run(BeforeAndAfterAll.scala:210)
[info]   at org.scalatest.BeforeAndAfterAll.run$(BeforeAndAfterAll.scala:208)
[info]   at frameless.TypedDatasetSuite.run(TypedDatasetSuite.scala:63)
[info]   at org.scalatest.tools.Framework.org$scalatest$tools$Framework$$runSuite(Framework.scala:321)
[info]   at org.scalatest.tools.Framework$ScalaTestTask.execute(Framework.scala:517)
[info]   at sbt.ForkMain$Run.lambda$runTest$1(ForkMain.java:414)
[info]   at java.base/java.util.concurrent.FutureTask.run(FutureTask.java:317)
[info]   at java.base/java.util.concurrent.ThreadPoolExecutor.runWorker(ThreadPoolExecutor.java:1144)
[info]   at java.base/java.util.concurrent.ThreadPoolExecutor$Worker.run(ThreadPoolExecutor.java:642)
[info]   at java.base/java.lang.Thread.run(Thread.java:1583)
[info] - filter('a =!= 'b *** FAILED *** (10 milliseconds)
[info]   IllegalArgumentException was thrown during property evaluation.
[info]     Message: argument type mismatch
[info]     Occurred when passed generated values (
[info]       arg0 = 0, // 30 shrinks
[info]       arg1 = Vector()
[info]     )
[info]   org.scalatest.exceptions.GeneratorDrivenPropertyCheckFailedException:
[info]   at org.scalatestplus.scalacheck.CheckerAsserting$$anon$2.indicateFailure(CheckerAsserting.scala:251)
[info]   at org.scalatestplus.scalacheck.CheckerAsserting$$anon$2.indicateFailure(CheckerAsserting.scala:238)
[info]   at org.scalatestplus.scalacheck.UnitCheckerAsserting$CheckerAssertingImpl.check(CheckerAsserting.scala:160)
[info]   at org.scalatestplus.scalacheck.Checkers.check(Checkers.scala:371)
[info]   at org.scalatestplus.scalacheck.Checkers.check$(Checkers.scala:369)
[info]   at frameless.TypedDatasetSuite.check(TypedDatasetSuite.scala:63)
[info]   at frameless.FilterTests.$anonfun$new$95(FilterTests.scala:75)
[info]   at org.scalatest.OutcomeOf.outcomeOf(OutcomeOf.scala:85)
[info]   at org.scalatest.OutcomeOf.outcomeOf$(OutcomeOf.scala:83)
[info]   at org.scalatest.OutcomeOf$.outcomeOf(OutcomeOf.scala:104)
[info]   at org.scalatest.Transformer.apply(Transformer.scala:22)
[info]   at org.scalatest.Transformer.apply(Transformer.scala:20)
[info]   at org.scalatest.funsuite.AnyFunSuiteLike$$anon$1.apply(AnyFunSuiteLike.scala:226)
[info]   at org.scalatest.TestSuite.withFixture(TestSuite.scala:196)
[info]   at org.scalatest.TestSuite.withFixture$(TestSuite.scala:195)
[info]   at org.scalatest.funsuite.AnyFunSuite.withFixture(AnyFunSuite.scala:1564)
[info]   at org.scalatest.funsuite.AnyFunSuiteLike.invokeWithFixture$1(AnyFunSuiteLike.scala:224)
[info]   at org.scalatest.funsuite.AnyFunSuiteLike.$anonfun$runTest$1(AnyFunSuiteLike.scala:236)
[info]   at org.scalatest.SuperEngine.runTestImpl(Engine.scala:306)
[info]   at org.scalatest.funsuite.AnyFunSuiteLike.runTest(AnyFunSuiteLike.scala:236)
[info]   at org.scalatest.funsuite.AnyFunSuiteLike.runTest$(AnyFunSuiteLike.scala:218)
[info]   at org.scalatest.funsuite.AnyFunSuite.runTest(AnyFunSuite.scala:1564)
[info]   at org.scalatest.funsuite.AnyFunSuiteLike.$anonfun$runTests$1(AnyFunSuiteLike.scala:269)
[info]   at org.scalatest.SuperEngine.$anonfun$runTestsInBranch$1(Engine.scala:413)
[info]   at scala.collection.immutable.List.foreach(List.scala:334)
[info]   at org.scalatest.SuperEngine.traverseSubNodes$1(Engine.scala:401)
[info]   at org.scalatest.SuperEngine.runTestsInBranch(Engine.scala:396)
[info]   at org.scalatest.SuperEngine.runTestsImpl(Engine.scala:475)
[info]   at org.scalatest.funsuite.AnyFunSuiteLike.runTests(AnyFunSuiteLike.scala:269)
[info]   at org.scalatest.funsuite.AnyFunSuiteLike.runTests$(AnyFunSuiteLike.scala:268)
[info]   at org.scalatest.funsuite.AnyFunSuite.runTests(AnyFunSuite.scala:1564)
[info]   at org.scalatest.Suite.run(Suite.scala:1114)
[info]   at org.scalatest.Suite.run$(Suite.scala:1096)
[info]   at org.scalatest.funsuite.AnyFunSuite.org$scalatest$funsuite$AnyFunSuiteLike$$super$run(AnyFunSuite.scala:1564)
[info]   at org.scalatest.funsuite.AnyFunSuiteLike.$anonfun$run$1(AnyFunSuiteLike.scala:273)
[info]   at org.scalatest.SuperEngine.runImpl(Engine.scala:535)
[info]   at org.scalatest.funsuite.AnyFunSuiteLike.run(AnyFunSuiteLike.scala:273)
[info]   at org.scalatest.funsuite.AnyFunSuiteLike.run$(AnyFunSuiteLike.scala:272)
[info]   at frameless.TypedDatasetSuite.org$scalatest$BeforeAndAfterAll$$super$run(TypedDatasetSuite.scala:63)
[info]   at org.scalatest.BeforeAndAfterAll.liftedTree1$1(BeforeAndAfterAll.scala:213)
[info]   at org.scalatest.BeforeAndAfterAll.run(BeforeAndAfterAll.scala:210)
[info]   at org.scalatest.BeforeAndAfterAll.run$(BeforeAndAfterAll.scala:208)
[info]   at frameless.TypedDatasetSuite.run(TypedDatasetSuite.scala:63)
[info]   at org.scalatest.tools.Framework.org$scalatest$tools$Framework$$runSuite(Framework.scala:321)
[info]   at org.scalatest.tools.Framework$ScalaTestTask.execute(Framework.scala:517)
[info]   at sbt.ForkMain$Run.lambda$runTest$1(ForkMain.java:414)
[info]   at java.base/java.util.concurrent.FutureTask.run(FutureTask.java:317)
[info]   at java.base/java.util.concurrent.ThreadPoolExecutor.runWorker(ThreadPoolExecutor.java:1144)
[info]   at java.base/java.util.concurrent.ThreadPoolExecutor$Worker.run(ThreadPoolExecutor.java:642)
[info]   at java.base/java.lang.Thread.run(Thread.java:1583)
[info]   Cause: java.lang.IllegalArgumentException: argument type mismatch
[info]   at java.base/jdk.internal.reflect.DirectConstructorHandleAccessor.newInstance(DirectConstructorHandleAccessor.java:65)
[info]   at java.base/java.lang.reflect.Constructor.newInstanceWithCaller(Constructor.java:502)
[info]   at java.base/java.lang.reflect.Constructor.newInstance(Constructor.java:486)
[info]   at frameless.TypedExpressionEncoder$.$anonfun$apply$3(TypedExpressionEncoder.scala:55)
[info]   at scala.Option.map(Option.scala:242)
[info]   at frameless.TypedExpressionEncoder$.apply(TypedExpressionEncoder.scala:54)
[info]   at frameless.TypedDataset$.create(TypedDataset.scala:1325)
[info]   at frameless.FilterTests.prop$4(FilterTests.scala:65)
[info]   at frameless.FilterTests.$anonfun$new$110(FilterTests.scala:75)
[info]   at frameless.FilterTests.$anonfun$new$110$adapted(FilterTests.scala:75)
[info]   at org.scalacheck.Prop$.$anonfun$forAll$18(Prop.scala:1131)
[info]   at scala.Function1.$anonfun$andThen$1(Function1.scala:87)
[info]   at org.scalacheck.Prop$.$anonfun$forAllShrink$2(Prop.scala:868)
[info]   at org.scalacheck.Prop$.secure(Prop.scala:484)
[info]   at org.scalacheck.Prop$.result$1(Prop.scala:868)
[info]   at org.scalacheck.Prop$.$anonfun$forAllShrink$1(Prop.scala:915)
[info]   at org.scalacheck.Prop$.$anonfun$apply$1(Prop.scala:305)
[info]   at org.scalacheck.PropFromFun.apply(Prop.scala:20)
[info]   at org.scalacheck.Prop$.result$1(Prop.scala:869)
[info]   at org.scalacheck.Prop$.$anonfun$forAllShrink$4(Prop.scala:880)
[info]   at scala.collection.immutable.Stream.map(Stream.scala:173)
[info]   at org.scalacheck.Prop$.getFirstFailure$1(Prop.scala:880)
[info]   at org.scalacheck.Prop$.shrinker$1(Prop.scala:895)
[info]   at org.scalacheck.Prop$.$anonfun$forAllShrink$1(Prop.scala:916)
[info]   at org.scalacheck.Prop$.$anonfun$apply$1(Prop.scala:305)
[info]   at org.scalacheck.PropFromFun.apply(Prop.scala:20)
[info]   at org.scalacheck.Test$.workerFun$1(Test.scala:486)
[info]   at org.scalacheck.Test$.$anonfun$check$4(Test.scala:518)
[info]   at org.scalacheck.Test$.$anonfun$check$4$adapted(Test.scala:518)
[info]   at org.scalacheck.Platform$.runWorkers(Platform.scala:42)
[info]   at org.scalacheck.Test$.check(Test.scala:518)
[info]   at org.scalatestplus.scalacheck.UnitCheckerAsserting$CheckerAssertingImpl.check(CheckerAsserting.scala:90)
[info]   at org.scalatestplus.scalacheck.Checkers.check(Checkers.scala:371)
[info]   at org.scalatestplus.scalacheck.Checkers.check$(Checkers.scala:369)
[info]   at frameless.TypedDatasetSuite.check(TypedDatasetSuite.scala:63)
[info]   at frameless.FilterTests.$anonfun$new$95(FilterTests.scala:75)
[info]   at org.scalatest.OutcomeOf.outcomeOf(OutcomeOf.scala:85)
[info]   at org.scalatest.OutcomeOf.outcomeOf$(OutcomeOf.scala:83)
[info]   at org.scalatest.OutcomeOf$.outcomeOf(OutcomeOf.scala:104)
[info]   at org.scalatest.Transformer.apply(Transformer.scala:22)
[info]   at org.scalatest.Transformer.apply(Transformer.scala:20)
[info]   at org.scalatest.funsuite.AnyFunSuiteLike$$anon$1.apply(AnyFunSuiteLike.scala:226)
[info]   at org.scalatest.TestSuite.withFixture(TestSuite.scala:196)
[info]   at org.scalatest.TestSuite.withFixture$(TestSuite.scala:195)
[info]   at org.scalatest.funsuite.AnyFunSuite.withFixture(AnyFunSuite.scala:1564)
[info]   at org.scalatest.funsuite.AnyFunSuiteLike.invokeWithFixture$1(AnyFunSuiteLike.scala:224)
[info]   at org.scalatest.funsuite.AnyFunSuiteLike.$anonfun$runTest$1(AnyFunSuiteLike.scala:236)
[info]   at org.scalatest.SuperEngine.runTestImpl(Engine.scala:306)
[info]   at org.scalatest.funsuite.AnyFunSuiteLike.runTest(AnyFunSuiteLike.scala:236)
[info]   at org.scalatest.funsuite.AnyFunSuiteLike.runTest$(AnyFunSuiteLike.scala:218)
[info]   at org.scalatest.funsuite.AnyFunSuite.runTest(AnyFunSuite.scala:1564)
[info]   at org.scalatest.funsuite.AnyFunSuiteLike.$anonfun$runTests$1(AnyFunSuiteLike.scala:269)
[info]   at org.scalatest.SuperEngine.$anonfun$runTestsInBranch$1(Engine.scala:413)
[info]   at scala.collection.immutable.List.foreach(List.scala:334)
[info]   at org.scalatest.SuperEngine.traverseSubNodes$1(Engine.scala:401)
[info]   at org.scalatest.SuperEngine.runTestsInBranch(Engine.scala:396)
[info]   at org.scalatest.SuperEngine.runTestsImpl(Engine.scala:475)
[info]   at org.scalatest.funsuite.AnyFunSuiteLike.runTests(AnyFunSuiteLike.scala:269)
[info]   at org.scalatest.funsuite.AnyFunSuiteLike.runTests$(AnyFunSuiteLike.scala:268)
[info]   at org.scalatest.funsuite.AnyFunSuite.runTests(AnyFunSuite.scala:1564)
[info]   at org.scalatest.Suite.run(Suite.scala:1114)
[info]   at org.scalatest.Suite.run$(Suite.scala:1096)
[info]   at org.scalatest.funsuite.AnyFunSuite.org$scalatest$funsuite$AnyFunSuiteLike$$super$run(AnyFunSuite.scala:1564)
[info]   at org.scalatest.funsuite.AnyFunSuiteLike.$anonfun$run$1(AnyFunSuiteLike.scala:273)
[info]   at org.scalatest.SuperEngine.runImpl(Engine.scala:535)
[info]   at org.scalatest.funsuite.AnyFunSuiteLike.run(AnyFunSuiteLike.scala:273)
[info]   at org.scalatest.funsuite.AnyFunSuiteLike.run$(AnyFunSuiteLike.scala:272)
[info]   at frameless.TypedDatasetSuite.org$scalatest$BeforeAndAfterAll$$super$run(TypedDatasetSuite.scala:63)
[info]   at org.scalatest.BeforeAndAfterAll.liftedTree1$1(BeforeAndAfterAll.scala:213)
[info]   at org.scalatest.BeforeAndAfterAll.run(BeforeAndAfterAll.scala:210)
[info]   at org.scalatest.BeforeAndAfterAll.run$(BeforeAndAfterAll.scala:208)
[info]   at frameless.TypedDatasetSuite.run(TypedDatasetSuite.scala:63)
[info]   at org.scalatest.tools.Framework.org$scalatest$tools$Framework$$runSuite(Framework.scala:321)
[info]   at org.scalatest.tools.Framework$ScalaTestTask.execute(Framework.scala:517)
[info]   at sbt.ForkMain$Run.lambda$runTest$1(ForkMain.java:414)
[info]   at java.base/java.util.concurrent.FutureTask.run(FutureTask.java:317)
[info]   at java.base/java.util.concurrent.ThreadPoolExecutor.runWorker(ThreadPoolExecutor.java:1144)
[info]   at java.base/java.util.concurrent.ThreadPoolExecutor$Worker.run(ThreadPoolExecutor.java:642)
[info]   at java.base/java.lang.Thread.run(Thread.java:1583)
[info]   Cause: java.lang.ClassCastException: Cannot cast scala.reflect.ClassTag$GenericClassTag to org.apache.spark.sql.catalyst.expressions.Expression
[info]   at java.base/java.lang.Class.cast(Class.java:4067)
[info]   at java.base/jdk.internal.reflect.DirectConstructorHandleAccessor.newInstance(DirectConstructorHandleAccessor.java:62)
[info]   at java.base/java.lang.reflect.Constructor.newInstanceWithCaller(Constructor.java:502)
[info]   at java.base/java.lang.reflect.Constructor.newInstance(Constructor.java:486)
[info]   at frameless.TypedExpressionEncoder$.$anonfun$apply$3(TypedExpressionEncoder.scala:55)
[info]   at scala.Option.map(Option.scala:242)
[info]   at frameless.TypedExpressionEncoder$.apply(TypedExpressionEncoder.scala:54)
[info]   at frameless.TypedDataset$.create(TypedDataset.scala:1325)
[info]   at frameless.FilterTests.prop$4(FilterTests.scala:65)
[info]   at frameless.FilterTests.$anonfun$new$110(FilterTests.scala:75)
[info]   at frameless.FilterTests.$anonfun$new$110$adapted(FilterTests.scala:75)
[info]   at org.scalacheck.Prop$.$anonfun$forAll$18(Prop.scala:1131)
[info]   at scala.Function1.$anonfun$andThen$1(Function1.scala:87)
[info]   at org.scalacheck.Prop$.$anonfun$forAllShrink$2(Prop.scala:868)
[info]   at org.scalacheck.Prop$.secure(Prop.scala:484)
[info]   at org.scalacheck.Prop$.result$1(Prop.scala:868)
[info]   at org.scalacheck.Prop$.$anonfun$forAllShrink$1(Prop.scala:915)
[info]   at org.scalacheck.Prop$.$anonfun$apply$1(Prop.scala:305)
[info]   at org.scalacheck.PropFromFun.apply(Prop.scala:20)
[info]   at org.scalacheck.Prop$.result$1(Prop.scala:869)
[info]   at org.scalacheck.Prop$.$anonfun$forAllShrink$4(Prop.scala:880)
[info]   at scala.collection.immutable.Stream.map(Stream.scala:173)
[info]   at org.scalacheck.Prop$.getFirstFailure$1(Prop.scala:880)
[info]   at org.scalacheck.Prop$.shrinker$1(Prop.scala:895)
[info]   at org.scalacheck.Prop$.$anonfun$forAllShrink$1(Prop.scala:916)
[info]   at org.scalacheck.Prop$.$anonfun$apply$1(Prop.scala:305)
[info]   at org.scalacheck.PropFromFun.apply(Prop.scala:20)
[info]   at org.scalacheck.Test$.workerFun$1(Test.scala:486)
[info]   at org.scalacheck.Test$.$anonfun$check$4(Test.scala:518)
[info]   at org.scalacheck.Test$.$anonfun$check$4$adapted(Test.scala:518)
[info]   at org.scalacheck.Platform$.runWorkers(Platform.scala:42)
[info]   at org.scalacheck.Test$.check(Test.scala:518)
[info]   at org.scalatestplus.scalacheck.UnitCheckerAsserting$CheckerAssertingImpl.check(CheckerAsserting.scala:90)
[info]   at org.scalatestplus.scalacheck.Checkers.check(Checkers.scala:371)
[info]   at org.scalatestplus.scalacheck.Checkers.check$(Checkers.scala:369)
[info]   at frameless.TypedDatasetSuite.check(TypedDatasetSuite.scala:63)
[info]   at frameless.FilterTests.$anonfun$new$95(FilterTests.scala:75)
[info]   at org.scalatest.OutcomeOf.outcomeOf(OutcomeOf.scala:85)
[info]   at org.scalatest.OutcomeOf.outcomeOf$(OutcomeOf.scala:83)
[info]   at org.scalatest.OutcomeOf$.outcomeOf(OutcomeOf.scala:104)
[info]   at org.scalatest.Transformer.apply(Transformer.scala:22)
[info]   at org.scalatest.Transformer.apply(Transformer.scala:20)
[info]   at org.scalatest.funsuite.AnyFunSuiteLike$$anon$1.apply(AnyFunSuiteLike.scala:226)
[info]   at org.scalatest.TestSuite.withFixture(TestSuite.scala:196)
[info]   at org.scalatest.TestSuite.withFixture$(TestSuite.scala:195)
[info]   at org.scalatest.funsuite.AnyFunSuite.withFixture(AnyFunSuite.scala:1564)
[info]   at org.scalatest.funsuite.AnyFunSuiteLike.invokeWithFixture$1(AnyFunSuiteLike.scala:224)
[info]   at org.scalatest.funsuite.AnyFunSuiteLike.$anonfun$runTest$1(AnyFunSuiteLike.scala:236)
[info]   at org.scalatest.SuperEngine.runTestImpl(Engine.scala:306)
[info]   at org.scalatest.funsuite.AnyFunSuiteLike.runTest(AnyFunSuiteLike.scala:236)
[info]   at org.scalatest.funsuite.AnyFunSuiteLike.runTest$(AnyFunSuiteLike.scala:218)
[info]   at org.scalatest.funsuite.AnyFunSuite.runTest(AnyFunSuite.scala:1564)
[info]   at org.scalatest.funsuite.AnyFunSuiteLike.$anonfun$runTests$1(AnyFunSuiteLike.scala:269)
[info]   at org.scalatest.SuperEngine.$anonfun$runTestsInBranch$1(Engine.scala:413)
[info]   at scala.collection.immutable.List.foreach(List.scala:334)
[info]   at org.scalatest.SuperEngine.traverseSubNodes$1(Engine.scala:401)
[info]   at org.scalatest.SuperEngine.runTestsInBranch(Engine.scala:396)
[info]   at org.scalatest.SuperEngine.runTestsImpl(Engine.scala:475)
[info]   at org.scalatest.funsuite.AnyFunSuiteLike.runTests(AnyFunSuiteLike.scala:269)
[info]   at org.scalatest.funsuite.AnyFunSuiteLike.runTests$(AnyFunSuiteLike.scala:268)
[info]   at org.scalatest.funsuite.AnyFunSuite.runTests(AnyFunSuite.scala:1564)
[info]   at org.scalatest.Suite.run(Suite.scala:1114)
[info]   at org.scalatest.Suite.run$(Suite.scala:1096)
[info]   at org.scalatest.funsuite.AnyFunSuite.org$scalatest$funsuite$AnyFunSuiteLike$$super$run(AnyFunSuite.scala:1564)
[info]   at org.scalatest.funsuite.AnyFunSuiteLike.$anonfun$run$1(AnyFunSuiteLike.scala:273)
[info]   at org.scalatest.SuperEngine.runImpl(Engine.scala:535)
[info]   at org.scalatest.funsuite.AnyFunSuiteLike.run(AnyFunSuiteLike.scala:273)
[info]   at org.scalatest.funsuite.AnyFunSuiteLike.run$(AnyFunSuiteLike.scala:272)
[info]   at frameless.TypedDatasetSuite.org$scalatest$BeforeAndAfterAll$$super$run(TypedDatasetSuite.scala:63)
[info]   at org.scalatest.BeforeAndAfterAll.liftedTree1$1(BeforeAndAfterAll.scala:213)
[info]   at org.scalatest.BeforeAndAfterAll.run(BeforeAndAfterAll.scala:210)
[info]   at org.scalatest.BeforeAndAfterAll.run$(BeforeAndAfterAll.scala:208)
[info]   at frameless.TypedDatasetSuite.run(TypedDatasetSuite.scala:63)
[info]   at org.scalatest.tools.Framework.org$scalatest$tools$Framework$$runSuite(Framework.scala:321)
[info]   at org.scalatest.tools.Framework$ScalaTestTask.execute(Framework.scala:517)
[info]   at sbt.ForkMain$Run.lambda$runTest$1(ForkMain.java:414)
[info]   at java.base/java.util.concurrent.FutureTask.run(FutureTask.java:317)
[info]   at java.base/java.util.concurrent.ThreadPoolExecutor.runWorker(ThreadPoolExecutor.java:1144)
[info]   at java.base/java.util.concurrent.ThreadPoolExecutor$Worker.run(ThreadPoolExecutor.java:642)
[info]   at java.base/java.lang.Thread.run(Thread.java:1583)
[info] - filter with arithmetic expressions: addition *** FAILED *** (2 milliseconds)
[info]   IllegalArgumentException was thrown during property evaluation.
[info]     Message: argument type mismatch
[info]     Occurred when passed generated values (
[info]       arg0 = Vector()
[info]     )
[info]   org.scalatest.exceptions.GeneratorDrivenPropertyCheckFailedException:
[info]   at org.scalatestplus.scalacheck.CheckerAsserting$$anon$2.indicateFailure(CheckerAsserting.scala:251)
[info]   at org.scalatestplus.scalacheck.CheckerAsserting$$anon$2.indicateFailure(CheckerAsserting.scala:238)
[info]   at org.scalatestplus.scalacheck.UnitCheckerAsserting$CheckerAssertingImpl.check(CheckerAsserting.scala:160)
[info]   at org.scalatestplus.scalacheck.Checkers.check(Checkers.scala:371)
[info]   at org.scalatestplus.scalacheck.Checkers.check$(Checkers.scala:369)
[info]   at frameless.TypedDatasetSuite.check(TypedDatasetSuite.scala:63)
[info]   at frameless.FilterTests.$anonfun$new$126(FilterTests.scala:83)
[info]   at org.scalatest.OutcomeOf.outcomeOf(OutcomeOf.scala:85)
[info]   at org.scalatest.OutcomeOf.outcomeOf$(OutcomeOf.scala:83)
[info]   at org.scalatest.OutcomeOf$.outcomeOf(OutcomeOf.scala:104)
[info]   at org.scalatest.Transformer.apply(Transformer.scala:22)
[info]   at org.scalatest.Transformer.apply(Transformer.scala:20)
[info]   at org.scalatest.funsuite.AnyFunSuiteLike$$anon$1.apply(AnyFunSuiteLike.scala:226)
[info]   at org.scalatest.TestSuite.withFixture(TestSuite.scala:196)
[info]   at org.scalatest.TestSuite.withFixture$(TestSuite.scala:195)
[info]   at org.scalatest.funsuite.AnyFunSuite.withFixture(AnyFunSuite.scala:1564)
[info]   at org.scalatest.funsuite.AnyFunSuiteLike.invokeWithFixture$1(AnyFunSuiteLike.scala:224)
[info]   at org.scalatest.funsuite.AnyFunSuiteLike.$anonfun$runTest$1(AnyFunSuiteLike.scala:236)
[info]   at org.scalatest.SuperEngine.runTestImpl(Engine.scala:306)
[info]   at org.scalatest.funsuite.AnyFunSuiteLike.runTest(AnyFunSuiteLike.scala:236)
[info]   at org.scalatest.funsuite.AnyFunSuiteLike.runTest$(AnyFunSuiteLike.scala:218)
[info]   at org.scalatest.funsuite.AnyFunSuite.runTest(AnyFunSuite.scala:1564)
[info]   at org.scalatest.funsuite.AnyFunSuiteLike.$anonfun$runTests$1(AnyFunSuiteLike.scala:269)
[info]   at org.scalatest.SuperEngine.$anonfun$runTestsInBranch$1(Engine.scala:413)
[info]   at scala.collection.immutable.List.foreach(List.scala:334)
[info]   at org.scalatest.SuperEngine.traverseSubNodes$1(Engine.scala:401)
[info]   at org.scalatest.SuperEngine.runTestsInBranch(Engine.scala:396)
[info]   at org.scalatest.SuperEngine.runTestsImpl(Engine.scala:475)
[info]   at org.scalatest.funsuite.AnyFunSuiteLike.runTests(AnyFunSuiteLike.scala:269)
[info]   at org.scalatest.funsuite.AnyFunSuiteLike.runTests$(AnyFunSuiteLike.scala:268)
[info]   at org.scalatest.funsuite.AnyFunSuite.runTests(AnyFunSuite.scala:1564)
[info]   at org.scalatest.Suite.run(Suite.scala:1114)
[info]   at org.scalatest.Suite.run$(Suite.scala:1096)
[info]   at org.scalatest.funsuite.AnyFunSuite.org$scalatest$funsuite$AnyFunSuiteLike$$super$run(AnyFunSuite.scala:1564)
[info]   at org.scalatest.funsuite.AnyFunSuiteLike.$anonfun$run$1(AnyFunSuiteLike.scala:273)
[info]   at org.scalatest.SuperEngine.runImpl(Engine.scala:535)
[info]   at org.scalatest.funsuite.AnyFunSuiteLike.run(AnyFunSuiteLike.scala:273)
[info]   at org.scalatest.funsuite.AnyFunSuiteLike.run$(AnyFunSuiteLike.scala:272)
[info]   at frameless.TypedDatasetSuite.org$scalatest$BeforeAndAfterAll$$super$run(TypedDatasetSuite.scala:63)
[info]   at org.scalatest.BeforeAndAfterAll.liftedTree1$1(BeforeAndAfterAll.scala:213)
[info]   at org.scalatest.BeforeAndAfterAll.run(BeforeAndAfterAll.scala:210)
[info]   at org.scalatest.BeforeAndAfterAll.run$(BeforeAndAfterAll.scala:208)
[info]   at frameless.TypedDatasetSuite.run(TypedDatasetSuite.scala:63)
[info]   at org.scalatest.tools.Framework.org$scalatest$tools$Framework$$runSuite(Framework.scala:321)
[info]   at org.scalatest.tools.Framework$ScalaTestTask.execute(Framework.scala:517)
[info]   at sbt.ForkMain$Run.lambda$runTest$1(ForkMain.java:414)
[info]   at java.base/java.util.concurrent.FutureTask.run(FutureTask.java:317)
[info]   at java.base/java.util.concurrent.ThreadPoolExecutor.runWorker(ThreadPoolExecutor.java:1144)
[info]   at java.base/java.util.concurrent.ThreadPoolExecutor$Worker.run(ThreadPoolExecutor.java:642)
[info]   at java.base/java.lang.Thread.run(Thread.java:1583)
[info]   Cause: java.lang.IllegalArgumentException: argument type mismatch
[info]   at java.base/jdk.internal.reflect.DirectConstructorHandleAccessor.newInstance(DirectConstructorHandleAccessor.java:65)
[info]   at java.base/java.lang.reflect.Constructor.newInstanceWithCaller(Constructor.java:502)
[info]   at java.base/java.lang.reflect.Constructor.newInstance(Constructor.java:486)
[info]   at frameless.TypedExpressionEncoder$.$anonfun$apply$3(TypedExpressionEncoder.scala:55)
[info]   at scala.Option.map(Option.scala:242)
[info]   at frameless.TypedExpressionEncoder$.apply(TypedExpressionEncoder.scala:54)
[info]   at frameless.TypedDataset$.create(TypedDataset.scala:1325)
[info]   at frameless.FilterTests.$anonfun$new$127(FilterTests.scala:84)
[info]   at scala.Function1.$anonfun$andThen$1(Function1.scala:87)
[info]   at org.scalacheck.Prop$.$anonfun$forAllShrink$2(Prop.scala:868)
[info]   at org.scalacheck.Prop$.secure(Prop.scala:484)
[info]   at org.scalacheck.Prop$.result$1(Prop.scala:868)
[info]   at org.scalacheck.Prop$.$anonfun$forAllShrink$1(Prop.scala:915)
[info]   at org.scalacheck.Prop$.$anonfun$apply$1(Prop.scala:305)
[info]   at org.scalacheck.PropFromFun.apply(Prop.scala:20)
[info]   at org.scalacheck.Test$.workerFun$1(Test.scala:486)
[info]   at org.scalacheck.Test$.$anonfun$check$4(Test.scala:518)
[info]   at org.scalacheck.Test$.$anonfun$check$4$adapted(Test.scala:518)
[info]   at org.scalacheck.Platform$.runWorkers(Platform.scala:42)
[info]   at org.scalacheck.Test$.check(Test.scala:518)
[info]   at org.scalatestplus.scalacheck.UnitCheckerAsserting$CheckerAssertingImpl.check(CheckerAsserting.scala:90)
[info]   at org.scalatestplus.scalacheck.Checkers.check(Checkers.scala:371)
[info]   at org.scalatestplus.scalacheck.Checkers.check$(Checkers.scala:369)
[info]   at frameless.TypedDatasetSuite.check(TypedDatasetSuite.scala:63)
[info]   at frameless.FilterTests.$anonfun$new$126(FilterTests.scala:83)
[info]   at org.scalatest.OutcomeOf.outcomeOf(OutcomeOf.scala:85)
[info]   at org.scalatest.OutcomeOf.outcomeOf$(OutcomeOf.scala:83)
[info]   at org.scalatest.OutcomeOf$.outcomeOf(OutcomeOf.scala:104)
[info]   at org.scalatest.Transformer.apply(Transformer.scala:22)
[info]   at org.scalatest.Transformer.apply(Transformer.scala:20)
[info]   at org.scalatest.funsuite.AnyFunSuiteLike$$anon$1.apply(AnyFunSuiteLike.scala:226)
[info]   at org.scalatest.TestSuite.withFixture(TestSuite.scala:196)
[info]   at org.scalatest.TestSuite.withFixture$(TestSuite.scala:195)
[info]   at org.scalatest.funsuite.AnyFunSuite.withFixture(AnyFunSuite.scala:1564)
[info]   at org.scalatest.funsuite.AnyFunSuiteLike.invokeWithFixture$1(AnyFunSuiteLike.scala:224)
[info]   at org.scalatest.funsuite.AnyFunSuiteLike.$anonfun$runTest$1(AnyFunSuiteLike.scala:236)
[info]   at org.scalatest.SuperEngine.runTestImpl(Engine.scala:306)
[info]   at org.scalatest.funsuite.AnyFunSuiteLike.runTest(AnyFunSuiteLike.scala:236)
[info]   at org.scalatest.funsuite.AnyFunSuiteLike.runTest$(AnyFunSuiteLike.scala:218)
[info]   at org.scalatest.funsuite.AnyFunSuite.runTest(AnyFunSuite.scala:1564)
[info]   at org.scalatest.funsuite.AnyFunSuiteLike.$anonfun$runTests$1(AnyFunSuiteLike.scala:269)
[info]   at org.scalatest.SuperEngine.$anonfun$runTestsInBranch$1(Engine.scala:413)
[info]   at scala.collection.immutable.List.foreach(List.scala:334)
[info]   at org.scalatest.SuperEngine.traverseSubNodes$1(Engine.scala:401)
[info]   at org.scalatest.SuperEngine.runTestsInBranch(Engine.scala:396)
[info]   at org.scalatest.SuperEngine.runTestsImpl(Engine.scala:475)
[info]   at org.scalatest.funsuite.AnyFunSuiteLike.runTests(AnyFunSuiteLike.scala:269)
[info]   at org.scalatest.funsuite.AnyFunSuiteLike.runTests$(AnyFunSuiteLike.scala:268)
[info]   at org.scalatest.funsuite.AnyFunSuite.runTests(AnyFunSuite.scala:1564)
[info]   at org.scalatest.Suite.run(Suite.scala:1114)
[info]   at org.scalatest.Suite.run$(Suite.scala:1096)
[info]   at org.scalatest.funsuite.AnyFunSuite.org$scalatest$funsuite$AnyFunSuiteLike$$super$run(AnyFunSuite.scala:1564)
[info]   at org.scalatest.funsuite.AnyFunSuiteLike.$anonfun$run$1(AnyFunSuiteLike.scala:273)
[info]   at org.scalatest.SuperEngine.runImpl(Engine.scala:535)
[info]   at org.scalatest.funsuite.AnyFunSuiteLike.run(AnyFunSuiteLike.scala:273)
[info]   at org.scalatest.funsuite.AnyFunSuiteLike.run$(AnyFunSuiteLike.scala:272)
[info]   at frameless.TypedDatasetSuite.org$scalatest$BeforeAndAfterAll$$super$run(TypedDatasetSuite.scala:63)
[info]   at org.scalatest.BeforeAndAfterAll.liftedTree1$1(BeforeAndAfterAll.scala:213)
[info]   at org.scalatest.BeforeAndAfterAll.run(BeforeAndAfterAll.scala:210)
[info]   at org.scalatest.BeforeAndAfterAll.run$(BeforeAndAfterAll.scala:208)
[info]   at frameless.TypedDatasetSuite.run(TypedDatasetSuite.scala:63)
[info]   at org.scalatest.tools.Framework.org$scalatest$tools$Framework$$runSuite(Framework.scala:321)
[info]   at org.scalatest.tools.Framework$ScalaTestTask.execute(Framework.scala:517)
[info]   at sbt.ForkMain$Run.lambda$runTest$1(ForkMain.java:414)
[info]   at java.base/java.util.concurrent.FutureTask.run(FutureTask.java:317)
[info]   at java.base/java.util.concurrent.ThreadPoolExecutor.runWorker(ThreadPoolExecutor.java:1144)
[info]   at java.base/java.util.concurrent.ThreadPoolExecutor$Worker.run(ThreadPoolExecutor.java:642)
[info]   at java.base/java.lang.Thread.run(Thread.java:1583)
[info]   Cause: java.lang.ClassCastException: Cannot cast scala.reflect.ClassTag$GenericClassTag to org.apache.spark.sql.catalyst.expressions.Expression
[info]   at java.base/java.lang.Class.cast(Class.java:4067)
[info]   at java.base/jdk.internal.reflect.DirectConstructorHandleAccessor.newInstance(DirectConstructorHandleAccessor.java:62)
[info]   at java.base/java.lang.reflect.Constructor.newInstanceWithCaller(Constructor.java:502)
[info]   at java.base/java.lang.reflect.Constructor.newInstance(Constructor.java:486)
[info]   at frameless.TypedExpressionEncoder$.$anonfun$apply$3(TypedExpressionEncoder.scala:55)
[info]   at scala.Option.map(Option.scala:242)
[info]   at frameless.TypedExpressionEncoder$.apply(TypedExpressionEncoder.scala:54)
[info]   at frameless.TypedDataset$.create(TypedDataset.scala:1325)
[info]   at frameless.FilterTests.$anonfun$new$127(FilterTests.scala:84)
[info]   at scala.Function1.$anonfun$andThen$1(Function1.scala:87)
[info]   at org.scalacheck.Prop$.$anonfun$forAllShrink$2(Prop.scala:868)
[info]   at org.scalacheck.Prop$.secure(Prop.scala:484)
[info]   at org.scalacheck.Prop$.result$1(Prop.scala:868)
[info]   at org.scalacheck.Prop$.$anonfun$forAllShrink$1(Prop.scala:915)
[info]   at org.scalacheck.Prop$.$anonfun$apply$1(Prop.scala:305)
[info]   at org.scalacheck.PropFromFun.apply(Prop.scala:20)
[info]   at org.scalacheck.Test$.workerFun$1(Test.scala:486)
[info]   at org.scalacheck.Test$.$anonfun$check$4(Test.scala:518)
[info]   at org.scalacheck.Test$.$anonfun$check$4$adapted(Test.scala:518)
[info]   at org.scalacheck.Platform$.runWorkers(Platform.scala:42)
[info]   at org.scalacheck.Test$.check(Test.scala:518)
[info]   at org.scalatestplus.scalacheck.UnitCheckerAsserting$CheckerAssertingImpl.check(CheckerAsserting.scala:90)
[info]   at org.scalatestplus.scalacheck.Checkers.check(Checkers.scala:371)
[info]   at org.scalatestplus.scalacheck.Checkers.check$(Checkers.scala:369)
[info]   at frameless.TypedDatasetSuite.check(TypedDatasetSuite.scala:63)
[info]   at frameless.FilterTests.$anonfun$new$126(FilterTests.scala:83)
[info]   at org.scalatest.OutcomeOf.outcomeOf(OutcomeOf.scala:85)
[info]   at org.scalatest.OutcomeOf.outcomeOf$(OutcomeOf.scala:83)
[info]   at org.scalatest.OutcomeOf$.outcomeOf(OutcomeOf.scala:104)
[info]   at org.scalatest.Transformer.apply(Transformer.scala:22)
[info]   at org.scalatest.Transformer.apply(Transformer.scala:20)
[info]   at org.scalatest.funsuite.AnyFunSuiteLike$$anon$1.apply(AnyFunSuiteLike.scala:226)
[info]   at org.scalatest.TestSuite.withFixture(TestSuite.scala:196)
[info]   at org.scalatest.TestSuite.withFixture$(TestSuite.scala:195)
[info]   at org.scalatest.funsuite.AnyFunSuite.withFixture(AnyFunSuite.scala:1564)
[info]   at org.scalatest.funsuite.AnyFunSuiteLike.invokeWithFixture$1(AnyFunSuiteLike.scala:224)
[info]   at org.scalatest.funsuite.AnyFunSuiteLike.$anonfun$runTest$1(AnyFunSuiteLike.scala:236)
[info]   at org.scalatest.SuperEngine.runTestImpl(Engine.scala:306)
[info]   at org.scalatest.funsuite.AnyFunSuiteLike.runTest(AnyFunSuiteLike.scala:236)
[info]   at org.scalatest.funsuite.AnyFunSuiteLike.runTest$(AnyFunSuiteLike.scala:218)
[info]   at org.scalatest.funsuite.AnyFunSuite.runTest(AnyFunSuite.scala:1564)
[info]   at org.scalatest.funsuite.AnyFunSuiteLike.$anonfun$runTests$1(AnyFunSuiteLike.scala:269)
[info]   at org.scalatest.SuperEngine.$anonfun$runTestsInBranch$1(Engine.scala:413)
[info]   at scala.collection.immutable.List.foreach(List.scala:334)
[info]   at org.scalatest.SuperEngine.traverseSubNodes$1(Engine.scala:401)
[info]   at org.scalatest.SuperEngine.runTestsInBranch(Engine.scala:396)
[info]   at org.scalatest.SuperEngine.runTestsImpl(Engine.scala:475)
[info]   at org.scalatest.funsuite.AnyFunSuiteLike.runTests(AnyFunSuiteLike.scala:269)
[info]   at org.scalatest.funsuite.AnyFunSuiteLike.runTests$(AnyFunSuiteLike.scala:268)
[info]   at org.scalatest.funsuite.AnyFunSuite.runTests(AnyFunSuite.scala:1564)
[info]   at org.scalatest.Suite.run(Suite.scala:1114)
[info]   at org.scalatest.Suite.run$(Suite.scala:1096)
[info]   at org.scalatest.funsuite.AnyFunSuite.org$scalatest$funsuite$AnyFunSuiteLike$$super$run(AnyFunSuite.scala:1564)
[info]   at org.scalatest.funsuite.AnyFunSuiteLike.$anonfun$run$1(AnyFunSuiteLike.scala:273)
[info]   at org.scalatest.SuperEngine.runImpl(Engine.scala:535)
[info]   at org.scalatest.funsuite.AnyFunSuiteLike.run(AnyFunSuiteLike.scala:273)
[info]   at org.scalatest.funsuite.AnyFunSuiteLike.run$(AnyFunSuiteLike.scala:272)
[info]   at frameless.TypedDatasetSuite.org$scalatest$BeforeAndAfterAll$$super$run(TypedDatasetSuite.scala:63)
[info]   at org.scalatest.BeforeAndAfterAll.liftedTree1$1(BeforeAndAfterAll.scala:213)
[info]   at org.scalatest.BeforeAndAfterAll.run(BeforeAndAfterAll.scala:210)
[info]   at org.scalatest.BeforeAndAfterAll.run$(BeforeAndAfterAll.scala:208)
[info]   at frameless.TypedDatasetSuite.run(TypedDatasetSuite.scala:63)
[info]   at org.scalatest.tools.Framework.org$scalatest$tools$Framework$$runSuite(Framework.scala:321)
[info]   at org.scalatest.tools.Framework$ScalaTestTask.execute(Framework.scala:517)
[info]   at sbt.ForkMain$Run.lambda$runTest$1(ForkMain.java:414)
[info]   at java.base/java.util.concurrent.FutureTask.run(FutureTask.java:317)
[info]   at java.base/java.util.concurrent.ThreadPoolExecutor.runWorker(ThreadPoolExecutor.java:1144)
[info]   at java.base/java.util.concurrent.ThreadPoolExecutor$Worker.run(ThreadPoolExecutor.java:642)
[info]   at java.base/java.lang.Thread.run(Thread.java:1583)
[info] - filter with values (not columns): addition *** FAILED *** (6 milliseconds)
[info]   IllegalArgumentException was thrown during property evaluation.
[info]     Message: argument type mismatch
[info]     Occurred when passed generated values (
[info]       arg0 = Vector(),
[info]       arg1 = 0 // 30 shrinks
[info]     )
[info]   org.scalatest.exceptions.GeneratorDrivenPropertyCheckFailedException:
[info]   at org.scalatestplus.scalacheck.CheckerAsserting$$anon$2.indicateFailure(CheckerAsserting.scala:251)
[info]   at org.scalatestplus.scalacheck.CheckerAsserting$$anon$2.indicateFailure(CheckerAsserting.scala:238)
[info]   at org.scalatestplus.scalacheck.UnitCheckerAsserting$CheckerAssertingImpl.check(CheckerAsserting.scala:160)
[info]   at org.scalatestplus.scalacheck.Checkers.check(Checkers.scala:371)
[info]   at org.scalatestplus.scalacheck.Checkers.check$(Checkers.scala:369)
[info]   at frameless.TypedDatasetSuite.check(TypedDatasetSuite.scala:63)
[info]   at frameless.FilterTests.$anonfun$new$139(FilterTests.scala:91)
[info]   at org.scalatest.OutcomeOf.outcomeOf(OutcomeOf.scala:85)
[info]   at org.scalatest.OutcomeOf.outcomeOf$(OutcomeOf.scala:83)
[info]   at org.scalatest.OutcomeOf$.outcomeOf(OutcomeOf.scala:104)
[info]   at org.scalatest.Transformer.apply(Transformer.scala:22)
[info]   at org.scalatest.Transformer.apply(Transformer.scala:20)
[info]   at org.scalatest.funsuite.AnyFunSuiteLike$$anon$1.apply(AnyFunSuiteLike.scala:226)
[info]   at org.scalatest.TestSuite.withFixture(TestSuite.scala:196)
[info]   at org.scalatest.TestSuite.withFixture$(TestSuite.scala:195)
[info]   at org.scalatest.funsuite.AnyFunSuite.withFixture(AnyFunSuite.scala:1564)
[info]   at org.scalatest.funsuite.AnyFunSuiteLike.invokeWithFixture$1(AnyFunSuiteLike.scala:224)
[info]   at org.scalatest.funsuite.AnyFunSuiteLike.$anonfun$runTest$1(AnyFunSuiteLike.scala:236)
[info]   at org.scalatest.SuperEngine.runTestImpl(Engine.scala:306)
[info]   at org.scalatest.funsuite.AnyFunSuiteLike.runTest(AnyFunSuiteLike.scala:236)
[info]   at org.scalatest.funsuite.AnyFunSuiteLike.runTest$(AnyFunSuiteLike.scala:218)
[info]   at org.scalatest.funsuite.AnyFunSuite.runTest(AnyFunSuite.scala:1564)
[info]   at org.scalatest.funsuite.AnyFunSuiteLike.$anonfun$runTests$1(AnyFunSuiteLike.scala:269)
[info]   at org.scalatest.SuperEngine.$anonfun$runTestsInBranch$1(Engine.scala:413)
[info]   at scala.collection.immutable.List.foreach(List.scala:334)
[info]   at org.scalatest.SuperEngine.traverseSubNodes$1(Engine.scala:401)
[info]   at org.scalatest.SuperEngine.runTestsInBranch(Engine.scala:396)
[info]   at org.scalatest.SuperEngine.runTestsImpl(Engine.scala:475)
[info]   at org.scalatest.funsuite.AnyFunSuiteLike.runTests(AnyFunSuiteLike.scala:269)
[info]   at org.scalatest.funsuite.AnyFunSuiteLike.runTests$(AnyFunSuiteLike.scala:268)
[info]   at org.scalatest.funsuite.AnyFunSuite.runTests(AnyFunSuite.scala:1564)
[info]   at org.scalatest.Suite.run(Suite.scala:1114)
[info]   at org.scalatest.Suite.run$(Suite.scala:1096)
[info]   at org.scalatest.funsuite.AnyFunSuite.org$scalatest$funsuite$AnyFunSuiteLike$$super$run(AnyFunSuite.scala:1564)
[info]   at org.scalatest.funsuite.AnyFunSuiteLike.$anonfun$run$1(AnyFunSuiteLike.scala:273)
[info]   at org.scalatest.SuperEngine.runImpl(Engine.scala:535)
[info]   at org.scalatest.funsuite.AnyFunSuiteLike.run(AnyFunSuiteLike.scala:273)
[info]   at org.scalatest.funsuite.AnyFunSuiteLike.run$(AnyFunSuiteLike.scala:272)
[info]   at frameless.TypedDatasetSuite.org$scalatest$BeforeAndAfterAll$$super$run(TypedDatasetSuite.scala:63)
[info]   at org.scalatest.BeforeAndAfterAll.liftedTree1$1(BeforeAndAfterAll.scala:213)
[info]   at org.scalatest.BeforeAndAfterAll.run(BeforeAndAfterAll.scala:210)
[info]   at org.scalatest.BeforeAndAfterAll.run$(BeforeAndAfterAll.scala:208)
[info]   at frameless.TypedDatasetSuite.run(TypedDatasetSuite.scala:63)
[info]   at org.scalatest.tools.Framework.org$scalatest$tools$Framework$$runSuite(Framework.scala:321)
[info]   at org.scalatest.tools.Framework$ScalaTestTask.execute(Framework.scala:517)
[info]   at sbt.ForkMain$Run.lambda$runTest$1(ForkMain.java:414)
[info]   at java.base/java.util.concurrent.FutureTask.run(FutureTask.java:317)
[info]   at java.base/java.util.concurrent.ThreadPoolExecutor.runWorker(ThreadPoolExecutor.java:1144)
[info]   at java.base/java.util.concurrent.ThreadPoolExecutor$Worker.run(ThreadPoolExecutor.java:642)
[info]   at java.base/java.lang.Thread.run(Thread.java:1583)
[info]   Cause: java.lang.IllegalArgumentException: argument type mismatch
[info]   at java.base/jdk.internal.reflect.DirectConstructorHandleAccessor.newInstance(DirectConstructorHandleAccessor.java:65)
[info]   at java.base/java.lang.reflect.Constructor.newInstanceWithCaller(Constructor.java:502)
[info]   at java.base/java.lang.reflect.Constructor.newInstance(Constructor.java:486)
[info]   at frameless.TypedExpressionEncoder$.$anonfun$apply$3(TypedExpressionEncoder.scala:55)
[info]   at scala.Option.map(Option.scala:242)
[info]   at frameless.TypedExpressionEncoder$.apply(TypedExpressionEncoder.scala:54)
[info]   at frameless.TypedDataset$.create(TypedDataset.scala:1325)
[info]   at frameless.FilterTests.$anonfun$new$140(FilterTests.scala:92)
[info]   at frameless.FilterTests.$anonfun$new$140$adapted(FilterTests.scala:91)
[info]   at org.scalacheck.Prop$.$anonfun$forAll$18(Prop.scala:1131)
[info]   at scala.Function1.$anonfun$andThen$1(Function1.scala:87)
[info]   at org.scalacheck.Prop$.$anonfun$forAllShrink$2(Prop.scala:868)
[info]   at org.scalacheck.Prop$.secure(Prop.scala:484)
[info]   at org.scalacheck.Prop$.result$1(Prop.scala:868)
[info]   at org.scalacheck.Prop$.$anonfun$forAllShrink$4(Prop.scala:880)
[info]   at scala.collection.immutable.Stream.map(Stream.scala:173)
[info]   at org.scalacheck.Prop$.getFirstFailure$1(Prop.scala:880)
[info]   at org.scalacheck.Prop$.shrinker$1(Prop.scala:895)
[info]   at org.scalacheck.Prop$.$anonfun$forAllShrink$1(Prop.scala:916)
[info]   at org.scalacheck.Prop$.$anonfun$apply$1(Prop.scala:305)
[info]   at org.scalacheck.PropFromFun.apply(Prop.scala:20)
[info]   at org.scalacheck.Prop$.result$1(Prop.scala:869)
[info]   at org.scalacheck.Prop$.$anonfun$forAllShrink$1(Prop.scala:915)
[info]   at org.scalacheck.Prop$.$anonfun$apply$1(Prop.scala:305)
[info]   at org.scalacheck.PropFromFun.apply(Prop.scala:20)
[info]   at org.scalacheck.Test$.workerFun$1(Test.scala:486)
[info]   at org.scalacheck.Test$.$anonfun$check$4(Test.scala:518)
[info]   at org.scalacheck.Test$.$anonfun$check$4$adapted(Test.scala:518)
[info]   at org.scalacheck.Platform$.runWorkers(Platform.scala:42)
[info]   at org.scalacheck.Test$.check(Test.scala:518)
[info]   at org.scalatestplus.scalacheck.UnitCheckerAsserting$CheckerAssertingImpl.check(CheckerAsserting.scala:90)
[info]   at org.scalatestplus.scalacheck.Checkers.check(Checkers.scala:371)
[info]   at org.scalatestplus.scalacheck.Checkers.check$(Checkers.scala:369)
[info]   at frameless.TypedDatasetSuite.check(TypedDatasetSuite.scala:63)
[info]   at frameless.FilterTests.$anonfun$new$139(FilterTests.scala:91)
[info]   at org.scalatest.OutcomeOf.outcomeOf(OutcomeOf.scala:85)
[info]   at org.scalatest.OutcomeOf.outcomeOf$(OutcomeOf.scala:83)
[info]   at org.scalatest.OutcomeOf$.outcomeOf(OutcomeOf.scala:104)
[info]   at org.scalatest.Transformer.apply(Transformer.scala:22)
[info]   at org.scalatest.Transformer.apply(Transformer.scala:20)
[info]   at org.scalatest.funsuite.AnyFunSuiteLike$$anon$1.apply(AnyFunSuiteLike.scala:226)
[info]   at org.scalatest.TestSuite.withFixture(TestSuite.scala:196)
[info]   at org.scalatest.TestSuite.withFixture$(TestSuite.scala:195)
[info]   at org.scalatest.funsuite.AnyFunSuite.withFixture(AnyFunSuite.scala:1564)
[info]   at org.scalatest.funsuite.AnyFunSuiteLike.invokeWithFixture$1(AnyFunSuiteLike.scala:224)
[info]   at org.scalatest.funsuite.AnyFunSuiteLike.$anonfun$runTest$1(AnyFunSuiteLike.scala:236)
[info]   at org.scalatest.SuperEngine.runTestImpl(Engine.scala:306)
[info]   at org.scalatest.funsuite.AnyFunSuiteLike.runTest(AnyFunSuiteLike.scala:236)
[info]   at org.scalatest.funsuite.AnyFunSuiteLike.runTest$(AnyFunSuiteLike.scala:218)
[info]   at org.scalatest.funsuite.AnyFunSuite.runTest(AnyFunSuite.scala:1564)
[info]   at org.scalatest.funsuite.AnyFunSuiteLike.$anonfun$runTests$1(AnyFunSuiteLike.scala:269)
[info]   at org.scalatest.SuperEngine.$anonfun$runTestsInBranch$1(Engine.scala:413)
[info]   at scala.collection.immutable.List.foreach(List.scala:334)
[info]   at org.scalatest.SuperEngine.traverseSubNodes$1(Engine.scala:401)
[info]   at org.scalatest.SuperEngine.runTestsInBranch(Engine.scala:396)
[info]   at org.scalatest.SuperEngine.runTestsImpl(Engine.scala:475)
[info]   at org.scalatest.funsuite.AnyFunSuiteLike.runTests(AnyFunSuiteLike.scala:269)
[info]   at org.scalatest.funsuite.AnyFunSuiteLike.runTests$(AnyFunSuiteLike.scala:268)
[info]   at org.scalatest.funsuite.AnyFunSuite.runTests(AnyFunSuite.scala:1564)
[info]   at org.scalatest.Suite.run(Suite.scala:1114)
[info]   at org.scalatest.Suite.run$(Suite.scala:1096)
[info]   at org.scalatest.funsuite.AnyFunSuite.org$scalatest$funsuite$AnyFunSuiteLike$$super$run(AnyFunSuite.scala:1564)
[info]   at org.scalatest.funsuite.AnyFunSuiteLike.$anonfun$run$1(AnyFunSuiteLike.scala:273)
[info]   at org.scalatest.SuperEngine.runImpl(Engine.scala:535)
[info]   at org.scalatest.funsuite.AnyFunSuiteLike.run(AnyFunSuiteLike.scala:273)
[info]   at org.scalatest.funsuite.AnyFunSuiteLike.run$(AnyFunSuiteLike.scala:272)
[info]   at frameless.TypedDatasetSuite.org$scalatest$BeforeAndAfterAll$$super$run(TypedDatasetSuite.scala:63)
[info]   at org.scalatest.BeforeAndAfterAll.liftedTree1$1(BeforeAndAfterAll.scala:213)
[info]   at org.scalatest.BeforeAndAfterAll.run(BeforeAndAfterAll.scala:210)
[info]   at org.scalatest.BeforeAndAfterAll.run$(BeforeAndAfterAll.scala:208)
[info]   at frameless.TypedDatasetSuite.run(TypedDatasetSuite.scala:63)
[info]   at org.scalatest.tools.Framework.org$scalatest$tools$Framework$$runSuite(Framework.scala:321)
[info]   at org.scalatest.tools.Framework$ScalaTestTask.execute(Framework.scala:517)
[info]   at sbt.ForkMain$Run.lambda$runTest$1(ForkMain.java:414)
[info]   at java.base/java.util.concurrent.FutureTask.run(FutureTask.java:317)
[info]   at java.base/java.util.concurrent.ThreadPoolExecutor.runWorker(ThreadPoolExecutor.java:1144)
[info]   at java.base/java.util.concurrent.ThreadPoolExecutor$Worker.run(ThreadPoolExecutor.java:642)
[info]   at java.base/java.lang.Thread.run(Thread.java:1583)
[info]   Cause: java.lang.ClassCastException: Cannot cast scala.reflect.ClassTag$GenericClassTag to org.apache.spark.sql.catalyst.expressions.Expression
[info]   at java.base/java.lang.Class.cast(Class.java:4067)
[info]   at java.base/jdk.internal.reflect.DirectConstructorHandleAccessor.newInstance(DirectConstructorHandleAccessor.java:62)
[info]   at java.base/java.lang.reflect.Constructor.newInstanceWithCaller(Constructor.java:502)
[info]   at java.base/java.lang.reflect.Constructor.newInstance(Constructor.java:486)
[info]   at frameless.TypedExpressionEncoder$.$anonfun$apply$3(TypedExpressionEncoder.scala:55)
[info]   at scala.Option.map(Option.scala:242)
[info]   at frameless.TypedExpressionEncoder$.apply(TypedExpressionEncoder.scala:54)
[info]   at frameless.TypedDataset$.create(TypedDataset.scala:1325)
[info]   at frameless.FilterTests.$anonfun$new$140(FilterTests.scala:92)
[info]   at frameless.FilterTests.$anonfun$new$140$adapted(FilterTests.scala:91)
[info]   at org.scalacheck.Prop$.$anonfun$forAll$18(Prop.scala:1131)
[info]   at scala.Function1.$anonfun$andThen$1(Function1.scala:87)
[info]   at org.scalacheck.Prop$.$anonfun$forAllShrink$2(Prop.scala:868)
[info]   at org.scalacheck.Prop$.secure(Prop.scala:484)
[info]   at org.scalacheck.Prop$.result$1(Prop.scala:868)
[info]   at org.scalacheck.Prop$.$anonfun$forAllShrink$4(Prop.scala:880)
[info]   at scala.collection.immutable.Stream.map(Stream.scala:173)
[info]   at org.scalacheck.Prop$.getFirstFailure$1(Prop.scala:880)
[info]   at org.scalacheck.Prop$.shrinker$1(Prop.scala:895)
[info]   at org.scalacheck.Prop$.$anonfun$forAllShrink$1(Prop.scala:916)
[info]   at org.scalacheck.Prop$.$anonfun$apply$1(Prop.scala:305)
[info]   at org.scalacheck.PropFromFun.apply(Prop.scala:20)
[info]   at org.scalacheck.Prop$.result$1(Prop.scala:869)
[info]   at org.scalacheck.Prop$.$anonfun$forAllShrink$1(Prop.scala:915)
[info]   at org.scalacheck.Prop$.$anonfun$apply$1(Prop.scala:305)
[info]   at org.scalacheck.PropFromFun.apply(Prop.scala:20)
[info]   at org.scalacheck.Test$.workerFun$1(Test.scala:486)
[info]   at org.scalacheck.Test$.$anonfun$check$4(Test.scala:518)
[info]   at org.scalacheck.Test$.$anonfun$check$4$adapted(Test.scala:518)
[info]   at org.scalacheck.Platform$.runWorkers(Platform.scala:42)
[info]   at org.scalacheck.Test$.check(Test.scala:518)
[info]   at org.scalatestplus.scalacheck.UnitCheckerAsserting$CheckerAssertingImpl.check(CheckerAsserting.scala:90)
[info]   at org.scalatestplus.scalacheck.Checkers.check(Checkers.scala:371)
[info]   at org.scalatestplus.scalacheck.Checkers.check$(Checkers.scala:369)
[info]   at frameless.TypedDatasetSuite.check(TypedDatasetSuite.scala:63)
[info]   at frameless.FilterTests.$anonfun$new$139(FilterTests.scala:91)
[info]   at org.scalatest.OutcomeOf.outcomeOf(OutcomeOf.scala:85)
[info]   at org.scalatest.OutcomeOf.outcomeOf$(OutcomeOf.scala:83)
[info]   at org.scalatest.OutcomeOf$.outcomeOf(OutcomeOf.scala:104)
[info]   at org.scalatest.Transformer.apply(Transformer.scala:22)
[info]   at org.scalatest.Transformer.apply(Transformer.scala:20)
[info]   at org.scalatest.funsuite.AnyFunSuiteLike$$anon$1.apply(AnyFunSuiteLike.scala:226)
[info]   at org.scalatest.TestSuite.withFixture(TestSuite.scala:196)
[info]   at org.scalatest.TestSuite.withFixture$(TestSuite.scala:195)
[info]   at org.scalatest.funsuite.AnyFunSuite.withFixture(AnyFunSuite.scala:1564)
[info]   at org.scalatest.funsuite.AnyFunSuiteLike.invokeWithFixture$1(AnyFunSuiteLike.scala:224)
[info]   at org.scalatest.funsuite.AnyFunSuiteLike.$anonfun$runTest$1(AnyFunSuiteLike.scala:236)
[info]   at org.scalatest.SuperEngine.runTestImpl(Engine.scala:306)
[info]   at org.scalatest.funsuite.AnyFunSuiteLike.runTest(AnyFunSuiteLike.scala:236)
[info]   at org.scalatest.funsuite.AnyFunSuiteLike.runTest$(AnyFunSuiteLike.scala:218)
[info]   at org.scalatest.funsuite.AnyFunSuite.runTest(AnyFunSuite.scala:1564)
[info]   at org.scalatest.funsuite.AnyFunSuiteLike.$anonfun$runTests$1(AnyFunSuiteLike.scala:269)
[info]   at org.scalatest.SuperEngine.$anonfun$runTestsInBranch$1(Engine.scala:413)
[info]   at scala.collection.immutable.List.foreach(List.scala:334)
[info]   at org.scalatest.SuperEngine.traverseSubNodes$1(Engine.scala:401)
[info]   at org.scalatest.SuperEngine.runTestsInBranch(Engine.scala:396)
[info]   at org.scalatest.SuperEngine.runTestsImpl(Engine.scala:475)
[info]   at org.scalatest.funsuite.AnyFunSuiteLike.runTests(AnyFunSuiteLike.scala:269)
[info]   at org.scalatest.funsuite.AnyFunSuiteLike.runTests$(AnyFunSuiteLike.scala:268)
[info]   at org.scalatest.funsuite.AnyFunSuite.runTests(AnyFunSuite.scala:1564)
[info]   at org.scalatest.Suite.run(Suite.scala:1114)
[info]   at org.scalatest.Suite.run$(Suite.scala:1096)
[info]   at org.scalatest.funsuite.AnyFunSuite.org$scalatest$funsuite$AnyFunSuiteLike$$super$run(AnyFunSuite.scala:1564)
[info]   at org.scalatest.funsuite.AnyFunSuiteLike.$anonfun$run$1(AnyFunSuiteLike.scala:273)
[info]   at org.scalatest.SuperEngine.runImpl(Engine.scala:535)
[info]   at org.scalatest.funsuite.AnyFunSuiteLike.run(AnyFunSuiteLike.scala:273)
[info]   at org.scalatest.funsuite.AnyFunSuiteLike.run$(AnyFunSuiteLike.scala:272)
[info]   at frameless.TypedDatasetSuite.org$scalatest$BeforeAndAfterAll$$super$run(TypedDatasetSuite.scala:63)
[info]   at org.scalatest.BeforeAndAfterAll.liftedTree1$1(BeforeAndAfterAll.scala:213)
[info]   at org.scalatest.BeforeAndAfterAll.run(BeforeAndAfterAll.scala:210)
[info]   at org.scalatest.BeforeAndAfterAll.run$(BeforeAndAfterAll.scala:208)
[info]   at frameless.TypedDatasetSuite.run(TypedDatasetSuite.scala:63)
[info]   at org.scalatest.tools.Framework.org$scalatest$tools$Framework$$runSuite(Framework.scala:321)
[info]   at org.scalatest.tools.Framework$ScalaTestTask.execute(Framework.scala:517)
[info]   at sbt.ForkMain$Run.lambda$runTest$1(ForkMain.java:414)
[info]   at java.base/java.util.concurrent.FutureTask.run(FutureTask.java:317)
[info]   at java.base/java.util.concurrent.ThreadPoolExecutor.runWorker(ThreadPoolExecutor.java:1144)
[info]   at java.base/java.util.concurrent.ThreadPoolExecutor$Worker.run(ThreadPoolExecutor.java:642)
[info]   at java.base/java.lang.Thread.run(Thread.java:1583)
[info] - filter with arithmetic expressions: multiplication *** FAILED *** (2 milliseconds)
[info]   java.lang.IllegalArgumentException: argument type mismatch
[info]   at java.base/jdk.internal.reflect.DirectConstructorHandleAccessor.newInstance(DirectConstructorHandleAccessor.java:65)
[info]   at java.base/java.lang.reflect.Constructor.newInstanceWithCaller(Constructor.java:502)
[info]   at java.base/java.lang.reflect.Constructor.newInstance(Constructor.java:486)
[info]   at frameless.TypedExpressionEncoder$.$anonfun$apply$3(TypedExpressionEncoder.scala:55)
[info]   at scala.Option.map(Option.scala:242)
[info]   at frameless.TypedExpressionEncoder$.apply(TypedExpressionEncoder.scala:54)
[info]   at frameless.TypedDataset$.create(TypedDataset.scala:1325)
[info]   at frameless.FilterTests.$anonfun$new$152(FilterTests.scala:100)
[info]   at org.scalatest.OutcomeOf.outcomeOf(OutcomeOf.scala:85)
[info]   at org.scalatest.OutcomeOf.outcomeOf$(OutcomeOf.scala:83)
[info]   at org.scalatest.OutcomeOf$.outcomeOf(OutcomeOf.scala:104)
[info]   at org.scalatest.Transformer.apply(Transformer.scala:22)
[info]   at org.scalatest.Transformer.apply(Transformer.scala:20)
[info]   at org.scalatest.funsuite.AnyFunSuiteLike$$anon$1.apply(AnyFunSuiteLike.scala:226)
[info]   at org.scalatest.TestSuite.withFixture(TestSuite.scala:196)
[info]   at org.scalatest.TestSuite.withFixture$(TestSuite.scala:195)
[info]   at org.scalatest.funsuite.AnyFunSuite.withFixture(AnyFunSuite.scala:1564)
[info]   at org.scalatest.funsuite.AnyFunSuiteLike.invokeWithFixture$1(AnyFunSuiteLike.scala:224)
[info]   at org.scalatest.funsuite.AnyFunSuiteLike.$anonfun$runTest$1(AnyFunSuiteLike.scala:236)
[info]   at org.scalatest.SuperEngine.runTestImpl(Engine.scala:306)
[info]   at org.scalatest.funsuite.AnyFunSuiteLike.runTest(AnyFunSuiteLike.scala:236)
[info]   at org.scalatest.funsuite.AnyFunSuiteLike.runTest$(AnyFunSuiteLike.scala:218)
[info]   at org.scalatest.funsuite.AnyFunSuite.runTest(AnyFunSuite.scala:1564)
[info]   at org.scalatest.funsuite.AnyFunSuiteLike.$anonfun$runTests$1(AnyFunSuiteLike.scala:269)
[info]   at org.scalatest.SuperEngine.$anonfun$runTestsInBranch$1(Engine.scala:413)
[info]   at scala.collection.immutable.List.foreach(List.scala:334)
[info]   at org.scalatest.SuperEngine.traverseSubNodes$1(Engine.scala:401)
[info]   at org.scalatest.SuperEngine.runTestsInBranch(Engine.scala:396)
[info]   at org.scalatest.SuperEngine.runTestsImpl(Engine.scala:475)
[info]   at org.scalatest.funsuite.AnyFunSuiteLike.runTests(AnyFunSuiteLike.scala:269)
[info]   at org.scalatest.funsuite.AnyFunSuiteLike.runTests$(AnyFunSuiteLike.scala:268)
[info]   at org.scalatest.funsuite.AnyFunSuite.runTests(AnyFunSuite.scala:1564)
[info]   at org.scalatest.Suite.run(Suite.scala:1114)
[info]   at org.scalatest.Suite.run$(Suite.scala:1096)
[info]   at org.scalatest.funsuite.AnyFunSuite.org$scalatest$funsuite$AnyFunSuiteLike$$super$run(AnyFunSuite.scala:1564)
[info]   at org.scalatest.funsuite.AnyFunSuiteLike.$anonfun$run$1(AnyFunSuiteLike.scala:273)
[info]   at org.scalatest.SuperEngine.runImpl(Engine.scala:535)
[info]   at org.scalatest.funsuite.AnyFunSuiteLike.run(AnyFunSuiteLike.scala:273)
[info]   at org.scalatest.funsuite.AnyFunSuiteLike.run$(AnyFunSuiteLike.scala:272)
[info]   at frameless.TypedDatasetSuite.org$scalatest$BeforeAndAfterAll$$super$run(TypedDatasetSuite.scala:63)
[info]   at org.scalatest.BeforeAndAfterAll.liftedTree1$1(BeforeAndAfterAll.scala:213)
[info]   at org.scalatest.BeforeAndAfterAll.run(BeforeAndAfterAll.scala:210)
[info]   at org.scalatest.BeforeAndAfterAll.run$(BeforeAndAfterAll.scala:208)
[info]   at frameless.TypedDatasetSuite.run(TypedDatasetSuite.scala:63)
[info]   at org.scalatest.tools.Framework.org$scalatest$tools$Framework$$runSuite(Framework.scala:321)
[info]   at org.scalatest.tools.Framework$ScalaTestTask.execute(Framework.scala:517)
[info]   at sbt.ForkMain$Run.lambda$runTest$1(ForkMain.java:414)
[info]   at java.base/java.util.concurrent.FutureTask.run(FutureTask.java:317)
[info]   at java.base/java.util.concurrent.ThreadPoolExecutor.runWorker(ThreadPoolExecutor.java:1144)
[info]   at java.base/java.util.concurrent.ThreadPoolExecutor$Worker.run(ThreadPoolExecutor.java:642)
[info]   at java.base/java.lang.Thread.run(Thread.java:1583)
[info]   Cause: java.lang.ClassCastException: Cannot cast scala.reflect.ClassTag$GenericClassTag to org.apache.spark.sql.catalyst.expressions.Expression
[info]   at java.base/java.lang.Class.cast(Class.java:4067)
[info]   at java.base/jdk.internal.reflect.DirectConstructorHandleAccessor.newInstance(DirectConstructorHandleAccessor.java:62)
[info]   at java.base/java.lang.reflect.Constructor.newInstanceWithCaller(Constructor.java:502)
[info]   at java.base/java.lang.reflect.Constructor.newInstance(Constructor.java:486)
[info]   at frameless.TypedExpressionEncoder$.$anonfun$apply$3(TypedExpressionEncoder.scala:55)
[info]   at scala.Option.map(Option.scala:242)
[info]   at frameless.TypedExpressionEncoder$.apply(TypedExpressionEncoder.scala:54)
[info]   at frameless.TypedDataset$.create(TypedDataset.scala:1325)
[info]   at frameless.FilterTests.$anonfun$new$152(FilterTests.scala:100)
[info]   at org.scalatest.OutcomeOf.outcomeOf(OutcomeOf.scala:85)
[info]   at org.scalatest.OutcomeOf.outcomeOf$(OutcomeOf.scala:83)
[info]   at org.scalatest.OutcomeOf$.outcomeOf(OutcomeOf.scala:104)
[info]   at org.scalatest.Transformer.apply(Transformer.scala:22)
[info]   at org.scalatest.Transformer.apply(Transformer.scala:20)
[info]   at org.scalatest.funsuite.AnyFunSuiteLike$$anon$1.apply(AnyFunSuiteLike.scala:226)
[info]   at org.scalatest.TestSuite.withFixture(TestSuite.scala:196)
[info]   at org.scalatest.TestSuite.withFixture$(TestSuite.scala:195)
[info]   at org.scalatest.funsuite.AnyFunSuite.withFixture(AnyFunSuite.scala:1564)
[info]   at org.scalatest.funsuite.AnyFunSuiteLike.invokeWithFixture$1(AnyFunSuiteLike.scala:224)
[info]   at org.scalatest.funsuite.AnyFunSuiteLike.$anonfun$runTest$1(AnyFunSuiteLike.scala:236)
[info]   at org.scalatest.SuperEngine.runTestImpl(Engine.scala:306)
[info]   at org.scalatest.funsuite.AnyFunSuiteLike.runTest(AnyFunSuiteLike.scala:236)
[info]   at org.scalatest.funsuite.AnyFunSuiteLike.runTest$(AnyFunSuiteLike.scala:218)
[info]   at org.scalatest.funsuite.AnyFunSuite.runTest(AnyFunSuite.scala:1564)
[info]   at org.scalatest.funsuite.AnyFunSuiteLike.$anonfun$runTests$1(AnyFunSuiteLike.scala:269)
[info]   at org.scalatest.SuperEngine.$anonfun$runTestsInBranch$1(Engine.scala:413)
[info]   at scala.collection.immutable.List.foreach(List.scala:334)
[info]   at org.scalatest.SuperEngine.traverseSubNodes$1(Engine.scala:401)
[info]   at org.scalatest.SuperEngine.runTestsInBranch(Engine.scala:396)
[info]   at org.scalatest.SuperEngine.runTestsImpl(Engine.scala:475)
[info]   at org.scalatest.funsuite.AnyFunSuiteLike.runTests(AnyFunSuiteLike.scala:269)
[info]   at org.scalatest.funsuite.AnyFunSuiteLike.runTests$(AnyFunSuiteLike.scala:268)
[info]   at org.scalatest.funsuite.AnyFunSuite.runTests(AnyFunSuite.scala:1564)
[info]   at org.scalatest.Suite.run(Suite.scala:1114)
[info]   at org.scalatest.Suite.run$(Suite.scala:1096)
[info]   at org.scalatest.funsuite.AnyFunSuite.org$scalatest$funsuite$AnyFunSuiteLike$$super$run(AnyFunSuite.scala:1564)
[info]   at org.scalatest.funsuite.AnyFunSuiteLike.$anonfun$run$1(AnyFunSuiteLike.scala:273)
[info]   at org.scalatest.SuperEngine.runImpl(Engine.scala:535)
[info]   at org.scalatest.funsuite.AnyFunSuiteLike.run(AnyFunSuiteLike.scala:273)
[info]   at org.scalatest.funsuite.AnyFunSuiteLike.run$(AnyFunSuiteLike.scala:272)
[info]   at frameless.TypedDatasetSuite.org$scalatest$BeforeAndAfterAll$$super$run(TypedDatasetSuite.scala:63)
[info]   at org.scalatest.BeforeAndAfterAll.liftedTree1$1(BeforeAndAfterAll.scala:213)
[info]   at org.scalatest.BeforeAndAfterAll.run(BeforeAndAfterAll.scala:210)
[info]   at org.scalatest.BeforeAndAfterAll.run$(BeforeAndAfterAll.scala:208)
[info]   at frameless.TypedDatasetSuite.run(TypedDatasetSuite.scala:63)
[info]   at org.scalatest.tools.Framework.org$scalatest$tools$Framework$$runSuite(Framework.scala:321)
[info]   at org.scalatest.tools.Framework$ScalaTestTask.execute(Framework.scala:517)
[info]   at sbt.ForkMain$Run.lambda$runTest$1(ForkMain.java:414)
[info]   at java.base/java.util.concurrent.FutureTask.run(FutureTask.java:317)
[info]   at java.base/java.util.concurrent.ThreadPoolExecutor.runWorker(ThreadPoolExecutor.java:1144)
[info]   at java.base/java.util.concurrent.ThreadPoolExecutor$Worker.run(ThreadPoolExecutor.java:642)
[info]   at java.base/java.lang.Thread.run(Thread.java:1583)
[info] - Option equality/inequality for columns *** FAILED *** (12 milliseconds)
[info]   IllegalArgumentException was thrown during property evaluation.
[info]     Message: argument type mismatch
[info]     Occurred when passed generated values (
[info]       arg0 = None, // 1 shrink
[info]       arg1 = None // 1 shrink
[info]     )
[info]   org.scalatest.exceptions.GeneratorDrivenPropertyCheckFailedException:
[info]   at org.scalatestplus.scalacheck.CheckerAsserting$$anon$2.indicateFailure(CheckerAsserting.scala:251)
[info]   at org.scalatestplus.scalacheck.CheckerAsserting$$anon$2.indicateFailure(CheckerAsserting.scala:238)
[info]   at org.scalatestplus.scalacheck.UnitCheckerAsserting$CheckerAssertingImpl.check(CheckerAsserting.scala:160)
[info]   at org.scalatestplus.scalacheck.Checkers.check(Checkers.scala:371)
[info]   at org.scalatestplus.scalacheck.Checkers.check$(Checkers.scala:369)
[info]   at frameless.TypedDatasetSuite.check(TypedDatasetSuite.scala:63)
[info]   at frameless.FilterTests.$anonfun$new$161(FilterTests.scala:119)
[info]   at org.scalatest.OutcomeOf.outcomeOf(OutcomeOf.scala:85)
[info]   at org.scalatest.OutcomeOf.outcomeOf$(OutcomeOf.scala:83)
[info]   at org.scalatest.OutcomeOf$.outcomeOf(OutcomeOf.scala:104)
[info]   at org.scalatest.Transformer.apply(Transformer.scala:22)
[info]   at org.scalatest.Transformer.apply(Transformer.scala:20)
[info]   at org.scalatest.funsuite.AnyFunSuiteLike$$anon$1.apply(AnyFunSuiteLike.scala:226)
[info]   at org.scalatest.TestSuite.withFixture(TestSuite.scala:196)
[info]   at org.scalatest.TestSuite.withFixture$(TestSuite.scala:195)
[info]   at org.scalatest.funsuite.AnyFunSuite.withFixture(AnyFunSuite.scala:1564)
[info]   at org.scalatest.funsuite.AnyFunSuiteLike.invokeWithFixture$1(AnyFunSuiteLike.scala:224)
[info]   at org.scalatest.funsuite.AnyFunSuiteLike.$anonfun$runTest$1(AnyFunSuiteLike.scala:236)
[info]   at org.scalatest.SuperEngine.runTestImpl(Engine.scala:306)
[info]   at org.scalatest.funsuite.AnyFunSuiteLike.runTest(AnyFunSuiteLike.scala:236)
[info]   at org.scalatest.funsuite.AnyFunSuiteLike.runTest$(AnyFunSuiteLike.scala:218)
[info]   at org.scalatest.funsuite.AnyFunSuite.runTest(AnyFunSuite.scala:1564)
[info]   at org.scalatest.funsuite.AnyFunSuiteLike.$anonfun$runTests$1(AnyFunSuiteLike.scala:269)
[info]   at org.scalatest.SuperEngine.$anonfun$runTestsInBranch$1(Engine.scala:413)
[info]   at scala.collection.immutable.List.foreach(List.scala:334)
[info]   at org.scalatest.SuperEngine.traverseSubNodes$1(Engine.scala:401)
[info]   at org.scalatest.SuperEngine.runTestsInBranch(Engine.scala:396)
[info]   at org.scalatest.SuperEngine.runTestsImpl(Engine.scala:475)
[info]   at org.scalatest.funsuite.AnyFunSuiteLike.runTests(AnyFunSuiteLike.scala:269)
[info]   at org.scalatest.funsuite.AnyFunSuiteLike.runTests$(AnyFunSuiteLike.scala:268)
[info]   at org.scalatest.funsuite.AnyFunSuite.runTests(AnyFunSuite.scala:1564)
[info]   at org.scalatest.Suite.run(Suite.scala:1114)
[info]   at org.scalatest.Suite.run$(Suite.scala:1096)
[info]   at org.scalatest.funsuite.AnyFunSuite.org$scalatest$funsuite$AnyFunSuiteLike$$super$run(AnyFunSuite.scala:1564)
[info]   at org.scalatest.funsuite.AnyFunSuiteLike.$anonfun$run$1(AnyFunSuiteLike.scala:273)
[info]   at org.scalatest.SuperEngine.runImpl(Engine.scala:535)
[info]   at org.scalatest.funsuite.AnyFunSuiteLike.run(AnyFunSuiteLike.scala:273)
[info]   at org.scalatest.funsuite.AnyFunSuiteLike.run$(AnyFunSuiteLike.scala:272)
[info]   at frameless.TypedDatasetSuite.org$scalatest$BeforeAndAfterAll$$super$run(TypedDatasetSuite.scala:63)
[info]   at org.scalatest.BeforeAndAfterAll.liftedTree1$1(BeforeAndAfterAll.scala:213)
[info]   at org.scalatest.BeforeAndAfterAll.run(BeforeAndAfterAll.scala:210)
[info]   at org.scalatest.BeforeAndAfterAll.run$(BeforeAndAfterAll.scala:208)
[info]   at frameless.TypedDatasetSuite.run(TypedDatasetSuite.scala:63)
[info]   at org.scalatest.tools.Framework.org$scalatest$tools$Framework$$runSuite(Framework.scala:321)
[info]   at org.scalatest.tools.Framework$ScalaTestTask.execute(Framework.scala:517)
[info]   at sbt.ForkMain$Run.lambda$runTest$1(ForkMain.java:414)
[info]   at java.base/java.util.concurrent.FutureTask.run(FutureTask.java:317)
[info]   at java.base/java.util.concurrent.ThreadPoolExecutor.runWorker(ThreadPoolExecutor.java:1144)
[info]   at java.base/java.util.concurrent.ThreadPoolExecutor$Worker.run(ThreadPoolExecutor.java:642)
[info]   at java.base/java.lang.Thread.run(Thread.java:1583)
[info]   Cause: java.lang.IllegalArgumentException: argument type mismatch
[info]   at java.base/jdk.internal.reflect.DirectConstructorHandleAccessor.newInstance(DirectConstructorHandleAccessor.java:65)
[info]   at java.base/java.lang.reflect.Constructor.newInstanceWithCaller(Constructor.java:502)
[info]   at java.base/java.lang.reflect.Constructor.newInstance(Constructor.java:486)
[info]   at frameless.TypedExpressionEncoder$.$anonfun$apply$3(TypedExpressionEncoder.scala:55)
[info]   at scala.Option.map(Option.scala:242)
[info]   at frameless.TypedExpressionEncoder$.apply(TypedExpressionEncoder.scala:54)
[info]   at frameless.TypedDataset$.create(TypedDataset.scala:1325)
[info]   at frameless.FilterTests.prop$5(FilterTests.scala:109)
[info]   at frameless.FilterTests.$anonfun$new$185(FilterTests.scala:119)
[info]   at org.scalacheck.Prop$.$anonfun$forAll$18(Prop.scala:1131)
[info]   at scala.Function1.$anonfun$andThen$1(Function1.scala:87)
[info]   at org.scalacheck.Prop$.$anonfun$forAllShrink$2(Prop.scala:868)
[info]   at org.scalacheck.Prop$.secure(Prop.scala:484)
[info]   at org.scalacheck.Prop$.result$1(Prop.scala:868)
[info]   at org.scalacheck.Prop$.$anonfun$forAllShrink$4(Prop.scala:880)
[info]   at scala.collection.immutable.Stream.map(Stream.scala:173)
[info]   at org.scalacheck.Prop$.getFirstFailure$1(Prop.scala:880)
[info]   at org.scalacheck.Prop$.shrinker$1(Prop.scala:895)
[info]   at org.scalacheck.Prop$.$anonfun$forAllShrink$1(Prop.scala:916)
[info]   at org.scalacheck.Prop$.$anonfun$apply$1(Prop.scala:305)
[info]   at org.scalacheck.PropFromFun.apply(Prop.scala:20)
[info]   at org.scalacheck.Prop$.result$1(Prop.scala:869)
[info]   at org.scalacheck.Prop$.$anonfun$forAllShrink$4(Prop.scala:880)
[info]   at scala.collection.immutable.Stream.map(Stream.scala:173)
[info]   at org.scalacheck.Prop$.getFirstFailure$1(Prop.scala:880)
[info]   at org.scalacheck.Prop$.shrinker$1(Prop.scala:895)
[info]   at org.scalacheck.Prop$.$anonfun$forAllShrink$1(Prop.scala:916)
[info]   at org.scalacheck.Prop$.$anonfun$apply$1(Prop.scala:305)
[info]   at org.scalacheck.PropFromFun.apply(Prop.scala:20)
[info]   at org.scalacheck.Test$.workerFun$1(Test.scala:486)
[info]   at org.scalacheck.Test$.$anonfun$check$4(Test.scala:518)
[info]   at org.scalacheck.Test$.$anonfun$check$4$adapted(Test.scala:518)
[info]   at org.scalacheck.Platform$.runWorkers(Platform.scala:42)
[info]   at org.scalacheck.Test$.check(Test.scala:518)
[info]   at org.scalatestplus.scalacheck.UnitCheckerAsserting$CheckerAssertingImpl.check(CheckerAsserting.scala:90)
[info]   at org.scalatestplus.scalacheck.Checkers.check(Checkers.scala:371)
[info]   at org.scalatestplus.scalacheck.Checkers.check$(Checkers.scala:369)
[info]   at frameless.TypedDatasetSuite.check(TypedDatasetSuite.scala:63)
[info]   at frameless.FilterTests.$anonfun$new$161(FilterTests.scala:119)
[info]   at org.scalatest.OutcomeOf.outcomeOf(OutcomeOf.scala:85)
[info]   at org.scalatest.OutcomeOf.outcomeOf$(OutcomeOf.scala:83)
[info]   at org.scalatest.OutcomeOf$.outcomeOf(OutcomeOf.scala:104)
[info]   at org.scalatest.Transformer.apply(Transformer.scala:22)
[info]   at org.scalatest.Transformer.apply(Transformer.scala:20)
[info]   at org.scalatest.funsuite.AnyFunSuiteLike$$anon$1.apply(AnyFunSuiteLike.scala:226)
[info]   at org.scalatest.TestSuite.withFixture(TestSuite.scala:196)
[info]   at org.scalatest.TestSuite.withFixture$(TestSuite.scala:195)
[info]   at org.scalatest.funsuite.AnyFunSuite.withFixture(AnyFunSuite.scala:1564)
[info]   at org.scalatest.funsuite.AnyFunSuiteLike.invokeWithFixture$1(AnyFunSuiteLike.scala:224)
[info]   at org.scalatest.funsuite.AnyFunSuiteLike.$anonfun$runTest$1(AnyFunSuiteLike.scala:236)
[info]   at org.scalatest.SuperEngine.runTestImpl(Engine.scala:306)
[info]   at org.scalatest.funsuite.AnyFunSuiteLike.runTest(AnyFunSuiteLike.scala:236)
[info]   at org.scalatest.funsuite.AnyFunSuiteLike.runTest$(AnyFunSuiteLike.scala:218)
[info]   at org.scalatest.funsuite.AnyFunSuite.runTest(AnyFunSuite.scala:1564)
[info]   at org.scalatest.funsuite.AnyFunSuiteLike.$anonfun$runTests$1(AnyFunSuiteLike.scala:269)
[info]   at org.scalatest.SuperEngine.$anonfun$runTestsInBranch$1(Engine.scala:413)
[info]   at scala.collection.immutable.List.foreach(List.scala:334)
[info]   at org.scalatest.SuperEngine.traverseSubNodes$1(Engine.scala:401)
[info]   at org.scalatest.SuperEngine.runTestsInBranch(Engine.scala:396)
[info]   at org.scalatest.SuperEngine.runTestsImpl(Engine.scala:475)
[info]   at org.scalatest.funsuite.AnyFunSuiteLike.runTests(AnyFunSuiteLike.scala:269)
[info]   at org.scalatest.funsuite.AnyFunSuiteLike.runTests$(AnyFunSuiteLike.scala:268)
[info]   at org.scalatest.funsuite.AnyFunSuite.runTests(AnyFunSuite.scala:1564)
[info]   at org.scalatest.Suite.run(Suite.scala:1114)
[info]   at org.scalatest.Suite.run$(Suite.scala:1096)
[info]   at org.scalatest.funsuite.AnyFunSuite.org$scalatest$funsuite$AnyFunSuiteLike$$super$run(AnyFunSuite.scala:1564)
[info]   at org.scalatest.funsuite.AnyFunSuiteLike.$anonfun$run$1(AnyFunSuiteLike.scala:273)
[info]   at org.scalatest.SuperEngine.runImpl(Engine.scala:535)
[info]   at org.scalatest.funsuite.AnyFunSuiteLike.run(AnyFunSuiteLike.scala:273)
[info]   at org.scalatest.funsuite.AnyFunSuiteLike.run$(AnyFunSuiteLike.scala:272)
[info]   at frameless.TypedDatasetSuite.org$scalatest$BeforeAndAfterAll$$super$run(TypedDatasetSuite.scala:63)
[info]   at org.scalatest.BeforeAndAfterAll.liftedTree1$1(BeforeAndAfterAll.scala:213)
[info]   at org.scalatest.BeforeAndAfterAll.run(BeforeAndAfterAll.scala:210)
[info]   at org.scalatest.BeforeAndAfterAll.run$(BeforeAndAfterAll.scala:208)
[info]   at frameless.TypedDatasetSuite.run(TypedDatasetSuite.scala:63)
[info]   at org.scalatest.tools.Framework.org$scalatest$tools$Framework$$runSuite(Framework.scala:321)
[info]   at org.scalatest.tools.Framework$ScalaTestTask.execute(Framework.scala:517)
[info]   at sbt.ForkMain$Run.lambda$runTest$1(ForkMain.java:414)
[info]   at java.base/java.util.concurrent.FutureTask.run(FutureTask.java:317)
[info]   at java.base/java.util.concurrent.ThreadPoolExecutor.runWorker(ThreadPoolExecutor.java:1144)
[info]   at java.base/java.util.concurrent.ThreadPoolExecutor$Worker.run(ThreadPoolExecutor.java:642)
[info]   at java.base/java.lang.Thread.run(Thread.java:1583)
[info]   Cause: java.lang.ClassCastException: Cannot cast scala.reflect.ClassTag$GenericClassTag to org.apache.spark.sql.catalyst.expressions.Expression
[info]   at java.base/java.lang.Class.cast(Class.java:4067)
[info]   at java.base/jdk.internal.reflect.DirectConstructorHandleAccessor.newInstance(DirectConstructorHandleAccessor.java:62)
[info]   at java.base/java.lang.reflect.Constructor.newInstanceWithCaller(Constructor.java:502)
[info]   at java.base/java.lang.reflect.Constructor.newInstance(Constructor.java:486)
[info]   at frameless.TypedExpressionEncoder$.$anonfun$apply$3(TypedExpressionEncoder.scala:55)
[info]   at scala.Option.map(Option.scala:242)
[info]   at frameless.TypedExpressionEncoder$.apply(TypedExpressionEncoder.scala:54)
[info]   at frameless.TypedDataset$.create(TypedDataset.scala:1325)
[info]   at frameless.FilterTests.prop$5(FilterTests.scala:109)
[info]   at frameless.FilterTests.$anonfun$new$185(FilterTests.scala:119)
[info]   at org.scalacheck.Prop$.$anonfun$forAll$18(Prop.scala:1131)
[info]   at scala.Function1.$anonfun$andThen$1(Function1.scala:87)
[info]   at org.scalacheck.Prop$.$anonfun$forAllShrink$2(Prop.scala:868)
[info]   at org.scalacheck.Prop$.secure(Prop.scala:484)
[info]   at org.scalacheck.Prop$.result$1(Prop.scala:868)
[info]   at org.scalacheck.Prop$.$anonfun$forAllShrink$4(Prop.scala:880)
[info]   at scala.collection.immutable.Stream.map(Stream.scala:173)
[info]   at org.scalacheck.Prop$.getFirstFailure$1(Prop.scala:880)
[info]   at org.scalacheck.Prop$.shrinker$1(Prop.scala:895)
[info]   at org.scalacheck.Prop$.$anonfun$forAllShrink$1(Prop.scala:916)
[info]   at org.scalacheck.Prop$.$anonfun$apply$1(Prop.scala:305)
[info]   at org.scalacheck.PropFromFun.apply(Prop.scala:20)
[info]   at org.scalacheck.Prop$.result$1(Prop.scala:869)
[info]   at org.scalacheck.Prop$.$anonfun$forAllShrink$4(Prop.scala:880)
[info]   at scala.collection.immutable.Stream.map(Stream.scala:173)
[info]   at org.scalacheck.Prop$.getFirstFailure$1(Prop.scala:880)
[info]   at org.scalacheck.Prop$.shrinker$1(Prop.scala:895)
[info]   at org.scalacheck.Prop$.$anonfun$forAllShrink$1(Prop.scala:916)
[info]   at org.scalacheck.Prop$.$anonfun$apply$1(Prop.scala:305)
[info]   at org.scalacheck.PropFromFun.apply(Prop.scala:20)
[info]   at org.scalacheck.Test$.workerFun$1(Test.scala:486)
[info]   at org.scalacheck.Test$.$anonfun$check$4(Test.scala:518)
[info]   at org.scalacheck.Test$.$anonfun$check$4$adapted(Test.scala:518)
[info]   at org.scalacheck.Platform$.runWorkers(Platform.scala:42)
[info]   at org.scalacheck.Test$.check(Test.scala:518)
[info]   at org.scalatestplus.scalacheck.UnitCheckerAsserting$CheckerAssertingImpl.check(CheckerAsserting.scala:90)
[info]   at org.scalatestplus.scalacheck.Checkers.check(Checkers.scala:371)
[info]   at org.scalatestplus.scalacheck.Checkers.check$(Checkers.scala:369)
[info]   at frameless.TypedDatasetSuite.check(TypedDatasetSuite.scala:63)
[info]   at frameless.FilterTests.$anonfun$new$161(FilterTests.scala:119)
[info]   at org.scalatest.OutcomeOf.outcomeOf(OutcomeOf.scala:85)
[info]   at org.scalatest.OutcomeOf.outcomeOf$(OutcomeOf.scala:83)
[info]   at org.scalatest.OutcomeOf$.outcomeOf(OutcomeOf.scala:104)
[info]   at org.scalatest.Transformer.apply(Transformer.scala:22)
[info]   at org.scalatest.Transformer.apply(Transformer.scala:20)
[info]   at org.scalatest.funsuite.AnyFunSuiteLike$$anon$1.apply(AnyFunSuiteLike.scala:226)
[info]   at org.scalatest.TestSuite.withFixture(TestSuite.scala:196)
[info]   at org.scalatest.TestSuite.withFixture$(TestSuite.scala:195)
[info]   at org.scalatest.funsuite.AnyFunSuite.withFixture(AnyFunSuite.scala:1564)
[info]   at org.scalatest.funsuite.AnyFunSuiteLike.invokeWithFixture$1(AnyFunSuiteLike.scala:224)
[info]   at org.scalatest.funsuite.AnyFunSuiteLike.$anonfun$runTest$1(AnyFunSuiteLike.scala:236)
[info]   at org.scalatest.SuperEngine.runTestImpl(Engine.scala:306)
[info]   at org.scalatest.funsuite.AnyFunSuiteLike.runTest(AnyFunSuiteLike.scala:236)
[info]   at org.scalatest.funsuite.AnyFunSuiteLike.runTest$(AnyFunSuiteLike.scala:218)
[info]   at org.scalatest.funsuite.AnyFunSuite.runTest(AnyFunSuite.scala:1564)
[info]   at org.scalatest.funsuite.AnyFunSuiteLike.$anonfun$runTests$1(AnyFunSuiteLike.scala:269)
[info]   at org.scalatest.SuperEngine.$anonfun$runTestsInBranch$1(Engine.scala:413)
[info]   at scala.collection.immutable.List.foreach(List.scala:334)
[info]   at org.scalatest.SuperEngine.traverseSubNodes$1(Engine.scala:401)
[info]   at org.scalatest.SuperEngine.runTestsInBranch(Engine.scala:396)
[info]   at org.scalatest.SuperEngine.runTestsImpl(Engine.scala:475)
[info]   at org.scalatest.funsuite.AnyFunSuiteLike.runTests(AnyFunSuiteLike.scala:269)
[info]   at org.scalatest.funsuite.AnyFunSuiteLike.runTests$(AnyFunSuiteLike.scala:268)
[info]   at org.scalatest.funsuite.AnyFunSuite.runTests(AnyFunSuite.scala:1564)
[info]   at org.scalatest.Suite.run(Suite.scala:1114)
[info]   at org.scalatest.Suite.run$(Suite.scala:1096)
[info]   at org.scalatest.funsuite.AnyFunSuite.org$scalatest$funsuite$AnyFunSuiteLike$$super$run(AnyFunSuite.scala:1564)
[info]   at org.scalatest.funsuite.AnyFunSuiteLike.$anonfun$run$1(AnyFunSuiteLike.scala:273)
[info]   at org.scalatest.SuperEngine.runImpl(Engine.scala:535)
[info]   at org.scalatest.funsuite.AnyFunSuiteLike.run(AnyFunSuiteLike.scala:273)
[info]   at org.scalatest.funsuite.AnyFunSuiteLike.run$(AnyFunSuiteLike.scala:272)
[info]   at frameless.TypedDatasetSuite.org$scalatest$BeforeAndAfterAll$$super$run(TypedDatasetSuite.scala:63)
[info]   at org.scalatest.BeforeAndAfterAll.liftedTree1$1(BeforeAndAfterAll.scala:213)
[info]   at org.scalatest.BeforeAndAfterAll.run(BeforeAndAfterAll.scala:210)
[info]   at org.scalatest.BeforeAndAfterAll.run$(BeforeAndAfterAll.scala:208)
[info]   at frameless.TypedDatasetSuite.run(TypedDatasetSuite.scala:63)
[info]   at org.scalatest.tools.Framework.org$scalatest$tools$Framework$$runSuite(Framework.scala:321)
[info]   at org.scalatest.tools.Framework$ScalaTestTask.execute(Framework.scala:517)
[info]   at sbt.ForkMain$Run.lambda$runTest$1(ForkMain.java:414)
[info]   at java.base/java.util.concurrent.FutureTask.run(FutureTask.java:317)
[info]   at java.base/java.util.concurrent.ThreadPoolExecutor.runWorker(ThreadPoolExecutor.java:1144)
[info]   at java.base/java.util.concurrent.ThreadPoolExecutor$Worker.run(ThreadPoolExecutor.java:642)
[info]   at java.base/java.lang.Thread.run(Thread.java:1583)
[info] - Option equality/inequality for lit *** FAILED *** (7 milliseconds)
[info]   IllegalArgumentException was thrown during property evaluation.
[info]     Message: argument type mismatch
[info]     Occurred when passed generated values (
[info]       arg0 = None, // 1 shrink
[info]       arg1 = None, // 1 shrink
[info]       arg2 = None // 1 shrink
[info]     )
[info]   org.scalatest.exceptions.GeneratorDrivenPropertyCheckFailedException:
[info]   at org.scalatestplus.scalacheck.CheckerAsserting$$anon$2.indicateFailure(CheckerAsserting.scala:251)
[info]   at org.scalatestplus.scalacheck.CheckerAsserting$$anon$2.indicateFailure(CheckerAsserting.scala:238)
[info]   at org.scalatestplus.scalacheck.UnitCheckerAsserting$CheckerAssertingImpl.check(CheckerAsserting.scala:160)
[info]   at org.scalatestplus.scalacheck.Checkers.check(Checkers.scala:371)
[info]   at org.scalatestplus.scalacheck.Checkers.check$(Checkers.scala:369)
[info]   at frameless.TypedDatasetSuite.check(TypedDatasetSuite.scala:63)
[info]   at frameless.FilterTests.$anonfun$new$218(FilterTests.scala:140)
[info]   at org.scalatest.OutcomeOf.outcomeOf(OutcomeOf.scala:85)
[info]   at org.scalatest.OutcomeOf.outcomeOf$(OutcomeOf.scala:83)
[info]   at org.scalatest.OutcomeOf$.outcomeOf(OutcomeOf.scala:104)
[info]   at org.scalatest.Transformer.apply(Transformer.scala:22)
[info]   at org.scalatest.Transformer.apply(Transformer.scala:20)
[info]   at org.scalatest.funsuite.AnyFunSuiteLike$$anon$1.apply(AnyFunSuiteLike.scala:226)
[info]   at org.scalatest.TestSuite.withFixture(TestSuite.scala:196)
[info]   at org.scalatest.TestSuite.withFixture$(TestSuite.scala:195)
[info]   at org.scalatest.funsuite.AnyFunSuite.withFixture(AnyFunSuite.scala:1564)
[info]   at org.scalatest.funsuite.AnyFunSuiteLike.invokeWithFixture$1(AnyFunSuiteLike.scala:224)
[info]   at org.scalatest.funsuite.AnyFunSuiteLike.$anonfun$runTest$1(AnyFunSuiteLike.scala:236)
[info]   at org.scalatest.SuperEngine.runTestImpl(Engine.scala:306)
[info]   at org.scalatest.funsuite.AnyFunSuiteLike.runTest(AnyFunSuiteLike.scala:236)
[info]   at org.scalatest.funsuite.AnyFunSuiteLike.runTest$(AnyFunSuiteLike.scala:218)
[info]   at org.scalatest.funsuite.AnyFunSuite.runTest(AnyFunSuite.scala:1564)
[info]   at org.scalatest.funsuite.AnyFunSuiteLike.$anonfun$runTests$1(AnyFunSuiteLike.scala:269)
[info]   at org.scalatest.SuperEngine.$anonfun$runTestsInBranch$1(Engine.scala:413)
[info]   at scala.collection.immutable.List.foreach(List.scala:334)
[info]   at org.scalatest.SuperEngine.traverseSubNodes$1(Engine.scala:401)
[info]   at org.scalatest.SuperEngine.runTestsInBranch(Engine.scala:396)
[info]   at org.scalatest.SuperEngine.runTestsImpl(Engine.scala:475)
[info]   at org.scalatest.funsuite.AnyFunSuiteLike.runTests(AnyFunSuiteLike.scala:269)
[info]   at org.scalatest.funsuite.AnyFunSuiteLike.runTests$(AnyFunSuiteLike.scala:268)
[info]   at org.scalatest.funsuite.AnyFunSuite.runTests(AnyFunSuite.scala:1564)
[info]   at org.scalatest.Suite.run(Suite.scala:1114)
[info]   at org.scalatest.Suite.run$(Suite.scala:1096)
[info]   at org.scalatest.funsuite.AnyFunSuite.org$scalatest$funsuite$AnyFunSuiteLike$$super$run(AnyFunSuite.scala:1564)
[info]   at org.scalatest.funsuite.AnyFunSuiteLike.$anonfun$run$1(AnyFunSuiteLike.scala:273)
[info]   at org.scalatest.SuperEngine.runImpl(Engine.scala:535)
[info]   at org.scalatest.funsuite.AnyFunSuiteLike.run(AnyFunSuiteLike.scala:273)
[info]   at org.scalatest.funsuite.AnyFunSuiteLike.run$(AnyFunSuiteLike.scala:272)
[info]   at frameless.TypedDatasetSuite.org$scalatest$BeforeAndAfterAll$$super$run(TypedDatasetSuite.scala:63)
[info]   at org.scalatest.BeforeAndAfterAll.liftedTree1$1(BeforeAndAfterAll.scala:213)
[info]   at org.scalatest.BeforeAndAfterAll.run(BeforeAndAfterAll.scala:210)
[info]   at org.scalatest.BeforeAndAfterAll.run$(BeforeAndAfterAll.scala:208)
[info]   at frameless.TypedDatasetSuite.run(TypedDatasetSuite.scala:63)
[info]   at org.scalatest.tools.Framework.org$scalatest$tools$Framework$$runSuite(Framework.scala:321)
[info]   at org.scalatest.tools.Framework$ScalaTestTask.execute(Framework.scala:517)
[info]   at sbt.ForkMain$Run.lambda$runTest$1(ForkMain.java:414)
[info]   at java.base/java.util.concurrent.FutureTask.run(FutureTask.java:317)
[info]   at java.base/java.util.concurrent.ThreadPoolExecutor.runWorker(ThreadPoolExecutor.java:1144)
[info]   at java.base/java.util.concurrent.ThreadPoolExecutor$Worker.run(ThreadPoolExecutor.java:642)
[info]   at java.base/java.lang.Thread.run(Thread.java:1583)
[info]   Cause: java.lang.IllegalArgumentException: argument type mismatch
[info]   at java.base/jdk.internal.reflect.DirectConstructorHandleAccessor.newInstance(DirectConstructorHandleAccessor.java:65)
[info]   at java.base/java.lang.reflect.Constructor.newInstanceWithCaller(Constructor.java:502)
[info]   at java.base/java.lang.reflect.Constructor.newInstance(Constructor.java:486)
[info]   at frameless.TypedExpressionEncoder$.$anonfun$apply$3(TypedExpressionEncoder.scala:55)
[info]   at scala.Option.map(Option.scala:242)
[info]   at frameless.TypedExpressionEncoder$.apply(TypedExpressionEncoder.scala:54)
[info]   at frameless.TypedDataset$.create(TypedDataset.scala:1325)
[info]   at frameless.FilterTests.prop$6(FilterTests.scala:131)
[info]   at frameless.FilterTests.$anonfun$new$240(FilterTests.scala:140)
[info]   at org.scalacheck.Prop$.$anonfun$forAll$20(Prop.scala:1147)
[info]   at org.scalacheck.Prop$.$anonfun$forAll$18(Prop.scala:1131)
[info]   at scala.Function1.$anonfun$andThen$1(Function1.scala:87)
[info]   at org.scalacheck.Prop$.$anonfun$forAllShrink$2(Prop.scala:868)
[info]   at org.scalacheck.Prop$.secure(Prop.scala:484)
[info]   at org.scalacheck.Prop$.result$1(Prop.scala:868)
[info]   at org.scalacheck.Prop$.$anonfun$forAllShrink$4(Prop.scala:880)
[info]   at scala.collection.immutable.Stream.map(Stream.scala:173)
[info]   at org.scalacheck.Prop$.getFirstFailure$1(Prop.scala:880)
[info]   at org.scalacheck.Prop$.shrinker$1(Prop.scala:895)
[info]   at org.scalacheck.Prop$.$anonfun$forAllShrink$1(Prop.scala:916)
[info]   at org.scalacheck.Prop$.$anonfun$apply$1(Prop.scala:305)
[info]   at org.scalacheck.PropFromFun.apply(Prop.scala:20)
[info]   at org.scalacheck.Prop$.result$1(Prop.scala:869)
[info]   at org.scalacheck.Prop$.$anonfun$forAllShrink$4(Prop.scala:880)
[info]   at scala.collection.immutable.Stream.map(Stream.scala:173)
[info]   at org.scalacheck.Prop$.getFirstFailure$1(Prop.scala:880)
[info]   at org.scalacheck.Prop$.shrinker$1(Prop.scala:895)
[info]   at org.scalacheck.Prop$.$anonfun$forAllShrink$1(Prop.scala:916)
[info]   at org.scalacheck.Prop$.$anonfun$apply$1(Prop.scala:305)
[info]   at org.scalacheck.PropFromFun.apply(Prop.scala:20)
[info]   at org.scalacheck.Prop$.result$1(Prop.scala:869)
[info]   at org.scalacheck.Prop$.$anonfun$forAllShrink$4(Prop.scala:880)
[info]   at scala.collection.immutable.Stream.map(Stream.scala:173)
[info]   at org.scalacheck.Prop$.getFirstFailure$1(Prop.scala:880)
[info]   at org.scalacheck.Prop$.shrinker$1(Prop.scala:895)
[info]   at org.scalacheck.Prop$.$anonfun$forAllShrink$1(Prop.scala:916)
[info]   at org.scalacheck.Prop$.$anonfun$apply$1(Prop.scala:305)
[info]   at org.scalacheck.PropFromFun.apply(Prop.scala:20)
[info]   at org.scalacheck.Test$.workerFun$1(Test.scala:486)
[info]   at org.scalacheck.Test$.$anonfun$check$4(Test.scala:518)
[info]   at org.scalacheck.Test$.$anonfun$check$4$adapted(Test.scala:518)
[info]   at org.scalacheck.Platform$.runWorkers(Platform.scala:42)
[info]   at org.scalacheck.Test$.check(Test.scala:518)
[info]   at org.scalatestplus.scalacheck.UnitCheckerAsserting$CheckerAssertingImpl.check(CheckerAsserting.scala:90)
[info]   at org.scalatestplus.scalacheck.Checkers.check(Checkers.scala:371)
[info]   at org.scalatestplus.scalacheck.Checkers.check$(Checkers.scala:369)
[info]   at frameless.TypedDatasetSuite.check(TypedDatasetSuite.scala:63)
[info]   at frameless.FilterTests.$anonfun$new$218(FilterTests.scala:140)
[info]   at org.scalatest.OutcomeOf.outcomeOf(OutcomeOf.scala:85)
[info]   at org.scalatest.OutcomeOf.outcomeOf$(OutcomeOf.scala:83)
[info]   at org.scalatest.OutcomeOf$.outcomeOf(OutcomeOf.scala:104)
[info]   at org.scalatest.Transformer.apply(Transformer.scala:22)
[info]   at org.scalatest.Transformer.apply(Transformer.scala:20)
[info]   at org.scalatest.funsuite.AnyFunSuiteLike$$anon$1.apply(AnyFunSuiteLike.scala:226)
[info]   at org.scalatest.TestSuite.withFixture(TestSuite.scala:196)
[info]   at org.scalatest.TestSuite.withFixture$(TestSuite.scala:195)
[info]   at org.scalatest.funsuite.AnyFunSuite.withFixture(AnyFunSuite.scala:1564)
[info]   at org.scalatest.funsuite.AnyFunSuiteLike.invokeWithFixture$1(AnyFunSuiteLike.scala:224)
[info]   at org.scalatest.funsuite.AnyFunSuiteLike.$anonfun$runTest$1(AnyFunSuiteLike.scala:236)
[info]   at org.scalatest.SuperEngine.runTestImpl(Engine.scala:306)
[info]   at org.scalatest.funsuite.AnyFunSuiteLike.runTest(AnyFunSuiteLike.scala:236)
[info]   at org.scalatest.funsuite.AnyFunSuiteLike.runTest$(AnyFunSuiteLike.scala:218)
[info]   at org.scalatest.funsuite.AnyFunSuite.runTest(AnyFunSuite.scala:1564)
[info]   at org.scalatest.funsuite.AnyFunSuiteLike.$anonfun$runTests$1(AnyFunSuiteLike.scala:269)
[info]   at org.scalatest.SuperEngine.$anonfun$runTestsInBranch$1(Engine.scala:413)
[info]   at scala.collection.immutable.List.foreach(List.scala:334)
[info]   at org.scalatest.SuperEngine.traverseSubNodes$1(Engine.scala:401)
[info]   at org.scalatest.SuperEngine.runTestsInBranch(Engine.scala:396)
[info]   at org.scalatest.SuperEngine.runTestsImpl(Engine.scala:475)
[info]   at org.scalatest.funsuite.AnyFunSuiteLike.runTests(AnyFunSuiteLike.scala:269)
[info]   at org.scalatest.funsuite.AnyFunSuiteLike.runTests$(AnyFunSuiteLike.scala:268)
[info]   at org.scalatest.funsuite.AnyFunSuite.runTests(AnyFunSuite.scala:1564)
[info]   at org.scalatest.Suite.run(Suite.scala:1114)
[info]   at org.scalatest.Suite.run$(Suite.scala:1096)
[info]   at org.scalatest.funsuite.AnyFunSuite.org$scalatest$funsuite$AnyFunSuiteLike$$super$run(AnyFunSuite.scala:1564)
[info]   at org.scalatest.funsuite.AnyFunSuiteLike.$anonfun$run$1(AnyFunSuiteLike.scala:273)
[info]   at org.scalatest.SuperEngine.runImpl(Engine.scala:535)
[info]   at org.scalatest.funsuite.AnyFunSuiteLike.run(AnyFunSuiteLike.scala:273)
[info]   at org.scalatest.funsuite.AnyFunSuiteLike.run$(AnyFunSuiteLike.scala:272)
[info]   at frameless.TypedDatasetSuite.org$scalatest$BeforeAndAfterAll$$super$run(TypedDatasetSuite.scala:63)
[info]   at org.scalatest.BeforeAndAfterAll.liftedTree1$1(BeforeAndAfterAll.scala:213)
[info]   at org.scalatest.BeforeAndAfterAll.run(BeforeAndAfterAll.scala:210)
[info]   at org.scalatest.BeforeAndAfterAll.run$(BeforeAndAfterAll.scala:208)
[info]   at frameless.TypedDatasetSuite.run(TypedDatasetSuite.scala:63)
[info]   at org.scalatest.tools.Framework.org$scalatest$tools$Framework$$runSuite(Framework.scala:321)
[info]   at org.scalatest.tools.Framework$ScalaTestTask.execute(Framework.scala:517)
[info]   at sbt.ForkMain$Run.lambda$runTest$1(ForkMain.java:414)
[info]   at java.base/java.util.concurrent.FutureTask.run(FutureTask.java:317)
[info]   at java.base/java.util.concurrent.ThreadPoolExecutor.runWorker(ThreadPoolExecutor.java:1144)
[info]   at java.base/java.util.concurrent.ThreadPoolExecutor$Worker.run(ThreadPoolExecutor.java:642)
[info]   at java.base/java.lang.Thread.run(Thread.java:1583)
[info]   Cause: java.lang.ClassCastException: Cannot cast scala.reflect.ClassTag$GenericClassTag to org.apache.spark.sql.catalyst.expressions.Expression
[info]   at java.base/java.lang.Class.cast(Class.java:4067)
[info]   at java.base/jdk.internal.reflect.DirectConstructorHandleAccessor.newInstance(DirectConstructorHandleAccessor.java:62)
[info]   at java.base/java.lang.reflect.Constructor.newInstanceWithCaller(Constructor.java:502)
[info]   at java.base/java.lang.reflect.Constructor.newInstance(Constructor.java:486)
[info]   at frameless.TypedExpressionEncoder$.$anonfun$apply$3(TypedExpressionEncoder.scala:55)
[info]   at scala.Option.map(Option.scala:242)
[info]   at frameless.TypedExpressionEncoder$.apply(TypedExpressionEncoder.scala:54)
[info]   at frameless.TypedDataset$.create(TypedDataset.scala:1325)
[info]   at frameless.FilterTests.prop$6(FilterTests.scala:131)
[info]   at frameless.FilterTests.$anonfun$new$240(FilterTests.scala:140)
[info]   at org.scalacheck.Prop$.$anonfun$forAll$20(Prop.scala:1147)
[info]   at org.scalacheck.Prop$.$anonfun$forAll$18(Prop.scala:1131)
[info]   at scala.Function1.$anonfun$andThen$1(Function1.scala:87)
[info]   at org.scalacheck.Prop$.$anonfun$forAllShrink$2(Prop.scala:868)
[info]   at org.scalacheck.Prop$.secure(Prop.scala:484)
[info]   at org.scalacheck.Prop$.result$1(Prop.scala:868)
[info]   at org.scalacheck.Prop$.$anonfun$forAllShrink$4(Prop.scala:880)
[info]   at scala.collection.immutable.Stream.map(Stream.scala:173)
[info]   at org.scalacheck.Prop$.getFirstFailure$1(Prop.scala:880)
[info]   at org.scalacheck.Prop$.shrinker$1(Prop.scala:895)
[info]   at org.scalacheck.Prop$.$anonfun$forAllShrink$1(Prop.scala:916)
[info]   at org.scalacheck.Prop$.$anonfun$apply$1(Prop.scala:305)
[info]   at org.scalacheck.PropFromFun.apply(Prop.scala:20)
[info]   at org.scalacheck.Prop$.result$1(Prop.scala:869)
[info]   at org.scalacheck.Prop$.$anonfun$forAllShrink$4(Prop.scala:880)
[info]   at scala.collection.immutable.Stream.map(Stream.scala:173)
[info]   at org.scalacheck.Prop$.getFirstFailure$1(Prop.scala:880)
[info]   at org.scalacheck.Prop$.shrinker$1(Prop.scala:895)
[info]   at org.scalacheck.Prop$.$anonfun$forAllShrink$1(Prop.scala:916)
[info]   at org.scalacheck.Prop$.$anonfun$apply$1(Prop.scala:305)
[info]   at org.scalacheck.PropFromFun.apply(Prop.scala:20)
[info]   at org.scalacheck.Prop$.result$1(Prop.scala:869)
[info]   at org.scalacheck.Prop$.$anonfun$forAllShrink$4(Prop.scala:880)
[info]   at scala.collection.immutable.Stream.map(Stream.scala:173)
[info]   at org.scalacheck.Prop$.getFirstFailure$1(Prop.scala:880)
[info]   at org.scalacheck.Prop$.shrinker$1(Prop.scala:895)
[info]   at org.scalacheck.Prop$.$anonfun$forAllShrink$1(Prop.scala:916)
[info]   at org.scalacheck.Prop$.$anonfun$apply$1(Prop.scala:305)
[info]   at org.scalacheck.PropFromFun.apply(Prop.scala:20)
[info]   at org.scalacheck.Test$.workerFun$1(Test.scala:486)
[info]   at org.scalacheck.Test$.$anonfun$check$4(Test.scala:518)
[info]   at org.scalacheck.Test$.$anonfun$check$4$adapted(Test.scala:518)
[info]   at org.scalacheck.Platform$.runWorkers(Platform.scala:42)
[info]   at org.scalacheck.Test$.check(Test.scala:518)
[info]   at org.scalatestplus.scalacheck.UnitCheckerAsserting$CheckerAssertingImpl.check(CheckerAsserting.scala:90)
[info]   at org.scalatestplus.scalacheck.Checkers.check(Checkers.scala:371)
[info]   at org.scalatestplus.scalacheck.Checkers.check$(Checkers.scala:369)
[info]   at frameless.TypedDatasetSuite.check(TypedDatasetSuite.scala:63)
[info]   at frameless.FilterTests.$anonfun$new$218(FilterTests.scala:140)
[info]   at org.scalatest.OutcomeOf.outcomeOf(OutcomeOf.scala:85)
[info]   at org.scalatest.OutcomeOf.outcomeOf$(OutcomeOf.scala:83)
[info]   at org.scalatest.OutcomeOf$.outcomeOf(OutcomeOf.scala:104)
[info]   at org.scalatest.Transformer.apply(Transformer.scala:22)
[info]   at org.scalatest.Transformer.apply(Transformer.scala:20)
[info]   at org.scalatest.funsuite.AnyFunSuiteLike$$anon$1.apply(AnyFunSuiteLike.scala:226)
[info]   at org.scalatest.TestSuite.withFixture(TestSuite.scala:196)
[info]   at org.scalatest.TestSuite.withFixture$(TestSuite.scala:195)
[info]   at org.scalatest.funsuite.AnyFunSuite.withFixture(AnyFunSuite.scala:1564)
[info]   at org.scalatest.funsuite.AnyFunSuiteLike.invokeWithFixture$1(AnyFunSuiteLike.scala:224)
[info]   at org.scalatest.funsuite.AnyFunSuiteLike.$anonfun$runTest$1(AnyFunSuiteLike.scala:236)
[info]   at org.scalatest.SuperEngine.runTestImpl(Engine.scala:306)
[info]   at org.scalatest.funsuite.AnyFunSuiteLike.runTest(AnyFunSuiteLike.scala:236)
[info]   at org.scalatest.funsuite.AnyFunSuiteLike.runTest$(AnyFunSuiteLike.scala:218)
[info]   at org.scalatest.funsuite.AnyFunSuite.runTest(AnyFunSuite.scala:1564)
[info]   at org.scalatest.funsuite.AnyFunSuiteLike.$anonfun$runTests$1(AnyFunSuiteLike.scala:269)
[info]   at org.scalatest.SuperEngine.$anonfun$runTestsInBranch$1(Engine.scala:413)
[info]   at scala.collection.immutable.List.foreach(List.scala:334)
[info]   at org.scalatest.SuperEngine.traverseSubNodes$1(Engine.scala:401)
[info]   at org.scalatest.SuperEngine.runTestsInBranch(Engine.scala:396)
[info]   at org.scalatest.SuperEngine.runTestsImpl(Engine.scala:475)
[info]   at org.scalatest.funsuite.AnyFunSuiteLike.runTests(AnyFunSuiteLike.scala:269)
[info]   at org.scalatest.funsuite.AnyFunSuiteLike.runTests$(AnyFunSuiteLike.scala:268)
[info]   at org.scalatest.funsuite.AnyFunSuite.runTests(AnyFunSuite.scala:1564)
[info]   at org.scalatest.Suite.run(Suite.scala:1114)
[info]   at org.scalatest.Suite.run$(Suite.scala:1096)
[info]   at org.scalatest.funsuite.AnyFunSuite.org$scalatest$funsuite$AnyFunSuiteLike$$super$run(AnyFunSuite.scala:1564)
[info]   at org.scalatest.funsuite.AnyFunSuiteLike.$anonfun$run$1(AnyFunSuiteLike.scala:273)
[info]   at org.scalatest.SuperEngine.runImpl(Engine.scala:535)
[info]   at org.scalatest.funsuite.AnyFunSuiteLike.run(AnyFunSuiteLike.scala:273)
[info]   at org.scalatest.funsuite.AnyFunSuiteLike.run$(AnyFunSuiteLike.scala:272)
[info]   at frameless.TypedDatasetSuite.org$scalatest$BeforeAndAfterAll$$super$run(TypedDatasetSuite.scala:63)
[info]   at org.scalatest.BeforeAndAfterAll.liftedTree1$1(BeforeAndAfterAll.scala:213)
[info]   at org.scalatest.BeforeAndAfterAll.run(BeforeAndAfterAll.scala:210)
[info]   at org.scalatest.BeforeAndAfterAll.run$(BeforeAndAfterAll.scala:208)
[info]   at frameless.TypedDatasetSuite.run(TypedDatasetSuite.scala:63)
[info]   at org.scalatest.tools.Framework.org$scalatest$tools$Framework$$runSuite(Framework.scala:321)
[info]   at org.scalatest.tools.Framework$ScalaTestTask.execute(Framework.scala:517)
[info]   at sbt.ForkMain$Run.lambda$runTest$1(ForkMain.java:414)
[info]   at java.base/java.util.concurrent.FutureTask.run(FutureTask.java:317)
[info]   at java.base/java.util.concurrent.ThreadPoolExecutor.runWorker(ThreadPoolExecutor.java:1144)
[info]   at java.base/java.util.concurrent.ThreadPoolExecutor$Worker.run(ThreadPoolExecutor.java:642)
[info]   at java.base/java.lang.Thread.run(Thread.java:1583)
[info] - Option content filter *** FAILED *** (6 milliseconds)
[info]   java.lang.IllegalArgumentException: argument type mismatch
[info]   at java.base/jdk.internal.reflect.DirectConstructorHandleAccessor.newInstance(DirectConstructorHandleAccessor.java:65)
[info]   at java.base/java.lang.reflect.Constructor.newInstanceWithCaller(Constructor.java:502)
[info]   at java.base/java.lang.reflect.Constructor.newInstance(Constructor.java:486)
[info]   at frameless.TypedExpressionEncoder$.$anonfun$apply$3(TypedExpressionEncoder.scala:55)
[info]   at scala.Option.map(Option.scala:242)
[info]   at frameless.TypedExpressionEncoder$.apply(TypedExpressionEncoder.scala:54)
[info]   at frameless.TypedDataset$.create(TypedDataset.scala:1325)
[info]   at frameless.FilterTests.$anonfun$new$284(FilterTests.scala:153)
[info]   at org.scalatest.OutcomeOf.outcomeOf(OutcomeOf.scala:85)
[info]   at org.scalatest.OutcomeOf.outcomeOf$(OutcomeOf.scala:83)
[info]   at org.scalatest.OutcomeOf$.outcomeOf(OutcomeOf.scala:104)
[info]   at org.scalatest.Transformer.apply(Transformer.scala:22)
[info]   at org.scalatest.Transformer.apply(Transformer.scala:20)
[info]   at org.scalatest.funsuite.AnyFunSuiteLike$$anon$1.apply(AnyFunSuiteLike.scala:226)
[info]   at org.scalatest.TestSuite.withFixture(TestSuite.scala:196)
[info]   at org.scalatest.TestSuite.withFixture$(TestSuite.scala:195)
[info]   at org.scalatest.funsuite.AnyFunSuite.withFixture(AnyFunSuite.scala:1564)
[info]   at org.scalatest.funsuite.AnyFunSuiteLike.invokeWithFixture$1(AnyFunSuiteLike.scala:224)
[info]   at org.scalatest.funsuite.AnyFunSuiteLike.$anonfun$runTest$1(AnyFunSuiteLike.scala:236)
[info]   at org.scalatest.SuperEngine.runTestImpl(Engine.scala:306)
[info]   at org.scalatest.funsuite.AnyFunSuiteLike.runTest(AnyFunSuiteLike.scala:236)
[info]   at org.scalatest.funsuite.AnyFunSuiteLike.runTest$(AnyFunSuiteLike.scala:218)
[info]   at org.scalatest.funsuite.AnyFunSuite.runTest(AnyFunSuite.scala:1564)
[info]   at org.scalatest.funsuite.AnyFunSuiteLike.$anonfun$runTests$1(AnyFunSuiteLike.scala:269)
[info]   at org.scalatest.SuperEngine.$anonfun$runTestsInBranch$1(Engine.scala:413)
[info]   at scala.collection.immutable.List.foreach(List.scala:334)
[info]   at org.scalatest.SuperEngine.traverseSubNodes$1(Engine.scala:401)
[info]   at org.scalatest.SuperEngine.runTestsInBranch(Engine.scala:396)
[info]   at org.scalatest.SuperEngine.runTestsImpl(Engine.scala:475)
[info]   at org.scalatest.funsuite.AnyFunSuiteLike.runTests(AnyFunSuiteLike.scala:269)
[info]   at org.scalatest.funsuite.AnyFunSuiteLike.runTests$(AnyFunSuiteLike.scala:268)
[info]   at org.scalatest.funsuite.AnyFunSuite.runTests(AnyFunSuite.scala:1564)
[info]   at org.scalatest.Suite.run(Suite.scala:1114)
[info]   at org.scalatest.Suite.run$(Suite.scala:1096)
[info]   at org.scalatest.funsuite.AnyFunSuite.org$scalatest$funsuite$AnyFunSuiteLike$$super$run(AnyFunSuite.scala:1564)
[info]   at org.scalatest.funsuite.AnyFunSuiteLike.$anonfun$run$1(AnyFunSuiteLike.scala:273)
[info]   at org.scalatest.SuperEngine.runImpl(Engine.scala:535)
[info]   at org.scalatest.funsuite.AnyFunSuiteLike.run(AnyFunSuiteLike.scala:273)
[info]   at org.scalatest.funsuite.AnyFunSuiteLike.run$(AnyFunSuiteLike.scala:272)
[info]   at frameless.TypedDatasetSuite.org$scalatest$BeforeAndAfterAll$$super$run(TypedDatasetSuite.scala:63)
[info]   at org.scalatest.BeforeAndAfterAll.liftedTree1$1(BeforeAndAfterAll.scala:213)
[info]   at org.scalatest.BeforeAndAfterAll.run(BeforeAndAfterAll.scala:210)
[info]   at org.scalatest.BeforeAndAfterAll.run$(BeforeAndAfterAll.scala:208)
[info]   at frameless.TypedDatasetSuite.run(TypedDatasetSuite.scala:63)
[info]   at org.scalatest.tools.Framework.org$scalatest$tools$Framework$$runSuite(Framework.scala:321)
[info]   at org.scalatest.tools.Framework$ScalaTestTask.execute(Framework.scala:517)
[info]   at sbt.ForkMain$Run.lambda$runTest$1(ForkMain.java:414)
[info]   at java.base/java.util.concurrent.FutureTask.run(FutureTask.java:317)
[info]   at java.base/java.util.concurrent.ThreadPoolExecutor.runWorker(ThreadPoolExecutor.java:1144)
[info]   at java.base/java.util.concurrent.ThreadPoolExecutor$Worker.run(ThreadPoolExecutor.java:642)
[info]   at java.base/java.lang.Thread.run(Thread.java:1583)
[info]   Cause: java.lang.ClassCastException: Cannot cast scala.reflect.ClassTag$GenericClassTag to org.apache.spark.sql.catalyst.expressions.Expression
[info]   at java.base/java.lang.Class.cast(Class.java:4067)
[info]   at java.base/jdk.internal.reflect.DirectConstructorHandleAccessor.newInstance(DirectConstructorHandleAccessor.java:62)
[info]   at java.base/java.lang.reflect.Constructor.newInstanceWithCaller(Constructor.java:502)
[info]   at java.base/java.lang.reflect.Constructor.newInstance(Constructor.java:486)
[info]   at frameless.TypedExpressionEncoder$.$anonfun$apply$3(TypedExpressionEncoder.scala:55)
[info]   at scala.Option.map(Option.scala:242)
[info]   at frameless.TypedExpressionEncoder$.apply(TypedExpressionEncoder.scala:54)
[info]   at frameless.TypedDataset$.create(TypedDataset.scala:1325)
[info]   at frameless.FilterTests.$anonfun$new$284(FilterTests.scala:153)
[info]   at org.scalatest.OutcomeOf.outcomeOf(OutcomeOf.scala:85)
[info]   at org.scalatest.OutcomeOf.outcomeOf$(OutcomeOf.scala:83)
[info]   at org.scalatest.OutcomeOf$.outcomeOf(OutcomeOf.scala:104)
[info]   at org.scalatest.Transformer.apply(Transformer.scala:22)
[info]   at org.scalatest.Transformer.apply(Transformer.scala:20)
[info]   at org.scalatest.funsuite.AnyFunSuiteLike$$anon$1.apply(AnyFunSuiteLike.scala:226)
[info]   at org.scalatest.TestSuite.withFixture(TestSuite.scala:196)
[info]   at org.scalatest.TestSuite.withFixture$(TestSuite.scala:195)
[info]   at org.scalatest.funsuite.AnyFunSuite.withFixture(AnyFunSuite.scala:1564)
[info]   at org.scalatest.funsuite.AnyFunSuiteLike.invokeWithFixture$1(AnyFunSuiteLike.scala:224)
[info]   at org.scalatest.funsuite.AnyFunSuiteLike.$anonfun$runTest$1(AnyFunSuiteLike.scala:236)
[info]   at org.scalatest.SuperEngine.runTestImpl(Engine.scala:306)
[info]   at org.scalatest.funsuite.AnyFunSuiteLike.runTest(AnyFunSuiteLike.scala:236)
[info]   at org.scalatest.funsuite.AnyFunSuiteLike.runTest$(AnyFunSuiteLike.scala:218)
[info]   at org.scalatest.funsuite.AnyFunSuite.runTest(AnyFunSuite.scala:1564)
[info]   at org.scalatest.funsuite.AnyFunSuiteLike.$anonfun$runTests$1(AnyFunSuiteLike.scala:269)
[info]   at org.scalatest.SuperEngine.$anonfun$runTestsInBranch$1(Engine.scala:413)
[info]   at scala.collection.immutable.List.foreach(List.scala:334)
[info]   at org.scalatest.SuperEngine.traverseSubNodes$1(Engine.scala:401)
[info]   at org.scalatest.SuperEngine.runTestsInBranch(Engine.scala:396)
[info]   at org.scalatest.SuperEngine.runTestsImpl(Engine.scala:475)
[info]   at org.scalatest.funsuite.AnyFunSuiteLike.runTests(AnyFunSuiteLike.scala:269)
[info]   at org.scalatest.funsuite.AnyFunSuiteLike.runTests$(AnyFunSuiteLike.scala:268)
[info]   at org.scalatest.funsuite.AnyFunSuite.runTests(AnyFunSuite.scala:1564)
[info]   at org.scalatest.Suite.run(Suite.scala:1114)
[info]   at org.scalatest.Suite.run$(Suite.scala:1096)
[info]   at org.scalatest.funsuite.AnyFunSuite.org$scalatest$funsuite$AnyFunSuiteLike$$super$run(AnyFunSuite.scala:1564)
[info]   at org.scalatest.funsuite.AnyFunSuiteLike.$anonfun$run$1(AnyFunSuiteLike.scala:273)
[info]   at org.scalatest.SuperEngine.runImpl(Engine.scala:535)
[info]   at org.scalatest.funsuite.AnyFunSuiteLike.run(AnyFunSuiteLike.scala:273)
[info]   at org.scalatest.funsuite.AnyFunSuiteLike.run$(AnyFunSuiteLike.scala:272)
[info]   at frameless.TypedDatasetSuite.org$scalatest$BeforeAndAfterAll$$super$run(TypedDatasetSuite.scala:63)
[info]   at org.scalatest.BeforeAndAfterAll.liftedTree1$1(BeforeAndAfterAll.scala:213)
[info]   at org.scalatest.BeforeAndAfterAll.run(BeforeAndAfterAll.scala:210)
[info]   at org.scalatest.BeforeAndAfterAll.run$(BeforeAndAfterAll.scala:208)
[info]   at frameless.TypedDatasetSuite.run(TypedDatasetSuite.scala:63)
[info]   at org.scalatest.tools.Framework.org$scalatest$tools$Framework$$runSuite(Framework.scala:321)
[info]   at org.scalatest.tools.Framework$ScalaTestTask.execute(Framework.scala:517)
[info]   at sbt.ForkMain$Run.lambda$runTest$1(ForkMain.java:414)
[info]   at java.base/java.util.concurrent.FutureTask.run(FutureTask.java:317)
[info]   at java.base/java.util.concurrent.ThreadPoolExecutor.runWorker(ThreadPoolExecutor.java:1144)
[info]   at java.base/java.util.concurrent.ThreadPoolExecutor$Worker.run(ThreadPoolExecutor.java:642)
[info]   at java.base/java.lang.Thread.run(Thread.java:1583)
[info] - filter with isin values *** FAILED *** (4 milliseconds)
[info]   IllegalArgumentException was thrown during property evaluation.
[info]     Message: argument type mismatch
[info]     Occurred when passed generated values (
[info]       arg0 = Vector(),
[info]       arg1 = Vector()
[info]     )
[info]   org.scalatest.exceptions.GeneratorDrivenPropertyCheckFailedException:
[info]   at org.scalatestplus.scalacheck.CheckerAsserting$$anon$2.indicateFailure(CheckerAsserting.scala:251)
[info]   at org.scalatestplus.scalacheck.CheckerAsserting$$anon$2.indicateFailure(CheckerAsserting.scala:238)
[info]   at org.scalatestplus.scalacheck.UnitCheckerAsserting$CheckerAssertingImpl.check(CheckerAsserting.scala:160)
[info]   at org.scalatestplus.scalacheck.Checkers.check(Checkers.scala:371)
[info]   at org.scalatestplus.scalacheck.Checkers.check$(Checkers.scala:369)
[info]   at frameless.TypedDatasetSuite.check(TypedDatasetSuite.scala:63)
[info]   at frameless.FilterTests.$anonfun$new$295(FilterTests.scala:175)
[info]   at org.scalatest.OutcomeOf.outcomeOf(OutcomeOf.scala:85)
[info]   at org.scalatest.OutcomeOf.outcomeOf$(OutcomeOf.scala:83)
[info]   at org.scalatest.OutcomeOf$.outcomeOf(OutcomeOf.scala:104)
[info]   at org.scalatest.Transformer.apply(Transformer.scala:22)
[info]   at org.scalatest.Transformer.apply(Transformer.scala:20)
[info]   at org.scalatest.funsuite.AnyFunSuiteLike$$anon$1.apply(AnyFunSuiteLike.scala:226)
[info]   at org.scalatest.TestSuite.withFixture(TestSuite.scala:196)
[info]   at org.scalatest.TestSuite.withFixture$(TestSuite.scala:195)
[info]   at org.scalatest.funsuite.AnyFunSuite.withFixture(AnyFunSuite.scala:1564)
[info]   at org.scalatest.funsuite.AnyFunSuiteLike.invokeWithFixture$1(AnyFunSuiteLike.scala:224)
[info]   at org.scalatest.funsuite.AnyFunSuiteLike.$anonfun$runTest$1(AnyFunSuiteLike.scala:236)
[info]   at org.scalatest.SuperEngine.runTestImpl(Engine.scala:306)
[info]   at org.scalatest.funsuite.AnyFunSuiteLike.runTest(AnyFunSuiteLike.scala:236)
[info]   at org.scalatest.funsuite.AnyFunSuiteLike.runTest$(AnyFunSuiteLike.scala:218)
[info]   at org.scalatest.funsuite.AnyFunSuite.runTest(AnyFunSuite.scala:1564)
[info]   at org.scalatest.funsuite.AnyFunSuiteLike.$anonfun$runTests$1(AnyFunSuiteLike.scala:269)
[info]   at org.scalatest.SuperEngine.$anonfun$runTestsInBranch$1(Engine.scala:413)
[info]   at scala.collection.immutable.List.foreach(List.scala:334)
[info]   at org.scalatest.SuperEngine.traverseSubNodes$1(Engine.scala:401)
[info]   at org.scalatest.SuperEngine.runTestsInBranch(Engine.scala:396)
[info]   at org.scalatest.SuperEngine.runTestsImpl(Engine.scala:475)
[info]   at org.scalatest.funsuite.AnyFunSuiteLike.runTests(AnyFunSuiteLike.scala:269)
[info]   at org.scalatest.funsuite.AnyFunSuiteLike.runTests$(AnyFunSuiteLike.scala:268)
[info]   at org.scalatest.funsuite.AnyFunSuite.runTests(AnyFunSuite.scala:1564)
[info]   at org.scalatest.Suite.run(Suite.scala:1114)
[info]   at org.scalatest.Suite.run$(Suite.scala:1096)
[info]   at org.scalatest.funsuite.AnyFunSuite.org$scalatest$funsuite$AnyFunSuiteLike$$super$run(AnyFunSuite.scala:1564)
[info]   at org.scalatest.funsuite.AnyFunSuiteLike.$anonfun$run$1(AnyFunSuiteLike.scala:273)
[info]   at org.scalatest.SuperEngine.runImpl(Engine.scala:535)
[info]   at org.scalatest.funsuite.AnyFunSuiteLike.run(AnyFunSuiteLike.scala:273)
[info]   at org.scalatest.funsuite.AnyFunSuiteLike.run$(AnyFunSuiteLike.scala:272)
[info]   at frameless.TypedDatasetSuite.org$scalatest$BeforeAndAfterAll$$super$run(TypedDatasetSuite.scala:63)
[info]   at org.scalatest.BeforeAndAfterAll.liftedTree1$1(BeforeAndAfterAll.scala:213)
[info]   at org.scalatest.BeforeAndAfterAll.run(BeforeAndAfterAll.scala:210)
[info]   at org.scalatest.BeforeAndAfterAll.run$(BeforeAndAfterAll.scala:208)
[info]   at frameless.TypedDatasetSuite.run(TypedDatasetSuite.scala:63)
[info]   at org.scalatest.tools.Framework.org$scalatest$tools$Framework$$runSuite(Framework.scala:321)
[info]   at org.scalatest.tools.Framework$ScalaTestTask.execute(Framework.scala:517)
[info]   at sbt.ForkMain$Run.lambda$runTest$1(ForkMain.java:414)
[info]   at java.base/java.util.concurrent.FutureTask.run(FutureTask.java:317)
[info]   at java.base/java.util.concurrent.ThreadPoolExecutor.runWorker(ThreadPoolExecutor.java:1144)
[info]   at java.base/java.util.concurrent.ThreadPoolExecutor$Worker.run(ThreadPoolExecutor.java:642)
[info]   at java.base/java.lang.Thread.run(Thread.java:1583)
[info]   Cause: java.lang.IllegalArgumentException: argument type mismatch
[info]   at java.base/jdk.internal.reflect.DirectConstructorHandleAccessor.newInstance(DirectConstructorHandleAccessor.java:65)
[info]   at java.base/java.lang.reflect.Constructor.newInstanceWithCaller(Constructor.java:502)
[info]   at java.base/java.lang.reflect.Constructor.newInstance(Constructor.java:486)
[info]   at frameless.TypedExpressionEncoder$.$anonfun$apply$3(TypedExpressionEncoder.scala:55)
[info]   at scala.Option.map(Option.scala:242)
[info]   at frameless.TypedExpressionEncoder$.apply(TypedExpressionEncoder.scala:54)
[info]   at frameless.TypedDataset$.create(TypedDataset.scala:1325)
[info]   at frameless.FilterTests.prop$7(FilterTests.scala:170)
[info]   at frameless.FilterTests.$anonfun$new$305(FilterTests.scala:175)
[info]   at org.scalacheck.Prop$.$anonfun$forAll$18(Prop.scala:1131)
[info]   at scala.Function1.$anonfun$andThen$1(Function1.scala:87)
[info]   at org.scalacheck.Prop$.$anonfun$forAllShrink$2(Prop.scala:868)
[info]   at org.scalacheck.Prop$.secure(Prop.scala:484)
[info]   at org.scalacheck.Prop$.result$1(Prop.scala:868)
[info]   at org.scalacheck.Prop$.$anonfun$forAllShrink$1(Prop.scala:915)
[info]   at org.scalacheck.Prop$.$anonfun$apply$1(Prop.scala:305)
[info]   at org.scalacheck.PropFromFun.apply(Prop.scala:20)
[info]   at org.scalacheck.Prop$.result$1(Prop.scala:869)
[info]   at org.scalacheck.Prop$.$anonfun$forAllShrink$1(Prop.scala:915)
[info]   at org.scalacheck.Prop$.$anonfun$apply$1(Prop.scala:305)
[info]   at org.scalacheck.PropFromFun.apply(Prop.scala:20)
[info]   at org.scalacheck.Test$.workerFun$1(Test.scala:486)
[info]   at org.scalacheck.Test$.$anonfun$check$4(Test.scala:518)
[info]   at org.scalacheck.Test$.$anonfun$check$4$adapted(Test.scala:518)
[info]   at org.scalacheck.Platform$.runWorkers(Platform.scala:42)
[info]   at org.scalacheck.Test$.check(Test.scala:518)
[info]   at org.scalatestplus.scalacheck.UnitCheckerAsserting$CheckerAssertingImpl.check(CheckerAsserting.scala:90)
[info]   at org.scalatestplus.scalacheck.Checkers.check(Checkers.scala:371)
[info]   at org.scalatestplus.scalacheck.Checkers.check$(Checkers.scala:369)
[info]   at frameless.TypedDatasetSuite.check(TypedDatasetSuite.scala:63)
[info]   at frameless.FilterTests.$anonfun$new$295(FilterTests.scala:175)
[info]   at org.scalatest.OutcomeOf.outcomeOf(OutcomeOf.scala:85)
[info]   at org.scalatest.OutcomeOf.outcomeOf$(OutcomeOf.scala:83)
[info]   at org.scalatest.OutcomeOf$.outcomeOf(OutcomeOf.scala:104)
[info]   at org.scalatest.Transformer.apply(Transformer.scala:22)
[info]   at org.scalatest.Transformer.apply(Transformer.scala:20)
[info]   at org.scalatest.funsuite.AnyFunSuiteLike$$anon$1.apply(AnyFunSuiteLike.scala:226)
[info]   at org.scalatest.TestSuite.withFixture(TestSuite.scala:196)
[info]   at org.scalatest.TestSuite.withFixture$(TestSuite.scala:195)
[info]   at org.scalatest.funsuite.AnyFunSuite.withFixture(AnyFunSuite.scala:1564)
[info]   at org.scalatest.funsuite.AnyFunSuiteLike.invokeWithFixture$1(AnyFunSuiteLike.scala:224)
[info]   at org.scalatest.funsuite.AnyFunSuiteLike.$anonfun$runTest$1(AnyFunSuiteLike.scala:236)
[info]   at org.scalatest.SuperEngine.runTestImpl(Engine.scala:306)
[info]   at org.scalatest.funsuite.AnyFunSuiteLike.runTest(AnyFunSuiteLike.scala:236)
[info]   at org.scalatest.funsuite.AnyFunSuiteLike.runTest$(AnyFunSuiteLike.scala:218)
[info]   at org.scalatest.funsuite.AnyFunSuite.runTest(AnyFunSuite.scala:1564)
[info]   at org.scalatest.funsuite.AnyFunSuiteLike.$anonfun$runTests$1(AnyFunSuiteLike.scala:269)
[info]   at org.scalatest.SuperEngine.$anonfun$runTestsInBranch$1(Engine.scala:413)
[info]   at scala.collection.immutable.List.foreach(List.scala:334)
[info]   at org.scalatest.SuperEngine.traverseSubNodes$1(Engine.scala:401)
[info]   at org.scalatest.SuperEngine.runTestsInBranch(Engine.scala:396)
[info]   at org.scalatest.SuperEngine.runTestsImpl(Engine.scala:475)
[info]   at org.scalatest.funsuite.AnyFunSuiteLike.runTests(AnyFunSuiteLike.scala:269)
[info]   at org.scalatest.funsuite.AnyFunSuiteLike.runTests$(AnyFunSuiteLike.scala:268)
[info]   at org.scalatest.funsuite.AnyFunSuite.runTests(AnyFunSuite.scala:1564)
[info]   at org.scalatest.Suite.run(Suite.scala:1114)
[info]   at org.scalatest.Suite.run$(Suite.scala:1096)
[info]   at org.scalatest.funsuite.AnyFunSuite.org$scalatest$funsuite$AnyFunSuiteLike$$super$run(AnyFunSuite.scala:1564)
[info]   at org.scalatest.funsuite.AnyFunSuiteLike.$anonfun$run$1(AnyFunSuiteLike.scala:273)
[info]   at org.scalatest.SuperEngine.runImpl(Engine.scala:535)
[info]   at org.scalatest.funsuite.AnyFunSuiteLike.run(AnyFunSuiteLike.scala:273)
[info]   at org.scalatest.funsuite.AnyFunSuiteLike.run$(AnyFunSuiteLike.scala:272)
[info]   at frameless.TypedDatasetSuite.org$scalatest$BeforeAndAfterAll$$super$run(TypedDatasetSuite.scala:63)
[info]   at org.scalatest.BeforeAndAfterAll.liftedTree1$1(BeforeAndAfterAll.scala:213)
[info]   at org.scalatest.BeforeAndAfterAll.run(BeforeAndAfterAll.scala:210)
[info]   at org.scalatest.BeforeAndAfterAll.run$(BeforeAndAfterAll.scala:208)
[info]   at frameless.TypedDatasetSuite.run(TypedDatasetSuite.scala:63)
[info]   at org.scalatest.tools.Framework.org$scalatest$tools$Framework$$runSuite(Framework.scala:321)
[info]   at org.scalatest.tools.Framework$ScalaTestTask.execute(Framework.scala:517)
[info]   at sbt.ForkMain$Run.lambda$runTest$1(ForkMain.java:414)
[info]   at java.base/java.util.concurrent.FutureTask.run(FutureTask.java:317)
[info]   at java.base/java.util.concurrent.ThreadPoolExecutor.runWorker(ThreadPoolExecutor.java:1144)
[info]   at java.base/java.util.concurrent.ThreadPoolExecutor$Worker.run(ThreadPoolExecutor.java:642)
[info]   at java.base/java.lang.Thread.run(Thread.java:1583)
[info]   Cause: java.lang.ClassCastException: Cannot cast scala.reflect.ClassTag$GenericClassTag to org.apache.spark.sql.catalyst.expressions.Expression
[info]   at java.base/java.lang.Class.cast(Class.java:4067)
[info]   at java.base/jdk.internal.reflect.DirectConstructorHandleAccessor.newInstance(DirectConstructorHandleAccessor.java:62)
[info]   at java.base/java.lang.reflect.Constructor.newInstanceWithCaller(Constructor.java:502)
[info]   at java.base/java.lang.reflect.Constructor.newInstance(Constructor.java:486)
[info]   at frameless.TypedExpressionEncoder$.$anonfun$apply$3(TypedExpressionEncoder.scala:55)
[info]   at scala.Option.map(Option.scala:242)
[info]   at frameless.TypedExpressionEncoder$.apply(TypedExpressionEncoder.scala:54)
[info]   at frameless.TypedDataset$.create(TypedDataset.scala:1325)
[info]   at frameless.FilterTests.prop$7(FilterTests.scala:170)
[info]   at frameless.FilterTests.$anonfun$new$305(FilterTests.scala:175)
[info]   at org.scalacheck.Prop$.$anonfun$forAll$18(Prop.scala:1131)
[info]   at scala.Function1.$anonfun$andThen$1(Function1.scala:87)
[info]   at org.scalacheck.Prop$.$anonfun$forAllShrink$2(Prop.scala:868)
[info]   at org.scalacheck.Prop$.secure(Prop.scala:484)
[info]   at org.scalacheck.Prop$.result$1(Prop.scala:868)
[info]   at org.scalacheck.Prop$.$anonfun$forAllShrink$1(Prop.scala:915)
[info]   at org.scalacheck.Prop$.$anonfun$apply$1(Prop.scala:305)
[info]   at org.scalacheck.PropFromFun.apply(Prop.scala:20)
[info]   at org.scalacheck.Prop$.result$1(Prop.scala:869)
[info]   at org.scalacheck.Prop$.$anonfun$forAllShrink$1(Prop.scala:915)
[info]   at org.scalacheck.Prop$.$anonfun$apply$1(Prop.scala:305)
[info]   at org.scalacheck.PropFromFun.apply(Prop.scala:20)
[info]   at org.scalacheck.Test$.workerFun$1(Test.scala:486)
[info]   at org.scalacheck.Test$.$anonfun$check$4(Test.scala:518)
[info]   at org.scalacheck.Test$.$anonfun$check$4$adapted(Test.scala:518)
[info]   at org.scalacheck.Platform$.runWorkers(Platform.scala:42)
[info]   at org.scalacheck.Test$.check(Test.scala:518)
[info]   at org.scalatestplus.scalacheck.UnitCheckerAsserting$CheckerAssertingImpl.check(CheckerAsserting.scala:90)
[info]   at org.scalatestplus.scalacheck.Checkers.check(Checkers.scala:371)
[info]   at org.scalatestplus.scalacheck.Checkers.check$(Checkers.scala:369)
[info]   at frameless.TypedDatasetSuite.check(TypedDatasetSuite.scala:63)
[info]   at frameless.FilterTests.$anonfun$new$295(FilterTests.scala:175)
[info]   at org.scalatest.OutcomeOf.outcomeOf(OutcomeOf.scala:85)
[info]   at org.scalatest.OutcomeOf.outcomeOf$(OutcomeOf.scala:83)
[info]   at org.scalatest.OutcomeOf$.outcomeOf(OutcomeOf.scala:104)
[info]   at org.scalatest.Transformer.apply(Transformer.scala:22)
[info]   at org.scalatest.Transformer.apply(Transformer.scala:20)
[info]   at org.scalatest.funsuite.AnyFunSuiteLike$$anon$1.apply(AnyFunSuiteLike.scala:226)
[info]   at org.scalatest.TestSuite.withFixture(TestSuite.scala:196)
[info]   at org.scalatest.TestSuite.withFixture$(TestSuite.scala:195)
[info]   at org.scalatest.funsuite.AnyFunSuite.withFixture(AnyFunSuite.scala:1564)
[info]   at org.scalatest.funsuite.AnyFunSuiteLike.invokeWithFixture$1(AnyFunSuiteLike.scala:224)
[info]   at org.scalatest.funsuite.AnyFunSuiteLike.$anonfun$runTest$1(AnyFunSuiteLike.scala:236)
[info]   at org.scalatest.SuperEngine.runTestImpl(Engine.scala:306)
[info]   at org.scalatest.funsuite.AnyFunSuiteLike.runTest(AnyFunSuiteLike.scala:236)
[info]   at org.scalatest.funsuite.AnyFunSuiteLike.runTest$(AnyFunSuiteLike.scala:218)
[info]   at org.scalatest.funsuite.AnyFunSuite.runTest(AnyFunSuite.scala:1564)
[info]   at org.scalatest.funsuite.AnyFunSuiteLike.$anonfun$runTests$1(AnyFunSuiteLike.scala:269)
[info]   at org.scalatest.SuperEngine.$anonfun$runTestsInBranch$1(Engine.scala:413)
[info]   at scala.collection.immutable.List.foreach(List.scala:334)
[info]   at org.scalatest.SuperEngine.traverseSubNodes$1(Engine.scala:401)
[info]   at org.scalatest.SuperEngine.runTestsInBranch(Engine.scala:396)
[info]   at org.scalatest.SuperEngine.runTestsImpl(Engine.scala:475)
[info]   at org.scalatest.funsuite.AnyFunSuiteLike.runTests(AnyFunSuiteLike.scala:269)
[info]   at org.scalatest.funsuite.AnyFunSuiteLike.runTests$(AnyFunSuiteLike.scala:268)
[info]   at org.scalatest.funsuite.AnyFunSuite.runTests(AnyFunSuite.scala:1564)
[info]   at org.scalatest.Suite.run(Suite.scala:1114)
[info]   at org.scalatest.Suite.run$(Suite.scala:1096)
[info]   at org.scalatest.funsuite.AnyFunSuite.org$scalatest$funsuite$AnyFunSuiteLike$$super$run(AnyFunSuite.scala:1564)
[info]   at org.scalatest.funsuite.AnyFunSuiteLike.$anonfun$run$1(AnyFunSuiteLike.scala:273)
[info]   at org.scalatest.SuperEngine.runImpl(Engine.scala:535)
[info]   at org.scalatest.funsuite.AnyFunSuiteLike.run(AnyFunSuiteLike.scala:273)
[info]   at org.scalatest.funsuite.AnyFunSuiteLike.run$(AnyFunSuiteLike.scala:272)
[info]   at frameless.TypedDatasetSuite.org$scalatest$BeforeAndAfterAll$$super$run(TypedDatasetSuite.scala:63)
[info]   at org.scalatest.BeforeAndAfterAll.liftedTree1$1(BeforeAndAfterAll.scala:213)
[info]   at org.scalatest.BeforeAndAfterAll.run(BeforeAndAfterAll.scala:210)
[info]   at org.scalatest.BeforeAndAfterAll.run$(BeforeAndAfterAll.scala:208)
[info]   at frameless.TypedDatasetSuite.run(TypedDatasetSuite.scala:63)
[info]   at org.scalatest.tools.Framework.org$scalatest$tools$Framework$$runSuite(Framework.scala:321)
[info]   at org.scalatest.tools.Framework$ScalaTestTask.execute(Framework.scala:517)
[info]   at sbt.ForkMain$Run.lambda$runTest$1(ForkMain.java:414)
[info]   at java.base/java.util.concurrent.FutureTask.run(FutureTask.java:317)
[info]   at java.base/java.util.concurrent.ThreadPoolExecutor.runWorker(ThreadPoolExecutor.java:1144)
[info]   at java.base/java.util.concurrent.ThreadPoolExecutor$Worker.run(ThreadPoolExecutor.java:642)
[info]   at java.base/java.lang.Thread.run(Thread.java:1583)
[info] RepeatTest:
[info] - summoning with implicitly (3 milliseconds)
[info] - ill typed (0 milliseconds)
[info] UdfTests:
[info] - one argument udf *** FAILED *** (3 milliseconds)
[info]   IllegalArgumentException was thrown during property evaluation.
[info]     Message: argument type mismatch
[info]     Occurred when passed generated values (
[info]       arg0 = Vector(),
[info]       arg1 = org.scalacheck.GenArities$$Lambda/0x0000017ec48a4800@73decf43
[info]     )
[info]   org.scalatest.exceptions.GeneratorDrivenPropertyCheckFailedException:
[info]   at org.scalatestplus.scalacheck.CheckerAsserting$$anon$2.indicateFailure(CheckerAsserting.scala:251)
[info]   at org.scalatestplus.scalacheck.CheckerAsserting$$anon$2.indicateFailure(CheckerAsserting.scala:238)
[info]   at org.scalatestplus.scalacheck.UnitCheckerAsserting$CheckerAssertingImpl.check(CheckerAsserting.scala:160)
[info]   at org.scalatestplus.scalacheck.Checkers.check(Checkers.scala:371)
[info]   at org.scalatestplus.scalacheck.Checkers.check$(Checkers.scala:369)
[info]   at frameless.TypedDatasetSuite.check(TypedDatasetSuite.scala:63)
[info]   at frameless.functions.UdfTests.$anonfun$new$1(UdfTests.scala:27)
[info]   at org.scalatest.OutcomeOf.outcomeOf(OutcomeOf.scala:85)
[info]   at org.scalatest.OutcomeOf.outcomeOf$(OutcomeOf.scala:83)
[info]   at org.scalatest.OutcomeOf$.outcomeOf(OutcomeOf.scala:104)
[info]   at org.scalatest.Transformer.apply(Transformer.scala:22)
[info]   at org.scalatest.Transformer.apply(Transformer.scala:20)
[info]   at org.scalatest.funsuite.AnyFunSuiteLike$$anon$1.apply(AnyFunSuiteLike.scala:226)
[info]   at org.scalatest.TestSuite.withFixture(TestSuite.scala:196)
[info]   at org.scalatest.TestSuite.withFixture$(TestSuite.scala:195)
[info]   at org.scalatest.funsuite.AnyFunSuite.withFixture(AnyFunSuite.scala:1564)
[info]   at org.scalatest.funsuite.AnyFunSuiteLike.invokeWithFixture$1(AnyFunSuiteLike.scala:224)
[info]   at org.scalatest.funsuite.AnyFunSuiteLike.$anonfun$runTest$1(AnyFunSuiteLike.scala:236)
[info]   at org.scalatest.SuperEngine.runTestImpl(Engine.scala:306)
[info]   at org.scalatest.funsuite.AnyFunSuiteLike.runTest(AnyFunSuiteLike.scala:236)
[info]   at org.scalatest.funsuite.AnyFunSuiteLike.runTest$(AnyFunSuiteLike.scala:218)
[info]   at org.scalatest.funsuite.AnyFunSuite.runTest(AnyFunSuite.scala:1564)
[info]   at org.scalatest.funsuite.AnyFunSuiteLike.$anonfun$runTests$1(AnyFunSuiteLike.scala:269)
[info]   at org.scalatest.SuperEngine.$anonfun$runTestsInBranch$1(Engine.scala:413)
[info]   at scala.collection.immutable.List.foreach(List.scala:334)
[info]   at org.scalatest.SuperEngine.traverseSubNodes$1(Engine.scala:401)
[info]   at org.scalatest.SuperEngine.runTestsInBranch(Engine.scala:396)
[info]   at org.scalatest.SuperEngine.runTestsImpl(Engine.scala:475)
[info]   at org.scalatest.funsuite.AnyFunSuiteLike.runTests(AnyFunSuiteLike.scala:269)
[info]   at org.scalatest.funsuite.AnyFunSuiteLike.runTests$(AnyFunSuiteLike.scala:268)
[info]   at org.scalatest.funsuite.AnyFunSuite.runTests(AnyFunSuite.scala:1564)
[info]   at org.scalatest.Suite.run(Suite.scala:1114)
[info]   at org.scalatest.Suite.run$(Suite.scala:1096)
[info]   at org.scalatest.funsuite.AnyFunSuite.org$scalatest$funsuite$AnyFunSuiteLike$$super$run(AnyFunSuite.scala:1564)
[info]   at org.scalatest.funsuite.AnyFunSuiteLike.$anonfun$run$1(AnyFunSuiteLike.scala:273)
[info]   at org.scalatest.SuperEngine.runImpl(Engine.scala:535)
[info]   at org.scalatest.funsuite.AnyFunSuiteLike.run(AnyFunSuiteLike.scala:273)
[info]   at org.scalatest.funsuite.AnyFunSuiteLike.run$(AnyFunSuiteLike.scala:272)
[info]   at frameless.TypedDatasetSuite.org$scalatest$BeforeAndAfterAll$$super$run(TypedDatasetSuite.scala:63)
[info]   at org.scalatest.BeforeAndAfterAll.liftedTree1$1(BeforeAndAfterAll.scala:213)
[info]   at org.scalatest.BeforeAndAfterAll.run(BeforeAndAfterAll.scala:210)
[info]   at org.scalatest.BeforeAndAfterAll.run$(BeforeAndAfterAll.scala:208)
[info]   at frameless.TypedDatasetSuite.run(TypedDatasetSuite.scala:63)
[info]   at org.scalatest.tools.Framework.org$scalatest$tools$Framework$$runSuite(Framework.scala:321)
[info]   at org.scalatest.tools.Framework$ScalaTestTask.execute(Framework.scala:517)
[info]   at sbt.ForkMain$Run.lambda$runTest$1(ForkMain.java:414)
[info]   at java.base/java.util.concurrent.FutureTask.run(FutureTask.java:317)
[info]   at java.base/java.util.concurrent.ThreadPoolExecutor.runWorker(ThreadPoolExecutor.java:1144)
[info]   at java.base/java.util.concurrent.ThreadPoolExecutor$Worker.run(ThreadPoolExecutor.java:642)
[info]   at java.base/java.lang.Thread.run(Thread.java:1583)
[info]   Cause: java.lang.IllegalArgumentException: argument type mismatch
[info]   at java.base/jdk.internal.reflect.DirectConstructorHandleAccessor.newInstance(DirectConstructorHandleAccessor.java:65)
[info]   at java.base/java.lang.reflect.Constructor.newInstanceWithCaller(Constructor.java:502)
[info]   at java.base/java.lang.reflect.Constructor.newInstance(Constructor.java:486)
[info]   at frameless.TypedExpressionEncoder$.$anonfun$apply$3(TypedExpressionEncoder.scala:55)
[info]   at scala.Option.map(Option.scala:242)
[info]   at frameless.TypedExpressionEncoder$.apply(TypedExpressionEncoder.scala:54)
[info]   at frameless.TypedDataset$.create(TypedDataset.scala:1325)
[info]   at frameless.functions.UdfTests.prop$1(UdfTests.scala:11)
[info]   at frameless.functions.UdfTests.$anonfun$new$15(UdfTests.scala:27)
[info]   at org.scalacheck.Prop$.$anonfun$forAll$18(Prop.scala:1131)
[info]   at scala.Function1.$anonfun$andThen$1(Function1.scala:87)
[info]   at org.scalacheck.Prop$.$anonfun$forAllShrink$2(Prop.scala:868)
[info]   at org.scalacheck.Prop$.secure(Prop.scala:484)
[info]   at org.scalacheck.Prop$.result$1(Prop.scala:868)
[info]   at org.scalacheck.Prop$.$anonfun$forAllShrink$1(Prop.scala:915)
[info]   at org.scalacheck.Prop$.$anonfun$apply$1(Prop.scala:305)
[info]   at org.scalacheck.PropFromFun.apply(Prop.scala:20)
[info]   at org.scalacheck.Prop$.result$1(Prop.scala:869)
[info]   at org.scalacheck.Prop$.$anonfun$forAllShrink$1(Prop.scala:915)
[info]   at org.scalacheck.Prop$.$anonfun$apply$1(Prop.scala:305)
[info]   at org.scalacheck.PropFromFun.apply(Prop.scala:20)
[info]   at org.scalacheck.Test$.workerFun$1(Test.scala:486)
[info]   at org.scalacheck.Test$.$anonfun$check$4(Test.scala:518)
[info]   at org.scalacheck.Test$.$anonfun$check$4$adapted(Test.scala:518)
[info]   at org.scalacheck.Platform$.runWorkers(Platform.scala:42)
[info]   at org.scalacheck.Test$.check(Test.scala:518)
[info]   at org.scalatestplus.scalacheck.UnitCheckerAsserting$CheckerAssertingImpl.check(CheckerAsserting.scala:90)
[info]   at org.scalatestplus.scalacheck.Checkers.check(Checkers.scala:371)
[info]   at org.scalatestplus.scalacheck.Checkers.check$(Checkers.scala:369)
[info]   at frameless.TypedDatasetSuite.check(TypedDatasetSuite.scala:63)
[info]   at frameless.functions.UdfTests.$anonfun$new$1(UdfTests.scala:27)
[info]   at org.scalatest.OutcomeOf.outcomeOf(OutcomeOf.scala:85)
[info]   at org.scalatest.OutcomeOf.outcomeOf$(OutcomeOf.scala:83)
[info]   at org.scalatest.OutcomeOf$.outcomeOf(OutcomeOf.scala:104)
[info]   at org.scalatest.Transformer.apply(Transformer.scala:22)
[info]   at org.scalatest.Transformer.apply(Transformer.scala:20)
[info]   at org.scalatest.funsuite.AnyFunSuiteLike$$anon$1.apply(AnyFunSuiteLike.scala:226)
[info]   at org.scalatest.TestSuite.withFixture(TestSuite.scala:196)
[info]   at org.scalatest.TestSuite.withFixture$(TestSuite.scala:195)
[info]   at org.scalatest.funsuite.AnyFunSuite.withFixture(AnyFunSuite.scala:1564)
[info]   at org.scalatest.funsuite.AnyFunSuiteLike.invokeWithFixture$1(AnyFunSuiteLike.scala:224)
[info]   at org.scalatest.funsuite.AnyFunSuiteLike.$anonfun$runTest$1(AnyFunSuiteLike.scala:236)
[info]   at org.scalatest.SuperEngine.runTestImpl(Engine.scala:306)
[info]   at org.scalatest.funsuite.AnyFunSuiteLike.runTest(AnyFunSuiteLike.scala:236)
[info]   at org.scalatest.funsuite.AnyFunSuiteLike.runTest$(AnyFunSuiteLike.scala:218)
[info]   at org.scalatest.funsuite.AnyFunSuite.runTest(AnyFunSuite.scala:1564)
[info]   at org.scalatest.funsuite.AnyFunSuiteLike.$anonfun$runTests$1(AnyFunSuiteLike.scala:269)
[info]   at org.scalatest.SuperEngine.$anonfun$runTestsInBranch$1(Engine.scala:413)
[info]   at scala.collection.immutable.List.foreach(List.scala:334)
[info]   at org.scalatest.SuperEngine.traverseSubNodes$1(Engine.scala:401)
[info]   at org.scalatest.SuperEngine.runTestsInBranch(Engine.scala:396)
[info]   at org.scalatest.SuperEngine.runTestsImpl(Engine.scala:475)
[info]   at org.scalatest.funsuite.AnyFunSuiteLike.runTests(AnyFunSuiteLike.scala:269)
[info]   at org.scalatest.funsuite.AnyFunSuiteLike.runTests$(AnyFunSuiteLike.scala:268)
[info]   at org.scalatest.funsuite.AnyFunSuite.runTests(AnyFunSuite.scala:1564)
[info]   at org.scalatest.Suite.run(Suite.scala:1114)
[info]   at org.scalatest.Suite.run$(Suite.scala:1096)
[info]   at org.scalatest.funsuite.AnyFunSuite.org$scalatest$funsuite$AnyFunSuiteLike$$super$run(AnyFunSuite.scala:1564)
[info]   at org.scalatest.funsuite.AnyFunSuiteLike.$anonfun$run$1(AnyFunSuiteLike.scala:273)
[info]   at org.scalatest.SuperEngine.runImpl(Engine.scala:535)
[info]   at org.scalatest.funsuite.AnyFunSuiteLike.run(AnyFunSuiteLike.scala:273)
[info]   at org.scalatest.funsuite.AnyFunSuiteLike.run$(AnyFunSuiteLike.scala:272)
[info]   at frameless.TypedDatasetSuite.org$scalatest$BeforeAndAfterAll$$super$run(TypedDatasetSuite.scala:63)
[info]   at org.scalatest.BeforeAndAfterAll.liftedTree1$1(BeforeAndAfterAll.scala:213)
[info]   at org.scalatest.BeforeAndAfterAll.run(BeforeAndAfterAll.scala:210)
[info]   at org.scalatest.BeforeAndAfterAll.run$(BeforeAndAfterAll.scala:208)
[info]   at frameless.TypedDatasetSuite.run(TypedDatasetSuite.scala:63)
[info]   at org.scalatest.tools.Framework.org$scalatest$tools$Framework$$runSuite(Framework.scala:321)
[info]   at org.scalatest.tools.Framework$ScalaTestTask.execute(Framework.scala:517)
[info]   at sbt.ForkMain$Run.lambda$runTest$1(ForkMain.java:414)
[info]   at java.base/java.util.concurrent.FutureTask.run(FutureTask.java:317)
[info]   at java.base/java.util.concurrent.ThreadPoolExecutor.runWorker(ThreadPoolExecutor.java:1144)
[info]   at java.base/java.util.concurrent.ThreadPoolExecutor$Worker.run(ThreadPoolExecutor.java:642)
[info]   at java.base/java.lang.Thread.run(Thread.java:1583)
[info]   Cause: java.lang.ClassCastException: Cannot cast scala.reflect.ClassTag$GenericClassTag to org.apache.spark.sql.catalyst.expressions.Expression
[info]   at java.base/java.lang.Class.cast(Class.java:4067)
[info]   at java.base/jdk.internal.reflect.DirectConstructorHandleAccessor.newInstance(DirectConstructorHandleAccessor.java:62)
[info]   at java.base/java.lang.reflect.Constructor.newInstanceWithCaller(Constructor.java:502)
[info]   at java.base/java.lang.reflect.Constructor.newInstance(Constructor.java:486)
[info]   at frameless.TypedExpressionEncoder$.$anonfun$apply$3(TypedExpressionEncoder.scala:55)
[info]   at scala.Option.map(Option.scala:242)
[info]   at frameless.TypedExpressionEncoder$.apply(TypedExpressionEncoder.scala:54)
[info]   at frameless.TypedDataset$.create(TypedDataset.scala:1325)
[info]   at frameless.functions.UdfTests.prop$1(UdfTests.scala:11)
[info]   at frameless.functions.UdfTests.$anonfun$new$15(UdfTests.scala:27)
[info]   at org.scalacheck.Prop$.$anonfun$forAll$18(Prop.scala:1131)
[info]   at scala.Function1.$anonfun$andThen$1(Function1.scala:87)
[info]   at org.scalacheck.Prop$.$anonfun$forAllShrink$2(Prop.scala:868)
[info]   at org.scalacheck.Prop$.secure(Prop.scala:484)
[info]   at org.scalacheck.Prop$.result$1(Prop.scala:868)
[info]   at org.scalacheck.Prop$.$anonfun$forAllShrink$1(Prop.scala:915)
[info]   at org.scalacheck.Prop$.$anonfun$apply$1(Prop.scala:305)
[info]   at org.scalacheck.PropFromFun.apply(Prop.scala:20)
[info]   at org.scalacheck.Prop$.result$1(Prop.scala:869)
[info]   at org.scalacheck.Prop$.$anonfun$forAllShrink$1(Prop.scala:915)
[info]   at org.scalacheck.Prop$.$anonfun$apply$1(Prop.scala:305)
[info]   at org.scalacheck.PropFromFun.apply(Prop.scala:20)
[info]   at org.scalacheck.Test$.workerFun$1(Test.scala:486)
[info]   at org.scalacheck.Test$.$anonfun$check$4(Test.scala:518)
[info]   at org.scalacheck.Test$.$anonfun$check$4$adapted(Test.scala:518)
[info]   at org.scalacheck.Platform$.runWorkers(Platform.scala:42)
[info]   at org.scalacheck.Test$.check(Test.scala:518)
[info]   at org.scalatestplus.scalacheck.UnitCheckerAsserting$CheckerAssertingImpl.check(CheckerAsserting.scala:90)
[info]   at org.scalatestplus.scalacheck.Checkers.check(Checkers.scala:371)
[info]   at org.scalatestplus.scalacheck.Checkers.check$(Checkers.scala:369)
[info]   at frameless.TypedDatasetSuite.check(TypedDatasetSuite.scala:63)
[info]   at frameless.functions.UdfTests.$anonfun$new$1(UdfTests.scala:27)
[info]   at org.scalatest.OutcomeOf.outcomeOf(OutcomeOf.scala:85)
[info]   at org.scalatest.OutcomeOf.outcomeOf$(OutcomeOf.scala:83)
[info]   at org.scalatest.OutcomeOf$.outcomeOf(OutcomeOf.scala:104)
[info]   at org.scalatest.Transformer.apply(Transformer.scala:22)
[info]   at org.scalatest.Transformer.apply(Transformer.scala:20)
[info]   at org.scalatest.funsuite.AnyFunSuiteLike$$anon$1.apply(AnyFunSuiteLike.scala:226)
[info]   at org.scalatest.TestSuite.withFixture(TestSuite.scala:196)
[info]   at org.scalatest.TestSuite.withFixture$(TestSuite.scala:195)
[info]   at org.scalatest.funsuite.AnyFunSuite.withFixture(AnyFunSuite.scala:1564)
[info]   at org.scalatest.funsuite.AnyFunSuiteLike.invokeWithFixture$1(AnyFunSuiteLike.scala:224)
[info]   at org.scalatest.funsuite.AnyFunSuiteLike.$anonfun$runTest$1(AnyFunSuiteLike.scala:236)
[info]   at org.scalatest.SuperEngine.runTestImpl(Engine.scala:306)
[info]   at org.scalatest.funsuite.AnyFunSuiteLike.runTest(AnyFunSuiteLike.scala:236)
[info]   at org.scalatest.funsuite.AnyFunSuiteLike.runTest$(AnyFunSuiteLike.scala:218)
[info]   at org.scalatest.funsuite.AnyFunSuite.runTest(AnyFunSuite.scala:1564)
[info]   at org.scalatest.funsuite.AnyFunSuiteLike.$anonfun$runTests$1(AnyFunSuiteLike.scala:269)
[info]   at org.scalatest.SuperEngine.$anonfun$runTestsInBranch$1(Engine.scala:413)
[info]   at scala.collection.immutable.List.foreach(List.scala:334)
[info]   at org.scalatest.SuperEngine.traverseSubNodes$1(Engine.scala:401)
[info]   at org.scalatest.SuperEngine.runTestsInBranch(Engine.scala:396)
[info]   at org.scalatest.SuperEngine.runTestsImpl(Engine.scala:475)
[info]   at org.scalatest.funsuite.AnyFunSuiteLike.runTests(AnyFunSuiteLike.scala:269)
[info]   at org.scalatest.funsuite.AnyFunSuiteLike.runTests$(AnyFunSuiteLike.scala:268)
[info]   at org.scalatest.funsuite.AnyFunSuite.runTests(AnyFunSuite.scala:1564)
[info]   at org.scalatest.Suite.run(Suite.scala:1114)
[info]   at org.scalatest.Suite.run$(Suite.scala:1096)
[info]   at org.scalatest.funsuite.AnyFunSuite.org$scalatest$funsuite$AnyFunSuiteLike$$super$run(AnyFunSuite.scala:1564)
[info]   at org.scalatest.funsuite.AnyFunSuiteLike.$anonfun$run$1(AnyFunSuiteLike.scala:273)
[info]   at org.scalatest.SuperEngine.runImpl(Engine.scala:535)
[info]   at org.scalatest.funsuite.AnyFunSuiteLike.run(AnyFunSuiteLike.scala:273)
[info]   at org.scalatest.funsuite.AnyFunSuiteLike.run$(AnyFunSuiteLike.scala:272)
[info]   at frameless.TypedDatasetSuite.org$scalatest$BeforeAndAfterAll$$super$run(TypedDatasetSuite.scala:63)
[info]   at org.scalatest.BeforeAndAfterAll.liftedTree1$1(BeforeAndAfterAll.scala:213)
[info]   at org.scalatest.BeforeAndAfterAll.run(BeforeAndAfterAll.scala:210)
[info]   at org.scalatest.BeforeAndAfterAll.run$(BeforeAndAfterAll.scala:208)
[info]   at frameless.TypedDatasetSuite.run(TypedDatasetSuite.scala:63)
[info]   at org.scalatest.tools.Framework.org$scalatest$tools$Framework$$runSuite(Framework.scala:321)
[info]   at org.scalatest.tools.Framework$ScalaTestTask.execute(Framework.scala:517)
[info]   at sbt.ForkMain$Run.lambda$runTest$1(ForkMain.java:414)
[info]   at java.base/java.util.concurrent.FutureTask.run(FutureTask.java:317)
[info]   at java.base/java.util.concurrent.ThreadPoolExecutor.runWorker(ThreadPoolExecutor.java:1144)
[info]   at java.base/java.util.concurrent.ThreadPoolExecutor$Worker.run(ThreadPoolExecutor.java:642)
[info]   at java.base/java.lang.Thread.run(Thread.java:1583)
[info] - multiple one argument udf *** FAILED *** (5 milliseconds)
[info]   IllegalArgumentException was thrown during property evaluation.
[info]     Message: argument type mismatch
[info]     Occurred when passed generated values (
[info]       arg0 = Vector(),
[info]       arg1 = org.scalacheck.GenArities$$Lambda/0x0000017ec48a4800@a62dc4,
[info]       arg2 = org.scalacheck.GenArities$$Lambda/0x0000017ec48a4800@44fb0ad5,
[info]       arg3 = org.scalacheck.GenArities$$Lambda/0x0000017ec48a4800@2ef6624a
[info]     )
[info]   org.scalatest.exceptions.GeneratorDrivenPropertyCheckFailedException:
[info]   at org.scalatestplus.scalacheck.CheckerAsserting$$anon$2.indicateFailure(CheckerAsserting.scala:251)
[info]   at org.scalatestplus.scalacheck.CheckerAsserting$$anon$2.indicateFailure(CheckerAsserting.scala:238)
[info]   at org.scalatestplus.scalacheck.UnitCheckerAsserting$CheckerAssertingImpl.check(CheckerAsserting.scala:160)
[info]   at org.scalatestplus.scalacheck.Checkers.check(Checkers.scala:371)
[info]   at org.scalatestplus.scalacheck.Checkers.check$(Checkers.scala:369)
[info]   at frameless.TypedDatasetSuite.check(TypedDatasetSuite.scala:63)
[info]   at frameless.functions.UdfTests.$anonfun$new$58(UdfTests.scala:65)
[info]   at org.scalatest.OutcomeOf.outcomeOf(OutcomeOf.scala:85)
[info]   at org.scalatest.OutcomeOf.outcomeOf$(OutcomeOf.scala:83)
[info]   at org.scalatest.OutcomeOf$.outcomeOf(OutcomeOf.scala:104)
[info]   at org.scalatest.Transformer.apply(Transformer.scala:22)
[info]   at org.scalatest.Transformer.apply(Transformer.scala:20)
[info]   at org.scalatest.funsuite.AnyFunSuiteLike$$anon$1.apply(AnyFunSuiteLike.scala:226)
[info]   at org.scalatest.TestSuite.withFixture(TestSuite.scala:196)
[info]   at org.scalatest.TestSuite.withFixture$(TestSuite.scala:195)
[info]   at org.scalatest.funsuite.AnyFunSuite.withFixture(AnyFunSuite.scala:1564)
[info]   at org.scalatest.funsuite.AnyFunSuiteLike.invokeWithFixture$1(AnyFunSuiteLike.scala:224)
[info]   at org.scalatest.funsuite.AnyFunSuiteLike.$anonfun$runTest$1(AnyFunSuiteLike.scala:236)
[info]   at org.scalatest.SuperEngine.runTestImpl(Engine.scala:306)
[info]   at org.scalatest.funsuite.AnyFunSuiteLike.runTest(AnyFunSuiteLike.scala:236)
[info]   at org.scalatest.funsuite.AnyFunSuiteLike.runTest$(AnyFunSuiteLike.scala:218)
[info]   at org.scalatest.funsuite.AnyFunSuite.runTest(AnyFunSuite.scala:1564)
[info]   at org.scalatest.funsuite.AnyFunSuiteLike.$anonfun$runTests$1(AnyFunSuiteLike.scala:269)
[info]   at org.scalatest.SuperEngine.$anonfun$runTestsInBranch$1(Engine.scala:413)
[info]   at scala.collection.immutable.List.foreach(List.scala:334)
[info]   at org.scalatest.SuperEngine.traverseSubNodes$1(Engine.scala:401)
[info]   at org.scalatest.SuperEngine.runTestsInBranch(Engine.scala:396)
[info]   at org.scalatest.SuperEngine.runTestsImpl(Engine.scala:475)
[info]   at org.scalatest.funsuite.AnyFunSuiteLike.runTests(AnyFunSuiteLike.scala:269)
[info]   at org.scalatest.funsuite.AnyFunSuiteLike.runTests$(AnyFunSuiteLike.scala:268)
[info]   at org.scalatest.funsuite.AnyFunSuite.runTests(AnyFunSuite.scala:1564)
[info]   at org.scalatest.Suite.run(Suite.scala:1114)
[info]   at org.scalatest.Suite.run$(Suite.scala:1096)
[info]   at org.scalatest.funsuite.AnyFunSuite.org$scalatest$funsuite$AnyFunSuiteLike$$super$run(AnyFunSuite.scala:1564)
[info]   at org.scalatest.funsuite.AnyFunSuiteLike.$anonfun$run$1(AnyFunSuiteLike.scala:273)
[info]   at org.scalatest.SuperEngine.runImpl(Engine.scala:535)
[info]   at org.scalatest.funsuite.AnyFunSuiteLike.run(AnyFunSuiteLike.scala:273)
[info]   at org.scalatest.funsuite.AnyFunSuiteLike.run$(AnyFunSuiteLike.scala:272)
[info]   at frameless.TypedDatasetSuite.org$scalatest$BeforeAndAfterAll$$super$run(TypedDatasetSuite.scala:63)
[info]   at org.scalatest.BeforeAndAfterAll.liftedTree1$1(BeforeAndAfterAll.scala:213)
[info]   at org.scalatest.BeforeAndAfterAll.run(BeforeAndAfterAll.scala:210)
[info]   at org.scalatest.BeforeAndAfterAll.run$(BeforeAndAfterAll.scala:208)
[info]   at frameless.TypedDatasetSuite.run(TypedDatasetSuite.scala:63)
[info]   at org.scalatest.tools.Framework.org$scalatest$tools$Framework$$runSuite(Framework.scala:321)
[info]   at org.scalatest.tools.Framework$ScalaTestTask.execute(Framework.scala:517)
[info]   at sbt.ForkMain$Run.lambda$runTest$1(ForkMain.java:414)
[info]   at java.base/java.util.concurrent.FutureTask.run(FutureTask.java:317)
[info]   at java.base/java.util.concurrent.ThreadPoolExecutor.runWorker(ThreadPoolExecutor.java:1144)
[info]   at java.base/java.util.concurrent.ThreadPoolExecutor$Worker.run(ThreadPoolExecutor.java:642)
[info]   at java.base/java.lang.Thread.run(Thread.java:1583)
[info]   Cause: java.lang.IllegalArgumentException: argument type mismatch
[info]   at java.base/jdk.internal.reflect.DirectConstructorHandleAccessor.newInstance(DirectConstructorHandleAccessor.java:65)
[info]   at java.base/java.lang.reflect.Constructor.newInstanceWithCaller(Constructor.java:502)
[info]   at java.base/java.lang.reflect.Constructor.newInstance(Constructor.java:486)
[info]   at frameless.TypedExpressionEncoder$.$anonfun$apply$3(TypedExpressionEncoder.scala:55)
[info]   at scala.Option.map(Option.scala:242)
[info]   at frameless.TypedExpressionEncoder$.apply(TypedExpressionEncoder.scala:54)
[info]   at frameless.TypedDataset$.create(TypedDataset.scala:1325)
[info]   at frameless.functions.UdfTests.prop$2(UdfTests.scala:47)
[info]   at frameless.functions.UdfTests.$anonfun$new$75(UdfTests.scala:65)
[info]   at org.scalacheck.Prop$.$anonfun$forAll$22(Prop.scala:1166)
[info]   at org.scalacheck.Prop$.$anonfun$forAll$20(Prop.scala:1147)
[info]   at org.scalacheck.Prop$.$anonfun$forAll$18(Prop.scala:1131)
[info]   at scala.Function1.$anonfun$andThen$1(Function1.scala:87)
[info]   at org.scalacheck.Prop$.$anonfun$forAllShrink$2(Prop.scala:868)
[info]   at org.scalacheck.Prop$.secure(Prop.scala:484)
[info]   at org.scalacheck.Prop$.result$1(Prop.scala:868)
[info]   at org.scalacheck.Prop$.$anonfun$forAllShrink$1(Prop.scala:915)
[info]   at org.scalacheck.Prop$.$anonfun$apply$1(Prop.scala:305)
[info]   at org.scalacheck.PropFromFun.apply(Prop.scala:20)
[info]   at org.scalacheck.Prop$.result$1(Prop.scala:869)
[info]   at org.scalacheck.Prop$.$anonfun$forAllShrink$1(Prop.scala:915)
[info]   at org.scalacheck.Prop$.$anonfun$apply$1(Prop.scala:305)
[info]   at org.scalacheck.PropFromFun.apply(Prop.scala:20)
[info]   at org.scalacheck.Prop$.result$1(Prop.scala:869)
[info]   at org.scalacheck.Prop$.$anonfun$forAllShrink$1(Prop.scala:915)
[info]   at org.scalacheck.Prop$.$anonfun$apply$1(Prop.scala:305)
[info]   at org.scalacheck.PropFromFun.apply(Prop.scala:20)
[info]   at org.scalacheck.Prop$.result$1(Prop.scala:869)
[info]   at org.scalacheck.Prop$.$anonfun$forAllShrink$1(Prop.scala:915)
[info]   at org.scalacheck.Prop$.$anonfun$apply$1(Prop.scala:305)
[info]   at org.scalacheck.PropFromFun.apply(Prop.scala:20)
[info]   at org.scalacheck.Test$.workerFun$1(Test.scala:486)
[info]   at org.scalacheck.Test$.$anonfun$check$4(Test.scala:518)
[info]   at org.scalacheck.Test$.$anonfun$check$4$adapted(Test.scala:518)
[info]   at org.scalacheck.Platform$.runWorkers(Platform.scala:42)
[info]   at org.scalacheck.Test$.check(Test.scala:518)
[info]   at org.scalatestplus.scalacheck.UnitCheckerAsserting$CheckerAssertingImpl.check(CheckerAsserting.scala:90)
[info]   at org.scalatestplus.scalacheck.Checkers.check(Checkers.scala:371)
[info]   at org.scalatestplus.scalacheck.Checkers.check$(Checkers.scala:369)
[info]   at frameless.TypedDatasetSuite.check(TypedDatasetSuite.scala:63)
[info]   at frameless.functions.UdfTests.$anonfun$new$58(UdfTests.scala:65)
[info]   at org.scalatest.OutcomeOf.outcomeOf(OutcomeOf.scala:85)
[info]   at org.scalatest.OutcomeOf.outcomeOf$(OutcomeOf.scala:83)
[info]   at org.scalatest.OutcomeOf$.outcomeOf(OutcomeOf.scala:104)
[info]   at org.scalatest.Transformer.apply(Transformer.scala:22)
[info]   at org.scalatest.Transformer.apply(Transformer.scala:20)
[info]   at org.scalatest.funsuite.AnyFunSuiteLike$$anon$1.apply(AnyFunSuiteLike.scala:226)
[info]   at org.scalatest.TestSuite.withFixture(TestSuite.scala:196)
[info]   at org.scalatest.TestSuite.withFixture$(TestSuite.scala:195)
[info]   at org.scalatest.funsuite.AnyFunSuite.withFixture(AnyFunSuite.scala:1564)
[info]   at org.scalatest.funsuite.AnyFunSuiteLike.invokeWithFixture$1(AnyFunSuiteLike.scala:224)
[info]   at org.scalatest.funsuite.AnyFunSuiteLike.$anonfun$runTest$1(AnyFunSuiteLike.scala:236)
[info]   at org.scalatest.SuperEngine.runTestImpl(Engine.scala:306)
[info]   at org.scalatest.funsuite.AnyFunSuiteLike.runTest(AnyFunSuiteLike.scala:236)
[info]   at org.scalatest.funsuite.AnyFunSuiteLike.runTest$(AnyFunSuiteLike.scala:218)
[info]   at org.scalatest.funsuite.AnyFunSuite.runTest(AnyFunSuite.scala:1564)
[info]   at org.scalatest.funsuite.AnyFunSuiteLike.$anonfun$runTests$1(AnyFunSuiteLike.scala:269)
[info]   at org.scalatest.SuperEngine.$anonfun$runTestsInBranch$1(Engine.scala:413)
[info]   at scala.collection.immutable.List.foreach(List.scala:334)
[info]   at org.scalatest.SuperEngine.traverseSubNodes$1(Engine.scala:401)
[info]   at org.scalatest.SuperEngine.runTestsInBranch(Engine.scala:396)
[info]   at org.scalatest.SuperEngine.runTestsImpl(Engine.scala:475)
[info]   at org.scalatest.funsuite.AnyFunSuiteLike.runTests(AnyFunSuiteLike.scala:269)
[info]   at org.scalatest.funsuite.AnyFunSuiteLike.runTests$(AnyFunSuiteLike.scala:268)
[info]   at org.scalatest.funsuite.AnyFunSuite.runTests(AnyFunSuite.scala:1564)
[info]   at org.scalatest.Suite.run(Suite.scala:1114)
[info]   at org.scalatest.Suite.run$(Suite.scala:1096)
[info]   at org.scalatest.funsuite.AnyFunSuite.org$scalatest$funsuite$AnyFunSuiteLike$$super$run(AnyFunSuite.scala:1564)
[info]   at org.scalatest.funsuite.AnyFunSuiteLike.$anonfun$run$1(AnyFunSuiteLike.scala:273)
[info]   at org.scalatest.SuperEngine.runImpl(Engine.scala:535)
[info]   at org.scalatest.funsuite.AnyFunSuiteLike.run(AnyFunSuiteLike.scala:273)
[info]   at org.scalatest.funsuite.AnyFunSuiteLike.run$(AnyFunSuiteLike.scala:272)
[info]   at frameless.TypedDatasetSuite.org$scalatest$BeforeAndAfterAll$$super$run(TypedDatasetSuite.scala:63)
[info]   at org.scalatest.BeforeAndAfterAll.liftedTree1$1(BeforeAndAfterAll.scala:213)
[info]   at org.scalatest.BeforeAndAfterAll.run(BeforeAndAfterAll.scala:210)
[info]   at org.scalatest.BeforeAndAfterAll.run$(BeforeAndAfterAll.scala:208)
[info]   at frameless.TypedDatasetSuite.run(TypedDatasetSuite.scala:63)
[info]   at org.scalatest.tools.Framework.org$scalatest$tools$Framework$$runSuite(Framework.scala:321)
[info]   at org.scalatest.tools.Framework$ScalaTestTask.execute(Framework.scala:517)
[info]   at sbt.ForkMain$Run.lambda$runTest$1(ForkMain.java:414)
[info]   at java.base/java.util.concurrent.FutureTask.run(FutureTask.java:317)
[info]   at java.base/java.util.concurrent.ThreadPoolExecutor.runWorker(ThreadPoolExecutor.java:1144)
[info]   at java.base/java.util.concurrent.ThreadPoolExecutor$Worker.run(ThreadPoolExecutor.java:642)
[info]   at java.base/java.lang.Thread.run(Thread.java:1583)
[info]   Cause: java.lang.ClassCastException: Cannot cast scala.reflect.ClassTag$GenericClassTag to org.apache.spark.sql.catalyst.expressions.Expression
[info]   at java.base/java.lang.Class.cast(Class.java:4067)
[info]   at java.base/jdk.internal.reflect.DirectConstructorHandleAccessor.newInstance(DirectConstructorHandleAccessor.java:62)
[info]   at java.base/java.lang.reflect.Constructor.newInstanceWithCaller(Constructor.java:502)
[info]   at java.base/java.lang.reflect.Constructor.newInstance(Constructor.java:486)
[info]   at frameless.TypedExpressionEncoder$.$anonfun$apply$3(TypedExpressionEncoder.scala:55)
[info]   at scala.Option.map(Option.scala:242)
[info]   at frameless.TypedExpressionEncoder$.apply(TypedExpressionEncoder.scala:54)
[info]   at frameless.TypedDataset$.create(TypedDataset.scala:1325)
[info]   at frameless.functions.UdfTests.prop$2(UdfTests.scala:47)
[info]   at frameless.functions.UdfTests.$anonfun$new$75(UdfTests.scala:65)
[info]   at org.scalacheck.Prop$.$anonfun$forAll$22(Prop.scala:1166)
[info]   at org.scalacheck.Prop$.$anonfun$forAll$20(Prop.scala:1147)
[info]   at org.scalacheck.Prop$.$anonfun$forAll$18(Prop.scala:1131)
[info]   at scala.Function1.$anonfun$andThen$1(Function1.scala:87)
[info]   at org.scalacheck.Prop$.$anonfun$forAllShrink$2(Prop.scala:868)
[info]   at org.scalacheck.Prop$.secure(Prop.scala:484)
[info]   at org.scalacheck.Prop$.result$1(Prop.scala:868)
[info]   at org.scalacheck.Prop$.$anonfun$forAllShrink$1(Prop.scala:915)
[info]   at org.scalacheck.Prop$.$anonfun$apply$1(Prop.scala:305)
[info]   at org.scalacheck.PropFromFun.apply(Prop.scala:20)
[info]   at org.scalacheck.Prop$.result$1(Prop.scala:869)
[info]   at org.scalacheck.Prop$.$anonfun$forAllShrink$1(Prop.scala:915)
[info]   at org.scalacheck.Prop$.$anonfun$apply$1(Prop.scala:305)
[info]   at org.scalacheck.PropFromFun.apply(Prop.scala:20)
[info]   at org.scalacheck.Prop$.result$1(Prop.scala:869)
[info]   at org.scalacheck.Prop$.$anonfun$forAllShrink$1(Prop.scala:915)
[info]   at org.scalacheck.Prop$.$anonfun$apply$1(Prop.scala:305)
[info]   at org.scalacheck.PropFromFun.apply(Prop.scala:20)
[info]   at org.scalacheck.Prop$.result$1(Prop.scala:869)
[info]   at org.scalacheck.Prop$.$anonfun$forAllShrink$1(Prop.scala:915)
[info]   at org.scalacheck.Prop$.$anonfun$apply$1(Prop.scala:305)
[info]   at org.scalacheck.PropFromFun.apply(Prop.scala:20)
[info]   at org.scalacheck.Test$.workerFun$1(Test.scala:486)
[info]   at org.scalacheck.Test$.$anonfun$check$4(Test.scala:518)
[info]   at org.scalacheck.Test$.$anonfun$check$4$adapted(Test.scala:518)
[info]   at org.scalacheck.Platform$.runWorkers(Platform.scala:42)
[info]   at org.scalacheck.Test$.check(Test.scala:518)
[info]   at org.scalatestplus.scalacheck.UnitCheckerAsserting$CheckerAssertingImpl.check(CheckerAsserting.scala:90)
[info]   at org.scalatestplus.scalacheck.Checkers.check(Checkers.scala:371)
[info]   at org.scalatestplus.scalacheck.Checkers.check$(Checkers.scala:369)
[info]   at frameless.TypedDatasetSuite.check(TypedDatasetSuite.scala:63)
[info]   at frameless.functions.UdfTests.$anonfun$new$58(UdfTests.scala:65)
[info]   at org.scalatest.OutcomeOf.outcomeOf(OutcomeOf.scala:85)
[info]   at org.scalatest.OutcomeOf.outcomeOf$(OutcomeOf.scala:83)
[info]   at org.scalatest.OutcomeOf$.outcomeOf(OutcomeOf.scala:104)
[info]   at org.scalatest.Transformer.apply(Transformer.scala:22)
[info]   at org.scalatest.Transformer.apply(Transformer.scala:20)
[info]   at org.scalatest.funsuite.AnyFunSuiteLike$$anon$1.apply(AnyFunSuiteLike.scala:226)
[info]   at org.scalatest.TestSuite.withFixture(TestSuite.scala:196)
[info]   at org.scalatest.TestSuite.withFixture$(TestSuite.scala:195)
[info]   at org.scalatest.funsuite.AnyFunSuite.withFixture(AnyFunSuite.scala:1564)
[info]   at org.scalatest.funsuite.AnyFunSuiteLike.invokeWithFixture$1(AnyFunSuiteLike.scala:224)
[info]   at org.scalatest.funsuite.AnyFunSuiteLike.$anonfun$runTest$1(AnyFunSuiteLike.scala:236)
[info]   at org.scalatest.SuperEngine.runTestImpl(Engine.scala:306)
[info]   at org.scalatest.funsuite.AnyFunSuiteLike.runTest(AnyFunSuiteLike.scala:236)
[info]   at org.scalatest.funsuite.AnyFunSuiteLike.runTest$(AnyFunSuiteLike.scala:218)
[info]   at org.scalatest.funsuite.AnyFunSuite.runTest(AnyFunSuite.scala:1564)
[info]   at org.scalatest.funsuite.AnyFunSuiteLike.$anonfun$runTests$1(AnyFunSuiteLike.scala:269)
[info]   at org.scalatest.SuperEngine.$anonfun$runTestsInBranch$1(Engine.scala:413)
[info]   at scala.collection.immutable.List.foreach(List.scala:334)
[info]   at org.scalatest.SuperEngine.traverseSubNodes$1(Engine.scala:401)
[info]   at org.scalatest.SuperEngine.runTestsInBranch(Engine.scala:396)
[info]   at org.scalatest.SuperEngine.runTestsImpl(Engine.scala:475)
[info]   at org.scalatest.funsuite.AnyFunSuiteLike.runTests(AnyFunSuiteLike.scala:269)
[info]   at org.scalatest.funsuite.AnyFunSuiteLike.runTests$(AnyFunSuiteLike.scala:268)
[info]   at org.scalatest.funsuite.AnyFunSuite.runTests(AnyFunSuite.scala:1564)
[info]   at org.scalatest.Suite.run(Suite.scala:1114)
[info]   at org.scalatest.Suite.run$(Suite.scala:1096)
[info]   at org.scalatest.funsuite.AnyFunSuite.org$scalatest$funsuite$AnyFunSuiteLike$$super$run(AnyFunSuite.scala:1564)
[info]   at org.scalatest.funsuite.AnyFunSuiteLike.$anonfun$run$1(AnyFunSuiteLike.scala:273)
[info]   at org.scalatest.SuperEngine.runImpl(Engine.scala:535)
[info]   at org.scalatest.funsuite.AnyFunSuiteLike.run(AnyFunSuiteLike.scala:273)
[info]   at org.scalatest.funsuite.AnyFunSuiteLike.run$(AnyFunSuiteLike.scala:272)
[info]   at frameless.TypedDatasetSuite.org$scalatest$BeforeAndAfterAll$$super$run(TypedDatasetSuite.scala:63)
[info]   at org.scalatest.BeforeAndAfterAll.liftedTree1$1(BeforeAndAfterAll.scala:213)
[info]   at org.scalatest.BeforeAndAfterAll.run(BeforeAndAfterAll.scala:210)
[info]   at org.scalatest.BeforeAndAfterAll.run$(BeforeAndAfterAll.scala:208)
[info]   at frameless.TypedDatasetSuite.run(TypedDatasetSuite.scala:63)
[info]   at org.scalatest.tools.Framework.org$scalatest$tools$Framework$$runSuite(Framework.scala:321)
[info]   at org.scalatest.tools.Framework$ScalaTestTask.execute(Framework.scala:517)
[info]   at sbt.ForkMain$Run.lambda$runTest$1(ForkMain.java:414)
[info]   at java.base/java.util.concurrent.FutureTask.run(FutureTask.java:317)
[info]   at java.base/java.util.concurrent.ThreadPoolExecutor.runWorker(ThreadPoolExecutor.java:1144)
[info]   at java.base/java.util.concurrent.ThreadPoolExecutor$Worker.run(ThreadPoolExecutor.java:642)
[info]   at java.base/java.lang.Thread.run(Thread.java:1583)
[info] - two argument udf *** FAILED *** (5 milliseconds)
[info]   IllegalArgumentException was thrown during property evaluation.
[info]     Message: argument type mismatch
[info]     Occurred when passed generated values (
[info]       arg0 = Vector(),
[info]       arg1 = org.scalacheck.GenArities$$Lambda/0x0000017ec4adf458@3f25ce75
[info]     )
[info]   org.scalatest.exceptions.GeneratorDrivenPropertyCheckFailedException:
[info]   at org.scalatestplus.scalacheck.CheckerAsserting$$anon$2.indicateFailure(CheckerAsserting.scala:251)
[info]   at org.scalatestplus.scalacheck.CheckerAsserting$$anon$2.indicateFailure(CheckerAsserting.scala:238)
[info]   at org.scalatestplus.scalacheck.UnitCheckerAsserting$CheckerAssertingImpl.check(CheckerAsserting.scala:160)
[info]   at org.scalatestplus.scalacheck.Checkers.check(Checkers.scala:371)
[info]   at org.scalatestplus.scalacheck.Checkers.check$(Checkers.scala:369)
[info]   at frameless.TypedDatasetSuite.check(TypedDatasetSuite.scala:63)
[info]   at frameless.functions.UdfTests.$anonfun$new$103(UdfTests.scala:87)
[info]   at org.scalatest.OutcomeOf.outcomeOf(OutcomeOf.scala:85)
[info]   at org.scalatest.OutcomeOf.outcomeOf$(OutcomeOf.scala:83)
[info]   at org.scalatest.OutcomeOf$.outcomeOf(OutcomeOf.scala:104)
[info]   at org.scalatest.Transformer.apply(Transformer.scala:22)
[info]   at org.scalatest.Transformer.apply(Transformer.scala:20)
[info]   at org.scalatest.funsuite.AnyFunSuiteLike$$anon$1.apply(AnyFunSuiteLike.scala:226)
[info]   at org.scalatest.TestSuite.withFixture(TestSuite.scala:196)
[info]   at org.scalatest.TestSuite.withFixture$(TestSuite.scala:195)
[info]   at org.scalatest.funsuite.AnyFunSuite.withFixture(AnyFunSuite.scala:1564)
[info]   at org.scalatest.funsuite.AnyFunSuiteLike.invokeWithFixture$1(AnyFunSuiteLike.scala:224)
[info]   at org.scalatest.funsuite.AnyFunSuiteLike.$anonfun$runTest$1(AnyFunSuiteLike.scala:236)
[info]   at org.scalatest.SuperEngine.runTestImpl(Engine.scala:306)
[info]   at org.scalatest.funsuite.AnyFunSuiteLike.runTest(AnyFunSuiteLike.scala:236)
[info]   at org.scalatest.funsuite.AnyFunSuiteLike.runTest$(AnyFunSuiteLike.scala:218)
[info]   at org.scalatest.funsuite.AnyFunSuite.runTest(AnyFunSuite.scala:1564)
[info]   at org.scalatest.funsuite.AnyFunSuiteLike.$anonfun$runTests$1(AnyFunSuiteLike.scala:269)
[info]   at org.scalatest.SuperEngine.$anonfun$runTestsInBranch$1(Engine.scala:413)
[info]   at scala.collection.immutable.List.foreach(List.scala:334)
[info]   at org.scalatest.SuperEngine.traverseSubNodes$1(Engine.scala:401)
[info]   at org.scalatest.SuperEngine.runTestsInBranch(Engine.scala:396)
[info]   at org.scalatest.SuperEngine.runTestsImpl(Engine.scala:475)
[info]   at org.scalatest.funsuite.AnyFunSuiteLike.runTests(AnyFunSuiteLike.scala:269)
[info]   at org.scalatest.funsuite.AnyFunSuiteLike.runTests$(AnyFunSuiteLike.scala:268)
[info]   at org.scalatest.funsuite.AnyFunSuite.runTests(AnyFunSuite.scala:1564)
[info]   at org.scalatest.Suite.run(Suite.scala:1114)
[info]   at org.scalatest.Suite.run$(Suite.scala:1096)
[info]   at org.scalatest.funsuite.AnyFunSuite.org$scalatest$funsuite$AnyFunSuiteLike$$super$run(AnyFunSuite.scala:1564)
[info]   at org.scalatest.funsuite.AnyFunSuiteLike.$anonfun$run$1(AnyFunSuiteLike.scala:273)
[info]   at org.scalatest.SuperEngine.runImpl(Engine.scala:535)
[info]   at org.scalatest.funsuite.AnyFunSuiteLike.run(AnyFunSuiteLike.scala:273)
[info]   at org.scalatest.funsuite.AnyFunSuiteLike.run$(AnyFunSuiteLike.scala:272)
[info]   at frameless.TypedDatasetSuite.org$scalatest$BeforeAndAfterAll$$super$run(TypedDatasetSuite.scala:63)
[info]   at org.scalatest.BeforeAndAfterAll.liftedTree1$1(BeforeAndAfterAll.scala:213)
[info]   at org.scalatest.BeforeAndAfterAll.run(BeforeAndAfterAll.scala:210)
[info]   at org.scalatest.BeforeAndAfterAll.run$(BeforeAndAfterAll.scala:208)
[info]   at frameless.TypedDatasetSuite.run(TypedDatasetSuite.scala:63)
[info]   at org.scalatest.tools.Framework.org$scalatest$tools$Framework$$runSuite(Framework.scala:321)
[info]   at org.scalatest.tools.Framework$ScalaTestTask.execute(Framework.scala:517)
[info]   at sbt.ForkMain$Run.lambda$runTest$1(ForkMain.java:414)
[info]   at java.base/java.util.concurrent.FutureTask.run(FutureTask.java:317)
[info]   at java.base/java.util.concurrent.ThreadPoolExecutor.runWorker(ThreadPoolExecutor.java:1144)
[info]   at java.base/java.util.concurrent.ThreadPoolExecutor$Worker.run(ThreadPoolExecutor.java:642)
[info]   at java.base/java.lang.Thread.run(Thread.java:1583)
[info]   Cause: java.lang.IllegalArgumentException: argument type mismatch
[info]   at java.base/jdk.internal.reflect.DirectConstructorHandleAccessor.newInstance(DirectConstructorHandleAccessor.java:65)
[info]   at java.base/java.lang.reflect.Constructor.newInstanceWithCaller(Constructor.java:502)
[info]   at java.base/java.lang.reflect.Constructor.newInstance(Constructor.java:486)
[info]   at frameless.TypedExpressionEncoder$.$anonfun$apply$3(TypedExpressionEncoder.scala:55)
[info]   at scala.Option.map(Option.scala:242)
[info]   at frameless.TypedExpressionEncoder$.apply(TypedExpressionEncoder.scala:54)
[info]   at frameless.TypedDataset$.create(TypedDataset.scala:1325)
[info]   at frameless.functions.UdfTests.prop$3(UdfTests.scala:74)
[info]   at frameless.functions.UdfTests.$anonfun$new$118(UdfTests.scala:87)
[info]   at org.scalacheck.Prop$.$anonfun$forAll$18(Prop.scala:1131)
[info]   at scala.Function1.$anonfun$andThen$1(Function1.scala:87)
[info]   at org.scalacheck.Prop$.$anonfun$forAllShrink$2(Prop.scala:868)
[info]   at org.scalacheck.Prop$.secure(Prop.scala:484)
[info]   at org.scalacheck.Prop$.result$1(Prop.scala:868)
[info]   at org.scalacheck.Prop$.$anonfun$forAllShrink$1(Prop.scala:915)
[info]   at org.scalacheck.Prop$.$anonfun$apply$1(Prop.scala:305)
[info]   at org.scalacheck.PropFromFun.apply(Prop.scala:20)
[info]   at org.scalacheck.Prop$.result$1(Prop.scala:869)
[info]   at org.scalacheck.Prop$.$anonfun$forAllShrink$1(Prop.scala:915)
[info]   at org.scalacheck.Prop$.$anonfun$apply$1(Prop.scala:305)
[info]   at org.scalacheck.PropFromFun.apply(Prop.scala:20)
[info]   at org.scalacheck.Test$.workerFun$1(Test.scala:486)
[info]   at org.scalacheck.Test$.$anonfun$check$4(Test.scala:518)
[info]   at org.scalacheck.Test$.$anonfun$check$4$adapted(Test.scala:518)
[info]   at org.scalacheck.Platform$.runWorkers(Platform.scala:42)
[info]   at org.scalacheck.Test$.check(Test.scala:518)
[info]   at org.scalatestplus.scalacheck.UnitCheckerAsserting$CheckerAssertingImpl.check(CheckerAsserting.scala:90)
[info]   at org.scalatestplus.scalacheck.Checkers.check(Checkers.scala:371)
[info]   at org.scalatestplus.scalacheck.Checkers.check$(Checkers.scala:369)
[info]   at frameless.TypedDatasetSuite.check(TypedDatasetSuite.scala:63)
[info]   at frameless.functions.UdfTests.$anonfun$new$103(UdfTests.scala:87)
[info]   at org.scalatest.OutcomeOf.outcomeOf(OutcomeOf.scala:85)
[info]   at org.scalatest.OutcomeOf.outcomeOf$(OutcomeOf.scala:83)
[info]   at org.scalatest.OutcomeOf$.outcomeOf(OutcomeOf.scala:104)
[info]   at org.scalatest.Transformer.apply(Transformer.scala:22)
[info]   at org.scalatest.Transformer.apply(Transformer.scala:20)
[info]   at org.scalatest.funsuite.AnyFunSuiteLike$$anon$1.apply(AnyFunSuiteLike.scala:226)
[info]   at org.scalatest.TestSuite.withFixture(TestSuite.scala:196)
[info]   at org.scalatest.TestSuite.withFixture$(TestSuite.scala:195)
[info]   at org.scalatest.funsuite.AnyFunSuite.withFixture(AnyFunSuite.scala:1564)
[info]   at org.scalatest.funsuite.AnyFunSuiteLike.invokeWithFixture$1(AnyFunSuiteLike.scala:224)
[info]   at org.scalatest.funsuite.AnyFunSuiteLike.$anonfun$runTest$1(AnyFunSuiteLike.scala:236)
[info]   at org.scalatest.SuperEngine.runTestImpl(Engine.scala:306)
[info]   at org.scalatest.funsuite.AnyFunSuiteLike.runTest(AnyFunSuiteLike.scala:236)
[info]   at org.scalatest.funsuite.AnyFunSuiteLike.runTest$(AnyFunSuiteLike.scala:218)
[info]   at org.scalatest.funsuite.AnyFunSuite.runTest(AnyFunSuite.scala:1564)
[info]   at org.scalatest.funsuite.AnyFunSuiteLike.$anonfun$runTests$1(AnyFunSuiteLike.scala:269)
[info]   at org.scalatest.SuperEngine.$anonfun$runTestsInBranch$1(Engine.scala:413)
[info]   at scala.collection.immutable.List.foreach(List.scala:334)
[info]   at org.scalatest.SuperEngine.traverseSubNodes$1(Engine.scala:401)
[info]   at org.scalatest.SuperEngine.runTestsInBranch(Engine.scala:396)
[info]   at org.scalatest.SuperEngine.runTestsImpl(Engine.scala:475)
[info]   at org.scalatest.funsuite.AnyFunSuiteLike.runTests(AnyFunSuiteLike.scala:269)
[info]   at org.scalatest.funsuite.AnyFunSuiteLike.runTests$(AnyFunSuiteLike.scala:268)
[info]   at org.scalatest.funsuite.AnyFunSuite.runTests(AnyFunSuite.scala:1564)
[info]   at org.scalatest.Suite.run(Suite.scala:1114)
[info]   at org.scalatest.Suite.run$(Suite.scala:1096)
[info]   at org.scalatest.funsuite.AnyFunSuite.org$scalatest$funsuite$AnyFunSuiteLike$$super$run(AnyFunSuite.scala:1564)
[info]   at org.scalatest.funsuite.AnyFunSuiteLike.$anonfun$run$1(AnyFunSuiteLike.scala:273)
[info]   at org.scalatest.SuperEngine.runImpl(Engine.scala:535)
[info]   at org.scalatest.funsuite.AnyFunSuiteLike.run(AnyFunSuiteLike.scala:273)
[info]   at org.scalatest.funsuite.AnyFunSuiteLike.run$(AnyFunSuiteLike.scala:272)
[info]   at frameless.TypedDatasetSuite.org$scalatest$BeforeAndAfterAll$$super$run(TypedDatasetSuite.scala:63)
[info]   at org.scalatest.BeforeAndAfterAll.liftedTree1$1(BeforeAndAfterAll.scala:213)
[info]   at org.scalatest.BeforeAndAfterAll.run(BeforeAndAfterAll.scala:210)
[info]   at org.scalatest.BeforeAndAfterAll.run$(BeforeAndAfterAll.scala:208)
[info]   at frameless.TypedDatasetSuite.run(TypedDatasetSuite.scala:63)
[info]   at org.scalatest.tools.Framework.org$scalatest$tools$Framework$$runSuite(Framework.scala:321)
[info]   at org.scalatest.tools.Framework$ScalaTestTask.execute(Framework.scala:517)
[info]   at sbt.ForkMain$Run.lambda$runTest$1(ForkMain.java:414)
[info]   at java.base/java.util.concurrent.FutureTask.run(FutureTask.java:317)
[info]   at java.base/java.util.concurrent.ThreadPoolExecutor.runWorker(ThreadPoolExecutor.java:1144)
[info]   at java.base/java.util.concurrent.ThreadPoolExecutor$Worker.run(ThreadPoolExecutor.java:642)
[info]   at java.base/java.lang.Thread.run(Thread.java:1583)
[info]   Cause: java.lang.ClassCastException: Cannot cast scala.reflect.ClassTag$GenericClassTag to org.apache.spark.sql.catalyst.expressions.Expression
[info]   at java.base/java.lang.Class.cast(Class.java:4067)
[info]   at java.base/jdk.internal.reflect.DirectConstructorHandleAccessor.newInstance(DirectConstructorHandleAccessor.java:62)
[info]   at java.base/java.lang.reflect.Constructor.newInstanceWithCaller(Constructor.java:502)
[info]   at java.base/java.lang.reflect.Constructor.newInstance(Constructor.java:486)
[info]   at frameless.TypedExpressionEncoder$.$anonfun$apply$3(TypedExpressionEncoder.scala:55)
[info]   at scala.Option.map(Option.scala:242)
[info]   at frameless.TypedExpressionEncoder$.apply(TypedExpressionEncoder.scala:54)
[info]   at frameless.TypedDataset$.create(TypedDataset.scala:1325)
[info]   at frameless.functions.UdfTests.prop$3(UdfTests.scala:74)
[info]   at frameless.functions.UdfTests.$anonfun$new$118(UdfTests.scala:87)
[info]   at org.scalacheck.Prop$.$anonfun$forAll$18(Prop.scala:1131)
[info]   at scala.Function1.$anonfun$andThen$1(Function1.scala:87)
[info]   at org.scalacheck.Prop$.$anonfun$forAllShrink$2(Prop.scala:868)
[info]   at org.scalacheck.Prop$.secure(Prop.scala:484)
[info]   at org.scalacheck.Prop$.result$1(Prop.scala:868)
[info]   at org.scalacheck.Prop$.$anonfun$forAllShrink$1(Prop.scala:915)
[info]   at org.scalacheck.Prop$.$anonfun$apply$1(Prop.scala:305)
[info]   at org.scalacheck.PropFromFun.apply(Prop.scala:20)
[info]   at org.scalacheck.Prop$.result$1(Prop.scala:869)
[info]   at org.scalacheck.Prop$.$anonfun$forAllShrink$1(Prop.scala:915)
[info]   at org.scalacheck.Prop$.$anonfun$apply$1(Prop.scala:305)
[info]   at org.scalacheck.PropFromFun.apply(Prop.scala:20)
[info]   at org.scalacheck.Test$.workerFun$1(Test.scala:486)
[info]   at org.scalacheck.Test$.$anonfun$check$4(Test.scala:518)
[info]   at org.scalacheck.Test$.$anonfun$check$4$adapted(Test.scala:518)
[info]   at org.scalacheck.Platform$.runWorkers(Platform.scala:42)
[info]   at org.scalacheck.Test$.check(Test.scala:518)
[info]   at org.scalatestplus.scalacheck.UnitCheckerAsserting$CheckerAssertingImpl.check(CheckerAsserting.scala:90)
[info]   at org.scalatestplus.scalacheck.Checkers.check(Checkers.scala:371)
[info]   at org.scalatestplus.scalacheck.Checkers.check$(Checkers.scala:369)
[info]   at frameless.TypedDatasetSuite.check(TypedDatasetSuite.scala:63)
[info]   at frameless.functions.UdfTests.$anonfun$new$103(UdfTests.scala:87)
[info]   at org.scalatest.OutcomeOf.outcomeOf(OutcomeOf.scala:85)
[info]   at org.scalatest.OutcomeOf.outcomeOf$(OutcomeOf.scala:83)
[info]   at org.scalatest.OutcomeOf$.outcomeOf(OutcomeOf.scala:104)
[info]   at org.scalatest.Transformer.apply(Transformer.scala:22)
[info]   at org.scalatest.Transformer.apply(Transformer.scala:20)
[info]   at org.scalatest.funsuite.AnyFunSuiteLike$$anon$1.apply(AnyFunSuiteLike.scala:226)
[info]   at org.scalatest.TestSuite.withFixture(TestSuite.scala:196)
[info]   at org.scalatest.TestSuite.withFixture$(TestSuite.scala:195)
[info]   at org.scalatest.funsuite.AnyFunSuite.withFixture(AnyFunSuite.scala:1564)
[info]   at org.scalatest.funsuite.AnyFunSuiteLike.invokeWithFixture$1(AnyFunSuiteLike.scala:224)
[info]   at org.scalatest.funsuite.AnyFunSuiteLike.$anonfun$runTest$1(AnyFunSuiteLike.scala:236)
[info]   at org.scalatest.SuperEngine.runTestImpl(Engine.scala:306)
[info]   at org.scalatest.funsuite.AnyFunSuiteLike.runTest(AnyFunSuiteLike.scala:236)
[info]   at org.scalatest.funsuite.AnyFunSuiteLike.runTest$(AnyFunSuiteLike.scala:218)
[info]   at org.scalatest.funsuite.AnyFunSuite.runTest(AnyFunSuite.scala:1564)
[info]   at org.scalatest.funsuite.AnyFunSuiteLike.$anonfun$runTests$1(AnyFunSuiteLike.scala:269)
[info]   at org.scalatest.SuperEngine.$anonfun$runTestsInBranch$1(Engine.scala:413)
[info]   at scala.collection.immutable.List.foreach(List.scala:334)
[info]   at org.scalatest.SuperEngine.traverseSubNodes$1(Engine.scala:401)
[info]   at org.scalatest.SuperEngine.runTestsInBranch(Engine.scala:396)
[info]   at org.scalatest.SuperEngine.runTestsImpl(Engine.scala:475)
[info]   at org.scalatest.funsuite.AnyFunSuiteLike.runTests(AnyFunSuiteLike.scala:269)
[info]   at org.scalatest.funsuite.AnyFunSuiteLike.runTests$(AnyFunSuiteLike.scala:268)
[info]   at org.scalatest.funsuite.AnyFunSuite.runTests(AnyFunSuite.scala:1564)
[info]   at org.scalatest.Suite.run(Suite.scala:1114)
[info]   at org.scalatest.Suite.run$(Suite.scala:1096)
[info]   at org.scalatest.funsuite.AnyFunSuite.org$scalatest$funsuite$AnyFunSuiteLike$$super$run(AnyFunSuite.scala:1564)
[info]   at org.scalatest.funsuite.AnyFunSuiteLike.$anonfun$run$1(AnyFunSuiteLike.scala:273)
[info]   at org.scalatest.SuperEngine.runImpl(Engine.scala:535)
[info]   at org.scalatest.funsuite.AnyFunSuiteLike.run(AnyFunSuiteLike.scala:273)
[info]   at org.scalatest.funsuite.AnyFunSuiteLike.run$(AnyFunSuiteLike.scala:272)
[info]   at frameless.TypedDatasetSuite.org$scalatest$BeforeAndAfterAll$$super$run(TypedDatasetSuite.scala:63)
[info]   at org.scalatest.BeforeAndAfterAll.liftedTree1$1(BeforeAndAfterAll.scala:213)
[info]   at org.scalatest.BeforeAndAfterAll.run(BeforeAndAfterAll.scala:210)
[info]   at org.scalatest.BeforeAndAfterAll.run$(BeforeAndAfterAll.scala:208)
[info]   at frameless.TypedDatasetSuite.run(TypedDatasetSuite.scala:63)
[info]   at org.scalatest.tools.Framework.org$scalatest$tools$Framework$$runSuite(Framework.scala:321)
[info]   at org.scalatest.tools.Framework$ScalaTestTask.execute(Framework.scala:517)
[info]   at sbt.ForkMain$Run.lambda$runTest$1(ForkMain.java:414)
[info]   at java.base/java.util.concurrent.FutureTask.run(FutureTask.java:317)
[info]   at java.base/java.util.concurrent.ThreadPoolExecutor.runWorker(ThreadPoolExecutor.java:1144)
[info]   at java.base/java.util.concurrent.ThreadPoolExecutor$Worker.run(ThreadPoolExecutor.java:642)
[info]   at java.base/java.lang.Thread.run(Thread.java:1583)
[info] - multiple two argument udf *** FAILED *** (3 milliseconds)
[info]   IllegalArgumentException was thrown during property evaluation.
[info]     Message: argument type mismatch
[info]     Occurred when passed generated values (
[info]       arg0 = Vector(),
[info]       arg1 = org.scalacheck.GenArities$$Lambda/0x0000017ec4adf458@5d1f8a9a,
[info]       arg2 = org.scalacheck.GenArities$$Lambda/0x0000017ec4adf458@397d02b8
[info]     )
[info]   org.scalatest.exceptions.GeneratorDrivenPropertyCheckFailedException:
[info]   at org.scalatestplus.scalacheck.CheckerAsserting$$anon$2.indicateFailure(CheckerAsserting.scala:251)
[info]   at org.scalatestplus.scalacheck.CheckerAsserting$$anon$2.indicateFailure(CheckerAsserting.scala:238)
[info]   at org.scalatestplus.scalacheck.UnitCheckerAsserting$CheckerAssertingImpl.check(CheckerAsserting.scala:160)
[info]   at org.scalatestplus.scalacheck.Checkers.check(Checkers.scala:371)
[info]   at org.scalatestplus.scalacheck.Checkers.check$(Checkers.scala:369)
[info]   at frameless.TypedDatasetSuite.check(TypedDatasetSuite.scala:63)
[info]   at frameless.functions.UdfTests.$anonfun$new$124(UdfTests.scala:111)
[info]   at org.scalatest.OutcomeOf.outcomeOf(OutcomeOf.scala:85)
[info]   at org.scalatest.OutcomeOf.outcomeOf$(OutcomeOf.scala:83)
[info]   at org.scalatest.OutcomeOf$.outcomeOf(OutcomeOf.scala:104)
[info]   at org.scalatest.Transformer.apply(Transformer.scala:22)
[info]   at org.scalatest.Transformer.apply(Transformer.scala:20)
[info]   at org.scalatest.funsuite.AnyFunSuiteLike$$anon$1.apply(AnyFunSuiteLike.scala:226)
[info]   at org.scalatest.TestSuite.withFixture(TestSuite.scala:196)
[info]   at org.scalatest.TestSuite.withFixture$(TestSuite.scala:195)
[info]   at org.scalatest.funsuite.AnyFunSuite.withFixture(AnyFunSuite.scala:1564)
[info]   at org.scalatest.funsuite.AnyFunSuiteLike.invokeWithFixture$1(AnyFunSuiteLike.scala:224)
[info]   at org.scalatest.funsuite.AnyFunSuiteLike.$anonfun$runTest$1(AnyFunSuiteLike.scala:236)
[info]   at org.scalatest.SuperEngine.runTestImpl(Engine.scala:306)
[info]   at org.scalatest.funsuite.AnyFunSuiteLike.runTest(AnyFunSuiteLike.scala:236)
[info]   at org.scalatest.funsuite.AnyFunSuiteLike.runTest$(AnyFunSuiteLike.scala:218)
[info]   at org.scalatest.funsuite.AnyFunSuite.runTest(AnyFunSuite.scala:1564)
[info]   at org.scalatest.funsuite.AnyFunSuiteLike.$anonfun$runTests$1(AnyFunSuiteLike.scala:269)
[info]   at org.scalatest.SuperEngine.$anonfun$runTestsInBranch$1(Engine.scala:413)
[info]   at scala.collection.immutable.List.foreach(List.scala:334)
[info]   at org.scalatest.SuperEngine.traverseSubNodes$1(Engine.scala:401)
[info]   at org.scalatest.SuperEngine.runTestsInBranch(Engine.scala:396)
[info]   at org.scalatest.SuperEngine.runTestsImpl(Engine.scala:475)
[info]   at org.scalatest.funsuite.AnyFunSuiteLike.runTests(AnyFunSuiteLike.scala:269)
[info]   at org.scalatest.funsuite.AnyFunSuiteLike.runTests$(AnyFunSuiteLike.scala:268)
[info]   at org.scalatest.funsuite.AnyFunSuite.runTests(AnyFunSuite.scala:1564)
[info]   at org.scalatest.Suite.run(Suite.scala:1114)
[info]   at org.scalatest.Suite.run$(Suite.scala:1096)
[info]   at org.scalatest.funsuite.AnyFunSuite.org$scalatest$funsuite$AnyFunSuiteLike$$super$run(AnyFunSuite.scala:1564)
[info]   at org.scalatest.funsuite.AnyFunSuiteLike.$anonfun$run$1(AnyFunSuiteLike.scala:273)
[info]   at org.scalatest.SuperEngine.runImpl(Engine.scala:535)
[info]   at org.scalatest.funsuite.AnyFunSuiteLike.run(AnyFunSuiteLike.scala:273)
[info]   at org.scalatest.funsuite.AnyFunSuiteLike.run$(AnyFunSuiteLike.scala:272)
[info]   at frameless.TypedDatasetSuite.org$scalatest$BeforeAndAfterAll$$super$run(TypedDatasetSuite.scala:63)
[info]   at org.scalatest.BeforeAndAfterAll.liftedTree1$1(BeforeAndAfterAll.scala:213)
[info]   at org.scalatest.BeforeAndAfterAll.run(BeforeAndAfterAll.scala:210)
[info]   at org.scalatest.BeforeAndAfterAll.run$(BeforeAndAfterAll.scala:208)
[info]   at frameless.TypedDatasetSuite.run(TypedDatasetSuite.scala:63)
[info]   at org.scalatest.tools.Framework.org$scalatest$tools$Framework$$runSuite(Framework.scala:321)
[info]   at org.scalatest.tools.Framework$ScalaTestTask.execute(Framework.scala:517)
[info]   at sbt.ForkMain$Run.lambda$runTest$1(ForkMain.java:414)
[info]   at java.base/java.util.concurrent.FutureTask.run(FutureTask.java:317)
[info]   at java.base/java.util.concurrent.ThreadPoolExecutor.runWorker(ThreadPoolExecutor.java:1144)
[info]   at java.base/java.util.concurrent.ThreadPoolExecutor$Worker.run(ThreadPoolExecutor.java:642)
[info]   at java.base/java.lang.Thread.run(Thread.java:1583)
[info]   Cause: java.lang.IllegalArgumentException: argument type mismatch
[info]   at java.base/jdk.internal.reflect.DirectConstructorHandleAccessor.newInstance(DirectConstructorHandleAccessor.java:65)
[info]   at java.base/java.lang.reflect.Constructor.newInstanceWithCaller(Constructor.java:502)
[info]   at java.base/java.lang.reflect.Constructor.newInstance(Constructor.java:486)
[info]   at frameless.TypedExpressionEncoder$.$anonfun$apply$3(TypedExpressionEncoder.scala:55)
[info]   at scala.Option.map(Option.scala:242)
[info]   at frameless.TypedExpressionEncoder$.apply(TypedExpressionEncoder.scala:54)
[info]   at frameless.TypedDataset$.create(TypedDataset.scala:1325)
[info]   at frameless.functions.UdfTests.prop$4(UdfTests.scala:94)
[info]   at frameless.functions.UdfTests.$anonfun$new$141(UdfTests.scala:111)
[info]   at org.scalacheck.Prop$.$anonfun$forAll$20(Prop.scala:1147)
[info]   at org.scalacheck.Prop$.$anonfun$forAll$18(Prop.scala:1131)
[info]   at scala.Function1.$anonfun$andThen$1(Function1.scala:87)
[info]   at org.scalacheck.Prop$.$anonfun$forAllShrink$2(Prop.scala:868)
[info]   at org.scalacheck.Prop$.secure(Prop.scala:484)
[info]   at org.scalacheck.Prop$.result$1(Prop.scala:868)
[info]   at org.scalacheck.Prop$.$anonfun$forAllShrink$1(Prop.scala:915)
[info]   at org.scalacheck.Prop$.$anonfun$apply$1(Prop.scala:305)
[info]   at org.scalacheck.PropFromFun.apply(Prop.scala:20)
[info]   at org.scalacheck.Prop$.result$1(Prop.scala:869)
[info]   at org.scalacheck.Prop$.$anonfun$forAllShrink$1(Prop.scala:915)
[info]   at org.scalacheck.Prop$.$anonfun$apply$1(Prop.scala:305)
[info]   at org.scalacheck.PropFromFun.apply(Prop.scala:20)
[info]   at org.scalacheck.Prop$.result$1(Prop.scala:869)
[info]   at org.scalacheck.Prop$.$anonfun$forAllShrink$1(Prop.scala:915)
[info]   at org.scalacheck.Prop$.$anonfun$apply$1(Prop.scala:305)
[info]   at org.scalacheck.PropFromFun.apply(Prop.scala:20)
[info]   at org.scalacheck.Test$.workerFun$1(Test.scala:486)
[info]   at org.scalacheck.Test$.$anonfun$check$4(Test.scala:518)
[info]   at org.scalacheck.Test$.$anonfun$check$4$adapted(Test.scala:518)
[info]   at org.scalacheck.Platform$.runWorkers(Platform.scala:42)
[info]   at org.scalacheck.Test$.check(Test.scala:518)
[info]   at org.scalatestplus.scalacheck.UnitCheckerAsserting$CheckerAssertingImpl.check(CheckerAsserting.scala:90)
[info]   at org.scalatestplus.scalacheck.Checkers.check(Checkers.scala:371)
[info]   at org.scalatestplus.scalacheck.Checkers.check$(Checkers.scala:369)
[info]   at frameless.TypedDatasetSuite.check(TypedDatasetSuite.scala:63)
[info]   at frameless.functions.UdfTests.$anonfun$new$124(UdfTests.scala:111)
[info]   at org.scalatest.OutcomeOf.outcomeOf(OutcomeOf.scala:85)
[info]   at org.scalatest.OutcomeOf.outcomeOf$(OutcomeOf.scala:83)
[info]   at org.scalatest.OutcomeOf$.outcomeOf(OutcomeOf.scala:104)
[info]   at org.scalatest.Transformer.apply(Transformer.scala:22)
[info]   at org.scalatest.Transformer.apply(Transformer.scala:20)
[info]   at org.scalatest.funsuite.AnyFunSuiteLike$$anon$1.apply(AnyFunSuiteLike.scala:226)
[info]   at org.scalatest.TestSuite.withFixture(TestSuite.scala:196)
[info]   at org.scalatest.TestSuite.withFixture$(TestSuite.scala:195)
[info]   at org.scalatest.funsuite.AnyFunSuite.withFixture(AnyFunSuite.scala:1564)
[info]   at org.scalatest.funsuite.AnyFunSuiteLike.invokeWithFixture$1(AnyFunSuiteLike.scala:224)
[info]   at org.scalatest.funsuite.AnyFunSuiteLike.$anonfun$runTest$1(AnyFunSuiteLike.scala:236)
[info]   at org.scalatest.SuperEngine.runTestImpl(Engine.scala:306)
[info]   at org.scalatest.funsuite.AnyFunSuiteLike.runTest(AnyFunSuiteLike.scala:236)
[info]   at org.scalatest.funsuite.AnyFunSuiteLike.runTest$(AnyFunSuiteLike.scala:218)
[info]   at org.scalatest.funsuite.AnyFunSuite.runTest(AnyFunSuite.scala:1564)
[info]   at org.scalatest.funsuite.AnyFunSuiteLike.$anonfun$runTests$1(AnyFunSuiteLike.scala:269)
[info]   at org.scalatest.SuperEngine.$anonfun$runTestsInBranch$1(Engine.scala:413)
[info]   at scala.collection.immutable.List.foreach(List.scala:334)
[info]   at org.scalatest.SuperEngine.traverseSubNodes$1(Engine.scala:401)
[info]   at org.scalatest.SuperEngine.runTestsInBranch(Engine.scala:396)
[info]   at org.scalatest.SuperEngine.runTestsImpl(Engine.scala:475)
[info]   at org.scalatest.funsuite.AnyFunSuiteLike.runTests(AnyFunSuiteLike.scala:269)
[info]   at org.scalatest.funsuite.AnyFunSuiteLike.runTests$(AnyFunSuiteLike.scala:268)
[info]   at org.scalatest.funsuite.AnyFunSuite.runTests(AnyFunSuite.scala:1564)
[info]   at org.scalatest.Suite.run(Suite.scala:1114)
[info]   at org.scalatest.Suite.run$(Suite.scala:1096)
[info]   at org.scalatest.funsuite.AnyFunSuite.org$scalatest$funsuite$AnyFunSuiteLike$$super$run(AnyFunSuite.scala:1564)
[info]   at org.scalatest.funsuite.AnyFunSuiteLike.$anonfun$run$1(AnyFunSuiteLike.scala:273)
[info]   at org.scalatest.SuperEngine.runImpl(Engine.scala:535)
[info]   at org.scalatest.funsuite.AnyFunSuiteLike.run(AnyFunSuiteLike.scala:273)
[info]   at org.scalatest.funsuite.AnyFunSuiteLike.run$(AnyFunSuiteLike.scala:272)
[info]   at frameless.TypedDatasetSuite.org$scalatest$BeforeAndAfterAll$$super$run(TypedDatasetSuite.scala:63)
[info]   at org.scalatest.BeforeAndAfterAll.liftedTree1$1(BeforeAndAfterAll.scala:213)
[info]   at org.scalatest.BeforeAndAfterAll.run(BeforeAndAfterAll.scala:210)
[info]   at org.scalatest.BeforeAndAfterAll.run$(BeforeAndAfterAll.scala:208)
[info]   at frameless.TypedDatasetSuite.run(TypedDatasetSuite.scala:63)
[info]   at org.scalatest.tools.Framework.org$scalatest$tools$Framework$$runSuite(Framework.scala:321)
[info]   at org.scalatest.tools.Framework$ScalaTestTask.execute(Framework.scala:517)
[info]   at sbt.ForkMain$Run.lambda$runTest$1(ForkMain.java:414)
[info]   at java.base/java.util.concurrent.FutureTask.run(FutureTask.java:317)
[info]   at java.base/java.util.concurrent.ThreadPoolExecutor.runWorker(ThreadPoolExecutor.java:1144)
[info]   at java.base/java.util.concurrent.ThreadPoolExecutor$Worker.run(ThreadPoolExecutor.java:642)
[info]   at java.base/java.lang.Thread.run(Thread.java:1583)
[info]   Cause: java.lang.ClassCastException: Cannot cast scala.reflect.ClassTag$GenericClassTag to org.apache.spark.sql.catalyst.expressions.Expression
[info]   at java.base/java.lang.Class.cast(Class.java:4067)
[info]   at java.base/jdk.internal.reflect.DirectConstructorHandleAccessor.newInstance(DirectConstructorHandleAccessor.java:62)
[info]   at java.base/java.lang.reflect.Constructor.newInstanceWithCaller(Constructor.java:502)
[info]   at java.base/java.lang.reflect.Constructor.newInstance(Constructor.java:486)
[info]   at frameless.TypedExpressionEncoder$.$anonfun$apply$3(TypedExpressionEncoder.scala:55)
[info]   at scala.Option.map(Option.scala:242)
[info]   at frameless.TypedExpressionEncoder$.apply(TypedExpressionEncoder.scala:54)
[info]   at frameless.TypedDataset$.create(TypedDataset.scala:1325)
[info]   at frameless.functions.UdfTests.prop$4(UdfTests.scala:94)
[info]   at frameless.functions.UdfTests.$anonfun$new$141(UdfTests.scala:111)
[info]   at org.scalacheck.Prop$.$anonfun$forAll$20(Prop.scala:1147)
[info]   at org.scalacheck.Prop$.$anonfun$forAll$18(Prop.scala:1131)
[info]   at scala.Function1.$anonfun$andThen$1(Function1.scala:87)
[info]   at org.scalacheck.Prop$.$anonfun$forAllShrink$2(Prop.scala:868)
[info]   at org.scalacheck.Prop$.secure(Prop.scala:484)
[info]   at org.scalacheck.Prop$.result$1(Prop.scala:868)
[info]   at org.scalacheck.Prop$.$anonfun$forAllShrink$1(Prop.scala:915)
[info]   at org.scalacheck.Prop$.$anonfun$apply$1(Prop.scala:305)
[info]   at org.scalacheck.PropFromFun.apply(Prop.scala:20)
[info]   at org.scalacheck.Prop$.result$1(Prop.scala:869)
[info]   at org.scalacheck.Prop$.$anonfun$forAllShrink$1(Prop.scala:915)
[info]   at org.scalacheck.Prop$.$anonfun$apply$1(Prop.scala:305)
[info]   at org.scalacheck.PropFromFun.apply(Prop.scala:20)
[info]   at org.scalacheck.Prop$.result$1(Prop.scala:869)
[info]   at org.scalacheck.Prop$.$anonfun$forAllShrink$1(Prop.scala:915)
[info]   at org.scalacheck.Prop$.$anonfun$apply$1(Prop.scala:305)
[info]   at org.scalacheck.PropFromFun.apply(Prop.scala:20)
[info]   at org.scalacheck.Test$.workerFun$1(Test.scala:486)
[info]   at org.scalacheck.Test$.$anonfun$check$4(Test.scala:518)
[info]   at org.scalacheck.Test$.$anonfun$check$4$adapted(Test.scala:518)
[info]   at org.scalacheck.Platform$.runWorkers(Platform.scala:42)
[info]   at org.scalacheck.Test$.check(Test.scala:518)
[info]   at org.scalatestplus.scalacheck.UnitCheckerAsserting$CheckerAssertingImpl.check(CheckerAsserting.scala:90)
[info]   at org.scalatestplus.scalacheck.Checkers.check(Checkers.scala:371)
[info]   at org.scalatestplus.scalacheck.Checkers.check$(Checkers.scala:369)
[info]   at frameless.TypedDatasetSuite.check(TypedDatasetSuite.scala:63)
[info]   at frameless.functions.UdfTests.$anonfun$new$124(UdfTests.scala:111)
[info]   at org.scalatest.OutcomeOf.outcomeOf(OutcomeOf.scala:85)
[info]   at org.scalatest.OutcomeOf.outcomeOf$(OutcomeOf.scala:83)
[info]   at org.scalatest.OutcomeOf$.outcomeOf(OutcomeOf.scala:104)
[info]   at org.scalatest.Transformer.apply(Transformer.scala:22)
[info]   at org.scalatest.Transformer.apply(Transformer.scala:20)
[info]   at org.scalatest.funsuite.AnyFunSuiteLike$$anon$1.apply(AnyFunSuiteLike.scala:226)
[info]   at org.scalatest.TestSuite.withFixture(TestSuite.scala:196)
[info]   at org.scalatest.TestSuite.withFixture$(TestSuite.scala:195)
[info]   at org.scalatest.funsuite.AnyFunSuite.withFixture(AnyFunSuite.scala:1564)
[info]   at org.scalatest.funsuite.AnyFunSuiteLike.invokeWithFixture$1(AnyFunSuiteLike.scala:224)
[info]   at org.scalatest.funsuite.AnyFunSuiteLike.$anonfun$runTest$1(AnyFunSuiteLike.scala:236)
[info]   at org.scalatest.SuperEngine.runTestImpl(Engine.scala:306)
[info]   at org.scalatest.funsuite.AnyFunSuiteLike.runTest(AnyFunSuiteLike.scala:236)
[info]   at org.scalatest.funsuite.AnyFunSuiteLike.runTest$(AnyFunSuiteLike.scala:218)
[info]   at org.scalatest.funsuite.AnyFunSuite.runTest(AnyFunSuite.scala:1564)
[info]   at org.scalatest.funsuite.AnyFunSuiteLike.$anonfun$runTests$1(AnyFunSuiteLike.scala:269)
[info]   at org.scalatest.SuperEngine.$anonfun$runTestsInBranch$1(Engine.scala:413)
[info]   at scala.collection.immutable.List.foreach(List.scala:334)
[info]   at org.scalatest.SuperEngine.traverseSubNodes$1(Engine.scala:401)
[info]   at org.scalatest.SuperEngine.runTestsInBranch(Engine.scala:396)
[info]   at org.scalatest.SuperEngine.runTestsImpl(Engine.scala:475)
[info]   at org.scalatest.funsuite.AnyFunSuiteLike.runTests(AnyFunSuiteLike.scala:269)
[info]   at org.scalatest.funsuite.AnyFunSuiteLike.runTests$(AnyFunSuiteLike.scala:268)
[info]   at org.scalatest.funsuite.AnyFunSuite.runTests(AnyFunSuite.scala:1564)
[info]   at org.scalatest.Suite.run(Suite.scala:1114)
[info]   at org.scalatest.Suite.run$(Suite.scala:1096)
[info]   at org.scalatest.funsuite.AnyFunSuite.org$scalatest$funsuite$AnyFunSuiteLike$$super$run(AnyFunSuite.scala:1564)
[info]   at org.scalatest.funsuite.AnyFunSuiteLike.$anonfun$run$1(AnyFunSuiteLike.scala:273)
[info]   at org.scalatest.SuperEngine.runImpl(Engine.scala:535)
[info]   at org.scalatest.funsuite.AnyFunSuiteLike.run(AnyFunSuiteLike.scala:273)
[info]   at org.scalatest.funsuite.AnyFunSuiteLike.run$(AnyFunSuiteLike.scala:272)
[info]   at frameless.TypedDatasetSuite.org$scalatest$BeforeAndAfterAll$$super$run(TypedDatasetSuite.scala:63)
[info]   at org.scalatest.BeforeAndAfterAll.liftedTree1$1(BeforeAndAfterAll.scala:213)
[info]   at org.scalatest.BeforeAndAfterAll.run(BeforeAndAfterAll.scala:210)
[info]   at org.scalatest.BeforeAndAfterAll.run$(BeforeAndAfterAll.scala:208)
[info]   at frameless.TypedDatasetSuite.run(TypedDatasetSuite.scala:63)
[info]   at org.scalatest.tools.Framework.org$scalatest$tools$Framework$$runSuite(Framework.scala:321)
[info]   at org.scalatest.tools.Framework$ScalaTestTask.execute(Framework.scala:517)
[info]   at sbt.ForkMain$Run.lambda$runTest$1(ForkMain.java:414)
[info]   at java.base/java.util.concurrent.FutureTask.run(FutureTask.java:317)
[info]   at java.base/java.util.concurrent.ThreadPoolExecutor.runWorker(ThreadPoolExecutor.java:1144)
[info]   at java.base/java.util.concurrent.ThreadPoolExecutor$Worker.run(ThreadPoolExecutor.java:642)
[info]   at java.base/java.lang.Thread.run(Thread.java:1583)
[info] - three argument udf *** FAILED *** (3 milliseconds)
[info]   IllegalArgumentException was thrown during property evaluation.
[info]     Message: argument type mismatch
[info]     Occurred when passed generated values (
[info]       arg0 = Vector(),
[info]       arg1 = org.scalacheck.GenArities$$Lambda/0x0000017ec4ae3670@42c83b9e
[info]     )
[info]   org.scalatest.exceptions.GeneratorDrivenPropertyCheckFailedException:
[info]   at org.scalatestplus.scalacheck.CheckerAsserting$$anon$2.indicateFailure(CheckerAsserting.scala:251)
[info]   at org.scalatestplus.scalacheck.CheckerAsserting$$anon$2.indicateFailure(CheckerAsserting.scala:238)
[info]   at org.scalatestplus.scalacheck.UnitCheckerAsserting$CheckerAssertingImpl.check(CheckerAsserting.scala:160)
[info]   at org.scalatestplus.scalacheck.Checkers.check(Checkers.scala:371)
[info]   at org.scalatestplus.scalacheck.Checkers.check$(Checkers.scala:369)
[info]   at frameless.TypedDatasetSuite.check(TypedDatasetSuite.scala:63)
[info]   at frameless.functions.UdfTests.$anonfun$new$149(UdfTests.scala:133)
[info]   at org.scalatest.OutcomeOf.outcomeOf(OutcomeOf.scala:85)
[info]   at org.scalatest.OutcomeOf.outcomeOf$(OutcomeOf.scala:83)
[info]   at org.scalatest.OutcomeOf$.outcomeOf(OutcomeOf.scala:104)
[info]   at org.scalatest.Transformer.apply(Transformer.scala:22)
[info]   at org.scalatest.Transformer.apply(Transformer.scala:20)
[info]   at org.scalatest.funsuite.AnyFunSuiteLike$$anon$1.apply(AnyFunSuiteLike.scala:226)
[info]   at org.scalatest.TestSuite.withFixture(TestSuite.scala:196)
[info]   at org.scalatest.TestSuite.withFixture$(TestSuite.scala:195)
[info]   at org.scalatest.funsuite.AnyFunSuite.withFixture(AnyFunSuite.scala:1564)
[info]   at org.scalatest.funsuite.AnyFunSuiteLike.invokeWithFixture$1(AnyFunSuiteLike.scala:224)
[info]   at org.scalatest.funsuite.AnyFunSuiteLike.$anonfun$runTest$1(AnyFunSuiteLike.scala:236)
[info]   at org.scalatest.SuperEngine.runTestImpl(Engine.scala:306)
[info]   at org.scalatest.funsuite.AnyFunSuiteLike.runTest(AnyFunSuiteLike.scala:236)
[info]   at org.scalatest.funsuite.AnyFunSuiteLike.runTest$(AnyFunSuiteLike.scala:218)
[info]   at org.scalatest.funsuite.AnyFunSuite.runTest(AnyFunSuite.scala:1564)
[info]   at org.scalatest.funsuite.AnyFunSuiteLike.$anonfun$runTests$1(AnyFunSuiteLike.scala:269)
[info]   at org.scalatest.SuperEngine.$anonfun$runTestsInBranch$1(Engine.scala:413)
[info]   at scala.collection.immutable.List.foreach(List.scala:334)
[info]   at org.scalatest.SuperEngine.traverseSubNodes$1(Engine.scala:401)
[info]   at org.scalatest.SuperEngine.runTestsInBranch(Engine.scala:396)
[info]   at org.scalatest.SuperEngine.runTestsImpl(Engine.scala:475)
[info]   at org.scalatest.funsuite.AnyFunSuiteLike.runTests(AnyFunSuiteLike.scala:269)
[info]   at org.scalatest.funsuite.AnyFunSuiteLike.runTests$(AnyFunSuiteLike.scala:268)
[info]   at org.scalatest.funsuite.AnyFunSuite.runTests(AnyFunSuite.scala:1564)
[info]   at org.scalatest.Suite.run(Suite.scala:1114)
[info]   at org.scalatest.Suite.run$(Suite.scala:1096)
[info]   at org.scalatest.funsuite.AnyFunSuite.org$scalatest$funsuite$AnyFunSuiteLike$$super$run(AnyFunSuite.scala:1564)
[info]   at org.scalatest.funsuite.AnyFunSuiteLike.$anonfun$run$1(AnyFunSuiteLike.scala:273)
[info]   at org.scalatest.SuperEngine.runImpl(Engine.scala:535)
[info]   at org.scalatest.funsuite.AnyFunSuiteLike.run(AnyFunSuiteLike.scala:273)
[info]   at org.scalatest.funsuite.AnyFunSuiteLike.run$(AnyFunSuiteLike.scala:272)
[info]   at frameless.TypedDatasetSuite.org$scalatest$BeforeAndAfterAll$$super$run(TypedDatasetSuite.scala:63)
[info]   at org.scalatest.BeforeAndAfterAll.liftedTree1$1(BeforeAndAfterAll.scala:213)
[info]   at org.scalatest.BeforeAndAfterAll.run(BeforeAndAfterAll.scala:210)
[info]   at org.scalatest.BeforeAndAfterAll.run$(BeforeAndAfterAll.scala:208)
[info]   at frameless.TypedDatasetSuite.run(TypedDatasetSuite.scala:63)
[info]   at org.scalatest.tools.Framework.org$scalatest$tools$Framework$$runSuite(Framework.scala:321)
[info]   at org.scalatest.tools.Framework$ScalaTestTask.execute(Framework.scala:517)
[info]   at sbt.ForkMain$Run.lambda$runTest$1(ForkMain.java:414)
[info]   at java.base/java.util.concurrent.FutureTask.run(FutureTask.java:317)
[info]   at java.base/java.util.concurrent.ThreadPoolExecutor.runWorker(ThreadPoolExecutor.java:1144)
[info]   at java.base/java.util.concurrent.ThreadPoolExecutor$Worker.run(ThreadPoolExecutor.java:642)
[info]   at java.base/java.lang.Thread.run(Thread.java:1583)
[info]   Cause: java.lang.IllegalArgumentException: argument type mismatch
[info]   at java.base/jdk.internal.reflect.DirectConstructorHandleAccessor.newInstance(DirectConstructorHandleAccessor.java:65)
[info]   at java.base/java.lang.reflect.Constructor.newInstanceWithCaller(Constructor.java:502)
[info]   at java.base/java.lang.reflect.Constructor.newInstance(Constructor.java:486)
[info]   at frameless.TypedExpressionEncoder$.$anonfun$apply$3(TypedExpressionEncoder.scala:55)
[info]   at scala.Option.map(Option.scala:242)
[info]   at frameless.TypedExpressionEncoder$.apply(TypedExpressionEncoder.scala:54)
[info]   at frameless.TypedDataset$.create(TypedDataset.scala:1325)
[info]   at frameless.functions.UdfTests.prop$5(UdfTests.scala:118)
[info]   at frameless.functions.UdfTests.$anonfun$new$166(UdfTests.scala:133)
[info]   at org.scalacheck.Prop$.$anonfun$forAll$18(Prop.scala:1131)
[info]   at scala.Function1.$anonfun$andThen$1(Function1.scala:87)
[info]   at org.scalacheck.Prop$.$anonfun$forAllShrink$2(Prop.scala:868)
[info]   at org.scalacheck.Prop$.secure(Prop.scala:484)
[info]   at org.scalacheck.Prop$.result$1(Prop.scala:868)
[info]   at org.scalacheck.Prop$.$anonfun$forAllShrink$1(Prop.scala:915)
[info]   at org.scalacheck.Prop$.$anonfun$apply$1(Prop.scala:305)
[info]   at org.scalacheck.PropFromFun.apply(Prop.scala:20)
[info]   at org.scalacheck.Prop$.result$1(Prop.scala:869)
[info]   at org.scalacheck.Prop$.$anonfun$forAllShrink$1(Prop.scala:915)
[info]   at org.scalacheck.Prop$.$anonfun$apply$1(Prop.scala:305)
[info]   at org.scalacheck.PropFromFun.apply(Prop.scala:20)
[info]   at org.scalacheck.Test$.workerFun$1(Test.scala:486)
[info]   at org.scalacheck.Test$.$anonfun$check$4(Test.scala:518)
[info]   at org.scalacheck.Test$.$anonfun$check$4$adapted(Test.scala:518)
[info]   at org.scalacheck.Platform$.runWorkers(Platform.scala:42)
[info]   at org.scalacheck.Test$.check(Test.scala:518)
[info]   at org.scalatestplus.scalacheck.UnitCheckerAsserting$CheckerAssertingImpl.check(CheckerAsserting.scala:90)
[info]   at org.scalatestplus.scalacheck.Checkers.check(Checkers.scala:371)
[info]   at org.scalatestplus.scalacheck.Checkers.check$(Checkers.scala:369)
[info]   at frameless.TypedDatasetSuite.check(TypedDatasetSuite.scala:63)
[info]   at frameless.functions.UdfTests.$anonfun$new$149(UdfTests.scala:133)
[info]   at org.scalatest.OutcomeOf.outcomeOf(OutcomeOf.scala:85)
[info]   at org.scalatest.OutcomeOf.outcomeOf$(OutcomeOf.scala:83)
[info]   at org.scalatest.OutcomeOf$.outcomeOf(OutcomeOf.scala:104)
[info]   at org.scalatest.Transformer.apply(Transformer.scala:22)
[info]   at org.scalatest.Transformer.apply(Transformer.scala:20)
[info]   at org.scalatest.funsuite.AnyFunSuiteLike$$anon$1.apply(AnyFunSuiteLike.scala:226)
[info]   at org.scalatest.TestSuite.withFixture(TestSuite.scala:196)
[info]   at org.scalatest.TestSuite.withFixture$(TestSuite.scala:195)
[info]   at org.scalatest.funsuite.AnyFunSuite.withFixture(AnyFunSuite.scala:1564)
[info]   at org.scalatest.funsuite.AnyFunSuiteLike.invokeWithFixture$1(AnyFunSuiteLike.scala:224)
[info]   at org.scalatest.funsuite.AnyFunSuiteLike.$anonfun$runTest$1(AnyFunSuiteLike.scala:236)
[info]   at org.scalatest.SuperEngine.runTestImpl(Engine.scala:306)
[info]   at org.scalatest.funsuite.AnyFunSuiteLike.runTest(AnyFunSuiteLike.scala:236)
[info]   at org.scalatest.funsuite.AnyFunSuiteLike.runTest$(AnyFunSuiteLike.scala:218)
[info]   at org.scalatest.funsuite.AnyFunSuite.runTest(AnyFunSuite.scala:1564)
[info]   at org.scalatest.funsuite.AnyFunSuiteLike.$anonfun$runTests$1(AnyFunSuiteLike.scala:269)
[info]   at org.scalatest.SuperEngine.$anonfun$runTestsInBranch$1(Engine.scala:413)
[info]   at scala.collection.immutable.List.foreach(List.scala:334)
[info]   at org.scalatest.SuperEngine.traverseSubNodes$1(Engine.scala:401)
[info]   at org.scalatest.SuperEngine.runTestsInBranch(Engine.scala:396)
[info]   at org.scalatest.SuperEngine.runTestsImpl(Engine.scala:475)
[info]   at org.scalatest.funsuite.AnyFunSuiteLike.runTests(AnyFunSuiteLike.scala:269)
[info]   at org.scalatest.funsuite.AnyFunSuiteLike.runTests$(AnyFunSuiteLike.scala:268)
[info]   at org.scalatest.funsuite.AnyFunSuite.runTests(AnyFunSuite.scala:1564)
[info]   at org.scalatest.Suite.run(Suite.scala:1114)
[info]   at org.scalatest.Suite.run$(Suite.scala:1096)
[info]   at org.scalatest.funsuite.AnyFunSuite.org$scalatest$funsuite$AnyFunSuiteLike$$super$run(AnyFunSuite.scala:1564)
[info]   at org.scalatest.funsuite.AnyFunSuiteLike.$anonfun$run$1(AnyFunSuiteLike.scala:273)
[info]   at org.scalatest.SuperEngine.runImpl(Engine.scala:535)
[info]   at org.scalatest.funsuite.AnyFunSuiteLike.run(AnyFunSuiteLike.scala:273)
[info]   at org.scalatest.funsuite.AnyFunSuiteLike.run$(AnyFunSuiteLike.scala:272)
[info]   at frameless.TypedDatasetSuite.org$scalatest$BeforeAndAfterAll$$super$run(TypedDatasetSuite.scala:63)
[info]   at org.scalatest.BeforeAndAfterAll.liftedTree1$1(BeforeAndAfterAll.scala:213)
[info]   at org.scalatest.BeforeAndAfterAll.run(BeforeAndAfterAll.scala:210)
[info]   at org.scalatest.BeforeAndAfterAll.run$(BeforeAndAfterAll.scala:208)
[info]   at frameless.TypedDatasetSuite.run(TypedDatasetSuite.scala:63)
[info]   at org.scalatest.tools.Framework.org$scalatest$tools$Framework$$runSuite(Framework.scala:321)
[info]   at org.scalatest.tools.Framework$ScalaTestTask.execute(Framework.scala:517)
[info]   at sbt.ForkMain$Run.lambda$runTest$1(ForkMain.java:414)
[info]   at java.base/java.util.concurrent.FutureTask.run(FutureTask.java:317)
[info]   at java.base/java.util.concurrent.ThreadPoolExecutor.runWorker(ThreadPoolExecutor.java:1144)
[info]   at java.base/java.util.concurrent.ThreadPoolExecutor$Worker.run(ThreadPoolExecutor.java:642)
[info]   at java.base/java.lang.Thread.run(Thread.java:1583)
[info]   Cause: java.lang.ClassCastException: Cannot cast scala.reflect.ClassTag$GenericClassTag to org.apache.spark.sql.catalyst.expressions.Expression
[info]   at java.base/java.lang.Class.cast(Class.java:4067)
[info]   at java.base/jdk.internal.reflect.DirectConstructorHandleAccessor.newInstance(DirectConstructorHandleAccessor.java:62)
[info]   at java.base/java.lang.reflect.Constructor.newInstanceWithCaller(Constructor.java:502)
[info]   at java.base/java.lang.reflect.Constructor.newInstance(Constructor.java:486)
[info]   at frameless.TypedExpressionEncoder$.$anonfun$apply$3(TypedExpressionEncoder.scala:55)
[info]   at scala.Option.map(Option.scala:242)
[info]   at frameless.TypedExpressionEncoder$.apply(TypedExpressionEncoder.scala:54)
[info]   at frameless.TypedDataset$.create(TypedDataset.scala:1325)
[info]   at frameless.functions.UdfTests.prop$5(UdfTests.scala:118)
[info]   at frameless.functions.UdfTests.$anonfun$new$166(UdfTests.scala:133)
[info]   at org.scalacheck.Prop$.$anonfun$forAll$18(Prop.scala:1131)
[info]   at scala.Function1.$anonfun$andThen$1(Function1.scala:87)
[info]   at org.scalacheck.Prop$.$anonfun$forAllShrink$2(Prop.scala:868)
[info]   at org.scalacheck.Prop$.secure(Prop.scala:484)
[info]   at org.scalacheck.Prop$.result$1(Prop.scala:868)
[info]   at org.scalacheck.Prop$.$anonfun$forAllShrink$1(Prop.scala:915)
[info]   at org.scalacheck.Prop$.$anonfun$apply$1(Prop.scala:305)
[info]   at org.scalacheck.PropFromFun.apply(Prop.scala:20)
[info]   at org.scalacheck.Prop$.result$1(Prop.scala:869)
[info]   at org.scalacheck.Prop$.$anonfun$forAllShrink$1(Prop.scala:915)
[info]   at org.scalacheck.Prop$.$anonfun$apply$1(Prop.scala:305)
[info]   at org.scalacheck.PropFromFun.apply(Prop.scala:20)
[info]   at org.scalacheck.Test$.workerFun$1(Test.scala:486)
[info]   at org.scalacheck.Test$.$anonfun$check$4(Test.scala:518)
[info]   at org.scalacheck.Test$.$anonfun$check$4$adapted(Test.scala:518)
[info]   at org.scalacheck.Platform$.runWorkers(Platform.scala:42)
[info]   at org.scalacheck.Test$.check(Test.scala:518)
[info]   at org.scalatestplus.scalacheck.UnitCheckerAsserting$CheckerAssertingImpl.check(CheckerAsserting.scala:90)
[info]   at org.scalatestplus.scalacheck.Checkers.check(Checkers.scala:371)
[info]   at org.scalatestplus.scalacheck.Checkers.check$(Checkers.scala:369)
[info]   at frameless.TypedDatasetSuite.check(TypedDatasetSuite.scala:63)
[info]   at frameless.functions.UdfTests.$anonfun$new$149(UdfTests.scala:133)
[info]   at org.scalatest.OutcomeOf.outcomeOf(OutcomeOf.scala:85)
[info]   at org.scalatest.OutcomeOf.outcomeOf$(OutcomeOf.scala:83)
[info]   at org.scalatest.OutcomeOf$.outcomeOf(OutcomeOf.scala:104)
[info]   at org.scalatest.Transformer.apply(Transformer.scala:22)
[info]   at org.scalatest.Transformer.apply(Transformer.scala:20)
[info]   at org.scalatest.funsuite.AnyFunSuiteLike$$anon$1.apply(AnyFunSuiteLike.scala:226)
[info]   at org.scalatest.TestSuite.withFixture(TestSuite.scala:196)
[info]   at org.scalatest.TestSuite.withFixture$(TestSuite.scala:195)
[info]   at org.scalatest.funsuite.AnyFunSuite.withFixture(AnyFunSuite.scala:1564)
[info]   at org.scalatest.funsuite.AnyFunSuiteLike.invokeWithFixture$1(AnyFunSuiteLike.scala:224)
[info]   at org.scalatest.funsuite.AnyFunSuiteLike.$anonfun$runTest$1(AnyFunSuiteLike.scala:236)
[info]   at org.scalatest.SuperEngine.runTestImpl(Engine.scala:306)
[info]   at org.scalatest.funsuite.AnyFunSuiteLike.runTest(AnyFunSuiteLike.scala:236)
[info]   at org.scalatest.funsuite.AnyFunSuiteLike.runTest$(AnyFunSuiteLike.scala:218)
[info]   at org.scalatest.funsuite.AnyFunSuite.runTest(AnyFunSuite.scala:1564)
[info]   at org.scalatest.funsuite.AnyFunSuiteLike.$anonfun$runTests$1(AnyFunSuiteLike.scala:269)
[info]   at org.scalatest.SuperEngine.$anonfun$runTestsInBranch$1(Engine.scala:413)
[info]   at scala.collection.immutable.List.foreach(List.scala:334)
[info]   at org.scalatest.SuperEngine.traverseSubNodes$1(Engine.scala:401)
[info]   at org.scalatest.SuperEngine.runTestsInBranch(Engine.scala:396)
[info]   at org.scalatest.SuperEngine.runTestsImpl(Engine.scala:475)
[info]   at org.scalatest.funsuite.AnyFunSuiteLike.runTests(AnyFunSuiteLike.scala:269)
[info]   at org.scalatest.funsuite.AnyFunSuiteLike.runTests$(AnyFunSuiteLike.scala:268)
[info]   at org.scalatest.funsuite.AnyFunSuite.runTests(AnyFunSuite.scala:1564)
[info]   at org.scalatest.Suite.run(Suite.scala:1114)
[info]   at org.scalatest.Suite.run$(Suite.scala:1096)
[info]   at org.scalatest.funsuite.AnyFunSuite.org$scalatest$funsuite$AnyFunSuiteLike$$super$run(AnyFunSuite.scala:1564)
[info]   at org.scalatest.funsuite.AnyFunSuiteLike.$anonfun$run$1(AnyFunSuiteLike.scala:273)
[info]   at org.scalatest.SuperEngine.runImpl(Engine.scala:535)
[info]   at org.scalatest.funsuite.AnyFunSuiteLike.run(AnyFunSuiteLike.scala:273)
[info]   at org.scalatest.funsuite.AnyFunSuiteLike.run$(AnyFunSuiteLike.scala:272)
[info]   at frameless.TypedDatasetSuite.org$scalatest$BeforeAndAfterAll$$super$run(TypedDatasetSuite.scala:63)
[info]   at org.scalatest.BeforeAndAfterAll.liftedTree1$1(BeforeAndAfterAll.scala:213)
[info]   at org.scalatest.BeforeAndAfterAll.run(BeforeAndAfterAll.scala:210)
[info]   at org.scalatest.BeforeAndAfterAll.run$(BeforeAndAfterAll.scala:208)
[info]   at frameless.TypedDatasetSuite.run(TypedDatasetSuite.scala:63)
[info]   at org.scalatest.tools.Framework.org$scalatest$tools$Framework$$runSuite(Framework.scala:321)
[info]   at org.scalatest.tools.Framework$ScalaTestTask.execute(Framework.scala:517)
[info]   at sbt.ForkMain$Run.lambda$runTest$1(ForkMain.java:414)
[info]   at java.base/java.util.concurrent.FutureTask.run(FutureTask.java:317)
[info]   at java.base/java.util.concurrent.ThreadPoolExecutor.runWorker(ThreadPoolExecutor.java:1144)
[info]   at java.base/java.util.concurrent.ThreadPoolExecutor$Worker.run(ThreadPoolExecutor.java:642)
[info]   at java.base/java.lang.Thread.run(Thread.java:1583)
[info] - four argument udf *** FAILED *** (4 milliseconds)
[info]   IllegalArgumentException was thrown during property evaluation.
[info]     Message: argument type mismatch
[info]     Occurred when passed generated values (
[info]       arg0 = Vector(),
[info]       arg1 = org.scalacheck.GenArities$$Lambda/0x0000017ec4ae7bc8@3a1156af
[info]     )
[info]   org.scalatest.exceptions.GeneratorDrivenPropertyCheckFailedException:
[info]   at org.scalatestplus.scalacheck.CheckerAsserting$$anon$2.indicateFailure(CheckerAsserting.scala:251)
[info]   at org.scalatestplus.scalacheck.CheckerAsserting$$anon$2.indicateFailure(CheckerAsserting.scala:238)
[info]   at org.scalatestplus.scalacheck.UnitCheckerAsserting$CheckerAssertingImpl.check(CheckerAsserting.scala:160)
[info]   at org.scalatestplus.scalacheck.Checkers.check(Checkers.scala:371)
[info]   at org.scalatestplus.scalacheck.Checkers.check$(Checkers.scala:369)
[info]   at frameless.TypedDatasetSuite.check(TypedDatasetSuite.scala:63)
[info]   at frameless.functions.UdfTests.$anonfun$new$172(UdfTests.scala:156)
[info]   at org.scalatest.OutcomeOf.outcomeOf(OutcomeOf.scala:85)
[info]   at org.scalatest.OutcomeOf.outcomeOf$(OutcomeOf.scala:83)
[info]   at org.scalatest.OutcomeOf$.outcomeOf(OutcomeOf.scala:104)
[info]   at org.scalatest.Transformer.apply(Transformer.scala:22)
[info]   at org.scalatest.Transformer.apply(Transformer.scala:20)
[info]   at org.scalatest.funsuite.AnyFunSuiteLike$$anon$1.apply(AnyFunSuiteLike.scala:226)
[info]   at org.scalatest.TestSuite.withFixture(TestSuite.scala:196)
[info]   at org.scalatest.TestSuite.withFixture$(TestSuite.scala:195)
[info]   at org.scalatest.funsuite.AnyFunSuite.withFixture(AnyFunSuite.scala:1564)
[info]   at org.scalatest.funsuite.AnyFunSuiteLike.invokeWithFixture$1(AnyFunSuiteLike.scala:224)
[info]   at org.scalatest.funsuite.AnyFunSuiteLike.$anonfun$runTest$1(AnyFunSuiteLike.scala:236)
[info]   at org.scalatest.SuperEngine.runTestImpl(Engine.scala:306)
[info]   at org.scalatest.funsuite.AnyFunSuiteLike.runTest(AnyFunSuiteLike.scala:236)
[info]   at org.scalatest.funsuite.AnyFunSuiteLike.runTest$(AnyFunSuiteLike.scala:218)
[info]   at org.scalatest.funsuite.AnyFunSuite.runTest(AnyFunSuite.scala:1564)
[info]   at org.scalatest.funsuite.AnyFunSuiteLike.$anonfun$runTests$1(AnyFunSuiteLike.scala:269)
[info]   at org.scalatest.SuperEngine.$anonfun$runTestsInBranch$1(Engine.scala:413)
[info]   at scala.collection.immutable.List.foreach(List.scala:334)
[info]   at org.scalatest.SuperEngine.traverseSubNodes$1(Engine.scala:401)
[info]   at org.scalatest.SuperEngine.runTestsInBranch(Engine.scala:396)
[info]   at org.scalatest.SuperEngine.runTestsImpl(Engine.scala:475)
[info]   at org.scalatest.funsuite.AnyFunSuiteLike.runTests(AnyFunSuiteLike.scala:269)
[info]   at org.scalatest.funsuite.AnyFunSuiteLike.runTests$(AnyFunSuiteLike.scala:268)
[info]   at org.scalatest.funsuite.AnyFunSuite.runTests(AnyFunSuite.scala:1564)
[info]   at org.scalatest.Suite.run(Suite.scala:1114)
[info]   at org.scalatest.Suite.run$(Suite.scala:1096)
[info]   at org.scalatest.funsuite.AnyFunSuite.org$scalatest$funsuite$AnyFunSuiteLike$$super$run(AnyFunSuite.scala:1564)
[info]   at org.scalatest.funsuite.AnyFunSuiteLike.$anonfun$run$1(AnyFunSuiteLike.scala:273)
[info]   at org.scalatest.SuperEngine.runImpl(Engine.scala:535)
[info]   at org.scalatest.funsuite.AnyFunSuiteLike.run(AnyFunSuiteLike.scala:273)
[info]   at org.scalatest.funsuite.AnyFunSuiteLike.run$(AnyFunSuiteLike.scala:272)
[info]   at frameless.TypedDatasetSuite.org$scalatest$BeforeAndAfterAll$$super$run(TypedDatasetSuite.scala:63)
[info]   at org.scalatest.BeforeAndAfterAll.liftedTree1$1(BeforeAndAfterAll.scala:213)
[info]   at org.scalatest.BeforeAndAfterAll.run(BeforeAndAfterAll.scala:210)
[info]   at org.scalatest.BeforeAndAfterAll.run$(BeforeAndAfterAll.scala:208)
[info]   at frameless.TypedDatasetSuite.run(TypedDatasetSuite.scala:63)
[info]   at org.scalatest.tools.Framework.org$scalatest$tools$Framework$$runSuite(Framework.scala:321)
[info]   at org.scalatest.tools.Framework$ScalaTestTask.execute(Framework.scala:517)
[info]   at sbt.ForkMain$Run.lambda$runTest$1(ForkMain.java:414)
[info]   at java.base/java.util.concurrent.FutureTask.run(FutureTask.java:317)
[info]   at java.base/java.util.concurrent.ThreadPoolExecutor.runWorker(ThreadPoolExecutor.java:1144)
[info]   at java.base/java.util.concurrent.ThreadPoolExecutor$Worker.run(ThreadPoolExecutor.java:642)
[info]   at java.base/java.lang.Thread.run(Thread.java:1583)
[info]   Cause: java.lang.IllegalArgumentException: argument type mismatch
[info]   at java.base/jdk.internal.reflect.DirectConstructorHandleAccessor.newInstance(DirectConstructorHandleAccessor.java:65)
[info]   at java.base/java.lang.reflect.Constructor.newInstanceWithCaller(Constructor.java:502)
[info]   at java.base/java.lang.reflect.Constructor.newInstance(Constructor.java:486)
[info]   at frameless.TypedExpressionEncoder$.$anonfun$apply$3(TypedExpressionEncoder.scala:55)
[info]   at scala.Option.map(Option.scala:242)
[info]   at frameless.TypedExpressionEncoder$.apply(TypedExpressionEncoder.scala:54)
[info]   at frameless.TypedDataset$.create(TypedDataset.scala:1325)
[info]   at frameless.functions.UdfTests.prop$6(UdfTests.scala:140)
[info]   at frameless.functions.UdfTests.$anonfun$new$191(UdfTests.scala:156)
[info]   at org.scalacheck.Prop$.$anonfun$forAll$18(Prop.scala:1131)
[info]   at scala.Function1.$anonfun$andThen$1(Function1.scala:87)
[info]   at org.scalacheck.Prop$.$anonfun$forAllShrink$2(Prop.scala:868)
[info]   at org.scalacheck.Prop$.secure(Prop.scala:484)
[info]   at org.scalacheck.Prop$.result$1(Prop.scala:868)
[info]   at org.scalacheck.Prop$.$anonfun$forAllShrink$1(Prop.scala:915)
[info]   at org.scalacheck.Prop$.$anonfun$apply$1(Prop.scala:305)
[info]   at org.scalacheck.PropFromFun.apply(Prop.scala:20)
[info]   at org.scalacheck.Prop$.result$1(Prop.scala:869)
[info]   at org.scalacheck.Prop$.$anonfun$forAllShrink$1(Prop.scala:915)
[info]   at org.scalacheck.Prop$.$anonfun$apply$1(Prop.scala:305)
[info]   at org.scalacheck.PropFromFun.apply(Prop.scala:20)
[info]   at org.scalacheck.Test$.workerFun$1(Test.scala:486)
[info]   at org.scalacheck.Test$.$anonfun$check$4(Test.scala:518)
[info]   at org.scalacheck.Test$.$anonfun$check$4$adapted(Test.scala:518)
[info]   at org.scalacheck.Platform$.runWorkers(Platform.scala:42)
[info]   at org.scalacheck.Test$.check(Test.scala:518)
[info]   at org.scalatestplus.scalacheck.UnitCheckerAsserting$CheckerAssertingImpl.check(CheckerAsserting.scala:90)
[info]   at org.scalatestplus.scalacheck.Checkers.check(Checkers.scala:371)
[info]   at org.scalatestplus.scalacheck.Checkers.check$(Checkers.scala:369)
[info]   at frameless.TypedDatasetSuite.check(TypedDatasetSuite.scala:63)
[info]   at frameless.functions.UdfTests.$anonfun$new$172(UdfTests.scala:156)
[info]   at org.scalatest.OutcomeOf.outcomeOf(OutcomeOf.scala:85)
[info]   at org.scalatest.OutcomeOf.outcomeOf$(OutcomeOf.scala:83)
[info]   at org.scalatest.OutcomeOf$.outcomeOf(OutcomeOf.scala:104)
[info]   at org.scalatest.Transformer.apply(Transformer.scala:22)
[info]   at org.scalatest.Transformer.apply(Transformer.scala:20)
[info]   at org.scalatest.funsuite.AnyFunSuiteLike$$anon$1.apply(AnyFunSuiteLike.scala:226)
[info]   at org.scalatest.TestSuite.withFixture(TestSuite.scala:196)
[info]   at org.scalatest.TestSuite.withFixture$(TestSuite.scala:195)
[info]   at org.scalatest.funsuite.AnyFunSuite.withFixture(AnyFunSuite.scala:1564)
[info]   at org.scalatest.funsuite.AnyFunSuiteLike.invokeWithFixture$1(AnyFunSuiteLike.scala:224)
[info]   at org.scalatest.funsuite.AnyFunSuiteLike.$anonfun$runTest$1(AnyFunSuiteLike.scala:236)
[info]   at org.scalatest.SuperEngine.runTestImpl(Engine.scala:306)
[info]   at org.scalatest.funsuite.AnyFunSuiteLike.runTest(AnyFunSuiteLike.scala:236)
[info]   at org.scalatest.funsuite.AnyFunSuiteLike.runTest$(AnyFunSuiteLike.scala:218)
[info]   at org.scalatest.funsuite.AnyFunSuite.runTest(AnyFunSuite.scala:1564)
[info]   at org.scalatest.funsuite.AnyFunSuiteLike.$anonfun$runTests$1(AnyFunSuiteLike.scala:269)
[info]   at org.scalatest.SuperEngine.$anonfun$runTestsInBranch$1(Engine.scala:413)
[info]   at scala.collection.immutable.List.foreach(List.scala:334)
[info]   at org.scalatest.SuperEngine.traverseSubNodes$1(Engine.scala:401)
[info]   at org.scalatest.SuperEngine.runTestsInBranch(Engine.scala:396)
[info]   at org.scalatest.SuperEngine.runTestsImpl(Engine.scala:475)
[info]   at org.scalatest.funsuite.AnyFunSuiteLike.runTests(AnyFunSuiteLike.scala:269)
[info]   at org.scalatest.funsuite.AnyFunSuiteLike.runTests$(AnyFunSuiteLike.scala:268)
[info]   at org.scalatest.funsuite.AnyFunSuite.runTests(AnyFunSuite.scala:1564)
[info]   at org.scalatest.Suite.run(Suite.scala:1114)
[info]   at org.scalatest.Suite.run$(Suite.scala:1096)
[info]   at org.scalatest.funsuite.AnyFunSuite.org$scalatest$funsuite$AnyFunSuiteLike$$super$run(AnyFunSuite.scala:1564)
[info]   at org.scalatest.funsuite.AnyFunSuiteLike.$anonfun$run$1(AnyFunSuiteLike.scala:273)
[info]   at org.scalatest.SuperEngine.runImpl(Engine.scala:535)
[info]   at org.scalatest.funsuite.AnyFunSuiteLike.run(AnyFunSuiteLike.scala:273)
[info]   at org.scalatest.funsuite.AnyFunSuiteLike.run$(AnyFunSuiteLike.scala:272)
[info]   at frameless.TypedDatasetSuite.org$scalatest$BeforeAndAfterAll$$super$run(TypedDatasetSuite.scala:63)
[info]   at org.scalatest.BeforeAndAfterAll.liftedTree1$1(BeforeAndAfterAll.scala:213)
[info]   at org.scalatest.BeforeAndAfterAll.run(BeforeAndAfterAll.scala:210)
[info]   at org.scalatest.BeforeAndAfterAll.run$(BeforeAndAfterAll.scala:208)
[info]   at frameless.TypedDatasetSuite.run(TypedDatasetSuite.scala:63)
[info]   at org.scalatest.tools.Framework.org$scalatest$tools$Framework$$runSuite(Framework.scala:321)
[info]   at org.scalatest.tools.Framework$ScalaTestTask.execute(Framework.scala:517)
[info]   at sbt.ForkMain$Run.lambda$runTest$1(ForkMain.java:414)
[info]   at java.base/java.util.concurrent.FutureTask.run(FutureTask.java:317)
[info]   at java.base/java.util.concurrent.ThreadPoolExecutor.runWorker(ThreadPoolExecutor.java:1144)
[info]   at java.base/java.util.concurrent.ThreadPoolExecutor$Worker.run(ThreadPoolExecutor.java:642)
[info]   at java.base/java.lang.Thread.run(Thread.java:1583)
[info]   Cause: java.lang.ClassCastException: Cannot cast scala.reflect.ClassTag$GenericClassTag to org.apache.spark.sql.catalyst.expressions.Expression
[info]   at java.base/java.lang.Class.cast(Class.java:4067)
[info]   at java.base/jdk.internal.reflect.DirectConstructorHandleAccessor.newInstance(DirectConstructorHandleAccessor.java:62)
[info]   at java.base/java.lang.reflect.Constructor.newInstanceWithCaller(Constructor.java:502)
[info]   at java.base/java.lang.reflect.Constructor.newInstance(Constructor.java:486)
[info]   at frameless.TypedExpressionEncoder$.$anonfun$apply$3(TypedExpressionEncoder.scala:55)
[info]   at scala.Option.map(Option.scala:242)
[info]   at frameless.TypedExpressionEncoder$.apply(TypedExpressionEncoder.scala:54)
[info]   at frameless.TypedDataset$.create(TypedDataset.scala:1325)
[info]   at frameless.functions.UdfTests.prop$6(UdfTests.scala:140)
[info]   at frameless.functions.UdfTests.$anonfun$new$191(UdfTests.scala:156)
[info]   at org.scalacheck.Prop$.$anonfun$forAll$18(Prop.scala:1131)
[info]   at scala.Function1.$anonfun$andThen$1(Function1.scala:87)
[info]   at org.scalacheck.Prop$.$anonfun$forAllShrink$2(Prop.scala:868)
[info]   at org.scalacheck.Prop$.secure(Prop.scala:484)
[info]   at org.scalacheck.Prop$.result$1(Prop.scala:868)
[info]   at org.scalacheck.Prop$.$anonfun$forAllShrink$1(Prop.scala:915)
[info]   at org.scalacheck.Prop$.$anonfun$apply$1(Prop.scala:305)
[info]   at org.scalacheck.PropFromFun.apply(Prop.scala:20)
[info]   at org.scalacheck.Prop$.result$1(Prop.scala:869)
[info]   at org.scalacheck.Prop$.$anonfun$forAllShrink$1(Prop.scala:915)
[info]   at org.scalacheck.Prop$.$anonfun$apply$1(Prop.scala:305)
[info]   at org.scalacheck.PropFromFun.apply(Prop.scala:20)
[info]   at org.scalacheck.Test$.workerFun$1(Test.scala:486)
[info]   at org.scalacheck.Test$.$anonfun$check$4(Test.scala:518)
[info]   at org.scalacheck.Test$.$anonfun$check$4$adapted(Test.scala:518)
[info]   at org.scalacheck.Platform$.runWorkers(Platform.scala:42)
[info]   at org.scalacheck.Test$.check(Test.scala:518)
[info]   at org.scalatestplus.scalacheck.UnitCheckerAsserting$CheckerAssertingImpl.check(CheckerAsserting.scala:90)
[info]   at org.scalatestplus.scalacheck.Checkers.check(Checkers.scala:371)
[info]   at org.scalatestplus.scalacheck.Checkers.check$(Checkers.scala:369)
[info]   at frameless.TypedDatasetSuite.check(TypedDatasetSuite.scala:63)
[info]   at frameless.functions.UdfTests.$anonfun$new$172(UdfTests.scala:156)
[info]   at org.scalatest.OutcomeOf.outcomeOf(OutcomeOf.scala:85)
[info]   at org.scalatest.OutcomeOf.outcomeOf$(OutcomeOf.scala:83)
[info]   at org.scalatest.OutcomeOf$.outcomeOf(OutcomeOf.scala:104)
[info]   at org.scalatest.Transformer.apply(Transformer.scala:22)
[info]   at org.scalatest.Transformer.apply(Transformer.scala:20)
[info]   at org.scalatest.funsuite.AnyFunSuiteLike$$anon$1.apply(AnyFunSuiteLike.scala:226)
[info]   at org.scalatest.TestSuite.withFixture(TestSuite.scala:196)
[info]   at org.scalatest.TestSuite.withFixture$(TestSuite.scala:195)
[info]   at org.scalatest.funsuite.AnyFunSuite.withFixture(AnyFunSuite.scala:1564)
[info]   at org.scalatest.funsuite.AnyFunSuiteLike.invokeWithFixture$1(AnyFunSuiteLike.scala:224)
[info]   at org.scalatest.funsuite.AnyFunSuiteLike.$anonfun$runTest$1(AnyFunSuiteLike.scala:236)
[info]   at org.scalatest.SuperEngine.runTestImpl(Engine.scala:306)
[info]   at org.scalatest.funsuite.AnyFunSuiteLike.runTest(AnyFunSuiteLike.scala:236)
[info]   at org.scalatest.funsuite.AnyFunSuiteLike.runTest$(AnyFunSuiteLike.scala:218)
[info]   at org.scalatest.funsuite.AnyFunSuite.runTest(AnyFunSuite.scala:1564)
[info]   at org.scalatest.funsuite.AnyFunSuiteLike.$anonfun$runTests$1(AnyFunSuiteLike.scala:269)
[info]   at org.scalatest.SuperEngine.$anonfun$runTestsInBranch$1(Engine.scala:413)
[info]   at scala.collection.immutable.List.foreach(List.scala:334)
[info]   at org.scalatest.SuperEngine.traverseSubNodes$1(Engine.scala:401)
[info]   at org.scalatest.SuperEngine.runTestsInBranch(Engine.scala:396)
[info]   at org.scalatest.SuperEngine.runTestsImpl(Engine.scala:475)
[info]   at org.scalatest.funsuite.AnyFunSuiteLike.runTests(AnyFunSuiteLike.scala:269)
[info]   at org.scalatest.funsuite.AnyFunSuiteLike.runTests$(AnyFunSuiteLike.scala:268)
[info]   at org.scalatest.funsuite.AnyFunSuite.runTests(AnyFunSuite.scala:1564)
[info]   at org.scalatest.Suite.run(Suite.scala:1114)
[info]   at org.scalatest.Suite.run$(Suite.scala:1096)
[info]   at org.scalatest.funsuite.AnyFunSuite.org$scalatest$funsuite$AnyFunSuiteLike$$super$run(AnyFunSuite.scala:1564)
[info]   at org.scalatest.funsuite.AnyFunSuiteLike.$anonfun$run$1(AnyFunSuiteLike.scala:273)
[info]   at org.scalatest.SuperEngine.runImpl(Engine.scala:535)
[info]   at org.scalatest.funsuite.AnyFunSuiteLike.run(AnyFunSuiteLike.scala:273)
[info]   at org.scalatest.funsuite.AnyFunSuiteLike.run$(AnyFunSuiteLike.scala:272)
[info]   at frameless.TypedDatasetSuite.org$scalatest$BeforeAndAfterAll$$super$run(TypedDatasetSuite.scala:63)
[info]   at org.scalatest.BeforeAndAfterAll.liftedTree1$1(BeforeAndAfterAll.scala:213)
[info]   at org.scalatest.BeforeAndAfterAll.run(BeforeAndAfterAll.scala:210)
[info]   at org.scalatest.BeforeAndAfterAll.run$(BeforeAndAfterAll.scala:208)
[info]   at frameless.TypedDatasetSuite.run(TypedDatasetSuite.scala:63)
[info]   at org.scalatest.tools.Framework.org$scalatest$tools$Framework$$runSuite(Framework.scala:321)
[info]   at org.scalatest.tools.Framework$ScalaTestTask.execute(Framework.scala:517)
[info]   at sbt.ForkMain$Run.lambda$runTest$1(ForkMain.java:414)
[info]   at java.base/java.util.concurrent.FutureTask.run(FutureTask.java:317)
[info]   at java.base/java.util.concurrent.ThreadPoolExecutor.runWorker(ThreadPoolExecutor.java:1144)
[info]   at java.base/java.util.concurrent.ThreadPoolExecutor$Worker.run(ThreadPoolExecutor.java:642)
[info]   at java.base/java.lang.Thread.run(Thread.java:1583)
[info] - five argument udf *** FAILED *** (6 milliseconds)
[info]   IllegalArgumentException was thrown during property evaluation.
[info]     Message: argument type mismatch
[info]     Occurred when passed generated values (
[info]       arg0 = Vector(),
[info]       arg1 = org.scalacheck.GenArities$$Lambda/0x0000017ec4aee4c0@5d2d5efc
[info]     )
[info]   org.scalatest.exceptions.GeneratorDrivenPropertyCheckFailedException:
[info]   at org.scalatestplus.scalacheck.CheckerAsserting$$anon$2.indicateFailure(CheckerAsserting.scala:251)
[info]   at org.scalatestplus.scalacheck.CheckerAsserting$$anon$2.indicateFailure(CheckerAsserting.scala:238)
[info]   at org.scalatestplus.scalacheck.UnitCheckerAsserting$CheckerAssertingImpl.check(CheckerAsserting.scala:160)
[info]   at org.scalatestplus.scalacheck.Checkers.check(Checkers.scala:371)
[info]   at org.scalatestplus.scalacheck.Checkers.check$(Checkers.scala:369)
[info]   at frameless.TypedDatasetSuite.check(TypedDatasetSuite.scala:63)
[info]   at frameless.functions.UdfTests.$anonfun$new$206(UdfTests.scala:183)
[info]   at org.scalatest.OutcomeOf.outcomeOf(OutcomeOf.scala:85)
[info]   at org.scalatest.OutcomeOf.outcomeOf$(OutcomeOf.scala:83)
[info]   at org.scalatest.OutcomeOf$.outcomeOf(OutcomeOf.scala:104)
[info]   at org.scalatest.Transformer.apply(Transformer.scala:22)
[info]   at org.scalatest.Transformer.apply(Transformer.scala:20)
[info]   at org.scalatest.funsuite.AnyFunSuiteLike$$anon$1.apply(AnyFunSuiteLike.scala:226)
[info]   at org.scalatest.TestSuite.withFixture(TestSuite.scala:196)
[info]   at org.scalatest.TestSuite.withFixture$(TestSuite.scala:195)
[info]   at org.scalatest.funsuite.AnyFunSuite.withFixture(AnyFunSuite.scala:1564)
[info]   at org.scalatest.funsuite.AnyFunSuiteLike.invokeWithFixture$1(AnyFunSuiteLike.scala:224)
[info]   at org.scalatest.funsuite.AnyFunSuiteLike.$anonfun$runTest$1(AnyFunSuiteLike.scala:236)
[info]   at org.scalatest.SuperEngine.runTestImpl(Engine.scala:306)
[info]   at org.scalatest.funsuite.AnyFunSuiteLike.runTest(AnyFunSuiteLike.scala:236)
[info]   at org.scalatest.funsuite.AnyFunSuiteLike.runTest$(AnyFunSuiteLike.scala:218)
[info]   at org.scalatest.funsuite.AnyFunSuite.runTest(AnyFunSuite.scala:1564)
[info]   at org.scalatest.funsuite.AnyFunSuiteLike.$anonfun$runTests$1(AnyFunSuiteLike.scala:269)
[info]   at org.scalatest.SuperEngine.$anonfun$runTestsInBranch$1(Engine.scala:413)
[info]   at scala.collection.immutable.List.foreach(List.scala:334)
[info]   at org.scalatest.SuperEngine.traverseSubNodes$1(Engine.scala:401)
[info]   at org.scalatest.SuperEngine.runTestsInBranch(Engine.scala:396)
[info]   at org.scalatest.SuperEngine.runTestsImpl(Engine.scala:475)
[info]   at org.scalatest.funsuite.AnyFunSuiteLike.runTests(AnyFunSuiteLike.scala:269)
[info]   at org.scalatest.funsuite.AnyFunSuiteLike.runTests$(AnyFunSuiteLike.scala:268)
[info]   at org.scalatest.funsuite.AnyFunSuite.runTests(AnyFunSuite.scala:1564)
[info]   at org.scalatest.Suite.run(Suite.scala:1114)
[info]   at org.scalatest.Suite.run$(Suite.scala:1096)
[info]   at org.scalatest.funsuite.AnyFunSuite.org$scalatest$funsuite$AnyFunSuiteLike$$super$run(AnyFunSuite.scala:1564)
[info]   at org.scalatest.funsuite.AnyFunSuiteLike.$anonfun$run$1(AnyFunSuiteLike.scala:273)
[info]   at org.scalatest.SuperEngine.runImpl(Engine.scala:535)
[info]   at org.scalatest.funsuite.AnyFunSuiteLike.run(AnyFunSuiteLike.scala:273)
[info]   at org.scalatest.funsuite.AnyFunSuiteLike.run$(AnyFunSuiteLike.scala:272)
[info]   at frameless.TypedDatasetSuite.org$scalatest$BeforeAndAfterAll$$super$run(TypedDatasetSuite.scala:63)
[info]   at org.scalatest.BeforeAndAfterAll.liftedTree1$1(BeforeAndAfterAll.scala:213)
[info]   at org.scalatest.BeforeAndAfterAll.run(BeforeAndAfterAll.scala:210)
[info]   at org.scalatest.BeforeAndAfterAll.run$(BeforeAndAfterAll.scala:208)
[info]   at frameless.TypedDatasetSuite.run(TypedDatasetSuite.scala:63)
[info]   at org.scalatest.tools.Framework.org$scalatest$tools$Framework$$runSuite(Framework.scala:321)
[info]   at org.scalatest.tools.Framework$ScalaTestTask.execute(Framework.scala:517)
[info]   at sbt.ForkMain$Run.lambda$runTest$1(ForkMain.java:414)
[info]   at java.base/java.util.concurrent.FutureTask.run(FutureTask.java:317)
[info]   at java.base/java.util.concurrent.ThreadPoolExecutor.runWorker(ThreadPoolExecutor.java:1144)
[info]   at java.base/java.util.concurrent.ThreadPoolExecutor$Worker.run(ThreadPoolExecutor.java:642)
[info]   at java.base/java.lang.Thread.run(Thread.java:1583)
[info]   Cause: java.lang.IllegalArgumentException: argument type mismatch
[info]   at java.base/jdk.internal.reflect.DirectConstructorHandleAccessor.newInstance(DirectConstructorHandleAccessor.java:65)
[info]   at java.base/java.lang.reflect.Constructor.newInstanceWithCaller(Constructor.java:502)
[info]   at java.base/java.lang.reflect.Constructor.newInstance(Constructor.java:486)
[info]   at frameless.TypedExpressionEncoder$.$anonfun$apply$3(TypedExpressionEncoder.scala:55)
[info]   at scala.Option.map(Option.scala:242)
[info]   at frameless.TypedExpressionEncoder$.apply(TypedExpressionEncoder.scala:54)
[info]   at frameless.TypedDataset$.create(TypedDataset.scala:1325)
[info]   at frameless.functions.UdfTests.prop$7(UdfTests.scala:166)
[info]   at frameless.functions.UdfTests.$anonfun$new$227(UdfTests.scala:183)
[info]   at org.scalacheck.Prop$.$anonfun$forAll$18(Prop.scala:1131)
[info]   at scala.Function1.$anonfun$andThen$1(Function1.scala:87)
[info]   at org.scalacheck.Prop$.$anonfun$forAllShrink$2(Prop.scala:868)
[info]   at org.scalacheck.Prop$.secure(Prop.scala:484)
[info]   at org.scalacheck.Prop$.result$1(Prop.scala:868)
[info]   at org.scalacheck.Prop$.$anonfun$forAllShrink$1(Prop.scala:915)
[info]   at org.scalacheck.Prop$.$anonfun$apply$1(Prop.scala:305)
[info]   at org.scalacheck.PropFromFun.apply(Prop.scala:20)
[info]   at org.scalacheck.Prop$.result$1(Prop.scala:869)
[info]   at org.scalacheck.Prop$.$anonfun$forAllShrink$1(Prop.scala:915)
[info]   at org.scalacheck.Prop$.$anonfun$apply$1(Prop.scala:305)
[info]   at org.scalacheck.PropFromFun.apply(Prop.scala:20)
[info]   at org.scalacheck.Test$.workerFun$1(Test.scala:486)
[info]   at org.scalacheck.Test$.$anonfun$check$4(Test.scala:518)
[info]   at org.scalacheck.Test$.$anonfun$check$4$adapted(Test.scala:518)
[info]   at org.scalacheck.Platform$.runWorkers(Platform.scala:42)
[info]   at org.scalacheck.Test$.check(Test.scala:518)
[info]   at org.scalatestplus.scalacheck.UnitCheckerAsserting$CheckerAssertingImpl.check(CheckerAsserting.scala:90)
[info]   at org.scalatestplus.scalacheck.Checkers.check(Checkers.scala:371)
[info]   at org.scalatestplus.scalacheck.Checkers.check$(Checkers.scala:369)
[info]   at frameless.TypedDatasetSuite.check(TypedDatasetSuite.scala:63)
[info]   at frameless.functions.UdfTests.$anonfun$new$206(UdfTests.scala:183)
[info]   at org.scalatest.OutcomeOf.outcomeOf(OutcomeOf.scala:85)
[info]   at org.scalatest.OutcomeOf.outcomeOf$(OutcomeOf.scala:83)
[info]   at org.scalatest.OutcomeOf$.outcomeOf(OutcomeOf.scala:104)
[info]   at org.scalatest.Transformer.apply(Transformer.scala:22)
[info]   at org.scalatest.Transformer.apply(Transformer.scala:20)
[info]   at org.scalatest.funsuite.AnyFunSuiteLike$$anon$1.apply(AnyFunSuiteLike.scala:226)
[info]   at org.scalatest.TestSuite.withFixture(TestSuite.scala:196)
[info]   at org.scalatest.TestSuite.withFixture$(TestSuite.scala:195)
[info]   at org.scalatest.funsuite.AnyFunSuite.withFixture(AnyFunSuite.scala:1564)
[info]   at org.scalatest.funsuite.AnyFunSuiteLike.invokeWithFixture$1(AnyFunSuiteLike.scala:224)
[info]   at org.scalatest.funsuite.AnyFunSuiteLike.$anonfun$runTest$1(AnyFunSuiteLike.scala:236)
[info]   at org.scalatest.SuperEngine.runTestImpl(Engine.scala:306)
[info]   at org.scalatest.funsuite.AnyFunSuiteLike.runTest(AnyFunSuiteLike.scala:236)
[info]   at org.scalatest.funsuite.AnyFunSuiteLike.runTest$(AnyFunSuiteLike.scala:218)
[info]   at org.scalatest.funsuite.AnyFunSuite.runTest(AnyFunSuite.scala:1564)
[info]   at org.scalatest.funsuite.AnyFunSuiteLike.$anonfun$runTests$1(AnyFunSuiteLike.scala:269)
[info]   at org.scalatest.SuperEngine.$anonfun$runTestsInBranch$1(Engine.scala:413)
[info]   at scala.collection.immutable.List.foreach(List.scala:334)
[info]   at org.scalatest.SuperEngine.traverseSubNodes$1(Engine.scala:401)
[info]   at org.scalatest.SuperEngine.runTestsInBranch(Engine.scala:396)
[info]   at org.scalatest.SuperEngine.runTestsImpl(Engine.scala:475)
[info]   at org.scalatest.funsuite.AnyFunSuiteLike.runTests(AnyFunSuiteLike.scala:269)
[info]   at org.scalatest.funsuite.AnyFunSuiteLike.runTests$(AnyFunSuiteLike.scala:268)
[info]   at org.scalatest.funsuite.AnyFunSuite.runTests(AnyFunSuite.scala:1564)
[info]   at org.scalatest.Suite.run(Suite.scala:1114)
[info]   at org.scalatest.Suite.run$(Suite.scala:1096)
[info]   at org.scalatest.funsuite.AnyFunSuite.org$scalatest$funsuite$AnyFunSuiteLike$$super$run(AnyFunSuite.scala:1564)
[info]   at org.scalatest.funsuite.AnyFunSuiteLike.$anonfun$run$1(AnyFunSuiteLike.scala:273)
[info]   at org.scalatest.SuperEngine.runImpl(Engine.scala:535)
[info]   at org.scalatest.funsuite.AnyFunSuiteLike.run(AnyFunSuiteLike.scala:273)
[info]   at org.scalatest.funsuite.AnyFunSuiteLike.run$(AnyFunSuiteLike.scala:272)
[info]   at frameless.TypedDatasetSuite.org$scalatest$BeforeAndAfterAll$$super$run(TypedDatasetSuite.scala:63)
[info]   at org.scalatest.BeforeAndAfterAll.liftedTree1$1(BeforeAndAfterAll.scala:213)
[info]   at org.scalatest.BeforeAndAfterAll.run(BeforeAndAfterAll.scala:210)
[info]   at org.scalatest.BeforeAndAfterAll.run$(BeforeAndAfterAll.scala:208)
[info]   at frameless.TypedDatasetSuite.run(TypedDatasetSuite.scala:63)
[info]   at org.scalatest.tools.Framework.org$scalatest$tools$Framework$$runSuite(Framework.scala:321)
[info]   at org.scalatest.tools.Framework$ScalaTestTask.execute(Framework.scala:517)
[info]   at sbt.ForkMain$Run.lambda$runTest$1(ForkMain.java:414)
[info]   at java.base/java.util.concurrent.FutureTask.run(FutureTask.java:317)
[info]   at java.base/java.util.concurrent.ThreadPoolExecutor.runWorker(ThreadPoolExecutor.java:1144)
[info]   at java.base/java.util.concurrent.ThreadPoolExecutor$Worker.run(ThreadPoolExecutor.java:642)
[info]   at java.base/java.lang.Thread.run(Thread.java:1583)
[info]   Cause: java.lang.ClassCastException: Cannot cast scala.reflect.ClassTag$GenericClassTag to org.apache.spark.sql.catalyst.expressions.Expression
[info]   at java.base/java.lang.Class.cast(Class.java:4067)
[info]   at java.base/jdk.internal.reflect.DirectConstructorHandleAccessor.newInstance(DirectConstructorHandleAccessor.java:62)
[info]   at java.base/java.lang.reflect.Constructor.newInstanceWithCaller(Constructor.java:502)
[info]   at java.base/java.lang.reflect.Constructor.newInstance(Constructor.java:486)
[info]   at frameless.TypedExpressionEncoder$.$anonfun$apply$3(TypedExpressionEncoder.scala:55)
[info]   at scala.Option.map(Option.scala:242)
[info]   at frameless.TypedExpressionEncoder$.apply(TypedExpressionEncoder.scala:54)
[info]   at frameless.TypedDataset$.create(TypedDataset.scala:1325)
[info]   at frameless.functions.UdfTests.prop$7(UdfTests.scala:166)
[info]   at frameless.functions.UdfTests.$anonfun$new$227(UdfTests.scala:183)
[info]   at org.scalacheck.Prop$.$anonfun$forAll$18(Prop.scala:1131)
[info]   at scala.Function1.$anonfun$andThen$1(Function1.scala:87)
[info]   at org.scalacheck.Prop$.$anonfun$forAllShrink$2(Prop.scala:868)
[info]   at org.scalacheck.Prop$.secure(Prop.scala:484)
[info]   at org.scalacheck.Prop$.result$1(Prop.scala:868)
[info]   at org.scalacheck.Prop$.$anonfun$forAllShrink$1(Prop.scala:915)
[info]   at org.scalacheck.Prop$.$anonfun$apply$1(Prop.scala:305)
[info]   at org.scalacheck.PropFromFun.apply(Prop.scala:20)
[info]   at org.scalacheck.Prop$.result$1(Prop.scala:869)
[info]   at org.scalacheck.Prop$.$anonfun$forAllShrink$1(Prop.scala:915)
[info]   at org.scalacheck.Prop$.$anonfun$apply$1(Prop.scala:305)
[info]   at org.scalacheck.PropFromFun.apply(Prop.scala:20)
[info]   at org.scalacheck.Test$.workerFun$1(Test.scala:486)
[info]   at org.scalacheck.Test$.$anonfun$check$4(Test.scala:518)
[info]   at org.scalacheck.Test$.$anonfun$check$4$adapted(Test.scala:518)
[info]   at org.scalacheck.Platform$.runWorkers(Platform.scala:42)
[info]   at org.scalacheck.Test$.check(Test.scala:518)
[info]   at org.scalatestplus.scalacheck.UnitCheckerAsserting$CheckerAssertingImpl.check(CheckerAsserting.scala:90)
[info]   at org.scalatestplus.scalacheck.Checkers.check(Checkers.scala:371)
[info]   at org.scalatestplus.scalacheck.Checkers.check$(Checkers.scala:369)
[info]   at frameless.TypedDatasetSuite.check(TypedDatasetSuite.scala:63)
[info]   at frameless.functions.UdfTests.$anonfun$new$206(UdfTests.scala:183)
[info]   at org.scalatest.OutcomeOf.outcomeOf(OutcomeOf.scala:85)
[info]   at org.scalatest.OutcomeOf.outcomeOf$(OutcomeOf.scala:83)
[info]   at org.scalatest.OutcomeOf$.outcomeOf(OutcomeOf.scala:104)
[info]   at org.scalatest.Transformer.apply(Transformer.scala:22)
[info]   at org.scalatest.Transformer.apply(Transformer.scala:20)
[info]   at org.scalatest.funsuite.AnyFunSuiteLike$$anon$1.apply(AnyFunSuiteLike.scala:226)
[info]   at org.scalatest.TestSuite.withFixture(TestSuite.scala:196)
[info]   at org.scalatest.TestSuite.withFixture$(TestSuite.scala:195)
[info]   at org.scalatest.funsuite.AnyFunSuite.withFixture(AnyFunSuite.scala:1564)
[info]   at org.scalatest.funsuite.AnyFunSuiteLike.invokeWithFixture$1(AnyFunSuiteLike.scala:224)
[info]   at org.scalatest.funsuite.AnyFunSuiteLike.$anonfun$runTest$1(AnyFunSuiteLike.scala:236)
[info]   at org.scalatest.SuperEngine.runTestImpl(Engine.scala:306)
[info]   at org.scalatest.funsuite.AnyFunSuiteLike.runTest(AnyFunSuiteLike.scala:236)
[info]   at org.scalatest.funsuite.AnyFunSuiteLike.runTest$(AnyFunSuiteLike.scala:218)
[info]   at org.scalatest.funsuite.AnyFunSuite.runTest(AnyFunSuite.scala:1564)
[info]   at org.scalatest.funsuite.AnyFunSuiteLike.$anonfun$runTests$1(AnyFunSuiteLike.scala:269)
[info]   at org.scalatest.SuperEngine.$anonfun$runTestsInBranch$1(Engine.scala:413)
[info]   at scala.collection.immutable.List.foreach(List.scala:334)
[info]   at org.scalatest.SuperEngine.traverseSubNodes$1(Engine.scala:401)
[info]   at org.scalatest.SuperEngine.runTestsInBranch(Engine.scala:396)
[info]   at org.scalatest.SuperEngine.runTestsImpl(Engine.scala:475)
[info]   at org.scalatest.funsuite.AnyFunSuiteLike.runTests(AnyFunSuiteLike.scala:269)
[info]   at org.scalatest.funsuite.AnyFunSuiteLike.runTests$(AnyFunSuiteLike.scala:268)
[info]   at org.scalatest.funsuite.AnyFunSuite.runTests(AnyFunSuite.scala:1564)
[info]   at org.scalatest.Suite.run(Suite.scala:1114)
[info]   at org.scalatest.Suite.run$(Suite.scala:1096)
[info]   at org.scalatest.funsuite.AnyFunSuite.org$scalatest$funsuite$AnyFunSuiteLike$$super$run(AnyFunSuite.scala:1564)
[info]   at org.scalatest.funsuite.AnyFunSuiteLike.$anonfun$run$1(AnyFunSuiteLike.scala:273)
[info]   at org.scalatest.SuperEngine.runImpl(Engine.scala:535)
[info]   at org.scalatest.funsuite.AnyFunSuiteLike.run(AnyFunSuiteLike.scala:273)
[info]   at org.scalatest.funsuite.AnyFunSuiteLike.run$(AnyFunSuiteLike.scala:272)
[info]   at frameless.TypedDatasetSuite.org$scalatest$BeforeAndAfterAll$$super$run(TypedDatasetSuite.scala:63)
[info]   at org.scalatest.BeforeAndAfterAll.liftedTree1$1(BeforeAndAfterAll.scala:213)
[info]   at org.scalatest.BeforeAndAfterAll.run(BeforeAndAfterAll.scala:210)
[info]   at org.scalatest.BeforeAndAfterAll.run$(BeforeAndAfterAll.scala:208)
[info]   at frameless.TypedDatasetSuite.run(TypedDatasetSuite.scala:63)
[info]   at org.scalatest.tools.Framework.org$scalatest$tools$Framework$$runSuite(Framework.scala:321)
[info]   at org.scalatest.tools.Framework$ScalaTestTask.execute(Framework.scala:517)
[info]   at sbt.ForkMain$Run.lambda$runTest$1(ForkMain.java:414)
[info]   at java.base/java.util.concurrent.FutureTask.run(FutureTask.java:317)
[info]   at java.base/java.util.concurrent.ThreadPoolExecutor.runWorker(ThreadPoolExecutor.java:1144)
[info]   at java.base/java.util.concurrent.ThreadPoolExecutor$Worker.run(ThreadPoolExecutor.java:642)
[info]   at java.base/java.lang.Thread.run(Thread.java:1583)
[info] CastTests:
[info] - cast *** FAILED *** (20 milliseconds)
[info]   IllegalArgumentException was thrown during property evaluation.
[info]     Message: argument type mismatch
[info]     Occurred when passed generated values (
[info]       arg0 = 0 // 27 shrinks
[info]     )
[info]   org.scalatest.exceptions.GeneratorDrivenPropertyCheckFailedException:
[info]   at org.scalatestplus.scalacheck.CheckerAsserting$$anon$2.indicateFailure(CheckerAsserting.scala:251)
[info]   at org.scalatestplus.scalacheck.CheckerAsserting$$anon$2.indicateFailure(CheckerAsserting.scala:238)
[info]   at org.scalatestplus.scalacheck.UnitCheckerAsserting$CheckerAssertingImpl.check(CheckerAsserting.scala:160)
[info]   at org.scalatestplus.scalacheck.Checkers.check(Checkers.scala:244)
[info]   at org.scalatestplus.scalacheck.Checkers.check$(Checkers.scala:235)
[info]   at frameless.TypedDatasetSuite.check(TypedDatasetSuite.scala:63)
[info]   at frameless.CastTests.$anonfun$new$1(CastTests.scala:20)
[info]   at org.scalatest.OutcomeOf.outcomeOf(OutcomeOf.scala:85)
[info]   at org.scalatest.OutcomeOf.outcomeOf$(OutcomeOf.scala:83)
[info]   at org.scalatest.OutcomeOf$.outcomeOf(OutcomeOf.scala:104)
[info]   at org.scalatest.Transformer.apply(Transformer.scala:22)
[info]   at org.scalatest.Transformer.apply(Transformer.scala:20)
[info]   at org.scalatest.funsuite.AnyFunSuiteLike$$anon$1.apply(AnyFunSuiteLike.scala:226)
[info]   at org.scalatest.TestSuite.withFixture(TestSuite.scala:196)
[info]   at org.scalatest.TestSuite.withFixture$(TestSuite.scala:195)
[info]   at org.scalatest.funsuite.AnyFunSuite.withFixture(AnyFunSuite.scala:1564)
[info]   at org.scalatest.funsuite.AnyFunSuiteLike.invokeWithFixture$1(AnyFunSuiteLike.scala:224)
[info]   at org.scalatest.funsuite.AnyFunSuiteLike.$anonfun$runTest$1(AnyFunSuiteLike.scala:236)
[info]   at org.scalatest.SuperEngine.runTestImpl(Engine.scala:306)
[info]   at org.scalatest.funsuite.AnyFunSuiteLike.runTest(AnyFunSuiteLike.scala:236)
[info]   at org.scalatest.funsuite.AnyFunSuiteLike.runTest$(AnyFunSuiteLike.scala:218)
[info]   at org.scalatest.funsuite.AnyFunSuite.runTest(AnyFunSuite.scala:1564)
[info]   at org.scalatest.funsuite.AnyFunSuiteLike.$anonfun$runTests$1(AnyFunSuiteLike.scala:269)
[info]   at org.scalatest.SuperEngine.$anonfun$runTestsInBranch$1(Engine.scala:413)
[info]   at scala.collection.immutable.List.foreach(List.scala:334)
[info]   at org.scalatest.SuperEngine.traverseSubNodes$1(Engine.scala:401)
[info]   at org.scalatest.SuperEngine.runTestsInBranch(Engine.scala:396)
[info]   at org.scalatest.SuperEngine.runTestsImpl(Engine.scala:475)
[info]   at org.scalatest.funsuite.AnyFunSuiteLike.runTests(AnyFunSuiteLike.scala:269)
[info]   at org.scalatest.funsuite.AnyFunSuiteLike.runTests$(AnyFunSuiteLike.scala:268)
[info]   at org.scalatest.funsuite.AnyFunSuite.runTests(AnyFunSuite.scala:1564)
[info]   at org.scalatest.Suite.run(Suite.scala:1114)
[info]   at org.scalatest.Suite.run$(Suite.scala:1096)
[info]   at org.scalatest.funsuite.AnyFunSuite.org$scalatest$funsuite$AnyFunSuiteLike$$super$run(AnyFunSuite.scala:1564)
[info]   at org.scalatest.funsuite.AnyFunSuiteLike.$anonfun$run$1(AnyFunSuiteLike.scala:273)
[info]   at org.scalatest.SuperEngine.runImpl(Engine.scala:535)
[info]   at org.scalatest.funsuite.AnyFunSuiteLike.run(AnyFunSuiteLike.scala:273)
[info]   at org.scalatest.funsuite.AnyFunSuiteLike.run$(AnyFunSuiteLike.scala:272)
[info]   at frameless.TypedDatasetSuite.org$scalatest$BeforeAndAfterAll$$super$run(TypedDatasetSuite.scala:63)
[info]   at org.scalatest.BeforeAndAfterAll.liftedTree1$1(BeforeAndAfterAll.scala:213)
[info]   at org.scalatest.BeforeAndAfterAll.run(BeforeAndAfterAll.scala:210)
[info]   at org.scalatest.BeforeAndAfterAll.run$(BeforeAndAfterAll.scala:208)
[info]   at frameless.TypedDatasetSuite.run(TypedDatasetSuite.scala:63)
[info]   at org.scalatest.tools.Framework.org$scalatest$tools$Framework$$runSuite(Framework.scala:321)
[info]   at org.scalatest.tools.Framework$ScalaTestTask.execute(Framework.scala:517)
[info]   at sbt.ForkMain$Run.lambda$runTest$1(ForkMain.java:414)
[info]   at java.base/java.util.concurrent.FutureTask.run(FutureTask.java:317)
[info]   at java.base/java.util.concurrent.ThreadPoolExecutor.runWorker(ThreadPoolExecutor.java:1144)
[info]   at java.base/java.util.concurrent.ThreadPoolExecutor$Worker.run(ThreadPoolExecutor.java:642)
[info]   at java.base/java.lang.Thread.run(Thread.java:1583)
[info]   Cause: java.lang.IllegalArgumentException: argument type mismatch
[info]   at java.base/jdk.internal.reflect.DirectConstructorHandleAccessor.newInstance(DirectConstructorHandleAccessor.java:65)
[info]   at java.base/java.lang.reflect.Constructor.newInstanceWithCaller(Constructor.java:502)
[info]   at java.base/java.lang.reflect.Constructor.newInstance(Constructor.java:486)
[info]   at frameless.TypedExpressionEncoder$.$anonfun$apply$3(TypedExpressionEncoder.scala:55)
[info]   at scala.Option.map(Option.scala:242)
[info]   at frameless.TypedExpressionEncoder$.apply(TypedExpressionEncoder.scala:54)
[info]   at frameless.TypedDataset$.create(TypedDataset.scala:1325)
[info]   at frameless.CastTests.prop(CastTests.scala:12)
[info]   at frameless.CastTests.$anonfun$new$3(CastTests.scala:20)
[info]   at scala.Function1.$anonfun$andThen$1(Function1.scala:87)
[info]   at org.scalacheck.Prop$.$anonfun$forAllShrink$2(Prop.scala:868)
[info]   at org.scalacheck.Prop$.secure(Prop.scala:484)
[info]   at org.scalacheck.Prop$.result$1(Prop.scala:868)
[info]   at org.scalacheck.Prop$.$anonfun$forAllShrink$4(Prop.scala:880)
[info]   at scala.collection.immutable.Stream.map(Stream.scala:173)
[info]   at org.scalacheck.Prop$.getFirstFailure$1(Prop.scala:880)
[info]   at org.scalacheck.Prop$.shrinker$1(Prop.scala:895)
[info]   at org.scalacheck.Prop$.$anonfun$forAllShrink$1(Prop.scala:916)
[info]   at org.scalacheck.Prop$.$anonfun$apply$1(Prop.scala:305)
[info]   at org.scalacheck.PropFromFun.apply(Prop.scala:20)
[info]   at org.scalacheck.Test$.workerFun$1(Test.scala:486)
[info]   at org.scalacheck.Test$.$anonfun$check$4(Test.scala:518)
[info]   at org.scalacheck.Test$.$anonfun$check$4$adapted(Test.scala:518)
[info]   at org.scalacheck.Platform$.runWorkers(Platform.scala:42)
[info]   at org.scalacheck.Test$.check(Test.scala:518)
[info]   at org.scalatestplus.scalacheck.UnitCheckerAsserting$CheckerAssertingImpl.check(CheckerAsserting.scala:90)
[info]   at org.scalatestplus.scalacheck.Checkers.check(Checkers.scala:244)
[info]   at org.scalatestplus.scalacheck.Checkers.check$(Checkers.scala:235)
[info]   at frameless.TypedDatasetSuite.check(TypedDatasetSuite.scala:63)
[info]   at frameless.CastTests.$anonfun$new$1(CastTests.scala:20)
[info]   at org.scalatest.OutcomeOf.outcomeOf(OutcomeOf.scala:85)
[info]   at org.scalatest.OutcomeOf.outcomeOf$(OutcomeOf.scala:83)
[info]   at org.scalatest.OutcomeOf$.outcomeOf(OutcomeOf.scala:104)
[info]   at org.scalatest.Transformer.apply(Transformer.scala:22)
[info]   at org.scalatest.Transformer.apply(Transformer.scala:20)
[info]   at org.scalatest.funsuite.AnyFunSuiteLike$$anon$1.apply(AnyFunSuiteLike.scala:226)
[info]   at org.scalatest.TestSuite.withFixture(TestSuite.scala:196)
[info]   at org.scalatest.TestSuite.withFixture$(TestSuite.scala:195)
[info]   at org.scalatest.funsuite.AnyFunSuite.withFixture(AnyFunSuite.scala:1564)
[info]   at org.scalatest.funsuite.AnyFunSuiteLike.invokeWithFixture$1(AnyFunSuiteLike.scala:224)
[info]   at org.scalatest.funsuite.AnyFunSuiteLike.$anonfun$runTest$1(AnyFunSuiteLike.scala:236)
[info]   at org.scalatest.SuperEngine.runTestImpl(Engine.scala:306)
[info]   at org.scalatest.funsuite.AnyFunSuiteLike.runTest(AnyFunSuiteLike.scala:236)
[info]   at org.scalatest.funsuite.AnyFunSuiteLike.runTest$(AnyFunSuiteLike.scala:218)
[info]   at org.scalatest.funsuite.AnyFunSuite.runTest(AnyFunSuite.scala:1564)
[info]   at org.scalatest.funsuite.AnyFunSuiteLike.$anonfun$runTests$1(AnyFunSuiteLike.scala:269)
[info]   at org.scalatest.SuperEngine.$anonfun$runTestsInBranch$1(Engine.scala:413)
[info]   at scala.collection.immutable.List.foreach(List.scala:334)
[info]   at org.scalatest.SuperEngine.traverseSubNodes$1(Engine.scala:401)
[info]   at org.scalatest.SuperEngine.runTestsInBranch(Engine.scala:396)
[info]   at org.scalatest.SuperEngine.runTestsImpl(Engine.scala:475)
[info]   at org.scalatest.funsuite.AnyFunSuiteLike.runTests(AnyFunSuiteLike.scala:269)
[info]   at org.scalatest.funsuite.AnyFunSuiteLike.runTests$(AnyFunSuiteLike.scala:268)
[info]   at org.scalatest.funsuite.AnyFunSuite.runTests(AnyFunSuite.scala:1564)
[info]   at org.scalatest.Suite.run(Suite.scala:1114)
[info]   at org.scalatest.Suite.run$(Suite.scala:1096)
[info]   at org.scalatest.funsuite.AnyFunSuite.org$scalatest$funsuite$AnyFunSuiteLike$$super$run(AnyFunSuite.scala:1564)
[info]   at org.scalatest.funsuite.AnyFunSuiteLike.$anonfun$run$1(AnyFunSuiteLike.scala:273)
[info]   at org.scalatest.SuperEngine.runImpl(Engine.scala:535)
[info]   at org.scalatest.funsuite.AnyFunSuiteLike.run(AnyFunSuiteLike.scala:273)
[info]   at org.scalatest.funsuite.AnyFunSuiteLike.run$(AnyFunSuiteLike.scala:272)
[info]   at frameless.TypedDatasetSuite.org$scalatest$BeforeAndAfterAll$$super$run(TypedDatasetSuite.scala:63)
[info]   at org.scalatest.BeforeAndAfterAll.liftedTree1$1(BeforeAndAfterAll.scala:213)
[info]   at org.scalatest.BeforeAndAfterAll.run(BeforeAndAfterAll.scala:210)
[info]   at org.scalatest.BeforeAndAfterAll.run$(BeforeAndAfterAll.scala:208)
[info]   at frameless.TypedDatasetSuite.run(TypedDatasetSuite.scala:63)
[info]   at org.scalatest.tools.Framework.org$scalatest$tools$Framework$$runSuite(Framework.scala:321)
[info]   at org.scalatest.tools.Framework$ScalaTestTask.execute(Framework.scala:517)
[info]   at sbt.ForkMain$Run.lambda$runTest$1(ForkMain.java:414)
[info]   at java.base/java.util.concurrent.FutureTask.run(FutureTask.java:317)
[info]   at java.base/java.util.concurrent.ThreadPoolExecutor.runWorker(ThreadPoolExecutor.java:1144)
[info]   at java.base/java.util.concurrent.ThreadPoolExecutor$Worker.run(ThreadPoolExecutor.java:642)
[info]   at java.base/java.lang.Thread.run(Thread.java:1583)
[info]   Cause: java.lang.ClassCastException: Cannot cast scala.reflect.ClassTag$GenericClassTag to org.apache.spark.sql.catalyst.expressions.Expression
[info]   at java.base/java.lang.Class.cast(Class.java:4067)
[info]   at java.base/jdk.internal.reflect.DirectConstructorHandleAccessor.newInstance(DirectConstructorHandleAccessor.java:62)
[info]   at java.base/java.lang.reflect.Constructor.newInstanceWithCaller(Constructor.java:502)
[info]   at java.base/java.lang.reflect.Constructor.newInstance(Constructor.java:486)
[info]   at frameless.TypedExpressionEncoder$.$anonfun$apply$3(TypedExpressionEncoder.scala:55)
[info]   at scala.Option.map(Option.scala:242)
[info]   at frameless.TypedExpressionEncoder$.apply(TypedExpressionEncoder.scala:54)
[info]   at frameless.TypedDataset$.create(TypedDataset.scala:1325)
[info]   at frameless.CastTests.prop(CastTests.scala:12)
[info]   at frameless.CastTests.$anonfun$new$3(CastTests.scala:20)
[info]   at scala.Function1.$anonfun$andThen$1(Function1.scala:87)
[info]   at org.scalacheck.Prop$.$anonfun$forAllShrink$2(Prop.scala:868)
[info]   at org.scalacheck.Prop$.secure(Prop.scala:484)
[info]   at org.scalacheck.Prop$.result$1(Prop.scala:868)
[info]   at org.scalacheck.Prop$.$anonfun$forAllShrink$4(Prop.scala:880)
[info]   at scala.collection.immutable.Stream.map(Stream.scala:173)
[info]   at org.scalacheck.Prop$.getFirstFailure$1(Prop.scala:880)
[info]   at org.scalacheck.Prop$.shrinker$1(Prop.scala:895)
[info]   at org.scalacheck.Prop$.$anonfun$forAllShrink$1(Prop.scala:916)
[info]   at org.scalacheck.Prop$.$anonfun$apply$1(Prop.scala:305)
[info]   at org.scalacheck.PropFromFun.apply(Prop.scala:20)
[info]   at org.scalacheck.Test$.workerFun$1(Test.scala:486)
[info]   at org.scalacheck.Test$.$anonfun$check$4(Test.scala:518)
[info]   at org.scalacheck.Test$.$anonfun$check$4$adapted(Test.scala:518)
[info]   at org.scalacheck.Platform$.runWorkers(Platform.scala:42)
[info]   at org.scalacheck.Test$.check(Test.scala:518)
[info]   at org.scalatestplus.scalacheck.UnitCheckerAsserting$CheckerAssertingImpl.check(CheckerAsserting.scala:90)
[info]   at org.scalatestplus.scalacheck.Checkers.check(Checkers.scala:244)
[info]   at org.scalatestplus.scalacheck.Checkers.check$(Checkers.scala:235)
[info]   at frameless.TypedDatasetSuite.check(TypedDatasetSuite.scala:63)
[info]   at frameless.CastTests.$anonfun$new$1(CastTests.scala:20)
[info]   at org.scalatest.OutcomeOf.outcomeOf(OutcomeOf.scala:85)
[info]   at org.scalatest.OutcomeOf.outcomeOf$(OutcomeOf.scala:83)
[info]   at org.scalatest.OutcomeOf$.outcomeOf(OutcomeOf.scala:104)
[info]   at org.scalatest.Transformer.apply(Transformer.scala:22)
[info]   at org.scalatest.Transformer.apply(Transformer.scala:20)
[info]   at org.scalatest.funsuite.AnyFunSuiteLike$$anon$1.apply(AnyFunSuiteLike.scala:226)
[info]   at org.scalatest.TestSuite.withFixture(TestSuite.scala:196)
[info]   at org.scalatest.TestSuite.withFixture$(TestSuite.scala:195)
[info]   at org.scalatest.funsuite.AnyFunSuite.withFixture(AnyFunSuite.scala:1564)
[info]   at org.scalatest.funsuite.AnyFunSuiteLike.invokeWithFixture$1(AnyFunSuiteLike.scala:224)
[info]   at org.scalatest.funsuite.AnyFunSuiteLike.$anonfun$runTest$1(AnyFunSuiteLike.scala:236)
[info]   at org.scalatest.SuperEngine.runTestImpl(Engine.scala:306)
[info]   at org.scalatest.funsuite.AnyFunSuiteLike.runTest(AnyFunSuiteLike.scala:236)
[info]   at org.scalatest.funsuite.AnyFunSuiteLike.runTest$(AnyFunSuiteLike.scala:218)
[info]   at org.scalatest.funsuite.AnyFunSuite.runTest(AnyFunSuite.scala:1564)
[info]   at org.scalatest.funsuite.AnyFunSuiteLike.$anonfun$runTests$1(AnyFunSuiteLike.scala:269)
[info]   at org.scalatest.SuperEngine.$anonfun$runTestsInBranch$1(Engine.scala:413)
[info]   at scala.collection.immutable.List.foreach(List.scala:334)
[info]   at org.scalatest.SuperEngine.traverseSubNodes$1(Engine.scala:401)
[info]   at org.scalatest.SuperEngine.runTestsInBranch(Engine.scala:396)
[info]   at org.scalatest.SuperEngine.runTestsImpl(Engine.scala:475)
[info]   at org.scalatest.funsuite.AnyFunSuiteLike.runTests(AnyFunSuiteLike.scala:269)
[info]   at org.scalatest.funsuite.AnyFunSuiteLike.runTests$(AnyFunSuiteLike.scala:268)
[info]   at org.scalatest.funsuite.AnyFunSuite.runTests(AnyFunSuite.scala:1564)
[info]   at org.scalatest.Suite.run(Suite.scala:1114)
[info]   at org.scalatest.Suite.run$(Suite.scala:1096)
[info]   at org.scalatest.funsuite.AnyFunSuite.org$scalatest$funsuite$AnyFunSuiteLike$$super$run(AnyFunSuite.scala:1564)
[info]   at org.scalatest.funsuite.AnyFunSuiteLike.$anonfun$run$1(AnyFunSuiteLike.scala:273)
[info]   at org.scalatest.SuperEngine.runImpl(Engine.scala:535)
[info]   at org.scalatest.funsuite.AnyFunSuiteLike.run(AnyFunSuiteLike.scala:273)
[info]   at org.scalatest.funsuite.AnyFunSuiteLike.run$(AnyFunSuiteLike.scala:272)
[info]   at frameless.TypedDatasetSuite.org$scalatest$BeforeAndAfterAll$$super$run(TypedDatasetSuite.scala:63)
[info]   at org.scalatest.BeforeAndAfterAll.liftedTree1$1(BeforeAndAfterAll.scala:213)
[info]   at org.scalatest.BeforeAndAfterAll.run(BeforeAndAfterAll.scala:210)
[info]   at org.scalatest.BeforeAndAfterAll.run$(BeforeAndAfterAll.scala:208)
[info]   at frameless.TypedDatasetSuite.run(TypedDatasetSuite.scala:63)
[info]   at org.scalatest.tools.Framework.org$scalatest$tools$Framework$$runSuite(Framework.scala:321)
[info]   at org.scalatest.tools.Framework$ScalaTestTask.execute(Framework.scala:517)
[info]   at sbt.ForkMain$Run.lambda$runTest$1(ForkMain.java:414)
[info]   at java.base/java.util.concurrent.FutureTask.run(FutureTask.java:317)
[info]   at java.base/java.util.concurrent.ThreadPoolExecutor.runWorker(ThreadPoolExecutor.java:1144)
[info]   at java.base/java.util.concurrent.ThreadPoolExecutor$Worker.run(ThreadPoolExecutor.java:642)
[info]   at java.base/java.lang.Thread.run(Thread.java:1583)
[info] UnaryFunctionsTest:
[info] - size tests *** FAILED *** (11 milliseconds)
[info]   IllegalArgumentException was thrown during property evaluation.
[info]     Message: argument type mismatch
[info]     Occurred when passed generated values (
[info]       arg0 = List()
[info]     )
[info]   org.scalatest.exceptions.GeneratorDrivenPropertyCheckFailedException:
[info]   at org.scalatestplus.scalacheck.CheckerAsserting$$anon$2.indicateFailure(CheckerAsserting.scala:251)
[info]   at org.scalatestplus.scalacheck.CheckerAsserting$$anon$2.indicateFailure(CheckerAsserting.scala:238)
[info]   at org.scalatestplus.scalacheck.UnitCheckerAsserting$CheckerAssertingImpl.check(CheckerAsserting.scala:160)
[info]   at org.scalatestplus.scalacheck.Checkers.check(Checkers.scala:371)
[info]   at org.scalatestplus.scalacheck.Checkers.check$(Checkers.scala:369)
[info]   at frameless.TypedDatasetSuite.check(TypedDatasetSuite.scala:63)
[info]   at frameless.functions.UnaryFunctionsTest.$anonfun$new$1(UnaryFunctionsTest.scala:22)
[info]   at org.scalatest.OutcomeOf.outcomeOf(OutcomeOf.scala:85)
[info]   at org.scalatest.OutcomeOf.outcomeOf$(OutcomeOf.scala:83)
[info]   at org.scalatest.OutcomeOf$.outcomeOf(OutcomeOf.scala:104)
[info]   at org.scalatest.Transformer.apply(Transformer.scala:22)
[info]   at org.scalatest.Transformer.apply(Transformer.scala:20)
[info]   at org.scalatest.funsuite.AnyFunSuiteLike$$anon$1.apply(AnyFunSuiteLike.scala:226)
[info]   at org.scalatest.TestSuite.withFixture(TestSuite.scala:196)
[info]   at org.scalatest.TestSuite.withFixture$(TestSuite.scala:195)
[info]   at org.scalatest.funsuite.AnyFunSuite.withFixture(AnyFunSuite.scala:1564)
[info]   at org.scalatest.funsuite.AnyFunSuiteLike.invokeWithFixture$1(AnyFunSuiteLike.scala:224)
[info]   at org.scalatest.funsuite.AnyFunSuiteLike.$anonfun$runTest$1(AnyFunSuiteLike.scala:236)
[info]   at org.scalatest.SuperEngine.runTestImpl(Engine.scala:306)
[info]   at org.scalatest.funsuite.AnyFunSuiteLike.runTest(AnyFunSuiteLike.scala:236)
[info]   at org.scalatest.funsuite.AnyFunSuiteLike.runTest$(AnyFunSuiteLike.scala:218)
[info]   at org.scalatest.funsuite.AnyFunSuite.runTest(AnyFunSuite.scala:1564)
[info]   at org.scalatest.funsuite.AnyFunSuiteLike.$anonfun$runTests$1(AnyFunSuiteLike.scala:269)
[info]   at org.scalatest.SuperEngine.$anonfun$runTestsInBranch$1(Engine.scala:413)
[info]   at scala.collection.immutable.List.foreach(List.scala:334)
[info]   at org.scalatest.SuperEngine.traverseSubNodes$1(Engine.scala:401)
[info]   at org.scalatest.SuperEngine.runTestsInBranch(Engine.scala:396)
[info]   at org.scalatest.SuperEngine.runTestsImpl(Engine.scala:475)
[info]   at org.scalatest.funsuite.AnyFunSuiteLike.runTests(AnyFunSuiteLike.scala:269)
[info]   at org.scalatest.funsuite.AnyFunSuiteLike.runTests$(AnyFunSuiteLike.scala:268)
[info]   at org.scalatest.funsuite.AnyFunSuite.runTests(AnyFunSuite.scala:1564)
[info]   at org.scalatest.Suite.run(Suite.scala:1114)
[info]   at org.scalatest.Suite.run$(Suite.scala:1096)
[info]   at org.scalatest.funsuite.AnyFunSuite.org$scalatest$funsuite$AnyFunSuiteLike$$super$run(AnyFunSuite.scala:1564)
[info]   at org.scalatest.funsuite.AnyFunSuiteLike.$anonfun$run$1(AnyFunSuiteLike.scala:273)
[info]   at org.scalatest.SuperEngine.runImpl(Engine.scala:535)
[info]   at org.scalatest.funsuite.AnyFunSuiteLike.run(AnyFunSuiteLike.scala:273)
[info]   at org.scalatest.funsuite.AnyFunSuiteLike.run$(AnyFunSuiteLike.scala:272)
[info]   at frameless.TypedDatasetSuite.org$scalatest$BeforeAndAfterAll$$super$run(TypedDatasetSuite.scala:63)
[info]   at org.scalatest.BeforeAndAfterAll.liftedTree1$1(BeforeAndAfterAll.scala:213)
[info]   at org.scalatest.BeforeAndAfterAll.run(BeforeAndAfterAll.scala:210)
[info]   at org.scalatest.BeforeAndAfterAll.run$(BeforeAndAfterAll.scala:208)
[info]   at frameless.TypedDatasetSuite.run(TypedDatasetSuite.scala:63)
[info]   at org.scalatest.tools.Framework.org$scalatest$tools$Framework$$runSuite(Framework.scala:321)
[info]   at org.scalatest.tools.Framework$ScalaTestTask.execute(Framework.scala:517)
[info]   at sbt.ForkMain$Run.lambda$runTest$1(ForkMain.java:414)
[info]   at java.base/java.util.concurrent.FutureTask.run(FutureTask.java:317)
[info]   at java.base/java.util.concurrent.ThreadPoolExecutor.runWorker(ThreadPoolExecutor.java:1144)
[info]   at java.base/java.util.concurrent.ThreadPoolExecutor$Worker.run(ThreadPoolExecutor.java:642)
[info]   at java.base/java.lang.Thread.run(Thread.java:1583)
[info]   Cause: java.lang.IllegalArgumentException: argument type mismatch
[info]   at java.base/jdk.internal.reflect.DirectConstructorHandleAccessor.newInstance(DirectConstructorHandleAccessor.java:65)
[info]   at java.base/java.lang.reflect.Constructor.newInstanceWithCaller(Constructor.java:502)
[info]   at java.base/java.lang.reflect.Constructor.newInstance(Constructor.java:486)
[info]   at frameless.TypedExpressionEncoder$.$anonfun$apply$3(TypedExpressionEncoder.scala:55)
[info]   at scala.Option.map(Option.scala:242)
[info]   at frameless.TypedExpressionEncoder$.apply(TypedExpressionEncoder.scala:54)
[info]   at frameless.TypedDataset$.create(TypedDataset.scala:1325)
[info]   at frameless.functions.UnaryFunctionsTest.prop$1(UnaryFunctionsTest.scala:14)
[info]   at frameless.functions.UnaryFunctionsTest.$anonfun$new$11(UnaryFunctionsTest.scala:22)
[info]   at scala.Function1.$anonfun$andThen$1(Function1.scala:87)
[info]   at org.scalacheck.Prop$.$anonfun$forAllShrink$2(Prop.scala:868)
[info]   at org.scalacheck.Prop$.secure(Prop.scala:484)
[info]   at org.scalacheck.Prop$.result$1(Prop.scala:868)
[info]   at org.scalacheck.Prop$.$anonfun$forAllShrink$1(Prop.scala:915)
[info]   at org.scalacheck.Prop$.$anonfun$apply$1(Prop.scala:305)
[info]   at org.scalacheck.PropFromFun.apply(Prop.scala:20)
[info]   at org.scalacheck.Test$.workerFun$1(Test.scala:486)
[info]   at org.scalacheck.Test$.$anonfun$check$4(Test.scala:518)
[info]   at org.scalacheck.Test$.$anonfun$check$4$adapted(Test.scala:518)
[info]   at org.scalacheck.Platform$.runWorkers(Platform.scala:42)
[info]   at org.scalacheck.Test$.check(Test.scala:518)
[info]   at org.scalatestplus.scalacheck.UnitCheckerAsserting$CheckerAssertingImpl.check(CheckerAsserting.scala:90)
[info]   at org.scalatestplus.scalacheck.Checkers.check(Checkers.scala:371)
[info]   at org.scalatestplus.scalacheck.Checkers.check$(Checkers.scala:369)
[info]   at frameless.TypedDatasetSuite.check(TypedDatasetSuite.scala:63)
[info]   at frameless.functions.UnaryFunctionsTest.$anonfun$new$1(UnaryFunctionsTest.scala:22)
[info]   at org.scalatest.OutcomeOf.outcomeOf(OutcomeOf.scala:85)
[info]   at org.scalatest.OutcomeOf.outcomeOf$(OutcomeOf.scala:83)
[info]   at org.scalatest.OutcomeOf$.outcomeOf(OutcomeOf.scala:104)
[info]   at org.scalatest.Transformer.apply(Transformer.scala:22)
[info]   at org.scalatest.Transformer.apply(Transformer.scala:20)
[info]   at org.scalatest.funsuite.AnyFunSuiteLike$$anon$1.apply(AnyFunSuiteLike.scala:226)
[info]   at org.scalatest.TestSuite.withFixture(TestSuite.scala:196)
[info]   at org.scalatest.TestSuite.withFixture$(TestSuite.scala:195)
[info]   at org.scalatest.funsuite.AnyFunSuite.withFixture(AnyFunSuite.scala:1564)
[info]   at org.scalatest.funsuite.AnyFunSuiteLike.invokeWithFixture$1(AnyFunSuiteLike.scala:224)
[info]   at org.scalatest.funsuite.AnyFunSuiteLike.$anonfun$runTest$1(AnyFunSuiteLike.scala:236)
[info]   at org.scalatest.SuperEngine.runTestImpl(Engine.scala:306)
[info]   at org.scalatest.funsuite.AnyFunSuiteLike.runTest(AnyFunSuiteLike.scala:236)
[info]   at org.scalatest.funsuite.AnyFunSuiteLike.runTest$(AnyFunSuiteLike.scala:218)
[info]   at org.scalatest.funsuite.AnyFunSuite.runTest(AnyFunSuite.scala:1564)
[info]   at org.scalatest.funsuite.AnyFunSuiteLike.$anonfun$runTests$1(AnyFunSuiteLike.scala:269)
[info]   at org.scalatest.SuperEngine.$anonfun$runTestsInBranch$1(Engine.scala:413)
[info]   at scala.collection.immutable.List.foreach(List.scala:334)
[info]   at org.scalatest.SuperEngine.traverseSubNodes$1(Engine.scala:401)
[info]   at org.scalatest.SuperEngine.runTestsInBranch(Engine.scala:396)
[info]   at org.scalatest.SuperEngine.runTestsImpl(Engine.scala:475)
[info]   at org.scalatest.funsuite.AnyFunSuiteLike.runTests(AnyFunSuiteLike.scala:269)
[info]   at org.scalatest.funsuite.AnyFunSuiteLike.runTests$(AnyFunSuiteLike.scala:268)
[info]   at org.scalatest.funsuite.AnyFunSuite.runTests(AnyFunSuite.scala:1564)
[info]   at org.scalatest.Suite.run(Suite.scala:1114)
[info]   at org.scalatest.Suite.run$(Suite.scala:1096)
[info]   at org.scalatest.funsuite.AnyFunSuite.org$scalatest$funsuite$AnyFunSuiteLike$$super$run(AnyFunSuite.scala:1564)
[info]   at org.scalatest.funsuite.AnyFunSuiteLike.$anonfun$run$1(AnyFunSuiteLike.scala:273)
[info]   at org.scalatest.SuperEngine.runImpl(Engine.scala:535)
[info]   at org.scalatest.funsuite.AnyFunSuiteLike.run(AnyFunSuiteLike.scala:273)
[info]   at org.scalatest.funsuite.AnyFunSuiteLike.run$(AnyFunSuiteLike.scala:272)
[info]   at frameless.TypedDatasetSuite.org$scalatest$BeforeAndAfterAll$$super$run(TypedDatasetSuite.scala:63)
[info]   at org.scalatest.BeforeAndAfterAll.liftedTree1$1(BeforeAndAfterAll.scala:213)
[info]   at org.scalatest.BeforeAndAfterAll.run(BeforeAndAfterAll.scala:210)
[info]   at org.scalatest.BeforeAndAfterAll.run$(BeforeAndAfterAll.scala:208)
[info]   at frameless.TypedDatasetSuite.run(TypedDatasetSuite.scala:63)
[info]   at org.scalatest.tools.Framework.org$scalatest$tools$Framework$$runSuite(Framework.scala:321)
[info]   at org.scalatest.tools.Framework$ScalaTestTask.execute(Framework.scala:517)
[info]   at sbt.ForkMain$Run.lambda$runTest$1(ForkMain.java:414)
[info]   at java.base/java.util.concurrent.FutureTask.run(FutureTask.java:317)
[info]   at java.base/java.util.concurrent.ThreadPoolExecutor.runWorker(ThreadPoolExecutor.java:1144)
[info]   at java.base/java.util.concurrent.ThreadPoolExecutor$Worker.run(ThreadPoolExecutor.java:642)
[info]   at java.base/java.lang.Thread.run(Thread.java:1583)
[info]   Cause: java.lang.ClassCastException: Cannot cast scala.reflect.ClassTag$GenericClassTag to org.apache.spark.sql.catalyst.expressions.Expression
[info]   at java.base/java.lang.Class.cast(Class.java:4067)
[info]   at java.base/jdk.internal.reflect.DirectConstructorHandleAccessor.newInstance(DirectConstructorHandleAccessor.java:62)
[info]   at java.base/java.lang.reflect.Constructor.newInstanceWithCaller(Constructor.java:502)
[info]   at java.base/java.lang.reflect.Constructor.newInstance(Constructor.java:486)
[info]   at frameless.TypedExpressionEncoder$.$anonfun$apply$3(TypedExpressionEncoder.scala:55)
[info]   at scala.Option.map(Option.scala:242)
[info]   at frameless.TypedExpressionEncoder$.apply(TypedExpressionEncoder.scala:54)
[info]   at frameless.TypedDataset$.create(TypedDataset.scala:1325)
[info]   at frameless.functions.UnaryFunctionsTest.prop$1(UnaryFunctionsTest.scala:14)
[info]   at frameless.functions.UnaryFunctionsTest.$anonfun$new$11(UnaryFunctionsTest.scala:22)
[info]   at scala.Function1.$anonfun$andThen$1(Function1.scala:87)
[info]   at org.scalacheck.Prop$.$anonfun$forAllShrink$2(Prop.scala:868)
[info]   at org.scalacheck.Prop$.secure(Prop.scala:484)
[info]   at org.scalacheck.Prop$.result$1(Prop.scala:868)
[info]   at org.scalacheck.Prop$.$anonfun$forAllShrink$1(Prop.scala:915)
[info]   at org.scalacheck.Prop$.$anonfun$apply$1(Prop.scala:305)
[info]   at org.scalacheck.PropFromFun.apply(Prop.scala:20)
[info]   at org.scalacheck.Test$.workerFun$1(Test.scala:486)
[info]   at org.scalacheck.Test$.$anonfun$check$4(Test.scala:518)
[info]   at org.scalacheck.Test$.$anonfun$check$4$adapted(Test.scala:518)
[info]   at org.scalacheck.Platform$.runWorkers(Platform.scala:42)
[info]   at org.scalacheck.Test$.check(Test.scala:518)
[info]   at org.scalatestplus.scalacheck.UnitCheckerAsserting$CheckerAssertingImpl.check(CheckerAsserting.scala:90)
[info]   at org.scalatestplus.scalacheck.Checkers.check(Checkers.scala:371)
[info]   at org.scalatestplus.scalacheck.Checkers.check$(Checkers.scala:369)
[info]   at frameless.TypedDatasetSuite.check(TypedDatasetSuite.scala:63)
[info]   at frameless.functions.UnaryFunctionsTest.$anonfun$new$1(UnaryFunctionsTest.scala:22)
[info]   at org.scalatest.OutcomeOf.outcomeOf(OutcomeOf.scala:85)
[info]   at org.scalatest.OutcomeOf.outcomeOf$(OutcomeOf.scala:83)
[info]   at org.scalatest.OutcomeOf$.outcomeOf(OutcomeOf.scala:104)
[info]   at org.scalatest.Transformer.apply(Transformer.scala:22)
[info]   at org.scalatest.Transformer.apply(Transformer.scala:20)
[info]   at org.scalatest.funsuite.AnyFunSuiteLike$$anon$1.apply(AnyFunSuiteLike.scala:226)
[info]   at org.scalatest.TestSuite.withFixture(TestSuite.scala:196)
[info]   at org.scalatest.TestSuite.withFixture$(TestSuite.scala:195)
[info]   at org.scalatest.funsuite.AnyFunSuite.withFixture(AnyFunSuite.scala:1564)
[info]   at org.scalatest.funsuite.AnyFunSuiteLike.invokeWithFixture$1(AnyFunSuiteLike.scala:224)
[info]   at org.scalatest.funsuite.AnyFunSuiteLike.$anonfun$runTest$1(AnyFunSuiteLike.scala:236)
[info]   at org.scalatest.SuperEngine.runTestImpl(Engine.scala:306)
[info]   at org.scalatest.funsuite.AnyFunSuiteLike.runTest(AnyFunSuiteLike.scala:236)
[info]   at org.scalatest.funsuite.AnyFunSuiteLike.runTest$(AnyFunSuiteLike.scala:218)
[info]   at org.scalatest.funsuite.AnyFunSuite.runTest(AnyFunSuite.scala:1564)
[info]   at org.scalatest.funsuite.AnyFunSuiteLike.$anonfun$runTests$1(AnyFunSuiteLike.scala:269)
[info]   at org.scalatest.SuperEngine.$anonfun$runTestsInBranch$1(Engine.scala:413)
[info]   at scala.collection.immutable.List.foreach(List.scala:334)
[info]   at org.scalatest.SuperEngine.traverseSubNodes$1(Engine.scala:401)
[info]   at org.scalatest.SuperEngine.runTestsInBranch(Engine.scala:396)
[info]   at org.scalatest.SuperEngine.runTestsImpl(Engine.scala:475)
[info]   at org.scalatest.funsuite.AnyFunSuiteLike.runTests(AnyFunSuiteLike.scala:269)
[info]   at org.scalatest.funsuite.AnyFunSuiteLike.runTests$(AnyFunSuiteLike.scala:268)
[info]   at org.scalatest.funsuite.AnyFunSuite.runTests(AnyFunSuite.scala:1564)
[info]   at org.scalatest.Suite.run(Suite.scala:1114)
[info]   at org.scalatest.Suite.run$(Suite.scala:1096)
[info]   at org.scalatest.funsuite.AnyFunSuite.org$scalatest$funsuite$AnyFunSuiteLike$$super$run(AnyFunSuite.scala:1564)
[info]   at org.scalatest.funsuite.AnyFunSuiteLike.$anonfun$run$1(AnyFunSuiteLike.scala:273)
[info]   at org.scalatest.SuperEngine.runImpl(Engine.scala:535)
[info]   at org.scalatest.funsuite.AnyFunSuiteLike.run(AnyFunSuiteLike.scala:273)
[info]   at org.scalatest.funsuite.AnyFunSuiteLike.run$(AnyFunSuiteLike.scala:272)
[info]   at frameless.TypedDatasetSuite.org$scalatest$BeforeAndAfterAll$$super$run(TypedDatasetSuite.scala:63)
[info]   at org.scalatest.BeforeAndAfterAll.liftedTree1$1(BeforeAndAfterAll.scala:213)
[info]   at org.scalatest.BeforeAndAfterAll.run(BeforeAndAfterAll.scala:210)
[info]   at org.scalatest.BeforeAndAfterAll.run$(BeforeAndAfterAll.scala:208)
[info]   at frameless.TypedDatasetSuite.run(TypedDatasetSuite.scala:63)
[info]   at org.scalatest.tools.Framework.org$scalatest$tools$Framework$$runSuite(Framework.scala:321)
[info]   at org.scalatest.tools.Framework$ScalaTestTask.execute(Framework.scala:517)
[info]   at sbt.ForkMain$Run.lambda$runTest$1(ForkMain.java:414)
[info]   at java.base/java.util.concurrent.FutureTask.run(FutureTask.java:317)
[info]   at java.base/java.util.concurrent.ThreadPoolExecutor.runWorker(ThreadPoolExecutor.java:1144)
[info]   at java.base/java.util.concurrent.ThreadPoolExecutor$Worker.run(ThreadPoolExecutor.java:642)
[info]   at java.base/java.lang.Thread.run(Thread.java:1583)
[info] - size on array test *** FAILED *** (6 milliseconds)
[info]   IllegalArgumentException was thrown during property evaluation.
[info]     Message: argument type mismatch
[info]     Occurred when passed generated values (
[info]       arg0 = List()
[info]     )
[info]   org.scalatest.exceptions.GeneratorDrivenPropertyCheckFailedException:
[info]   at org.scalatestplus.scalacheck.CheckerAsserting$$anon$2.indicateFailure(CheckerAsserting.scala:251)
[info]   at org.scalatestplus.scalacheck.CheckerAsserting$$anon$2.indicateFailure(CheckerAsserting.scala:238)
[info]   at org.scalatestplus.scalacheck.UnitCheckerAsserting$CheckerAssertingImpl.check(CheckerAsserting.scala:160)
[info]   at org.scalatestplus.scalacheck.Checkers.check(Checkers.scala:371)
[info]   at org.scalatestplus.scalacheck.Checkers.check$(Checkers.scala:369)
[info]   at frameless.TypedDatasetSuite.check(TypedDatasetSuite.scala:63)
[info]   at frameless.functions.UnaryFunctionsTest.$anonfun$new$29(UnaryFunctionsTest.scala:40)
[info]   at org.scalatest.OutcomeOf.outcomeOf(OutcomeOf.scala:85)
[info]   at org.scalatest.OutcomeOf.outcomeOf$(OutcomeOf.scala:83)
[info]   at org.scalatest.OutcomeOf$.outcomeOf(OutcomeOf.scala:104)
[info]   at org.scalatest.Transformer.apply(Transformer.scala:22)
[info]   at org.scalatest.Transformer.apply(Transformer.scala:20)
[info]   at org.scalatest.funsuite.AnyFunSuiteLike$$anon$1.apply(AnyFunSuiteLike.scala:226)
[info]   at org.scalatest.TestSuite.withFixture(TestSuite.scala:196)
[info]   at org.scalatest.TestSuite.withFixture$(TestSuite.scala:195)
[info]   at org.scalatest.funsuite.AnyFunSuite.withFixture(AnyFunSuite.scala:1564)
[info]   at org.scalatest.funsuite.AnyFunSuiteLike.invokeWithFixture$1(AnyFunSuiteLike.scala:224)
[info]   at org.scalatest.funsuite.AnyFunSuiteLike.$anonfun$runTest$1(AnyFunSuiteLike.scala:236)
[info]   at org.scalatest.SuperEngine.runTestImpl(Engine.scala:306)
[info]   at org.scalatest.funsuite.AnyFunSuiteLike.runTest(AnyFunSuiteLike.scala:236)
[info]   at org.scalatest.funsuite.AnyFunSuiteLike.runTest$(AnyFunSuiteLike.scala:218)
[info]   at org.scalatest.funsuite.AnyFunSuite.runTest(AnyFunSuite.scala:1564)
[info]   at org.scalatest.funsuite.AnyFunSuiteLike.$anonfun$runTests$1(AnyFunSuiteLike.scala:269)
[info]   at org.scalatest.SuperEngine.$anonfun$runTestsInBranch$1(Engine.scala:413)
[info]   at scala.collection.immutable.List.foreach(List.scala:334)
[info]   at org.scalatest.SuperEngine.traverseSubNodes$1(Engine.scala:401)
[info]   at org.scalatest.SuperEngine.runTestsInBranch(Engine.scala:396)
[info]   at org.scalatest.SuperEngine.runTestsImpl(Engine.scala:475)
[info]   at org.scalatest.funsuite.AnyFunSuiteLike.runTests(AnyFunSuiteLike.scala:269)
[info]   at org.scalatest.funsuite.AnyFunSuiteLike.runTests$(AnyFunSuiteLike.scala:268)
[info]   at org.scalatest.funsuite.AnyFunSuite.runTests(AnyFunSuite.scala:1564)
[info]   at org.scalatest.Suite.run(Suite.scala:1114)
[info]   at org.scalatest.Suite.run$(Suite.scala:1096)
[info]   at org.scalatest.funsuite.AnyFunSuite.org$scalatest$funsuite$AnyFunSuiteLike$$super$run(AnyFunSuite.scala:1564)
[info]   at org.scalatest.funsuite.AnyFunSuiteLike.$anonfun$run$1(AnyFunSuiteLike.scala:273)
[info]   at org.scalatest.SuperEngine.runImpl(Engine.scala:535)
[info]   at org.scalatest.funsuite.AnyFunSuiteLike.run(AnyFunSuiteLike.scala:273)
[info]   at org.scalatest.funsuite.AnyFunSuiteLike.run$(AnyFunSuiteLike.scala:272)
[info]   at frameless.TypedDatasetSuite.org$scalatest$BeforeAndAfterAll$$super$run(TypedDatasetSuite.scala:63)
[info]   at org.scalatest.BeforeAndAfterAll.liftedTree1$1(BeforeAndAfterAll.scala:213)
[info]   at org.scalatest.BeforeAndAfterAll.run(BeforeAndAfterAll.scala:210)
[info]   at org.scalatest.BeforeAndAfterAll.run$(BeforeAndAfterAll.scala:208)
[info]   at frameless.TypedDatasetSuite.run(TypedDatasetSuite.scala:63)
[info]   at org.scalatest.tools.Framework.org$scalatest$tools$Framework$$runSuite(Framework.scala:321)
[info]   at org.scalatest.tools.Framework$ScalaTestTask.execute(Framework.scala:517)
[info]   at sbt.ForkMain$Run.lambda$runTest$1(ForkMain.java:414)
[info]   at java.base/java.util.concurrent.FutureTask.run(FutureTask.java:317)
[info]   at java.base/java.util.concurrent.ThreadPoolExecutor.runWorker(ThreadPoolExecutor.java:1144)
[info]   at java.base/java.util.concurrent.ThreadPoolExecutor$Worker.run(ThreadPoolExecutor.java:642)
[info]   at java.base/java.lang.Thread.run(Thread.java:1583)
[info]   Cause: java.lang.IllegalArgumentException: argument type mismatch
[info]   at java.base/jdk.internal.reflect.DirectConstructorHandleAccessor.newInstance(DirectConstructorHandleAccessor.java:65)
[info]   at java.base/java.lang.reflect.Constructor.newInstanceWithCaller(Constructor.java:502)
[info]   at java.base/java.lang.reflect.Constructor.newInstance(Constructor.java:486)
[info]   at frameless.TypedExpressionEncoder$.$anonfun$apply$3(TypedExpressionEncoder.scala:55)
[info]   at scala.Option.map(Option.scala:242)
[info]   at frameless.TypedExpressionEncoder$.apply(TypedExpressionEncoder.scala:54)
[info]   at frameless.TypedDataset$.create(TypedDataset.scala:1325)
[info]   at frameless.functions.UnaryFunctionsTest.prop$2(UnaryFunctionsTest.scala:32)
[info]   at frameless.functions.UnaryFunctionsTest.$anonfun$new$40(UnaryFunctionsTest.scala:40)
[info]   at scala.Function1.$anonfun$andThen$1(Function1.scala:87)
[info]   at org.scalacheck.Prop$.$anonfun$forAllShrink$2(Prop.scala:868)
[info]   at org.scalacheck.Prop$.secure(Prop.scala:484)
[info]   at org.scalacheck.Prop$.result$1(Prop.scala:868)
[info]   at org.scalacheck.Prop$.$anonfun$forAllShrink$1(Prop.scala:915)
[info]   at org.scalacheck.Prop$.$anonfun$apply$1(Prop.scala:305)
[info]   at org.scalacheck.PropFromFun.apply(Prop.scala:20)
[info]   at org.scalacheck.Test$.workerFun$1(Test.scala:486)
[info]   at org.scalacheck.Test$.$anonfun$check$4(Test.scala:518)
[info]   at org.scalacheck.Test$.$anonfun$check$4$adapted(Test.scala:518)
[info]   at org.scalacheck.Platform$.runWorkers(Platform.scala:42)
[info]   at org.scalacheck.Test$.check(Test.scala:518)
[info]   at org.scalatestplus.scalacheck.UnitCheckerAsserting$CheckerAssertingImpl.check(CheckerAsserting.scala:90)
[info]   at org.scalatestplus.scalacheck.Checkers.check(Checkers.scala:371)
[info]   at org.scalatestplus.scalacheck.Checkers.check$(Checkers.scala:369)
[info]   at frameless.TypedDatasetSuite.check(TypedDatasetSuite.scala:63)
[info]   at frameless.functions.UnaryFunctionsTest.$anonfun$new$29(UnaryFunctionsTest.scala:40)
[info]   at org.scalatest.OutcomeOf.outcomeOf(OutcomeOf.scala:85)
[info]   at org.scalatest.OutcomeOf.outcomeOf$(OutcomeOf.scala:83)
[info]   at org.scalatest.OutcomeOf$.outcomeOf(OutcomeOf.scala:104)
[info]   at org.scalatest.Transformer.apply(Transformer.scala:22)
[info]   at org.scalatest.Transformer.apply(Transformer.scala:20)
[info]   at org.scalatest.funsuite.AnyFunSuiteLike$$anon$1.apply(AnyFunSuiteLike.scala:226)
[info]   at org.scalatest.TestSuite.withFixture(TestSuite.scala:196)
[info]   at org.scalatest.TestSuite.withFixture$(TestSuite.scala:195)
[info]   at org.scalatest.funsuite.AnyFunSuite.withFixture(AnyFunSuite.scala:1564)
[info]   at org.scalatest.funsuite.AnyFunSuiteLike.invokeWithFixture$1(AnyFunSuiteLike.scala:224)
[info]   at org.scalatest.funsuite.AnyFunSuiteLike.$anonfun$runTest$1(AnyFunSuiteLike.scala:236)
[info]   at org.scalatest.SuperEngine.runTestImpl(Engine.scala:306)
[info]   at org.scalatest.funsuite.AnyFunSuiteLike.runTest(AnyFunSuiteLike.scala:236)
[info]   at org.scalatest.funsuite.AnyFunSuiteLike.runTest$(AnyFunSuiteLike.scala:218)
[info]   at org.scalatest.funsuite.AnyFunSuite.runTest(AnyFunSuite.scala:1564)
[info]   at org.scalatest.funsuite.AnyFunSuiteLike.$anonfun$runTests$1(AnyFunSuiteLike.scala:269)
[info]   at org.scalatest.SuperEngine.$anonfun$runTestsInBranch$1(Engine.scala:413)
[info]   at scala.collection.immutable.List.foreach(List.scala:334)
[info]   at org.scalatest.SuperEngine.traverseSubNodes$1(Engine.scala:401)
[info]   at org.scalatest.SuperEngine.runTestsInBranch(Engine.scala:396)
[info]   at org.scalatest.SuperEngine.runTestsImpl(Engine.scala:475)
[info]   at org.scalatest.funsuite.AnyFunSuiteLike.runTests(AnyFunSuiteLike.scala:269)
[info]   at org.scalatest.funsuite.AnyFunSuiteLike.runTests$(AnyFunSuiteLike.scala:268)
[info]   at org.scalatest.funsuite.AnyFunSuite.runTests(AnyFunSuite.scala:1564)
[info]   at org.scalatest.Suite.run(Suite.scala:1114)
[info]   at org.scalatest.Suite.run$(Suite.scala:1096)
[info]   at org.scalatest.funsuite.AnyFunSuite.org$scalatest$funsuite$AnyFunSuiteLike$$super$run(AnyFunSuite.scala:1564)
[info]   at org.scalatest.funsuite.AnyFunSuiteLike.$anonfun$run$1(AnyFunSuiteLike.scala:273)
[info]   at org.scalatest.SuperEngine.runImpl(Engine.scala:535)
[info]   at org.scalatest.funsuite.AnyFunSuiteLike.run(AnyFunSuiteLike.scala:273)
[info]   at org.scalatest.funsuite.AnyFunSuiteLike.run$(AnyFunSuiteLike.scala:272)
[info]   at frameless.TypedDatasetSuite.org$scalatest$BeforeAndAfterAll$$super$run(TypedDatasetSuite.scala:63)
[info]   at org.scalatest.BeforeAndAfterAll.liftedTree1$1(BeforeAndAfterAll.scala:213)
[info]   at org.scalatest.BeforeAndAfterAll.run(BeforeAndAfterAll.scala:210)
[info]   at org.scalatest.BeforeAndAfterAll.run$(BeforeAndAfterAll.scala:208)
[info]   at frameless.TypedDatasetSuite.run(TypedDatasetSuite.scala:63)
[info]   at org.scalatest.tools.Framework.org$scalatest$tools$Framework$$runSuite(Framework.scala:321)
[info]   at org.scalatest.tools.Framework$ScalaTestTask.execute(Framework.scala:517)
[info]   at sbt.ForkMain$Run.lambda$runTest$1(ForkMain.java:414)
[info]   at java.base/java.util.concurrent.FutureTask.run(FutureTask.java:317)
[info]   at java.base/java.util.concurrent.ThreadPoolExecutor.runWorker(ThreadPoolExecutor.java:1144)
[info]   at java.base/java.util.concurrent.ThreadPoolExecutor$Worker.run(ThreadPoolExecutor.java:642)
[info]   at java.base/java.lang.Thread.run(Thread.java:1583)
[info]   Cause: java.lang.ClassCastException: Cannot cast scala.reflect.ClassTag$GenericClassTag to org.apache.spark.sql.catalyst.expressions.Expression
[info]   at java.base/java.lang.Class.cast(Class.java:4067)
[info]   at java.base/jdk.internal.reflect.DirectConstructorHandleAccessor.newInstance(DirectConstructorHandleAccessor.java:62)
[info]   at java.base/java.lang.reflect.Constructor.newInstanceWithCaller(Constructor.java:502)
[info]   at java.base/java.lang.reflect.Constructor.newInstance(Constructor.java:486)
[info]   at frameless.TypedExpressionEncoder$.$anonfun$apply$3(TypedExpressionEncoder.scala:55)
[info]   at scala.Option.map(Option.scala:242)
[info]   at frameless.TypedExpressionEncoder$.apply(TypedExpressionEncoder.scala:54)
[info]   at frameless.TypedDataset$.create(TypedDataset.scala:1325)
[info]   at frameless.functions.UnaryFunctionsTest.prop$2(UnaryFunctionsTest.scala:32)
[info]   at frameless.functions.UnaryFunctionsTest.$anonfun$new$40(UnaryFunctionsTest.scala:40)
[info]   at scala.Function1.$anonfun$andThen$1(Function1.scala:87)
[info]   at org.scalacheck.Prop$.$anonfun$forAllShrink$2(Prop.scala:868)
[info]   at org.scalacheck.Prop$.secure(Prop.scala:484)
[info]   at org.scalacheck.Prop$.result$1(Prop.scala:868)
[info]   at org.scalacheck.Prop$.$anonfun$forAllShrink$1(Prop.scala:915)
[info]   at org.scalacheck.Prop$.$anonfun$apply$1(Prop.scala:305)
[info]   at org.scalacheck.PropFromFun.apply(Prop.scala:20)
[info]   at org.scalacheck.Test$.workerFun$1(Test.scala:486)
[info]   at org.scalacheck.Test$.$anonfun$check$4(Test.scala:518)
[info]   at org.scalacheck.Test$.$anonfun$check$4$adapted(Test.scala:518)
[info]   at org.scalacheck.Platform$.runWorkers(Platform.scala:42)
[info]   at org.scalacheck.Test$.check(Test.scala:518)
[info]   at org.scalatestplus.scalacheck.UnitCheckerAsserting$CheckerAssertingImpl.check(CheckerAsserting.scala:90)
[info]   at org.scalatestplus.scalacheck.Checkers.check(Checkers.scala:371)
[info]   at org.scalatestplus.scalacheck.Checkers.check$(Checkers.scala:369)
[info]   at frameless.TypedDatasetSuite.check(TypedDatasetSuite.scala:63)
[info]   at frameless.functions.UnaryFunctionsTest.$anonfun$new$29(UnaryFunctionsTest.scala:40)
[info]   at org.scalatest.OutcomeOf.outcomeOf(OutcomeOf.scala:85)
[info]   at org.scalatest.OutcomeOf.outcomeOf$(OutcomeOf.scala:83)
[info]   at org.scalatest.OutcomeOf$.outcomeOf(OutcomeOf.scala:104)
[info]   at org.scalatest.Transformer.apply(Transformer.scala:22)
[info]   at org.scalatest.Transformer.apply(Transformer.scala:20)
[info]   at org.scalatest.funsuite.AnyFunSuiteLike$$anon$1.apply(AnyFunSuiteLike.scala:226)
[info]   at org.scalatest.TestSuite.withFixture(TestSuite.scala:196)
[info]   at org.scalatest.TestSuite.withFixture$(TestSuite.scala:195)
[info]   at org.scalatest.funsuite.AnyFunSuite.withFixture(AnyFunSuite.scala:1564)
[info]   at org.scalatest.funsuite.AnyFunSuiteLike.invokeWithFixture$1(AnyFunSuiteLike.scala:224)
[info]   at org.scalatest.funsuite.AnyFunSuiteLike.$anonfun$runTest$1(AnyFunSuiteLike.scala:236)
[info]   at org.scalatest.SuperEngine.runTestImpl(Engine.scala:306)
[info]   at org.scalatest.funsuite.AnyFunSuiteLike.runTest(AnyFunSuiteLike.scala:236)
[info]   at org.scalatest.funsuite.AnyFunSuiteLike.runTest$(AnyFunSuiteLike.scala:218)
[info]   at org.scalatest.funsuite.AnyFunSuite.runTest(AnyFunSuite.scala:1564)
[info]   at org.scalatest.funsuite.AnyFunSuiteLike.$anonfun$runTests$1(AnyFunSuiteLike.scala:269)
[info]   at org.scalatest.SuperEngine.$anonfun$runTestsInBranch$1(Engine.scala:413)
[info]   at scala.collection.immutable.List.foreach(List.scala:334)
[info]   at org.scalatest.SuperEngine.traverseSubNodes$1(Engine.scala:401)
[info]   at org.scalatest.SuperEngine.runTestsInBranch(Engine.scala:396)
[info]   at org.scalatest.SuperEngine.runTestsImpl(Engine.scala:475)
[info]   at org.scalatest.funsuite.AnyFunSuiteLike.runTests(AnyFunSuiteLike.scala:269)
[info]   at org.scalatest.funsuite.AnyFunSuiteLike.runTests$(AnyFunSuiteLike.scala:268)
[info]   at org.scalatest.funsuite.AnyFunSuite.runTests(AnyFunSuite.scala:1564)
[info]   at org.scalatest.Suite.run(Suite.scala:1114)
[info]   at org.scalatest.Suite.run$(Suite.scala:1096)
[info]   at org.scalatest.funsuite.AnyFunSuite.org$scalatest$funsuite$AnyFunSuiteLike$$super$run(AnyFunSuite.scala:1564)
[info]   at org.scalatest.funsuite.AnyFunSuiteLike.$anonfun$run$1(AnyFunSuiteLike.scala:273)
[info]   at org.scalatest.SuperEngine.runImpl(Engine.scala:535)
[info]   at org.scalatest.funsuite.AnyFunSuiteLike.run(AnyFunSuiteLike.scala:273)
[info]   at org.scalatest.funsuite.AnyFunSuiteLike.run$(AnyFunSuiteLike.scala:272)
[info]   at frameless.TypedDatasetSuite.org$scalatest$BeforeAndAfterAll$$super$run(TypedDatasetSuite.scala:63)
[info]   at org.scalatest.BeforeAndAfterAll.liftedTree1$1(BeforeAndAfterAll.scala:213)
[info]   at org.scalatest.BeforeAndAfterAll.run(BeforeAndAfterAll.scala:210)
[info]   at org.scalatest.BeforeAndAfterAll.run$(BeforeAndAfterAll.scala:208)
[info]   at frameless.TypedDatasetSuite.run(TypedDatasetSuite.scala:63)
[info]   at org.scalatest.tools.Framework.org$scalatest$tools$Framework$$runSuite(Framework.scala:321)
[info]   at org.scalatest.tools.Framework$ScalaTestTask.execute(Framework.scala:517)
[info]   at sbt.ForkMain$Run.lambda$runTest$1(ForkMain.java:414)
[info]   at java.base/java.util.concurrent.FutureTask.run(FutureTask.java:317)
[info]   at java.base/java.util.concurrent.ThreadPoolExecutor.runWorker(ThreadPoolExecutor.java:1144)
[info]   at java.base/java.util.concurrent.ThreadPoolExecutor$Worker.run(ThreadPoolExecutor.java:642)
[info]   at java.base/java.lang.Thread.run(Thread.java:1583)
[info] - size on Map *** FAILED *** (9 milliseconds)
[info]   IllegalArgumentException was thrown during property evaluation.
[info]     Message: argument type mismatch
[info]     Occurred when passed generated values (
[info]       arg0 = List()
[info]     )
[info]   org.scalatest.exceptions.GeneratorDrivenPropertyCheckFailedException:
[info]   at org.scalatestplus.scalacheck.CheckerAsserting$$anon$2.indicateFailure(CheckerAsserting.scala:251)
[info]   at org.scalatestplus.scalacheck.CheckerAsserting$$anon$2.indicateFailure(CheckerAsserting.scala:238)
[info]   at org.scalatestplus.scalacheck.UnitCheckerAsserting$CheckerAssertingImpl.check(CheckerAsserting.scala:160)
[info]   at org.scalatestplus.scalacheck.Checkers.check(Checkers.scala:371)
[info]   at org.scalatestplus.scalacheck.Checkers.check$(Checkers.scala:369)
[info]   at frameless.TypedDatasetSuite.check(TypedDatasetSuite.scala:63)
[info]   at frameless.functions.UnaryFunctionsTest.$anonfun$new$53(UnaryFunctionsTest.scala:55)
[info]   at org.scalatest.OutcomeOf.outcomeOf(OutcomeOf.scala:85)
[info]   at org.scalatest.OutcomeOf.outcomeOf$(OutcomeOf.scala:83)
[info]   at org.scalatest.OutcomeOf$.outcomeOf(OutcomeOf.scala:104)
[info]   at org.scalatest.Transformer.apply(Transformer.scala:22)
[info]   at org.scalatest.Transformer.apply(Transformer.scala:20)
[info]   at org.scalatest.funsuite.AnyFunSuiteLike$$anon$1.apply(AnyFunSuiteLike.scala:226)
[info]   at org.scalatest.TestSuite.withFixture(TestSuite.scala:196)
[info]   at org.scalatest.TestSuite.withFixture$(TestSuite.scala:195)
[info]   at org.scalatest.funsuite.AnyFunSuite.withFixture(AnyFunSuite.scala:1564)
[info]   at org.scalatest.funsuite.AnyFunSuiteLike.invokeWithFixture$1(AnyFunSuiteLike.scala:224)
[info]   at org.scalatest.funsuite.AnyFunSuiteLike.$anonfun$runTest$1(AnyFunSuiteLike.scala:236)
[info]   at org.scalatest.SuperEngine.runTestImpl(Engine.scala:306)
[info]   at org.scalatest.funsuite.AnyFunSuiteLike.runTest(AnyFunSuiteLike.scala:236)
[info]   at org.scalatest.funsuite.AnyFunSuiteLike.runTest$(AnyFunSuiteLike.scala:218)
[info]   at org.scalatest.funsuite.AnyFunSuite.runTest(AnyFunSuite.scala:1564)
[info]   at org.scalatest.funsuite.AnyFunSuiteLike.$anonfun$runTests$1(AnyFunSuiteLike.scala:269)
[info]   at org.scalatest.SuperEngine.$anonfun$runTestsInBranch$1(Engine.scala:413)
[info]   at scala.collection.immutable.List.foreach(List.scala:334)
[info]   at org.scalatest.SuperEngine.traverseSubNodes$1(Engine.scala:401)
[info]   at org.scalatest.SuperEngine.runTestsInBranch(Engine.scala:396)
[info]   at org.scalatest.SuperEngine.runTestsImpl(Engine.scala:475)
[info]   at org.scalatest.funsuite.AnyFunSuiteLike.runTests(AnyFunSuiteLike.scala:269)
[info]   at org.scalatest.funsuite.AnyFunSuiteLike.runTests$(AnyFunSuiteLike.scala:268)
[info]   at org.scalatest.funsuite.AnyFunSuite.runTests(AnyFunSuite.scala:1564)
[info]   at org.scalatest.Suite.run(Suite.scala:1114)
[info]   at org.scalatest.Suite.run$(Suite.scala:1096)
[info]   at org.scalatest.funsuite.AnyFunSuite.org$scalatest$funsuite$AnyFunSuiteLike$$super$run(AnyFunSuite.scala:1564)
[info]   at org.scalatest.funsuite.AnyFunSuiteLike.$anonfun$run$1(AnyFunSuiteLike.scala:273)
[info]   at org.scalatest.SuperEngine.runImpl(Engine.scala:535)
[info]   at org.scalatest.funsuite.AnyFunSuiteLike.run(AnyFunSuiteLike.scala:273)
[info]   at org.scalatest.funsuite.AnyFunSuiteLike.run$(AnyFunSuiteLike.scala:272)
[info]   at frameless.TypedDatasetSuite.org$scalatest$BeforeAndAfterAll$$super$run(TypedDatasetSuite.scala:63)
[info]   at org.scalatest.BeforeAndAfterAll.liftedTree1$1(BeforeAndAfterAll.scala:213)
[info]   at org.scalatest.BeforeAndAfterAll.run(BeforeAndAfterAll.scala:210)
[info]   at org.scalatest.BeforeAndAfterAll.run$(BeforeAndAfterAll.scala:208)
[info]   at frameless.TypedDatasetSuite.run(TypedDatasetSuite.scala:63)
[info]   at org.scalatest.tools.Framework.org$scalatest$tools$Framework$$runSuite(Framework.scala:321)
[info]   at org.scalatest.tools.Framework$ScalaTestTask.execute(Framework.scala:517)
[info]   at sbt.ForkMain$Run.lambda$runTest$1(ForkMain.java:414)
[info]   at java.base/java.util.concurrent.FutureTask.run(FutureTask.java:317)
[info]   at java.base/java.util.concurrent.ThreadPoolExecutor.runWorker(ThreadPoolExecutor.java:1144)
[info]   at java.base/java.util.concurrent.ThreadPoolExecutor$Worker.run(ThreadPoolExecutor.java:642)
[info]   at java.base/java.lang.Thread.run(Thread.java:1583)
[info]   Cause: java.lang.IllegalArgumentException: argument type mismatch
[info]   at java.base/jdk.internal.reflect.DirectConstructorHandleAccessor.newInstance(DirectConstructorHandleAccessor.java:65)
[info]   at java.base/java.lang.reflect.Constructor.newInstanceWithCaller(Constructor.java:502)
[info]   at java.base/java.lang.reflect.Constructor.newInstance(Constructor.java:486)
[info]   at frameless.TypedExpressionEncoder$.$anonfun$apply$3(TypedExpressionEncoder.scala:55)
[info]   at scala.Option.map(Option.scala:242)
[info]   at frameless.TypedExpressionEncoder$.apply(TypedExpressionEncoder.scala:54)
[info]   at frameless.TypedDataset$.create(TypedDataset.scala:1325)
[info]   at frameless.functions.UnaryFunctionsTest.prop$3(UnaryFunctionsTest.scala:47)
[info]   at frameless.functions.UnaryFunctionsTest.$anonfun$new$63(UnaryFunctionsTest.scala:55)
[info]   at scala.Function1.$anonfun$andThen$1(Function1.scala:87)
[info]   at org.scalacheck.Prop$.$anonfun$forAllShrink$2(Prop.scala:868)
[info]   at org.scalacheck.Prop$.secure(Prop.scala:484)
[info]   at org.scalacheck.Prop$.result$1(Prop.scala:868)
[info]   at org.scalacheck.Prop$.$anonfun$forAllShrink$1(Prop.scala:915)
[info]   at org.scalacheck.Prop$.$anonfun$apply$1(Prop.scala:305)
[info]   at org.scalacheck.PropFromFun.apply(Prop.scala:20)
[info]   at org.scalacheck.Test$.workerFun$1(Test.scala:486)
[info]   at org.scalacheck.Test$.$anonfun$check$4(Test.scala:518)
[info]   at org.scalacheck.Test$.$anonfun$check$4$adapted(Test.scala:518)
[info]   at org.scalacheck.Platform$.runWorkers(Platform.scala:42)
[info]   at org.scalacheck.Test$.check(Test.scala:518)
[info]   at org.scalatestplus.scalacheck.UnitCheckerAsserting$CheckerAssertingImpl.check(CheckerAsserting.scala:90)
[info]   at org.scalatestplus.scalacheck.Checkers.check(Checkers.scala:371)
[info]   at org.scalatestplus.scalacheck.Checkers.check$(Checkers.scala:369)
[info]   at frameless.TypedDatasetSuite.check(TypedDatasetSuite.scala:63)
[info]   at frameless.functions.UnaryFunctionsTest.$anonfun$new$53(UnaryFunctionsTest.scala:55)
[info]   at org.scalatest.OutcomeOf.outcomeOf(OutcomeOf.scala:85)
[info]   at org.scalatest.OutcomeOf.outcomeOf$(OutcomeOf.scala:83)
[info]   at org.scalatest.OutcomeOf$.outcomeOf(OutcomeOf.scala:104)
[info]   at org.scalatest.Transformer.apply(Transformer.scala:22)
[info]   at org.scalatest.Transformer.apply(Transformer.scala:20)
[info]   at org.scalatest.funsuite.AnyFunSuiteLike$$anon$1.apply(AnyFunSuiteLike.scala:226)
[info]   at org.scalatest.TestSuite.withFixture(TestSuite.scala:196)
[info]   at org.scalatest.TestSuite.withFixture$(TestSuite.scala:195)
[info]   at org.scalatest.funsuite.AnyFunSuite.withFixture(AnyFunSuite.scala:1564)
[info]   at org.scalatest.funsuite.AnyFunSuiteLike.invokeWithFixture$1(AnyFunSuiteLike.scala:224)
[info]   at org.scalatest.funsuite.AnyFunSuiteLike.$anonfun$runTest$1(AnyFunSuiteLike.scala:236)
[info]   at org.scalatest.SuperEngine.runTestImpl(Engine.scala:306)
[info]   at org.scalatest.funsuite.AnyFunSuiteLike.runTest(AnyFunSuiteLike.scala:236)
[info]   at org.scalatest.funsuite.AnyFunSuiteLike.runTest$(AnyFunSuiteLike.scala:218)
[info]   at org.scalatest.funsuite.AnyFunSuite.runTest(AnyFunSuite.scala:1564)
[info]   at org.scalatest.funsuite.AnyFunSuiteLike.$anonfun$runTests$1(AnyFunSuiteLike.scala:269)
[info]   at org.scalatest.SuperEngine.$anonfun$runTestsInBranch$1(Engine.scala:413)
[info]   at scala.collection.immutable.List.foreach(List.scala:334)
[info]   at org.scalatest.SuperEngine.traverseSubNodes$1(Engine.scala:401)
[info]   at org.scalatest.SuperEngine.runTestsInBranch(Engine.scala:396)
[info]   at org.scalatest.SuperEngine.runTestsImpl(Engine.scala:475)
[info]   at org.scalatest.funsuite.AnyFunSuiteLike.runTests(AnyFunSuiteLike.scala:269)
[info]   at org.scalatest.funsuite.AnyFunSuiteLike.runTests$(AnyFunSuiteLike.scala:268)
[info]   at org.scalatest.funsuite.AnyFunSuite.runTests(AnyFunSuite.scala:1564)
[info]   at org.scalatest.Suite.run(Suite.scala:1114)
[info]   at org.scalatest.Suite.run$(Suite.scala:1096)
[info]   at org.scalatest.funsuite.AnyFunSuite.org$scalatest$funsuite$AnyFunSuiteLike$$super$run(AnyFunSuite.scala:1564)
[info]   at org.scalatest.funsuite.AnyFunSuiteLike.$anonfun$run$1(AnyFunSuiteLike.scala:273)
[info]   at org.scalatest.SuperEngine.runImpl(Engine.scala:535)
[info]   at org.scalatest.funsuite.AnyFunSuiteLike.run(AnyFunSuiteLike.scala:273)
[info]   at org.scalatest.funsuite.AnyFunSuiteLike.run$(AnyFunSuiteLike.scala:272)
[info]   at frameless.TypedDatasetSuite.org$scalatest$BeforeAndAfterAll$$super$run(TypedDatasetSuite.scala:63)
[info]   at org.scalatest.BeforeAndAfterAll.liftedTree1$1(BeforeAndAfterAll.scala:213)
[info]   at org.scalatest.BeforeAndAfterAll.run(BeforeAndAfterAll.scala:210)
[info]   at org.scalatest.BeforeAndAfterAll.run$(BeforeAndAfterAll.scala:208)
[info]   at frameless.TypedDatasetSuite.run(TypedDatasetSuite.scala:63)
[info]   at org.scalatest.tools.Framework.org$scalatest$tools$Framework$$runSuite(Framework.scala:321)
[info]   at org.scalatest.tools.Framework$ScalaTestTask.execute(Framework.scala:517)
[info]   at sbt.ForkMain$Run.lambda$runTest$1(ForkMain.java:414)
[info]   at java.base/java.util.concurrent.FutureTask.run(FutureTask.java:317)
[info]   at java.base/java.util.concurrent.ThreadPoolExecutor.runWorker(ThreadPoolExecutor.java:1144)
[info]   at java.base/java.util.concurrent.ThreadPoolExecutor$Worker.run(ThreadPoolExecutor.java:642)
[info]   at java.base/java.lang.Thread.run(Thread.java:1583)
[info]   Cause: java.lang.ClassCastException: Cannot cast scala.reflect.ClassTag$GenericClassTag to org.apache.spark.sql.catalyst.expressions.Expression
[info]   at java.base/java.lang.Class.cast(Class.java:4067)
[info]   at java.base/jdk.internal.reflect.DirectConstructorHandleAccessor.newInstance(DirectConstructorHandleAccessor.java:62)
[info]   at java.base/java.lang.reflect.Constructor.newInstanceWithCaller(Constructor.java:502)
[info]   at java.base/java.lang.reflect.Constructor.newInstance(Constructor.java:486)
[info]   at frameless.TypedExpressionEncoder$.$anonfun$apply$3(TypedExpressionEncoder.scala:55)
[info]   at scala.Option.map(Option.scala:242)
[info]   at frameless.TypedExpressionEncoder$.apply(TypedExpressionEncoder.scala:54)
[info]   at frameless.TypedDataset$.create(TypedDataset.scala:1325)
[info]   at frameless.functions.UnaryFunctionsTest.prop$3(UnaryFunctionsTest.scala:47)
[info]   at frameless.functions.UnaryFunctionsTest.$anonfun$new$63(UnaryFunctionsTest.scala:55)
[info]   at scala.Function1.$anonfun$andThen$1(Function1.scala:87)
[info]   at org.scalacheck.Prop$.$anonfun$forAllShrink$2(Prop.scala:868)
[info]   at org.scalacheck.Prop$.secure(Prop.scala:484)
[info]   at org.scalacheck.Prop$.result$1(Prop.scala:868)
[info]   at org.scalacheck.Prop$.$anonfun$forAllShrink$1(Prop.scala:915)
[info]   at org.scalacheck.Prop$.$anonfun$apply$1(Prop.scala:305)
[info]   at org.scalacheck.PropFromFun.apply(Prop.scala:20)
[info]   at org.scalacheck.Test$.workerFun$1(Test.scala:486)
[info]   at org.scalacheck.Test$.$anonfun$check$4(Test.scala:518)
[info]   at org.scalacheck.Test$.$anonfun$check$4$adapted(Test.scala:518)
[info]   at org.scalacheck.Platform$.runWorkers(Platform.scala:42)
[info]   at org.scalacheck.Test$.check(Test.scala:518)
[info]   at org.scalatestplus.scalacheck.UnitCheckerAsserting$CheckerAssertingImpl.check(CheckerAsserting.scala:90)
[info]   at org.scalatestplus.scalacheck.Checkers.check(Checkers.scala:371)
[info]   at org.scalatestplus.scalacheck.Checkers.check$(Checkers.scala:369)
[info]   at frameless.TypedDatasetSuite.check(TypedDatasetSuite.scala:63)
[info]   at frameless.functions.UnaryFunctionsTest.$anonfun$new$53(UnaryFunctionsTest.scala:55)
[info]   at org.scalatest.OutcomeOf.outcomeOf(OutcomeOf.scala:85)
[info]   at org.scalatest.OutcomeOf.outcomeOf$(OutcomeOf.scala:83)
[info]   at org.scalatest.OutcomeOf$.outcomeOf(OutcomeOf.scala:104)
[info]   at org.scalatest.Transformer.apply(Transformer.scala:22)
[info]   at org.scalatest.Transformer.apply(Transformer.scala:20)
[info]   at org.scalatest.funsuite.AnyFunSuiteLike$$anon$1.apply(AnyFunSuiteLike.scala:226)
[info]   at org.scalatest.TestSuite.withFixture(TestSuite.scala:196)
[info]   at org.scalatest.TestSuite.withFixture$(TestSuite.scala:195)
[info]   at org.scalatest.funsuite.AnyFunSuite.withFixture(AnyFunSuite.scala:1564)
[info]   at org.scalatest.funsuite.AnyFunSuiteLike.invokeWithFixture$1(AnyFunSuiteLike.scala:224)
[info]   at org.scalatest.funsuite.AnyFunSuiteLike.$anonfun$runTest$1(AnyFunSuiteLike.scala:236)
[info]   at org.scalatest.SuperEngine.runTestImpl(Engine.scala:306)
[info]   at org.scalatest.funsuite.AnyFunSuiteLike.runTest(AnyFunSuiteLike.scala:236)
[info]   at org.scalatest.funsuite.AnyFunSuiteLike.runTest$(AnyFunSuiteLike.scala:218)
[info]   at org.scalatest.funsuite.AnyFunSuite.runTest(AnyFunSuite.scala:1564)
[info]   at org.scalatest.funsuite.AnyFunSuiteLike.$anonfun$runTests$1(AnyFunSuiteLike.scala:269)
[info]   at org.scalatest.SuperEngine.$anonfun$runTestsInBranch$1(Engine.scala:413)
[info]   at scala.collection.immutable.List.foreach(List.scala:334)
[info]   at org.scalatest.SuperEngine.traverseSubNodes$1(Engine.scala:401)
[info]   at org.scalatest.SuperEngine.runTestsInBranch(Engine.scala:396)
[info]   at org.scalatest.SuperEngine.runTestsImpl(Engine.scala:475)
[info]   at org.scalatest.funsuite.AnyFunSuiteLike.runTests(AnyFunSuiteLike.scala:269)
[info]   at org.scalatest.funsuite.AnyFunSuiteLike.runTests$(AnyFunSuiteLike.scala:268)
[info]   at org.scalatest.funsuite.AnyFunSuite.runTests(AnyFunSuite.scala:1564)
[info]   at org.scalatest.Suite.run(Suite.scala:1114)
[info]   at org.scalatest.Suite.run$(Suite.scala:1096)
[info]   at org.scalatest.funsuite.AnyFunSuite.org$scalatest$funsuite$AnyFunSuiteLike$$super$run(AnyFunSuite.scala:1564)
[info]   at org.scalatest.funsuite.AnyFunSuiteLike.$anonfun$run$1(AnyFunSuiteLike.scala:273)
[info]   at org.scalatest.SuperEngine.runImpl(Engine.scala:535)
[info]   at org.scalatest.funsuite.AnyFunSuiteLike.run(AnyFunSuiteLike.scala:273)
[info]   at org.scalatest.funsuite.AnyFunSuiteLike.run$(AnyFunSuiteLike.scala:272)
[info]   at frameless.TypedDatasetSuite.org$scalatest$BeforeAndAfterAll$$super$run(TypedDatasetSuite.scala:63)
[info]   at org.scalatest.BeforeAndAfterAll.liftedTree1$1(BeforeAndAfterAll.scala:213)
[info]   at org.scalatest.BeforeAndAfterAll.run(BeforeAndAfterAll.scala:210)
[info]   at org.scalatest.BeforeAndAfterAll.run$(BeforeAndAfterAll.scala:208)
[info]   at frameless.TypedDatasetSuite.run(TypedDatasetSuite.scala:63)
[info]   at org.scalatest.tools.Framework.org$scalatest$tools$Framework$$runSuite(Framework.scala:321)
[info]   at org.scalatest.tools.Framework$ScalaTestTask.execute(Framework.scala:517)
[info]   at sbt.ForkMain$Run.lambda$runTest$1(ForkMain.java:414)
[info]   at java.base/java.util.concurrent.FutureTask.run(FutureTask.java:317)
[info]   at java.base/java.util.concurrent.ThreadPoolExecutor.runWorker(ThreadPoolExecutor.java:1144)
[info]   at java.base/java.util.concurrent.ThreadPoolExecutor$Worker.run(ThreadPoolExecutor.java:642)
[info]   at java.base/java.lang.Thread.run(Thread.java:1583)
[info] - sort in ascending order *** FAILED *** (2 milliseconds)
[info]   IllegalArgumentException was thrown during property evaluation.
[info]     Message: argument type mismatch
[info]     Occurred when passed generated values (
[info]       arg0 = List()
[info]     )
[info]   org.scalatest.exceptions.GeneratorDrivenPropertyCheckFailedException:
[info]   at org.scalatestplus.scalacheck.CheckerAsserting$$anon$2.indicateFailure(CheckerAsserting.scala:251)
[info]   at org.scalatestplus.scalacheck.CheckerAsserting$$anon$2.indicateFailure(CheckerAsserting.scala:238)
[info]   at org.scalatestplus.scalacheck.UnitCheckerAsserting$CheckerAssertingImpl.check(CheckerAsserting.scala:160)
[info]   at org.scalatestplus.scalacheck.Checkers.check(Checkers.scala:371)
[info]   at org.scalatestplus.scalacheck.Checkers.check$(Checkers.scala:369)
[info]   at frameless.TypedDatasetSuite.check(TypedDatasetSuite.scala:63)
[info]   at frameless.functions.UnaryFunctionsTest.$anonfun$new$75(UnaryFunctionsTest.scala:70)
[info]   at org.scalatest.OutcomeOf.outcomeOf(OutcomeOf.scala:85)
[info]   at org.scalatest.OutcomeOf.outcomeOf$(OutcomeOf.scala:83)
[info]   at org.scalatest.OutcomeOf$.outcomeOf(OutcomeOf.scala:104)
[info]   at org.scalatest.Transformer.apply(Transformer.scala:22)
[info]   at org.scalatest.Transformer.apply(Transformer.scala:20)
[info]   at org.scalatest.funsuite.AnyFunSuiteLike$$anon$1.apply(AnyFunSuiteLike.scala:226)
[info]   at org.scalatest.TestSuite.withFixture(TestSuite.scala:196)
[info]   at org.scalatest.TestSuite.withFixture$(TestSuite.scala:195)
[info]   at org.scalatest.funsuite.AnyFunSuite.withFixture(AnyFunSuite.scala:1564)
[info]   at org.scalatest.funsuite.AnyFunSuiteLike.invokeWithFixture$1(AnyFunSuiteLike.scala:224)
[info]   at org.scalatest.funsuite.AnyFunSuiteLike.$anonfun$runTest$1(AnyFunSuiteLike.scala:236)
[info]   at org.scalatest.SuperEngine.runTestImpl(Engine.scala:306)
[info]   at org.scalatest.funsuite.AnyFunSuiteLike.runTest(AnyFunSuiteLike.scala:236)
[info]   at org.scalatest.funsuite.AnyFunSuiteLike.runTest$(AnyFunSuiteLike.scala:218)
[info]   at org.scalatest.funsuite.AnyFunSuite.runTest(AnyFunSuite.scala:1564)
[info]   at org.scalatest.funsuite.AnyFunSuiteLike.$anonfun$runTests$1(AnyFunSuiteLike.scala:269)
[info]   at org.scalatest.SuperEngine.$anonfun$runTestsInBranch$1(Engine.scala:413)
[info]   at scala.collection.immutable.List.foreach(List.scala:334)
[info]   at org.scalatest.SuperEngine.traverseSubNodes$1(Engine.scala:401)
[info]   at org.scalatest.SuperEngine.runTestsInBranch(Engine.scala:396)
[info]   at org.scalatest.SuperEngine.runTestsImpl(Engine.scala:475)
[info]   at org.scalatest.funsuite.AnyFunSuiteLike.runTests(AnyFunSuiteLike.scala:269)
[info]   at org.scalatest.funsuite.AnyFunSuiteLike.runTests$(AnyFunSuiteLike.scala:268)
[info]   at org.scalatest.funsuite.AnyFunSuite.runTests(AnyFunSuite.scala:1564)
[info]   at org.scalatest.Suite.run(Suite.scala:1114)
[info]   at org.scalatest.Suite.run$(Suite.scala:1096)
[info]   at org.scalatest.funsuite.AnyFunSuite.org$scalatest$funsuite$AnyFunSuiteLike$$super$run(AnyFunSuite.scala:1564)
[info]   at org.scalatest.funsuite.AnyFunSuiteLike.$anonfun$run$1(AnyFunSuiteLike.scala:273)
[info]   at org.scalatest.SuperEngine.runImpl(Engine.scala:535)
[info]   at org.scalatest.funsuite.AnyFunSuiteLike.run(AnyFunSuiteLike.scala:273)
[info]   at org.scalatest.funsuite.AnyFunSuiteLike.run$(AnyFunSuiteLike.scala:272)
[info]   at frameless.TypedDatasetSuite.org$scalatest$BeforeAndAfterAll$$super$run(TypedDatasetSuite.scala:63)
[info]   at org.scalatest.BeforeAndAfterAll.liftedTree1$1(BeforeAndAfterAll.scala:213)
[info]   at org.scalatest.BeforeAndAfterAll.run(BeforeAndAfterAll.scala:210)
[info]   at org.scalatest.BeforeAndAfterAll.run$(BeforeAndAfterAll.scala:208)
[info]   at frameless.TypedDatasetSuite.run(TypedDatasetSuite.scala:63)
[info]   at org.scalatest.tools.Framework.org$scalatest$tools$Framework$$runSuite(Framework.scala:321)
[info]   at org.scalatest.tools.Framework$ScalaTestTask.execute(Framework.scala:517)
[info]   at sbt.ForkMain$Run.lambda$runTest$1(ForkMain.java:414)
[info]   at java.base/java.util.concurrent.FutureTask.run(FutureTask.java:317)
[info]   at java.base/java.util.concurrent.ThreadPoolExecutor.runWorker(ThreadPoolExecutor.java:1144)
[info]   at java.base/java.util.concurrent.ThreadPoolExecutor$Worker.run(ThreadPoolExecutor.java:642)
[info]   at java.base/java.lang.Thread.run(Thread.java:1583)
[info]   Cause: java.lang.IllegalArgumentException: argument type mismatch
[info]   at java.base/jdk.internal.reflect.DirectConstructorHandleAccessor.newInstance(DirectConstructorHandleAccessor.java:65)
[info]   at java.base/java.lang.reflect.Constructor.newInstanceWithCaller(Constructor.java:502)
[info]   at java.base/java.lang.reflect.Constructor.newInstance(Constructor.java:486)
[info]   at frameless.TypedExpressionEncoder$.$anonfun$apply$3(TypedExpressionEncoder.scala:55)
[info]   at scala.Option.map(Option.scala:242)
[info]   at frameless.TypedExpressionEncoder$.apply(TypedExpressionEncoder.scala:54)
[info]   at frameless.TypedDataset$.create(TypedDataset.scala:1325)
[info]   at frameless.functions.UnaryFunctionsTest.prop$4(UnaryFunctionsTest.scala:62)
[info]   at frameless.functions.UnaryFunctionsTest.$anonfun$new$85(UnaryFunctionsTest.scala:70)
[info]   at scala.Function1.$anonfun$andThen$1(Function1.scala:87)
[info]   at org.scalacheck.Prop$.$anonfun$forAllShrink$2(Prop.scala:868)
[info]   at org.scalacheck.Prop$.secure(Prop.scala:484)
[info]   at org.scalacheck.Prop$.result$1(Prop.scala:868)
[info]   at org.scalacheck.Prop$.$anonfun$forAllShrink$1(Prop.scala:915)
[info]   at org.scalacheck.Prop$.$anonfun$apply$1(Prop.scala:305)
[info]   at org.scalacheck.PropFromFun.apply(Prop.scala:20)
[info]   at org.scalacheck.Test$.workerFun$1(Test.scala:486)
[info]   at org.scalacheck.Test$.$anonfun$check$4(Test.scala:518)
[info]   at org.scalacheck.Test$.$anonfun$check$4$adapted(Test.scala:518)
[info]   at org.scalacheck.Platform$.runWorkers(Platform.scala:42)
[info]   at org.scalacheck.Test$.check(Test.scala:518)
[info]   at org.scalatestplus.scalacheck.UnitCheckerAsserting$CheckerAssertingImpl.check(CheckerAsserting.scala:90)
[info]   at org.scalatestplus.scalacheck.Checkers.check(Checkers.scala:371)
[info]   at org.scalatestplus.scalacheck.Checkers.check$(Checkers.scala:369)
[info]   at frameless.TypedDatasetSuite.check(TypedDatasetSuite.scala:63)
[info]   at frameless.functions.UnaryFunctionsTest.$anonfun$new$75(UnaryFunctionsTest.scala:70)
[info]   at org.scalatest.OutcomeOf.outcomeOf(OutcomeOf.scala:85)
[info]   at org.scalatest.OutcomeOf.outcomeOf$(OutcomeOf.scala:83)
[info]   at org.scalatest.OutcomeOf$.outcomeOf(OutcomeOf.scala:104)
[info]   at org.scalatest.Transformer.apply(Transformer.scala:22)
[info]   at org.scalatest.Transformer.apply(Transformer.scala:20)
[info]   at org.scalatest.funsuite.AnyFunSuiteLike$$anon$1.apply(AnyFunSuiteLike.scala:226)
[info]   at org.scalatest.TestSuite.withFixture(TestSuite.scala:196)
[info]   at org.scalatest.TestSuite.withFixture$(TestSuite.scala:195)
[info]   at org.scalatest.funsuite.AnyFunSuite.withFixture(AnyFunSuite.scala:1564)
[info]   at org.scalatest.funsuite.AnyFunSuiteLike.invokeWithFixture$1(AnyFunSuiteLike.scala:224)
[info]   at org.scalatest.funsuite.AnyFunSuiteLike.$anonfun$runTest$1(AnyFunSuiteLike.scala:236)
[info]   at org.scalatest.SuperEngine.runTestImpl(Engine.scala:306)
[info]   at org.scalatest.funsuite.AnyFunSuiteLike.runTest(AnyFunSuiteLike.scala:236)
[info]   at org.scalatest.funsuite.AnyFunSuiteLike.runTest$(AnyFunSuiteLike.scala:218)
[info]   at org.scalatest.funsuite.AnyFunSuite.runTest(AnyFunSuite.scala:1564)
[info]   at org.scalatest.funsuite.AnyFunSuiteLike.$anonfun$runTests$1(AnyFunSuiteLike.scala:269)
[info]   at org.scalatest.SuperEngine.$anonfun$runTestsInBranch$1(Engine.scala:413)
[info]   at scala.collection.immutable.List.foreach(List.scala:334)
[info]   at org.scalatest.SuperEngine.traverseSubNodes$1(Engine.scala:401)
[info]   at org.scalatest.SuperEngine.runTestsInBranch(Engine.scala:396)
[info]   at org.scalatest.SuperEngine.runTestsImpl(Engine.scala:475)
[info]   at org.scalatest.funsuite.AnyFunSuiteLike.runTests(AnyFunSuiteLike.scala:269)
[info]   at org.scalatest.funsuite.AnyFunSuiteLike.runTests$(AnyFunSuiteLike.scala:268)
[info]   at org.scalatest.funsuite.AnyFunSuite.runTests(AnyFunSuite.scala:1564)
[info]   at org.scalatest.Suite.run(Suite.scala:1114)
[info]   at org.scalatest.Suite.run$(Suite.scala:1096)
[info]   at org.scalatest.funsuite.AnyFunSuite.org$scalatest$funsuite$AnyFunSuiteLike$$super$run(AnyFunSuite.scala:1564)
[info]   at org.scalatest.funsuite.AnyFunSuiteLike.$anonfun$run$1(AnyFunSuiteLike.scala:273)
[info]   at org.scalatest.SuperEngine.runImpl(Engine.scala:535)
[info]   at org.scalatest.funsuite.AnyFunSuiteLike.run(AnyFunSuiteLike.scala:273)
[info]   at org.scalatest.funsuite.AnyFunSuiteLike.run$(AnyFunSuiteLike.scala:272)
[info]   at frameless.TypedDatasetSuite.org$scalatest$BeforeAndAfterAll$$super$run(TypedDatasetSuite.scala:63)
[info]   at org.scalatest.BeforeAndAfterAll.liftedTree1$1(BeforeAndAfterAll.scala:213)
[info]   at org.scalatest.BeforeAndAfterAll.run(BeforeAndAfterAll.scala:210)
[info]   at org.scalatest.BeforeAndAfterAll.run$(BeforeAndAfterAll.scala:208)
[info]   at frameless.TypedDatasetSuite.run(TypedDatasetSuite.scala:63)
[info]   at org.scalatest.tools.Framework.org$scalatest$tools$Framework$$runSuite(Framework.scala:321)
[info]   at org.scalatest.tools.Framework$ScalaTestTask.execute(Framework.scala:517)
[info]   at sbt.ForkMain$Run.lambda$runTest$1(ForkMain.java:414)
[info]   at java.base/java.util.concurrent.FutureTask.run(FutureTask.java:317)
[info]   at java.base/java.util.concurrent.ThreadPoolExecutor.runWorker(ThreadPoolExecutor.java:1144)
[info]   at java.base/java.util.concurrent.ThreadPoolExecutor$Worker.run(ThreadPoolExecutor.java:642)
[info]   at java.base/java.lang.Thread.run(Thread.java:1583)
[info]   Cause: java.lang.ClassCastException: Cannot cast scala.reflect.ClassTag$GenericClassTag to org.apache.spark.sql.catalyst.expressions.Expression
[info]   at java.base/java.lang.Class.cast(Class.java:4067)
[info]   at java.base/jdk.internal.reflect.DirectConstructorHandleAccessor.newInstance(DirectConstructorHandleAccessor.java:62)
[info]   at java.base/java.lang.reflect.Constructor.newInstanceWithCaller(Constructor.java:502)
[info]   at java.base/java.lang.reflect.Constructor.newInstance(Constructor.java:486)
[info]   at frameless.TypedExpressionEncoder$.$anonfun$apply$3(TypedExpressionEncoder.scala:55)
[info]   at scala.Option.map(Option.scala:242)
[info]   at frameless.TypedExpressionEncoder$.apply(TypedExpressionEncoder.scala:54)
[info]   at frameless.TypedDataset$.create(TypedDataset.scala:1325)
[info]   at frameless.functions.UnaryFunctionsTest.prop$4(UnaryFunctionsTest.scala:62)
[info]   at frameless.functions.UnaryFunctionsTest.$anonfun$new$85(UnaryFunctionsTest.scala:70)
[info]   at scala.Function1.$anonfun$andThen$1(Function1.scala:87)
[info]   at org.scalacheck.Prop$.$anonfun$forAllShrink$2(Prop.scala:868)
[info]   at org.scalacheck.Prop$.secure(Prop.scala:484)
[info]   at org.scalacheck.Prop$.result$1(Prop.scala:868)
[info]   at org.scalacheck.Prop$.$anonfun$forAllShrink$1(Prop.scala:915)
[info]   at org.scalacheck.Prop$.$anonfun$apply$1(Prop.scala:305)
[info]   at org.scalacheck.PropFromFun.apply(Prop.scala:20)
[info]   at org.scalacheck.Test$.workerFun$1(Test.scala:486)
[info]   at org.scalacheck.Test$.$anonfun$check$4(Test.scala:518)
[info]   at org.scalacheck.Test$.$anonfun$check$4$adapted(Test.scala:518)
[info]   at org.scalacheck.Platform$.runWorkers(Platform.scala:42)
[info]   at org.scalacheck.Test$.check(Test.scala:518)
[info]   at org.scalatestplus.scalacheck.UnitCheckerAsserting$CheckerAssertingImpl.check(CheckerAsserting.scala:90)
[info]   at org.scalatestplus.scalacheck.Checkers.check(Checkers.scala:371)
[info]   at org.scalatestplus.scalacheck.Checkers.check$(Checkers.scala:369)
[info]   at frameless.TypedDatasetSuite.check(TypedDatasetSuite.scala:63)
[info]   at frameless.functions.UnaryFunctionsTest.$anonfun$new$75(UnaryFunctionsTest.scala:70)
[info]   at org.scalatest.OutcomeOf.outcomeOf(OutcomeOf.scala:85)
[info]   at org.scalatest.OutcomeOf.outcomeOf$(OutcomeOf.scala:83)
[info]   at org.scalatest.OutcomeOf$.outcomeOf(OutcomeOf.scala:104)
[info]   at org.scalatest.Transformer.apply(Transformer.scala:22)
[info]   at org.scalatest.Transformer.apply(Transformer.scala:20)
[info]   at org.scalatest.funsuite.AnyFunSuiteLike$$anon$1.apply(AnyFunSuiteLike.scala:226)
[info]   at org.scalatest.TestSuite.withFixture(TestSuite.scala:196)
[info]   at org.scalatest.TestSuite.withFixture$(TestSuite.scala:195)
[info]   at org.scalatest.funsuite.AnyFunSuite.withFixture(AnyFunSuite.scala:1564)
[info]   at org.scalatest.funsuite.AnyFunSuiteLike.invokeWithFixture$1(AnyFunSuiteLike.scala:224)
[info]   at org.scalatest.funsuite.AnyFunSuiteLike.$anonfun$runTest$1(AnyFunSuiteLike.scala:236)
[info]   at org.scalatest.SuperEngine.runTestImpl(Engine.scala:306)
[info]   at org.scalatest.funsuite.AnyFunSuiteLike.runTest(AnyFunSuiteLike.scala:236)
[info]   at org.scalatest.funsuite.AnyFunSuiteLike.runTest$(AnyFunSuiteLike.scala:218)
[info]   at org.scalatest.funsuite.AnyFunSuite.runTest(AnyFunSuite.scala:1564)
[info]   at org.scalatest.funsuite.AnyFunSuiteLike.$anonfun$runTests$1(AnyFunSuiteLike.scala:269)
[info]   at org.scalatest.SuperEngine.$anonfun$runTestsInBranch$1(Engine.scala:413)
[info]   at scala.collection.immutable.List.foreach(List.scala:334)
[info]   at org.scalatest.SuperEngine.traverseSubNodes$1(Engine.scala:401)
[info]   at org.scalatest.SuperEngine.runTestsInBranch(Engine.scala:396)
[info]   at org.scalatest.SuperEngine.runTestsImpl(Engine.scala:475)
[info]   at org.scalatest.funsuite.AnyFunSuiteLike.runTests(AnyFunSuiteLike.scala:269)
[info]   at org.scalatest.funsuite.AnyFunSuiteLike.runTests$(AnyFunSuiteLike.scala:268)
[info]   at org.scalatest.funsuite.AnyFunSuite.runTests(AnyFunSuite.scala:1564)
[info]   at org.scalatest.Suite.run(Suite.scala:1114)
[info]   at org.scalatest.Suite.run$(Suite.scala:1096)
[info]   at org.scalatest.funsuite.AnyFunSuite.org$scalatest$funsuite$AnyFunSuiteLike$$super$run(AnyFunSuite.scala:1564)
[info]   at org.scalatest.funsuite.AnyFunSuiteLike.$anonfun$run$1(AnyFunSuiteLike.scala:273)
[info]   at org.scalatest.SuperEngine.runImpl(Engine.scala:535)
[info]   at org.scalatest.funsuite.AnyFunSuiteLike.run(AnyFunSuiteLike.scala:273)
[info]   at org.scalatest.funsuite.AnyFunSuiteLike.run$(AnyFunSuiteLike.scala:272)
[info]   at frameless.TypedDatasetSuite.org$scalatest$BeforeAndAfterAll$$super$run(TypedDatasetSuite.scala:63)
[info]   at org.scalatest.BeforeAndAfterAll.liftedTree1$1(BeforeAndAfterAll.scala:213)
[info]   at org.scalatest.BeforeAndAfterAll.run(BeforeAndAfterAll.scala:210)
[info]   at org.scalatest.BeforeAndAfterAll.run$(BeforeAndAfterAll.scala:208)
[info]   at frameless.TypedDatasetSuite.run(TypedDatasetSuite.scala:63)
[info]   at org.scalatest.tools.Framework.org$scalatest$tools$Framework$$runSuite(Framework.scala:321)
[info]   at org.scalatest.tools.Framework$ScalaTestTask.execute(Framework.scala:517)
[info]   at sbt.ForkMain$Run.lambda$runTest$1(ForkMain.java:414)
[info]   at java.base/java.util.concurrent.FutureTask.run(FutureTask.java:317)
[info]   at java.base/java.util.concurrent.ThreadPoolExecutor.runWorker(ThreadPoolExecutor.java:1144)
[info]   at java.base/java.util.concurrent.ThreadPoolExecutor$Worker.run(ThreadPoolExecutor.java:642)
[info]   at java.base/java.lang.Thread.run(Thread.java:1583)
[info] - sort in descending order *** FAILED *** (3 milliseconds)
[info]   IllegalArgumentException was thrown during property evaluation.
[info]     Message: argument type mismatch
[info]     Occurred when passed generated values (
[info]       arg0 = List()
[info]     )
[info]   org.scalatest.exceptions.GeneratorDrivenPropertyCheckFailedException:
[info]   at org.scalatestplus.scalacheck.CheckerAsserting$$anon$2.indicateFailure(CheckerAsserting.scala:251)
[info]   at org.scalatestplus.scalacheck.CheckerAsserting$$anon$2.indicateFailure(CheckerAsserting.scala:238)
[info]   at org.scalatestplus.scalacheck.UnitCheckerAsserting$CheckerAssertingImpl.check(CheckerAsserting.scala:160)
[info]   at org.scalatestplus.scalacheck.Checkers.check(Checkers.scala:371)
[info]   at org.scalatestplus.scalacheck.Checkers.check$(Checkers.scala:369)
[info]   at frameless.TypedDatasetSuite.check(TypedDatasetSuite.scala:63)
[info]   at frameless.functions.UnaryFunctionsTest.$anonfun$new$109(UnaryFunctionsTest.scala:90)
[info]   at org.scalatest.OutcomeOf.outcomeOf(OutcomeOf.scala:85)
[info]   at org.scalatest.OutcomeOf.outcomeOf$(OutcomeOf.scala:83)
[info]   at org.scalatest.OutcomeOf$.outcomeOf(OutcomeOf.scala:104)
[info]   at org.scalatest.Transformer.apply(Transformer.scala:22)
[info]   at org.scalatest.Transformer.apply(Transformer.scala:20)
[info]   at org.scalatest.funsuite.AnyFunSuiteLike$$anon$1.apply(AnyFunSuiteLike.scala:226)
[info]   at org.scalatest.TestSuite.withFixture(TestSuite.scala:196)
[info]   at org.scalatest.TestSuite.withFixture$(TestSuite.scala:195)
[info]   at org.scalatest.funsuite.AnyFunSuite.withFixture(AnyFunSuite.scala:1564)
[info]   at org.scalatest.funsuite.AnyFunSuiteLike.invokeWithFixture$1(AnyFunSuiteLike.scala:224)
[info]   at org.scalatest.funsuite.AnyFunSuiteLike.$anonfun$runTest$1(AnyFunSuiteLike.scala:236)
[info]   at org.scalatest.SuperEngine.runTestImpl(Engine.scala:306)
[info]   at org.scalatest.funsuite.AnyFunSuiteLike.runTest(AnyFunSuiteLike.scala:236)
[info]   at org.scalatest.funsuite.AnyFunSuiteLike.runTest$(AnyFunSuiteLike.scala:218)
[info]   at org.scalatest.funsuite.AnyFunSuite.runTest(AnyFunSuite.scala:1564)
[info]   at org.scalatest.funsuite.AnyFunSuiteLike.$anonfun$runTests$1(AnyFunSuiteLike.scala:269)
[info]   at org.scalatest.SuperEngine.$anonfun$runTestsInBranch$1(Engine.scala:413)
[info]   at scala.collection.immutable.List.foreach(List.scala:334)
[info]   at org.scalatest.SuperEngine.traverseSubNodes$1(Engine.scala:401)
[info]   at org.scalatest.SuperEngine.runTestsInBranch(Engine.scala:396)
[info]   at org.scalatest.SuperEngine.runTestsImpl(Engine.scala:475)
[info]   at org.scalatest.funsuite.AnyFunSuiteLike.runTests(AnyFunSuiteLike.scala:269)
[info]   at org.scalatest.funsuite.AnyFunSuiteLike.runTests$(AnyFunSuiteLike.scala:268)
[info]   at org.scalatest.funsuite.AnyFunSuite.runTests(AnyFunSuite.scala:1564)
[info]   at org.scalatest.Suite.run(Suite.scala:1114)
[info]   at org.scalatest.Suite.run$(Suite.scala:1096)
[info]   at org.scalatest.funsuite.AnyFunSuite.org$scalatest$funsuite$AnyFunSuiteLike$$super$run(AnyFunSuite.scala:1564)
[info]   at org.scalatest.funsuite.AnyFunSuiteLike.$anonfun$run$1(AnyFunSuiteLike.scala:273)
[info]   at org.scalatest.SuperEngine.runImpl(Engine.scala:535)
[info]   at org.scalatest.funsuite.AnyFunSuiteLike.run(AnyFunSuiteLike.scala:273)
[info]   at org.scalatest.funsuite.AnyFunSuiteLike.run$(AnyFunSuiteLike.scala:272)
[info]   at frameless.TypedDatasetSuite.org$scalatest$BeforeAndAfterAll$$super$run(TypedDatasetSuite.scala:63)
[info]   at org.scalatest.BeforeAndAfterAll.liftedTree1$1(BeforeAndAfterAll.scala:213)
[info]   at org.scalatest.BeforeAndAfterAll.run(BeforeAndAfterAll.scala:210)
[info]   at org.scalatest.BeforeAndAfterAll.run$(BeforeAndAfterAll.scala:208)
[info]   at frameless.TypedDatasetSuite.run(TypedDatasetSuite.scala:63)
[info]   at org.scalatest.tools.Framework.org$scalatest$tools$Framework$$runSuite(Framework.scala:321)
[info]   at org.scalatest.tools.Framework$ScalaTestTask.execute(Framework.scala:517)
[info]   at sbt.ForkMain$Run.lambda$runTest$1(ForkMain.java:414)
[info]   at java.base/java.util.concurrent.FutureTask.run(FutureTask.java:317)
[info]   at java.base/java.util.concurrent.ThreadPoolExecutor.runWorker(ThreadPoolExecutor.java:1144)
[info]   at java.base/java.util.concurrent.ThreadPoolExecutor$Worker.run(ThreadPoolExecutor.java:642)
[info]   at java.base/java.lang.Thread.run(Thread.java:1583)
[info]   Cause: java.lang.IllegalArgumentException: argument type mismatch
[info]   at java.base/jdk.internal.reflect.DirectConstructorHandleAccessor.newInstance(DirectConstructorHandleAccessor.java:65)
[info]   at java.base/java.lang.reflect.Constructor.newInstanceWithCaller(Constructor.java:502)
[info]   at java.base/java.lang.reflect.Constructor.newInstance(Constructor.java:486)
[info]   at frameless.TypedExpressionEncoder$.$anonfun$apply$3(TypedExpressionEncoder.scala:55)
[info]   at scala.Option.map(Option.scala:242)
[info]   at frameless.TypedExpressionEncoder$.apply(TypedExpressionEncoder.scala:54)
[info]   at frameless.TypedDataset$.create(TypedDataset.scala:1325)
[info]   at frameless.functions.UnaryFunctionsTest.prop$5(UnaryFunctionsTest.scala:82)
[info]   at frameless.functions.UnaryFunctionsTest.$anonfun$new$119(UnaryFunctionsTest.scala:90)
[info]   at scala.Function1.$anonfun$andThen$1(Function1.scala:87)
[info]   at org.scalacheck.Prop$.$anonfun$forAllShrink$2(Prop.scala:868)
[info]   at org.scalacheck.Prop$.secure(Prop.scala:484)
[info]   at org.scalacheck.Prop$.result$1(Prop.scala:868)
[info]   at org.scalacheck.Prop$.$anonfun$forAllShrink$1(Prop.scala:915)
[info]   at org.scalacheck.Prop$.$anonfun$apply$1(Prop.scala:305)
[info]   at org.scalacheck.PropFromFun.apply(Prop.scala:20)
[info]   at org.scalacheck.Test$.workerFun$1(Test.scala:486)
[info]   at org.scalacheck.Test$.$anonfun$check$4(Test.scala:518)
[info]   at org.scalacheck.Test$.$anonfun$check$4$adapted(Test.scala:518)
[info]   at org.scalacheck.Platform$.runWorkers(Platform.scala:42)
[info]   at org.scalacheck.Test$.check(Test.scala:518)
[info]   at org.scalatestplus.scalacheck.UnitCheckerAsserting$CheckerAssertingImpl.check(CheckerAsserting.scala:90)
[info]   at org.scalatestplus.scalacheck.Checkers.check(Checkers.scala:371)
[info]   at org.scalatestplus.scalacheck.Checkers.check$(Checkers.scala:369)
[info]   at frameless.TypedDatasetSuite.check(TypedDatasetSuite.scala:63)
[info]   at frameless.functions.UnaryFunctionsTest.$anonfun$new$109(UnaryFunctionsTest.scala:90)
[info]   at org.scalatest.OutcomeOf.outcomeOf(OutcomeOf.scala:85)
[info]   at org.scalatest.OutcomeOf.outcomeOf$(OutcomeOf.scala:83)
[info]   at org.scalatest.OutcomeOf$.outcomeOf(OutcomeOf.scala:104)
[info]   at org.scalatest.Transformer.apply(Transformer.scala:22)
[info]   at org.scalatest.Transformer.apply(Transformer.scala:20)
[info]   at org.scalatest.funsuite.AnyFunSuiteLike$$anon$1.apply(AnyFunSuiteLike.scala:226)
[info]   at org.scalatest.TestSuite.withFixture(TestSuite.scala:196)
[info]   at org.scalatest.TestSuite.withFixture$(TestSuite.scala:195)
[info]   at org.scalatest.funsuite.AnyFunSuite.withFixture(AnyFunSuite.scala:1564)
[info]   at org.scalatest.funsuite.AnyFunSuiteLike.invokeWithFixture$1(AnyFunSuiteLike.scala:224)
[info]   at org.scalatest.funsuite.AnyFunSuiteLike.$anonfun$runTest$1(AnyFunSuiteLike.scala:236)
[info]   at org.scalatest.SuperEngine.runTestImpl(Engine.scala:306)
[info]   at org.scalatest.funsuite.AnyFunSuiteLike.runTest(AnyFunSuiteLike.scala:236)
[info]   at org.scalatest.funsuite.AnyFunSuiteLike.runTest$(AnyFunSuiteLike.scala:218)
[info]   at org.scalatest.funsuite.AnyFunSuite.runTest(AnyFunSuite.scala:1564)
[info]   at org.scalatest.funsuite.AnyFunSuiteLike.$anonfun$runTests$1(AnyFunSuiteLike.scala:269)
[info]   at org.scalatest.SuperEngine.$anonfun$runTestsInBranch$1(Engine.scala:413)
[info]   at scala.collection.immutable.List.foreach(List.scala:334)
[info]   at org.scalatest.SuperEngine.traverseSubNodes$1(Engine.scala:401)
[info]   at org.scalatest.SuperEngine.runTestsInBranch(Engine.scala:396)
[info]   at org.scalatest.SuperEngine.runTestsImpl(Engine.scala:475)
[info]   at org.scalatest.funsuite.AnyFunSuiteLike.runTests(AnyFunSuiteLike.scala:269)
[info]   at org.scalatest.funsuite.AnyFunSuiteLike.runTests$(AnyFunSuiteLike.scala:268)
[info]   at org.scalatest.funsuite.AnyFunSuite.runTests(AnyFunSuite.scala:1564)
[info]   at org.scalatest.Suite.run(Suite.scala:1114)
[info]   at org.scalatest.Suite.run$(Suite.scala:1096)
[info]   at org.scalatest.funsuite.AnyFunSuite.org$scalatest$funsuite$AnyFunSuiteLike$$super$run(AnyFunSuite.scala:1564)
[info]   at org.scalatest.funsuite.AnyFunSuiteLike.$anonfun$run$1(AnyFunSuiteLike.scala:273)
[info]   at org.scalatest.SuperEngine.runImpl(Engine.scala:535)
[info]   at org.scalatest.funsuite.AnyFunSuiteLike.run(AnyFunSuiteLike.scala:273)
[info]   at org.scalatest.funsuite.AnyFunSuiteLike.run$(AnyFunSuiteLike.scala:272)
[info]   at frameless.TypedDatasetSuite.org$scalatest$BeforeAndAfterAll$$super$run(TypedDatasetSuite.scala:63)
[info]   at org.scalatest.BeforeAndAfterAll.liftedTree1$1(BeforeAndAfterAll.scala:213)
[info]   at org.scalatest.BeforeAndAfterAll.run(BeforeAndAfterAll.scala:210)
[info]   at org.scalatest.BeforeAndAfterAll.run$(BeforeAndAfterAll.scala:208)
[info]   at frameless.TypedDatasetSuite.run(TypedDatasetSuite.scala:63)
[info]   at org.scalatest.tools.Framework.org$scalatest$tools$Framework$$runSuite(Framework.scala:321)
[info]   at org.scalatest.tools.Framework$ScalaTestTask.execute(Framework.scala:517)
[info]   at sbt.ForkMain$Run.lambda$runTest$1(ForkMain.java:414)
[info]   at java.base/java.util.concurrent.FutureTask.run(FutureTask.java:317)
[info]   at java.base/java.util.concurrent.ThreadPoolExecutor.runWorker(ThreadPoolExecutor.java:1144)
[info]   at java.base/java.util.concurrent.ThreadPoolExecutor$Worker.run(ThreadPoolExecutor.java:642)
[info]   at java.base/java.lang.Thread.run(Thread.java:1583)
[info]   Cause: java.lang.ClassCastException: Cannot cast scala.reflect.ClassTag$GenericClassTag to org.apache.spark.sql.catalyst.expressions.Expression
[info]   at java.base/java.lang.Class.cast(Class.java:4067)
[info]   at java.base/jdk.internal.reflect.DirectConstructorHandleAccessor.newInstance(DirectConstructorHandleAccessor.java:62)
[info]   at java.base/java.lang.reflect.Constructor.newInstanceWithCaller(Constructor.java:502)
[info]   at java.base/java.lang.reflect.Constructor.newInstance(Constructor.java:486)
[info]   at frameless.TypedExpressionEncoder$.$anonfun$apply$3(TypedExpressionEncoder.scala:55)
[info]   at scala.Option.map(Option.scala:242)
[info]   at frameless.TypedExpressionEncoder$.apply(TypedExpressionEncoder.scala:54)
[info]   at frameless.TypedDataset$.create(TypedDataset.scala:1325)
[info]   at frameless.functions.UnaryFunctionsTest.prop$5(UnaryFunctionsTest.scala:82)
[info]   at frameless.functions.UnaryFunctionsTest.$anonfun$new$119(UnaryFunctionsTest.scala:90)
[info]   at scala.Function1.$anonfun$andThen$1(Function1.scala:87)
[info]   at org.scalacheck.Prop$.$anonfun$forAllShrink$2(Prop.scala:868)
[info]   at org.scalacheck.Prop$.secure(Prop.scala:484)
[info]   at org.scalacheck.Prop$.result$1(Prop.scala:868)
[info]   at org.scalacheck.Prop$.$anonfun$forAllShrink$1(Prop.scala:915)
[info]   at org.scalacheck.Prop$.$anonfun$apply$1(Prop.scala:305)
[info]   at org.scalacheck.PropFromFun.apply(Prop.scala:20)
[info]   at org.scalacheck.Test$.workerFun$1(Test.scala:486)
[info]   at org.scalacheck.Test$.$anonfun$check$4(Test.scala:518)
[info]   at org.scalacheck.Test$.$anonfun$check$4$adapted(Test.scala:518)
[info]   at org.scalacheck.Platform$.runWorkers(Platform.scala:42)
[info]   at org.scalacheck.Test$.check(Test.scala:518)
[info]   at org.scalatestplus.scalacheck.UnitCheckerAsserting$CheckerAssertingImpl.check(CheckerAsserting.scala:90)
[info]   at org.scalatestplus.scalacheck.Checkers.check(Checkers.scala:371)
[info]   at org.scalatestplus.scalacheck.Checkers.check$(Checkers.scala:369)
[info]   at frameless.TypedDatasetSuite.check(TypedDatasetSuite.scala:63)
[info]   at frameless.functions.UnaryFunctionsTest.$anonfun$new$109(UnaryFunctionsTest.scala:90)
[info]   at org.scalatest.OutcomeOf.outcomeOf(OutcomeOf.scala:85)
[info]   at org.scalatest.OutcomeOf.outcomeOf$(OutcomeOf.scala:83)
[info]   at org.scalatest.OutcomeOf$.outcomeOf(OutcomeOf.scala:104)
[info]   at org.scalatest.Transformer.apply(Transformer.scala:22)
[info]   at org.scalatest.Transformer.apply(Transformer.scala:20)
[info]   at org.scalatest.funsuite.AnyFunSuiteLike$$anon$1.apply(AnyFunSuiteLike.scala:226)
[info]   at org.scalatest.TestSuite.withFixture(TestSuite.scala:196)
[info]   at org.scalatest.TestSuite.withFixture$(TestSuite.scala:195)
[info]   at org.scalatest.funsuite.AnyFunSuite.withFixture(AnyFunSuite.scala:1564)
[info]   at org.scalatest.funsuite.AnyFunSuiteLike.invokeWithFixture$1(AnyFunSuiteLike.scala:224)
[info]   at org.scalatest.funsuite.AnyFunSuiteLike.$anonfun$runTest$1(AnyFunSuiteLike.scala:236)
[info]   at org.scalatest.SuperEngine.runTestImpl(Engine.scala:306)
[info]   at org.scalatest.funsuite.AnyFunSuiteLike.runTest(AnyFunSuiteLike.scala:236)
[info]   at org.scalatest.funsuite.AnyFunSuiteLike.runTest$(AnyFunSuiteLike.scala:218)
[info]   at org.scalatest.funsuite.AnyFunSuite.runTest(AnyFunSuite.scala:1564)
[info]   at org.scalatest.funsuite.AnyFunSuiteLike.$anonfun$runTests$1(AnyFunSuiteLike.scala:269)
[info]   at org.scalatest.SuperEngine.$anonfun$runTestsInBranch$1(Engine.scala:413)
[info]   at scala.collection.immutable.List.foreach(List.scala:334)
[info]   at org.scalatest.SuperEngine.traverseSubNodes$1(Engine.scala:401)
[info]   at org.scalatest.SuperEngine.runTestsInBranch(Engine.scala:396)
[info]   at org.scalatest.SuperEngine.runTestsImpl(Engine.scala:475)
[info]   at org.scalatest.funsuite.AnyFunSuiteLike.runTests(AnyFunSuiteLike.scala:269)
[info]   at org.scalatest.funsuite.AnyFunSuiteLike.runTests$(AnyFunSuiteLike.scala:268)
[info]   at org.scalatest.funsuite.AnyFunSuite.runTests(AnyFunSuite.scala:1564)
[info]   at org.scalatest.Suite.run(Suite.scala:1114)
[info]   at org.scalatest.Suite.run$(Suite.scala:1096)
[info]   at org.scalatest.funsuite.AnyFunSuite.org$scalatest$funsuite$AnyFunSuiteLike$$super$run(AnyFunSuite.scala:1564)
[info]   at org.scalatest.funsuite.AnyFunSuiteLike.$anonfun$run$1(AnyFunSuiteLike.scala:273)
[info]   at org.scalatest.SuperEngine.runImpl(Engine.scala:535)
[info]   at org.scalatest.funsuite.AnyFunSuiteLike.run(AnyFunSuiteLike.scala:273)
[info]   at org.scalatest.funsuite.AnyFunSuiteLike.run$(AnyFunSuiteLike.scala:272)
[info]   at frameless.TypedDatasetSuite.org$scalatest$BeforeAndAfterAll$$super$run(TypedDatasetSuite.scala:63)
[info]   at org.scalatest.BeforeAndAfterAll.liftedTree1$1(BeforeAndAfterAll.scala:213)
[info]   at org.scalatest.BeforeAndAfterAll.run(BeforeAndAfterAll.scala:210)
[info]   at org.scalatest.BeforeAndAfterAll.run$(BeforeAndAfterAll.scala:208)
[info]   at frameless.TypedDatasetSuite.run(TypedDatasetSuite.scala:63)
[info]   at org.scalatest.tools.Framework.org$scalatest$tools$Framework$$runSuite(Framework.scala:321)
[info]   at org.scalatest.tools.Framework$ScalaTestTask.execute(Framework.scala:517)
[info]   at sbt.ForkMain$Run.lambda$runTest$1(ForkMain.java:414)
[info]   at java.base/java.util.concurrent.FutureTask.run(FutureTask.java:317)
[info]   at java.base/java.util.concurrent.ThreadPoolExecutor.runWorker(ThreadPoolExecutor.java:1144)
[info]   at java.base/java.util.concurrent.ThreadPoolExecutor$Worker.run(ThreadPoolExecutor.java:642)
[info]   at java.base/java.lang.Thread.run(Thread.java:1583)
[info] - sort on array test: ascending order *** FAILED *** (5 milliseconds)
[info]   IllegalArgumentException was thrown during property evaluation.
[info]     Message: argument type mismatch
[info]     Occurred when passed generated values (
[info]       arg0 = List()
[info]     )
[info]   org.scalatest.exceptions.GeneratorDrivenPropertyCheckFailedException:
[info]   at org.scalatestplus.scalacheck.CheckerAsserting$$anon$2.indicateFailure(CheckerAsserting.scala:251)
[info]   at org.scalatestplus.scalacheck.CheckerAsserting$$anon$2.indicateFailure(CheckerAsserting.scala:238)
[info]   at org.scalatestplus.scalacheck.UnitCheckerAsserting$CheckerAssertingImpl.check(CheckerAsserting.scala:160)
[info]   at org.scalatestplus.scalacheck.Checkers.check(Checkers.scala:371)
[info]   at org.scalatestplus.scalacheck.Checkers.check$(Checkers.scala:369)
[info]   at frameless.TypedDatasetSuite.check(TypedDatasetSuite.scala:63)
[info]   at frameless.functions.UnaryFunctionsTest.$anonfun$new$143(UnaryFunctionsTest.scala:116)
[info]   at org.scalatest.OutcomeOf.outcomeOf(OutcomeOf.scala:85)
[info]   at org.scalatest.OutcomeOf.outcomeOf$(OutcomeOf.scala:83)
[info]   at org.scalatest.OutcomeOf$.outcomeOf(OutcomeOf.scala:104)
[info]   at org.scalatest.Transformer.apply(Transformer.scala:22)
[info]   at org.scalatest.Transformer.apply(Transformer.scala:20)
[info]   at org.scalatest.funsuite.AnyFunSuiteLike$$anon$1.apply(AnyFunSuiteLike.scala:226)
[info]   at org.scalatest.TestSuite.withFixture(TestSuite.scala:196)
[info]   at org.scalatest.TestSuite.withFixture$(TestSuite.scala:195)
[info]   at org.scalatest.funsuite.AnyFunSuite.withFixture(AnyFunSuite.scala:1564)
[info]   at org.scalatest.funsuite.AnyFunSuiteLike.invokeWithFixture$1(AnyFunSuiteLike.scala:224)
[info]   at org.scalatest.funsuite.AnyFunSuiteLike.$anonfun$runTest$1(AnyFunSuiteLike.scala:236)
[info]   at org.scalatest.SuperEngine.runTestImpl(Engine.scala:306)
[info]   at org.scalatest.funsuite.AnyFunSuiteLike.runTest(AnyFunSuiteLike.scala:236)
[info]   at org.scalatest.funsuite.AnyFunSuiteLike.runTest$(AnyFunSuiteLike.scala:218)
[info]   at org.scalatest.funsuite.AnyFunSuite.runTest(AnyFunSuite.scala:1564)
[info]   at org.scalatest.funsuite.AnyFunSuiteLike.$anonfun$runTests$1(AnyFunSuiteLike.scala:269)
[info]   at org.scalatest.SuperEngine.$anonfun$runTestsInBranch$1(Engine.scala:413)
[info]   at scala.collection.immutable.List.foreach(List.scala:334)
[info]   at org.scalatest.SuperEngine.traverseSubNodes$1(Engine.scala:401)
[info]   at org.scalatest.SuperEngine.runTestsInBranch(Engine.scala:396)
[info]   at org.scalatest.SuperEngine.runTestsImpl(Engine.scala:475)
[info]   at org.scalatest.funsuite.AnyFunSuiteLike.runTests(AnyFunSuiteLike.scala:269)
[info]   at org.scalatest.funsuite.AnyFunSuiteLike.runTests$(AnyFunSuiteLike.scala:268)
[info]   at org.scalatest.funsuite.AnyFunSuite.runTests(AnyFunSuite.scala:1564)
[info]   at org.scalatest.Suite.run(Suite.scala:1114)
[info]   at org.scalatest.Suite.run$(Suite.scala:1096)
[info]   at org.scalatest.funsuite.AnyFunSuite.org$scalatest$funsuite$AnyFunSuiteLike$$super$run(AnyFunSuite.scala:1564)
[info]   at org.scalatest.funsuite.AnyFunSuiteLike.$anonfun$run$1(AnyFunSuiteLike.scala:273)
[info]   at org.scalatest.SuperEngine.runImpl(Engine.scala:535)
[info]   at org.scalatest.funsuite.AnyFunSuiteLike.run(AnyFunSuiteLike.scala:273)
[info]   at org.scalatest.funsuite.AnyFunSuiteLike.run$(AnyFunSuiteLike.scala:272)
[info]   at frameless.TypedDatasetSuite.org$scalatest$BeforeAndAfterAll$$super$run(TypedDatasetSuite.scala:63)
[info]   at org.scalatest.BeforeAndAfterAll.liftedTree1$1(BeforeAndAfterAll.scala:213)
[info]   at org.scalatest.BeforeAndAfterAll.run(BeforeAndAfterAll.scala:210)
[info]   at org.scalatest.BeforeAndAfterAll.run$(BeforeAndAfterAll.scala:208)
[info]   at frameless.TypedDatasetSuite.run(TypedDatasetSuite.scala:63)
[info]   at org.scalatest.tools.Framework.org$scalatest$tools$Framework$$runSuite(Framework.scala:321)
[info]   at org.scalatest.tools.Framework$ScalaTestTask.execute(Framework.scala:517)
[info]   at sbt.ForkMain$Run.lambda$runTest$1(ForkMain.java:414)
[info]   at java.base/java.util.concurrent.FutureTask.run(FutureTask.java:317)
[info]   at java.base/java.util.concurrent.ThreadPoolExecutor.runWorker(ThreadPoolExecutor.java:1144)
[info]   at java.base/java.util.concurrent.ThreadPoolExecutor$Worker.run(ThreadPoolExecutor.java:642)
[info]   at java.base/java.lang.Thread.run(Thread.java:1583)
[info]   Cause: java.lang.IllegalArgumentException: argument type mismatch
[info]   at java.base/jdk.internal.reflect.DirectConstructorHandleAccessor.newInstance(DirectConstructorHandleAccessor.java:65)
[info]   at java.base/java.lang.reflect.Constructor.newInstanceWithCaller(Constructor.java:502)
[info]   at java.base/java.lang.reflect.Constructor.newInstance(Constructor.java:486)
[info]   at frameless.TypedExpressionEncoder$.$anonfun$apply$3(TypedExpressionEncoder.scala:55)
[info]   at scala.Option.map(Option.scala:242)
[info]   at frameless.TypedExpressionEncoder$.apply(TypedExpressionEncoder.scala:54)
[info]   at frameless.TypedDataset$.create(TypedDataset.scala:1325)
[info]   at frameless.functions.UnaryFunctionsTest.prop$6(UnaryFunctionsTest.scala:102)
[info]   at frameless.functions.UnaryFunctionsTest.$anonfun$new$153(UnaryFunctionsTest.scala:116)
[info]   at scala.Function1.$anonfun$andThen$1(Function1.scala:87)
[info]   at org.scalacheck.Prop$.$anonfun$forAllShrink$2(Prop.scala:868)
[info]   at org.scalacheck.Prop$.secure(Prop.scala:484)
[info]   at org.scalacheck.Prop$.result$1(Prop.scala:868)
[info]   at org.scalacheck.Prop$.$anonfun$forAllShrink$1(Prop.scala:915)
[info]   at org.scalacheck.Prop$.$anonfun$apply$1(Prop.scala:305)
[info]   at org.scalacheck.PropFromFun.apply(Prop.scala:20)
[info]   at org.scalacheck.Test$.workerFun$1(Test.scala:486)
[info]   at org.scalacheck.Test$.$anonfun$check$4(Test.scala:518)
[info]   at org.scalacheck.Test$.$anonfun$check$4$adapted(Test.scala:518)
[info]   at org.scalacheck.Platform$.runWorkers(Platform.scala:42)
[info]   at org.scalacheck.Test$.check(Test.scala:518)
[info]   at org.scalatestplus.scalacheck.UnitCheckerAsserting$CheckerAssertingImpl.check(CheckerAsserting.scala:90)
[info]   at org.scalatestplus.scalacheck.Checkers.check(Checkers.scala:371)
[info]   at org.scalatestplus.scalacheck.Checkers.check$(Checkers.scala:369)
[info]   at frameless.TypedDatasetSuite.check(TypedDatasetSuite.scala:63)
[info]   at frameless.functions.UnaryFunctionsTest.$anonfun$new$143(UnaryFunctionsTest.scala:116)
[info]   at org.scalatest.OutcomeOf.outcomeOf(OutcomeOf.scala:85)
[info]   at org.scalatest.OutcomeOf.outcomeOf$(OutcomeOf.scala:83)
[info]   at org.scalatest.OutcomeOf$.outcomeOf(OutcomeOf.scala:104)
[info]   at org.scalatest.Transformer.apply(Transformer.scala:22)
[info]   at org.scalatest.Transformer.apply(Transformer.scala:20)
[info]   at org.scalatest.funsuite.AnyFunSuiteLike$$anon$1.apply(AnyFunSuiteLike.scala:226)
[info]   at org.scalatest.TestSuite.withFixture(TestSuite.scala:196)
[info]   at org.scalatest.TestSuite.withFixture$(TestSuite.scala:195)
[info]   at org.scalatest.funsuite.AnyFunSuite.withFixture(AnyFunSuite.scala:1564)
[info]   at org.scalatest.funsuite.AnyFunSuiteLike.invokeWithFixture$1(AnyFunSuiteLike.scala:224)
[info]   at org.scalatest.funsuite.AnyFunSuiteLike.$anonfun$runTest$1(AnyFunSuiteLike.scala:236)
[info]   at org.scalatest.SuperEngine.runTestImpl(Engine.scala:306)
[info]   at org.scalatest.funsuite.AnyFunSuiteLike.runTest(AnyFunSuiteLike.scala:236)
[info]   at org.scalatest.funsuite.AnyFunSuiteLike.runTest$(AnyFunSuiteLike.scala:218)
[info]   at org.scalatest.funsuite.AnyFunSuite.runTest(AnyFunSuite.scala:1564)
[info]   at org.scalatest.funsuite.AnyFunSuiteLike.$anonfun$runTests$1(AnyFunSuiteLike.scala:269)
[info]   at org.scalatest.SuperEngine.$anonfun$runTestsInBranch$1(Engine.scala:413)
[info]   at scala.collection.immutable.List.foreach(List.scala:334)
[info]   at org.scalatest.SuperEngine.traverseSubNodes$1(Engine.scala:401)
[info]   at org.scalatest.SuperEngine.runTestsInBranch(Engine.scala:396)
[info]   at org.scalatest.SuperEngine.runTestsImpl(Engine.scala:475)
[info]   at org.scalatest.funsuite.AnyFunSuiteLike.runTests(AnyFunSuiteLike.scala:269)
[info]   at org.scalatest.funsuite.AnyFunSuiteLike.runTests$(AnyFunSuiteLike.scala:268)
[info]   at org.scalatest.funsuite.AnyFunSuite.runTests(AnyFunSuite.scala:1564)
[info]   at org.scalatest.Suite.run(Suite.scala:1114)
[info]   at org.scalatest.Suite.run$(Suite.scala:1096)
[info]   at org.scalatest.funsuite.AnyFunSuite.org$scalatest$funsuite$AnyFunSuiteLike$$super$run(AnyFunSuite.scala:1564)
[info]   at org.scalatest.funsuite.AnyFunSuiteLike.$anonfun$run$1(AnyFunSuiteLike.scala:273)
[info]   at org.scalatest.SuperEngine.runImpl(Engine.scala:535)
[info]   at org.scalatest.funsuite.AnyFunSuiteLike.run(AnyFunSuiteLike.scala:273)
[info]   at org.scalatest.funsuite.AnyFunSuiteLike.run$(AnyFunSuiteLike.scala:272)
[info]   at frameless.TypedDatasetSuite.org$scalatest$BeforeAndAfterAll$$super$run(TypedDatasetSuite.scala:63)
[info]   at org.scalatest.BeforeAndAfterAll.liftedTree1$1(BeforeAndAfterAll.scala:213)
[info]   at org.scalatest.BeforeAndAfterAll.run(BeforeAndAfterAll.scala:210)
[info]   at org.scalatest.BeforeAndAfterAll.run$(BeforeAndAfterAll.scala:208)
[info]   at frameless.TypedDatasetSuite.run(TypedDatasetSuite.scala:63)
[info]   at org.scalatest.tools.Framework.org$scalatest$tools$Framework$$runSuite(Framework.scala:321)
[info]   at org.scalatest.tools.Framework$ScalaTestTask.execute(Framework.scala:517)
[info]   at sbt.ForkMain$Run.lambda$runTest$1(ForkMain.java:414)
[info]   at java.base/java.util.concurrent.FutureTask.run(FutureTask.java:317)
[info]   at java.base/java.util.concurrent.ThreadPoolExecutor.runWorker(ThreadPoolExecutor.java:1144)
[info]   at java.base/java.util.concurrent.ThreadPoolExecutor$Worker.run(ThreadPoolExecutor.java:642)
[info]   at java.base/java.lang.Thread.run(Thread.java:1583)
[info]   Cause: java.lang.ClassCastException: Cannot cast scala.reflect.ClassTag$GenericClassTag to org.apache.spark.sql.catalyst.expressions.Expression
[info]   at java.base/java.lang.Class.cast(Class.java:4067)
[info]   at java.base/jdk.internal.reflect.DirectConstructorHandleAccessor.newInstance(DirectConstructorHandleAccessor.java:62)
[info]   at java.base/java.lang.reflect.Constructor.newInstanceWithCaller(Constructor.java:502)
[info]   at java.base/java.lang.reflect.Constructor.newInstance(Constructor.java:486)
[info]   at frameless.TypedExpressionEncoder$.$anonfun$apply$3(TypedExpressionEncoder.scala:55)
[info]   at scala.Option.map(Option.scala:242)
[info]   at frameless.TypedExpressionEncoder$.apply(TypedExpressionEncoder.scala:54)
[info]   at frameless.TypedDataset$.create(TypedDataset.scala:1325)
[info]   at frameless.functions.UnaryFunctionsTest.prop$6(UnaryFunctionsTest.scala:102)
[info]   at frameless.functions.UnaryFunctionsTest.$anonfun$new$153(UnaryFunctionsTest.scala:116)
[info]   at scala.Function1.$anonfun$andThen$1(Function1.scala:87)
[info]   at org.scalacheck.Prop$.$anonfun$forAllShrink$2(Prop.scala:868)
[info]   at org.scalacheck.Prop$.secure(Prop.scala:484)
[info]   at org.scalacheck.Prop$.result$1(Prop.scala:868)
[info]   at org.scalacheck.Prop$.$anonfun$forAllShrink$1(Prop.scala:915)
[info]   at org.scalacheck.Prop$.$anonfun$apply$1(Prop.scala:305)
[info]   at org.scalacheck.PropFromFun.apply(Prop.scala:20)
[info]   at org.scalacheck.Test$.workerFun$1(Test.scala:486)
[info]   at org.scalacheck.Test$.$anonfun$check$4(Test.scala:518)
[info]   at org.scalacheck.Test$.$anonfun$check$4$adapted(Test.scala:518)
[info]   at org.scalacheck.Platform$.runWorkers(Platform.scala:42)
[info]   at org.scalacheck.Test$.check(Test.scala:518)
[info]   at org.scalatestplus.scalacheck.UnitCheckerAsserting$CheckerAssertingImpl.check(CheckerAsserting.scala:90)
[info]   at org.scalatestplus.scalacheck.Checkers.check(Checkers.scala:371)
[info]   at org.scalatestplus.scalacheck.Checkers.check$(Checkers.scala:369)
[info]   at frameless.TypedDatasetSuite.check(TypedDatasetSuite.scala:63)
[info]   at frameless.functions.UnaryFunctionsTest.$anonfun$new$143(UnaryFunctionsTest.scala:116)
[info]   at org.scalatest.OutcomeOf.outcomeOf(OutcomeOf.scala:85)
[info]   at org.scalatest.OutcomeOf.outcomeOf$(OutcomeOf.scala:83)
[info]   at org.scalatest.OutcomeOf$.outcomeOf(OutcomeOf.scala:104)
[info]   at org.scalatest.Transformer.apply(Transformer.scala:22)
[info]   at org.scalatest.Transformer.apply(Transformer.scala:20)
[info]   at org.scalatest.funsuite.AnyFunSuiteLike$$anon$1.apply(AnyFunSuiteLike.scala:226)
[info]   at org.scalatest.TestSuite.withFixture(TestSuite.scala:196)
[info]   at org.scalatest.TestSuite.withFixture$(TestSuite.scala:195)
[info]   at org.scalatest.funsuite.AnyFunSuite.withFixture(AnyFunSuite.scala:1564)
[info]   at org.scalatest.funsuite.AnyFunSuiteLike.invokeWithFixture$1(AnyFunSuiteLike.scala:224)
[info]   at org.scalatest.funsuite.AnyFunSuiteLike.$anonfun$runTest$1(AnyFunSuiteLike.scala:236)
[info]   at org.scalatest.SuperEngine.runTestImpl(Engine.scala:306)
[info]   at org.scalatest.funsuite.AnyFunSuiteLike.runTest(AnyFunSuiteLike.scala:236)
[info]   at org.scalatest.funsuite.AnyFunSuiteLike.runTest$(AnyFunSuiteLike.scala:218)
[info]   at org.scalatest.funsuite.AnyFunSuite.runTest(AnyFunSuite.scala:1564)
[info]   at org.scalatest.funsuite.AnyFunSuiteLike.$anonfun$runTests$1(AnyFunSuiteLike.scala:269)
[info]   at org.scalatest.SuperEngine.$anonfun$runTestsInBranch$1(Engine.scala:413)
[info]   at scala.collection.immutable.List.foreach(List.scala:334)
[info]   at org.scalatest.SuperEngine.traverseSubNodes$1(Engine.scala:401)
[info]   at org.scalatest.SuperEngine.runTestsInBranch(Engine.scala:396)
[info]   at org.scalatest.SuperEngine.runTestsImpl(Engine.scala:475)
[info]   at org.scalatest.funsuite.AnyFunSuiteLike.runTests(AnyFunSuiteLike.scala:269)
[info]   at org.scalatest.funsuite.AnyFunSuiteLike.runTests$(AnyFunSuiteLike.scala:268)
[info]   at org.scalatest.funsuite.AnyFunSuite.runTests(AnyFunSuite.scala:1564)
[info]   at org.scalatest.Suite.run(Suite.scala:1114)
[info]   at org.scalatest.Suite.run$(Suite.scala:1096)
[info]   at org.scalatest.funsuite.AnyFunSuite.org$scalatest$funsuite$AnyFunSuiteLike$$super$run(AnyFunSuite.scala:1564)
[info]   at org.scalatest.funsuite.AnyFunSuiteLike.$anonfun$run$1(AnyFunSuiteLike.scala:273)
[info]   at org.scalatest.SuperEngine.runImpl(Engine.scala:535)
[info]   at org.scalatest.funsuite.AnyFunSuiteLike.run(AnyFunSuiteLike.scala:273)
[info]   at org.scalatest.funsuite.AnyFunSuiteLike.run$(AnyFunSuiteLike.scala:272)
[info]   at frameless.TypedDatasetSuite.org$scalatest$BeforeAndAfterAll$$super$run(TypedDatasetSuite.scala:63)
[info]   at org.scalatest.BeforeAndAfterAll.liftedTree1$1(BeforeAndAfterAll.scala:213)
[info]   at org.scalatest.BeforeAndAfterAll.run(BeforeAndAfterAll.scala:210)
[info]   at org.scalatest.BeforeAndAfterAll.run$(BeforeAndAfterAll.scala:208)
[info]   at frameless.TypedDatasetSuite.run(TypedDatasetSuite.scala:63)
[info]   at org.scalatest.tools.Framework.org$scalatest$tools$Framework$$runSuite(Framework.scala:321)
[info]   at org.scalatest.tools.Framework$ScalaTestTask.execute(Framework.scala:517)
[info]   at sbt.ForkMain$Run.lambda$runTest$1(ForkMain.java:414)
[info]   at java.base/java.util.concurrent.FutureTask.run(FutureTask.java:317)
[info]   at java.base/java.util.concurrent.ThreadPoolExecutor.runWorker(ThreadPoolExecutor.java:1144)
[info]   at java.base/java.util.concurrent.ThreadPoolExecutor$Worker.run(ThreadPoolExecutor.java:642)
[info]   at java.base/java.lang.Thread.run(Thread.java:1583)
[info] - sort on array test: descending order *** FAILED *** (4 milliseconds)
[info]   IllegalArgumentException was thrown during property evaluation.
[info]     Message: argument type mismatch
[info]     Occurred when passed generated values (
[info]       arg0 = List()
[info]     )
[info]   org.scalatest.exceptions.GeneratorDrivenPropertyCheckFailedException:
[info]   at org.scalatestplus.scalacheck.CheckerAsserting$$anon$2.indicateFailure(CheckerAsserting.scala:251)
[info]   at org.scalatestplus.scalacheck.CheckerAsserting$$anon$2.indicateFailure(CheckerAsserting.scala:238)
[info]   at org.scalatestplus.scalacheck.UnitCheckerAsserting$CheckerAssertingImpl.check(CheckerAsserting.scala:160)
[info]   at org.scalatestplus.scalacheck.Checkers.check(Checkers.scala:371)
[info]   at org.scalatestplus.scalacheck.Checkers.check$(Checkers.scala:369)
[info]   at frameless.TypedDatasetSuite.check(TypedDatasetSuite.scala:63)
[info]   at frameless.functions.UnaryFunctionsTest.$anonfun$new$162(UnaryFunctionsTest.scala:137)
[info]   at org.scalatest.OutcomeOf.outcomeOf(OutcomeOf.scala:85)
[info]   at org.scalatest.OutcomeOf.outcomeOf$(OutcomeOf.scala:83)
[info]   at org.scalatest.OutcomeOf$.outcomeOf(OutcomeOf.scala:104)
[info]   at org.scalatest.Transformer.apply(Transformer.scala:22)
[info]   at org.scalatest.Transformer.apply(Transformer.scala:20)
[info]   at org.scalatest.funsuite.AnyFunSuiteLike$$anon$1.apply(AnyFunSuiteLike.scala:226)
[info]   at org.scalatest.TestSuite.withFixture(TestSuite.scala:196)
[info]   at org.scalatest.TestSuite.withFixture$(TestSuite.scala:195)
[info]   at org.scalatest.funsuite.AnyFunSuite.withFixture(AnyFunSuite.scala:1564)
[info]   at org.scalatest.funsuite.AnyFunSuiteLike.invokeWithFixture$1(AnyFunSuiteLike.scala:224)
[info]   at org.scalatest.funsuite.AnyFunSuiteLike.$anonfun$runTest$1(AnyFunSuiteLike.scala:236)
[info]   at org.scalatest.SuperEngine.runTestImpl(Engine.scala:306)
[info]   at org.scalatest.funsuite.AnyFunSuiteLike.runTest(AnyFunSuiteLike.scala:236)
[info]   at org.scalatest.funsuite.AnyFunSuiteLike.runTest$(AnyFunSuiteLike.scala:218)
[info]   at org.scalatest.funsuite.AnyFunSuite.runTest(AnyFunSuite.scala:1564)
[info]   at org.scalatest.funsuite.AnyFunSuiteLike.$anonfun$runTests$1(AnyFunSuiteLike.scala:269)
[info]   at org.scalatest.SuperEngine.$anonfun$runTestsInBranch$1(Engine.scala:413)
[info]   at scala.collection.immutable.List.foreach(List.scala:334)
[info]   at org.scalatest.SuperEngine.traverseSubNodes$1(Engine.scala:401)
[info]   at org.scalatest.SuperEngine.runTestsInBranch(Engine.scala:396)
[info]   at org.scalatest.SuperEngine.runTestsImpl(Engine.scala:475)
[info]   at org.scalatest.funsuite.AnyFunSuiteLike.runTests(AnyFunSuiteLike.scala:269)
[info]   at org.scalatest.funsuite.AnyFunSuiteLike.runTests$(AnyFunSuiteLike.scala:268)
[info]   at org.scalatest.funsuite.AnyFunSuite.runTests(AnyFunSuite.scala:1564)
[info]   at org.scalatest.Suite.run(Suite.scala:1114)
[info]   at org.scalatest.Suite.run$(Suite.scala:1096)
[info]   at org.scalatest.funsuite.AnyFunSuite.org$scalatest$funsuite$AnyFunSuiteLike$$super$run(AnyFunSuite.scala:1564)
[info]   at org.scalatest.funsuite.AnyFunSuiteLike.$anonfun$run$1(AnyFunSuiteLike.scala:273)
[info]   at org.scalatest.SuperEngine.runImpl(Engine.scala:535)
[info]   at org.scalatest.funsuite.AnyFunSuiteLike.run(AnyFunSuiteLike.scala:273)
[info]   at org.scalatest.funsuite.AnyFunSuiteLike.run$(AnyFunSuiteLike.scala:272)
[info]   at frameless.TypedDatasetSuite.org$scalatest$BeforeAndAfterAll$$super$run(TypedDatasetSuite.scala:63)
[info]   at org.scalatest.BeforeAndAfterAll.liftedTree1$1(BeforeAndAfterAll.scala:213)
[info]   at org.scalatest.BeforeAndAfterAll.run(BeforeAndAfterAll.scala:210)
[info]   at org.scalatest.BeforeAndAfterAll.run$(BeforeAndAfterAll.scala:208)
[info]   at frameless.TypedDatasetSuite.run(TypedDatasetSuite.scala:63)
[info]   at org.scalatest.tools.Framework.org$scalatest$tools$Framework$$runSuite(Framework.scala:321)
[info]   at org.scalatest.tools.Framework$ScalaTestTask.execute(Framework.scala:517)
[info]   at sbt.ForkMain$Run.lambda$runTest$1(ForkMain.java:414)
[info]   at java.base/java.util.concurrent.FutureTask.run(FutureTask.java:317)
[info]   at java.base/java.util.concurrent.ThreadPoolExecutor.runWorker(ThreadPoolExecutor.java:1144)
[info]   at java.base/java.util.concurrent.ThreadPoolExecutor$Worker.run(ThreadPoolExecutor.java:642)
[info]   at java.base/java.lang.Thread.run(Thread.java:1583)
[info]   Cause: java.lang.IllegalArgumentException: argument type mismatch
[info]   at java.base/jdk.internal.reflect.DirectConstructorHandleAccessor.newInstance(DirectConstructorHandleAccessor.java:65)
[info]   at java.base/java.lang.reflect.Constructor.newInstanceWithCaller(Constructor.java:502)
[info]   at java.base/java.lang.reflect.Constructor.newInstance(Constructor.java:486)
[info]   at frameless.TypedExpressionEncoder$.$anonfun$apply$3(TypedExpressionEncoder.scala:55)
[info]   at scala.Option.map(Option.scala:242)
[info]   at frameless.TypedExpressionEncoder$.apply(TypedExpressionEncoder.scala:54)
[info]   at frameless.TypedDataset$.create(TypedDataset.scala:1325)
[info]   at frameless.functions.UnaryFunctionsTest.prop$7(UnaryFunctionsTest.scala:123)
[info]   at frameless.functions.UnaryFunctionsTest.$anonfun$new$172(UnaryFunctionsTest.scala:137)
[info]   at scala.Function1.$anonfun$andThen$1(Function1.scala:87)
[info]   at org.scalacheck.Prop$.$anonfun$forAllShrink$2(Prop.scala:868)
[info]   at org.scalacheck.Prop$.secure(Prop.scala:484)
[info]   at org.scalacheck.Prop$.result$1(Prop.scala:868)
[info]   at org.scalacheck.Prop$.$anonfun$forAllShrink$1(Prop.scala:915)
[info]   at org.scalacheck.Prop$.$anonfun$apply$1(Prop.scala:305)
[info]   at org.scalacheck.PropFromFun.apply(Prop.scala:20)
[info]   at org.scalacheck.Test$.workerFun$1(Test.scala:486)
[info]   at org.scalacheck.Test$.$anonfun$check$4(Test.scala:518)
[info]   at org.scalacheck.Test$.$anonfun$check$4$adapted(Test.scala:518)
[info]   at org.scalacheck.Platform$.runWorkers(Platform.scala:42)
[info]   at org.scalacheck.Test$.check(Test.scala:518)
[info]   at org.scalatestplus.scalacheck.UnitCheckerAsserting$CheckerAssertingImpl.check(CheckerAsserting.scala:90)
[info]   at org.scalatestplus.scalacheck.Checkers.check(Checkers.scala:371)
[info]   at org.scalatestplus.scalacheck.Checkers.check$(Checkers.scala:369)
[info]   at frameless.TypedDatasetSuite.check(TypedDatasetSuite.scala:63)
[info]   at frameless.functions.UnaryFunctionsTest.$anonfun$new$162(UnaryFunctionsTest.scala:137)
[info]   at org.scalatest.OutcomeOf.outcomeOf(OutcomeOf.scala:85)
[info]   at org.scalatest.OutcomeOf.outcomeOf$(OutcomeOf.scala:83)
[info]   at org.scalatest.OutcomeOf$.outcomeOf(OutcomeOf.scala:104)
[info]   at org.scalatest.Transformer.apply(Transformer.scala:22)
[info]   at org.scalatest.Transformer.apply(Transformer.scala:20)
[info]   at org.scalatest.funsuite.AnyFunSuiteLike$$anon$1.apply(AnyFunSuiteLike.scala:226)
[info]   at org.scalatest.TestSuite.withFixture(TestSuite.scala:196)
[info]   at org.scalatest.TestSuite.withFixture$(TestSuite.scala:195)
[info]   at org.scalatest.funsuite.AnyFunSuite.withFixture(AnyFunSuite.scala:1564)
[info]   at org.scalatest.funsuite.AnyFunSuiteLike.invokeWithFixture$1(AnyFunSuiteLike.scala:224)
[info]   at org.scalatest.funsuite.AnyFunSuiteLike.$anonfun$runTest$1(AnyFunSuiteLike.scala:236)
[info]   at org.scalatest.SuperEngine.runTestImpl(Engine.scala:306)
[info]   at org.scalatest.funsuite.AnyFunSuiteLike.runTest(AnyFunSuiteLike.scala:236)
[info]   at org.scalatest.funsuite.AnyFunSuiteLike.runTest$(AnyFunSuiteLike.scala:218)
[info]   at org.scalatest.funsuite.AnyFunSuite.runTest(AnyFunSuite.scala:1564)
[info]   at org.scalatest.funsuite.AnyFunSuiteLike.$anonfun$runTests$1(AnyFunSuiteLike.scala:269)
[info]   at org.scalatest.SuperEngine.$anonfun$runTestsInBranch$1(Engine.scala:413)
[info]   at scala.collection.immutable.List.foreach(List.scala:334)
[info]   at org.scalatest.SuperEngine.traverseSubNodes$1(Engine.scala:401)
[info]   at org.scalatest.SuperEngine.runTestsInBranch(Engine.scala:396)
[info]   at org.scalatest.SuperEngine.runTestsImpl(Engine.scala:475)
[info]   at org.scalatest.funsuite.AnyFunSuiteLike.runTests(AnyFunSuiteLike.scala:269)
[info]   at org.scalatest.funsuite.AnyFunSuiteLike.runTests$(AnyFunSuiteLike.scala:268)
[info]   at org.scalatest.funsuite.AnyFunSuite.runTests(AnyFunSuite.scala:1564)
[info]   at org.scalatest.Suite.run(Suite.scala:1114)
[info]   at org.scalatest.Suite.run$(Suite.scala:1096)
[info]   at org.scalatest.funsuite.AnyFunSuite.org$scalatest$funsuite$AnyFunSuiteLike$$super$run(AnyFunSuite.scala:1564)
[info]   at org.scalatest.funsuite.AnyFunSuiteLike.$anonfun$run$1(AnyFunSuiteLike.scala:273)
[info]   at org.scalatest.SuperEngine.runImpl(Engine.scala:535)
[info]   at org.scalatest.funsuite.AnyFunSuiteLike.run(AnyFunSuiteLike.scala:273)
[info]   at org.scalatest.funsuite.AnyFunSuiteLike.run$(AnyFunSuiteLike.scala:272)
[info]   at frameless.TypedDatasetSuite.org$scalatest$BeforeAndAfterAll$$super$run(TypedDatasetSuite.scala:63)
[info]   at org.scalatest.BeforeAndAfterAll.liftedTree1$1(BeforeAndAfterAll.scala:213)
[info]   at org.scalatest.BeforeAndAfterAll.run(BeforeAndAfterAll.scala:210)
[info]   at org.scalatest.BeforeAndAfterAll.run$(BeforeAndAfterAll.scala:208)
[info]   at frameless.TypedDatasetSuite.run(TypedDatasetSuite.scala:63)
[info]   at org.scalatest.tools.Framework.org$scalatest$tools$Framework$$runSuite(Framework.scala:321)
[info]   at org.scalatest.tools.Framework$ScalaTestTask.execute(Framework.scala:517)
[info]   at sbt.ForkMain$Run.lambda$runTest$1(ForkMain.java:414)
[info]   at java.base/java.util.concurrent.FutureTask.run(FutureTask.java:317)
[info]   at java.base/java.util.concurrent.ThreadPoolExecutor.runWorker(ThreadPoolExecutor.java:1144)
[info]   at java.base/java.util.concurrent.ThreadPoolExecutor$Worker.run(ThreadPoolExecutor.java:642)
[info]   at java.base/java.lang.Thread.run(Thread.java:1583)
[info]   Cause: java.lang.ClassCastException: Cannot cast scala.reflect.ClassTag$GenericClassTag to org.apache.spark.sql.catalyst.expressions.Expression
[info]   at java.base/java.lang.Class.cast(Class.java:4067)
[info]   at java.base/jdk.internal.reflect.DirectConstructorHandleAccessor.newInstance(DirectConstructorHandleAccessor.java:62)
[info]   at java.base/java.lang.reflect.Constructor.newInstanceWithCaller(Constructor.java:502)
[info]   at java.base/java.lang.reflect.Constructor.newInstance(Constructor.java:486)
[info]   at frameless.TypedExpressionEncoder$.$anonfun$apply$3(TypedExpressionEncoder.scala:55)
[info]   at scala.Option.map(Option.scala:242)
[info]   at frameless.TypedExpressionEncoder$.apply(TypedExpressionEncoder.scala:54)
[info]   at frameless.TypedDataset$.create(TypedDataset.scala:1325)
[info]   at frameless.functions.UnaryFunctionsTest.prop$7(UnaryFunctionsTest.scala:123)
[info]   at frameless.functions.UnaryFunctionsTest.$anonfun$new$172(UnaryFunctionsTest.scala:137)
[info]   at scala.Function1.$anonfun$andThen$1(Function1.scala:87)
[info]   at org.scalacheck.Prop$.$anonfun$forAllShrink$2(Prop.scala:868)
[info]   at org.scalacheck.Prop$.secure(Prop.scala:484)
[info]   at org.scalacheck.Prop$.result$1(Prop.scala:868)
[info]   at org.scalacheck.Prop$.$anonfun$forAllShrink$1(Prop.scala:915)
[info]   at org.scalacheck.Prop$.$anonfun$apply$1(Prop.scala:305)
[info]   at org.scalacheck.PropFromFun.apply(Prop.scala:20)
[info]   at org.scalacheck.Test$.workerFun$1(Test.scala:486)
[info]   at org.scalacheck.Test$.$anonfun$check$4(Test.scala:518)
[info]   at org.scalacheck.Test$.$anonfun$check$4$adapted(Test.scala:518)
[info]   at org.scalacheck.Platform$.runWorkers(Platform.scala:42)
[info]   at org.scalacheck.Test$.check(Test.scala:518)
[info]   at org.scalatestplus.scalacheck.UnitCheckerAsserting$CheckerAssertingImpl.check(CheckerAsserting.scala:90)
[info]   at org.scalatestplus.scalacheck.Checkers.check(Checkers.scala:371)
[info]   at org.scalatestplus.scalacheck.Checkers.check$(Checkers.scala:369)
[info]   at frameless.TypedDatasetSuite.check(TypedDatasetSuite.scala:63)
[info]   at frameless.functions.UnaryFunctionsTest.$anonfun$new$162(UnaryFunctionsTest.scala:137)
[info]   at org.scalatest.OutcomeOf.outcomeOf(OutcomeOf.scala:85)
[info]   at org.scalatest.OutcomeOf.outcomeOf$(OutcomeOf.scala:83)
[info]   at org.scalatest.OutcomeOf$.outcomeOf(OutcomeOf.scala:104)
[info]   at org.scalatest.Transformer.apply(Transformer.scala:22)
[info]   at org.scalatest.Transformer.apply(Transformer.scala:20)
[info]   at org.scalatest.funsuite.AnyFunSuiteLike$$anon$1.apply(AnyFunSuiteLike.scala:226)
[info]   at org.scalatest.TestSuite.withFixture(TestSuite.scala:196)
[info]   at org.scalatest.TestSuite.withFixture$(TestSuite.scala:195)
[info]   at org.scalatest.funsuite.AnyFunSuite.withFixture(AnyFunSuite.scala:1564)
[info]   at org.scalatest.funsuite.AnyFunSuiteLike.invokeWithFixture$1(AnyFunSuiteLike.scala:224)
[info]   at org.scalatest.funsuite.AnyFunSuiteLike.$anonfun$runTest$1(AnyFunSuiteLike.scala:236)
[info]   at org.scalatest.SuperEngine.runTestImpl(Engine.scala:306)
[info]   at org.scalatest.funsuite.AnyFunSuiteLike.runTest(AnyFunSuiteLike.scala:236)
[info]   at org.scalatest.funsuite.AnyFunSuiteLike.runTest$(AnyFunSuiteLike.scala:218)
[info]   at org.scalatest.funsuite.AnyFunSuite.runTest(AnyFunSuite.scala:1564)
[info]   at org.scalatest.funsuite.AnyFunSuiteLike.$anonfun$runTests$1(AnyFunSuiteLike.scala:269)
[info]   at org.scalatest.SuperEngine.$anonfun$runTestsInBranch$1(Engine.scala:413)
[info]   at scala.collection.immutable.List.foreach(List.scala:334)
[info]   at org.scalatest.SuperEngine.traverseSubNodes$1(Engine.scala:401)
[info]   at org.scalatest.SuperEngine.runTestsInBranch(Engine.scala:396)
[info]   at org.scalatest.SuperEngine.runTestsImpl(Engine.scala:475)
[info]   at org.scalatest.funsuite.AnyFunSuiteLike.runTests(AnyFunSuiteLike.scala:269)
[info]   at org.scalatest.funsuite.AnyFunSuiteLike.runTests$(AnyFunSuiteLike.scala:268)
[info]   at org.scalatest.funsuite.AnyFunSuite.runTests(AnyFunSuite.scala:1564)
[info]   at org.scalatest.Suite.run(Suite.scala:1114)
[info]   at org.scalatest.Suite.run$(Suite.scala:1096)
[info]   at org.scalatest.funsuite.AnyFunSuite.org$scalatest$funsuite$AnyFunSuiteLike$$super$run(AnyFunSuite.scala:1564)
[info]   at org.scalatest.funsuite.AnyFunSuiteLike.$anonfun$run$1(AnyFunSuiteLike.scala:273)
[info]   at org.scalatest.SuperEngine.runImpl(Engine.scala:535)
[info]   at org.scalatest.funsuite.AnyFunSuiteLike.run(AnyFunSuiteLike.scala:273)
[info]   at org.scalatest.funsuite.AnyFunSuiteLike.run$(AnyFunSuiteLike.scala:272)
[info]   at frameless.TypedDatasetSuite.org$scalatest$BeforeAndAfterAll$$super$run(TypedDatasetSuite.scala:63)
[info]   at org.scalatest.BeforeAndAfterAll.liftedTree1$1(BeforeAndAfterAll.scala:213)
[info]   at org.scalatest.BeforeAndAfterAll.run(BeforeAndAfterAll.scala:210)
[info]   at org.scalatest.BeforeAndAfterAll.run$(BeforeAndAfterAll.scala:208)
[info]   at frameless.TypedDatasetSuite.run(TypedDatasetSuite.scala:63)
[info]   at org.scalatest.tools.Framework.org$scalatest$tools$Framework$$runSuite(Framework.scala:321)
[info]   at org.scalatest.tools.Framework$ScalaTestTask.execute(Framework.scala:517)
[info]   at sbt.ForkMain$Run.lambda$runTest$1(ForkMain.java:414)
[info]   at java.base/java.util.concurrent.FutureTask.run(FutureTask.java:317)
[info]   at java.base/java.util.concurrent.ThreadPoolExecutor.runWorker(ThreadPoolExecutor.java:1144)
[info]   at java.base/java.util.concurrent.ThreadPoolExecutor$Worker.run(ThreadPoolExecutor.java:642)
[info]   at java.base/java.lang.Thread.run(Thread.java:1583)
[info] ColumnsTests:
[info] - columns *** FAILED *** (7 seconds, 86 milliseconds)
[info]   IllegalArgumentException was thrown during property evaluation.
[info]     Message: argument type mismatch
[info]     Occurred when passed generated values (
[info]       arg0 = 0, // 29 shrinks
[info]       arg1 = "",
[info]       arg2 = true,
[info]       arg3 = 0, // 62 shrinks
[info]       arg4 = 0.0, // 24 shrinks
[info]       arg5 = 0 // 1 shrink
[info]     )
[info]   org.scalatest.exceptions.GeneratorDrivenPropertyCheckFailedException:
[info]   at org.scalatestplus.scalacheck.CheckerAsserting$$anon$2.indicateFailure(CheckerAsserting.scala:251)
[info]   at org.scalatestplus.scalacheck.CheckerAsserting$$anon$2.indicateFailure(CheckerAsserting.scala:238)
[info]   at org.scalatestplus.scalacheck.UnitCheckerAsserting$CheckerAssertingImpl.check(CheckerAsserting.scala:160)
[info]   at org.scalatestplus.scalacheck.Checkers.check(Checkers.scala:371)
[info]   at org.scalatestplus.scalacheck.Checkers.check$(Checkers.scala:369)
[info]   at frameless.TypedDatasetSuite.check(TypedDatasetSuite.scala:63)
[info]   at frameless.ColumnsTests.$anonfun$new$1(ColumnsTests.scala:28)
[info]   at org.scalatest.OutcomeOf.outcomeOf(OutcomeOf.scala:85)
[info]   at org.scalatest.OutcomeOf.outcomeOf$(OutcomeOf.scala:83)
[info]   at org.scalatest.OutcomeOf$.outcomeOf(OutcomeOf.scala:104)
[info]   at org.scalatest.Transformer.apply(Transformer.scala:22)
[info]   at org.scalatest.Transformer.apply(Transformer.scala:20)
[info]   at org.scalatest.funsuite.AnyFunSuiteLike$$anon$1.apply(AnyFunSuiteLike.scala:226)
[info]   at org.scalatest.TestSuite.withFixture(TestSuite.scala:196)
[info]   at org.scalatest.TestSuite.withFixture$(TestSuite.scala:195)
[info]   at org.scalatest.funsuite.AnyFunSuite.withFixture(AnyFunSuite.scala:1564)
[info]   at org.scalatest.funsuite.AnyFunSuiteLike.invokeWithFixture$1(AnyFunSuiteLike.scala:224)
[info]   at org.scalatest.funsuite.AnyFunSuiteLike.$anonfun$runTest$1(AnyFunSuiteLike.scala:236)
[info]   at org.scalatest.SuperEngine.runTestImpl(Engine.scala:306)
[info]   at org.scalatest.funsuite.AnyFunSuiteLike.runTest(AnyFunSuiteLike.scala:236)
[info]   at org.scalatest.funsuite.AnyFunSuiteLike.runTest$(AnyFunSuiteLike.scala:218)
[info]   at org.scalatest.funsuite.AnyFunSuite.runTest(AnyFunSuite.scala:1564)
[info]   at org.scalatest.funsuite.AnyFunSuiteLike.$anonfun$runTests$1(AnyFunSuiteLike.scala:269)
[info]   at org.scalatest.SuperEngine.$anonfun$runTestsInBranch$1(Engine.scala:413)
[info]   at scala.collection.immutable.List.foreach(List.scala:334)
[info]   at org.scalatest.SuperEngine.traverseSubNodes$1(Engine.scala:401)
[info]   at org.scalatest.SuperEngine.runTestsInBranch(Engine.scala:396)
[info]   at org.scalatest.SuperEngine.runTestsImpl(Engine.scala:475)
[info]   at org.scalatest.funsuite.AnyFunSuiteLike.runTests(AnyFunSuiteLike.scala:269)
[info]   at org.scalatest.funsuite.AnyFunSuiteLike.runTests$(AnyFunSuiteLike.scala:268)
[info]   at org.scalatest.funsuite.AnyFunSuite.runTests(AnyFunSuite.scala:1564)
[info]   at org.scalatest.Suite.run(Suite.scala:1114)
[info]   at org.scalatest.Suite.run$(Suite.scala:1096)
[info]   at org.scalatest.funsuite.AnyFunSuite.org$scalatest$funsuite$AnyFunSuiteLike$$super$run(AnyFunSuite.scala:1564)
[info]   at org.scalatest.funsuite.AnyFunSuiteLike.$anonfun$run$1(AnyFunSuiteLike.scala:273)
[info]   at org.scalatest.SuperEngine.runImpl(Engine.scala:535)
[info]   at org.scalatest.funsuite.AnyFunSuiteLike.run(AnyFunSuiteLike.scala:273)
[info]   at org.scalatest.funsuite.AnyFunSuiteLike.run$(AnyFunSuiteLike.scala:272)
[info]   at frameless.TypedDatasetSuite.org$scalatest$BeforeAndAfterAll$$super$run(TypedDatasetSuite.scala:63)
[info]   at org.scalatest.BeforeAndAfterAll.liftedTree1$1(BeforeAndAfterAll.scala:213)
[info]   at org.scalatest.BeforeAndAfterAll.run(BeforeAndAfterAll.scala:210)
[info]   at org.scalatest.BeforeAndAfterAll.run$(BeforeAndAfterAll.scala:208)
[info]   at frameless.TypedDatasetSuite.run(TypedDatasetSuite.scala:63)
[info]   at org.scalatest.tools.Framework.org$scalatest$tools$Framework$$runSuite(Framework.scala:321)
[info]   at org.scalatest.tools.Framework$ScalaTestTask.execute(Framework.scala:517)
[info]   at sbt.ForkMain$Run.lambda$runTest$1(ForkMain.java:414)
[info]   at java.base/java.util.concurrent.FutureTask.run(FutureTask.java:317)
[info]   at java.base/java.util.concurrent.ThreadPoolExecutor.runWorker(ThreadPoolExecutor.java:1144)
[info]   at java.base/java.util.concurrent.ThreadPoolExecutor$Worker.run(ThreadPoolExecutor.java:642)
[info]   at java.base/java.lang.Thread.run(Thread.java:1583)
[info]   Cause: java.lang.IllegalArgumentException: argument type mismatch
[info]   at java.base/jdk.internal.reflect.DirectConstructorHandleAccessor.newInstance(DirectConstructorHandleAccessor.java:65)
[info]   at java.base/java.lang.reflect.Constructor.newInstanceWithCaller(Constructor.java:502)
[info]   at java.base/java.lang.reflect.Constructor.newInstance(Constructor.java:486)
[info]   at frameless.TypedExpressionEncoder$.$anonfun$apply$3(TypedExpressionEncoder.scala:55)
[info]   at scala.Option.map(Option.scala:242)
[info]   at frameless.TypedExpressionEncoder$.apply(TypedExpressionEncoder.scala:54)
[info]   at frameless.TypedDataset$.create(TypedDataset.scala:1325)
[info]   at frameless.ColumnsTests.prop$1(ColumnsTests.scala:16)
[info]   at frameless.ColumnsTests.$anonfun$new$28(ColumnsTests.scala:28)
[info]   at frameless.ColumnsTests.$anonfun$new$28$adapted(ColumnsTests.scala:28)
[info]   at org.scalacheck.Prop$.$anonfun$forAll$26(Prop.scala:1213)
[info]   at org.scalacheck.Prop$.$anonfun$forAll$24(Prop.scala:1188)
[info]   at org.scalacheck.Prop$.$anonfun$forAll$22(Prop.scala:1166)
[info]   at org.scalacheck.Prop$.$anonfun$forAll$20(Prop.scala:1147)
[info]   at org.scalacheck.Prop$.$anonfun$forAll$18(Prop.scala:1131)
[info]   at scala.Function1.$anonfun$andThen$1(Function1.scala:87)
[info]   at org.scalacheck.Prop$.$anonfun$forAllShrink$2(Prop.scala:868)
[info]   at org.scalacheck.Prop$.secure(Prop.scala:484)
[info]   at org.scalacheck.Prop$.result$1(Prop.scala:868)
[info]   at org.scalacheck.Prop$.$anonfun$forAllShrink$4(Prop.scala:880)
[info]   at scala.collection.immutable.Stream.map(Stream.scala:173)
[info]   at org.scalacheck.Prop$.getFirstFailure$1(Prop.scala:880)
[info]   at org.scalacheck.Prop$.shrinker$1(Prop.scala:895)
[info]   at org.scalacheck.Prop$.$anonfun$forAllShrink$1(Prop.scala:916)
[info]   at org.scalacheck.Prop$.$anonfun$apply$1(Prop.scala:305)
[info]   at org.scalacheck.PropFromFun.apply(Prop.scala:20)
[info]   at org.scalacheck.Prop$.result$1(Prop.scala:869)
[info]   at org.scalacheck.Prop$.$anonfun$forAllShrink$4(Prop.scala:880)
[info]   at scala.collection.immutable.Stream.map(Stream.scala:173)
[info]   at org.scalacheck.Prop$.getFirstFailure$1(Prop.scala:880)
[info]   at org.scalacheck.Prop$.shrinker$1(Prop.scala:895)
[info]   at org.scalacheck.Prop$.$anonfun$forAllShrink$1(Prop.scala:916)
[info]   at org.scalacheck.Prop$.$anonfun$apply$1(Prop.scala:305)
[info]   at org.scalacheck.PropFromFun.apply(Prop.scala:20)
[info]   at org.scalacheck.Prop$.result$1(Prop.scala:869)
[info]   at org.scalacheck.Prop$.$anonfun$forAllShrink$4(Prop.scala:880)
[info]   at scala.collection.immutable.Stream.map(Stream.scala:173)
[info]   at org.scalacheck.Prop$.getFirstFailure$1(Prop.scala:880)
[info]   at org.scalacheck.Prop$.shrinker$1(Prop.scala:895)
[info]   at org.scalacheck.Prop$.$anonfun$forAllShrink$1(Prop.scala:916)
[info]   at org.scalacheck.Prop$.$anonfun$apply$1(Prop.scala:305)
[info]   at org.scalacheck.PropFromFun.apply(Prop.scala:20)
[info]   at org.scalacheck.Prop$.result$1(Prop.scala:869)
[info]   at org.scalacheck.Prop$.$anonfun$forAllShrink$1(Prop.scala:915)
[info]   at org.scalacheck.Prop$.$anonfun$apply$1(Prop.scala:305)
[info]   at org.scalacheck.PropFromFun.apply(Prop.scala:20)
[info]   at org.scalacheck.Prop$.result$1(Prop.scala:869)
[info]   at org.scalacheck.Prop$.$anonfun$forAllShrink$1(Prop.scala:915)
[info]   at org.scalacheck.Prop$.$anonfun$apply$1(Prop.scala:305)
[info]   at org.scalacheck.PropFromFun.apply(Prop.scala:20)
[info]   at org.scalacheck.Prop$.result$1(Prop.scala:869)
[info]   at org.scalacheck.Prop$.$anonfun$forAllShrink$4(Prop.scala:880)
[info]   at scala.collection.immutable.Stream.map(Stream.scala:173)
[info]   at org.scalacheck.Prop$.getFirstFailure$1(Prop.scala:880)
[info]   at org.scalacheck.Prop$.shrinker$1(Prop.scala:895)
[info]   at org.scalacheck.Prop$.$anonfun$forAllShrink$1(Prop.scala:916)
[info]   at org.scalacheck.Prop$.$anonfun$apply$1(Prop.scala:305)
[info]   at org.scalacheck.PropFromFun.apply(Prop.scala:20)
[info]   at org.scalacheck.Test$.workerFun$1(Test.scala:486)
[info]   at org.scalacheck.Test$.$anonfun$check$4(Test.scala:518)
[info]   at org.scalacheck.Test$.$anonfun$check$4$adapted(Test.scala:518)
[info]   at org.scalacheck.Platform$.runWorkers(Platform.scala:42)
[info]   at org.scalacheck.Test$.check(Test.scala:518)
[info]   at org.scalatestplus.scalacheck.UnitCheckerAsserting$CheckerAssertingImpl.check(CheckerAsserting.scala:90)
[info]   at org.scalatestplus.scalacheck.Checkers.check(Checkers.scala:371)
[info]   at org.scalatestplus.scalacheck.Checkers.check$(Checkers.scala:369)
[info]   at frameless.TypedDatasetSuite.check(TypedDatasetSuite.scala:63)
[info]   at frameless.ColumnsTests.$anonfun$new$1(ColumnsTests.scala:28)
[info]   at org.scalatest.OutcomeOf.outcomeOf(OutcomeOf.scala:85)
[info]   at org.scalatest.OutcomeOf.outcomeOf$(OutcomeOf.scala:83)
[info]   at org.scalatest.OutcomeOf$.outcomeOf(OutcomeOf.scala:104)
[info]   at org.scalatest.Transformer.apply(Transformer.scala:22)
[info]   at org.scalatest.Transformer.apply(Transformer.scala:20)
[info]   at org.scalatest.funsuite.AnyFunSuiteLike$$anon$1.apply(AnyFunSuiteLike.scala:226)
[info]   at org.scalatest.TestSuite.withFixture(TestSuite.scala:196)
[info]   at org.scalatest.TestSuite.withFixture$(TestSuite.scala:195)
[info]   at org.scalatest.funsuite.AnyFunSuite.withFixture(AnyFunSuite.scala:1564)
[info]   at org.scalatest.funsuite.AnyFunSuiteLike.invokeWithFixture$1(AnyFunSuiteLike.scala:224)
[info]   at org.scalatest.funsuite.AnyFunSuiteLike.$anonfun$runTest$1(AnyFunSuiteLike.scala:236)
[info]   at org.scalatest.SuperEngine.runTestImpl(Engine.scala:306)
[info]   at org.scalatest.funsuite.AnyFunSuiteLike.runTest(AnyFunSuiteLike.scala:236)
[info]   at org.scalatest.funsuite.AnyFunSuiteLike.runTest$(AnyFunSuiteLike.scala:218)
[info]   at org.scalatest.funsuite.AnyFunSuite.runTest(AnyFunSuite.scala:1564)
[info]   at org.scalatest.funsuite.AnyFunSuiteLike.$anonfun$runTests$1(AnyFunSuiteLike.scala:269)
[info]   at org.scalatest.SuperEngine.$anonfun$runTestsInBranch$1(Engine.scala:413)
[info]   at scala.collection.immutable.List.foreach(List.scala:334)
[info]   at org.scalatest.SuperEngine.traverseSubNodes$1(Engine.scala:401)
[info]   at org.scalatest.SuperEngine.runTestsInBranch(Engine.scala:396)
[info]   at org.scalatest.SuperEngine.runTestsImpl(Engine.scala:475)
[info]   at org.scalatest.funsuite.AnyFunSuiteLike.runTests(AnyFunSuiteLike.scala:269)
[info]   at org.scalatest.funsuite.AnyFunSuiteLike.runTests$(AnyFunSuiteLike.scala:268)
[info]   at org.scalatest.funsuite.AnyFunSuite.runTests(AnyFunSuite.scala:1564)
[info]   at org.scalatest.Suite.run(Suite.scala:1114)
[info]   at org.scalatest.Suite.run$(Suite.scala:1096)
[info]   at org.scalatest.funsuite.AnyFunSuite.org$scalatest$funsuite$AnyFunSuiteLike$$super$run(AnyFunSuite.scala:1564)
[info]   at org.scalatest.funsuite.AnyFunSuiteLike.$anonfun$run$1(AnyFunSuiteLike.scala:273)
[info]   at org.scalatest.SuperEngine.runImpl(Engine.scala:535)
[info]   at org.scalatest.funsuite.AnyFunSuiteLike.run(AnyFunSuiteLike.scala:273)
[info]   at org.scalatest.funsuite.AnyFunSuiteLike.run$(AnyFunSuiteLike.scala:272)
[info]   at frameless.TypedDatasetSuite.org$scalatest$BeforeAndAfterAll$$super$run(TypedDatasetSuite.scala:63)
[info]   at org.scalatest.BeforeAndAfterAll.liftedTree1$1(BeforeAndAfterAll.scala:213)
[info]   at org.scalatest.BeforeAndAfterAll.run(BeforeAndAfterAll.scala:210)
[info]   at org.scalatest.BeforeAndAfterAll.run$(BeforeAndAfterAll.scala:208)
[info]   at frameless.TypedDatasetSuite.run(TypedDatasetSuite.scala:63)
[info]   at org.scalatest.tools.Framework.org$scalatest$tools$Framework$$runSuite(Framework.scala:321)
[info]   at org.scalatest.tools.Framework$ScalaTestTask.execute(Framework.scala:517)
[info]   at sbt.ForkMain$Run.lambda$runTest$1(ForkMain.java:414)
[info]   at java.base/java.util.concurrent.FutureTask.run(FutureTask.java:317)
[info]   at java.base/java.util.concurrent.ThreadPoolExecutor.runWorker(ThreadPoolExecutor.java:1144)
[info]   at java.base/java.util.concurrent.ThreadPoolExecutor$Worker.run(ThreadPoolExecutor.java:642)
[info]   at java.base/java.lang.Thread.run(Thread.java:1583)
[info]   Cause: java.lang.ClassCastException: Cannot cast scala.reflect.ClassTag$GenericClassTag to org.apache.spark.sql.catalyst.expressions.Expression
[info]   at java.base/java.lang.Class.cast(Class.java:4067)
[info]   at java.base/jdk.internal.reflect.DirectConstructorHandleAccessor.newInstance(DirectConstructorHandleAccessor.java:62)
[info]   at java.base/java.lang.reflect.Constructor.newInstanceWithCaller(Constructor.java:502)
[info]   at java.base/java.lang.reflect.Constructor.newInstance(Constructor.java:486)
[info]   at frameless.TypedExpressionEncoder$.$anonfun$apply$3(TypedExpressionEncoder.scala:55)
[info]   at scala.Option.map(Option.scala:242)
[info]   at frameless.TypedExpressionEncoder$.apply(TypedExpressionEncoder.scala:54)
[info]   at frameless.TypedDataset$.create(TypedDataset.scala:1325)
[info]   at frameless.ColumnsTests.prop$1(ColumnsTests.scala:16)
[info]   at frameless.ColumnsTests.$anonfun$new$28(ColumnsTests.scala:28)
[info]   at frameless.ColumnsTests.$anonfun$new$28$adapted(ColumnsTests.scala:28)
[info]   at org.scalacheck.Prop$.$anonfun$forAll$26(Prop.scala:1213)
[info]   at org.scalacheck.Prop$.$anonfun$forAll$24(Prop.scala:1188)
[info]   at org.scalacheck.Prop$.$anonfun$forAll$22(Prop.scala:1166)
[info]   at org.scalacheck.Prop$.$anonfun$forAll$20(Prop.scala:1147)
[info]   at org.scalacheck.Prop$.$anonfun$forAll$18(Prop.scala:1131)
[info]   at scala.Function1.$anonfun$andThen$1(Function1.scala:87)
[info]   at org.scalacheck.Prop$.$anonfun$forAllShrink$2(Prop.scala:868)
[info]   at org.scalacheck.Prop$.secure(Prop.scala:484)
[info]   at org.scalacheck.Prop$.result$1(Prop.scala:868)
[info]   at org.scalacheck.Prop$.$anonfun$forAllShrink$4(Prop.scala:880)
[info]   at scala.collection.immutable.Stream.map(Stream.scala:173)
[info]   at org.scalacheck.Prop$.getFirstFailure$1(Prop.scala:880)
[info]   at org.scalacheck.Prop$.shrinker$1(Prop.scala:895)
[info]   at org.scalacheck.Prop$.$anonfun$forAllShrink$1(Prop.scala:916)
[info]   at org.scalacheck.Prop$.$anonfun$apply$1(Prop.scala:305)
[info]   at org.scalacheck.PropFromFun.apply(Prop.scala:20)
[info]   at org.scalacheck.Prop$.result$1(Prop.scala:869)
[info]   at org.scalacheck.Prop$.$anonfun$forAllShrink$4(Prop.scala:880)
[info]   at scala.collection.immutable.Stream.map(Stream.scala:173)
[info]   at org.scalacheck.Prop$.getFirstFailure$1(Prop.scala:880)
[info]   at org.scalacheck.Prop$.shrinker$1(Prop.scala:895)
[info]   at org.scalacheck.Prop$.$anonfun$forAllShrink$1(Prop.scala:916)
[info]   at org.scalacheck.Prop$.$anonfun$apply$1(Prop.scala:305)
[info]   at org.scalacheck.PropFromFun.apply(Prop.scala:20)
[info]   at org.scalacheck.Prop$.result$1(Prop.scala:869)
[info]   at org.scalacheck.Prop$.$anonfun$forAllShrink$4(Prop.scala:880)
[info]   at scala.collection.immutable.Stream.map(Stream.scala:173)
[info]   at org.scalacheck.Prop$.getFirstFailure$1(Prop.scala:880)
[info]   at org.scalacheck.Prop$.shrinker$1(Prop.scala:895)
[info]   at org.scalacheck.Prop$.$anonfun$forAllShrink$1(Prop.scala:916)
[info]   at org.scalacheck.Prop$.$anonfun$apply$1(Prop.scala:305)
[info]   at org.scalacheck.PropFromFun.apply(Prop.scala:20)
[info]   at org.scalacheck.Prop$.result$1(Prop.scala:869)
[info]   at org.scalacheck.Prop$.$anonfun$forAllShrink$1(Prop.scala:915)
[info]   at org.scalacheck.Prop$.$anonfun$apply$1(Prop.scala:305)
[info]   at org.scalacheck.PropFromFun.apply(Prop.scala:20)
[info]   at org.scalacheck.Prop$.result$1(Prop.scala:869)
[info]   at org.scalacheck.Prop$.$anonfun$forAllShrink$1(Prop.scala:915)
[info]   at org.scalacheck.Prop$.$anonfun$apply$1(Prop.scala:305)
[info]   at org.scalacheck.PropFromFun.apply(Prop.scala:20)
[info]   at org.scalacheck.Prop$.result$1(Prop.scala:869)
[info]   at org.scalacheck.Prop$.$anonfun$forAllShrink$4(Prop.scala:880)
[info]   at scala.collection.immutable.Stream.map(Stream.scala:173)
[info]   at org.scalacheck.Prop$.getFirstFailure$1(Prop.scala:880)
[info]   at org.scalacheck.Prop$.shrinker$1(Prop.scala:895)
[info]   at org.scalacheck.Prop$.$anonfun$forAllShrink$1(Prop.scala:916)
[info]   at org.scalacheck.Prop$.$anonfun$apply$1(Prop.scala:305)
[info]   at org.scalacheck.PropFromFun.apply(Prop.scala:20)
[info]   at org.scalacheck.Test$.workerFun$1(Test.scala:486)
[info]   at org.scalacheck.Test$.$anonfun$check$4(Test.scala:518)
[info]   at org.scalacheck.Test$.$anonfun$check$4$adapted(Test.scala:518)
[info]   at org.scalacheck.Platform$.runWorkers(Platform.scala:42)
[info]   at org.scalacheck.Test$.check(Test.scala:518)
[info]   at org.scalatestplus.scalacheck.UnitCheckerAsserting$CheckerAssertingImpl.check(CheckerAsserting.scala:90)
[info]   at org.scalatestplus.scalacheck.Checkers.check(Checkers.scala:371)
[info]   at org.scalatestplus.scalacheck.Checkers.check$(Checkers.scala:369)
[info]   at frameless.TypedDatasetSuite.check(TypedDatasetSuite.scala:63)
[info]   at frameless.ColumnsTests.$anonfun$new$1(ColumnsTests.scala:28)
[info]   at org.scalatest.OutcomeOf.outcomeOf(OutcomeOf.scala:85)
[info]   at org.scalatest.OutcomeOf.outcomeOf$(OutcomeOf.scala:83)
[info]   at org.scalatest.OutcomeOf$.outcomeOf(OutcomeOf.scala:104)
[info]   at org.scalatest.Transformer.apply(Transformer.scala:22)
[info]   at org.scalatest.Transformer.apply(Transformer.scala:20)
[info]   at org.scalatest.funsuite.AnyFunSuiteLike$$anon$1.apply(AnyFunSuiteLike.scala:226)
[info]   at org.scalatest.TestSuite.withFixture(TestSuite.scala:196)
[info]   at org.scalatest.TestSuite.withFixture$(TestSuite.scala:195)
[info]   at org.scalatest.funsuite.AnyFunSuite.withFixture(AnyFunSuite.scala:1564)
[info]   at org.scalatest.funsuite.AnyFunSuiteLike.invokeWithFixture$1(AnyFunSuiteLike.scala:224)
[info]   at org.scalatest.funsuite.AnyFunSuiteLike.$anonfun$runTest$1(AnyFunSuiteLike.scala:236)
[info]   at org.scalatest.SuperEngine.runTestImpl(Engine.scala:306)
[info]   at org.scalatest.funsuite.AnyFunSuiteLike.runTest(AnyFunSuiteLike.scala:236)
[info]   at org.scalatest.funsuite.AnyFunSuiteLike.runTest$(AnyFunSuiteLike.scala:218)
[info]   at org.scalatest.funsuite.AnyFunSuite.runTest(AnyFunSuite.scala:1564)
[info]   at org.scalatest.funsuite.AnyFunSuiteLike.$anonfun$runTests$1(AnyFunSuiteLike.scala:269)
[info]   at org.scalatest.SuperEngine.$anonfun$runTestsInBranch$1(Engine.scala:413)
[info]   at scala.collection.immutable.List.foreach(List.scala:334)
[info]   at org.scalatest.SuperEngine.traverseSubNodes$1(Engine.scala:401)
[info]   at org.scalatest.SuperEngine.runTestsInBranch(Engine.scala:396)
[info]   at org.scalatest.SuperEngine.runTestsImpl(Engine.scala:475)
[info]   at org.scalatest.funsuite.AnyFunSuiteLike.runTests(AnyFunSuiteLike.scala:269)
[info]   at org.scalatest.funsuite.AnyFunSuiteLike.runTests$(AnyFunSuiteLike.scala:268)
[info]   at org.scalatest.funsuite.AnyFunSuite.runTests(AnyFunSuite.scala:1564)
[info]   at org.scalatest.Suite.run(Suite.scala:1114)
[info]   at org.scalatest.Suite.run$(Suite.scala:1096)
[info]   at org.scalatest.funsuite.AnyFunSuite.org$scalatest$funsuite$AnyFunSuiteLike$$super$run(AnyFunSuite.scala:1564)
[info]   at org.scalatest.funsuite.AnyFunSuiteLike.$anonfun$run$1(AnyFunSuiteLike.scala:273)
[info]   at org.scalatest.SuperEngine.runImpl(Engine.scala:535)
[info]   at org.scalatest.funsuite.AnyFunSuiteLike.run(AnyFunSuiteLike.scala:273)
[info]   at org.scalatest.funsuite.AnyFunSuiteLike.run$(AnyFunSuiteLike.scala:272)
[info]   at frameless.TypedDatasetSuite.org$scalatest$BeforeAndAfterAll$$super$run(TypedDatasetSuite.scala:63)
[info]   at org.scalatest.BeforeAndAfterAll.liftedTree1$1(BeforeAndAfterAll.scala:213)
[info]   at org.scalatest.BeforeAndAfterAll.run(BeforeAndAfterAll.scala:210)
[info]   at org.scalatest.BeforeAndAfterAll.run$(BeforeAndAfterAll.scala:208)
[info]   at frameless.TypedDatasetSuite.run(TypedDatasetSuite.scala:63)
[info]   at org.scalatest.tools.Framework.org$scalatest$tools$Framework$$runSuite(Framework.scala:321)
[info]   at org.scalatest.tools.Framework$ScalaTestTask.execute(Framework.scala:517)
[info]   at sbt.ForkMain$Run.lambda$runTest$1(ForkMain.java:414)
[info]   at java.base/java.util.concurrent.FutureTask.run(FutureTask.java:317)
[info]   at java.base/java.util.concurrent.ThreadPoolExecutor.runWorker(ThreadPoolExecutor.java:1144)
[info]   at java.base/java.util.concurrent.ThreadPoolExecutor$Worker.run(ThreadPoolExecutor.java:642)
[info]   at java.base/java.lang.Thread.run(Thread.java:1583)
[info] SelfJoinTests:
[info] - self join with colLeft/colRight disambiguation *** FAILED *** (30 milliseconds)
[info]   IllegalArgumentException was thrown during property evaluation.
[info]     Message: argument type mismatch
[info]     Occurred when passed generated values (
[info]       arg0 = List(),
[info]       arg1 = X2(1804669351,-2147483648)
[info]     )
[info]   org.scalatest.exceptions.GeneratorDrivenPropertyCheckFailedException:
[info]   at org.scalatestplus.scalacheck.CheckerAsserting$$anon$2.indicateFailure(CheckerAsserting.scala:251)
[info]   at org.scalatestplus.scalacheck.CheckerAsserting$$anon$2.indicateFailure(CheckerAsserting.scala:238)
[info]   at org.scalatestplus.scalacheck.UnitCheckerAsserting$CheckerAssertingImpl.check(CheckerAsserting.scala:160)
[info]   at org.scalatestplus.scalacheck.Checkers.check(Checkers.scala:263)
[info]   at org.scalatestplus.scalacheck.Checkers.check$(Checkers.scala:253)
[info]   at frameless.TypedDatasetSuite.check(TypedDatasetSuite.scala:63)
[info]   at frameless.SelfJoinTests.$anonfun$new$1(SelfJoinTests.scala:50)
[info]   at org.scalatest.OutcomeOf.outcomeOf(OutcomeOf.scala:85)
[info]   at org.scalatest.OutcomeOf.outcomeOf$(OutcomeOf.scala:83)
[info]   at org.scalatest.OutcomeOf$.outcomeOf(OutcomeOf.scala:104)
[info]   at org.scalatest.Transformer.apply(Transformer.scala:22)
[info]   at org.scalatest.Transformer.apply(Transformer.scala:20)
[info]   at org.scalatest.funsuite.AnyFunSuiteLike$$anon$1.apply(AnyFunSuiteLike.scala:226)
[info]   at org.scalatest.TestSuite.withFixture(TestSuite.scala:196)
[info]   at org.scalatest.TestSuite.withFixture$(TestSuite.scala:195)
[info]   at org.scalatest.funsuite.AnyFunSuite.withFixture(AnyFunSuite.scala:1564)
[info]   at org.scalatest.funsuite.AnyFunSuiteLike.invokeWithFixture$1(AnyFunSuiteLike.scala:224)
[info]   at org.scalatest.funsuite.AnyFunSuiteLike.$anonfun$runTest$1(AnyFunSuiteLike.scala:236)
[info]   at org.scalatest.SuperEngine.runTestImpl(Engine.scala:306)
[info]   at org.scalatest.funsuite.AnyFunSuiteLike.runTest(AnyFunSuiteLike.scala:236)
[info]   at org.scalatest.funsuite.AnyFunSuiteLike.runTest$(AnyFunSuiteLike.scala:218)
[info]   at org.scalatest.funsuite.AnyFunSuite.runTest(AnyFunSuite.scala:1564)
[info]   at org.scalatest.funsuite.AnyFunSuiteLike.$anonfun$runTests$1(AnyFunSuiteLike.scala:269)
[info]   at org.scalatest.SuperEngine.$anonfun$runTestsInBranch$1(Engine.scala:413)
[info]   at scala.collection.immutable.List.foreach(List.scala:334)
[info]   at org.scalatest.SuperEngine.traverseSubNodes$1(Engine.scala:401)
[info]   at org.scalatest.SuperEngine.runTestsInBranch(Engine.scala:396)
[info]   at org.scalatest.SuperEngine.runTestsImpl(Engine.scala:475)
[info]   at org.scalatest.funsuite.AnyFunSuiteLike.runTests(AnyFunSuiteLike.scala:269)
[info]   at org.scalatest.funsuite.AnyFunSuiteLike.runTests$(AnyFunSuiteLike.scala:268)
[info]   at org.scalatest.funsuite.AnyFunSuite.runTests(AnyFunSuite.scala:1564)
[info]   at org.scalatest.Suite.run(Suite.scala:1114)
[info]   at org.scalatest.Suite.run$(Suite.scala:1096)
[info]   at org.scalatest.funsuite.AnyFunSuite.org$scalatest$funsuite$AnyFunSuiteLike$$super$run(AnyFunSuite.scala:1564)
[info]   at org.scalatest.funsuite.AnyFunSuiteLike.$anonfun$run$1(AnyFunSuiteLike.scala:273)
[info]   at org.scalatest.SuperEngine.runImpl(Engine.scala:535)
[info]   at org.scalatest.funsuite.AnyFunSuiteLike.run(AnyFunSuiteLike.scala:273)
[info]   at org.scalatest.funsuite.AnyFunSuiteLike.run$(AnyFunSuiteLike.scala:272)
[info]   at frameless.TypedDatasetSuite.org$scalatest$BeforeAndAfterAll$$super$run(TypedDatasetSuite.scala:63)
[info]   at org.scalatest.BeforeAndAfterAll.liftedTree1$1(BeforeAndAfterAll.scala:213)
[info]   at org.scalatest.BeforeAndAfterAll.run(BeforeAndAfterAll.scala:210)
[info]   at org.scalatest.BeforeAndAfterAll.run$(BeforeAndAfterAll.scala:208)
[info]   at frameless.TypedDatasetSuite.run(TypedDatasetSuite.scala:63)
[info]   at org.scalatest.tools.Framework.org$scalatest$tools$Framework$$runSuite(Framework.scala:321)
[info]   at org.scalatest.tools.Framework$ScalaTestTask.execute(Framework.scala:517)
[info]   at sbt.ForkMain$Run.lambda$runTest$1(ForkMain.java:414)
[info]   at java.base/java.util.concurrent.FutureTask.run(FutureTask.java:317)
[info]   at java.base/java.util.concurrent.ThreadPoolExecutor.runWorker(ThreadPoolExecutor.java:1144)
[info]   at java.base/java.util.concurrent.ThreadPoolExecutor$Worker.run(ThreadPoolExecutor.java:642)
[info]   at java.base/java.lang.Thread.run(Thread.java:1583)
[info]   Cause: java.lang.IllegalArgumentException: argument type mismatch
[info]   at java.base/jdk.internal.reflect.DirectConstructorHandleAccessor.newInstance(DirectConstructorHandleAccessor.java:65)
[info]   at java.base/java.lang.reflect.Constructor.newInstanceWithCaller(Constructor.java:502)
[info]   at java.base/java.lang.reflect.Constructor.newInstance(Constructor.java:486)
[info]   at frameless.TypedExpressionEncoder$.$anonfun$apply$3(TypedExpressionEncoder.scala:55)
[info]   at scala.Option.map(Option.scala:242)
[info]   at frameless.TypedExpressionEncoder$.apply(TypedExpressionEncoder.scala:54)
[info]   at frameless.TypedDataset$.create(TypedDataset.scala:1325)
[info]   at frameless.SelfJoinTests.$anonfun$new$2(SelfJoinTests.scala:35)
[info]   at frameless.SelfJoinTests.allowAmbiguousJoin(SelfJoinTests.scala:24)
[info]   at frameless.SelfJoinTests.prop$1(SelfJoinTests.scala:33)
[info]   at frameless.SelfJoinTests.$anonfun$new$17(SelfJoinTests.scala:50)
[info]   at org.scalacheck.Prop$.$anonfun$forAll$18(Prop.scala:1131)
[info]   at scala.Function1.$anonfun$andThen$1(Function1.scala:87)
[info]   at org.scalacheck.Prop$.$anonfun$forAllShrink$2(Prop.scala:868)
[info]   at org.scalacheck.Prop$.secure(Prop.scala:484)
[info]   at org.scalacheck.Prop$.result$1(Prop.scala:868)
[info]   at org.scalacheck.Prop$.$anonfun$forAllShrink$1(Prop.scala:915)
[info]   at org.scalacheck.Prop$.$anonfun$apply$1(Prop.scala:305)
[info]   at org.scalacheck.PropFromFun.apply(Prop.scala:20)
[info]   at org.scalacheck.Prop$.result$1(Prop.scala:869)
[info]   at org.scalacheck.Prop$.$anonfun$forAllShrink$1(Prop.scala:915)
[info]   at org.scalacheck.Prop$.$anonfun$apply$1(Prop.scala:305)
[info]   at org.scalacheck.PropFromFun.apply(Prop.scala:20)
[info]   at org.scalacheck.Test$.workerFun$1(Test.scala:486)
[info]   at org.scalacheck.Test$.$anonfun$check$4(Test.scala:518)
[info]   at org.scalacheck.Test$.$anonfun$check$4$adapted(Test.scala:518)
[info]   at org.scalacheck.Platform$.runWorkers(Platform.scala:42)
[info]   at org.scalacheck.Test$.check(Test.scala:518)
[info]   at org.scalatestplus.scalacheck.UnitCheckerAsserting$CheckerAssertingImpl.check(CheckerAsserting.scala:90)
[info]   at org.scalatestplus.scalacheck.Checkers.check(Checkers.scala:263)
[info]   at org.scalatestplus.scalacheck.Checkers.check$(Checkers.scala:253)
[info]   at frameless.TypedDatasetSuite.check(TypedDatasetSuite.scala:63)
[info]   at frameless.SelfJoinTests.$anonfun$new$1(SelfJoinTests.scala:50)
[info]   at org.scalatest.OutcomeOf.outcomeOf(OutcomeOf.scala:85)
[info]   at org.scalatest.OutcomeOf.outcomeOf$(OutcomeOf.scala:83)
[info]   at org.scalatest.OutcomeOf$.outcomeOf(OutcomeOf.scala:104)
[info]   at org.scalatest.Transformer.apply(Transformer.scala:22)
[info]   at org.scalatest.Transformer.apply(Transformer.scala:20)
[info]   at org.scalatest.funsuite.AnyFunSuiteLike$$anon$1.apply(AnyFunSuiteLike.scala:226)
[info]   at org.scalatest.TestSuite.withFixture(TestSuite.scala:196)
[info]   at org.scalatest.TestSuite.withFixture$(TestSuite.scala:195)
[info]   at org.scalatest.funsuite.AnyFunSuite.withFixture(AnyFunSuite.scala:1564)
[info]   at org.scalatest.funsuite.AnyFunSuiteLike.invokeWithFixture$1(AnyFunSuiteLike.scala:224)
[info]   at org.scalatest.funsuite.AnyFunSuiteLike.$anonfun$runTest$1(AnyFunSuiteLike.scala:236)
[info]   at org.scalatest.SuperEngine.runTestImpl(Engine.scala:306)
[info]   at org.scalatest.funsuite.AnyFunSuiteLike.runTest(AnyFunSuiteLike.scala:236)
[info]   at org.scalatest.funsuite.AnyFunSuiteLike.runTest$(AnyFunSuiteLike.scala:218)
[info]   at org.scalatest.funsuite.AnyFunSuite.runTest(AnyFunSuite.scala:1564)
[info]   at org.scalatest.funsuite.AnyFunSuiteLike.$anonfun$runTests$1(AnyFunSuiteLike.scala:269)
[info]   at org.scalatest.SuperEngine.$anonfun$runTestsInBranch$1(Engine.scala:413)
[info]   at scala.collection.immutable.List.foreach(List.scala:334)
[info]   at org.scalatest.SuperEngine.traverseSubNodes$1(Engine.scala:401)
[info]   at org.scalatest.SuperEngine.runTestsInBranch(Engine.scala:396)
[info]   at org.scalatest.SuperEngine.runTestsImpl(Engine.scala:475)
[info]   at org.scalatest.funsuite.AnyFunSuiteLike.runTests(AnyFunSuiteLike.scala:269)
[info]   at org.scalatest.funsuite.AnyFunSuiteLike.runTests$(AnyFunSuiteLike.scala:268)
[info]   at org.scalatest.funsuite.AnyFunSuite.runTests(AnyFunSuite.scala:1564)
[info]   at org.scalatest.Suite.run(Suite.scala:1114)
[info]   at org.scalatest.Suite.run$(Suite.scala:1096)
[info]   at org.scalatest.funsuite.AnyFunSuite.org$scalatest$funsuite$AnyFunSuiteLike$$super$run(AnyFunSuite.scala:1564)
[info]   at org.scalatest.funsuite.AnyFunSuiteLike.$anonfun$run$1(AnyFunSuiteLike.scala:273)
[info]   at org.scalatest.SuperEngine.runImpl(Engine.scala:535)
[info]   at org.scalatest.funsuite.AnyFunSuiteLike.run(AnyFunSuiteLike.scala:273)
[info]   at org.scalatest.funsuite.AnyFunSuiteLike.run$(AnyFunSuiteLike.scala:272)
[info]   at frameless.TypedDatasetSuite.org$scalatest$BeforeAndAfterAll$$super$run(TypedDatasetSuite.scala:63)
[info]   at org.scalatest.BeforeAndAfterAll.liftedTree1$1(BeforeAndAfterAll.scala:213)
[info]   at org.scalatest.BeforeAndAfterAll.run(BeforeAndAfterAll.scala:210)
[info]   at org.scalatest.BeforeAndAfterAll.run$(BeforeAndAfterAll.scala:208)
[info]   at frameless.TypedDatasetSuite.run(TypedDatasetSuite.scala:63)
[info]   at org.scalatest.tools.Framework.org$scalatest$tools$Framework$$runSuite(Framework.scala:321)
[info]   at org.scalatest.tools.Framework$ScalaTestTask.execute(Framework.scala:517)
[info]   at sbt.ForkMain$Run.lambda$runTest$1(ForkMain.java:414)
[info]   at java.base/java.util.concurrent.FutureTask.run(FutureTask.java:317)
[info]   at java.base/java.util.concurrent.ThreadPoolExecutor.runWorker(ThreadPoolExecutor.java:1144)
[info]   at java.base/java.util.concurrent.ThreadPoolExecutor$Worker.run(ThreadPoolExecutor.java:642)
[info]   at java.base/java.lang.Thread.run(Thread.java:1583)
[info]   Cause: java.lang.ClassCastException: Cannot cast scala.reflect.ClassTag$GenericClassTag to org.apache.spark.sql.catalyst.expressions.Expression
[info]   at java.base/java.lang.Class.cast(Class.java:4067)
[info]   at java.base/jdk.internal.reflect.DirectConstructorHandleAccessor.newInstance(DirectConstructorHandleAccessor.java:62)
[info]   at java.base/java.lang.reflect.Constructor.newInstanceWithCaller(Constructor.java:502)
[info]   at java.base/java.lang.reflect.Constructor.newInstance(Constructor.java:486)
[info]   at frameless.TypedExpressionEncoder$.$anonfun$apply$3(TypedExpressionEncoder.scala:55)
[info]   at scala.Option.map(Option.scala:242)
[info]   at frameless.TypedExpressionEncoder$.apply(TypedExpressionEncoder.scala:54)
[info]   at frameless.TypedDataset$.create(TypedDataset.scala:1325)
[info]   at frameless.SelfJoinTests.$anonfun$new$2(SelfJoinTests.scala:35)
[info]   at frameless.SelfJoinTests.allowAmbiguousJoin(SelfJoinTests.scala:24)
[info]   at frameless.SelfJoinTests.prop$1(SelfJoinTests.scala:33)
[info]   at frameless.SelfJoinTests.$anonfun$new$17(SelfJoinTests.scala:50)
[info]   at org.scalacheck.Prop$.$anonfun$forAll$18(Prop.scala:1131)
[info]   at scala.Function1.$anonfun$andThen$1(Function1.scala:87)
[info]   at org.scalacheck.Prop$.$anonfun$forAllShrink$2(Prop.scala:868)
[info]   at org.scalacheck.Prop$.secure(Prop.scala:484)
[info]   at org.scalacheck.Prop$.result$1(Prop.scala:868)
[info]   at org.scalacheck.Prop$.$anonfun$forAllShrink$1(Prop.scala:915)
[info]   at org.scalacheck.Prop$.$anonfun$apply$1(Prop.scala:305)
[info]   at org.scalacheck.PropFromFun.apply(Prop.scala:20)
[info]   at org.scalacheck.Prop$.result$1(Prop.scala:869)
[info]   at org.scalacheck.Prop$.$anonfun$forAllShrink$1(Prop.scala:915)
[info]   at org.scalacheck.Prop$.$anonfun$apply$1(Prop.scala:305)
[info]   at org.scalacheck.PropFromFun.apply(Prop.scala:20)
[info]   at org.scalacheck.Test$.workerFun$1(Test.scala:486)
[info]   at org.scalacheck.Test$.$anonfun$check$4(Test.scala:518)
[info]   at org.scalacheck.Test$.$anonfun$check$4$adapted(Test.scala:518)
[info]   at org.scalacheck.Platform$.runWorkers(Platform.scala:42)
[info]   at org.scalacheck.Test$.check(Test.scala:518)
[info]   at org.scalatestplus.scalacheck.UnitCheckerAsserting$CheckerAssertingImpl.check(CheckerAsserting.scala:90)
[info]   at org.scalatestplus.scalacheck.Checkers.check(Checkers.scala:263)
[info]   at org.scalatestplus.scalacheck.Checkers.check$(Checkers.scala:253)
[info]   at frameless.TypedDatasetSuite.check(TypedDatasetSuite.scala:63)
[info]   at frameless.SelfJoinTests.$anonfun$new$1(SelfJoinTests.scala:50)
[info]   at org.scalatest.OutcomeOf.outcomeOf(OutcomeOf.scala:85)
[info]   at org.scalatest.OutcomeOf.outcomeOf$(OutcomeOf.scala:83)
[info]   at org.scalatest.OutcomeOf$.outcomeOf(OutcomeOf.scala:104)
[info]   at org.scalatest.Transformer.apply(Transformer.scala:22)
[info]   at org.scalatest.Transformer.apply(Transformer.scala:20)
[info]   at org.scalatest.funsuite.AnyFunSuiteLike$$anon$1.apply(AnyFunSuiteLike.scala:226)
[info]   at org.scalatest.TestSuite.withFixture(TestSuite.scala:196)
[info]   at org.scalatest.TestSuite.withFixture$(TestSuite.scala:195)
[info]   at org.scalatest.funsuite.AnyFunSuite.withFixture(AnyFunSuite.scala:1564)
[info]   at org.scalatest.funsuite.AnyFunSuiteLike.invokeWithFixture$1(AnyFunSuiteLike.scala:224)
[info]   at org.scalatest.funsuite.AnyFunSuiteLike.$anonfun$runTest$1(AnyFunSuiteLike.scala:236)
[info]   at org.scalatest.SuperEngine.runTestImpl(Engine.scala:306)
[info]   at org.scalatest.funsuite.AnyFunSuiteLike.runTest(AnyFunSuiteLike.scala:236)
[info]   at org.scalatest.funsuite.AnyFunSuiteLike.runTest$(AnyFunSuiteLike.scala:218)
[info]   at org.scalatest.funsuite.AnyFunSuite.runTest(AnyFunSuite.scala:1564)
[info]   at org.scalatest.funsuite.AnyFunSuiteLike.$anonfun$runTests$1(AnyFunSuiteLike.scala:269)
[info]   at org.scalatest.SuperEngine.$anonfun$runTestsInBranch$1(Engine.scala:413)
[info]   at scala.collection.immutable.List.foreach(List.scala:334)
[info]   at org.scalatest.SuperEngine.traverseSubNodes$1(Engine.scala:401)
[info]   at org.scalatest.SuperEngine.runTestsInBranch(Engine.scala:396)
[info]   at org.scalatest.SuperEngine.runTestsImpl(Engine.scala:475)
[info]   at org.scalatest.funsuite.AnyFunSuiteLike.runTests(AnyFunSuiteLike.scala:269)
[info]   at org.scalatest.funsuite.AnyFunSuiteLike.runTests$(AnyFunSuiteLike.scala:268)
[info]   at org.scalatest.funsuite.AnyFunSuite.runTests(AnyFunSuite.scala:1564)
[info]   at org.scalatest.Suite.run(Suite.scala:1114)
[info]   at org.scalatest.Suite.run$(Suite.scala:1096)
[info]   at org.scalatest.funsuite.AnyFunSuite.org$scalatest$funsuite$AnyFunSuiteLike$$super$run(AnyFunSuite.scala:1564)
[info]   at org.scalatest.funsuite.AnyFunSuiteLike.$anonfun$run$1(AnyFunSuiteLike.scala:273)
[info]   at org.scalatest.SuperEngine.runImpl(Engine.scala:535)
[info]   at org.scalatest.funsuite.AnyFunSuiteLike.run(AnyFunSuiteLike.scala:273)
[info]   at org.scalatest.funsuite.AnyFunSuiteLike.run$(AnyFunSuiteLike.scala:272)
[info]   at frameless.TypedDatasetSuite.org$scalatest$BeforeAndAfterAll$$super$run(TypedDatasetSuite.scala:63)
[info]   at org.scalatest.BeforeAndAfterAll.liftedTree1$1(BeforeAndAfterAll.scala:213)
[info]   at org.scalatest.BeforeAndAfterAll.run(BeforeAndAfterAll.scala:210)
[info]   at org.scalatest.BeforeAndAfterAll.run$(BeforeAndAfterAll.scala:208)
[info]   at frameless.TypedDatasetSuite.run(TypedDatasetSuite.scala:63)
[info]   at org.scalatest.tools.Framework.org$scalatest$tools$Framework$$runSuite(Framework.scala:321)
[info]   at org.scalatest.tools.Framework$ScalaTestTask.execute(Framework.scala:517)
[info]   at sbt.ForkMain$Run.lambda$runTest$1(ForkMain.java:414)
[info]   at java.base/java.util.concurrent.FutureTask.run(FutureTask.java:317)
[info]   at java.base/java.util.concurrent.ThreadPoolExecutor.runWorker(ThreadPoolExecutor.java:1144)
[info]   at java.base/java.util.concurrent.ThreadPoolExecutor$Worker.run(ThreadPoolExecutor.java:642)
[info]   at java.base/java.lang.Thread.run(Thread.java:1583)
[info] - trivial self join *** FAILED *** (16 milliseconds)
[info]   IllegalArgumentException was thrown during property evaluation.
[info]     Message: argument type mismatch
[info]     Occurred when passed generated values (
[info]       arg0 = List(),
[info]       arg1 = X2(0,-1804128129)
[info]     )
[info]   org.scalatest.exceptions.GeneratorDrivenPropertyCheckFailedException:
[info]   at org.scalatestplus.scalacheck.CheckerAsserting$$anon$2.indicateFailure(CheckerAsserting.scala:251)
[info]   at org.scalatestplus.scalacheck.CheckerAsserting$$anon$2.indicateFailure(CheckerAsserting.scala:238)
[info]   at org.scalatestplus.scalacheck.UnitCheckerAsserting$CheckerAssertingImpl.check(CheckerAsserting.scala:160)
[info]   at org.scalatestplus.scalacheck.Checkers.check(Checkers.scala:263)
[info]   at org.scalatestplus.scalacheck.Checkers.check$(Checkers.scala:253)
[info]   at frameless.TypedDatasetSuite.check(TypedDatasetSuite.scala:63)
[info]   at frameless.SelfJoinTests.$anonfun$new$20(SelfJoinTests.scala:75)
[info]   at org.scalatest.OutcomeOf.outcomeOf(OutcomeOf.scala:85)
[info]   at org.scalatest.OutcomeOf.outcomeOf$(OutcomeOf.scala:83)
[info]   at org.scalatest.OutcomeOf$.outcomeOf(OutcomeOf.scala:104)
[info]   at org.scalatest.Transformer.apply(Transformer.scala:22)
[info]   at org.scalatest.Transformer.apply(Transformer.scala:20)
[info]   at org.scalatest.funsuite.AnyFunSuiteLike$$anon$1.apply(AnyFunSuiteLike.scala:226)
[info]   at org.scalatest.TestSuite.withFixture(TestSuite.scala:196)
[info]   at org.scalatest.TestSuite.withFixture$(TestSuite.scala:195)
[info]   at org.scalatest.funsuite.AnyFunSuite.withFixture(AnyFunSuite.scala:1564)
[info]   at org.scalatest.funsuite.AnyFunSuiteLike.invokeWithFixture$1(AnyFunSuiteLike.scala:224)
[info]   at org.scalatest.funsuite.AnyFunSuiteLike.$anonfun$runTest$1(AnyFunSuiteLike.scala:236)
[info]   at org.scalatest.SuperEngine.runTestImpl(Engine.scala:306)
[info]   at org.scalatest.funsuite.AnyFunSuiteLike.runTest(AnyFunSuiteLike.scala:236)
[info]   at org.scalatest.funsuite.AnyFunSuiteLike.runTest$(AnyFunSuiteLike.scala:218)
[info]   at org.scalatest.funsuite.AnyFunSuite.runTest(AnyFunSuite.scala:1564)
[info]   at org.scalatest.funsuite.AnyFunSuiteLike.$anonfun$runTests$1(AnyFunSuiteLike.scala:269)
[info]   at org.scalatest.SuperEngine.$anonfun$runTestsInBranch$1(Engine.scala:413)
[info]   at scala.collection.immutable.List.foreach(List.scala:334)
[info]   at org.scalatest.SuperEngine.traverseSubNodes$1(Engine.scala:401)
[info]   at org.scalatest.SuperEngine.runTestsInBranch(Engine.scala:396)
[info]   at org.scalatest.SuperEngine.runTestsImpl(Engine.scala:475)
[info]   at org.scalatest.funsuite.AnyFunSuiteLike.runTests(AnyFunSuiteLike.scala:269)
[info]   at org.scalatest.funsuite.AnyFunSuiteLike.runTests$(AnyFunSuiteLike.scala:268)
[info]   at org.scalatest.funsuite.AnyFunSuite.runTests(AnyFunSuite.scala:1564)
[info]   at org.scalatest.Suite.run(Suite.scala:1114)
[info]   at org.scalatest.Suite.run$(Suite.scala:1096)
[info]   at org.scalatest.funsuite.AnyFunSuite.org$scalatest$funsuite$AnyFunSuiteLike$$super$run(AnyFunSuite.scala:1564)
[info]   at org.scalatest.funsuite.AnyFunSuiteLike.$anonfun$run$1(AnyFunSuiteLike.scala:273)
[info]   at org.scalatest.SuperEngine.runImpl(Engine.scala:535)
[info]   at org.scalatest.funsuite.AnyFunSuiteLike.run(AnyFunSuiteLike.scala:273)
[info]   at org.scalatest.funsuite.AnyFunSuiteLike.run$(AnyFunSuiteLike.scala:272)
[info]   at frameless.TypedDatasetSuite.org$scalatest$BeforeAndAfterAll$$super$run(TypedDatasetSuite.scala:63)
[info]   at org.scalatest.BeforeAndAfterAll.liftedTree1$1(BeforeAndAfterAll.scala:213)
[info]   at org.scalatest.BeforeAndAfterAll.run(BeforeAndAfterAll.scala:210)
[info]   at org.scalatest.BeforeAndAfterAll.run$(BeforeAndAfterAll.scala:208)
[info]   at frameless.TypedDatasetSuite.run(TypedDatasetSuite.scala:63)
[info]   at org.scalatest.tools.Framework.org$scalatest$tools$Framework$$runSuite(Framework.scala:321)
[info]   at org.scalatest.tools.Framework$ScalaTestTask.execute(Framework.scala:517)
[info]   at sbt.ForkMain$Run.lambda$runTest$1(ForkMain.java:414)
[info]   at java.base/java.util.concurrent.FutureTask.run(FutureTask.java:317)
[info]   at java.base/java.util.concurrent.ThreadPoolExecutor.runWorker(ThreadPoolExecutor.java:1144)
[info]   at java.base/java.util.concurrent.ThreadPoolExecutor$Worker.run(ThreadPoolExecutor.java:642)
[info]   at java.base/java.lang.Thread.run(Thread.java:1583)
[info]   Cause: java.lang.IllegalArgumentException: argument type mismatch
[info]   at java.base/jdk.internal.reflect.DirectConstructorHandleAccessor.newInstance(DirectConstructorHandleAccessor.java:65)
[info]   at java.base/java.lang.reflect.Constructor.newInstanceWithCaller(Constructor.java:502)
[info]   at java.base/java.lang.reflect.Constructor.newInstance(Constructor.java:486)
[info]   at frameless.TypedExpressionEncoder$.$anonfun$apply$3(TypedExpressionEncoder.scala:55)
[info]   at scala.Option.map(Option.scala:242)
[info]   at frameless.TypedExpressionEncoder$.apply(TypedExpressionEncoder.scala:54)
[info]   at frameless.TypedDataset$.create(TypedDataset.scala:1325)
[info]   at frameless.SelfJoinTests.$anonfun$new$22(SelfJoinTests.scala:61)
[info]   at frameless.SelfJoinTests.allowAmbiguousJoin(SelfJoinTests.scala:24)
[info]   at frameless.SelfJoinTests.$anonfun$new$21(SelfJoinTests.scala:58)
[info]   at frameless.SelfJoinTests.allowTrivialJoin(SelfJoinTests.scala:15)
[info]   at frameless.SelfJoinTests.prop$2(SelfJoinTests.scala:58)
[info]   at frameless.SelfJoinTests.$anonfun$new$37(SelfJoinTests.scala:75)
[info]   at org.scalacheck.Prop$.$anonfun$forAll$18(Prop.scala:1131)
[info]   at scala.Function1.$anonfun$andThen$1(Function1.scala:87)
[info]   at org.scalacheck.Prop$.$anonfun$forAllShrink$2(Prop.scala:868)
[info]   at org.scalacheck.Prop$.secure(Prop.scala:484)
[info]   at org.scalacheck.Prop$.result$1(Prop.scala:868)
[info]   at org.scalacheck.Prop$.$anonfun$forAllShrink$1(Prop.scala:915)
[info]   at org.scalacheck.Prop$.$anonfun$apply$1(Prop.scala:305)
[info]   at org.scalacheck.PropFromFun.apply(Prop.scala:20)
[info]   at org.scalacheck.Prop$.result$1(Prop.scala:869)
[info]   at org.scalacheck.Prop$.$anonfun$forAllShrink$1(Prop.scala:915)
[info]   at org.scalacheck.Prop$.$anonfun$apply$1(Prop.scala:305)
[info]   at org.scalacheck.PropFromFun.apply(Prop.scala:20)
[info]   at org.scalacheck.Test$.workerFun$1(Test.scala:486)
[info]   at org.scalacheck.Test$.$anonfun$check$4(Test.scala:518)
[info]   at org.scalacheck.Test$.$anonfun$check$4$adapted(Test.scala:518)
[info]   at org.scalacheck.Platform$.runWorkers(Platform.scala:42)
[info]   at org.scalacheck.Test$.check(Test.scala:518)
[info]   at org.scalatestplus.scalacheck.UnitCheckerAsserting$CheckerAssertingImpl.check(CheckerAsserting.scala:90)
[info]   at org.scalatestplus.scalacheck.Checkers.check(Checkers.scala:263)
[info]   at org.scalatestplus.scalacheck.Checkers.check$(Checkers.scala:253)
[info]   at frameless.TypedDatasetSuite.check(TypedDatasetSuite.scala:63)
[info]   at frameless.SelfJoinTests.$anonfun$new$20(SelfJoinTests.scala:75)
[info]   at org.scalatest.OutcomeOf.outcomeOf(OutcomeOf.scala:85)
[info]   at org.scalatest.OutcomeOf.outcomeOf$(OutcomeOf.scala:83)
[info]   at org.scalatest.OutcomeOf$.outcomeOf(OutcomeOf.scala:104)
[info]   at org.scalatest.Transformer.apply(Transformer.scala:22)
[info]   at org.scalatest.Transformer.apply(Transformer.scala:20)
[info]   at org.scalatest.funsuite.AnyFunSuiteLike$$anon$1.apply(AnyFunSuiteLike.scala:226)
[info]   at org.scalatest.TestSuite.withFixture(TestSuite.scala:196)
[info]   at org.scalatest.TestSuite.withFixture$(TestSuite.scala:195)
[info]   at org.scalatest.funsuite.AnyFunSuite.withFixture(AnyFunSuite.scala:1564)
[info]   at org.scalatest.funsuite.AnyFunSuiteLike.invokeWithFixture$1(AnyFunSuiteLike.scala:224)
[info]   at org.scalatest.funsuite.AnyFunSuiteLike.$anonfun$runTest$1(AnyFunSuiteLike.scala:236)
[info]   at org.scalatest.SuperEngine.runTestImpl(Engine.scala:306)
[info]   at org.scalatest.funsuite.AnyFunSuiteLike.runTest(AnyFunSuiteLike.scala:236)
[info]   at org.scalatest.funsuite.AnyFunSuiteLike.runTest$(AnyFunSuiteLike.scala:218)
[info]   at org.scalatest.funsuite.AnyFunSuite.runTest(AnyFunSuite.scala:1564)
[info]   at org.scalatest.funsuite.AnyFunSuiteLike.$anonfun$runTests$1(AnyFunSuiteLike.scala:269)
[info]   at org.scalatest.SuperEngine.$anonfun$runTestsInBranch$1(Engine.scala:413)
[info]   at scala.collection.immutable.List.foreach(List.scala:334)
[info]   at org.scalatest.SuperEngine.traverseSubNodes$1(Engine.scala:401)
[info]   at org.scalatest.SuperEngine.runTestsInBranch(Engine.scala:396)
[info]   at org.scalatest.SuperEngine.runTestsImpl(Engine.scala:475)
[info]   at org.scalatest.funsuite.AnyFunSuiteLike.runTests(AnyFunSuiteLike.scala:269)
[info]   at org.scalatest.funsuite.AnyFunSuiteLike.runTests$(AnyFunSuiteLike.scala:268)
[info]   at org.scalatest.funsuite.AnyFunSuite.runTests(AnyFunSuite.scala:1564)
[info]   at org.scalatest.Suite.run(Suite.scala:1114)
[info]   at org.scalatest.Suite.run$(Suite.scala:1096)
[info]   at org.scalatest.funsuite.AnyFunSuite.org$scalatest$funsuite$AnyFunSuiteLike$$super$run(AnyFunSuite.scala:1564)
[info]   at org.scalatest.funsuite.AnyFunSuiteLike.$anonfun$run$1(AnyFunSuiteLike.scala:273)
[info]   at org.scalatest.SuperEngine.runImpl(Engine.scala:535)
[info]   at org.scalatest.funsuite.AnyFunSuiteLike.run(AnyFunSuiteLike.scala:273)
[info]   at org.scalatest.funsuite.AnyFunSuiteLike.run$(AnyFunSuiteLike.scala:272)
[info]   at frameless.TypedDatasetSuite.org$scalatest$BeforeAndAfterAll$$super$run(TypedDatasetSuite.scala:63)
[info]   at org.scalatest.BeforeAndAfterAll.liftedTree1$1(BeforeAndAfterAll.scala:213)
[info]   at org.scalatest.BeforeAndAfterAll.run(BeforeAndAfterAll.scala:210)
[info]   at org.scalatest.BeforeAndAfterAll.run$(BeforeAndAfterAll.scala:208)
[info]   at frameless.TypedDatasetSuite.run(TypedDatasetSuite.scala:63)
[info]   at org.scalatest.tools.Framework.org$scalatest$tools$Framework$$runSuite(Framework.scala:321)
[info]   at org.scalatest.tools.Framework$ScalaTestTask.execute(Framework.scala:517)
[info]   at sbt.ForkMain$Run.lambda$runTest$1(ForkMain.java:414)
[info]   at java.base/java.util.concurrent.FutureTask.run(FutureTask.java:317)
[info]   at java.base/java.util.concurrent.ThreadPoolExecutor.runWorker(ThreadPoolExecutor.java:1144)
[info]   at java.base/java.util.concurrent.ThreadPoolExecutor$Worker.run(ThreadPoolExecutor.java:642)
[info]   at java.base/java.lang.Thread.run(Thread.java:1583)
[info]   Cause: java.lang.ClassCastException: Cannot cast scala.reflect.ClassTag$GenericClassTag to org.apache.spark.sql.catalyst.expressions.Expression
[info]   at java.base/java.lang.Class.cast(Class.java:4067)
[info]   at java.base/jdk.internal.reflect.DirectConstructorHandleAccessor.newInstance(DirectConstructorHandleAccessor.java:62)
[info]   at java.base/java.lang.reflect.Constructor.newInstanceWithCaller(Constructor.java:502)
[info]   at java.base/java.lang.reflect.Constructor.newInstance(Constructor.java:486)
[info]   at frameless.TypedExpressionEncoder$.$anonfun$apply$3(TypedExpressionEncoder.scala:55)
[info]   at scala.Option.map(Option.scala:242)
[info]   at frameless.TypedExpressionEncoder$.apply(TypedExpressionEncoder.scala:54)
[info]   at frameless.TypedDataset$.create(TypedDataset.scala:1325)
[info]   at frameless.SelfJoinTests.$anonfun$new$22(SelfJoinTests.scala:61)
[info]   at frameless.SelfJoinTests.allowAmbiguousJoin(SelfJoinTests.scala:24)
[info]   at frameless.SelfJoinTests.$anonfun$new$21(SelfJoinTests.scala:58)
[info]   at frameless.SelfJoinTests.allowTrivialJoin(SelfJoinTests.scala:15)
[info]   at frameless.SelfJoinTests.prop$2(SelfJoinTests.scala:58)
[info]   at frameless.SelfJoinTests.$anonfun$new$37(SelfJoinTests.scala:75)
[info]   at org.scalacheck.Prop$.$anonfun$forAll$18(Prop.scala:1131)
[info]   at scala.Function1.$anonfun$andThen$1(Function1.scala:87)
[info]   at org.scalacheck.Prop$.$anonfun$forAllShrink$2(Prop.scala:868)
[info]   at org.scalacheck.Prop$.secure(Prop.scala:484)
[info]   at org.scalacheck.Prop$.result$1(Prop.scala:868)
[info]   at org.scalacheck.Prop$.$anonfun$forAllShrink$1(Prop.scala:915)
[info]   at org.scalacheck.Prop$.$anonfun$apply$1(Prop.scala:305)
[info]   at org.scalacheck.PropFromFun.apply(Prop.scala:20)
[info]   at org.scalacheck.Prop$.result$1(Prop.scala:869)
[info]   at org.scalacheck.Prop$.$anonfun$forAllShrink$1(Prop.scala:915)
[info]   at org.scalacheck.Prop$.$anonfun$apply$1(Prop.scala:305)
[info]   at org.scalacheck.PropFromFun.apply(Prop.scala:20)
[info]   at org.scalacheck.Test$.workerFun$1(Test.scala:486)
[info]   at org.scalacheck.Test$.$anonfun$check$4(Test.scala:518)
[info]   at org.scalacheck.Test$.$anonfun$check$4$adapted(Test.scala:518)
[info]   at org.scalacheck.Platform$.runWorkers(Platform.scala:42)
[info]   at org.scalacheck.Test$.check(Test.scala:518)
[info]   at org.scalatestplus.scalacheck.UnitCheckerAsserting$CheckerAssertingImpl.check(CheckerAsserting.scala:90)
[info]   at org.scalatestplus.scalacheck.Checkers.check(Checkers.scala:263)
[info]   at org.scalatestplus.scalacheck.Checkers.check$(Checkers.scala:253)
[info]   at frameless.TypedDatasetSuite.check(TypedDatasetSuite.scala:63)
[info]   at frameless.SelfJoinTests.$anonfun$new$20(SelfJoinTests.scala:75)
[info]   at org.scalatest.OutcomeOf.outcomeOf(OutcomeOf.scala:85)
[info]   at org.scalatest.OutcomeOf.outcomeOf$(OutcomeOf.scala:83)
[info]   at org.scalatest.OutcomeOf$.outcomeOf(OutcomeOf.scala:104)
[info]   at org.scalatest.Transformer.apply(Transformer.scala:22)
[info]   at org.scalatest.Transformer.apply(Transformer.scala:20)
[info]   at org.scalatest.funsuite.AnyFunSuiteLike$$anon$1.apply(AnyFunSuiteLike.scala:226)
[info]   at org.scalatest.TestSuite.withFixture(TestSuite.scala:196)
[info]   at org.scalatest.TestSuite.withFixture$(TestSuite.scala:195)
[info]   at org.scalatest.funsuite.AnyFunSuite.withFixture(AnyFunSuite.scala:1564)
[info]   at org.scalatest.funsuite.AnyFunSuiteLike.invokeWithFixture$1(AnyFunSuiteLike.scala:224)
[info]   at org.scalatest.funsuite.AnyFunSuiteLike.$anonfun$runTest$1(AnyFunSuiteLike.scala:236)
[info]   at org.scalatest.SuperEngine.runTestImpl(Engine.scala:306)
[info]   at org.scalatest.funsuite.AnyFunSuiteLike.runTest(AnyFunSuiteLike.scala:236)
[info]   at org.scalatest.funsuite.AnyFunSuiteLike.runTest$(AnyFunSuiteLike.scala:218)
[info]   at org.scalatest.funsuite.AnyFunSuite.runTest(AnyFunSuite.scala:1564)
[info]   at org.scalatest.funsuite.AnyFunSuiteLike.$anonfun$runTests$1(AnyFunSuiteLike.scala:269)
[info]   at org.scalatest.SuperEngine.$anonfun$runTestsInBranch$1(Engine.scala:413)
[info]   at scala.collection.immutable.List.foreach(List.scala:334)
[info]   at org.scalatest.SuperEngine.traverseSubNodes$1(Engine.scala:401)
[info]   at org.scalatest.SuperEngine.runTestsInBranch(Engine.scala:396)
[info]   at org.scalatest.SuperEngine.runTestsImpl(Engine.scala:475)
[info]   at org.scalatest.funsuite.AnyFunSuiteLike.runTests(AnyFunSuiteLike.scala:269)
[info]   at org.scalatest.funsuite.AnyFunSuiteLike.runTests$(AnyFunSuiteLike.scala:268)
[info]   at org.scalatest.funsuite.AnyFunSuite.runTests(AnyFunSuite.scala:1564)
[info]   at org.scalatest.Suite.run(Suite.scala:1114)
[info]   at org.scalatest.Suite.run$(Suite.scala:1096)
[info]   at org.scalatest.funsuite.AnyFunSuite.org$scalatest$funsuite$AnyFunSuiteLike$$super$run(AnyFunSuite.scala:1564)
[info]   at org.scalatest.funsuite.AnyFunSuiteLike.$anonfun$run$1(AnyFunSuiteLike.scala:273)
[info]   at org.scalatest.SuperEngine.runImpl(Engine.scala:535)
[info]   at org.scalatest.funsuite.AnyFunSuiteLike.run(AnyFunSuiteLike.scala:273)
[info]   at org.scalatest.funsuite.AnyFunSuiteLike.run$(AnyFunSuiteLike.scala:272)
[info]   at frameless.TypedDatasetSuite.org$scalatest$BeforeAndAfterAll$$super$run(TypedDatasetSuite.scala:63)
[info]   at org.scalatest.BeforeAndAfterAll.liftedTree1$1(BeforeAndAfterAll.scala:213)
[info]   at org.scalatest.BeforeAndAfterAll.run(BeforeAndAfterAll.scala:210)
[info]   at org.scalatest.BeforeAndAfterAll.run$(BeforeAndAfterAll.scala:208)
[info]   at frameless.TypedDatasetSuite.run(TypedDatasetSuite.scala:63)
[info]   at org.scalatest.tools.Framework.org$scalatest$tools$Framework$$runSuite(Framework.scala:321)
[info]   at org.scalatest.tools.Framework$ScalaTestTask.execute(Framework.scala:517)
[info]   at sbt.ForkMain$Run.lambda$runTest$1(ForkMain.java:414)
[info]   at java.base/java.util.concurrent.FutureTask.run(FutureTask.java:317)
[info]   at java.base/java.util.concurrent.ThreadPoolExecutor.runWorker(ThreadPoolExecutor.java:1144)
[info]   at java.base/java.util.concurrent.ThreadPoolExecutor$Worker.run(ThreadPoolExecutor.java:642)
[info]   at java.base/java.lang.Thread.run(Thread.java:1583)
[info] - self join with unambiguous expression *** FAILED *** (14 milliseconds)
[info]   IllegalArgumentException was thrown during property evaluation.
[info]     Message: argument type mismatch
[info]     Occurred when passed generated values (
[info]       arg0 = List()
[info]     )
[info]   org.scalatest.exceptions.GeneratorDrivenPropertyCheckFailedException:
[info]   at org.scalatestplus.scalacheck.CheckerAsserting$$anon$2.indicateFailure(CheckerAsserting.scala:251)
[info]   at org.scalatestplus.scalacheck.CheckerAsserting$$anon$2.indicateFailure(CheckerAsserting.scala:238)
[info]   at org.scalatestplus.scalacheck.UnitCheckerAsserting$CheckerAssertingImpl.check(CheckerAsserting.scala:160)
[info]   at org.scalatestplus.scalacheck.Checkers.check(Checkers.scala:244)
[info]   at org.scalatestplus.scalacheck.Checkers.check$(Checkers.scala:235)
[info]   at frameless.TypedDatasetSuite.check(TypedDatasetSuite.scala:63)
[info]   at frameless.SelfJoinTests.$anonfun$new$40(SelfJoinTests.scala:99)
[info]   at org.scalatest.OutcomeOf.outcomeOf(OutcomeOf.scala:85)
[info]   at org.scalatest.OutcomeOf.outcomeOf$(OutcomeOf.scala:83)
[info]   at org.scalatest.OutcomeOf$.outcomeOf(OutcomeOf.scala:104)
[info]   at org.scalatest.Transformer.apply(Transformer.scala:22)
[info]   at org.scalatest.Transformer.apply(Transformer.scala:20)
[info]   at org.scalatest.funsuite.AnyFunSuiteLike$$anon$1.apply(AnyFunSuiteLike.scala:226)
[info]   at org.scalatest.TestSuite.withFixture(TestSuite.scala:196)
[info]   at org.scalatest.TestSuite.withFixture$(TestSuite.scala:195)
[info]   at org.scalatest.funsuite.AnyFunSuite.withFixture(AnyFunSuite.scala:1564)
[info]   at org.scalatest.funsuite.AnyFunSuiteLike.invokeWithFixture$1(AnyFunSuiteLike.scala:224)
[info]   at org.scalatest.funsuite.AnyFunSuiteLike.$anonfun$runTest$1(AnyFunSuiteLike.scala:236)
[info]   at org.scalatest.SuperEngine.runTestImpl(Engine.scala:306)
[info]   at org.scalatest.funsuite.AnyFunSuiteLike.runTest(AnyFunSuiteLike.scala:236)
[info]   at org.scalatest.funsuite.AnyFunSuiteLike.runTest$(AnyFunSuiteLike.scala:218)
[info]   at org.scalatest.funsuite.AnyFunSuite.runTest(AnyFunSuite.scala:1564)
[info]   at org.scalatest.funsuite.AnyFunSuiteLike.$anonfun$runTests$1(AnyFunSuiteLike.scala:269)
[info]   at org.scalatest.SuperEngine.$anonfun$runTestsInBranch$1(Engine.scala:413)
[info]   at scala.collection.immutable.List.foreach(List.scala:334)
[info]   at org.scalatest.SuperEngine.traverseSubNodes$1(Engine.scala:401)
[info]   at org.scalatest.SuperEngine.runTestsInBranch(Engine.scala:396)
[info]   at org.scalatest.SuperEngine.runTestsImpl(Engine.scala:475)
[info]   at org.scalatest.funsuite.AnyFunSuiteLike.runTests(AnyFunSuiteLike.scala:269)
[info]   at org.scalatest.funsuite.AnyFunSuiteLike.runTests$(AnyFunSuiteLike.scala:268)
[info]   at org.scalatest.funsuite.AnyFunSuite.runTests(AnyFunSuite.scala:1564)
[info]   at org.scalatest.Suite.run(Suite.scala:1114)
[info]   at org.scalatest.Suite.run$(Suite.scala:1096)
[info]   at org.scalatest.funsuite.AnyFunSuite.org$scalatest$funsuite$AnyFunSuiteLike$$super$run(AnyFunSuite.scala:1564)
[info]   at org.scalatest.funsuite.AnyFunSuiteLike.$anonfun$run$1(AnyFunSuiteLike.scala:273)
[info]   at org.scalatest.SuperEngine.runImpl(Engine.scala:535)
[info]   at org.scalatest.funsuite.AnyFunSuiteLike.run(AnyFunSuiteLike.scala:273)
[info]   at org.scalatest.funsuite.AnyFunSuiteLike.run$(AnyFunSuiteLike.scala:272)
[info]   at frameless.TypedDatasetSuite.org$scalatest$BeforeAndAfterAll$$super$run(TypedDatasetSuite.scala:63)
[info]   at org.scalatest.BeforeAndAfterAll.liftedTree1$1(BeforeAndAfterAll.scala:213)
[info]   at org.scalatest.BeforeAndAfterAll.run(BeforeAndAfterAll.scala:210)
[info]   at org.scalatest.BeforeAndAfterAll.run$(BeforeAndAfterAll.scala:208)
[info]   at frameless.TypedDatasetSuite.run(TypedDatasetSuite.scala:63)
[info]   at org.scalatest.tools.Framework.org$scalatest$tools$Framework$$runSuite(Framework.scala:321)
[info]   at org.scalatest.tools.Framework$ScalaTestTask.execute(Framework.scala:517)
[info]   at sbt.ForkMain$Run.lambda$runTest$1(ForkMain.java:414)
[info]   at java.base/java.util.concurrent.FutureTask.run(FutureTask.java:317)
[info]   at java.base/java.util.concurrent.ThreadPoolExecutor.runWorker(ThreadPoolExecutor.java:1144)
[info]   at java.base/java.util.concurrent.ThreadPoolExecutor$Worker.run(ThreadPoolExecutor.java:642)
[info]   at java.base/java.lang.Thread.run(Thread.java:1583)
[info]   Cause: java.lang.IllegalArgumentException: argument type mismatch
[info]   at java.base/jdk.internal.reflect.DirectConstructorHandleAccessor.newInstance(DirectConstructorHandleAccessor.java:65)
[info]   at java.base/java.lang.reflect.Constructor.newInstanceWithCaller(Constructor.java:502)
[info]   at java.base/java.lang.reflect.Constructor.newInstance(Constructor.java:486)
[info]   at frameless.TypedExpressionEncoder$.$anonfun$apply$3(TypedExpressionEncoder.scala:55)
[info]   at scala.Option.map(Option.scala:242)
[info]   at frameless.TypedExpressionEncoder$.apply(TypedExpressionEncoder.scala:54)
[info]   at frameless.TypedDataset$.create(TypedDataset.scala:1325)
[info]   at frameless.SelfJoinTests.$anonfun$new$41(SelfJoinTests.scala:83)
[info]   at frameless.SelfJoinTests.allowAmbiguousJoin(SelfJoinTests.scala:24)
[info]   at frameless.SelfJoinTests.prop$3(SelfJoinTests.scala:82)
[info]   at frameless.SelfJoinTests.$anonfun$new$60(SelfJoinTests.scala:99)
[info]   at scala.Function1.$anonfun$andThen$1(Function1.scala:87)
[info]   at org.scalacheck.Prop$.$anonfun$forAllShrink$2(Prop.scala:868)
[info]   at org.scalacheck.Prop$.secure(Prop.scala:484)
[info]   at org.scalacheck.Prop$.result$1(Prop.scala:868)
[info]   at org.scalacheck.Prop$.$anonfun$forAllShrink$1(Prop.scala:915)
[info]   at org.scalacheck.Prop$.$anonfun$apply$1(Prop.scala:305)
[info]   at org.scalacheck.PropFromFun.apply(Prop.scala:20)
[info]   at org.scalacheck.Test$.workerFun$1(Test.scala:486)
[info]   at org.scalacheck.Test$.$anonfun$check$4(Test.scala:518)
[info]   at org.scalacheck.Test$.$anonfun$check$4$adapted(Test.scala:518)
[info]   at org.scalacheck.Platform$.runWorkers(Platform.scala:42)
[info]   at org.scalacheck.Test$.check(Test.scala:518)
[info]   at org.scalatestplus.scalacheck.UnitCheckerAsserting$CheckerAssertingImpl.check(CheckerAsserting.scala:90)
[info]   at org.scalatestplus.scalacheck.Checkers.check(Checkers.scala:244)
[info]   at org.scalatestplus.scalacheck.Checkers.check$(Checkers.scala:235)
[info]   at frameless.TypedDatasetSuite.check(TypedDatasetSuite.scala:63)
[info]   at frameless.SelfJoinTests.$anonfun$new$40(SelfJoinTests.scala:99)
[info]   at org.scalatest.OutcomeOf.outcomeOf(OutcomeOf.scala:85)
[info]   at org.scalatest.OutcomeOf.outcomeOf$(OutcomeOf.scala:83)
[info]   at org.scalatest.OutcomeOf$.outcomeOf(OutcomeOf.scala:104)
[info]   at org.scalatest.Transformer.apply(Transformer.scala:22)
[info]   at org.scalatest.Transformer.apply(Transformer.scala:20)
[info]   at org.scalatest.funsuite.AnyFunSuiteLike$$anon$1.apply(AnyFunSuiteLike.scala:226)
[info]   at org.scalatest.TestSuite.withFixture(TestSuite.scala:196)
[info]   at org.scalatest.TestSuite.withFixture$(TestSuite.scala:195)
[info]   at org.scalatest.funsuite.AnyFunSuite.withFixture(AnyFunSuite.scala:1564)
[info]   at org.scalatest.funsuite.AnyFunSuiteLike.invokeWithFixture$1(AnyFunSuiteLike.scala:224)
[info]   at org.scalatest.funsuite.AnyFunSuiteLike.$anonfun$runTest$1(AnyFunSuiteLike.scala:236)
[info]   at org.scalatest.SuperEngine.runTestImpl(Engine.scala:306)
[info]   at org.scalatest.funsuite.AnyFunSuiteLike.runTest(AnyFunSuiteLike.scala:236)
[info]   at org.scalatest.funsuite.AnyFunSuiteLike.runTest$(AnyFunSuiteLike.scala:218)
[info]   at org.scalatest.funsuite.AnyFunSuite.runTest(AnyFunSuite.scala:1564)
[info]   at org.scalatest.funsuite.AnyFunSuiteLike.$anonfun$runTests$1(AnyFunSuiteLike.scala:269)
[info]   at org.scalatest.SuperEngine.$anonfun$runTestsInBranch$1(Engine.scala:413)
[info]   at scala.collection.immutable.List.foreach(List.scala:334)
[info]   at org.scalatest.SuperEngine.traverseSubNodes$1(Engine.scala:401)
[info]   at org.scalatest.SuperEngine.runTestsInBranch(Engine.scala:396)
[info]   at org.scalatest.SuperEngine.runTestsImpl(Engine.scala:475)
[info]   at org.scalatest.funsuite.AnyFunSuiteLike.runTests(AnyFunSuiteLike.scala:269)
[info]   at org.scalatest.funsuite.AnyFunSuiteLike.runTests$(AnyFunSuiteLike.scala:268)
[info]   at org.scalatest.funsuite.AnyFunSuite.runTests(AnyFunSuite.scala:1564)
[info]   at org.scalatest.Suite.run(Suite.scala:1114)
[info]   at org.scalatest.Suite.run$(Suite.scala:1096)
[info]   at org.scalatest.funsuite.AnyFunSuite.org$scalatest$funsuite$AnyFunSuiteLike$$super$run(AnyFunSuite.scala:1564)
[info]   at org.scalatest.funsuite.AnyFunSuiteLike.$anonfun$run$1(AnyFunSuiteLike.scala:273)
[info]   at org.scalatest.SuperEngine.runImpl(Engine.scala:535)
[info]   at org.scalatest.funsuite.AnyFunSuiteLike.run(AnyFunSuiteLike.scala:273)
[info]   at org.scalatest.funsuite.AnyFunSuiteLike.run$(AnyFunSuiteLike.scala:272)
[info]   at frameless.TypedDatasetSuite.org$scalatest$BeforeAndAfterAll$$super$run(TypedDatasetSuite.scala:63)
[info]   at org.scalatest.BeforeAndAfterAll.liftedTree1$1(BeforeAndAfterAll.scala:213)
[info]   at org.scalatest.BeforeAndAfterAll.run(BeforeAndAfterAll.scala:210)
[info]   at org.scalatest.BeforeAndAfterAll.run$(BeforeAndAfterAll.scala:208)
[info]   at frameless.TypedDatasetSuite.run(TypedDatasetSuite.scala:63)
[info]   at org.scalatest.tools.Framework.org$scalatest$tools$Framework$$runSuite(Framework.scala:321)
[info]   at org.scalatest.tools.Framework$ScalaTestTask.execute(Framework.scala:517)
[info]   at sbt.ForkMain$Run.lambda$runTest$1(ForkMain.java:414)
[info]   at java.base/java.util.concurrent.FutureTask.run(FutureTask.java:317)
[info]   at java.base/java.util.concurrent.ThreadPoolExecutor.runWorker(ThreadPoolExecutor.java:1144)
[info]   at java.base/java.util.concurrent.ThreadPoolExecutor$Worker.run(ThreadPoolExecutor.java:642)
[info]   at java.base/java.lang.Thread.run(Thread.java:1583)
[info]   Cause: java.lang.ClassCastException: Cannot cast scala.reflect.ClassTag$GenericClassTag to org.apache.spark.sql.catalyst.expressions.Expression
[info]   at java.base/java.lang.Class.cast(Class.java:4067)
[info]   at java.base/jdk.internal.reflect.DirectConstructorHandleAccessor.newInstance(DirectConstructorHandleAccessor.java:62)
[info]   at java.base/java.lang.reflect.Constructor.newInstanceWithCaller(Constructor.java:502)
[info]   at java.base/java.lang.reflect.Constructor.newInstance(Constructor.java:486)
[info]   at frameless.TypedExpressionEncoder$.$anonfun$apply$3(TypedExpressionEncoder.scala:55)
[info]   at scala.Option.map(Option.scala:242)
[info]   at frameless.TypedExpressionEncoder$.apply(TypedExpressionEncoder.scala:54)
[info]   at frameless.TypedDataset$.create(TypedDataset.scala:1325)
[info]   at frameless.SelfJoinTests.$anonfun$new$41(SelfJoinTests.scala:83)
[info]   at frameless.SelfJoinTests.allowAmbiguousJoin(SelfJoinTests.scala:24)
[info]   at frameless.SelfJoinTests.prop$3(SelfJoinTests.scala:82)
[info]   at frameless.SelfJoinTests.$anonfun$new$60(SelfJoinTests.scala:99)
[info]   at scala.Function1.$anonfun$andThen$1(Function1.scala:87)
[info]   at org.scalacheck.Prop$.$anonfun$forAllShrink$2(Prop.scala:868)
[info]   at org.scalacheck.Prop$.secure(Prop.scala:484)
[info]   at org.scalacheck.Prop$.result$1(Prop.scala:868)
[info]   at org.scalacheck.Prop$.$anonfun$forAllShrink$1(Prop.scala:915)
[info]   at org.scalacheck.Prop$.$anonfun$apply$1(Prop.scala:305)
[info]   at org.scalacheck.PropFromFun.apply(Prop.scala:20)
[info]   at org.scalacheck.Test$.workerFun$1(Test.scala:486)
[info]   at org.scalacheck.Test$.$anonfun$check$4(Test.scala:518)
[info]   at org.scalacheck.Test$.$anonfun$check$4$adapted(Test.scala:518)
[info]   at org.scalacheck.Platform$.runWorkers(Platform.scala:42)
[info]   at org.scalacheck.Test$.check(Test.scala:518)
[info]   at org.scalatestplus.scalacheck.UnitCheckerAsserting$CheckerAssertingImpl.check(CheckerAsserting.scala:90)
[info]   at org.scalatestplus.scalacheck.Checkers.check(Checkers.scala:244)
[info]   at org.scalatestplus.scalacheck.Checkers.check$(Checkers.scala:235)
[info]   at frameless.TypedDatasetSuite.check(TypedDatasetSuite.scala:63)
[info]   at frameless.SelfJoinTests.$anonfun$new$40(SelfJoinTests.scala:99)
[info]   at org.scalatest.OutcomeOf.outcomeOf(OutcomeOf.scala:85)
[info]   at org.scalatest.OutcomeOf.outcomeOf$(OutcomeOf.scala:83)
[info]   at org.scalatest.OutcomeOf$.outcomeOf(OutcomeOf.scala:104)
[info]   at org.scalatest.Transformer.apply(Transformer.scala:22)
[info]   at org.scalatest.Transformer.apply(Transformer.scala:20)
[info]   at org.scalatest.funsuite.AnyFunSuiteLike$$anon$1.apply(AnyFunSuiteLike.scala:226)
[info]   at org.scalatest.TestSuite.withFixture(TestSuite.scala:196)
[info]   at org.scalatest.TestSuite.withFixture$(TestSuite.scala:195)
[info]   at org.scalatest.funsuite.AnyFunSuite.withFixture(AnyFunSuite.scala:1564)
[info]   at org.scalatest.funsuite.AnyFunSuiteLike.invokeWithFixture$1(AnyFunSuiteLike.scala:224)
[info]   at org.scalatest.funsuite.AnyFunSuiteLike.$anonfun$runTest$1(AnyFunSuiteLike.scala:236)
[info]   at org.scalatest.SuperEngine.runTestImpl(Engine.scala:306)
[info]   at org.scalatest.funsuite.AnyFunSuiteLike.runTest(AnyFunSuiteLike.scala:236)
[info]   at org.scalatest.funsuite.AnyFunSuiteLike.runTest$(AnyFunSuiteLike.scala:218)
[info]   at org.scalatest.funsuite.AnyFunSuite.runTest(AnyFunSuite.scala:1564)
[info]   at org.scalatest.funsuite.AnyFunSuiteLike.$anonfun$runTests$1(AnyFunSuiteLike.scala:269)
[info]   at org.scalatest.SuperEngine.$anonfun$runTestsInBranch$1(Engine.scala:413)
[info]   at scala.collection.immutable.List.foreach(List.scala:334)
[info]   at org.scalatest.SuperEngine.traverseSubNodes$1(Engine.scala:401)
[info]   at org.scalatest.SuperEngine.runTestsInBranch(Engine.scala:396)
[info]   at org.scalatest.SuperEngine.runTestsImpl(Engine.scala:475)
[info]   at org.scalatest.funsuite.AnyFunSuiteLike.runTests(AnyFunSuiteLike.scala:269)
[info]   at org.scalatest.funsuite.AnyFunSuiteLike.runTests$(AnyFunSuiteLike.scala:268)
[info]   at org.scalatest.funsuite.AnyFunSuite.runTests(AnyFunSuite.scala:1564)
[info]   at org.scalatest.Suite.run(Suite.scala:1114)
[info]   at org.scalatest.Suite.run$(Suite.scala:1096)
[info]   at org.scalatest.funsuite.AnyFunSuite.org$scalatest$funsuite$AnyFunSuiteLike$$super$run(AnyFunSuite.scala:1564)
[info]   at org.scalatest.funsuite.AnyFunSuiteLike.$anonfun$run$1(AnyFunSuiteLike.scala:273)
[info]   at org.scalatest.SuperEngine.runImpl(Engine.scala:535)
[info]   at org.scalatest.funsuite.AnyFunSuiteLike.run(AnyFunSuiteLike.scala:273)
[info]   at org.scalatest.funsuite.AnyFunSuiteLike.run$(AnyFunSuiteLike.scala:272)
[info]   at frameless.TypedDatasetSuite.org$scalatest$BeforeAndAfterAll$$super$run(TypedDatasetSuite.scala:63)
[info]   at org.scalatest.BeforeAndAfterAll.liftedTree1$1(BeforeAndAfterAll.scala:213)
[info]   at org.scalatest.BeforeAndAfterAll.run(BeforeAndAfterAll.scala:210)
[info]   at org.scalatest.BeforeAndAfterAll.run$(BeforeAndAfterAll.scala:208)
[info]   at frameless.TypedDatasetSuite.run(TypedDatasetSuite.scala:63)
[info]   at org.scalatest.tools.Framework.org$scalatest$tools$Framework$$runSuite(Framework.scala:321)
[info]   at org.scalatest.tools.Framework$ScalaTestTask.execute(Framework.scala:517)
[info]   at sbt.ForkMain$Run.lambda$runTest$1(ForkMain.java:414)
[info]   at java.base/java.util.concurrent.FutureTask.run(FutureTask.java:317)
[info]   at java.base/java.util.concurrent.ThreadPoolExecutor.runWorker(ThreadPoolExecutor.java:1144)
[info]   at java.base/java.util.concurrent.ThreadPoolExecutor$Worker.run(ThreadPoolExecutor.java:642)
[info]   at java.base/java.lang.Thread.run(Thread.java:1583)
[info] - Do you want ambiguous self join? This is how you get ambiguous self join. *** FAILED *** (14 milliseconds)
[info]   IllegalArgumentException was thrown during property evaluation.
[info]     Message: argument type mismatch
[info]     Occurred when passed generated values (
[info]       arg0 = List()
[info]     )
[info]   org.scalatest.exceptions.GeneratorDrivenPropertyCheckFailedException:
[info]   at org.scalatestplus.scalacheck.CheckerAsserting$$anon$2.indicateFailure(CheckerAsserting.scala:251)
[info]   at org.scalatestplus.scalacheck.CheckerAsserting$$anon$2.indicateFailure(CheckerAsserting.scala:238)
[info]   at org.scalatestplus.scalacheck.UnitCheckerAsserting$CheckerAssertingImpl.check(CheckerAsserting.scala:160)
[info]   at org.scalatestplus.scalacheck.Checkers.check(Checkers.scala:244)
[info]   at org.scalatestplus.scalacheck.Checkers.check$(Checkers.scala:235)
[info]   at frameless.TypedDatasetSuite.check(TypedDatasetSuite.scala:63)
[info]   at frameless.SelfJoinTests.$anonfun$new$62(SelfJoinTests.scala:124)
[info]   at org.scalatest.OutcomeOf.outcomeOf(OutcomeOf.scala:85)
[info]   at org.scalatest.OutcomeOf.outcomeOf$(OutcomeOf.scala:83)
[info]   at org.scalatest.OutcomeOf$.outcomeOf(OutcomeOf.scala:104)
[info]   at org.scalatest.Transformer.apply(Transformer.scala:22)
[info]   at org.scalatest.Transformer.apply(Transformer.scala:20)
[info]   at org.scalatest.funsuite.AnyFunSuiteLike$$anon$1.apply(AnyFunSuiteLike.scala:226)
[info]   at org.scalatest.TestSuite.withFixture(TestSuite.scala:196)
[info]   at org.scalatest.TestSuite.withFixture$(TestSuite.scala:195)
[info]   at org.scalatest.funsuite.AnyFunSuite.withFixture(AnyFunSuite.scala:1564)
[info]   at org.scalatest.funsuite.AnyFunSuiteLike.invokeWithFixture$1(AnyFunSuiteLike.scala:224)
[info]   at org.scalatest.funsuite.AnyFunSuiteLike.$anonfun$runTest$1(AnyFunSuiteLike.scala:236)
[info]   at org.scalatest.SuperEngine.runTestImpl(Engine.scala:306)
[info]   at org.scalatest.funsuite.AnyFunSuiteLike.runTest(AnyFunSuiteLike.scala:236)
[info]   at org.scalatest.funsuite.AnyFunSuiteLike.runTest$(AnyFunSuiteLike.scala:218)
[info]   at org.scalatest.funsuite.AnyFunSuite.runTest(AnyFunSuite.scala:1564)
[info]   at org.scalatest.funsuite.AnyFunSuiteLike.$anonfun$runTests$1(AnyFunSuiteLike.scala:269)
[info]   at org.scalatest.SuperEngine.$anonfun$runTestsInBranch$1(Engine.scala:413)
[info]   at scala.collection.immutable.List.foreach(List.scala:334)
[info]   at org.scalatest.SuperEngine.traverseSubNodes$1(Engine.scala:401)
[info]   at org.scalatest.SuperEngine.runTestsInBranch(Engine.scala:396)
[info]   at org.scalatest.SuperEngine.runTestsImpl(Engine.scala:475)
[info]   at org.scalatest.funsuite.AnyFunSuiteLike.runTests(AnyFunSuiteLike.scala:269)
[info]   at org.scalatest.funsuite.AnyFunSuiteLike.runTests$(AnyFunSuiteLike.scala:268)
[info]   at org.scalatest.funsuite.AnyFunSuite.runTests(AnyFunSuite.scala:1564)
[info]   at org.scalatest.Suite.run(Suite.scala:1114)
[info]   at org.scalatest.Suite.run$(Suite.scala:1096)
[info]   at org.scalatest.funsuite.AnyFunSuite.org$scalatest$funsuite$AnyFunSuiteLike$$super$run(AnyFunSuite.scala:1564)
[info]   at org.scalatest.funsuite.AnyFunSuiteLike.$anonfun$run$1(AnyFunSuiteLike.scala:273)
[info]   at org.scalatest.SuperEngine.runImpl(Engine.scala:535)
[info]   at org.scalatest.funsuite.AnyFunSuiteLike.run(AnyFunSuiteLike.scala:273)
[info]   at org.scalatest.funsuite.AnyFunSuiteLike.run$(AnyFunSuiteLike.scala:272)
[info]   at frameless.TypedDatasetSuite.org$scalatest$BeforeAndAfterAll$$super$run(TypedDatasetSuite.scala:63)
[info]   at org.scalatest.BeforeAndAfterAll.liftedTree1$1(BeforeAndAfterAll.scala:213)
[info]   at org.scalatest.BeforeAndAfterAll.run(BeforeAndAfterAll.scala:210)
[info]   at org.scalatest.BeforeAndAfterAll.run$(BeforeAndAfterAll.scala:208)
[info]   at frameless.TypedDatasetSuite.run(TypedDatasetSuite.scala:63)
[info]   at org.scalatest.tools.Framework.org$scalatest$tools$Framework$$runSuite(Framework.scala:321)
[info]   at org.scalatest.tools.Framework$ScalaTestTask.execute(Framework.scala:517)
[info]   at sbt.ForkMain$Run.lambda$runTest$1(ForkMain.java:414)
[info]   at java.base/java.util.concurrent.FutureTask.run(FutureTask.java:317)
[info]   at java.base/java.util.concurrent.ThreadPoolExecutor.runWorker(ThreadPoolExecutor.java:1144)
[info]   at java.base/java.util.concurrent.ThreadPoolExecutor$Worker.run(ThreadPoolExecutor.java:642)
[info]   at java.base/java.lang.Thread.run(Thread.java:1583)
[info]   Cause: java.lang.IllegalArgumentException: argument type mismatch
[info]   at java.base/jdk.internal.reflect.DirectConstructorHandleAccessor.newInstance(DirectConstructorHandleAccessor.java:65)
[info]   at java.base/java.lang.reflect.Constructor.newInstanceWithCaller(Constructor.java:502)
[info]   at java.base/java.lang.reflect.Constructor.newInstance(Constructor.java:486)
[info]   at frameless.TypedExpressionEncoder$.$anonfun$apply$3(TypedExpressionEncoder.scala:55)
[info]   at scala.Option.map(Option.scala:242)
[info]   at frameless.TypedExpressionEncoder$.apply(TypedExpressionEncoder.scala:54)
[info]   at frameless.TypedDataset$.create(TypedDataset.scala:1325)
[info]   at frameless.SelfJoinTests.$anonfun$new$64(SelfJoinTests.scala:108)
[info]   at frameless.SelfJoinTests.allowAmbiguousJoin(SelfJoinTests.scala:24)
[info]   at frameless.SelfJoinTests.$anonfun$new$63(SelfJoinTests.scala:107)
[info]   at frameless.SelfJoinTests.allowTrivialJoin(SelfJoinTests.scala:15)
[info]   at frameless.SelfJoinTests.prop$4(SelfJoinTests.scala:107)
[info]   at frameless.SelfJoinTests.$anonfun$new$83(SelfJoinTests.scala:124)
[info]   at scala.Function1.$anonfun$andThen$1(Function1.scala:87)
[info]   at org.scalacheck.Prop$.$anonfun$forAllShrink$2(Prop.scala:868)
[info]   at org.scalacheck.Prop$.secure(Prop.scala:484)
[info]   at org.scalacheck.Prop$.result$1(Prop.scala:868)
[info]   at org.scalacheck.Prop$.$anonfun$forAllShrink$1(Prop.scala:915)
[info]   at org.scalacheck.Prop$.$anonfun$apply$1(Prop.scala:305)
[info]   at org.scalacheck.PropFromFun.apply(Prop.scala:20)
[info]   at org.scalacheck.Test$.workerFun$1(Test.scala:486)
[info]   at org.scalacheck.Test$.$anonfun$check$4(Test.scala:518)
[info]   at org.scalacheck.Test$.$anonfun$check$4$adapted(Test.scala:518)
[info]   at org.scalacheck.Platform$.runWorkers(Platform.scala:42)
[info]   at org.scalacheck.Test$.check(Test.scala:518)
[info]   at org.scalatestplus.scalacheck.UnitCheckerAsserting$CheckerAssertingImpl.check(CheckerAsserting.scala:90)
[info]   at org.scalatestplus.scalacheck.Checkers.check(Checkers.scala:244)
[info]   at org.scalatestplus.scalacheck.Checkers.check$(Checkers.scala:235)
[info]   at frameless.TypedDatasetSuite.check(TypedDatasetSuite.scala:63)
[info]   at frameless.SelfJoinTests.$anonfun$new$62(SelfJoinTests.scala:124)
[info]   at org.scalatest.OutcomeOf.outcomeOf(OutcomeOf.scala:85)
[info]   at org.scalatest.OutcomeOf.outcomeOf$(OutcomeOf.scala:83)
[info]   at org.scalatest.OutcomeOf$.outcomeOf(OutcomeOf.scala:104)
[info]   at org.scalatest.Transformer.apply(Transformer.scala:22)
[info]   at org.scalatest.Transformer.apply(Transformer.scala:20)
[info]   at org.scalatest.funsuite.AnyFunSuiteLike$$anon$1.apply(AnyFunSuiteLike.scala:226)
[info]   at org.scalatest.TestSuite.withFixture(TestSuite.scala:196)
[info]   at org.scalatest.TestSuite.withFixture$(TestSuite.scala:195)
[info]   at org.scalatest.funsuite.AnyFunSuite.withFixture(AnyFunSuite.scala:1564)
[info]   at org.scalatest.funsuite.AnyFunSuiteLike.invokeWithFixture$1(AnyFunSuiteLike.scala:224)
[info]   at org.scalatest.funsuite.AnyFunSuiteLike.$anonfun$runTest$1(AnyFunSuiteLike.scala:236)
[info]   at org.scalatest.SuperEngine.runTestImpl(Engine.scala:306)
[info]   at org.scalatest.funsuite.AnyFunSuiteLike.runTest(AnyFunSuiteLike.scala:236)
[info]   at org.scalatest.funsuite.AnyFunSuiteLike.runTest$(AnyFunSuiteLike.scala:218)
[info]   at org.scalatest.funsuite.AnyFunSuite.runTest(AnyFunSuite.scala:1564)
[info]   at org.scalatest.funsuite.AnyFunSuiteLike.$anonfun$runTests$1(AnyFunSuiteLike.scala:269)
[info]   at org.scalatest.SuperEngine.$anonfun$runTestsInBranch$1(Engine.scala:413)
[info]   at scala.collection.immutable.List.foreach(List.scala:334)
[info]   at org.scalatest.SuperEngine.traverseSubNodes$1(Engine.scala:401)
[info]   at org.scalatest.SuperEngine.runTestsInBranch(Engine.scala:396)
[info]   at org.scalatest.SuperEngine.runTestsImpl(Engine.scala:475)
[info]   at org.scalatest.funsuite.AnyFunSuiteLike.runTests(AnyFunSuiteLike.scala:269)
[info]   at org.scalatest.funsuite.AnyFunSuiteLike.runTests$(AnyFunSuiteLike.scala:268)
[info]   at org.scalatest.funsuite.AnyFunSuite.runTests(AnyFunSuite.scala:1564)
[info]   at org.scalatest.Suite.run(Suite.scala:1114)
[info]   at org.scalatest.Suite.run$(Suite.scala:1096)
[info]   at org.scalatest.funsuite.AnyFunSuite.org$scalatest$funsuite$AnyFunSuiteLike$$super$run(AnyFunSuite.scala:1564)
[info]   at org.scalatest.funsuite.AnyFunSuiteLike.$anonfun$run$1(AnyFunSuiteLike.scala:273)
[info]   at org.scalatest.SuperEngine.runImpl(Engine.scala:535)
[info]   at org.scalatest.funsuite.AnyFunSuiteLike.run(AnyFunSuiteLike.scala:273)
[info]   at org.scalatest.funsuite.AnyFunSuiteLike.run$(AnyFunSuiteLike.scala:272)
[info]   at frameless.TypedDatasetSuite.org$scalatest$BeforeAndAfterAll$$super$run(TypedDatasetSuite.scala:63)
[info]   at org.scalatest.BeforeAndAfterAll.liftedTree1$1(BeforeAndAfterAll.scala:213)
[info]   at org.scalatest.BeforeAndAfterAll.run(BeforeAndAfterAll.scala:210)
[info]   at org.scalatest.BeforeAndAfterAll.run$(BeforeAndAfterAll.scala:208)
[info]   at frameless.TypedDatasetSuite.run(TypedDatasetSuite.scala:63)
[info]   at org.scalatest.tools.Framework.org$scalatest$tools$Framework$$runSuite(Framework.scala:321)
[info]   at org.scalatest.tools.Framework$ScalaTestTask.execute(Framework.scala:517)
[info]   at sbt.ForkMain$Run.lambda$runTest$1(ForkMain.java:414)
[info]   at java.base/java.util.concurrent.FutureTask.run(FutureTask.java:317)
[info]   at java.base/java.util.concurrent.ThreadPoolExecutor.runWorker(ThreadPoolExecutor.java:1144)
[info]   at java.base/java.util.concurrent.ThreadPoolExecutor$Worker.run(ThreadPoolExecutor.java:642)
[info]   at java.base/java.lang.Thread.run(Thread.java:1583)
[info]   Cause: java.lang.ClassCastException: Cannot cast scala.reflect.ClassTag$GenericClassTag to org.apache.spark.sql.catalyst.expressions.Expression
[info]   at java.base/java.lang.Class.cast(Class.java:4067)
[info]   at java.base/jdk.internal.reflect.DirectConstructorHandleAccessor.newInstance(DirectConstructorHandleAccessor.java:62)
[info]   at java.base/java.lang.reflect.Constructor.newInstanceWithCaller(Constructor.java:502)
[info]   at java.base/java.lang.reflect.Constructor.newInstance(Constructor.java:486)
[info]   at frameless.TypedExpressionEncoder$.$anonfun$apply$3(TypedExpressionEncoder.scala:55)
[info]   at scala.Option.map(Option.scala:242)
[info]   at frameless.TypedExpressionEncoder$.apply(TypedExpressionEncoder.scala:54)
[info]   at frameless.TypedDataset$.create(TypedDataset.scala:1325)
[info]   at frameless.SelfJoinTests.$anonfun$new$64(SelfJoinTests.scala:108)
[info]   at frameless.SelfJoinTests.allowAmbiguousJoin(SelfJoinTests.scala:24)
[info]   at frameless.SelfJoinTests.$anonfun$new$63(SelfJoinTests.scala:107)
[info]   at frameless.SelfJoinTests.allowTrivialJoin(SelfJoinTests.scala:15)
[info]   at frameless.SelfJoinTests.prop$4(SelfJoinTests.scala:107)
[info]   at frameless.SelfJoinTests.$anonfun$new$83(SelfJoinTests.scala:124)
[info]   at scala.Function1.$anonfun$andThen$1(Function1.scala:87)
[info]   at org.scalacheck.Prop$.$anonfun$forAllShrink$2(Prop.scala:868)
[info]   at org.scalacheck.Prop$.secure(Prop.scala:484)
[info]   at org.scalacheck.Prop$.result$1(Prop.scala:868)
[info]   at org.scalacheck.Prop$.$anonfun$forAllShrink$1(Prop.scala:915)
[info]   at org.scalacheck.Prop$.$anonfun$apply$1(Prop.scala:305)
[info]   at org.scalacheck.PropFromFun.apply(Prop.scala:20)
[info]   at org.scalacheck.Test$.workerFun$1(Test.scala:486)
[info]   at org.scalacheck.Test$.$anonfun$check$4(Test.scala:518)
[info]   at org.scalacheck.Test$.$anonfun$check$4$adapted(Test.scala:518)
[info]   at org.scalacheck.Platform$.runWorkers(Platform.scala:42)
[info]   at org.scalacheck.Test$.check(Test.scala:518)
[info]   at org.scalatestplus.scalacheck.UnitCheckerAsserting$CheckerAssertingImpl.check(CheckerAsserting.scala:90)
[info]   at org.scalatestplus.scalacheck.Checkers.check(Checkers.scala:244)
[info]   at org.scalatestplus.scalacheck.Checkers.check$(Checkers.scala:235)
[info]   at frameless.TypedDatasetSuite.check(TypedDatasetSuite.scala:63)
[info]   at frameless.SelfJoinTests.$anonfun$new$62(SelfJoinTests.scala:124)
[info]   at org.scalatest.OutcomeOf.outcomeOf(OutcomeOf.scala:85)
[info]   at org.scalatest.OutcomeOf.outcomeOf$(OutcomeOf.scala:83)
[info]   at org.scalatest.OutcomeOf$.outcomeOf(OutcomeOf.scala:104)
[info]   at org.scalatest.Transformer.apply(Transformer.scala:22)
[info]   at org.scalatest.Transformer.apply(Transformer.scala:20)
[info]   at org.scalatest.funsuite.AnyFunSuiteLike$$anon$1.apply(AnyFunSuiteLike.scala:226)
[info]   at org.scalatest.TestSuite.withFixture(TestSuite.scala:196)
[info]   at org.scalatest.TestSuite.withFixture$(TestSuite.scala:195)
[info]   at org.scalatest.funsuite.AnyFunSuite.withFixture(AnyFunSuite.scala:1564)
[info]   at org.scalatest.funsuite.AnyFunSuiteLike.invokeWithFixture$1(AnyFunSuiteLike.scala:224)
[info]   at org.scalatest.funsuite.AnyFunSuiteLike.$anonfun$runTest$1(AnyFunSuiteLike.scala:236)
[info]   at org.scalatest.SuperEngine.runTestImpl(Engine.scala:306)
[info]   at org.scalatest.funsuite.AnyFunSuiteLike.runTest(AnyFunSuiteLike.scala:236)
[info]   at org.scalatest.funsuite.AnyFunSuiteLike.runTest$(AnyFunSuiteLike.scala:218)
[info]   at org.scalatest.funsuite.AnyFunSuite.runTest(AnyFunSuite.scala:1564)
[info]   at org.scalatest.funsuite.AnyFunSuiteLike.$anonfun$runTests$1(AnyFunSuiteLike.scala:269)
[info]   at org.scalatest.SuperEngine.$anonfun$runTestsInBranch$1(Engine.scala:413)
[info]   at scala.collection.immutable.List.foreach(List.scala:334)
[info]   at org.scalatest.SuperEngine.traverseSubNodes$1(Engine.scala:401)
[info]   at org.scalatest.SuperEngine.runTestsInBranch(Engine.scala:396)
[info]   at org.scalatest.SuperEngine.runTestsImpl(Engine.scala:475)
[info]   at org.scalatest.funsuite.AnyFunSuiteLike.runTests(AnyFunSuiteLike.scala:269)
[info]   at org.scalatest.funsuite.AnyFunSuiteLike.runTests$(AnyFunSuiteLike.scala:268)
[info]   at org.scalatest.funsuite.AnyFunSuite.runTests(AnyFunSuite.scala:1564)
[info]   at org.scalatest.Suite.run(Suite.scala:1114)
[info]   at org.scalatest.Suite.run$(Suite.scala:1096)
[info]   at org.scalatest.funsuite.AnyFunSuite.org$scalatest$funsuite$AnyFunSuiteLike$$super$run(AnyFunSuite.scala:1564)
[info]   at org.scalatest.funsuite.AnyFunSuiteLike.$anonfun$run$1(AnyFunSuiteLike.scala:273)
[info]   at org.scalatest.SuperEngine.runImpl(Engine.scala:535)
[info]   at org.scalatest.funsuite.AnyFunSuiteLike.run(AnyFunSuiteLike.scala:273)
[info]   at org.scalatest.funsuite.AnyFunSuiteLike.run$(AnyFunSuiteLike.scala:272)
[info]   at frameless.TypedDatasetSuite.org$scalatest$BeforeAndAfterAll$$super$run(TypedDatasetSuite.scala:63)
[info]   at org.scalatest.BeforeAndAfterAll.liftedTree1$1(BeforeAndAfterAll.scala:213)
[info]   at org.scalatest.BeforeAndAfterAll.run(BeforeAndAfterAll.scala:210)
[info]   at org.scalatest.BeforeAndAfterAll.run$(BeforeAndAfterAll.scala:208)
[info]   at frameless.TypedDatasetSuite.run(TypedDatasetSuite.scala:63)
[info]   at org.scalatest.tools.Framework.org$scalatest$tools$Framework$$runSuite(Framework.scala:321)
[info]   at org.scalatest.tools.Framework$ScalaTestTask.execute(Framework.scala:517)
[info]   at sbt.ForkMain$Run.lambda$runTest$1(ForkMain.java:414)
[info]   at java.base/java.util.concurrent.FutureTask.run(FutureTask.java:317)
[info]   at java.base/java.util.concurrent.ThreadPoolExecutor.runWorker(ThreadPoolExecutor.java:1144)
[info]   at java.base/java.util.concurrent.ThreadPoolExecutor$Worker.run(ThreadPoolExecutor.java:642)
[info]   at java.base/java.lang.Thread.run(Thread.java:1583)
[info] - colLeft and colRight are equivalent to col outside of joins *** FAILED *** (10 milliseconds)
[info]   IllegalArgumentException was thrown during property evaluation.
[info]     Message: argument type mismatch
[info]     Occurred when passed generated values (
[info]       arg0 = Vector()
[info]     )
[info]   org.scalatest.exceptions.GeneratorDrivenPropertyCheckFailedException:
[info]   at org.scalatestplus.scalacheck.CheckerAsserting$$anon$2.indicateFailure(CheckerAsserting.scala:251)
[info]   at org.scalatestplus.scalacheck.CheckerAsserting$$anon$2.indicateFailure(CheckerAsserting.scala:238)
[info]   at org.scalatestplus.scalacheck.UnitCheckerAsserting$CheckerAssertingImpl.check(CheckerAsserting.scala:160)
[info]   at org.scalatestplus.scalacheck.Checkers.check(Checkers.scala:371)
[info]   at org.scalatestplus.scalacheck.Checkers.check$(Checkers.scala:369)
[info]   at frameless.TypedDatasetSuite.check(TypedDatasetSuite.scala:63)
[info]   at frameless.SelfJoinTests.$anonfun$new$85(SelfJoinTests.scala:141)
[info]   at org.scalatest.OutcomeOf.outcomeOf(OutcomeOf.scala:85)
[info]   at org.scalatest.OutcomeOf.outcomeOf$(OutcomeOf.scala:83)
[info]   at org.scalatest.OutcomeOf$.outcomeOf(OutcomeOf.scala:104)
[info]   at org.scalatest.Transformer.apply(Transformer.scala:22)
[info]   at org.scalatest.Transformer.apply(Transformer.scala:20)
[info]   at org.scalatest.funsuite.AnyFunSuiteLike$$anon$1.apply(AnyFunSuiteLike.scala:226)
[info]   at org.scalatest.TestSuite.withFixture(TestSuite.scala:196)
[info]   at org.scalatest.TestSuite.withFixture$(TestSuite.scala:195)
[info]   at org.scalatest.funsuite.AnyFunSuite.withFixture(AnyFunSuite.scala:1564)
[info]   at org.scalatest.funsuite.AnyFunSuiteLike.invokeWithFixture$1(AnyFunSuiteLike.scala:224)
[info]   at org.scalatest.funsuite.AnyFunSuiteLike.$anonfun$runTest$1(AnyFunSuiteLike.scala:236)
[info]   at org.scalatest.SuperEngine.runTestImpl(Engine.scala:306)
[info]   at org.scalatest.funsuite.AnyFunSuiteLike.runTest(AnyFunSuiteLike.scala:236)
[info]   at org.scalatest.funsuite.AnyFunSuiteLike.runTest$(AnyFunSuiteLike.scala:218)
[info]   at org.scalatest.funsuite.AnyFunSuite.runTest(AnyFunSuite.scala:1564)
[info]   at org.scalatest.funsuite.AnyFunSuiteLike.$anonfun$runTests$1(AnyFunSuiteLike.scala:269)
[info]   at org.scalatest.SuperEngine.$anonfun$runTestsInBranch$1(Engine.scala:413)
[info]   at scala.collection.immutable.List.foreach(List.scala:334)
[info]   at org.scalatest.SuperEngine.traverseSubNodes$1(Engine.scala:401)
[info]   at org.scalatest.SuperEngine.runTestsInBranch(Engine.scala:396)
[info]   at org.scalatest.SuperEngine.runTestsImpl(Engine.scala:475)
[info]   at org.scalatest.funsuite.AnyFunSuiteLike.runTests(AnyFunSuiteLike.scala:269)
[info]   at org.scalatest.funsuite.AnyFunSuiteLike.runTests$(AnyFunSuiteLike.scala:268)
[info]   at org.scalatest.funsuite.AnyFunSuite.runTests(AnyFunSuite.scala:1564)
[info]   at org.scalatest.Suite.run(Suite.scala:1114)
[info]   at org.scalatest.Suite.run$(Suite.scala:1096)
[info]   at org.scalatest.funsuite.AnyFunSuite.org$scalatest$funsuite$AnyFunSuiteLike$$super$run(AnyFunSuite.scala:1564)
[info]   at org.scalatest.funsuite.AnyFunSuiteLike.$anonfun$run$1(AnyFunSuiteLike.scala:273)
[info]   at org.scalatest.SuperEngine.runImpl(Engine.scala:535)
[info]   at org.scalatest.funsuite.AnyFunSuiteLike.run(AnyFunSuiteLike.scala:273)
[info]   at org.scalatest.funsuite.AnyFunSuiteLike.run$(AnyFunSuiteLike.scala:272)
[info]   at frameless.TypedDatasetSuite.org$scalatest$BeforeAndAfterAll$$super$run(TypedDatasetSuite.scala:63)
[info]   at org.scalatest.BeforeAndAfterAll.liftedTree1$1(BeforeAndAfterAll.scala:213)
[info]   at org.scalatest.BeforeAndAfterAll.run(BeforeAndAfterAll.scala:210)
[info]   at org.scalatest.BeforeAndAfterAll.run$(BeforeAndAfterAll.scala:208)
[info]   at frameless.TypedDatasetSuite.run(TypedDatasetSuite.scala:63)
[info]   at org.scalatest.tools.Framework.org$scalatest$tools$Framework$$runSuite(Framework.scala:321)
[info]   at org.scalatest.tools.Framework$ScalaTestTask.execute(Framework.scala:517)
[info]   at sbt.ForkMain$Run.lambda$runTest$1(ForkMain.java:414)
[info]   at java.base/java.util.concurrent.FutureTask.run(FutureTask.java:317)
[info]   at java.base/java.util.concurrent.ThreadPoolExecutor.runWorker(ThreadPoolExecutor.java:1144)
[info]   at java.base/java.util.concurrent.ThreadPoolExecutor$Worker.run(ThreadPoolExecutor.java:642)
[info]   at java.base/java.lang.Thread.run(Thread.java:1583)
[info]   Cause: java.lang.IllegalArgumentException: argument type mismatch
[info]   at java.base/jdk.internal.reflect.DirectConstructorHandleAccessor.newInstance(DirectConstructorHandleAccessor.java:65)
[info]   at java.base/java.lang.reflect.Constructor.newInstanceWithCaller(Constructor.java:502)
[info]   at java.base/java.lang.reflect.Constructor.newInstance(Constructor.java:486)
[info]   at frameless.TypedExpressionEncoder$.$anonfun$apply$3(TypedExpressionEncoder.scala:55)
[info]   at scala.Option.map(Option.scala:242)
[info]   at frameless.TypedExpressionEncoder$.apply(TypedExpressionEncoder.scala:54)
[info]   at frameless.TypedDataset$.create(TypedDataset.scala:1325)
[info]   at frameless.SelfJoinTests.prop$5(SelfJoinTests.scala:133)
[info]   at frameless.SelfJoinTests.$anonfun$new$97(SelfJoinTests.scala:141)
[info]   at scala.Function1.$anonfun$andThen$1(Function1.scala:87)
[info]   at org.scalacheck.Prop$.$anonfun$forAllShrink$2(Prop.scala:868)
[info]   at org.scalacheck.Prop$.secure(Prop.scala:484)
[info]   at org.scalacheck.Prop$.result$1(Prop.scala:868)
[info]   at org.scalacheck.Prop$.$anonfun$forAllShrink$1(Prop.scala:915)
[info]   at org.scalacheck.Prop$.$anonfun$apply$1(Prop.scala:305)
[info]   at org.scalacheck.PropFromFun.apply(Prop.scala:20)
[info]   at org.scalacheck.Test$.workerFun$1(Test.scala:486)
[info]   at org.scalacheck.Test$.$anonfun$check$4(Test.scala:518)
[info]   at org.scalacheck.Test$.$anonfun$check$4$adapted(Test.scala:518)
[info]   at org.scalacheck.Platform$.runWorkers(Platform.scala:42)
[info]   at org.scalacheck.Test$.check(Test.scala:518)
[info]   at org.scalatestplus.scalacheck.UnitCheckerAsserting$CheckerAssertingImpl.check(CheckerAsserting.scala:90)
[info]   at org.scalatestplus.scalacheck.Checkers.check(Checkers.scala:371)
[info]   at org.scalatestplus.scalacheck.Checkers.check$(Checkers.scala:369)
[info]   at frameless.TypedDatasetSuite.check(TypedDatasetSuite.scala:63)
[info]   at frameless.SelfJoinTests.$anonfun$new$85(SelfJoinTests.scala:141)
[info]   at org.scalatest.OutcomeOf.outcomeOf(OutcomeOf.scala:85)
[info]   at org.scalatest.OutcomeOf.outcomeOf$(OutcomeOf.scala:83)
[info]   at org.scalatest.OutcomeOf$.outcomeOf(OutcomeOf.scala:104)
[info]   at org.scalatest.Transformer.apply(Transformer.scala:22)
[info]   at org.scalatest.Transformer.apply(Transformer.scala:20)
[info]   at org.scalatest.funsuite.AnyFunSuiteLike$$anon$1.apply(AnyFunSuiteLike.scala:226)
[info]   at org.scalatest.TestSuite.withFixture(TestSuite.scala:196)
[info]   at org.scalatest.TestSuite.withFixture$(TestSuite.scala:195)
[info]   at org.scalatest.funsuite.AnyFunSuite.withFixture(AnyFunSuite.scala:1564)
[info]   at org.scalatest.funsuite.AnyFunSuiteLike.invokeWithFixture$1(AnyFunSuiteLike.scala:224)
[info]   at org.scalatest.funsuite.AnyFunSuiteLike.$anonfun$runTest$1(AnyFunSuiteLike.scala:236)
[info]   at org.scalatest.SuperEngine.runTestImpl(Engine.scala:306)
[info]   at org.scalatest.funsuite.AnyFunSuiteLike.runTest(AnyFunSuiteLike.scala:236)
[info]   at org.scalatest.funsuite.AnyFunSuiteLike.runTest$(AnyFunSuiteLike.scala:218)
[info]   at org.scalatest.funsuite.AnyFunSuite.runTest(AnyFunSuite.scala:1564)
[info]   at org.scalatest.funsuite.AnyFunSuiteLike.$anonfun$runTests$1(AnyFunSuiteLike.scala:269)
[info]   at org.scalatest.SuperEngine.$anonfun$runTestsInBranch$1(Engine.scala:413)
[info]   at scala.collection.immutable.List.foreach(List.scala:334)
[info]   at org.scalatest.SuperEngine.traverseSubNodes$1(Engine.scala:401)
[info]   at org.scalatest.SuperEngine.runTestsInBranch(Engine.scala:396)
[info]   at org.scalatest.SuperEngine.runTestsImpl(Engine.scala:475)
[info]   at org.scalatest.funsuite.AnyFunSuiteLike.runTests(AnyFunSuiteLike.scala:269)
[info]   at org.scalatest.funsuite.AnyFunSuiteLike.runTests$(AnyFunSuiteLike.scala:268)
[info]   at org.scalatest.funsuite.AnyFunSuite.runTests(AnyFunSuite.scala:1564)
[info]   at org.scalatest.Suite.run(Suite.scala:1114)
[info]   at org.scalatest.Suite.run$(Suite.scala:1096)
[info]   at org.scalatest.funsuite.AnyFunSuite.org$scalatest$funsuite$AnyFunSuiteLike$$super$run(AnyFunSuite.scala:1564)
[info]   at org.scalatest.funsuite.AnyFunSuiteLike.$anonfun$run$1(AnyFunSuiteLike.scala:273)
[info]   at org.scalatest.SuperEngine.runImpl(Engine.scala:535)
[info]   at org.scalatest.funsuite.AnyFunSuiteLike.run(AnyFunSuiteLike.scala:273)
[info]   at org.scalatest.funsuite.AnyFunSuiteLike.run$(AnyFunSuiteLike.scala:272)
[info]   at frameless.TypedDatasetSuite.org$scalatest$BeforeAndAfterAll$$super$run(TypedDatasetSuite.scala:63)
[info]   at org.scalatest.BeforeAndAfterAll.liftedTree1$1(BeforeAndAfterAll.scala:213)
[info]   at org.scalatest.BeforeAndAfterAll.run(BeforeAndAfterAll.scala:210)
[info]   at org.scalatest.BeforeAndAfterAll.run$(BeforeAndAfterAll.scala:208)
[info]   at frameless.TypedDatasetSuite.run(TypedDatasetSuite.scala:63)
[info]   at org.scalatest.tools.Framework.org$scalatest$tools$Framework$$runSuite(Framework.scala:321)
[info]   at org.scalatest.tools.Framework$ScalaTestTask.execute(Framework.scala:517)
[info]   at sbt.ForkMain$Run.lambda$runTest$1(ForkMain.java:414)
[info]   at java.base/java.util.concurrent.FutureTask.run(FutureTask.java:317)
[info]   at java.base/java.util.concurrent.ThreadPoolExecutor.runWorker(ThreadPoolExecutor.java:1144)
[info]   at java.base/java.util.concurrent.ThreadPoolExecutor$Worker.run(ThreadPoolExecutor.java:642)
[info]   at java.base/java.lang.Thread.run(Thread.java:1583)
[info]   Cause: java.lang.ClassCastException: Cannot cast scala.reflect.ClassTag$GenericClassTag to org.apache.spark.sql.catalyst.expressions.Expression
[info]   at java.base/java.lang.Class.cast(Class.java:4067)
[info]   at java.base/jdk.internal.reflect.DirectConstructorHandleAccessor.newInstance(DirectConstructorHandleAccessor.java:62)
[info]   at java.base/java.lang.reflect.Constructor.newInstanceWithCaller(Constructor.java:502)
[info]   at java.base/java.lang.reflect.Constructor.newInstance(Constructor.java:486)
[info]   at frameless.TypedExpressionEncoder$.$anonfun$apply$3(TypedExpressionEncoder.scala:55)
[info]   at scala.Option.map(Option.scala:242)
[info]   at frameless.TypedExpressionEncoder$.apply(TypedExpressionEncoder.scala:54)
[info]   at frameless.TypedDataset$.create(TypedDataset.scala:1325)
[info]   at frameless.SelfJoinTests.prop$5(SelfJoinTests.scala:133)
[info]   at frameless.SelfJoinTests.$anonfun$new$97(SelfJoinTests.scala:141)
[info]   at scala.Function1.$anonfun$andThen$1(Function1.scala:87)
[info]   at org.scalacheck.Prop$.$anonfun$forAllShrink$2(Prop.scala:868)
[info]   at org.scalacheck.Prop$.secure(Prop.scala:484)
[info]   at org.scalacheck.Prop$.result$1(Prop.scala:868)
[info]   at org.scalacheck.Prop$.$anonfun$forAllShrink$1(Prop.scala:915)
[info]   at org.scalacheck.Prop$.$anonfun$apply$1(Prop.scala:305)
[info]   at org.scalacheck.PropFromFun.apply(Prop.scala:20)
[info]   at org.scalacheck.Test$.workerFun$1(Test.scala:486)
[info]   at org.scalacheck.Test$.$anonfun$check$4(Test.scala:518)
[info]   at org.scalacheck.Test$.$anonfun$check$4$adapted(Test.scala:518)
[info]   at org.scalacheck.Platform$.runWorkers(Platform.scala:42)
[info]   at org.scalacheck.Test$.check(Test.scala:518)
[info]   at org.scalatestplus.scalacheck.UnitCheckerAsserting$CheckerAssertingImpl.check(CheckerAsserting.scala:90)
[info]   at org.scalatestplus.scalacheck.Checkers.check(Checkers.scala:371)
[info]   at org.scalatestplus.scalacheck.Checkers.check$(Checkers.scala:369)
[info]   at frameless.TypedDatasetSuite.check(TypedDatasetSuite.scala:63)
[info]   at frameless.SelfJoinTests.$anonfun$new$85(SelfJoinTests.scala:141)
[info]   at org.scalatest.OutcomeOf.outcomeOf(OutcomeOf.scala:85)
[info]   at org.scalatest.OutcomeOf.outcomeOf$(OutcomeOf.scala:83)
[info]   at org.scalatest.OutcomeOf$.outcomeOf(OutcomeOf.scala:104)
[info]   at org.scalatest.Transformer.apply(Transformer.scala:22)
[info]   at org.scalatest.Transformer.apply(Transformer.scala:20)
[info]   at org.scalatest.funsuite.AnyFunSuiteLike$$anon$1.apply(AnyFunSuiteLike.scala:226)
[info]   at org.scalatest.TestSuite.withFixture(TestSuite.scala:196)
[info]   at org.scalatest.TestSuite.withFixture$(TestSuite.scala:195)
[info]   at org.scalatest.funsuite.AnyFunSuite.withFixture(AnyFunSuite.scala:1564)
[info]   at org.scalatest.funsuite.AnyFunSuiteLike.invokeWithFixture$1(AnyFunSuiteLike.scala:224)
[info]   at org.scalatest.funsuite.AnyFunSuiteLike.$anonfun$runTest$1(AnyFunSuiteLike.scala:236)
[info]   at org.scalatest.SuperEngine.runTestImpl(Engine.scala:306)
[info]   at org.scalatest.funsuite.AnyFunSuiteLike.runTest(AnyFunSuiteLike.scala:236)
[info]   at org.scalatest.funsuite.AnyFunSuiteLike.runTest$(AnyFunSuiteLike.scala:218)
[info]   at org.scalatest.funsuite.AnyFunSuite.runTest(AnyFunSuite.scala:1564)
[info]   at org.scalatest.funsuite.AnyFunSuiteLike.$anonfun$runTests$1(AnyFunSuiteLike.scala:269)
[info]   at org.scalatest.SuperEngine.$anonfun$runTestsInBranch$1(Engine.scala:413)
[info]   at scala.collection.immutable.List.foreach(List.scala:334)
[info]   at org.scalatest.SuperEngine.traverseSubNodes$1(Engine.scala:401)
[info]   at org.scalatest.SuperEngine.runTestsInBranch(Engine.scala:396)
[info]   at org.scalatest.SuperEngine.runTestsImpl(Engine.scala:475)
[info]   at org.scalatest.funsuite.AnyFunSuiteLike.runTests(AnyFunSuiteLike.scala:269)
[info]   at org.scalatest.funsuite.AnyFunSuiteLike.runTests$(AnyFunSuiteLike.scala:268)
[info]   at org.scalatest.funsuite.AnyFunSuite.runTests(AnyFunSuite.scala:1564)
[info]   at org.scalatest.Suite.run(Suite.scala:1114)
[info]   at org.scalatest.Suite.run$(Suite.scala:1096)
[info]   at org.scalatest.funsuite.AnyFunSuite.org$scalatest$funsuite$AnyFunSuiteLike$$super$run(AnyFunSuite.scala:1564)
[info]   at org.scalatest.funsuite.AnyFunSuiteLike.$anonfun$run$1(AnyFunSuiteLike.scala:273)
[info]   at org.scalatest.SuperEngine.runImpl(Engine.scala:535)
[info]   at org.scalatest.funsuite.AnyFunSuiteLike.run(AnyFunSuiteLike.scala:273)
[info]   at org.scalatest.funsuite.AnyFunSuiteLike.run$(AnyFunSuiteLike.scala:272)
[info]   at frameless.TypedDatasetSuite.org$scalatest$BeforeAndAfterAll$$super$run(TypedDatasetSuite.scala:63)
[info]   at org.scalatest.BeforeAndAfterAll.liftedTree1$1(BeforeAndAfterAll.scala:213)
[info]   at org.scalatest.BeforeAndAfterAll.run(BeforeAndAfterAll.scala:210)
[info]   at org.scalatest.BeforeAndAfterAll.run$(BeforeAndAfterAll.scala:208)
[info]   at frameless.TypedDatasetSuite.run(TypedDatasetSuite.scala:63)
[info]   at org.scalatest.tools.Framework.org$scalatest$tools$Framework$$runSuite(Framework.scala:321)
[info]   at org.scalatest.tools.Framework$ScalaTestTask.execute(Framework.scala:517)
[info]   at sbt.ForkMain$Run.lambda$runTest$1(ForkMain.java:414)
[info]   at java.base/java.util.concurrent.FutureTask.run(FutureTask.java:317)
[info]   at java.base/java.util.concurrent.ThreadPoolExecutor.runWorker(ThreadPoolExecutor.java:1144)
[info]   at java.base/java.util.concurrent.ThreadPoolExecutor$Worker.run(ThreadPoolExecutor.java:642)
[info]   at java.base/java.lang.Thread.run(Thread.java:1583)
[info] - colLeft and colRight are equivalent to col outside of joins - via files (codegen) *** FAILED *** (10 milliseconds)
[info]   IllegalArgumentException was thrown during property evaluation.
[info]     Message: argument type mismatch
[info]     Occurred when passed generated values (
[info]       arg0 = Vector()
[info]     )
[info]   org.scalatest.exceptions.GeneratorDrivenPropertyCheckFailedException:
[info]   at org.scalatestplus.scalacheck.CheckerAsserting$$anon$2.indicateFailure(CheckerAsserting.scala:251)
[info]   at org.scalatestplus.scalacheck.CheckerAsserting$$anon$2.indicateFailure(CheckerAsserting.scala:238)
[info]   at org.scalatestplus.scalacheck.UnitCheckerAsserting$CheckerAssertingImpl.check(CheckerAsserting.scala:160)
[info]   at org.scalatestplus.scalacheck.Checkers.check(Checkers.scala:371)
[info]   at org.scalatestplus.scalacheck.Checkers.check$(Checkers.scala:369)
[info]   at frameless.TypedDatasetSuite.check(TypedDatasetSuite.scala:63)
[info]   at frameless.SelfJoinTests.$anonfun$new$125(SelfJoinTests.scala:162)
[info]   at org.scalatest.OutcomeOf.outcomeOf(OutcomeOf.scala:85)
[info]   at org.scalatest.OutcomeOf.outcomeOf$(OutcomeOf.scala:83)
[info]   at org.scalatest.OutcomeOf$.outcomeOf(OutcomeOf.scala:104)
[info]   at org.scalatest.Transformer.apply(Transformer.scala:22)
[info]   at org.scalatest.Transformer.apply(Transformer.scala:20)
[info]   at org.scalatest.funsuite.AnyFunSuiteLike$$anon$1.apply(AnyFunSuiteLike.scala:226)
[info]   at org.scalatest.TestSuite.withFixture(TestSuite.scala:196)
[info]   at org.scalatest.TestSuite.withFixture$(TestSuite.scala:195)
[info]   at org.scalatest.funsuite.AnyFunSuite.withFixture(AnyFunSuite.scala:1564)
[info]   at org.scalatest.funsuite.AnyFunSuiteLike.invokeWithFixture$1(AnyFunSuiteLike.scala:224)
[info]   at org.scalatest.funsuite.AnyFunSuiteLike.$anonfun$runTest$1(AnyFunSuiteLike.scala:236)
[info]   at org.scalatest.SuperEngine.runTestImpl(Engine.scala:306)
[info]   at org.scalatest.funsuite.AnyFunSuiteLike.runTest(AnyFunSuiteLike.scala:236)
[info]   at org.scalatest.funsuite.AnyFunSuiteLike.runTest$(AnyFunSuiteLike.scala:218)
[info]   at org.scalatest.funsuite.AnyFunSuite.runTest(AnyFunSuite.scala:1564)
[info]   at org.scalatest.funsuite.AnyFunSuiteLike.$anonfun$runTests$1(AnyFunSuiteLike.scala:269)
[info]   at org.scalatest.SuperEngine.$anonfun$runTestsInBranch$1(Engine.scala:413)
[info]   at scala.collection.immutable.List.foreach(List.scala:334)
[info]   at org.scalatest.SuperEngine.traverseSubNodes$1(Engine.scala:401)
[info]   at org.scalatest.SuperEngine.runTestsInBranch(Engine.scala:396)
[info]   at org.scalatest.SuperEngine.runTestsImpl(Engine.scala:475)
[info]   at org.scalatest.funsuite.AnyFunSuiteLike.runTests(AnyFunSuiteLike.scala:269)
[info]   at org.scalatest.funsuite.AnyFunSuiteLike.runTests$(AnyFunSuiteLike.scala:268)
[info]   at org.scalatest.funsuite.AnyFunSuite.runTests(AnyFunSuite.scala:1564)
[info]   at org.scalatest.Suite.run(Suite.scala:1114)
[info]   at org.scalatest.Suite.run$(Suite.scala:1096)
[info]   at org.scalatest.funsuite.AnyFunSuite.org$scalatest$funsuite$AnyFunSuiteLike$$super$run(AnyFunSuite.scala:1564)
[info]   at org.scalatest.funsuite.AnyFunSuiteLike.$anonfun$run$1(AnyFunSuiteLike.scala:273)
[info]   at org.scalatest.SuperEngine.runImpl(Engine.scala:535)
[info]   at org.scalatest.funsuite.AnyFunSuiteLike.run(AnyFunSuiteLike.scala:273)
[info]   at org.scalatest.funsuite.AnyFunSuiteLike.run$(AnyFunSuiteLike.scala:272)
[info]   at frameless.TypedDatasetSuite.org$scalatest$BeforeAndAfterAll$$super$run(TypedDatasetSuite.scala:63)
[info]   at org.scalatest.BeforeAndAfterAll.liftedTree1$1(BeforeAndAfterAll.scala:213)
[info]   at org.scalatest.BeforeAndAfterAll.run(BeforeAndAfterAll.scala:210)
[info]   at org.scalatest.BeforeAndAfterAll.run$(BeforeAndAfterAll.scala:208)
[info]   at frameless.TypedDatasetSuite.run(TypedDatasetSuite.scala:63)
[info]   at org.scalatest.tools.Framework.org$scalatest$tools$Framework$$runSuite(Framework.scala:321)
[info]   at org.scalatest.tools.Framework$ScalaTestTask.execute(Framework.scala:517)
[info]   at sbt.ForkMain$Run.lambda$runTest$1(ForkMain.java:414)
[info]   at java.base/java.util.concurrent.FutureTask.run(FutureTask.java:317)
[info]   at java.base/java.util.concurrent.ThreadPoolExecutor.runWorker(ThreadPoolExecutor.java:1144)
[info]   at java.base/java.util.concurrent.ThreadPoolExecutor$Worker.run(ThreadPoolExecutor.java:642)
[info]   at java.base/java.lang.Thread.run(Thread.java:1583)
[info]   Cause: java.lang.IllegalArgumentException: argument type mismatch
[info]   at java.base/jdk.internal.reflect.DirectConstructorHandleAccessor.newInstance(DirectConstructorHandleAccessor.java:65)
[info]   at java.base/java.lang.reflect.Constructor.newInstanceWithCaller(Constructor.java:502)
[info]   at java.base/java.lang.reflect.Constructor.newInstance(Constructor.java:486)
[info]   at frameless.TypedExpressionEncoder$.$anonfun$apply$3(TypedExpressionEncoder.scala:55)
[info]   at scala.Option.map(Option.scala:242)
[info]   at frameless.TypedExpressionEncoder$.apply(TypedExpressionEncoder.scala:54)
[info]   at frameless.TypedDataset$.create(TypedDataset.scala:1325)
[info]   at frameless.SelfJoinTests.prop$6(SelfJoinTests.scala:153)
[info]   at frameless.SelfJoinTests.$anonfun$new$137(SelfJoinTests.scala:162)
[info]   at scala.Function1.$anonfun$andThen$1(Function1.scala:87)
[info]   at org.scalacheck.Prop$.$anonfun$forAllShrink$2(Prop.scala:868)
[info]   at org.scalacheck.Prop$.secure(Prop.scala:484)
[info]   at org.scalacheck.Prop$.result$1(Prop.scala:868)
[info]   at org.scalacheck.Prop$.$anonfun$forAllShrink$1(Prop.scala:915)
[info]   at org.scalacheck.Prop$.$anonfun$apply$1(Prop.scala:305)
[info]   at org.scalacheck.PropFromFun.apply(Prop.scala:20)
[info]   at org.scalacheck.Test$.workerFun$1(Test.scala:486)
[info]   at org.scalacheck.Test$.$anonfun$check$4(Test.scala:518)
[info]   at org.scalacheck.Test$.$anonfun$check$4$adapted(Test.scala:518)
[info]   at org.scalacheck.Platform$.runWorkers(Platform.scala:42)
[info]   at org.scalacheck.Test$.check(Test.scala:518)
[info]   at org.scalatestplus.scalacheck.UnitCheckerAsserting$CheckerAssertingImpl.check(CheckerAsserting.scala:90)
[info]   at org.scalatestplus.scalacheck.Checkers.check(Checkers.scala:371)
[info]   at org.scalatestplus.scalacheck.Checkers.check$(Checkers.scala:369)
[info]   at frameless.TypedDatasetSuite.check(TypedDatasetSuite.scala:63)
[info]   at frameless.SelfJoinTests.$anonfun$new$125(SelfJoinTests.scala:162)
[info]   at org.scalatest.OutcomeOf.outcomeOf(OutcomeOf.scala:85)
[info]   at org.scalatest.OutcomeOf.outcomeOf$(OutcomeOf.scala:83)
[info]   at org.scalatest.OutcomeOf$.outcomeOf(OutcomeOf.scala:104)
[info]   at org.scalatest.Transformer.apply(Transformer.scala:22)
[info]   at org.scalatest.Transformer.apply(Transformer.scala:20)
[info]   at org.scalatest.funsuite.AnyFunSuiteLike$$anon$1.apply(AnyFunSuiteLike.scala:226)
[info]   at org.scalatest.TestSuite.withFixture(TestSuite.scala:196)
[info]   at org.scalatest.TestSuite.withFixture$(TestSuite.scala:195)
[info]   at org.scalatest.funsuite.AnyFunSuite.withFixture(AnyFunSuite.scala:1564)
[info]   at org.scalatest.funsuite.AnyFunSuiteLike.invokeWithFixture$1(AnyFunSuiteLike.scala:224)
[info]   at org.scalatest.funsuite.AnyFunSuiteLike.$anonfun$runTest$1(AnyFunSuiteLike.scala:236)
[info]   at org.scalatest.SuperEngine.runTestImpl(Engine.scala:306)
[info]   at org.scalatest.funsuite.AnyFunSuiteLike.runTest(AnyFunSuiteLike.scala:236)
[info]   at org.scalatest.funsuite.AnyFunSuiteLike.runTest$(AnyFunSuiteLike.scala:218)
[info]   at org.scalatest.funsuite.AnyFunSuite.runTest(AnyFunSuite.scala:1564)
[info]   at org.scalatest.funsuite.AnyFunSuiteLike.$anonfun$runTests$1(AnyFunSuiteLike.scala:269)
[info]   at org.scalatest.SuperEngine.$anonfun$runTestsInBranch$1(Engine.scala:413)
[info]   at scala.collection.immutable.List.foreach(List.scala:334)
[info]   at org.scalatest.SuperEngine.traverseSubNodes$1(Engine.scala:401)
[info]   at org.scalatest.SuperEngine.runTestsInBranch(Engine.scala:396)
[info]   at org.scalatest.SuperEngine.runTestsImpl(Engine.scala:475)
[info]   at org.scalatest.funsuite.AnyFunSuiteLike.runTests(AnyFunSuiteLike.scala:269)
[info]   at org.scalatest.funsuite.AnyFunSuiteLike.runTests$(AnyFunSuiteLike.scala:268)
[info]   at org.scalatest.funsuite.AnyFunSuite.runTests(AnyFunSuite.scala:1564)
[info]   at org.scalatest.Suite.run(Suite.scala:1114)
[info]   at org.scalatest.Suite.run$(Suite.scala:1096)
[info]   at org.scalatest.funsuite.AnyFunSuite.org$scalatest$funsuite$AnyFunSuiteLike$$super$run(AnyFunSuite.scala:1564)
[info]   at org.scalatest.funsuite.AnyFunSuiteLike.$anonfun$run$1(AnyFunSuiteLike.scala:273)
[info]   at org.scalatest.SuperEngine.runImpl(Engine.scala:535)
[info]   at org.scalatest.funsuite.AnyFunSuiteLike.run(AnyFunSuiteLike.scala:273)
[info]   at org.scalatest.funsuite.AnyFunSuiteLike.run$(AnyFunSuiteLike.scala:272)
[info]   at frameless.TypedDatasetSuite.org$scalatest$BeforeAndAfterAll$$super$run(TypedDatasetSuite.scala:63)
[info]   at org.scalatest.BeforeAndAfterAll.liftedTree1$1(BeforeAndAfterAll.scala:213)
[info]   at org.scalatest.BeforeAndAfterAll.run(BeforeAndAfterAll.scala:210)
[info]   at org.scalatest.BeforeAndAfterAll.run$(BeforeAndAfterAll.scala:208)
[info]   at frameless.TypedDatasetSuite.run(TypedDatasetSuite.scala:63)
[info]   at org.scalatest.tools.Framework.org$scalatest$tools$Framework$$runSuite(Framework.scala:321)
[info]   at org.scalatest.tools.Framework$ScalaTestTask.execute(Framework.scala:517)
[info]   at sbt.ForkMain$Run.lambda$runTest$1(ForkMain.java:414)
[info]   at java.base/java.util.concurrent.FutureTask.run(FutureTask.java:317)
[info]   at java.base/java.util.concurrent.ThreadPoolExecutor.runWorker(ThreadPoolExecutor.java:1144)
[info]   at java.base/java.util.concurrent.ThreadPoolExecutor$Worker.run(ThreadPoolExecutor.java:642)
[info]   at java.base/java.lang.Thread.run(Thread.java:1583)
[info]   Cause: java.lang.ClassCastException: Cannot cast scala.reflect.ClassTag$GenericClassTag to org.apache.spark.sql.catalyst.expressions.Expression
[info]   at java.base/java.lang.Class.cast(Class.java:4067)
[info]   at java.base/jdk.internal.reflect.DirectConstructorHandleAccessor.newInstance(DirectConstructorHandleAccessor.java:62)
[info]   at java.base/java.lang.reflect.Constructor.newInstanceWithCaller(Constructor.java:502)
[info]   at java.base/java.lang.reflect.Constructor.newInstance(Constructor.java:486)
[info]   at frameless.TypedExpressionEncoder$.$anonfun$apply$3(TypedExpressionEncoder.scala:55)
[info]   at scala.Option.map(Option.scala:242)
[info]   at frameless.TypedExpressionEncoder$.apply(TypedExpressionEncoder.scala:54)
[info]   at frameless.TypedDataset$.create(TypedDataset.scala:1325)
[info]   at frameless.SelfJoinTests.prop$6(SelfJoinTests.scala:153)
[info]   at frameless.SelfJoinTests.$anonfun$new$137(SelfJoinTests.scala:162)
[info]   at scala.Function1.$anonfun$andThen$1(Function1.scala:87)
[info]   at org.scalacheck.Prop$.$anonfun$forAllShrink$2(Prop.scala:868)
[info]   at org.scalacheck.Prop$.secure(Prop.scala:484)
[info]   at org.scalacheck.Prop$.result$1(Prop.scala:868)
[info]   at org.scalacheck.Prop$.$anonfun$forAllShrink$1(Prop.scala:915)
[info]   at org.scalacheck.Prop$.$anonfun$apply$1(Prop.scala:305)
[info]   at org.scalacheck.PropFromFun.apply(Prop.scala:20)
[info]   at org.scalacheck.Test$.workerFun$1(Test.scala:486)
[info]   at org.scalacheck.Test$.$anonfun$check$4(Test.scala:518)
[info]   at org.scalacheck.Test$.$anonfun$check$4$adapted(Test.scala:518)
[info]   at org.scalacheck.Platform$.runWorkers(Platform.scala:42)
[info]   at org.scalacheck.Test$.check(Test.scala:518)
[info]   at org.scalatestplus.scalacheck.UnitCheckerAsserting$CheckerAssertingImpl.check(CheckerAsserting.scala:90)
[info]   at org.scalatestplus.scalacheck.Checkers.check(Checkers.scala:371)
[info]   at org.scalatestplus.scalacheck.Checkers.check$(Checkers.scala:369)
[info]   at frameless.TypedDatasetSuite.check(TypedDatasetSuite.scala:63)
[info]   at frameless.SelfJoinTests.$anonfun$new$125(SelfJoinTests.scala:162)
[info]   at org.scalatest.OutcomeOf.outcomeOf(OutcomeOf.scala:85)
[info]   at org.scalatest.OutcomeOf.outcomeOf$(OutcomeOf.scala:83)
[info]   at org.scalatest.OutcomeOf$.outcomeOf(OutcomeOf.scala:104)
[info]   at org.scalatest.Transformer.apply(Transformer.scala:22)
[info]   at org.scalatest.Transformer.apply(Transformer.scala:20)
[info]   at org.scalatest.funsuite.AnyFunSuiteLike$$anon$1.apply(AnyFunSuiteLike.scala:226)
[info]   at org.scalatest.TestSuite.withFixture(TestSuite.scala:196)
[info]   at org.scalatest.TestSuite.withFixture$(TestSuite.scala:195)
[info]   at org.scalatest.funsuite.AnyFunSuite.withFixture(AnyFunSuite.scala:1564)
[info]   at org.scalatest.funsuite.AnyFunSuiteLike.invokeWithFixture$1(AnyFunSuiteLike.scala:224)
[info]   at org.scalatest.funsuite.AnyFunSuiteLike.$anonfun$runTest$1(AnyFunSuiteLike.scala:236)
[info]   at org.scalatest.SuperEngine.runTestImpl(Engine.scala:306)
[info]   at org.scalatest.funsuite.AnyFunSuiteLike.runTest(AnyFunSuiteLike.scala:236)
[info]   at org.scalatest.funsuite.AnyFunSuiteLike.runTest$(AnyFunSuiteLike.scala:218)
[info]   at org.scalatest.funsuite.AnyFunSuite.runTest(AnyFunSuite.scala:1564)
[info]   at org.scalatest.funsuite.AnyFunSuiteLike.$anonfun$runTests$1(AnyFunSuiteLike.scala:269)
[info]   at org.scalatest.SuperEngine.$anonfun$runTestsInBranch$1(Engine.scala:413)
[info]   at scala.collection.immutable.List.foreach(List.scala:334)
[info]   at org.scalatest.SuperEngine.traverseSubNodes$1(Engine.scala:401)
[info]   at org.scalatest.SuperEngine.runTestsInBranch(Engine.scala:396)
[info]   at org.scalatest.SuperEngine.runTestsImpl(Engine.scala:475)
[info]   at org.scalatest.funsuite.AnyFunSuiteLike.runTests(AnyFunSuiteLike.scala:269)
[info]   at org.scalatest.funsuite.AnyFunSuiteLike.runTests$(AnyFunSuiteLike.scala:268)
[info]   at org.scalatest.funsuite.AnyFunSuite.runTests(AnyFunSuite.scala:1564)
[info]   at org.scalatest.Suite.run(Suite.scala:1114)
[info]   at org.scalatest.Suite.run$(Suite.scala:1096)
[info]   at org.scalatest.funsuite.AnyFunSuite.org$scalatest$funsuite$AnyFunSuiteLike$$super$run(AnyFunSuite.scala:1564)
[info]   at org.scalatest.funsuite.AnyFunSuiteLike.$anonfun$run$1(AnyFunSuiteLike.scala:273)
[info]   at org.scalatest.SuperEngine.runImpl(Engine.scala:535)
[info]   at org.scalatest.funsuite.AnyFunSuiteLike.run(AnyFunSuiteLike.scala:273)
[info]   at org.scalatest.funsuite.AnyFunSuiteLike.run$(AnyFunSuiteLike.scala:272)
[info]   at frameless.TypedDatasetSuite.org$scalatest$BeforeAndAfterAll$$super$run(TypedDatasetSuite.scala:63)
[info]   at org.scalatest.BeforeAndAfterAll.liftedTree1$1(BeforeAndAfterAll.scala:213)
[info]   at org.scalatest.BeforeAndAfterAll.run(BeforeAndAfterAll.scala:210)
[info]   at org.scalatest.BeforeAndAfterAll.run$(BeforeAndAfterAll.scala:208)
[info]   at frameless.TypedDatasetSuite.run(TypedDatasetSuite.scala:63)
[info]   at org.scalatest.tools.Framework.org$scalatest$tools$Framework$$runSuite(Framework.scala:321)
[info]   at org.scalatest.tools.Framework$ScalaTestTask.execute(Framework.scala:517)
[info]   at sbt.ForkMain$Run.lambda$runTest$1(ForkMain.java:414)
[info]   at java.base/java.util.concurrent.FutureTask.run(FutureTask.java:317)
[info]   at java.base/java.util.concurrent.ThreadPoolExecutor.runWorker(ThreadPoolExecutor.java:1144)
[info]   at java.base/java.util.concurrent.ThreadPoolExecutor$Worker.run(ThreadPoolExecutor.java:642)
[info]   at java.base/java.lang.Thread.run(Thread.java:1583)
[info] UnionTests:
[info] - fail to compile on not aligned schema *** FAILED *** (4 milliseconds)
[info]   java.lang.IllegalArgumentException: argument type mismatch
[info]   at java.base/jdk.internal.reflect.DirectConstructorHandleAccessor.newInstance(DirectConstructorHandleAccessor.java:65)
[info]   at java.base/java.lang.reflect.Constructor.newInstanceWithCaller(Constructor.java:502)
[info]   at java.base/java.lang.reflect.Constructor.newInstance(Constructor.java:486)
[info]   at frameless.TypedExpressionEncoder$.$anonfun$apply$3(TypedExpressionEncoder.scala:55)
[info]   at scala.Option.map(Option.scala:242)
[info]   at frameless.TypedExpressionEncoder$.apply(TypedExpressionEncoder.scala:54)
[info]   at frameless.TypedDataset$.create(TypedDataset.scala:1325)
[info]   at frameless.UnionTests.$anonfun$new$1(UnionTests.scala:10)
[info]   at scala.runtime.java8.JFunction0$mcV$sp.apply(JFunction0$mcV$sp.scala:18)
[info]   at org.scalatest.OutcomeOf.outcomeOf(OutcomeOf.scala:85)
[info]   at org.scalatest.OutcomeOf.outcomeOf$(OutcomeOf.scala:83)
[info]   at org.scalatest.OutcomeOf$.outcomeOf(OutcomeOf.scala:104)
[info]   at org.scalatest.Transformer.apply(Transformer.scala:22)
[info]   at org.scalatest.Transformer.apply(Transformer.scala:20)
[info]   at org.scalatest.funsuite.AnyFunSuiteLike$$anon$1.apply(AnyFunSuiteLike.scala:226)
[info]   at org.scalatest.TestSuite.withFixture(TestSuite.scala:196)
[info]   at org.scalatest.TestSuite.withFixture$(TestSuite.scala:195)
[info]   at org.scalatest.funsuite.AnyFunSuite.withFixture(AnyFunSuite.scala:1564)
[info]   at org.scalatest.funsuite.AnyFunSuiteLike.invokeWithFixture$1(AnyFunSuiteLike.scala:224)
[info]   at org.scalatest.funsuite.AnyFunSuiteLike.$anonfun$runTest$1(AnyFunSuiteLike.scala:236)
[info]   at org.scalatest.SuperEngine.runTestImpl(Engine.scala:306)
[info]   at org.scalatest.funsuite.AnyFunSuiteLike.runTest(AnyFunSuiteLike.scala:236)
[info]   at org.scalatest.funsuite.AnyFunSuiteLike.runTest$(AnyFunSuiteLike.scala:218)
[info]   at org.scalatest.funsuite.AnyFunSuite.runTest(AnyFunSuite.scala:1564)
[info]   at org.scalatest.funsuite.AnyFunSuiteLike.$anonfun$runTests$1(AnyFunSuiteLike.scala:269)
[info]   at org.scalatest.SuperEngine.$anonfun$runTestsInBranch$1(Engine.scala:413)
[info]   at scala.collection.immutable.List.foreach(List.scala:334)
[info]   at org.scalatest.SuperEngine.traverseSubNodes$1(Engine.scala:401)
[info]   at org.scalatest.SuperEngine.runTestsInBranch(Engine.scala:396)
[info]   at org.scalatest.SuperEngine.runTestsImpl(Engine.scala:475)
[info]   at org.scalatest.funsuite.AnyFunSuiteLike.runTests(AnyFunSuiteLike.scala:269)
[info]   at org.scalatest.funsuite.AnyFunSuiteLike.runTests$(AnyFunSuiteLike.scala:268)
[info]   at org.scalatest.funsuite.AnyFunSuite.runTests(AnyFunSuite.scala:1564)
[info]   at org.scalatest.Suite.run(Suite.scala:1114)
[info]   at org.scalatest.Suite.run$(Suite.scala:1096)
[info]   at org.scalatest.funsuite.AnyFunSuite.org$scalatest$funsuite$AnyFunSuiteLike$$super$run(AnyFunSuite.scala:1564)
[info]   at org.scalatest.funsuite.AnyFunSuiteLike.$anonfun$run$1(AnyFunSuiteLike.scala:273)
[info]   at org.scalatest.SuperEngine.runImpl(Engine.scala:535)
[info]   at org.scalatest.funsuite.AnyFunSuiteLike.run(AnyFunSuiteLike.scala:273)
[info]   at org.scalatest.funsuite.AnyFunSuiteLike.run$(AnyFunSuiteLike.scala:272)
[info]   at frameless.TypedDatasetSuite.org$scalatest$BeforeAndAfterAll$$super$run(TypedDatasetSuite.scala:63)
[info]   at org.scalatest.BeforeAndAfterAll.liftedTree1$1(BeforeAndAfterAll.scala:213)
[info]   at org.scalatest.BeforeAndAfterAll.run(BeforeAndAfterAll.scala:210)
[info]   at org.scalatest.BeforeAndAfterAll.run$(BeforeAndAfterAll.scala:208)
[info]   at frameless.TypedDatasetSuite.run(TypedDatasetSuite.scala:63)
[info]   at org.scalatest.tools.Framework.org$scalatest$tools$Framework$$runSuite(Framework.scala:321)
[info]   at org.scalatest.tools.Framework$ScalaTestTask.execute(Framework.scala:517)
[info]   at sbt.ForkMain$Run.lambda$runTest$1(ForkMain.java:414)
[info]   at java.base/java.util.concurrent.FutureTask.run(FutureTask.java:317)
[info]   at java.base/java.util.concurrent.ThreadPoolExecutor.runWorker(ThreadPoolExecutor.java:1144)
[info]   at java.base/java.util.concurrent.ThreadPoolExecutor$Worker.run(ThreadPoolExecutor.java:642)
[info]   at java.base/java.lang.Thread.run(Thread.java:1583)
[info]   Cause: java.lang.ClassCastException: Cannot cast scala.reflect.ClassTag$GenericClassTag to org.apache.spark.sql.catalyst.expressions.Expression
[info]   at java.base/java.lang.Class.cast(Class.java:4067)
[info]   at java.base/jdk.internal.reflect.DirectConstructorHandleAccessor.newInstance(DirectConstructorHandleAccessor.java:62)
[info]   at java.base/java.lang.reflect.Constructor.newInstanceWithCaller(Constructor.java:502)
[info]   at java.base/java.lang.reflect.Constructor.newInstance(Constructor.java:486)
[info]   at frameless.TypedExpressionEncoder$.$anonfun$apply$3(TypedExpressionEncoder.scala:55)
[info]   at scala.Option.map(Option.scala:242)
[info]   at frameless.TypedExpressionEncoder$.apply(TypedExpressionEncoder.scala:54)
[info]   at frameless.TypedDataset$.create(TypedDataset.scala:1325)
[info]   at frameless.UnionTests.$anonfun$new$1(UnionTests.scala:10)
[info]   at scala.runtime.java8.JFunction0$mcV$sp.apply(JFunction0$mcV$sp.scala:18)
[info]   at org.scalatest.OutcomeOf.outcomeOf(OutcomeOf.scala:85)
[info]   at org.scalatest.OutcomeOf.outcomeOf$(OutcomeOf.scala:83)
[info]   at org.scalatest.OutcomeOf$.outcomeOf(OutcomeOf.scala:104)
[info]   at org.scalatest.Transformer.apply(Transformer.scala:22)
[info]   at org.scalatest.Transformer.apply(Transformer.scala:20)
[info]   at org.scalatest.funsuite.AnyFunSuiteLike$$anon$1.apply(AnyFunSuiteLike.scala:226)
[info]   at org.scalatest.TestSuite.withFixture(TestSuite.scala:196)
[info]   at org.scalatest.TestSuite.withFixture$(TestSuite.scala:195)
[info]   at org.scalatest.funsuite.AnyFunSuite.withFixture(AnyFunSuite.scala:1564)
[info]   at org.scalatest.funsuite.AnyFunSuiteLike.invokeWithFixture$1(AnyFunSuiteLike.scala:224)
[info]   at org.scalatest.funsuite.AnyFunSuiteLike.$anonfun$runTest$1(AnyFunSuiteLike.scala:236)
[info]   at org.scalatest.SuperEngine.runTestImpl(Engine.scala:306)
[info]   at org.scalatest.funsuite.AnyFunSuiteLike.runTest(AnyFunSuiteLike.scala:236)
[info]   at org.scalatest.funsuite.AnyFunSuiteLike.runTest$(AnyFunSuiteLike.scala:218)
[info]   at org.scalatest.funsuite.AnyFunSuite.runTest(AnyFunSuite.scala:1564)
[info]   at org.scalatest.funsuite.AnyFunSuiteLike.$anonfun$runTests$1(AnyFunSuiteLike.scala:269)
[info]   at org.scalatest.SuperEngine.$anonfun$runTestsInBranch$1(Engine.scala:413)
[info]   at scala.collection.immutable.List.foreach(List.scala:334)
[info]   at org.scalatest.SuperEngine.traverseSubNodes$1(Engine.scala:401)
[info]   at org.scalatest.SuperEngine.runTestsInBranch(Engine.scala:396)
[info]   at org.scalatest.SuperEngine.runTestsImpl(Engine.scala:475)
[info]   at org.scalatest.funsuite.AnyFunSuiteLike.runTests(AnyFunSuiteLike.scala:269)
[info]   at org.scalatest.funsuite.AnyFunSuiteLike.runTests$(AnyFunSuiteLike.scala:268)
[info]   at org.scalatest.funsuite.AnyFunSuite.runTests(AnyFunSuite.scala:1564)
[info]   at org.scalatest.Suite.run(Suite.scala:1114)
[info]   at org.scalatest.Suite.run$(Suite.scala:1096)
[info]   at org.scalatest.funsuite.AnyFunSuite.org$scalatest$funsuite$AnyFunSuiteLike$$super$run(AnyFunSuite.scala:1564)
[info]   at org.scalatest.funsuite.AnyFunSuiteLike.$anonfun$run$1(AnyFunSuiteLike.scala:273)
[info]   at org.scalatest.SuperEngine.runImpl(Engine.scala:535)
[info]   at org.scalatest.funsuite.AnyFunSuiteLike.run(AnyFunSuiteLike.scala:273)
[info]   at org.scalatest.funsuite.AnyFunSuiteLike.run$(AnyFunSuiteLike.scala:272)
[info]   at frameless.TypedDatasetSuite.org$scalatest$BeforeAndAfterAll$$super$run(TypedDatasetSuite.scala:63)
[info]   at org.scalatest.BeforeAndAfterAll.liftedTree1$1(BeforeAndAfterAll.scala:213)
[info]   at org.scalatest.BeforeAndAfterAll.run(BeforeAndAfterAll.scala:210)
[info]   at org.scalatest.BeforeAndAfterAll.run$(BeforeAndAfterAll.scala:208)
[info]   at frameless.TypedDatasetSuite.run(TypedDatasetSuite.scala:63)
[info]   at org.scalatest.tools.Framework.org$scalatest$tools$Framework$$runSuite(Framework.scala:321)
[info]   at org.scalatest.tools.Framework$ScalaTestTask.execute(Framework.scala:517)
[info]   at sbt.ForkMain$Run.lambda$runTest$1(ForkMain.java:414)
[info]   at java.base/java.util.concurrent.FutureTask.run(FutureTask.java:317)
[info]   at java.base/java.util.concurrent.ThreadPoolExecutor.runWorker(ThreadPoolExecutor.java:1144)
[info]   at java.base/java.util.concurrent.ThreadPoolExecutor$Worker.run(ThreadPoolExecutor.java:642)
[info]   at java.base/java.lang.Thread.run(Thread.java:1583)
[info] - Union for simple data types *** FAILED *** (2 milliseconds)
[info]   IllegalArgumentException was thrown during property evaluation.
[info]     Message: argument type mismatch
[info]     Occurred when passed generated values (
[info]       arg0 = Vector(),
[info]       arg1 = Vector()
[info]     )
[info]   org.scalatest.exceptions.GeneratorDrivenPropertyCheckFailedException:
[info]   at org.scalatestplus.scalacheck.CheckerAsserting$$anon$2.indicateFailure(CheckerAsserting.scala:251)
[info]   at org.scalatestplus.scalacheck.CheckerAsserting$$anon$2.indicateFailure(CheckerAsserting.scala:238)
[info]   at org.scalatestplus.scalacheck.UnitCheckerAsserting$CheckerAssertingImpl.check(CheckerAsserting.scala:160)
[info]   at org.scalatestplus.scalacheck.Checkers.check(Checkers.scala:371)
[info]   at org.scalatestplus.scalacheck.Checkers.check$(Checkers.scala:369)
[info]   at frameless.TypedDatasetSuite.check(TypedDatasetSuite.scala:63)
[info]   at frameless.UnionTests.$anonfun$new$10(UnionTests.scala:28)
[info]   at org.scalatest.OutcomeOf.outcomeOf(OutcomeOf.scala:85)
[info]   at org.scalatest.OutcomeOf.outcomeOf$(OutcomeOf.scala:83)
[info]   at org.scalatest.OutcomeOf$.outcomeOf(OutcomeOf.scala:104)
[info]   at org.scalatest.Transformer.apply(Transformer.scala:22)
[info]   at org.scalatest.Transformer.apply(Transformer.scala:20)
[info]   at org.scalatest.funsuite.AnyFunSuiteLike$$anon$1.apply(AnyFunSuiteLike.scala:226)
[info]   at org.scalatest.TestSuite.withFixture(TestSuite.scala:196)
[info]   at org.scalatest.TestSuite.withFixture$(TestSuite.scala:195)
[info]   at org.scalatest.funsuite.AnyFunSuite.withFixture(AnyFunSuite.scala:1564)
[info]   at org.scalatest.funsuite.AnyFunSuiteLike.invokeWithFixture$1(AnyFunSuiteLike.scala:224)
[info]   at org.scalatest.funsuite.AnyFunSuiteLike.$anonfun$runTest$1(AnyFunSuiteLike.scala:236)
[info]   at org.scalatest.SuperEngine.runTestImpl(Engine.scala:306)
[info]   at org.scalatest.funsuite.AnyFunSuiteLike.runTest(AnyFunSuiteLike.scala:236)
[info]   at org.scalatest.funsuite.AnyFunSuiteLike.runTest$(AnyFunSuiteLike.scala:218)
[info]   at org.scalatest.funsuite.AnyFunSuite.runTest(AnyFunSuite.scala:1564)
[info]   at org.scalatest.funsuite.AnyFunSuiteLike.$anonfun$runTests$1(AnyFunSuiteLike.scala:269)
[info]   at org.scalatest.SuperEngine.$anonfun$runTestsInBranch$1(Engine.scala:413)
[info]   at scala.collection.immutable.List.foreach(List.scala:334)
[info]   at org.scalatest.SuperEngine.traverseSubNodes$1(Engine.scala:401)
[info]   at org.scalatest.SuperEngine.runTestsInBranch(Engine.scala:396)
[info]   at org.scalatest.SuperEngine.runTestsImpl(Engine.scala:475)
[info]   at org.scalatest.funsuite.AnyFunSuiteLike.runTests(AnyFunSuiteLike.scala:269)
[info]   at org.scalatest.funsuite.AnyFunSuiteLike.runTests$(AnyFunSuiteLike.scala:268)
[info]   at org.scalatest.funsuite.AnyFunSuite.runTests(AnyFunSuite.scala:1564)
[info]   at org.scalatest.Suite.run(Suite.scala:1114)
[info]   at org.scalatest.Suite.run$(Suite.scala:1096)
[info]   at org.scalatest.funsuite.AnyFunSuite.org$scalatest$funsuite$AnyFunSuiteLike$$super$run(AnyFunSuite.scala:1564)
[info]   at org.scalatest.funsuite.AnyFunSuiteLike.$anonfun$run$1(AnyFunSuiteLike.scala:273)
[info]   at org.scalatest.SuperEngine.runImpl(Engine.scala:535)
[info]   at org.scalatest.funsuite.AnyFunSuiteLike.run(AnyFunSuiteLike.scala:273)
[info]   at org.scalatest.funsuite.AnyFunSuiteLike.run$(AnyFunSuiteLike.scala:272)
[info]   at frameless.TypedDatasetSuite.org$scalatest$BeforeAndAfterAll$$super$run(TypedDatasetSuite.scala:63)
[info]   at org.scalatest.BeforeAndAfterAll.liftedTree1$1(BeforeAndAfterAll.scala:213)
[info]   at org.scalatest.BeforeAndAfterAll.run(BeforeAndAfterAll.scala:210)
[info]   at org.scalatest.BeforeAndAfterAll.run$(BeforeAndAfterAll.scala:208)
[info]   at frameless.TypedDatasetSuite.run(TypedDatasetSuite.scala:63)
[info]   at org.scalatest.tools.Framework.org$scalatest$tools$Framework$$runSuite(Framework.scala:321)
[info]   at org.scalatest.tools.Framework$ScalaTestTask.execute(Framework.scala:517)
[info]   at sbt.ForkMain$Run.lambda$runTest$1(ForkMain.java:414)
[info]   at java.base/java.util.concurrent.FutureTask.run(FutureTask.java:317)
[info]   at java.base/java.util.concurrent.ThreadPoolExecutor.runWorker(ThreadPoolExecutor.java:1144)
[info]   at java.base/java.util.concurrent.ThreadPoolExecutor$Worker.run(ThreadPoolExecutor.java:642)
[info]   at java.base/java.lang.Thread.run(Thread.java:1583)
[info]   Cause: java.lang.IllegalArgumentException: argument type mismatch
[info]   at java.base/jdk.internal.reflect.DirectConstructorHandleAccessor.newInstance(DirectConstructorHandleAccessor.java:65)
[info]   at java.base/java.lang.reflect.Constructor.newInstanceWithCaller(Constructor.java:502)
[info]   at java.base/java.lang.reflect.Constructor.newInstance(Constructor.java:486)
[info]   at frameless.TypedExpressionEncoder$.$anonfun$apply$3(TypedExpressionEncoder.scala:55)
[info]   at scala.Option.map(Option.scala:242)
[info]   at frameless.TypedExpressionEncoder$.apply(TypedExpressionEncoder.scala:54)
[info]   at frameless.TypedDataset$.create(TypedDataset.scala:1325)
[info]   at frameless.UnionTests.prop$1(UnionTests.scala:20)
[info]   at frameless.UnionTests.$anonfun$new$13(UnionTests.scala:28)
[info]   at org.scalacheck.Prop$.$anonfun$forAll$18(Prop.scala:1131)
[info]   at scala.Function1.$anonfun$andThen$1(Function1.scala:87)
[info]   at org.scalacheck.Prop$.$anonfun$forAllShrink$2(Prop.scala:868)
[info]   at org.scalacheck.Prop$.secure(Prop.scala:484)
[info]   at org.scalacheck.Prop$.result$1(Prop.scala:868)
[info]   at org.scalacheck.Prop$.$anonfun$forAllShrink$1(Prop.scala:915)
[info]   at org.scalacheck.Prop$.$anonfun$apply$1(Prop.scala:305)
[info]   at org.scalacheck.PropFromFun.apply(Prop.scala:20)
[info]   at org.scalacheck.Prop$.result$1(Prop.scala:869)
[info]   at org.scalacheck.Prop$.$anonfun$forAllShrink$1(Prop.scala:915)
[info]   at org.scalacheck.Prop$.$anonfun$apply$1(Prop.scala:305)
[info]   at org.scalacheck.PropFromFun.apply(Prop.scala:20)
[info]   at org.scalacheck.Test$.workerFun$1(Test.scala:486)
[info]   at org.scalacheck.Test$.$anonfun$check$4(Test.scala:518)
[info]   at org.scalacheck.Test$.$anonfun$check$4$adapted(Test.scala:518)
[info]   at org.scalacheck.Platform$.runWorkers(Platform.scala:42)
[info]   at org.scalacheck.Test$.check(Test.scala:518)
[info]   at org.scalatestplus.scalacheck.UnitCheckerAsserting$CheckerAssertingImpl.check(CheckerAsserting.scala:90)
[info]   at org.scalatestplus.scalacheck.Checkers.check(Checkers.scala:371)
[info]   at org.scalatestplus.scalacheck.Checkers.check$(Checkers.scala:369)
[info]   at frameless.TypedDatasetSuite.check(TypedDatasetSuite.scala:63)
[info]   at frameless.UnionTests.$anonfun$new$10(UnionTests.scala:28)
[info]   at org.scalatest.OutcomeOf.outcomeOf(OutcomeOf.scala:85)
[info]   at org.scalatest.OutcomeOf.outcomeOf$(OutcomeOf.scala:83)
[info]   at org.scalatest.OutcomeOf$.outcomeOf(OutcomeOf.scala:104)
[info]   at org.scalatest.Transformer.apply(Transformer.scala:22)
[info]   at org.scalatest.Transformer.apply(Transformer.scala:20)
[info]   at org.scalatest.funsuite.AnyFunSuiteLike$$anon$1.apply(AnyFunSuiteLike.scala:226)
[info]   at org.scalatest.TestSuite.withFixture(TestSuite.scala:196)
[info]   at org.scalatest.TestSuite.withFixture$(TestSuite.scala:195)
[info]   at org.scalatest.funsuite.AnyFunSuite.withFixture(AnyFunSuite.scala:1564)
[info]   at org.scalatest.funsuite.AnyFunSuiteLike.invokeWithFixture$1(AnyFunSuiteLike.scala:224)
[info]   at org.scalatest.funsuite.AnyFunSuiteLike.$anonfun$runTest$1(AnyFunSuiteLike.scala:236)
[info]   at org.scalatest.SuperEngine.runTestImpl(Engine.scala:306)
[info]   at org.scalatest.funsuite.AnyFunSuiteLike.runTest(AnyFunSuiteLike.scala:236)
[info]   at org.scalatest.funsuite.AnyFunSuiteLike.runTest$(AnyFunSuiteLike.scala:218)
[info]   at org.scalatest.funsuite.AnyFunSuite.runTest(AnyFunSuite.scala:1564)
[info]   at org.scalatest.funsuite.AnyFunSuiteLike.$anonfun$runTests$1(AnyFunSuiteLike.scala:269)
[info]   at org.scalatest.SuperEngine.$anonfun$runTestsInBranch$1(Engine.scala:413)
[info]   at scala.collection.immutable.List.foreach(List.scala:334)
[info]   at org.scalatest.SuperEngine.traverseSubNodes$1(Engine.scala:401)
[info]   at org.scalatest.SuperEngine.runTestsInBranch(Engine.scala:396)
[info]   at org.scalatest.SuperEngine.runTestsImpl(Engine.scala:475)
[info]   at org.scalatest.funsuite.AnyFunSuiteLike.runTests(AnyFunSuiteLike.scala:269)
[info]   at org.scalatest.funsuite.AnyFunSuiteLike.runTests$(AnyFunSuiteLike.scala:268)
[info]   at org.scalatest.funsuite.AnyFunSuite.runTests(AnyFunSuite.scala:1564)
[info]   at org.scalatest.Suite.run(Suite.scala:1114)
[info]   at org.scalatest.Suite.run$(Suite.scala:1096)
[info]   at org.scalatest.funsuite.AnyFunSuite.org$scalatest$funsuite$AnyFunSuiteLike$$super$run(AnyFunSuite.scala:1564)
[info]   at org.scalatest.funsuite.AnyFunSuiteLike.$anonfun$run$1(AnyFunSuiteLike.scala:273)
[info]   at org.scalatest.SuperEngine.runImpl(Engine.scala:535)
[info]   at org.scalatest.funsuite.AnyFunSuiteLike.run(AnyFunSuiteLike.scala:273)
[info]   at org.scalatest.funsuite.AnyFunSuiteLike.run$(AnyFunSuiteLike.scala:272)
[info]   at frameless.TypedDatasetSuite.org$scalatest$BeforeAndAfterAll$$super$run(TypedDatasetSuite.scala:63)
[info]   at org.scalatest.BeforeAndAfterAll.liftedTree1$1(BeforeAndAfterAll.scala:213)
[info]   at org.scalatest.BeforeAndAfterAll.run(BeforeAndAfterAll.scala:210)
[info]   at org.scalatest.BeforeAndAfterAll.run$(BeforeAndAfterAll.scala:208)
[info]   at frameless.TypedDatasetSuite.run(TypedDatasetSuite.scala:63)
[info]   at org.scalatest.tools.Framework.org$scalatest$tools$Framework$$runSuite(Framework.scala:321)
[info]   at org.scalatest.tools.Framework$ScalaTestTask.execute(Framework.scala:517)
[info]   at sbt.ForkMain$Run.lambda$runTest$1(ForkMain.java:414)
[info]   at java.base/java.util.concurrent.FutureTask.run(FutureTask.java:317)
[info]   at java.base/java.util.concurrent.ThreadPoolExecutor.runWorker(ThreadPoolExecutor.java:1144)
[info]   at java.base/java.util.concurrent.ThreadPoolExecutor$Worker.run(ThreadPoolExecutor.java:642)
[info]   at java.base/java.lang.Thread.run(Thread.java:1583)
[info]   Cause: java.lang.ClassCastException: Cannot cast scala.reflect.ManifestFactory$IntManifest to org.apache.spark.sql.catalyst.expressions.Expression
[info]   at java.base/java.lang.Class.cast(Class.java:4067)
[info]   at java.base/jdk.internal.reflect.DirectConstructorHandleAccessor.newInstance(DirectConstructorHandleAccessor.java:62)
[info]   at java.base/java.lang.reflect.Constructor.newInstanceWithCaller(Constructor.java:502)
[info]   at java.base/java.lang.reflect.Constructor.newInstance(Constructor.java:486)
[info]   at frameless.TypedExpressionEncoder$.$anonfun$apply$3(TypedExpressionEncoder.scala:55)
[info]   at scala.Option.map(Option.scala:242)
[info]   at frameless.TypedExpressionEncoder$.apply(TypedExpressionEncoder.scala:54)
[info]   at frameless.TypedDataset$.create(TypedDataset.scala:1325)
[info]   at frameless.UnionTests.prop$1(UnionTests.scala:20)
[info]   at frameless.UnionTests.$anonfun$new$13(UnionTests.scala:28)
[info]   at org.scalacheck.Prop$.$anonfun$forAll$18(Prop.scala:1131)
[info]   at scala.Function1.$anonfun$andThen$1(Function1.scala:87)
[info]   at org.scalacheck.Prop$.$anonfun$forAllShrink$2(Prop.scala:868)
[info]   at org.scalacheck.Prop$.secure(Prop.scala:484)
[info]   at org.scalacheck.Prop$.result$1(Prop.scala:868)
[info]   at org.scalacheck.Prop$.$anonfun$forAllShrink$1(Prop.scala:915)
[info]   at org.scalacheck.Prop$.$anonfun$apply$1(Prop.scala:305)
[info]   at org.scalacheck.PropFromFun.apply(Prop.scala:20)
[info]   at org.scalacheck.Prop$.result$1(Prop.scala:869)
[info]   at org.scalacheck.Prop$.$anonfun$forAllShrink$1(Prop.scala:915)
[info]   at org.scalacheck.Prop$.$anonfun$apply$1(Prop.scala:305)
[info]   at org.scalacheck.PropFromFun.apply(Prop.scala:20)
[info]   at org.scalacheck.Test$.workerFun$1(Test.scala:486)
[info]   at org.scalacheck.Test$.$anonfun$check$4(Test.scala:518)
[info]   at org.scalacheck.Test$.$anonfun$check$4$adapted(Test.scala:518)
[info]   at org.scalacheck.Platform$.runWorkers(Platform.scala:42)
[info]   at org.scalacheck.Test$.check(Test.scala:518)
[info]   at org.scalatestplus.scalacheck.UnitCheckerAsserting$CheckerAssertingImpl.check(CheckerAsserting.scala:90)
[info]   at org.scalatestplus.scalacheck.Checkers.check(Checkers.scala:371)
[info]   at org.scalatestplus.scalacheck.Checkers.check$(Checkers.scala:369)
[info]   at frameless.TypedDatasetSuite.check(TypedDatasetSuite.scala:63)
[info]   at frameless.UnionTests.$anonfun$new$10(UnionTests.scala:28)
[info]   at org.scalatest.OutcomeOf.outcomeOf(OutcomeOf.scala:85)
[info]   at org.scalatest.OutcomeOf.outcomeOf$(OutcomeOf.scala:83)
[info]   at org.scalatest.OutcomeOf$.outcomeOf(OutcomeOf.scala:104)
[info]   at org.scalatest.Transformer.apply(Transformer.scala:22)
[info]   at org.scalatest.Transformer.apply(Transformer.scala:20)
[info]   at org.scalatest.funsuite.AnyFunSuiteLike$$anon$1.apply(AnyFunSuiteLike.scala:226)
[info]   at org.scalatest.TestSuite.withFixture(TestSuite.scala:196)
[info]   at org.scalatest.TestSuite.withFixture$(TestSuite.scala:195)
[info]   at org.scalatest.funsuite.AnyFunSuite.withFixture(AnyFunSuite.scala:1564)
[info]   at org.scalatest.funsuite.AnyFunSuiteLike.invokeWithFixture$1(AnyFunSuiteLike.scala:224)
[info]   at org.scalatest.funsuite.AnyFunSuiteLike.$anonfun$runTest$1(AnyFunSuiteLike.scala:236)
[info]   at org.scalatest.SuperEngine.runTestImpl(Engine.scala:306)
[info]   at org.scalatest.funsuite.AnyFunSuiteLike.runTest(AnyFunSuiteLike.scala:236)
[info]   at org.scalatest.funsuite.AnyFunSuiteLike.runTest$(AnyFunSuiteLike.scala:218)
[info]   at org.scalatest.funsuite.AnyFunSuite.runTest(AnyFunSuite.scala:1564)
[info]   at org.scalatest.funsuite.AnyFunSuiteLike.$anonfun$runTests$1(AnyFunSuiteLike.scala:269)
[info]   at org.scalatest.SuperEngine.$anonfun$runTestsInBranch$1(Engine.scala:413)
[info]   at scala.collection.immutable.List.foreach(List.scala:334)
[info]   at org.scalatest.SuperEngine.traverseSubNodes$1(Engine.scala:401)
[info]   at org.scalatest.SuperEngine.runTestsInBranch(Engine.scala:396)
[info]   at org.scalatest.SuperEngine.runTestsImpl(Engine.scala:475)
[info]   at org.scalatest.funsuite.AnyFunSuiteLike.runTests(AnyFunSuiteLike.scala:269)
[info]   at org.scalatest.funsuite.AnyFunSuiteLike.runTests$(AnyFunSuiteLike.scala:268)
[info]   at org.scalatest.funsuite.AnyFunSuite.runTests(AnyFunSuite.scala:1564)
[info]   at org.scalatest.Suite.run(Suite.scala:1114)
[info]   at org.scalatest.Suite.run$(Suite.scala:1096)
[info]   at org.scalatest.funsuite.AnyFunSuite.org$scalatest$funsuite$AnyFunSuiteLike$$super$run(AnyFunSuite.scala:1564)
[info]   at org.scalatest.funsuite.AnyFunSuiteLike.$anonfun$run$1(AnyFunSuiteLike.scala:273)
[info]   at org.scalatest.SuperEngine.runImpl(Engine.scala:535)
[info]   at org.scalatest.funsuite.AnyFunSuiteLike.run(AnyFunSuiteLike.scala:273)
[info]   at org.scalatest.funsuite.AnyFunSuiteLike.run$(AnyFunSuiteLike.scala:272)
[info]   at frameless.TypedDatasetSuite.org$scalatest$BeforeAndAfterAll$$super$run(TypedDatasetSuite.scala:63)
[info]   at org.scalatest.BeforeAndAfterAll.liftedTree1$1(BeforeAndAfterAll.scala:213)
[info]   at org.scalatest.BeforeAndAfterAll.run(BeforeAndAfterAll.scala:210)
[info]   at org.scalatest.BeforeAndAfterAll.run$(BeforeAndAfterAll.scala:208)
[info]   at frameless.TypedDatasetSuite.run(TypedDatasetSuite.scala:63)
[info]   at org.scalatest.tools.Framework.org$scalatest$tools$Framework$$runSuite(Framework.scala:321)
[info]   at org.scalatest.tools.Framework$ScalaTestTask.execute(Framework.scala:517)
[info]   at sbt.ForkMain$Run.lambda$runTest$1(ForkMain.java:414)
[info]   at java.base/java.util.concurrent.FutureTask.run(FutureTask.java:317)
[info]   at java.base/java.util.concurrent.ThreadPoolExecutor.runWorker(ThreadPoolExecutor.java:1144)
[info]   at java.base/java.util.concurrent.ThreadPoolExecutor$Worker.run(ThreadPoolExecutor.java:642)
[info]   at java.base/java.lang.Thread.run(Thread.java:1583)
[info] - Align fields for case classes *** FAILED *** (6 milliseconds)
[info]   IllegalArgumentException was thrown during property evaluation.
[info]     Message: argument type mismatch
[info]     Occurred when passed generated values (
[info]       arg0 = Vector(),
[info]       arg1 = Vector()
[info]     )
[info]   org.scalatest.exceptions.GeneratorDrivenPropertyCheckFailedException:
[info]   at org.scalatestplus.scalacheck.CheckerAsserting$$anon$2.indicateFailure(CheckerAsserting.scala:251)
[info]   at org.scalatestplus.scalacheck.CheckerAsserting$$anon$2.indicateFailure(CheckerAsserting.scala:238)
[info]   at org.scalatestplus.scalacheck.UnitCheckerAsserting$CheckerAssertingImpl.check(CheckerAsserting.scala:160)
[info]   at org.scalatestplus.scalacheck.Checkers.check(Checkers.scala:371)
[info]   at org.scalatestplus.scalacheck.Checkers.check$(Checkers.scala:369)
[info]   at frameless.TypedDatasetSuite.check(TypedDatasetSuite.scala:63)
[info]   at frameless.UnionTests.$anonfun$new$19(UnionTests.scala:43)
[info]   at org.scalatest.OutcomeOf.outcomeOf(OutcomeOf.scala:85)
[info]   at org.scalatest.OutcomeOf.outcomeOf$(OutcomeOf.scala:83)
[info]   at org.scalatest.OutcomeOf$.outcomeOf(OutcomeOf.scala:104)
[info]   at org.scalatest.Transformer.apply(Transformer.scala:22)
[info]   at org.scalatest.Transformer.apply(Transformer.scala:20)
[info]   at org.scalatest.funsuite.AnyFunSuiteLike$$anon$1.apply(AnyFunSuiteLike.scala:226)
[info]   at org.scalatest.TestSuite.withFixture(TestSuite.scala:196)
[info]   at org.scalatest.TestSuite.withFixture$(TestSuite.scala:195)
[info]   at org.scalatest.funsuite.AnyFunSuite.withFixture(AnyFunSuite.scala:1564)
[info]   at org.scalatest.funsuite.AnyFunSuiteLike.invokeWithFixture$1(AnyFunSuiteLike.scala:224)
[info]   at org.scalatest.funsuite.AnyFunSuiteLike.$anonfun$runTest$1(AnyFunSuiteLike.scala:236)
[info]   at org.scalatest.SuperEngine.runTestImpl(Engine.scala:306)
[info]   at org.scalatest.funsuite.AnyFunSuiteLike.runTest(AnyFunSuiteLike.scala:236)
[info]   at org.scalatest.funsuite.AnyFunSuiteLike.runTest$(AnyFunSuiteLike.scala:218)
[info]   at org.scalatest.funsuite.AnyFunSuite.runTest(AnyFunSuite.scala:1564)
[info]   at org.scalatest.funsuite.AnyFunSuiteLike.$anonfun$runTests$1(AnyFunSuiteLike.scala:269)
[info]   at org.scalatest.SuperEngine.$anonfun$runTestsInBranch$1(Engine.scala:413)
[info]   at scala.collection.immutable.List.foreach(List.scala:334)
[info]   at org.scalatest.SuperEngine.traverseSubNodes$1(Engine.scala:401)
[info]   at org.scalatest.SuperEngine.runTestsInBranch(Engine.scala:396)
[info]   at org.scalatest.SuperEngine.runTestsImpl(Engine.scala:475)
[info]   at org.scalatest.funsuite.AnyFunSuiteLike.runTests(AnyFunSuiteLike.scala:269)
[info]   at org.scalatest.funsuite.AnyFunSuiteLike.runTests$(AnyFunSuiteLike.scala:268)
[info]   at org.scalatest.funsuite.AnyFunSuite.runTests(AnyFunSuite.scala:1564)
[info]   at org.scalatest.Suite.run(Suite.scala:1114)
[info]   at org.scalatest.Suite.run$(Suite.scala:1096)
[info]   at org.scalatest.funsuite.AnyFunSuite.org$scalatest$funsuite$AnyFunSuiteLike$$super$run(AnyFunSuite.scala:1564)
[info]   at org.scalatest.funsuite.AnyFunSuiteLike.$anonfun$run$1(AnyFunSuiteLike.scala:273)
[info]   at org.scalatest.SuperEngine.runImpl(Engine.scala:535)
[info]   at org.scalatest.funsuite.AnyFunSuiteLike.run(AnyFunSuiteLike.scala:273)
[info]   at org.scalatest.funsuite.AnyFunSuiteLike.run$(AnyFunSuiteLike.scala:272)
[info]   at frameless.TypedDatasetSuite.org$scalatest$BeforeAndAfterAll$$super$run(TypedDatasetSuite.scala:63)
[info]   at org.scalatest.BeforeAndAfterAll.liftedTree1$1(BeforeAndAfterAll.scala:213)
[info]   at org.scalatest.BeforeAndAfterAll.run(BeforeAndAfterAll.scala:210)
[info]   at org.scalatest.BeforeAndAfterAll.run$(BeforeAndAfterAll.scala:208)
[info]   at frameless.TypedDatasetSuite.run(TypedDatasetSuite.scala:63)
[info]   at org.scalatest.tools.Framework.org$scalatest$tools$Framework$$runSuite(Framework.scala:321)
[info]   at org.scalatest.tools.Framework$ScalaTestTask.execute(Framework.scala:517)
[info]   at sbt.ForkMain$Run.lambda$runTest$1(ForkMain.java:414)
[info]   at java.base/java.util.concurrent.FutureTask.run(FutureTask.java:317)
[info]   at java.base/java.util.concurrent.ThreadPoolExecutor.runWorker(ThreadPoolExecutor.java:1144)
[info]   at java.base/java.util.concurrent.ThreadPoolExecutor$Worker.run(ThreadPoolExecutor.java:642)
[info]   at java.base/java.lang.Thread.run(Thread.java:1583)
[info]   Cause: java.lang.IllegalArgumentException: argument type mismatch
[info]   at java.base/jdk.internal.reflect.DirectConstructorHandleAccessor.newInstance(DirectConstructorHandleAccessor.java:65)
[info]   at java.base/java.lang.reflect.Constructor.newInstanceWithCaller(Constructor.java:502)
[info]   at java.base/java.lang.reflect.Constructor.newInstance(Constructor.java:486)
[info]   at frameless.TypedExpressionEncoder$.$anonfun$apply$3(TypedExpressionEncoder.scala:55)
[info]   at scala.Option.map(Option.scala:242)
[info]   at frameless.TypedExpressionEncoder$.apply(TypedExpressionEncoder.scala:54)
[info]   at frameless.TypedDataset$.create(TypedDataset.scala:1325)
[info]   at frameless.UnionTests.prop$2(UnionTests.scala:35)
[info]   at frameless.UnionTests.$anonfun$new$49(UnionTests.scala:43)
[info]   at org.scalacheck.Prop$.$anonfun$forAll$18(Prop.scala:1131)
[info]   at scala.Function1.$anonfun$andThen$1(Function1.scala:87)
[info]   at org.scalacheck.Prop$.$anonfun$forAllShrink$2(Prop.scala:868)
[info]   at org.scalacheck.Prop$.secure(Prop.scala:484)
[info]   at org.scalacheck.Prop$.result$1(Prop.scala:868)
[info]   at org.scalacheck.Prop$.$anonfun$forAllShrink$1(Prop.scala:915)
[info]   at org.scalacheck.Prop$.$anonfun$apply$1(Prop.scala:305)
[info]   at org.scalacheck.PropFromFun.apply(Prop.scala:20)
[info]   at org.scalacheck.Prop$.result$1(Prop.scala:869)
[info]   at org.scalacheck.Prop$.$anonfun$forAllShrink$1(Prop.scala:915)
[info]   at org.scalacheck.Prop$.$anonfun$apply$1(Prop.scala:305)
[info]   at org.scalacheck.PropFromFun.apply(Prop.scala:20)
[info]   at org.scalacheck.Test$.workerFun$1(Test.scala:486)
[info]   at org.scalacheck.Test$.$anonfun$check$4(Test.scala:518)
[info]   at org.scalacheck.Test$.$anonfun$check$4$adapted(Test.scala:518)
[info]   at org.scalacheck.Platform$.runWorkers(Platform.scala:42)
[info]   at org.scalacheck.Test$.check(Test.scala:518)
[info]   at org.scalatestplus.scalacheck.UnitCheckerAsserting$CheckerAssertingImpl.check(CheckerAsserting.scala:90)
[info]   at org.scalatestplus.scalacheck.Checkers.check(Checkers.scala:371)
[info]   at org.scalatestplus.scalacheck.Checkers.check$(Checkers.scala:369)
[info]   at frameless.TypedDatasetSuite.check(TypedDatasetSuite.scala:63)
[info]   at frameless.UnionTests.$anonfun$new$19(UnionTests.scala:43)
[info]   at org.scalatest.OutcomeOf.outcomeOf(OutcomeOf.scala:85)
[info]   at org.scalatest.OutcomeOf.outcomeOf$(OutcomeOf.scala:83)
[info]   at org.scalatest.OutcomeOf$.outcomeOf(OutcomeOf.scala:104)
[info]   at org.scalatest.Transformer.apply(Transformer.scala:22)
[info]   at org.scalatest.Transformer.apply(Transformer.scala:20)
[info]   at org.scalatest.funsuite.AnyFunSuiteLike$$anon$1.apply(AnyFunSuiteLike.scala:226)
[info]   at org.scalatest.TestSuite.withFixture(TestSuite.scala:196)
[info]   at org.scalatest.TestSuite.withFixture$(TestSuite.scala:195)
[info]   at org.scalatest.funsuite.AnyFunSuite.withFixture(AnyFunSuite.scala:1564)
[info]   at org.scalatest.funsuite.AnyFunSuiteLike.invokeWithFixture$1(AnyFunSuiteLike.scala:224)
[info]   at org.scalatest.funsuite.AnyFunSuiteLike.$anonfun$runTest$1(AnyFunSuiteLike.scala:236)
[info]   at org.scalatest.SuperEngine.runTestImpl(Engine.scala:306)
[info]   at org.scalatest.funsuite.AnyFunSuiteLike.runTest(AnyFunSuiteLike.scala:236)
[info]   at org.scalatest.funsuite.AnyFunSuiteLike.runTest$(AnyFunSuiteLike.scala:218)
[info]   at org.scalatest.funsuite.AnyFunSuite.runTest(AnyFunSuite.scala:1564)
[info]   at org.scalatest.funsuite.AnyFunSuiteLike.$anonfun$runTests$1(AnyFunSuiteLike.scala:269)
[info]   at org.scalatest.SuperEngine.$anonfun$runTestsInBranch$1(Engine.scala:413)
[info]   at scala.collection.immutable.List.foreach(List.scala:334)
[info]   at org.scalatest.SuperEngine.traverseSubNodes$1(Engine.scala:401)
[info]   at org.scalatest.SuperEngine.runTestsInBranch(Engine.scala:396)
[info]   at org.scalatest.SuperEngine.runTestsImpl(Engine.scala:475)
[info]   at org.scalatest.funsuite.AnyFunSuiteLike.runTests(AnyFunSuiteLike.scala:269)
[info]   at org.scalatest.funsuite.AnyFunSuiteLike.runTests$(AnyFunSuiteLike.scala:268)
[info]   at org.scalatest.funsuite.AnyFunSuite.runTests(AnyFunSuite.scala:1564)
[info]   at org.scalatest.Suite.run(Suite.scala:1114)
[info]   at org.scalatest.Suite.run$(Suite.scala:1096)
[info]   at org.scalatest.funsuite.AnyFunSuite.org$scalatest$funsuite$AnyFunSuiteLike$$super$run(AnyFunSuite.scala:1564)
[info]   at org.scalatest.funsuite.AnyFunSuiteLike.$anonfun$run$1(AnyFunSuiteLike.scala:273)
[info]   at org.scalatest.SuperEngine.runImpl(Engine.scala:535)
[info]   at org.scalatest.funsuite.AnyFunSuiteLike.run(AnyFunSuiteLike.scala:273)
[info]   at org.scalatest.funsuite.AnyFunSuiteLike.run$(AnyFunSuiteLike.scala:272)
[info]   at frameless.TypedDatasetSuite.org$scalatest$BeforeAndAfterAll$$super$run(TypedDatasetSuite.scala:63)
[info]   at org.scalatest.BeforeAndAfterAll.liftedTree1$1(BeforeAndAfterAll.scala:213)
[info]   at org.scalatest.BeforeAndAfterAll.run(BeforeAndAfterAll.scala:210)
[info]   at org.scalatest.BeforeAndAfterAll.run$(BeforeAndAfterAll.scala:208)
[info]   at frameless.TypedDatasetSuite.run(TypedDatasetSuite.scala:63)
[info]   at org.scalatest.tools.Framework.org$scalatest$tools$Framework$$runSuite(Framework.scala:321)
[info]   at org.scalatest.tools.Framework$ScalaTestTask.execute(Framework.scala:517)
[info]   at sbt.ForkMain$Run.lambda$runTest$1(ForkMain.java:414)
[info]   at java.base/java.util.concurrent.FutureTask.run(FutureTask.java:317)
[info]   at java.base/java.util.concurrent.ThreadPoolExecutor.runWorker(ThreadPoolExecutor.java:1144)
[info]   at java.base/java.util.concurrent.ThreadPoolExecutor$Worker.run(ThreadPoolExecutor.java:642)
[info]   at java.base/java.lang.Thread.run(Thread.java:1583)
[info]   Cause: java.lang.ClassCastException: Cannot cast scala.reflect.ClassTag$GenericClassTag to org.apache.spark.sql.catalyst.expressions.Expression
[info]   at java.base/java.lang.Class.cast(Class.java:4067)
[info]   at java.base/jdk.internal.reflect.DirectConstructorHandleAccessor.newInstance(DirectConstructorHandleAccessor.java:62)
[info]   at java.base/java.lang.reflect.Constructor.newInstanceWithCaller(Constructor.java:502)
[info]   at java.base/java.lang.reflect.Constructor.newInstance(Constructor.java:486)
[info]   at frameless.TypedExpressionEncoder$.$anonfun$apply$3(TypedExpressionEncoder.scala:55)
[info]   at scala.Option.map(Option.scala:242)
[info]   at frameless.TypedExpressionEncoder$.apply(TypedExpressionEncoder.scala:54)
[info]   at frameless.TypedDataset$.create(TypedDataset.scala:1325)
[info]   at frameless.UnionTests.prop$2(UnionTests.scala:35)
[info]   at frameless.UnionTests.$anonfun$new$49(UnionTests.scala:43)
[info]   at org.scalacheck.Prop$.$anonfun$forAll$18(Prop.scala:1131)
[info]   at scala.Function1.$anonfun$andThen$1(Function1.scala:87)
[info]   at org.scalacheck.Prop$.$anonfun$forAllShrink$2(Prop.scala:868)
[info]   at org.scalacheck.Prop$.secure(Prop.scala:484)
[info]   at org.scalacheck.Prop$.result$1(Prop.scala:868)
[info]   at org.scalacheck.Prop$.$anonfun$forAllShrink$1(Prop.scala:915)
[info]   at org.scalacheck.Prop$.$anonfun$apply$1(Prop.scala:305)
[info]   at org.scalacheck.PropFromFun.apply(Prop.scala:20)
[info]   at org.scalacheck.Prop$.result$1(Prop.scala:869)
[info]   at org.scalacheck.Prop$.$anonfun$forAllShrink$1(Prop.scala:915)
[info]   at org.scalacheck.Prop$.$anonfun$apply$1(Prop.scala:305)
[info]   at org.scalacheck.PropFromFun.apply(Prop.scala:20)
[info]   at org.scalacheck.Test$.workerFun$1(Test.scala:486)
[info]   at org.scalacheck.Test$.$anonfun$check$4(Test.scala:518)
[info]   at org.scalacheck.Test$.$anonfun$check$4$adapted(Test.scala:518)
[info]   at org.scalacheck.Platform$.runWorkers(Platform.scala:42)
[info]   at org.scalacheck.Test$.check(Test.scala:518)
[info]   at org.scalatestplus.scalacheck.UnitCheckerAsserting$CheckerAssertingImpl.check(CheckerAsserting.scala:90)
[info]   at org.scalatestplus.scalacheck.Checkers.check(Checkers.scala:371)
[info]   at org.scalatestplus.scalacheck.Checkers.check$(Checkers.scala:369)
[info]   at frameless.TypedDatasetSuite.check(TypedDatasetSuite.scala:63)
[info]   at frameless.UnionTests.$anonfun$new$19(UnionTests.scala:43)
[info]   at org.scalatest.OutcomeOf.outcomeOf(OutcomeOf.scala:85)
[info]   at org.scalatest.OutcomeOf.outcomeOf$(OutcomeOf.scala:83)
[info]   at org.scalatest.OutcomeOf$.outcomeOf(OutcomeOf.scala:104)
[info]   at org.scalatest.Transformer.apply(Transformer.scala:22)
[info]   at org.scalatest.Transformer.apply(Transformer.scala:20)
[info]   at org.scalatest.funsuite.AnyFunSuiteLike$$anon$1.apply(AnyFunSuiteLike.scala:226)
[info]   at org.scalatest.TestSuite.withFixture(TestSuite.scala:196)
[info]   at org.scalatest.TestSuite.withFixture$(TestSuite.scala:195)
[info]   at org.scalatest.funsuite.AnyFunSuite.withFixture(AnyFunSuite.scala:1564)
[info]   at org.scalatest.funsuite.AnyFunSuiteLike.invokeWithFixture$1(AnyFunSuiteLike.scala:224)
[info]   at org.scalatest.funsuite.AnyFunSuiteLike.$anonfun$runTest$1(AnyFunSuiteLike.scala:236)
[info]   at org.scalatest.SuperEngine.runTestImpl(Engine.scala:306)
[info]   at org.scalatest.funsuite.AnyFunSuiteLike.runTest(AnyFunSuiteLike.scala:236)
[info]   at org.scalatest.funsuite.AnyFunSuiteLike.runTest$(AnyFunSuiteLike.scala:218)
[info]   at org.scalatest.funsuite.AnyFunSuite.runTest(AnyFunSuite.scala:1564)
[info]   at org.scalatest.funsuite.AnyFunSuiteLike.$anonfun$runTests$1(AnyFunSuiteLike.scala:269)
[info]   at org.scalatest.SuperEngine.$anonfun$runTestsInBranch$1(Engine.scala:413)
[info]   at scala.collection.immutable.List.foreach(List.scala:334)
[info]   at org.scalatest.SuperEngine.traverseSubNodes$1(Engine.scala:401)
[info]   at org.scalatest.SuperEngine.runTestsInBranch(Engine.scala:396)
[info]   at org.scalatest.SuperEngine.runTestsImpl(Engine.scala:475)
[info]   at org.scalatest.funsuite.AnyFunSuiteLike.runTests(AnyFunSuiteLike.scala:269)
[info]   at org.scalatest.funsuite.AnyFunSuiteLike.runTests$(AnyFunSuiteLike.scala:268)
[info]   at org.scalatest.funsuite.AnyFunSuite.runTests(AnyFunSuite.scala:1564)
[info]   at org.scalatest.Suite.run(Suite.scala:1114)
[info]   at org.scalatest.Suite.run$(Suite.scala:1096)
[info]   at org.scalatest.funsuite.AnyFunSuite.org$scalatest$funsuite$AnyFunSuiteLike$$super$run(AnyFunSuite.scala:1564)
[info]   at org.scalatest.funsuite.AnyFunSuiteLike.$anonfun$run$1(AnyFunSuiteLike.scala:273)
[info]   at org.scalatest.SuperEngine.runImpl(Engine.scala:535)
[info]   at org.scalatest.funsuite.AnyFunSuiteLike.run(AnyFunSuiteLike.scala:273)
[info]   at org.scalatest.funsuite.AnyFunSuiteLike.run$(AnyFunSuiteLike.scala:272)
[info]   at frameless.TypedDatasetSuite.org$scalatest$BeforeAndAfterAll$$super$run(TypedDatasetSuite.scala:63)
[info]   at org.scalatest.BeforeAndAfterAll.liftedTree1$1(BeforeAndAfterAll.scala:213)
[info]   at org.scalatest.BeforeAndAfterAll.run(BeforeAndAfterAll.scala:210)
[info]   at org.scalatest.BeforeAndAfterAll.run$(BeforeAndAfterAll.scala:208)
[info]   at frameless.TypedDatasetSuite.run(TypedDatasetSuite.scala:63)
[info]   at org.scalatest.tools.Framework.org$scalatest$tools$Framework$$runSuite(Framework.scala:321)
[info]   at org.scalatest.tools.Framework$ScalaTestTask.execute(Framework.scala:517)
[info]   at sbt.ForkMain$Run.lambda$runTest$1(ForkMain.java:414)
[info]   at java.base/java.util.concurrent.FutureTask.run(FutureTask.java:317)
[info]   at java.base/java.util.concurrent.ThreadPoolExecutor.runWorker(ThreadPoolExecutor.java:1144)
[info]   at java.base/java.util.concurrent.ThreadPoolExecutor$Worker.run(ThreadPoolExecutor.java:642)
[info]   at java.base/java.lang.Thread.run(Thread.java:1583)
[info] - Align fields for different number of columns *** FAILED *** (13 milliseconds)
[info]   IllegalArgumentException was thrown during property evaluation.
[info]     Message: argument type mismatch
[info]     Occurred when passed generated values (
[info]       arg0 = Vector(),
[info]       arg1 = Vector()
[info]     )
[info]   org.scalatest.exceptions.GeneratorDrivenPropertyCheckFailedException:
[info]   at org.scalatestplus.scalacheck.CheckerAsserting$$anon$2.indicateFailure(CheckerAsserting.scala:251)
[info]   at org.scalatestplus.scalacheck.CheckerAsserting$$anon$2.indicateFailure(CheckerAsserting.scala:238)
[info]   at org.scalatestplus.scalacheck.UnitCheckerAsserting$CheckerAssertingImpl.check(CheckerAsserting.scala:160)
[info]   at org.scalatestplus.scalacheck.Checkers.check(Checkers.scala:371)
[info]   at org.scalatestplus.scalacheck.Checkers.check$(Checkers.scala:369)
[info]   at frameless.TypedDatasetSuite.check(TypedDatasetSuite.scala:63)
[info]   at frameless.UnionTests.$anonfun$new$59(UnionTests.scala:58)
[info]   at org.scalatest.OutcomeOf.outcomeOf(OutcomeOf.scala:85)
[info]   at org.scalatest.OutcomeOf.outcomeOf$(OutcomeOf.scala:83)
[info]   at org.scalatest.OutcomeOf$.outcomeOf(OutcomeOf.scala:104)
[info]   at org.scalatest.Transformer.apply(Transformer.scala:22)
[info]   at org.scalatest.Transformer.apply(Transformer.scala:20)
[info]   at org.scalatest.funsuite.AnyFunSuiteLike$$anon$1.apply(AnyFunSuiteLike.scala:226)
[info]   at org.scalatest.TestSuite.withFixture(TestSuite.scala:196)
[info]   at org.scalatest.TestSuite.withFixture$(TestSuite.scala:195)
[info]   at org.scalatest.funsuite.AnyFunSuite.withFixture(AnyFunSuite.scala:1564)
[info]   at org.scalatest.funsuite.AnyFunSuiteLike.invokeWithFixture$1(AnyFunSuiteLike.scala:224)
[info]   at org.scalatest.funsuite.AnyFunSuiteLike.$anonfun$runTest$1(AnyFunSuiteLike.scala:236)
[info]   at org.scalatest.SuperEngine.runTestImpl(Engine.scala:306)
[info]   at org.scalatest.funsuite.AnyFunSuiteLike.runTest(AnyFunSuiteLike.scala:236)
[info]   at org.scalatest.funsuite.AnyFunSuiteLike.runTest$(AnyFunSuiteLike.scala:218)
[info]   at org.scalatest.funsuite.AnyFunSuite.runTest(AnyFunSuite.scala:1564)
[info]   at org.scalatest.funsuite.AnyFunSuiteLike.$anonfun$runTests$1(AnyFunSuiteLike.scala:269)
[info]   at org.scalatest.SuperEngine.$anonfun$runTestsInBranch$1(Engine.scala:413)
[info]   at scala.collection.immutable.List.foreach(List.scala:334)
[info]   at org.scalatest.SuperEngine.traverseSubNodes$1(Engine.scala:401)
[info]   at org.scalatest.SuperEngine.runTestsInBranch(Engine.scala:396)
[info]   at org.scalatest.SuperEngine.runTestsImpl(Engine.scala:475)
[info]   at org.scalatest.funsuite.AnyFunSuiteLike.runTests(AnyFunSuiteLike.scala:269)
[info]   at org.scalatest.funsuite.AnyFunSuiteLike.runTests$(AnyFunSuiteLike.scala:268)
[info]   at org.scalatest.funsuite.AnyFunSuite.runTests(AnyFunSuite.scala:1564)
[info]   at org.scalatest.Suite.run(Suite.scala:1114)
[info]   at org.scalatest.Suite.run$(Suite.scala:1096)
[info]   at org.scalatest.funsuite.AnyFunSuite.org$scalatest$funsuite$AnyFunSuiteLike$$super$run(AnyFunSuite.scala:1564)
[info]   at org.scalatest.funsuite.AnyFunSuiteLike.$anonfun$run$1(AnyFunSuiteLike.scala:273)
[info]   at org.scalatest.SuperEngine.runImpl(Engine.scala:535)
[info]   at org.scalatest.funsuite.AnyFunSuiteLike.run(AnyFunSuiteLike.scala:273)
[info]   at org.scalatest.funsuite.AnyFunSuiteLike.run$(AnyFunSuiteLike.scala:272)
[info]   at frameless.TypedDatasetSuite.org$scalatest$BeforeAndAfterAll$$super$run(TypedDatasetSuite.scala:63)
[info]   at org.scalatest.BeforeAndAfterAll.liftedTree1$1(BeforeAndAfterAll.scala:213)
[info]   at org.scalatest.BeforeAndAfterAll.run(BeforeAndAfterAll.scala:210)
[info]   at org.scalatest.BeforeAndAfterAll.run$(BeforeAndAfterAll.scala:208)
[info]   at frameless.TypedDatasetSuite.run(TypedDatasetSuite.scala:63)
[info]   at org.scalatest.tools.Framework.org$scalatest$tools$Framework$$runSuite(Framework.scala:321)
[info]   at org.scalatest.tools.Framework$ScalaTestTask.execute(Framework.scala:517)
[info]   at sbt.ForkMain$Run.lambda$runTest$1(ForkMain.java:414)
[info]   at java.base/java.util.concurrent.FutureTask.run(FutureTask.java:317)
[info]   at java.base/java.util.concurrent.ThreadPoolExecutor.runWorker(ThreadPoolExecutor.java:1144)
[info]   at java.base/java.util.concurrent.ThreadPoolExecutor$Worker.run(ThreadPoolExecutor.java:642)
[info]   at java.base/java.lang.Thread.run(Thread.java:1583)
[info]   Cause: java.lang.IllegalArgumentException: argument type mismatch
[info]   at java.base/jdk.internal.reflect.DirectConstructorHandleAccessor.newInstance(DirectConstructorHandleAccessor.java:65)
[info]   at java.base/java.lang.reflect.Constructor.newInstanceWithCaller(Constructor.java:502)
[info]   at java.base/java.lang.reflect.Constructor.newInstance(Constructor.java:486)
[info]   at frameless.TypedExpressionEncoder$.$anonfun$apply$3(TypedExpressionEncoder.scala:55)
[info]   at scala.Option.map(Option.scala:242)
[info]   at frameless.TypedExpressionEncoder$.apply(TypedExpressionEncoder.scala:54)
[info]   at frameless.TypedDataset$.create(TypedDataset.scala:1325)
[info]   at frameless.UnionTests.prop$3(UnionTests.scala:50)
[info]   at frameless.UnionTests.$anonfun$new$90(UnionTests.scala:58)
[info]   at org.scalacheck.Prop$.$anonfun$forAll$18(Prop.scala:1131)
[info]   at scala.Function1.$anonfun$andThen$1(Function1.scala:87)
[info]   at org.scalacheck.Prop$.$anonfun$forAllShrink$2(Prop.scala:868)
[info]   at org.scalacheck.Prop$.secure(Prop.scala:484)
[info]   at org.scalacheck.Prop$.result$1(Prop.scala:868)
[info]   at org.scalacheck.Prop$.$anonfun$forAllShrink$1(Prop.scala:915)
[info]   at org.scalacheck.Prop$.$anonfun$apply$1(Prop.scala:305)
[info]   at org.scalacheck.PropFromFun.apply(Prop.scala:20)
[info]   at org.scalacheck.Prop$.result$1(Prop.scala:869)
[info]   at org.scalacheck.Prop$.$anonfun$forAllShrink$1(Prop.scala:915)
[info]   at org.scalacheck.Prop$.$anonfun$apply$1(Prop.scala:305)
[info]   at org.scalacheck.PropFromFun.apply(Prop.scala:20)
[info]   at org.scalacheck.Test$.workerFun$1(Test.scala:486)
[info]   at org.scalacheck.Test$.$anonfun$check$4(Test.scala:518)
[info]   at org.scalacheck.Test$.$anonfun$check$4$adapted(Test.scala:518)
[info]   at org.scalacheck.Platform$.runWorkers(Platform.scala:42)
[info]   at org.scalacheck.Test$.check(Test.scala:518)
[info]   at org.scalatestplus.scalacheck.UnitCheckerAsserting$CheckerAssertingImpl.check(CheckerAsserting.scala:90)
[info]   at org.scalatestplus.scalacheck.Checkers.check(Checkers.scala:371)
[info]   at org.scalatestplus.scalacheck.Checkers.check$(Checkers.scala:369)
[info]   at frameless.TypedDatasetSuite.check(TypedDatasetSuite.scala:63)
[info]   at frameless.UnionTests.$anonfun$new$59(UnionTests.scala:58)
[info]   at org.scalatest.OutcomeOf.outcomeOf(OutcomeOf.scala:85)
[info]   at org.scalatest.OutcomeOf.outcomeOf$(OutcomeOf.scala:83)
[info]   at org.scalatest.OutcomeOf$.outcomeOf(OutcomeOf.scala:104)
[info]   at org.scalatest.Transformer.apply(Transformer.scala:22)
[info]   at org.scalatest.Transformer.apply(Transformer.scala:20)
[info]   at org.scalatest.funsuite.AnyFunSuiteLike$$anon$1.apply(AnyFunSuiteLike.scala:226)
[info]   at org.scalatest.TestSuite.withFixture(TestSuite.scala:196)
[info]   at org.scalatest.TestSuite.withFixture$(TestSuite.scala:195)
[info]   at org.scalatest.funsuite.AnyFunSuite.withFixture(AnyFunSuite.scala:1564)
[info]   at org.scalatest.funsuite.AnyFunSuiteLike.invokeWithFixture$1(AnyFunSuiteLike.scala:224)
[info]   at org.scalatest.funsuite.AnyFunSuiteLike.$anonfun$runTest$1(AnyFunSuiteLike.scala:236)
[info]   at org.scalatest.SuperEngine.runTestImpl(Engine.scala:306)
[info]   at org.scalatest.funsuite.AnyFunSuiteLike.runTest(AnyFunSuiteLike.scala:236)
[info]   at org.scalatest.funsuite.AnyFunSuiteLike.runTest$(AnyFunSuiteLike.scala:218)
[info]   at org.scalatest.funsuite.AnyFunSuite.runTest(AnyFunSuite.scala:1564)
[info]   at org.scalatest.funsuite.AnyFunSuiteLike.$anonfun$runTests$1(AnyFunSuiteLike.scala:269)
[info]   at org.scalatest.SuperEngine.$anonfun$runTestsInBranch$1(Engine.scala:413)
[info]   at scala.collection.immutable.List.foreach(List.scala:334)
[info]   at org.scalatest.SuperEngine.traverseSubNodes$1(Engine.scala:401)
[info]   at org.scalatest.SuperEngine.runTestsInBranch(Engine.scala:396)
[info]   at org.scalatest.SuperEngine.runTestsImpl(Engine.scala:475)
[info]   at org.scalatest.funsuite.AnyFunSuiteLike.runTests(AnyFunSuiteLike.scala:269)
[info]   at org.scalatest.funsuite.AnyFunSuiteLike.runTests$(AnyFunSuiteLike.scala:268)
[info]   at org.scalatest.funsuite.AnyFunSuite.runTests(AnyFunSuite.scala:1564)
[info]   at org.scalatest.Suite.run(Suite.scala:1114)
[info]   at org.scalatest.Suite.run$(Suite.scala:1096)
[info]   at org.scalatest.funsuite.AnyFunSuite.org$scalatest$funsuite$AnyFunSuiteLike$$super$run(AnyFunSuite.scala:1564)
[info]   at org.scalatest.funsuite.AnyFunSuiteLike.$anonfun$run$1(AnyFunSuiteLike.scala:273)
[info]   at org.scalatest.SuperEngine.runImpl(Engine.scala:535)
[info]   at org.scalatest.funsuite.AnyFunSuiteLike.run(AnyFunSuiteLike.scala:273)
[info]   at org.scalatest.funsuite.AnyFunSuiteLike.run$(AnyFunSuiteLike.scala:272)
[info]   at frameless.TypedDatasetSuite.org$scalatest$BeforeAndAfterAll$$super$run(TypedDatasetSuite.scala:63)
[info]   at org.scalatest.BeforeAndAfterAll.liftedTree1$1(BeforeAndAfterAll.scala:213)
[info]   at org.scalatest.BeforeAndAfterAll.run(BeforeAndAfterAll.scala:210)
[info]   at org.scalatest.BeforeAndAfterAll.run$(BeforeAndAfterAll.scala:208)
[info]   at frameless.TypedDatasetSuite.run(TypedDatasetSuite.scala:63)
[info]   at org.scalatest.tools.Framework.org$scalatest$tools$Framework$$runSuite(Framework.scala:321)
[info]   at org.scalatest.tools.Framework$ScalaTestTask.execute(Framework.scala:517)
[info]   at sbt.ForkMain$Run.lambda$runTest$1(ForkMain.java:414)
[info]   at java.base/java.util.concurrent.FutureTask.run(FutureTask.java:317)
[info]   at java.base/java.util.concurrent.ThreadPoolExecutor.runWorker(ThreadPoolExecutor.java:1144)
[info]   at java.base/java.util.concurrent.ThreadPoolExecutor$Worker.run(ThreadPoolExecutor.java:642)
[info]   at java.base/java.lang.Thread.run(Thread.java:1583)
[info]   Cause: java.lang.ClassCastException: Cannot cast scala.reflect.ClassTag$GenericClassTag to org.apache.spark.sql.catalyst.expressions.Expression
[info]   at java.base/java.lang.Class.cast(Class.java:4067)
[info]   at java.base/jdk.internal.reflect.DirectConstructorHandleAccessor.newInstance(DirectConstructorHandleAccessor.java:62)
[info]   at java.base/java.lang.reflect.Constructor.newInstanceWithCaller(Constructor.java:502)
[info]   at java.base/java.lang.reflect.Constructor.newInstance(Constructor.java:486)
[info]   at frameless.TypedExpressionEncoder$.$anonfun$apply$3(TypedExpressionEncoder.scala:55)
[info]   at scala.Option.map(Option.scala:242)
[info]   at frameless.TypedExpressionEncoder$.apply(TypedExpressionEncoder.scala:54)
[info]   at frameless.TypedDataset$.create(TypedDataset.scala:1325)
[info]   at frameless.UnionTests.prop$3(UnionTests.scala:50)
[info]   at frameless.UnionTests.$anonfun$new$90(UnionTests.scala:58)
[info]   at org.scalacheck.Prop$.$anonfun$forAll$18(Prop.scala:1131)
[info]   at scala.Function1.$anonfun$andThen$1(Function1.scala:87)
[info]   at org.scalacheck.Prop$.$anonfun$forAllShrink$2(Prop.scala:868)
[info]   at org.scalacheck.Prop$.secure(Prop.scala:484)
[info]   at org.scalacheck.Prop$.result$1(Prop.scala:868)
[info]   at org.scalacheck.Prop$.$anonfun$forAllShrink$1(Prop.scala:915)
[info]   at org.scalacheck.Prop$.$anonfun$apply$1(Prop.scala:305)
[info]   at org.scalacheck.PropFromFun.apply(Prop.scala:20)
[info]   at org.scalacheck.Prop$.result$1(Prop.scala:869)
[info]   at org.scalacheck.Prop$.$anonfun$forAllShrink$1(Prop.scala:915)
[info]   at org.scalacheck.Prop$.$anonfun$apply$1(Prop.scala:305)
[info]   at org.scalacheck.PropFromFun.apply(Prop.scala:20)
[info]   at org.scalacheck.Test$.workerFun$1(Test.scala:486)
[info]   at org.scalacheck.Test$.$anonfun$check$4(Test.scala:518)
[info]   at org.scalacheck.Test$.$anonfun$check$4$adapted(Test.scala:518)
[info]   at org.scalacheck.Platform$.runWorkers(Platform.scala:42)
[info]   at org.scalacheck.Test$.check(Test.scala:518)
[info]   at org.scalatestplus.scalacheck.UnitCheckerAsserting$CheckerAssertingImpl.check(CheckerAsserting.scala:90)
[info]   at org.scalatestplus.scalacheck.Checkers.check(Checkers.scala:371)
[info]   at org.scalatestplus.scalacheck.Checkers.check$(Checkers.scala:369)
[info]   at frameless.TypedDatasetSuite.check(TypedDatasetSuite.scala:63)
[info]   at frameless.UnionTests.$anonfun$new$59(UnionTests.scala:58)
[info]   at org.scalatest.OutcomeOf.outcomeOf(OutcomeOf.scala:85)
[info]   at org.scalatest.OutcomeOf.outcomeOf$(OutcomeOf.scala:83)
[info]   at org.scalatest.OutcomeOf$.outcomeOf(OutcomeOf.scala:104)
[info]   at org.scalatest.Transformer.apply(Transformer.scala:22)
[info]   at org.scalatest.Transformer.apply(Transformer.scala:20)
[info]   at org.scalatest.funsuite.AnyFunSuiteLike$$anon$1.apply(AnyFunSuiteLike.scala:226)
[info]   at org.scalatest.TestSuite.withFixture(TestSuite.scala:196)
[info]   at org.scalatest.TestSuite.withFixture$(TestSuite.scala:195)
[info]   at org.scalatest.funsuite.AnyFunSuite.withFixture(AnyFunSuite.scala:1564)
[info]   at org.scalatest.funsuite.AnyFunSuiteLike.invokeWithFixture$1(AnyFunSuiteLike.scala:224)
[info]   at org.scalatest.funsuite.AnyFunSuiteLike.$anonfun$runTest$1(AnyFunSuiteLike.scala:236)
[info]   at org.scalatest.SuperEngine.runTestImpl(Engine.scala:306)
[info]   at org.scalatest.funsuite.AnyFunSuiteLike.runTest(AnyFunSuiteLike.scala:236)
[info]   at org.scalatest.funsuite.AnyFunSuiteLike.runTest$(AnyFunSuiteLike.scala:218)
[info]   at org.scalatest.funsuite.AnyFunSuite.runTest(AnyFunSuite.scala:1564)
[info]   at org.scalatest.funsuite.AnyFunSuiteLike.$anonfun$runTests$1(AnyFunSuiteLike.scala:269)
[info]   at org.scalatest.SuperEngine.$anonfun$runTestsInBranch$1(Engine.scala:413)
[info]   at scala.collection.immutable.List.foreach(List.scala:334)
[info]   at org.scalatest.SuperEngine.traverseSubNodes$1(Engine.scala:401)
[info]   at org.scalatest.SuperEngine.runTestsInBranch(Engine.scala:396)
[info]   at org.scalatest.SuperEngine.runTestsImpl(Engine.scala:475)
[info]   at org.scalatest.funsuite.AnyFunSuiteLike.runTests(AnyFunSuiteLike.scala:269)
[info]   at org.scalatest.funsuite.AnyFunSuiteLike.runTests$(AnyFunSuiteLike.scala:268)
[info]   at org.scalatest.funsuite.AnyFunSuite.runTests(AnyFunSuite.scala:1564)
[info]   at org.scalatest.Suite.run(Suite.scala:1114)
[info]   at org.scalatest.Suite.run$(Suite.scala:1096)
[info]   at org.scalatest.funsuite.AnyFunSuite.org$scalatest$funsuite$AnyFunSuiteLike$$super$run(AnyFunSuite.scala:1564)
[info]   at org.scalatest.funsuite.AnyFunSuiteLike.$anonfun$run$1(AnyFunSuiteLike.scala:273)
[info]   at org.scalatest.SuperEngine.runImpl(Engine.scala:535)
[info]   at org.scalatest.funsuite.AnyFunSuiteLike.run(AnyFunSuiteLike.scala:273)
[info]   at org.scalatest.funsuite.AnyFunSuiteLike.run$(AnyFunSuiteLike.scala:272)
[info]   at frameless.TypedDatasetSuite.org$scalatest$BeforeAndAfterAll$$super$run(TypedDatasetSuite.scala:63)
[info]   at org.scalatest.BeforeAndAfterAll.liftedTree1$1(BeforeAndAfterAll.scala:213)
[info]   at org.scalatest.BeforeAndAfterAll.run(BeforeAndAfterAll.scala:210)
[info]   at org.scalatest.BeforeAndAfterAll.run$(BeforeAndAfterAll.scala:208)
[info]   at frameless.TypedDatasetSuite.run(TypedDatasetSuite.scala:63)
[info]   at org.scalatest.tools.Framework.org$scalatest$tools$Framework$$runSuite(Framework.scala:321)
[info]   at org.scalatest.tools.Framework$ScalaTestTask.execute(Framework.scala:517)
[info]   at sbt.ForkMain$Run.lambda$runTest$1(ForkMain.java:414)
[info]   at java.base/java.util.concurrent.FutureTask.run(FutureTask.java:317)
[info]   at java.base/java.util.concurrent.ThreadPoolExecutor.runWorker(ThreadPoolExecutor.java:1144)
[info]   at java.base/java.util.concurrent.ThreadPoolExecutor$Worker.run(ThreadPoolExecutor.java:642)
[info]   at java.base/java.lang.Thread.run(Thread.java:1583)
[info] NumericTests:
[info] - plus *** FAILED *** (393 milliseconds)
[info]   IllegalArgumentException was thrown during property evaluation.
[info]     Message: argument type mismatch
[info]     Occurred when passed generated values (
[info]       arg0 = 0, // 25 shrinks
[info]       arg1 = 0 // 26 shrinks
[info]     )
[info]   org.scalatest.exceptions.GeneratorDrivenPropertyCheckFailedException:
[info]   at org.scalatestplus.scalacheck.CheckerAsserting$$anon$2.indicateFailure(CheckerAsserting.scala:251)
[info]   at org.scalatestplus.scalacheck.CheckerAsserting$$anon$2.indicateFailure(CheckerAsserting.scala:238)
[info]   at org.scalatestplus.scalacheck.UnitCheckerAsserting$CheckerAssertingImpl.check(CheckerAsserting.scala:160)
[info]   at org.scalatestplus.scalacheck.Checkers.check(Checkers.scala:263)
[info]   at org.scalatestplus.scalacheck.Checkers.check$(Checkers.scala:253)
[info]   at frameless.TypedDatasetSuite.check(TypedDatasetSuite.scala:63)
[info]   at frameless.NumericTests.$anonfun$new$1(NumericTests.scala:20)
[info]   at org.scalatest.OutcomeOf.outcomeOf(OutcomeOf.scala:85)
[info]   at org.scalatest.OutcomeOf.outcomeOf$(OutcomeOf.scala:83)
[info]   at org.scalatest.OutcomeOf$.outcomeOf(OutcomeOf.scala:104)
[info]   at org.scalatest.Transformer.apply(Transformer.scala:22)
[info]   at org.scalatest.Transformer.apply(Transformer.scala:20)
[info]   at org.scalatest.funsuite.AnyFunSuiteLike$$anon$1.apply(AnyFunSuiteLike.scala:226)
[info]   at org.scalatest.TestSuite.withFixture(TestSuite.scala:196)
[info]   at org.scalatest.TestSuite.withFixture$(TestSuite.scala:195)
[info]   at org.scalatest.funsuite.AnyFunSuite.withFixture(AnyFunSuite.scala:1564)
[info]   at org.scalatest.funsuite.AnyFunSuiteLike.invokeWithFixture$1(AnyFunSuiteLike.scala:224)
[info]   at org.scalatest.funsuite.AnyFunSuiteLike.$anonfun$runTest$1(AnyFunSuiteLike.scala:236)
[info]   at org.scalatest.SuperEngine.runTestImpl(Engine.scala:306)
[info]   at org.scalatest.funsuite.AnyFunSuiteLike.runTest(AnyFunSuiteLike.scala:236)
[info]   at org.scalatest.funsuite.AnyFunSuiteLike.runTest$(AnyFunSuiteLike.scala:218)
[info]   at org.scalatest.funsuite.AnyFunSuite.runTest(AnyFunSuite.scala:1564)
[info]   at org.scalatest.funsuite.AnyFunSuiteLike.$anonfun$runTests$1(AnyFunSuiteLike.scala:269)
[info]   at org.scalatest.SuperEngine.$anonfun$runTestsInBranch$1(Engine.scala:413)
[info]   at scala.collection.immutable.List.foreach(List.scala:334)
[info]   at org.scalatest.SuperEngine.traverseSubNodes$1(Engine.scala:401)
[info]   at org.scalatest.SuperEngine.runTestsInBranch(Engine.scala:396)
[info]   at org.scalatest.SuperEngine.runTestsImpl(Engine.scala:475)
[info]   at org.scalatest.funsuite.AnyFunSuiteLike.runTests(AnyFunSuiteLike.scala:269)
[info]   at org.scalatest.funsuite.AnyFunSuiteLike.runTests$(AnyFunSuiteLike.scala:268)
[info]   at org.scalatest.funsuite.AnyFunSuite.runTests(AnyFunSuite.scala:1564)
[info]   at org.scalatest.Suite.run(Suite.scala:1114)
[info]   at org.scalatest.Suite.run$(Suite.scala:1096)
[info]   at org.scalatest.funsuite.AnyFunSuite.org$scalatest$funsuite$AnyFunSuiteLike$$super$run(AnyFunSuite.scala:1564)
[info]   at org.scalatest.funsuite.AnyFunSuiteLike.$anonfun$run$1(AnyFunSuiteLike.scala:273)
[info]   at org.scalatest.SuperEngine.runImpl(Engine.scala:535)
[info]   at org.scalatest.funsuite.AnyFunSuiteLike.run(AnyFunSuiteLike.scala:273)
[info]   at org.scalatest.funsuite.AnyFunSuiteLike.run$(AnyFunSuiteLike.scala:272)
[info]   at frameless.TypedDatasetSuite.org$scalatest$BeforeAndAfterAll$$super$run(TypedDatasetSuite.scala:63)
[info]   at org.scalatest.BeforeAndAfterAll.liftedTree1$1(BeforeAndAfterAll.scala:213)
[info]   at org.scalatest.BeforeAndAfterAll.run(BeforeAndAfterAll.scala:210)
[info]   at org.scalatest.BeforeAndAfterAll.run$(BeforeAndAfterAll.scala:208)
[info]   at frameless.TypedDatasetSuite.run(TypedDatasetSuite.scala:63)
[info]   at org.scalatest.tools.Framework.org$scalatest$tools$Framework$$runSuite(Framework.scala:321)
[info]   at org.scalatest.tools.Framework$ScalaTestTask.execute(Framework.scala:517)
[info]   at sbt.ForkMain$Run.lambda$runTest$1(ForkMain.java:414)
[info]   at java.base/java.util.concurrent.FutureTask.run(FutureTask.java:317)
[info]   at java.base/java.util.concurrent.ThreadPoolExecutor.runWorker(ThreadPoolExecutor.java:1144)
[info]   at java.base/java.util.concurrent.ThreadPoolExecutor$Worker.run(ThreadPoolExecutor.java:642)
[info]   at java.base/java.lang.Thread.run(Thread.java:1583)
[info]   Cause: java.lang.IllegalArgumentException: argument type mismatch
[info]   at java.base/jdk.internal.reflect.DirectConstructorHandleAccessor.newInstance(DirectConstructorHandleAccessor.java:65)
[info]   at java.base/java.lang.reflect.Constructor.newInstanceWithCaller(Constructor.java:502)
[info]   at java.base/java.lang.reflect.Constructor.newInstance(Constructor.java:486)
[info]   at frameless.TypedExpressionEncoder$.$anonfun$apply$3(TypedExpressionEncoder.scala:55)
[info]   at scala.Option.map(Option.scala:242)
[info]   at frameless.TypedExpressionEncoder$.apply(TypedExpressionEncoder.scala:54)
[info]   at frameless.TypedDataset$.create(TypedDataset.scala:1325)
[info]   at frameless.NumericTests.prop$1(NumericTests.scala:13)
[info]   at frameless.NumericTests.$anonfun$new$12(NumericTests.scala:20)
[info]   at org.scalacheck.Prop$.$anonfun$forAll$18(Prop.scala:1131)
[info]   at scala.Function1.$anonfun$andThen$1(Function1.scala:87)
[info]   at org.scalacheck.Prop$.$anonfun$forAllShrink$2(Prop.scala:868)
[info]   at org.scalacheck.Prop$.secure(Prop.scala:484)
[info]   at org.scalacheck.Prop$.result$1(Prop.scala:868)
[info]   at org.scalacheck.Prop$.$anonfun$forAllShrink$4(Prop.scala:880)
[info]   at scala.collection.immutable.Stream.map(Stream.scala:173)
[info]   at org.scalacheck.Prop$.getFirstFailure$1(Prop.scala:880)
[info]   at org.scalacheck.Prop$.shrinker$1(Prop.scala:895)
[info]   at org.scalacheck.Prop$.$anonfun$forAllShrink$1(Prop.scala:916)
[info]   at org.scalacheck.Prop$.$anonfun$apply$1(Prop.scala:305)
[info]   at org.scalacheck.PropFromFun.apply(Prop.scala:20)
[info]   at org.scalacheck.Prop$.result$1(Prop.scala:869)
[info]   at org.scalacheck.Prop$.$anonfun$forAllShrink$4(Prop.scala:880)
[info]   at scala.collection.immutable.Stream.map(Stream.scala:173)
[info]   at org.scalacheck.Prop$.getFirstFailure$1(Prop.scala:880)
[info]   at org.scalacheck.Prop$.shrinker$1(Prop.scala:895)
[info]   at org.scalacheck.Prop$.$anonfun$forAllShrink$1(Prop.scala:916)
[info]   at org.scalacheck.Prop$.$anonfun$apply$1(Prop.scala:305)
[info]   at org.scalacheck.PropFromFun.apply(Prop.scala:20)
[info]   at org.scalacheck.Test$.workerFun$1(Test.scala:486)
[info]   at org.scalacheck.Test$.$anonfun$check$4(Test.scala:518)
[info]   at org.scalacheck.Test$.$anonfun$check$4$adapted(Test.scala:518)
[info]   at org.scalacheck.Platform$.runWorkers(Platform.scala:42)
[info]   at org.scalacheck.Test$.check(Test.scala:518)
[info]   at org.scalatestplus.scalacheck.UnitCheckerAsserting$CheckerAssertingImpl.check(CheckerAsserting.scala:90)
[info]   at org.scalatestplus.scalacheck.Checkers.check(Checkers.scala:263)
[info]   at org.scalatestplus.scalacheck.Checkers.check$(Checkers.scala:253)
[info]   at frameless.TypedDatasetSuite.check(TypedDatasetSuite.scala:63)
[info]   at frameless.NumericTests.$anonfun$new$1(NumericTests.scala:20)
[info]   at org.scalatest.OutcomeOf.outcomeOf(OutcomeOf.scala:85)
[info]   at org.scalatest.OutcomeOf.outcomeOf$(OutcomeOf.scala:83)
[info]   at org.scalatest.OutcomeOf$.outcomeOf(OutcomeOf.scala:104)
[info]   at org.scalatest.Transformer.apply(Transformer.scala:22)
[info]   at org.scalatest.Transformer.apply(Transformer.scala:20)
[info]   at org.scalatest.funsuite.AnyFunSuiteLike$$anon$1.apply(AnyFunSuiteLike.scala:226)
[info]   at org.scalatest.TestSuite.withFixture(TestSuite.scala:196)
[info]   at org.scalatest.TestSuite.withFixture$(TestSuite.scala:195)
[info]   at org.scalatest.funsuite.AnyFunSuite.withFixture(AnyFunSuite.scala:1564)
[info]   at org.scalatest.funsuite.AnyFunSuiteLike.invokeWithFixture$1(AnyFunSuiteLike.scala:224)
[info]   at org.scalatest.funsuite.AnyFunSuiteLike.$anonfun$runTest$1(AnyFunSuiteLike.scala:236)
[info]   at org.scalatest.SuperEngine.runTestImpl(Engine.scala:306)
[info]   at org.scalatest.funsuite.AnyFunSuiteLike.runTest(AnyFunSuiteLike.scala:236)
[info]   at org.scalatest.funsuite.AnyFunSuiteLike.runTest$(AnyFunSuiteLike.scala:218)
[info]   at org.scalatest.funsuite.AnyFunSuite.runTest(AnyFunSuite.scala:1564)
[info]   at org.scalatest.funsuite.AnyFunSuiteLike.$anonfun$runTests$1(AnyFunSuiteLike.scala:269)
[info]   at org.scalatest.SuperEngine.$anonfun$runTestsInBranch$1(Engine.scala:413)
[info]   at scala.collection.immutable.List.foreach(List.scala:334)
[info]   at org.scalatest.SuperEngine.traverseSubNodes$1(Engine.scala:401)
[info]   at org.scalatest.SuperEngine.runTestsInBranch(Engine.scala:396)
[info]   at org.scalatest.SuperEngine.runTestsImpl(Engine.scala:475)
[info]   at org.scalatest.funsuite.AnyFunSuiteLike.runTests(AnyFunSuiteLike.scala:269)
[info]   at org.scalatest.funsuite.AnyFunSuiteLike.runTests$(AnyFunSuiteLike.scala:268)
[info]   at org.scalatest.funsuite.AnyFunSuite.runTests(AnyFunSuite.scala:1564)
[info]   at org.scalatest.Suite.run(Suite.scala:1114)
[info]   at org.scalatest.Suite.run$(Suite.scala:1096)
[info]   at org.scalatest.funsuite.AnyFunSuite.org$scalatest$funsuite$AnyFunSuiteLike$$super$run(AnyFunSuite.scala:1564)
[info]   at org.scalatest.funsuite.AnyFunSuiteLike.$anonfun$run$1(AnyFunSuiteLike.scala:273)
[info]   at org.scalatest.SuperEngine.runImpl(Engine.scala:535)
[info]   at org.scalatest.funsuite.AnyFunSuiteLike.run(AnyFunSuiteLike.scala:273)
[info]   at org.scalatest.funsuite.AnyFunSuiteLike.run$(AnyFunSuiteLike.scala:272)
[info]   at frameless.TypedDatasetSuite.org$scalatest$BeforeAndAfterAll$$super$run(TypedDatasetSuite.scala:63)
[info]   at org.scalatest.BeforeAndAfterAll.liftedTree1$1(BeforeAndAfterAll.scala:213)
[info]   at org.scalatest.BeforeAndAfterAll.run(BeforeAndAfterAll.scala:210)
[info]   at org.scalatest.BeforeAndAfterAll.run$(BeforeAndAfterAll.scala:208)
[info]   at frameless.TypedDatasetSuite.run(TypedDatasetSuite.scala:63)
[info]   at org.scalatest.tools.Framework.org$scalatest$tools$Framework$$runSuite(Framework.scala:321)
[info]   at org.scalatest.tools.Framework$ScalaTestTask.execute(Framework.scala:517)
[info]   at sbt.ForkMain$Run.lambda$runTest$1(ForkMain.java:414)
[info]   at java.base/java.util.concurrent.FutureTask.run(FutureTask.java:317)
[info]   at java.base/java.util.concurrent.ThreadPoolExecutor.runWorker(ThreadPoolExecutor.java:1144)
[info]   at java.base/java.util.concurrent.ThreadPoolExecutor$Worker.run(ThreadPoolExecutor.java:642)
[info]   at java.base/java.lang.Thread.run(Thread.java:1583)
[info]   Cause: java.lang.ClassCastException: Cannot cast scala.reflect.ClassTag$GenericClassTag to org.apache.spark.sql.catalyst.expressions.Expression
[info]   at java.base/java.lang.Class.cast(Class.java:4067)
[info]   at java.base/jdk.internal.reflect.DirectConstructorHandleAccessor.newInstance(DirectConstructorHandleAccessor.java:62)
[info]   at java.base/java.lang.reflect.Constructor.newInstanceWithCaller(Constructor.java:502)
[info]   at java.base/java.lang.reflect.Constructor.newInstance(Constructor.java:486)
[info]   at frameless.TypedExpressionEncoder$.$anonfun$apply$3(TypedExpressionEncoder.scala:55)
[info]   at scala.Option.map(Option.scala:242)
[info]   at frameless.TypedExpressionEncoder$.apply(TypedExpressionEncoder.scala:54)
[info]   at frameless.TypedDataset$.create(TypedDataset.scala:1325)
[info]   at frameless.NumericTests.prop$1(NumericTests.scala:13)
[info]   at frameless.NumericTests.$anonfun$new$12(NumericTests.scala:20)
[info]   at org.scalacheck.Prop$.$anonfun$forAll$18(Prop.scala:1131)
[info]   at scala.Function1.$anonfun$andThen$1(Function1.scala:87)
[info]   at org.scalacheck.Prop$.$anonfun$forAllShrink$2(Prop.scala:868)
[info]   at org.scalacheck.Prop$.secure(Prop.scala:484)
[info]   at org.scalacheck.Prop$.result$1(Prop.scala:868)
[info]   at org.scalacheck.Prop$.$anonfun$forAllShrink$4(Prop.scala:880)
[info]   at scala.collection.immutable.Stream.map(Stream.scala:173)
[info]   at org.scalacheck.Prop$.getFirstFailure$1(Prop.scala:880)
[info]   at org.scalacheck.Prop$.shrinker$1(Prop.scala:895)
[info]   at org.scalacheck.Prop$.$anonfun$forAllShrink$1(Prop.scala:916)
[info]   at org.scalacheck.Prop$.$anonfun$apply$1(Prop.scala:305)
[info]   at org.scalacheck.PropFromFun.apply(Prop.scala:20)
[info]   at org.scalacheck.Prop$.result$1(Prop.scala:869)
[info]   at org.scalacheck.Prop$.$anonfun$forAllShrink$4(Prop.scala:880)
[info]   at scala.collection.immutable.Stream.map(Stream.scala:173)
[info]   at org.scalacheck.Prop$.getFirstFailure$1(Prop.scala:880)
[info]   at org.scalacheck.Prop$.shrinker$1(Prop.scala:895)
[info]   at org.scalacheck.Prop$.$anonfun$forAllShrink$1(Prop.scala:916)
[info]   at org.scalacheck.Prop$.$anonfun$apply$1(Prop.scala:305)
[info]   at org.scalacheck.PropFromFun.apply(Prop.scala:20)
[info]   at org.scalacheck.Test$.workerFun$1(Test.scala:486)
[info]   at org.scalacheck.Test$.$anonfun$check$4(Test.scala:518)
[info]   at org.scalacheck.Test$.$anonfun$check$4$adapted(Test.scala:518)
[info]   at org.scalacheck.Platform$.runWorkers(Platform.scala:42)
[info]   at org.scalacheck.Test$.check(Test.scala:518)
[info]   at org.scalatestplus.scalacheck.UnitCheckerAsserting$CheckerAssertingImpl.check(CheckerAsserting.scala:90)
[info]   at org.scalatestplus.scalacheck.Checkers.check(Checkers.scala:263)
[info]   at org.scalatestplus.scalacheck.Checkers.check$(Checkers.scala:253)
[info]   at frameless.TypedDatasetSuite.check(TypedDatasetSuite.scala:63)
[info]   at frameless.NumericTests.$anonfun$new$1(NumericTests.scala:20)
[info]   at org.scalatest.OutcomeOf.outcomeOf(OutcomeOf.scala:85)
[info]   at org.scalatest.OutcomeOf.outcomeOf$(OutcomeOf.scala:83)
[info]   at org.scalatest.OutcomeOf$.outcomeOf(OutcomeOf.scala:104)
[info]   at org.scalatest.Transformer.apply(Transformer.scala:22)
[info]   at org.scalatest.Transformer.apply(Transformer.scala:20)
[info]   at org.scalatest.funsuite.AnyFunSuiteLike$$anon$1.apply(AnyFunSuiteLike.scala:226)
[info]   at org.scalatest.TestSuite.withFixture(TestSuite.scala:196)
[info]   at org.scalatest.TestSuite.withFixture$(TestSuite.scala:195)
[info]   at org.scalatest.funsuite.AnyFunSuite.withFixture(AnyFunSuite.scala:1564)
[info]   at org.scalatest.funsuite.AnyFunSuiteLike.invokeWithFixture$1(AnyFunSuiteLike.scala:224)
[info]   at org.scalatest.funsuite.AnyFunSuiteLike.$anonfun$runTest$1(AnyFunSuiteLike.scala:236)
[info]   at org.scalatest.SuperEngine.runTestImpl(Engine.scala:306)
[info]   at org.scalatest.funsuite.AnyFunSuiteLike.runTest(AnyFunSuiteLike.scala:236)
[info]   at org.scalatest.funsuite.AnyFunSuiteLike.runTest$(AnyFunSuiteLike.scala:218)
[info]   at org.scalatest.funsuite.AnyFunSuite.runTest(AnyFunSuite.scala:1564)
[info]   at org.scalatest.funsuite.AnyFunSuiteLike.$anonfun$runTests$1(AnyFunSuiteLike.scala:269)
[info]   at org.scalatest.SuperEngine.$anonfun$runTestsInBranch$1(Engine.scala:413)
[info]   at scala.collection.immutable.List.foreach(List.scala:334)
[info]   at org.scalatest.SuperEngine.traverseSubNodes$1(Engine.scala:401)
[info]   at org.scalatest.SuperEngine.runTestsInBranch(Engine.scala:396)
[info]   at org.scalatest.SuperEngine.runTestsImpl(Engine.scala:475)
[info]   at org.scalatest.funsuite.AnyFunSuiteLike.runTests(AnyFunSuiteLike.scala:269)
[info]   at org.scalatest.funsuite.AnyFunSuiteLike.runTests$(AnyFunSuiteLike.scala:268)
[info]   at org.scalatest.funsuite.AnyFunSuite.runTests(AnyFunSuite.scala:1564)
[info]   at org.scalatest.Suite.run(Suite.scala:1114)
[info]   at org.scalatest.Suite.run$(Suite.scala:1096)
[info]   at org.scalatest.funsuite.AnyFunSuite.org$scalatest$funsuite$AnyFunSuiteLike$$super$run(AnyFunSuite.scala:1564)
[info]   at org.scalatest.funsuite.AnyFunSuiteLike.$anonfun$run$1(AnyFunSuiteLike.scala:273)
[info]   at org.scalatest.SuperEngine.runImpl(Engine.scala:535)
[info]   at org.scalatest.funsuite.AnyFunSuiteLike.run(AnyFunSuiteLike.scala:273)
[info]   at org.scalatest.funsuite.AnyFunSuiteLike.run$(AnyFunSuiteLike.scala:272)
[info]   at frameless.TypedDatasetSuite.org$scalatest$BeforeAndAfterAll$$super$run(TypedDatasetSuite.scala:63)
[info]   at org.scalatest.BeforeAndAfterAll.liftedTree1$1(BeforeAndAfterAll.scala:213)
[info]   at org.scalatest.BeforeAndAfterAll.run(BeforeAndAfterAll.scala:210)
[info]   at org.scalatest.BeforeAndAfterAll.run$(BeforeAndAfterAll.scala:208)
[info]   at frameless.TypedDatasetSuite.run(TypedDatasetSuite.scala:63)
[info]   at org.scalatest.tools.Framework.org$scalatest$tools$Framework$$runSuite(Framework.scala:321)
[info]   at org.scalatest.tools.Framework$ScalaTestTask.execute(Framework.scala:517)
[info]   at sbt.ForkMain$Run.lambda$runTest$1(ForkMain.java:414)
[info]   at java.base/java.util.concurrent.FutureTask.run(FutureTask.java:317)
[info]   at java.base/java.util.concurrent.ThreadPoolExecutor.runWorker(ThreadPoolExecutor.java:1144)
[info]   at java.base/java.util.concurrent.ThreadPoolExecutor$Worker.run(ThreadPoolExecutor.java:642)
[info]   at java.base/java.lang.Thread.run(Thread.java:1583)
[info] - minus *** FAILED *** (190 milliseconds)
[info]   IllegalArgumentException was thrown during property evaluation.
[info]     Message: argument type mismatch
[info]     Occurred when passed generated values (
[info]       arg0 = 0, // 25 shrinks
[info]       arg1 = 0 // 26 shrinks
[info]     )
[info]   org.scalatest.exceptions.GeneratorDrivenPropertyCheckFailedException:
[info]   at org.scalatestplus.scalacheck.CheckerAsserting$$anon$2.indicateFailure(CheckerAsserting.scala:251)
[info]   at org.scalatestplus.scalacheck.CheckerAsserting$$anon$2.indicateFailure(CheckerAsserting.scala:238)
[info]   at org.scalatestplus.scalacheck.UnitCheckerAsserting$CheckerAssertingImpl.check(CheckerAsserting.scala:160)
[info]   at org.scalatestplus.scalacheck.Checkers.check(Checkers.scala:263)
[info]   at org.scalatestplus.scalacheck.Checkers.check$(Checkers.scala:253)
[info]   at frameless.TypedDatasetSuite.check(TypedDatasetSuite.scala:63)
[info]   at frameless.NumericTests.$anonfun$new$30(NumericTests.scala:37)
[info]   at org.scalatest.OutcomeOf.outcomeOf(OutcomeOf.scala:85)
[info]   at org.scalatest.OutcomeOf.outcomeOf$(OutcomeOf.scala:83)
[info]   at org.scalatest.OutcomeOf$.outcomeOf(OutcomeOf.scala:104)
[info]   at org.scalatest.Transformer.apply(Transformer.scala:22)
[info]   at org.scalatest.Transformer.apply(Transformer.scala:20)
[info]   at org.scalatest.funsuite.AnyFunSuiteLike$$anon$1.apply(AnyFunSuiteLike.scala:226)
[info]   at org.scalatest.TestSuite.withFixture(TestSuite.scala:196)
[info]   at org.scalatest.TestSuite.withFixture$(TestSuite.scala:195)
[info]   at org.scalatest.funsuite.AnyFunSuite.withFixture(AnyFunSuite.scala:1564)
[info]   at org.scalatest.funsuite.AnyFunSuiteLike.invokeWithFixture$1(AnyFunSuiteLike.scala:224)
[info]   at org.scalatest.funsuite.AnyFunSuiteLike.$anonfun$runTest$1(AnyFunSuiteLike.scala:236)
[info]   at org.scalatest.SuperEngine.runTestImpl(Engine.scala:306)
[info]   at org.scalatest.funsuite.AnyFunSuiteLike.runTest(AnyFunSuiteLike.scala:236)
[info]   at org.scalatest.funsuite.AnyFunSuiteLike.runTest$(AnyFunSuiteLike.scala:218)
[info]   at org.scalatest.funsuite.AnyFunSuite.runTest(AnyFunSuite.scala:1564)
[info]   at org.scalatest.funsuite.AnyFunSuiteLike.$anonfun$runTests$1(AnyFunSuiteLike.scala:269)
[info]   at org.scalatest.SuperEngine.$anonfun$runTestsInBranch$1(Engine.scala:413)
[info]   at scala.collection.immutable.List.foreach(List.scala:334)
[info]   at org.scalatest.SuperEngine.traverseSubNodes$1(Engine.scala:401)
[info]   at org.scalatest.SuperEngine.runTestsInBranch(Engine.scala:396)
[info]   at org.scalatest.SuperEngine.runTestsImpl(Engine.scala:475)
[info]   at org.scalatest.funsuite.AnyFunSuiteLike.runTests(AnyFunSuiteLike.scala:269)
[info]   at org.scalatest.funsuite.AnyFunSuiteLike.runTests$(AnyFunSuiteLike.scala:268)
[info]   at org.scalatest.funsuite.AnyFunSuite.runTests(AnyFunSuite.scala:1564)
[info]   at org.scalatest.Suite.run(Suite.scala:1114)
[info]   at org.scalatest.Suite.run$(Suite.scala:1096)
[info]   at org.scalatest.funsuite.AnyFunSuite.org$scalatest$funsuite$AnyFunSuiteLike$$super$run(AnyFunSuite.scala:1564)
[info]   at org.scalatest.funsuite.AnyFunSuiteLike.$anonfun$run$1(AnyFunSuiteLike.scala:273)
[info]   at org.scalatest.SuperEngine.runImpl(Engine.scala:535)
[info]   at org.scalatest.funsuite.AnyFunSuiteLike.run(AnyFunSuiteLike.scala:273)
[info]   at org.scalatest.funsuite.AnyFunSuiteLike.run$(AnyFunSuiteLike.scala:272)
[info]   at frameless.TypedDatasetSuite.org$scalatest$BeforeAndAfterAll$$super$run(TypedDatasetSuite.scala:63)
[info]   at org.scalatest.BeforeAndAfterAll.liftedTree1$1(BeforeAndAfterAll.scala:213)
[info]   at org.scalatest.BeforeAndAfterAll.run(BeforeAndAfterAll.scala:210)
[info]   at org.scalatest.BeforeAndAfterAll.run$(BeforeAndAfterAll.scala:208)
[info]   at frameless.TypedDatasetSuite.run(TypedDatasetSuite.scala:63)
[info]   at org.scalatest.tools.Framework.org$scalatest$tools$Framework$$runSuite(Framework.scala:321)
[info]   at org.scalatest.tools.Framework$ScalaTestTask.execute(Framework.scala:517)
[info]   at sbt.ForkMain$Run.lambda$runTest$1(ForkMain.java:414)
[info]   at java.base/java.util.concurrent.FutureTask.run(FutureTask.java:317)
[info]   at java.base/java.util.concurrent.ThreadPoolExecutor.runWorker(ThreadPoolExecutor.java:1144)
[info]   at java.base/java.util.concurrent.ThreadPoolExecutor$Worker.run(ThreadPoolExecutor.java:642)
[info]   at java.base/java.lang.Thread.run(Thread.java:1583)
[info]   Cause: java.lang.IllegalArgumentException: argument type mismatch
[info]   at java.base/jdk.internal.reflect.DirectConstructorHandleAccessor.newInstance(DirectConstructorHandleAccessor.java:65)
[info]   at java.base/java.lang.reflect.Constructor.newInstanceWithCaller(Constructor.java:502)
[info]   at java.base/java.lang.reflect.Constructor.newInstance(Constructor.java:486)
[info]   at frameless.TypedExpressionEncoder$.$anonfun$apply$3(TypedExpressionEncoder.scala:55)
[info]   at scala.Option.map(Option.scala:242)
[info]   at frameless.TypedExpressionEncoder$.apply(TypedExpressionEncoder.scala:54)
[info]   at frameless.TypedDataset$.create(TypedDataset.scala:1325)
[info]   at frameless.NumericTests.prop$2(NumericTests.scala:30)
[info]   at frameless.NumericTests.$anonfun$new$41(NumericTests.scala:37)
[info]   at org.scalacheck.Prop$.$anonfun$forAll$18(Prop.scala:1131)
[info]   at scala.Function1.$anonfun$andThen$1(Function1.scala:87)
[info]   at org.scalacheck.Prop$.$anonfun$forAllShrink$2(Prop.scala:868)
[info]   at org.scalacheck.Prop$.secure(Prop.scala:484)
[info]   at org.scalacheck.Prop$.result$1(Prop.scala:868)
[info]   at org.scalacheck.Prop$.$anonfun$forAllShrink$4(Prop.scala:880)
[info]   at scala.collection.immutable.Stream.map(Stream.scala:173)
[info]   at org.scalacheck.Prop$.getFirstFailure$1(Prop.scala:880)
[info]   at org.scalacheck.Prop$.shrinker$1(Prop.scala:895)
[info]   at org.scalacheck.Prop$.$anonfun$forAllShrink$1(Prop.scala:916)
[info]   at org.scalacheck.Prop$.$anonfun$apply$1(Prop.scala:305)
[info]   at org.scalacheck.PropFromFun.apply(Prop.scala:20)
[info]   at org.scalacheck.Prop$.result$1(Prop.scala:869)
[info]   at org.scalacheck.Prop$.$anonfun$forAllShrink$4(Prop.scala:880)
[info]   at scala.collection.immutable.Stream.map(Stream.scala:173)
[info]   at org.scalacheck.Prop$.getFirstFailure$1(Prop.scala:880)
[info]   at org.scalacheck.Prop$.shrinker$1(Prop.scala:895)
[info]   at org.scalacheck.Prop$.$anonfun$forAllShrink$1(Prop.scala:916)
[info]   at org.scalacheck.Prop$.$anonfun$apply$1(Prop.scala:305)
[info]   at org.scalacheck.PropFromFun.apply(Prop.scala:20)
[info]   at org.scalacheck.Test$.workerFun$1(Test.scala:486)
[info]   at org.scalacheck.Test$.$anonfun$check$4(Test.scala:518)
[info]   at org.scalacheck.Test$.$anonfun$check$4$adapted(Test.scala:518)
[info]   at org.scalacheck.Platform$.runWorkers(Platform.scala:42)
[info]   at org.scalacheck.Test$.check(Test.scala:518)
[info]   at org.scalatestplus.scalacheck.UnitCheckerAsserting$CheckerAssertingImpl.check(CheckerAsserting.scala:90)
[info]   at org.scalatestplus.scalacheck.Checkers.check(Checkers.scala:263)
[info]   at org.scalatestplus.scalacheck.Checkers.check$(Checkers.scala:253)
[info]   at frameless.TypedDatasetSuite.check(TypedDatasetSuite.scala:63)
[info]   at frameless.NumericTests.$anonfun$new$30(NumericTests.scala:37)
[info]   at org.scalatest.OutcomeOf.outcomeOf(OutcomeOf.scala:85)
[info]   at org.scalatest.OutcomeOf.outcomeOf$(OutcomeOf.scala:83)
[info]   at org.scalatest.OutcomeOf$.outcomeOf(OutcomeOf.scala:104)
[info]   at org.scalatest.Transformer.apply(Transformer.scala:22)
[info]   at org.scalatest.Transformer.apply(Transformer.scala:20)
[info]   at org.scalatest.funsuite.AnyFunSuiteLike$$anon$1.apply(AnyFunSuiteLike.scala:226)
[info]   at org.scalatest.TestSuite.withFixture(TestSuite.scala:196)
[info]   at org.scalatest.TestSuite.withFixture$(TestSuite.scala:195)
[info]   at org.scalatest.funsuite.AnyFunSuite.withFixture(AnyFunSuite.scala:1564)
[info]   at org.scalatest.funsuite.AnyFunSuiteLike.invokeWithFixture$1(AnyFunSuiteLike.scala:224)
[info]   at org.scalatest.funsuite.AnyFunSuiteLike.$anonfun$runTest$1(AnyFunSuiteLike.scala:236)
[info]   at org.scalatest.SuperEngine.runTestImpl(Engine.scala:306)
[info]   at org.scalatest.funsuite.AnyFunSuiteLike.runTest(AnyFunSuiteLike.scala:236)
[info]   at org.scalatest.funsuite.AnyFunSuiteLike.runTest$(AnyFunSuiteLike.scala:218)
[info]   at org.scalatest.funsuite.AnyFunSuite.runTest(AnyFunSuite.scala:1564)
[info]   at org.scalatest.funsuite.AnyFunSuiteLike.$anonfun$runTests$1(AnyFunSuiteLike.scala:269)
[info]   at org.scalatest.SuperEngine.$anonfun$runTestsInBranch$1(Engine.scala:413)
[info]   at scala.collection.immutable.List.foreach(List.scala:334)
[info]   at org.scalatest.SuperEngine.traverseSubNodes$1(Engine.scala:401)
[info]   at org.scalatest.SuperEngine.runTestsInBranch(Engine.scala:396)
[info]   at org.scalatest.SuperEngine.runTestsImpl(Engine.scala:475)
[info]   at org.scalatest.funsuite.AnyFunSuiteLike.runTests(AnyFunSuiteLike.scala:269)
[info]   at org.scalatest.funsuite.AnyFunSuiteLike.runTests$(AnyFunSuiteLike.scala:268)
[info]   at org.scalatest.funsuite.AnyFunSuite.runTests(AnyFunSuite.scala:1564)
[info]   at org.scalatest.Suite.run(Suite.scala:1114)
[info]   at org.scalatest.Suite.run$(Suite.scala:1096)
[info]   at org.scalatest.funsuite.AnyFunSuite.org$scalatest$funsuite$AnyFunSuiteLike$$super$run(AnyFunSuite.scala:1564)
[info]   at org.scalatest.funsuite.AnyFunSuiteLike.$anonfun$run$1(AnyFunSuiteLike.scala:273)
[info]   at org.scalatest.SuperEngine.runImpl(Engine.scala:535)
[info]   at org.scalatest.funsuite.AnyFunSuiteLike.run(AnyFunSuiteLike.scala:273)
[info]   at org.scalatest.funsuite.AnyFunSuiteLike.run$(AnyFunSuiteLike.scala:272)
[info]   at frameless.TypedDatasetSuite.org$scalatest$BeforeAndAfterAll$$super$run(TypedDatasetSuite.scala:63)
[info]   at org.scalatest.BeforeAndAfterAll.liftedTree1$1(BeforeAndAfterAll.scala:213)
[info]   at org.scalatest.BeforeAndAfterAll.run(BeforeAndAfterAll.scala:210)
[info]   at org.scalatest.BeforeAndAfterAll.run$(BeforeAndAfterAll.scala:208)
[info]   at frameless.TypedDatasetSuite.run(TypedDatasetSuite.scala:63)
[info]   at org.scalatest.tools.Framework.org$scalatest$tools$Framework$$runSuite(Framework.scala:321)
[info]   at org.scalatest.tools.Framework$ScalaTestTask.execute(Framework.scala:517)
[info]   at sbt.ForkMain$Run.lambda$runTest$1(ForkMain.java:414)
[info]   at java.base/java.util.concurrent.FutureTask.run(FutureTask.java:317)
[info]   at java.base/java.util.concurrent.ThreadPoolExecutor.runWorker(ThreadPoolExecutor.java:1144)
[info]   at java.base/java.util.concurrent.ThreadPoolExecutor$Worker.run(ThreadPoolExecutor.java:642)
[info]   at java.base/java.lang.Thread.run(Thread.java:1583)
[info]   Cause: java.lang.ClassCastException: Cannot cast scala.reflect.ClassTag$GenericClassTag to org.apache.spark.sql.catalyst.expressions.Expression
[info]   at java.base/java.lang.Class.cast(Class.java:4067)
[info]   at java.base/jdk.internal.reflect.DirectConstructorHandleAccessor.newInstance(DirectConstructorHandleAccessor.java:62)
[info]   at java.base/java.lang.reflect.Constructor.newInstanceWithCaller(Constructor.java:502)
[info]   at java.base/java.lang.reflect.Constructor.newInstance(Constructor.java:486)
[info]   at frameless.TypedExpressionEncoder$.$anonfun$apply$3(TypedExpressionEncoder.scala:55)
[info]   at scala.Option.map(Option.scala:242)
[info]   at frameless.TypedExpressionEncoder$.apply(TypedExpressionEncoder.scala:54)
[info]   at frameless.TypedDataset$.create(TypedDataset.scala:1325)
[info]   at frameless.NumericTests.prop$2(NumericTests.scala:30)
[info]   at frameless.NumericTests.$anonfun$new$41(NumericTests.scala:37)
[info]   at org.scalacheck.Prop$.$anonfun$forAll$18(Prop.scala:1131)
[info]   at scala.Function1.$anonfun$andThen$1(Function1.scala:87)
[info]   at org.scalacheck.Prop$.$anonfun$forAllShrink$2(Prop.scala:868)
[info]   at org.scalacheck.Prop$.secure(Prop.scala:484)
[info]   at org.scalacheck.Prop$.result$1(Prop.scala:868)
[info]   at org.scalacheck.Prop$.$anonfun$forAllShrink$4(Prop.scala:880)
[info]   at scala.collection.immutable.Stream.map(Stream.scala:173)
[info]   at org.scalacheck.Prop$.getFirstFailure$1(Prop.scala:880)
[info]   at org.scalacheck.Prop$.shrinker$1(Prop.scala:895)
[info]   at org.scalacheck.Prop$.$anonfun$forAllShrink$1(Prop.scala:916)
[info]   at org.scalacheck.Prop$.$anonfun$apply$1(Prop.scala:305)
[info]   at org.scalacheck.PropFromFun.apply(Prop.scala:20)
[info]   at org.scalacheck.Prop$.result$1(Prop.scala:869)
[info]   at org.scalacheck.Prop$.$anonfun$forAllShrink$4(Prop.scala:880)
[info]   at scala.collection.immutable.Stream.map(Stream.scala:173)
[info]   at org.scalacheck.Prop$.getFirstFailure$1(Prop.scala:880)
[info]   at org.scalacheck.Prop$.shrinker$1(Prop.scala:895)
[info]   at org.scalacheck.Prop$.$anonfun$forAllShrink$1(Prop.scala:916)
[info]   at org.scalacheck.Prop$.$anonfun$apply$1(Prop.scala:305)
[info]   at org.scalacheck.PropFromFun.apply(Prop.scala:20)
[info]   at org.scalacheck.Test$.workerFun$1(Test.scala:486)
[info]   at org.scalacheck.Test$.$anonfun$check$4(Test.scala:518)
[info]   at org.scalacheck.Test$.$anonfun$check$4$adapted(Test.scala:518)
[info]   at org.scalacheck.Platform$.runWorkers(Platform.scala:42)
[info]   at org.scalacheck.Test$.check(Test.scala:518)
[info]   at org.scalatestplus.scalacheck.UnitCheckerAsserting$CheckerAssertingImpl.check(CheckerAsserting.scala:90)
[info]   at org.scalatestplus.scalacheck.Checkers.check(Checkers.scala:263)
[info]   at org.scalatestplus.scalacheck.Checkers.check$(Checkers.scala:253)
[info]   at frameless.TypedDatasetSuite.check(TypedDatasetSuite.scala:63)
[info]   at frameless.NumericTests.$anonfun$new$30(NumericTests.scala:37)
[info]   at org.scalatest.OutcomeOf.outcomeOf(OutcomeOf.scala:85)
[info]   at org.scalatest.OutcomeOf.outcomeOf$(OutcomeOf.scala:83)
[info]   at org.scalatest.OutcomeOf$.outcomeOf(OutcomeOf.scala:104)
[info]   at org.scalatest.Transformer.apply(Transformer.scala:22)
[info]   at org.scalatest.Transformer.apply(Transformer.scala:20)
[info]   at org.scalatest.funsuite.AnyFunSuiteLike$$anon$1.apply(AnyFunSuiteLike.scala:226)
[info]   at org.scalatest.TestSuite.withFixture(TestSuite.scala:196)
[info]   at org.scalatest.TestSuite.withFixture$(TestSuite.scala:195)
[info]   at org.scalatest.funsuite.AnyFunSuite.withFixture(AnyFunSuite.scala:1564)
[info]   at org.scalatest.funsuite.AnyFunSuiteLike.invokeWithFixture$1(AnyFunSuiteLike.scala:224)
[info]   at org.scalatest.funsuite.AnyFunSuiteLike.$anonfun$runTest$1(AnyFunSuiteLike.scala:236)
[info]   at org.scalatest.SuperEngine.runTestImpl(Engine.scala:306)
[info]   at org.scalatest.funsuite.AnyFunSuiteLike.runTest(AnyFunSuiteLike.scala:236)
[info]   at org.scalatest.funsuite.AnyFunSuiteLike.runTest$(AnyFunSuiteLike.scala:218)
[info]   at org.scalatest.funsuite.AnyFunSuite.runTest(AnyFunSuite.scala:1564)
[info]   at org.scalatest.funsuite.AnyFunSuiteLike.$anonfun$runTests$1(AnyFunSuiteLike.scala:269)
[info]   at org.scalatest.SuperEngine.$anonfun$runTestsInBranch$1(Engine.scala:413)
[info]   at scala.collection.immutable.List.foreach(List.scala:334)
[info]   at org.scalatest.SuperEngine.traverseSubNodes$1(Engine.scala:401)
[info]   at org.scalatest.SuperEngine.runTestsInBranch(Engine.scala:396)
[info]   at org.scalatest.SuperEngine.runTestsImpl(Engine.scala:475)
[info]   at org.scalatest.funsuite.AnyFunSuiteLike.runTests(AnyFunSuiteLike.scala:269)
[info]   at org.scalatest.funsuite.AnyFunSuiteLike.runTests$(AnyFunSuiteLike.scala:268)
[info]   at org.scalatest.funsuite.AnyFunSuite.runTests(AnyFunSuite.scala:1564)
[info]   at org.scalatest.Suite.run(Suite.scala:1114)
[info]   at org.scalatest.Suite.run$(Suite.scala:1096)
[info]   at org.scalatest.funsuite.AnyFunSuite.org$scalatest$funsuite$AnyFunSuiteLike$$super$run(AnyFunSuite.scala:1564)
[info]   at org.scalatest.funsuite.AnyFunSuiteLike.$anonfun$run$1(AnyFunSuiteLike.scala:273)
[info]   at org.scalatest.SuperEngine.runImpl(Engine.scala:535)
[info]   at org.scalatest.funsuite.AnyFunSuiteLike.run(AnyFunSuiteLike.scala:273)
[info]   at org.scalatest.funsuite.AnyFunSuiteLike.run$(AnyFunSuiteLike.scala:272)
[info]   at frameless.TypedDatasetSuite.org$scalatest$BeforeAndAfterAll$$super$run(TypedDatasetSuite.scala:63)
[info]   at org.scalatest.BeforeAndAfterAll.liftedTree1$1(BeforeAndAfterAll.scala:213)
[info]   at org.scalatest.BeforeAndAfterAll.run(BeforeAndAfterAll.scala:210)
[info]   at org.scalatest.BeforeAndAfterAll.run$(BeforeAndAfterAll.scala:208)
[info]   at frameless.TypedDatasetSuite.run(TypedDatasetSuite.scala:63)
[info]   at org.scalatest.tools.Framework.org$scalatest$tools$Framework$$runSuite(Framework.scala:321)
[info]   at org.scalatest.tools.Framework$ScalaTestTask.execute(Framework.scala:517)
[info]   at sbt.ForkMain$Run.lambda$runTest$1(ForkMain.java:414)
[info]   at java.base/java.util.concurrent.FutureTask.run(FutureTask.java:317)
[info]   at java.base/java.util.concurrent.ThreadPoolExecutor.runWorker(ThreadPoolExecutor.java:1144)
[info]   at java.base/java.util.concurrent.ThreadPoolExecutor$Worker.run(ThreadPoolExecutor.java:642)
[info]   at java.base/java.lang.Thread.run(Thread.java:1583)
[info] - multiply *** FAILED *** (5 milliseconds)
[info]   IllegalArgumentException was thrown during property evaluation.
[info]     Message: argument type mismatch
[info]     Occurred when passed generated values (
[info]       arg0 = 0, // 1 shrink
[info]       arg1 = 0 // 7 shrinks
[info]     )
[info]   org.scalatest.exceptions.GeneratorDrivenPropertyCheckFailedException:
[info]   at org.scalatestplus.scalacheck.CheckerAsserting$$anon$2.indicateFailure(CheckerAsserting.scala:251)
[info]   at org.scalatestplus.scalacheck.CheckerAsserting$$anon$2.indicateFailure(CheckerAsserting.scala:238)
[info]   at org.scalatestplus.scalacheck.UnitCheckerAsserting$CheckerAssertingImpl.check(CheckerAsserting.scala:160)
[info]   at org.scalatestplus.scalacheck.Checkers.check(Checkers.scala:263)
[info]   at org.scalatestplus.scalacheck.Checkers.check$(Checkers.scala:253)
[info]   at frameless.TypedDatasetSuite.check(TypedDatasetSuite.scala:63)
[info]   at frameless.NumericTests.$anonfun$new$59(NumericTests.scala:54)
[info]   at org.scalatest.OutcomeOf.outcomeOf(OutcomeOf.scala:85)
[info]   at org.scalatest.OutcomeOf.outcomeOf$(OutcomeOf.scala:83)
[info]   at org.scalatest.OutcomeOf$.outcomeOf(OutcomeOf.scala:104)
[info]   at org.scalatest.Transformer.apply(Transformer.scala:22)
[info]   at org.scalatest.Transformer.apply(Transformer.scala:20)
[info]   at org.scalatest.funsuite.AnyFunSuiteLike$$anon$1.apply(AnyFunSuiteLike.scala:226)
[info]   at org.scalatest.TestSuite.withFixture(TestSuite.scala:196)
[info]   at org.scalatest.TestSuite.withFixture$(TestSuite.scala:195)
[info]   at org.scalatest.funsuite.AnyFunSuite.withFixture(AnyFunSuite.scala:1564)
[info]   at org.scalatest.funsuite.AnyFunSuiteLike.invokeWithFixture$1(AnyFunSuiteLike.scala:224)
[info]   at org.scalatest.funsuite.AnyFunSuiteLike.$anonfun$runTest$1(AnyFunSuiteLike.scala:236)
[info]   at org.scalatest.SuperEngine.runTestImpl(Engine.scala:306)
[info]   at org.scalatest.funsuite.AnyFunSuiteLike.runTest(AnyFunSuiteLike.scala:236)
[info]   at org.scalatest.funsuite.AnyFunSuiteLike.runTest$(AnyFunSuiteLike.scala:218)
[info]   at org.scalatest.funsuite.AnyFunSuite.runTest(AnyFunSuite.scala:1564)
[info]   at org.scalatest.funsuite.AnyFunSuiteLike.$anonfun$runTests$1(AnyFunSuiteLike.scala:269)
[info]   at org.scalatest.SuperEngine.$anonfun$runTestsInBranch$1(Engine.scala:413)
[info]   at scala.collection.immutable.List.foreach(List.scala:334)
[info]   at org.scalatest.SuperEngine.traverseSubNodes$1(Engine.scala:401)
[info]   at org.scalatest.SuperEngine.runTestsInBranch(Engine.scala:396)
[info]   at org.scalatest.SuperEngine.runTestsImpl(Engine.scala:475)
[info]   at org.scalatest.funsuite.AnyFunSuiteLike.runTests(AnyFunSuiteLike.scala:269)
[info]   at org.scalatest.funsuite.AnyFunSuiteLike.runTests$(AnyFunSuiteLike.scala:268)
[info]   at org.scalatest.funsuite.AnyFunSuite.runTests(AnyFunSuite.scala:1564)
[info]   at org.scalatest.Suite.run(Suite.scala:1114)
[info]   at org.scalatest.Suite.run$(Suite.scala:1096)
[info]   at org.scalatest.funsuite.AnyFunSuite.org$scalatest$funsuite$AnyFunSuiteLike$$super$run(AnyFunSuite.scala:1564)
[info]   at org.scalatest.funsuite.AnyFunSuiteLike.$anonfun$run$1(AnyFunSuiteLike.scala:273)
[info]   at org.scalatest.SuperEngine.runImpl(Engine.scala:535)
[info]   at org.scalatest.funsuite.AnyFunSuiteLike.run(AnyFunSuiteLike.scala:273)
[info]   at org.scalatest.funsuite.AnyFunSuiteLike.run$(AnyFunSuiteLike.scala:272)
[info]   at frameless.TypedDatasetSuite.org$scalatest$BeforeAndAfterAll$$super$run(TypedDatasetSuite.scala:63)
[info]   at org.scalatest.BeforeAndAfterAll.liftedTree1$1(BeforeAndAfterAll.scala:213)
[info]   at org.scalatest.BeforeAndAfterAll.run(BeforeAndAfterAll.scala:210)
[info]   at org.scalatest.BeforeAndAfterAll.run$(BeforeAndAfterAll.scala:208)
[info]   at frameless.TypedDatasetSuite.run(TypedDatasetSuite.scala:63)
[info]   at org.scalatest.tools.Framework.org$scalatest$tools$Framework$$runSuite(Framework.scala:321)
[info]   at org.scalatest.tools.Framework$ScalaTestTask.execute(Framework.scala:517)
[info]   at sbt.ForkMain$Run.lambda$runTest$1(ForkMain.java:414)
[info]   at java.base/java.util.concurrent.FutureTask.run(FutureTask.java:317)
[info]   at java.base/java.util.concurrent.ThreadPoolExecutor.runWorker(ThreadPoolExecutor.java:1144)
[info]   at java.base/java.util.concurrent.ThreadPoolExecutor$Worker.run(ThreadPoolExecutor.java:642)
[info]   at java.base/java.lang.Thread.run(Thread.java:1583)
[info]   Cause: java.lang.IllegalArgumentException: argument type mismatch
[info]   at java.base/jdk.internal.reflect.DirectConstructorHandleAccessor.newInstance(DirectConstructorHandleAccessor.java:65)
[info]   at java.base/java.lang.reflect.Constructor.newInstanceWithCaller(Constructor.java:502)
[info]   at java.base/java.lang.reflect.Constructor.newInstance(Constructor.java:486)
[info]   at frameless.TypedExpressionEncoder$.$anonfun$apply$3(TypedExpressionEncoder.scala:55)
[info]   at scala.Option.map(Option.scala:242)
[info]   at frameless.TypedExpressionEncoder$.apply(TypedExpressionEncoder.scala:54)
[info]   at frameless.TypedDataset$.create(TypedDataset.scala:1325)
[info]   at frameless.NumericTests.prop$3(NumericTests.scala:47)
[info]   at frameless.NumericTests.$anonfun$new$70(NumericTests.scala:54)
[info]   at frameless.NumericTests.$anonfun$new$70$adapted(NumericTests.scala:54)
[info]   at org.scalacheck.Prop$.$anonfun$forAll$18(Prop.scala:1131)
[info]   at scala.Function1.$anonfun$andThen$1(Function1.scala:87)
[info]   at org.scalacheck.Prop$.$anonfun$forAllShrink$2(Prop.scala:868)
[info]   at org.scalacheck.Prop$.secure(Prop.scala:484)
[info]   at org.scalacheck.Prop$.result$1(Prop.scala:868)
[info]   at org.scalacheck.Prop$.$anonfun$forAllShrink$4(Prop.scala:880)
[info]   at scala.collection.immutable.Stream.map(Stream.scala:173)
[info]   at org.scalacheck.Prop$.getFirstFailure$1(Prop.scala:880)
[info]   at org.scalacheck.Prop$.shrinker$1(Prop.scala:895)
[info]   at org.scalacheck.Prop$.$anonfun$forAllShrink$1(Prop.scala:916)
[info]   at org.scalacheck.Prop$.$anonfun$apply$1(Prop.scala:305)
[info]   at org.scalacheck.PropFromFun.apply(Prop.scala:20)
[info]   at org.scalacheck.Prop$.result$1(Prop.scala:869)
[info]   at org.scalacheck.Prop$.$anonfun$forAllShrink$4(Prop.scala:880)
[info]   at scala.collection.immutable.Stream.map(Stream.scala:173)
[info]   at org.scalacheck.Prop$.getFirstFailure$1(Prop.scala:880)
[info]   at org.scalacheck.Prop$.shrinker$1(Prop.scala:895)
[info]   at org.scalacheck.Prop$.$anonfun$forAllShrink$1(Prop.scala:916)
[info]   at org.scalacheck.Prop$.$anonfun$apply$1(Prop.scala:305)
[info]   at org.scalacheck.PropFromFun.apply(Prop.scala:20)
[info]   at org.scalacheck.Test$.workerFun$1(Test.scala:486)
[info]   at org.scalacheck.Test$.$anonfun$check$4(Test.scala:518)
[info]   at org.scalacheck.Test$.$anonfun$check$4$adapted(Test.scala:518)
[info]   at org.scalacheck.Platform$.runWorkers(Platform.scala:42)
[info]   at org.scalacheck.Test$.check(Test.scala:518)
[info]   at org.scalatestplus.scalacheck.UnitCheckerAsserting$CheckerAssertingImpl.check(CheckerAsserting.scala:90)
[info]   at org.scalatestplus.scalacheck.Checkers.check(Checkers.scala:263)
[info]   at org.scalatestplus.scalacheck.Checkers.check$(Checkers.scala:253)
[info]   at frameless.TypedDatasetSuite.check(TypedDatasetSuite.scala:63)
[info]   at frameless.NumericTests.$anonfun$new$59(NumericTests.scala:54)
[info]   at org.scalatest.OutcomeOf.outcomeOf(OutcomeOf.scala:85)
[info]   at org.scalatest.OutcomeOf.outcomeOf$(OutcomeOf.scala:83)
[info]   at org.scalatest.OutcomeOf$.outcomeOf(OutcomeOf.scala:104)
[info]   at org.scalatest.Transformer.apply(Transformer.scala:22)
[info]   at org.scalatest.Transformer.apply(Transformer.scala:20)
[info]   at org.scalatest.funsuite.AnyFunSuiteLike$$anon$1.apply(AnyFunSuiteLike.scala:226)
[info]   at org.scalatest.TestSuite.withFixture(TestSuite.scala:196)
[info]   at org.scalatest.TestSuite.withFixture$(TestSuite.scala:195)
[info]   at org.scalatest.funsuite.AnyFunSuite.withFixture(AnyFunSuite.scala:1564)
[info]   at org.scalatest.funsuite.AnyFunSuiteLike.invokeWithFixture$1(AnyFunSuiteLike.scala:224)
[info]   at org.scalatest.funsuite.AnyFunSuiteLike.$anonfun$runTest$1(AnyFunSuiteLike.scala:236)
[info]   at org.scalatest.SuperEngine.runTestImpl(Engine.scala:306)
[info]   at org.scalatest.funsuite.AnyFunSuiteLike.runTest(AnyFunSuiteLike.scala:236)
[info]   at org.scalatest.funsuite.AnyFunSuiteLike.runTest$(AnyFunSuiteLike.scala:218)
[info]   at org.scalatest.funsuite.AnyFunSuite.runTest(AnyFunSuite.scala:1564)
[info]   at org.scalatest.funsuite.AnyFunSuiteLike.$anonfun$runTests$1(AnyFunSuiteLike.scala:269)
[info]   at org.scalatest.SuperEngine.$anonfun$runTestsInBranch$1(Engine.scala:413)
[info]   at scala.collection.immutable.List.foreach(List.scala:334)
[info]   at org.scalatest.SuperEngine.traverseSubNodes$1(Engine.scala:401)
[info]   at org.scalatest.SuperEngine.runTestsInBranch(Engine.scala:396)
[info]   at org.scalatest.SuperEngine.runTestsImpl(Engine.scala:475)
[info]   at org.scalatest.funsuite.AnyFunSuiteLike.runTests(AnyFunSuiteLike.scala:269)
[info]   at org.scalatest.funsuite.AnyFunSuiteLike.runTests$(AnyFunSuiteLike.scala:268)
[info]   at org.scalatest.funsuite.AnyFunSuite.runTests(AnyFunSuite.scala:1564)
[info]   at org.scalatest.Suite.run(Suite.scala:1114)
[info]   at org.scalatest.Suite.run$(Suite.scala:1096)
[info]   at org.scalatest.funsuite.AnyFunSuite.org$scalatest$funsuite$AnyFunSuiteLike$$super$run(AnyFunSuite.scala:1564)
[info]   at org.scalatest.funsuite.AnyFunSuiteLike.$anonfun$run$1(AnyFunSuiteLike.scala:273)
[info]   at org.scalatest.SuperEngine.runImpl(Engine.scala:535)
[info]   at org.scalatest.funsuite.AnyFunSuiteLike.run(AnyFunSuiteLike.scala:273)
[info]   at org.scalatest.funsuite.AnyFunSuiteLike.run$(AnyFunSuiteLike.scala:272)
[info]   at frameless.TypedDatasetSuite.org$scalatest$BeforeAndAfterAll$$super$run(TypedDatasetSuite.scala:63)
[info]   at org.scalatest.BeforeAndAfterAll.liftedTree1$1(BeforeAndAfterAll.scala:213)
[info]   at org.scalatest.BeforeAndAfterAll.run(BeforeAndAfterAll.scala:210)
[info]   at org.scalatest.BeforeAndAfterAll.run$(BeforeAndAfterAll.scala:208)
[info]   at frameless.TypedDatasetSuite.run(TypedDatasetSuite.scala:63)
[info]   at org.scalatest.tools.Framework.org$scalatest$tools$Framework$$runSuite(Framework.scala:321)
[info]   at org.scalatest.tools.Framework$ScalaTestTask.execute(Framework.scala:517)
[info]   at sbt.ForkMain$Run.lambda$runTest$1(ForkMain.java:414)
[info]   at java.base/java.util.concurrent.FutureTask.run(FutureTask.java:317)
[info]   at java.base/java.util.concurrent.ThreadPoolExecutor.runWorker(ThreadPoolExecutor.java:1144)
[info]   at java.base/java.util.concurrent.ThreadPoolExecutor$Worker.run(ThreadPoolExecutor.java:642)
[info]   at java.base/java.lang.Thread.run(Thread.java:1583)
[info]   Cause: java.lang.ClassCastException: Cannot cast scala.reflect.ClassTag$GenericClassTag to org.apache.spark.sql.catalyst.expressions.Expression
[info]   at java.base/java.lang.Class.cast(Class.java:4067)
[info]   at java.base/jdk.internal.reflect.DirectConstructorHandleAccessor.newInstance(DirectConstructorHandleAccessor.java:62)
[info]   at java.base/java.lang.reflect.Constructor.newInstanceWithCaller(Constructor.java:502)
[info]   at java.base/java.lang.reflect.Constructor.newInstance(Constructor.java:486)
[info]   at frameless.TypedExpressionEncoder$.$anonfun$apply$3(TypedExpressionEncoder.scala:55)
[info]   at scala.Option.map(Option.scala:242)
[info]   at frameless.TypedExpressionEncoder$.apply(TypedExpressionEncoder.scala:54)
[info]   at frameless.TypedDataset$.create(TypedDataset.scala:1325)
[info]   at frameless.NumericTests.prop$3(NumericTests.scala:47)
[info]   at frameless.NumericTests.$anonfun$new$70(NumericTests.scala:54)
[info]   at frameless.NumericTests.$anonfun$new$70$adapted(NumericTests.scala:54)
[info]   at org.scalacheck.Prop$.$anonfun$forAll$18(Prop.scala:1131)
[info]   at scala.Function1.$anonfun$andThen$1(Function1.scala:87)
[info]   at org.scalacheck.Prop$.$anonfun$forAllShrink$2(Prop.scala:868)
[info]   at org.scalacheck.Prop$.secure(Prop.scala:484)
[info]   at org.scalacheck.Prop$.result$1(Prop.scala:868)
[info]   at org.scalacheck.Prop$.$anonfun$forAllShrink$4(Prop.scala:880)
[info]   at scala.collection.immutable.Stream.map(Stream.scala:173)
[info]   at org.scalacheck.Prop$.getFirstFailure$1(Prop.scala:880)
[info]   at org.scalacheck.Prop$.shrinker$1(Prop.scala:895)
[info]   at org.scalacheck.Prop$.$anonfun$forAllShrink$1(Prop.scala:916)
[info]   at org.scalacheck.Prop$.$anonfun$apply$1(Prop.scala:305)
[info]   at org.scalacheck.PropFromFun.apply(Prop.scala:20)
[info]   at org.scalacheck.Prop$.result$1(Prop.scala:869)
[info]   at org.scalacheck.Prop$.$anonfun$forAllShrink$4(Prop.scala:880)
[info]   at scala.collection.immutable.Stream.map(Stream.scala:173)
[info]   at org.scalacheck.Prop$.getFirstFailure$1(Prop.scala:880)
[info]   at org.scalacheck.Prop$.shrinker$1(Prop.scala:895)
[info]   at org.scalacheck.Prop$.$anonfun$forAllShrink$1(Prop.scala:916)
[info]   at org.scalacheck.Prop$.$anonfun$apply$1(Prop.scala:305)
[info]   at org.scalacheck.PropFromFun.apply(Prop.scala:20)
[info]   at org.scalacheck.Test$.workerFun$1(Test.scala:486)
[info]   at org.scalacheck.Test$.$anonfun$check$4(Test.scala:518)
[info]   at org.scalacheck.Test$.$anonfun$check$4$adapted(Test.scala:518)
[info]   at org.scalacheck.Platform$.runWorkers(Platform.scala:42)
[info]   at org.scalacheck.Test$.check(Test.scala:518)
[info]   at org.scalatestplus.scalacheck.UnitCheckerAsserting$CheckerAssertingImpl.check(CheckerAsserting.scala:90)
[info]   at org.scalatestplus.scalacheck.Checkers.check(Checkers.scala:263)
[info]   at org.scalatestplus.scalacheck.Checkers.check$(Checkers.scala:253)
[info]   at frameless.TypedDatasetSuite.check(TypedDatasetSuite.scala:63)
[info]   at frameless.NumericTests.$anonfun$new$59(NumericTests.scala:54)
[info]   at org.scalatest.OutcomeOf.outcomeOf(OutcomeOf.scala:85)
[info]   at org.scalatest.OutcomeOf.outcomeOf$(OutcomeOf.scala:83)
[info]   at org.scalatest.OutcomeOf$.outcomeOf(OutcomeOf.scala:104)
[info]   at org.scalatest.Transformer.apply(Transformer.scala:22)
[info]   at org.scalatest.Transformer.apply(Transformer.scala:20)
[info]   at org.scalatest.funsuite.AnyFunSuiteLike$$anon$1.apply(AnyFunSuiteLike.scala:226)
[info]   at org.scalatest.TestSuite.withFixture(TestSuite.scala:196)
[info]   at org.scalatest.TestSuite.withFixture$(TestSuite.scala:195)
[info]   at org.scalatest.funsuite.AnyFunSuite.withFixture(AnyFunSuite.scala:1564)
[info]   at org.scalatest.funsuite.AnyFunSuiteLike.invokeWithFixture$1(AnyFunSuiteLike.scala:224)
[info]   at org.scalatest.funsuite.AnyFunSuiteLike.$anonfun$runTest$1(AnyFunSuiteLike.scala:236)
[info]   at org.scalatest.SuperEngine.runTestImpl(Engine.scala:306)
[info]   at org.scalatest.funsuite.AnyFunSuiteLike.runTest(AnyFunSuiteLike.scala:236)
[info]   at org.scalatest.funsuite.AnyFunSuiteLike.runTest$(AnyFunSuiteLike.scala:218)
[info]   at org.scalatest.funsuite.AnyFunSuite.runTest(AnyFunSuite.scala:1564)
[info]   at org.scalatest.funsuite.AnyFunSuiteLike.$anonfun$runTests$1(AnyFunSuiteLike.scala:269)
[info]   at org.scalatest.SuperEngine.$anonfun$runTestsInBranch$1(Engine.scala:413)
[info]   at scala.collection.immutable.List.foreach(List.scala:334)
[info]   at org.scalatest.SuperEngine.traverseSubNodes$1(Engine.scala:401)
[info]   at org.scalatest.SuperEngine.runTestsInBranch(Engine.scala:396)
[info]   at org.scalatest.SuperEngine.runTestsImpl(Engine.scala:475)
[info]   at org.scalatest.funsuite.AnyFunSuiteLike.runTests(AnyFunSuiteLike.scala:269)
[info]   at org.scalatest.funsuite.AnyFunSuiteLike.runTests$(AnyFunSuiteLike.scala:268)
[info]   at org.scalatest.funsuite.AnyFunSuite.runTests(AnyFunSuite.scala:1564)
[info]   at org.scalatest.Suite.run(Suite.scala:1114)
[info]   at org.scalatest.Suite.run$(Suite.scala:1096)
[info]   at org.scalatest.funsuite.AnyFunSuite.org$scalatest$funsuite$AnyFunSuiteLike$$super$run(AnyFunSuite.scala:1564)
[info]   at org.scalatest.funsuite.AnyFunSuiteLike.$anonfun$run$1(AnyFunSuiteLike.scala:273)
[info]   at org.scalatest.SuperEngine.runImpl(Engine.scala:535)
[info]   at org.scalatest.funsuite.AnyFunSuiteLike.run(AnyFunSuiteLike.scala:273)
[info]   at org.scalatest.funsuite.AnyFunSuiteLike.run$(AnyFunSuiteLike.scala:272)
[info]   at frameless.TypedDatasetSuite.org$scalatest$BeforeAndAfterAll$$super$run(TypedDatasetSuite.scala:63)
[info]   at org.scalatest.BeforeAndAfterAll.liftedTree1$1(BeforeAndAfterAll.scala:213)
[info]   at org.scalatest.BeforeAndAfterAll.run(BeforeAndAfterAll.scala:210)
[info]   at org.scalatest.BeforeAndAfterAll.run$(BeforeAndAfterAll.scala:208)
[info]   at frameless.TypedDatasetSuite.run(TypedDatasetSuite.scala:63)
[info]   at org.scalatest.tools.Framework.org$scalatest$tools$Framework$$runSuite(Framework.scala:321)
[info]   at org.scalatest.tools.Framework$ScalaTestTask.execute(Framework.scala:517)
[info]   at sbt.ForkMain$Run.lambda$runTest$1(ForkMain.java:414)
[info]   at java.base/java.util.concurrent.FutureTask.run(FutureTask.java:317)
[info]   at java.base/java.util.concurrent.ThreadPoolExecutor.runWorker(ThreadPoolExecutor.java:1144)
[info]   at java.base/java.util.concurrent.ThreadPoolExecutor$Worker.run(ThreadPoolExecutor.java:642)
[info]   at java.base/java.lang.Thread.run(Thread.java:1583)
[info] - divide *** FAILED *** (8 milliseconds)
[info]   IllegalArgumentException was thrown during property evaluation.
[info]     Message: argument type mismatch
[info]     Occurred when passed generated values (
[info]       arg0 = 0, // 8 shrinks
[info]       arg1 = 0 // 1 shrink
[info]     )
[info]   org.scalatest.exceptions.GeneratorDrivenPropertyCheckFailedException:
[info]   at org.scalatestplus.scalacheck.CheckerAsserting$$anon$2.indicateFailure(CheckerAsserting.scala:251)
[info]   at org.scalatestplus.scalacheck.CheckerAsserting$$anon$2.indicateFailure(CheckerAsserting.scala:238)
[info]   at org.scalatestplus.scalacheck.UnitCheckerAsserting$CheckerAssertingImpl.check(CheckerAsserting.scala:160)
[info]   at org.scalatestplus.scalacheck.Checkers.check(Checkers.scala:263)
[info]   at org.scalatestplus.scalacheck.Checkers.check$(Checkers.scala:253)
[info]   at frameless.TypedDatasetSuite.check(TypedDatasetSuite.scala:63)
[info]   at frameless.NumericTests.$anonfun$new$85(NumericTests.scala:72)
[info]   at org.scalatest.OutcomeOf.outcomeOf(OutcomeOf.scala:85)
[info]   at org.scalatest.OutcomeOf.outcomeOf$(OutcomeOf.scala:83)
[info]   at org.scalatest.OutcomeOf$.outcomeOf(OutcomeOf.scala:104)
[info]   at org.scalatest.Transformer.apply(Transformer.scala:22)
[info]   at org.scalatest.Transformer.apply(Transformer.scala:20)
[info]   at org.scalatest.funsuite.AnyFunSuiteLike$$anon$1.apply(AnyFunSuiteLike.scala:226)
[info]   at org.scalatest.TestSuite.withFixture(TestSuite.scala:196)
[info]   at org.scalatest.TestSuite.withFixture$(TestSuite.scala:195)
[info]   at org.scalatest.funsuite.AnyFunSuite.withFixture(AnyFunSuite.scala:1564)
[info]   at org.scalatest.funsuite.AnyFunSuiteLike.invokeWithFixture$1(AnyFunSuiteLike.scala:224)
[info]   at org.scalatest.funsuite.AnyFunSuiteLike.$anonfun$runTest$1(AnyFunSuiteLike.scala:236)
[info]   at org.scalatest.SuperEngine.runTestImpl(Engine.scala:306)
[info]   at org.scalatest.funsuite.AnyFunSuiteLike.runTest(AnyFunSuiteLike.scala:236)
[info]   at org.scalatest.funsuite.AnyFunSuiteLike.runTest$(AnyFunSuiteLike.scala:218)
[info]   at org.scalatest.funsuite.AnyFunSuite.runTest(AnyFunSuite.scala:1564)
[info]   at org.scalatest.funsuite.AnyFunSuiteLike.$anonfun$runTests$1(AnyFunSuiteLike.scala:269)
[info]   at org.scalatest.SuperEngine.$anonfun$runTestsInBranch$1(Engine.scala:413)
[info]   at scala.collection.immutable.List.foreach(List.scala:334)
[info]   at org.scalatest.SuperEngine.traverseSubNodes$1(Engine.scala:401)
[info]   at org.scalatest.SuperEngine.runTestsInBranch(Engine.scala:396)
[info]   at org.scalatest.SuperEngine.runTestsImpl(Engine.scala:475)
[info]   at org.scalatest.funsuite.AnyFunSuiteLike.runTests(AnyFunSuiteLike.scala:269)
[info]   at org.scalatest.funsuite.AnyFunSuiteLike.runTests$(AnyFunSuiteLike.scala:268)
[info]   at org.scalatest.funsuite.AnyFunSuite.runTests(AnyFunSuite.scala:1564)
[info]   at org.scalatest.Suite.run(Suite.scala:1114)
[info]   at org.scalatest.Suite.run$(Suite.scala:1096)
[info]   at org.scalatest.funsuite.AnyFunSuite.org$scalatest$funsuite$AnyFunSuiteLike$$super$run(AnyFunSuite.scala:1564)
[info]   at org.scalatest.funsuite.AnyFunSuiteLike.$anonfun$run$1(AnyFunSuiteLike.scala:273)
[info]   at org.scalatest.SuperEngine.runImpl(Engine.scala:535)
[info]   at org.scalatest.funsuite.AnyFunSuiteLike.run(AnyFunSuiteLike.scala:273)
[info]   at org.scalatest.funsuite.AnyFunSuiteLike.run$(AnyFunSuiteLike.scala:272)
[info]   at frameless.TypedDatasetSuite.org$scalatest$BeforeAndAfterAll$$super$run(TypedDatasetSuite.scala:63)
[info]   at org.scalatest.BeforeAndAfterAll.liftedTree1$1(BeforeAndAfterAll.scala:213)
[info]   at org.scalatest.BeforeAndAfterAll.run(BeforeAndAfterAll.scala:210)
[info]   at org.scalatest.BeforeAndAfterAll.run$(BeforeAndAfterAll.scala:208)
[info]   at frameless.TypedDatasetSuite.run(TypedDatasetSuite.scala:63)
[info]   at org.scalatest.tools.Framework.org$scalatest$tools$Framework$$runSuite(Framework.scala:321)
[info]   at org.scalatest.tools.Framework$ScalaTestTask.execute(Framework.scala:517)
[info]   at sbt.ForkMain$Run.lambda$runTest$1(ForkMain.java:414)
[info]   at java.base/java.util.concurrent.FutureTask.run(FutureTask.java:317)
[info]   at java.base/java.util.concurrent.ThreadPoolExecutor.runWorker(ThreadPoolExecutor.java:1144)
[info]   at java.base/java.util.concurrent.ThreadPoolExecutor$Worker.run(ThreadPoolExecutor.java:642)
[info]   at java.base/java.lang.Thread.run(Thread.java:1583)
[info]   Cause: java.lang.IllegalArgumentException: argument type mismatch
[info]   at java.base/jdk.internal.reflect.DirectConstructorHandleAccessor.newInstance(DirectConstructorHandleAccessor.java:65)
[info]   at java.base/java.lang.reflect.Constructor.newInstanceWithCaller(Constructor.java:502)
[info]   at java.base/java.lang.reflect.Constructor.newInstance(Constructor.java:486)
[info]   at frameless.TypedExpressionEncoder$.$anonfun$apply$3(TypedExpressionEncoder.scala:55)
[info]   at scala.Option.map(Option.scala:242)
[info]   at frameless.TypedExpressionEncoder$.apply(TypedExpressionEncoder.scala:54)
[info]   at frameless.TypedDataset$.create(TypedDataset.scala:1325)
[info]   at frameless.NumericTests.prop$4(NumericTests.scala:63)
[info]   at frameless.NumericTests.$anonfun$new$96(NumericTests.scala:72)
[info]   at frameless.NumericTests.$anonfun$new$96$adapted(NumericTests.scala:72)
[info]   at org.scalacheck.Prop$.$anonfun$forAll$18(Prop.scala:1131)
[info]   at scala.Function1.$anonfun$andThen$1(Function1.scala:87)
[info]   at org.scalacheck.Prop$.$anonfun$forAllShrink$2(Prop.scala:868)
[info]   at org.scalacheck.Prop$.secure(Prop.scala:484)
[info]   at org.scalacheck.Prop$.result$1(Prop.scala:868)
[info]   at org.scalacheck.Prop$.$anonfun$forAllShrink$4(Prop.scala:880)
[info]   at scala.collection.immutable.Stream.map(Stream.scala:173)
[info]   at org.scalacheck.Prop$.getFirstFailure$1(Prop.scala:880)
[info]   at org.scalacheck.Prop$.shrinker$1(Prop.scala:895)
[info]   at org.scalacheck.Prop$.$anonfun$forAllShrink$1(Prop.scala:916)
[info]   at org.scalacheck.Prop$.$anonfun$apply$1(Prop.scala:305)
[info]   at org.scalacheck.PropFromFun.apply(Prop.scala:20)
[info]   at org.scalacheck.Prop$.result$1(Prop.scala:869)
[info]   at org.scalacheck.Prop$.$anonfun$forAllShrink$4(Prop.scala:880)
[info]   at scala.collection.immutable.Stream.map(Stream.scala:173)
[info]   at org.scalacheck.Prop$.getFirstFailure$1(Prop.scala:880)
[info]   at org.scalacheck.Prop$.shrinker$1(Prop.scala:895)
[info]   at org.scalacheck.Prop$.$anonfun$forAllShrink$1(Prop.scala:916)
[info]   at org.scalacheck.Prop$.$anonfun$apply$1(Prop.scala:305)
[info]   at org.scalacheck.PropFromFun.apply(Prop.scala:20)
[info]   at org.scalacheck.Test$.workerFun$1(Test.scala:486)
[info]   at org.scalacheck.Test$.$anonfun$check$4(Test.scala:518)
[info]   at org.scalacheck.Test$.$anonfun$check$4$adapted(Test.scala:518)
[info]   at org.scalacheck.Platform$.runWorkers(Platform.scala:42)
[info]   at org.scalacheck.Test$.check(Test.scala:518)
[info]   at org.scalatestplus.scalacheck.UnitCheckerAsserting$CheckerAssertingImpl.check(CheckerAsserting.scala:90)
[info]   at org.scalatestplus.scalacheck.Checkers.check(Checkers.scala:263)
[info]   at org.scalatestplus.scalacheck.Checkers.check$(Checkers.scala:253)
[info]   at frameless.TypedDatasetSuite.check(TypedDatasetSuite.scala:63)
[info]   at frameless.NumericTests.$anonfun$new$85(NumericTests.scala:72)
[info]   at org.scalatest.OutcomeOf.outcomeOf(OutcomeOf.scala:85)
[info]   at org.scalatest.OutcomeOf.outcomeOf$(OutcomeOf.scala:83)
[info]   at org.scalatest.OutcomeOf$.outcomeOf(OutcomeOf.scala:104)
[info]   at org.scalatest.Transformer.apply(Transformer.scala:22)
[info]   at org.scalatest.Transformer.apply(Transformer.scala:20)
[info]   at org.scalatest.funsuite.AnyFunSuiteLike$$anon$1.apply(AnyFunSuiteLike.scala:226)
[info]   at org.scalatest.TestSuite.withFixture(TestSuite.scala:196)
[info]   at org.scalatest.TestSuite.withFixture$(TestSuite.scala:195)
[info]   at org.scalatest.funsuite.AnyFunSuite.withFixture(AnyFunSuite.scala:1564)
[info]   at org.scalatest.funsuite.AnyFunSuiteLike.invokeWithFixture$1(AnyFunSuiteLike.scala:224)
[info]   at org.scalatest.funsuite.AnyFunSuiteLike.$anonfun$runTest$1(AnyFunSuiteLike.scala:236)
[info]   at org.scalatest.SuperEngine.runTestImpl(Engine.scala:306)
[info]   at org.scalatest.funsuite.AnyFunSuiteLike.runTest(AnyFunSuiteLike.scala:236)
[info]   at org.scalatest.funsuite.AnyFunSuiteLike.runTest$(AnyFunSuiteLike.scala:218)
[info]   at org.scalatest.funsuite.AnyFunSuite.runTest(AnyFunSuite.scala:1564)
[info]   at org.scalatest.funsuite.AnyFunSuiteLike.$anonfun$runTests$1(AnyFunSuiteLike.scala:269)
[info]   at org.scalatest.SuperEngine.$anonfun$runTestsInBranch$1(Engine.scala:413)
[info]   at scala.collection.immutable.List.foreach(List.scala:334)
[info]   at org.scalatest.SuperEngine.traverseSubNodes$1(Engine.scala:401)
[info]   at org.scalatest.SuperEngine.runTestsInBranch(Engine.scala:396)
[info]   at org.scalatest.SuperEngine.runTestsImpl(Engine.scala:475)
[info]   at org.scalatest.funsuite.AnyFunSuiteLike.runTests(AnyFunSuiteLike.scala:269)
[info]   at org.scalatest.funsuite.AnyFunSuiteLike.runTests$(AnyFunSuiteLike.scala:268)
[info]   at org.scalatest.funsuite.AnyFunSuite.runTests(AnyFunSuite.scala:1564)
[info]   at org.scalatest.Suite.run(Suite.scala:1114)
[info]   at org.scalatest.Suite.run$(Suite.scala:1096)
[info]   at org.scalatest.funsuite.AnyFunSuite.org$scalatest$funsuite$AnyFunSuiteLike$$super$run(AnyFunSuite.scala:1564)
[info]   at org.scalatest.funsuite.AnyFunSuiteLike.$anonfun$run$1(AnyFunSuiteLike.scala:273)
[info]   at org.scalatest.SuperEngine.runImpl(Engine.scala:535)
[info]   at org.scalatest.funsuite.AnyFunSuiteLike.run(AnyFunSuiteLike.scala:273)
[info]   at org.scalatest.funsuite.AnyFunSuiteLike.run$(AnyFunSuiteLike.scala:272)
[info]   at frameless.TypedDatasetSuite.org$scalatest$BeforeAndAfterAll$$super$run(TypedDatasetSuite.scala:63)
[info]   at org.scalatest.BeforeAndAfterAll.liftedTree1$1(BeforeAndAfterAll.scala:213)
[info]   at org.scalatest.BeforeAndAfterAll.run(BeforeAndAfterAll.scala:210)
[info]   at org.scalatest.BeforeAndAfterAll.run$(BeforeAndAfterAll.scala:208)
[info]   at frameless.TypedDatasetSuite.run(TypedDatasetSuite.scala:63)
[info]   at org.scalatest.tools.Framework.org$scalatest$tools$Framework$$runSuite(Framework.scala:321)
[info]   at org.scalatest.tools.Framework$ScalaTestTask.execute(Framework.scala:517)
[info]   at sbt.ForkMain$Run.lambda$runTest$1(ForkMain.java:414)
[info]   at java.base/java.util.concurrent.FutureTask.run(FutureTask.java:317)
[info]   at java.base/java.util.concurrent.ThreadPoolExecutor.runWorker(ThreadPoolExecutor.java:1144)
[info]   at java.base/java.util.concurrent.ThreadPoolExecutor$Worker.run(ThreadPoolExecutor.java:642)
[info]   at java.base/java.lang.Thread.run(Thread.java:1583)
[info]   Cause: java.lang.ClassCastException: Cannot cast scala.reflect.ClassTag$GenericClassTag to org.apache.spark.sql.catalyst.expressions.Expression
[info]   at java.base/java.lang.Class.cast(Class.java:4067)
[info]   at java.base/jdk.internal.reflect.DirectConstructorHandleAccessor.newInstance(DirectConstructorHandleAccessor.java:62)
[info]   at java.base/java.lang.reflect.Constructor.newInstanceWithCaller(Constructor.java:502)
[info]   at java.base/java.lang.reflect.Constructor.newInstance(Constructor.java:486)
[info]   at frameless.TypedExpressionEncoder$.$anonfun$apply$3(TypedExpressionEncoder.scala:55)
[info]   at scala.Option.map(Option.scala:242)
[info]   at frameless.TypedExpressionEncoder$.apply(TypedExpressionEncoder.scala:54)
[info]   at frameless.TypedDataset$.create(TypedDataset.scala:1325)
[info]   at frameless.NumericTests.prop$4(NumericTests.scala:63)
[info]   at frameless.NumericTests.$anonfun$new$96(NumericTests.scala:72)
[info]   at frameless.NumericTests.$anonfun$new$96$adapted(NumericTests.scala:72)
[info]   at org.scalacheck.Prop$.$anonfun$forAll$18(Prop.scala:1131)
[info]   at scala.Function1.$anonfun$andThen$1(Function1.scala:87)
[info]   at org.scalacheck.Prop$.$anonfun$forAllShrink$2(Prop.scala:868)
[info]   at org.scalacheck.Prop$.secure(Prop.scala:484)
[info]   at org.scalacheck.Prop$.result$1(Prop.scala:868)
[info]   at org.scalacheck.Prop$.$anonfun$forAllShrink$4(Prop.scala:880)
[info]   at scala.collection.immutable.Stream.map(Stream.scala:173)
[info]   at org.scalacheck.Prop$.getFirstFailure$1(Prop.scala:880)
[info]   at org.scalacheck.Prop$.shrinker$1(Prop.scala:895)
[info]   at org.scalacheck.Prop$.$anonfun$forAllShrink$1(Prop.scala:916)
[info]   at org.scalacheck.Prop$.$anonfun$apply$1(Prop.scala:305)
[info]   at org.scalacheck.PropFromFun.apply(Prop.scala:20)
[info]   at org.scalacheck.Prop$.result$1(Prop.scala:869)
[info]   at org.scalacheck.Prop$.$anonfun$forAllShrink$4(Prop.scala:880)
[info]   at scala.collection.immutable.Stream.map(Stream.scala:173)
[info]   at org.scalacheck.Prop$.getFirstFailure$1(Prop.scala:880)
[info]   at org.scalacheck.Prop$.shrinker$1(Prop.scala:895)
[info]   at org.scalacheck.Prop$.$anonfun$forAllShrink$1(Prop.scala:916)
[info]   at org.scalacheck.Prop$.$anonfun$apply$1(Prop.scala:305)
[info]   at org.scalacheck.PropFromFun.apply(Prop.scala:20)
[info]   at org.scalacheck.Test$.workerFun$1(Test.scala:486)
[info]   at org.scalacheck.Test$.$anonfun$check$4(Test.scala:518)
[info]   at org.scalacheck.Test$.$anonfun$check$4$adapted(Test.scala:518)
[info]   at org.scalacheck.Platform$.runWorkers(Platform.scala:42)
[info]   at org.scalacheck.Test$.check(Test.scala:518)
[info]   at org.scalatestplus.scalacheck.UnitCheckerAsserting$CheckerAssertingImpl.check(CheckerAsserting.scala:90)
[info]   at org.scalatestplus.scalacheck.Checkers.check(Checkers.scala:263)
[info]   at org.scalatestplus.scalacheck.Checkers.check$(Checkers.scala:253)
[info]   at frameless.TypedDatasetSuite.check(TypedDatasetSuite.scala:63)
[info]   at frameless.NumericTests.$anonfun$new$85(NumericTests.scala:72)
[info]   at org.scalatest.OutcomeOf.outcomeOf(OutcomeOf.scala:85)
[info]   at org.scalatest.OutcomeOf.outcomeOf$(OutcomeOf.scala:83)
[info]   at org.scalatest.OutcomeOf$.outcomeOf(OutcomeOf.scala:104)
[info]   at org.scalatest.Transformer.apply(Transformer.scala:22)
[info]   at org.scalatest.Transformer.apply(Transformer.scala:20)
[info]   at org.scalatest.funsuite.AnyFunSuiteLike$$anon$1.apply(AnyFunSuiteLike.scala:226)
[info]   at org.scalatest.TestSuite.withFixture(TestSuite.scala:196)
[info]   at org.scalatest.TestSuite.withFixture$(TestSuite.scala:195)
[info]   at org.scalatest.funsuite.AnyFunSuite.withFixture(AnyFunSuite.scala:1564)
[info]   at org.scalatest.funsuite.AnyFunSuiteLike.invokeWithFixture$1(AnyFunSuiteLike.scala:224)
[info]   at org.scalatest.funsuite.AnyFunSuiteLike.$anonfun$runTest$1(AnyFunSuiteLike.scala:236)
[info]   at org.scalatest.SuperEngine.runTestImpl(Engine.scala:306)
[info]   at org.scalatest.funsuite.AnyFunSuiteLike.runTest(AnyFunSuiteLike.scala:236)
[info]   at org.scalatest.funsuite.AnyFunSuiteLike.runTest$(AnyFunSuiteLike.scala:218)
[info]   at org.scalatest.funsuite.AnyFunSuite.runTest(AnyFunSuite.scala:1564)
[info]   at org.scalatest.funsuite.AnyFunSuiteLike.$anonfun$runTests$1(AnyFunSuiteLike.scala:269)
[info]   at org.scalatest.SuperEngine.$anonfun$runTestsInBranch$1(Engine.scala:413)
[info]   at scala.collection.immutable.List.foreach(List.scala:334)
[info]   at org.scalatest.SuperEngine.traverseSubNodes$1(Engine.scala:401)
[info]   at org.scalatest.SuperEngine.runTestsInBranch(Engine.scala:396)
[info]   at org.scalatest.SuperEngine.runTestsImpl(Engine.scala:475)
[info]   at org.scalatest.funsuite.AnyFunSuiteLike.runTests(AnyFunSuiteLike.scala:269)
[info]   at org.scalatest.funsuite.AnyFunSuiteLike.runTests$(AnyFunSuiteLike.scala:268)
[info]   at org.scalatest.funsuite.AnyFunSuite.runTests(AnyFunSuite.scala:1564)
[info]   at org.scalatest.Suite.run(Suite.scala:1114)
[info]   at org.scalatest.Suite.run$(Suite.scala:1096)
[info]   at org.scalatest.funsuite.AnyFunSuite.org$scalatest$funsuite$AnyFunSuiteLike$$super$run(AnyFunSuite.scala:1564)
[info]   at org.scalatest.funsuite.AnyFunSuiteLike.$anonfun$run$1(AnyFunSuiteLike.scala:273)
[info]   at org.scalatest.SuperEngine.runImpl(Engine.scala:535)
[info]   at org.scalatest.funsuite.AnyFunSuiteLike.run(AnyFunSuiteLike.scala:273)
[info]   at org.scalatest.funsuite.AnyFunSuiteLike.run$(AnyFunSuiteLike.scala:272)
[info]   at frameless.TypedDatasetSuite.org$scalatest$BeforeAndAfterAll$$super$run(TypedDatasetSuite.scala:63)
[info]   at org.scalatest.BeforeAndAfterAll.liftedTree1$1(BeforeAndAfterAll.scala:213)
[info]   at org.scalatest.BeforeAndAfterAll.run(BeforeAndAfterAll.scala:210)
[info]   at org.scalatest.BeforeAndAfterAll.run$(BeforeAndAfterAll.scala:208)
[info]   at frameless.TypedDatasetSuite.run(TypedDatasetSuite.scala:63)
[info]   at org.scalatest.tools.Framework.org$scalatest$tools$Framework$$runSuite(Framework.scala:321)
[info]   at org.scalatest.tools.Framework$ScalaTestTask.execute(Framework.scala:517)
[info]   at sbt.ForkMain$Run.lambda$runTest$1(ForkMain.java:414)
[info]   at java.base/java.util.concurrent.FutureTask.run(FutureTask.java:317)
[info]   at java.base/java.util.concurrent.ThreadPoolExecutor.runWorker(ThreadPoolExecutor.java:1144)
[info]   at java.base/java.util.concurrent.ThreadPoolExecutor$Worker.run(ThreadPoolExecutor.java:642)
[info]   at java.base/java.lang.Thread.run(Thread.java:1583)
[info] - divide BigDecimals *** FAILED *** (62 milliseconds)
[info]   IllegalArgumentException was thrown during property evaluation.
[info]     Message: argument type mismatch
[info]     Occurred when passed generated values (
[info]       arg0 = 0, // 14 shrinks
[info]       arg1 = 0 // 19 shrinks
[info]     )
[info]   org.scalatest.exceptions.GeneratorDrivenPropertyCheckFailedException:
[info]   at org.scalatestplus.scalacheck.CheckerAsserting$$anon$2.indicateFailure(CheckerAsserting.scala:251)
[info]   at org.scalatestplus.scalacheck.CheckerAsserting$$anon$2.indicateFailure(CheckerAsserting.scala:238)
[info]   at org.scalatestplus.scalacheck.UnitCheckerAsserting$CheckerAssertingImpl.check(CheckerAsserting.scala:160)
[info]   at org.scalatestplus.scalacheck.Checkers.check(Checkers.scala:263)
[info]   at org.scalatestplus.scalacheck.Checkers.check$(Checkers.scala:253)
[info]   at frameless.TypedDatasetSuite.check(TypedDatasetSuite.scala:63)
[info]   at frameless.NumericTests.$anonfun$new$111(NumericTests.scala:91)
[info]   at org.scalatest.OutcomeOf.outcomeOf(OutcomeOf.scala:85)
[info]   at org.scalatest.OutcomeOf.outcomeOf$(OutcomeOf.scala:83)
[info]   at org.scalatest.OutcomeOf$.outcomeOf(OutcomeOf.scala:104)
[info]   at org.scalatest.Transformer.apply(Transformer.scala:22)
[info]   at org.scalatest.Transformer.apply(Transformer.scala:20)
[info]   at org.scalatest.funsuite.AnyFunSuiteLike$$anon$1.apply(AnyFunSuiteLike.scala:226)
[info]   at org.scalatest.TestSuite.withFixture(TestSuite.scala:196)
[info]   at org.scalatest.TestSuite.withFixture$(TestSuite.scala:195)
[info]   at org.scalatest.funsuite.AnyFunSuite.withFixture(AnyFunSuite.scala:1564)
[info]   at org.scalatest.funsuite.AnyFunSuiteLike.invokeWithFixture$1(AnyFunSuiteLike.scala:224)
[info]   at org.scalatest.funsuite.AnyFunSuiteLike.$anonfun$runTest$1(AnyFunSuiteLike.scala:236)
[info]   at org.scalatest.SuperEngine.runTestImpl(Engine.scala:306)
[info]   at org.scalatest.funsuite.AnyFunSuiteLike.runTest(AnyFunSuiteLike.scala:236)
[info]   at org.scalatest.funsuite.AnyFunSuiteLike.runTest$(AnyFunSuiteLike.scala:218)
[info]   at org.scalatest.funsuite.AnyFunSuite.runTest(AnyFunSuite.scala:1564)
[info]   at org.scalatest.funsuite.AnyFunSuiteLike.$anonfun$runTests$1(AnyFunSuiteLike.scala:269)
[info]   at org.scalatest.SuperEngine.$anonfun$runTestsInBranch$1(Engine.scala:413)
[info]   at scala.collection.immutable.List.foreach(List.scala:334)
[info]   at org.scalatest.SuperEngine.traverseSubNodes$1(Engine.scala:401)
[info]   at org.scalatest.SuperEngine.runTestsInBranch(Engine.scala:396)
[info]   at org.scalatest.SuperEngine.runTestsImpl(Engine.scala:475)
[info]   at org.scalatest.funsuite.AnyFunSuiteLike.runTests(AnyFunSuiteLike.scala:269)
[info]   at org.scalatest.funsuite.AnyFunSuiteLike.runTests$(AnyFunSuiteLike.scala:268)
[info]   at org.scalatest.funsuite.AnyFunSuite.runTests(AnyFunSuite.scala:1564)
[info]   at org.scalatest.Suite.run(Suite.scala:1114)
[info]   at org.scalatest.Suite.run$(Suite.scala:1096)
[info]   at org.scalatest.funsuite.AnyFunSuite.org$scalatest$funsuite$AnyFunSuiteLike$$super$run(AnyFunSuite.scala:1564)
[info]   at org.scalatest.funsuite.AnyFunSuiteLike.$anonfun$run$1(AnyFunSuiteLike.scala:273)
[info]   at org.scalatest.SuperEngine.runImpl(Engine.scala:535)
[info]   at org.scalatest.funsuite.AnyFunSuiteLike.run(AnyFunSuiteLike.scala:273)
[info]   at org.scalatest.funsuite.AnyFunSuiteLike.run$(AnyFunSuiteLike.scala:272)
[info]   at frameless.TypedDatasetSuite.org$scalatest$BeforeAndAfterAll$$super$run(TypedDatasetSuite.scala:63)
[info]   at org.scalatest.BeforeAndAfterAll.liftedTree1$1(BeforeAndAfterAll.scala:213)
[info]   at org.scalatest.BeforeAndAfterAll.run(BeforeAndAfterAll.scala:210)
[info]   at org.scalatest.BeforeAndAfterAll.run$(BeforeAndAfterAll.scala:208)
[info]   at frameless.TypedDatasetSuite.run(TypedDatasetSuite.scala:63)
[info]   at org.scalatest.tools.Framework.org$scalatest$tools$Framework$$runSuite(Framework.scala:321)
[info]   at org.scalatest.tools.Framework$ScalaTestTask.execute(Framework.scala:517)
[info]   at sbt.ForkMain$Run.lambda$runTest$1(ForkMain.java:414)
[info]   at java.base/java.util.concurrent.FutureTask.run(FutureTask.java:317)
[info]   at java.base/java.util.concurrent.ThreadPoolExecutor.runWorker(ThreadPoolExecutor.java:1144)
[info]   at java.base/java.util.concurrent.ThreadPoolExecutor$Worker.run(ThreadPoolExecutor.java:642)
[info]   at java.base/java.lang.Thread.run(Thread.java:1583)
[info]   Cause: java.lang.IllegalArgumentException: argument type mismatch
[info]   at java.base/jdk.internal.reflect.DirectConstructorHandleAccessor.newInstance(DirectConstructorHandleAccessor.java:65)
[info]   at java.base/java.lang.reflect.Constructor.newInstanceWithCaller(Constructor.java:502)
[info]   at java.base/java.lang.reflect.Constructor.newInstance(Constructor.java:486)
[info]   at frameless.TypedExpressionEncoder$.$anonfun$apply$3(TypedExpressionEncoder.scala:55)
[info]   at scala.Option.map(Option.scala:242)
[info]   at frameless.TypedExpressionEncoder$.apply(TypedExpressionEncoder.scala:54)
[info]   at frameless.TypedDataset$.create(TypedDataset.scala:1325)
[info]   at frameless.NumericTests.prop$5(NumericTests.scala:81)
[info]   at frameless.NumericTests.$anonfun$new$120(NumericTests.scala:91)
[info]   at org.scalacheck.Prop$.$anonfun$forAll$18(Prop.scala:1131)
[info]   at scala.Function1.$anonfun$andThen$1(Function1.scala:87)
[info]   at org.scalacheck.Prop$.$anonfun$forAllShrink$2(Prop.scala:868)
[info]   at org.scalacheck.Prop$.secure(Prop.scala:484)
[info]   at org.scalacheck.Prop$.result$1(Prop.scala:868)
[info]   at org.scalacheck.Prop$.$anonfun$forAllShrink$4(Prop.scala:880)
[info]   at scala.collection.immutable.Stream.map(Stream.scala:173)
[info]   at org.scalacheck.Prop$.getFirstFailure$1(Prop.scala:880)
[info]   at org.scalacheck.Prop$.shrinker$1(Prop.scala:895)
[info]   at org.scalacheck.Prop$.$anonfun$forAllShrink$1(Prop.scala:916)
[info]   at org.scalacheck.Prop$.$anonfun$apply$1(Prop.scala:305)
[info]   at org.scalacheck.PropFromFun.apply(Prop.scala:20)
[info]   at org.scalacheck.Prop$.result$1(Prop.scala:869)
[info]   at org.scalacheck.Prop$.$anonfun$forAllShrink$4(Prop.scala:880)
[info]   at scala.collection.immutable.Stream.map(Stream.scala:173)
[info]   at org.scalacheck.Prop$.getFirstFailure$1(Prop.scala:880)
[info]   at org.scalacheck.Prop$.shrinker$1(Prop.scala:895)
[info]   at org.scalacheck.Prop$.$anonfun$forAllShrink$1(Prop.scala:916)
[info]   at org.scalacheck.Prop$.$anonfun$apply$1(Prop.scala:305)
[info]   at org.scalacheck.PropFromFun.apply(Prop.scala:20)
[info]   at org.scalacheck.Test$.workerFun$1(Test.scala:486)
[info]   at org.scalacheck.Test$.$anonfun$check$4(Test.scala:518)
[info]   at org.scalacheck.Test$.$anonfun$check$4$adapted(Test.scala:518)
[info]   at org.scalacheck.Platform$.runWorkers(Platform.scala:42)
[info]   at org.scalacheck.Test$.check(Test.scala:518)
[info]   at org.scalatestplus.scalacheck.UnitCheckerAsserting$CheckerAssertingImpl.check(CheckerAsserting.scala:90)
[info]   at org.scalatestplus.scalacheck.Checkers.check(Checkers.scala:263)
[info]   at org.scalatestplus.scalacheck.Checkers.check$(Checkers.scala:253)
[info]   at frameless.TypedDatasetSuite.check(TypedDatasetSuite.scala:63)
[info]   at frameless.NumericTests.$anonfun$new$111(NumericTests.scala:91)
[info]   at org.scalatest.OutcomeOf.outcomeOf(OutcomeOf.scala:85)
[info]   at org.scalatest.OutcomeOf.outcomeOf$(OutcomeOf.scala:83)
[info]   at org.scalatest.OutcomeOf$.outcomeOf(OutcomeOf.scala:104)
[info]   at org.scalatest.Transformer.apply(Transformer.scala:22)
[info]   at org.scalatest.Transformer.apply(Transformer.scala:20)
[info]   at org.scalatest.funsuite.AnyFunSuiteLike$$anon$1.apply(AnyFunSuiteLike.scala:226)
[info]   at org.scalatest.TestSuite.withFixture(TestSuite.scala:196)
[info]   at org.scalatest.TestSuite.withFixture$(TestSuite.scala:195)
[info]   at org.scalatest.funsuite.AnyFunSuite.withFixture(AnyFunSuite.scala:1564)
[info]   at org.scalatest.funsuite.AnyFunSuiteLike.invokeWithFixture$1(AnyFunSuiteLike.scala:224)
[info]   at org.scalatest.funsuite.AnyFunSuiteLike.$anonfun$runTest$1(AnyFunSuiteLike.scala:236)
[info]   at org.scalatest.SuperEngine.runTestImpl(Engine.scala:306)
[info]   at org.scalatest.funsuite.AnyFunSuiteLike.runTest(AnyFunSuiteLike.scala:236)
[info]   at org.scalatest.funsuite.AnyFunSuiteLike.runTest$(AnyFunSuiteLike.scala:218)
[info]   at org.scalatest.funsuite.AnyFunSuite.runTest(AnyFunSuite.scala:1564)
[info]   at org.scalatest.funsuite.AnyFunSuiteLike.$anonfun$runTests$1(AnyFunSuiteLike.scala:269)
[info]   at org.scalatest.SuperEngine.$anonfun$runTestsInBranch$1(Engine.scala:413)
[info]   at scala.collection.immutable.List.foreach(List.scala:334)
[info]   at org.scalatest.SuperEngine.traverseSubNodes$1(Engine.scala:401)
[info]   at org.scalatest.SuperEngine.runTestsInBranch(Engine.scala:396)
[info]   at org.scalatest.SuperEngine.runTestsImpl(Engine.scala:475)
[info]   at org.scalatest.funsuite.AnyFunSuiteLike.runTests(AnyFunSuiteLike.scala:269)
[info]   at org.scalatest.funsuite.AnyFunSuiteLike.runTests$(AnyFunSuiteLike.scala:268)
[info]   at org.scalatest.funsuite.AnyFunSuite.runTests(AnyFunSuite.scala:1564)
[info]   at org.scalatest.Suite.run(Suite.scala:1114)
[info]   at org.scalatest.Suite.run$(Suite.scala:1096)
[info]   at org.scalatest.funsuite.AnyFunSuite.org$scalatest$funsuite$AnyFunSuiteLike$$super$run(AnyFunSuite.scala:1564)
[info]   at org.scalatest.funsuite.AnyFunSuiteLike.$anonfun$run$1(AnyFunSuiteLike.scala:273)
[info]   at org.scalatest.SuperEngine.runImpl(Engine.scala:535)
[info]   at org.scalatest.funsuite.AnyFunSuiteLike.run(AnyFunSuiteLike.scala:273)
[info]   at org.scalatest.funsuite.AnyFunSuiteLike.run$(AnyFunSuiteLike.scala:272)
[info]   at frameless.TypedDatasetSuite.org$scalatest$BeforeAndAfterAll$$super$run(TypedDatasetSuite.scala:63)
[info]   at org.scalatest.BeforeAndAfterAll.liftedTree1$1(BeforeAndAfterAll.scala:213)
[info]   at org.scalatest.BeforeAndAfterAll.run(BeforeAndAfterAll.scala:210)
[info]   at org.scalatest.BeforeAndAfterAll.run$(BeforeAndAfterAll.scala:208)
[info]   at frameless.TypedDatasetSuite.run(TypedDatasetSuite.scala:63)
[info]   at org.scalatest.tools.Framework.org$scalatest$tools$Framework$$runSuite(Framework.scala:321)
[info]   at org.scalatest.tools.Framework$ScalaTestTask.execute(Framework.scala:517)
[info]   at sbt.ForkMain$Run.lambda$runTest$1(ForkMain.java:414)
[info]   at java.base/java.util.concurrent.FutureTask.run(FutureTask.java:317)
[info]   at java.base/java.util.concurrent.ThreadPoolExecutor.runWorker(ThreadPoolExecutor.java:1144)
[info]   at java.base/java.util.concurrent.ThreadPoolExecutor$Worker.run(ThreadPoolExecutor.java:642)
[info]   at java.base/java.lang.Thread.run(Thread.java:1583)
[info]   Cause: java.lang.ClassCastException: Cannot cast scala.reflect.ClassTag$GenericClassTag to org.apache.spark.sql.catalyst.expressions.Expression
[info]   at java.base/java.lang.Class.cast(Class.java:4067)
[info]   at java.base/jdk.internal.reflect.DirectConstructorHandleAccessor.newInstance(DirectConstructorHandleAccessor.java:62)
[info]   at java.base/java.lang.reflect.Constructor.newInstanceWithCaller(Constructor.java:502)
[info]   at java.base/java.lang.reflect.Constructor.newInstance(Constructor.java:486)
[info]   at frameless.TypedExpressionEncoder$.$anonfun$apply$3(TypedExpressionEncoder.scala:55)
[info]   at scala.Option.map(Option.scala:242)
[info]   at frameless.TypedExpressionEncoder$.apply(TypedExpressionEncoder.scala:54)
[info]   at frameless.TypedDataset$.create(TypedDataset.scala:1325)
[info]   at frameless.NumericTests.prop$5(NumericTests.scala:81)
[info]   at frameless.NumericTests.$anonfun$new$120(NumericTests.scala:91)
[info]   at org.scalacheck.Prop$.$anonfun$forAll$18(Prop.scala:1131)
[info]   at scala.Function1.$anonfun$andThen$1(Function1.scala:87)
[info]   at org.scalacheck.Prop$.$anonfun$forAllShrink$2(Prop.scala:868)
[info]   at org.scalacheck.Prop$.secure(Prop.scala:484)
[info]   at org.scalacheck.Prop$.result$1(Prop.scala:868)
[info]   at org.scalacheck.Prop$.$anonfun$forAllShrink$4(Prop.scala:880)
[info]   at scala.collection.immutable.Stream.map(Stream.scala:173)
[info]   at org.scalacheck.Prop$.getFirstFailure$1(Prop.scala:880)
[info]   at org.scalacheck.Prop$.shrinker$1(Prop.scala:895)
[info]   at org.scalacheck.Prop$.$anonfun$forAllShrink$1(Prop.scala:916)
[info]   at org.scalacheck.Prop$.$anonfun$apply$1(Prop.scala:305)
[info]   at org.scalacheck.PropFromFun.apply(Prop.scala:20)
[info]   at org.scalacheck.Prop$.result$1(Prop.scala:869)
[info]   at org.scalacheck.Prop$.$anonfun$forAllShrink$4(Prop.scala:880)
[info]   at scala.collection.immutable.Stream.map(Stream.scala:173)
[info]   at org.scalacheck.Prop$.getFirstFailure$1(Prop.scala:880)
[info]   at org.scalacheck.Prop$.shrinker$1(Prop.scala:895)
[info]   at org.scalacheck.Prop$.$anonfun$forAllShrink$1(Prop.scala:916)
[info]   at org.scalacheck.Prop$.$anonfun$apply$1(Prop.scala:305)
[info]   at org.scalacheck.PropFromFun.apply(Prop.scala:20)
[info]   at org.scalacheck.Test$.workerFun$1(Test.scala:486)
[info]   at org.scalacheck.Test$.$anonfun$check$4(Test.scala:518)
[info]   at org.scalacheck.Test$.$anonfun$check$4$adapted(Test.scala:518)
[info]   at org.scalacheck.Platform$.runWorkers(Platform.scala:42)
[info]   at org.scalacheck.Test$.check(Test.scala:518)
[info]   at org.scalatestplus.scalacheck.UnitCheckerAsserting$CheckerAssertingImpl.check(CheckerAsserting.scala:90)
[info]   at org.scalatestplus.scalacheck.Checkers.check(Checkers.scala:263)
[info]   at org.scalatestplus.scalacheck.Checkers.check$(Checkers.scala:253)
[info]   at frameless.TypedDatasetSuite.check(TypedDatasetSuite.scala:63)
[info]   at frameless.NumericTests.$anonfun$new$111(NumericTests.scala:91)
[info]   at org.scalatest.OutcomeOf.outcomeOf(OutcomeOf.scala:85)
[info]   at org.scalatest.OutcomeOf.outcomeOf$(OutcomeOf.scala:83)
[info]   at org.scalatest.OutcomeOf$.outcomeOf(OutcomeOf.scala:104)
[info]   at org.scalatest.Transformer.apply(Transformer.scala:22)
[info]   at org.scalatest.Transformer.apply(Transformer.scala:20)
[info]   at org.scalatest.funsuite.AnyFunSuiteLike$$anon$1.apply(AnyFunSuiteLike.scala:226)
[info]   at org.scalatest.TestSuite.withFixture(TestSuite.scala:196)
[info]   at org.scalatest.TestSuite.withFixture$(TestSuite.scala:195)
[info]   at org.scalatest.funsuite.AnyFunSuite.withFixture(AnyFunSuite.scala:1564)
[info]   at org.scalatest.funsuite.AnyFunSuiteLike.invokeWithFixture$1(AnyFunSuiteLike.scala:224)
[info]   at org.scalatest.funsuite.AnyFunSuiteLike.$anonfun$runTest$1(AnyFunSuiteLike.scala:236)
[info]   at org.scalatest.SuperEngine.runTestImpl(Engine.scala:306)
[info]   at org.scalatest.funsuite.AnyFunSuiteLike.runTest(AnyFunSuiteLike.scala:236)
[info]   at org.scalatest.funsuite.AnyFunSuiteLike.runTest$(AnyFunSuiteLike.scala:218)
[info]   at org.scalatest.funsuite.AnyFunSuite.runTest(AnyFunSuite.scala:1564)
[info]   at org.scalatest.funsuite.AnyFunSuiteLike.$anonfun$runTests$1(AnyFunSuiteLike.scala:269)
[info]   at org.scalatest.SuperEngine.$anonfun$runTestsInBranch$1(Engine.scala:413)
[info]   at scala.collection.immutable.List.foreach(List.scala:334)
[info]   at org.scalatest.SuperEngine.traverseSubNodes$1(Engine.scala:401)
[info]   at org.scalatest.SuperEngine.runTestsInBranch(Engine.scala:396)
[info]   at org.scalatest.SuperEngine.runTestsImpl(Engine.scala:475)
[info]   at org.scalatest.funsuite.AnyFunSuiteLike.runTests(AnyFunSuiteLike.scala:269)
[info]   at org.scalatest.funsuite.AnyFunSuiteLike.runTests$(AnyFunSuiteLike.scala:268)
[info]   at org.scalatest.funsuite.AnyFunSuite.runTests(AnyFunSuite.scala:1564)
[info]   at org.scalatest.Suite.run(Suite.scala:1114)
[info]   at org.scalatest.Suite.run$(Suite.scala:1096)
[info]   at org.scalatest.funsuite.AnyFunSuite.org$scalatest$funsuite$AnyFunSuiteLike$$super$run(AnyFunSuite.scala:1564)
[info]   at org.scalatest.funsuite.AnyFunSuiteLike.$anonfun$run$1(AnyFunSuiteLike.scala:273)
[info]   at org.scalatest.SuperEngine.runImpl(Engine.scala:535)
[info]   at org.scalatest.funsuite.AnyFunSuiteLike.run(AnyFunSuiteLike.scala:273)
[info]   at org.scalatest.funsuite.AnyFunSuiteLike.run$(AnyFunSuiteLike.scala:272)
[info]   at frameless.TypedDatasetSuite.org$scalatest$BeforeAndAfterAll$$super$run(TypedDatasetSuite.scala:63)
[info]   at org.scalatest.BeforeAndAfterAll.liftedTree1$1(BeforeAndAfterAll.scala:213)
[info]   at org.scalatest.BeforeAndAfterAll.run(BeforeAndAfterAll.scala:210)
[info]   at org.scalatest.BeforeAndAfterAll.run$(BeforeAndAfterAll.scala:208)
[info]   at frameless.TypedDatasetSuite.run(TypedDatasetSuite.scala:63)
[info]   at org.scalatest.tools.Framework.org$scalatest$tools$Framework$$runSuite(Framework.scala:321)
[info]   at org.scalatest.tools.Framework$ScalaTestTask.execute(Framework.scala:517)
[info]   at sbt.ForkMain$Run.lambda$runTest$1(ForkMain.java:414)
[info]   at java.base/java.util.concurrent.FutureTask.run(FutureTask.java:317)
[info]   at java.base/java.util.concurrent.ThreadPoolExecutor.runWorker(ThreadPoolExecutor.java:1144)
[info]   at java.base/java.util.concurrent.ThreadPoolExecutor$Worker.run(ThreadPoolExecutor.java:642)
[info]   at java.base/java.lang.Thread.run(Thread.java:1583)
[info] - multiply BigDecimal *** FAILED *** (213 milliseconds)
[info]   IllegalArgumentException was thrown during property evaluation.
[info]     Message: argument type mismatch
[info]     Occurred when passed generated values (
[info]       arg0 = 0, // 27 shrinks
[info]       arg1 = 0 // 26 shrinks
[info]     )
[info]   org.scalatest.exceptions.GeneratorDrivenPropertyCheckFailedException:
[info]   at org.scalatestplus.scalacheck.CheckerAsserting$$anon$2.indicateFailure(CheckerAsserting.scala:251)
[info]   at org.scalatestplus.scalacheck.CheckerAsserting$$anon$2.indicateFailure(CheckerAsserting.scala:238)
[info]   at org.scalatestplus.scalacheck.UnitCheckerAsserting$CheckerAssertingImpl.check(CheckerAsserting.scala:160)
[info]   at org.scalatestplus.scalacheck.Checkers.check(Checkers.scala:263)
[info]   at org.scalatestplus.scalacheck.Checkers.check$(Checkers.scala:253)
[info]   at frameless.TypedDatasetSuite.check(TypedDatasetSuite.scala:63)
[info]   at frameless.NumericTests.$anonfun$new$123(NumericTests.scala:102)
[info]   at org.scalatest.OutcomeOf.outcomeOf(OutcomeOf.scala:85)
[info]   at org.scalatest.OutcomeOf.outcomeOf$(OutcomeOf.scala:83)
[info]   at org.scalatest.OutcomeOf$.outcomeOf(OutcomeOf.scala:104)
[info]   at org.scalatest.Transformer.apply(Transformer.scala:22)
[info]   at org.scalatest.Transformer.apply(Transformer.scala:20)
[info]   at org.scalatest.funsuite.AnyFunSuiteLike$$anon$1.apply(AnyFunSuiteLike.scala:226)
[info]   at org.scalatest.TestSuite.withFixture(TestSuite.scala:196)
[info]   at org.scalatest.TestSuite.withFixture$(TestSuite.scala:195)
[info]   at org.scalatest.funsuite.AnyFunSuite.withFixture(AnyFunSuite.scala:1564)
[info]   at org.scalatest.funsuite.AnyFunSuiteLike.invokeWithFixture$1(AnyFunSuiteLike.scala:224)
[info]   at org.scalatest.funsuite.AnyFunSuiteLike.$anonfun$runTest$1(AnyFunSuiteLike.scala:236)
[info]   at org.scalatest.SuperEngine.runTestImpl(Engine.scala:306)
[info]   at org.scalatest.funsuite.AnyFunSuiteLike.runTest(AnyFunSuiteLike.scala:236)
[info]   at org.scalatest.funsuite.AnyFunSuiteLike.runTest$(AnyFunSuiteLike.scala:218)
[info]   at org.scalatest.funsuite.AnyFunSuite.runTest(AnyFunSuite.scala:1564)
[info]   at org.scalatest.funsuite.AnyFunSuiteLike.$anonfun$runTests$1(AnyFunSuiteLike.scala:269)
[info]   at org.scalatest.SuperEngine.$anonfun$runTestsInBranch$1(Engine.scala:413)
[info]   at scala.collection.immutable.List.foreach(List.scala:334)
[info]   at org.scalatest.SuperEngine.traverseSubNodes$1(Engine.scala:401)
[info]   at org.scalatest.SuperEngine.runTestsInBranch(Engine.scala:396)
[info]   at org.scalatest.SuperEngine.runTestsImpl(Engine.scala:475)
[info]   at org.scalatest.funsuite.AnyFunSuiteLike.runTests(AnyFunSuiteLike.scala:269)
[info]   at org.scalatest.funsuite.AnyFunSuiteLike.runTests$(AnyFunSuiteLike.scala:268)
[info]   at org.scalatest.funsuite.AnyFunSuite.runTests(AnyFunSuite.scala:1564)
[info]   at org.scalatest.Suite.run(Suite.scala:1114)
[info]   at org.scalatest.Suite.run$(Suite.scala:1096)
[info]   at org.scalatest.funsuite.AnyFunSuite.org$scalatest$funsuite$AnyFunSuiteLike$$super$run(AnyFunSuite.scala:1564)
[info]   at org.scalatest.funsuite.AnyFunSuiteLike.$anonfun$run$1(AnyFunSuiteLike.scala:273)
[info]   at org.scalatest.SuperEngine.runImpl(Engine.scala:535)
[info]   at org.scalatest.funsuite.AnyFunSuiteLike.run(AnyFunSuiteLike.scala:273)
[info]   at org.scalatest.funsuite.AnyFunSuiteLike.run$(AnyFunSuiteLike.scala:272)
[info]   at frameless.TypedDatasetSuite.org$scalatest$BeforeAndAfterAll$$super$run(TypedDatasetSuite.scala:63)
[info]   at org.scalatest.BeforeAndAfterAll.liftedTree1$1(BeforeAndAfterAll.scala:213)
[info]   at org.scalatest.BeforeAndAfterAll.run(BeforeAndAfterAll.scala:210)
[info]   at org.scalatest.BeforeAndAfterAll.run$(BeforeAndAfterAll.scala:208)
[info]   at frameless.TypedDatasetSuite.run(TypedDatasetSuite.scala:63)
[info]   at org.scalatest.tools.Framework.org$scalatest$tools$Framework$$runSuite(Framework.scala:321)
[info]   at org.scalatest.tools.Framework$ScalaTestTask.execute(Framework.scala:517)
[info]   at sbt.ForkMain$Run.lambda$runTest$1(ForkMain.java:414)
[info]   at java.base/java.util.concurrent.FutureTask.run(FutureTask.java:317)
[info]   at java.base/java.util.concurrent.ThreadPoolExecutor.runWorker(ThreadPoolExecutor.java:1144)
[info]   at java.base/java.util.concurrent.ThreadPoolExecutor$Worker.run(ThreadPoolExecutor.java:642)
[info]   at java.base/java.lang.Thread.run(Thread.java:1583)
[info]   Cause: java.lang.IllegalArgumentException: argument type mismatch
[info]   at java.base/jdk.internal.reflect.DirectConstructorHandleAccessor.newInstance(DirectConstructorHandleAccessor.java:65)
[info]   at java.base/java.lang.reflect.Constructor.newInstanceWithCaller(Constructor.java:502)
[info]   at java.base/java.lang.reflect.Constructor.newInstance(Constructor.java:486)
[info]   at frameless.TypedExpressionEncoder$.$anonfun$apply$3(TypedExpressionEncoder.scala:55)
[info]   at scala.Option.map(Option.scala:242)
[info]   at frameless.TypedExpressionEncoder$.apply(TypedExpressionEncoder.scala:54)
[info]   at frameless.TypedDataset$.create(TypedDataset.scala:1325)
[info]   at frameless.NumericTests.prop$6(NumericTests.scala:96)
[info]   at frameless.NumericTests.$anonfun$new$132(NumericTests.scala:102)
[info]   at org.scalacheck.Prop$.$anonfun$forAll$18(Prop.scala:1131)
[info]   at scala.Function1.$anonfun$andThen$1(Function1.scala:87)
[info]   at org.scalacheck.Prop$.$anonfun$forAllShrink$2(Prop.scala:868)
[info]   at org.scalacheck.Prop$.secure(Prop.scala:484)
[info]   at org.scalacheck.Prop$.result$1(Prop.scala:868)
[info]   at org.scalacheck.Prop$.$anonfun$forAllShrink$4(Prop.scala:880)
[info]   at scala.collection.immutable.Stream.map(Stream.scala:173)
[info]   at org.scalacheck.Prop$.getFirstFailure$1(Prop.scala:880)
[info]   at org.scalacheck.Prop$.shrinker$1(Prop.scala:895)
[info]   at org.scalacheck.Prop$.$anonfun$forAllShrink$1(Prop.scala:916)
[info]   at org.scalacheck.Prop$.$anonfun$apply$1(Prop.scala:305)
[info]   at org.scalacheck.PropFromFun.apply(Prop.scala:20)
[info]   at org.scalacheck.Prop$.result$1(Prop.scala:869)
[info]   at org.scalacheck.Prop$.$anonfun$forAllShrink$4(Prop.scala:880)
[info]   at scala.collection.immutable.Stream.map(Stream.scala:173)
[info]   at org.scalacheck.Prop$.getFirstFailure$1(Prop.scala:880)
[info]   at org.scalacheck.Prop$.shrinker$1(Prop.scala:895)
[info]   at org.scalacheck.Prop$.$anonfun$forAllShrink$1(Prop.scala:916)
[info]   at org.scalacheck.Prop$.$anonfun$apply$1(Prop.scala:305)
[info]   at org.scalacheck.PropFromFun.apply(Prop.scala:20)
[info]   at org.scalacheck.Test$.workerFun$1(Test.scala:486)
[info]   at org.scalacheck.Test$.$anonfun$check$4(Test.scala:518)
[info]   at org.scalacheck.Test$.$anonfun$check$4$adapted(Test.scala:518)
[info]   at org.scalacheck.Platform$.runWorkers(Platform.scala:42)
[info]   at org.scalacheck.Test$.check(Test.scala:518)
[info]   at org.scalatestplus.scalacheck.UnitCheckerAsserting$CheckerAssertingImpl.check(CheckerAsserting.scala:90)
[info]   at org.scalatestplus.scalacheck.Checkers.check(Checkers.scala:263)
[info]   at org.scalatestplus.scalacheck.Checkers.check$(Checkers.scala:253)
[info]   at frameless.TypedDatasetSuite.check(TypedDatasetSuite.scala:63)
[info]   at frameless.NumericTests.$anonfun$new$123(NumericTests.scala:102)
[info]   at org.scalatest.OutcomeOf.outcomeOf(OutcomeOf.scala:85)
[info]   at org.scalatest.OutcomeOf.outcomeOf$(OutcomeOf.scala:83)
[info]   at org.scalatest.OutcomeOf$.outcomeOf(OutcomeOf.scala:104)
[info]   at org.scalatest.Transformer.apply(Transformer.scala:22)
[info]   at org.scalatest.Transformer.apply(Transformer.scala:20)
[info]   at org.scalatest.funsuite.AnyFunSuiteLike$$anon$1.apply(AnyFunSuiteLike.scala:226)
[info]   at org.scalatest.TestSuite.withFixture(TestSuite.scala:196)
[info]   at org.scalatest.TestSuite.withFixture$(TestSuite.scala:195)
[info]   at org.scalatest.funsuite.AnyFunSuite.withFixture(AnyFunSuite.scala:1564)
[info]   at org.scalatest.funsuite.AnyFunSuiteLike.invokeWithFixture$1(AnyFunSuiteLike.scala:224)
[info]   at org.scalatest.funsuite.AnyFunSuiteLike.$anonfun$runTest$1(AnyFunSuiteLike.scala:236)
[info]   at org.scalatest.SuperEngine.runTestImpl(Engine.scala:306)
[info]   at org.scalatest.funsuite.AnyFunSuiteLike.runTest(AnyFunSuiteLike.scala:236)
[info]   at org.scalatest.funsuite.AnyFunSuiteLike.runTest$(AnyFunSuiteLike.scala:218)
[info]   at org.scalatest.funsuite.AnyFunSuite.runTest(AnyFunSuite.scala:1564)
[info]   at org.scalatest.funsuite.AnyFunSuiteLike.$anonfun$runTests$1(AnyFunSuiteLike.scala:269)
[info]   at org.scalatest.SuperEngine.$anonfun$runTestsInBranch$1(Engine.scala:413)
[info]   at scala.collection.immutable.List.foreach(List.scala:334)
[info]   at org.scalatest.SuperEngine.traverseSubNodes$1(Engine.scala:401)
[info]   at org.scalatest.SuperEngine.runTestsInBranch(Engine.scala:396)
[info]   at org.scalatest.SuperEngine.runTestsImpl(Engine.scala:475)
[info]   at org.scalatest.funsuite.AnyFunSuiteLike.runTests(AnyFunSuiteLike.scala:269)
[info]   at org.scalatest.funsuite.AnyFunSuiteLike.runTests$(AnyFunSuiteLike.scala:268)
[info]   at org.scalatest.funsuite.AnyFunSuite.runTests(AnyFunSuite.scala:1564)
[info]   at org.scalatest.Suite.run(Suite.scala:1114)
[info]   at org.scalatest.Suite.run$(Suite.scala:1096)
[info]   at org.scalatest.funsuite.AnyFunSuite.org$scalatest$funsuite$AnyFunSuiteLike$$super$run(AnyFunSuite.scala:1564)
[info]   at org.scalatest.funsuite.AnyFunSuiteLike.$anonfun$run$1(AnyFunSuiteLike.scala:273)
[info]   at org.scalatest.SuperEngine.runImpl(Engine.scala:535)
[info]   at org.scalatest.funsuite.AnyFunSuiteLike.run(AnyFunSuiteLike.scala:273)
[info]   at org.scalatest.funsuite.AnyFunSuiteLike.run$(AnyFunSuiteLike.scala:272)
[info]   at frameless.TypedDatasetSuite.org$scalatest$BeforeAndAfterAll$$super$run(TypedDatasetSuite.scala:63)
[info]   at org.scalatest.BeforeAndAfterAll.liftedTree1$1(BeforeAndAfterAll.scala:213)
[info]   at org.scalatest.BeforeAndAfterAll.run(BeforeAndAfterAll.scala:210)
[info]   at org.scalatest.BeforeAndAfterAll.run$(BeforeAndAfterAll.scala:208)
[info]   at frameless.TypedDatasetSuite.run(TypedDatasetSuite.scala:63)
[info]   at org.scalatest.tools.Framework.org$scalatest$tools$Framework$$runSuite(Framework.scala:321)
[info]   at org.scalatest.tools.Framework$ScalaTestTask.execute(Framework.scala:517)
[info]   at sbt.ForkMain$Run.lambda$runTest$1(ForkMain.java:414)
[info]   at java.base/java.util.concurrent.FutureTask.run(FutureTask.java:317)
[info]   at java.base/java.util.concurrent.ThreadPoolExecutor.runWorker(ThreadPoolExecutor.java:1144)
[info]   at java.base/java.util.concurrent.ThreadPoolExecutor$Worker.run(ThreadPoolExecutor.java:642)
[info]   at java.base/java.lang.Thread.run(Thread.java:1583)
[info]   Cause: java.lang.ClassCastException: Cannot cast scala.reflect.ClassTag$GenericClassTag to org.apache.spark.sql.catalyst.expressions.Expression
[info]   at java.base/java.lang.Class.cast(Class.java:4067)
[info]   at java.base/jdk.internal.reflect.DirectConstructorHandleAccessor.newInstance(DirectConstructorHandleAccessor.java:62)
[info]   at java.base/java.lang.reflect.Constructor.newInstanceWithCaller(Constructor.java:502)
[info]   at java.base/java.lang.reflect.Constructor.newInstance(Constructor.java:486)
[info]   at frameless.TypedExpressionEncoder$.$anonfun$apply$3(TypedExpressionEncoder.scala:55)
[info]   at scala.Option.map(Option.scala:242)
[info]   at frameless.TypedExpressionEncoder$.apply(TypedExpressionEncoder.scala:54)
[info]   at frameless.TypedDataset$.create(TypedDataset.scala:1325)
[info]   at frameless.NumericTests.prop$6(NumericTests.scala:96)
[info]   at frameless.NumericTests.$anonfun$new$132(NumericTests.scala:102)
[info]   at org.scalacheck.Prop$.$anonfun$forAll$18(Prop.scala:1131)
[info]   at scala.Function1.$anonfun$andThen$1(Function1.scala:87)
[info]   at org.scalacheck.Prop$.$anonfun$forAllShrink$2(Prop.scala:868)
[info]   at org.scalacheck.Prop$.secure(Prop.scala:484)
[info]   at org.scalacheck.Prop$.result$1(Prop.scala:868)
[info]   at org.scalacheck.Prop$.$anonfun$forAllShrink$4(Prop.scala:880)
[info]   at scala.collection.immutable.Stream.map(Stream.scala:173)
[info]   at org.scalacheck.Prop$.getFirstFailure$1(Prop.scala:880)
[info]   at org.scalacheck.Prop$.shrinker$1(Prop.scala:895)
[info]   at org.scalacheck.Prop$.$anonfun$forAllShrink$1(Prop.scala:916)
[info]   at org.scalacheck.Prop$.$anonfun$apply$1(Prop.scala:305)
[info]   at org.scalacheck.PropFromFun.apply(Prop.scala:20)
[info]   at org.scalacheck.Prop$.result$1(Prop.scala:869)
[info]   at org.scalacheck.Prop$.$anonfun$forAllShrink$4(Prop.scala:880)
[info]   at scala.collection.immutable.Stream.map(Stream.scala:173)
[info]   at org.scalacheck.Prop$.getFirstFailure$1(Prop.scala:880)
[info]   at org.scalacheck.Prop$.shrinker$1(Prop.scala:895)
[info]   at org.scalacheck.Prop$.$anonfun$forAllShrink$1(Prop.scala:916)
[info]   at org.scalacheck.Prop$.$anonfun$apply$1(Prop.scala:305)
[info]   at org.scalacheck.PropFromFun.apply(Prop.scala:20)
[info]   at org.scalacheck.Test$.workerFun$1(Test.scala:486)
[info]   at org.scalacheck.Test$.$anonfun$check$4(Test.scala:518)
[info]   at org.scalacheck.Test$.$anonfun$check$4$adapted(Test.scala:518)
[info]   at org.scalacheck.Platform$.runWorkers(Platform.scala:42)
[info]   at org.scalacheck.Test$.check(Test.scala:518)
[info]   at org.scalatestplus.scalacheck.UnitCheckerAsserting$CheckerAssertingImpl.check(CheckerAsserting.scala:90)
[info]   at org.scalatestplus.scalacheck.Checkers.check(Checkers.scala:263)
[info]   at org.scalatestplus.scalacheck.Checkers.check$(Checkers.scala:253)
[info]   at frameless.TypedDatasetSuite.check(TypedDatasetSuite.scala:63)
[info]   at frameless.NumericTests.$anonfun$new$123(NumericTests.scala:102)
[info]   at org.scalatest.OutcomeOf.outcomeOf(OutcomeOf.scala:85)
[info]   at org.scalatest.OutcomeOf.outcomeOf$(OutcomeOf.scala:83)
[info]   at org.scalatest.OutcomeOf$.outcomeOf(OutcomeOf.scala:104)
[info]   at org.scalatest.Transformer.apply(Transformer.scala:22)
[info]   at org.scalatest.Transformer.apply(Transformer.scala:20)
[info]   at org.scalatest.funsuite.AnyFunSuiteLike$$anon$1.apply(AnyFunSuiteLike.scala:226)
[info]   at org.scalatest.TestSuite.withFixture(TestSuite.scala:196)
[info]   at org.scalatest.TestSuite.withFixture$(TestSuite.scala:195)
[info]   at org.scalatest.funsuite.AnyFunSuite.withFixture(AnyFunSuite.scala:1564)
[info]   at org.scalatest.funsuite.AnyFunSuiteLike.invokeWithFixture$1(AnyFunSuiteLike.scala:224)
[info]   at org.scalatest.funsuite.AnyFunSuiteLike.$anonfun$runTest$1(AnyFunSuiteLike.scala:236)
[info]   at org.scalatest.SuperEngine.runTestImpl(Engine.scala:306)
[info]   at org.scalatest.funsuite.AnyFunSuiteLike.runTest(AnyFunSuiteLike.scala:236)
[info]   at org.scalatest.funsuite.AnyFunSuiteLike.runTest$(AnyFunSuiteLike.scala:218)
[info]   at org.scalatest.funsuite.AnyFunSuite.runTest(AnyFunSuite.scala:1564)
[info]   at org.scalatest.funsuite.AnyFunSuiteLike.$anonfun$runTests$1(AnyFunSuiteLike.scala:269)
[info]   at org.scalatest.SuperEngine.$anonfun$runTestsInBranch$1(Engine.scala:413)
[info]   at scala.collection.immutable.List.foreach(List.scala:334)
[info]   at org.scalatest.SuperEngine.traverseSubNodes$1(Engine.scala:401)
[info]   at org.scalatest.SuperEngine.runTestsInBranch(Engine.scala:396)
[info]   at org.scalatest.SuperEngine.runTestsImpl(Engine.scala:475)
[info]   at org.scalatest.funsuite.AnyFunSuiteLike.runTests(AnyFunSuiteLike.scala:269)
[info]   at org.scalatest.funsuite.AnyFunSuiteLike.runTests$(AnyFunSuiteLike.scala:268)
[info]   at org.scalatest.funsuite.AnyFunSuite.runTests(AnyFunSuite.scala:1564)
[info]   at org.scalatest.Suite.run(Suite.scala:1114)
[info]   at org.scalatest.Suite.run$(Suite.scala:1096)
[info]   at org.scalatest.funsuite.AnyFunSuite.org$scalatest$funsuite$AnyFunSuiteLike$$super$run(AnyFunSuite.scala:1564)
[info]   at org.scalatest.funsuite.AnyFunSuiteLike.$anonfun$run$1(AnyFunSuiteLike.scala:273)
[info]   at org.scalatest.SuperEngine.runImpl(Engine.scala:535)
[info]   at org.scalatest.funsuite.AnyFunSuiteLike.run(AnyFunSuiteLike.scala:273)
[info]   at org.scalatest.funsuite.AnyFunSuiteLike.run$(AnyFunSuiteLike.scala:272)
[info]   at frameless.TypedDatasetSuite.org$scalatest$BeforeAndAfterAll$$super$run(TypedDatasetSuite.scala:63)
[info]   at org.scalatest.BeforeAndAfterAll.liftedTree1$1(BeforeAndAfterAll.scala:213)
[info]   at org.scalatest.BeforeAndAfterAll.run(BeforeAndAfterAll.scala:210)
[info]   at org.scalatest.BeforeAndAfterAll.run$(BeforeAndAfterAll.scala:208)
[info]   at frameless.TypedDatasetSuite.run(TypedDatasetSuite.scala:63)
[info]   at org.scalatest.tools.Framework.org$scalatest$tools$Framework$$runSuite(Framework.scala:321)
[info]   at org.scalatest.tools.Framework$ScalaTestTask.execute(Framework.scala:517)
[info]   at sbt.ForkMain$Run.lambda$runTest$1(ForkMain.java:414)
[info]   at java.base/java.util.concurrent.FutureTask.run(FutureTask.java:317)
[info]   at java.base/java.util.concurrent.ThreadPoolExecutor.runWorker(ThreadPoolExecutor.java:1144)
[info]   at java.base/java.util.concurrent.ThreadPoolExecutor$Worker.run(ThreadPoolExecutor.java:642)
[info]   at java.base/java.lang.Thread.run(Thread.java:1583)
[info] - mod *** FAILED *** (15 milliseconds)
[info]   IllegalArgumentException was thrown during property evaluation.
[info]     Message: argument type mismatch
[info]     Occurred when passed generated values (
[info]       arg0 = 0, // 2 shrinks
[info]       arg1 = 0 // 6 shrinks
[info]     )
[info]   org.scalatest.exceptions.GeneratorDrivenPropertyCheckFailedException:
[info]   at org.scalatestplus.scalacheck.CheckerAsserting$$anon$2.indicateFailure(CheckerAsserting.scala:251)
[info]   at org.scalatestplus.scalacheck.CheckerAsserting$$anon$2.indicateFailure(CheckerAsserting.scala:238)
[info]   at org.scalatestplus.scalacheck.UnitCheckerAsserting$CheckerAssertingImpl.check(CheckerAsserting.scala:160)
[info]   at org.scalatestplus.scalacheck.Checkers.check(Checkers.scala:263)
[info]   at org.scalatestplus.scalacheck.Checkers.check$(Checkers.scala:253)
[info]   at frameless.TypedDatasetSuite.check(TypedDatasetSuite.scala:63)
[info]   at frameless.NumericTests.$anonfun$new$135(NumericTests.scala:146)
[info]   at org.scalatest.OutcomeOf.outcomeOf(OutcomeOf.scala:85)
[info]   at org.scalatest.OutcomeOf.outcomeOf$(OutcomeOf.scala:83)
[info]   at org.scalatest.OutcomeOf$.outcomeOf(OutcomeOf.scala:104)
[info]   at org.scalatest.Transformer.apply(Transformer.scala:22)
[info]   at org.scalatest.Transformer.apply(Transformer.scala:20)
[info]   at org.scalatest.funsuite.AnyFunSuiteLike$$anon$1.apply(AnyFunSuiteLike.scala:226)
[info]   at org.scalatest.TestSuite.withFixture(TestSuite.scala:196)
[info]   at org.scalatest.TestSuite.withFixture$(TestSuite.scala:195)
[info]   at org.scalatest.funsuite.AnyFunSuite.withFixture(AnyFunSuite.scala:1564)
[info]   at org.scalatest.funsuite.AnyFunSuiteLike.invokeWithFixture$1(AnyFunSuiteLike.scala:224)
[info]   at org.scalatest.funsuite.AnyFunSuiteLike.$anonfun$runTest$1(AnyFunSuiteLike.scala:236)
[info]   at org.scalatest.SuperEngine.runTestImpl(Engine.scala:306)
[info]   at org.scalatest.funsuite.AnyFunSuiteLike.runTest(AnyFunSuiteLike.scala:236)
[info]   at org.scalatest.funsuite.AnyFunSuiteLike.runTest$(AnyFunSuiteLike.scala:218)
[info]   at org.scalatest.funsuite.AnyFunSuite.runTest(AnyFunSuite.scala:1564)
[info]   at org.scalatest.funsuite.AnyFunSuiteLike.$anonfun$runTests$1(AnyFunSuiteLike.scala:269)
[info]   at org.scalatest.SuperEngine.$anonfun$runTestsInBranch$1(Engine.scala:413)
[info]   at scala.collection.immutable.List.foreach(List.scala:334)
[info]   at org.scalatest.SuperEngine.traverseSubNodes$1(Engine.scala:401)
[info]   at org.scalatest.SuperEngine.runTestsInBranch(Engine.scala:396)
[info]   at org.scalatest.SuperEngine.runTestsImpl(Engine.scala:475)
[info]   at org.scalatest.funsuite.AnyFunSuiteLike.runTests(AnyFunSuiteLike.scala:269)
[info]   at org.scalatest.funsuite.AnyFunSuiteLike.runTests$(AnyFunSuiteLike.scala:268)
[info]   at org.scalatest.funsuite.AnyFunSuite.runTests(AnyFunSuite.scala:1564)
[info]   at org.scalatest.Suite.run(Suite.scala:1114)
[info]   at org.scalatest.Suite.run$(Suite.scala:1096)
[info]   at org.scalatest.funsuite.AnyFunSuite.org$scalatest$funsuite$AnyFunSuiteLike$$super$run(AnyFunSuite.scala:1564)
[info]   at org.scalatest.funsuite.AnyFunSuiteLike.$anonfun$run$1(AnyFunSuiteLike.scala:273)
[info]   at org.scalatest.SuperEngine.runImpl(Engine.scala:535)
[info]   at org.scalatest.funsuite.AnyFunSuiteLike.run(AnyFunSuiteLike.scala:273)
[info]   at org.scalatest.funsuite.AnyFunSuiteLike.run$(AnyFunSuiteLike.scala:272)
[info]   at frameless.TypedDatasetSuite.org$scalatest$BeforeAndAfterAll$$super$run(TypedDatasetSuite.scala:63)
[info]   at org.scalatest.BeforeAndAfterAll.liftedTree1$1(BeforeAndAfterAll.scala:213)
[info]   at org.scalatest.BeforeAndAfterAll.run(BeforeAndAfterAll.scala:210)
[info]   at org.scalatest.BeforeAndAfterAll.run$(BeforeAndAfterAll.scala:208)
[info]   at frameless.TypedDatasetSuite.run(TypedDatasetSuite.scala:63)
[info]   at org.scalatest.tools.Framework.org$scalatest$tools$Framework$$runSuite(Framework.scala:321)
[info]   at org.scalatest.tools.Framework$ScalaTestTask.execute(Framework.scala:517)
[info]   at sbt.ForkMain$Run.lambda$runTest$1(ForkMain.java:414)
[info]   at java.base/java.util.concurrent.FutureTask.run(FutureTask.java:317)
[info]   at java.base/java.util.concurrent.ThreadPoolExecutor.runWorker(ThreadPoolExecutor.java:1144)
[info]   at java.base/java.util.concurrent.ThreadPoolExecutor$Worker.run(ThreadPoolExecutor.java:642)
[info]   at java.base/java.lang.Thread.run(Thread.java:1583)
[info]   Cause: java.lang.IllegalArgumentException: argument type mismatch
[info]   at java.base/jdk.internal.reflect.DirectConstructorHandleAccessor.newInstance(DirectConstructorHandleAccessor.java:65)
[info]   at java.base/java.lang.reflect.Constructor.newInstanceWithCaller(Constructor.java:502)
[info]   at java.base/java.lang.reflect.Constructor.newInstance(Constructor.java:486)
[info]   at frameless.TypedExpressionEncoder$.$anonfun$apply$3(TypedExpressionEncoder.scala:55)
[info]   at scala.Option.map(Option.scala:242)
[info]   at frameless.TypedExpressionEncoder$.apply(TypedExpressionEncoder.scala:54)
[info]   at frameless.TypedDataset$.create(TypedDataset.scala:1325)
[info]   at frameless.NumericTests.prop$7(NumericTests.scala:137)
[info]   at frameless.NumericTests.$anonfun$new$146(NumericTests.scala:146)
[info]   at frameless.NumericTests.$anonfun$new$146$adapted(NumericTests.scala:146)
[info]   at org.scalacheck.Prop$.$anonfun$forAll$18(Prop.scala:1131)
[info]   at scala.Function1.$anonfun$andThen$1(Function1.scala:87)
[info]   at org.scalacheck.Prop$.$anonfun$forAllShrink$2(Prop.scala:868)
[info]   at org.scalacheck.Prop$.secure(Prop.scala:484)
[info]   at org.scalacheck.Prop$.result$1(Prop.scala:868)
[info]   at org.scalacheck.Prop$.$anonfun$forAllShrink$4(Prop.scala:880)
[info]   at scala.collection.immutable.Stream.map(Stream.scala:173)
[info]   at org.scalacheck.Prop$.getFirstFailure$1(Prop.scala:880)
[info]   at org.scalacheck.Prop$.shrinker$1(Prop.scala:895)
[info]   at org.scalacheck.Prop$.$anonfun$forAllShrink$1(Prop.scala:916)
[info]   at org.scalacheck.Prop$.$anonfun$apply$1(Prop.scala:305)
[info]   at org.scalacheck.PropFromFun.apply(Prop.scala:20)
[info]   at org.scalacheck.Prop$.result$1(Prop.scala:869)
[info]   at org.scalacheck.Prop$.$anonfun$forAllShrink$4(Prop.scala:880)
[info]   at scala.collection.immutable.Stream.map(Stream.scala:173)
[info]   at org.scalacheck.Prop$.getFirstFailure$1(Prop.scala:880)
[info]   at org.scalacheck.Prop$.shrinker$1(Prop.scala:895)
[info]   at org.scalacheck.Prop$.$anonfun$forAllShrink$1(Prop.scala:916)
[info]   at org.scalacheck.Prop$.$anonfun$apply$1(Prop.scala:305)
[info]   at org.scalacheck.PropFromFun.apply(Prop.scala:20)
[info]   at org.scalacheck.Test$.workerFun$1(Test.scala:486)
[info]   at org.scalacheck.Test$.$anonfun$check$4(Test.scala:518)
[info]   at org.scalacheck.Test$.$anonfun$check$4$adapted(Test.scala:518)
[info]   at org.scalacheck.Platform$.runWorkers(Platform.scala:42)
[info]   at org.scalacheck.Test$.check(Test.scala:518)
[info]   at org.scalatestplus.scalacheck.UnitCheckerAsserting$CheckerAssertingImpl.check(CheckerAsserting.scala:90)
[info]   at org.scalatestplus.scalacheck.Checkers.check(Checkers.scala:263)
[info]   at org.scalatestplus.scalacheck.Checkers.check$(Checkers.scala:253)
[info]   at frameless.TypedDatasetSuite.check(TypedDatasetSuite.scala:63)
[info]   at frameless.NumericTests.$anonfun$new$135(NumericTests.scala:146)
[info]   at org.scalatest.OutcomeOf.outcomeOf(OutcomeOf.scala:85)
[info]   at org.scalatest.OutcomeOf.outcomeOf$(OutcomeOf.scala:83)
[info]   at org.scalatest.OutcomeOf$.outcomeOf(OutcomeOf.scala:104)
[info]   at org.scalatest.Transformer.apply(Transformer.scala:22)
[info]   at org.scalatest.Transformer.apply(Transformer.scala:20)
[info]   at org.scalatest.funsuite.AnyFunSuiteLike$$anon$1.apply(AnyFunSuiteLike.scala:226)
[info]   at org.scalatest.TestSuite.withFixture(TestSuite.scala:196)
[info]   at org.scalatest.TestSuite.withFixture$(TestSuite.scala:195)
[info]   at org.scalatest.funsuite.AnyFunSuite.withFixture(AnyFunSuite.scala:1564)
[info]   at org.scalatest.funsuite.AnyFunSuiteLike.invokeWithFixture$1(AnyFunSuiteLike.scala:224)
[info]   at org.scalatest.funsuite.AnyFunSuiteLike.$anonfun$runTest$1(AnyFunSuiteLike.scala:236)
[info]   at org.scalatest.SuperEngine.runTestImpl(Engine.scala:306)
[info]   at org.scalatest.funsuite.AnyFunSuiteLike.runTest(AnyFunSuiteLike.scala:236)
[info]   at org.scalatest.funsuite.AnyFunSuiteLike.runTest$(AnyFunSuiteLike.scala:218)
[info]   at org.scalatest.funsuite.AnyFunSuite.runTest(AnyFunSuite.scala:1564)
[info]   at org.scalatest.funsuite.AnyFunSuiteLike.$anonfun$runTests$1(AnyFunSuiteLike.scala:269)
[info]   at org.scalatest.SuperEngine.$anonfun$runTestsInBranch$1(Engine.scala:413)
[info]   at scala.collection.immutable.List.foreach(List.scala:334)
[info]   at org.scalatest.SuperEngine.traverseSubNodes$1(Engine.scala:401)
[info]   at org.scalatest.SuperEngine.runTestsInBranch(Engine.scala:396)
[info]   at org.scalatest.SuperEngine.runTestsImpl(Engine.scala:475)
[info]   at org.scalatest.funsuite.AnyFunSuiteLike.runTests(AnyFunSuiteLike.scala:269)
[info]   at org.scalatest.funsuite.AnyFunSuiteLike.runTests$(AnyFunSuiteLike.scala:268)
[info]   at org.scalatest.funsuite.AnyFunSuite.runTests(AnyFunSuite.scala:1564)
[info]   at org.scalatest.Suite.run(Suite.scala:1114)
[info]   at org.scalatest.Suite.run$(Suite.scala:1096)
[info]   at org.scalatest.funsuite.AnyFunSuite.org$scalatest$funsuite$AnyFunSuiteLike$$super$run(AnyFunSuite.scala:1564)
[info]   at org.scalatest.funsuite.AnyFunSuiteLike.$anonfun$run$1(AnyFunSuiteLike.scala:273)
[info]   at org.scalatest.SuperEngine.runImpl(Engine.scala:535)
[info]   at org.scalatest.funsuite.AnyFunSuiteLike.run(AnyFunSuiteLike.scala:273)
[info]   at org.scalatest.funsuite.AnyFunSuiteLike.run$(AnyFunSuiteLike.scala:272)
[info]   at frameless.TypedDatasetSuite.org$scalatest$BeforeAndAfterAll$$super$run(TypedDatasetSuite.scala:63)
[info]   at org.scalatest.BeforeAndAfterAll.liftedTree1$1(BeforeAndAfterAll.scala:213)
[info]   at org.scalatest.BeforeAndAfterAll.run(BeforeAndAfterAll.scala:210)
[info]   at org.scalatest.BeforeAndAfterAll.run$(BeforeAndAfterAll.scala:208)
[info]   at frameless.TypedDatasetSuite.run(TypedDatasetSuite.scala:63)
[info]   at org.scalatest.tools.Framework.org$scalatest$tools$Framework$$runSuite(Framework.scala:321)
[info]   at org.scalatest.tools.Framework$ScalaTestTask.execute(Framework.scala:517)
[info]   at sbt.ForkMain$Run.lambda$runTest$1(ForkMain.java:414)
[info]   at java.base/java.util.concurrent.FutureTask.run(FutureTask.java:317)
[info]   at java.base/java.util.concurrent.ThreadPoolExecutor.runWorker(ThreadPoolExecutor.java:1144)
[info]   at java.base/java.util.concurrent.ThreadPoolExecutor$Worker.run(ThreadPoolExecutor.java:642)
[info]   at java.base/java.lang.Thread.run(Thread.java:1583)
[info]   Cause: java.lang.ClassCastException: Cannot cast scala.reflect.ClassTag$GenericClassTag to org.apache.spark.sql.catalyst.expressions.Expression
[info]   at java.base/java.lang.Class.cast(Class.java:4067)
[info]   at java.base/jdk.internal.reflect.DirectConstructorHandleAccessor.newInstance(DirectConstructorHandleAccessor.java:62)
[info]   at java.base/java.lang.reflect.Constructor.newInstanceWithCaller(Constructor.java:502)
[info]   at java.base/java.lang.reflect.Constructor.newInstance(Constructor.java:486)
[info]   at frameless.TypedExpressionEncoder$.$anonfun$apply$3(TypedExpressionEncoder.scala:55)
[info]   at scala.Option.map(Option.scala:242)
[info]   at frameless.TypedExpressionEncoder$.apply(TypedExpressionEncoder.scala:54)
[info]   at frameless.TypedDataset$.create(TypedDataset.scala:1325)
[info]   at frameless.NumericTests.prop$7(NumericTests.scala:137)
[info]   at frameless.NumericTests.$anonfun$new$146(NumericTests.scala:146)
[info]   at frameless.NumericTests.$anonfun$new$146$adapted(NumericTests.scala:146)
[info]   at org.scalacheck.Prop$.$anonfun$forAll$18(Prop.scala:1131)
[info]   at scala.Function1.$anonfun$andThen$1(Function1.scala:87)
[info]   at org.scalacheck.Prop$.$anonfun$forAllShrink$2(Prop.scala:868)
[info]   at org.scalacheck.Prop$.secure(Prop.scala:484)
[info]   at org.scalacheck.Prop$.result$1(Prop.scala:868)
[info]   at org.scalacheck.Prop$.$anonfun$forAllShrink$4(Prop.scala:880)
[info]   at scala.collection.immutable.Stream.map(Stream.scala:173)
[info]   at org.scalacheck.Prop$.getFirstFailure$1(Prop.scala:880)
[info]   at org.scalacheck.Prop$.shrinker$1(Prop.scala:895)
[info]   at org.scalacheck.Prop$.$anonfun$forAllShrink$1(Prop.scala:916)
[info]   at org.scalacheck.Prop$.$anonfun$apply$1(Prop.scala:305)
[info]   at org.scalacheck.PropFromFun.apply(Prop.scala:20)
[info]   at org.scalacheck.Prop$.result$1(Prop.scala:869)
[info]   at org.scalacheck.Prop$.$anonfun$forAllShrink$4(Prop.scala:880)
[info]   at scala.collection.immutable.Stream.map(Stream.scala:173)
[info]   at org.scalacheck.Prop$.getFirstFailure$1(Prop.scala:880)
[info]   at org.scalacheck.Prop$.shrinker$1(Prop.scala:895)
[info]   at org.scalacheck.Prop$.$anonfun$forAllShrink$1(Prop.scala:916)
[info]   at org.scalacheck.Prop$.$anonfun$apply$1(Prop.scala:305)
[info]   at org.scalacheck.PropFromFun.apply(Prop.scala:20)
[info]   at org.scalacheck.Test$.workerFun$1(Test.scala:486)
[info]   at org.scalacheck.Test$.$anonfun$check$4(Test.scala:518)
[info]   at org.scalacheck.Test$.$anonfun$check$4$adapted(Test.scala:518)
[info]   at org.scalacheck.Platform$.runWorkers(Platform.scala:42)
[info]   at org.scalacheck.Test$.check(Test.scala:518)
[info]   at org.scalatestplus.scalacheck.UnitCheckerAsserting$CheckerAssertingImpl.check(CheckerAsserting.scala:90)
[info]   at org.scalatestplus.scalacheck.Checkers.check(Checkers.scala:263)
[info]   at org.scalatestplus.scalacheck.Checkers.check$(Checkers.scala:253)
[info]   at frameless.TypedDatasetSuite.check(TypedDatasetSuite.scala:63)
[info]   at frameless.NumericTests.$anonfun$new$135(NumericTests.scala:146)
[info]   at org.scalatest.OutcomeOf.outcomeOf(OutcomeOf.scala:85)
[info]   at org.scalatest.OutcomeOf.outcomeOf$(OutcomeOf.scala:83)
[info]   at org.scalatest.OutcomeOf$.outcomeOf(OutcomeOf.scala:104)
[info]   at org.scalatest.Transformer.apply(Transformer.scala:22)
[info]   at org.scalatest.Transformer.apply(Transformer.scala:20)
[info]   at org.scalatest.funsuite.AnyFunSuiteLike$$anon$1.apply(AnyFunSuiteLike.scala:226)
[info]   at org.scalatest.TestSuite.withFixture(TestSuite.scala:196)
[info]   at org.scalatest.TestSuite.withFixture$(TestSuite.scala:195)
[info]   at org.scalatest.funsuite.AnyFunSuite.withFixture(AnyFunSuite.scala:1564)
[info]   at org.scalatest.funsuite.AnyFunSuiteLike.invokeWithFixture$1(AnyFunSuiteLike.scala:224)
[info]   at org.scalatest.funsuite.AnyFunSuiteLike.$anonfun$runTest$1(AnyFunSuiteLike.scala:236)
[info]   at org.scalatest.SuperEngine.runTestImpl(Engine.scala:306)
[info]   at org.scalatest.funsuite.AnyFunSuiteLike.runTest(AnyFunSuiteLike.scala:236)
[info]   at org.scalatest.funsuite.AnyFunSuiteLike.runTest$(AnyFunSuiteLike.scala:218)
[info]   at org.scalatest.funsuite.AnyFunSuite.runTest(AnyFunSuite.scala:1564)
[info]   at org.scalatest.funsuite.AnyFunSuiteLike.$anonfun$runTests$1(AnyFunSuiteLike.scala:269)
[info]   at org.scalatest.SuperEngine.$anonfun$runTestsInBranch$1(Engine.scala:413)
[info]   at scala.collection.immutable.List.foreach(List.scala:334)
[info]   at org.scalatest.SuperEngine.traverseSubNodes$1(Engine.scala:401)
[info]   at org.scalatest.SuperEngine.runTestsInBranch(Engine.scala:396)
[info]   at org.scalatest.SuperEngine.runTestsImpl(Engine.scala:475)
[info]   at org.scalatest.funsuite.AnyFunSuiteLike.runTests(AnyFunSuiteLike.scala:269)
[info]   at org.scalatest.funsuite.AnyFunSuiteLike.runTests$(AnyFunSuiteLike.scala:268)
[info]   at org.scalatest.funsuite.AnyFunSuite.runTests(AnyFunSuite.scala:1564)
[info]   at org.scalatest.Suite.run(Suite.scala:1114)
[info]   at org.scalatest.Suite.run$(Suite.scala:1096)
[info]   at org.scalatest.funsuite.AnyFunSuite.org$scalatest$funsuite$AnyFunSuiteLike$$super$run(AnyFunSuite.scala:1564)
[info]   at org.scalatest.funsuite.AnyFunSuiteLike.$anonfun$run$1(AnyFunSuiteLike.scala:273)
[info]   at org.scalatest.SuperEngine.runImpl(Engine.scala:535)
[info]   at org.scalatest.funsuite.AnyFunSuiteLike.run(AnyFunSuiteLike.scala:273)
[info]   at org.scalatest.funsuite.AnyFunSuiteLike.run$(AnyFunSuiteLike.scala:272)
[info]   at frameless.TypedDatasetSuite.org$scalatest$BeforeAndAfterAll$$super$run(TypedDatasetSuite.scala:63)
[info]   at org.scalatest.BeforeAndAfterAll.liftedTree1$1(BeforeAndAfterAll.scala:213)
[info]   at org.scalatest.BeforeAndAfterAll.run(BeforeAndAfterAll.scala:210)
[info]   at org.scalatest.BeforeAndAfterAll.run$(BeforeAndAfterAll.scala:208)
[info]   at frameless.TypedDatasetSuite.run(TypedDatasetSuite.scala:63)
[info]   at org.scalatest.tools.Framework.org$scalatest$tools$Framework$$runSuite(Framework.scala:321)
[info]   at org.scalatest.tools.Framework$ScalaTestTask.execute(Framework.scala:517)
[info]   at sbt.ForkMain$Run.lambda$runTest$1(ForkMain.java:414)
[info]   at java.base/java.util.concurrent.FutureTask.run(FutureTask.java:317)
[info]   at java.base/java.util.concurrent.ThreadPoolExecutor.runWorker(ThreadPoolExecutor.java:1144)
[info]   at java.base/java.util.concurrent.ThreadPoolExecutor$Worker.run(ThreadPoolExecutor.java:642)
[info]   at java.base/java.lang.Thread.run(Thread.java:1583)
[info] - a mod lit(b) *** FAILED *** (4 milliseconds)
[info]   IllegalArgumentException was thrown during property evaluation.
[info]     Message: argument type mismatch
[info]     Occurred when passed generated values (
[info]       arg0 = 0, // 7 shrinks
[info]       arg1 = X1(91)
[info]     )
[info]   org.scalatest.exceptions.GeneratorDrivenPropertyCheckFailedException:
[info]   at org.scalatestplus.scalacheck.CheckerAsserting$$anon$2.indicateFailure(CheckerAsserting.scala:251)
[info]   at org.scalatestplus.scalacheck.CheckerAsserting$$anon$2.indicateFailure(CheckerAsserting.scala:238)
[info]   at org.scalatestplus.scalacheck.UnitCheckerAsserting$CheckerAssertingImpl.check(CheckerAsserting.scala:160)
[info]   at org.scalatestplus.scalacheck.Checkers.check(Checkers.scala:263)
[info]   at org.scalatestplus.scalacheck.Checkers.check$(Checkers.scala:253)
[info]   at frameless.TypedDatasetSuite.check(TypedDatasetSuite.scala:63)
[info]   at frameless.NumericTests.$anonfun$new$164(NumericTests.scala:168)
[info]   at org.scalatest.OutcomeOf.outcomeOf(OutcomeOf.scala:85)
[info]   at org.scalatest.OutcomeOf.outcomeOf$(OutcomeOf.scala:83)
[info]   at org.scalatest.OutcomeOf$.outcomeOf(OutcomeOf.scala:104)
[info]   at org.scalatest.Transformer.apply(Transformer.scala:22)
[info]   at org.scalatest.Transformer.apply(Transformer.scala:20)
[info]   at org.scalatest.funsuite.AnyFunSuiteLike$$anon$1.apply(AnyFunSuiteLike.scala:226)
[info]   at org.scalatest.TestSuite.withFixture(TestSuite.scala:196)
[info]   at org.scalatest.TestSuite.withFixture$(TestSuite.scala:195)
[info]   at org.scalatest.funsuite.AnyFunSuite.withFixture(AnyFunSuite.scala:1564)
[info]   at org.scalatest.funsuite.AnyFunSuiteLike.invokeWithFixture$1(AnyFunSuiteLike.scala:224)
[info]   at org.scalatest.funsuite.AnyFunSuiteLike.$anonfun$runTest$1(AnyFunSuiteLike.scala:236)
[info]   at org.scalatest.SuperEngine.runTestImpl(Engine.scala:306)
[info]   at org.scalatest.funsuite.AnyFunSuiteLike.runTest(AnyFunSuiteLike.scala:236)
[info]   at org.scalatest.funsuite.AnyFunSuiteLike.runTest$(AnyFunSuiteLike.scala:218)
[info]   at org.scalatest.funsuite.AnyFunSuite.runTest(AnyFunSuite.scala:1564)
[info]   at org.scalatest.funsuite.AnyFunSuiteLike.$anonfun$runTests$1(AnyFunSuiteLike.scala:269)
[info]   at org.scalatest.SuperEngine.$anonfun$runTestsInBranch$1(Engine.scala:413)
[info]   at scala.collection.immutable.List.foreach(List.scala:334)
[info]   at org.scalatest.SuperEngine.traverseSubNodes$1(Engine.scala:401)
[info]   at org.scalatest.SuperEngine.runTestsInBranch(Engine.scala:396)
[info]   at org.scalatest.SuperEngine.runTestsImpl(Engine.scala:475)
[info]   at org.scalatest.funsuite.AnyFunSuiteLike.runTests(AnyFunSuiteLike.scala:269)
[info]   at org.scalatest.funsuite.AnyFunSuiteLike.runTests$(AnyFunSuiteLike.scala:268)
[info]   at org.scalatest.funsuite.AnyFunSuite.runTests(AnyFunSuite.scala:1564)
[info]   at org.scalatest.Suite.run(Suite.scala:1114)
[info]   at org.scalatest.Suite.run$(Suite.scala:1096)
[info]   at org.scalatest.funsuite.AnyFunSuite.org$scalatest$funsuite$AnyFunSuiteLike$$super$run(AnyFunSuite.scala:1564)
[info]   at org.scalatest.funsuite.AnyFunSuiteLike.$anonfun$run$1(AnyFunSuiteLike.scala:273)
[info]   at org.scalatest.SuperEngine.runImpl(Engine.scala:535)
[info]   at org.scalatest.funsuite.AnyFunSuiteLike.run(AnyFunSuiteLike.scala:273)
[info]   at org.scalatest.funsuite.AnyFunSuiteLike.run$(AnyFunSuiteLike.scala:272)
[info]   at frameless.TypedDatasetSuite.org$scalatest$BeforeAndAfterAll$$super$run(TypedDatasetSuite.scala:63)
[info]   at org.scalatest.BeforeAndAfterAll.liftedTree1$1(BeforeAndAfterAll.scala:213)
[info]   at org.scalatest.BeforeAndAfterAll.run(BeforeAndAfterAll.scala:210)
[info]   at org.scalatest.BeforeAndAfterAll.run$(BeforeAndAfterAll.scala:208)
[info]   at frameless.TypedDatasetSuite.run(TypedDatasetSuite.scala:63)
[info]   at org.scalatest.tools.Framework.org$scalatest$tools$Framework$$runSuite(Framework.scala:321)
[info]   at org.scalatest.tools.Framework$ScalaTestTask.execute(Framework.scala:517)
[info]   at sbt.ForkMain$Run.lambda$runTest$1(ForkMain.java:414)
[info]   at java.base/java.util.concurrent.FutureTask.run(FutureTask.java:317)
[info]   at java.base/java.util.concurrent.ThreadPoolExecutor.runWorker(ThreadPoolExecutor.java:1144)
[info]   at java.base/java.util.concurrent.ThreadPoolExecutor$Worker.run(ThreadPoolExecutor.java:642)
[info]   at java.base/java.lang.Thread.run(Thread.java:1583)
[info]   Cause: java.lang.IllegalArgumentException: argument type mismatch
[info]   at java.base/jdk.internal.reflect.DirectConstructorHandleAccessor.newInstance(DirectConstructorHandleAccessor.java:65)
[info]   at java.base/java.lang.reflect.Constructor.newInstanceWithCaller(Constructor.java:502)
[info]   at java.base/java.lang.reflect.Constructor.newInstance(Constructor.java:486)
[info]   at frameless.TypedExpressionEncoder$.$anonfun$apply$3(TypedExpressionEncoder.scala:55)
[info]   at scala.Option.map(Option.scala:242)
[info]   at frameless.TypedExpressionEncoder$.apply(TypedExpressionEncoder.scala:54)
[info]   at frameless.TypedDataset$.create(TypedDataset.scala:1325)
[info]   at frameless.NumericTests.prop$8(NumericTests.scala:158)
[info]   at frameless.NumericTests.$anonfun$new$173(NumericTests.scala:168)
[info]   at frameless.NumericTests.$anonfun$new$173$adapted(NumericTests.scala:168)
[info]   at org.scalacheck.Prop$.$anonfun$forAll$18(Prop.scala:1131)
[info]   at scala.Function1.$anonfun$andThen$1(Function1.scala:87)
[info]   at org.scalacheck.Prop$.$anonfun$forAllShrink$2(Prop.scala:868)
[info]   at org.scalacheck.Prop$.secure(Prop.scala:484)
[info]   at org.scalacheck.Prop$.result$1(Prop.scala:868)
[info]   at org.scalacheck.Prop$.$anonfun$forAllShrink$1(Prop.scala:915)
[info]   at org.scalacheck.Prop$.$anonfun$apply$1(Prop.scala:305)
[info]   at org.scalacheck.PropFromFun.apply(Prop.scala:20)
[info]   at org.scalacheck.Prop$.result$1(Prop.scala:869)
[info]   at org.scalacheck.Prop$.$anonfun$forAllShrink$4(Prop.scala:880)
[info]   at scala.collection.immutable.Stream.map(Stream.scala:173)
[info]   at org.scalacheck.Prop$.getFirstFailure$1(Prop.scala:880)
[info]   at org.scalacheck.Prop$.shrinker$1(Prop.scala:895)
[info]   at org.scalacheck.Prop$.$anonfun$forAllShrink$1(Prop.scala:916)
[info]   at org.scalacheck.Prop$.$anonfun$apply$1(Prop.scala:305)
[info]   at org.scalacheck.PropFromFun.apply(Prop.scala:20)
[info]   at org.scalacheck.Test$.workerFun$1(Test.scala:486)
[info]   at org.scalacheck.Test$.$anonfun$check$4(Test.scala:518)
[info]   at org.scalacheck.Test$.$anonfun$check$4$adapted(Test.scala:518)
[info]   at org.scalacheck.Platform$.runWorkers(Platform.scala:42)
[info]   at org.scalacheck.Test$.check(Test.scala:518)
[info]   at org.scalatestplus.scalacheck.UnitCheckerAsserting$CheckerAssertingImpl.check(CheckerAsserting.scala:90)
[info]   at org.scalatestplus.scalacheck.Checkers.check(Checkers.scala:263)
[info]   at org.scalatestplus.scalacheck.Checkers.check$(Checkers.scala:253)
[info]   at frameless.TypedDatasetSuite.check(TypedDatasetSuite.scala:63)
[info]   at frameless.NumericTests.$anonfun$new$164(NumericTests.scala:168)
[info]   at org.scalatest.OutcomeOf.outcomeOf(OutcomeOf.scala:85)
[info]   at org.scalatest.OutcomeOf.outcomeOf$(OutcomeOf.scala:83)
[info]   at org.scalatest.OutcomeOf$.outcomeOf(OutcomeOf.scala:104)
[info]   at org.scalatest.Transformer.apply(Transformer.scala:22)
[info]   at org.scalatest.Transformer.apply(Transformer.scala:20)
[info]   at org.scalatest.funsuite.AnyFunSuiteLike$$anon$1.apply(AnyFunSuiteLike.scala:226)
[info]   at org.scalatest.TestSuite.withFixture(TestSuite.scala:196)
[info]   at org.scalatest.TestSuite.withFixture$(TestSuite.scala:195)
[info]   at org.scalatest.funsuite.AnyFunSuite.withFixture(AnyFunSuite.scala:1564)
[info]   at org.scalatest.funsuite.AnyFunSuiteLike.invokeWithFixture$1(AnyFunSuiteLike.scala:224)
[info]   at org.scalatest.funsuite.AnyFunSuiteLike.$anonfun$runTest$1(AnyFunSuiteLike.scala:236)
[info]   at org.scalatest.SuperEngine.runTestImpl(Engine.scala:306)
[info]   at org.scalatest.funsuite.AnyFunSuiteLike.runTest(AnyFunSuiteLike.scala:236)
[info]   at org.scalatest.funsuite.AnyFunSuiteLike.runTest$(AnyFunSuiteLike.scala:218)
[info]   at org.scalatest.funsuite.AnyFunSuite.runTest(AnyFunSuite.scala:1564)
[info]   at org.scalatest.funsuite.AnyFunSuiteLike.$anonfun$runTests$1(AnyFunSuiteLike.scala:269)
[info]   at org.scalatest.SuperEngine.$anonfun$runTestsInBranch$1(Engine.scala:413)
[info]   at scala.collection.immutable.List.foreach(List.scala:334)
[info]   at org.scalatest.SuperEngine.traverseSubNodes$1(Engine.scala:401)
[info]   at org.scalatest.SuperEngine.runTestsInBranch(Engine.scala:396)
[info]   at org.scalatest.SuperEngine.runTestsImpl(Engine.scala:475)
[info]   at org.scalatest.funsuite.AnyFunSuiteLike.runTests(AnyFunSuiteLike.scala:269)
[info]   at org.scalatest.funsuite.AnyFunSuiteLike.runTests$(AnyFunSuiteLike.scala:268)
[info]   at org.scalatest.funsuite.AnyFunSuite.runTests(AnyFunSuite.scala:1564)
[info]   at org.scalatest.Suite.run(Suite.scala:1114)
[info]   at org.scalatest.Suite.run$(Suite.scala:1096)
[info]   at org.scalatest.funsuite.AnyFunSuite.org$scalatest$funsuite$AnyFunSuiteLike$$super$run(AnyFunSuite.scala:1564)
[info]   at org.scalatest.funsuite.AnyFunSuiteLike.$anonfun$run$1(AnyFunSuiteLike.scala:273)
[info]   at org.scalatest.SuperEngine.runImpl(Engine.scala:535)
[info]   at org.scalatest.funsuite.AnyFunSuiteLike.run(AnyFunSuiteLike.scala:273)
[info]   at org.scalatest.funsuite.AnyFunSuiteLike.run$(AnyFunSuiteLike.scala:272)
[info]   at frameless.TypedDatasetSuite.org$scalatest$BeforeAndAfterAll$$super$run(TypedDatasetSuite.scala:63)
[info]   at org.scalatest.BeforeAndAfterAll.liftedTree1$1(BeforeAndAfterAll.scala:213)
[info]   at org.scalatest.BeforeAndAfterAll.run(BeforeAndAfterAll.scala:210)
[info]   at org.scalatest.BeforeAndAfterAll.run$(BeforeAndAfterAll.scala:208)
[info]   at frameless.TypedDatasetSuite.run(TypedDatasetSuite.scala:63)
[info]   at org.scalatest.tools.Framework.org$scalatest$tools$Framework$$runSuite(Framework.scala:321)
[info]   at org.scalatest.tools.Framework$ScalaTestTask.execute(Framework.scala:517)
[info]   at sbt.ForkMain$Run.lambda$runTest$1(ForkMain.java:414)
[info]   at java.base/java.util.concurrent.FutureTask.run(FutureTask.java:317)
[info]   at java.base/java.util.concurrent.ThreadPoolExecutor.runWorker(ThreadPoolExecutor.java:1144)
[info]   at java.base/java.util.concurrent.ThreadPoolExecutor$Worker.run(ThreadPoolExecutor.java:642)
[info]   at java.base/java.lang.Thread.run(Thread.java:1583)
[info]   Cause: java.lang.ClassCastException: Cannot cast scala.reflect.ClassTag$GenericClassTag to org.apache.spark.sql.catalyst.expressions.Expression
[info]   at java.base/java.lang.Class.cast(Class.java:4067)
[info]   at java.base/jdk.internal.reflect.DirectConstructorHandleAccessor.newInstance(DirectConstructorHandleAccessor.java:62)
[info]   at java.base/java.lang.reflect.Constructor.newInstanceWithCaller(Constructor.java:502)
[info]   at java.base/java.lang.reflect.Constructor.newInstance(Constructor.java:486)
[info]   at frameless.TypedExpressionEncoder$.$anonfun$apply$3(TypedExpressionEncoder.scala:55)
[info]   at scala.Option.map(Option.scala:242)
[info]   at frameless.TypedExpressionEncoder$.apply(TypedExpressionEncoder.scala:54)
[info]   at frameless.TypedDataset$.create(TypedDataset.scala:1325)
[info]   at frameless.NumericTests.prop$8(NumericTests.scala:158)
[info]   at frameless.NumericTests.$anonfun$new$173(NumericTests.scala:168)
[info]   at frameless.NumericTests.$anonfun$new$173$adapted(NumericTests.scala:168)
[info]   at org.scalacheck.Prop$.$anonfun$forAll$18(Prop.scala:1131)
[info]   at scala.Function1.$anonfun$andThen$1(Function1.scala:87)
[info]   at org.scalacheck.Prop$.$anonfun$forAllShrink$2(Prop.scala:868)
[info]   at org.scalacheck.Prop$.secure(Prop.scala:484)
[info]   at org.scalacheck.Prop$.result$1(Prop.scala:868)
[info]   at org.scalacheck.Prop$.$anonfun$forAllShrink$1(Prop.scala:915)
[info]   at org.scalacheck.Prop$.$anonfun$apply$1(Prop.scala:305)
[info]   at org.scalacheck.PropFromFun.apply(Prop.scala:20)
[info]   at org.scalacheck.Prop$.result$1(Prop.scala:869)
[info]   at org.scalacheck.Prop$.$anonfun$forAllShrink$4(Prop.scala:880)
[info]   at scala.collection.immutable.Stream.map(Stream.scala:173)
[info]   at org.scalacheck.Prop$.getFirstFailure$1(Prop.scala:880)
[info]   at org.scalacheck.Prop$.shrinker$1(Prop.scala:895)
[info]   at org.scalacheck.Prop$.$anonfun$forAllShrink$1(Prop.scala:916)
[info]   at org.scalacheck.Prop$.$anonfun$apply$1(Prop.scala:305)
[info]   at org.scalacheck.PropFromFun.apply(Prop.scala:20)
[info]   at org.scalacheck.Test$.workerFun$1(Test.scala:486)
[info]   at org.scalacheck.Test$.$anonfun$check$4(Test.scala:518)
[info]   at org.scalacheck.Test$.$anonfun$check$4$adapted(Test.scala:518)
[info]   at org.scalacheck.Platform$.runWorkers(Platform.scala:42)
[info]   at org.scalacheck.Test$.check(Test.scala:518)
[info]   at org.scalatestplus.scalacheck.UnitCheckerAsserting$CheckerAssertingImpl.check(CheckerAsserting.scala:90)
[info]   at org.scalatestplus.scalacheck.Checkers.check(Checkers.scala:263)
[info]   at org.scalatestplus.scalacheck.Checkers.check$(Checkers.scala:253)
[info]   at frameless.TypedDatasetSuite.check(TypedDatasetSuite.scala:63)
[info]   at frameless.NumericTests.$anonfun$new$164(NumericTests.scala:168)
[info]   at org.scalatest.OutcomeOf.outcomeOf(OutcomeOf.scala:85)
[info]   at org.scalatest.OutcomeOf.outcomeOf$(OutcomeOf.scala:83)
[info]   at org.scalatest.OutcomeOf$.outcomeOf(OutcomeOf.scala:104)
[info]   at org.scalatest.Transformer.apply(Transformer.scala:22)
[info]   at org.scalatest.Transformer.apply(Transformer.scala:20)
[info]   at org.scalatest.funsuite.AnyFunSuiteLike$$anon$1.apply(AnyFunSuiteLike.scala:226)
[info]   at org.scalatest.TestSuite.withFixture(TestSuite.scala:196)
[info]   at org.scalatest.TestSuite.withFixture$(TestSuite.scala:195)
[info]   at org.scalatest.funsuite.AnyFunSuite.withFixture(AnyFunSuite.scala:1564)
[info]   at org.scalatest.funsuite.AnyFunSuiteLike.invokeWithFixture$1(AnyFunSuiteLike.scala:224)
[info]   at org.scalatest.funsuite.AnyFunSuiteLike.$anonfun$runTest$1(AnyFunSuiteLike.scala:236)
[info]   at org.scalatest.SuperEngine.runTestImpl(Engine.scala:306)
[info]   at org.scalatest.funsuite.AnyFunSuiteLike.runTest(AnyFunSuiteLike.scala:236)
[info]   at org.scalatest.funsuite.AnyFunSuiteLike.runTest$(AnyFunSuiteLike.scala:218)
[info]   at org.scalatest.funsuite.AnyFunSuite.runTest(AnyFunSuite.scala:1564)
[info]   at org.scalatest.funsuite.AnyFunSuiteLike.$anonfun$runTests$1(AnyFunSuiteLike.scala:269)
[info]   at org.scalatest.SuperEngine.$anonfun$runTestsInBranch$1(Engine.scala:413)
[info]   at scala.collection.immutable.List.foreach(List.scala:334)
[info]   at org.scalatest.SuperEngine.traverseSubNodes$1(Engine.scala:401)
[info]   at org.scalatest.SuperEngine.runTestsInBranch(Engine.scala:396)
[info]   at org.scalatest.SuperEngine.runTestsImpl(Engine.scala:475)
[info]   at org.scalatest.funsuite.AnyFunSuiteLike.runTests(AnyFunSuiteLike.scala:269)
[info]   at org.scalatest.funsuite.AnyFunSuiteLike.runTests$(AnyFunSuiteLike.scala:268)
[info]   at org.scalatest.funsuite.AnyFunSuite.runTests(AnyFunSuite.scala:1564)
[info]   at org.scalatest.Suite.run(Suite.scala:1114)
[info]   at org.scalatest.Suite.run$(Suite.scala:1096)
[info]   at org.scalatest.funsuite.AnyFunSuite.org$scalatest$funsuite$AnyFunSuiteLike$$super$run(AnyFunSuite.scala:1564)
[info]   at org.scalatest.funsuite.AnyFunSuiteLike.$anonfun$run$1(AnyFunSuiteLike.scala:273)
[info]   at org.scalatest.SuperEngine.runImpl(Engine.scala:535)
[info]   at org.scalatest.funsuite.AnyFunSuiteLike.run(AnyFunSuiteLike.scala:273)
[info]   at org.scalatest.funsuite.AnyFunSuiteLike.run$(AnyFunSuiteLike.scala:272)
[info]   at frameless.TypedDatasetSuite.org$scalatest$BeforeAndAfterAll$$super$run(TypedDatasetSuite.scala:63)
[info]   at org.scalatest.BeforeAndAfterAll.liftedTree1$1(BeforeAndAfterAll.scala:213)
[info]   at org.scalatest.BeforeAndAfterAll.run(BeforeAndAfterAll.scala:210)
[info]   at org.scalatest.BeforeAndAfterAll.run$(BeforeAndAfterAll.scala:208)
[info]   at frameless.TypedDatasetSuite.run(TypedDatasetSuite.scala:63)
[info]   at org.scalatest.tools.Framework.org$scalatest$tools$Framework$$runSuite(Framework.scala:321)
[info]   at org.scalatest.tools.Framework$ScalaTestTask.execute(Framework.scala:517)
[info]   at sbt.ForkMain$Run.lambda$runTest$1(ForkMain.java:414)
[info]   at java.base/java.util.concurrent.FutureTask.run(FutureTask.java:317)
[info]   at java.base/java.util.concurrent.ThreadPoolExecutor.runWorker(ThreadPoolExecutor.java:1144)
[info]   at java.base/java.util.concurrent.ThreadPoolExecutor$Worker.run(ThreadPoolExecutor.java:642)
[info]   at java.base/java.lang.Thread.run(Thread.java:1583)
[info] - isNaN *** FAILED *** (7 milliseconds)
[info]   IllegalArgumentException was thrown during property evaluation.
[info]     Message: argument type mismatch
[info]     Occurred when passed generated values (
[info]       arg0 = List()
[info]     )
[info]   org.scalatest.exceptions.GeneratorDrivenPropertyCheckFailedException:
[info]   at org.scalatestplus.scalacheck.CheckerAsserting$$anon$2.indicateFailure(CheckerAsserting.scala:251)
[info]   at org.scalatestplus.scalacheck.CheckerAsserting$$anon$2.indicateFailure(CheckerAsserting.scala:238)
[info]   at org.scalatestplus.scalacheck.UnitCheckerAsserting$CheckerAssertingImpl.check(CheckerAsserting.scala:160)
[info]   at org.scalatestplus.scalacheck.Checkers.check(Checkers.scala:371)
[info]   at org.scalatestplus.scalacheck.Checkers.check$(Checkers.scala:369)
[info]   at frameless.TypedDatasetSuite.check(TypedDatasetSuite.scala:63)
[info]   at frameless.NumericTests.$anonfun$new$191(NumericTests.scala:194)
[info]   at org.scalatest.OutcomeOf.outcomeOf(OutcomeOf.scala:85)
[info]   at org.scalatest.OutcomeOf.outcomeOf$(OutcomeOf.scala:83)
[info]   at org.scalatest.OutcomeOf$.outcomeOf(OutcomeOf.scala:104)
[info]   at org.scalatest.Transformer.apply(Transformer.scala:22)
[info]   at org.scalatest.Transformer.apply(Transformer.scala:20)
[info]   at org.scalatest.funsuite.AnyFunSuiteLike$$anon$1.apply(AnyFunSuiteLike.scala:226)
[info]   at org.scalatest.TestSuite.withFixture(TestSuite.scala:196)
[info]   at org.scalatest.TestSuite.withFixture$(TestSuite.scala:195)
[info]   at org.scalatest.funsuite.AnyFunSuite.withFixture(AnyFunSuite.scala:1564)
[info]   at org.scalatest.funsuite.AnyFunSuiteLike.invokeWithFixture$1(AnyFunSuiteLike.scala:224)
[info]   at org.scalatest.funsuite.AnyFunSuiteLike.$anonfun$runTest$1(AnyFunSuiteLike.scala:236)
[info]   at org.scalatest.SuperEngine.runTestImpl(Engine.scala:306)
[info]   at org.scalatest.funsuite.AnyFunSuiteLike.runTest(AnyFunSuiteLike.scala:236)
[info]   at org.scalatest.funsuite.AnyFunSuiteLike.runTest$(AnyFunSuiteLike.scala:218)
[info]   at org.scalatest.funsuite.AnyFunSuite.runTest(AnyFunSuite.scala:1564)
[info]   at org.scalatest.funsuite.AnyFunSuiteLike.$anonfun$runTests$1(AnyFunSuiteLike.scala:269)
[info]   at org.scalatest.SuperEngine.$anonfun$runTestsInBranch$1(Engine.scala:413)
[info]   at scala.collection.immutable.List.foreach(List.scala:334)
[info]   at org.scalatest.SuperEngine.traverseSubNodes$1(Engine.scala:401)
[info]   at org.scalatest.SuperEngine.runTestsInBranch(Engine.scala:396)
[info]   at org.scalatest.SuperEngine.runTestsImpl(Engine.scala:475)
[info]   at org.scalatest.funsuite.AnyFunSuiteLike.runTests(AnyFunSuiteLike.scala:269)
[info]   at org.scalatest.funsuite.AnyFunSuiteLike.runTests$(AnyFunSuiteLike.scala:268)
[info]   at org.scalatest.funsuite.AnyFunSuite.runTests(AnyFunSuite.scala:1564)
[info]   at org.scalatest.Suite.run(Suite.scala:1114)
[info]   at org.scalatest.Suite.run$(Suite.scala:1096)
[info]   at org.scalatest.funsuite.AnyFunSuite.org$scalatest$funsuite$AnyFunSuiteLike$$super$run(AnyFunSuite.scala:1564)
[info]   at org.scalatest.funsuite.AnyFunSuiteLike.$anonfun$run$1(AnyFunSuiteLike.scala:273)
[info]   at org.scalatest.SuperEngine.runImpl(Engine.scala:535)
[info]   at org.scalatest.funsuite.AnyFunSuiteLike.run(AnyFunSuiteLike.scala:273)
[info]   at org.scalatest.funsuite.AnyFunSuiteLike.run$(AnyFunSuiteLike.scala:272)
[info]   at frameless.TypedDatasetSuite.org$scalatest$BeforeAndAfterAll$$super$run(TypedDatasetSuite.scala:63)
[info]   at org.scalatest.BeforeAndAfterAll.liftedTree1$1(BeforeAndAfterAll.scala:213)
[info]   at org.scalatest.BeforeAndAfterAll.run(BeforeAndAfterAll.scala:210)
[info]   at org.scalatest.BeforeAndAfterAll.run$(BeforeAndAfterAll.scala:208)
[info]   at frameless.TypedDatasetSuite.run(TypedDatasetSuite.scala:63)
[info]   at org.scalatest.tools.Framework.org$scalatest$tools$Framework$$runSuite(Framework.scala:321)
[info]   at org.scalatest.tools.Framework$ScalaTestTask.execute(Framework.scala:517)
[info]   at sbt.ForkMain$Run.lambda$runTest$1(ForkMain.java:414)
[info]   at java.base/java.util.concurrent.FutureTask.run(FutureTask.java:317)
[info]   at java.base/java.util.concurrent.ThreadPoolExecutor.runWorker(ThreadPoolExecutor.java:1144)
[info]   at java.base/java.util.concurrent.ThreadPoolExecutor$Worker.run(ThreadPoolExecutor.java:642)
[info]   at java.base/java.lang.Thread.run(Thread.java:1583)
[info]   Cause: java.lang.IllegalArgumentException: argument type mismatch
[info]   at java.base/jdk.internal.reflect.DirectConstructorHandleAccessor.newInstance(DirectConstructorHandleAccessor.java:65)
[info]   at java.base/java.lang.reflect.Constructor.newInstanceWithCaller(Constructor.java:502)
[info]   at java.base/java.lang.reflect.Constructor.newInstance(Constructor.java:486)
[info]   at frameless.TypedExpressionEncoder$.$anonfun$apply$3(TypedExpressionEncoder.scala:55)
[info]   at scala.Option.map(Option.scala:242)
[info]   at frameless.TypedExpressionEncoder$.apply(TypedExpressionEncoder.scala:54)
[info]   at frameless.TypedDataset$.create(TypedDataset.scala:1325)
[info]   at frameless.NumericTests.prop$9(NumericTests.scala:186)
[info]   at frameless.NumericTests.$anonfun$new$206(NumericTests.scala:194)
[info]   at scala.Function1.$anonfun$andThen$1(Function1.scala:87)
[info]   at org.scalacheck.Prop$.$anonfun$forAllShrink$2(Prop.scala:868)
[info]   at org.scalacheck.Prop$.secure(Prop.scala:484)
[info]   at org.scalacheck.Prop$.result$1(Prop.scala:868)
[info]   at org.scalacheck.Prop$.$anonfun$forAllShrink$1(Prop.scala:915)
[info]   at org.scalacheck.Prop$.$anonfun$apply$1(Prop.scala:305)
[info]   at org.scalacheck.PropFromFun.apply(Prop.scala:20)
[info]   at org.scalacheck.Test$.workerFun$1(Test.scala:486)
[info]   at org.scalacheck.Test$.$anonfun$check$4(Test.scala:518)
[info]   at org.scalacheck.Test$.$anonfun$check$4$adapted(Test.scala:518)
[info]   at org.scalacheck.Platform$.runWorkers(Platform.scala:42)
[info]   at org.scalacheck.Test$.check(Test.scala:518)
[info]   at org.scalatestplus.scalacheck.UnitCheckerAsserting$CheckerAssertingImpl.check(CheckerAsserting.scala:90)
[info]   at org.scalatestplus.scalacheck.Checkers.check(Checkers.scala:371)
[info]   at org.scalatestplus.scalacheck.Checkers.check$(Checkers.scala:369)
[info]   at frameless.TypedDatasetSuite.check(TypedDatasetSuite.scala:63)
[info]   at frameless.NumericTests.$anonfun$new$191(NumericTests.scala:194)
[info]   at org.scalatest.OutcomeOf.outcomeOf(OutcomeOf.scala:85)
[info]   at org.scalatest.OutcomeOf.outcomeOf$(OutcomeOf.scala:83)
[info]   at org.scalatest.OutcomeOf$.outcomeOf(OutcomeOf.scala:104)
[info]   at org.scalatest.Transformer.apply(Transformer.scala:22)
[info]   at org.scalatest.Transformer.apply(Transformer.scala:20)
[info]   at org.scalatest.funsuite.AnyFunSuiteLike$$anon$1.apply(AnyFunSuiteLike.scala:226)
[info]   at org.scalatest.TestSuite.withFixture(TestSuite.scala:196)
[info]   at org.scalatest.TestSuite.withFixture$(TestSuite.scala:195)
[info]   at org.scalatest.funsuite.AnyFunSuite.withFixture(AnyFunSuite.scala:1564)
[info]   at org.scalatest.funsuite.AnyFunSuiteLike.invokeWithFixture$1(AnyFunSuiteLike.scala:224)
[info]   at org.scalatest.funsuite.AnyFunSuiteLike.$anonfun$runTest$1(AnyFunSuiteLike.scala:236)
[info]   at org.scalatest.SuperEngine.runTestImpl(Engine.scala:306)
[info]   at org.scalatest.funsuite.AnyFunSuiteLike.runTest(AnyFunSuiteLike.scala:236)
[info]   at org.scalatest.funsuite.AnyFunSuiteLike.runTest$(AnyFunSuiteLike.scala:218)
[info]   at org.scalatest.funsuite.AnyFunSuite.runTest(AnyFunSuite.scala:1564)
[info]   at org.scalatest.funsuite.AnyFunSuiteLike.$anonfun$runTests$1(AnyFunSuiteLike.scala:269)
[info]   at org.scalatest.SuperEngine.$anonfun$runTestsInBranch$1(Engine.scala:413)
[info]   at scala.collection.immutable.List.foreach(List.scala:334)
[info]   at org.scalatest.SuperEngine.traverseSubNodes$1(Engine.scala:401)
[info]   at org.scalatest.SuperEngine.runTestsInBranch(Engine.scala:396)
[info]   at org.scalatest.SuperEngine.runTestsImpl(Engine.scala:475)
[info]   at org.scalatest.funsuite.AnyFunSuiteLike.runTests(AnyFunSuiteLike.scala:269)
[info]   at org.scalatest.funsuite.AnyFunSuiteLike.runTests$(AnyFunSuiteLike.scala:268)
[info]   at org.scalatest.funsuite.AnyFunSuite.runTests(AnyFunSuite.scala:1564)
[info]   at org.scalatest.Suite.run(Suite.scala:1114)
[info]   at org.scalatest.Suite.run$(Suite.scala:1096)
[info]   at org.scalatest.funsuite.AnyFunSuite.org$scalatest$funsuite$AnyFunSuiteLike$$super$run(AnyFunSuite.scala:1564)
[info]   at org.scalatest.funsuite.AnyFunSuiteLike.$anonfun$run$1(AnyFunSuiteLike.scala:273)
[info]   at org.scalatest.SuperEngine.runImpl(Engine.scala:535)
[info]   at org.scalatest.funsuite.AnyFunSuiteLike.run(AnyFunSuiteLike.scala:273)
[info]   at org.scalatest.funsuite.AnyFunSuiteLike.run$(AnyFunSuiteLike.scala:272)
[info]   at frameless.TypedDatasetSuite.org$scalatest$BeforeAndAfterAll$$super$run(TypedDatasetSuite.scala:63)
[info]   at org.scalatest.BeforeAndAfterAll.liftedTree1$1(BeforeAndAfterAll.scala:213)
[info]   at org.scalatest.BeforeAndAfterAll.run(BeforeAndAfterAll.scala:210)
[info]   at org.scalatest.BeforeAndAfterAll.run$(BeforeAndAfterAll.scala:208)
[info]   at frameless.TypedDatasetSuite.run(TypedDatasetSuite.scala:63)
[info]   at org.scalatest.tools.Framework.org$scalatest$tools$Framework$$runSuite(Framework.scala:321)
[info]   at org.scalatest.tools.Framework$ScalaTestTask.execute(Framework.scala:517)
[info]   at sbt.ForkMain$Run.lambda$runTest$1(ForkMain.java:414)
[info]   at java.base/java.util.concurrent.FutureTask.run(FutureTask.java:317)
[info]   at java.base/java.util.concurrent.ThreadPoolExecutor.runWorker(ThreadPoolExecutor.java:1144)
[info]   at java.base/java.util.concurrent.ThreadPoolExecutor$Worker.run(ThreadPoolExecutor.java:642)
[info]   at java.base/java.lang.Thread.run(Thread.java:1583)
[info]   Cause: java.lang.ClassCastException: Cannot cast scala.reflect.ClassTag$GenericClassTag to org.apache.spark.sql.catalyst.expressions.Expression
[info]   at java.base/java.lang.Class.cast(Class.java:4067)
[info]   at java.base/jdk.internal.reflect.DirectConstructorHandleAccessor.newInstance(DirectConstructorHandleAccessor.java:62)
[info]   at java.base/java.lang.reflect.Constructor.newInstanceWithCaller(Constructor.java:502)
[info]   at java.base/java.lang.reflect.Constructor.newInstance(Constructor.java:486)
[info]   at frameless.TypedExpressionEncoder$.$anonfun$apply$3(TypedExpressionEncoder.scala:55)
[info]   at scala.Option.map(Option.scala:242)
[info]   at frameless.TypedExpressionEncoder$.apply(TypedExpressionEncoder.scala:54)
[info]   at frameless.TypedDataset$.create(TypedDataset.scala:1325)
[info]   at frameless.NumericTests.prop$9(NumericTests.scala:186)
[info]   at frameless.NumericTests.$anonfun$new$206(NumericTests.scala:194)
[info]   at scala.Function1.$anonfun$andThen$1(Function1.scala:87)
[info]   at org.scalacheck.Prop$.$anonfun$forAllShrink$2(Prop.scala:868)
[info]   at org.scalacheck.Prop$.secure(Prop.scala:484)
[info]   at org.scalacheck.Prop$.result$1(Prop.scala:868)
[info]   at org.scalacheck.Prop$.$anonfun$forAllShrink$1(Prop.scala:915)
[info]   at org.scalacheck.Prop$.$anonfun$apply$1(Prop.scala:305)
[info]   at org.scalacheck.PropFromFun.apply(Prop.scala:20)
[info]   at org.scalacheck.Test$.workerFun$1(Test.scala:486)
[info]   at org.scalacheck.Test$.$anonfun$check$4(Test.scala:518)
[info]   at org.scalacheck.Test$.$anonfun$check$4$adapted(Test.scala:518)
[info]   at org.scalacheck.Platform$.runWorkers(Platform.scala:42)
[info]   at org.scalacheck.Test$.check(Test.scala:518)
[info]   at org.scalatestplus.scalacheck.UnitCheckerAsserting$CheckerAssertingImpl.check(CheckerAsserting.scala:90)
[info]   at org.scalatestplus.scalacheck.Checkers.check(Checkers.scala:371)
[info]   at org.scalatestplus.scalacheck.Checkers.check$(Checkers.scala:369)
[info]   at frameless.TypedDatasetSuite.check(TypedDatasetSuite.scala:63)
[info]   at frameless.NumericTests.$anonfun$new$191(NumericTests.scala:194)
[info]   at org.scalatest.OutcomeOf.outcomeOf(OutcomeOf.scala:85)
[info]   at org.scalatest.OutcomeOf.outcomeOf$(OutcomeOf.scala:83)
[info]   at org.scalatest.OutcomeOf$.outcomeOf(OutcomeOf.scala:104)
[info]   at org.scalatest.Transformer.apply(Transformer.scala:22)
[info]   at org.scalatest.Transformer.apply(Transformer.scala:20)
[info]   at org.scalatest.funsuite.AnyFunSuiteLike$$anon$1.apply(AnyFunSuiteLike.scala:226)
[info]   at org.scalatest.TestSuite.withFixture(TestSuite.scala:196)
[info]   at org.scalatest.TestSuite.withFixture$(TestSuite.scala:195)
[info]   at org.scalatest.funsuite.AnyFunSuite.withFixture(AnyFunSuite.scala:1564)
[info]   at org.scalatest.funsuite.AnyFunSuiteLike.invokeWithFixture$1(AnyFunSuiteLike.scala:224)
[info]   at org.scalatest.funsuite.AnyFunSuiteLike.$anonfun$runTest$1(AnyFunSuiteLike.scala:236)
[info]   at org.scalatest.SuperEngine.runTestImpl(Engine.scala:306)
[info]   at org.scalatest.funsuite.AnyFunSuiteLike.runTest(AnyFunSuiteLike.scala:236)
[info]   at org.scalatest.funsuite.AnyFunSuiteLike.runTest$(AnyFunSuiteLike.scala:218)
[info]   at org.scalatest.funsuite.AnyFunSuite.runTest(AnyFunSuite.scala:1564)
[info]   at org.scalatest.funsuite.AnyFunSuiteLike.$anonfun$runTests$1(AnyFunSuiteLike.scala:269)
[info]   at org.scalatest.SuperEngine.$anonfun$runTestsInBranch$1(Engine.scala:413)
[info]   at scala.collection.immutable.List.foreach(List.scala:334)
[info]   at org.scalatest.SuperEngine.traverseSubNodes$1(Engine.scala:401)
[info]   at org.scalatest.SuperEngine.runTestsInBranch(Engine.scala:396)
[info]   at org.scalatest.SuperEngine.runTestsImpl(Engine.scala:475)
[info]   at org.scalatest.funsuite.AnyFunSuiteLike.runTests(AnyFunSuiteLike.scala:269)
[info]   at org.scalatest.funsuite.AnyFunSuiteLike.runTests$(AnyFunSuiteLike.scala:268)
[info]   at org.scalatest.funsuite.AnyFunSuite.runTests(AnyFunSuite.scala:1564)
[info]   at org.scalatest.Suite.run(Suite.scala:1114)
[info]   at org.scalatest.Suite.run$(Suite.scala:1096)
[info]   at org.scalatest.funsuite.AnyFunSuite.org$scalatest$funsuite$AnyFunSuiteLike$$super$run(AnyFunSuite.scala:1564)
[info]   at org.scalatest.funsuite.AnyFunSuiteLike.$anonfun$run$1(AnyFunSuiteLike.scala:273)
[info]   at org.scalatest.SuperEngine.runImpl(Engine.scala:535)
[info]   at org.scalatest.funsuite.AnyFunSuiteLike.run(AnyFunSuiteLike.scala:273)
[info]   at org.scalatest.funsuite.AnyFunSuiteLike.run$(AnyFunSuiteLike.scala:272)
[info]   at frameless.TypedDatasetSuite.org$scalatest$BeforeAndAfterAll$$super$run(TypedDatasetSuite.scala:63)
[info]   at org.scalatest.BeforeAndAfterAll.liftedTree1$1(BeforeAndAfterAll.scala:213)
[info]   at org.scalatest.BeforeAndAfterAll.run(BeforeAndAfterAll.scala:210)
[info]   at org.scalatest.BeforeAndAfterAll.run$(BeforeAndAfterAll.scala:208)
[info]   at frameless.TypedDatasetSuite.run(TypedDatasetSuite.scala:63)
[info]   at org.scalatest.tools.Framework.org$scalatest$tools$Framework$$runSuite(Framework.scala:321)
[info]   at org.scalatest.tools.Framework$ScalaTestTask.execute(Framework.scala:517)
[info]   at sbt.ForkMain$Run.lambda$runTest$1(ForkMain.java:414)
[info]   at java.base/java.util.concurrent.FutureTask.run(FutureTask.java:317)
[info]   at java.base/java.util.concurrent.ThreadPoolExecutor.runWorker(ThreadPoolExecutor.java:1144)
[info]   at java.base/java.util.concurrent.ThreadPoolExecutor$Worker.run(ThreadPoolExecutor.java:642)
[info]   at java.base/java.lang.Thread.run(Thread.java:1583)
[info] - isNaN with non-nan types should not compile *** FAILED *** (8 milliseconds)
[info]   java.lang.IllegalArgumentException: argument type mismatch
[info]   at java.base/jdk.internal.reflect.DirectConstructorHandleAccessor.newInstance(DirectConstructorHandleAccessor.java:65)
[info]   at java.base/java.lang.reflect.Constructor.newInstanceWithCaller(Constructor.java:502)
[info]   at java.base/java.lang.reflect.Constructor.newInstance(Constructor.java:486)
[info]   at frameless.TypedExpressionEncoder$.$anonfun$apply$3(TypedExpressionEncoder.scala:55)
[info]   at scala.Option.map(Option.scala:242)
[info]   at frameless.TypedExpressionEncoder$.apply(TypedExpressionEncoder.scala:54)
[info]   at frameless.TypedDataset$.create(TypedDataset.scala:1325)
[info]   at frameless.NumericTests.$anonfun$new$210(NumericTests.scala:199)
[info]   at org.scalatest.OutcomeOf.outcomeOf(OutcomeOf.scala:85)
[info]   at org.scalatest.OutcomeOf.outcomeOf$(OutcomeOf.scala:83)
[info]   at org.scalatest.OutcomeOf$.outcomeOf(OutcomeOf.scala:104)
[info]   at org.scalatest.Transformer.apply(Transformer.scala:22)
[info]   at org.scalatest.Transformer.apply(Transformer.scala:20)
[info]   at org.scalatest.funsuite.AnyFunSuiteLike$$anon$1.apply(AnyFunSuiteLike.scala:226)
[info]   at org.scalatest.TestSuite.withFixture(TestSuite.scala:196)
[info]   at org.scalatest.TestSuite.withFixture$(TestSuite.scala:195)
[info]   at org.scalatest.funsuite.AnyFunSuite.withFixture(AnyFunSuite.scala:1564)
[info]   at org.scalatest.funsuite.AnyFunSuiteLike.invokeWithFixture$1(AnyFunSuiteLike.scala:224)
[info]   at org.scalatest.funsuite.AnyFunSuiteLike.$anonfun$runTest$1(AnyFunSuiteLike.scala:236)
[info]   at org.scalatest.SuperEngine.runTestImpl(Engine.scala:306)
[info]   at org.scalatest.funsuite.AnyFunSuiteLike.runTest(AnyFunSuiteLike.scala:236)
[info]   at org.scalatest.funsuite.AnyFunSuiteLike.runTest$(AnyFunSuiteLike.scala:218)
[info]   at org.scalatest.funsuite.AnyFunSuite.runTest(AnyFunSuite.scala:1564)
[info]   at org.scalatest.funsuite.AnyFunSuiteLike.$anonfun$runTests$1(AnyFunSuiteLike.scala:269)
[info]   at org.scalatest.SuperEngine.$anonfun$runTestsInBranch$1(Engine.scala:413)
[info]   at scala.collection.immutable.List.foreach(List.scala:334)
[info]   at org.scalatest.SuperEngine.traverseSubNodes$1(Engine.scala:401)
[info]   at org.scalatest.SuperEngine.runTestsInBranch(Engine.scala:396)
[info]   at org.scalatest.SuperEngine.runTestsImpl(Engine.scala:475)
[info]   at org.scalatest.funsuite.AnyFunSuiteLike.runTests(AnyFunSuiteLike.scala:269)
[info]   at org.scalatest.funsuite.AnyFunSuiteLike.runTests$(AnyFunSuiteLike.scala:268)
[info]   at org.scalatest.funsuite.AnyFunSuite.runTests(AnyFunSuite.scala:1564)
[info]   at org.scalatest.Suite.run(Suite.scala:1114)
[info]   at org.scalatest.Suite.run$(Suite.scala:1096)
[info]   at org.scalatest.funsuite.AnyFunSuite.org$scalatest$funsuite$AnyFunSuiteLike$$super$run(AnyFunSuite.scala:1564)
[info]   at org.scalatest.funsuite.AnyFunSuiteLike.$anonfun$run$1(AnyFunSuiteLike.scala:273)
[info]   at org.scalatest.SuperEngine.runImpl(Engine.scala:535)
[info]   at org.scalatest.funsuite.AnyFunSuiteLike.run(AnyFunSuiteLike.scala:273)
[info]   at org.scalatest.funsuite.AnyFunSuiteLike.run$(AnyFunSuiteLike.scala:272)
[info]   at frameless.TypedDatasetSuite.org$scalatest$BeforeAndAfterAll$$super$run(TypedDatasetSuite.scala:63)
[info]   at org.scalatest.BeforeAndAfterAll.liftedTree1$1(BeforeAndAfterAll.scala:213)
[info]   at org.scalatest.BeforeAndAfterAll.run(BeforeAndAfterAll.scala:210)
[info]   at org.scalatest.BeforeAndAfterAll.run$(BeforeAndAfterAll.scala:208)
[info]   at frameless.TypedDatasetSuite.run(TypedDatasetSuite.scala:63)
[info]   at org.scalatest.tools.Framework.org$scalatest$tools$Framework$$runSuite(Framework.scala:321)
[info]   at org.scalatest.tools.Framework$ScalaTestTask.execute(Framework.scala:517)
[info]   at sbt.ForkMain$Run.lambda$runTest$1(ForkMain.java:414)
[info]   at java.base/java.util.concurrent.FutureTask.run(FutureTask.java:317)
[info]   at java.base/java.util.concurrent.ThreadPoolExecutor.runWorker(ThreadPoolExecutor.java:1144)
[info]   at java.base/java.util.concurrent.ThreadPoolExecutor$Worker.run(ThreadPoolExecutor.java:642)
[info]   at java.base/java.lang.Thread.run(Thread.java:1583)
[info]   Cause: java.lang.ClassCastException: Cannot cast scala.reflect.ClassTag$GenericClassTag to org.apache.spark.sql.catalyst.expressions.Expression
[info]   at java.base/java.lang.Class.cast(Class.java:4067)
[info]   at java.base/jdk.internal.reflect.DirectConstructorHandleAccessor.newInstance(DirectConstructorHandleAccessor.java:62)
[info]   at java.base/java.lang.reflect.Constructor.newInstanceWithCaller(Constructor.java:502)
[info]   at java.base/java.lang.reflect.Constructor.newInstance(Constructor.java:486)
[info]   at frameless.TypedExpressionEncoder$.$anonfun$apply$3(TypedExpressionEncoder.scala:55)
[info]   at scala.Option.map(Option.scala:242)
[info]   at frameless.TypedExpressionEncoder$.apply(TypedExpressionEncoder.scala:54)
[info]   at frameless.TypedDataset$.create(TypedDataset.scala:1325)
[info]   at frameless.NumericTests.$anonfun$new$210(NumericTests.scala:199)
[info]   at org.scalatest.OutcomeOf.outcomeOf(OutcomeOf.scala:85)
[info]   at org.scalatest.OutcomeOf.outcomeOf$(OutcomeOf.scala:83)
[info]   at org.scalatest.OutcomeOf$.outcomeOf(OutcomeOf.scala:104)
[info]   at org.scalatest.Transformer.apply(Transformer.scala:22)
[info]   at org.scalatest.Transformer.apply(Transformer.scala:20)
[info]   at org.scalatest.funsuite.AnyFunSuiteLike$$anon$1.apply(AnyFunSuiteLike.scala:226)
[info]   at org.scalatest.TestSuite.withFixture(TestSuite.scala:196)
[info]   at org.scalatest.TestSuite.withFixture$(TestSuite.scala:195)
[info]   at org.scalatest.funsuite.AnyFunSuite.withFixture(AnyFunSuite.scala:1564)
[info]   at org.scalatest.funsuite.AnyFunSuiteLike.invokeWithFixture$1(AnyFunSuiteLike.scala:224)
[info]   at org.scalatest.funsuite.AnyFunSuiteLike.$anonfun$runTest$1(AnyFunSuiteLike.scala:236)
[info]   at org.scalatest.SuperEngine.runTestImpl(Engine.scala:306)
[info]   at org.scalatest.funsuite.AnyFunSuiteLike.runTest(AnyFunSuiteLike.scala:236)
[info]   at org.scalatest.funsuite.AnyFunSuiteLike.runTest$(AnyFunSuiteLike.scala:218)
[info]   at org.scalatest.funsuite.AnyFunSuite.runTest(AnyFunSuite.scala:1564)
[info]   at org.scalatest.funsuite.AnyFunSuiteLike.$anonfun$runTests$1(AnyFunSuiteLike.scala:269)
[info]   at org.scalatest.SuperEngine.$anonfun$runTestsInBranch$1(Engine.scala:413)
[info]   at scala.collection.immutable.List.foreach(List.scala:334)
[info]   at org.scalatest.SuperEngine.traverseSubNodes$1(Engine.scala:401)
[info]   at org.scalatest.SuperEngine.runTestsInBranch(Engine.scala:396)
[info]   at org.scalatest.SuperEngine.runTestsImpl(Engine.scala:475)
[info]   at org.scalatest.funsuite.AnyFunSuiteLike.runTests(AnyFunSuiteLike.scala:269)
[info]   at org.scalatest.funsuite.AnyFunSuiteLike.runTests$(AnyFunSuiteLike.scala:268)
[info]   at org.scalatest.funsuite.AnyFunSuite.runTests(AnyFunSuite.scala:1564)
[info]   at org.scalatest.Suite.run(Suite.scala:1114)
[info]   at org.scalatest.Suite.run$(Suite.scala:1096)
[info]   at org.scalatest.funsuite.AnyFunSuite.org$scalatest$funsuite$AnyFunSuiteLike$$super$run(AnyFunSuite.scala:1564)
[info]   at org.scalatest.funsuite.AnyFunSuiteLike.$anonfun$run$1(AnyFunSuiteLike.scala:273)
[info]   at org.scalatest.SuperEngine.runImpl(Engine.scala:535)
[info]   at org.scalatest.funsuite.AnyFunSuiteLike.run(AnyFunSuiteLike.scala:273)
[info]   at org.scalatest.funsuite.AnyFunSuiteLike.run$(AnyFunSuiteLike.scala:272)
[info]   at frameless.TypedDatasetSuite.org$scalatest$BeforeAndAfterAll$$super$run(TypedDatasetSuite.scala:63)
[info]   at org.scalatest.BeforeAndAfterAll.liftedTree1$1(BeforeAndAfterAll.scala:213)
[info]   at org.scalatest.BeforeAndAfterAll.run(BeforeAndAfterAll.scala:210)
[info]   at org.scalatest.BeforeAndAfterAll.run$(BeforeAndAfterAll.scala:208)
[info]   at frameless.TypedDatasetSuite.run(TypedDatasetSuite.scala:63)
[info]   at org.scalatest.tools.Framework.org$scalatest$tools$Framework$$runSuite(Framework.scala:321)
[info]   at org.scalatest.tools.Framework$ScalaTestTask.execute(Framework.scala:517)
[info]   at sbt.ForkMain$Run.lambda$runTest$1(ForkMain.java:414)
[info]   at java.base/java.util.concurrent.FutureTask.run(FutureTask.java:317)
[info]   at java.base/java.util.concurrent.ThreadPoolExecutor.runWorker(ThreadPoolExecutor.java:1144)
[info]   at java.base/java.util.concurrent.ThreadPoolExecutor$Worker.run(ThreadPoolExecutor.java:642)
[info]   at java.base/java.lang.Thread.run(Thread.java:1583)
[info] RecordEncoderTests:
[info] - Unable to encode products made from units only (0 milliseconds)
[info] - Dropping fields (13 milliseconds)
[info] - Representation skips units (6 milliseconds)
[info] - Serialization skips units *** FAILED *** (972 milliseconds)
[info]   java.lang.IllegalArgumentException: argument type mismatch
[info]   at java.base/jdk.internal.reflect.DirectConstructorHandleAccessor.newInstance(DirectConstructorHandleAccessor.java:65)
[info]   at java.base/java.lang.reflect.Constructor.newInstanceWithCaller(Constructor.java:502)
[info]   at java.base/java.lang.reflect.Constructor.newInstance(Constructor.java:486)
[info]   at frameless.TypedExpressionEncoder$.$anonfun$apply$3(TypedExpressionEncoder.scala:55)
[info]   at scala.Option.map(Option.scala:242)
[info]   at frameless.TypedExpressionEncoder$.apply(TypedExpressionEncoder.scala:54)
[info]   at frameless.RecordEncoderTests.$anonfun$new$16(RecordEncoderTests.scala:39)
[info]   at org.scalatest.OutcomeOf.outcomeOf(OutcomeOf.scala:85)
[info]   at org.scalatest.OutcomeOf.outcomeOf$(OutcomeOf.scala:83)
[info]   at org.scalatest.OutcomeOf$.outcomeOf(OutcomeOf.scala:104)
[info]   at org.scalatest.Transformer.apply(Transformer.scala:22)
[info]   at org.scalatest.Transformer.apply(Transformer.scala:20)
[info]   at org.scalatest.funsuite.AnyFunSuiteLike$$anon$1.apply(AnyFunSuiteLike.scala:226)
[info]   at org.scalatest.TestSuite.withFixture(TestSuite.scala:196)
[info]   at org.scalatest.TestSuite.withFixture$(TestSuite.scala:195)
[info]   at org.scalatest.funsuite.AnyFunSuite.withFixture(AnyFunSuite.scala:1564)
[info]   at org.scalatest.funsuite.AnyFunSuiteLike.invokeWithFixture$1(AnyFunSuiteLike.scala:224)
[info]   at org.scalatest.funsuite.AnyFunSuiteLike.$anonfun$runTest$1(AnyFunSuiteLike.scala:236)
[info]   at org.scalatest.SuperEngine.runTestImpl(Engine.scala:306)
[info]   at org.scalatest.funsuite.AnyFunSuiteLike.runTest(AnyFunSuiteLike.scala:236)
[info]   at org.scalatest.funsuite.AnyFunSuiteLike.runTest$(AnyFunSuiteLike.scala:218)
[info]   at org.scalatest.funsuite.AnyFunSuite.runTest(AnyFunSuite.scala:1564)
[info]   at org.scalatest.funsuite.AnyFunSuiteLike.$anonfun$runTests$1(AnyFunSuiteLike.scala:269)
[info]   at org.scalatest.SuperEngine.$anonfun$runTestsInBranch$1(Engine.scala:413)
[info]   at scala.collection.immutable.List.foreach(List.scala:334)
[info]   at org.scalatest.SuperEngine.traverseSubNodes$1(Engine.scala:401)
[info]   at org.scalatest.SuperEngine.runTestsInBranch(Engine.scala:396)
[info]   at org.scalatest.SuperEngine.runTestsImpl(Engine.scala:475)
[info]   at org.scalatest.funsuite.AnyFunSuiteLike.runTests(AnyFunSuiteLike.scala:269)
[info]   at org.scalatest.funsuite.AnyFunSuiteLike.runTests$(AnyFunSuiteLike.scala:268)
[info]   at org.scalatest.funsuite.AnyFunSuite.runTests(AnyFunSuite.scala:1564)
[info]   at org.scalatest.Suite.run(Suite.scala:1114)
[info]   at org.scalatest.Suite.run$(Suite.scala:1096)
[info]   at org.scalatest.funsuite.AnyFunSuite.org$scalatest$funsuite$AnyFunSuiteLike$$super$run(AnyFunSuite.scala:1564)
[info]   at org.scalatest.funsuite.AnyFunSuiteLike.$anonfun$run$1(AnyFunSuiteLike.scala:273)
[info]   at org.scalatest.SuperEngine.runImpl(Engine.scala:535)
[info]   at org.scalatest.funsuite.AnyFunSuiteLike.run(AnyFunSuiteLike.scala:273)
[info]   at org.scalatest.funsuite.AnyFunSuiteLike.run$(AnyFunSuiteLike.scala:272)
[info]   at frameless.TypedDatasetSuite.org$scalatest$BeforeAndAfterAll$$super$run(TypedDatasetSuite.scala:63)
[info]   at org.scalatest.BeforeAndAfterAll.liftedTree1$1(BeforeAndAfterAll.scala:213)
[info]   at org.scalatest.BeforeAndAfterAll.run(BeforeAndAfterAll.scala:210)
[info]   at org.scalatest.BeforeAndAfterAll.run$(BeforeAndAfterAll.scala:208)
[info]   at frameless.TypedDatasetSuite.run(TypedDatasetSuite.scala:63)
[info]   at org.scalatest.tools.Framework.org$scalatest$tools$Framework$$runSuite(Framework.scala:321)
[info]   at org.scalatest.tools.Framework$ScalaTestTask.execute(Framework.scala:517)
[info]   at sbt.ForkMain$Run.lambda$runTest$1(ForkMain.java:414)
[info]   at java.base/java.util.concurrent.FutureTask.run(FutureTask.java:317)
[info]   at java.base/java.util.concurrent.ThreadPoolExecutor.runWorker(ThreadPoolExecutor.java:1144)
[info]   at java.base/java.util.concurrent.ThreadPoolExecutor$Worker.run(ThreadPoolExecutor.java:642)
[info]   at java.base/java.lang.Thread.run(Thread.java:1583)
[info]   Cause: java.lang.ClassCastException: Cannot cast scala.reflect.ClassTag$GenericClassTag to org.apache.spark.sql.catalyst.expressions.Expression
[info]   at java.base/java.lang.Class.cast(Class.java:4067)
[info]   at java.base/jdk.internal.reflect.DirectConstructorHandleAccessor.newInstance(DirectConstructorHandleAccessor.java:62)
[info]   at java.base/java.lang.reflect.Constructor.newInstanceWithCaller(Constructor.java:502)
[info]   at java.base/java.lang.reflect.Constructor.newInstance(Constructor.java:486)
[info]   at frameless.TypedExpressionEncoder$.$anonfun$apply$3(TypedExpressionEncoder.scala:55)
[info]   at scala.Option.map(Option.scala:242)
[info]   at frameless.TypedExpressionEncoder$.apply(TypedExpressionEncoder.scala:54)
[info]   at frameless.RecordEncoderTests.$anonfun$new$16(RecordEncoderTests.scala:39)
[info]   at org.scalatest.OutcomeOf.outcomeOf(OutcomeOf.scala:85)
[info]   at org.scalatest.OutcomeOf.outcomeOf$(OutcomeOf.scala:83)
[info]   at org.scalatest.OutcomeOf$.outcomeOf(OutcomeOf.scala:104)
[info]   at org.scalatest.Transformer.apply(Transformer.scala:22)
[info]   at org.scalatest.Transformer.apply(Transformer.scala:20)
[info]   at org.scalatest.funsuite.AnyFunSuiteLike$$anon$1.apply(AnyFunSuiteLike.scala:226)
[info]   at org.scalatest.TestSuite.withFixture(TestSuite.scala:196)
[info]   at org.scalatest.TestSuite.withFixture$(TestSuite.scala:195)
[info]   at org.scalatest.funsuite.AnyFunSuite.withFixture(AnyFunSuite.scala:1564)
[info]   at org.scalatest.funsuite.AnyFunSuiteLike.invokeWithFixture$1(AnyFunSuiteLike.scala:224)
[info]   at org.scalatest.funsuite.AnyFunSuiteLike.$anonfun$runTest$1(AnyFunSuiteLike.scala:236)
[info]   at org.scalatest.SuperEngine.runTestImpl(Engine.scala:306)
[info]   at org.scalatest.funsuite.AnyFunSuiteLike.runTest(AnyFunSuiteLike.scala:236)
[info]   at org.scalatest.funsuite.AnyFunSuiteLike.runTest$(AnyFunSuiteLike.scala:218)
[info]   at org.scalatest.funsuite.AnyFunSuite.runTest(AnyFunSuite.scala:1564)
[info]   at org.scalatest.funsuite.AnyFunSuiteLike.$anonfun$runTests$1(AnyFunSuiteLike.scala:269)
[info]   at org.scalatest.SuperEngine.$anonfun$runTestsInBranch$1(Engine.scala:413)
[info]   at scala.collection.immutable.List.foreach(List.scala:334)
[info]   at org.scalatest.SuperEngine.traverseSubNodes$1(Engine.scala:401)
[info]   at org.scalatest.SuperEngine.runTestsInBranch(Engine.scala:396)
[info]   at org.scalatest.SuperEngine.runTestsImpl(Engine.scala:475)
[info]   at org.scalatest.funsuite.AnyFunSuiteLike.runTests(AnyFunSuiteLike.scala:269)
[info]   at org.scalatest.funsuite.AnyFunSuiteLike.runTests$(AnyFunSuiteLike.scala:268)
[info]   at org.scalatest.funsuite.AnyFunSuite.runTests(AnyFunSuite.scala:1564)
[info]   at org.scalatest.Suite.run(Suite.scala:1114)
[info]   at org.scalatest.Suite.run$(Suite.scala:1096)
[info]   at org.scalatest.funsuite.AnyFunSuite.org$scalatest$funsuite$AnyFunSuiteLike$$super$run(AnyFunSuite.scala:1564)
[info]   at org.scalatest.funsuite.AnyFunSuiteLike.$anonfun$run$1(AnyFunSuiteLike.scala:273)
[info]   at org.scalatest.SuperEngine.runImpl(Engine.scala:535)
[info]   at org.scalatest.funsuite.AnyFunSuiteLike.run(AnyFunSuiteLike.scala:273)
[info]   at org.scalatest.funsuite.AnyFunSuiteLike.run$(AnyFunSuiteLike.scala:272)
[info]   at frameless.TypedDatasetSuite.org$scalatest$BeforeAndAfterAll$$super$run(TypedDatasetSuite.scala:63)
[info]   at org.scalatest.BeforeAndAfterAll.liftedTree1$1(BeforeAndAfterAll.scala:213)
[info]   at org.scalatest.BeforeAndAfterAll.run(BeforeAndAfterAll.scala:210)
[info]   at org.scalatest.BeforeAndAfterAll.run$(BeforeAndAfterAll.scala:208)
[info]   at frameless.TypedDatasetSuite.run(TypedDatasetSuite.scala:63)
[info]   at org.scalatest.tools.Framework.org$scalatest$tools$Framework$$runSuite(Framework.scala:321)
[info]   at org.scalatest.tools.Framework$ScalaTestTask.execute(Framework.scala:517)
[info]   at sbt.ForkMain$Run.lambda$runTest$1(ForkMain.java:414)
[info]   at java.base/java.util.concurrent.FutureTask.run(FutureTask.java:317)
[info]   at java.base/java.util.concurrent.ThreadPoolExecutor.runWorker(ThreadPoolExecutor.java:1144)
[info]   at java.base/java.util.concurrent.ThreadPoolExecutor$Worker.run(ThreadPoolExecutor.java:642)
[info]   at java.base/java.lang.Thread.run(Thread.java:1583)
[info] - Empty nested record value becomes null on serialization *** FAILED *** (5 milliseconds)
[info]   java.lang.IllegalArgumentException: argument type mismatch
[info]   at java.base/jdk.internal.reflect.DirectConstructorHandleAccessor.newInstance(DirectConstructorHandleAccessor.java:65)
[info]   at java.base/java.lang.reflect.Constructor.newInstanceWithCaller(Constructor.java:502)
[info]   at java.base/java.lang.reflect.Constructor.newInstance(Constructor.java:486)
[info]   at frameless.TypedExpressionEncoder$.$anonfun$apply$3(TypedExpressionEncoder.scala:55)
[info]   at scala.Option.map(Option.scala:242)
[info]   at frameless.TypedExpressionEncoder$.apply(TypedExpressionEncoder.scala:54)
[info]   at frameless.TypedDataset$.create(TypedDataset.scala:1325)
[info]   at frameless.RecordEncoderTests.$anonfun$new$25(RecordEncoderTests.scala:47)
[info]   at org.scalatest.OutcomeOf.outcomeOf(OutcomeOf.scala:85)
[info]   at org.scalatest.OutcomeOf.outcomeOf$(OutcomeOf.scala:83)
[info]   at org.scalatest.OutcomeOf$.outcomeOf(OutcomeOf.scala:104)
[info]   at org.scalatest.Transformer.apply(Transformer.scala:22)
[info]   at org.scalatest.Transformer.apply(Transformer.scala:20)
[info]   at org.scalatest.funsuite.AnyFunSuiteLike$$anon$1.apply(AnyFunSuiteLike.scala:226)
[info]   at org.scalatest.TestSuite.withFixture(TestSuite.scala:196)
[info]   at org.scalatest.TestSuite.withFixture$(TestSuite.scala:195)
[info]   at org.scalatest.funsuite.AnyFunSuite.withFixture(AnyFunSuite.scala:1564)
[info]   at org.scalatest.funsuite.AnyFunSuiteLike.invokeWithFixture$1(AnyFunSuiteLike.scala:224)
[info]   at org.scalatest.funsuite.AnyFunSuiteLike.$anonfun$runTest$1(AnyFunSuiteLike.scala:236)
[info]   at org.scalatest.SuperEngine.runTestImpl(Engine.scala:306)
[info]   at org.scalatest.funsuite.AnyFunSuiteLike.runTest(AnyFunSuiteLike.scala:236)
[info]   at org.scalatest.funsuite.AnyFunSuiteLike.runTest$(AnyFunSuiteLike.scala:218)
[info]   at org.scalatest.funsuite.AnyFunSuite.runTest(AnyFunSuite.scala:1564)
[info]   at org.scalatest.funsuite.AnyFunSuiteLike.$anonfun$runTests$1(AnyFunSuiteLike.scala:269)
[info]   at org.scalatest.SuperEngine.$anonfun$runTestsInBranch$1(Engine.scala:413)
[info]   at scala.collection.immutable.List.foreach(List.scala:334)
[info]   at org.scalatest.SuperEngine.traverseSubNodes$1(Engine.scala:401)
[info]   at org.scalatest.SuperEngine.runTestsInBranch(Engine.scala:396)
[info]   at org.scalatest.SuperEngine.runTestsImpl(Engine.scala:475)
[info]   at org.scalatest.funsuite.AnyFunSuiteLike.runTests(AnyFunSuiteLike.scala:269)
[info]   at org.scalatest.funsuite.AnyFunSuiteLike.runTests$(AnyFunSuiteLike.scala:268)
[info]   at org.scalatest.funsuite.AnyFunSuite.runTests(AnyFunSuite.scala:1564)
[info]   at org.scalatest.Suite.run(Suite.scala:1114)
[info]   at org.scalatest.Suite.run$(Suite.scala:1096)
[info]   at org.scalatest.funsuite.AnyFunSuite.org$scalatest$funsuite$AnyFunSuiteLike$$super$run(AnyFunSuite.scala:1564)
[info]   at org.scalatest.funsuite.AnyFunSuiteLike.$anonfun$run$1(AnyFunSuiteLike.scala:273)
[info]   at org.scalatest.SuperEngine.runImpl(Engine.scala:535)
[info]   at org.scalatest.funsuite.AnyFunSuiteLike.run(AnyFunSuiteLike.scala:273)
[info]   at org.scalatest.funsuite.AnyFunSuiteLike.run$(AnyFunSuiteLike.scala:272)
[info]   at frameless.TypedDatasetSuite.org$scalatest$BeforeAndAfterAll$$super$run(TypedDatasetSuite.scala:63)
[info]   at org.scalatest.BeforeAndAfterAll.liftedTree1$1(BeforeAndAfterAll.scala:213)
[info]   at org.scalatest.BeforeAndAfterAll.run(BeforeAndAfterAll.scala:210)
[info]   at org.scalatest.BeforeAndAfterAll.run$(BeforeAndAfterAll.scala:208)
[info]   at frameless.TypedDatasetSuite.run(TypedDatasetSuite.scala:63)
[info]   at org.scalatest.tools.Framework.org$scalatest$tools$Framework$$runSuite(Framework.scala:321)
[info]   at org.scalatest.tools.Framework$ScalaTestTask.execute(Framework.scala:517)
[info]   at sbt.ForkMain$Run.lambda$runTest$1(ForkMain.java:414)
[info]   at java.base/java.util.concurrent.FutureTask.run(FutureTask.java:317)
[info]   at java.base/java.util.concurrent.ThreadPoolExecutor.runWorker(ThreadPoolExecutor.java:1144)
[info]   at java.base/java.util.concurrent.ThreadPoolExecutor$Worker.run(ThreadPoolExecutor.java:642)
[info]   at java.base/java.lang.Thread.run(Thread.java:1583)
[info]   Cause: java.lang.ClassCastException: Cannot cast scala.reflect.ClassTag$GenericClassTag to org.apache.spark.sql.catalyst.expressions.Expression
[info]   at java.base/java.lang.Class.cast(Class.java:4067)
[info]   at java.base/jdk.internal.reflect.DirectConstructorHandleAccessor.newInstance(DirectConstructorHandleAccessor.java:62)
[info]   at java.base/java.lang.reflect.Constructor.newInstanceWithCaller(Constructor.java:502)
[info]   at java.base/java.lang.reflect.Constructor.newInstance(Constructor.java:486)
[info]   at frameless.TypedExpressionEncoder$.$anonfun$apply$3(TypedExpressionEncoder.scala:55)
[info]   at scala.Option.map(Option.scala:242)
[info]   at frameless.TypedExpressionEncoder$.apply(TypedExpressionEncoder.scala:54)
[info]   at frameless.TypedDataset$.create(TypedDataset.scala:1325)
[info]   at frameless.RecordEncoderTests.$anonfun$new$25(RecordEncoderTests.scala:47)
[info]   at org.scalatest.OutcomeOf.outcomeOf(OutcomeOf.scala:85)
[info]   at org.scalatest.OutcomeOf.outcomeOf$(OutcomeOf.scala:83)
[info]   at org.scalatest.OutcomeOf$.outcomeOf(OutcomeOf.scala:104)
[info]   at org.scalatest.Transformer.apply(Transformer.scala:22)
[info]   at org.scalatest.Transformer.apply(Transformer.scala:20)
[info]   at org.scalatest.funsuite.AnyFunSuiteLike$$anon$1.apply(AnyFunSuiteLike.scala:226)
[info]   at org.scalatest.TestSuite.withFixture(TestSuite.scala:196)
[info]   at org.scalatest.TestSuite.withFixture$(TestSuite.scala:195)
[info]   at org.scalatest.funsuite.AnyFunSuite.withFixture(AnyFunSuite.scala:1564)
[info]   at org.scalatest.funsuite.AnyFunSuiteLike.invokeWithFixture$1(AnyFunSuiteLike.scala:224)
[info]   at org.scalatest.funsuite.AnyFunSuiteLike.$anonfun$runTest$1(AnyFunSuiteLike.scala:236)
[info]   at org.scalatest.SuperEngine.runTestImpl(Engine.scala:306)
[info]   at org.scalatest.funsuite.AnyFunSuiteLike.runTest(AnyFunSuiteLike.scala:236)
[info]   at org.scalatest.funsuite.AnyFunSuiteLike.runTest$(AnyFunSuiteLike.scala:218)
[info]   at org.scalatest.funsuite.AnyFunSuite.runTest(AnyFunSuite.scala:1564)
[info]   at org.scalatest.funsuite.AnyFunSuiteLike.$anonfun$runTests$1(AnyFunSuiteLike.scala:269)
[info]   at org.scalatest.SuperEngine.$anonfun$runTestsInBranch$1(Engine.scala:413)
[info]   at scala.collection.immutable.List.foreach(List.scala:334)
[info]   at org.scalatest.SuperEngine.traverseSubNodes$1(Engine.scala:401)
[info]   at org.scalatest.SuperEngine.runTestsInBranch(Engine.scala:396)
[info]   at org.scalatest.SuperEngine.runTestsImpl(Engine.scala:475)
[info]   at org.scalatest.funsuite.AnyFunSuiteLike.runTests(AnyFunSuiteLike.scala:269)
[info]   at org.scalatest.funsuite.AnyFunSuiteLike.runTests$(AnyFunSuiteLike.scala:268)
[info]   at org.scalatest.funsuite.AnyFunSuite.runTests(AnyFunSuite.scala:1564)
[info]   at org.scalatest.Suite.run(Suite.scala:1114)
[info]   at org.scalatest.Suite.run$(Suite.scala:1096)
[info]   at org.scalatest.funsuite.AnyFunSuite.org$scalatest$funsuite$AnyFunSuiteLike$$super$run(AnyFunSuite.scala:1564)
[info]   at org.scalatest.funsuite.AnyFunSuiteLike.$anonfun$run$1(AnyFunSuiteLike.scala:273)
[info]   at org.scalatest.SuperEngine.runImpl(Engine.scala:535)
[info]   at org.scalatest.funsuite.AnyFunSuiteLike.run(AnyFunSuiteLike.scala:273)
[info]   at org.scalatest.funsuite.AnyFunSuiteLike.run$(AnyFunSuiteLike.scala:272)
[info]   at frameless.TypedDatasetSuite.org$scalatest$BeforeAndAfterAll$$super$run(TypedDatasetSuite.scala:63)
[info]   at org.scalatest.BeforeAndAfterAll.liftedTree1$1(BeforeAndAfterAll.scala:213)
[info]   at org.scalatest.BeforeAndAfterAll.run(BeforeAndAfterAll.scala:210)
[info]   at org.scalatest.BeforeAndAfterAll.run$(BeforeAndAfterAll.scala:208)
[info]   at frameless.TypedDatasetSuite.run(TypedDatasetSuite.scala:63)
[info]   at org.scalatest.tools.Framework.org$scalatest$tools$Framework$$runSuite(Framework.scala:321)
[info]   at org.scalatest.tools.Framework$ScalaTestTask.execute(Framework.scala:517)
[info]   at sbt.ForkMain$Run.lambda$runTest$1(ForkMain.java:414)
[info]   at java.base/java.util.concurrent.FutureTask.run(FutureTask.java:317)
[info]   at java.base/java.util.concurrent.ThreadPoolExecutor.runWorker(ThreadPoolExecutor.java:1144)
[info]   at java.base/java.util.concurrent.ThreadPoolExecutor$Worker.run(ThreadPoolExecutor.java:642)
[info]   at java.base/java.lang.Thread.run(Thread.java:1583)
[info] - Empty nested record value becomes none on deserialization *** FAILED *** (341 milliseconds)
[info]   java.lang.IllegalArgumentException: argument type mismatch
[info]   at java.base/jdk.internal.reflect.DirectConstructorHandleAccessor.newInstance(DirectConstructorHandleAccessor.java:65)
[info]   at java.base/java.lang.reflect.Constructor.newInstanceWithCaller(Constructor.java:502)
[info]   at java.base/java.lang.reflect.Constructor.newInstance(Constructor.java:486)
[info]   at frameless.TypedExpressionEncoder$.$anonfun$apply$3(TypedExpressionEncoder.scala:55)
[info]   at scala.Option.map(Option.scala:242)
[info]   at frameless.TypedExpressionEncoder$.apply(TypedExpressionEncoder.scala:54)
[info]   at frameless.TypedDataset$.createUnsafe(TypedDataset.scala:1378)
[info]   at frameless.RecordEncoderTests.$anonfun$new$30(RecordEncoderTests.scala:56)
[info]   at org.scalatest.OutcomeOf.outcomeOf(OutcomeOf.scala:85)
[info]   at org.scalatest.OutcomeOf.outcomeOf$(OutcomeOf.scala:83)
[info]   at org.scalatest.OutcomeOf$.outcomeOf(OutcomeOf.scala:104)
[info]   at org.scalatest.Transformer.apply(Transformer.scala:22)
[info]   at org.scalatest.Transformer.apply(Transformer.scala:20)
[info]   at org.scalatest.funsuite.AnyFunSuiteLike$$anon$1.apply(AnyFunSuiteLike.scala:226)
[info]   at org.scalatest.TestSuite.withFixture(TestSuite.scala:196)
[info]   at org.scalatest.TestSuite.withFixture$(TestSuite.scala:195)
[info]   at org.scalatest.funsuite.AnyFunSuite.withFixture(AnyFunSuite.scala:1564)
[info]   at org.scalatest.funsuite.AnyFunSuiteLike.invokeWithFixture$1(AnyFunSuiteLike.scala:224)
[info]   at org.scalatest.funsuite.AnyFunSuiteLike.$anonfun$runTest$1(AnyFunSuiteLike.scala:236)
[info]   at org.scalatest.SuperEngine.runTestImpl(Engine.scala:306)
[info]   at org.scalatest.funsuite.AnyFunSuiteLike.runTest(AnyFunSuiteLike.scala:236)
[info]   at org.scalatest.funsuite.AnyFunSuiteLike.runTest$(AnyFunSuiteLike.scala:218)
[info]   at org.scalatest.funsuite.AnyFunSuite.runTest(AnyFunSuite.scala:1564)
[info]   at org.scalatest.funsuite.AnyFunSuiteLike.$anonfun$runTests$1(AnyFunSuiteLike.scala:269)
[info]   at org.scalatest.SuperEngine.$anonfun$runTestsInBranch$1(Engine.scala:413)
[info]   at scala.collection.immutable.List.foreach(List.scala:334)
[info]   at org.scalatest.SuperEngine.traverseSubNodes$1(Engine.scala:401)
[info]   at org.scalatest.SuperEngine.runTestsInBranch(Engine.scala:396)
[info]   at org.scalatest.SuperEngine.runTestsImpl(Engine.scala:475)
[info]   at org.scalatest.funsuite.AnyFunSuiteLike.runTests(AnyFunSuiteLike.scala:269)
[info]   at org.scalatest.funsuite.AnyFunSuiteLike.runTests$(AnyFunSuiteLike.scala:268)
[info]   at org.scalatest.funsuite.AnyFunSuite.runTests(AnyFunSuite.scala:1564)
[info]   at org.scalatest.Suite.run(Suite.scala:1114)
[info]   at org.scalatest.Suite.run$(Suite.scala:1096)
[info]   at org.scalatest.funsuite.AnyFunSuite.org$scalatest$funsuite$AnyFunSuiteLike$$super$run(AnyFunSuite.scala:1564)
[info]   at org.scalatest.funsuite.AnyFunSuiteLike.$anonfun$run$1(AnyFunSuiteLike.scala:273)
[info]   at org.scalatest.SuperEngine.runImpl(Engine.scala:535)
[info]   at org.scalatest.funsuite.AnyFunSuiteLike.run(AnyFunSuiteLike.scala:273)
[info]   at org.scalatest.funsuite.AnyFunSuiteLike.run$(AnyFunSuiteLike.scala:272)
[info]   at frameless.TypedDatasetSuite.org$scalatest$BeforeAndAfterAll$$super$run(TypedDatasetSuite.scala:63)
[info]   at org.scalatest.BeforeAndAfterAll.liftedTree1$1(BeforeAndAfterAll.scala:213)
[info]   at org.scalatest.BeforeAndAfterAll.run(BeforeAndAfterAll.scala:210)
[info]   at org.scalatest.BeforeAndAfterAll.run$(BeforeAndAfterAll.scala:208)
[info]   at frameless.TypedDatasetSuite.run(TypedDatasetSuite.scala:63)
[info]   at org.scalatest.tools.Framework.org$scalatest$tools$Framework$$runSuite(Framework.scala:321)
[info]   at org.scalatest.tools.Framework$ScalaTestTask.execute(Framework.scala:517)
[info]   at sbt.ForkMain$Run.lambda$runTest$1(ForkMain.java:414)
[info]   at java.base/java.util.concurrent.FutureTask.run(FutureTask.java:317)
[info]   at java.base/java.util.concurrent.ThreadPoolExecutor.runWorker(ThreadPoolExecutor.java:1144)
[info]   at java.base/java.util.concurrent.ThreadPoolExecutor$Worker.run(ThreadPoolExecutor.java:642)
[info]   at java.base/java.lang.Thread.run(Thread.java:1583)
[info]   Cause: java.lang.ClassCastException: Cannot cast scala.reflect.ClassTag$GenericClassTag to org.apache.spark.sql.catalyst.expressions.Expression
[info]   at java.base/java.lang.Class.cast(Class.java:4067)
[info]   at java.base/jdk.internal.reflect.DirectConstructorHandleAccessor.newInstance(DirectConstructorHandleAccessor.java:62)
[info]   at java.base/java.lang.reflect.Constructor.newInstanceWithCaller(Constructor.java:502)
[info]   at java.base/java.lang.reflect.Constructor.newInstance(Constructor.java:486)
[info]   at frameless.TypedExpressionEncoder$.$anonfun$apply$3(TypedExpressionEncoder.scala:55)
[info]   at scala.Option.map(Option.scala:242)
[info]   at frameless.TypedExpressionEncoder$.apply(TypedExpressionEncoder.scala:54)
[info]   at frameless.TypedDataset$.createUnsafe(TypedDataset.scala:1378)
[info]   at frameless.RecordEncoderTests.$anonfun$new$30(RecordEncoderTests.scala:56)
[info]   at org.scalatest.OutcomeOf.outcomeOf(OutcomeOf.scala:85)
[info]   at org.scalatest.OutcomeOf.outcomeOf$(OutcomeOf.scala:83)
[info]   at org.scalatest.OutcomeOf$.outcomeOf(OutcomeOf.scala:104)
[info]   at org.scalatest.Transformer.apply(Transformer.scala:22)
[info]   at org.scalatest.Transformer.apply(Transformer.scala:20)
[info]   at org.scalatest.funsuite.AnyFunSuiteLike$$anon$1.apply(AnyFunSuiteLike.scala:226)
[info]   at org.scalatest.TestSuite.withFixture(TestSuite.scala:196)
[info]   at org.scalatest.TestSuite.withFixture$(TestSuite.scala:195)
[info]   at org.scalatest.funsuite.AnyFunSuite.withFixture(AnyFunSuite.scala:1564)
[info]   at org.scalatest.funsuite.AnyFunSuiteLike.invokeWithFixture$1(AnyFunSuiteLike.scala:224)
[info]   at org.scalatest.funsuite.AnyFunSuiteLike.$anonfun$runTest$1(AnyFunSuiteLike.scala:236)
[info]   at org.scalatest.SuperEngine.runTestImpl(Engine.scala:306)
[info]   at org.scalatest.funsuite.AnyFunSuiteLike.runTest(AnyFunSuiteLike.scala:236)
[info]   at org.scalatest.funsuite.AnyFunSuiteLike.runTest$(AnyFunSuiteLike.scala:218)
[info]   at org.scalatest.funsuite.AnyFunSuite.runTest(AnyFunSuite.scala:1564)
[info]   at org.scalatest.funsuite.AnyFunSuiteLike.$anonfun$runTests$1(AnyFunSuiteLike.scala:269)
[info]   at org.scalatest.SuperEngine.$anonfun$runTestsInBranch$1(Engine.scala:413)
[info]   at scala.collection.immutable.List.foreach(List.scala:334)
[info]   at org.scalatest.SuperEngine.traverseSubNodes$1(Engine.scala:401)
[info]   at org.scalatest.SuperEngine.runTestsInBranch(Engine.scala:396)
[info]   at org.scalatest.SuperEngine.runTestsImpl(Engine.scala:475)
[info]   at org.scalatest.funsuite.AnyFunSuiteLike.runTests(AnyFunSuiteLike.scala:269)
[info]   at org.scalatest.funsuite.AnyFunSuiteLike.runTests$(AnyFunSuiteLike.scala:268)
[info]   at org.scalatest.funsuite.AnyFunSuite.runTests(AnyFunSuite.scala:1564)
[info]   at org.scalatest.Suite.run(Suite.scala:1114)
[info]   at org.scalatest.Suite.run$(Suite.scala:1096)
[info]   at org.scalatest.funsuite.AnyFunSuite.org$scalatest$funsuite$AnyFunSuiteLike$$super$run(AnyFunSuite.scala:1564)
[info]   at org.scalatest.funsuite.AnyFunSuiteLike.$anonfun$run$1(AnyFunSuiteLike.scala:273)
[info]   at org.scalatest.SuperEngine.runImpl(Engine.scala:535)
[info]   at org.scalatest.funsuite.AnyFunSuiteLike.run(AnyFunSuiteLike.scala:273)
[info]   at org.scalatest.funsuite.AnyFunSuiteLike.run$(AnyFunSuiteLike.scala:272)
[info]   at frameless.TypedDatasetSuite.org$scalatest$BeforeAndAfterAll$$super$run(TypedDatasetSuite.scala:63)
[info]   at org.scalatest.BeforeAndAfterAll.liftedTree1$1(BeforeAndAfterAll.scala:213)
[info]   at org.scalatest.BeforeAndAfterAll.run(BeforeAndAfterAll.scala:210)
[info]   at org.scalatest.BeforeAndAfterAll.run$(BeforeAndAfterAll.scala:208)
[info]   at frameless.TypedDatasetSuite.run(TypedDatasetSuite.scala:63)
[info]   at org.scalatest.tools.Framework.org$scalatest$tools$Framework$$runSuite(Framework.scala:321)
[info]   at org.scalatest.tools.Framework$ScalaTestTask.execute(Framework.scala:517)
[info]   at sbt.ForkMain$Run.lambda$runTest$1(ForkMain.java:414)
[info]   at java.base/java.util.concurrent.FutureTask.run(FutureTask.java:317)
[info]   at java.base/java.util.concurrent.ThreadPoolExecutor.runWorker(ThreadPoolExecutor.java:1144)
[info]   at java.base/java.util.concurrent.ThreadPoolExecutor$Worker.run(ThreadPoolExecutor.java:642)
[info]   at java.base/java.lang.Thread.run(Thread.java:1583)
[info] - Deeply nested optional values have correct deserialization *** FAILED *** (16 milliseconds)
[info]   java.lang.IllegalArgumentException: argument type mismatch
[info]   at java.base/jdk.internal.reflect.DirectConstructorHandleAccessor.newInstance(DirectConstructorHandleAccessor.java:65)
[info]   at java.base/java.lang.reflect.Constructor.newInstanceWithCaller(Constructor.java:502)
[info]   at java.base/java.lang.reflect.Constructor.newInstance(Constructor.java:486)
[info]   at frameless.TypedExpressionEncoder$.$anonfun$apply$3(TypedExpressionEncoder.scala:55)
[info]   at scala.Option.map(Option.scala:242)
[info]   at frameless.TypedExpressionEncoder$.apply(TypedExpressionEncoder.scala:54)
[info]   at frameless.TypedDataset$.createUnsafe(TypedDataset.scala:1378)
[info]   at frameless.RecordEncoderTests.$anonfun$new$39(RecordEncoderTests.scala:66)
[info]   at org.scalatest.OutcomeOf.outcomeOf(OutcomeOf.scala:85)
[info]   at org.scalatest.OutcomeOf.outcomeOf$(OutcomeOf.scala:83)
[info]   at org.scalatest.OutcomeOf$.outcomeOf(OutcomeOf.scala:104)
[info]   at org.scalatest.Transformer.apply(Transformer.scala:22)
[info]   at org.scalatest.Transformer.apply(Transformer.scala:20)
[info]   at org.scalatest.funsuite.AnyFunSuiteLike$$anon$1.apply(AnyFunSuiteLike.scala:226)
[info]   at org.scalatest.TestSuite.withFixture(TestSuite.scala:196)
[info]   at org.scalatest.TestSuite.withFixture$(TestSuite.scala:195)
[info]   at org.scalatest.funsuite.AnyFunSuite.withFixture(AnyFunSuite.scala:1564)
[info]   at org.scalatest.funsuite.AnyFunSuiteLike.invokeWithFixture$1(AnyFunSuiteLike.scala:224)
[info]   at org.scalatest.funsuite.AnyFunSuiteLike.$anonfun$runTest$1(AnyFunSuiteLike.scala:236)
[info]   at org.scalatest.SuperEngine.runTestImpl(Engine.scala:306)
[info]   at org.scalatest.funsuite.AnyFunSuiteLike.runTest(AnyFunSuiteLike.scala:236)
[info]   at org.scalatest.funsuite.AnyFunSuiteLike.runTest$(AnyFunSuiteLike.scala:218)
[info]   at org.scalatest.funsuite.AnyFunSuite.runTest(AnyFunSuite.scala:1564)
[info]   at org.scalatest.funsuite.AnyFunSuiteLike.$anonfun$runTests$1(AnyFunSuiteLike.scala:269)
[info]   at org.scalatest.SuperEngine.$anonfun$runTestsInBranch$1(Engine.scala:413)
[info]   at scala.collection.immutable.List.foreach(List.scala:334)
[info]   at org.scalatest.SuperEngine.traverseSubNodes$1(Engine.scala:401)
[info]   at org.scalatest.SuperEngine.runTestsInBranch(Engine.scala:396)
[info]   at org.scalatest.SuperEngine.runTestsImpl(Engine.scala:475)
[info]   at org.scalatest.funsuite.AnyFunSuiteLike.runTests(AnyFunSuiteLike.scala:269)
[info]   at org.scalatest.funsuite.AnyFunSuiteLike.runTests$(AnyFunSuiteLike.scala:268)
[info]   at org.scalatest.funsuite.AnyFunSuite.runTests(AnyFunSuite.scala:1564)
[info]   at org.scalatest.Suite.run(Suite.scala:1114)
[info]   at org.scalatest.Suite.run$(Suite.scala:1096)
[info]   at org.scalatest.funsuite.AnyFunSuite.org$scalatest$funsuite$AnyFunSuiteLike$$super$run(AnyFunSuite.scala:1564)
[info]   at org.scalatest.funsuite.AnyFunSuiteLike.$anonfun$run$1(AnyFunSuiteLike.scala:273)
[info]   at org.scalatest.SuperEngine.runImpl(Engine.scala:535)
[info]   at org.scalatest.funsuite.AnyFunSuiteLike.run(AnyFunSuiteLike.scala:273)
[info]   at org.scalatest.funsuite.AnyFunSuiteLike.run$(AnyFunSuiteLike.scala:272)
[info]   at frameless.TypedDatasetSuite.org$scalatest$BeforeAndAfterAll$$super$run(TypedDatasetSuite.scala:63)
[info]   at org.scalatest.BeforeAndAfterAll.liftedTree1$1(BeforeAndAfterAll.scala:213)
[info]   at org.scalatest.BeforeAndAfterAll.run(BeforeAndAfterAll.scala:210)
[info]   at org.scalatest.BeforeAndAfterAll.run$(BeforeAndAfterAll.scala:208)
[info]   at frameless.TypedDatasetSuite.run(TypedDatasetSuite.scala:63)
[info]   at org.scalatest.tools.Framework.org$scalatest$tools$Framework$$runSuite(Framework.scala:321)
[info]   at org.scalatest.tools.Framework$ScalaTestTask.execute(Framework.scala:517)
[info]   at sbt.ForkMain$Run.lambda$runTest$1(ForkMain.java:414)
[info]   at java.base/java.util.concurrent.FutureTask.run(FutureTask.java:317)
[info]   at java.base/java.util.concurrent.ThreadPoolExecutor.runWorker(ThreadPoolExecutor.java:1144)
[info]   at java.base/java.util.concurrent.ThreadPoolExecutor$Worker.run(ThreadPoolExecutor.java:642)
[info]   at java.base/java.lang.Thread.run(Thread.java:1583)
[info]   Cause: java.lang.ClassCastException: Cannot cast scala.reflect.ClassTag$GenericClassTag to org.apache.spark.sql.catalyst.expressions.Expression
[info]   at java.base/java.lang.Class.cast(Class.java:4067)
[info]   at java.base/jdk.internal.reflect.DirectConstructorHandleAccessor.newInstance(DirectConstructorHandleAccessor.java:62)
[info]   at java.base/java.lang.reflect.Constructor.newInstanceWithCaller(Constructor.java:502)
[info]   at java.base/java.lang.reflect.Constructor.newInstance(Constructor.java:486)
[info]   at frameless.TypedExpressionEncoder$.$anonfun$apply$3(TypedExpressionEncoder.scala:55)
[info]   at scala.Option.map(Option.scala:242)
[info]   at frameless.TypedExpressionEncoder$.apply(TypedExpressionEncoder.scala:54)
[info]   at frameless.TypedDataset$.createUnsafe(TypedDataset.scala:1378)
[info]   at frameless.RecordEncoderTests.$anonfun$new$39(RecordEncoderTests.scala:66)
[info]   at org.scalatest.OutcomeOf.outcomeOf(OutcomeOf.scala:85)
[info]   at org.scalatest.OutcomeOf.outcomeOf$(OutcomeOf.scala:83)
[info]   at org.scalatest.OutcomeOf$.outcomeOf(OutcomeOf.scala:104)
[info]   at org.scalatest.Transformer.apply(Transformer.scala:22)
[info]   at org.scalatest.Transformer.apply(Transformer.scala:20)
[info]   at org.scalatest.funsuite.AnyFunSuiteLike$$anon$1.apply(AnyFunSuiteLike.scala:226)
[info]   at org.scalatest.TestSuite.withFixture(TestSuite.scala:196)
[info]   at org.scalatest.TestSuite.withFixture$(TestSuite.scala:195)
[info]   at org.scalatest.funsuite.AnyFunSuite.withFixture(AnyFunSuite.scala:1564)
[info]   at org.scalatest.funsuite.AnyFunSuiteLike.invokeWithFixture$1(AnyFunSuiteLike.scala:224)
[info]   at org.scalatest.funsuite.AnyFunSuiteLike.$anonfun$runTest$1(AnyFunSuiteLike.scala:236)
[info]   at org.scalatest.SuperEngine.runTestImpl(Engine.scala:306)
[info]   at org.scalatest.funsuite.AnyFunSuiteLike.runTest(AnyFunSuiteLike.scala:236)
[info]   at org.scalatest.funsuite.AnyFunSuiteLike.runTest$(AnyFunSuiteLike.scala:218)
[info]   at org.scalatest.funsuite.AnyFunSuite.runTest(AnyFunSuite.scala:1564)
[info]   at org.scalatest.funsuite.AnyFunSuiteLike.$anonfun$runTests$1(AnyFunSuiteLike.scala:269)
[info]   at org.scalatest.SuperEngine.$anonfun$runTestsInBranch$1(Engine.scala:413)
[info]   at scala.collection.immutable.List.foreach(List.scala:334)
[info]   at org.scalatest.SuperEngine.traverseSubNodes$1(Engine.scala:401)
[info]   at org.scalatest.SuperEngine.runTestsInBranch(Engine.scala:396)
[info]   at org.scalatest.SuperEngine.runTestsImpl(Engine.scala:475)
[info]   at org.scalatest.funsuite.AnyFunSuiteLike.runTests(AnyFunSuiteLike.scala:269)
[info]   at org.scalatest.funsuite.AnyFunSuiteLike.runTests$(AnyFunSuiteLike.scala:268)
[info]   at org.scalatest.funsuite.AnyFunSuite.runTests(AnyFunSuite.scala:1564)
[info]   at org.scalatest.Suite.run(Suite.scala:1114)
[info]   at org.scalatest.Suite.run$(Suite.scala:1096)
[info]   at org.scalatest.funsuite.AnyFunSuite.org$scalatest$funsuite$AnyFunSuiteLike$$super$run(AnyFunSuite.scala:1564)
[info]   at org.scalatest.funsuite.AnyFunSuiteLike.$anonfun$run$1(AnyFunSuiteLike.scala:273)
[info]   at org.scalatest.SuperEngine.runImpl(Engine.scala:535)
[info]   at org.scalatest.funsuite.AnyFunSuiteLike.run(AnyFunSuiteLike.scala:273)
[info]   at org.scalatest.funsuite.AnyFunSuiteLike.run$(AnyFunSuiteLike.scala:272)
[info]   at frameless.TypedDatasetSuite.org$scalatest$BeforeAndAfterAll$$super$run(TypedDatasetSuite.scala:63)
[info]   at org.scalatest.BeforeAndAfterAll.liftedTree1$1(BeforeAndAfterAll.scala:213)
[info]   at org.scalatest.BeforeAndAfterAll.run(BeforeAndAfterAll.scala:210)
[info]   at org.scalatest.BeforeAndAfterAll.run$(BeforeAndAfterAll.scala:208)
[info]   at frameless.TypedDatasetSuite.run(TypedDatasetSuite.scala:63)
[info]   at org.scalatest.tools.Framework.org$scalatest$tools$Framework$$runSuite(Framework.scala:321)
[info]   at org.scalatest.tools.Framework$ScalaTestTask.execute(Framework.scala:517)
[info]   at sbt.ForkMain$Run.lambda$runTest$1(ForkMain.java:414)
[info]   at java.base/java.util.concurrent.FutureTask.run(FutureTask.java:317)
[info]   at java.base/java.util.concurrent.ThreadPoolExecutor.runWorker(ThreadPoolExecutor.java:1144)
[info]   at java.base/java.util.concurrent.ThreadPoolExecutor$Worker.run(ThreadPoolExecutor.java:642)
[info]   at java.base/java.lang.Thread.run(Thread.java:1583)
[info] - Nesting with Seq *** FAILED *** (11 milliseconds)
[info]   java.lang.IllegalArgumentException: argument type mismatch
[info]   at java.base/jdk.internal.reflect.DirectConstructorHandleAccessor.newInstance(DirectConstructorHandleAccessor.java:65)
[info]   at java.base/java.lang.reflect.Constructor.newInstanceWithCaller(Constructor.java:502)
[info]   at java.base/java.lang.reflect.Constructor.newInstance(Constructor.java:486)
[info]   at frameless.TypedExpressionEncoder$.$anonfun$apply$3(TypedExpressionEncoder.scala:55)
[info]   at scala.Option.map(Option.scala:242)
[info]   at frameless.TypedExpressionEncoder$.apply(TypedExpressionEncoder.scala:54)
[info]   at frameless.RecordEncoderTests.$anonfun$new$48(RecordEncoderTests.scala:75)
[info]   at org.scalatest.OutcomeOf.outcomeOf(OutcomeOf.scala:85)
[info]   at org.scalatest.OutcomeOf.outcomeOf$(OutcomeOf.scala:83)
[info]   at org.scalatest.OutcomeOf$.outcomeOf(OutcomeOf.scala:104)
[info]   at org.scalatest.Transformer.apply(Transformer.scala:22)
[info]   at org.scalatest.Transformer.apply(Transformer.scala:20)
[info]   at org.scalatest.funsuite.AnyFunSuiteLike$$anon$1.apply(AnyFunSuiteLike.scala:226)
[info]   at org.scalatest.TestSuite.withFixture(TestSuite.scala:196)
[info]   at org.scalatest.TestSuite.withFixture$(TestSuite.scala:195)
[info]   at org.scalatest.funsuite.AnyFunSuite.withFixture(AnyFunSuite.scala:1564)
[info]   at org.scalatest.funsuite.AnyFunSuiteLike.invokeWithFixture$1(AnyFunSuiteLike.scala:224)
[info]   at org.scalatest.funsuite.AnyFunSuiteLike.$anonfun$runTest$1(AnyFunSuiteLike.scala:236)
[info]   at org.scalatest.SuperEngine.runTestImpl(Engine.scala:306)
[info]   at org.scalatest.funsuite.AnyFunSuiteLike.runTest(AnyFunSuiteLike.scala:236)
[info]   at org.scalatest.funsuite.AnyFunSuiteLike.runTest$(AnyFunSuiteLike.scala:218)
[info]   at org.scalatest.funsuite.AnyFunSuite.runTest(AnyFunSuite.scala:1564)
[info]   at org.scalatest.funsuite.AnyFunSuiteLike.$anonfun$runTests$1(AnyFunSuiteLike.scala:269)
[info]   at org.scalatest.SuperEngine.$anonfun$runTestsInBranch$1(Engine.scala:413)
[info]   at scala.collection.immutable.List.foreach(List.scala:334)
[info]   at org.scalatest.SuperEngine.traverseSubNodes$1(Engine.scala:401)
[info]   at org.scalatest.SuperEngine.runTestsInBranch(Engine.scala:396)
[info]   at org.scalatest.SuperEngine.runTestsImpl(Engine.scala:475)
[info]   at org.scalatest.funsuite.AnyFunSuiteLike.runTests(AnyFunSuiteLike.scala:269)
[info]   at org.scalatest.funsuite.AnyFunSuiteLike.runTests$(AnyFunSuiteLike.scala:268)
[info]   at org.scalatest.funsuite.AnyFunSuite.runTests(AnyFunSuite.scala:1564)
[info]   at org.scalatest.Suite.run(Suite.scala:1114)
[info]   at org.scalatest.Suite.run$(Suite.scala:1096)
[info]   at org.scalatest.funsuite.AnyFunSuite.org$scalatest$funsuite$AnyFunSuiteLike$$super$run(AnyFunSuite.scala:1564)
[info]   at org.scalatest.funsuite.AnyFunSuiteLike.$anonfun$run$1(AnyFunSuiteLike.scala:273)
[info]   at org.scalatest.SuperEngine.runImpl(Engine.scala:535)
[info]   at org.scalatest.funsuite.AnyFunSuiteLike.run(AnyFunSuiteLike.scala:273)
[info]   at org.scalatest.funsuite.AnyFunSuiteLike.run$(AnyFunSuiteLike.scala:272)
[info]   at frameless.TypedDatasetSuite.org$scalatest$BeforeAndAfterAll$$super$run(TypedDatasetSuite.scala:63)
[info]   at org.scalatest.BeforeAndAfterAll.liftedTree1$1(BeforeAndAfterAll.scala:213)
[info]   at org.scalatest.BeforeAndAfterAll.run(BeforeAndAfterAll.scala:210)
[info]   at org.scalatest.BeforeAndAfterAll.run$(BeforeAndAfterAll.scala:208)
[info]   at frameless.TypedDatasetSuite.run(TypedDatasetSuite.scala:63)
[info]   at org.scalatest.tools.Framework.org$scalatest$tools$Framework$$runSuite(Framework.scala:321)
[info]   at org.scalatest.tools.Framework$ScalaTestTask.execute(Framework.scala:517)
[info]   at sbt.ForkMain$Run.lambda$runTest$1(ForkMain.java:414)
[info]   at java.base/java.util.concurrent.FutureTask.run(FutureTask.java:317)
[info]   at java.base/java.util.concurrent.ThreadPoolExecutor.runWorker(ThreadPoolExecutor.java:1144)
[info]   at java.base/java.util.concurrent.ThreadPoolExecutor$Worker.run(ThreadPoolExecutor.java:642)
[info]   at java.base/java.lang.Thread.run(Thread.java:1583)
[info]   Cause: java.lang.ClassCastException: Cannot cast scala.reflect.ClassTag$GenericClassTag to org.apache.spark.sql.catalyst.expressions.Expression
[info]   at java.base/java.lang.Class.cast(Class.java:4067)
[info]   at java.base/jdk.internal.reflect.DirectConstructorHandleAccessor.newInstance(DirectConstructorHandleAccessor.java:62)
[info]   at java.base/java.lang.reflect.Constructor.newInstanceWithCaller(Constructor.java:502)
[info]   at java.base/java.lang.reflect.Constructor.newInstance(Constructor.java:486)
[info]   at frameless.TypedExpressionEncoder$.$anonfun$apply$3(TypedExpressionEncoder.scala:55)
[info]   at scala.Option.map(Option.scala:242)
[info]   at frameless.TypedExpressionEncoder$.apply(TypedExpressionEncoder.scala:54)
[info]   at frameless.RecordEncoderTests.$anonfun$new$48(RecordEncoderTests.scala:75)
[info]   at org.scalatest.OutcomeOf.outcomeOf(OutcomeOf.scala:85)
[info]   at org.scalatest.OutcomeOf.outcomeOf$(OutcomeOf.scala:83)
[info]   at org.scalatest.OutcomeOf$.outcomeOf(OutcomeOf.scala:104)
[info]   at org.scalatest.Transformer.apply(Transformer.scala:22)
[info]   at org.scalatest.Transformer.apply(Transformer.scala:20)
[info]   at org.scalatest.funsuite.AnyFunSuiteLike$$anon$1.apply(AnyFunSuiteLike.scala:226)
[info]   at org.scalatest.TestSuite.withFixture(TestSuite.scala:196)
[info]   at org.scalatest.TestSuite.withFixture$(TestSuite.scala:195)
[info]   at org.scalatest.funsuite.AnyFunSuite.withFixture(AnyFunSuite.scala:1564)
[info]   at org.scalatest.funsuite.AnyFunSuiteLike.invokeWithFixture$1(AnyFunSuiteLike.scala:224)
[info]   at org.scalatest.funsuite.AnyFunSuiteLike.$anonfun$runTest$1(AnyFunSuiteLike.scala:236)
[info]   at org.scalatest.SuperEngine.runTestImpl(Engine.scala:306)
[info]   at org.scalatest.funsuite.AnyFunSuiteLike.runTest(AnyFunSuiteLike.scala:236)
[info]   at org.scalatest.funsuite.AnyFunSuiteLike.runTest$(AnyFunSuiteLike.scala:218)
[info]   at org.scalatest.funsuite.AnyFunSuite.runTest(AnyFunSuite.scala:1564)
[info]   at org.scalatest.funsuite.AnyFunSuiteLike.$anonfun$runTests$1(AnyFunSuiteLike.scala:269)
[info]   at org.scalatest.SuperEngine.$anonfun$runTestsInBranch$1(Engine.scala:413)
[info]   at scala.collection.immutable.List.foreach(List.scala:334)
[info]   at org.scalatest.SuperEngine.traverseSubNodes$1(Engine.scala:401)
[info]   at org.scalatest.SuperEngine.runTestsInBranch(Engine.scala:396)
[info]   at org.scalatest.SuperEngine.runTestsImpl(Engine.scala:475)
[info]   at org.scalatest.funsuite.AnyFunSuiteLike.runTests(AnyFunSuiteLike.scala:269)
[info]   at org.scalatest.funsuite.AnyFunSuiteLike.runTests$(AnyFunSuiteLike.scala:268)
[info]   at org.scalatest.funsuite.AnyFunSuite.runTests(AnyFunSuite.scala:1564)
[info]   at org.scalatest.Suite.run(Suite.scala:1114)
[info]   at org.scalatest.Suite.run$(Suite.scala:1096)
[info]   at org.scalatest.funsuite.AnyFunSuite.org$scalatest$funsuite$AnyFunSuiteLike$$super$run(AnyFunSuite.scala:1564)
[info]   at org.scalatest.funsuite.AnyFunSuiteLike.$anonfun$run$1(AnyFunSuiteLike.scala:273)
[info]   at org.scalatest.SuperEngine.runImpl(Engine.scala:535)
[info]   at org.scalatest.funsuite.AnyFunSuiteLike.run(AnyFunSuiteLike.scala:273)
[info]   at org.scalatest.funsuite.AnyFunSuiteLike.run$(AnyFunSuiteLike.scala:272)
[info]   at frameless.TypedDatasetSuite.org$scalatest$BeforeAndAfterAll$$super$run(TypedDatasetSuite.scala:63)
[info]   at org.scalatest.BeforeAndAfterAll.liftedTree1$1(BeforeAndAfterAll.scala:213)
[info]   at org.scalatest.BeforeAndAfterAll.run(BeforeAndAfterAll.scala:210)
[info]   at org.scalatest.BeforeAndAfterAll.run$(BeforeAndAfterAll.scala:208)
[info]   at frameless.TypedDatasetSuite.run(TypedDatasetSuite.scala:63)
[info]   at org.scalatest.tools.Framework.org$scalatest$tools$Framework$$runSuite(Framework.scala:321)
[info]   at org.scalatest.tools.Framework$ScalaTestTask.execute(Framework.scala:517)
[info]   at sbt.ForkMain$Run.lambda$runTest$1(ForkMain.java:414)
[info]   at java.base/java.util.concurrent.FutureTask.run(FutureTask.java:317)
[info]   at java.base/java.util.concurrent.ThreadPoolExecutor.runWorker(ThreadPoolExecutor.java:1144)
[info]   at java.base/java.util.concurrent.ThreadPoolExecutor$Worker.run(ThreadPoolExecutor.java:642)
[info]   at java.base/java.lang.Thread.run(Thread.java:1583)
[info] - Nesting with Set *** FAILED *** (15 milliseconds)
[info]   java.lang.IllegalArgumentException: argument type mismatch
[info]   at java.base/jdk.internal.reflect.DirectConstructorHandleAccessor.newInstance(DirectConstructorHandleAccessor.java:65)
[info]   at java.base/java.lang.reflect.Constructor.newInstanceWithCaller(Constructor.java:502)
[info]   at java.base/java.lang.reflect.Constructor.newInstance(Constructor.java:486)
[info]   at frameless.TypedExpressionEncoder$.$anonfun$apply$3(TypedExpressionEncoder.scala:55)
[info]   at scala.Option.map(Option.scala:242)
[info]   at frameless.TypedExpressionEncoder$.apply(TypedExpressionEncoder.scala:54)
[info]   at frameless.RecordEncoderTests.$anonfun$new$53(RecordEncoderTests.scala:85)
[info]   at org.scalatest.OutcomeOf.outcomeOf(OutcomeOf.scala:85)
[info]   at org.scalatest.OutcomeOf.outcomeOf$(OutcomeOf.scala:83)
[info]   at org.scalatest.OutcomeOf$.outcomeOf(OutcomeOf.scala:104)
[info]   at org.scalatest.Transformer.apply(Transformer.scala:22)
[info]   at org.scalatest.Transformer.apply(Transformer.scala:20)
[info]   at org.scalatest.funsuite.AnyFunSuiteLike$$anon$1.apply(AnyFunSuiteLike.scala:226)
[info]   at org.scalatest.TestSuite.withFixture(TestSuite.scala:196)
[info]   at org.scalatest.TestSuite.withFixture$(TestSuite.scala:195)
[info]   at org.scalatest.funsuite.AnyFunSuite.withFixture(AnyFunSuite.scala:1564)
[info]   at org.scalatest.funsuite.AnyFunSuiteLike.invokeWithFixture$1(AnyFunSuiteLike.scala:224)
[info]   at org.scalatest.funsuite.AnyFunSuiteLike.$anonfun$runTest$1(AnyFunSuiteLike.scala:236)
[info]   at org.scalatest.SuperEngine.runTestImpl(Engine.scala:306)
[info]   at org.scalatest.funsuite.AnyFunSuiteLike.runTest(AnyFunSuiteLike.scala:236)
[info]   at org.scalatest.funsuite.AnyFunSuiteLike.runTest$(AnyFunSuiteLike.scala:218)
[info]   at org.scalatest.funsuite.AnyFunSuite.runTest(AnyFunSuite.scala:1564)
[info]   at org.scalatest.funsuite.AnyFunSuiteLike.$anonfun$runTests$1(AnyFunSuiteLike.scala:269)
[info]   at org.scalatest.SuperEngine.$anonfun$runTestsInBranch$1(Engine.scala:413)
[info]   at scala.collection.immutable.List.foreach(List.scala:334)
[info]   at org.scalatest.SuperEngine.traverseSubNodes$1(Engine.scala:401)
[info]   at org.scalatest.SuperEngine.runTestsInBranch(Engine.scala:396)
[info]   at org.scalatest.SuperEngine.runTestsImpl(Engine.scala:475)
[info]   at org.scalatest.funsuite.AnyFunSuiteLike.runTests(AnyFunSuiteLike.scala:269)
[info]   at org.scalatest.funsuite.AnyFunSuiteLike.runTests$(AnyFunSuiteLike.scala:268)
[info]   at org.scalatest.funsuite.AnyFunSuite.runTests(AnyFunSuite.scala:1564)
[info]   at org.scalatest.Suite.run(Suite.scala:1114)
[info]   at org.scalatest.Suite.run$(Suite.scala:1096)
[info]   at org.scalatest.funsuite.AnyFunSuite.org$scalatest$funsuite$AnyFunSuiteLike$$super$run(AnyFunSuite.scala:1564)
[info]   at org.scalatest.funsuite.AnyFunSuiteLike.$anonfun$run$1(AnyFunSuiteLike.scala:273)
[info]   at org.scalatest.SuperEngine.runImpl(Engine.scala:535)
[info]   at org.scalatest.funsuite.AnyFunSuiteLike.run(AnyFunSuiteLike.scala:273)
[info]   at org.scalatest.funsuite.AnyFunSuiteLike.run$(AnyFunSuiteLike.scala:272)
[info]   at frameless.TypedDatasetSuite.org$scalatest$BeforeAndAfterAll$$super$run(TypedDatasetSuite.scala:63)
[info]   at org.scalatest.BeforeAndAfterAll.liftedTree1$1(BeforeAndAfterAll.scala:213)
[info]   at org.scalatest.BeforeAndAfterAll.run(BeforeAndAfterAll.scala:210)
[info]   at org.scalatest.BeforeAndAfterAll.run$(BeforeAndAfterAll.scala:208)
[info]   at frameless.TypedDatasetSuite.run(TypedDatasetSuite.scala:63)
[info]   at org.scalatest.tools.Framework.org$scalatest$tools$Framework$$runSuite(Framework.scala:321)
[info]   at org.scalatest.tools.Framework$ScalaTestTask.execute(Framework.scala:517)
[info]   at sbt.ForkMain$Run.lambda$runTest$1(ForkMain.java:414)
[info]   at java.base/java.util.concurrent.FutureTask.run(FutureTask.java:317)
[info]   at java.base/java.util.concurrent.ThreadPoolExecutor.runWorker(ThreadPoolExecutor.java:1144)
[info]   at java.base/java.util.concurrent.ThreadPoolExecutor$Worker.run(ThreadPoolExecutor.java:642)
[info]   at java.base/java.lang.Thread.run(Thread.java:1583)
[info]   Cause: java.lang.ClassCastException: Cannot cast scala.reflect.ClassTag$GenericClassTag to org.apache.spark.sql.catalyst.expressions.Expression
[info]   at java.base/java.lang.Class.cast(Class.java:4067)
[info]   at java.base/jdk.internal.reflect.DirectConstructorHandleAccessor.newInstance(DirectConstructorHandleAccessor.java:62)
[info]   at java.base/java.lang.reflect.Constructor.newInstanceWithCaller(Constructor.java:502)
[info]   at java.base/java.lang.reflect.Constructor.newInstance(Constructor.java:486)
[info]   at frameless.TypedExpressionEncoder$.$anonfun$apply$3(TypedExpressionEncoder.scala:55)
[info]   at scala.Option.map(Option.scala:242)
[info]   at frameless.TypedExpressionEncoder$.apply(TypedExpressionEncoder.scala:54)
[info]   at frameless.RecordEncoderTests.$anonfun$new$53(RecordEncoderTests.scala:85)
[info]   at org.scalatest.OutcomeOf.outcomeOf(OutcomeOf.scala:85)
[info]   at org.scalatest.OutcomeOf.outcomeOf$(OutcomeOf.scala:83)
[info]   at org.scalatest.OutcomeOf$.outcomeOf(OutcomeOf.scala:104)
[info]   at org.scalatest.Transformer.apply(Transformer.scala:22)
[info]   at org.scalatest.Transformer.apply(Transformer.scala:20)
[info]   at org.scalatest.funsuite.AnyFunSuiteLike$$anon$1.apply(AnyFunSuiteLike.scala:226)
[info]   at org.scalatest.TestSuite.withFixture(TestSuite.scala:196)
[info]   at org.scalatest.TestSuite.withFixture$(TestSuite.scala:195)
[info]   at org.scalatest.funsuite.AnyFunSuite.withFixture(AnyFunSuite.scala:1564)
[info]   at org.scalatest.funsuite.AnyFunSuiteLike.invokeWithFixture$1(AnyFunSuiteLike.scala:224)
[info]   at org.scalatest.funsuite.AnyFunSuiteLike.$anonfun$runTest$1(AnyFunSuiteLike.scala:236)
[info]   at org.scalatest.SuperEngine.runTestImpl(Engine.scala:306)
[info]   at org.scalatest.funsuite.AnyFunSuiteLike.runTest(AnyFunSuiteLike.scala:236)
[info]   at org.scalatest.funsuite.AnyFunSuiteLike.runTest$(AnyFunSuiteLike.scala:218)
[info]   at org.scalatest.funsuite.AnyFunSuite.runTest(AnyFunSuite.scala:1564)
[info]   at org.scalatest.funsuite.AnyFunSuiteLike.$anonfun$runTests$1(AnyFunSuiteLike.scala:269)
[info]   at org.scalatest.SuperEngine.$anonfun$runTestsInBranch$1(Engine.scala:413)
[info]   at scala.collection.immutable.List.foreach(List.scala:334)
[info]   at org.scalatest.SuperEngine.traverseSubNodes$1(Engine.scala:401)
[info]   at org.scalatest.SuperEngine.runTestsInBranch(Engine.scala:396)
[info]   at org.scalatest.SuperEngine.runTestsImpl(Engine.scala:475)
[info]   at org.scalatest.funsuite.AnyFunSuiteLike.runTests(AnyFunSuiteLike.scala:269)
[info]   at org.scalatest.funsuite.AnyFunSuiteLike.runTests$(AnyFunSuiteLike.scala:268)
[info]   at org.scalatest.funsuite.AnyFunSuite.runTests(AnyFunSuite.scala:1564)
[info]   at org.scalatest.Suite.run(Suite.scala:1114)
[info]   at org.scalatest.Suite.run$(Suite.scala:1096)
[info]   at org.scalatest.funsuite.AnyFunSuite.org$scalatest$funsuite$AnyFunSuiteLike$$super$run(AnyFunSuite.scala:1564)
[info]   at org.scalatest.funsuite.AnyFunSuiteLike.$anonfun$run$1(AnyFunSuiteLike.scala:273)
[info]   at org.scalatest.SuperEngine.runImpl(Engine.scala:535)
[info]   at org.scalatest.funsuite.AnyFunSuiteLike.run(AnyFunSuiteLike.scala:273)
[info]   at org.scalatest.funsuite.AnyFunSuiteLike.run$(AnyFunSuiteLike.scala:272)
[info]   at frameless.TypedDatasetSuite.org$scalatest$BeforeAndAfterAll$$super$run(TypedDatasetSuite.scala:63)
[info]   at org.scalatest.BeforeAndAfterAll.liftedTree1$1(BeforeAndAfterAll.scala:213)
[info]   at org.scalatest.BeforeAndAfterAll.run(BeforeAndAfterAll.scala:210)
[info]   at org.scalatest.BeforeAndAfterAll.run$(BeforeAndAfterAll.scala:208)
[info]   at frameless.TypedDatasetSuite.run(TypedDatasetSuite.scala:63)
[info]   at org.scalatest.tools.Framework.org$scalatest$tools$Framework$$runSuite(Framework.scala:321)
[info]   at org.scalatest.tools.Framework$ScalaTestTask.execute(Framework.scala:517)
[info]   at sbt.ForkMain$Run.lambda$runTest$1(ForkMain.java:414)
[info]   at java.base/java.util.concurrent.FutureTask.run(FutureTask.java:317)
[info]   at java.base/java.util.concurrent.ThreadPoolExecutor.runWorker(ThreadPoolExecutor.java:1144)
[info]   at java.base/java.util.concurrent.ThreadPoolExecutor$Worker.run(ThreadPoolExecutor.java:642)
[info]   at java.base/java.lang.Thread.run(Thread.java:1583)
[info] - Scalar value class *** FAILED *** (454 milliseconds)
[info]   java.lang.IllegalArgumentException: argument type mismatch
[info]   at java.base/jdk.internal.reflect.DirectConstructorHandleAccessor.newInstance(DirectConstructorHandleAccessor.java:65)
[info]   at java.base/java.lang.reflect.Constructor.newInstanceWithCaller(Constructor.java:502)
[info]   at java.base/java.lang.reflect.Constructor.newInstance(Constructor.java:486)
[info]   at frameless.TypedExpressionEncoder$.$anonfun$apply$3(TypedExpressionEncoder.scala:55)
[info]   at scala.Option.map(Option.scala:242)
[info]   at frameless.TypedExpressionEncoder$.apply(TypedExpressionEncoder.scala:54)
[info]   at frameless.TypedDataset$.createUnsafe(TypedDataset.scala:1378)
[info]   at frameless.RecordEncoderTests.$anonfun$new$58(RecordEncoderTests.scala:104)
[info]   at org.scalatest.OutcomeOf.outcomeOf(OutcomeOf.scala:85)
[info]   at org.scalatest.OutcomeOf.outcomeOf$(OutcomeOf.scala:83)
[info]   at org.scalatest.OutcomeOf$.outcomeOf(OutcomeOf.scala:104)
[info]   at org.scalatest.Transformer.apply(Transformer.scala:22)
[info]   at org.scalatest.Transformer.apply(Transformer.scala:20)
[info]   at org.scalatest.funsuite.AnyFunSuiteLike$$anon$1.apply(AnyFunSuiteLike.scala:226)
[info]   at org.scalatest.TestSuite.withFixture(TestSuite.scala:196)
[info]   at org.scalatest.TestSuite.withFixture$(TestSuite.scala:195)
[info]   at org.scalatest.funsuite.AnyFunSuite.withFixture(AnyFunSuite.scala:1564)
[info]   at org.scalatest.funsuite.AnyFunSuiteLike.invokeWithFixture$1(AnyFunSuiteLike.scala:224)
[info]   at org.scalatest.funsuite.AnyFunSuiteLike.$anonfun$runTest$1(AnyFunSuiteLike.scala:236)
[info]   at org.scalatest.SuperEngine.runTestImpl(Engine.scala:306)
[info]   at org.scalatest.funsuite.AnyFunSuiteLike.runTest(AnyFunSuiteLike.scala:236)
[info]   at org.scalatest.funsuite.AnyFunSuiteLike.runTest$(AnyFunSuiteLike.scala:218)
[info]   at org.scalatest.funsuite.AnyFunSuite.runTest(AnyFunSuite.scala:1564)
[info]   at org.scalatest.funsuite.AnyFunSuiteLike.$anonfun$runTests$1(AnyFunSuiteLike.scala:269)
[info]   at org.scalatest.SuperEngine.$anonfun$runTestsInBranch$1(Engine.scala:413)
[info]   at scala.collection.immutable.List.foreach(List.scala:334)
[info]   at org.scalatest.SuperEngine.traverseSubNodes$1(Engine.scala:401)
[info]   at org.scalatest.SuperEngine.runTestsInBranch(Engine.scala:396)
[info]   at org.scalatest.SuperEngine.runTestsImpl(Engine.scala:475)
[info]   at org.scalatest.funsuite.AnyFunSuiteLike.runTests(AnyFunSuiteLike.scala:269)
[info]   at org.scalatest.funsuite.AnyFunSuiteLike.runTests$(AnyFunSuiteLike.scala:268)
[info]   at org.scalatest.funsuite.AnyFunSuite.runTests(AnyFunSuite.scala:1564)
[info]   at org.scalatest.Suite.run(Suite.scala:1114)
[info]   at org.scalatest.Suite.run$(Suite.scala:1096)
[info]   at org.scalatest.funsuite.AnyFunSuite.org$scalatest$funsuite$AnyFunSuiteLike$$super$run(AnyFunSuite.scala:1564)
[info]   at org.scalatest.funsuite.AnyFunSuiteLike.$anonfun$run$1(AnyFunSuiteLike.scala:273)
[info]   at org.scalatest.SuperEngine.runImpl(Engine.scala:535)
[info]   at org.scalatest.funsuite.AnyFunSuiteLike.run(AnyFunSuiteLike.scala:273)
[info]   at org.scalatest.funsuite.AnyFunSuiteLike.run$(AnyFunSuiteLike.scala:272)
[info]   at frameless.TypedDatasetSuite.org$scalatest$BeforeAndAfterAll$$super$run(TypedDatasetSuite.scala:63)
[info]   at org.scalatest.BeforeAndAfterAll.liftedTree1$1(BeforeAndAfterAll.scala:213)
[info]   at org.scalatest.BeforeAndAfterAll.run(BeforeAndAfterAll.scala:210)
[info]   at org.scalatest.BeforeAndAfterAll.run$(BeforeAndAfterAll.scala:208)
[info]   at frameless.TypedDatasetSuite.run(TypedDatasetSuite.scala:63)
[info]   at org.scalatest.tools.Framework.org$scalatest$tools$Framework$$runSuite(Framework.scala:321)
[info]   at org.scalatest.tools.Framework$ScalaTestTask.execute(Framework.scala:517)
[info]   at sbt.ForkMain$Run.lambda$runTest$1(ForkMain.java:414)
[info]   at java.base/java.util.concurrent.FutureTask.run(FutureTask.java:317)
[info]   at java.base/java.util.concurrent.ThreadPoolExecutor.runWorker(ThreadPoolExecutor.java:1144)
[info]   at java.base/java.util.concurrent.ThreadPoolExecutor$Worker.run(ThreadPoolExecutor.java:642)
[info]   at java.base/java.lang.Thread.run(Thread.java:1583)
[info]   Cause: java.lang.ClassCastException: Cannot cast scala.reflect.ClassTag$GenericClassTag to org.apache.spark.sql.catalyst.expressions.Expression
[info]   at java.base/java.lang.Class.cast(Class.java:4067)
[info]   at java.base/jdk.internal.reflect.DirectConstructorHandleAccessor.newInstance(DirectConstructorHandleAccessor.java:62)
[info]   at java.base/java.lang.reflect.Constructor.newInstanceWithCaller(Constructor.java:502)
[info]   at java.base/java.lang.reflect.Constructor.newInstance(Constructor.java:486)
[info]   at frameless.TypedExpressionEncoder$.$anonfun$apply$3(TypedExpressionEncoder.scala:55)
[info]   at scala.Option.map(Option.scala:242)
[info]   at frameless.TypedExpressionEncoder$.apply(TypedExpressionEncoder.scala:54)
[info]   at frameless.TypedDataset$.createUnsafe(TypedDataset.scala:1378)
[info]   at frameless.RecordEncoderTests.$anonfun$new$58(RecordEncoderTests.scala:104)
[info]   at org.scalatest.OutcomeOf.outcomeOf(OutcomeOf.scala:85)
[info]   at org.scalatest.OutcomeOf.outcomeOf$(OutcomeOf.scala:83)
[info]   at org.scalatest.OutcomeOf$.outcomeOf(OutcomeOf.scala:104)
[info]   at org.scalatest.Transformer.apply(Transformer.scala:22)
[info]   at org.scalatest.Transformer.apply(Transformer.scala:20)
[info]   at org.scalatest.funsuite.AnyFunSuiteLike$$anon$1.apply(AnyFunSuiteLike.scala:226)
[info]   at org.scalatest.TestSuite.withFixture(TestSuite.scala:196)
[info]   at org.scalatest.TestSuite.withFixture$(TestSuite.scala:195)
[info]   at org.scalatest.funsuite.AnyFunSuite.withFixture(AnyFunSuite.scala:1564)
[info]   at org.scalatest.funsuite.AnyFunSuiteLike.invokeWithFixture$1(AnyFunSuiteLike.scala:224)
[info]   at org.scalatest.funsuite.AnyFunSuiteLike.$anonfun$runTest$1(AnyFunSuiteLike.scala:236)
[info]   at org.scalatest.SuperEngine.runTestImpl(Engine.scala:306)
[info]   at org.scalatest.funsuite.AnyFunSuiteLike.runTest(AnyFunSuiteLike.scala:236)
[info]   at org.scalatest.funsuite.AnyFunSuiteLike.runTest$(AnyFunSuiteLike.scala:218)
[info]   at org.scalatest.funsuite.AnyFunSuite.runTest(AnyFunSuite.scala:1564)
[info]   at org.scalatest.funsuite.AnyFunSuiteLike.$anonfun$runTests$1(AnyFunSuiteLike.scala:269)
[info]   at org.scalatest.SuperEngine.$anonfun$runTestsInBranch$1(Engine.scala:413)
[info]   at scala.collection.immutable.List.foreach(List.scala:334)
[info]   at org.scalatest.SuperEngine.traverseSubNodes$1(Engine.scala:401)
[info]   at org.scalatest.SuperEngine.runTestsInBranch(Engine.scala:396)
[info]   at org.scalatest.SuperEngine.runTestsImpl(Engine.scala:475)
[info]   at org.scalatest.funsuite.AnyFunSuiteLike.runTests(AnyFunSuiteLike.scala:269)
[info]   at org.scalatest.funsuite.AnyFunSuiteLike.runTests$(AnyFunSuiteLike.scala:268)
[info]   at org.scalatest.funsuite.AnyFunSuite.runTests(AnyFunSuite.scala:1564)
[info]   at org.scalatest.Suite.run(Suite.scala:1114)
[info]   at org.scalatest.Suite.run$(Suite.scala:1096)
[info]   at org.scalatest.funsuite.AnyFunSuite.org$scalatest$funsuite$AnyFunSuiteLike$$super$run(AnyFunSuite.scala:1564)
[info]   at org.scalatest.funsuite.AnyFunSuiteLike.$anonfun$run$1(AnyFunSuiteLike.scala:273)
[info]   at org.scalatest.SuperEngine.runImpl(Engine.scala:535)
[info]   at org.scalatest.funsuite.AnyFunSuiteLike.run(AnyFunSuiteLike.scala:273)
[info]   at org.scalatest.funsuite.AnyFunSuiteLike.run$(AnyFunSuiteLike.scala:272)
[info]   at frameless.TypedDatasetSuite.org$scalatest$BeforeAndAfterAll$$super$run(TypedDatasetSuite.scala:63)
[info]   at org.scalatest.BeforeAndAfterAll.liftedTree1$1(BeforeAndAfterAll.scala:213)
[info]   at org.scalatest.BeforeAndAfterAll.run(BeforeAndAfterAll.scala:210)
[info]   at org.scalatest.BeforeAndAfterAll.run$(BeforeAndAfterAll.scala:208)
[info]   at frameless.TypedDatasetSuite.run(TypedDatasetSuite.scala:63)
[info]   at org.scalatest.tools.Framework.org$scalatest$tools$Framework$$runSuite(Framework.scala:321)
[info]   at org.scalatest.tools.Framework$ScalaTestTask.execute(Framework.scala:517)
[info]   at sbt.ForkMain$Run.lambda$runTest$1(ForkMain.java:414)
[info]   at java.base/java.util.concurrent.FutureTask.run(FutureTask.java:317)
[info]   at java.base/java.util.concurrent.ThreadPoolExecutor.runWorker(ThreadPoolExecutor.java:1144)
[info]   at java.base/java.util.concurrent.ThreadPoolExecutor$Worker.run(ThreadPoolExecutor.java:642)
[info]   at java.base/java.lang.Thread.run(Thread.java:1583)
[info] - Case class with value class field *** FAILED *** (15 milliseconds)
[info]   java.lang.IllegalArgumentException: argument type mismatch
[info]   at java.base/jdk.internal.reflect.DirectConstructorHandleAccessor.newInstance(DirectConstructorHandleAccessor.java:65)
[info]   at java.base/java.lang.reflect.Constructor.newInstanceWithCaller(Constructor.java:502)
[info]   at java.base/java.lang.reflect.Constructor.newInstance(Constructor.java:486)
[info]   at frameless.TypedExpressionEncoder$.$anonfun$apply$3(TypedExpressionEncoder.scala:55)
[info]   at scala.Option.map(Option.scala:242)
[info]   at frameless.TypedExpressionEncoder$.apply(TypedExpressionEncoder.scala:54)
[info]   at frameless.TypedDataset$.createUnsafe(TypedDataset.scala:1378)
[info]   at frameless.RecordEncoderTests.$anonfun$new$63(RecordEncoderTests.scala:139)
[info]   at org.scalatest.OutcomeOf.outcomeOf(OutcomeOf.scala:85)
[info]   at org.scalatest.OutcomeOf.outcomeOf$(OutcomeOf.scala:83)
[info]   at org.scalatest.OutcomeOf$.outcomeOf(OutcomeOf.scala:104)
[info]   at org.scalatest.Transformer.apply(Transformer.scala:22)
[info]   at org.scalatest.Transformer.apply(Transformer.scala:20)
[info]   at org.scalatest.funsuite.AnyFunSuiteLike$$anon$1.apply(AnyFunSuiteLike.scala:226)
[info]   at org.scalatest.TestSuite.withFixture(TestSuite.scala:196)
[info]   at org.scalatest.TestSuite.withFixture$(TestSuite.scala:195)
[info]   at org.scalatest.funsuite.AnyFunSuite.withFixture(AnyFunSuite.scala:1564)
[info]   at org.scalatest.funsuite.AnyFunSuiteLike.invokeWithFixture$1(AnyFunSuiteLike.scala:224)
[info]   at org.scalatest.funsuite.AnyFunSuiteLike.$anonfun$runTest$1(AnyFunSuiteLike.scala:236)
[info]   at org.scalatest.SuperEngine.runTestImpl(Engine.scala:306)
[info]   at org.scalatest.funsuite.AnyFunSuiteLike.runTest(AnyFunSuiteLike.scala:236)
[info]   at org.scalatest.funsuite.AnyFunSuiteLike.runTest$(AnyFunSuiteLike.scala:218)
[info]   at org.scalatest.funsuite.AnyFunSuite.runTest(AnyFunSuite.scala:1564)
[info]   at org.scalatest.funsuite.AnyFunSuiteLike.$anonfun$runTests$1(AnyFunSuiteLike.scala:269)
[info]   at org.scalatest.SuperEngine.$anonfun$runTestsInBranch$1(Engine.scala:413)
[info]   at scala.collection.immutable.List.foreach(List.scala:334)
[info]   at org.scalatest.SuperEngine.traverseSubNodes$1(Engine.scala:401)
[info]   at org.scalatest.SuperEngine.runTestsInBranch(Engine.scala:396)
[info]   at org.scalatest.SuperEngine.runTestsImpl(Engine.scala:475)
[info]   at org.scalatest.funsuite.AnyFunSuiteLike.runTests(AnyFunSuiteLike.scala:269)
[info]   at org.scalatest.funsuite.AnyFunSuiteLike.runTests$(AnyFunSuiteLike.scala:268)
[info]   at org.scalatest.funsuite.AnyFunSuite.runTests(AnyFunSuite.scala:1564)
[info]   at org.scalatest.Suite.run(Suite.scala:1114)
[info]   at org.scalatest.Suite.run$(Suite.scala:1096)
[info]   at org.scalatest.funsuite.AnyFunSuite.org$scalatest$funsuite$AnyFunSuiteLike$$super$run(AnyFunSuite.scala:1564)
[info]   at org.scalatest.funsuite.AnyFunSuiteLike.$anonfun$run$1(AnyFunSuiteLike.scala:273)
[info]   at org.scalatest.SuperEngine.runImpl(Engine.scala:535)
[info]   at org.scalatest.funsuite.AnyFunSuiteLike.run(AnyFunSuiteLike.scala:273)
[info]   at org.scalatest.funsuite.AnyFunSuiteLike.run$(AnyFunSuiteLike.scala:272)
[info]   at frameless.TypedDatasetSuite.org$scalatest$BeforeAndAfterAll$$super$run(TypedDatasetSuite.scala:63)
[info]   at org.scalatest.BeforeAndAfterAll.liftedTree1$1(BeforeAndAfterAll.scala:213)
[info]   at org.scalatest.BeforeAndAfterAll.run(BeforeAndAfterAll.scala:210)
[info]   at org.scalatest.BeforeAndAfterAll.run$(BeforeAndAfterAll.scala:208)
[info]   at frameless.TypedDatasetSuite.run(TypedDatasetSuite.scala:63)
[info]   at org.scalatest.tools.Framework.org$scalatest$tools$Framework$$runSuite(Framework.scala:321)
[info]   at org.scalatest.tools.Framework$ScalaTestTask.execute(Framework.scala:517)
[info]   at sbt.ForkMain$Run.lambda$runTest$1(ForkMain.java:414)
[info]   at java.base/java.util.concurrent.FutureTask.run(FutureTask.java:317)
[info]   at java.base/java.util.concurrent.ThreadPoolExecutor.runWorker(ThreadPoolExecutor.java:1144)
[info]   at java.base/java.util.concurrent.ThreadPoolExecutor$Worker.run(ThreadPoolExecutor.java:642)
[info]   at java.base/java.lang.Thread.run(Thread.java:1583)
[info]   Cause: java.lang.ClassCastException: Cannot cast scala.reflect.ClassTag$GenericClassTag to org.apache.spark.sql.catalyst.expressions.Expression
[info]   at java.base/java.lang.Class.cast(Class.java:4067)
[info]   at java.base/jdk.internal.reflect.DirectConstructorHandleAccessor.newInstance(DirectConstructorHandleAccessor.java:62)
[info]   at java.base/java.lang.reflect.Constructor.newInstanceWithCaller(Constructor.java:502)
[info]   at java.base/java.lang.reflect.Constructor.newInstance(Constructor.java:486)
[info]   at frameless.TypedExpressionEncoder$.$anonfun$apply$3(TypedExpressionEncoder.scala:55)
[info]   at scala.Option.map(Option.scala:242)
[info]   at frameless.TypedExpressionEncoder$.apply(TypedExpressionEncoder.scala:54)
[info]   at frameless.TypedDataset$.createUnsafe(TypedDataset.scala:1378)
[info]   at frameless.RecordEncoderTests.$anonfun$new$63(RecordEncoderTests.scala:139)
[info]   at org.scalatest.OutcomeOf.outcomeOf(OutcomeOf.scala:85)
[info]   at org.scalatest.OutcomeOf.outcomeOf$(OutcomeOf.scala:83)
[info]   at org.scalatest.OutcomeOf$.outcomeOf(OutcomeOf.scala:104)
[info]   at org.scalatest.Transformer.apply(Transformer.scala:22)
[info]   at org.scalatest.Transformer.apply(Transformer.scala:20)
[info]   at org.scalatest.funsuite.AnyFunSuiteLike$$anon$1.apply(AnyFunSuiteLike.scala:226)
[info]   at org.scalatest.TestSuite.withFixture(TestSuite.scala:196)
[info]   at org.scalatest.TestSuite.withFixture$(TestSuite.scala:195)
[info]   at org.scalatest.funsuite.AnyFunSuite.withFixture(AnyFunSuite.scala:1564)
[info]   at org.scalatest.funsuite.AnyFunSuiteLike.invokeWithFixture$1(AnyFunSuiteLike.scala:224)
[info]   at org.scalatest.funsuite.AnyFunSuiteLike.$anonfun$runTest$1(AnyFunSuiteLike.scala:236)
[info]   at org.scalatest.SuperEngine.runTestImpl(Engine.scala:306)
[info]   at org.scalatest.funsuite.AnyFunSuiteLike.runTest(AnyFunSuiteLike.scala:236)
[info]   at org.scalatest.funsuite.AnyFunSuiteLike.runTest$(AnyFunSuiteLike.scala:218)
[info]   at org.scalatest.funsuite.AnyFunSuite.runTest(AnyFunSuite.scala:1564)
[info]   at org.scalatest.funsuite.AnyFunSuiteLike.$anonfun$runTests$1(AnyFunSuiteLike.scala:269)
[info]   at org.scalatest.SuperEngine.$anonfun$runTestsInBranch$1(Engine.scala:413)
[info]   at scala.collection.immutable.List.foreach(List.scala:334)
[info]   at org.scalatest.SuperEngine.traverseSubNodes$1(Engine.scala:401)
[info]   at org.scalatest.SuperEngine.runTestsInBranch(Engine.scala:396)
[info]   at org.scalatest.SuperEngine.runTestsImpl(Engine.scala:475)
[info]   at org.scalatest.funsuite.AnyFunSuiteLike.runTests(AnyFunSuiteLike.scala:269)
[info]   at org.scalatest.funsuite.AnyFunSuiteLike.runTests$(AnyFunSuiteLike.scala:268)
[info]   at org.scalatest.funsuite.AnyFunSuite.runTests(AnyFunSuite.scala:1564)
[info]   at org.scalatest.Suite.run(Suite.scala:1114)
[info]   at org.scalatest.Suite.run$(Suite.scala:1096)
[info]   at org.scalatest.funsuite.AnyFunSuite.org$scalatest$funsuite$AnyFunSuiteLike$$super$run(AnyFunSuite.scala:1564)
[info]   at org.scalatest.funsuite.AnyFunSuiteLike.$anonfun$run$1(AnyFunSuiteLike.scala:273)
[info]   at org.scalatest.SuperEngine.runImpl(Engine.scala:535)
[info]   at org.scalatest.funsuite.AnyFunSuiteLike.run(AnyFunSuiteLike.scala:273)
[info]   at org.scalatest.funsuite.AnyFunSuiteLike.run$(AnyFunSuiteLike.scala:272)
[info]   at frameless.TypedDatasetSuite.org$scalatest$BeforeAndAfterAll$$super$run(TypedDatasetSuite.scala:63)
[info]   at org.scalatest.BeforeAndAfterAll.liftedTree1$1(BeforeAndAfterAll.scala:213)
[info]   at org.scalatest.BeforeAndAfterAll.run(BeforeAndAfterAll.scala:210)
[info]   at org.scalatest.BeforeAndAfterAll.run$(BeforeAndAfterAll.scala:208)
[info]   at frameless.TypedDatasetSuite.run(TypedDatasetSuite.scala:63)
[info]   at org.scalatest.tools.Framework.org$scalatest$tools$Framework$$runSuite(Framework.scala:321)
[info]   at org.scalatest.tools.Framework$ScalaTestTask.execute(Framework.scala:517)
[info]   at sbt.ForkMain$Run.lambda$runTest$1(ForkMain.java:414)
[info]   at java.base/java.util.concurrent.FutureTask.run(FutureTask.java:317)
[info]   at java.base/java.util.concurrent.ThreadPoolExecutor.runWorker(ThreadPoolExecutor.java:1144)
[info]   at java.base/java.util.concurrent.ThreadPoolExecutor$Worker.run(ThreadPoolExecutor.java:642)
[info]   at java.base/java.lang.Thread.run(Thread.java:1583)
[info] - Case class with value class as optional field *** FAILED *** (15 milliseconds)
[info]   java.lang.IllegalArgumentException: argument type mismatch
[info]   at java.base/jdk.internal.reflect.DirectConstructorHandleAccessor.newInstance(DirectConstructorHandleAccessor.java:65)
[info]   at java.base/java.lang.reflect.Constructor.newInstanceWithCaller(Constructor.java:502)
[info]   at java.base/java.lang.reflect.Constructor.newInstance(Constructor.java:486)
[info]   at frameless.TypedExpressionEncoder$.$anonfun$apply$3(TypedExpressionEncoder.scala:55)
[info]   at scala.Option.map(Option.scala:242)
[info]   at frameless.TypedExpressionEncoder$.apply(TypedExpressionEncoder.scala:54)
[info]   at frameless.TypedDataset$.createUnsafe(TypedDataset.scala:1378)
[info]   at frameless.RecordEncoderTests.$anonfun$new$91(RecordEncoderTests.scala:192)
[info]   at org.scalatest.OutcomeOf.outcomeOf(OutcomeOf.scala:85)
[info]   at org.scalatest.OutcomeOf.outcomeOf$(OutcomeOf.scala:83)
[info]   at org.scalatest.OutcomeOf$.outcomeOf(OutcomeOf.scala:104)
[info]   at org.scalatest.Transformer.apply(Transformer.scala:22)
[info]   at org.scalatest.Transformer.apply(Transformer.scala:20)
[info]   at org.scalatest.funsuite.AnyFunSuiteLike$$anon$1.apply(AnyFunSuiteLike.scala:226)
[info]   at org.scalatest.TestSuite.withFixture(TestSuite.scala:196)
[info]   at org.scalatest.TestSuite.withFixture$(TestSuite.scala:195)
[info]   at org.scalatest.funsuite.AnyFunSuite.withFixture(AnyFunSuite.scala:1564)
[info]   at org.scalatest.funsuite.AnyFunSuiteLike.invokeWithFixture$1(AnyFunSuiteLike.scala:224)
[info]   at org.scalatest.funsuite.AnyFunSuiteLike.$anonfun$runTest$1(AnyFunSuiteLike.scala:236)
[info]   at org.scalatest.SuperEngine.runTestImpl(Engine.scala:306)
[info]   at org.scalatest.funsuite.AnyFunSuiteLike.runTest(AnyFunSuiteLike.scala:236)
[info]   at org.scalatest.funsuite.AnyFunSuiteLike.runTest$(AnyFunSuiteLike.scala:218)
[info]   at org.scalatest.funsuite.AnyFunSuite.runTest(AnyFunSuite.scala:1564)
[info]   at org.scalatest.funsuite.AnyFunSuiteLike.$anonfun$runTests$1(AnyFunSuiteLike.scala:269)
[info]   at org.scalatest.SuperEngine.$anonfun$runTestsInBranch$1(Engine.scala:413)
[info]   at scala.collection.immutable.List.foreach(List.scala:334)
[info]   at org.scalatest.SuperEngine.traverseSubNodes$1(Engine.scala:401)
[info]   at org.scalatest.SuperEngine.runTestsInBranch(Engine.scala:396)
[info]   at org.scalatest.SuperEngine.runTestsImpl(Engine.scala:475)
[info]   at org.scalatest.funsuite.AnyFunSuiteLike.runTests(AnyFunSuiteLike.scala:269)
[info]   at org.scalatest.funsuite.AnyFunSuiteLike.runTests$(AnyFunSuiteLike.scala:268)
[info]   at org.scalatest.funsuite.AnyFunSuite.runTests(AnyFunSuite.scala:1564)
[info]   at org.scalatest.Suite.run(Suite.scala:1114)
[info]   at org.scalatest.Suite.run$(Suite.scala:1096)
[info]   at org.scalatest.funsuite.AnyFunSuite.org$scalatest$funsuite$AnyFunSuiteLike$$super$run(AnyFunSuite.scala:1564)
[info]   at org.scalatest.funsuite.AnyFunSuiteLike.$anonfun$run$1(AnyFunSuiteLike.scala:273)
[info]   at org.scalatest.SuperEngine.runImpl(Engine.scala:535)
[info]   at org.scalatest.funsuite.AnyFunSuiteLike.run(AnyFunSuiteLike.scala:273)
[info]   at org.scalatest.funsuite.AnyFunSuiteLike.run$(AnyFunSuiteLike.scala:272)
[info]   at frameless.TypedDatasetSuite.org$scalatest$BeforeAndAfterAll$$super$run(TypedDatasetSuite.scala:63)
[info]   at org.scalatest.BeforeAndAfterAll.liftedTree1$1(BeforeAndAfterAll.scala:213)
[info]   at org.scalatest.BeforeAndAfterAll.run(BeforeAndAfterAll.scala:210)
[info]   at org.scalatest.BeforeAndAfterAll.run$(BeforeAndAfterAll.scala:208)
[info]   at frameless.TypedDatasetSuite.run(TypedDatasetSuite.scala:63)
[info]   at org.scalatest.tools.Framework.org$scalatest$tools$Framework$$runSuite(Framework.scala:321)
[info]   at org.scalatest.tools.Framework$ScalaTestTask.execute(Framework.scala:517)
[info]   at sbt.ForkMain$Run.lambda$runTest$1(ForkMain.java:414)
[info]   at java.base/java.util.concurrent.FutureTask.run(FutureTask.java:317)
[info]   at java.base/java.util.concurrent.ThreadPoolExecutor.runWorker(ThreadPoolExecutor.java:1144)
[info]   at java.base/java.util.concurrent.ThreadPoolExecutor$Worker.run(ThreadPoolExecutor.java:642)
[info]   at java.base/java.lang.Thread.run(Thread.java:1583)
[info]   Cause: java.lang.ClassCastException: Cannot cast scala.reflect.ClassTag$GenericClassTag to org.apache.spark.sql.catalyst.expressions.Expression
[info]   at java.base/java.lang.Class.cast(Class.java:4067)
[info]   at java.base/jdk.internal.reflect.DirectConstructorHandleAccessor.newInstance(DirectConstructorHandleAccessor.java:62)
[info]   at java.base/java.lang.reflect.Constructor.newInstanceWithCaller(Constructor.java:502)
[info]   at java.base/java.lang.reflect.Constructor.newInstance(Constructor.java:486)
[info]   at frameless.TypedExpressionEncoder$.$anonfun$apply$3(TypedExpressionEncoder.scala:55)
[info]   at scala.Option.map(Option.scala:242)
[info]   at frameless.TypedExpressionEncoder$.apply(TypedExpressionEncoder.scala:54)
[info]   at frameless.TypedDataset$.createUnsafe(TypedDataset.scala:1378)
[info]   at frameless.RecordEncoderTests.$anonfun$new$91(RecordEncoderTests.scala:192)
[info]   at org.scalatest.OutcomeOf.outcomeOf(OutcomeOf.scala:85)
[info]   at org.scalatest.OutcomeOf.outcomeOf$(OutcomeOf.scala:83)
[info]   at org.scalatest.OutcomeOf$.outcomeOf(OutcomeOf.scala:104)
[info]   at org.scalatest.Transformer.apply(Transformer.scala:22)
[info]   at org.scalatest.Transformer.apply(Transformer.scala:20)
[info]   at org.scalatest.funsuite.AnyFunSuiteLike$$anon$1.apply(AnyFunSuiteLike.scala:226)
[info]   at org.scalatest.TestSuite.withFixture(TestSuite.scala:196)
[info]   at org.scalatest.TestSuite.withFixture$(TestSuite.scala:195)
[info]   at org.scalatest.funsuite.AnyFunSuite.withFixture(AnyFunSuite.scala:1564)
[info]   at org.scalatest.funsuite.AnyFunSuiteLike.invokeWithFixture$1(AnyFunSuiteLike.scala:224)
[info]   at org.scalatest.funsuite.AnyFunSuiteLike.$anonfun$runTest$1(AnyFunSuiteLike.scala:236)
[info]   at org.scalatest.SuperEngine.runTestImpl(Engine.scala:306)
[info]   at org.scalatest.funsuite.AnyFunSuiteLike.runTest(AnyFunSuiteLike.scala:236)
[info]   at org.scalatest.funsuite.AnyFunSuiteLike.runTest$(AnyFunSuiteLike.scala:218)
[info]   at org.scalatest.funsuite.AnyFunSuite.runTest(AnyFunSuite.scala:1564)
[info]   at org.scalatest.funsuite.AnyFunSuiteLike.$anonfun$runTests$1(AnyFunSuiteLike.scala:269)
[info]   at org.scalatest.SuperEngine.$anonfun$runTestsInBranch$1(Engine.scala:413)
[info]   at scala.collection.immutable.List.foreach(List.scala:334)
[info]   at org.scalatest.SuperEngine.traverseSubNodes$1(Engine.scala:401)
[info]   at org.scalatest.SuperEngine.runTestsInBranch(Engine.scala:396)
[info]   at org.scalatest.SuperEngine.runTestsImpl(Engine.scala:475)
[info]   at org.scalatest.funsuite.AnyFunSuiteLike.runTests(AnyFunSuiteLike.scala:269)
[info]   at org.scalatest.funsuite.AnyFunSuiteLike.runTests$(AnyFunSuiteLike.scala:268)
[info]   at org.scalatest.funsuite.AnyFunSuite.runTests(AnyFunSuite.scala:1564)
[info]   at org.scalatest.Suite.run(Suite.scala:1114)
[info]   at org.scalatest.Suite.run$(Suite.scala:1096)
[info]   at org.scalatest.funsuite.AnyFunSuite.org$scalatest$funsuite$AnyFunSuiteLike$$super$run(AnyFunSuite.scala:1564)
[info]   at org.scalatest.funsuite.AnyFunSuiteLike.$anonfun$run$1(AnyFunSuiteLike.scala:273)
[info]   at org.scalatest.SuperEngine.runImpl(Engine.scala:535)
[info]   at org.scalatest.funsuite.AnyFunSuiteLike.run(AnyFunSuiteLike.scala:273)
[info]   at org.scalatest.funsuite.AnyFunSuiteLike.run$(AnyFunSuiteLike.scala:272)
[info]   at frameless.TypedDatasetSuite.org$scalatest$BeforeAndAfterAll$$super$run(TypedDatasetSuite.scala:63)
[info]   at org.scalatest.BeforeAndAfterAll.liftedTree1$1(BeforeAndAfterAll.scala:213)
[info]   at org.scalatest.BeforeAndAfterAll.run(BeforeAndAfterAll.scala:210)
[info]   at org.scalatest.BeforeAndAfterAll.run$(BeforeAndAfterAll.scala:208)
[info]   at frameless.TypedDatasetSuite.run(TypedDatasetSuite.scala:63)
[info]   at org.scalatest.tools.Framework.org$scalatest$tools$Framework$$runSuite(Framework.scala:321)
[info]   at org.scalatest.tools.Framework$ScalaTestTask.execute(Framework.scala:517)
[info]   at sbt.ForkMain$Run.lambda$runTest$1(ForkMain.java:414)
[info]   at java.base/java.util.concurrent.FutureTask.run(FutureTask.java:317)
[info]   at java.base/java.util.concurrent.ThreadPoolExecutor.runWorker(ThreadPoolExecutor.java:1144)
[info]   at java.base/java.util.concurrent.ThreadPoolExecutor$Worker.run(ThreadPoolExecutor.java:642)
[info]   at java.base/java.lang.Thread.run(Thread.java:1583)
[info] - Case class with simple Map *** FAILED *** (307 milliseconds)
[info]   java.lang.IllegalArgumentException: argument type mismatch
[info]   at java.base/jdk.internal.reflect.DirectConstructorHandleAccessor.newInstance(DirectConstructorHandleAccessor.java:65)
[info]   at java.base/java.lang.reflect.Constructor.newInstanceWithCaller(Constructor.java:502)
[info]   at java.base/java.lang.reflect.Constructor.newInstance(Constructor.java:486)
[info]   at frameless.TypedExpressionEncoder$.$anonfun$apply$3(TypedExpressionEncoder.scala:55)
[info]   at scala.Option.map(Option.scala:242)
[info]   at frameless.TypedExpressionEncoder$.apply(TypedExpressionEncoder.scala:54)
[info]   at frameless.TypedDataset$.createUnsafe(TypedDataset.scala:1378)
[info]   at frameless.RecordEncoderTests.$anonfun$new$120(RecordEncoderTests.scala:246)
[info]   at org.scalatest.OutcomeOf.outcomeOf(OutcomeOf.scala:85)
[info]   at org.scalatest.OutcomeOf.outcomeOf$(OutcomeOf.scala:83)
[info]   at org.scalatest.OutcomeOf$.outcomeOf(OutcomeOf.scala:104)
[info]   at org.scalatest.Transformer.apply(Transformer.scala:22)
[info]   at org.scalatest.Transformer.apply(Transformer.scala:20)
[info]   at org.scalatest.funsuite.AnyFunSuiteLike$$anon$1.apply(AnyFunSuiteLike.scala:226)
[info]   at org.scalatest.TestSuite.withFixture(TestSuite.scala:196)
[info]   at org.scalatest.TestSuite.withFixture$(TestSuite.scala:195)
[info]   at org.scalatest.funsuite.AnyFunSuite.withFixture(AnyFunSuite.scala:1564)
[info]   at org.scalatest.funsuite.AnyFunSuiteLike.invokeWithFixture$1(AnyFunSuiteLike.scala:224)
[info]   at org.scalatest.funsuite.AnyFunSuiteLike.$anonfun$runTest$1(AnyFunSuiteLike.scala:236)
[info]   at org.scalatest.SuperEngine.runTestImpl(Engine.scala:306)
[info]   at org.scalatest.funsuite.AnyFunSuiteLike.runTest(AnyFunSuiteLike.scala:236)
[info]   at org.scalatest.funsuite.AnyFunSuiteLike.runTest$(AnyFunSuiteLike.scala:218)
[info]   at org.scalatest.funsuite.AnyFunSuite.runTest(AnyFunSuite.scala:1564)
[info]   at org.scalatest.funsuite.AnyFunSuiteLike.$anonfun$runTests$1(AnyFunSuiteLike.scala:269)
[info]   at org.scalatest.SuperEngine.$anonfun$runTestsInBranch$1(Engine.scala:413)
[info]   at scala.collection.immutable.List.foreach(List.scala:334)
[info]   at org.scalatest.SuperEngine.traverseSubNodes$1(Engine.scala:401)
[info]   at org.scalatest.SuperEngine.runTestsInBranch(Engine.scala:396)
[info]   at org.scalatest.SuperEngine.runTestsImpl(Engine.scala:475)
[info]   at org.scalatest.funsuite.AnyFunSuiteLike.runTests(AnyFunSuiteLike.scala:269)
[info]   at org.scalatest.funsuite.AnyFunSuiteLike.runTests$(AnyFunSuiteLike.scala:268)
[info]   at org.scalatest.funsuite.AnyFunSuite.runTests(AnyFunSuite.scala:1564)
[info]   at org.scalatest.Suite.run(Suite.scala:1114)
[info]   at org.scalatest.Suite.run$(Suite.scala:1096)
[info]   at org.scalatest.funsuite.AnyFunSuite.org$scalatest$funsuite$AnyFunSuiteLike$$super$run(AnyFunSuite.scala:1564)
[info]   at org.scalatest.funsuite.AnyFunSuiteLike.$anonfun$run$1(AnyFunSuiteLike.scala:273)
[info]   at org.scalatest.SuperEngine.runImpl(Engine.scala:535)
[info]   at org.scalatest.funsuite.AnyFunSuiteLike.run(AnyFunSuiteLike.scala:273)
[info]   at org.scalatest.funsuite.AnyFunSuiteLike.run$(AnyFunSuiteLike.scala:272)
[info]   at frameless.TypedDatasetSuite.org$scalatest$BeforeAndAfterAll$$super$run(TypedDatasetSuite.scala:63)
[info]   at org.scalatest.BeforeAndAfterAll.liftedTree1$1(BeforeAndAfterAll.scala:213)
[info]   at org.scalatest.BeforeAndAfterAll.run(BeforeAndAfterAll.scala:210)
[info]   at org.scalatest.BeforeAndAfterAll.run$(BeforeAndAfterAll.scala:208)
[info]   at frameless.TypedDatasetSuite.run(TypedDatasetSuite.scala:63)
[info]   at org.scalatest.tools.Framework.org$scalatest$tools$Framework$$runSuite(Framework.scala:321)
[info]   at org.scalatest.tools.Framework$ScalaTestTask.execute(Framework.scala:517)
[info]   at sbt.ForkMain$Run.lambda$runTest$1(ForkMain.java:414)
[info]   at java.base/java.util.concurrent.FutureTask.run(FutureTask.java:317)
[info]   at java.base/java.util.concurrent.ThreadPoolExecutor.runWorker(ThreadPoolExecutor.java:1144)
[info]   at java.base/java.util.concurrent.ThreadPoolExecutor$Worker.run(ThreadPoolExecutor.java:642)
[info]   at java.base/java.lang.Thread.run(Thread.java:1583)
[info]   Cause: java.lang.ClassCastException: Cannot cast scala.reflect.ClassTag$GenericClassTag to org.apache.spark.sql.catalyst.expressions.Expression
[info]   at java.base/java.lang.Class.cast(Class.java:4067)
[info]   at java.base/jdk.internal.reflect.DirectConstructorHandleAccessor.newInstance(DirectConstructorHandleAccessor.java:62)
[info]   at java.base/java.lang.reflect.Constructor.newInstanceWithCaller(Constructor.java:502)
[info]   at java.base/java.lang.reflect.Constructor.newInstance(Constructor.java:486)
[info]   at frameless.TypedExpressionEncoder$.$anonfun$apply$3(TypedExpressionEncoder.scala:55)
[info]   at scala.Option.map(Option.scala:242)
[info]   at frameless.TypedExpressionEncoder$.apply(TypedExpressionEncoder.scala:54)
[info]   at frameless.TypedDataset$.createUnsafe(TypedDataset.scala:1378)
[info]   at frameless.RecordEncoderTests.$anonfun$new$120(RecordEncoderTests.scala:246)
[info]   at org.scalatest.OutcomeOf.outcomeOf(OutcomeOf.scala:85)
[info]   at org.scalatest.OutcomeOf.outcomeOf$(OutcomeOf.scala:83)
[info]   at org.scalatest.OutcomeOf$.outcomeOf(OutcomeOf.scala:104)
[info]   at org.scalatest.Transformer.apply(Transformer.scala:22)
[info]   at org.scalatest.Transformer.apply(Transformer.scala:20)
[info]   at org.scalatest.funsuite.AnyFunSuiteLike$$anon$1.apply(AnyFunSuiteLike.scala:226)
[info]   at org.scalatest.TestSuite.withFixture(TestSuite.scala:196)
[info]   at org.scalatest.TestSuite.withFixture$(TestSuite.scala:195)
[info]   at org.scalatest.funsuite.AnyFunSuite.withFixture(AnyFunSuite.scala:1564)
[info]   at org.scalatest.funsuite.AnyFunSuiteLike.invokeWithFixture$1(AnyFunSuiteLike.scala:224)
[info]   at org.scalatest.funsuite.AnyFunSuiteLike.$anonfun$runTest$1(AnyFunSuiteLike.scala:236)
[info]   at org.scalatest.SuperEngine.runTestImpl(Engine.scala:306)
[info]   at org.scalatest.funsuite.AnyFunSuiteLike.runTest(AnyFunSuiteLike.scala:236)
[info]   at org.scalatest.funsuite.AnyFunSuiteLike.runTest$(AnyFunSuiteLike.scala:218)
[info]   at org.scalatest.funsuite.AnyFunSuite.runTest(AnyFunSuite.scala:1564)
[info]   at org.scalatest.funsuite.AnyFunSuiteLike.$anonfun$runTests$1(AnyFunSuiteLike.scala:269)
[info]   at org.scalatest.SuperEngine.$anonfun$runTestsInBranch$1(Engine.scala:413)
[info]   at scala.collection.immutable.List.foreach(List.scala:334)
[info]   at org.scalatest.SuperEngine.traverseSubNodes$1(Engine.scala:401)
[info]   at org.scalatest.SuperEngine.runTestsInBranch(Engine.scala:396)
[info]   at org.scalatest.SuperEngine.runTestsImpl(Engine.scala:475)
[info]   at org.scalatest.funsuite.AnyFunSuiteLike.runTests(AnyFunSuiteLike.scala:269)
[info]   at org.scalatest.funsuite.AnyFunSuiteLike.runTests$(AnyFunSuiteLike.scala:268)
[info]   at org.scalatest.funsuite.AnyFunSuite.runTests(AnyFunSuite.scala:1564)
[info]   at org.scalatest.Suite.run(Suite.scala:1114)
[info]   at org.scalatest.Suite.run$(Suite.scala:1096)
[info]   at org.scalatest.funsuite.AnyFunSuite.org$scalatest$funsuite$AnyFunSuiteLike$$super$run(AnyFunSuite.scala:1564)
[info]   at org.scalatest.funsuite.AnyFunSuiteLike.$anonfun$run$1(AnyFunSuiteLike.scala:273)
[info]   at org.scalatest.SuperEngine.runImpl(Engine.scala:535)
[info]   at org.scalatest.funsuite.AnyFunSuiteLike.run(AnyFunSuiteLike.scala:273)
[info]   at org.scalatest.funsuite.AnyFunSuiteLike.run$(AnyFunSuiteLike.scala:272)
[info]   at frameless.TypedDatasetSuite.org$scalatest$BeforeAndAfterAll$$super$run(TypedDatasetSuite.scala:63)
[info]   at org.scalatest.BeforeAndAfterAll.liftedTree1$1(BeforeAndAfterAll.scala:213)
[info]   at org.scalatest.BeforeAndAfterAll.run(BeforeAndAfterAll.scala:210)
[info]   at org.scalatest.BeforeAndAfterAll.run$(BeforeAndAfterAll.scala:208)
[info]   at frameless.TypedDatasetSuite.run(TypedDatasetSuite.scala:63)
[info]   at org.scalatest.tools.Framework.org$scalatest$tools$Framework$$runSuite(Framework.scala:321)
[info]   at org.scalatest.tools.Framework$ScalaTestTask.execute(Framework.scala:517)
[info]   at sbt.ForkMain$Run.lambda$runTest$1(ForkMain.java:414)
[info]   at java.base/java.util.concurrent.FutureTask.run(FutureTask.java:317)
[info]   at java.base/java.util.concurrent.ThreadPoolExecutor.runWorker(ThreadPoolExecutor.java:1144)
[info]   at java.base/java.util.concurrent.ThreadPoolExecutor$Worker.run(ThreadPoolExecutor.java:642)
[info]   at java.base/java.lang.Thread.run(Thread.java:1583)
[info] - Case class with Map & Value class *** FAILED *** (102 milliseconds)
[info]   java.lang.IllegalArgumentException: argument type mismatch
[info]   at java.base/jdk.internal.reflect.DirectConstructorHandleAccessor.newInstance(DirectConstructorHandleAccessor.java:65)
[info]   at java.base/java.lang.reflect.Constructor.newInstanceWithCaller(Constructor.java:502)
[info]   at java.base/java.lang.reflect.Constructor.newInstance(Constructor.java:486)
[info]   at frameless.TypedExpressionEncoder$.$anonfun$apply$3(TypedExpressionEncoder.scala:55)
[info]   at scala.Option.map(Option.scala:242)
[info]   at frameless.TypedExpressionEncoder$.apply(TypedExpressionEncoder.scala:54)
[info]   at frameless.TypedDataset$.createUnsafe(TypedDataset.scala:1378)
[info]   at frameless.RecordEncoderTests.$anonfun$new$134(RecordEncoderTests.scala:290)
[info]   at org.scalatest.OutcomeOf.outcomeOf(OutcomeOf.scala:85)
[info]   at org.scalatest.OutcomeOf.outcomeOf$(OutcomeOf.scala:83)
[info]   at org.scalatest.OutcomeOf$.outcomeOf(OutcomeOf.scala:104)
[info]   at org.scalatest.Transformer.apply(Transformer.scala:22)
[info]   at org.scalatest.Transformer.apply(Transformer.scala:20)
[info]   at org.scalatest.funsuite.AnyFunSuiteLike$$anon$1.apply(AnyFunSuiteLike.scala:226)
[info]   at org.scalatest.TestSuite.withFixture(TestSuite.scala:196)
[info]   at org.scalatest.TestSuite.withFixture$(TestSuite.scala:195)
[info]   at org.scalatest.funsuite.AnyFunSuite.withFixture(AnyFunSuite.scala:1564)
[info]   at org.scalatest.funsuite.AnyFunSuiteLike.invokeWithFixture$1(AnyFunSuiteLike.scala:224)
[info]   at org.scalatest.funsuite.AnyFunSuiteLike.$anonfun$runTest$1(AnyFunSuiteLike.scala:236)
[info]   at org.scalatest.SuperEngine.runTestImpl(Engine.scala:306)
[info]   at org.scalatest.funsuite.AnyFunSuiteLike.runTest(AnyFunSuiteLike.scala:236)
[info]   at org.scalatest.funsuite.AnyFunSuiteLike.runTest$(AnyFunSuiteLike.scala:218)
[info]   at org.scalatest.funsuite.AnyFunSuite.runTest(AnyFunSuite.scala:1564)
[info]   at org.scalatest.funsuite.AnyFunSuiteLike.$anonfun$runTests$1(AnyFunSuiteLike.scala:269)
[info]   at org.scalatest.SuperEngine.$anonfun$runTestsInBranch$1(Engine.scala:413)
[info]   at scala.collection.immutable.List.foreach(List.scala:334)
[info]   at org.scalatest.SuperEngine.traverseSubNodes$1(Engine.scala:401)
[info]   at org.scalatest.SuperEngine.runTestsInBranch(Engine.scala:396)
[info]   at org.scalatest.SuperEngine.runTestsImpl(Engine.scala:475)
[info]   at org.scalatest.funsuite.AnyFunSuiteLike.runTests(AnyFunSuiteLike.scala:269)
[info]   at org.scalatest.funsuite.AnyFunSuiteLike.runTests$(AnyFunSuiteLike.scala:268)
[info]   at org.scalatest.funsuite.AnyFunSuite.runTests(AnyFunSuite.scala:1564)
[info]   at org.scalatest.Suite.run(Suite.scala:1114)
[info]   at org.scalatest.Suite.run$(Suite.scala:1096)
[info]   at org.scalatest.funsuite.AnyFunSuite.org$scalatest$funsuite$AnyFunSuiteLike$$super$run(AnyFunSuite.scala:1564)
[info]   at org.scalatest.funsuite.AnyFunSuiteLike.$anonfun$run$1(AnyFunSuiteLike.scala:273)
[info]   at org.scalatest.SuperEngine.runImpl(Engine.scala:535)
[info]   at org.scalatest.funsuite.AnyFunSuiteLike.run(AnyFunSuiteLike.scala:273)
[info]   at org.scalatest.funsuite.AnyFunSuiteLike.run$(AnyFunSuiteLike.scala:272)
[info]   at frameless.TypedDatasetSuite.org$scalatest$BeforeAndAfterAll$$super$run(TypedDatasetSuite.scala:63)
[info]   at org.scalatest.BeforeAndAfterAll.liftedTree1$1(BeforeAndAfterAll.scala:213)
[info]   at org.scalatest.BeforeAndAfterAll.run(BeforeAndAfterAll.scala:210)
[info]   at org.scalatest.BeforeAndAfterAll.run$(BeforeAndAfterAll.scala:208)
[info]   at frameless.TypedDatasetSuite.run(TypedDatasetSuite.scala:63)
[info]   at org.scalatest.tools.Framework.org$scalatest$tools$Framework$$runSuite(Framework.scala:321)
[info]   at org.scalatest.tools.Framework$ScalaTestTask.execute(Framework.scala:517)
[info]   at sbt.ForkMain$Run.lambda$runTest$1(ForkMain.java:414)
[info]   at java.base/java.util.concurrent.FutureTask.run(FutureTask.java:317)
[info]   at java.base/java.util.concurrent.ThreadPoolExecutor.runWorker(ThreadPoolExecutor.java:1144)
[info]   at java.base/java.util.concurrent.ThreadPoolExecutor$Worker.run(ThreadPoolExecutor.java:642)
[info]   at java.base/java.lang.Thread.run(Thread.java:1583)
[info]   Cause: java.lang.ClassCastException: Cannot cast scala.reflect.ClassTag$GenericClassTag to org.apache.spark.sql.catalyst.expressions.Expression
[info]   at java.base/java.lang.Class.cast(Class.java:4067)
[info]   at java.base/jdk.internal.reflect.DirectConstructorHandleAccessor.newInstance(DirectConstructorHandleAccessor.java:62)
[info]   at java.base/java.lang.reflect.Constructor.newInstanceWithCaller(Constructor.java:502)
[info]   at java.base/java.lang.reflect.Constructor.newInstance(Constructor.java:486)
[info]   at frameless.TypedExpressionEncoder$.$anonfun$apply$3(TypedExpressionEncoder.scala:55)
[info]   at scala.Option.map(Option.scala:242)
[info]   at frameless.TypedExpressionEncoder$.apply(TypedExpressionEncoder.scala:54)
[info]   at frameless.TypedDataset$.createUnsafe(TypedDataset.scala:1378)
[info]   at frameless.RecordEncoderTests.$anonfun$new$134(RecordEncoderTests.scala:290)
[info]   at org.scalatest.OutcomeOf.outcomeOf(OutcomeOf.scala:85)
[info]   at org.scalatest.OutcomeOf.outcomeOf$(OutcomeOf.scala:83)
[info]   at org.scalatest.OutcomeOf$.outcomeOf(OutcomeOf.scala:104)
[info]   at org.scalatest.Transformer.apply(Transformer.scala:22)
[info]   at org.scalatest.Transformer.apply(Transformer.scala:20)
[info]   at org.scalatest.funsuite.AnyFunSuiteLike$$anon$1.apply(AnyFunSuiteLike.scala:226)
[info]   at org.scalatest.TestSuite.withFixture(TestSuite.scala:196)
[info]   at org.scalatest.TestSuite.withFixture$(TestSuite.scala:195)
[info]   at org.scalatest.funsuite.AnyFunSuite.withFixture(AnyFunSuite.scala:1564)
[info]   at org.scalatest.funsuite.AnyFunSuiteLike.invokeWithFixture$1(AnyFunSuiteLike.scala:224)
[info]   at org.scalatest.funsuite.AnyFunSuiteLike.$anonfun$runTest$1(AnyFunSuiteLike.scala:236)
[info]   at org.scalatest.SuperEngine.runTestImpl(Engine.scala:306)
[info]   at org.scalatest.funsuite.AnyFunSuiteLike.runTest(AnyFunSuiteLike.scala:236)
[info]   at org.scalatest.funsuite.AnyFunSuiteLike.runTest$(AnyFunSuiteLike.scala:218)
[info]   at org.scalatest.funsuite.AnyFunSuite.runTest(AnyFunSuite.scala:1564)
[info]   at org.scalatest.funsuite.AnyFunSuiteLike.$anonfun$runTests$1(AnyFunSuiteLike.scala:269)
[info]   at org.scalatest.SuperEngine.$anonfun$runTestsInBranch$1(Engine.scala:413)
[info]   at scala.collection.immutable.List.foreach(List.scala:334)
[info]   at org.scalatest.SuperEngine.traverseSubNodes$1(Engine.scala:401)
[info]   at org.scalatest.SuperEngine.runTestsInBranch(Engine.scala:396)
[info]   at org.scalatest.SuperEngine.runTestsImpl(Engine.scala:475)
[info]   at org.scalatest.funsuite.AnyFunSuiteLike.runTests(AnyFunSuiteLike.scala:269)
[info]   at org.scalatest.funsuite.AnyFunSuiteLike.runTests$(AnyFunSuiteLike.scala:268)
[info]   at org.scalatest.funsuite.AnyFunSuite.runTests(AnyFunSuite.scala:1564)
[info]   at org.scalatest.Suite.run(Suite.scala:1114)
[info]   at org.scalatest.Suite.run$(Suite.scala:1096)
[info]   at org.scalatest.funsuite.AnyFunSuite.org$scalatest$funsuite$AnyFunSuiteLike$$super$run(AnyFunSuite.scala:1564)
[info]   at org.scalatest.funsuite.AnyFunSuiteLike.$anonfun$run$1(AnyFunSuiteLike.scala:273)
[info]   at org.scalatest.SuperEngine.runImpl(Engine.scala:535)
[info]   at org.scalatest.funsuite.AnyFunSuiteLike.run(AnyFunSuiteLike.scala:273)
[info]   at org.scalatest.funsuite.AnyFunSuiteLike.run$(AnyFunSuiteLike.scala:272)
[info]   at frameless.TypedDatasetSuite.org$scalatest$BeforeAndAfterAll$$super$run(TypedDatasetSuite.scala:63)
[info]   at org.scalatest.BeforeAndAfterAll.liftedTree1$1(BeforeAndAfterAll.scala:213)
[info]   at org.scalatest.BeforeAndAfterAll.run(BeforeAndAfterAll.scala:210)
[info]   at org.scalatest.BeforeAndAfterAll.run$(BeforeAndAfterAll.scala:208)
[info]   at frameless.TypedDatasetSuite.run(TypedDatasetSuite.scala:63)
[info]   at org.scalatest.tools.Framework.org$scalatest$tools$Framework$$runSuite(Framework.scala:321)
[info]   at org.scalatest.tools.Framework$ScalaTestTask.execute(Framework.scala:517)
[info]   at sbt.ForkMain$Run.lambda$runTest$1(ForkMain.java:414)
[info]   at java.base/java.util.concurrent.FutureTask.run(FutureTask.java:317)
[info]   at java.base/java.util.concurrent.ThreadPoolExecutor.runWorker(ThreadPoolExecutor.java:1144)
[info]   at java.base/java.util.concurrent.ThreadPoolExecutor$Worker.run(ThreadPoolExecutor.java:642)
[info]   at java.base/java.lang.Thread.run(Thread.java:1583)
[info] - Encode binary array *** FAILED *** (13 milliseconds)
[info]   java.lang.IllegalArgumentException: argument type mismatch
[info]   at java.base/jdk.internal.reflect.DirectConstructorHandleAccessor.newInstance(DirectConstructorHandleAccessor.java:65)
[info]   at java.base/java.lang.reflect.Constructor.newInstanceWithCaller(Constructor.java:502)
[info]   at java.base/java.lang.reflect.Constructor.newInstance(Constructor.java:486)
[info]   at frameless.TypedExpressionEncoder$.$anonfun$apply$3(TypedExpressionEncoder.scala:55)
[info]   at scala.Option.map(Option.scala:242)
[info]   at frameless.TypedExpressionEncoder$.apply(TypedExpressionEncoder.scala:54)
[info]   at frameless.TypedDataset$.createUnsafe(TypedDataset.scala:1378)
[info]   at frameless.RecordEncoderTests.$anonfun$new$155(RecordEncoderTests.scala:340)
[info]   at org.scalatest.OutcomeOf.outcomeOf(OutcomeOf.scala:85)
[info]   at org.scalatest.OutcomeOf.outcomeOf$(OutcomeOf.scala:83)
[info]   at org.scalatest.OutcomeOf$.outcomeOf(OutcomeOf.scala:104)
[info]   at org.scalatest.Transformer.apply(Transformer.scala:22)
[info]   at org.scalatest.Transformer.apply(Transformer.scala:20)
[info]   at org.scalatest.funsuite.AnyFunSuiteLike$$anon$1.apply(AnyFunSuiteLike.scala:226)
[info]   at org.scalatest.TestSuite.withFixture(TestSuite.scala:196)
[info]   at org.scalatest.TestSuite.withFixture$(TestSuite.scala:195)
[info]   at org.scalatest.funsuite.AnyFunSuite.withFixture(AnyFunSuite.scala:1564)
[info]   at org.scalatest.funsuite.AnyFunSuiteLike.invokeWithFixture$1(AnyFunSuiteLike.scala:224)
[info]   at org.scalatest.funsuite.AnyFunSuiteLike.$anonfun$runTest$1(AnyFunSuiteLike.scala:236)
[info]   at org.scalatest.SuperEngine.runTestImpl(Engine.scala:306)
[info]   at org.scalatest.funsuite.AnyFunSuiteLike.runTest(AnyFunSuiteLike.scala:236)
[info]   at org.scalatest.funsuite.AnyFunSuiteLike.runTest$(AnyFunSuiteLike.scala:218)
[info]   at org.scalatest.funsuite.AnyFunSuite.runTest(AnyFunSuite.scala:1564)
[info]   at org.scalatest.funsuite.AnyFunSuiteLike.$anonfun$runTests$1(AnyFunSuiteLike.scala:269)
[info]   at org.scalatest.SuperEngine.$anonfun$runTestsInBranch$1(Engine.scala:413)
[info]   at scala.collection.immutable.List.foreach(List.scala:334)
[info]   at org.scalatest.SuperEngine.traverseSubNodes$1(Engine.scala:401)
[info]   at org.scalatest.SuperEngine.runTestsInBranch(Engine.scala:396)
[info]   at org.scalatest.SuperEngine.runTestsImpl(Engine.scala:475)
[info]   at org.scalatest.funsuite.AnyFunSuiteLike.runTests(AnyFunSuiteLike.scala:269)
[info]   at org.scalatest.funsuite.AnyFunSuiteLike.runTests$(AnyFunSuiteLike.scala:268)
[info]   at org.scalatest.funsuite.AnyFunSuite.runTests(AnyFunSuite.scala:1564)
[info]   at org.scalatest.Suite.run(Suite.scala:1114)
[info]   at org.scalatest.Suite.run$(Suite.scala:1096)
[info]   at org.scalatest.funsuite.AnyFunSuite.org$scalatest$funsuite$AnyFunSuiteLike$$super$run(AnyFunSuite.scala:1564)
[info]   at org.scalatest.funsuite.AnyFunSuiteLike.$anonfun$run$1(AnyFunSuiteLike.scala:273)
[info]   at org.scalatest.SuperEngine.runImpl(Engine.scala:535)
[info]   at org.scalatest.funsuite.AnyFunSuiteLike.run(AnyFunSuiteLike.scala:273)
[info]   at org.scalatest.funsuite.AnyFunSuiteLike.run$(AnyFunSuiteLike.scala:272)
[info]   at frameless.TypedDatasetSuite.org$scalatest$BeforeAndAfterAll$$super$run(TypedDatasetSuite.scala:63)
[info]   at org.scalatest.BeforeAndAfterAll.liftedTree1$1(BeforeAndAfterAll.scala:213)
[info]   at org.scalatest.BeforeAndAfterAll.run(BeforeAndAfterAll.scala:210)
[info]   at org.scalatest.BeforeAndAfterAll.run$(BeforeAndAfterAll.scala:208)
[info]   at frameless.TypedDatasetSuite.run(TypedDatasetSuite.scala:63)
[info]   at org.scalatest.tools.Framework.org$scalatest$tools$Framework$$runSuite(Framework.scala:321)
[info]   at org.scalatest.tools.Framework$ScalaTestTask.execute(Framework.scala:517)
[info]   at sbt.ForkMain$Run.lambda$runTest$1(ForkMain.java:414)
[info]   at java.base/java.util.concurrent.FutureTask.run(FutureTask.java:317)
[info]   at java.base/java.util.concurrent.ThreadPoolExecutor.runWorker(ThreadPoolExecutor.java:1144)
[info]   at java.base/java.util.concurrent.ThreadPoolExecutor$Worker.run(ThreadPoolExecutor.java:642)
[info]   at java.base/java.lang.Thread.run(Thread.java:1583)
[info]   Cause: java.lang.ClassCastException: Cannot cast scala.reflect.ClassTag$GenericClassTag to org.apache.spark.sql.catalyst.expressions.Expression
[info]   at java.base/java.lang.Class.cast(Class.java:4067)
[info]   at java.base/jdk.internal.reflect.DirectConstructorHandleAccessor.newInstance(DirectConstructorHandleAccessor.java:62)
[info]   at java.base/java.lang.reflect.Constructor.newInstanceWithCaller(Constructor.java:502)
[info]   at java.base/java.lang.reflect.Constructor.newInstance(Constructor.java:486)
[info]   at frameless.TypedExpressionEncoder$.$anonfun$apply$3(TypedExpressionEncoder.scala:55)
[info]   at scala.Option.map(Option.scala:242)
[info]   at frameless.TypedExpressionEncoder$.apply(TypedExpressionEncoder.scala:54)
[info]   at frameless.TypedDataset$.createUnsafe(TypedDataset.scala:1378)
[info]   at frameless.RecordEncoderTests.$anonfun$new$155(RecordEncoderTests.scala:340)
[info]   at org.scalatest.OutcomeOf.outcomeOf(OutcomeOf.scala:85)
[info]   at org.scalatest.OutcomeOf.outcomeOf$(OutcomeOf.scala:83)
[info]   at org.scalatest.OutcomeOf$.outcomeOf(OutcomeOf.scala:104)
[info]   at org.scalatest.Transformer.apply(Transformer.scala:22)
[info]   at org.scalatest.Transformer.apply(Transformer.scala:20)
[info]   at org.scalatest.funsuite.AnyFunSuiteLike$$anon$1.apply(AnyFunSuiteLike.scala:226)
[info]   at org.scalatest.TestSuite.withFixture(TestSuite.scala:196)
[info]   at org.scalatest.TestSuite.withFixture$(TestSuite.scala:195)
[info]   at org.scalatest.funsuite.AnyFunSuite.withFixture(AnyFunSuite.scala:1564)
[info]   at org.scalatest.funsuite.AnyFunSuiteLike.invokeWithFixture$1(AnyFunSuiteLike.scala:224)
[info]   at org.scalatest.funsuite.AnyFunSuiteLike.$anonfun$runTest$1(AnyFunSuiteLike.scala:236)
[info]   at org.scalatest.SuperEngine.runTestImpl(Engine.scala:306)
[info]   at org.scalatest.funsuite.AnyFunSuiteLike.runTest(AnyFunSuiteLike.scala:236)
[info]   at org.scalatest.funsuite.AnyFunSuiteLike.runTest$(AnyFunSuiteLike.scala:218)
[info]   at org.scalatest.funsuite.AnyFunSuite.runTest(AnyFunSuite.scala:1564)
[info]   at org.scalatest.funsuite.AnyFunSuiteLike.$anonfun$runTests$1(AnyFunSuiteLike.scala:269)
[info]   at org.scalatest.SuperEngine.$anonfun$runTestsInBranch$1(Engine.scala:413)
[info]   at scala.collection.immutable.List.foreach(List.scala:334)
[info]   at org.scalatest.SuperEngine.traverseSubNodes$1(Engine.scala:401)
[info]   at org.scalatest.SuperEngine.runTestsInBranch(Engine.scala:396)
[info]   at org.scalatest.SuperEngine.runTestsImpl(Engine.scala:475)
[info]   at org.scalatest.funsuite.AnyFunSuiteLike.runTests(AnyFunSuiteLike.scala:269)
[info]   at org.scalatest.funsuite.AnyFunSuiteLike.runTests$(AnyFunSuiteLike.scala:268)
[info]   at org.scalatest.funsuite.AnyFunSuite.runTests(AnyFunSuite.scala:1564)
[info]   at org.scalatest.Suite.run(Suite.scala:1114)
[info]   at org.scalatest.Suite.run$(Suite.scala:1096)
[info]   at org.scalatest.funsuite.AnyFunSuite.org$scalatest$funsuite$AnyFunSuiteLike$$super$run(AnyFunSuite.scala:1564)
[info]   at org.scalatest.funsuite.AnyFunSuiteLike.$anonfun$run$1(AnyFunSuiteLike.scala:273)
[info]   at org.scalatest.SuperEngine.runImpl(Engine.scala:535)
[info]   at org.scalatest.funsuite.AnyFunSuiteLike.run(AnyFunSuiteLike.scala:273)
[info]   at org.scalatest.funsuite.AnyFunSuiteLike.run$(AnyFunSuiteLike.scala:272)
[info]   at frameless.TypedDatasetSuite.org$scalatest$BeforeAndAfterAll$$super$run(TypedDatasetSuite.scala:63)
[info]   at org.scalatest.BeforeAndAfterAll.liftedTree1$1(BeforeAndAfterAll.scala:213)
[info]   at org.scalatest.BeforeAndAfterAll.run(BeforeAndAfterAll.scala:210)
[info]   at org.scalatest.BeforeAndAfterAll.run$(BeforeAndAfterAll.scala:208)
[info]   at frameless.TypedDatasetSuite.run(TypedDatasetSuite.scala:63)
[info]   at org.scalatest.tools.Framework.org$scalatest$tools$Framework$$runSuite(Framework.scala:321)
[info]   at org.scalatest.tools.Framework$ScalaTestTask.execute(Framework.scala:517)
[info]   at sbt.ForkMain$Run.lambda$runTest$1(ForkMain.java:414)
[info]   at java.base/java.util.concurrent.FutureTask.run(FutureTask.java:317)
[info]   at java.base/java.util.concurrent.ThreadPoolExecutor.runWorker(ThreadPoolExecutor.java:1144)
[info]   at java.base/java.util.concurrent.ThreadPoolExecutor$Worker.run(ThreadPoolExecutor.java:642)
[info]   at java.base/java.lang.Thread.run(Thread.java:1583)
[info] - Encode simple array *** FAILED *** (53 milliseconds)
[info]   java.lang.IllegalArgumentException: argument type mismatch
[info]   at java.base/jdk.internal.reflect.DirectConstructorHandleAccessor.newInstance(DirectConstructorHandleAccessor.java:65)
[info]   at java.base/java.lang.reflect.Constructor.newInstanceWithCaller(Constructor.java:502)
[info]   at java.base/java.lang.reflect.Constructor.newInstance(Constructor.java:486)
[info]   at frameless.TypedExpressionEncoder$.$anonfun$apply$3(TypedExpressionEncoder.scala:55)
[info]   at scala.Option.map(Option.scala:242)
[info]   at frameless.TypedExpressionEncoder$.apply(TypedExpressionEncoder.scala:54)
[info]   at frameless.TypedDataset$.createUnsafe(TypedDataset.scala:1378)
[info]   at frameless.RecordEncoderTests.$anonfun$new$166(RecordEncoderTests.scala:373)
[info]   at org.scalatest.OutcomeOf.outcomeOf(OutcomeOf.scala:85)
[info]   at org.scalatest.OutcomeOf.outcomeOf$(OutcomeOf.scala:83)
[info]   at org.scalatest.OutcomeOf$.outcomeOf(OutcomeOf.scala:104)
[info]   at org.scalatest.Transformer.apply(Transformer.scala:22)
[info]   at org.scalatest.Transformer.apply(Transformer.scala:20)
[info]   at org.scalatest.funsuite.AnyFunSuiteLike$$anon$1.apply(AnyFunSuiteLike.scala:226)
[info]   at org.scalatest.TestSuite.withFixture(TestSuite.scala:196)
[info]   at org.scalatest.TestSuite.withFixture$(TestSuite.scala:195)
[info]   at org.scalatest.funsuite.AnyFunSuite.withFixture(AnyFunSuite.scala:1564)
[info]   at org.scalatest.funsuite.AnyFunSuiteLike.invokeWithFixture$1(AnyFunSuiteLike.scala:224)
[info]   at org.scalatest.funsuite.AnyFunSuiteLike.$anonfun$runTest$1(AnyFunSuiteLike.scala:236)
[info]   at org.scalatest.SuperEngine.runTestImpl(Engine.scala:306)
[info]   at org.scalatest.funsuite.AnyFunSuiteLike.runTest(AnyFunSuiteLike.scala:236)
[info]   at org.scalatest.funsuite.AnyFunSuiteLike.runTest$(AnyFunSuiteLike.scala:218)
[info]   at org.scalatest.funsuite.AnyFunSuite.runTest(AnyFunSuite.scala:1564)
[info]   at org.scalatest.funsuite.AnyFunSuiteLike.$anonfun$runTests$1(AnyFunSuiteLike.scala:269)
[info]   at org.scalatest.SuperEngine.$anonfun$runTestsInBranch$1(Engine.scala:413)
[info]   at scala.collection.immutable.List.foreach(List.scala:334)
[info]   at org.scalatest.SuperEngine.traverseSubNodes$1(Engine.scala:401)
[info]   at org.scalatest.SuperEngine.runTestsInBranch(Engine.scala:396)
[info]   at org.scalatest.SuperEngine.runTestsImpl(Engine.scala:475)
[info]   at org.scalatest.funsuite.AnyFunSuiteLike.runTests(AnyFunSuiteLike.scala:269)
[info]   at org.scalatest.funsuite.AnyFunSuiteLike.runTests$(AnyFunSuiteLike.scala:268)
[info]   at org.scalatest.funsuite.AnyFunSuite.runTests(AnyFunSuite.scala:1564)
[info]   at org.scalatest.Suite.run(Suite.scala:1114)
[info]   at org.scalatest.Suite.run$(Suite.scala:1096)
[info]   at org.scalatest.funsuite.AnyFunSuite.org$scalatest$funsuite$AnyFunSuiteLike$$super$run(AnyFunSuite.scala:1564)
[info]   at org.scalatest.funsuite.AnyFunSuiteLike.$anonfun$run$1(AnyFunSuiteLike.scala:273)
[info]   at org.scalatest.SuperEngine.runImpl(Engine.scala:535)
[info]   at org.scalatest.funsuite.AnyFunSuiteLike.run(AnyFunSuiteLike.scala:273)
[info]   at org.scalatest.funsuite.AnyFunSuiteLike.run$(AnyFunSuiteLike.scala:272)
[info]   at frameless.TypedDatasetSuite.org$scalatest$BeforeAndAfterAll$$super$run(TypedDatasetSuite.scala:63)
[info]   at org.scalatest.BeforeAndAfterAll.liftedTree1$1(BeforeAndAfterAll.scala:213)
[info]   at org.scalatest.BeforeAndAfterAll.run(BeforeAndAfterAll.scala:210)
[info]   at org.scalatest.BeforeAndAfterAll.run$(BeforeAndAfterAll.scala:208)
[info]   at frameless.TypedDatasetSuite.run(TypedDatasetSuite.scala:63)
[info]   at org.scalatest.tools.Framework.org$scalatest$tools$Framework$$runSuite(Framework.scala:321)
[info]   at org.scalatest.tools.Framework$ScalaTestTask.execute(Framework.scala:517)
[info]   at sbt.ForkMain$Run.lambda$runTest$1(ForkMain.java:414)
[info]   at java.base/java.util.concurrent.FutureTask.run(FutureTask.java:317)
[info]   at java.base/java.util.concurrent.ThreadPoolExecutor.runWorker(ThreadPoolExecutor.java:1144)
[info]   at java.base/java.util.concurrent.ThreadPoolExecutor$Worker.run(ThreadPoolExecutor.java:642)
[info]   at java.base/java.lang.Thread.run(Thread.java:1583)
[info]   Cause: java.lang.ClassCastException: Cannot cast scala.reflect.ClassTag$GenericClassTag to org.apache.spark.sql.catalyst.expressions.Expression
[info]   at java.base/java.lang.Class.cast(Class.java:4067)
[info]   at java.base/jdk.internal.reflect.DirectConstructorHandleAccessor.newInstance(DirectConstructorHandleAccessor.java:62)
[info]   at java.base/java.lang.reflect.Constructor.newInstanceWithCaller(Constructor.java:502)
[info]   at java.base/java.lang.reflect.Constructor.newInstance(Constructor.java:486)
[info]   at frameless.TypedExpressionEncoder$.$anonfun$apply$3(TypedExpressionEncoder.scala:55)
[info]   at scala.Option.map(Option.scala:242)
[info]   at frameless.TypedExpressionEncoder$.apply(TypedExpressionEncoder.scala:54)
[info]   at frameless.TypedDataset$.createUnsafe(TypedDataset.scala:1378)
[info]   at frameless.RecordEncoderTests.$anonfun$new$166(RecordEncoderTests.scala:373)
[info]   at org.scalatest.OutcomeOf.outcomeOf(OutcomeOf.scala:85)
[info]   at org.scalatest.OutcomeOf.outcomeOf$(OutcomeOf.scala:83)
[info]   at org.scalatest.OutcomeOf$.outcomeOf(OutcomeOf.scala:104)
[info]   at org.scalatest.Transformer.apply(Transformer.scala:22)
[info]   at org.scalatest.Transformer.apply(Transformer.scala:20)
[info]   at org.scalatest.funsuite.AnyFunSuiteLike$$anon$1.apply(AnyFunSuiteLike.scala:226)
[info]   at org.scalatest.TestSuite.withFixture(TestSuite.scala:196)
[info]   at org.scalatest.TestSuite.withFixture$(TestSuite.scala:195)
[info]   at org.scalatest.funsuite.AnyFunSuite.withFixture(AnyFunSuite.scala:1564)
[info]   at org.scalatest.funsuite.AnyFunSuiteLike.invokeWithFixture$1(AnyFunSuiteLike.scala:224)
[info]   at org.scalatest.funsuite.AnyFunSuiteLike.$anonfun$runTest$1(AnyFunSuiteLike.scala:236)
[info]   at org.scalatest.SuperEngine.runTestImpl(Engine.scala:306)
[info]   at org.scalatest.funsuite.AnyFunSuiteLike.runTest(AnyFunSuiteLike.scala:236)
[info]   at org.scalatest.funsuite.AnyFunSuiteLike.runTest$(AnyFunSuiteLike.scala:218)
[info]   at org.scalatest.funsuite.AnyFunSuite.runTest(AnyFunSuite.scala:1564)
[info]   at org.scalatest.funsuite.AnyFunSuiteLike.$anonfun$runTests$1(AnyFunSuiteLike.scala:269)
[info]   at org.scalatest.SuperEngine.$anonfun$runTestsInBranch$1(Engine.scala:413)
[info]   at scala.collection.immutable.List.foreach(List.scala:334)
[info]   at org.scalatest.SuperEngine.traverseSubNodes$1(Engine.scala:401)
[info]   at org.scalatest.SuperEngine.runTestsInBranch(Engine.scala:396)
[info]   at org.scalatest.SuperEngine.runTestsImpl(Engine.scala:475)
[info]   at org.scalatest.funsuite.AnyFunSuiteLike.runTests(AnyFunSuiteLike.scala:269)
[info]   at org.scalatest.funsuite.AnyFunSuiteLike.runTests$(AnyFunSuiteLike.scala:268)
[info]   at org.scalatest.funsuite.AnyFunSuite.runTests(AnyFunSuite.scala:1564)
[info]   at org.scalatest.Suite.run(Suite.scala:1114)
[info]   at org.scalatest.Suite.run$(Suite.scala:1096)
[info]   at org.scalatest.funsuite.AnyFunSuite.org$scalatest$funsuite$AnyFunSuiteLike$$super$run(AnyFunSuite.scala:1564)
[info]   at org.scalatest.funsuite.AnyFunSuiteLike.$anonfun$run$1(AnyFunSuiteLike.scala:273)
[info]   at org.scalatest.SuperEngine.runImpl(Engine.scala:535)
[info]   at org.scalatest.funsuite.AnyFunSuiteLike.run(AnyFunSuiteLike.scala:273)
[info]   at org.scalatest.funsuite.AnyFunSuiteLike.run$(AnyFunSuiteLike.scala:272)
[info]   at frameless.TypedDatasetSuite.org$scalatest$BeforeAndAfterAll$$super$run(TypedDatasetSuite.scala:63)
[info]   at org.scalatest.BeforeAndAfterAll.liftedTree1$1(BeforeAndAfterAll.scala:213)
[info]   at org.scalatest.BeforeAndAfterAll.run(BeforeAndAfterAll.scala:210)
[info]   at org.scalatest.BeforeAndAfterAll.run$(BeforeAndAfterAll.scala:208)
[info]   at frameless.TypedDatasetSuite.run(TypedDatasetSuite.scala:63)
[info]   at org.scalatest.tools.Framework.org$scalatest$tools$Framework$$runSuite(Framework.scala:321)
[info]   at org.scalatest.tools.Framework$ScalaTestTask.execute(Framework.scala:517)
[info]   at sbt.ForkMain$Run.lambda$runTest$1(ForkMain.java:414)
[info]   at java.base/java.util.concurrent.FutureTask.run(FutureTask.java:317)
[info]   at java.base/java.util.concurrent.ThreadPoolExecutor.runWorker(ThreadPoolExecutor.java:1144)
[info]   at java.base/java.util.concurrent.ThreadPoolExecutor$Worker.run(ThreadPoolExecutor.java:642)
[info]   at java.base/java.lang.Thread.run(Thread.java:1583)
[info] - Encode array of Value class *** FAILED *** (57 milliseconds)
[info]   java.lang.IllegalArgumentException: argument type mismatch
[info]   at java.base/jdk.internal.reflect.DirectConstructorHandleAccessor.newInstance(DirectConstructorHandleAccessor.java:65)
[info]   at java.base/java.lang.reflect.Constructor.newInstanceWithCaller(Constructor.java:502)
[info]   at java.base/java.lang.reflect.Constructor.newInstance(Constructor.java:486)
[info]   at frameless.TypedExpressionEncoder$.$anonfun$apply$3(TypedExpressionEncoder.scala:55)
[info]   at scala.Option.map(Option.scala:242)
[info]   at frameless.TypedExpressionEncoder$.apply(TypedExpressionEncoder.scala:54)
[info]   at frameless.TypedDataset$.createUnsafe(TypedDataset.scala:1378)
[info]   at frameless.RecordEncoderTests.$anonfun$new$181(RecordEncoderTests.scala:417)
[info]   at org.scalatest.OutcomeOf.outcomeOf(OutcomeOf.scala:85)
[info]   at org.scalatest.OutcomeOf.outcomeOf$(OutcomeOf.scala:83)
[info]   at org.scalatest.OutcomeOf$.outcomeOf(OutcomeOf.scala:104)
[info]   at org.scalatest.Transformer.apply(Transformer.scala:22)
[info]   at org.scalatest.Transformer.apply(Transformer.scala:20)
[info]   at org.scalatest.funsuite.AnyFunSuiteLike$$anon$1.apply(AnyFunSuiteLike.scala:226)
[info]   at org.scalatest.TestSuite.withFixture(TestSuite.scala:196)
[info]   at org.scalatest.TestSuite.withFixture$(TestSuite.scala:195)
[info]   at org.scalatest.funsuite.AnyFunSuite.withFixture(AnyFunSuite.scala:1564)
[info]   at org.scalatest.funsuite.AnyFunSuiteLike.invokeWithFixture$1(AnyFunSuiteLike.scala:224)
[info]   at org.scalatest.funsuite.AnyFunSuiteLike.$anonfun$runTest$1(AnyFunSuiteLike.scala:236)
[info]   at org.scalatest.SuperEngine.runTestImpl(Engine.scala:306)
[info]   at org.scalatest.funsuite.AnyFunSuiteLike.runTest(AnyFunSuiteLike.scala:236)
[info]   at org.scalatest.funsuite.AnyFunSuiteLike.runTest$(AnyFunSuiteLike.scala:218)
[info]   at org.scalatest.funsuite.AnyFunSuite.runTest(AnyFunSuite.scala:1564)
[info]   at org.scalatest.funsuite.AnyFunSuiteLike.$anonfun$runTests$1(AnyFunSuiteLike.scala:269)
[info]   at org.scalatest.SuperEngine.$anonfun$runTestsInBranch$1(Engine.scala:413)
[info]   at scala.collection.immutable.List.foreach(List.scala:334)
[info]   at org.scalatest.SuperEngine.traverseSubNodes$1(Engine.scala:401)
[info]   at org.scalatest.SuperEngine.runTestsInBranch(Engine.scala:396)
[info]   at org.scalatest.SuperEngine.runTestsImpl(Engine.scala:475)
[info]   at org.scalatest.funsuite.AnyFunSuiteLike.runTests(AnyFunSuiteLike.scala:269)
[info]   at org.scalatest.funsuite.AnyFunSuiteLike.runTests$(AnyFunSuiteLike.scala:268)
[info]   at org.scalatest.funsuite.AnyFunSuite.runTests(AnyFunSuite.scala:1564)
[info]   at org.scalatest.Suite.run(Suite.scala:1114)
[info]   at org.scalatest.Suite.run$(Suite.scala:1096)
[info]   at org.scalatest.funsuite.AnyFunSuite.org$scalatest$funsuite$AnyFunSuiteLike$$super$run(AnyFunSuite.scala:1564)
[info]   at org.scalatest.funsuite.AnyFunSuiteLike.$anonfun$run$1(AnyFunSuiteLike.scala:273)
[info]   at org.scalatest.SuperEngine.runImpl(Engine.scala:535)
[info]   at org.scalatest.funsuite.AnyFunSuiteLike.run(AnyFunSuiteLike.scala:273)
[info]   at org.scalatest.funsuite.AnyFunSuiteLike.run$(AnyFunSuiteLike.scala:272)
[info]   at frameless.TypedDatasetSuite.org$scalatest$BeforeAndAfterAll$$super$run(TypedDatasetSuite.scala:63)
[info]   at org.scalatest.BeforeAndAfterAll.liftedTree1$1(BeforeAndAfterAll.scala:213)
[info]   at org.scalatest.BeforeAndAfterAll.run(BeforeAndAfterAll.scala:210)
[info]   at org.scalatest.BeforeAndAfterAll.run$(BeforeAndAfterAll.scala:208)
[info]   at frameless.TypedDatasetSuite.run(TypedDatasetSuite.scala:63)
[info]   at org.scalatest.tools.Framework.org$scalatest$tools$Framework$$runSuite(Framework.scala:321)
[info]   at org.scalatest.tools.Framework$ScalaTestTask.execute(Framework.scala:517)
[info]   at sbt.ForkMain$Run.lambda$runTest$1(ForkMain.java:414)
[info]   at java.base/java.util.concurrent.FutureTask.run(FutureTask.java:317)
[info]   at java.base/java.util.concurrent.ThreadPoolExecutor.runWorker(ThreadPoolExecutor.java:1144)
[info]   at java.base/java.util.concurrent.ThreadPoolExecutor$Worker.run(ThreadPoolExecutor.java:642)
[info]   at java.base/java.lang.Thread.run(Thread.java:1583)
[info]   Cause: java.lang.ClassCastException: Cannot cast scala.reflect.ClassTag$GenericClassTag to org.apache.spark.sql.catalyst.expressions.Expression
[info]   at java.base/java.lang.Class.cast(Class.java:4067)
[info]   at java.base/jdk.internal.reflect.DirectConstructorHandleAccessor.newInstance(DirectConstructorHandleAccessor.java:62)
[info]   at java.base/java.lang.reflect.Constructor.newInstanceWithCaller(Constructor.java:502)
[info]   at java.base/java.lang.reflect.Constructor.newInstance(Constructor.java:486)
[info]   at frameless.TypedExpressionEncoder$.$anonfun$apply$3(TypedExpressionEncoder.scala:55)
[info]   at scala.Option.map(Option.scala:242)
[info]   at frameless.TypedExpressionEncoder$.apply(TypedExpressionEncoder.scala:54)
[info]   at frameless.TypedDataset$.createUnsafe(TypedDataset.scala:1378)
[info]   at frameless.RecordEncoderTests.$anonfun$new$181(RecordEncoderTests.scala:417)
[info]   at org.scalatest.OutcomeOf.outcomeOf(OutcomeOf.scala:85)
[info]   at org.scalatest.OutcomeOf.outcomeOf$(OutcomeOf.scala:83)
[info]   at org.scalatest.OutcomeOf$.outcomeOf(OutcomeOf.scala:104)
[info]   at org.scalatest.Transformer.apply(Transformer.scala:22)
[info]   at org.scalatest.Transformer.apply(Transformer.scala:20)
[info]   at org.scalatest.funsuite.AnyFunSuiteLike$$anon$1.apply(AnyFunSuiteLike.scala:226)
[info]   at org.scalatest.TestSuite.withFixture(TestSuite.scala:196)
[info]   at org.scalatest.TestSuite.withFixture$(TestSuite.scala:195)
[info]   at org.scalatest.funsuite.AnyFunSuite.withFixture(AnyFunSuite.scala:1564)
[info]   at org.scalatest.funsuite.AnyFunSuiteLike.invokeWithFixture$1(AnyFunSuiteLike.scala:224)
[info]   at org.scalatest.funsuite.AnyFunSuiteLike.$anonfun$runTest$1(AnyFunSuiteLike.scala:236)
[info]   at org.scalatest.SuperEngine.runTestImpl(Engine.scala:306)
[info]   at org.scalatest.funsuite.AnyFunSuiteLike.runTest(AnyFunSuiteLike.scala:236)
[info]   at org.scalatest.funsuite.AnyFunSuiteLike.runTest$(AnyFunSuiteLike.scala:218)
[info]   at org.scalatest.funsuite.AnyFunSuite.runTest(AnyFunSuite.scala:1564)
[info]   at org.scalatest.funsuite.AnyFunSuiteLike.$anonfun$runTests$1(AnyFunSuiteLike.scala:269)
[info]   at org.scalatest.SuperEngine.$anonfun$runTestsInBranch$1(Engine.scala:413)
[info]   at scala.collection.immutable.List.foreach(List.scala:334)
[info]   at org.scalatest.SuperEngine.traverseSubNodes$1(Engine.scala:401)
[info]   at org.scalatest.SuperEngine.runTestsInBranch(Engine.scala:396)
[info]   at org.scalatest.SuperEngine.runTestsImpl(Engine.scala:475)
[info]   at org.scalatest.funsuite.AnyFunSuiteLike.runTests(AnyFunSuiteLike.scala:269)
[info]   at org.scalatest.funsuite.AnyFunSuiteLike.runTests$(AnyFunSuiteLike.scala:268)
[info]   at org.scalatest.funsuite.AnyFunSuite.runTests(AnyFunSuite.scala:1564)
[info]   at org.scalatest.Suite.run(Suite.scala:1114)
[info]   at org.scalatest.Suite.run$(Suite.scala:1096)
[info]   at org.scalatest.funsuite.AnyFunSuite.org$scalatest$funsuite$AnyFunSuiteLike$$super$run(AnyFunSuite.scala:1564)
[info]   at org.scalatest.funsuite.AnyFunSuiteLike.$anonfun$run$1(AnyFunSuiteLike.scala:273)
[info]   at org.scalatest.SuperEngine.runImpl(Engine.scala:535)
[info]   at org.scalatest.funsuite.AnyFunSuiteLike.run(AnyFunSuiteLike.scala:273)
[info]   at org.scalatest.funsuite.AnyFunSuiteLike.run$(AnyFunSuiteLike.scala:272)
[info]   at frameless.TypedDatasetSuite.org$scalatest$BeforeAndAfterAll$$super$run(TypedDatasetSuite.scala:63)
[info]   at org.scalatest.BeforeAndAfterAll.liftedTree1$1(BeforeAndAfterAll.scala:213)
[info]   at org.scalatest.BeforeAndAfterAll.run(BeforeAndAfterAll.scala:210)
[info]   at org.scalatest.BeforeAndAfterAll.run$(BeforeAndAfterAll.scala:208)
[info]   at frameless.TypedDatasetSuite.run(TypedDatasetSuite.scala:63)
[info]   at org.scalatest.tools.Framework.org$scalatest$tools$Framework$$runSuite(Framework.scala:321)
[info]   at org.scalatest.tools.Framework$ScalaTestTask.execute(Framework.scala:517)
[info]   at sbt.ForkMain$Run.lambda$runTest$1(ForkMain.java:414)
[info]   at java.base/java.util.concurrent.FutureTask.run(FutureTask.java:317)
[info]   at java.base/java.util.concurrent.ThreadPoolExecutor.runWorker(ThreadPoolExecutor.java:1144)
[info]   at java.base/java.util.concurrent.ThreadPoolExecutor$Worker.run(ThreadPoolExecutor.java:642)
[info]   at java.base/java.lang.Thread.run(Thread.java:1583)
[info] - Encode case class with simple Seq *** FAILED *** (23 milliseconds)
[info]   java.lang.IllegalArgumentException: argument type mismatch
[info]   at java.base/jdk.internal.reflect.DirectConstructorHandleAccessor.newInstance(DirectConstructorHandleAccessor.java:65)
[info]   at java.base/java.lang.reflect.Constructor.newInstanceWithCaller(Constructor.java:502)
[info]   at java.base/java.lang.reflect.Constructor.newInstance(Constructor.java:486)
[info]   at frameless.TypedExpressionEncoder$.$anonfun$apply$3(TypedExpressionEncoder.scala:55)
[info]   at scala.Option.map(Option.scala:242)
[info]   at frameless.TypedExpressionEncoder$.apply(TypedExpressionEncoder.scala:54)
[info]   at frameless.TypedDataset$.createUnsafe(TypedDataset.scala:1378)
[info]   at frameless.RecordEncoderTests.$anonfun$new$200(RecordEncoderTests.scala:471)
[info]   at org.scalatest.OutcomeOf.outcomeOf(OutcomeOf.scala:85)
[info]   at org.scalatest.OutcomeOf.outcomeOf$(OutcomeOf.scala:83)
[info]   at org.scalatest.OutcomeOf$.outcomeOf(OutcomeOf.scala:104)
[info]   at org.scalatest.Transformer.apply(Transformer.scala:22)
[info]   at org.scalatest.Transformer.apply(Transformer.scala:20)
[info]   at org.scalatest.funsuite.AnyFunSuiteLike$$anon$1.apply(AnyFunSuiteLike.scala:226)
[info]   at org.scalatest.TestSuite.withFixture(TestSuite.scala:196)
[info]   at org.scalatest.TestSuite.withFixture$(TestSuite.scala:195)
[info]   at org.scalatest.funsuite.AnyFunSuite.withFixture(AnyFunSuite.scala:1564)
[info]   at org.scalatest.funsuite.AnyFunSuiteLike.invokeWithFixture$1(AnyFunSuiteLike.scala:224)
[info]   at org.scalatest.funsuite.AnyFunSuiteLike.$anonfun$runTest$1(AnyFunSuiteLike.scala:236)
[info]   at org.scalatest.SuperEngine.runTestImpl(Engine.scala:306)
[info]   at org.scalatest.funsuite.AnyFunSuiteLike.runTest(AnyFunSuiteLike.scala:236)
[info]   at org.scalatest.funsuite.AnyFunSuiteLike.runTest$(AnyFunSuiteLike.scala:218)
[info]   at org.scalatest.funsuite.AnyFunSuite.runTest(AnyFunSuite.scala:1564)
[info]   at org.scalatest.funsuite.AnyFunSuiteLike.$anonfun$runTests$1(AnyFunSuiteLike.scala:269)
[info]   at org.scalatest.SuperEngine.$anonfun$runTestsInBranch$1(Engine.scala:413)
[info]   at scala.collection.immutable.List.foreach(List.scala:334)
[info]   at org.scalatest.SuperEngine.traverseSubNodes$1(Engine.scala:401)
[info]   at org.scalatest.SuperEngine.runTestsInBranch(Engine.scala:396)
[info]   at org.scalatest.SuperEngine.runTestsImpl(Engine.scala:475)
[info]   at org.scalatest.funsuite.AnyFunSuiteLike.runTests(AnyFunSuiteLike.scala:269)
[info]   at org.scalatest.funsuite.AnyFunSuiteLike.runTests$(AnyFunSuiteLike.scala:268)
[info]   at org.scalatest.funsuite.AnyFunSuite.runTests(AnyFunSuite.scala:1564)
[info]   at org.scalatest.Suite.run(Suite.scala:1114)
[info]   at org.scalatest.Suite.run$(Suite.scala:1096)
[info]   at org.scalatest.funsuite.AnyFunSuite.org$scalatest$funsuite$AnyFunSuiteLike$$super$run(AnyFunSuite.scala:1564)
[info]   at org.scalatest.funsuite.AnyFunSuiteLike.$anonfun$run$1(AnyFunSuiteLike.scala:273)
[info]   at org.scalatest.SuperEngine.runImpl(Engine.scala:535)
[info]   at org.scalatest.funsuite.AnyFunSuiteLike.run(AnyFunSuiteLike.scala:273)
[info]   at org.scalatest.funsuite.AnyFunSuiteLike.run$(AnyFunSuiteLike.scala:272)
[info]   at frameless.TypedDatasetSuite.org$scalatest$BeforeAndAfterAll$$super$run(TypedDatasetSuite.scala:63)
[info]   at org.scalatest.BeforeAndAfterAll.liftedTree1$1(BeforeAndAfterAll.scala:213)
[info]   at org.scalatest.BeforeAndAfterAll.run(BeforeAndAfterAll.scala:210)
[info]   at org.scalatest.BeforeAndAfterAll.run$(BeforeAndAfterAll.scala:208)
[info]   at frameless.TypedDatasetSuite.run(TypedDatasetSuite.scala:63)
[info]   at org.scalatest.tools.Framework.org$scalatest$tools$Framework$$runSuite(Framework.scala:321)
[info]   at org.scalatest.tools.Framework$ScalaTestTask.execute(Framework.scala:517)
[info]   at sbt.ForkMain$Run.lambda$runTest$1(ForkMain.java:414)
[info]   at java.base/java.util.concurrent.FutureTask.run(FutureTask.java:317)
[info]   at java.base/java.util.concurrent.ThreadPoolExecutor.runWorker(ThreadPoolExecutor.java:1144)
[info]   at java.base/java.util.concurrent.ThreadPoolExecutor$Worker.run(ThreadPoolExecutor.java:642)
[info]   at java.base/java.lang.Thread.run(Thread.java:1583)
[info]   Cause: java.lang.ClassCastException: Cannot cast scala.reflect.ClassTag$GenericClassTag to org.apache.spark.sql.catalyst.expressions.Expression
[info]   at java.base/java.lang.Class.cast(Class.java:4067)
[info]   at java.base/jdk.internal.reflect.DirectConstructorHandleAccessor.newInstance(DirectConstructorHandleAccessor.java:62)
[info]   at java.base/java.lang.reflect.Constructor.newInstanceWithCaller(Constructor.java:502)
[info]   at java.base/java.lang.reflect.Constructor.newInstance(Constructor.java:486)
[info]   at frameless.TypedExpressionEncoder$.$anonfun$apply$3(TypedExpressionEncoder.scala:55)
[info]   at scala.Option.map(Option.scala:242)
[info]   at frameless.TypedExpressionEncoder$.apply(TypedExpressionEncoder.scala:54)
[info]   at frameless.TypedDataset$.createUnsafe(TypedDataset.scala:1378)
[info]   at frameless.RecordEncoderTests.$anonfun$new$200(RecordEncoderTests.scala:471)
[info]   at org.scalatest.OutcomeOf.outcomeOf(OutcomeOf.scala:85)
[info]   at org.scalatest.OutcomeOf.outcomeOf$(OutcomeOf.scala:83)
[info]   at org.scalatest.OutcomeOf$.outcomeOf(OutcomeOf.scala:104)
[info]   at org.scalatest.Transformer.apply(Transformer.scala:22)
[info]   at org.scalatest.Transformer.apply(Transformer.scala:20)
[info]   at org.scalatest.funsuite.AnyFunSuiteLike$$anon$1.apply(AnyFunSuiteLike.scala:226)
[info]   at org.scalatest.TestSuite.withFixture(TestSuite.scala:196)
[info]   at org.scalatest.TestSuite.withFixture$(TestSuite.scala:195)
[info]   at org.scalatest.funsuite.AnyFunSuite.withFixture(AnyFunSuite.scala:1564)
[info]   at org.scalatest.funsuite.AnyFunSuiteLike.invokeWithFixture$1(AnyFunSuiteLike.scala:224)
[info]   at org.scalatest.funsuite.AnyFunSuiteLike.$anonfun$runTest$1(AnyFunSuiteLike.scala:236)
[info]   at org.scalatest.SuperEngine.runTestImpl(Engine.scala:306)
[info]   at org.scalatest.funsuite.AnyFunSuiteLike.runTest(AnyFunSuiteLike.scala:236)
[info]   at org.scalatest.funsuite.AnyFunSuiteLike.runTest$(AnyFunSuiteLike.scala:218)
[info]   at org.scalatest.funsuite.AnyFunSuite.runTest(AnyFunSuite.scala:1564)
[info]   at org.scalatest.funsuite.AnyFunSuiteLike.$anonfun$runTests$1(AnyFunSuiteLike.scala:269)
[info]   at org.scalatest.SuperEngine.$anonfun$runTestsInBranch$1(Engine.scala:413)
[info]   at scala.collection.immutable.List.foreach(List.scala:334)
[info]   at org.scalatest.SuperEngine.traverseSubNodes$1(Engine.scala:401)
[info]   at org.scalatest.SuperEngine.runTestsInBranch(Engine.scala:396)
[info]   at org.scalatest.SuperEngine.runTestsImpl(Engine.scala:475)
[info]   at org.scalatest.funsuite.AnyFunSuiteLike.runTests(AnyFunSuiteLike.scala:269)
[info]   at org.scalatest.funsuite.AnyFunSuiteLike.runTests$(AnyFunSuiteLike.scala:268)
[info]   at org.scalatest.funsuite.AnyFunSuite.runTests(AnyFunSuite.scala:1564)
[info]   at org.scalatest.Suite.run(Suite.scala:1114)
[info]   at org.scalatest.Suite.run$(Suite.scala:1096)
[info]   at org.scalatest.funsuite.AnyFunSuite.org$scalatest$funsuite$AnyFunSuiteLike$$super$run(AnyFunSuite.scala:1564)
[info]   at org.scalatest.funsuite.AnyFunSuiteLike.$anonfun$run$1(AnyFunSuiteLike.scala:273)
[info]   at org.scalatest.SuperEngine.runImpl(Engine.scala:535)
[info]   at org.scalatest.funsuite.AnyFunSuiteLike.run(AnyFunSuiteLike.scala:273)
[info]   at org.scalatest.funsuite.AnyFunSuiteLike.run$(AnyFunSuiteLike.scala:272)
[info]   at frameless.TypedDatasetSuite.org$scalatest$BeforeAndAfterAll$$super$run(TypedDatasetSuite.scala:63)
[info]   at org.scalatest.BeforeAndAfterAll.liftedTree1$1(BeforeAndAfterAll.scala:213)
[info]   at org.scalatest.BeforeAndAfterAll.run(BeforeAndAfterAll.scala:210)
[info]   at org.scalatest.BeforeAndAfterAll.run$(BeforeAndAfterAll.scala:208)
[info]   at frameless.TypedDatasetSuite.run(TypedDatasetSuite.scala:63)
[info]   at org.scalatest.tools.Framework.org$scalatest$tools$Framework$$runSuite(Framework.scala:321)
[info]   at org.scalatest.tools.Framework$ScalaTestTask.execute(Framework.scala:517)
[info]   at sbt.ForkMain$Run.lambda$runTest$1(ForkMain.java:414)
[info]   at java.base/java.util.concurrent.FutureTask.run(FutureTask.java:317)
[info]   at java.base/java.util.concurrent.ThreadPoolExecutor.runWorker(ThreadPoolExecutor.java:1144)
[info]   at java.base/java.util.concurrent.ThreadPoolExecutor$Worker.run(ThreadPoolExecutor.java:642)
[info]   at java.base/java.lang.Thread.run(Thread.java:1583)
[info] - Encode case class with Value class *** FAILED *** (36 milliseconds)
[info]   java.lang.IllegalArgumentException: argument type mismatch
[info]   at java.base/jdk.internal.reflect.DirectConstructorHandleAccessor.newInstance(DirectConstructorHandleAccessor.java:65)
[info]   at java.base/java.lang.reflect.Constructor.newInstanceWithCaller(Constructor.java:502)
[info]   at java.base/java.lang.reflect.Constructor.newInstance(Constructor.java:486)
[info]   at frameless.TypedExpressionEncoder$.$anonfun$apply$3(TypedExpressionEncoder.scala:55)
[info]   at scala.Option.map(Option.scala:242)
[info]   at frameless.TypedExpressionEncoder$.apply(TypedExpressionEncoder.scala:54)
[info]   at frameless.TypedDataset$.createUnsafe(TypedDataset.scala:1378)
[info]   at frameless.RecordEncoderTests.$anonfun$new$209(RecordEncoderTests.scala:498)
[info]   at org.scalatest.OutcomeOf.outcomeOf(OutcomeOf.scala:85)
[info]   at org.scalatest.OutcomeOf.outcomeOf$(OutcomeOf.scala:83)
[info]   at org.scalatest.OutcomeOf$.outcomeOf(OutcomeOf.scala:104)
[info]   at org.scalatest.Transformer.apply(Transformer.scala:22)
[info]   at org.scalatest.Transformer.apply(Transformer.scala:20)
[info]   at org.scalatest.funsuite.AnyFunSuiteLike$$anon$1.apply(AnyFunSuiteLike.scala:226)
[info]   at org.scalatest.TestSuite.withFixture(TestSuite.scala:196)
[info]   at org.scalatest.TestSuite.withFixture$(TestSuite.scala:195)
[info]   at org.scalatest.funsuite.AnyFunSuite.withFixture(AnyFunSuite.scala:1564)
[info]   at org.scalatest.funsuite.AnyFunSuiteLike.invokeWithFixture$1(AnyFunSuiteLike.scala:224)
[info]   at org.scalatest.funsuite.AnyFunSuiteLike.$anonfun$runTest$1(AnyFunSuiteLike.scala:236)
[info]   at org.scalatest.SuperEngine.runTestImpl(Engine.scala:306)
[info]   at org.scalatest.funsuite.AnyFunSuiteLike.runTest(AnyFunSuiteLike.scala:236)
[info]   at org.scalatest.funsuite.AnyFunSuiteLike.runTest$(AnyFunSuiteLike.scala:218)
[info]   at org.scalatest.funsuite.AnyFunSuite.runTest(AnyFunSuite.scala:1564)
[info]   at org.scalatest.funsuite.AnyFunSuiteLike.$anonfun$runTests$1(AnyFunSuiteLike.scala:269)
[info]   at org.scalatest.SuperEngine.$anonfun$runTestsInBranch$1(Engine.scala:413)
[info]   at scala.collection.immutable.List.foreach(List.scala:334)
[info]   at org.scalatest.SuperEngine.traverseSubNodes$1(Engine.scala:401)
[info]   at org.scalatest.SuperEngine.runTestsInBranch(Engine.scala:396)
[info]   at org.scalatest.SuperEngine.runTestsImpl(Engine.scala:475)
[info]   at org.scalatest.funsuite.AnyFunSuiteLike.runTests(AnyFunSuiteLike.scala:269)
[info]   at org.scalatest.funsuite.AnyFunSuiteLike.runTests$(AnyFunSuiteLike.scala:268)
[info]   at org.scalatest.funsuite.AnyFunSuite.runTests(AnyFunSuite.scala:1564)
[info]   at org.scalatest.Suite.run(Suite.scala:1114)
[info]   at org.scalatest.Suite.run$(Suite.scala:1096)
[info]   at org.scalatest.funsuite.AnyFunSuite.org$scalatest$funsuite$AnyFunSuiteLike$$super$run(AnyFunSuite.scala:1564)
[info]   at org.scalatest.funsuite.AnyFunSuiteLike.$anonfun$run$1(AnyFunSuiteLike.scala:273)
[info]   at org.scalatest.SuperEngine.runImpl(Engine.scala:535)
[info]   at org.scalatest.funsuite.AnyFunSuiteLike.run(AnyFunSuiteLike.scala:273)
[info]   at org.scalatest.funsuite.AnyFunSuiteLike.run$(AnyFunSuiteLike.scala:272)
[info]   at frameless.TypedDatasetSuite.org$scalatest$BeforeAndAfterAll$$super$run(TypedDatasetSuite.scala:63)
[info]   at org.scalatest.BeforeAndAfterAll.liftedTree1$1(BeforeAndAfterAll.scala:213)
[info]   at org.scalatest.BeforeAndAfterAll.run(BeforeAndAfterAll.scala:210)
[info]   at org.scalatest.BeforeAndAfterAll.run$(BeforeAndAfterAll.scala:208)
[info]   at frameless.TypedDatasetSuite.run(TypedDatasetSuite.scala:63)
[info]   at org.scalatest.tools.Framework.org$scalatest$tools$Framework$$runSuite(Framework.scala:321)
[info]   at org.scalatest.tools.Framework$ScalaTestTask.execute(Framework.scala:517)
[info]   at sbt.ForkMain$Run.lambda$runTest$1(ForkMain.java:414)
[info]   at java.base/java.util.concurrent.FutureTask.run(FutureTask.java:317)
[info]   at java.base/java.util.concurrent.ThreadPoolExecutor.runWorker(ThreadPoolExecutor.java:1144)
[info]   at java.base/java.util.concurrent.ThreadPoolExecutor$Worker.run(ThreadPoolExecutor.java:642)
[info]   at java.base/java.lang.Thread.run(Thread.java:1583)
[info]   Cause: java.lang.ClassCastException: Cannot cast scala.reflect.ClassTag$GenericClassTag to org.apache.spark.sql.catalyst.expressions.Expression
[info]   at java.base/java.lang.Class.cast(Class.java:4067)
[info]   at java.base/jdk.internal.reflect.DirectConstructorHandleAccessor.newInstance(DirectConstructorHandleAccessor.java:62)
[info]   at java.base/java.lang.reflect.Constructor.newInstanceWithCaller(Constructor.java:502)
[info]   at java.base/java.lang.reflect.Constructor.newInstance(Constructor.java:486)
[info]   at frameless.TypedExpressionEncoder$.$anonfun$apply$3(TypedExpressionEncoder.scala:55)
[info]   at scala.Option.map(Option.scala:242)
[info]   at frameless.TypedExpressionEncoder$.apply(TypedExpressionEncoder.scala:54)
[info]   at frameless.TypedDataset$.createUnsafe(TypedDataset.scala:1378)
[info]   at frameless.RecordEncoderTests.$anonfun$new$209(RecordEncoderTests.scala:498)
[info]   at org.scalatest.OutcomeOf.outcomeOf(OutcomeOf.scala:85)
[info]   at org.scalatest.OutcomeOf.outcomeOf$(OutcomeOf.scala:83)
[info]   at org.scalatest.OutcomeOf$.outcomeOf(OutcomeOf.scala:104)
[info]   at org.scalatest.Transformer.apply(Transformer.scala:22)
[info]   at org.scalatest.Transformer.apply(Transformer.scala:20)
[info]   at org.scalatest.funsuite.AnyFunSuiteLike$$anon$1.apply(AnyFunSuiteLike.scala:226)
[info]   at org.scalatest.TestSuite.withFixture(TestSuite.scala:196)
[info]   at org.scalatest.TestSuite.withFixture$(TestSuite.scala:195)
[info]   at org.scalatest.funsuite.AnyFunSuite.withFixture(AnyFunSuite.scala:1564)
[info]   at org.scalatest.funsuite.AnyFunSuiteLike.invokeWithFixture$1(AnyFunSuiteLike.scala:224)
[info]   at org.scalatest.funsuite.AnyFunSuiteLike.$anonfun$runTest$1(AnyFunSuiteLike.scala:236)
[info]   at org.scalatest.SuperEngine.runTestImpl(Engine.scala:306)
[info]   at org.scalatest.funsuite.AnyFunSuiteLike.runTest(AnyFunSuiteLike.scala:236)
[info]   at org.scalatest.funsuite.AnyFunSuiteLike.runTest$(AnyFunSuiteLike.scala:218)
[info]   at org.scalatest.funsuite.AnyFunSuite.runTest(AnyFunSuite.scala:1564)
[info]   at org.scalatest.funsuite.AnyFunSuiteLike.$anonfun$runTests$1(AnyFunSuiteLike.scala:269)
[info]   at org.scalatest.SuperEngine.$anonfun$runTestsInBranch$1(Engine.scala:413)
[info]   at scala.collection.immutable.List.foreach(List.scala:334)
[info]   at org.scalatest.SuperEngine.traverseSubNodes$1(Engine.scala:401)
[info]   at org.scalatest.SuperEngine.runTestsInBranch(Engine.scala:396)
[info]   at org.scalatest.SuperEngine.runTestsImpl(Engine.scala:475)
[info]   at org.scalatest.funsuite.AnyFunSuiteLike.runTests(AnyFunSuiteLike.scala:269)
[info]   at org.scalatest.funsuite.AnyFunSuiteLike.runTests$(AnyFunSuiteLike.scala:268)
[info]   at org.scalatest.funsuite.AnyFunSuite.runTests(AnyFunSuite.scala:1564)
[info]   at org.scalatest.Suite.run(Suite.scala:1114)
[info]   at org.scalatest.Suite.run$(Suite.scala:1096)
[info]   at org.scalatest.funsuite.AnyFunSuite.org$scalatest$funsuite$AnyFunSuiteLike$$super$run(AnyFunSuite.scala:1564)
[info]   at org.scalatest.funsuite.AnyFunSuiteLike.$anonfun$run$1(AnyFunSuiteLike.scala:273)
[info]   at org.scalatest.SuperEngine.runImpl(Engine.scala:535)
[info]   at org.scalatest.funsuite.AnyFunSuiteLike.run(AnyFunSuiteLike.scala:273)
[info]   at org.scalatest.funsuite.AnyFunSuiteLike.run$(AnyFunSuiteLike.scala:272)
[info]   at frameless.TypedDatasetSuite.org$scalatest$BeforeAndAfterAll$$super$run(TypedDatasetSuite.scala:63)
[info]   at org.scalatest.BeforeAndAfterAll.liftedTree1$1(BeforeAndAfterAll.scala:213)
[info]   at org.scalatest.BeforeAndAfterAll.run(BeforeAndAfterAll.scala:210)
[info]   at org.scalatest.BeforeAndAfterAll.run$(BeforeAndAfterAll.scala:208)
[info]   at frameless.TypedDatasetSuite.run(TypedDatasetSuite.scala:63)
[info]   at org.scalatest.tools.Framework.org$scalatest$tools$Framework$$runSuite(Framework.scala:321)
[info]   at org.scalatest.tools.Framework$ScalaTestTask.execute(Framework.scala:517)
[info]   at sbt.ForkMain$Run.lambda$runTest$1(ForkMain.java:414)
[info]   at java.base/java.util.concurrent.FutureTask.run(FutureTask.java:317)
[info]   at java.base/java.util.concurrent.ThreadPoolExecutor.runWorker(ThreadPoolExecutor.java:1144)
[info]   at java.base/java.util.concurrent.ThreadPoolExecutor$Worker.run(ThreadPoolExecutor.java:642)
[info]   at java.base/java.lang.Thread.run(Thread.java:1583)
[info] ToJSONTests:
[info] - toJSON *** FAILED *** (3 milliseconds)
[info]   IllegalArgumentException was thrown during property evaluation.
[info]     Message: argument type mismatch
[info]     Occurred when passed generated values (
[info]       arg0 = Vector()
[info]     )
[info]   org.scalatest.exceptions.GeneratorDrivenPropertyCheckFailedException:
[info]   at org.scalatestplus.scalacheck.CheckerAsserting$$anon$2.indicateFailure(CheckerAsserting.scala:251)
[info]   at org.scalatestplus.scalacheck.CheckerAsserting$$anon$2.indicateFailure(CheckerAsserting.scala:238)
[info]   at org.scalatestplus.scalacheck.UnitCheckerAsserting$CheckerAssertingImpl.check(CheckerAsserting.scala:160)
[info]   at org.scalatestplus.scalacheck.Checkers.check(Checkers.scala:371)
[info]   at org.scalatestplus.scalacheck.Checkers.check$(Checkers.scala:369)
[info]   at frameless.TypedDatasetSuite.check(TypedDatasetSuite.scala:63)
[info]   at frameless.ToJSONTests.$anonfun$new$1(ToJSONTests.scala:14)
[info]   at org.scalatest.OutcomeOf.outcomeOf(OutcomeOf.scala:85)
[info]   at org.scalatest.OutcomeOf.outcomeOf$(OutcomeOf.scala:83)
[info]   at org.scalatest.OutcomeOf$.outcomeOf(OutcomeOf.scala:104)
[info]   at org.scalatest.Transformer.apply(Transformer.scala:22)
[info]   at org.scalatest.Transformer.apply(Transformer.scala:20)
[info]   at org.scalatest.funsuite.AnyFunSuiteLike$$anon$1.apply(AnyFunSuiteLike.scala:226)
[info]   at org.scalatest.TestSuite.withFixture(TestSuite.scala:196)
[info]   at org.scalatest.TestSuite.withFixture$(TestSuite.scala:195)
[info]   at org.scalatest.funsuite.AnyFunSuite.withFixture(AnyFunSuite.scala:1564)
[info]   at org.scalatest.funsuite.AnyFunSuiteLike.invokeWithFixture$1(AnyFunSuiteLike.scala:224)
[info]   at org.scalatest.funsuite.AnyFunSuiteLike.$anonfun$runTest$1(AnyFunSuiteLike.scala:236)
[info]   at org.scalatest.SuperEngine.runTestImpl(Engine.scala:306)
[info]   at org.scalatest.funsuite.AnyFunSuiteLike.runTest(AnyFunSuiteLike.scala:236)
[info]   at org.scalatest.funsuite.AnyFunSuiteLike.runTest$(AnyFunSuiteLike.scala:218)
[info]   at org.scalatest.funsuite.AnyFunSuite.runTest(AnyFunSuite.scala:1564)
[info]   at org.scalatest.funsuite.AnyFunSuiteLike.$anonfun$runTests$1(AnyFunSuiteLike.scala:269)
[info]   at org.scalatest.SuperEngine.$anonfun$runTestsInBranch$1(Engine.scala:413)
[info]   at scala.collection.immutable.List.foreach(List.scala:334)
[info]   at org.scalatest.SuperEngine.traverseSubNodes$1(Engine.scala:401)
[info]   at org.scalatest.SuperEngine.runTestsInBranch(Engine.scala:396)
[info]   at org.scalatest.SuperEngine.runTestsImpl(Engine.scala:475)
[info]   at org.scalatest.funsuite.AnyFunSuiteLike.runTests(AnyFunSuiteLike.scala:269)
[info]   at org.scalatest.funsuite.AnyFunSuiteLike.runTests$(AnyFunSuiteLike.scala:268)
[info]   at org.scalatest.funsuite.AnyFunSuite.runTests(AnyFunSuite.scala:1564)
[info]   at org.scalatest.Suite.run(Suite.scala:1114)
[info]   at org.scalatest.Suite.run$(Suite.scala:1096)
[info]   at org.scalatest.funsuite.AnyFunSuite.org$scalatest$funsuite$AnyFunSuiteLike$$super$run(AnyFunSuite.scala:1564)
[info]   at org.scalatest.funsuite.AnyFunSuiteLike.$anonfun$run$1(AnyFunSuiteLike.scala:273)
[info]   at org.scalatest.SuperEngine.runImpl(Engine.scala:535)
[info]   at org.scalatest.funsuite.AnyFunSuiteLike.run(AnyFunSuiteLike.scala:273)
[info]   at org.scalatest.funsuite.AnyFunSuiteLike.run$(AnyFunSuiteLike.scala:272)
[info]   at frameless.TypedDatasetSuite.org$scalatest$BeforeAndAfterAll$$super$run(TypedDatasetSuite.scala:63)
[info]   at org.scalatest.BeforeAndAfterAll.liftedTree1$1(BeforeAndAfterAll.scala:213)
[info]   at org.scalatest.BeforeAndAfterAll.run(BeforeAndAfterAll.scala:210)
[info]   at org.scalatest.BeforeAndAfterAll.run$(BeforeAndAfterAll.scala:208)
[info]   at frameless.TypedDatasetSuite.run(TypedDatasetSuite.scala:63)
[info]   at org.scalatest.tools.Framework.org$scalatest$tools$Framework$$runSuite(Framework.scala:321)
[info]   at org.scalatest.tools.Framework$ScalaTestTask.execute(Framework.scala:517)
[info]   at sbt.ForkMain$Run.lambda$runTest$1(ForkMain.java:414)
[info]   at java.base/java.util.concurrent.FutureTask.run(FutureTask.java:317)
[info]   at java.base/java.util.concurrent.ThreadPoolExecutor.runWorker(ThreadPoolExecutor.java:1144)
[info]   at java.base/java.util.concurrent.ThreadPoolExecutor$Worker.run(ThreadPoolExecutor.java:642)
[info]   at java.base/java.lang.Thread.run(Thread.java:1583)
[info]   Cause: java.lang.IllegalArgumentException: argument type mismatch
[info]   at java.base/jdk.internal.reflect.DirectConstructorHandleAccessor.newInstance(DirectConstructorHandleAccessor.java:65)
[info]   at java.base/java.lang.reflect.Constructor.newInstanceWithCaller(Constructor.java:502)
[info]   at java.base/java.lang.reflect.Constructor.newInstance(Constructor.java:486)
[info]   at frameless.TypedExpressionEncoder$.$anonfun$apply$3(TypedExpressionEncoder.scala:55)
[info]   at scala.Option.map(Option.scala:242)
[info]   at frameless.TypedExpressionEncoder$.apply(TypedExpressionEncoder.scala:54)
[info]   at frameless.TypedDataset$.create(TypedDataset.scala:1325)
[info]   at frameless.ToJSONTests.prop$1(ToJSONTests.scala:9)
[info]   at frameless.ToJSONTests.$anonfun$new$4(ToJSONTests.scala:14)
[info]   at scala.Function1.$anonfun$andThen$1(Function1.scala:87)
[info]   at org.scalacheck.Prop$.$anonfun$forAllShrink$2(Prop.scala:868)
[info]   at org.scalacheck.Prop$.secure(Prop.scala:484)
[info]   at org.scalacheck.Prop$.result$1(Prop.scala:868)
[info]   at org.scalacheck.Prop$.$anonfun$forAllShrink$1(Prop.scala:915)
[info]   at org.scalacheck.Prop$.$anonfun$apply$1(Prop.scala:305)
[info]   at org.scalacheck.PropFromFun.apply(Prop.scala:20)
[info]   at org.scalacheck.Test$.workerFun$1(Test.scala:486)
[info]   at org.scalacheck.Test$.$anonfun$check$4(Test.scala:518)
[info]   at org.scalacheck.Test$.$anonfun$check$4$adapted(Test.scala:518)
[info]   at org.scalacheck.Platform$.runWorkers(Platform.scala:42)
[info]   at org.scalacheck.Test$.check(Test.scala:518)
[info]   at org.scalatestplus.scalacheck.UnitCheckerAsserting$CheckerAssertingImpl.check(CheckerAsserting.scala:90)
[info]   at org.scalatestplus.scalacheck.Checkers.check(Checkers.scala:371)
[info]   at org.scalatestplus.scalacheck.Checkers.check$(Checkers.scala:369)
[info]   at frameless.TypedDatasetSuite.check(TypedDatasetSuite.scala:63)
[info]   at frameless.ToJSONTests.$anonfun$new$1(ToJSONTests.scala:14)
[info]   at org.scalatest.OutcomeOf.outcomeOf(OutcomeOf.scala:85)
[info]   at org.scalatest.OutcomeOf.outcomeOf$(OutcomeOf.scala:83)
[info]   at org.scalatest.OutcomeOf$.outcomeOf(OutcomeOf.scala:104)
[info]   at org.scalatest.Transformer.apply(Transformer.scala:22)
[info]   at org.scalatest.Transformer.apply(Transformer.scala:20)
[info]   at org.scalatest.funsuite.AnyFunSuiteLike$$anon$1.apply(AnyFunSuiteLike.scala:226)
[info]   at org.scalatest.TestSuite.withFixture(TestSuite.scala:196)
[info]   at org.scalatest.TestSuite.withFixture$(TestSuite.scala:195)
[info]   at org.scalatest.funsuite.AnyFunSuite.withFixture(AnyFunSuite.scala:1564)
[info]   at org.scalatest.funsuite.AnyFunSuiteLike.invokeWithFixture$1(AnyFunSuiteLike.scala:224)
[info]   at org.scalatest.funsuite.AnyFunSuiteLike.$anonfun$runTest$1(AnyFunSuiteLike.scala:236)
[info]   at org.scalatest.SuperEngine.runTestImpl(Engine.scala:306)
[info]   at org.scalatest.funsuite.AnyFunSuiteLike.runTest(AnyFunSuiteLike.scala:236)
[info]   at org.scalatest.funsuite.AnyFunSuiteLike.runTest$(AnyFunSuiteLike.scala:218)
[info]   at org.scalatest.funsuite.AnyFunSuite.runTest(AnyFunSuite.scala:1564)
[info]   at org.scalatest.funsuite.AnyFunSuiteLike.$anonfun$runTests$1(AnyFunSuiteLike.scala:269)
[info]   at org.scalatest.SuperEngine.$anonfun$runTestsInBranch$1(Engine.scala:413)
[info]   at scala.collection.immutable.List.foreach(List.scala:334)
[info]   at org.scalatest.SuperEngine.traverseSubNodes$1(Engine.scala:401)
[info]   at org.scalatest.SuperEngine.runTestsInBranch(Engine.scala:396)
[info]   at org.scalatest.SuperEngine.runTestsImpl(Engine.scala:475)
[info]   at org.scalatest.funsuite.AnyFunSuiteLike.runTests(AnyFunSuiteLike.scala:269)
[info]   at org.scalatest.funsuite.AnyFunSuiteLike.runTests$(AnyFunSuiteLike.scala:268)
[info]   at org.scalatest.funsuite.AnyFunSuite.runTests(AnyFunSuite.scala:1564)
[info]   at org.scalatest.Suite.run(Suite.scala:1114)
[info]   at org.scalatest.Suite.run$(Suite.scala:1096)
[info]   at org.scalatest.funsuite.AnyFunSuite.org$scalatest$funsuite$AnyFunSuiteLike$$super$run(AnyFunSuite.scala:1564)
[info]   at org.scalatest.funsuite.AnyFunSuiteLike.$anonfun$run$1(AnyFunSuiteLike.scala:273)
[info]   at org.scalatest.SuperEngine.runImpl(Engine.scala:535)
[info]   at org.scalatest.funsuite.AnyFunSuiteLike.run(AnyFunSuiteLike.scala:273)
[info]   at org.scalatest.funsuite.AnyFunSuiteLike.run$(AnyFunSuiteLike.scala:272)
[info]   at frameless.TypedDatasetSuite.org$scalatest$BeforeAndAfterAll$$super$run(TypedDatasetSuite.scala:63)
[info]   at org.scalatest.BeforeAndAfterAll.liftedTree1$1(BeforeAndAfterAll.scala:213)
[info]   at org.scalatest.BeforeAndAfterAll.run(BeforeAndAfterAll.scala:210)
[info]   at org.scalatest.BeforeAndAfterAll.run$(BeforeAndAfterAll.scala:208)
[info]   at frameless.TypedDatasetSuite.run(TypedDatasetSuite.scala:63)
[info]   at org.scalatest.tools.Framework.org$scalatest$tools$Framework$$runSuite(Framework.scala:321)
[info]   at org.scalatest.tools.Framework$ScalaTestTask.execute(Framework.scala:517)
[info]   at sbt.ForkMain$Run.lambda$runTest$1(ForkMain.java:414)
[info]   at java.base/java.util.concurrent.FutureTask.run(FutureTask.java:317)
[info]   at java.base/java.util.concurrent.ThreadPoolExecutor.runWorker(ThreadPoolExecutor.java:1144)
[info]   at java.base/java.util.concurrent.ThreadPoolExecutor$Worker.run(ThreadPoolExecutor.java:642)
[info]   at java.base/java.lang.Thread.run(Thread.java:1583)
[info]   Cause: java.lang.ClassCastException: Cannot cast scala.reflect.ManifestFactory$IntManifest to org.apache.spark.sql.catalyst.expressions.Expression
[info]   at java.base/java.lang.Class.cast(Class.java:4067)
[info]   at java.base/jdk.internal.reflect.DirectConstructorHandleAccessor.newInstance(DirectConstructorHandleAccessor.java:62)
[info]   at java.base/java.lang.reflect.Constructor.newInstanceWithCaller(Constructor.java:502)
[info]   at java.base/java.lang.reflect.Constructor.newInstance(Constructor.java:486)
[info]   at frameless.TypedExpressionEncoder$.$anonfun$apply$3(TypedExpressionEncoder.scala:55)
[info]   at scala.Option.map(Option.scala:242)
[info]   at frameless.TypedExpressionEncoder$.apply(TypedExpressionEncoder.scala:54)
[info]   at frameless.TypedDataset$.create(TypedDataset.scala:1325)
[info]   at frameless.ToJSONTests.prop$1(ToJSONTests.scala:9)
[info]   at frameless.ToJSONTests.$anonfun$new$4(ToJSONTests.scala:14)
[info]   at scala.Function1.$anonfun$andThen$1(Function1.scala:87)
[info]   at org.scalacheck.Prop$.$anonfun$forAllShrink$2(Prop.scala:868)
[info]   at org.scalacheck.Prop$.secure(Prop.scala:484)
[info]   at org.scalacheck.Prop$.result$1(Prop.scala:868)
[info]   at org.scalacheck.Prop$.$anonfun$forAllShrink$1(Prop.scala:915)
[info]   at org.scalacheck.Prop$.$anonfun$apply$1(Prop.scala:305)
[info]   at org.scalacheck.PropFromFun.apply(Prop.scala:20)
[info]   at org.scalacheck.Test$.workerFun$1(Test.scala:486)
[info]   at org.scalacheck.Test$.$anonfun$check$4(Test.scala:518)
[info]   at org.scalacheck.Test$.$anonfun$check$4$adapted(Test.scala:518)
[info]   at org.scalacheck.Platform$.runWorkers(Platform.scala:42)
[info]   at org.scalacheck.Test$.check(Test.scala:518)
[info]   at org.scalatestplus.scalacheck.UnitCheckerAsserting$CheckerAssertingImpl.check(CheckerAsserting.scala:90)
[info]   at org.scalatestplus.scalacheck.Checkers.check(Checkers.scala:371)
[info]   at org.scalatestplus.scalacheck.Checkers.check$(Checkers.scala:369)
[info]   at frameless.TypedDatasetSuite.check(TypedDatasetSuite.scala:63)
[info]   at frameless.ToJSONTests.$anonfun$new$1(ToJSONTests.scala:14)
[info]   at org.scalatest.OutcomeOf.outcomeOf(OutcomeOf.scala:85)
[info]   at org.scalatest.OutcomeOf.outcomeOf$(OutcomeOf.scala:83)
[info]   at org.scalatest.OutcomeOf$.outcomeOf(OutcomeOf.scala:104)
[info]   at org.scalatest.Transformer.apply(Transformer.scala:22)
[info]   at org.scalatest.Transformer.apply(Transformer.scala:20)
[info]   at org.scalatest.funsuite.AnyFunSuiteLike$$anon$1.apply(AnyFunSuiteLike.scala:226)
[info]   at org.scalatest.TestSuite.withFixture(TestSuite.scala:196)
[info]   at org.scalatest.TestSuite.withFixture$(TestSuite.scala:195)
[info]   at org.scalatest.funsuite.AnyFunSuite.withFixture(AnyFunSuite.scala:1564)
[info]   at org.scalatest.funsuite.AnyFunSuiteLike.invokeWithFixture$1(AnyFunSuiteLike.scala:224)
[info]   at org.scalatest.funsuite.AnyFunSuiteLike.$anonfun$runTest$1(AnyFunSuiteLike.scala:236)
[info]   at org.scalatest.SuperEngine.runTestImpl(Engine.scala:306)
[info]   at org.scalatest.funsuite.AnyFunSuiteLike.runTest(AnyFunSuiteLike.scala:236)
[info]   at org.scalatest.funsuite.AnyFunSuiteLike.runTest$(AnyFunSuiteLike.scala:218)
[info]   at org.scalatest.funsuite.AnyFunSuite.runTest(AnyFunSuite.scala:1564)
[info]   at org.scalatest.funsuite.AnyFunSuiteLike.$anonfun$runTests$1(AnyFunSuiteLike.scala:269)
[info]   at org.scalatest.SuperEngine.$anonfun$runTestsInBranch$1(Engine.scala:413)
[info]   at scala.collection.immutable.List.foreach(List.scala:334)
[info]   at org.scalatest.SuperEngine.traverseSubNodes$1(Engine.scala:401)
[info]   at org.scalatest.SuperEngine.runTestsInBranch(Engine.scala:396)
[info]   at org.scalatest.SuperEngine.runTestsImpl(Engine.scala:475)
[info]   at org.scalatest.funsuite.AnyFunSuiteLike.runTests(AnyFunSuiteLike.scala:269)
[info]   at org.scalatest.funsuite.AnyFunSuiteLike.runTests$(AnyFunSuiteLike.scala:268)
[info]   at org.scalatest.funsuite.AnyFunSuite.runTests(AnyFunSuite.scala:1564)
[info]   at org.scalatest.Suite.run(Suite.scala:1114)
[info]   at org.scalatest.Suite.run$(Suite.scala:1096)
[info]   at org.scalatest.funsuite.AnyFunSuite.org$scalatest$funsuite$AnyFunSuiteLike$$super$run(AnyFunSuite.scala:1564)
[info]   at org.scalatest.funsuite.AnyFunSuiteLike.$anonfun$run$1(AnyFunSuiteLike.scala:273)
[info]   at org.scalatest.SuperEngine.runImpl(Engine.scala:535)
[info]   at org.scalatest.funsuite.AnyFunSuiteLike.run(AnyFunSuiteLike.scala:273)
[info]   at org.scalatest.funsuite.AnyFunSuiteLike.run$(AnyFunSuiteLike.scala:272)
[info]   at frameless.TypedDatasetSuite.org$scalatest$BeforeAndAfterAll$$super$run(TypedDatasetSuite.scala:63)
[info]   at org.scalatest.BeforeAndAfterAll.liftedTree1$1(BeforeAndAfterAll.scala:213)
[info]   at org.scalatest.BeforeAndAfterAll.run(BeforeAndAfterAll.scala:210)
[info]   at org.scalatest.BeforeAndAfterAll.run$(BeforeAndAfterAll.scala:208)
[info]   at frameless.TypedDatasetSuite.run(TypedDatasetSuite.scala:63)
[info]   at org.scalatest.tools.Framework.org$scalatest$tools$Framework$$runSuite(Framework.scala:321)
[info]   at org.scalatest.tools.Framework$ScalaTestTask.execute(Framework.scala:517)
[info]   at sbt.ForkMain$Run.lambda$runTest$1(ForkMain.java:414)
[info]   at java.base/java.util.concurrent.FutureTask.run(FutureTask.java:317)
[info]   at java.base/java.util.concurrent.ThreadPoolExecutor.runWorker(ThreadPoolExecutor.java:1144)
[info]   at java.base/java.util.concurrent.ThreadPoolExecutor$Worker.run(ThreadPoolExecutor.java:642)
[info]   at java.base/java.lang.Thread.run(Thread.java:1583)
[info] CollectTests:
[info] - collect() *** FAILED *** (6 milliseconds)
[info]   IllegalArgumentException was thrown during property evaluation.
[info]     Message: argument type mismatch
[info]     Occurred when passed generated values (
[info]       arg0 = Vector()
[info]     )
[info]   org.scalatest.exceptions.GeneratorDrivenPropertyCheckFailedException:
[info]   at org.scalatestplus.scalacheck.CheckerAsserting$$anon$2.indicateFailure(CheckerAsserting.scala:251)
[info]   at org.scalatestplus.scalacheck.CheckerAsserting$$anon$2.indicateFailure(CheckerAsserting.scala:238)
[info]   at org.scalatestplus.scalacheck.UnitCheckerAsserting$CheckerAssertingImpl.check(CheckerAsserting.scala:160)
[info]   at org.scalatestplus.scalacheck.Checkers.check(Checkers.scala:371)
[info]   at org.scalatestplus.scalacheck.Checkers.check$(Checkers.scala:369)
[info]   at frameless.TypedDatasetSuite.check(TypedDatasetSuite.scala:63)
[info]   at frameless.CollectTests.$anonfun$new$1(CollectTests.scala:11)
[info]   at org.scalatest.OutcomeOf.outcomeOf(OutcomeOf.scala:85)
[info]   at org.scalatest.OutcomeOf.outcomeOf$(OutcomeOf.scala:83)
[info]   at org.scalatest.OutcomeOf$.outcomeOf(OutcomeOf.scala:104)
[info]   at org.scalatest.Transformer.apply(Transformer.scala:22)
[info]   at org.scalatest.Transformer.apply(Transformer.scala:20)
[info]   at org.scalatest.funsuite.AnyFunSuiteLike$$anon$1.apply(AnyFunSuiteLike.scala:226)
[info]   at org.scalatest.TestSuite.withFixture(TestSuite.scala:196)
[info]   at org.scalatest.TestSuite.withFixture$(TestSuite.scala:195)
[info]   at org.scalatest.funsuite.AnyFunSuite.withFixture(AnyFunSuite.scala:1564)
[info]   at org.scalatest.funsuite.AnyFunSuiteLike.invokeWithFixture$1(AnyFunSuiteLike.scala:224)
[info]   at org.scalatest.funsuite.AnyFunSuiteLike.$anonfun$runTest$1(AnyFunSuiteLike.scala:236)
[info]   at org.scalatest.SuperEngine.runTestImpl(Engine.scala:306)
[info]   at org.scalatest.funsuite.AnyFunSuiteLike.runTest(AnyFunSuiteLike.scala:236)
[info]   at org.scalatest.funsuite.AnyFunSuiteLike.runTest$(AnyFunSuiteLike.scala:218)
[info]   at org.scalatest.funsuite.AnyFunSuite.runTest(AnyFunSuite.scala:1564)
[info]   at org.scalatest.funsuite.AnyFunSuiteLike.$anonfun$runTests$1(AnyFunSuiteLike.scala:269)
[info]   at org.scalatest.SuperEngine.$anonfun$runTestsInBranch$1(Engine.scala:413)
[info]   at scala.collection.immutable.List.foreach(List.scala:334)
[info]   at org.scalatest.SuperEngine.traverseSubNodes$1(Engine.scala:401)
[info]   at org.scalatest.SuperEngine.runTestsInBranch(Engine.scala:396)
[info]   at org.scalatest.SuperEngine.runTestsImpl(Engine.scala:475)
[info]   at org.scalatest.funsuite.AnyFunSuiteLike.runTests(AnyFunSuiteLike.scala:269)
[info]   at org.scalatest.funsuite.AnyFunSuiteLike.runTests$(AnyFunSuiteLike.scala:268)
[info]   at org.scalatest.funsuite.AnyFunSuite.runTests(AnyFunSuite.scala:1564)
[info]   at org.scalatest.Suite.run(Suite.scala:1114)
[info]   at org.scalatest.Suite.run$(Suite.scala:1096)
[info]   at org.scalatest.funsuite.AnyFunSuite.org$scalatest$funsuite$AnyFunSuiteLike$$super$run(AnyFunSuite.scala:1564)
[info]   at org.scalatest.funsuite.AnyFunSuiteLike.$anonfun$run$1(AnyFunSuiteLike.scala:273)
[info]   at org.scalatest.SuperEngine.runImpl(Engine.scala:535)
[info]   at org.scalatest.funsuite.AnyFunSuiteLike.run(AnyFunSuiteLike.scala:273)
[info]   at org.scalatest.funsuite.AnyFunSuiteLike.run$(AnyFunSuiteLike.scala:272)
[info]   at frameless.TypedDatasetSuite.org$scalatest$BeforeAndAfterAll$$super$run(TypedDatasetSuite.scala:63)
[info]   at org.scalatest.BeforeAndAfterAll.liftedTree1$1(BeforeAndAfterAll.scala:213)
[info]   at org.scalatest.BeforeAndAfterAll.run(BeforeAndAfterAll.scala:210)
[info]   at org.scalatest.BeforeAndAfterAll.run$(BeforeAndAfterAll.scala:208)
[info]   at frameless.TypedDatasetSuite.run(TypedDatasetSuite.scala:63)
[info]   at org.scalatest.tools.Framework.org$scalatest$tools$Framework$$runSuite(Framework.scala:321)
[info]   at org.scalatest.tools.Framework$ScalaTestTask.execute(Framework.scala:517)
[info]   at sbt.ForkMain$Run.lambda$runTest$1(ForkMain.java:414)
[info]   at java.base/java.util.concurrent.FutureTask.run(FutureTask.java:317)
[info]   at java.base/java.util.concurrent.ThreadPoolExecutor.runWorker(ThreadPoolExecutor.java:1144)
[info]   at java.base/java.util.concurrent.ThreadPoolExecutor$Worker.run(ThreadPoolExecutor.java:642)
[info]   at java.base/java.lang.Thread.run(Thread.java:1583)
[info]   Cause: java.lang.IllegalArgumentException: argument type mismatch
[info]   at java.base/jdk.internal.reflect.DirectConstructorHandleAccessor.newInstance(DirectConstructorHandleAccessor.java:65)
[info]   at java.base/java.lang.reflect.Constructor.newInstanceWithCaller(Constructor.java:502)
[info]   at java.base/java.lang.reflect.Constructor.newInstance(Constructor.java:486)
[info]   at frameless.TypedExpressionEncoder$.$anonfun$apply$3(TypedExpressionEncoder.scala:55)
[info]   at scala.Option.map(Option.scala:242)
[info]   at frameless.TypedExpressionEncoder$.apply(TypedExpressionEncoder.scala:54)
[info]   at frameless.TypedDataset$.create(TypedDataset.scala:1325)
[info]   at frameless.CollectTests$.propArray(CollectTests.scala:92)
[info]   at frameless.CollectTests.$anonfun$new$2(CollectTests.scala:11)
[info]   at scala.Function1.$anonfun$andThen$1(Function1.scala:87)
[info]   at org.scalacheck.Prop$.$anonfun$forAllShrink$2(Prop.scala:868)
[info]   at org.scalacheck.Prop$.secure(Prop.scala:484)
[info]   at org.scalacheck.Prop$.result$1(Prop.scala:868)
[info]   at org.scalacheck.Prop$.$anonfun$forAllShrink$1(Prop.scala:915)
[info]   at org.scalacheck.Prop$.$anonfun$apply$1(Prop.scala:305)
[info]   at org.scalacheck.PropFromFun.apply(Prop.scala:20)
[info]   at org.scalacheck.Test$.workerFun$1(Test.scala:486)
[info]   at org.scalacheck.Test$.$anonfun$check$4(Test.scala:518)
[info]   at org.scalacheck.Test$.$anonfun$check$4$adapted(Test.scala:518)
[info]   at org.scalacheck.Platform$.runWorkers(Platform.scala:42)
[info]   at org.scalacheck.Test$.check(Test.scala:518)
[info]   at org.scalatestplus.scalacheck.UnitCheckerAsserting$CheckerAssertingImpl.check(CheckerAsserting.scala:90)
[info]   at org.scalatestplus.scalacheck.Checkers.check(Checkers.scala:371)
[info]   at org.scalatestplus.scalacheck.Checkers.check$(Checkers.scala:369)
[info]   at frameless.TypedDatasetSuite.check(TypedDatasetSuite.scala:63)
[info]   at frameless.CollectTests.$anonfun$new$1(CollectTests.scala:11)
[info]   at org.scalatest.OutcomeOf.outcomeOf(OutcomeOf.scala:85)
[info]   at org.scalatest.OutcomeOf.outcomeOf$(OutcomeOf.scala:83)
[info]   at org.scalatest.OutcomeOf$.outcomeOf(OutcomeOf.scala:104)
[info]   at org.scalatest.Transformer.apply(Transformer.scala:22)
[info]   at org.scalatest.Transformer.apply(Transformer.scala:20)
[info]   at org.scalatest.funsuite.AnyFunSuiteLike$$anon$1.apply(AnyFunSuiteLike.scala:226)
[info]   at org.scalatest.TestSuite.withFixture(TestSuite.scala:196)
[info]   at org.scalatest.TestSuite.withFixture$(TestSuite.scala:195)
[info]   at org.scalatest.funsuite.AnyFunSuite.withFixture(AnyFunSuite.scala:1564)
[info]   at org.scalatest.funsuite.AnyFunSuiteLike.invokeWithFixture$1(AnyFunSuiteLike.scala:224)
[info]   at org.scalatest.funsuite.AnyFunSuiteLike.$anonfun$runTest$1(AnyFunSuiteLike.scala:236)
[info]   at org.scalatest.SuperEngine.runTestImpl(Engine.scala:306)
[info]   at org.scalatest.funsuite.AnyFunSuiteLike.runTest(AnyFunSuiteLike.scala:236)
[info]   at org.scalatest.funsuite.AnyFunSuiteLike.runTest$(AnyFunSuiteLike.scala:218)
[info]   at org.scalatest.funsuite.AnyFunSuite.runTest(AnyFunSuite.scala:1564)
[info]   at org.scalatest.funsuite.AnyFunSuiteLike.$anonfun$runTests$1(AnyFunSuiteLike.scala:269)
[info]   at org.scalatest.SuperEngine.$anonfun$runTestsInBranch$1(Engine.scala:413)
[info]   at scala.collection.immutable.List.foreach(List.scala:334)
[info]   at org.scalatest.SuperEngine.traverseSubNodes$1(Engine.scala:401)
[info]   at org.scalatest.SuperEngine.runTestsInBranch(Engine.scala:396)
[info]   at org.scalatest.SuperEngine.runTestsImpl(Engine.scala:475)
[info]   at org.scalatest.funsuite.AnyFunSuiteLike.runTests(AnyFunSuiteLike.scala:269)
[info]   at org.scalatest.funsuite.AnyFunSuiteLike.runTests$(AnyFunSuiteLike.scala:268)
[info]   at org.scalatest.funsuite.AnyFunSuite.runTests(AnyFunSuite.scala:1564)
[info]   at org.scalatest.Suite.run(Suite.scala:1114)
[info]   at org.scalatest.Suite.run$(Suite.scala:1096)
[info]   at org.scalatest.funsuite.AnyFunSuite.org$scalatest$funsuite$AnyFunSuiteLike$$super$run(AnyFunSuite.scala:1564)
[info]   at org.scalatest.funsuite.AnyFunSuiteLike.$anonfun$run$1(AnyFunSuiteLike.scala:273)
[info]   at org.scalatest.SuperEngine.runImpl(Engine.scala:535)
[info]   at org.scalatest.funsuite.AnyFunSuiteLike.run(AnyFunSuiteLike.scala:273)
[info]   at org.scalatest.funsuite.AnyFunSuiteLike.run$(AnyFunSuiteLike.scala:272)
[info]   at frameless.TypedDatasetSuite.org$scalatest$BeforeAndAfterAll$$super$run(TypedDatasetSuite.scala:63)
[info]   at org.scalatest.BeforeAndAfterAll.liftedTree1$1(BeforeAndAfterAll.scala:213)
[info]   at org.scalatest.BeforeAndAfterAll.run(BeforeAndAfterAll.scala:210)
[info]   at org.scalatest.BeforeAndAfterAll.run$(BeforeAndAfterAll.scala:208)
[info]   at frameless.TypedDatasetSuite.run(TypedDatasetSuite.scala:63)
[info]   at org.scalatest.tools.Framework.org$scalatest$tools$Framework$$runSuite(Framework.scala:321)
[info]   at org.scalatest.tools.Framework$ScalaTestTask.execute(Framework.scala:517)
[info]   at sbt.ForkMain$Run.lambda$runTest$1(ForkMain.java:414)
[info]   at java.base/java.util.concurrent.FutureTask.run(FutureTask.java:317)
[info]   at java.base/java.util.concurrent.ThreadPoolExecutor.runWorker(ThreadPoolExecutor.java:1144)
[info]   at java.base/java.util.concurrent.ThreadPoolExecutor$Worker.run(ThreadPoolExecutor.java:642)
[info]   at java.base/java.lang.Thread.run(Thread.java:1583)
[info]   Cause: java.lang.ClassCastException: Cannot cast scala.reflect.ClassTag$GenericClassTag to org.apache.spark.sql.catalyst.expressions.Expression
[info]   at java.base/java.lang.Class.cast(Class.java:4067)
[info]   at java.base/jdk.internal.reflect.DirectConstructorHandleAccessor.newInstance(DirectConstructorHandleAccessor.java:62)
[info]   at java.base/java.lang.reflect.Constructor.newInstanceWithCaller(Constructor.java:502)
[info]   at java.base/java.lang.reflect.Constructor.newInstance(Constructor.java:486)
[info]   at frameless.TypedExpressionEncoder$.$anonfun$apply$3(TypedExpressionEncoder.scala:55)
[info]   at scala.Option.map(Option.scala:242)
[info]   at frameless.TypedExpressionEncoder$.apply(TypedExpressionEncoder.scala:54)
[info]   at frameless.TypedDataset$.create(TypedDataset.scala:1325)
[info]   at frameless.CollectTests$.propArray(CollectTests.scala:92)
[info]   at frameless.CollectTests.$anonfun$new$2(CollectTests.scala:11)
[info]   at scala.Function1.$anonfun$andThen$1(Function1.scala:87)
[info]   at org.scalacheck.Prop$.$anonfun$forAllShrink$2(Prop.scala:868)
[info]   at org.scalacheck.Prop$.secure(Prop.scala:484)
[info]   at org.scalacheck.Prop$.result$1(Prop.scala:868)
[info]   at org.scalacheck.Prop$.$anonfun$forAllShrink$1(Prop.scala:915)
[info]   at org.scalacheck.Prop$.$anonfun$apply$1(Prop.scala:305)
[info]   at org.scalacheck.PropFromFun.apply(Prop.scala:20)
[info]   at org.scalacheck.Test$.workerFun$1(Test.scala:486)
[info]   at org.scalacheck.Test$.$anonfun$check$4(Test.scala:518)
[info]   at org.scalacheck.Test$.$anonfun$check$4$adapted(Test.scala:518)
[info]   at org.scalacheck.Platform$.runWorkers(Platform.scala:42)
[info]   at org.scalacheck.Test$.check(Test.scala:518)
[info]   at org.scalatestplus.scalacheck.UnitCheckerAsserting$CheckerAssertingImpl.check(CheckerAsserting.scala:90)
[info]   at org.scalatestplus.scalacheck.Checkers.check(Checkers.scala:371)
[info]   at org.scalatestplus.scalacheck.Checkers.check$(Checkers.scala:369)
[info]   at frameless.TypedDatasetSuite.check(TypedDatasetSuite.scala:63)
[info]   at frameless.CollectTests.$anonfun$new$1(CollectTests.scala:11)
[info]   at org.scalatest.OutcomeOf.outcomeOf(OutcomeOf.scala:85)
[info]   at org.scalatest.OutcomeOf.outcomeOf$(OutcomeOf.scala:83)
[info]   at org.scalatest.OutcomeOf$.outcomeOf(OutcomeOf.scala:104)
[info]   at org.scalatest.Transformer.apply(Transformer.scala:22)
[info]   at org.scalatest.Transformer.apply(Transformer.scala:20)
[info]   at org.scalatest.funsuite.AnyFunSuiteLike$$anon$1.apply(AnyFunSuiteLike.scala:226)
[info]   at org.scalatest.TestSuite.withFixture(TestSuite.scala:196)
[info]   at org.scalatest.TestSuite.withFixture$(TestSuite.scala:195)
[info]   at org.scalatest.funsuite.AnyFunSuite.withFixture(AnyFunSuite.scala:1564)
[info]   at org.scalatest.funsuite.AnyFunSuiteLike.invokeWithFixture$1(AnyFunSuiteLike.scala:224)
[info]   at org.scalatest.funsuite.AnyFunSuiteLike.$anonfun$runTest$1(AnyFunSuiteLike.scala:236)
[info]   at org.scalatest.SuperEngine.runTestImpl(Engine.scala:306)
[info]   at org.scalatest.funsuite.AnyFunSuiteLike.runTest(AnyFunSuiteLike.scala:236)
[info]   at org.scalatest.funsuite.AnyFunSuiteLike.runTest$(AnyFunSuiteLike.scala:218)
[info]   at org.scalatest.funsuite.AnyFunSuite.runTest(AnyFunSuite.scala:1564)
[info]   at org.scalatest.funsuite.AnyFunSuiteLike.$anonfun$runTests$1(AnyFunSuiteLike.scala:269)
[info]   at org.scalatest.SuperEngine.$anonfun$runTestsInBranch$1(Engine.scala:413)
[info]   at scala.collection.immutable.List.foreach(List.scala:334)
[info]   at org.scalatest.SuperEngine.traverseSubNodes$1(Engine.scala:401)
[info]   at org.scalatest.SuperEngine.runTestsInBranch(Engine.scala:396)
[info]   at org.scalatest.SuperEngine.runTestsImpl(Engine.scala:475)
[info]   at org.scalatest.funsuite.AnyFunSuiteLike.runTests(AnyFunSuiteLike.scala:269)
[info]   at org.scalatest.funsuite.AnyFunSuiteLike.runTests$(AnyFunSuiteLike.scala:268)
[info]   at org.scalatest.funsuite.AnyFunSuite.runTests(AnyFunSuite.scala:1564)
[info]   at org.scalatest.Suite.run(Suite.scala:1114)
[info]   at org.scalatest.Suite.run$(Suite.scala:1096)
[info]   at org.scalatest.funsuite.AnyFunSuite.org$scalatest$funsuite$AnyFunSuiteLike$$super$run(AnyFunSuite.scala:1564)
[info]   at org.scalatest.funsuite.AnyFunSuiteLike.$anonfun$run$1(AnyFunSuiteLike.scala:273)
[info]   at org.scalatest.SuperEngine.runImpl(Engine.scala:535)
[info]   at org.scalatest.funsuite.AnyFunSuiteLike.run(AnyFunSuiteLike.scala:273)
[info]   at org.scalatest.funsuite.AnyFunSuiteLike.run$(AnyFunSuiteLike.scala:272)
[info]   at frameless.TypedDatasetSuite.org$scalatest$BeforeAndAfterAll$$super$run(TypedDatasetSuite.scala:63)
[info]   at org.scalatest.BeforeAndAfterAll.liftedTree1$1(BeforeAndAfterAll.scala:213)
[info]   at org.scalatest.BeforeAndAfterAll.run(BeforeAndAfterAll.scala:210)
[info]   at org.scalatest.BeforeAndAfterAll.run$(BeforeAndAfterAll.scala:208)
[info]   at frameless.TypedDatasetSuite.run(TypedDatasetSuite.scala:63)
[info]   at org.scalatest.tools.Framework.org$scalatest$tools$Framework$$runSuite(Framework.scala:321)
[info]   at org.scalatest.tools.Framework$ScalaTestTask.execute(Framework.scala:517)
[info]   at sbt.ForkMain$Run.lambda$runTest$1(ForkMain.java:414)
[info]   at java.base/java.util.concurrent.FutureTask.run(FutureTask.java:317)
[info]   at java.base/java.util.concurrent.ThreadPoolExecutor.runWorker(ThreadPoolExecutor.java:1144)
[info]   at java.base/java.util.concurrent.ThreadPoolExecutor$Worker.run(ThreadPoolExecutor.java:642)
[info]   at java.base/java.lang.Thread.run(Thread.java:1583)
[info] ColumnViaLambdaTests:
[info] - col(_.a) *** FAILED *** (6 milliseconds)
[info]   java.lang.NoSuchMethodException: org.apache.spark.sql.Column.expr()
[info]   at java.base/java.lang.Class.getMethod(Class.java:2395)
[info]   at org.apache.spark.sql.FramelessInternals$.expr(FramelessInternals.scala:53)
[info]   at frameless.ColumnViaLambdaTests.$anonfun$new$1(ColumnViaLambdaTests.scala:20)
[info]   at org.scalatest.OutcomeOf.outcomeOf(OutcomeOf.scala:85)
[info]   at org.scalatest.OutcomeOf.outcomeOf$(OutcomeOf.scala:83)
[info]   at org.scalatest.OutcomeOf$.outcomeOf(OutcomeOf.scala:104)
[info]   at org.scalatest.Transformer.apply(Transformer.scala:22)
[info]   at org.scalatest.Transformer.apply(Transformer.scala:20)
[info]   at org.scalatest.funsuite.AnyFunSuiteLike$$anon$1.apply(AnyFunSuiteLike.scala:226)
[info]   at org.scalatest.TestSuite.withFixture(TestSuite.scala:196)
[info]   at org.scalatest.TestSuite.withFixture$(TestSuite.scala:195)
[info]   at org.scalatest.funsuite.AnyFunSuite.withFixture(AnyFunSuite.scala:1564)
[info]   at org.scalatest.funsuite.AnyFunSuiteLike.invokeWithFixture$1(AnyFunSuiteLike.scala:224)
[info]   at org.scalatest.funsuite.AnyFunSuiteLike.$anonfun$runTest$1(AnyFunSuiteLike.scala:236)
[info]   at org.scalatest.SuperEngine.runTestImpl(Engine.scala:306)
[info]   at org.scalatest.funsuite.AnyFunSuiteLike.runTest(AnyFunSuiteLike.scala:236)
[info]   at org.scalatest.funsuite.AnyFunSuiteLike.runTest$(AnyFunSuiteLike.scala:218)
[info]   at org.scalatest.funsuite.AnyFunSuite.runTest(AnyFunSuite.scala:1564)
[info]   at org.scalatest.funsuite.AnyFunSuiteLike.$anonfun$runTests$1(AnyFunSuiteLike.scala:269)
[info]   at org.scalatest.SuperEngine.$anonfun$runTestsInBranch$1(Engine.scala:413)
[info]   at scala.collection.immutable.List.foreach(List.scala:334)
[info]   at org.scalatest.SuperEngine.traverseSubNodes$1(Engine.scala:401)
[info]   at org.scalatest.SuperEngine.runTestsInBranch(Engine.scala:396)
[info]   at org.scalatest.SuperEngine.runTestsImpl(Engine.scala:475)
[info]   at org.scalatest.funsuite.AnyFunSuiteLike.runTests(AnyFunSuiteLike.scala:269)
[info]   at org.scalatest.funsuite.AnyFunSuiteLike.runTests$(AnyFunSuiteLike.scala:268)
[info]   at org.scalatest.funsuite.AnyFunSuite.runTests(AnyFunSuite.scala:1564)
[info]   at org.scalatest.Suite.run(Suite.scala:1114)
[info]   at org.scalatest.Suite.run$(Suite.scala:1096)
[info]   at org.scalatest.funsuite.AnyFunSuite.org$scalatest$funsuite$AnyFunSuiteLike$$super$run(AnyFunSuite.scala:1564)
[info]   at org.scalatest.funsuite.AnyFunSuiteLike.$anonfun$run$1(AnyFunSuiteLike.scala:273)
[info]   at org.scalatest.SuperEngine.runImpl(Engine.scala:535)
[info]   at org.scalatest.funsuite.AnyFunSuiteLike.run(AnyFunSuiteLike.scala:273)
[info]   at org.scalatest.funsuite.AnyFunSuiteLike.run$(AnyFunSuiteLike.scala:272)
[info]   at frameless.TypedDatasetSuite.org$scalatest$BeforeAndAfterAll$$super$run(TypedDatasetSuite.scala:63)
[info]   at org.scalatest.BeforeAndAfterAll.liftedTree1$1(BeforeAndAfterAll.scala:213)
[info]   at org.scalatest.BeforeAndAfterAll.run(BeforeAndAfterAll.scala:210)
[info]   at org.scalatest.BeforeAndAfterAll.run$(BeforeAndAfterAll.scala:208)
[info]   at frameless.TypedDatasetSuite.run(TypedDatasetSuite.scala:63)
[info]   at org.scalatest.tools.Framework.org$scalatest$tools$Framework$$runSuite(Framework.scala:321)
[info]   at org.scalatest.tools.Framework$ScalaTestTask.execute(Framework.scala:517)
[info]   at sbt.ForkMain$Run.lambda$runTest$1(ForkMain.java:414)
[info]   at java.base/java.util.concurrent.FutureTask.run(FutureTask.java:317)
[info]   at java.base/java.util.concurrent.ThreadPoolExecutor.runWorker(ThreadPoolExecutor.java:1144)
[info]   at java.base/java.util.concurrent.ThreadPoolExecutor$Worker.run(ThreadPoolExecutor.java:642)
[info]   at java.base/java.lang.Thread.run(Thread.java:1583)
[info] - col(x => x.a *** FAILED *** (0 milliseconds)
[info]   java.lang.NoSuchMethodException: org.apache.spark.sql.Column.expr()
[info]   at java.base/java.lang.Class.getMethod(Class.java:2395)
[info]   at org.apache.spark.sql.FramelessInternals$.expr(FramelessInternals.scala:53)
[info]   at frameless.ColumnViaLambdaTests.$anonfun$new$2(ColumnViaLambdaTests.scala:26)
[info]   at org.scalatest.OutcomeOf.outcomeOf(OutcomeOf.scala:85)
[info]   at org.scalatest.OutcomeOf.outcomeOf$(OutcomeOf.scala:83)
[info]   at org.scalatest.OutcomeOf$.outcomeOf(OutcomeOf.scala:104)
[info]   at org.scalatest.Transformer.apply(Transformer.scala:22)
[info]   at org.scalatest.Transformer.apply(Transformer.scala:20)
[info]   at org.scalatest.funsuite.AnyFunSuiteLike$$anon$1.apply(AnyFunSuiteLike.scala:226)
[info]   at org.scalatest.TestSuite.withFixture(TestSuite.scala:196)
[info]   at org.scalatest.TestSuite.withFixture$(TestSuite.scala:195)
[info]   at org.scalatest.funsuite.AnyFunSuite.withFixture(AnyFunSuite.scala:1564)
[info]   at org.scalatest.funsuite.AnyFunSuiteLike.invokeWithFixture$1(AnyFunSuiteLike.scala:224)
[info]   at org.scalatest.funsuite.AnyFunSuiteLike.$anonfun$runTest$1(AnyFunSuiteLike.scala:236)
[info]   at org.scalatest.SuperEngine.runTestImpl(Engine.scala:306)
[info]   at org.scalatest.funsuite.AnyFunSuiteLike.runTest(AnyFunSuiteLike.scala:236)
[info]   at org.scalatest.funsuite.AnyFunSuiteLike.runTest$(AnyFunSuiteLike.scala:218)
[info]   at org.scalatest.funsuite.AnyFunSuite.runTest(AnyFunSuite.scala:1564)
[info]   at org.scalatest.funsuite.AnyFunSuiteLike.$anonfun$runTests$1(AnyFunSuiteLike.scala:269)
[info]   at org.scalatest.SuperEngine.$anonfun$runTestsInBranch$1(Engine.scala:413)
[info]   at scala.collection.immutable.List.foreach(List.scala:334)
[info]   at org.scalatest.SuperEngine.traverseSubNodes$1(Engine.scala:401)
[info]   at org.scalatest.SuperEngine.runTestsInBranch(Engine.scala:396)
[info]   at org.scalatest.SuperEngine.runTestsImpl(Engine.scala:475)
[info]   at org.scalatest.funsuite.AnyFunSuiteLike.runTests(AnyFunSuiteLike.scala:269)
[info]   at org.scalatest.funsuite.AnyFunSuiteLike.runTests$(AnyFunSuiteLike.scala:268)
[info]   at org.scalatest.funsuite.AnyFunSuite.runTests(AnyFunSuite.scala:1564)
[info]   at org.scalatest.Suite.run(Suite.scala:1114)
[info]   at org.scalatest.Suite.run$(Suite.scala:1096)
[info]   at org.scalatest.funsuite.AnyFunSuite.org$scalatest$funsuite$AnyFunSuiteLike$$super$run(AnyFunSuite.scala:1564)
[info]   at org.scalatest.funsuite.AnyFunSuiteLike.$anonfun$run$1(AnyFunSuiteLike.scala:273)
[info]   at org.scalatest.SuperEngine.runImpl(Engine.scala:535)
[info]   at org.scalatest.funsuite.AnyFunSuiteLike.run(AnyFunSuiteLike.scala:273)
[info]   at org.scalatest.funsuite.AnyFunSuiteLike.run$(AnyFunSuiteLike.scala:272)
[info]   at frameless.TypedDatasetSuite.org$scalatest$BeforeAndAfterAll$$super$run(TypedDatasetSuite.scala:63)
[info]   at org.scalatest.BeforeAndAfterAll.liftedTree1$1(BeforeAndAfterAll.scala:213)
[info]   at org.scalatest.BeforeAndAfterAll.run(BeforeAndAfterAll.scala:210)
[info]   at org.scalatest.BeforeAndAfterAll.run$(BeforeAndAfterAll.scala:208)
[info]   at frameless.TypedDatasetSuite.run(TypedDatasetSuite.scala:63)
[info]   at org.scalatest.tools.Framework.org$scalatest$tools$Framework$$runSuite(Framework.scala:321)
[info]   at org.scalatest.tools.Framework$ScalaTestTask.execute(Framework.scala:517)
[info]   at sbt.ForkMain$Run.lambda$runTest$1(ForkMain.java:414)
[info]   at java.base/java.util.concurrent.FutureTask.run(FutureTask.java:317)
[info]   at java.base/java.util.concurrent.ThreadPoolExecutor.runWorker(ThreadPoolExecutor.java:1144)
[info]   at java.base/java.util.concurrent.ThreadPoolExecutor$Worker.run(ThreadPoolExecutor.java:642)
[info]   at java.base/java.lang.Thread.run(Thread.java:1583)
[info] - col((x: MyClass1) => x.a *** FAILED *** (0 milliseconds)
[info]   java.lang.NoSuchMethodException: org.apache.spark.sql.Column.expr()
[info]   at java.base/java.lang.Class.getMethod(Class.java:2395)
[info]   at org.apache.spark.sql.FramelessInternals$.expr(FramelessInternals.scala:53)
[info]   at frameless.ColumnViaLambdaTests.$anonfun$new$3(ColumnViaLambdaTests.scala:32)
[info]   at org.scalatest.OutcomeOf.outcomeOf(OutcomeOf.scala:85)
[info]   at org.scalatest.OutcomeOf.outcomeOf$(OutcomeOf.scala:83)
[info]   at org.scalatest.OutcomeOf$.outcomeOf(OutcomeOf.scala:104)
[info]   at org.scalatest.Transformer.apply(Transformer.scala:22)
[info]   at org.scalatest.Transformer.apply(Transformer.scala:20)
[info]   at org.scalatest.funsuite.AnyFunSuiteLike$$anon$1.apply(AnyFunSuiteLike.scala:226)
[info]   at org.scalatest.TestSuite.withFixture(TestSuite.scala:196)
[info]   at org.scalatest.TestSuite.withFixture$(TestSuite.scala:195)
[info]   at org.scalatest.funsuite.AnyFunSuite.withFixture(AnyFunSuite.scala:1564)
[info]   at org.scalatest.funsuite.AnyFunSuiteLike.invokeWithFixture$1(AnyFunSuiteLike.scala:224)
[info]   at org.scalatest.funsuite.AnyFunSuiteLike.$anonfun$runTest$1(AnyFunSuiteLike.scala:236)
[info]   at org.scalatest.SuperEngine.runTestImpl(Engine.scala:306)
[info]   at org.scalatest.funsuite.AnyFunSuiteLike.runTest(AnyFunSuiteLike.scala:236)
[info]   at org.scalatest.funsuite.AnyFunSuiteLike.runTest$(AnyFunSuiteLike.scala:218)
[info]   at org.scalatest.funsuite.AnyFunSuite.runTest(AnyFunSuite.scala:1564)
[info]   at org.scalatest.funsuite.AnyFunSuiteLike.$anonfun$runTests$1(AnyFunSuiteLike.scala:269)
[info]   at org.scalatest.SuperEngine.$anonfun$runTestsInBranch$1(Engine.scala:413)
[info]   at scala.collection.immutable.List.foreach(List.scala:334)
[info]   at org.scalatest.SuperEngine.traverseSubNodes$1(Engine.scala:401)
[info]   at org.scalatest.SuperEngine.runTestsInBranch(Engine.scala:396)
[info]   at org.scalatest.SuperEngine.runTestsImpl(Engine.scala:475)
[info]   at org.scalatest.funsuite.AnyFunSuiteLike.runTests(AnyFunSuiteLike.scala:269)
[info]   at org.scalatest.funsuite.AnyFunSuiteLike.runTests$(AnyFunSuiteLike.scala:268)
[info]   at org.scalatest.funsuite.AnyFunSuite.runTests(AnyFunSuite.scala:1564)
[info]   at org.scalatest.Suite.run(Suite.scala:1114)
[info]   at org.scalatest.Suite.run$(Suite.scala:1096)
[info]   at org.scalatest.funsuite.AnyFunSuite.org$scalatest$funsuite$AnyFunSuiteLike$$super$run(AnyFunSuite.scala:1564)
[info]   at org.scalatest.funsuite.AnyFunSuiteLike.$anonfun$run$1(AnyFunSuiteLike.scala:273)
[info]   at org.scalatest.SuperEngine.runImpl(Engine.scala:535)
[info]   at org.scalatest.funsuite.AnyFunSuiteLike.run(AnyFunSuiteLike.scala:273)
[info]   at org.scalatest.funsuite.AnyFunSuiteLike.run$(AnyFunSuiteLike.scala:272)
[info]   at frameless.TypedDatasetSuite.org$scalatest$BeforeAndAfterAll$$super$run(TypedDatasetSuite.scala:63)
[info]   at org.scalatest.BeforeAndAfterAll.liftedTree1$1(BeforeAndAfterAll.scala:213)
[info]   at org.scalatest.BeforeAndAfterAll.run(BeforeAndAfterAll.scala:210)
[info]   at org.scalatest.BeforeAndAfterAll.run$(BeforeAndAfterAll.scala:208)
[info]   at frameless.TypedDatasetSuite.run(TypedDatasetSuite.scala:63)
[info]   at org.scalatest.tools.Framework.org$scalatest$tools$Framework$$runSuite(Framework.scala:321)
[info]   at org.scalatest.tools.Framework$ScalaTestTask.execute(Framework.scala:517)
[info]   at sbt.ForkMain$Run.lambda$runTest$1(ForkMain.java:414)
[info]   at java.base/java.util.concurrent.FutureTask.run(FutureTask.java:317)
[info]   at java.base/java.util.concurrent.ThreadPoolExecutor.runWorker(ThreadPoolExecutor.java:1144)
[info]   at java.base/java.util.concurrent.ThreadPoolExecutor$Worker.run(ThreadPoolExecutor.java:642)
[info]   at java.base/java.lang.Thread.run(Thread.java:1583)
[info] - col((x: MyClass1) => x.c.e.f *** FAILED *** (0 milliseconds)
[info]   java.lang.NoSuchMethodException: org.apache.spark.sql.Column.expr()
[info]   at java.base/java.lang.Class.getMethod(Class.java:2395)
[info]   at org.apache.spark.sql.FramelessInternals$.expr(FramelessInternals.scala:53)
[info]   at frameless.ColumnViaLambdaTests.$anonfun$new$4(ColumnViaLambdaTests.scala:38)
[info]   at org.scalatest.OutcomeOf.outcomeOf(OutcomeOf.scala:85)
[info]   at org.scalatest.OutcomeOf.outcomeOf$(OutcomeOf.scala:83)
[info]   at org.scalatest.OutcomeOf$.outcomeOf(OutcomeOf.scala:104)
[info]   at org.scalatest.Transformer.apply(Transformer.scala:22)
[info]   at org.scalatest.Transformer.apply(Transformer.scala:20)
[info]   at org.scalatest.funsuite.AnyFunSuiteLike$$anon$1.apply(AnyFunSuiteLike.scala:226)
[info]   at org.scalatest.TestSuite.withFixture(TestSuite.scala:196)
[info]   at org.scalatest.TestSuite.withFixture$(TestSuite.scala:195)
[info]   at org.scalatest.funsuite.AnyFunSuite.withFixture(AnyFunSuite.scala:1564)
[info]   at org.scalatest.funsuite.AnyFunSuiteLike.invokeWithFixture$1(AnyFunSuiteLike.scala:224)
[info]   at org.scalatest.funsuite.AnyFunSuiteLike.$anonfun$runTest$1(AnyFunSuiteLike.scala:236)
[info]   at org.scalatest.SuperEngine.runTestImpl(Engine.scala:306)
[info]   at org.scalatest.funsuite.AnyFunSuiteLike.runTest(AnyFunSuiteLike.scala:236)
[info]   at org.scalatest.funsuite.AnyFunSuiteLike.runTest$(AnyFunSuiteLike.scala:218)
[info]   at org.scalatest.funsuite.AnyFunSuite.runTest(AnyFunSuite.scala:1564)
[info]   at org.scalatest.funsuite.AnyFunSuiteLike.$anonfun$runTests$1(AnyFunSuiteLike.scala:269)
[info]   at org.scalatest.SuperEngine.$anonfun$runTestsInBranch$1(Engine.scala:413)
[info]   at scala.collection.immutable.List.foreach(List.scala:334)
[info]   at org.scalatest.SuperEngine.traverseSubNodes$1(Engine.scala:401)
[info]   at org.scalatest.SuperEngine.runTestsInBranch(Engine.scala:396)
[info]   at org.scalatest.SuperEngine.runTestsImpl(Engine.scala:475)
[info]   at org.scalatest.funsuite.AnyFunSuiteLike.runTests(AnyFunSuiteLike.scala:269)
[info]   at org.scalatest.funsuite.AnyFunSuiteLike.runTests$(AnyFunSuiteLike.scala:268)
[info]   at org.scalatest.funsuite.AnyFunSuite.runTests(AnyFunSuite.scala:1564)
[info]   at org.scalatest.Suite.run(Suite.scala:1114)
[info]   at org.scalatest.Suite.run$(Suite.scala:1096)
[info]   at org.scalatest.funsuite.AnyFunSuite.org$scalatest$funsuite$AnyFunSuiteLike$$super$run(AnyFunSuite.scala:1564)
[info]   at org.scalatest.funsuite.AnyFunSuiteLike.$anonfun$run$1(AnyFunSuiteLike.scala:273)
[info]   at org.scalatest.SuperEngine.runImpl(Engine.scala:535)
[info]   at org.scalatest.funsuite.AnyFunSuiteLike.run(AnyFunSuiteLike.scala:273)
[info]   at org.scalatest.funsuite.AnyFunSuiteLike.run$(AnyFunSuiteLike.scala:272)
[info]   at frameless.TypedDatasetSuite.org$scalatest$BeforeAndAfterAll$$super$run(TypedDatasetSuite.scala:63)
[info]   at org.scalatest.BeforeAndAfterAll.liftedTree1$1(BeforeAndAfterAll.scala:213)
[info]   at org.scalatest.BeforeAndAfterAll.run(BeforeAndAfterAll.scala:210)
[info]   at org.scalatest.BeforeAndAfterAll.run$(BeforeAndAfterAll.scala:208)
[info]   at frameless.TypedDatasetSuite.run(TypedDatasetSuite.scala:63)
[info]   at org.scalatest.tools.Framework.org$scalatest$tools$Framework$$runSuite(Framework.scala:321)
[info]   at org.scalatest.tools.Framework$ScalaTestTask.execute(Framework.scala:517)
[info]   at sbt.ForkMain$Run.lambda$runTest$1(ForkMain.java:414)
[info]   at java.base/java.util.concurrent.FutureTask.run(FutureTask.java:317)
[info]   at java.base/java.util.concurrent.ThreadPoolExecutor.runWorker(ThreadPoolExecutor.java:1144)
[info]   at java.base/java.util.concurrent.ThreadPoolExecutor$Worker.run(ThreadPoolExecutor.java:642)
[info]   at java.base/java.lang.Thread.run(Thread.java:1583)
[info] - col(_.c.d) *** FAILED *** (0 milliseconds)
[info]   java.lang.NoSuchMethodException: org.apache.spark.sql.Column.expr()
[info]   at java.base/java.lang.Class.getMethod(Class.java:2395)
[info]   at org.apache.spark.sql.FramelessInternals$.expr(FramelessInternals.scala:53)
[info]   at frameless.ColumnViaLambdaTests.$anonfun$new$5(ColumnViaLambdaTests.scala:44)
[info]   at org.scalatest.OutcomeOf.outcomeOf(OutcomeOf.scala:85)
[info]   at org.scalatest.OutcomeOf.outcomeOf$(OutcomeOf.scala:83)
[info]   at org.scalatest.OutcomeOf$.outcomeOf(OutcomeOf.scala:104)
[info]   at org.scalatest.Transformer.apply(Transformer.scala:22)
[info]   at org.scalatest.Transformer.apply(Transformer.scala:20)
[info]   at org.scalatest.funsuite.AnyFunSuiteLike$$anon$1.apply(AnyFunSuiteLike.scala:226)
[info]   at org.scalatest.TestSuite.withFixture(TestSuite.scala:196)
[info]   at org.scalatest.TestSuite.withFixture$(TestSuite.scala:195)
[info]   at org.scalatest.funsuite.AnyFunSuite.withFixture(AnyFunSuite.scala:1564)
[info]   at org.scalatest.funsuite.AnyFunSuiteLike.invokeWithFixture$1(AnyFunSuiteLike.scala:224)
[info]   at org.scalatest.funsuite.AnyFunSuiteLike.$anonfun$runTest$1(AnyFunSuiteLike.scala:236)
[info]   at org.scalatest.SuperEngine.runTestImpl(Engine.scala:306)
[info]   at org.scalatest.funsuite.AnyFunSuiteLike.runTest(AnyFunSuiteLike.scala:236)
[info]   at org.scalatest.funsuite.AnyFunSuiteLike.runTest$(AnyFunSuiteLike.scala:218)
[info]   at org.scalatest.funsuite.AnyFunSuite.runTest(AnyFunSuite.scala:1564)
[info]   at org.scalatest.funsuite.AnyFunSuiteLike.$anonfun$runTests$1(AnyFunSuiteLike.scala:269)
[info]   at org.scalatest.SuperEngine.$anonfun$runTestsInBranch$1(Engine.scala:413)
[info]   at scala.collection.immutable.List.foreach(List.scala:334)
[info]   at org.scalatest.SuperEngine.traverseSubNodes$1(Engine.scala:401)
[info]   at org.scalatest.SuperEngine.runTestsInBranch(Engine.scala:396)
[info]   at org.scalatest.SuperEngine.runTestsImpl(Engine.scala:475)
[info]   at org.scalatest.funsuite.AnyFunSuiteLike.runTests(AnyFunSuiteLike.scala:269)
[info]   at org.scalatest.funsuite.AnyFunSuiteLike.runTests$(AnyFunSuiteLike.scala:268)
[info]   at org.scalatest.funsuite.AnyFunSuite.runTests(AnyFunSuite.scala:1564)
[info]   at org.scalatest.Suite.run(Suite.scala:1114)
[info]   at org.scalatest.Suite.run$(Suite.scala:1096)
[info]   at org.scalatest.funsuite.AnyFunSuite.org$scalatest$funsuite$AnyFunSuiteLike$$super$run(AnyFunSuite.scala:1564)
[info]   at org.scalatest.funsuite.AnyFunSuiteLike.$anonfun$run$1(AnyFunSuiteLike.scala:273)
[info]   at org.scalatest.SuperEngine.runImpl(Engine.scala:535)
[info]   at org.scalatest.funsuite.AnyFunSuiteLike.run(AnyFunSuiteLike.scala:273)
[info]   at org.scalatest.funsuite.AnyFunSuiteLike.run$(AnyFunSuiteLike.scala:272)
[info]   at frameless.TypedDatasetSuite.org$scalatest$BeforeAndAfterAll$$super$run(TypedDatasetSuite.scala:63)
[info]   at org.scalatest.BeforeAndAfterAll.liftedTree1$1(BeforeAndAfterAll.scala:213)
[info]   at org.scalatest.BeforeAndAfterAll.run(BeforeAndAfterAll.scala:210)
[info]   at org.scalatest.BeforeAndAfterAll.run$(BeforeAndAfterAll.scala:208)
[info]   at frameless.TypedDatasetSuite.run(TypedDatasetSuite.scala:63)
[info]   at org.scalatest.tools.Framework.org$scalatest$tools$Framework$$runSuite(Framework.scala:321)
[info]   at org.scalatest.tools.Framework$ScalaTestTask.execute(Framework.scala:517)
[info]   at sbt.ForkMain$Run.lambda$runTest$1(ForkMain.java:414)
[info]   at java.base/java.util.concurrent.FutureTask.run(FutureTask.java:317)
[info]   at java.base/java.util.concurrent.ThreadPoolExecutor.runWorker(ThreadPoolExecutor.java:1144)
[info]   at java.base/java.util.concurrent.ThreadPoolExecutor$Worker.run(ThreadPoolExecutor.java:642)
[info]   at java.base/java.lang.Thread.run(Thread.java:1583)
[info] - col(_.c.e.f) *** FAILED *** (1 millisecond)
[info]   java.lang.NoSuchMethodException: org.apache.spark.sql.Column.expr()
[info]   at java.base/java.lang.Class.getMethod(Class.java:2395)
[info]   at org.apache.spark.sql.FramelessInternals$.expr(FramelessInternals.scala:53)
[info]   at frameless.ColumnViaLambdaTests.$anonfun$new$6(ColumnViaLambdaTests.scala:50)
[info]   at org.scalatest.OutcomeOf.outcomeOf(OutcomeOf.scala:85)
[info]   at org.scalatest.OutcomeOf.outcomeOf$(OutcomeOf.scala:83)
[info]   at org.scalatest.OutcomeOf$.outcomeOf(OutcomeOf.scala:104)
[info]   at org.scalatest.Transformer.apply(Transformer.scala:22)
[info]   at org.scalatest.Transformer.apply(Transformer.scala:20)
[info]   at org.scalatest.funsuite.AnyFunSuiteLike$$anon$1.apply(AnyFunSuiteLike.scala:226)
[info]   at org.scalatest.TestSuite.withFixture(TestSuite.scala:196)
[info]   at org.scalatest.TestSuite.withFixture$(TestSuite.scala:195)
[info]   at org.scalatest.funsuite.AnyFunSuite.withFixture(AnyFunSuite.scala:1564)
[info]   at org.scalatest.funsuite.AnyFunSuiteLike.invokeWithFixture$1(AnyFunSuiteLike.scala:224)
[info]   at org.scalatest.funsuite.AnyFunSuiteLike.$anonfun$runTest$1(AnyFunSuiteLike.scala:236)
[info]   at org.scalatest.SuperEngine.runTestImpl(Engine.scala:306)
[info]   at org.scalatest.funsuite.AnyFunSuiteLike.runTest(AnyFunSuiteLike.scala:236)
[info]   at org.scalatest.funsuite.AnyFunSuiteLike.runTest$(AnyFunSuiteLike.scala:218)
[info]   at org.scalatest.funsuite.AnyFunSuite.runTest(AnyFunSuite.scala:1564)
[info]   at org.scalatest.funsuite.AnyFunSuiteLike.$anonfun$runTests$1(AnyFunSuiteLike.scala:269)
[info]   at org.scalatest.SuperEngine.$anonfun$runTestsInBranch$1(Engine.scala:413)
[info]   at scala.collection.immutable.List.foreach(List.scala:334)
[info]   at org.scalatest.SuperEngine.traverseSubNodes$1(Engine.scala:401)
[info]   at org.scalatest.SuperEngine.runTestsInBranch(Engine.scala:396)
[info]   at org.scalatest.SuperEngine.runTestsImpl(Engine.scala:475)
[info]   at org.scalatest.funsuite.AnyFunSuiteLike.runTests(AnyFunSuiteLike.scala:269)
[info]   at org.scalatest.funsuite.AnyFunSuiteLike.runTests$(AnyFunSuiteLike.scala:268)
[info]   at org.scalatest.funsuite.AnyFunSuite.runTests(AnyFunSuite.scala:1564)
[info]   at org.scalatest.Suite.run(Suite.scala:1114)
[info]   at org.scalatest.Suite.run$(Suite.scala:1096)
[info]   at org.scalatest.funsuite.AnyFunSuite.org$scalatest$funsuite$AnyFunSuiteLike$$super$run(AnyFunSuite.scala:1564)
[info]   at org.scalatest.funsuite.AnyFunSuiteLike.$anonfun$run$1(AnyFunSuiteLike.scala:273)
[info]   at org.scalatest.SuperEngine.runImpl(Engine.scala:535)
[info]   at org.scalatest.funsuite.AnyFunSuiteLike.run(AnyFunSuiteLike.scala:273)
[info]   at org.scalatest.funsuite.AnyFunSuiteLike.run$(AnyFunSuiteLike.scala:272)
[info]   at frameless.TypedDatasetSuite.org$scalatest$BeforeAndAfterAll$$super$run(TypedDatasetSuite.scala:63)
[info]   at org.scalatest.BeforeAndAfterAll.liftedTree1$1(BeforeAndAfterAll.scala:213)
[info]   at org.scalatest.BeforeAndAfterAll.run(BeforeAndAfterAll.scala:210)
[info]   at org.scalatest.BeforeAndAfterAll.run$(BeforeAndAfterAll.scala:208)
[info]   at frameless.TypedDatasetSuite.run(TypedDatasetSuite.scala:63)
[info]   at org.scalatest.tools.Framework.org$scalatest$tools$Framework$$runSuite(Framework.scala:321)
[info]   at org.scalatest.tools.Framework$ScalaTestTask.execute(Framework.scala:517)
[info]   at sbt.ForkMain$Run.lambda$runTest$1(ForkMain.java:414)
[info]   at java.base/java.util.concurrent.FutureTask.run(FutureTask.java:317)
[info]   at java.base/java.util.concurrent.ThreadPoolExecutor.runWorker(ThreadPoolExecutor.java:1144)
[info]   at java.base/java.util.concurrent.ThreadPoolExecutor$Worker.run(ThreadPoolExecutor.java:642)
[info]   at java.base/java.lang.Thread.run(Thread.java:1583)
[info] - col(_.c.d) as int does not compile (is long) (0 milliseconds)
[info] - col(_.g.h does not compile *** FAILED *** (1 millisecond)
[info]   java.lang.NoSuchMethodException: org.apache.spark.sql.Column.expr()
[info]   at java.base/java.lang.Class.getMethod(Class.java:2395)
[info]   at org.apache.spark.sql.FramelessInternals$.expr(FramelessInternals.scala:53)
[info]   at frameless.ColumnViaLambdaTests.$anonfun$new$8(ColumnViaLambdaTests.scala:60)
[info]   at scala.runtime.java8.JFunction0$mcV$sp.apply(JFunction0$mcV$sp.scala:18)
[info]   at org.scalatest.OutcomeOf.outcomeOf(OutcomeOf.scala:85)
[info]   at org.scalatest.OutcomeOf.outcomeOf$(OutcomeOf.scala:83)
[info]   at org.scalatest.OutcomeOf$.outcomeOf(OutcomeOf.scala:104)
[info]   at org.scalatest.Transformer.apply(Transformer.scala:22)
[info]   at org.scalatest.Transformer.apply(Transformer.scala:20)
[info]   at org.scalatest.funsuite.AnyFunSuiteLike$$anon$1.apply(AnyFunSuiteLike.scala:226)
[info]   at org.scalatest.TestSuite.withFixture(TestSuite.scala:196)
[info]   at org.scalatest.TestSuite.withFixture$(TestSuite.scala:195)
[info]   at org.scalatest.funsuite.AnyFunSuite.withFixture(AnyFunSuite.scala:1564)
[info]   at org.scalatest.funsuite.AnyFunSuiteLike.invokeWithFixture$1(AnyFunSuiteLike.scala:224)
[info]   at org.scalatest.funsuite.AnyFunSuiteLike.$anonfun$runTest$1(AnyFunSuiteLike.scala:236)
[info]   at org.scalatest.SuperEngine.runTestImpl(Engine.scala:306)
[info]   at org.scalatest.funsuite.AnyFunSuiteLike.runTest(AnyFunSuiteLike.scala:236)
[info]   at org.scalatest.funsuite.AnyFunSuiteLike.runTest$(AnyFunSuiteLike.scala:218)
[info]   at org.scalatest.funsuite.AnyFunSuite.runTest(AnyFunSuite.scala:1564)
[info]   at org.scalatest.funsuite.AnyFunSuiteLike.$anonfun$runTests$1(AnyFunSuiteLike.scala:269)
[info]   at org.scalatest.SuperEngine.$anonfun$runTestsInBranch$1(Engine.scala:413)
[info]   at scala.collection.immutable.List.foreach(List.scala:334)
[info]   at org.scalatest.SuperEngine.traverseSubNodes$1(Engine.scala:401)
[info]   at org.scalatest.SuperEngine.runTestsInBranch(Engine.scala:396)
[info]   at org.scalatest.SuperEngine.runTestsImpl(Engine.scala:475)
[info]   at org.scalatest.funsuite.AnyFunSuiteLike.runTests(AnyFunSuiteLike.scala:269)
[info]   at org.scalatest.funsuite.AnyFunSuiteLike.runTests$(AnyFunSuiteLike.scala:268)
[info]   at org.scalatest.funsuite.AnyFunSuite.runTests(AnyFunSuite.scala:1564)
[info]   at org.scalatest.Suite.run(Suite.scala:1114)
[info]   at org.scalatest.Suite.run$(Suite.scala:1096)
[info]   at org.scalatest.funsuite.AnyFunSuite.org$scalatest$funsuite$AnyFunSuiteLike$$super$run(AnyFunSuite.scala:1564)
[info]   at org.scalatest.funsuite.AnyFunSuiteLike.$anonfun$run$1(AnyFunSuiteLike.scala:273)
[info]   at org.scalatest.SuperEngine.runImpl(Engine.scala:535)
[info]   at org.scalatest.funsuite.AnyFunSuiteLike.run(AnyFunSuiteLike.scala:273)
[info]   at org.scalatest.funsuite.AnyFunSuiteLike.run$(AnyFunSuiteLike.scala:272)
[info]   at frameless.TypedDatasetSuite.org$scalatest$BeforeAndAfterAll$$super$run(TypedDatasetSuite.scala:63)
[info]   at org.scalatest.BeforeAndAfterAll.liftedTree1$1(BeforeAndAfterAll.scala:213)
[info]   at org.scalatest.BeforeAndAfterAll.run(BeforeAndAfterAll.scala:210)
[info]   at org.scalatest.BeforeAndAfterAll.run$(BeforeAndAfterAll.scala:208)
[info]   at frameless.TypedDatasetSuite.run(TypedDatasetSuite.scala:63)
[info]   at org.scalatest.tools.Framework.org$scalatest$tools$Framework$$runSuite(Framework.scala:321)
[info]   at org.scalatest.tools.Framework$ScalaTestTask.execute(Framework.scala:517)
[info]   at sbt.ForkMain$Run.lambda$runTest$1(ForkMain.java:414)
[info]   at java.base/java.util.concurrent.FutureTask.run(FutureTask.java:317)
[info]   at java.base/java.util.concurrent.ThreadPoolExecutor.runWorker(ThreadPoolExecutor.java:1144)
[info]   at java.base/java.util.concurrent.ThreadPoolExecutor$Worker.run(ThreadPoolExecutor.java:642)
[info]   at java.base/java.lang.Thread.run(Thread.java:1583)
[info] - col(_.a.toString) does not compile (0 milliseconds)
[info] - col(_.a.toString.size) does not compile (0 milliseconds)
[info] - col((x: MyClass1) => x.toString.size) does not compile (0 milliseconds)
[info] - col(x => java.lang.Math.abs(x.a)) does not compile (0 milliseconds)
[info] FilterTests:
[info] - filter *** FAILED *** (4 milliseconds)
[info]   IllegalArgumentException was thrown during property evaluation.
[info]     Message: argument type mismatch
[info]     Occurred when passed generated values (
[info]       arg0 = org.scalacheck.GenArities$$Lambda/0x0000017ec48a4800@38cbc333,
[info]       arg1 = Vector()
[info]     )
[info]   org.scalatest.exceptions.GeneratorDrivenPropertyCheckFailedException:
[info]   at org.scalatestplus.scalacheck.CheckerAsserting$$anon$2.indicateFailure(CheckerAsserting.scala:251)
[info]   at org.scalatestplus.scalacheck.CheckerAsserting$$anon$2.indicateFailure(CheckerAsserting.scala:238)
[info]   at org.scalatestplus.scalacheck.UnitCheckerAsserting$CheckerAssertingImpl.check(CheckerAsserting.scala:160)
[info]   at org.scalatestplus.scalacheck.Checkers.check(Checkers.scala:371)
[info]   at org.scalatestplus.scalacheck.Checkers.check$(Checkers.scala:369)
[info]   at frameless.TypedDatasetSuite.check(TypedDatasetSuite.scala:63)
[info]   at frameless.ops.deserialized.FilterTests.$anonfun$new$1(FilterTests.scala:16)
[info]   at org.scalatest.OutcomeOf.outcomeOf(OutcomeOf.scala:85)
[info]   at org.scalatest.OutcomeOf.outcomeOf$(OutcomeOf.scala:83)
[info]   at org.scalatest.OutcomeOf$.outcomeOf(OutcomeOf.scala:104)
[info]   at org.scalatest.Transformer.apply(Transformer.scala:22)
[info]   at org.scalatest.Transformer.apply(Transformer.scala:20)
[info]   at org.scalatest.funsuite.AnyFunSuiteLike$$anon$1.apply(AnyFunSuiteLike.scala:226)
[info]   at org.scalatest.TestSuite.withFixture(TestSuite.scala:196)
[info]   at org.scalatest.TestSuite.withFixture$(TestSuite.scala:195)
[info]   at org.scalatest.funsuite.AnyFunSuite.withFixture(AnyFunSuite.scala:1564)
[info]   at org.scalatest.funsuite.AnyFunSuiteLike.invokeWithFixture$1(AnyFunSuiteLike.scala:224)
[info]   at org.scalatest.funsuite.AnyFunSuiteLike.$anonfun$runTest$1(AnyFunSuiteLike.scala:236)
[info]   at org.scalatest.SuperEngine.runTestImpl(Engine.scala:306)
[info]   at org.scalatest.funsuite.AnyFunSuiteLike.runTest(AnyFunSuiteLike.scala:236)
[info]   at org.scalatest.funsuite.AnyFunSuiteLike.runTest$(AnyFunSuiteLike.scala:218)
[info]   at org.scalatest.funsuite.AnyFunSuite.runTest(AnyFunSuite.scala:1564)
[info]   at org.scalatest.funsuite.AnyFunSuiteLike.$anonfun$runTests$1(AnyFunSuiteLike.scala:269)
[info]   at org.scalatest.SuperEngine.$anonfun$runTestsInBranch$1(Engine.scala:413)
[info]   at scala.collection.immutable.List.foreach(List.scala:334)
[info]   at org.scalatest.SuperEngine.traverseSubNodes$1(Engine.scala:401)
[info]   at org.scalatest.SuperEngine.runTestsInBranch(Engine.scala:396)
[info]   at org.scalatest.SuperEngine.runTestsImpl(Engine.scala:475)
[info]   at org.scalatest.funsuite.AnyFunSuiteLike.runTests(AnyFunSuiteLike.scala:269)
[info]   at org.scalatest.funsuite.AnyFunSuiteLike.runTests$(AnyFunSuiteLike.scala:268)
[info]   at org.scalatest.funsuite.AnyFunSuite.runTests(AnyFunSuite.scala:1564)
[info]   at org.scalatest.Suite.run(Suite.scala:1114)
[info]   at org.scalatest.Suite.run$(Suite.scala:1096)
[info]   at org.scalatest.funsuite.AnyFunSuite.org$scalatest$funsuite$AnyFunSuiteLike$$super$run(AnyFunSuite.scala:1564)
[info]   at org.scalatest.funsuite.AnyFunSuiteLike.$anonfun$run$1(AnyFunSuiteLike.scala:273)
[info]   at org.scalatest.SuperEngine.runImpl(Engine.scala:535)
[info]   at org.scalatest.funsuite.AnyFunSuiteLike.run(AnyFunSuiteLike.scala:273)
[info]   at org.scalatest.funsuite.AnyFunSuiteLike.run$(AnyFunSuiteLike.scala:272)
[info]   at frameless.TypedDatasetSuite.org$scalatest$BeforeAndAfterAll$$super$run(TypedDatasetSuite.scala:63)
[info]   at org.scalatest.BeforeAndAfterAll.liftedTree1$1(BeforeAndAfterAll.scala:213)
[info]   at org.scalatest.BeforeAndAfterAll.run(BeforeAndAfterAll.scala:210)
[info]   at org.scalatest.BeforeAndAfterAll.run$(BeforeAndAfterAll.scala:208)
[info]   at frameless.TypedDatasetSuite.run(TypedDatasetSuite.scala:63)
[info]   at org.scalatest.tools.Framework.org$scalatest$tools$Framework$$runSuite(Framework.scala:321)
[info]   at org.scalatest.tools.Framework$ScalaTestTask.execute(Framework.scala:517)
[info]   at sbt.ForkMain$Run.lambda$runTest$1(ForkMain.java:414)
[info]   at java.base/java.util.concurrent.FutureTask.run(FutureTask.java:317)
[info]   at java.base/java.util.concurrent.ThreadPoolExecutor.runWorker(ThreadPoolExecutor.java:1144)
[info]   at java.base/java.util.concurrent.ThreadPoolExecutor$Worker.run(ThreadPoolExecutor.java:642)
[info]   at java.base/java.lang.Thread.run(Thread.java:1583)
[info]   Cause: java.lang.IllegalArgumentException: argument type mismatch
[info]   at java.base/jdk.internal.reflect.DirectConstructorHandleAccessor.newInstance(DirectConstructorHandleAccessor.java:65)
[info]   at java.base/java.lang.reflect.Constructor.newInstanceWithCaller(Constructor.java:502)
[info]   at java.base/java.lang.reflect.Constructor.newInstance(Constructor.java:486)
[info]   at frameless.TypedExpressionEncoder$.$anonfun$apply$3(TypedExpressionEncoder.scala:55)
[info]   at scala.Option.map(Option.scala:242)
[info]   at frameless.TypedExpressionEncoder$.apply(TypedExpressionEncoder.scala:54)
[info]   at frameless.TypedDataset$.create(TypedDataset.scala:1325)
[info]   at frameless.ops.deserialized.FilterTests.$anonfun$new$2(FilterTests.scala:11)
[info]   at org.scalacheck.Prop$ExtendedAny.$eq$qmark(Prop.scala:332)
[info]   at frameless.ops.deserialized.FilterTests.prop$1(FilterTests.scala:14)
[info]   at frameless.ops.deserialized.FilterTests.$anonfun$new$4(FilterTests.scala:16)
[info]   at org.scalacheck.Prop$.$anonfun$forAll$18(Prop.scala:1131)
[info]   at scala.Function1.$anonfun$andThen$1(Function1.scala:87)
[info]   at org.scalacheck.Prop$.$anonfun$forAllShrink$2(Prop.scala:868)
[info]   at org.scalacheck.Prop$.secure(Prop.scala:484)
[info]   at org.scalacheck.Prop$.result$1(Prop.scala:868)
[info]   at org.scalacheck.Prop$.$anonfun$forAllShrink$1(Prop.scala:915)
[info]   at org.scalacheck.Prop$.$anonfun$apply$1(Prop.scala:305)
[info]   at org.scalacheck.PropFromFun.apply(Prop.scala:20)
[info]   at org.scalacheck.Prop$.result$1(Prop.scala:869)
[info]   at org.scalacheck.Prop$.$anonfun$forAllShrink$1(Prop.scala:915)
[info]   at org.scalacheck.Prop$.$anonfun$apply$1(Prop.scala:305)
[info]   at org.scalacheck.PropFromFun.apply(Prop.scala:20)
[info]   at org.scalacheck.Test$.workerFun$1(Test.scala:486)
[info]   at org.scalacheck.Test$.$anonfun$check$4(Test.scala:518)
[info]   at org.scalacheck.Test$.$anonfun$check$4$adapted(Test.scala:518)
[info]   at org.scalacheck.Platform$.runWorkers(Platform.scala:42)
[info]   at org.scalacheck.Test$.check(Test.scala:518)
[info]   at org.scalatestplus.scalacheck.UnitCheckerAsserting$CheckerAssertingImpl.check(CheckerAsserting.scala:90)
[info]   at org.scalatestplus.scalacheck.Checkers.check(Checkers.scala:371)
[info]   at org.scalatestplus.scalacheck.Checkers.check$(Checkers.scala:369)
[info]   at frameless.TypedDatasetSuite.check(TypedDatasetSuite.scala:63)
[info]   at frameless.ops.deserialized.FilterTests.$anonfun$new$1(FilterTests.scala:16)
[info]   at org.scalatest.OutcomeOf.outcomeOf(OutcomeOf.scala:85)
[info]   at org.scalatest.OutcomeOf.outcomeOf$(OutcomeOf.scala:83)
[info]   at org.scalatest.OutcomeOf$.outcomeOf(OutcomeOf.scala:104)
[info]   at org.scalatest.Transformer.apply(Transformer.scala:22)
[info]   at org.scalatest.Transformer.apply(Transformer.scala:20)
[info]   at org.scalatest.funsuite.AnyFunSuiteLike$$anon$1.apply(AnyFunSuiteLike.scala:226)
[info]   at org.scalatest.TestSuite.withFixture(TestSuite.scala:196)
[info]   at org.scalatest.TestSuite.withFixture$(TestSuite.scala:195)
[info]   at org.scalatest.funsuite.AnyFunSuite.withFixture(AnyFunSuite.scala:1564)
[info]   at org.scalatest.funsuite.AnyFunSuiteLike.invokeWithFixture$1(AnyFunSuiteLike.scala:224)
[info]   at org.scalatest.funsuite.AnyFunSuiteLike.$anonfun$runTest$1(AnyFunSuiteLike.scala:236)
[info]   at org.scalatest.SuperEngine.runTestImpl(Engine.scala:306)
[info]   at org.scalatest.funsuite.AnyFunSuiteLike.runTest(AnyFunSuiteLike.scala:236)
[info]   at org.scalatest.funsuite.AnyFunSuiteLike.runTest$(AnyFunSuiteLike.scala:218)
[info]   at org.scalatest.funsuite.AnyFunSuite.runTest(AnyFunSuite.scala:1564)
[info]   at org.scalatest.funsuite.AnyFunSuiteLike.$anonfun$runTests$1(AnyFunSuiteLike.scala:269)
[info]   at org.scalatest.SuperEngine.$anonfun$runTestsInBranch$1(Engine.scala:413)
[info]   at scala.collection.immutable.List.foreach(List.scala:334)
[info]   at org.scalatest.SuperEngine.traverseSubNodes$1(Engine.scala:401)
[info]   at org.scalatest.SuperEngine.runTestsInBranch(Engine.scala:396)
[info]   at org.scalatest.SuperEngine.runTestsImpl(Engine.scala:475)
[info]   at org.scalatest.funsuite.AnyFunSuiteLike.runTests(AnyFunSuiteLike.scala:269)
[info]   at org.scalatest.funsuite.AnyFunSuiteLike.runTests$(AnyFunSuiteLike.scala:268)
[info]   at org.scalatest.funsuite.AnyFunSuite.runTests(AnyFunSuite.scala:1564)
[info]   at org.scalatest.Suite.run(Suite.scala:1114)
[info]   at org.scalatest.Suite.run$(Suite.scala:1096)
[info]   at org.scalatest.funsuite.AnyFunSuite.org$scalatest$funsuite$AnyFunSuiteLike$$super$run(AnyFunSuite.scala:1564)
[info]   at org.scalatest.funsuite.AnyFunSuiteLike.$anonfun$run$1(AnyFunSuiteLike.scala:273)
[info]   at org.scalatest.SuperEngine.runImpl(Engine.scala:535)
[info]   at org.scalatest.funsuite.AnyFunSuiteLike.run(AnyFunSuiteLike.scala:273)
[info]   at org.scalatest.funsuite.AnyFunSuiteLike.run$(AnyFunSuiteLike.scala:272)
[info]   at frameless.TypedDatasetSuite.org$scalatest$BeforeAndAfterAll$$super$run(TypedDatasetSuite.scala:63)
[info]   at org.scalatest.BeforeAndAfterAll.liftedTree1$1(BeforeAndAfterAll.scala:213)
[info]   at org.scalatest.BeforeAndAfterAll.run(BeforeAndAfterAll.scala:210)
[info]   at org.scalatest.BeforeAndAfterAll.run$(BeforeAndAfterAll.scala:208)
[info]   at frameless.TypedDatasetSuite.run(TypedDatasetSuite.scala:63)
[info]   at org.scalatest.tools.Framework.org$scalatest$tools$Framework$$runSuite(Framework.scala:321)
[info]   at org.scalatest.tools.Framework$ScalaTestTask.execute(Framework.scala:517)
[info]   at sbt.ForkMain$Run.lambda$runTest$1(ForkMain.java:414)
[info]   at java.base/java.util.concurrent.FutureTask.run(FutureTask.java:317)
[info]   at java.base/java.util.concurrent.ThreadPoolExecutor.runWorker(ThreadPoolExecutor.java:1144)
[info]   at java.base/java.util.concurrent.ThreadPoolExecutor$Worker.run(ThreadPoolExecutor.java:642)
[info]   at java.base/java.lang.Thread.run(Thread.java:1583)
[info]   Cause: java.lang.ClassCastException: Cannot cast scala.reflect.ManifestFactory$IntManifest to org.apache.spark.sql.catalyst.expressions.Expression
[info]   at java.base/java.lang.Class.cast(Class.java:4067)
[info]   at java.base/jdk.internal.reflect.DirectConstructorHandleAccessor.newInstance(DirectConstructorHandleAccessor.java:62)
[info]   at java.base/java.lang.reflect.Constructor.newInstanceWithCaller(Constructor.java:502)
[info]   at java.base/java.lang.reflect.Constructor.newInstance(Constructor.java:486)
[info]   at frameless.TypedExpressionEncoder$.$anonfun$apply$3(TypedExpressionEncoder.scala:55)
[info]   at scala.Option.map(Option.scala:242)
[info]   at frameless.TypedExpressionEncoder$.apply(TypedExpressionEncoder.scala:54)
[info]   at frameless.TypedDataset$.create(TypedDataset.scala:1325)
[info]   at frameless.ops.deserialized.FilterTests.$anonfun$new$2(FilterTests.scala:11)
[info]   at org.scalacheck.Prop$ExtendedAny.$eq$qmark(Prop.scala:332)
[info]   at frameless.ops.deserialized.FilterTests.prop$1(FilterTests.scala:14)
[info]   at frameless.ops.deserialized.FilterTests.$anonfun$new$4(FilterTests.scala:16)
[info]   at org.scalacheck.Prop$.$anonfun$forAll$18(Prop.scala:1131)
[info]   at scala.Function1.$anonfun$andThen$1(Function1.scala:87)
[info]   at org.scalacheck.Prop$.$anonfun$forAllShrink$2(Prop.scala:868)
[info]   at org.scalacheck.Prop$.secure(Prop.scala:484)
[info]   at org.scalacheck.Prop$.result$1(Prop.scala:868)
[info]   at org.scalacheck.Prop$.$anonfun$forAllShrink$1(Prop.scala:915)
[info]   at org.scalacheck.Prop$.$anonfun$apply$1(Prop.scala:305)
[info]   at org.scalacheck.PropFromFun.apply(Prop.scala:20)
[info]   at org.scalacheck.Prop$.result$1(Prop.scala:869)
[info]   at org.scalacheck.Prop$.$anonfun$forAllShrink$1(Prop.scala:915)
[info]   at org.scalacheck.Prop$.$anonfun$apply$1(Prop.scala:305)
[info]   at org.scalacheck.PropFromFun.apply(Prop.scala:20)
[info]   at org.scalacheck.Test$.workerFun$1(Test.scala:486)
[info]   at org.scalacheck.Test$.$anonfun$check$4(Test.scala:518)
[info]   at org.scalacheck.Test$.$anonfun$check$4$adapted(Test.scala:518)
[info]   at org.scalacheck.Platform$.runWorkers(Platform.scala:42)
[info]   at org.scalacheck.Test$.check(Test.scala:518)
[info]   at org.scalatestplus.scalacheck.UnitCheckerAsserting$CheckerAssertingImpl.check(CheckerAsserting.scala:90)
[info]   at org.scalatestplus.scalacheck.Checkers.check(Checkers.scala:371)
[info]   at org.scalatestplus.scalacheck.Checkers.check$(Checkers.scala:369)
[info]   at frameless.TypedDatasetSuite.check(TypedDatasetSuite.scala:63)
[info]   at frameless.ops.deserialized.FilterTests.$anonfun$new$1(FilterTests.scala:16)
[info]   at org.scalatest.OutcomeOf.outcomeOf(OutcomeOf.scala:85)
[info]   at org.scalatest.OutcomeOf.outcomeOf$(OutcomeOf.scala:83)
[info]   at org.scalatest.OutcomeOf$.outcomeOf(OutcomeOf.scala:104)
[info]   at org.scalatest.Transformer.apply(Transformer.scala:22)
[info]   at org.scalatest.Transformer.apply(Transformer.scala:20)
[info]   at org.scalatest.funsuite.AnyFunSuiteLike$$anon$1.apply(AnyFunSuiteLike.scala:226)
[info]   at org.scalatest.TestSuite.withFixture(TestSuite.scala:196)
[info]   at org.scalatest.TestSuite.withFixture$(TestSuite.scala:195)
[info]   at org.scalatest.funsuite.AnyFunSuite.withFixture(AnyFunSuite.scala:1564)
[info]   at org.scalatest.funsuite.AnyFunSuiteLike.invokeWithFixture$1(AnyFunSuiteLike.scala:224)
[info]   at org.scalatest.funsuite.AnyFunSuiteLike.$anonfun$runTest$1(AnyFunSuiteLike.scala:236)
[info]   at org.scalatest.SuperEngine.runTestImpl(Engine.scala:306)
[info]   at org.scalatest.funsuite.AnyFunSuiteLike.runTest(AnyFunSuiteLike.scala:236)
[info]   at org.scalatest.funsuite.AnyFunSuiteLike.runTest$(AnyFunSuiteLike.scala:218)
[info]   at org.scalatest.funsuite.AnyFunSuite.runTest(AnyFunSuite.scala:1564)
[info]   at org.scalatest.funsuite.AnyFunSuiteLike.$anonfun$runTests$1(AnyFunSuiteLike.scala:269)
[info]   at org.scalatest.SuperEngine.$anonfun$runTestsInBranch$1(Engine.scala:413)
[info]   at scala.collection.immutable.List.foreach(List.scala:334)
[info]   at org.scalatest.SuperEngine.traverseSubNodes$1(Engine.scala:401)
[info]   at org.scalatest.SuperEngine.runTestsInBranch(Engine.scala:396)
[info]   at org.scalatest.SuperEngine.runTestsImpl(Engine.scala:475)
[info]   at org.scalatest.funsuite.AnyFunSuiteLike.runTests(AnyFunSuiteLike.scala:269)
[info]   at org.scalatest.funsuite.AnyFunSuiteLike.runTests$(AnyFunSuiteLike.scala:268)
[info]   at org.scalatest.funsuite.AnyFunSuite.runTests(AnyFunSuite.scala:1564)
[info]   at org.scalatest.Suite.run(Suite.scala:1114)
[info]   at org.scalatest.Suite.run$(Suite.scala:1096)
[info]   at org.scalatest.funsuite.AnyFunSuite.org$scalatest$funsuite$AnyFunSuiteLike$$super$run(AnyFunSuite.scala:1564)
[info]   at org.scalatest.funsuite.AnyFunSuiteLike.$anonfun$run$1(AnyFunSuiteLike.scala:273)
[info]   at org.scalatest.SuperEngine.runImpl(Engine.scala:535)
[info]   at org.scalatest.funsuite.AnyFunSuiteLike.run(AnyFunSuiteLike.scala:273)
[info]   at org.scalatest.funsuite.AnyFunSuiteLike.run$(AnyFunSuiteLike.scala:272)
[info]   at frameless.TypedDatasetSuite.org$scalatest$BeforeAndAfterAll$$super$run(TypedDatasetSuite.scala:63)
[info]   at org.scalatest.BeforeAndAfterAll.liftedTree1$1(BeforeAndAfterAll.scala:213)
[info]   at org.scalatest.BeforeAndAfterAll.run(BeforeAndAfterAll.scala:210)
[info]   at org.scalatest.BeforeAndAfterAll.run$(BeforeAndAfterAll.scala:208)
[info]   at frameless.TypedDatasetSuite.run(TypedDatasetSuite.scala:63)
[info]   at org.scalatest.tools.Framework.org$scalatest$tools$Framework$$runSuite(Framework.scala:321)
[info]   at org.scalatest.tools.Framework$ScalaTestTask.execute(Framework.scala:517)
[info]   at sbt.ForkMain$Run.lambda$runTest$1(ForkMain.java:414)
[info]   at java.base/java.util.concurrent.FutureTask.run(FutureTask.java:317)
[info]   at java.base/java.util.concurrent.ThreadPoolExecutor.runWorker(ThreadPoolExecutor.java:1144)
[info]   at java.base/java.util.concurrent.ThreadPoolExecutor$Worker.run(ThreadPoolExecutor.java:642)
[info]   at java.base/java.lang.Thread.run(Thread.java:1583)
[info] CreateTests:
[info] - creation using X4 derived DataFrames *** FAILED *** (7 milliseconds)
[info]   IllegalArgumentException was thrown during property evaluation.
[info]     Message: argument type mismatch
[info]     Occurred when passed generated values (
[info]       arg0 = Vector()
[info]     )
[info]   org.scalatest.exceptions.GeneratorDrivenPropertyCheckFailedException:
[info]   at org.scalatestplus.scalacheck.CheckerAsserting$$anon$2.indicateFailure(CheckerAsserting.scala:251)
[info]   at org.scalatestplus.scalacheck.CheckerAsserting$$anon$2.indicateFailure(CheckerAsserting.scala:238)
[info]   at org.scalatestplus.scalacheck.UnitCheckerAsserting$CheckerAssertingImpl.check(CheckerAsserting.scala:160)
[info]   at org.scalatestplus.scalacheck.Checkers.check(Checkers.scala:371)
[info]   at org.scalatestplus.scalacheck.Checkers.check$(Checkers.scala:369)
[info]   at frameless.TypedDatasetSuite.check(TypedDatasetSuite.scala:63)
[info]   at frameless.CreateTests.$anonfun$new$1(CreateTests.scala:24)
[info]   at org.scalatest.OutcomeOf.outcomeOf(OutcomeOf.scala:85)
[info]   at org.scalatest.OutcomeOf.outcomeOf$(OutcomeOf.scala:83)
[info]   at org.scalatest.OutcomeOf$.outcomeOf(OutcomeOf.scala:104)
[info]   at org.scalatest.Transformer.apply(Transformer.scala:22)
[info]   at org.scalatest.Transformer.apply(Transformer.scala:20)
[info]   at org.scalatest.funsuite.AnyFunSuiteLike$$anon$1.apply(AnyFunSuiteLike.scala:226)
[info]   at org.scalatest.TestSuite.withFixture(TestSuite.scala:196)
[info]   at org.scalatest.TestSuite.withFixture$(TestSuite.scala:195)
[info]   at org.scalatest.funsuite.AnyFunSuite.withFixture(AnyFunSuite.scala:1564)
[info]   at org.scalatest.funsuite.AnyFunSuiteLike.invokeWithFixture$1(AnyFunSuiteLike.scala:224)
[info]   at org.scalatest.funsuite.AnyFunSuiteLike.$anonfun$runTest$1(AnyFunSuiteLike.scala:236)
[info]   at org.scalatest.SuperEngine.runTestImpl(Engine.scala:306)
[info]   at org.scalatest.funsuite.AnyFunSuiteLike.runTest(AnyFunSuiteLike.scala:236)
[info]   at org.scalatest.funsuite.AnyFunSuiteLike.runTest$(AnyFunSuiteLike.scala:218)
[info]   at org.scalatest.funsuite.AnyFunSuite.runTest(AnyFunSuite.scala:1564)
[info]   at org.scalatest.funsuite.AnyFunSuiteLike.$anonfun$runTests$1(AnyFunSuiteLike.scala:269)
[info]   at org.scalatest.SuperEngine.$anonfun$runTestsInBranch$1(Engine.scala:413)
[info]   at scala.collection.immutable.List.foreach(List.scala:334)
[info]   at org.scalatest.SuperEngine.traverseSubNodes$1(Engine.scala:401)
[info]   at org.scalatest.SuperEngine.runTestsInBranch(Engine.scala:396)
[info]   at org.scalatest.SuperEngine.runTestsImpl(Engine.scala:475)
[info]   at org.scalatest.funsuite.AnyFunSuiteLike.runTests(AnyFunSuiteLike.scala:269)
[info]   at org.scalatest.funsuite.AnyFunSuiteLike.runTests$(AnyFunSuiteLike.scala:268)
[info]   at org.scalatest.funsuite.AnyFunSuite.runTests(AnyFunSuite.scala:1564)
[info]   at org.scalatest.Suite.run(Suite.scala:1114)
[info]   at org.scalatest.Suite.run$(Suite.scala:1096)
[info]   at org.scalatest.funsuite.AnyFunSuite.org$scalatest$funsuite$AnyFunSuiteLike$$super$run(AnyFunSuite.scala:1564)
[info]   at org.scalatest.funsuite.AnyFunSuiteLike.$anonfun$run$1(AnyFunSuiteLike.scala:273)
[info]   at org.scalatest.SuperEngine.runImpl(Engine.scala:535)
[info]   at org.scalatest.funsuite.AnyFunSuiteLike.run(AnyFunSuiteLike.scala:273)
[info]   at org.scalatest.funsuite.AnyFunSuiteLike.run$(AnyFunSuiteLike.scala:272)
[info]   at frameless.TypedDatasetSuite.org$scalatest$BeforeAndAfterAll$$super$run(TypedDatasetSuite.scala:63)
[info]   at org.scalatest.BeforeAndAfterAll.liftedTree1$1(BeforeAndAfterAll.scala:213)
[info]   at org.scalatest.BeforeAndAfterAll.run(BeforeAndAfterAll.scala:210)
[info]   at org.scalatest.BeforeAndAfterAll.run$(BeforeAndAfterAll.scala:208)
[info]   at frameless.TypedDatasetSuite.run(TypedDatasetSuite.scala:63)
[info]   at org.scalatest.tools.Framework.org$scalatest$tools$Framework$$runSuite(Framework.scala:321)
[info]   at org.scalatest.tools.Framework$ScalaTestTask.execute(Framework.scala:517)
[info]   at sbt.ForkMain$Run.lambda$runTest$1(ForkMain.java:414)
[info]   at java.base/java.util.concurrent.FutureTask.run(FutureTask.java:317)
[info]   at java.base/java.util.concurrent.ThreadPoolExecutor.runWorker(ThreadPoolExecutor.java:1144)
[info]   at java.base/java.util.concurrent.ThreadPoolExecutor$Worker.run(ThreadPoolExecutor.java:642)
[info]   at java.base/java.lang.Thread.run(Thread.java:1583)
[info]   Cause: java.lang.IllegalArgumentException: argument type mismatch
[info]   at java.base/jdk.internal.reflect.DirectConstructorHandleAccessor.newInstance(DirectConstructorHandleAccessor.java:65)
[info]   at java.base/java.lang.reflect.Constructor.newInstanceWithCaller(Constructor.java:502)
[info]   at java.base/java.lang.reflect.Constructor.newInstance(Constructor.java:486)
[info]   at frameless.TypedExpressionEncoder$.$anonfun$apply$3(TypedExpressionEncoder.scala:55)
[info]   at scala.Option.map(Option.scala:242)
[info]   at frameless.TypedExpressionEncoder$.apply(TypedExpressionEncoder.scala:54)
[info]   at frameless.TypedDataset$.create(TypedDataset.scala:1325)
[info]   at frameless.CreateTests.prop$1(CreateTests.scala:20)
[info]   at frameless.CreateTests.$anonfun$new$12(CreateTests.scala:24)
[info]   at scala.Function1.$anonfun$andThen$1(Function1.scala:87)
[info]   at org.scalacheck.Prop$.$anonfun$forAllShrink$2(Prop.scala:868)
[info]   at org.scalacheck.Prop$.secure(Prop.scala:484)
[info]   at org.scalacheck.Prop$.result$1(Prop.scala:868)
[info]   at org.scalacheck.Prop$.$anonfun$forAllShrink$1(Prop.scala:915)
[info]   at org.scalacheck.Prop$.$anonfun$apply$1(Prop.scala:305)
[info]   at org.scalacheck.PropFromFun.apply(Prop.scala:20)
[info]   at org.scalacheck.Test$.workerFun$1(Test.scala:486)
[info]   at org.scalacheck.Test$.$anonfun$check$4(Test.scala:518)
[info]   at org.scalacheck.Test$.$anonfun$check$4$adapted(Test.scala:518)
[info]   at org.scalacheck.Platform$.runWorkers(Platform.scala:42)
[info]   at org.scalacheck.Test$.check(Test.scala:518)
[info]   at org.scalatestplus.scalacheck.UnitCheckerAsserting$CheckerAssertingImpl.check(CheckerAsserting.scala:90)
[info]   at org.scalatestplus.scalacheck.Checkers.check(Checkers.scala:371)
[info]   at org.scalatestplus.scalacheck.Checkers.check$(Checkers.scala:369)
[info]   at frameless.TypedDatasetSuite.check(TypedDatasetSuite.scala:63)
[info]   at frameless.CreateTests.$anonfun$new$1(CreateTests.scala:24)
[info]   at org.scalatest.OutcomeOf.outcomeOf(OutcomeOf.scala:85)
[info]   at org.scalatest.OutcomeOf.outcomeOf$(OutcomeOf.scala:83)
[info]   at org.scalatest.OutcomeOf$.outcomeOf(OutcomeOf.scala:104)
[info]   at org.scalatest.Transformer.apply(Transformer.scala:22)
[info]   at org.scalatest.Transformer.apply(Transformer.scala:20)
[info]   at org.scalatest.funsuite.AnyFunSuiteLike$$anon$1.apply(AnyFunSuiteLike.scala:226)
[info]   at org.scalatest.TestSuite.withFixture(TestSuite.scala:196)
[info]   at org.scalatest.TestSuite.withFixture$(TestSuite.scala:195)
[info]   at org.scalatest.funsuite.AnyFunSuite.withFixture(AnyFunSuite.scala:1564)
[info]   at org.scalatest.funsuite.AnyFunSuiteLike.invokeWithFixture$1(AnyFunSuiteLike.scala:224)
[info]   at org.scalatest.funsuite.AnyFunSuiteLike.$anonfun$runTest$1(AnyFunSuiteLike.scala:236)
[info]   at org.scalatest.SuperEngine.runTestImpl(Engine.scala:306)
[info]   at org.scalatest.funsuite.AnyFunSuiteLike.runTest(AnyFunSuiteLike.scala:236)
[info]   at org.scalatest.funsuite.AnyFunSuiteLike.runTest$(AnyFunSuiteLike.scala:218)
[info]   at org.scalatest.funsuite.AnyFunSuite.runTest(AnyFunSuite.scala:1564)
[info]   at org.scalatest.funsuite.AnyFunSuiteLike.$anonfun$runTests$1(AnyFunSuiteLike.scala:269)
[info]   at org.scalatest.SuperEngine.$anonfun$runTestsInBranch$1(Engine.scala:413)
[info]   at scala.collection.immutable.List.foreach(List.scala:334)
[info]   at org.scalatest.SuperEngine.traverseSubNodes$1(Engine.scala:401)
[info]   at org.scalatest.SuperEngine.runTestsInBranch(Engine.scala:396)
[info]   at org.scalatest.SuperEngine.runTestsImpl(Engine.scala:475)
[info]   at org.scalatest.funsuite.AnyFunSuiteLike.runTests(AnyFunSuiteLike.scala:269)
[info]   at org.scalatest.funsuite.AnyFunSuiteLike.runTests$(AnyFunSuiteLike.scala:268)
[info]   at org.scalatest.funsuite.AnyFunSuite.runTests(AnyFunSuite.scala:1564)
[info]   at org.scalatest.Suite.run(Suite.scala:1114)
[info]   at org.scalatest.Suite.run$(Suite.scala:1096)
[info]   at org.scalatest.funsuite.AnyFunSuite.org$scalatest$funsuite$AnyFunSuiteLike$$super$run(AnyFunSuite.scala:1564)
[info]   at org.scalatest.funsuite.AnyFunSuiteLike.$anonfun$run$1(AnyFunSuiteLike.scala:273)
[info]   at org.scalatest.SuperEngine.runImpl(Engine.scala:535)
[info]   at org.scalatest.funsuite.AnyFunSuiteLike.run(AnyFunSuiteLike.scala:273)
[info]   at org.scalatest.funsuite.AnyFunSuiteLike.run$(AnyFunSuiteLike.scala:272)
[info]   at frameless.TypedDatasetSuite.org$scalatest$BeforeAndAfterAll$$super$run(TypedDatasetSuite.scala:63)
[info]   at org.scalatest.BeforeAndAfterAll.liftedTree1$1(BeforeAndAfterAll.scala:213)
[info]   at org.scalatest.BeforeAndAfterAll.run(BeforeAndAfterAll.scala:210)
[info]   at org.scalatest.BeforeAndAfterAll.run$(BeforeAndAfterAll.scala:208)
[info]   at frameless.TypedDatasetSuite.run(TypedDatasetSuite.scala:63)
[info]   at org.scalatest.tools.Framework.org$scalatest$tools$Framework$$runSuite(Framework.scala:321)
[info]   at org.scalatest.tools.Framework$ScalaTestTask.execute(Framework.scala:517)
[info]   at sbt.ForkMain$Run.lambda$runTest$1(ForkMain.java:414)
[info]   at java.base/java.util.concurrent.FutureTask.run(FutureTask.java:317)
[info]   at java.base/java.util.concurrent.ThreadPoolExecutor.runWorker(ThreadPoolExecutor.java:1144)
[info]   at java.base/java.util.concurrent.ThreadPoolExecutor$Worker.run(ThreadPoolExecutor.java:642)
[info]   at java.base/java.lang.Thread.run(Thread.java:1583)
[info]   Cause: java.lang.ClassCastException: Cannot cast scala.reflect.ClassTag$GenericClassTag to org.apache.spark.sql.catalyst.expressions.Expression
[info]   at java.base/java.lang.Class.cast(Class.java:4067)
[info]   at java.base/jdk.internal.reflect.DirectConstructorHandleAccessor.newInstance(DirectConstructorHandleAccessor.java:62)
[info]   at java.base/java.lang.reflect.Constructor.newInstanceWithCaller(Constructor.java:502)
[info]   at java.base/java.lang.reflect.Constructor.newInstance(Constructor.java:486)
[info]   at frameless.TypedExpressionEncoder$.$anonfun$apply$3(TypedExpressionEncoder.scala:55)
[info]   at scala.Option.map(Option.scala:242)
[info]   at frameless.TypedExpressionEncoder$.apply(TypedExpressionEncoder.scala:54)
[info]   at frameless.TypedDataset$.create(TypedDataset.scala:1325)
[info]   at frameless.CreateTests.prop$1(CreateTests.scala:20)
[info]   at frameless.CreateTests.$anonfun$new$12(CreateTests.scala:24)
[info]   at scala.Function1.$anonfun$andThen$1(Function1.scala:87)
[info]   at org.scalacheck.Prop$.$anonfun$forAllShrink$2(Prop.scala:868)
[info]   at org.scalacheck.Prop$.secure(Prop.scala:484)
[info]   at org.scalacheck.Prop$.result$1(Prop.scala:868)
[info]   at org.scalacheck.Prop$.$anonfun$forAllShrink$1(Prop.scala:915)
[info]   at org.scalacheck.Prop$.$anonfun$apply$1(Prop.scala:305)
[info]   at org.scalacheck.PropFromFun.apply(Prop.scala:20)
[info]   at org.scalacheck.Test$.workerFun$1(Test.scala:486)
[info]   at org.scalacheck.Test$.$anonfun$check$4(Test.scala:518)
[info]   at org.scalacheck.Test$.$anonfun$check$4$adapted(Test.scala:518)
[info]   at org.scalacheck.Platform$.runWorkers(Platform.scala:42)
[info]   at org.scalacheck.Test$.check(Test.scala:518)
[info]   at org.scalatestplus.scalacheck.UnitCheckerAsserting$CheckerAssertingImpl.check(CheckerAsserting.scala:90)
[info]   at org.scalatestplus.scalacheck.Checkers.check(Checkers.scala:371)
[info]   at org.scalatestplus.scalacheck.Checkers.check$(Checkers.scala:369)
[info]   at frameless.TypedDatasetSuite.check(TypedDatasetSuite.scala:63)
[info]   at frameless.CreateTests.$anonfun$new$1(CreateTests.scala:24)
[info]   at org.scalatest.OutcomeOf.outcomeOf(OutcomeOf.scala:85)
[info]   at org.scalatest.OutcomeOf.outcomeOf$(OutcomeOf.scala:83)
[info]   at org.scalatest.OutcomeOf$.outcomeOf(OutcomeOf.scala:104)
[info]   at org.scalatest.Transformer.apply(Transformer.scala:22)
[info]   at org.scalatest.Transformer.apply(Transformer.scala:20)
[info]   at org.scalatest.funsuite.AnyFunSuiteLike$$anon$1.apply(AnyFunSuiteLike.scala:226)
[info]   at org.scalatest.TestSuite.withFixture(TestSuite.scala:196)
[info]   at org.scalatest.TestSuite.withFixture$(TestSuite.scala:195)
[info]   at org.scalatest.funsuite.AnyFunSuite.withFixture(AnyFunSuite.scala:1564)
[info]   at org.scalatest.funsuite.AnyFunSuiteLike.invokeWithFixture$1(AnyFunSuiteLike.scala:224)
[info]   at org.scalatest.funsuite.AnyFunSuiteLike.$anonfun$runTest$1(AnyFunSuiteLike.scala:236)
[info]   at org.scalatest.SuperEngine.runTestImpl(Engine.scala:306)
[info]   at org.scalatest.funsuite.AnyFunSuiteLike.runTest(AnyFunSuiteLike.scala:236)
[info]   at org.scalatest.funsuite.AnyFunSuiteLike.runTest$(AnyFunSuiteLike.scala:218)
[info]   at org.scalatest.funsuite.AnyFunSuite.runTest(AnyFunSuite.scala:1564)
[info]   at org.scalatest.funsuite.AnyFunSuiteLike.$anonfun$runTests$1(AnyFunSuiteLike.scala:269)
[info]   at org.scalatest.SuperEngine.$anonfun$runTestsInBranch$1(Engine.scala:413)
[info]   at scala.collection.immutable.List.foreach(List.scala:334)
[info]   at org.scalatest.SuperEngine.traverseSubNodes$1(Engine.scala:401)
[info]   at org.scalatest.SuperEngine.runTestsInBranch(Engine.scala:396)
[info]   at org.scalatest.SuperEngine.runTestsImpl(Engine.scala:475)
[info]   at org.scalatest.funsuite.AnyFunSuiteLike.runTests(AnyFunSuiteLike.scala:269)
[info]   at org.scalatest.funsuite.AnyFunSuiteLike.runTests$(AnyFunSuiteLike.scala:268)
[info]   at org.scalatest.funsuite.AnyFunSuite.runTests(AnyFunSuite.scala:1564)
[info]   at org.scalatest.Suite.run(Suite.scala:1114)
[info]   at org.scalatest.Suite.run$(Suite.scala:1096)
[info]   at org.scalatest.funsuite.AnyFunSuite.org$scalatest$funsuite$AnyFunSuiteLike$$super$run(AnyFunSuite.scala:1564)
[info]   at org.scalatest.funsuite.AnyFunSuiteLike.$anonfun$run$1(AnyFunSuiteLike.scala:273)
[info]   at org.scalatest.SuperEngine.runImpl(Engine.scala:535)
[info]   at org.scalatest.funsuite.AnyFunSuiteLike.run(AnyFunSuiteLike.scala:273)
[info]   at org.scalatest.funsuite.AnyFunSuiteLike.run$(AnyFunSuiteLike.scala:272)
[info]   at frameless.TypedDatasetSuite.org$scalatest$BeforeAndAfterAll$$super$run(TypedDatasetSuite.scala:63)
[info]   at org.scalatest.BeforeAndAfterAll.liftedTree1$1(BeforeAndAfterAll.scala:213)
[info]   at org.scalatest.BeforeAndAfterAll.run(BeforeAndAfterAll.scala:210)
[info]   at org.scalatest.BeforeAndAfterAll.run$(BeforeAndAfterAll.scala:208)
[info]   at frameless.TypedDatasetSuite.run(TypedDatasetSuite.scala:63)
[info]   at org.scalatest.tools.Framework.org$scalatest$tools$Framework$$runSuite(Framework.scala:321)
[info]   at org.scalatest.tools.Framework$ScalaTestTask.execute(Framework.scala:517)
[info]   at sbt.ForkMain$Run.lambda$runTest$1(ForkMain.java:414)
[info]   at java.base/java.util.concurrent.FutureTask.run(FutureTask.java:317)
[info]   at java.base/java.util.concurrent.ThreadPoolExecutor.runWorker(ThreadPoolExecutor.java:1144)
[info]   at java.base/java.util.concurrent.ThreadPoolExecutor$Worker.run(ThreadPoolExecutor.java:642)
[info]   at java.base/java.lang.Thread.run(Thread.java:1583)
[info] - array fields *** FAILED *** (9 milliseconds)
[info]   IllegalArgumentException was thrown during property evaluation.
[info]     Message: argument type mismatch
[info]     Occurred when passed generated values (
[info]       arg0 = Array(),
[info]       arg1 = Array(),
[info]       arg2 = Array(),
[info]       arg3 = Array(),
[info]       arg4 = X1([Z@2ace44ab)
[info]     )
[info]   org.scalatest.exceptions.GeneratorDrivenPropertyCheckFailedException:
[info]   at org.scalatestplus.scalacheck.CheckerAsserting$$anon$2.indicateFailure(CheckerAsserting.scala:251)
[info]   at org.scalatestplus.scalacheck.CheckerAsserting$$anon$2.indicateFailure(CheckerAsserting.scala:238)
[info]   at org.scalatestplus.scalacheck.UnitCheckerAsserting$CheckerAssertingImpl.check(CheckerAsserting.scala:160)
[info]   at org.scalatestplus.scalacheck.Checkers.check(Checkers.scala:371)
[info]   at org.scalatestplus.scalacheck.Checkers.check$(Checkers.scala:369)
[info]   at frameless.TypedDatasetSuite.check(TypedDatasetSuite.scala:63)
[info]   at frameless.CreateTests.$anonfun$new$46(CreateTests.scala:46)
[info]   at org.scalatest.OutcomeOf.outcomeOf(OutcomeOf.scala:85)
[info]   at org.scalatest.OutcomeOf.outcomeOf$(OutcomeOf.scala:83)
[info]   at org.scalatest.OutcomeOf$.outcomeOf(OutcomeOf.scala:104)
[info]   at org.scalatest.Transformer.apply(Transformer.scala:22)
[info]   at org.scalatest.Transformer.apply(Transformer.scala:20)
[info]   at org.scalatest.funsuite.AnyFunSuiteLike$$anon$1.apply(AnyFunSuiteLike.scala:226)
[info]   at org.scalatest.TestSuite.withFixture(TestSuite.scala:196)
[info]   at org.scalatest.TestSuite.withFixture$(TestSuite.scala:195)
[info]   at org.scalatest.funsuite.AnyFunSuite.withFixture(AnyFunSuite.scala:1564)
[info]   at org.scalatest.funsuite.AnyFunSuiteLike.invokeWithFixture$1(AnyFunSuiteLike.scala:224)
[info]   at org.scalatest.funsuite.AnyFunSuiteLike.$anonfun$runTest$1(AnyFunSuiteLike.scala:236)
[info]   at org.scalatest.SuperEngine.runTestImpl(Engine.scala:306)
[info]   at org.scalatest.funsuite.AnyFunSuiteLike.runTest(AnyFunSuiteLike.scala:236)
[info]   at org.scalatest.funsuite.AnyFunSuiteLike.runTest$(AnyFunSuiteLike.scala:218)
[info]   at org.scalatest.funsuite.AnyFunSuite.runTest(AnyFunSuite.scala:1564)
[info]   at org.scalatest.funsuite.AnyFunSuiteLike.$anonfun$runTests$1(AnyFunSuiteLike.scala:269)
[info]   at org.scalatest.SuperEngine.$anonfun$runTestsInBranch$1(Engine.scala:413)
[info]   at scala.collection.immutable.List.foreach(List.scala:334)
[info]   at org.scalatest.SuperEngine.traverseSubNodes$1(Engine.scala:401)
[info]   at org.scalatest.SuperEngine.runTestsInBranch(Engine.scala:396)
[info]   at org.scalatest.SuperEngine.runTestsImpl(Engine.scala:475)
[info]   at org.scalatest.funsuite.AnyFunSuiteLike.runTests(AnyFunSuiteLike.scala:269)
[info]   at org.scalatest.funsuite.AnyFunSuiteLike.runTests$(AnyFunSuiteLike.scala:268)
[info]   at org.scalatest.funsuite.AnyFunSuite.runTests(AnyFunSuite.scala:1564)
[info]   at org.scalatest.Suite.run(Suite.scala:1114)
[info]   at org.scalatest.Suite.run$(Suite.scala:1096)
[info]   at org.scalatest.funsuite.AnyFunSuite.org$scalatest$funsuite$AnyFunSuiteLike$$super$run(AnyFunSuite.scala:1564)
[info]   at org.scalatest.funsuite.AnyFunSuiteLike.$anonfun$run$1(AnyFunSuiteLike.scala:273)
[info]   at org.scalatest.SuperEngine.runImpl(Engine.scala:535)
[info]   at org.scalatest.funsuite.AnyFunSuiteLike.run(AnyFunSuiteLike.scala:273)
[info]   at org.scalatest.funsuite.AnyFunSuiteLike.run$(AnyFunSuiteLike.scala:272)
[info]   at frameless.TypedDatasetSuite.org$scalatest$BeforeAndAfterAll$$super$run(TypedDatasetSuite.scala:63)
[info]   at org.scalatest.BeforeAndAfterAll.liftedTree1$1(BeforeAndAfterAll.scala:213)
[info]   at org.scalatest.BeforeAndAfterAll.run(BeforeAndAfterAll.scala:210)
[info]   at org.scalatest.BeforeAndAfterAll.run$(BeforeAndAfterAll.scala:208)
[info]   at frameless.TypedDatasetSuite.run(TypedDatasetSuite.scala:63)
[info]   at org.scalatest.tools.Framework.org$scalatest$tools$Framework$$runSuite(Framework.scala:321)
[info]   at org.scalatest.tools.Framework$ScalaTestTask.execute(Framework.scala:517)
[info]   at sbt.ForkMain$Run.lambda$runTest$1(ForkMain.java:414)
[info]   at java.base/java.util.concurrent.FutureTask.run(FutureTask.java:317)
[info]   at java.base/java.util.concurrent.ThreadPoolExecutor.runWorker(ThreadPoolExecutor.java:1144)
[info]   at java.base/java.util.concurrent.ThreadPoolExecutor$Worker.run(ThreadPoolExecutor.java:642)
[info]   at java.base/java.lang.Thread.run(Thread.java:1583)
[info]   Cause: java.lang.IllegalArgumentException: argument type mismatch
[info]   at java.base/jdk.internal.reflect.DirectConstructorHandleAccessor.newInstance(DirectConstructorHandleAccessor.java:65)
[info]   at java.base/java.lang.reflect.Constructor.newInstanceWithCaller(Constructor.java:502)
[info]   at java.base/java.lang.reflect.Constructor.newInstance(Constructor.java:486)
[info]   at frameless.TypedExpressionEncoder$.$anonfun$apply$3(TypedExpressionEncoder.scala:55)
[info]   at scala.Option.map(Option.scala:242)
[info]   at frameless.TypedExpressionEncoder$.apply(TypedExpressionEncoder.scala:54)
[info]   at frameless.TypedDataset$.create(TypedDataset.scala:1325)
[info]   at frameless.CreateTests.$anonfun$new$47(CreateTests.scala:39)
[info]   at frameless.CreateTests.$anonfun$new$47$adapted(CreateTests.scala:38)
[info]   at org.scalacheck.Prop$.$anonfun$forAll$24(Prop.scala:1188)
[info]   at org.scalacheck.Prop$.$anonfun$forAll$22(Prop.scala:1166)
[info]   at org.scalacheck.Prop$.$anonfun$forAll$20(Prop.scala:1147)
[info]   at org.scalacheck.Prop$.$anonfun$forAll$18(Prop.scala:1131)
[info]   at scala.Function1.$anonfun$andThen$1(Function1.scala:87)
[info]   at org.scalacheck.Prop$.$anonfun$forAllShrink$2(Prop.scala:868)
[info]   at org.scalacheck.Prop$.secure(Prop.scala:484)
[info]   at org.scalacheck.Prop$.result$1(Prop.scala:868)
[info]   at org.scalacheck.Prop$.$anonfun$forAllShrink$1(Prop.scala:915)
[info]   at org.scalacheck.Prop$.$anonfun$apply$1(Prop.scala:305)
[info]   at org.scalacheck.PropFromFun.apply(Prop.scala:20)
[info]   at org.scalacheck.Prop$.result$1(Prop.scala:869)
[info]   at org.scalacheck.Prop$.$anonfun$forAllShrink$1(Prop.scala:915)
[info]   at org.scalacheck.Prop$.$anonfun$apply$1(Prop.scala:305)
[info]   at org.scalacheck.PropFromFun.apply(Prop.scala:20)
[info]   at org.scalacheck.Prop$.result$1(Prop.scala:869)
[info]   at org.scalacheck.Prop$.$anonfun$forAllShrink$1(Prop.scala:915)
[info]   at org.scalacheck.Prop$.$anonfun$apply$1(Prop.scala:305)
[info]   at org.scalacheck.PropFromFun.apply(Prop.scala:20)
[info]   at org.scalacheck.Prop$.result$1(Prop.scala:869)
[info]   at org.scalacheck.Prop$.$anonfun$forAllShrink$1(Prop.scala:915)
[info]   at org.scalacheck.Prop$.$anonfun$apply$1(Prop.scala:305)
[info]   at org.scalacheck.PropFromFun.apply(Prop.scala:20)
[info]   at org.scalacheck.Prop$.result$1(Prop.scala:869)
[info]   at org.scalacheck.Prop$.$anonfun$forAllShrink$1(Prop.scala:915)
[info]   at org.scalacheck.Prop$.$anonfun$apply$1(Prop.scala:305)
[info]   at org.scalacheck.PropFromFun.apply(Prop.scala:20)
[info]   at org.scalacheck.Test$.workerFun$1(Test.scala:486)
[info]   at org.scalacheck.Test$.$anonfun$check$4(Test.scala:518)
[info]   at org.scalacheck.Test$.$anonfun$check$4$adapted(Test.scala:518)
[info]   at org.scalacheck.Platform$.runWorkers(Platform.scala:42)
[info]   at org.scalacheck.Test$.check(Test.scala:518)
[info]   at org.scalatestplus.scalacheck.UnitCheckerAsserting$CheckerAssertingImpl.check(CheckerAsserting.scala:90)
[info]   at org.scalatestplus.scalacheck.Checkers.check(Checkers.scala:371)
[info]   at org.scalatestplus.scalacheck.Checkers.check$(Checkers.scala:369)
[info]   at frameless.TypedDatasetSuite.check(TypedDatasetSuite.scala:63)
[info]   at frameless.CreateTests.$anonfun$new$46(CreateTests.scala:46)
[info]   at org.scalatest.OutcomeOf.outcomeOf(OutcomeOf.scala:85)
[info]   at org.scalatest.OutcomeOf.outcomeOf$(OutcomeOf.scala:83)
[info]   at org.scalatest.OutcomeOf$.outcomeOf(OutcomeOf.scala:104)
[info]   at org.scalatest.Transformer.apply(Transformer.scala:22)
[info]   at org.scalatest.Transformer.apply(Transformer.scala:20)
[info]   at org.scalatest.funsuite.AnyFunSuiteLike$$anon$1.apply(AnyFunSuiteLike.scala:226)
[info]   at org.scalatest.TestSuite.withFixture(TestSuite.scala:196)
[info]   at org.scalatest.TestSuite.withFixture$(TestSuite.scala:195)
[info]   at org.scalatest.funsuite.AnyFunSuite.withFixture(AnyFunSuite.scala:1564)
[info]   at org.scalatest.funsuite.AnyFunSuiteLike.invokeWithFixture$1(AnyFunSuiteLike.scala:224)
[info]   at org.scalatest.funsuite.AnyFunSuiteLike.$anonfun$runTest$1(AnyFunSuiteLike.scala:236)
[info]   at org.scalatest.SuperEngine.runTestImpl(Engine.scala:306)
[info]   at org.scalatest.funsuite.AnyFunSuiteLike.runTest(AnyFunSuiteLike.scala:236)
[info]   at org.scalatest.funsuite.AnyFunSuiteLike.runTest$(AnyFunSuiteLike.scala:218)
[info]   at org.scalatest.funsuite.AnyFunSuite.runTest(AnyFunSuite.scala:1564)
[info]   at org.scalatest.funsuite.AnyFunSuiteLike.$anonfun$runTests$1(AnyFunSuiteLike.scala:269)
[info]   at org.scalatest.SuperEngine.$anonfun$runTestsInBranch$1(Engine.scala:413)
[info]   at scala.collection.immutable.List.foreach(List.scala:334)
[info]   at org.scalatest.SuperEngine.traverseSubNodes$1(Engine.scala:401)
[info]   at org.scalatest.SuperEngine.runTestsInBranch(Engine.scala:396)
[info]   at org.scalatest.SuperEngine.runTestsImpl(Engine.scala:475)
[info]   at org.scalatest.funsuite.AnyFunSuiteLike.runTests(AnyFunSuiteLike.scala:269)
[info]   at org.scalatest.funsuite.AnyFunSuiteLike.runTests$(AnyFunSuiteLike.scala:268)
[info]   at org.scalatest.funsuite.AnyFunSuite.runTests(AnyFunSuite.scala:1564)
[info]   at org.scalatest.Suite.run(Suite.scala:1114)
[info]   at org.scalatest.Suite.run$(Suite.scala:1096)
[info]   at org.scalatest.funsuite.AnyFunSuite.org$scalatest$funsuite$AnyFunSuiteLike$$super$run(AnyFunSuite.scala:1564)
[info]   at org.scalatest.funsuite.AnyFunSuiteLike.$anonfun$run$1(AnyFunSuiteLike.scala:273)
[info]   at org.scalatest.SuperEngine.runImpl(Engine.scala:535)
[info]   at org.scalatest.funsuite.AnyFunSuiteLike.run(AnyFunSuiteLike.scala:273)
[info]   at org.scalatest.funsuite.AnyFunSuiteLike.run$(AnyFunSuiteLike.scala:272)
[info]   at frameless.TypedDatasetSuite.org$scalatest$BeforeAndAfterAll$$super$run(TypedDatasetSuite.scala:63)
[info]   at org.scalatest.BeforeAndAfterAll.liftedTree1$1(BeforeAndAfterAll.scala:213)
[info]   at org.scalatest.BeforeAndAfterAll.run(BeforeAndAfterAll.scala:210)
[info]   at org.scalatest.BeforeAndAfterAll.run$(BeforeAndAfterAll.scala:208)
[info]   at frameless.TypedDatasetSuite.run(TypedDatasetSuite.scala:63)
[info]   at org.scalatest.tools.Framework.org$scalatest$tools$Framework$$runSuite(Framework.scala:321)
[info]   at org.scalatest.tools.Framework$ScalaTestTask.execute(Framework.scala:517)
[info]   at sbt.ForkMain$Run.lambda$runTest$1(ForkMain.java:414)
[info]   at java.base/java.util.concurrent.FutureTask.run(FutureTask.java:317)
[info]   at java.base/java.util.concurrent.ThreadPoolExecutor.runWorker(ThreadPoolExecutor.java:1144)
[info]   at java.base/java.util.concurrent.ThreadPoolExecutor$Worker.run(ThreadPoolExecutor.java:642)
[info]   at java.base/java.lang.Thread.run(Thread.java:1583)
[info]   Cause: java.lang.ClassCastException: Cannot cast scala.reflect.ClassTag$GenericClassTag to org.apache.spark.sql.catalyst.expressions.Expression
[info]   at java.base/java.lang.Class.cast(Class.java:4067)
[info]   at java.base/jdk.internal.reflect.DirectConstructorHandleAccessor.newInstance(DirectConstructorHandleAccessor.java:62)
[info]   at java.base/java.lang.reflect.Constructor.newInstanceWithCaller(Constructor.java:502)
[info]   at java.base/java.lang.reflect.Constructor.newInstance(Constructor.java:486)
[info]   at frameless.TypedExpressionEncoder$.$anonfun$apply$3(TypedExpressionEncoder.scala:55)
[info]   at scala.Option.map(Option.scala:242)
[info]   at frameless.TypedExpressionEncoder$.apply(TypedExpressionEncoder.scala:54)
[info]   at frameless.TypedDataset$.create(TypedDataset.scala:1325)
[info]   at frameless.CreateTests.$anonfun$new$47(CreateTests.scala:39)
[info]   at frameless.CreateTests.$anonfun$new$47$adapted(CreateTests.scala:38)
[info]   at org.scalacheck.Prop$.$anonfun$forAll$24(Prop.scala:1188)
[info]   at org.scalacheck.Prop$.$anonfun$forAll$22(Prop.scala:1166)
[info]   at org.scalacheck.Prop$.$anonfun$forAll$20(Prop.scala:1147)
[info]   at org.scalacheck.Prop$.$anonfun$forAll$18(Prop.scala:1131)
[info]   at scala.Function1.$anonfun$andThen$1(Function1.scala:87)
[info]   at org.scalacheck.Prop$.$anonfun$forAllShrink$2(Prop.scala:868)
[info]   at org.scalacheck.Prop$.secure(Prop.scala:484)
[info]   at org.scalacheck.Prop$.result$1(Prop.scala:868)
[info]   at org.scalacheck.Prop$.$anonfun$forAllShrink$1(Prop.scala:915)
[info]   at org.scalacheck.Prop$.$anonfun$apply$1(Prop.scala:305)
[info]   at org.scalacheck.PropFromFun.apply(Prop.scala:20)
[info]   at org.scalacheck.Prop$.result$1(Prop.scala:869)
[info]   at org.scalacheck.Prop$.$anonfun$forAllShrink$1(Prop.scala:915)
[info]   at org.scalacheck.Prop$.$anonfun$apply$1(Prop.scala:305)
[info]   at org.scalacheck.PropFromFun.apply(Prop.scala:20)
[info]   at org.scalacheck.Prop$.result$1(Prop.scala:869)
[info]   at org.scalacheck.Prop$.$anonfun$forAllShrink$1(Prop.scala:915)
[info]   at org.scalacheck.Prop$.$anonfun$apply$1(Prop.scala:305)
[info]   at org.scalacheck.PropFromFun.apply(Prop.scala:20)
[info]   at org.scalacheck.Prop$.result$1(Prop.scala:869)
[info]   at org.scalacheck.Prop$.$anonfun$forAllShrink$1(Prop.scala:915)
[info]   at org.scalacheck.Prop$.$anonfun$apply$1(Prop.scala:305)
[info]   at org.scalacheck.PropFromFun.apply(Prop.scala:20)
[info]   at org.scalacheck.Prop$.result$1(Prop.scala:869)
[info]   at org.scalacheck.Prop$.$anonfun$forAllShrink$1(Prop.scala:915)
[info]   at org.scalacheck.Prop$.$anonfun$apply$1(Prop.scala:305)
[info]   at org.scalacheck.PropFromFun.apply(Prop.scala:20)
[info]   at org.scalacheck.Test$.workerFun$1(Test.scala:486)
[info]   at org.scalacheck.Test$.$anonfun$check$4(Test.scala:518)
[info]   at org.scalacheck.Test$.$anonfun$check$4$adapted(Test.scala:518)
[info]   at org.scalacheck.Platform$.runWorkers(Platform.scala:42)
[info]   at org.scalacheck.Test$.check(Test.scala:518)
[info]   at org.scalatestplus.scalacheck.UnitCheckerAsserting$CheckerAssertingImpl.check(CheckerAsserting.scala:90)
[info]   at org.scalatestplus.scalacheck.Checkers.check(Checkers.scala:371)
[info]   at org.scalatestplus.scalacheck.Checkers.check$(Checkers.scala:369)
[info]   at frameless.TypedDatasetSuite.check(TypedDatasetSuite.scala:63)
[info]   at frameless.CreateTests.$anonfun$new$46(CreateTests.scala:46)
[info]   at org.scalatest.OutcomeOf.outcomeOf(OutcomeOf.scala:85)
[info]   at org.scalatest.OutcomeOf.outcomeOf$(OutcomeOf.scala:83)
[info]   at org.scalatest.OutcomeOf$.outcomeOf(OutcomeOf.scala:104)
[info]   at org.scalatest.Transformer.apply(Transformer.scala:22)
[info]   at org.scalatest.Transformer.apply(Transformer.scala:20)
[info]   at org.scalatest.funsuite.AnyFunSuiteLike$$anon$1.apply(AnyFunSuiteLike.scala:226)
[info]   at org.scalatest.TestSuite.withFixture(TestSuite.scala:196)
[info]   at org.scalatest.TestSuite.withFixture$(TestSuite.scala:195)
[info]   at org.scalatest.funsuite.AnyFunSuite.withFixture(AnyFunSuite.scala:1564)
[info]   at org.scalatest.funsuite.AnyFunSuiteLike.invokeWithFixture$1(AnyFunSuiteLike.scala:224)
[info]   at org.scalatest.funsuite.AnyFunSuiteLike.$anonfun$runTest$1(AnyFunSuiteLike.scala:236)
[info]   at org.scalatest.SuperEngine.runTestImpl(Engine.scala:306)
[info]   at org.scalatest.funsuite.AnyFunSuiteLike.runTest(AnyFunSuiteLike.scala:236)
[info]   at org.scalatest.funsuite.AnyFunSuiteLike.runTest$(AnyFunSuiteLike.scala:218)
[info]   at org.scalatest.funsuite.AnyFunSuite.runTest(AnyFunSuite.scala:1564)
[info]   at org.scalatest.funsuite.AnyFunSuiteLike.$anonfun$runTests$1(AnyFunSuiteLike.scala:269)
[info]   at org.scalatest.SuperEngine.$anonfun$runTestsInBranch$1(Engine.scala:413)
[info]   at scala.collection.immutable.List.foreach(List.scala:334)
[info]   at org.scalatest.SuperEngine.traverseSubNodes$1(Engine.scala:401)
[info]   at org.scalatest.SuperEngine.runTestsInBranch(Engine.scala:396)
[info]   at org.scalatest.SuperEngine.runTestsImpl(Engine.scala:475)
[info]   at org.scalatest.funsuite.AnyFunSuiteLike.runTests(AnyFunSuiteLike.scala:269)
[info]   at org.scalatest.funsuite.AnyFunSuiteLike.runTests$(AnyFunSuiteLike.scala:268)
[info]   at org.scalatest.funsuite.AnyFunSuite.runTests(AnyFunSuite.scala:1564)
[info]   at org.scalatest.Suite.run(Suite.scala:1114)
[info]   at org.scalatest.Suite.run$(Suite.scala:1096)
[info]   at org.scalatest.funsuite.AnyFunSuite.org$scalatest$funsuite$AnyFunSuiteLike$$super$run(AnyFunSuite.scala:1564)
[info]   at org.scalatest.funsuite.AnyFunSuiteLike.$anonfun$run$1(AnyFunSuiteLike.scala:273)
[info]   at org.scalatest.SuperEngine.runImpl(Engine.scala:535)
[info]   at org.scalatest.funsuite.AnyFunSuiteLike.run(AnyFunSuiteLike.scala:273)
[info]   at org.scalatest.funsuite.AnyFunSuiteLike.run$(AnyFunSuiteLike.scala:272)
[info]   at frameless.TypedDatasetSuite.org$scalatest$BeforeAndAfterAll$$super$run(TypedDatasetSuite.scala:63)
[info]   at org.scalatest.BeforeAndAfterAll.liftedTree1$1(BeforeAndAfterAll.scala:213)
[info]   at org.scalatest.BeforeAndAfterAll.run(BeforeAndAfterAll.scala:210)
[info]   at org.scalatest.BeforeAndAfterAll.run$(BeforeAndAfterAll.scala:208)
[info]   at frameless.TypedDatasetSuite.run(TypedDatasetSuite.scala:63)
[info]   at org.scalatest.tools.Framework.org$scalatest$tools$Framework$$runSuite(Framework.scala:321)
[info]   at org.scalatest.tools.Framework$ScalaTestTask.execute(Framework.scala:517)
[info]   at sbt.ForkMain$Run.lambda$runTest$1(ForkMain.java:414)
[info]   at java.base/java.util.concurrent.FutureTask.run(FutureTask.java:317)
[info]   at java.base/java.util.concurrent.ThreadPoolExecutor.runWorker(ThreadPoolExecutor.java:1144)
[info]   at java.base/java.util.concurrent.ThreadPoolExecutor$Worker.run(ThreadPoolExecutor.java:642)
[info]   at java.base/java.lang.Thread.run(Thread.java:1583)
[info] - vector fields *** FAILED *** (5 milliseconds)
[info]   IllegalArgumentException was thrown during property evaluation.
[info]     Message: argument type mismatch
[info]     Occurred when passed generated values (
[info]       arg0 = Vector(),
[info]       arg1 = Vector(),
[info]       arg2 = Vector(),
[info]       arg3 = Vector(),
[info]       arg4 = X1(Vector())
[info]     )
[info]   org.scalatest.exceptions.GeneratorDrivenPropertyCheckFailedException:
[info]   at org.scalatestplus.scalacheck.CheckerAsserting$$anon$2.indicateFailure(CheckerAsserting.scala:251)
[info]   at org.scalatestplus.scalacheck.CheckerAsserting$$anon$2.indicateFailure(CheckerAsserting.scala:238)
[info]   at org.scalatestplus.scalacheck.UnitCheckerAsserting$CheckerAssertingImpl.check(CheckerAsserting.scala:160)
[info]   at org.scalatestplus.scalacheck.Checkers.check(Checkers.scala:371)
[info]   at org.scalatestplus.scalacheck.Checkers.check$(Checkers.scala:369)
[info]   at frameless.TypedDatasetSuite.check(TypedDatasetSuite.scala:63)
[info]   at frameless.CreateTests.$anonfun$new$71(CreateTests.scala:67)
[info]   at org.scalatest.OutcomeOf.outcomeOf(OutcomeOf.scala:85)
[info]   at org.scalatest.OutcomeOf.outcomeOf$(OutcomeOf.scala:83)
[info]   at org.scalatest.OutcomeOf$.outcomeOf(OutcomeOf.scala:104)
[info]   at org.scalatest.Transformer.apply(Transformer.scala:22)
[info]   at org.scalatest.Transformer.apply(Transformer.scala:20)
[info]   at org.scalatest.funsuite.AnyFunSuiteLike$$anon$1.apply(AnyFunSuiteLike.scala:226)
[info]   at org.scalatest.TestSuite.withFixture(TestSuite.scala:196)
[info]   at org.scalatest.TestSuite.withFixture$(TestSuite.scala:195)
[info]   at org.scalatest.funsuite.AnyFunSuite.withFixture(AnyFunSuite.scala:1564)
[info]   at org.scalatest.funsuite.AnyFunSuiteLike.invokeWithFixture$1(AnyFunSuiteLike.scala:224)
[info]   at org.scalatest.funsuite.AnyFunSuiteLike.$anonfun$runTest$1(AnyFunSuiteLike.scala:236)
[info]   at org.scalatest.SuperEngine.runTestImpl(Engine.scala:306)
[info]   at org.scalatest.funsuite.AnyFunSuiteLike.runTest(AnyFunSuiteLike.scala:236)
[info]   at org.scalatest.funsuite.AnyFunSuiteLike.runTest$(AnyFunSuiteLike.scala:218)
[info]   at org.scalatest.funsuite.AnyFunSuite.runTest(AnyFunSuite.scala:1564)
[info]   at org.scalatest.funsuite.AnyFunSuiteLike.$anonfun$runTests$1(AnyFunSuiteLike.scala:269)
[info]   at org.scalatest.SuperEngine.$anonfun$runTestsInBranch$1(Engine.scala:413)
[info]   at scala.collection.immutable.List.foreach(List.scala:334)
[info]   at org.scalatest.SuperEngine.traverseSubNodes$1(Engine.scala:401)
[info]   at org.scalatest.SuperEngine.runTestsInBranch(Engine.scala:396)
[info]   at org.scalatest.SuperEngine.runTestsImpl(Engine.scala:475)
[info]   at org.scalatest.funsuite.AnyFunSuiteLike.runTests(AnyFunSuiteLike.scala:269)
[info]   at org.scalatest.funsuite.AnyFunSuiteLike.runTests$(AnyFunSuiteLike.scala:268)
[info]   at org.scalatest.funsuite.AnyFunSuite.runTests(AnyFunSuite.scala:1564)
[info]   at org.scalatest.Suite.run(Suite.scala:1114)
[info]   at org.scalatest.Suite.run$(Suite.scala:1096)
[info]   at org.scalatest.funsuite.AnyFunSuite.org$scalatest$funsuite$AnyFunSuiteLike$$super$run(AnyFunSuite.scala:1564)
[info]   at org.scalatest.funsuite.AnyFunSuiteLike.$anonfun$run$1(AnyFunSuiteLike.scala:273)
[info]   at org.scalatest.SuperEngine.runImpl(Engine.scala:535)
[info]   at org.scalatest.funsuite.AnyFunSuiteLike.run(AnyFunSuiteLike.scala:273)
[info]   at org.scalatest.funsuite.AnyFunSuiteLike.run$(AnyFunSuiteLike.scala:272)
[info]   at frameless.TypedDatasetSuite.org$scalatest$BeforeAndAfterAll$$super$run(TypedDatasetSuite.scala:63)
[info]   at org.scalatest.BeforeAndAfterAll.liftedTree1$1(BeforeAndAfterAll.scala:213)
[info]   at org.scalatest.BeforeAndAfterAll.run(BeforeAndAfterAll.scala:210)
[info]   at org.scalatest.BeforeAndAfterAll.run$(BeforeAndAfterAll.scala:208)
[info]   at frameless.TypedDatasetSuite.run(TypedDatasetSuite.scala:63)
[info]   at org.scalatest.tools.Framework.org$scalatest$tools$Framework$$runSuite(Framework.scala:321)
[info]   at org.scalatest.tools.Framework$ScalaTestTask.execute(Framework.scala:517)
[info]   at sbt.ForkMain$Run.lambda$runTest$1(ForkMain.java:414)
[info]   at java.base/java.util.concurrent.FutureTask.run(FutureTask.java:317)
[info]   at java.base/java.util.concurrent.ThreadPoolExecutor.runWorker(ThreadPoolExecutor.java:1144)
[info]   at java.base/java.util.concurrent.ThreadPoolExecutor$Worker.run(ThreadPoolExecutor.java:642)
[info]   at java.base/java.lang.Thread.run(Thread.java:1583)
[info]   Cause: java.lang.IllegalArgumentException: argument type mismatch
[info]   at java.base/jdk.internal.reflect.DirectConstructorHandleAccessor.newInstance(DirectConstructorHandleAccessor.java:65)
[info]   at java.base/java.lang.reflect.Constructor.newInstanceWithCaller(Constructor.java:502)
[info]   at java.base/java.lang.reflect.Constructor.newInstance(Constructor.java:486)
[info]   at frameless.TypedExpressionEncoder$.$anonfun$apply$3(TypedExpressionEncoder.scala:55)
[info]   at scala.Option.map(Option.scala:242)
[info]   at frameless.TypedExpressionEncoder$.apply(TypedExpressionEncoder.scala:54)
[info]   at frameless.TypedDataset$.create(TypedDataset.scala:1325)
[info]   at frameless.CreateTests.$anonfun$new$73(CreateTests.scala:60)
[info]   at org.scalacheck.Prop$ExtendedAny.$qmark$eq(Prop.scala:329)
[info]   at frameless.CreateTests.$anonfun$new$72(CreateTests.scala:60)
[info]   at org.scalacheck.Prop$.$anonfun$forAll$24(Prop.scala:1188)
[info]   at org.scalacheck.Prop$.$anonfun$forAll$22(Prop.scala:1166)
[info]   at org.scalacheck.Prop$.$anonfun$forAll$20(Prop.scala:1147)
[info]   at org.scalacheck.Prop$.$anonfun$forAll$18(Prop.scala:1131)
[info]   at scala.Function1.$anonfun$andThen$1(Function1.scala:87)
[info]   at org.scalacheck.Prop$.$anonfun$forAllShrink$2(Prop.scala:868)
[info]   at org.scalacheck.Prop$.secure(Prop.scala:484)
[info]   at org.scalacheck.Prop$.result$1(Prop.scala:868)
[info]   at org.scalacheck.Prop$.$anonfun$forAllShrink$1(Prop.scala:915)
[info]   at org.scalacheck.Prop$.$anonfun$apply$1(Prop.scala:305)
[info]   at org.scalacheck.PropFromFun.apply(Prop.scala:20)
[info]   at org.scalacheck.Prop$.result$1(Prop.scala:869)
[info]   at org.scalacheck.Prop$.$anonfun$forAllShrink$1(Prop.scala:915)
[info]   at org.scalacheck.Prop$.$anonfun$apply$1(Prop.scala:305)
[info]   at org.scalacheck.PropFromFun.apply(Prop.scala:20)
[info]   at org.scalacheck.Prop$.result$1(Prop.scala:869)
[info]   at org.scalacheck.Prop$.$anonfun$forAllShrink$1(Prop.scala:915)
[info]   at org.scalacheck.Prop$.$anonfun$apply$1(Prop.scala:305)
[info]   at org.scalacheck.PropFromFun.apply(Prop.scala:20)
[info]   at org.scalacheck.Prop$.result$1(Prop.scala:869)
[info]   at org.scalacheck.Prop$.$anonfun$forAllShrink$1(Prop.scala:915)
[info]   at org.scalacheck.Prop$.$anonfun$apply$1(Prop.scala:305)
[info]   at org.scalacheck.PropFromFun.apply(Prop.scala:20)
[info]   at org.scalacheck.Prop$.result$1(Prop.scala:869)
[info]   at org.scalacheck.Prop$.$anonfun$forAllShrink$1(Prop.scala:915)
[info]   at org.scalacheck.Prop$.$anonfun$apply$1(Prop.scala:305)
[info]   at org.scalacheck.PropFromFun.apply(Prop.scala:20)
[info]   at org.scalacheck.Test$.workerFun$1(Test.scala:486)
[info]   at org.scalacheck.Test$.$anonfun$check$4(Test.scala:518)
[info]   at org.scalacheck.Test$.$anonfun$check$4$adapted(Test.scala:518)
[info]   at org.scalacheck.Platform$.runWorkers(Platform.scala:42)
[info]   at org.scalacheck.Test$.check(Test.scala:518)
[info]   at org.scalatestplus.scalacheck.UnitCheckerAsserting$CheckerAssertingImpl.check(CheckerAsserting.scala:90)
[info]   at org.scalatestplus.scalacheck.Checkers.check(Checkers.scala:371)
[info]   at org.scalatestplus.scalacheck.Checkers.check$(Checkers.scala:369)
[info]   at frameless.TypedDatasetSuite.check(TypedDatasetSuite.scala:63)
[info]   at frameless.CreateTests.$anonfun$new$71(CreateTests.scala:67)
[info]   at org.scalatest.OutcomeOf.outcomeOf(OutcomeOf.scala:85)
[info]   at org.scalatest.OutcomeOf.outcomeOf$(OutcomeOf.scala:83)
[info]   at org.scalatest.OutcomeOf$.outcomeOf(OutcomeOf.scala:104)
[info]   at org.scalatest.Transformer.apply(Transformer.scala:22)
[info]   at org.scalatest.Transformer.apply(Transformer.scala:20)
[info]   at org.scalatest.funsuite.AnyFunSuiteLike$$anon$1.apply(AnyFunSuiteLike.scala:226)
[info]   at org.scalatest.TestSuite.withFixture(TestSuite.scala:196)
[info]   at org.scalatest.TestSuite.withFixture$(TestSuite.scala:195)
[info]   at org.scalatest.funsuite.AnyFunSuite.withFixture(AnyFunSuite.scala:1564)
[info]   at org.scalatest.funsuite.AnyFunSuiteLike.invokeWithFixture$1(AnyFunSuiteLike.scala:224)
[info]   at org.scalatest.funsuite.AnyFunSuiteLike.$anonfun$runTest$1(AnyFunSuiteLike.scala:236)
[info]   at org.scalatest.SuperEngine.runTestImpl(Engine.scala:306)
[info]   at org.scalatest.funsuite.AnyFunSuiteLike.runTest(AnyFunSuiteLike.scala:236)
[info]   at org.scalatest.funsuite.AnyFunSuiteLike.runTest$(AnyFunSuiteLike.scala:218)
[info]   at org.scalatest.funsuite.AnyFunSuite.runTest(AnyFunSuite.scala:1564)
[info]   at org.scalatest.funsuite.AnyFunSuiteLike.$anonfun$runTests$1(AnyFunSuiteLike.scala:269)
[info]   at org.scalatest.SuperEngine.$anonfun$runTestsInBranch$1(Engine.scala:413)
[info]   at scala.collection.immutable.List.foreach(List.scala:334)
[info]   at org.scalatest.SuperEngine.traverseSubNodes$1(Engine.scala:401)
[info]   at org.scalatest.SuperEngine.runTestsInBranch(Engine.scala:396)
[info]   at org.scalatest.SuperEngine.runTestsImpl(Engine.scala:475)
[info]   at org.scalatest.funsuite.AnyFunSuiteLike.runTests(AnyFunSuiteLike.scala:269)
[info]   at org.scalatest.funsuite.AnyFunSuiteLike.runTests$(AnyFunSuiteLike.scala:268)
[info]   at org.scalatest.funsuite.AnyFunSuite.runTests(AnyFunSuite.scala:1564)
[info]   at org.scalatest.Suite.run(Suite.scala:1114)
[info]   at org.scalatest.Suite.run$(Suite.scala:1096)
[info]   at org.scalatest.funsuite.AnyFunSuite.org$scalatest$funsuite$AnyFunSuiteLike$$super$run(AnyFunSuite.scala:1564)
[info]   at org.scalatest.funsuite.AnyFunSuiteLike.$anonfun$run$1(AnyFunSuiteLike.scala:273)
[info]   at org.scalatest.SuperEngine.runImpl(Engine.scala:535)
[info]   at org.scalatest.funsuite.AnyFunSuiteLike.run(AnyFunSuiteLike.scala:273)
[info]   at org.scalatest.funsuite.AnyFunSuiteLike.run$(AnyFunSuiteLike.scala:272)
[info]   at frameless.TypedDatasetSuite.org$scalatest$BeforeAndAfterAll$$super$run(TypedDatasetSuite.scala:63)
[info]   at org.scalatest.BeforeAndAfterAll.liftedTree1$1(BeforeAndAfterAll.scala:213)
[info]   at org.scalatest.BeforeAndAfterAll.run(BeforeAndAfterAll.scala:210)
[info]   at org.scalatest.BeforeAndAfterAll.run$(BeforeAndAfterAll.scala:208)
[info]   at frameless.TypedDatasetSuite.run(TypedDatasetSuite.scala:63)
[info]   at org.scalatest.tools.Framework.org$scalatest$tools$Framework$$runSuite(Framework.scala:321)
[info]   at org.scalatest.tools.Framework$ScalaTestTask.execute(Framework.scala:517)
[info]   at sbt.ForkMain$Run.lambda$runTest$1(ForkMain.java:414)
[info]   at java.base/java.util.concurrent.FutureTask.run(FutureTask.java:317)
[info]   at java.base/java.util.concurrent.ThreadPoolExecutor.runWorker(ThreadPoolExecutor.java:1144)
[info]   at java.base/java.util.concurrent.ThreadPoolExecutor$Worker.run(ThreadPoolExecutor.java:642)
[info]   at java.base/java.lang.Thread.run(Thread.java:1583)
[info]   Cause: java.lang.ClassCastException: Cannot cast scala.reflect.ClassTag$GenericClassTag to org.apache.spark.sql.catalyst.expressions.Expression
[info]   at java.base/java.lang.Class.cast(Class.java:4067)
[info]   at java.base/jdk.internal.reflect.DirectConstructorHandleAccessor.newInstance(DirectConstructorHandleAccessor.java:62)
[info]   at java.base/java.lang.reflect.Constructor.newInstanceWithCaller(Constructor.java:502)
[info]   at java.base/java.lang.reflect.Constructor.newInstance(Constructor.java:486)
[info]   at frameless.TypedExpressionEncoder$.$anonfun$apply$3(TypedExpressionEncoder.scala:55)
[info]   at scala.Option.map(Option.scala:242)
[info]   at frameless.TypedExpressionEncoder$.apply(TypedExpressionEncoder.scala:54)
[info]   at frameless.TypedDataset$.create(TypedDataset.scala:1325)
[info]   at frameless.CreateTests.$anonfun$new$73(CreateTests.scala:60)
[info]   at org.scalacheck.Prop$ExtendedAny.$qmark$eq(Prop.scala:329)
[info]   at frameless.CreateTests.$anonfun$new$72(CreateTests.scala:60)
[info]   at org.scalacheck.Prop$.$anonfun$forAll$24(Prop.scala:1188)
[info]   at org.scalacheck.Prop$.$anonfun$forAll$22(Prop.scala:1166)
[info]   at org.scalacheck.Prop$.$anonfun$forAll$20(Prop.scala:1147)
[info]   at org.scalacheck.Prop$.$anonfun$forAll$18(Prop.scala:1131)
[info]   at scala.Function1.$anonfun$andThen$1(Function1.scala:87)
[info]   at org.scalacheck.Prop$.$anonfun$forAllShrink$2(Prop.scala:868)
[info]   at org.scalacheck.Prop$.secure(Prop.scala:484)
[info]   at org.scalacheck.Prop$.result$1(Prop.scala:868)
[info]   at org.scalacheck.Prop$.$anonfun$forAllShrink$1(Prop.scala:915)
[info]   at org.scalacheck.Prop$.$anonfun$apply$1(Prop.scala:305)
[info]   at org.scalacheck.PropFromFun.apply(Prop.scala:20)
[info]   at org.scalacheck.Prop$.result$1(Prop.scala:869)
[info]   at org.scalacheck.Prop$.$anonfun$forAllShrink$1(Prop.scala:915)
[info]   at org.scalacheck.Prop$.$anonfun$apply$1(Prop.scala:305)
[info]   at org.scalacheck.PropFromFun.apply(Prop.scala:20)
[info]   at org.scalacheck.Prop$.result$1(Prop.scala:869)
[info]   at org.scalacheck.Prop$.$anonfun$forAllShrink$1(Prop.scala:915)
[info]   at org.scalacheck.Prop$.$anonfun$apply$1(Prop.scala:305)
[info]   at org.scalacheck.PropFromFun.apply(Prop.scala:20)
[info]   at org.scalacheck.Prop$.result$1(Prop.scala:869)
[info]   at org.scalacheck.Prop$.$anonfun$forAllShrink$1(Prop.scala:915)
[info]   at org.scalacheck.Prop$.$anonfun$apply$1(Prop.scala:305)
[info]   at org.scalacheck.PropFromFun.apply(Prop.scala:20)
[info]   at org.scalacheck.Prop$.result$1(Prop.scala:869)
[info]   at org.scalacheck.Prop$.$anonfun$forAllShrink$1(Prop.scala:915)
[info]   at org.scalacheck.Prop$.$anonfun$apply$1(Prop.scala:305)
[info]   at org.scalacheck.PropFromFun.apply(Prop.scala:20)
[info]   at org.scalacheck.Test$.workerFun$1(Test.scala:486)
[info]   at org.scalacheck.Test$.$anonfun$check$4(Test.scala:518)
[info]   at org.scalacheck.Test$.$anonfun$check$4$adapted(Test.scala:518)
[info]   at org.scalacheck.Platform$.runWorkers(Platform.scala:42)
[info]   at org.scalacheck.Test$.check(Test.scala:518)
[info]   at org.scalatestplus.scalacheck.UnitCheckerAsserting$CheckerAssertingImpl.check(CheckerAsserting.scala:90)
[info]   at org.scalatestplus.scalacheck.Checkers.check(Checkers.scala:371)
[info]   at org.scalatestplus.scalacheck.Checkers.check$(Checkers.scala:369)
[info]   at frameless.TypedDatasetSuite.check(TypedDatasetSuite.scala:63)
[info]   at frameless.CreateTests.$anonfun$new$71(CreateTests.scala:67)
[info]   at org.scalatest.OutcomeOf.outcomeOf(OutcomeOf.scala:85)
[info]   at org.scalatest.OutcomeOf.outcomeOf$(OutcomeOf.scala:83)
[info]   at org.scalatest.OutcomeOf$.outcomeOf(OutcomeOf.scala:104)
[info]   at org.scalatest.Transformer.apply(Transformer.scala:22)
[info]   at org.scalatest.Transformer.apply(Transformer.scala:20)
[info]   at org.scalatest.funsuite.AnyFunSuiteLike$$anon$1.apply(AnyFunSuiteLike.scala:226)
[info]   at org.scalatest.TestSuite.withFixture(TestSuite.scala:196)
[info]   at org.scalatest.TestSuite.withFixture$(TestSuite.scala:195)
[info]   at org.scalatest.funsuite.AnyFunSuite.withFixture(AnyFunSuite.scala:1564)
[info]   at org.scalatest.funsuite.AnyFunSuiteLike.invokeWithFixture$1(AnyFunSuiteLike.scala:224)
[info]   at org.scalatest.funsuite.AnyFunSuiteLike.$anonfun$runTest$1(AnyFunSuiteLike.scala:236)
[info]   at org.scalatest.SuperEngine.runTestImpl(Engine.scala:306)
[info]   at org.scalatest.funsuite.AnyFunSuiteLike.runTest(AnyFunSuiteLike.scala:236)
[info]   at org.scalatest.funsuite.AnyFunSuiteLike.runTest$(AnyFunSuiteLike.scala:218)
[info]   at org.scalatest.funsuite.AnyFunSuite.runTest(AnyFunSuite.scala:1564)
[info]   at org.scalatest.funsuite.AnyFunSuiteLike.$anonfun$runTests$1(AnyFunSuiteLike.scala:269)
[info]   at org.scalatest.SuperEngine.$anonfun$runTestsInBranch$1(Engine.scala:413)
[info]   at scala.collection.immutable.List.foreach(List.scala:334)
[info]   at org.scalatest.SuperEngine.traverseSubNodes$1(Engine.scala:401)
[info]   at org.scalatest.SuperEngine.runTestsInBranch(Engine.scala:396)
[info]   at org.scalatest.SuperEngine.runTestsImpl(Engine.scala:475)
[info]   at org.scalatest.funsuite.AnyFunSuiteLike.runTests(AnyFunSuiteLike.scala:269)
[info]   at org.scalatest.funsuite.AnyFunSuiteLike.runTests$(AnyFunSuiteLike.scala:268)
[info]   at org.scalatest.funsuite.AnyFunSuite.runTests(AnyFunSuite.scala:1564)
[info]   at org.scalatest.Suite.run(Suite.scala:1114)
[info]   at org.scalatest.Suite.run$(Suite.scala:1096)
[info]   at org.scalatest.funsuite.AnyFunSuite.org$scalatest$funsuite$AnyFunSuiteLike$$super$run(AnyFunSuite.scala:1564)
[info]   at org.scalatest.funsuite.AnyFunSuiteLike.$anonfun$run$1(AnyFunSuiteLike.scala:273)
[info]   at org.scalatest.SuperEngine.runImpl(Engine.scala:535)
[info]   at org.scalatest.funsuite.AnyFunSuiteLike.run(AnyFunSuiteLike.scala:273)
[info]   at org.scalatest.funsuite.AnyFunSuiteLike.run$(AnyFunSuiteLike.scala:272)
[info]   at frameless.TypedDatasetSuite.org$scalatest$BeforeAndAfterAll$$super$run(TypedDatasetSuite.scala:63)
[info]   at org.scalatest.BeforeAndAfterAll.liftedTree1$1(BeforeAndAfterAll.scala:213)
[info]   at org.scalatest.BeforeAndAfterAll.run(BeforeAndAfterAll.scala:210)
[info]   at org.scalatest.BeforeAndAfterAll.run$(BeforeAndAfterAll.scala:208)
[info]   at frameless.TypedDatasetSuite.run(TypedDatasetSuite.scala:63)
[info]   at org.scalatest.tools.Framework.org$scalatest$tools$Framework$$runSuite(Framework.scala:321)
[info]   at org.scalatest.tools.Framework$ScalaTestTask.execute(Framework.scala:517)
[info]   at sbt.ForkMain$Run.lambda$runTest$1(ForkMain.java:414)
[info]   at java.base/java.util.concurrent.FutureTask.run(FutureTask.java:317)
[info]   at java.base/java.util.concurrent.ThreadPoolExecutor.runWorker(ThreadPoolExecutor.java:1144)
[info]   at java.base/java.util.concurrent.ThreadPoolExecutor$Worker.run(ThreadPoolExecutor.java:642)
[info]   at java.base/java.lang.Thread.run(Thread.java:1583)
[info] - list fields *** FAILED *** (1 millisecond)
[info]   IllegalArgumentException was thrown during property evaluation.
[info]     Message: argument type mismatch
[info]     Occurred when passed generated values (
[info]       arg0 = List(),
[info]       arg1 = List(),
[info]       arg2 = List(),
[info]       arg3 = List(),
[info]       arg4 = X1(List())
[info]     )
[info]   org.scalatest.exceptions.GeneratorDrivenPropertyCheckFailedException:
[info]   at org.scalatestplus.scalacheck.CheckerAsserting$$anon$2.indicateFailure(CheckerAsserting.scala:251)
[info]   at org.scalatestplus.scalacheck.CheckerAsserting$$anon$2.indicateFailure(CheckerAsserting.scala:238)
[info]   at org.scalatestplus.scalacheck.UnitCheckerAsserting$CheckerAssertingImpl.check(CheckerAsserting.scala:160)
[info]   at org.scalatestplus.scalacheck.Checkers.check(Checkers.scala:371)
[info]   at org.scalatestplus.scalacheck.Checkers.check$(Checkers.scala:369)
[info]   at frameless.TypedDatasetSuite.check(TypedDatasetSuite.scala:63)
[info]   at frameless.CreateTests.$anonfun$new$100(CreateTests.scala:89)
[info]   at org.scalatest.OutcomeOf.outcomeOf(OutcomeOf.scala:85)
[info]   at org.scalatest.OutcomeOf.outcomeOf$(OutcomeOf.scala:83)
[info]   at org.scalatest.OutcomeOf$.outcomeOf(OutcomeOf.scala:104)
[info]   at org.scalatest.Transformer.apply(Transformer.scala:22)
[info]   at org.scalatest.Transformer.apply(Transformer.scala:20)
[info]   at org.scalatest.funsuite.AnyFunSuiteLike$$anon$1.apply(AnyFunSuiteLike.scala:226)
[info]   at org.scalatest.TestSuite.withFixture(TestSuite.scala:196)
[info]   at org.scalatest.TestSuite.withFixture$(TestSuite.scala:195)
[info]   at org.scalatest.funsuite.AnyFunSuite.withFixture(AnyFunSuite.scala:1564)
[info]   at org.scalatest.funsuite.AnyFunSuiteLike.invokeWithFixture$1(AnyFunSuiteLike.scala:224)
[info]   at org.scalatest.funsuite.AnyFunSuiteLike.$anonfun$runTest$1(AnyFunSuiteLike.scala:236)
[info]   at org.scalatest.SuperEngine.runTestImpl(Engine.scala:306)
[info]   at org.scalatest.funsuite.AnyFunSuiteLike.runTest(AnyFunSuiteLike.scala:236)
[info]   at org.scalatest.funsuite.AnyFunSuiteLike.runTest$(AnyFunSuiteLike.scala:218)
[info]   at org.scalatest.funsuite.AnyFunSuite.runTest(AnyFunSuite.scala:1564)
[info]   at org.scalatest.funsuite.AnyFunSuiteLike.$anonfun$runTests$1(AnyFunSuiteLike.scala:269)
[info]   at org.scalatest.SuperEngine.$anonfun$runTestsInBranch$1(Engine.scala:413)
[info]   at scala.collection.immutable.List.foreach(List.scala:334)
[info]   at org.scalatest.SuperEngine.traverseSubNodes$1(Engine.scala:401)
[info]   at org.scalatest.SuperEngine.runTestsInBranch(Engine.scala:396)
[info]   at org.scalatest.SuperEngine.runTestsImpl(Engine.scala:475)
[info]   at org.scalatest.funsuite.AnyFunSuiteLike.runTests(AnyFunSuiteLike.scala:269)
[info]   at org.scalatest.funsuite.AnyFunSuiteLike.runTests$(AnyFunSuiteLike.scala:268)
[info]   at org.scalatest.funsuite.AnyFunSuite.runTests(AnyFunSuite.scala:1564)
[info]   at org.scalatest.Suite.run(Suite.scala:1114)
[info]   at org.scalatest.Suite.run$(Suite.scala:1096)
[info]   at org.scalatest.funsuite.AnyFunSuite.org$scalatest$funsuite$AnyFunSuiteLike$$super$run(AnyFunSuite.scala:1564)
[info]   at org.scalatest.funsuite.AnyFunSuiteLike.$anonfun$run$1(AnyFunSuiteLike.scala:273)
[info]   at org.scalatest.SuperEngine.runImpl(Engine.scala:535)
[info]   at org.scalatest.funsuite.AnyFunSuiteLike.run(AnyFunSuiteLike.scala:273)
[info]   at org.scalatest.funsuite.AnyFunSuiteLike.run$(AnyFunSuiteLike.scala:272)
[info]   at frameless.TypedDatasetSuite.org$scalatest$BeforeAndAfterAll$$super$run(TypedDatasetSuite.scala:63)
[info]   at org.scalatest.BeforeAndAfterAll.liftedTree1$1(BeforeAndAfterAll.scala:213)
[info]   at org.scalatest.BeforeAndAfterAll.run(BeforeAndAfterAll.scala:210)
[info]   at org.scalatest.BeforeAndAfterAll.run$(BeforeAndAfterAll.scala:208)
[info]   at frameless.TypedDatasetSuite.run(TypedDatasetSuite.scala:63)
[info]   at org.scalatest.tools.Framework.org$scalatest$tools$Framework$$runSuite(Framework.scala:321)
[info]   at org.scalatest.tools.Framework$ScalaTestTask.execute(Framework.scala:517)
[info]   at sbt.ForkMain$Run.lambda$runTest$1(ForkMain.java:414)
[info]   at java.base/java.util.concurrent.FutureTask.run(FutureTask.java:317)
[info]   at java.base/java.util.concurrent.ThreadPoolExecutor.runWorker(ThreadPoolExecutor.java:1144)
[info]   at java.base/java.util.concurrent.ThreadPoolExecutor$Worker.run(ThreadPoolExecutor.java:642)
[info]   at java.base/java.lang.Thread.run(Thread.java:1583)
[info]   Cause: java.lang.IllegalArgumentException: argument type mismatch
[info]   at java.base/jdk.internal.reflect.DirectConstructorHandleAccessor.newInstance(DirectConstructorHandleAccessor.java:65)
[info]   at java.base/java.lang.reflect.Constructor.newInstanceWithCaller(Constructor.java:502)
[info]   at java.base/java.lang.reflect.Constructor.newInstance(Constructor.java:486)
[info]   at frameless.TypedExpressionEncoder$.$anonfun$apply$3(TypedExpressionEncoder.scala:55)
[info]   at scala.Option.map(Option.scala:242)
[info]   at frameless.TypedExpressionEncoder$.apply(TypedExpressionEncoder.scala:54)
[info]   at frameless.TypedDataset$.create(TypedDataset.scala:1325)
[info]   at frameless.CreateTests.$anonfun$new$102(CreateTests.scala:82)
[info]   at org.scalacheck.Prop$ExtendedAny.$qmark$eq(Prop.scala:329)
[info]   at frameless.CreateTests.$anonfun$new$101(CreateTests.scala:82)
[info]   at org.scalacheck.Prop$.$anonfun$forAll$24(Prop.scala:1188)
[info]   at org.scalacheck.Prop$.$anonfun$forAll$22(Prop.scala:1166)
[info]   at org.scalacheck.Prop$.$anonfun$forAll$20(Prop.scala:1147)
[info]   at org.scalacheck.Prop$.$anonfun$forAll$18(Prop.scala:1131)
[info]   at scala.Function1.$anonfun$andThen$1(Function1.scala:87)
[info]   at org.scalacheck.Prop$.$anonfun$forAllShrink$2(Prop.scala:868)
[info]   at org.scalacheck.Prop$.secure(Prop.scala:484)
[info]   at org.scalacheck.Prop$.result$1(Prop.scala:868)
[info]   at org.scalacheck.Prop$.$anonfun$forAllShrink$1(Prop.scala:915)
[info]   at org.scalacheck.Prop$.$anonfun$apply$1(Prop.scala:305)
[info]   at org.scalacheck.PropFromFun.apply(Prop.scala:20)
[info]   at org.scalacheck.Prop$.result$1(Prop.scala:869)
[info]   at org.scalacheck.Prop$.$anonfun$forAllShrink$1(Prop.scala:915)
[info]   at org.scalacheck.Prop$.$anonfun$apply$1(Prop.scala:305)
[info]   at org.scalacheck.PropFromFun.apply(Prop.scala:20)
[info]   at org.scalacheck.Prop$.result$1(Prop.scala:869)
[info]   at org.scalacheck.Prop$.$anonfun$forAllShrink$1(Prop.scala:915)
[info]   at org.scalacheck.Prop$.$anonfun$apply$1(Prop.scala:305)
[info]   at org.scalacheck.PropFromFun.apply(Prop.scala:20)
[info]   at org.scalacheck.Prop$.result$1(Prop.scala:869)
[info]   at org.scalacheck.Prop$.$anonfun$forAllShrink$1(Prop.scala:915)
[info]   at org.scalacheck.Prop$.$anonfun$apply$1(Prop.scala:305)
[info]   at org.scalacheck.PropFromFun.apply(Prop.scala:20)
[info]   at org.scalacheck.Prop$.result$1(Prop.scala:869)
[info]   at org.scalacheck.Prop$.$anonfun$forAllShrink$1(Prop.scala:915)
[info]   at org.scalacheck.Prop$.$anonfun$apply$1(Prop.scala:305)
[info]   at org.scalacheck.PropFromFun.apply(Prop.scala:20)
[info]   at org.scalacheck.Test$.workerFun$1(Test.scala:486)
[info]   at org.scalacheck.Test$.$anonfun$check$4(Test.scala:518)
[info]   at org.scalacheck.Test$.$anonfun$check$4$adapted(Test.scala:518)
[info]   at org.scalacheck.Platform$.runWorkers(Platform.scala:42)
[info]   at org.scalacheck.Test$.check(Test.scala:518)
[info]   at org.scalatestplus.scalacheck.UnitCheckerAsserting$CheckerAssertingImpl.check(CheckerAsserting.scala:90)
[info]   at org.scalatestplus.scalacheck.Checkers.check(Checkers.scala:371)
[info]   at org.scalatestplus.scalacheck.Checkers.check$(Checkers.scala:369)
[info]   at frameless.TypedDatasetSuite.check(TypedDatasetSuite.scala:63)
[info]   at frameless.CreateTests.$anonfun$new$100(CreateTests.scala:89)
[info]   at org.scalatest.OutcomeOf.outcomeOf(OutcomeOf.scala:85)
[info]   at org.scalatest.OutcomeOf.outcomeOf$(OutcomeOf.scala:83)
[info]   at org.scalatest.OutcomeOf$.outcomeOf(OutcomeOf.scala:104)
[info]   at org.scalatest.Transformer.apply(Transformer.scala:22)
[info]   at org.scalatest.Transformer.apply(Transformer.scala:20)
[info]   at org.scalatest.funsuite.AnyFunSuiteLike$$anon$1.apply(AnyFunSuiteLike.scala:226)
[info]   at org.scalatest.TestSuite.withFixture(TestSuite.scala:196)
[info]   at org.scalatest.TestSuite.withFixture$(TestSuite.scala:195)
[info]   at org.scalatest.funsuite.AnyFunSuite.withFixture(AnyFunSuite.scala:1564)
[info]   at org.scalatest.funsuite.AnyFunSuiteLike.invokeWithFixture$1(AnyFunSuiteLike.scala:224)
[info]   at org.scalatest.funsuite.AnyFunSuiteLike.$anonfun$runTest$1(AnyFunSuiteLike.scala:236)
[info]   at org.scalatest.SuperEngine.runTestImpl(Engine.scala:306)
[info]   at org.scalatest.funsuite.AnyFunSuiteLike.runTest(AnyFunSuiteLike.scala:236)
[info]   at org.scalatest.funsuite.AnyFunSuiteLike.runTest$(AnyFunSuiteLike.scala:218)
[info]   at org.scalatest.funsuite.AnyFunSuite.runTest(AnyFunSuite.scala:1564)
[info]   at org.scalatest.funsuite.AnyFunSuiteLike.$anonfun$runTests$1(AnyFunSuiteLike.scala:269)
[info]   at org.scalatest.SuperEngine.$anonfun$runTestsInBranch$1(Engine.scala:413)
[info]   at scala.collection.immutable.List.foreach(List.scala:334)
[info]   at org.scalatest.SuperEngine.traverseSubNodes$1(Engine.scala:401)
[info]   at org.scalatest.SuperEngine.runTestsInBranch(Engine.scala:396)
[info]   at org.scalatest.SuperEngine.runTestsImpl(Engine.scala:475)
[info]   at org.scalatest.funsuite.AnyFunSuiteLike.runTests(AnyFunSuiteLike.scala:269)
[info]   at org.scalatest.funsuite.AnyFunSuiteLike.runTests$(AnyFunSuiteLike.scala:268)
[info]   at org.scalatest.funsuite.AnyFunSuite.runTests(AnyFunSuite.scala:1564)
[info]   at org.scalatest.Suite.run(Suite.scala:1114)
[info]   at org.scalatest.Suite.run$(Suite.scala:1096)
[info]   at org.scalatest.funsuite.AnyFunSuite.org$scalatest$funsuite$AnyFunSuiteLike$$super$run(AnyFunSuite.scala:1564)
[info]   at org.scalatest.funsuite.AnyFunSuiteLike.$anonfun$run$1(AnyFunSuiteLike.scala:273)
[info]   at org.scalatest.SuperEngine.runImpl(Engine.scala:535)
[info]   at org.scalatest.funsuite.AnyFunSuiteLike.run(AnyFunSuiteLike.scala:273)
[info]   at org.scalatest.funsuite.AnyFunSuiteLike.run$(AnyFunSuiteLike.scala:272)
[info]   at frameless.TypedDatasetSuite.org$scalatest$BeforeAndAfterAll$$super$run(TypedDatasetSuite.scala:63)
[info]   at org.scalatest.BeforeAndAfterAll.liftedTree1$1(BeforeAndAfterAll.scala:213)
[info]   at org.scalatest.BeforeAndAfterAll.run(BeforeAndAfterAll.scala:210)
[info]   at org.scalatest.BeforeAndAfterAll.run$(BeforeAndAfterAll.scala:208)
[info]   at frameless.TypedDatasetSuite.run(TypedDatasetSuite.scala:63)
[info]   at org.scalatest.tools.Framework.org$scalatest$tools$Framework$$runSuite(Framework.scala:321)
[info]   at org.scalatest.tools.Framework$ScalaTestTask.execute(Framework.scala:517)
[info]   at sbt.ForkMain$Run.lambda$runTest$1(ForkMain.java:414)
[info]   at java.base/java.util.concurrent.FutureTask.run(FutureTask.java:317)
[info]   at java.base/java.util.concurrent.ThreadPoolExecutor.runWorker(ThreadPoolExecutor.java:1144)
[info]   at java.base/java.util.concurrent.ThreadPoolExecutor$Worker.run(ThreadPoolExecutor.java:642)
[info]   at java.base/java.lang.Thread.run(Thread.java:1583)
[info]   Cause: java.lang.ClassCastException: Cannot cast scala.reflect.ClassTag$GenericClassTag to org.apache.spark.sql.catalyst.expressions.Expression
[info]   at java.base/java.lang.Class.cast(Class.java:4067)
[info]   at java.base/jdk.internal.reflect.DirectConstructorHandleAccessor.newInstance(DirectConstructorHandleAccessor.java:62)
[info]   at java.base/java.lang.reflect.Constructor.newInstanceWithCaller(Constructor.java:502)
[info]   at java.base/java.lang.reflect.Constructor.newInstance(Constructor.java:486)
[info]   at frameless.TypedExpressionEncoder$.$anonfun$apply$3(TypedExpressionEncoder.scala:55)
[info]   at scala.Option.map(Option.scala:242)
[info]   at frameless.TypedExpressionEncoder$.apply(TypedExpressionEncoder.scala:54)
[info]   at frameless.TypedDataset$.create(TypedDataset.scala:1325)
[info]   at frameless.CreateTests.$anonfun$new$102(CreateTests.scala:82)
[info]   at org.scalacheck.Prop$ExtendedAny.$qmark$eq(Prop.scala:329)
[info]   at frameless.CreateTests.$anonfun$new$101(CreateTests.scala:82)
[info]   at org.scalacheck.Prop$.$anonfun$forAll$24(Prop.scala:1188)
[info]   at org.scalacheck.Prop$.$anonfun$forAll$22(Prop.scala:1166)
[info]   at org.scalacheck.Prop$.$anonfun$forAll$20(Prop.scala:1147)
[info]   at org.scalacheck.Prop$.$anonfun$forAll$18(Prop.scala:1131)
[info]   at scala.Function1.$anonfun$andThen$1(Function1.scala:87)
[info]   at org.scalacheck.Prop$.$anonfun$forAllShrink$2(Prop.scala:868)
[info]   at org.scalacheck.Prop$.secure(Prop.scala:484)
[info]   at org.scalacheck.Prop$.result$1(Prop.scala:868)
[info]   at org.scalacheck.Prop$.$anonfun$forAllShrink$1(Prop.scala:915)
[info]   at org.scalacheck.Prop$.$anonfun$apply$1(Prop.scala:305)
[info]   at org.scalacheck.PropFromFun.apply(Prop.scala:20)
[info]   at org.scalacheck.Prop$.result$1(Prop.scala:869)
[info]   at org.scalacheck.Prop$.$anonfun$forAllShrink$1(Prop.scala:915)
[info]   at org.scalacheck.Prop$.$anonfun$apply$1(Prop.scala:305)
[info]   at org.scalacheck.PropFromFun.apply(Prop.scala:20)
[info]   at org.scalacheck.Prop$.result$1(Prop.scala:869)
[info]   at org.scalacheck.Prop$.$anonfun$forAllShrink$1(Prop.scala:915)
[info]   at org.scalacheck.Prop$.$anonfun$apply$1(Prop.scala:305)
[info]   at org.scalacheck.PropFromFun.apply(Prop.scala:20)
[info]   at org.scalacheck.Prop$.result$1(Prop.scala:869)
[info]   at org.scalacheck.Prop$.$anonfun$forAllShrink$1(Prop.scala:915)
[info]   at org.scalacheck.Prop$.$anonfun$apply$1(Prop.scala:305)
[info]   at org.scalacheck.PropFromFun.apply(Prop.scala:20)
[info]   at org.scalacheck.Prop$.result$1(Prop.scala:869)
[info]   at org.scalacheck.Prop$.$anonfun$forAllShrink$1(Prop.scala:915)
[info]   at org.scalacheck.Prop$.$anonfun$apply$1(Prop.scala:305)
[info]   at org.scalacheck.PropFromFun.apply(Prop.scala:20)
[info]   at org.scalacheck.Test$.workerFun$1(Test.scala:486)
[info]   at org.scalacheck.Test$.$anonfun$check$4(Test.scala:518)
[info]   at org.scalacheck.Test$.$anonfun$check$4$adapted(Test.scala:518)
[info]   at org.scalacheck.Platform$.runWorkers(Platform.scala:42)
[info]   at org.scalacheck.Test$.check(Test.scala:518)
[info]   at org.scalatestplus.scalacheck.UnitCheckerAsserting$CheckerAssertingImpl.check(CheckerAsserting.scala:90)
[info]   at org.scalatestplus.scalacheck.Checkers.check(Checkers.scala:371)
[info]   at org.scalatestplus.scalacheck.Checkers.check$(Checkers.scala:369)
[info]   at frameless.TypedDatasetSuite.check(TypedDatasetSuite.scala:63)
[info]   at frameless.CreateTests.$anonfun$new$100(CreateTests.scala:89)
[info]   at org.scalatest.OutcomeOf.outcomeOf(OutcomeOf.scala:85)
[info]   at org.scalatest.OutcomeOf.outcomeOf$(OutcomeOf.scala:83)
[info]   at org.scalatest.OutcomeOf$.outcomeOf(OutcomeOf.scala:104)
[info]   at org.scalatest.Transformer.apply(Transformer.scala:22)
[info]   at org.scalatest.Transformer.apply(Transformer.scala:20)
[info]   at org.scalatest.funsuite.AnyFunSuiteLike$$anon$1.apply(AnyFunSuiteLike.scala:226)
[info]   at org.scalatest.TestSuite.withFixture(TestSuite.scala:196)
[info]   at org.scalatest.TestSuite.withFixture$(TestSuite.scala:195)
[info]   at org.scalatest.funsuite.AnyFunSuite.withFixture(AnyFunSuite.scala:1564)
[info]   at org.scalatest.funsuite.AnyFunSuiteLike.invokeWithFixture$1(AnyFunSuiteLike.scala:224)
[info]   at org.scalatest.funsuite.AnyFunSuiteLike.$anonfun$runTest$1(AnyFunSuiteLike.scala:236)
[info]   at org.scalatest.SuperEngine.runTestImpl(Engine.scala:306)
[info]   at org.scalatest.funsuite.AnyFunSuiteLike.runTest(AnyFunSuiteLike.scala:236)
[info]   at org.scalatest.funsuite.AnyFunSuiteLike.runTest$(AnyFunSuiteLike.scala:218)
[info]   at org.scalatest.funsuite.AnyFunSuite.runTest(AnyFunSuite.scala:1564)
[info]   at org.scalatest.funsuite.AnyFunSuiteLike.$anonfun$runTests$1(AnyFunSuiteLike.scala:269)
[info]   at org.scalatest.SuperEngine.$anonfun$runTestsInBranch$1(Engine.scala:413)
[info]   at scala.collection.immutable.List.foreach(List.scala:334)
[info]   at org.scalatest.SuperEngine.traverseSubNodes$1(Engine.scala:401)
[info]   at org.scalatest.SuperEngine.runTestsInBranch(Engine.scala:396)
[info]   at org.scalatest.SuperEngine.runTestsImpl(Engine.scala:475)
[info]   at org.scalatest.funsuite.AnyFunSuiteLike.runTests(AnyFunSuiteLike.scala:269)
[info]   at org.scalatest.funsuite.AnyFunSuiteLike.runTests$(AnyFunSuiteLike.scala:268)
[info]   at org.scalatest.funsuite.AnyFunSuite.runTests(AnyFunSuite.scala:1564)
[info]   at org.scalatest.Suite.run(Suite.scala:1114)
[info]   at org.scalatest.Suite.run$(Suite.scala:1096)
[info]   at org.scalatest.funsuite.AnyFunSuite.org$scalatest$funsuite$AnyFunSuiteLike$$super$run(AnyFunSuite.scala:1564)
[info]   at org.scalatest.funsuite.AnyFunSuiteLike.$anonfun$run$1(AnyFunSuiteLike.scala:273)
[info]   at org.scalatest.SuperEngine.runImpl(Engine.scala:535)
[info]   at org.scalatest.funsuite.AnyFunSuiteLike.run(AnyFunSuiteLike.scala:273)
[info]   at org.scalatest.funsuite.AnyFunSuiteLike.run$(AnyFunSuiteLike.scala:272)
[info]   at frameless.TypedDatasetSuite.org$scalatest$BeforeAndAfterAll$$super$run(TypedDatasetSuite.scala:63)
[info]   at org.scalatest.BeforeAndAfterAll.liftedTree1$1(BeforeAndAfterAll.scala:213)
[info]   at org.scalatest.BeforeAndAfterAll.run(BeforeAndAfterAll.scala:210)
[info]   at org.scalatest.BeforeAndAfterAll.run$(BeforeAndAfterAll.scala:208)
[info]   at frameless.TypedDatasetSuite.run(TypedDatasetSuite.scala:63)
[info]   at org.scalatest.tools.Framework.org$scalatest$tools$Framework$$runSuite(Framework.scala:321)
[info]   at org.scalatest.tools.Framework$ScalaTestTask.execute(Framework.scala:517)
[info]   at sbt.ForkMain$Run.lambda$runTest$1(ForkMain.java:414)
[info]   at java.base/java.util.concurrent.FutureTask.run(FutureTask.java:317)
[info]   at java.base/java.util.concurrent.ThreadPoolExecutor.runWorker(ThreadPoolExecutor.java:1144)
[info]   at java.base/java.util.concurrent.ThreadPoolExecutor$Worker.run(ThreadPoolExecutor.java:642)
[info]   at java.base/java.lang.Thread.run(Thread.java:1583)
[info] - Map fields (scala.Predef.Map / scala.collection.immutable.Map) *** FAILED *** (2 milliseconds)
[info]   IllegalArgumentException was thrown during property evaluation.
[info]     Message: argument type mismatch
[info]     Occurred when passed generated values (
[info]       arg0 = Map(),
[info]       arg1 = Map(),
[info]       arg2 = Map(),
[info]       arg3 = Map(),
[info]       arg4 = Map(),
[info]       arg5 = Map()
[info]     )
[info]   org.scalatest.exceptions.GeneratorDrivenPropertyCheckFailedException:
[info]   at org.scalatestplus.scalacheck.CheckerAsserting$$anon$2.indicateFailure(CheckerAsserting.scala:251)
[info]   at org.scalatestplus.scalacheck.CheckerAsserting$$anon$2.indicateFailure(CheckerAsserting.scala:238)
[info]   at org.scalatestplus.scalacheck.UnitCheckerAsserting$CheckerAssertingImpl.check(CheckerAsserting.scala:160)
[info]   at org.scalatestplus.scalacheck.Checkers.check(Checkers.scala:371)
[info]   at org.scalatestplus.scalacheck.Checkers.check$(Checkers.scala:369)
[info]   at frameless.TypedDatasetSuite.check(TypedDatasetSuite.scala:63)
[info]   at frameless.CreateTests.$anonfun$new$129(CreateTests.scala:113)
[info]   at org.scalatest.OutcomeOf.outcomeOf(OutcomeOf.scala:85)
[info]   at org.scalatest.OutcomeOf.outcomeOf$(OutcomeOf.scala:83)
[info]   at org.scalatest.OutcomeOf$.outcomeOf(OutcomeOf.scala:104)
[info]   at org.scalatest.Transformer.apply(Transformer.scala:22)
[info]   at org.scalatest.Transformer.apply(Transformer.scala:20)
[info]   at org.scalatest.funsuite.AnyFunSuiteLike$$anon$1.apply(AnyFunSuiteLike.scala:226)
[info]   at org.scalatest.TestSuite.withFixture(TestSuite.scala:196)
[info]   at org.scalatest.TestSuite.withFixture$(TestSuite.scala:195)
[info]   at org.scalatest.funsuite.AnyFunSuite.withFixture(AnyFunSuite.scala:1564)
[info]   at org.scalatest.funsuite.AnyFunSuiteLike.invokeWithFixture$1(AnyFunSuiteLike.scala:224)
[info]   at org.scalatest.funsuite.AnyFunSuiteLike.$anonfun$runTest$1(AnyFunSuiteLike.scala:236)
[info]   at org.scalatest.SuperEngine.runTestImpl(Engine.scala:306)
[info]   at org.scalatest.funsuite.AnyFunSuiteLike.runTest(AnyFunSuiteLike.scala:236)
[info]   at org.scalatest.funsuite.AnyFunSuiteLike.runTest$(AnyFunSuiteLike.scala:218)
[info]   at org.scalatest.funsuite.AnyFunSuite.runTest(AnyFunSuite.scala:1564)
[info]   at org.scalatest.funsuite.AnyFunSuiteLike.$anonfun$runTests$1(AnyFunSuiteLike.scala:269)
[info]   at org.scalatest.SuperEngine.$anonfun$runTestsInBranch$1(Engine.scala:413)
[info]   at scala.collection.immutable.List.foreach(List.scala:334)
[info]   at org.scalatest.SuperEngine.traverseSubNodes$1(Engine.scala:401)
[info]   at org.scalatest.SuperEngine.runTestsInBranch(Engine.scala:396)
[info]   at org.scalatest.SuperEngine.runTestsImpl(Engine.scala:475)
[info]   at org.scalatest.funsuite.AnyFunSuiteLike.runTests(AnyFunSuiteLike.scala:269)
[info]   at org.scalatest.funsuite.AnyFunSuiteLike.runTests$(AnyFunSuiteLike.scala:268)
[info]   at org.scalatest.funsuite.AnyFunSuite.runTests(AnyFunSuite.scala:1564)
[info]   at org.scalatest.Suite.run(Suite.scala:1114)
[info]   at org.scalatest.Suite.run$(Suite.scala:1096)
[info]   at org.scalatest.funsuite.AnyFunSuite.org$scalatest$funsuite$AnyFunSuiteLike$$super$run(AnyFunSuite.scala:1564)
[info]   at org.scalatest.funsuite.AnyFunSuiteLike.$anonfun$run$1(AnyFunSuiteLike.scala:273)
[info]   at org.scalatest.SuperEngine.runImpl(Engine.scala:535)
[info]   at org.scalatest.funsuite.AnyFunSuiteLike.run(AnyFunSuiteLike.scala:273)
[info]   at org.scalatest.funsuite.AnyFunSuiteLike.run$(AnyFunSuiteLike.scala:272)
[info]   at frameless.TypedDatasetSuite.org$scalatest$BeforeAndAfterAll$$super$run(TypedDatasetSuite.scala:63)
[info]   at org.scalatest.BeforeAndAfterAll.liftedTree1$1(BeforeAndAfterAll.scala:213)
[info]   at org.scalatest.BeforeAndAfterAll.run(BeforeAndAfterAll.scala:210)
[info]   at org.scalatest.BeforeAndAfterAll.run$(BeforeAndAfterAll.scala:208)
[info]   at frameless.TypedDatasetSuite.run(TypedDatasetSuite.scala:63)
[info]   at org.scalatest.tools.Framework.org$scalatest$tools$Framework$$runSuite(Framework.scala:321)
[info]   at org.scalatest.tools.Framework$ScalaTestTask.execute(Framework.scala:517)
[info]   at sbt.ForkMain$Run.lambda$runTest$1(ForkMain.java:414)
[info]   at java.base/java.util.concurrent.FutureTask.run(FutureTask.java:317)
[info]   at java.base/java.util.concurrent.ThreadPoolExecutor.runWorker(ThreadPoolExecutor.java:1144)
[info]   at java.base/java.util.concurrent.ThreadPoolExecutor$Worker.run(ThreadPoolExecutor.java:642)
[info]   at java.base/java.lang.Thread.run(Thread.java:1583)
[info]   Cause: java.lang.IllegalArgumentException: argument type mismatch
[info]   at java.base/jdk.internal.reflect.DirectConstructorHandleAccessor.newInstance(DirectConstructorHandleAccessor.java:65)
[info]   at java.base/java.lang.reflect.Constructor.newInstanceWithCaller(Constructor.java:502)
[info]   at java.base/java.lang.reflect.Constructor.newInstance(Constructor.java:486)
[info]   at frameless.TypedExpressionEncoder$.$anonfun$apply$3(TypedExpressionEncoder.scala:55)
[info]   at scala.Option.map(Option.scala:242)
[info]   at frameless.TypedExpressionEncoder$.apply(TypedExpressionEncoder.scala:54)
[info]   at frameless.TypedDataset$.create(TypedDataset.scala:1325)
[info]   at frameless.CreateTests.$anonfun$new$131(CreateTests.scala:105)
[info]   at org.scalacheck.Prop$ExtendedAny.$qmark$eq(Prop.scala:329)
[info]   at frameless.CreateTests.$anonfun$new$130(CreateTests.scala:105)
[info]   at org.scalacheck.Prop$.$anonfun$forAll$26(Prop.scala:1213)
[info]   at org.scalacheck.Prop$.$anonfun$forAll$24(Prop.scala:1188)
[info]   at org.scalacheck.Prop$.$anonfun$forAll$22(Prop.scala:1166)
[info]   at org.scalacheck.Prop$.$anonfun$forAll$20(Prop.scala:1147)
[info]   at org.scalacheck.Prop$.$anonfun$forAll$18(Prop.scala:1131)
[info]   at scala.Function1.$anonfun$andThen$1(Function1.scala:87)
[info]   at org.scalacheck.Prop$.$anonfun$forAllShrink$2(Prop.scala:868)
[info]   at org.scalacheck.Prop$.secure(Prop.scala:484)
[info]   at org.scalacheck.Prop$.result$1(Prop.scala:868)
[info]   at org.scalacheck.Prop$.$anonfun$forAllShrink$1(Prop.scala:915)
[info]   at org.scalacheck.Prop$.$anonfun$apply$1(Prop.scala:305)
[info]   at org.scalacheck.PropFromFun.apply(Prop.scala:20)
[info]   at org.scalacheck.Prop$.result$1(Prop.scala:869)
[info]   at org.scalacheck.Prop$.$anonfun$forAllShrink$1(Prop.scala:915)
[info]   at org.scalacheck.Prop$.$anonfun$apply$1(Prop.scala:305)
[info]   at org.scalacheck.PropFromFun.apply(Prop.scala:20)
[info]   at org.scalacheck.Prop$.result$1(Prop.scala:869)
[info]   at org.scalacheck.Prop$.$anonfun$forAllShrink$1(Prop.scala:915)
[info]   at org.scalacheck.Prop$.$anonfun$apply$1(Prop.scala:305)
[info]   at org.scalacheck.PropFromFun.apply(Prop.scala:20)
[info]   at org.scalacheck.Prop$.result$1(Prop.scala:869)
[info]   at org.scalacheck.Prop$.$anonfun$forAllShrink$1(Prop.scala:915)
[info]   at org.scalacheck.Prop$.$anonfun$apply$1(Prop.scala:305)
[info]   at org.scalacheck.PropFromFun.apply(Prop.scala:20)
[info]   at org.scalacheck.Prop$.result$1(Prop.scala:869)
[info]   at org.scalacheck.Prop$.$anonfun$forAllShrink$1(Prop.scala:915)
[info]   at org.scalacheck.Prop$.$anonfun$apply$1(Prop.scala:305)
[info]   at org.scalacheck.PropFromFun.apply(Prop.scala:20)
[info]   at org.scalacheck.Prop$.result$1(Prop.scala:869)
[info]   at org.scalacheck.Prop$.$anonfun$forAllShrink$1(Prop.scala:915)
[info]   at org.scalacheck.Prop$.$anonfun$apply$1(Prop.scala:305)
[info]   at org.scalacheck.PropFromFun.apply(Prop.scala:20)
[info]   at org.scalacheck.Test$.workerFun$1(Test.scala:486)
[info]   at org.scalacheck.Test$.$anonfun$check$4(Test.scala:518)
[info]   at org.scalacheck.Test$.$anonfun$check$4$adapted(Test.scala:518)
[info]   at org.scalacheck.Platform$.runWorkers(Platform.scala:42)
[info]   at org.scalacheck.Test$.check(Test.scala:518)
[info]   at org.scalatestplus.scalacheck.UnitCheckerAsserting$CheckerAssertingImpl.check(CheckerAsserting.scala:90)
[info]   at org.scalatestplus.scalacheck.Checkers.check(Checkers.scala:371)
[info]   at org.scalatestplus.scalacheck.Checkers.check$(Checkers.scala:369)
[info]   at frameless.TypedDatasetSuite.check(TypedDatasetSuite.scala:63)
[info]   at frameless.CreateTests.$anonfun$new$129(CreateTests.scala:113)
[info]   at org.scalatest.OutcomeOf.outcomeOf(OutcomeOf.scala:85)
[info]   at org.scalatest.OutcomeOf.outcomeOf$(OutcomeOf.scala:83)
[info]   at org.scalatest.OutcomeOf$.outcomeOf(OutcomeOf.scala:104)
[info]   at org.scalatest.Transformer.apply(Transformer.scala:22)
[info]   at org.scalatest.Transformer.apply(Transformer.scala:20)
[info]   at org.scalatest.funsuite.AnyFunSuiteLike$$anon$1.apply(AnyFunSuiteLike.scala:226)
[info]   at org.scalatest.TestSuite.withFixture(TestSuite.scala:196)
[info]   at org.scalatest.TestSuite.withFixture$(TestSuite.scala:195)
[info]   at org.scalatest.funsuite.AnyFunSuite.withFixture(AnyFunSuite.scala:1564)
[info]   at org.scalatest.funsuite.AnyFunSuiteLike.invokeWithFixture$1(AnyFunSuiteLike.scala:224)
[info]   at org.scalatest.funsuite.AnyFunSuiteLike.$anonfun$runTest$1(AnyFunSuiteLike.scala:236)
[info]   at org.scalatest.SuperEngine.runTestImpl(Engine.scala:306)
[info]   at org.scalatest.funsuite.AnyFunSuiteLike.runTest(AnyFunSuiteLike.scala:236)
[info]   at org.scalatest.funsuite.AnyFunSuiteLike.runTest$(AnyFunSuiteLike.scala:218)
[info]   at org.scalatest.funsuite.AnyFunSuite.runTest(AnyFunSuite.scala:1564)
[info]   at org.scalatest.funsuite.AnyFunSuiteLike.$anonfun$runTests$1(AnyFunSuiteLike.scala:269)
[info]   at org.scalatest.SuperEngine.$anonfun$runTestsInBranch$1(Engine.scala:413)
[info]   at scala.collection.immutable.List.foreach(List.scala:334)
[info]   at org.scalatest.SuperEngine.traverseSubNodes$1(Engine.scala:401)
[info]   at org.scalatest.SuperEngine.runTestsInBranch(Engine.scala:396)
[info]   at org.scalatest.SuperEngine.runTestsImpl(Engine.scala:475)
[info]   at org.scalatest.funsuite.AnyFunSuiteLike.runTests(AnyFunSuiteLike.scala:269)
[info]   at org.scalatest.funsuite.AnyFunSuiteLike.runTests$(AnyFunSuiteLike.scala:268)
[info]   at org.scalatest.funsuite.AnyFunSuite.runTests(AnyFunSuite.scala:1564)
[info]   at org.scalatest.Suite.run(Suite.scala:1114)
[info]   at org.scalatest.Suite.run$(Suite.scala:1096)
[info]   at org.scalatest.funsuite.AnyFunSuite.org$scalatest$funsuite$AnyFunSuiteLike$$super$run(AnyFunSuite.scala:1564)
[info]   at org.scalatest.funsuite.AnyFunSuiteLike.$anonfun$run$1(AnyFunSuiteLike.scala:273)
[info]   at org.scalatest.SuperEngine.runImpl(Engine.scala:535)
[info]   at org.scalatest.funsuite.AnyFunSuiteLike.run(AnyFunSuiteLike.scala:273)
[info]   at org.scalatest.funsuite.AnyFunSuiteLike.run$(AnyFunSuiteLike.scala:272)
[info]   at frameless.TypedDatasetSuite.org$scalatest$BeforeAndAfterAll$$super$run(TypedDatasetSuite.scala:63)
[info]   at org.scalatest.BeforeAndAfterAll.liftedTree1$1(BeforeAndAfterAll.scala:213)
[info]   at org.scalatest.BeforeAndAfterAll.run(BeforeAndAfterAll.scala:210)
[info]   at org.scalatest.BeforeAndAfterAll.run$(BeforeAndAfterAll.scala:208)
[info]   at frameless.TypedDatasetSuite.run(TypedDatasetSuite.scala:63)
[info]   at org.scalatest.tools.Framework.org$scalatest$tools$Framework$$runSuite(Framework.scala:321)
[info]   at org.scalatest.tools.Framework$ScalaTestTask.execute(Framework.scala:517)
[info]   at sbt.ForkMain$Run.lambda$runTest$1(ForkMain.java:414)
[info]   at java.base/java.util.concurrent.FutureTask.run(FutureTask.java:317)
[info]   at java.base/java.util.concurrent.ThreadPoolExecutor.runWorker(ThreadPoolExecutor.java:1144)
[info]   at java.base/java.util.concurrent.ThreadPoolExecutor$Worker.run(ThreadPoolExecutor.java:642)
[info]   at java.base/java.lang.Thread.run(Thread.java:1583)
[info]   Cause: java.lang.ClassCastException: Cannot cast scala.reflect.ClassTag$GenericClassTag to org.apache.spark.sql.catalyst.expressions.Expression
[info]   at java.base/java.lang.Class.cast(Class.java:4067)
[info]   at java.base/jdk.internal.reflect.DirectConstructorHandleAccessor.newInstance(DirectConstructorHandleAccessor.java:62)
[info]   at java.base/java.lang.reflect.Constructor.newInstanceWithCaller(Constructor.java:502)
[info]   at java.base/java.lang.reflect.Constructor.newInstance(Constructor.java:486)
[info]   at frameless.TypedExpressionEncoder$.$anonfun$apply$3(TypedExpressionEncoder.scala:55)
[info]   at scala.Option.map(Option.scala:242)
[info]   at frameless.TypedExpressionEncoder$.apply(TypedExpressionEncoder.scala:54)
[info]   at frameless.TypedDataset$.create(TypedDataset.scala:1325)
[info]   at frameless.CreateTests.$anonfun$new$131(CreateTests.scala:105)
[info]   at org.scalacheck.Prop$ExtendedAny.$qmark$eq(Prop.scala:329)
[info]   at frameless.CreateTests.$anonfun$new$130(CreateTests.scala:105)
[info]   at org.scalacheck.Prop$.$anonfun$forAll$26(Prop.scala:1213)
[info]   at org.scalacheck.Prop$.$anonfun$forAll$24(Prop.scala:1188)
[info]   at org.scalacheck.Prop$.$anonfun$forAll$22(Prop.scala:1166)
[info]   at org.scalacheck.Prop$.$anonfun$forAll$20(Prop.scala:1147)
[info]   at org.scalacheck.Prop$.$anonfun$forAll$18(Prop.scala:1131)
[info]   at scala.Function1.$anonfun$andThen$1(Function1.scala:87)
[info]   at org.scalacheck.Prop$.$anonfun$forAllShrink$2(Prop.scala:868)
[info]   at org.scalacheck.Prop$.secure(Prop.scala:484)
[info]   at org.scalacheck.Prop$.result$1(Prop.scala:868)
[info]   at org.scalacheck.Prop$.$anonfun$forAllShrink$1(Prop.scala:915)
[info]   at org.scalacheck.Prop$.$anonfun$apply$1(Prop.scala:305)
[info]   at org.scalacheck.PropFromFun.apply(Prop.scala:20)
[info]   at org.scalacheck.Prop$.result$1(Prop.scala:869)
[info]   at org.scalacheck.Prop$.$anonfun$forAllShrink$1(Prop.scala:915)
[info]   at org.scalacheck.Prop$.$anonfun$apply$1(Prop.scala:305)
[info]   at org.scalacheck.PropFromFun.apply(Prop.scala:20)
[info]   at org.scalacheck.Prop$.result$1(Prop.scala:869)
[info]   at org.scalacheck.Prop$.$anonfun$forAllShrink$1(Prop.scala:915)
[info]   at org.scalacheck.Prop$.$anonfun$apply$1(Prop.scala:305)
[info]   at org.scalacheck.PropFromFun.apply(Prop.scala:20)
[info]   at org.scalacheck.Prop$.result$1(Prop.scala:869)
[info]   at org.scalacheck.Prop$.$anonfun$forAllShrink$1(Prop.scala:915)
[info]   at org.scalacheck.Prop$.$anonfun$apply$1(Prop.scala:305)
[info]   at org.scalacheck.PropFromFun.apply(Prop.scala:20)
[info]   at org.scalacheck.Prop$.result$1(Prop.scala:869)
[info]   at org.scalacheck.Prop$.$anonfun$forAllShrink$1(Prop.scala:915)
[info]   at org.scalacheck.Prop$.$anonfun$apply$1(Prop.scala:305)
[info]   at org.scalacheck.PropFromFun.apply(Prop.scala:20)
[info]   at org.scalacheck.Prop$.result$1(Prop.scala:869)
[info]   at org.scalacheck.Prop$.$anonfun$forAllShrink$1(Prop.scala:915)
[info]   at org.scalacheck.Prop$.$anonfun$apply$1(Prop.scala:305)
[info]   at org.scalacheck.PropFromFun.apply(Prop.scala:20)
[info]   at org.scalacheck.Test$.workerFun$1(Test.scala:486)
[info]   at org.scalacheck.Test$.$anonfun$check$4(Test.scala:518)
[info]   at org.scalacheck.Test$.$anonfun$check$4$adapted(Test.scala:518)
[info]   at org.scalacheck.Platform$.runWorkers(Platform.scala:42)
[info]   at org.scalacheck.Test$.check(Test.scala:518)
[info]   at org.scalatestplus.scalacheck.UnitCheckerAsserting$CheckerAssertingImpl.check(CheckerAsserting.scala:90)
[info]   at org.scalatestplus.scalacheck.Checkers.check(Checkers.scala:371)
[info]   at org.scalatestplus.scalacheck.Checkers.check$(Checkers.scala:369)
[info]   at frameless.TypedDatasetSuite.check(TypedDatasetSuite.scala:63)
[info]   at frameless.CreateTests.$anonfun$new$129(CreateTests.scala:113)
[info]   at org.scalatest.OutcomeOf.outcomeOf(OutcomeOf.scala:85)
[info]   at org.scalatest.OutcomeOf.outcomeOf$(OutcomeOf.scala:83)
[info]   at org.scalatest.OutcomeOf$.outcomeOf(OutcomeOf.scala:104)
[info]   at org.scalatest.Transformer.apply(Transformer.scala:22)
[info]   at org.scalatest.Transformer.apply(Transformer.scala:20)
[info]   at org.scalatest.funsuite.AnyFunSuiteLike$$anon$1.apply(AnyFunSuiteLike.scala:226)
[info]   at org.scalatest.TestSuite.withFixture(TestSuite.scala:196)
[info]   at org.scalatest.TestSuite.withFixture$(TestSuite.scala:195)
[info]   at org.scalatest.funsuite.AnyFunSuite.withFixture(AnyFunSuite.scala:1564)
[info]   at org.scalatest.funsuite.AnyFunSuiteLike.invokeWithFixture$1(AnyFunSuiteLike.scala:224)
[info]   at org.scalatest.funsuite.AnyFunSuiteLike.$anonfun$runTest$1(AnyFunSuiteLike.scala:236)
[info]   at org.scalatest.SuperEngine.runTestImpl(Engine.scala:306)
[info]   at org.scalatest.funsuite.AnyFunSuiteLike.runTest(AnyFunSuiteLike.scala:236)
[info]   at org.scalatest.funsuite.AnyFunSuiteLike.runTest$(AnyFunSuiteLike.scala:218)
[info]   at org.scalatest.funsuite.AnyFunSuite.runTest(AnyFunSuite.scala:1564)
[info]   at org.scalatest.funsuite.AnyFunSuiteLike.$anonfun$runTests$1(AnyFunSuiteLike.scala:269)
[info]   at org.scalatest.SuperEngine.$anonfun$runTestsInBranch$1(Engine.scala:413)
[info]   at scala.collection.immutable.List.foreach(List.scala:334)
[info]   at org.scalatest.SuperEngine.traverseSubNodes$1(Engine.scala:401)
[info]   at org.scalatest.SuperEngine.runTestsInBranch(Engine.scala:396)
[info]   at org.scalatest.SuperEngine.runTestsImpl(Engine.scala:475)
[info]   at org.scalatest.funsuite.AnyFunSuiteLike.runTests(AnyFunSuiteLike.scala:269)
[info]   at org.scalatest.funsuite.AnyFunSuiteLike.runTests$(AnyFunSuiteLike.scala:268)
[info]   at org.scalatest.funsuite.AnyFunSuite.runTests(AnyFunSuite.scala:1564)
[info]   at org.scalatest.Suite.run(Suite.scala:1114)
[info]   at org.scalatest.Suite.run$(Suite.scala:1096)
[info]   at org.scalatest.funsuite.AnyFunSuite.org$scalatest$funsuite$AnyFunSuiteLike$$super$run(AnyFunSuite.scala:1564)
[info]   at org.scalatest.funsuite.AnyFunSuiteLike.$anonfun$run$1(AnyFunSuiteLike.scala:273)
[info]   at org.scalatest.SuperEngine.runImpl(Engine.scala:535)
[info]   at org.scalatest.funsuite.AnyFunSuiteLike.run(AnyFunSuiteLike.scala:273)
[info]   at org.scalatest.funsuite.AnyFunSuiteLike.run$(AnyFunSuiteLike.scala:272)
[info]   at frameless.TypedDatasetSuite.org$scalatest$BeforeAndAfterAll$$super$run(TypedDatasetSuite.scala:63)
[info]   at org.scalatest.BeforeAndAfterAll.liftedTree1$1(BeforeAndAfterAll.scala:213)
[info]   at org.scalatest.BeforeAndAfterAll.run(BeforeAndAfterAll.scala:210)
[info]   at org.scalatest.BeforeAndAfterAll.run$(BeforeAndAfterAll.scala:208)
[info]   at frameless.TypedDatasetSuite.run(TypedDatasetSuite.scala:63)
[info]   at org.scalatest.tools.Framework.org$scalatest$tools$Framework$$runSuite(Framework.scala:321)
[info]   at org.scalatest.tools.Framework$ScalaTestTask.execute(Framework.scala:517)
[info]   at sbt.ForkMain$Run.lambda$runTest$1(ForkMain.java:414)
[info]   at java.base/java.util.concurrent.FutureTask.run(FutureTask.java:317)
[info]   at java.base/java.util.concurrent.ThreadPoolExecutor.runWorker(ThreadPoolExecutor.java:1144)
[info]   at java.base/java.util.concurrent.ThreadPoolExecutor$Worker.run(ThreadPoolExecutor.java:642)
[info]   at java.base/java.lang.Thread.run(Thread.java:1583)
[info] - maps with Option keys should not resolve the TypedEncoder (0 milliseconds)
[info] - not aligned columns should throw an exception *** FAILED *** (2 milliseconds)
[info]   java.lang.IllegalArgumentException: argument type mismatch
[info]   at java.base/jdk.internal.reflect.DirectConstructorHandleAccessor.newInstance(DirectConstructorHandleAccessor.java:65)
[info]   at java.base/java.lang.reflect.Constructor.newInstanceWithCaller(Constructor.java:502)
[info]   at java.base/java.lang.reflect.Constructor.newInstance(Constructor.java:486)
[info]   at frameless.TypedExpressionEncoder$.$anonfun$apply$3(TypedExpressionEncoder.scala:55)
[info]   at scala.Option.map(Option.scala:242)
[info]   at frameless.TypedExpressionEncoder$.apply(TypedExpressionEncoder.scala:54)
[info]   at frameless.TypedDataset$.create(TypedDataset.scala:1325)
[info]   at frameless.CreateTests.$anonfun$new$167(CreateTests.scala:131)
[info]   at org.scalatest.OutcomeOf.outcomeOf(OutcomeOf.scala:85)
[info]   at org.scalatest.OutcomeOf.outcomeOf$(OutcomeOf.scala:83)
[info]   at org.scalatest.OutcomeOf$.outcomeOf(OutcomeOf.scala:104)
[info]   at org.scalatest.Transformer.apply(Transformer.scala:22)
[info]   at org.scalatest.Transformer.apply(Transformer.scala:20)
[info]   at org.scalatest.funsuite.AnyFunSuiteLike$$anon$1.apply(AnyFunSuiteLike.scala:226)
[info]   at org.scalatest.TestSuite.withFixture(TestSuite.scala:196)
[info]   at org.scalatest.TestSuite.withFixture$(TestSuite.scala:195)
[info]   at org.scalatest.funsuite.AnyFunSuite.withFixture(AnyFunSuite.scala:1564)
[info]   at org.scalatest.funsuite.AnyFunSuiteLike.invokeWithFixture$1(AnyFunSuiteLike.scala:224)
[info]   at org.scalatest.funsuite.AnyFunSuiteLike.$anonfun$runTest$1(AnyFunSuiteLike.scala:236)
[info]   at org.scalatest.SuperEngine.runTestImpl(Engine.scala:306)
[info]   at org.scalatest.funsuite.AnyFunSuiteLike.runTest(AnyFunSuiteLike.scala:236)
[info]   at org.scalatest.funsuite.AnyFunSuiteLike.runTest$(AnyFunSuiteLike.scala:218)
[info]   at org.scalatest.funsuite.AnyFunSuite.runTest(AnyFunSuite.scala:1564)
[info]   at org.scalatest.funsuite.AnyFunSuiteLike.$anonfun$runTests$1(AnyFunSuiteLike.scala:269)
[info]   at org.scalatest.SuperEngine.$anonfun$runTestsInBranch$1(Engine.scala:413)
[info]   at scala.collection.immutable.List.foreach(List.scala:334)
[info]   at org.scalatest.SuperEngine.traverseSubNodes$1(Engine.scala:401)
[info]   at org.scalatest.SuperEngine.runTestsInBranch(Engine.scala:396)
[info]   at org.scalatest.SuperEngine.runTestsImpl(Engine.scala:475)
[info]   at org.scalatest.funsuite.AnyFunSuiteLike.runTests(AnyFunSuiteLike.scala:269)
[info]   at org.scalatest.funsuite.AnyFunSuiteLike.runTests$(AnyFunSuiteLike.scala:268)
[info]   at org.scalatest.funsuite.AnyFunSuite.runTests(AnyFunSuite.scala:1564)
[info]   at org.scalatest.Suite.run(Suite.scala:1114)
[info]   at org.scalatest.Suite.run$(Suite.scala:1096)
[info]   at org.scalatest.funsuite.AnyFunSuite.org$scalatest$funsuite$AnyFunSuiteLike$$super$run(AnyFunSuite.scala:1564)
[info]   at org.scalatest.funsuite.AnyFunSuiteLike.$anonfun$run$1(AnyFunSuiteLike.scala:273)
[info]   at org.scalatest.SuperEngine.runImpl(Engine.scala:535)
[info]   at org.scalatest.funsuite.AnyFunSuiteLike.run(AnyFunSuiteLike.scala:273)
[info]   at org.scalatest.funsuite.AnyFunSuiteLike.run$(AnyFunSuiteLike.scala:272)
[info]   at frameless.TypedDatasetSuite.org$scalatest$BeforeAndAfterAll$$super$run(TypedDatasetSuite.scala:63)
[info]   at org.scalatest.BeforeAndAfterAll.liftedTree1$1(BeforeAndAfterAll.scala:213)
[info]   at org.scalatest.BeforeAndAfterAll.run(BeforeAndAfterAll.scala:210)
[info]   at org.scalatest.BeforeAndAfterAll.run$(BeforeAndAfterAll.scala:208)
[info]   at frameless.TypedDatasetSuite.run(TypedDatasetSuite.scala:63)
[info]   at org.scalatest.tools.Framework.org$scalatest$tools$Framework$$runSuite(Framework.scala:321)
[info]   at org.scalatest.tools.Framework$ScalaTestTask.execute(Framework.scala:517)
[info]   at sbt.ForkMain$Run.lambda$runTest$1(ForkMain.java:414)
[info]   at java.base/java.util.concurrent.FutureTask.run(FutureTask.java:317)
[info]   at java.base/java.util.concurrent.ThreadPoolExecutor.runWorker(ThreadPoolExecutor.java:1144)
[info]   at java.base/java.util.concurrent.ThreadPoolExecutor$Worker.run(ThreadPoolExecutor.java:642)
[info]   at java.base/java.lang.Thread.run(Thread.java:1583)
[info]   Cause: java.lang.ClassCastException: Cannot cast scala.reflect.ClassTag$GenericClassTag to org.apache.spark.sql.catalyst.expressions.Expression
[info]   at java.base/java.lang.Class.cast(Class.java:4067)
[info]   at java.base/jdk.internal.reflect.DirectConstructorHandleAccessor.newInstance(DirectConstructorHandleAccessor.java:62)
[info]   at java.base/java.lang.reflect.Constructor.newInstanceWithCaller(Constructor.java:502)
[info]   at java.base/java.lang.reflect.Constructor.newInstance(Constructor.java:486)
[info]   at frameless.TypedExpressionEncoder$.$anonfun$apply$3(TypedExpressionEncoder.scala:55)
[info]   at scala.Option.map(Option.scala:242)
[info]   at frameless.TypedExpressionEncoder$.apply(TypedExpressionEncoder.scala:54)
[info]   at frameless.TypedDataset$.create(TypedDataset.scala:1325)
[info]   at frameless.CreateTests.$anonfun$new$167(CreateTests.scala:131)
[info]   at org.scalatest.OutcomeOf.outcomeOf(OutcomeOf.scala:85)
[info]   at org.scalatest.OutcomeOf.outcomeOf$(OutcomeOf.scala:83)
[info]   at org.scalatest.OutcomeOf$.outcomeOf(OutcomeOf.scala:104)
[info]   at org.scalatest.Transformer.apply(Transformer.scala:22)
[info]   at org.scalatest.Transformer.apply(Transformer.scala:20)
[info]   at org.scalatest.funsuite.AnyFunSuiteLike$$anon$1.apply(AnyFunSuiteLike.scala:226)
[info]   at org.scalatest.TestSuite.withFixture(TestSuite.scala:196)
[info]   at org.scalatest.TestSuite.withFixture$(TestSuite.scala:195)
[info]   at org.scalatest.funsuite.AnyFunSuite.withFixture(AnyFunSuite.scala:1564)
[info]   at org.scalatest.funsuite.AnyFunSuiteLike.invokeWithFixture$1(AnyFunSuiteLike.scala:224)
[info]   at org.scalatest.funsuite.AnyFunSuiteLike.$anonfun$runTest$1(AnyFunSuiteLike.scala:236)
[info]   at org.scalatest.SuperEngine.runTestImpl(Engine.scala:306)
[info]   at org.scalatest.funsuite.AnyFunSuiteLike.runTest(AnyFunSuiteLike.scala:236)
[info]   at org.scalatest.funsuite.AnyFunSuiteLike.runTest$(AnyFunSuiteLike.scala:218)
[info]   at org.scalatest.funsuite.AnyFunSuite.runTest(AnyFunSuite.scala:1564)
[info]   at org.scalatest.funsuite.AnyFunSuiteLike.$anonfun$runTests$1(AnyFunSuiteLike.scala:269)
[info]   at org.scalatest.SuperEngine.$anonfun$runTestsInBranch$1(Engine.scala:413)
[info]   at scala.collection.immutable.List.foreach(List.scala:334)
[info]   at org.scalatest.SuperEngine.traverseSubNodes$1(Engine.scala:401)
[info]   at org.scalatest.SuperEngine.runTestsInBranch(Engine.scala:396)
[info]   at org.scalatest.SuperEngine.runTestsImpl(Engine.scala:475)
[info]   at org.scalatest.funsuite.AnyFunSuiteLike.runTests(AnyFunSuiteLike.scala:269)
[info]   at org.scalatest.funsuite.AnyFunSuiteLike.runTests$(AnyFunSuiteLike.scala:268)
[info]   at org.scalatest.funsuite.AnyFunSuite.runTests(AnyFunSuite.scala:1564)
[info]   at org.scalatest.Suite.run(Suite.scala:1114)
[info]   at org.scalatest.Suite.run$(Suite.scala:1096)
[info]   at org.scalatest.funsuite.AnyFunSuite.org$scalatest$funsuite$AnyFunSuiteLike$$super$run(AnyFunSuite.scala:1564)
[info]   at org.scalatest.funsuite.AnyFunSuiteLike.$anonfun$run$1(AnyFunSuiteLike.scala:273)
[info]   at org.scalatest.SuperEngine.runImpl(Engine.scala:535)
[info]   at org.scalatest.funsuite.AnyFunSuiteLike.run(AnyFunSuiteLike.scala:273)
[info]   at org.scalatest.funsuite.AnyFunSuiteLike.run$(AnyFunSuiteLike.scala:272)
[info]   at frameless.TypedDatasetSuite.org$scalatest$BeforeAndAfterAll$$super$run(TypedDatasetSuite.scala:63)
[info]   at org.scalatest.BeforeAndAfterAll.liftedTree1$1(BeforeAndAfterAll.scala:213)
[info]   at org.scalatest.BeforeAndAfterAll.run(BeforeAndAfterAll.scala:210)
[info]   at org.scalatest.BeforeAndAfterAll.run$(BeforeAndAfterAll.scala:208)
[info]   at frameless.TypedDatasetSuite.run(TypedDatasetSuite.scala:63)
[info]   at org.scalatest.tools.Framework.org$scalatest$tools$Framework$$runSuite(Framework.scala:321)
[info]   at org.scalatest.tools.Framework$ScalaTestTask.execute(Framework.scala:517)
[info]   at sbt.ForkMain$Run.lambda$runTest$1(ForkMain.java:414)
[info]   at java.base/java.util.concurrent.FutureTask.run(FutureTask.java:317)
[info]   at java.base/java.util.concurrent.ThreadPoolExecutor.runWorker(ThreadPoolExecutor.java:1144)
[info]   at java.base/java.util.concurrent.ThreadPoolExecutor$Worker.run(ThreadPoolExecutor.java:642)
[info]   at java.base/java.lang.Thread.run(Thread.java:1583)
[info] - dataset with different column order *** FAILED *** (16 milliseconds)
[info]   IllegalArgumentException was thrown during property evaluation.
[info]     Message: argument type mismatch
[info]     Occurred when passed generated values (
[info]       arg0 = X1(-1.1),
[info]       arg1 = X1(X1(SQLDate(2147483647)))
[info]     )
[info]   org.scalatest.exceptions.GeneratorDrivenPropertyCheckFailedException:
[info]   at org.scalatestplus.scalacheck.CheckerAsserting$$anon$2.indicateFailure(CheckerAsserting.scala:251)
[info]   at org.scalatestplus.scalacheck.CheckerAsserting$$anon$2.indicateFailure(CheckerAsserting.scala:238)
[info]   at org.scalatestplus.scalacheck.UnitCheckerAsserting$CheckerAssertingImpl.check(CheckerAsserting.scala:160)
[info]   at org.scalatestplus.scalacheck.Checkers.check(Checkers.scala:371)
[info]   at org.scalatestplus.scalacheck.Checkers.check$(Checkers.scala:369)
[info]   at frameless.TypedDatasetSuite.check(TypedDatasetSuite.scala:63)
[info]   at frameless.CreateTests.$anonfun$new$177(CreateTests.scala:150)
[info]   at org.scalatest.OutcomeOf.outcomeOf(OutcomeOf.scala:85)
[info]   at org.scalatest.OutcomeOf.outcomeOf$(OutcomeOf.scala:83)
[info]   at org.scalatest.OutcomeOf$.outcomeOf(OutcomeOf.scala:104)
[info]   at org.scalatest.Transformer.apply(Transformer.scala:22)
[info]   at org.scalatest.Transformer.apply(Transformer.scala:20)
[info]   at org.scalatest.funsuite.AnyFunSuiteLike$$anon$1.apply(AnyFunSuiteLike.scala:226)
[info]   at org.scalatest.TestSuite.withFixture(TestSuite.scala:196)
[info]   at org.scalatest.TestSuite.withFixture$(TestSuite.scala:195)
[info]   at org.scalatest.funsuite.AnyFunSuite.withFixture(AnyFunSuite.scala:1564)
[info]   at org.scalatest.funsuite.AnyFunSuiteLike.invokeWithFixture$1(AnyFunSuiteLike.scala:224)
[info]   at org.scalatest.funsuite.AnyFunSuiteLike.$anonfun$runTest$1(AnyFunSuiteLike.scala:236)
[info]   at org.scalatest.SuperEngine.runTestImpl(Engine.scala:306)
[info]   at org.scalatest.funsuite.AnyFunSuiteLike.runTest(AnyFunSuiteLike.scala:236)
[info]   at org.scalatest.funsuite.AnyFunSuiteLike.runTest$(AnyFunSuiteLike.scala:218)
[info]   at org.scalatest.funsuite.AnyFunSuite.runTest(AnyFunSuite.scala:1564)
[info]   at org.scalatest.funsuite.AnyFunSuiteLike.$anonfun$runTests$1(AnyFunSuiteLike.scala:269)
[info]   at org.scalatest.SuperEngine.$anonfun$runTestsInBranch$1(Engine.scala:413)
[info]   at scala.collection.immutable.List.foreach(List.scala:334)
[info]   at org.scalatest.SuperEngine.traverseSubNodes$1(Engine.scala:401)
[info]   at org.scalatest.SuperEngine.runTestsInBranch(Engine.scala:396)
[info]   at org.scalatest.SuperEngine.runTestsImpl(Engine.scala:475)
[info]   at org.scalatest.funsuite.AnyFunSuiteLike.runTests(AnyFunSuiteLike.scala:269)
[info]   at org.scalatest.funsuite.AnyFunSuiteLike.runTests$(AnyFunSuiteLike.scala:268)
[info]   at org.scalatest.funsuite.AnyFunSuite.runTests(AnyFunSuite.scala:1564)
[info]   at org.scalatest.Suite.run(Suite.scala:1114)
[info]   at org.scalatest.Suite.run$(Suite.scala:1096)
[info]   at org.scalatest.funsuite.AnyFunSuite.org$scalatest$funsuite$AnyFunSuiteLike$$super$run(AnyFunSuite.scala:1564)
[info]   at org.scalatest.funsuite.AnyFunSuiteLike.$anonfun$run$1(AnyFunSuiteLike.scala:273)
[info]   at org.scalatest.SuperEngine.runImpl(Engine.scala:535)
[info]   at org.scalatest.funsuite.AnyFunSuiteLike.run(AnyFunSuiteLike.scala:273)
[info]   at org.scalatest.funsuite.AnyFunSuiteLike.run$(AnyFunSuiteLike.scala:272)
[info]   at frameless.TypedDatasetSuite.org$scalatest$BeforeAndAfterAll$$super$run(TypedDatasetSuite.scala:63)
[info]   at org.scalatest.BeforeAndAfterAll.liftedTree1$1(BeforeAndAfterAll.scala:213)
[info]   at org.scalatest.BeforeAndAfterAll.run(BeforeAndAfterAll.scala:210)
[info]   at org.scalatest.BeforeAndAfterAll.run$(BeforeAndAfterAll.scala:208)
[info]   at frameless.TypedDatasetSuite.run(TypedDatasetSuite.scala:63)
[info]   at org.scalatest.tools.Framework.org$scalatest$tools$Framework$$runSuite(Framework.scala:321)
[info]   at org.scalatest.tools.Framework$ScalaTestTask.execute(Framework.scala:517)
[info]   at sbt.ForkMain$Run.lambda$runTest$1(ForkMain.java:414)
[info]   at java.base/java.util.concurrent.FutureTask.run(FutureTask.java:317)
[info]   at java.base/java.util.concurrent.ThreadPoolExecutor.runWorker(ThreadPoolExecutor.java:1144)
[info]   at java.base/java.util.concurrent.ThreadPoolExecutor$Worker.run(ThreadPoolExecutor.java:642)
[info]   at java.base/java.lang.Thread.run(Thread.java:1583)
[info]   Cause: java.lang.IllegalArgumentException: argument type mismatch
[info]   at java.base/jdk.internal.reflect.DirectConstructorHandleAccessor.newInstance(DirectConstructorHandleAccessor.java:65)
[info]   at java.base/java.lang.reflect.Constructor.newInstanceWithCaller(Constructor.java:502)
[info]   at java.base/java.lang.reflect.Constructor.newInstance(Constructor.java:486)
[info]   at frameless.TypedExpressionEncoder$.$anonfun$apply$3(TypedExpressionEncoder.scala:55)
[info]   at scala.Option.map(Option.scala:242)
[info]   at frameless.TypedExpressionEncoder$.apply(TypedExpressionEncoder.scala:54)
[info]   at frameless.TypedDataset$.create(TypedDataset.scala:1325)
[info]   at frameless.CreateTests.$anonfun$new$178(CreateTests.scala:143)
[info]   at org.scalacheck.Prop$.$anonfun$forAll$18(Prop.scala:1131)
[info]   at scala.Function1.$anonfun$andThen$1(Function1.scala:87)
[info]   at org.scalacheck.Prop$.$anonfun$forAllShrink$2(Prop.scala:868)
[info]   at org.scalacheck.Prop$.secure(Prop.scala:484)
[info]   at org.scalacheck.Prop$.result$1(Prop.scala:868)
[info]   at org.scalacheck.Prop$.$anonfun$forAllShrink$1(Prop.scala:915)
[info]   at org.scalacheck.Prop$.$anonfun$apply$1(Prop.scala:305)
[info]   at org.scalacheck.PropFromFun.apply(Prop.scala:20)
[info]   at org.scalacheck.Prop$.result$1(Prop.scala:869)
[info]   at org.scalacheck.Prop$.$anonfun$forAllShrink$1(Prop.scala:915)
[info]   at org.scalacheck.Prop$.$anonfun$apply$1(Prop.scala:305)
[info]   at org.scalacheck.PropFromFun.apply(Prop.scala:20)
[info]   at org.scalacheck.Test$.workerFun$1(Test.scala:486)
[info]   at org.scalacheck.Test$.$anonfun$check$4(Test.scala:518)
[info]   at org.scalacheck.Test$.$anonfun$check$4$adapted(Test.scala:518)
[info]   at org.scalacheck.Platform$.runWorkers(Platform.scala:42)
[info]   at org.scalacheck.Test$.check(Test.scala:518)
[info]   at org.scalatestplus.scalacheck.UnitCheckerAsserting$CheckerAssertingImpl.check(CheckerAsserting.scala:90)
[info]   at org.scalatestplus.scalacheck.Checkers.check(Checkers.scala:371)
[info]   at org.scalatestplus.scalacheck.Checkers.check$(Checkers.scala:369)
[info]   at frameless.TypedDatasetSuite.check(TypedDatasetSuite.scala:63)
[info]   at frameless.CreateTests.$anonfun$new$177(CreateTests.scala:150)
[info]   at org.scalatest.OutcomeOf.outcomeOf(OutcomeOf.scala:85)
[info]   at org.scalatest.OutcomeOf.outcomeOf$(OutcomeOf.scala:83)
[info]   at org.scalatest.OutcomeOf$.outcomeOf(OutcomeOf.scala:104)
[info]   at org.scalatest.Transformer.apply(Transformer.scala:22)
[info]   at org.scalatest.Transformer.apply(Transformer.scala:20)
[info]   at org.scalatest.funsuite.AnyFunSuiteLike$$anon$1.apply(AnyFunSuiteLike.scala:226)
[info]   at org.scalatest.TestSuite.withFixture(TestSuite.scala:196)
[info]   at org.scalatest.TestSuite.withFixture$(TestSuite.scala:195)
[info]   at org.scalatest.funsuite.AnyFunSuite.withFixture(AnyFunSuite.scala:1564)
[info]   at org.scalatest.funsuite.AnyFunSuiteLike.invokeWithFixture$1(AnyFunSuiteLike.scala:224)
[info]   at org.scalatest.funsuite.AnyFunSuiteLike.$anonfun$runTest$1(AnyFunSuiteLike.scala:236)
[info]   at org.scalatest.SuperEngine.runTestImpl(Engine.scala:306)
[info]   at org.scalatest.funsuite.AnyFunSuiteLike.runTest(AnyFunSuiteLike.scala:236)
[info]   at org.scalatest.funsuite.AnyFunSuiteLike.runTest$(AnyFunSuiteLike.scala:218)
[info]   at org.scalatest.funsuite.AnyFunSuite.runTest(AnyFunSuite.scala:1564)
[info]   at org.scalatest.funsuite.AnyFunSuiteLike.$anonfun$runTests$1(AnyFunSuiteLike.scala:269)
[info]   at org.scalatest.SuperEngine.$anonfun$runTestsInBranch$1(Engine.scala:413)
[info]   at scala.collection.immutable.List.foreach(List.scala:334)
[info]   at org.scalatest.SuperEngine.traverseSubNodes$1(Engine.scala:401)
[info]   at org.scalatest.SuperEngine.runTestsInBranch(Engine.scala:396)
[info]   at org.scalatest.SuperEngine.runTestsImpl(Engine.scala:475)
[info]   at org.scalatest.funsuite.AnyFunSuiteLike.runTests(AnyFunSuiteLike.scala:269)
[info]   at org.scalatest.funsuite.AnyFunSuiteLike.runTests$(AnyFunSuiteLike.scala:268)
[info]   at org.scalatest.funsuite.AnyFunSuite.runTests(AnyFunSuite.scala:1564)
[info]   at org.scalatest.Suite.run(Suite.scala:1114)
[info]   at org.scalatest.Suite.run$(Suite.scala:1096)
[info]   at org.scalatest.funsuite.AnyFunSuite.org$scalatest$funsuite$AnyFunSuiteLike$$super$run(AnyFunSuite.scala:1564)
[info]   at org.scalatest.funsuite.AnyFunSuiteLike.$anonfun$run$1(AnyFunSuiteLike.scala:273)
[info]   at org.scalatest.SuperEngine.runImpl(Engine.scala:535)
[info]   at org.scalatest.funsuite.AnyFunSuiteLike.run(AnyFunSuiteLike.scala:273)
[info]   at org.scalatest.funsuite.AnyFunSuiteLike.run$(AnyFunSuiteLike.scala:272)
[info]   at frameless.TypedDatasetSuite.org$scalatest$BeforeAndAfterAll$$super$run(TypedDatasetSuite.scala:63)
[info]   at org.scalatest.BeforeAndAfterAll.liftedTree1$1(BeforeAndAfterAll.scala:213)
[info]   at org.scalatest.BeforeAndAfterAll.run(BeforeAndAfterAll.scala:210)
[info]   at org.scalatest.BeforeAndAfterAll.run$(BeforeAndAfterAll.scala:208)
[info]   at frameless.TypedDatasetSuite.run(TypedDatasetSuite.scala:63)
[info]   at org.scalatest.tools.Framework.org$scalatest$tools$Framework$$runSuite(Framework.scala:321)
[info]   at org.scalatest.tools.Framework$ScalaTestTask.execute(Framework.scala:517)
[info]   at sbt.ForkMain$Run.lambda$runTest$1(ForkMain.java:414)
[info]   at java.base/java.util.concurrent.FutureTask.run(FutureTask.java:317)
[info]   at java.base/java.util.concurrent.ThreadPoolExecutor.runWorker(ThreadPoolExecutor.java:1144)
[info]   at java.base/java.util.concurrent.ThreadPoolExecutor$Worker.run(ThreadPoolExecutor.java:642)
[info]   at java.base/java.lang.Thread.run(Thread.java:1583)
[info]   Cause: java.lang.ClassCastException: Cannot cast scala.reflect.ClassTag$GenericClassTag to org.apache.spark.sql.catalyst.expressions.Expression
[info]   at java.base/java.lang.Class.cast(Class.java:4067)
[info]   at java.base/jdk.internal.reflect.DirectConstructorHandleAccessor.newInstance(DirectConstructorHandleAccessor.java:62)
[info]   at java.base/java.lang.reflect.Constructor.newInstanceWithCaller(Constructor.java:502)
[info]   at java.base/java.lang.reflect.Constructor.newInstance(Constructor.java:486)
[info]   at frameless.TypedExpressionEncoder$.$anonfun$apply$3(TypedExpressionEncoder.scala:55)
[info]   at scala.Option.map(Option.scala:242)
[info]   at frameless.TypedExpressionEncoder$.apply(TypedExpressionEncoder.scala:54)
[info]   at frameless.TypedDataset$.create(TypedDataset.scala:1325)
[info]   at frameless.CreateTests.$anonfun$new$178(CreateTests.scala:143)
[info]   at org.scalacheck.Prop$.$anonfun$forAll$18(Prop.scala:1131)
[info]   at scala.Function1.$anonfun$andThen$1(Function1.scala:87)
[info]   at org.scalacheck.Prop$.$anonfun$forAllShrink$2(Prop.scala:868)
[info]   at org.scalacheck.Prop$.secure(Prop.scala:484)
[info]   at org.scalacheck.Prop$.result$1(Prop.scala:868)
[info]   at org.scalacheck.Prop$.$anonfun$forAllShrink$1(Prop.scala:915)
[info]   at org.scalacheck.Prop$.$anonfun$apply$1(Prop.scala:305)
[info]   at org.scalacheck.PropFromFun.apply(Prop.scala:20)
[info]   at org.scalacheck.Prop$.result$1(Prop.scala:869)
[info]   at org.scalacheck.Prop$.$anonfun$forAllShrink$1(Prop.scala:915)
[info]   at org.scalacheck.Prop$.$anonfun$apply$1(Prop.scala:305)
[info]   at org.scalacheck.PropFromFun.apply(Prop.scala:20)
[info]   at org.scalacheck.Test$.workerFun$1(Test.scala:486)
[info]   at org.scalacheck.Test$.$anonfun$check$4(Test.scala:518)
[info]   at org.scalacheck.Test$.$anonfun$check$4$adapted(Test.scala:518)
[info]   at org.scalacheck.Platform$.runWorkers(Platform.scala:42)
[info]   at org.scalacheck.Test$.check(Test.scala:518)
[info]   at org.scalatestplus.scalacheck.UnitCheckerAsserting$CheckerAssertingImpl.check(CheckerAsserting.scala:90)
[info]   at org.scalatestplus.scalacheck.Checkers.check(Checkers.scala:371)
[info]   at org.scalatestplus.scalacheck.Checkers.check$(Checkers.scala:369)
[info]   at frameless.TypedDatasetSuite.check(TypedDatasetSuite.scala:63)
[info]   at frameless.CreateTests.$anonfun$new$177(CreateTests.scala:150)
[info]   at org.scalatest.OutcomeOf.outcomeOf(OutcomeOf.scala:85)
[info]   at org.scalatest.OutcomeOf.outcomeOf$(OutcomeOf.scala:83)
[info]   at org.scalatest.OutcomeOf$.outcomeOf(OutcomeOf.scala:104)
[info]   at org.scalatest.Transformer.apply(Transformer.scala:22)
[info]   at org.scalatest.Transformer.apply(Transformer.scala:20)
[info]   at org.scalatest.funsuite.AnyFunSuiteLike$$anon$1.apply(AnyFunSuiteLike.scala:226)
[info]   at org.scalatest.TestSuite.withFixture(TestSuite.scala:196)
[info]   at org.scalatest.TestSuite.withFixture$(TestSuite.scala:195)
[info]   at org.scalatest.funsuite.AnyFunSuite.withFixture(AnyFunSuite.scala:1564)
[info]   at org.scalatest.funsuite.AnyFunSuiteLike.invokeWithFixture$1(AnyFunSuiteLike.scala:224)
[info]   at org.scalatest.funsuite.AnyFunSuiteLike.$anonfun$runTest$1(AnyFunSuiteLike.scala:236)
[info]   at org.scalatest.SuperEngine.runTestImpl(Engine.scala:306)
[info]   at org.scalatest.funsuite.AnyFunSuiteLike.runTest(AnyFunSuiteLike.scala:236)
[info]   at org.scalatest.funsuite.AnyFunSuiteLike.runTest$(AnyFunSuiteLike.scala:218)
[info]   at org.scalatest.funsuite.AnyFunSuite.runTest(AnyFunSuite.scala:1564)
[info]   at org.scalatest.funsuite.AnyFunSuiteLike.$anonfun$runTests$1(AnyFunSuiteLike.scala:269)
[info]   at org.scalatest.SuperEngine.$anonfun$runTestsInBranch$1(Engine.scala:413)
[info]   at scala.collection.immutable.List.foreach(List.scala:334)
[info]   at org.scalatest.SuperEngine.traverseSubNodes$1(Engine.scala:401)
[info]   at org.scalatest.SuperEngine.runTestsInBranch(Engine.scala:396)
[info]   at org.scalatest.SuperEngine.runTestsImpl(Engine.scala:475)
[info]   at org.scalatest.funsuite.AnyFunSuiteLike.runTests(AnyFunSuiteLike.scala:269)
[info]   at org.scalatest.funsuite.AnyFunSuiteLike.runTests$(AnyFunSuiteLike.scala:268)
[info]   at org.scalatest.funsuite.AnyFunSuite.runTests(AnyFunSuite.scala:1564)
[info]   at org.scalatest.Suite.run(Suite.scala:1114)
[info]   at org.scalatest.Suite.run$(Suite.scala:1096)
[info]   at org.scalatest.funsuite.AnyFunSuite.org$scalatest$funsuite$AnyFunSuiteLike$$super$run(AnyFunSuite.scala:1564)
[info]   at org.scalatest.funsuite.AnyFunSuiteLike.$anonfun$run$1(AnyFunSuiteLike.scala:273)
[info]   at org.scalatest.SuperEngine.runImpl(Engine.scala:535)
[info]   at org.scalatest.funsuite.AnyFunSuiteLike.run(AnyFunSuiteLike.scala:273)
[info]   at org.scalatest.funsuite.AnyFunSuiteLike.run$(AnyFunSuiteLike.scala:272)
[info]   at frameless.TypedDatasetSuite.org$scalatest$BeforeAndAfterAll$$super$run(TypedDatasetSuite.scala:63)
[info]   at org.scalatest.BeforeAndAfterAll.liftedTree1$1(BeforeAndAfterAll.scala:213)
[info]   at org.scalatest.BeforeAndAfterAll.run(BeforeAndAfterAll.scala:210)
[info]   at org.scalatest.BeforeAndAfterAll.run$(BeforeAndAfterAll.scala:208)
[info]   at frameless.TypedDatasetSuite.run(TypedDatasetSuite.scala:63)
[info]   at org.scalatest.tools.Framework.org$scalatest$tools$Framework$$runSuite(Framework.scala:321)
[info]   at org.scalatest.tools.Framework$ScalaTestTask.execute(Framework.scala:517)
[info]   at sbt.ForkMain$Run.lambda$runTest$1(ForkMain.java:414)
[info]   at java.base/java.util.concurrent.FutureTask.run(FutureTask.java:317)
[info]   at java.base/java.util.concurrent.ThreadPoolExecutor.runWorker(ThreadPoolExecutor.java:1144)
[info]   at java.base/java.util.concurrent.ThreadPoolExecutor$Worker.run(ThreadPoolExecutor.java:642)
[info]   at java.base/java.lang.Thread.run(Thread.java:1583)
[info] WriteTests:
[info] - write csv *** FAILED *** (1 millisecond)
[info]   IllegalArgumentException was thrown during property evaluation.
[info]     Message: argument type mismatch
[info]     Occurred when passed generated values (
[info]       arg0 = List()
[info]     )
[info]   org.scalatest.exceptions.GeneratorDrivenPropertyCheckFailedException:
[info]   at org.scalatestplus.scalacheck.CheckerAsserting$$anon$2.indicateFailure(CheckerAsserting.scala:251)
[info]   at org.scalatestplus.scalacheck.CheckerAsserting$$anon$2.indicateFailure(CheckerAsserting.scala:238)
[info]   at org.scalatestplus.scalacheck.UnitCheckerAsserting$CheckerAssertingImpl.check(CheckerAsserting.scala:160)
[info]   at org.scalatestplus.scalacheck.Checkers.check(Checkers.scala:371)
[info]   at org.scalatestplus.scalacheck.Checkers.check$(Checkers.scala:369)
[info]   at frameless.TypedDatasetSuite.check(TypedDatasetSuite.scala:63)
[info]   at frameless.WriteTests.$anonfun$new$1(WriteTests.scala:38)
[info]   at org.scalatest.OutcomeOf.outcomeOf(OutcomeOf.scala:85)
[info]   at org.scalatest.OutcomeOf.outcomeOf$(OutcomeOf.scala:83)
[info]   at org.scalatest.OutcomeOf$.outcomeOf(OutcomeOf.scala:104)
[info]   at org.scalatest.Transformer.apply(Transformer.scala:22)
[info]   at org.scalatest.Transformer.apply(Transformer.scala:20)
[info]   at org.scalatest.funsuite.AnyFunSuiteLike$$anon$1.apply(AnyFunSuiteLike.scala:226)
[info]   at org.scalatest.TestSuite.withFixture(TestSuite.scala:196)
[info]   at org.scalatest.TestSuite.withFixture$(TestSuite.scala:195)
[info]   at org.scalatest.funsuite.AnyFunSuite.withFixture(AnyFunSuite.scala:1564)
[info]   at org.scalatest.funsuite.AnyFunSuiteLike.invokeWithFixture$1(AnyFunSuiteLike.scala:224)
[info]   at org.scalatest.funsuite.AnyFunSuiteLike.$anonfun$runTest$1(AnyFunSuiteLike.scala:236)
[info]   at org.scalatest.SuperEngine.runTestImpl(Engine.scala:306)
[info]   at org.scalatest.funsuite.AnyFunSuiteLike.runTest(AnyFunSuiteLike.scala:236)
[info]   at org.scalatest.funsuite.AnyFunSuiteLike.runTest$(AnyFunSuiteLike.scala:218)
[info]   at org.scalatest.funsuite.AnyFunSuite.runTest(AnyFunSuite.scala:1564)
[info]   at org.scalatest.funsuite.AnyFunSuiteLike.$anonfun$runTests$1(AnyFunSuiteLike.scala:269)
[info]   at org.scalatest.SuperEngine.$anonfun$runTestsInBranch$1(Engine.scala:413)
[info]   at scala.collection.immutable.List.foreach(List.scala:334)
[info]   at org.scalatest.SuperEngine.traverseSubNodes$1(Engine.scala:401)
[info]   at org.scalatest.SuperEngine.runTestsInBranch(Engine.scala:396)
[info]   at org.scalatest.SuperEngine.runTestsImpl(Engine.scala:475)
[info]   at org.scalatest.funsuite.AnyFunSuiteLike.runTests(AnyFunSuiteLike.scala:269)
[info]   at org.scalatest.funsuite.AnyFunSuiteLike.runTests$(AnyFunSuiteLike.scala:268)
[info]   at org.scalatest.funsuite.AnyFunSuite.runTests(AnyFunSuite.scala:1564)
[info]   at org.scalatest.Suite.run(Suite.scala:1114)
[info]   at org.scalatest.Suite.run$(Suite.scala:1096)
[info]   at org.scalatest.funsuite.AnyFunSuite.org$scalatest$funsuite$AnyFunSuiteLike$$super$run(AnyFunSuite.scala:1564)
[info]   at org.scalatest.funsuite.AnyFunSuiteLike.$anonfun$run$1(AnyFunSuiteLike.scala:273)
[info]   at org.scalatest.SuperEngine.runImpl(Engine.scala:535)
[info]   at org.scalatest.funsuite.AnyFunSuiteLike.run(AnyFunSuiteLike.scala:273)
[info]   at org.scalatest.funsuite.AnyFunSuiteLike.run$(AnyFunSuiteLike.scala:272)
[info]   at frameless.TypedDatasetSuite.org$scalatest$BeforeAndAfterAll$$super$run(TypedDatasetSuite.scala:63)
[info]   at org.scalatest.BeforeAndAfterAll.liftedTree1$1(BeforeAndAfterAll.scala:213)
[info]   at org.scalatest.BeforeAndAfterAll.run(BeforeAndAfterAll.scala:210)
[info]   at org.scalatest.BeforeAndAfterAll.run$(BeforeAndAfterAll.scala:208)
[info]   at frameless.TypedDatasetSuite.run(TypedDatasetSuite.scala:63)
[info]   at org.scalatest.tools.Framework.org$scalatest$tools$Framework$$runSuite(Framework.scala:321)
[info]   at org.scalatest.tools.Framework$ScalaTestTask.execute(Framework.scala:517)
[info]   at sbt.ForkMain$Run.lambda$runTest$1(ForkMain.java:414)
[info]   at java.base/java.util.concurrent.FutureTask.run(FutureTask.java:317)
[info]   at java.base/java.util.concurrent.ThreadPoolExecutor.runWorker(ThreadPoolExecutor.java:1144)
[info]   at java.base/java.util.concurrent.ThreadPoolExecutor$Worker.run(ThreadPoolExecutor.java:642)
[info]   at java.base/java.lang.Thread.run(Thread.java:1583)
[info]   Cause: java.lang.IllegalArgumentException: argument type mismatch
[info]   at java.base/jdk.internal.reflect.DirectConstructorHandleAccessor.newInstance(DirectConstructorHandleAccessor.java:65)
[info]   at java.base/java.lang.reflect.Constructor.newInstanceWithCaller(Constructor.java:502)
[info]   at java.base/java.lang.reflect.Constructor.newInstance(Constructor.java:486)
[info]   at frameless.TypedExpressionEncoder$.$anonfun$apply$3(TypedExpressionEncoder.scala:55)
[info]   at scala.Option.map(Option.scala:242)
[info]   at frameless.TypedExpressionEncoder$.apply(TypedExpressionEncoder.scala:54)
[info]   at frameless.TypedDataset$.create(TypedDataset.scala:1325)
[info]   at frameless.WriteTests.prop$1(WriteTests.scala:30)
[info]   at frameless.WriteTests.$anonfun$new$8(WriteTests.scala:38)
[info]   at org.scalacheck.Prop$.$anonfun$forAllShrink$2(Prop.scala:868)
[info]   at org.scalacheck.Prop$.secure(Prop.scala:484)
[info]   at org.scalacheck.Prop$.result$1(Prop.scala:868)
[info]   at org.scalacheck.Prop$.$anonfun$forAllShrink$1(Prop.scala:915)
[info]   at org.scalacheck.Prop$.$anonfun$apply$1(Prop.scala:305)
[info]   at org.scalacheck.PropFromFun.apply(Prop.scala:20)
[info]   at org.scalacheck.Test$.workerFun$1(Test.scala:486)
[info]   at org.scalacheck.Test$.$anonfun$check$4(Test.scala:518)
[info]   at org.scalacheck.Test$.$anonfun$check$4$adapted(Test.scala:518)
[info]   at org.scalacheck.Platform$.runWorkers(Platform.scala:42)
[info]   at org.scalacheck.Test$.check(Test.scala:518)
[info]   at org.scalatestplus.scalacheck.UnitCheckerAsserting$CheckerAssertingImpl.check(CheckerAsserting.scala:90)
[info]   at org.scalatestplus.scalacheck.Checkers.check(Checkers.scala:371)
[info]   at org.scalatestplus.scalacheck.Checkers.check$(Checkers.scala:369)
[info]   at frameless.TypedDatasetSuite.check(TypedDatasetSuite.scala:63)
[info]   at frameless.WriteTests.$anonfun$new$1(WriteTests.scala:38)
[info]   at org.scalatest.OutcomeOf.outcomeOf(OutcomeOf.scala:85)
[info]   at org.scalatest.OutcomeOf.outcomeOf$(OutcomeOf.scala:83)
[info]   at org.scalatest.OutcomeOf$.outcomeOf(OutcomeOf.scala:104)
[info]   at org.scalatest.Transformer.apply(Transformer.scala:22)
[info]   at org.scalatest.Transformer.apply(Transformer.scala:20)
[info]   at org.scalatest.funsuite.AnyFunSuiteLike$$anon$1.apply(AnyFunSuiteLike.scala:226)
[info]   at org.scalatest.TestSuite.withFixture(TestSuite.scala:196)
[info]   at org.scalatest.TestSuite.withFixture$(TestSuite.scala:195)
[info]   at org.scalatest.funsuite.AnyFunSuite.withFixture(AnyFunSuite.scala:1564)
[info]   at org.scalatest.funsuite.AnyFunSuiteLike.invokeWithFixture$1(AnyFunSuiteLike.scala:224)
[info]   at org.scalatest.funsuite.AnyFunSuiteLike.$anonfun$runTest$1(AnyFunSuiteLike.scala:236)
[info]   at org.scalatest.SuperEngine.runTestImpl(Engine.scala:306)
[info]   at org.scalatest.funsuite.AnyFunSuiteLike.runTest(AnyFunSuiteLike.scala:236)
[info]   at org.scalatest.funsuite.AnyFunSuiteLike.runTest$(AnyFunSuiteLike.scala:218)
[info]   at org.scalatest.funsuite.AnyFunSuite.runTest(AnyFunSuite.scala:1564)
[info]   at org.scalatest.funsuite.AnyFunSuiteLike.$anonfun$runTests$1(AnyFunSuiteLike.scala:269)
[info]   at org.scalatest.SuperEngine.$anonfun$runTestsInBranch$1(Engine.scala:413)
[info]   at scala.collection.immutable.List.foreach(List.scala:334)
[info]   at org.scalatest.SuperEngine.traverseSubNodes$1(Engine.scala:401)
[info]   at org.scalatest.SuperEngine.runTestsInBranch(Engine.scala:396)
[info]   at org.scalatest.SuperEngine.runTestsImpl(Engine.scala:475)
[info]   at org.scalatest.funsuite.AnyFunSuiteLike.runTests(AnyFunSuiteLike.scala:269)
[info]   at org.scalatest.funsuite.AnyFunSuiteLike.runTests$(AnyFunSuiteLike.scala:268)
[info]   at org.scalatest.funsuite.AnyFunSuite.runTests(AnyFunSuite.scala:1564)
[info]   at org.scalatest.Suite.run(Suite.scala:1114)
[info]   at org.scalatest.Suite.run$(Suite.scala:1096)
[info]   at org.scalatest.funsuite.AnyFunSuite.org$scalatest$funsuite$AnyFunSuiteLike$$super$run(AnyFunSuite.scala:1564)
[info]   at org.scalatest.funsuite.AnyFunSuiteLike.$anonfun$run$1(AnyFunSuiteLike.scala:273)
[info]   at org.scalatest.SuperEngine.runImpl(Engine.scala:535)
[info]   at org.scalatest.funsuite.AnyFunSuiteLike.run(AnyFunSuiteLike.scala:273)
[info]   at org.scalatest.funsuite.AnyFunSuiteLike.run$(AnyFunSuiteLike.scala:272)
[info]   at frameless.TypedDatasetSuite.org$scalatest$BeforeAndAfterAll$$super$run(TypedDatasetSuite.scala:63)
[info]   at org.scalatest.BeforeAndAfterAll.liftedTree1$1(BeforeAndAfterAll.scala:213)
[info]   at org.scalatest.BeforeAndAfterAll.run(BeforeAndAfterAll.scala:210)
[info]   at org.scalatest.BeforeAndAfterAll.run$(BeforeAndAfterAll.scala:208)
[info]   at frameless.TypedDatasetSuite.run(TypedDatasetSuite.scala:63)
[info]   at org.scalatest.tools.Framework.org$scalatest$tools$Framework$$runSuite(Framework.scala:321)
[info]   at org.scalatest.tools.Framework$ScalaTestTask.execute(Framework.scala:517)
[info]   at sbt.ForkMain$Run.lambda$runTest$1(ForkMain.java:414)
[info]   at java.base/java.util.concurrent.FutureTask.run(FutureTask.java:317)
[info]   at java.base/java.util.concurrent.ThreadPoolExecutor.runWorker(ThreadPoolExecutor.java:1144)
[info]   at java.base/java.util.concurrent.ThreadPoolExecutor$Worker.run(ThreadPoolExecutor.java:642)
[info]   at java.base/java.lang.Thread.run(Thread.java:1583)
[info]   Cause: java.lang.ClassCastException: Cannot cast scala.reflect.ClassTag$GenericClassTag to org.apache.spark.sql.catalyst.expressions.Expression
[info]   at java.base/java.lang.Class.cast(Class.java:4067)
[info]   at java.base/jdk.internal.reflect.DirectConstructorHandleAccessor.newInstance(DirectConstructorHandleAccessor.java:62)
[info]   at java.base/java.lang.reflect.Constructor.newInstanceWithCaller(Constructor.java:502)
[info]   at java.base/java.lang.reflect.Constructor.newInstance(Constructor.java:486)
[info]   at frameless.TypedExpressionEncoder$.$anonfun$apply$3(TypedExpressionEncoder.scala:55)
[info]   at scala.Option.map(Option.scala:242)
[info]   at frameless.TypedExpressionEncoder$.apply(TypedExpressionEncoder.scala:54)
[info]   at frameless.TypedDataset$.create(TypedDataset.scala:1325)
[info]   at frameless.WriteTests.prop$1(WriteTests.scala:30)
[info]   at frameless.WriteTests.$anonfun$new$8(WriteTests.scala:38)
[info]   at org.scalacheck.Prop$.$anonfun$forAllShrink$2(Prop.scala:868)
[info]   at org.scalacheck.Prop$.secure(Prop.scala:484)
[info]   at org.scalacheck.Prop$.result$1(Prop.scala:868)
[info]   at org.scalacheck.Prop$.$anonfun$forAllShrink$1(Prop.scala:915)
[info]   at org.scalacheck.Prop$.$anonfun$apply$1(Prop.scala:305)
[info]   at org.scalacheck.PropFromFun.apply(Prop.scala:20)
[info]   at org.scalacheck.Test$.workerFun$1(Test.scala:486)
[info]   at org.scalacheck.Test$.$anonfun$check$4(Test.scala:518)
[info]   at org.scalacheck.Test$.$anonfun$check$4$adapted(Test.scala:518)
[info]   at org.scalacheck.Platform$.runWorkers(Platform.scala:42)
[info]   at org.scalacheck.Test$.check(Test.scala:518)
[info]   at org.scalatestplus.scalacheck.UnitCheckerAsserting$CheckerAssertingImpl.check(CheckerAsserting.scala:90)
[info]   at org.scalatestplus.scalacheck.Checkers.check(Checkers.scala:371)
[info]   at org.scalatestplus.scalacheck.Checkers.check$(Checkers.scala:369)
[info]   at frameless.TypedDatasetSuite.check(TypedDatasetSuite.scala:63)
[info]   at frameless.WriteTests.$anonfun$new$1(WriteTests.scala:38)
[info]   at org.scalatest.OutcomeOf.outcomeOf(OutcomeOf.scala:85)
[info]   at org.scalatest.OutcomeOf.outcomeOf$(OutcomeOf.scala:83)
[info]   at org.scalatest.OutcomeOf$.outcomeOf(OutcomeOf.scala:104)
[info]   at org.scalatest.Transformer.apply(Transformer.scala:22)
[info]   at org.scalatest.Transformer.apply(Transformer.scala:20)
[info]   at org.scalatest.funsuite.AnyFunSuiteLike$$anon$1.apply(AnyFunSuiteLike.scala:226)
[info]   at org.scalatest.TestSuite.withFixture(TestSuite.scala:196)
[info]   at org.scalatest.TestSuite.withFixture$(TestSuite.scala:195)
[info]   at org.scalatest.funsuite.AnyFunSuite.withFixture(AnyFunSuite.scala:1564)
[info]   at org.scalatest.funsuite.AnyFunSuiteLike.invokeWithFixture$1(AnyFunSuiteLike.scala:224)
[info]   at org.scalatest.funsuite.AnyFunSuiteLike.$anonfun$runTest$1(AnyFunSuiteLike.scala:236)
[info]   at org.scalatest.SuperEngine.runTestImpl(Engine.scala:306)
[info]   at org.scalatest.funsuite.AnyFunSuiteLike.runTest(AnyFunSuiteLike.scala:236)
[info]   at org.scalatest.funsuite.AnyFunSuiteLike.runTest$(AnyFunSuiteLike.scala:218)
[info]   at org.scalatest.funsuite.AnyFunSuite.runTest(AnyFunSuite.scala:1564)
[info]   at org.scalatest.funsuite.AnyFunSuiteLike.$anonfun$runTests$1(AnyFunSuiteLike.scala:269)
[info]   at org.scalatest.SuperEngine.$anonfun$runTestsInBranch$1(Engine.scala:413)
[info]   at scala.collection.immutable.List.foreach(List.scala:334)
[info]   at org.scalatest.SuperEngine.traverseSubNodes$1(Engine.scala:401)
[info]   at org.scalatest.SuperEngine.runTestsInBranch(Engine.scala:396)
[info]   at org.scalatest.SuperEngine.runTestsImpl(Engine.scala:475)
[info]   at org.scalatest.funsuite.AnyFunSuiteLike.runTests(AnyFunSuiteLike.scala:269)
[info]   at org.scalatest.funsuite.AnyFunSuiteLike.runTests$(AnyFunSuiteLike.scala:268)
[info]   at org.scalatest.funsuite.AnyFunSuite.runTests(AnyFunSuite.scala:1564)
[info]   at org.scalatest.Suite.run(Suite.scala:1114)
[info]   at org.scalatest.Suite.run$(Suite.scala:1096)
[info]   at org.scalatest.funsuite.AnyFunSuite.org$scalatest$funsuite$AnyFunSuiteLike$$super$run(AnyFunSuite.scala:1564)
[info]   at org.scalatest.funsuite.AnyFunSuiteLike.$anonfun$run$1(AnyFunSuiteLike.scala:273)
[info]   at org.scalatest.SuperEngine.runImpl(Engine.scala:535)
[info]   at org.scalatest.funsuite.AnyFunSuiteLike.run(AnyFunSuiteLike.scala:273)
[info]   at org.scalatest.funsuite.AnyFunSuiteLike.run$(AnyFunSuiteLike.scala:272)
[info]   at frameless.TypedDatasetSuite.org$scalatest$BeforeAndAfterAll$$super$run(TypedDatasetSuite.scala:63)
[info]   at org.scalatest.BeforeAndAfterAll.liftedTree1$1(BeforeAndAfterAll.scala:213)
[info]   at org.scalatest.BeforeAndAfterAll.run(BeforeAndAfterAll.scala:210)
[info]   at org.scalatest.BeforeAndAfterAll.run$(BeforeAndAfterAll.scala:208)
[info]   at frameless.TypedDatasetSuite.run(TypedDatasetSuite.scala:63)
[info]   at org.scalatest.tools.Framework.org$scalatest$tools$Framework$$runSuite(Framework.scala:321)
[info]   at org.scalatest.tools.Framework$ScalaTestTask.execute(Framework.scala:517)
[info]   at sbt.ForkMain$Run.lambda$runTest$1(ForkMain.java:414)
[info]   at java.base/java.util.concurrent.FutureTask.run(FutureTask.java:317)
[info]   at java.base/java.util.concurrent.ThreadPoolExecutor.runWorker(ThreadPoolExecutor.java:1144)
[info]   at java.base/java.util.concurrent.ThreadPoolExecutor$Worker.run(ThreadPoolExecutor.java:642)
[info]   at java.base/java.lang.Thread.run(Thread.java:1583)
[info] - write parquet *** FAILED *** (10 milliseconds)
[info]   IllegalArgumentException was thrown during property evaluation.
[info]     Message: argument type mismatch
[info]     Occurred when passed generated values (
[info]       arg0 = List()
[info]     )
[info]   org.scalatest.exceptions.GeneratorDrivenPropertyCheckFailedException:
[info]   at org.scalatestplus.scalacheck.CheckerAsserting$$anon$2.indicateFailure(CheckerAsserting.scala:251)
[info]   at org.scalatestplus.scalacheck.CheckerAsserting$$anon$2.indicateFailure(CheckerAsserting.scala:238)
[info]   at org.scalatestplus.scalacheck.UnitCheckerAsserting$CheckerAssertingImpl.check(CheckerAsserting.scala:160)
[info]   at org.scalatestplus.scalacheck.Checkers.check(Checkers.scala:371)
[info]   at org.scalatestplus.scalacheck.Checkers.check$(Checkers.scala:369)
[info]   at frameless.TypedDatasetSuite.check(TypedDatasetSuite.scala:63)
[info]   at frameless.WriteTests.$anonfun$new$12(WriteTests.scala:53)
[info]   at org.scalatest.OutcomeOf.outcomeOf(OutcomeOf.scala:85)
[info]   at org.scalatest.OutcomeOf.outcomeOf$(OutcomeOf.scala:83)
[info]   at org.scalatest.OutcomeOf$.outcomeOf(OutcomeOf.scala:104)
[info]   at org.scalatest.Transformer.apply(Transformer.scala:22)
[info]   at org.scalatest.Transformer.apply(Transformer.scala:20)
[info]   at org.scalatest.funsuite.AnyFunSuiteLike$$anon$1.apply(AnyFunSuiteLike.scala:226)
[info]   at org.scalatest.TestSuite.withFixture(TestSuite.scala:196)
[info]   at org.scalatest.TestSuite.withFixture$(TestSuite.scala:195)
[info]   at org.scalatest.funsuite.AnyFunSuite.withFixture(AnyFunSuite.scala:1564)
[info]   at org.scalatest.funsuite.AnyFunSuiteLike.invokeWithFixture$1(AnyFunSuiteLike.scala:224)
[info]   at org.scalatest.funsuite.AnyFunSuiteLike.$anonfun$runTest$1(AnyFunSuiteLike.scala:236)
[info]   at org.scalatest.SuperEngine.runTestImpl(Engine.scala:306)
[info]   at org.scalatest.funsuite.AnyFunSuiteLike.runTest(AnyFunSuiteLike.scala:236)
[info]   at org.scalatest.funsuite.AnyFunSuiteLike.runTest$(AnyFunSuiteLike.scala:218)
[info]   at org.scalatest.funsuite.AnyFunSuite.runTest(AnyFunSuite.scala:1564)
[info]   at org.scalatest.funsuite.AnyFunSuiteLike.$anonfun$runTests$1(AnyFunSuiteLike.scala:269)
[info]   at org.scalatest.SuperEngine.$anonfun$runTestsInBranch$1(Engine.scala:413)
[info]   at scala.collection.immutable.List.foreach(List.scala:334)
[info]   at org.scalatest.SuperEngine.traverseSubNodes$1(Engine.scala:401)
[info]   at org.scalatest.SuperEngine.runTestsInBranch(Engine.scala:396)
[info]   at org.scalatest.SuperEngine.runTestsImpl(Engine.scala:475)
[info]   at org.scalatest.funsuite.AnyFunSuiteLike.runTests(AnyFunSuiteLike.scala:269)
[info]   at org.scalatest.funsuite.AnyFunSuiteLike.runTests$(AnyFunSuiteLike.scala:268)
[info]   at org.scalatest.funsuite.AnyFunSuite.runTests(AnyFunSuite.scala:1564)
[info]   at org.scalatest.Suite.run(Suite.scala:1114)
[info]   at org.scalatest.Suite.run$(Suite.scala:1096)
[info]   at org.scalatest.funsuite.AnyFunSuite.org$scalatest$funsuite$AnyFunSuiteLike$$super$run(AnyFunSuite.scala:1564)
[info]   at org.scalatest.funsuite.AnyFunSuiteLike.$anonfun$run$1(AnyFunSuiteLike.scala:273)
[info]   at org.scalatest.SuperEngine.runImpl(Engine.scala:535)
[info]   at org.scalatest.funsuite.AnyFunSuiteLike.run(AnyFunSuiteLike.scala:273)
[info]   at org.scalatest.funsuite.AnyFunSuiteLike.run$(AnyFunSuiteLike.scala:272)
[info]   at frameless.TypedDatasetSuite.org$scalatest$BeforeAndAfterAll$$super$run(TypedDatasetSuite.scala:63)
[info]   at org.scalatest.BeforeAndAfterAll.liftedTree1$1(BeforeAndAfterAll.scala:213)
[info]   at org.scalatest.BeforeAndAfterAll.run(BeforeAndAfterAll.scala:210)
[info]   at org.scalatest.BeforeAndAfterAll.run$(BeforeAndAfterAll.scala:208)
[info]   at frameless.TypedDatasetSuite.run(TypedDatasetSuite.scala:63)
[info]   at org.scalatest.tools.Framework.org$scalatest$tools$Framework$$runSuite(Framework.scala:321)
[info]   at org.scalatest.tools.Framework$ScalaTestTask.execute(Framework.scala:517)
[info]   at sbt.ForkMain$Run.lambda$runTest$1(ForkMain.java:414)
[info]   at java.base/java.util.concurrent.FutureTask.run(FutureTask.java:317)
[info]   at java.base/java.util.concurrent.ThreadPoolExecutor.runWorker(ThreadPoolExecutor.java:1144)
[info]   at java.base/java.util.concurrent.ThreadPoolExecutor$Worker.run(ThreadPoolExecutor.java:642)
[info]   at java.base/java.lang.Thread.run(Thread.java:1583)
[info]   Cause: java.lang.IllegalArgumentException: argument type mismatch
[info]   at java.base/jdk.internal.reflect.DirectConstructorHandleAccessor.newInstance(DirectConstructorHandleAccessor.java:65)
[info]   at java.base/java.lang.reflect.Constructor.newInstanceWithCaller(Constructor.java:502)
[info]   at java.base/java.lang.reflect.Constructor.newInstance(Constructor.java:486)
[info]   at frameless.TypedExpressionEncoder$.$anonfun$apply$3(TypedExpressionEncoder.scala:55)
[info]   at scala.Option.map(Option.scala:242)
[info]   at frameless.TypedExpressionEncoder$.apply(TypedExpressionEncoder.scala:54)
[info]   at frameless.TypedDataset$.create(TypedDataset.scala:1325)
[info]   at frameless.WriteTests.prop$2(WriteTests.scala:45)
[info]   at frameless.WriteTests.$anonfun$new$18(WriteTests.scala:53)
[info]   at org.scalacheck.Prop$.$anonfun$forAllShrink$2(Prop.scala:868)
[info]   at org.scalacheck.Prop$.secure(Prop.scala:484)
[info]   at org.scalacheck.Prop$.result$1(Prop.scala:868)
[info]   at org.scalacheck.Prop$.$anonfun$forAllShrink$1(Prop.scala:915)
[info]   at org.scalacheck.Prop$.$anonfun$apply$1(Prop.scala:305)
[info]   at org.scalacheck.PropFromFun.apply(Prop.scala:20)
[info]   at org.scalacheck.Test$.workerFun$1(Test.scala:486)
[info]   at org.scalacheck.Test$.$anonfun$check$4(Test.scala:518)
[info]   at org.scalacheck.Test$.$anonfun$check$4$adapted(Test.scala:518)
[info]   at org.scalacheck.Platform$.runWorkers(Platform.scala:42)
[info]   at org.scalacheck.Test$.check(Test.scala:518)
[info]   at org.scalatestplus.scalacheck.UnitCheckerAsserting$CheckerAssertingImpl.check(CheckerAsserting.scala:90)
[info]   at org.scalatestplus.scalacheck.Checkers.check(Checkers.scala:371)
[info]   at org.scalatestplus.scalacheck.Checkers.check$(Checkers.scala:369)
[info]   at frameless.TypedDatasetSuite.check(TypedDatasetSuite.scala:63)
[info]   at frameless.WriteTests.$anonfun$new$12(WriteTests.scala:53)
[info]   at org.scalatest.OutcomeOf.outcomeOf(OutcomeOf.scala:85)
[info]   at org.scalatest.OutcomeOf.outcomeOf$(OutcomeOf.scala:83)
[info]   at org.scalatest.OutcomeOf$.outcomeOf(OutcomeOf.scala:104)
[info]   at org.scalatest.Transformer.apply(Transformer.scala:22)
[info]   at org.scalatest.Transformer.apply(Transformer.scala:20)
[info]   at org.scalatest.funsuite.AnyFunSuiteLike$$anon$1.apply(AnyFunSuiteLike.scala:226)
[info]   at org.scalatest.TestSuite.withFixture(TestSuite.scala:196)
[info]   at org.scalatest.TestSuite.withFixture$(TestSuite.scala:195)
[info]   at org.scalatest.funsuite.AnyFunSuite.withFixture(AnyFunSuite.scala:1564)
[info]   at org.scalatest.funsuite.AnyFunSuiteLike.invokeWithFixture$1(AnyFunSuiteLike.scala:224)
[info]   at org.scalatest.funsuite.AnyFunSuiteLike.$anonfun$runTest$1(AnyFunSuiteLike.scala:236)
[info]   at org.scalatest.SuperEngine.runTestImpl(Engine.scala:306)
[info]   at org.scalatest.funsuite.AnyFunSuiteLike.runTest(AnyFunSuiteLike.scala:236)
[info]   at org.scalatest.funsuite.AnyFunSuiteLike.runTest$(AnyFunSuiteLike.scala:218)
[info]   at org.scalatest.funsuite.AnyFunSuite.runTest(AnyFunSuite.scala:1564)
[info]   at org.scalatest.funsuite.AnyFunSuiteLike.$anonfun$runTests$1(AnyFunSuiteLike.scala:269)
[info]   at org.scalatest.SuperEngine.$anonfun$runTestsInBranch$1(Engine.scala:413)
[info]   at scala.collection.immutable.List.foreach(List.scala:334)
[info]   at org.scalatest.SuperEngine.traverseSubNodes$1(Engine.scala:401)
[info]   at org.scalatest.SuperEngine.runTestsInBranch(Engine.scala:396)
[info]   at org.scalatest.SuperEngine.runTestsImpl(Engine.scala:475)
[info]   at org.scalatest.funsuite.AnyFunSuiteLike.runTests(AnyFunSuiteLike.scala:269)
[info]   at org.scalatest.funsuite.AnyFunSuiteLike.runTests$(AnyFunSuiteLike.scala:268)
[info]   at org.scalatest.funsuite.AnyFunSuite.runTests(AnyFunSuite.scala:1564)
[info]   at org.scalatest.Suite.run(Suite.scala:1114)
[info]   at org.scalatest.Suite.run$(Suite.scala:1096)
[info]   at org.scalatest.funsuite.AnyFunSuite.org$scalatest$funsuite$AnyFunSuiteLike$$super$run(AnyFunSuite.scala:1564)
[info]   at org.scalatest.funsuite.AnyFunSuiteLike.$anonfun$run$1(AnyFunSuiteLike.scala:273)
[info]   at org.scalatest.SuperEngine.runImpl(Engine.scala:535)
[info]   at org.scalatest.funsuite.AnyFunSuiteLike.run(AnyFunSuiteLike.scala:273)
[info]   at org.scalatest.funsuite.AnyFunSuiteLike.run$(AnyFunSuiteLike.scala:272)
[info]   at frameless.TypedDatasetSuite.org$scalatest$BeforeAndAfterAll$$super$run(TypedDatasetSuite.scala:63)
[info]   at org.scalatest.BeforeAndAfterAll.liftedTree1$1(BeforeAndAfterAll.scala:213)
[info]   at org.scalatest.BeforeAndAfterAll.run(BeforeAndAfterAll.scala:210)
[info]   at org.scalatest.BeforeAndAfterAll.run$(BeforeAndAfterAll.scala:208)
[info]   at frameless.TypedDatasetSuite.run(TypedDatasetSuite.scala:63)
[info]   at org.scalatest.tools.Framework.org$scalatest$tools$Framework$$runSuite(Framework.scala:321)
[info]   at org.scalatest.tools.Framework$ScalaTestTask.execute(Framework.scala:517)
[info]   at sbt.ForkMain$Run.lambda$runTest$1(ForkMain.java:414)
[info]   at java.base/java.util.concurrent.FutureTask.run(FutureTask.java:317)
[info]   at java.base/java.util.concurrent.ThreadPoolExecutor.runWorker(ThreadPoolExecutor.java:1144)
[info]   at java.base/java.util.concurrent.ThreadPoolExecutor$Worker.run(ThreadPoolExecutor.java:642)
[info]   at java.base/java.lang.Thread.run(Thread.java:1583)
[info]   Cause: java.lang.ClassCastException: Cannot cast scala.reflect.ClassTag$GenericClassTag to org.apache.spark.sql.catalyst.expressions.Expression
[info]   at java.base/java.lang.Class.cast(Class.java:4067)
[info]   at java.base/jdk.internal.reflect.DirectConstructorHandleAccessor.newInstance(DirectConstructorHandleAccessor.java:62)
[info]   at java.base/java.lang.reflect.Constructor.newInstanceWithCaller(Constructor.java:502)
[info]   at java.base/java.lang.reflect.Constructor.newInstance(Constructor.java:486)
[info]   at frameless.TypedExpressionEncoder$.$anonfun$apply$3(TypedExpressionEncoder.scala:55)
[info]   at scala.Option.map(Option.scala:242)
[info]   at frameless.TypedExpressionEncoder$.apply(TypedExpressionEncoder.scala:54)
[info]   at frameless.TypedDataset$.create(TypedDataset.scala:1325)
[info]   at frameless.WriteTests.prop$2(WriteTests.scala:45)
[info]   at frameless.WriteTests.$anonfun$new$18(WriteTests.scala:53)
[info]   at org.scalacheck.Prop$.$anonfun$forAllShrink$2(Prop.scala:868)
[info]   at org.scalacheck.Prop$.secure(Prop.scala:484)
[info]   at org.scalacheck.Prop$.result$1(Prop.scala:868)
[info]   at org.scalacheck.Prop$.$anonfun$forAllShrink$1(Prop.scala:915)
[info]   at org.scalacheck.Prop$.$anonfun$apply$1(Prop.scala:305)
[info]   at org.scalacheck.PropFromFun.apply(Prop.scala:20)
[info]   at org.scalacheck.Test$.workerFun$1(Test.scala:486)
[info]   at org.scalacheck.Test$.$anonfun$check$4(Test.scala:518)
[info]   at org.scalacheck.Test$.$anonfun$check$4$adapted(Test.scala:518)
[info]   at org.scalacheck.Platform$.runWorkers(Platform.scala:42)
[info]   at org.scalacheck.Test$.check(Test.scala:518)
[info]   at org.scalatestplus.scalacheck.UnitCheckerAsserting$CheckerAssertingImpl.check(CheckerAsserting.scala:90)
[info]   at org.scalatestplus.scalacheck.Checkers.check(Checkers.scala:371)
[info]   at org.scalatestplus.scalacheck.Checkers.check$(Checkers.scala:369)
[info]   at frameless.TypedDatasetSuite.check(TypedDatasetSuite.scala:63)
[info]   at frameless.WriteTests.$anonfun$new$12(WriteTests.scala:53)
[info]   at org.scalatest.OutcomeOf.outcomeOf(OutcomeOf.scala:85)
[info]   at org.scalatest.OutcomeOf.outcomeOf$(OutcomeOf.scala:83)
[info]   at org.scalatest.OutcomeOf$.outcomeOf(OutcomeOf.scala:104)
[info]   at org.scalatest.Transformer.apply(Transformer.scala:22)
[info]   at org.scalatest.Transformer.apply(Transformer.scala:20)
[info]   at org.scalatest.funsuite.AnyFunSuiteLike$$anon$1.apply(AnyFunSuiteLike.scala:226)
[info]   at org.scalatest.TestSuite.withFixture(TestSuite.scala:196)
[info]   at org.scalatest.TestSuite.withFixture$(TestSuite.scala:195)
[info]   at org.scalatest.funsuite.AnyFunSuite.withFixture(AnyFunSuite.scala:1564)
[info]   at org.scalatest.funsuite.AnyFunSuiteLike.invokeWithFixture$1(AnyFunSuiteLike.scala:224)
[info]   at org.scalatest.funsuite.AnyFunSuiteLike.$anonfun$runTest$1(AnyFunSuiteLike.scala:236)
[info]   at org.scalatest.SuperEngine.runTestImpl(Engine.scala:306)
[info]   at org.scalatest.funsuite.AnyFunSuiteLike.runTest(AnyFunSuiteLike.scala:236)
[info]   at org.scalatest.funsuite.AnyFunSuiteLike.runTest$(AnyFunSuiteLike.scala:218)
[info]   at org.scalatest.funsuite.AnyFunSuite.runTest(AnyFunSuite.scala:1564)
[info]   at org.scalatest.funsuite.AnyFunSuiteLike.$anonfun$runTests$1(AnyFunSuiteLike.scala:269)
[info]   at org.scalatest.SuperEngine.$anonfun$runTestsInBranch$1(Engine.scala:413)
[info]   at scala.collection.immutable.List.foreach(List.scala:334)
[info]   at org.scalatest.SuperEngine.traverseSubNodes$1(Engine.scala:401)
[info]   at org.scalatest.SuperEngine.runTestsInBranch(Engine.scala:396)
[info]   at org.scalatest.SuperEngine.runTestsImpl(Engine.scala:475)
[info]   at org.scalatest.funsuite.AnyFunSuiteLike.runTests(AnyFunSuiteLike.scala:269)
[info]   at org.scalatest.funsuite.AnyFunSuiteLike.runTests$(AnyFunSuiteLike.scala:268)
[info]   at org.scalatest.funsuite.AnyFunSuite.runTests(AnyFunSuite.scala:1564)
[info]   at org.scalatest.Suite.run(Suite.scala:1114)
[info]   at org.scalatest.Suite.run$(Suite.scala:1096)
[info]   at org.scalatest.funsuite.AnyFunSuite.org$scalatest$funsuite$AnyFunSuiteLike$$super$run(AnyFunSuite.scala:1564)
[info]   at org.scalatest.funsuite.AnyFunSuiteLike.$anonfun$run$1(AnyFunSuiteLike.scala:273)
[info]   at org.scalatest.SuperEngine.runImpl(Engine.scala:535)
[info]   at org.scalatest.funsuite.AnyFunSuiteLike.run(AnyFunSuiteLike.scala:273)
[info]   at org.scalatest.funsuite.AnyFunSuiteLike.run$(AnyFunSuiteLike.scala:272)
[info]   at frameless.TypedDatasetSuite.org$scalatest$BeforeAndAfterAll$$super$run(TypedDatasetSuite.scala:63)
[info]   at org.scalatest.BeforeAndAfterAll.liftedTree1$1(BeforeAndAfterAll.scala:213)
[info]   at org.scalatest.BeforeAndAfterAll.run(BeforeAndAfterAll.scala:210)
[info]   at org.scalatest.BeforeAndAfterAll.run$(BeforeAndAfterAll.scala:208)
[info]   at frameless.TypedDatasetSuite.run(TypedDatasetSuite.scala:63)
[info]   at org.scalatest.tools.Framework.org$scalatest$tools$Framework$$runSuite(Framework.scala:321)
[info]   at org.scalatest.tools.Framework$ScalaTestTask.execute(Framework.scala:517)
[info]   at sbt.ForkMain$Run.lambda$runTest$1(ForkMain.java:414)
[info]   at java.base/java.util.concurrent.FutureTask.run(FutureTask.java:317)
[info]   at java.base/java.util.concurrent.ThreadPoolExecutor.runWorker(ThreadPoolExecutor.java:1144)
[info]   at java.base/java.util.concurrent.ThreadPoolExecutor$Worker.run(ThreadPoolExecutor.java:642)
[info]   at java.base/java.lang.Thread.run(Thread.java:1583)
[info] RandomSplitTests:
[info] - randomSplit(weight, seed) *** FAILED *** (22 milliseconds)
[info]   IllegalArgumentException was thrown during property evaluation.
[info]     Message: argument type mismatch
[info]     Occurred when passed generated values (
[info]       arg0 = Vector(),
[info]       arg1 = Array(), // 1 shrink
[info]       arg2 = 0 // 63 shrinks
[info]     )
[info]   org.scalatest.exceptions.GeneratorDrivenPropertyCheckFailedException:
[info]   at org.scalatestplus.scalacheck.CheckerAsserting$$anon$2.indicateFailure(CheckerAsserting.scala:251)
[info]   at org.scalatestplus.scalacheck.CheckerAsserting$$anon$2.indicateFailure(CheckerAsserting.scala:238)
[info]   at org.scalatestplus.scalacheck.UnitCheckerAsserting$CheckerAssertingImpl.check(CheckerAsserting.scala:160)
[info]   at org.scalatestplus.scalacheck.Checkers.check(Checkers.scala:371)
[info]   at org.scalatestplus.scalacheck.Checkers.check$(Checkers.scala:369)
[info]   at frameless.TypedDatasetSuite.check(TypedDatasetSuite.scala:63)
[info]   at frameless.RandomSplitTests.$anonfun$new$1(RandomSplitTests.scala:23)
[info]   at org.scalatest.OutcomeOf.outcomeOf(OutcomeOf.scala:85)
[info]   at org.scalatest.OutcomeOf.outcomeOf$(OutcomeOf.scala:83)
[info]   at org.scalatest.OutcomeOf$.outcomeOf(OutcomeOf.scala:104)
[info]   at org.scalatest.Transformer.apply(Transformer.scala:22)
[info]   at org.scalatest.Transformer.apply(Transformer.scala:20)
[info]   at org.scalatest.funsuite.AnyFunSuiteLike$$anon$1.apply(AnyFunSuiteLike.scala:226)
[info]   at org.scalatest.TestSuite.withFixture(TestSuite.scala:196)
[info]   at org.scalatest.TestSuite.withFixture$(TestSuite.scala:195)
[info]   at org.scalatest.funsuite.AnyFunSuite.withFixture(AnyFunSuite.scala:1564)
[info]   at org.scalatest.funsuite.AnyFunSuiteLike.invokeWithFixture$1(AnyFunSuiteLike.scala:224)
[info]   at org.scalatest.funsuite.AnyFunSuiteLike.$anonfun$runTest$1(AnyFunSuiteLike.scala:236)
[info]   at org.scalatest.SuperEngine.runTestImpl(Engine.scala:306)
[info]   at org.scalatest.funsuite.AnyFunSuiteLike.runTest(AnyFunSuiteLike.scala:236)
[info]   at org.scalatest.funsuite.AnyFunSuiteLike.runTest$(AnyFunSuiteLike.scala:218)
[info]   at org.scalatest.funsuite.AnyFunSuite.runTest(AnyFunSuite.scala:1564)
[info]   at org.scalatest.funsuite.AnyFunSuiteLike.$anonfun$runTests$1(AnyFunSuiteLike.scala:269)
[info]   at org.scalatest.SuperEngine.$anonfun$runTestsInBranch$1(Engine.scala:413)
[info]   at scala.collection.immutable.List.foreach(List.scala:334)
[info]   at org.scalatest.SuperEngine.traverseSubNodes$1(Engine.scala:401)
[info]   at org.scalatest.SuperEngine.runTestsInBranch(Engine.scala:396)
[info]   at org.scalatest.SuperEngine.runTestsImpl(Engine.scala:475)
[info]   at org.scalatest.funsuite.AnyFunSuiteLike.runTests(AnyFunSuiteLike.scala:269)
[info]   at org.scalatest.funsuite.AnyFunSuiteLike.runTests$(AnyFunSuiteLike.scala:268)
[info]   at org.scalatest.funsuite.AnyFunSuite.runTests(AnyFunSuite.scala:1564)
[info]   at org.scalatest.Suite.run(Suite.scala:1114)
[info]   at org.scalatest.Suite.run$(Suite.scala:1096)
[info]   at org.scalatest.funsuite.AnyFunSuite.org$scalatest$funsuite$AnyFunSuiteLike$$super$run(AnyFunSuite.scala:1564)
[info]   at org.scalatest.funsuite.AnyFunSuiteLike.$anonfun$run$1(AnyFunSuiteLike.scala:273)
[info]   at org.scalatest.SuperEngine.runImpl(Engine.scala:535)
[info]   at org.scalatest.funsuite.AnyFunSuiteLike.run(AnyFunSuiteLike.scala:273)
[info]   at org.scalatest.funsuite.AnyFunSuiteLike.run$(AnyFunSuiteLike.scala:272)
[info]   at frameless.TypedDatasetSuite.org$scalatest$BeforeAndAfterAll$$super$run(TypedDatasetSuite.scala:63)
[info]   at org.scalatest.BeforeAndAfterAll.liftedTree1$1(BeforeAndAfterAll.scala:213)
[info]   at org.scalatest.BeforeAndAfterAll.run(BeforeAndAfterAll.scala:210)
[info]   at org.scalatest.BeforeAndAfterAll.run$(BeforeAndAfterAll.scala:208)
[info]   at frameless.TypedDatasetSuite.run(TypedDatasetSuite.scala:63)
[info]   at org.scalatest.tools.Framework.org$scalatest$tools$Framework$$runSuite(Framework.scala:321)
[info]   at org.scalatest.tools.Framework$ScalaTestTask.execute(Framework.scala:517)
[info]   at sbt.ForkMain$Run.lambda$runTest$1(ForkMain.java:414)
[info]   at java.base/java.util.concurrent.FutureTask.run(FutureTask.java:317)
[info]   at java.base/java.util.concurrent.ThreadPoolExecutor.runWorker(ThreadPoolExecutor.java:1144)
[info]   at java.base/java.util.concurrent.ThreadPoolExecutor$Worker.run(ThreadPoolExecutor.java:642)
[info]   at java.base/java.lang.Thread.run(Thread.java:1583)
[info]   Cause: java.lang.IllegalArgumentException: argument type mismatch
[info]   at java.base/jdk.internal.reflect.DirectConstructorHandleAccessor.newInstance(DirectConstructorHandleAccessor.java:65)
[info]   at java.base/java.lang.reflect.Constructor.newInstanceWithCaller(Constructor.java:502)
[info]   at java.base/java.lang.reflect.Constructor.newInstance(Constructor.java:486)
[info]   at frameless.TypedExpressionEncoder$.$anonfun$apply$3(TypedExpressionEncoder.scala:55)
[info]   at scala.Option.map(Option.scala:242)
[info]   at frameless.TypedExpressionEncoder$.apply(TypedExpressionEncoder.scala:54)
[info]   at frameless.TypedDataset$.create(TypedDataset.scala:1325)
[info]   at frameless.RandomSplitTests.$anonfun$new$2(RandomSplitTests.scala:17)
[info]   at frameless.RandomSplitTests.$anonfun$new$2$adapted(RandomSplitTests.scala:16)
[info]   at org.scalacheck.Prop$.$anonfun$forAll$5(Prop.scala:968)
[info]   at org.scalacheck.Prop$.$anonfun$forAll$3(Prop.scala:949)
[info]   at org.scalacheck.Prop$.$anonfun$forAllShrink$2(Prop.scala:868)
[info]   at org.scalacheck.Prop$.secure(Prop.scala:484)
[info]   at org.scalacheck.Prop$.result$1(Prop.scala:868)
[info]   at org.scalacheck.Prop$.$anonfun$forAllShrink$4(Prop.scala:880)
[info]   at scala.collection.immutable.Stream.map(Stream.scala:173)
[info]   at org.scalacheck.Prop$.getFirstFailure$1(Prop.scala:880)
[info]   at org.scalacheck.Prop$.shrinker$1(Prop.scala:895)
[info]   at org.scalacheck.Prop$.$anonfun$forAllShrink$1(Prop.scala:916)
[info]   at org.scalacheck.Prop$.$anonfun$apply$1(Prop.scala:305)
[info]   at org.scalacheck.PropFromFun.apply(Prop.scala:20)
[info]   at org.scalacheck.Prop$.result$1(Prop.scala:869)
[info]   at org.scalacheck.Prop$.$anonfun$forAllShrink$4(Prop.scala:880)
[info]   at scala.collection.immutable.Stream.map(Stream.scala:173)
[info]   at org.scalacheck.Prop$.getFirstFailure$1(Prop.scala:880)
[info]   at org.scalacheck.Prop$.shrinker$1(Prop.scala:895)
[info]   at org.scalacheck.Prop$.$anonfun$forAllShrink$1(Prop.scala:916)
[info]   at org.scalacheck.Prop$.$anonfun$apply$1(Prop.scala:305)
[info]   at org.scalacheck.PropFromFun.apply(Prop.scala:20)
[info]   at org.scalacheck.Prop$.result$1(Prop.scala:869)
[info]   at org.scalacheck.Prop$.$anonfun$forAllShrink$1(Prop.scala:915)
[info]   at org.scalacheck.Prop$.$anonfun$apply$1(Prop.scala:305)
[info]   at org.scalacheck.PropFromFun.apply(Prop.scala:20)
[info]   at org.scalacheck.Test$.workerFun$1(Test.scala:486)
[info]   at org.scalacheck.Test$.$anonfun$check$4(Test.scala:518)
[info]   at org.scalacheck.Test$.$anonfun$check$4$adapted(Test.scala:518)
[info]   at org.scalacheck.Platform$.runWorkers(Platform.scala:42)
[info]   at org.scalacheck.Test$.check(Test.scala:518)
[info]   at org.scalatestplus.scalacheck.UnitCheckerAsserting$CheckerAssertingImpl.check(CheckerAsserting.scala:90)
[info]   at org.scalatestplus.scalacheck.Checkers.check(Checkers.scala:371)
[info]   at org.scalatestplus.scalacheck.Checkers.check$(Checkers.scala:369)
[info]   at frameless.TypedDatasetSuite.check(TypedDatasetSuite.scala:63)
[info]   at frameless.RandomSplitTests.$anonfun$new$1(RandomSplitTests.scala:23)
[info]   at org.scalatest.OutcomeOf.outcomeOf(OutcomeOf.scala:85)
[info]   at org.scalatest.OutcomeOf.outcomeOf$(OutcomeOf.scala:83)
[info]   at org.scalatest.OutcomeOf$.outcomeOf(OutcomeOf.scala:104)
[info]   at org.scalatest.Transformer.apply(Transformer.scala:22)
[info]   at org.scalatest.Transformer.apply(Transformer.scala:20)
[info]   at org.scalatest.funsuite.AnyFunSuiteLike$$anon$1.apply(AnyFunSuiteLike.scala:226)
[info]   at org.scalatest.TestSuite.withFixture(TestSuite.scala:196)
[info]   at org.scalatest.TestSuite.withFixture$(TestSuite.scala:195)
[info]   at org.scalatest.funsuite.AnyFunSuite.withFixture(AnyFunSuite.scala:1564)
[info]   at org.scalatest.funsuite.AnyFunSuiteLike.invokeWithFixture$1(AnyFunSuiteLike.scala:224)
[info]   at org.scalatest.funsuite.AnyFunSuiteLike.$anonfun$runTest$1(AnyFunSuiteLike.scala:236)
[info]   at org.scalatest.SuperEngine.runTestImpl(Engine.scala:306)
[info]   at org.scalatest.funsuite.AnyFunSuiteLike.runTest(AnyFunSuiteLike.scala:236)
[info]   at org.scalatest.funsuite.AnyFunSuiteLike.runTest$(AnyFunSuiteLike.scala:218)
[info]   at org.scalatest.funsuite.AnyFunSuite.runTest(AnyFunSuite.scala:1564)
[info]   at org.scalatest.funsuite.AnyFunSuiteLike.$anonfun$runTests$1(AnyFunSuiteLike.scala:269)
[info]   at org.scalatest.SuperEngine.$anonfun$runTestsInBranch$1(Engine.scala:413)
[info]   at scala.collection.immutable.List.foreach(List.scala:334)
[info]   at org.scalatest.SuperEngine.traverseSubNodes$1(Engine.scala:401)
[info]   at org.scalatest.SuperEngine.runTestsInBranch(Engine.scala:396)
[info]   at org.scalatest.SuperEngine.runTestsImpl(Engine.scala:475)
[info]   at org.scalatest.funsuite.AnyFunSuiteLike.runTests(AnyFunSuiteLike.scala:269)
[info]   at org.scalatest.funsuite.AnyFunSuiteLike.runTests$(AnyFunSuiteLike.scala:268)
[info]   at org.scalatest.funsuite.AnyFunSuite.runTests(AnyFunSuite.scala:1564)
[info]   at org.scalatest.Suite.run(Suite.scala:1114)
[info]   at org.scalatest.Suite.run$(Suite.scala:1096)
[info]   at org.scalatest.funsuite.AnyFunSuite.org$scalatest$funsuite$AnyFunSuiteLike$$super$run(AnyFunSuite.scala:1564)
[info]   at org.scalatest.funsuite.AnyFunSuiteLike.$anonfun$run$1(AnyFunSuiteLike.scala:273)
[info]   at org.scalatest.SuperEngine.runImpl(Engine.scala:535)
[info]   at org.scalatest.funsuite.AnyFunSuiteLike.run(AnyFunSuiteLike.scala:273)
[info]   at org.scalatest.funsuite.AnyFunSuiteLike.run$(AnyFunSuiteLike.scala:272)
[info]   at frameless.TypedDatasetSuite.org$scalatest$BeforeAndAfterAll$$super$run(TypedDatasetSuite.scala:63)
[info]   at org.scalatest.BeforeAndAfterAll.liftedTree1$1(BeforeAndAfterAll.scala:213)
[info]   at org.scalatest.BeforeAndAfterAll.run(BeforeAndAfterAll.scala:210)
[info]   at org.scalatest.BeforeAndAfterAll.run$(BeforeAndAfterAll.scala:208)
[info]   at frameless.TypedDatasetSuite.run(TypedDatasetSuite.scala:63)
[info]   at org.scalatest.tools.Framework.org$scalatest$tools$Framework$$runSuite(Framework.scala:321)
[info]   at org.scalatest.tools.Framework$ScalaTestTask.execute(Framework.scala:517)
[info]   at sbt.ForkMain$Run.lambda$runTest$1(ForkMain.java:414)
[info]   at java.base/java.util.concurrent.FutureTask.run(FutureTask.java:317)
[info]   at java.base/java.util.concurrent.ThreadPoolExecutor.runWorker(ThreadPoolExecutor.java:1144)
[info]   at java.base/java.util.concurrent.ThreadPoolExecutor$Worker.run(ThreadPoolExecutor.java:642)
[info]   at java.base/java.lang.Thread.run(Thread.java:1583)
[info]   Cause: java.lang.ClassCastException: Cannot cast scala.reflect.ManifestFactory$IntManifest to org.apache.spark.sql.catalyst.expressions.Expression
[info]   at java.base/java.lang.Class.cast(Class.java:4067)
[info]   at java.base/jdk.internal.reflect.DirectConstructorHandleAccessor.newInstance(DirectConstructorHandleAccessor.java:62)
[info]   at java.base/java.lang.reflect.Constructor.newInstanceWithCaller(Constructor.java:502)
[info]   at java.base/java.lang.reflect.Constructor.newInstance(Constructor.java:486)
[info]   at frameless.TypedExpressionEncoder$.$anonfun$apply$3(TypedExpressionEncoder.scala:55)
[info]   at scala.Option.map(Option.scala:242)
[info]   at frameless.TypedExpressionEncoder$.apply(TypedExpressionEncoder.scala:54)
[info]   at frameless.TypedDataset$.create(TypedDataset.scala:1325)
[info]   at frameless.RandomSplitTests.$anonfun$new$2(RandomSplitTests.scala:17)
[info]   at frameless.RandomSplitTests.$anonfun$new$2$adapted(RandomSplitTests.scala:16)
[info]   at org.scalacheck.Prop$.$anonfun$forAll$5(Prop.scala:968)
[info]   at org.scalacheck.Prop$.$anonfun$forAll$3(Prop.scala:949)
[info]   at org.scalacheck.Prop$.$anonfun$forAllShrink$2(Prop.scala:868)
[info]   at org.scalacheck.Prop$.secure(Prop.scala:484)
[info]   at org.scalacheck.Prop$.result$1(Prop.scala:868)
[info]   at org.scalacheck.Prop$.$anonfun$forAllShrink$4(Prop.scala:880)
[info]   at scala.collection.immutable.Stream.map(Stream.scala:173)
[info]   at org.scalacheck.Prop$.getFirstFailure$1(Prop.scala:880)
[info]   at org.scalacheck.Prop$.shrinker$1(Prop.scala:895)
[info]   at org.scalacheck.Prop$.$anonfun$forAllShrink$1(Prop.scala:916)
[info]   at org.scalacheck.Prop$.$anonfun$apply$1(Prop.scala:305)
[info]   at org.scalacheck.PropFromFun.apply(Prop.scala:20)
[info]   at org.scalacheck.Prop$.result$1(Prop.scala:869)
[info]   at org.scalacheck.Prop$.$anonfun$forAllShrink$4(Prop.scala:880)
[info]   at scala.collection.immutable.Stream.map(Stream.scala:173)
[info]   at org.scalacheck.Prop$.getFirstFailure$1(Prop.scala:880)
[info]   at org.scalacheck.Prop$.shrinker$1(Prop.scala:895)
[info]   at org.scalacheck.Prop$.$anonfun$forAllShrink$1(Prop.scala:916)
[info]   at org.scalacheck.Prop$.$anonfun$apply$1(Prop.scala:305)
[info]   at org.scalacheck.PropFromFun.apply(Prop.scala:20)
[info]   at org.scalacheck.Prop$.result$1(Prop.scala:869)
[info]   at org.scalacheck.Prop$.$anonfun$forAllShrink$1(Prop.scala:915)
[info]   at org.scalacheck.Prop$.$anonfun$apply$1(Prop.scala:305)
[info]   at org.scalacheck.PropFromFun.apply(Prop.scala:20)
[info]   at org.scalacheck.Test$.workerFun$1(Test.scala:486)
[info]   at org.scalacheck.Test$.$anonfun$check$4(Test.scala:518)
[info]   at org.scalacheck.Test$.$anonfun$check$4$adapted(Test.scala:518)
[info]   at org.scalacheck.Platform$.runWorkers(Platform.scala:42)
[info]   at org.scalacheck.Test$.check(Test.scala:518)
[info]   at org.scalatestplus.scalacheck.UnitCheckerAsserting$CheckerAssertingImpl.check(CheckerAsserting.scala:90)
[info]   at org.scalatestplus.scalacheck.Checkers.check(Checkers.scala:371)
[info]   at org.scalatestplus.scalacheck.Checkers.check$(Checkers.scala:369)
[info]   at frameless.TypedDatasetSuite.check(TypedDatasetSuite.scala:63)
[info]   at frameless.RandomSplitTests.$anonfun$new$1(RandomSplitTests.scala:23)
[info]   at org.scalatest.OutcomeOf.outcomeOf(OutcomeOf.scala:85)
[info]   at org.scalatest.OutcomeOf.outcomeOf$(OutcomeOf.scala:83)
[info]   at org.scalatest.OutcomeOf$.outcomeOf(OutcomeOf.scala:104)
[info]   at org.scalatest.Transformer.apply(Transformer.scala:22)
[info]   at org.scalatest.Transformer.apply(Transformer.scala:20)
[info]   at org.scalatest.funsuite.AnyFunSuiteLike$$anon$1.apply(AnyFunSuiteLike.scala:226)
[info]   at org.scalatest.TestSuite.withFixture(TestSuite.scala:196)
[info]   at org.scalatest.TestSuite.withFixture$(TestSuite.scala:195)
[info]   at org.scalatest.funsuite.AnyFunSuite.withFixture(AnyFunSuite.scala:1564)
[info]   at org.scalatest.funsuite.AnyFunSuiteLike.invokeWithFixture$1(AnyFunSuiteLike.scala:224)
[info]   at org.scalatest.funsuite.AnyFunSuiteLike.$anonfun$runTest$1(AnyFunSuiteLike.scala:236)
[info]   at org.scalatest.SuperEngine.runTestImpl(Engine.scala:306)
[info]   at org.scalatest.funsuite.AnyFunSuiteLike.runTest(AnyFunSuiteLike.scala:236)
[info]   at org.scalatest.funsuite.AnyFunSuiteLike.runTest$(AnyFunSuiteLike.scala:218)
[info]   at org.scalatest.funsuite.AnyFunSuite.runTest(AnyFunSuite.scala:1564)
[info]   at org.scalatest.funsuite.AnyFunSuiteLike.$anonfun$runTests$1(AnyFunSuiteLike.scala:269)
[info]   at org.scalatest.SuperEngine.$anonfun$runTestsInBranch$1(Engine.scala:413)
[info]   at scala.collection.immutable.List.foreach(List.scala:334)
[info]   at org.scalatest.SuperEngine.traverseSubNodes$1(Engine.scala:401)
[info]   at org.scalatest.SuperEngine.runTestsInBranch(Engine.scala:396)
[info]   at org.scalatest.SuperEngine.runTestsImpl(Engine.scala:475)
[info]   at org.scalatest.funsuite.AnyFunSuiteLike.runTests(AnyFunSuiteLike.scala:269)
[info]   at org.scalatest.funsuite.AnyFunSuiteLike.runTests$(AnyFunSuiteLike.scala:268)
[info]   at org.scalatest.funsuite.AnyFunSuite.runTests(AnyFunSuite.scala:1564)
[info]   at org.scalatest.Suite.run(Suite.scala:1114)
[info]   at org.scalatest.Suite.run$(Suite.scala:1096)
[info]   at org.scalatest.funsuite.AnyFunSuite.org$scalatest$funsuite$AnyFunSuiteLike$$super$run(AnyFunSuite.scala:1564)
[info]   at org.scalatest.funsuite.AnyFunSuiteLike.$anonfun$run$1(AnyFunSuiteLike.scala:273)
[info]   at org.scalatest.SuperEngine.runImpl(Engine.scala:535)
[info]   at org.scalatest.funsuite.AnyFunSuiteLike.run(AnyFunSuiteLike.scala:273)
[info]   at org.scalatest.funsuite.AnyFunSuiteLike.run$(AnyFunSuiteLike.scala:272)
[info]   at frameless.TypedDatasetSuite.org$scalatest$BeforeAndAfterAll$$super$run(TypedDatasetSuite.scala:63)
[info]   at org.scalatest.BeforeAndAfterAll.liftedTree1$1(BeforeAndAfterAll.scala:213)
[info]   at org.scalatest.BeforeAndAfterAll.run(BeforeAndAfterAll.scala:210)
[info]   at org.scalatest.BeforeAndAfterAll.run$(BeforeAndAfterAll.scala:208)
[info]   at frameless.TypedDatasetSuite.run(TypedDatasetSuite.scala:63)
[info]   at org.scalatest.tools.Framework.org$scalatest$tools$Framework$$runSuite(Framework.scala:321)
[info]   at org.scalatest.tools.Framework$ScalaTestTask.execute(Framework.scala:517)
[info]   at sbt.ForkMain$Run.lambda$runTest$1(ForkMain.java:414)
[info]   at java.base/java.util.concurrent.FutureTask.run(FutureTask.java:317)
[info]   at java.base/java.util.concurrent.ThreadPoolExecutor.runWorker(ThreadPoolExecutor.java:1144)
[info]   at java.base/java.util.concurrent.ThreadPoolExecutor$Worker.run(ThreadPoolExecutor.java:642)
[info]   at java.base/java.lang.Thread.run(Thread.java:1583)
[info] - randomSplitAsList(weight, seed) *** FAILED *** (16 milliseconds)
[info]   IllegalArgumentException was thrown during property evaluation.
[info]     Message: argument type mismatch
[info]     Occurred when passed generated values (
[info]       arg0 = Vector(),
[info]       arg1 = Array(), // 1 shrink
[info]       arg2 = 0 // 61 shrinks
[info]     )
[info]   org.scalatest.exceptions.GeneratorDrivenPropertyCheckFailedException:
[info]   at org.scalatestplus.scalacheck.CheckerAsserting$$anon$2.indicateFailure(CheckerAsserting.scala:251)
[info]   at org.scalatestplus.scalacheck.CheckerAsserting$$anon$2.indicateFailure(CheckerAsserting.scala:238)
[info]   at org.scalatestplus.scalacheck.UnitCheckerAsserting$CheckerAssertingImpl.check(CheckerAsserting.scala:160)
[info]   at org.scalatestplus.scalacheck.Checkers.check(Checkers.scala:371)
[info]   at org.scalatestplus.scalacheck.Checkers.check$(Checkers.scala:369)
[info]   at frameless.TypedDatasetSuite.check(TypedDatasetSuite.scala:63)
[info]   at frameless.RandomSplitTests.$anonfun$new$10(RandomSplitTests.scala:36)
[info]   at org.scalatest.OutcomeOf.outcomeOf(OutcomeOf.scala:85)
[info]   at org.scalatest.OutcomeOf.outcomeOf$(OutcomeOf.scala:83)
[info]   at org.scalatest.OutcomeOf$.outcomeOf(OutcomeOf.scala:104)
[info]   at org.scalatest.Transformer.apply(Transformer.scala:22)
[info]   at org.scalatest.Transformer.apply(Transformer.scala:20)
[info]   at org.scalatest.funsuite.AnyFunSuiteLike$$anon$1.apply(AnyFunSuiteLike.scala:226)
[info]   at org.scalatest.TestSuite.withFixture(TestSuite.scala:196)
[info]   at org.scalatest.TestSuite.withFixture$(TestSuite.scala:195)
[info]   at org.scalatest.funsuite.AnyFunSuite.withFixture(AnyFunSuite.scala:1564)
[info]   at org.scalatest.funsuite.AnyFunSuiteLike.invokeWithFixture$1(AnyFunSuiteLike.scala:224)
[info]   at org.scalatest.funsuite.AnyFunSuiteLike.$anonfun$runTest$1(AnyFunSuiteLike.scala:236)
[info]   at org.scalatest.SuperEngine.runTestImpl(Engine.scala:306)
[info]   at org.scalatest.funsuite.AnyFunSuiteLike.runTest(AnyFunSuiteLike.scala:236)
[info]   at org.scalatest.funsuite.AnyFunSuiteLike.runTest$(AnyFunSuiteLike.scala:218)
[info]   at org.scalatest.funsuite.AnyFunSuite.runTest(AnyFunSuite.scala:1564)
[info]   at org.scalatest.funsuite.AnyFunSuiteLike.$anonfun$runTests$1(AnyFunSuiteLike.scala:269)
[info]   at org.scalatest.SuperEngine.$anonfun$runTestsInBranch$1(Engine.scala:413)
[info]   at scala.collection.immutable.List.foreach(List.scala:334)
[info]   at org.scalatest.SuperEngine.traverseSubNodes$1(Engine.scala:401)
[info]   at org.scalatest.SuperEngine.runTestsInBranch(Engine.scala:396)
[info]   at org.scalatest.SuperEngine.runTestsImpl(Engine.scala:475)
[info]   at org.scalatest.funsuite.AnyFunSuiteLike.runTests(AnyFunSuiteLike.scala:269)
[info]   at org.scalatest.funsuite.AnyFunSuiteLike.runTests$(AnyFunSuiteLike.scala:268)
[info]   at org.scalatest.funsuite.AnyFunSuite.runTests(AnyFunSuite.scala:1564)
[info]   at org.scalatest.Suite.run(Suite.scala:1114)
[info]   at org.scalatest.Suite.run$(Suite.scala:1096)
[info]   at org.scalatest.funsuite.AnyFunSuite.org$scalatest$funsuite$AnyFunSuiteLike$$super$run(AnyFunSuite.scala:1564)
[info]   at org.scalatest.funsuite.AnyFunSuiteLike.$anonfun$run$1(AnyFunSuiteLike.scala:273)
[info]   at org.scalatest.SuperEngine.runImpl(Engine.scala:535)
[info]   at org.scalatest.funsuite.AnyFunSuiteLike.run(AnyFunSuiteLike.scala:273)
[info]   at org.scalatest.funsuite.AnyFunSuiteLike.run$(AnyFunSuiteLike.scala:272)
[info]   at frameless.TypedDatasetSuite.org$scalatest$BeforeAndAfterAll$$super$run(TypedDatasetSuite.scala:63)
[info]   at org.scalatest.BeforeAndAfterAll.liftedTree1$1(BeforeAndAfterAll.scala:213)
[info]   at org.scalatest.BeforeAndAfterAll.run(BeforeAndAfterAll.scala:210)
[info]   at org.scalatest.BeforeAndAfterAll.run$(BeforeAndAfterAll.scala:208)
[info]   at frameless.TypedDatasetSuite.run(TypedDatasetSuite.scala:63)
[info]   at org.scalatest.tools.Framework.org$scalatest$tools$Framework$$runSuite(Framework.scala:321)
[info]   at org.scalatest.tools.Framework$ScalaTestTask.execute(Framework.scala:517)
[info]   at sbt.ForkMain$Run.lambda$runTest$1(ForkMain.java:414)
[info]   at java.base/java.util.concurrent.FutureTask.run(FutureTask.java:317)
[info]   at java.base/java.util.concurrent.ThreadPoolExecutor.runWorker(ThreadPoolExecutor.java:1144)
[info]   at java.base/java.util.concurrent.ThreadPoolExecutor$Worker.run(ThreadPoolExecutor.java:642)
[info]   at java.base/java.lang.Thread.run(Thread.java:1583)
[info]   Cause: java.lang.IllegalArgumentException: argument type mismatch
[info]   at java.base/jdk.internal.reflect.DirectConstructorHandleAccessor.newInstance(DirectConstructorHandleAccessor.java:65)
[info]   at java.base/java.lang.reflect.Constructor.newInstanceWithCaller(Constructor.java:502)
[info]   at java.base/java.lang.reflect.Constructor.newInstance(Constructor.java:486)
[info]   at frameless.TypedExpressionEncoder$.$anonfun$apply$3(TypedExpressionEncoder.scala:55)
[info]   at scala.Option.map(Option.scala:242)
[info]   at frameless.TypedExpressionEncoder$.apply(TypedExpressionEncoder.scala:54)
[info]   at frameless.TypedDataset$.create(TypedDataset.scala:1325)
[info]   at frameless.RandomSplitTests.$anonfun$new$11(RandomSplitTests.scala:30)
[info]   at frameless.RandomSplitTests.$anonfun$new$11$adapted(RandomSplitTests.scala:29)
[info]   at org.scalacheck.Prop$.$anonfun$forAll$5(Prop.scala:968)
[info]   at org.scalacheck.Prop$.$anonfun$forAll$3(Prop.scala:949)
[info]   at org.scalacheck.Prop$.$anonfun$forAllShrink$2(Prop.scala:868)
[info]   at org.scalacheck.Prop$.secure(Prop.scala:484)
[info]   at org.scalacheck.Prop$.result$1(Prop.scala:868)
[info]   at org.scalacheck.Prop$.$anonfun$forAllShrink$4(Prop.scala:880)
[info]   at scala.collection.immutable.Stream.map(Stream.scala:173)
[info]   at org.scalacheck.Prop$.getFirstFailure$1(Prop.scala:880)
[info]   at org.scalacheck.Prop$.shrinker$1(Prop.scala:895)
[info]   at org.scalacheck.Prop$.$anonfun$forAllShrink$1(Prop.scala:916)
[info]   at org.scalacheck.Prop$.$anonfun$apply$1(Prop.scala:305)
[info]   at org.scalacheck.PropFromFun.apply(Prop.scala:20)
[info]   at org.scalacheck.Prop$.result$1(Prop.scala:869)
[info]   at org.scalacheck.Prop$.$anonfun$forAllShrink$4(Prop.scala:880)
[info]   at scala.collection.immutable.Stream.map(Stream.scala:173)
[info]   at org.scalacheck.Prop$.getFirstFailure$1(Prop.scala:880)
[info]   at org.scalacheck.Prop$.shrinker$1(Prop.scala:895)
[info]   at org.scalacheck.Prop$.$anonfun$forAllShrink$1(Prop.scala:916)
[info]   at org.scalacheck.Prop$.$anonfun$apply$1(Prop.scala:305)
[info]   at org.scalacheck.PropFromFun.apply(Prop.scala:20)
[info]   at org.scalacheck.Prop$.result$1(Prop.scala:869)
[info]   at org.scalacheck.Prop$.$anonfun$forAllShrink$1(Prop.scala:915)
[info]   at org.scalacheck.Prop$.$anonfun$apply$1(Prop.scala:305)
[info]   at org.scalacheck.PropFromFun.apply(Prop.scala:20)
[info]   at org.scalacheck.Test$.workerFun$1(Test.scala:486)
[info]   at org.scalacheck.Test$.$anonfun$check$4(Test.scala:518)
[info]   at org.scalacheck.Test$.$anonfun$check$4$adapted(Test.scala:518)
[info]   at org.scalacheck.Platform$.runWorkers(Platform.scala:42)
[info]   at org.scalacheck.Test$.check(Test.scala:518)
[info]   at org.scalatestplus.scalacheck.UnitCheckerAsserting$CheckerAssertingImpl.check(CheckerAsserting.scala:90)
[info]   at org.scalatestplus.scalacheck.Checkers.check(Checkers.scala:371)
[info]   at org.scalatestplus.scalacheck.Checkers.check$(Checkers.scala:369)
[info]   at frameless.TypedDatasetSuite.check(TypedDatasetSuite.scala:63)
[info]   at frameless.RandomSplitTests.$anonfun$new$10(RandomSplitTests.scala:36)
[info]   at org.scalatest.OutcomeOf.outcomeOf(OutcomeOf.scala:85)
[info]   at org.scalatest.OutcomeOf.outcomeOf$(OutcomeOf.scala:83)
[info]   at org.scalatest.OutcomeOf$.outcomeOf(OutcomeOf.scala:104)
[info]   at org.scalatest.Transformer.apply(Transformer.scala:22)
[info]   at org.scalatest.Transformer.apply(Transformer.scala:20)
[info]   at org.scalatest.funsuite.AnyFunSuiteLike$$anon$1.apply(AnyFunSuiteLike.scala:226)
[info]   at org.scalatest.TestSuite.withFixture(TestSuite.scala:196)
[info]   at org.scalatest.TestSuite.withFixture$(TestSuite.scala:195)
[info]   at org.scalatest.funsuite.AnyFunSuite.withFixture(AnyFunSuite.scala:1564)
[info]   at org.scalatest.funsuite.AnyFunSuiteLike.invokeWithFixture$1(AnyFunSuiteLike.scala:224)
[info]   at org.scalatest.funsuite.AnyFunSuiteLike.$anonfun$runTest$1(AnyFunSuiteLike.scala:236)
[info]   at org.scalatest.SuperEngine.runTestImpl(Engine.scala:306)
[info]   at org.scalatest.funsuite.AnyFunSuiteLike.runTest(AnyFunSuiteLike.scala:236)
[info]   at org.scalatest.funsuite.AnyFunSuiteLike.runTest$(AnyFunSuiteLike.scala:218)
[info]   at org.scalatest.funsuite.AnyFunSuite.runTest(AnyFunSuite.scala:1564)
[info]   at org.scalatest.funsuite.AnyFunSuiteLike.$anonfun$runTests$1(AnyFunSuiteLike.scala:269)
[info]   at org.scalatest.SuperEngine.$anonfun$runTestsInBranch$1(Engine.scala:413)
[info]   at scala.collection.immutable.List.foreach(List.scala:334)
[info]   at org.scalatest.SuperEngine.traverseSubNodes$1(Engine.scala:401)
[info]   at org.scalatest.SuperEngine.runTestsInBranch(Engine.scala:396)
[info]   at org.scalatest.SuperEngine.runTestsImpl(Engine.scala:475)
[info]   at org.scalatest.funsuite.AnyFunSuiteLike.runTests(AnyFunSuiteLike.scala:269)
[info]   at org.scalatest.funsuite.AnyFunSuiteLike.runTests$(AnyFunSuiteLike.scala:268)
[info]   at org.scalatest.funsuite.AnyFunSuite.runTests(AnyFunSuite.scala:1564)
[info]   at org.scalatest.Suite.run(Suite.scala:1114)
[info]   at org.scalatest.Suite.run$(Suite.scala:1096)
[info]   at org.scalatest.funsuite.AnyFunSuite.org$scalatest$funsuite$AnyFunSuiteLike$$super$run(AnyFunSuite.scala:1564)
[info]   at org.scalatest.funsuite.AnyFunSuiteLike.$anonfun$run$1(AnyFunSuiteLike.scala:273)
[info]   at org.scalatest.SuperEngine.runImpl(Engine.scala:535)
[info]   at org.scalatest.funsuite.AnyFunSuiteLike.run(AnyFunSuiteLike.scala:273)
[info]   at org.scalatest.funsuite.AnyFunSuiteLike.run$(AnyFunSuiteLike.scala:272)
[info]   at frameless.TypedDatasetSuite.org$scalatest$BeforeAndAfterAll$$super$run(TypedDatasetSuite.scala:63)
[info]   at org.scalatest.BeforeAndAfterAll.liftedTree1$1(BeforeAndAfterAll.scala:213)
[info]   at org.scalatest.BeforeAndAfterAll.run(BeforeAndAfterAll.scala:210)
[info]   at org.scalatest.BeforeAndAfterAll.run$(BeforeAndAfterAll.scala:208)
[info]   at frameless.TypedDatasetSuite.run(TypedDatasetSuite.scala:63)
[info]   at org.scalatest.tools.Framework.org$scalatest$tools$Framework$$runSuite(Framework.scala:321)
[info]   at org.scalatest.tools.Framework$ScalaTestTask.execute(Framework.scala:517)
[info]   at sbt.ForkMain$Run.lambda$runTest$1(ForkMain.java:414)
[info]   at java.base/java.util.concurrent.FutureTask.run(FutureTask.java:317)
[info]   at java.base/java.util.concurrent.ThreadPoolExecutor.runWorker(ThreadPoolExecutor.java:1144)
[info]   at java.base/java.util.concurrent.ThreadPoolExecutor$Worker.run(ThreadPoolExecutor.java:642)
[info]   at java.base/java.lang.Thread.run(Thread.java:1583)
[info]   Cause: java.lang.ClassCastException: Cannot cast scala.reflect.ManifestFactory$IntManifest to org.apache.spark.sql.catalyst.expressions.Expression
[info]   at java.base/java.lang.Class.cast(Class.java:4067)
[info]   at java.base/jdk.internal.reflect.DirectConstructorHandleAccessor.newInstance(DirectConstructorHandleAccessor.java:62)
[info]   at java.base/java.lang.reflect.Constructor.newInstanceWithCaller(Constructor.java:502)
[info]   at java.base/java.lang.reflect.Constructor.newInstance(Constructor.java:486)
[info]   at frameless.TypedExpressionEncoder$.$anonfun$apply$3(TypedExpressionEncoder.scala:55)
[info]   at scala.Option.map(Option.scala:242)
[info]   at frameless.TypedExpressionEncoder$.apply(TypedExpressionEncoder.scala:54)
[info]   at frameless.TypedDataset$.create(TypedDataset.scala:1325)
[info]   at frameless.RandomSplitTests.$anonfun$new$11(RandomSplitTests.scala:30)
[info]   at frameless.RandomSplitTests.$anonfun$new$11$adapted(RandomSplitTests.scala:29)
[info]   at org.scalacheck.Prop$.$anonfun$forAll$5(Prop.scala:968)
[info]   at org.scalacheck.Prop$.$anonfun$forAll$3(Prop.scala:949)
[info]   at org.scalacheck.Prop$.$anonfun$forAllShrink$2(Prop.scala:868)
[info]   at org.scalacheck.Prop$.secure(Prop.scala:484)
[info]   at org.scalacheck.Prop$.result$1(Prop.scala:868)
[info]   at org.scalacheck.Prop$.$anonfun$forAllShrink$4(Prop.scala:880)
[info]   at scala.collection.immutable.Stream.map(Stream.scala:173)
[info]   at org.scalacheck.Prop$.getFirstFailure$1(Prop.scala:880)
[info]   at org.scalacheck.Prop$.shrinker$1(Prop.scala:895)
[info]   at org.scalacheck.Prop$.$anonfun$forAllShrink$1(Prop.scala:916)
[info]   at org.scalacheck.Prop$.$anonfun$apply$1(Prop.scala:305)
[info]   at org.scalacheck.PropFromFun.apply(Prop.scala:20)
[info]   at org.scalacheck.Prop$.result$1(Prop.scala:869)
[info]   at org.scalacheck.Prop$.$anonfun$forAllShrink$4(Prop.scala:880)
[info]   at scala.collection.immutable.Stream.map(Stream.scala:173)
[info]   at org.scalacheck.Prop$.getFirstFailure$1(Prop.scala:880)
[info]   at org.scalacheck.Prop$.shrinker$1(Prop.scala:895)
[info]   at org.scalacheck.Prop$.$anonfun$forAllShrink$1(Prop.scala:916)
[info]   at org.scalacheck.Prop$.$anonfun$apply$1(Prop.scala:305)
[info]   at org.scalacheck.PropFromFun.apply(Prop.scala:20)
[info]   at org.scalacheck.Prop$.result$1(Prop.scala:869)
[info]   at org.scalacheck.Prop$.$anonfun$forAllShrink$1(Prop.scala:915)
[info]   at org.scalacheck.Prop$.$anonfun$apply$1(Prop.scala:305)
[info]   at org.scalacheck.PropFromFun.apply(Prop.scala:20)
[info]   at org.scalacheck.Test$.workerFun$1(Test.scala:486)
[info]   at org.scalacheck.Test$.$anonfun$check$4(Test.scala:518)
[info]   at org.scalacheck.Test$.$anonfun$check$4$adapted(Test.scala:518)
[info]   at org.scalacheck.Platform$.runWorkers(Platform.scala:42)
[info]   at org.scalacheck.Test$.check(Test.scala:518)
[info]   at org.scalatestplus.scalacheck.UnitCheckerAsserting$CheckerAssertingImpl.check(CheckerAsserting.scala:90)
[info]   at org.scalatestplus.scalacheck.Checkers.check(Checkers.scala:371)
[info]   at org.scalatestplus.scalacheck.Checkers.check$(Checkers.scala:369)
[info]   at frameless.TypedDatasetSuite.check(TypedDatasetSuite.scala:63)
[info]   at frameless.RandomSplitTests.$anonfun$new$10(RandomSplitTests.scala:36)
[info]   at org.scalatest.OutcomeOf.outcomeOf(OutcomeOf.scala:85)
[info]   at org.scalatest.OutcomeOf.outcomeOf$(OutcomeOf.scala:83)
[info]   at org.scalatest.OutcomeOf$.outcomeOf(OutcomeOf.scala:104)
[info]   at org.scalatest.Transformer.apply(Transformer.scala:22)
[info]   at org.scalatest.Transformer.apply(Transformer.scala:20)
[info]   at org.scalatest.funsuite.AnyFunSuiteLike$$anon$1.apply(AnyFunSuiteLike.scala:226)
[info]   at org.scalatest.TestSuite.withFixture(TestSuite.scala:196)
[info]   at org.scalatest.TestSuite.withFixture$(TestSuite.scala:195)
[info]   at org.scalatest.funsuite.AnyFunSuite.withFixture(AnyFunSuite.scala:1564)
[info]   at org.scalatest.funsuite.AnyFunSuiteLike.invokeWithFixture$1(AnyFunSuiteLike.scala:224)
[info]   at org.scalatest.funsuite.AnyFunSuiteLike.$anonfun$runTest$1(AnyFunSuiteLike.scala:236)
[info]   at org.scalatest.SuperEngine.runTestImpl(Engine.scala:306)
[info]   at org.scalatest.funsuite.AnyFunSuiteLike.runTest(AnyFunSuiteLike.scala:236)
[info]   at org.scalatest.funsuite.AnyFunSuiteLike.runTest$(AnyFunSuiteLike.scala:218)
[info]   at org.scalatest.funsuite.AnyFunSuite.runTest(AnyFunSuite.scala:1564)
[info]   at org.scalatest.funsuite.AnyFunSuiteLike.$anonfun$runTests$1(AnyFunSuiteLike.scala:269)
[info]   at org.scalatest.SuperEngine.$anonfun$runTestsInBranch$1(Engine.scala:413)
[info]   at scala.collection.immutable.List.foreach(List.scala:334)
[info]   at org.scalatest.SuperEngine.traverseSubNodes$1(Engine.scala:401)
[info]   at org.scalatest.SuperEngine.runTestsInBranch(Engine.scala:396)
[info]   at org.scalatest.SuperEngine.runTestsImpl(Engine.scala:475)
[info]   at org.scalatest.funsuite.AnyFunSuiteLike.runTests(AnyFunSuiteLike.scala:269)
[info]   at org.scalatest.funsuite.AnyFunSuiteLike.runTests$(AnyFunSuiteLike.scala:268)
[info]   at org.scalatest.funsuite.AnyFunSuite.runTests(AnyFunSuite.scala:1564)
[info]   at org.scalatest.Suite.run(Suite.scala:1114)
[info]   at org.scalatest.Suite.run$(Suite.scala:1096)
[info]   at org.scalatest.funsuite.AnyFunSuite.org$scalatest$funsuite$AnyFunSuiteLike$$super$run(AnyFunSuite.scala:1564)
[info]   at org.scalatest.funsuite.AnyFunSuiteLike.$anonfun$run$1(AnyFunSuiteLike.scala:273)
[info]   at org.scalatest.SuperEngine.runImpl(Engine.scala:535)
[info]   at org.scalatest.funsuite.AnyFunSuiteLike.run(AnyFunSuiteLike.scala:273)
[info]   at org.scalatest.funsuite.AnyFunSuiteLike.run$(AnyFunSuiteLike.scala:272)
[info]   at frameless.TypedDatasetSuite.org$scalatest$BeforeAndAfterAll$$super$run(TypedDatasetSuite.scala:63)
[info]   at org.scalatest.BeforeAndAfterAll.liftedTree1$1(BeforeAndAfterAll.scala:213)
[info]   at org.scalatest.BeforeAndAfterAll.run(BeforeAndAfterAll.scala:210)
[info]   at org.scalatest.BeforeAndAfterAll.run$(BeforeAndAfterAll.scala:208)
[info]   at frameless.TypedDatasetSuite.run(TypedDatasetSuite.scala:63)
[info]   at org.scalatest.tools.Framework.org$scalatest$tools$Framework$$runSuite(Framework.scala:321)
[info]   at org.scalatest.tools.Framework$ScalaTestTask.execute(Framework.scala:517)
[info]   at sbt.ForkMain$Run.lambda$runTest$1(ForkMain.java:414)
[info]   at java.base/java.util.concurrent.FutureTask.run(FutureTask.java:317)
[info]   at java.base/java.util.concurrent.ThreadPoolExecutor.runWorker(ThreadPoolExecutor.java:1144)
[info]   at java.base/java.util.concurrent.ThreadPoolExecutor$Worker.run(ThreadPoolExecutor.java:642)
[info]   at java.base/java.lang.Thread.run(Thread.java:1583)
[info] BitwiseTests:
[info] - bitwiseAND *** FAILED *** (10 milliseconds)
[info]   IllegalArgumentException was thrown during property evaluation.
[info]     Message: argument type mismatch
[info]     Occurred when passed generated values (
[info]       arg0 = 0,
[info]       arg1 = 0 // 6 shrinks
[info]     )
[info]   org.scalatest.exceptions.GeneratorDrivenPropertyCheckFailedException:
[info]   at org.scalatestplus.scalacheck.CheckerAsserting$$anon$2.indicateFailure(CheckerAsserting.scala:251)
[info]   at org.scalatestplus.scalacheck.CheckerAsserting$$anon$2.indicateFailure(CheckerAsserting.scala:238)
[info]   at org.scalatestplus.scalacheck.UnitCheckerAsserting$CheckerAssertingImpl.check(CheckerAsserting.scala:160)
[info]   at org.scalatestplus.scalacheck.Checkers.check(Checkers.scala:263)
[info]   at org.scalatestplus.scalacheck.Checkers.check$(Checkers.scala:253)
[info]   at frameless.TypedDatasetSuite.check(TypedDatasetSuite.scala:63)
[info]   at frameless.BitwiseTests.$anonfun$new$1(BitwiseTests.scala:66)
[info]   at org.scalatest.OutcomeOf.outcomeOf(OutcomeOf.scala:85)
[info]   at org.scalatest.OutcomeOf.outcomeOf$(OutcomeOf.scala:83)
[info]   at org.scalatest.OutcomeOf$.outcomeOf(OutcomeOf.scala:104)
[info]   at org.scalatest.Transformer.apply(Transformer.scala:22)
[info]   at org.scalatest.Transformer.apply(Transformer.scala:20)
[info]   at org.scalatest.funsuite.AnyFunSuiteLike$$anon$1.apply(AnyFunSuiteLike.scala:226)
[info]   at org.scalatest.TestSuite.withFixture(TestSuite.scala:196)
[info]   at org.scalatest.TestSuite.withFixture$(TestSuite.scala:195)
[info]   at org.scalatest.funsuite.AnyFunSuite.withFixture(AnyFunSuite.scala:1564)
[info]   at org.scalatest.funsuite.AnyFunSuiteLike.invokeWithFixture$1(AnyFunSuiteLike.scala:224)
[info]   at org.scalatest.funsuite.AnyFunSuiteLike.$anonfun$runTest$1(AnyFunSuiteLike.scala:236)
[info]   at org.scalatest.SuperEngine.runTestImpl(Engine.scala:306)
[info]   at org.scalatest.funsuite.AnyFunSuiteLike.runTest(AnyFunSuiteLike.scala:236)
[info]   at org.scalatest.funsuite.AnyFunSuiteLike.runTest$(AnyFunSuiteLike.scala:218)
[info]   at org.scalatest.funsuite.AnyFunSuite.runTest(AnyFunSuite.scala:1564)
[info]   at org.scalatest.funsuite.AnyFunSuiteLike.$anonfun$runTests$1(AnyFunSuiteLike.scala:269)
[info]   at org.scalatest.SuperEngine.$anonfun$runTestsInBranch$1(Engine.scala:413)
[info]   at scala.collection.immutable.List.foreach(List.scala:334)
[info]   at org.scalatest.SuperEngine.traverseSubNodes$1(Engine.scala:401)
[info]   at org.scalatest.SuperEngine.runTestsInBranch(Engine.scala:396)
[info]   at org.scalatest.SuperEngine.runTestsImpl(Engine.scala:475)
[info]   at org.scalatest.funsuite.AnyFunSuiteLike.runTests(AnyFunSuiteLike.scala:269)
[info]   at org.scalatest.funsuite.AnyFunSuiteLike.runTests$(AnyFunSuiteLike.scala:268)
[info]   at org.scalatest.funsuite.AnyFunSuite.runTests(AnyFunSuite.scala:1564)
[info]   at org.scalatest.Suite.run(Suite.scala:1114)
[info]   at org.scalatest.Suite.run$(Suite.scala:1096)
[info]   at org.scalatest.funsuite.AnyFunSuite.org$scalatest$funsuite$AnyFunSuiteLike$$super$run(AnyFunSuite.scala:1564)
[info]   at org.scalatest.funsuite.AnyFunSuiteLike.$anonfun$run$1(AnyFunSuiteLike.scala:273)
[info]   at org.scalatest.SuperEngine.runImpl(Engine.scala:535)
[info]   at org.scalatest.funsuite.AnyFunSuiteLike.run(AnyFunSuiteLike.scala:273)
[info]   at org.scalatest.funsuite.AnyFunSuiteLike.run$(AnyFunSuiteLike.scala:272)
[info]   at frameless.TypedDatasetSuite.org$scalatest$BeforeAndAfterAll$$super$run(TypedDatasetSuite.scala:63)
[info]   at org.scalatest.BeforeAndAfterAll.liftedTree1$1(BeforeAndAfterAll.scala:213)
[info]   at org.scalatest.BeforeAndAfterAll.run(BeforeAndAfterAll.scala:210)
[info]   at org.scalatest.BeforeAndAfterAll.run$(BeforeAndAfterAll.scala:208)
[info]   at frameless.TypedDatasetSuite.run(TypedDatasetSuite.scala:63)
[info]   at org.scalatest.tools.Framework.org$scalatest$tools$Framework$$runSuite(Framework.scala:321)
[info]   at org.scalatest.tools.Framework$ScalaTestTask.execute(Framework.scala:517)
[info]   at sbt.ForkMain$Run.lambda$runTest$1(ForkMain.java:414)
[info]   at java.base/java.util.concurrent.FutureTask.run(FutureTask.java:317)
[info]   at java.base/java.util.concurrent.ThreadPoolExecutor.runWorker(ThreadPoolExecutor.java:1144)
[info]   at java.base/java.util.concurrent.ThreadPoolExecutor$Worker.run(ThreadPoolExecutor.java:642)
[info]   at java.base/java.lang.Thread.run(Thread.java:1583)
[info]   Cause: java.lang.IllegalArgumentException: argument type mismatch
[info]   at java.base/jdk.internal.reflect.DirectConstructorHandleAccessor.newInstance(DirectConstructorHandleAccessor.java:65)
[info]   at java.base/java.lang.reflect.Constructor.newInstanceWithCaller(Constructor.java:502)
[info]   at java.base/java.lang.reflect.Constructor.newInstance(Constructor.java:486)
[info]   at frameless.TypedExpressionEncoder$.$anonfun$apply$3(TypedExpressionEncoder.scala:55)
[info]   at scala.Option.map(Option.scala:242)
[info]   at frameless.TypedExpressionEncoder$.apply(TypedExpressionEncoder.scala:54)
[info]   at frameless.TypedDataset$.create(TypedDataset.scala:1325)
[info]   at frameless.BitwiseTests.prop$1(BitwiseTests.scala:52)
[info]   at frameless.BitwiseTests.$anonfun$new$27(BitwiseTests.scala:66)
[info]   at frameless.BitwiseTests.$anonfun$new$27$adapted(BitwiseTests.scala:66)
[info]   at org.scalacheck.Prop$.$anonfun$forAll$18(Prop.scala:1131)
[info]   at scala.Function1.$anonfun$andThen$1(Function1.scala:87)
[info]   at org.scalacheck.Prop$.$anonfun$forAllShrink$2(Prop.scala:868)
[info]   at org.scalacheck.Prop$.secure(Prop.scala:484)
[info]   at org.scalacheck.Prop$.result$1(Prop.scala:868)
[info]   at org.scalacheck.Prop$.$anonfun$forAllShrink$4(Prop.scala:880)
[info]   at scala.collection.immutable.Stream.map(Stream.scala:173)
[info]   at org.scalacheck.Prop$.getFirstFailure$1(Prop.scala:880)
[info]   at org.scalacheck.Prop$.shrinker$1(Prop.scala:895)
[info]   at org.scalacheck.Prop$.$anonfun$forAllShrink$1(Prop.scala:916)
[info]   at org.scalacheck.Prop$.$anonfun$apply$1(Prop.scala:305)
[info]   at org.scalacheck.PropFromFun.apply(Prop.scala:20)
[info]   at org.scalacheck.Prop$.result$1(Prop.scala:869)
[info]   at org.scalacheck.Prop$.$anonfun$forAllShrink$1(Prop.scala:915)
[info]   at org.scalacheck.Prop$.$anonfun$apply$1(Prop.scala:305)
[info]   at org.scalacheck.PropFromFun.apply(Prop.scala:20)
[info]   at org.scalacheck.Test$.workerFun$1(Test.scala:486)
[info]   at org.scalacheck.Test$.$anonfun$check$4(Test.scala:518)
[info]   at org.scalacheck.Test$.$anonfun$check$4$adapted(Test.scala:518)
[info]   at org.scalacheck.Platform$.runWorkers(Platform.scala:42)
[info]   at org.scalacheck.Test$.check(Test.scala:518)
[info]   at org.scalatestplus.scalacheck.UnitCheckerAsserting$CheckerAssertingImpl.check(CheckerAsserting.scala:90)
[info]   at org.scalatestplus.scalacheck.Checkers.check(Checkers.scala:263)
[info]   at org.scalatestplus.scalacheck.Checkers.check$(Checkers.scala:253)
[info]   at frameless.TypedDatasetSuite.check(TypedDatasetSuite.scala:63)
[info]   at frameless.BitwiseTests.$anonfun$new$1(BitwiseTests.scala:66)
[info]   at org.scalatest.OutcomeOf.outcomeOf(OutcomeOf.scala:85)
[info]   at org.scalatest.OutcomeOf.outcomeOf$(OutcomeOf.scala:83)
[info]   at org.scalatest.OutcomeOf$.outcomeOf(OutcomeOf.scala:104)
[info]   at org.scalatest.Transformer.apply(Transformer.scala:22)
[info]   at org.scalatest.Transformer.apply(Transformer.scala:20)
[info]   at org.scalatest.funsuite.AnyFunSuiteLike$$anon$1.apply(AnyFunSuiteLike.scala:226)
[info]   at org.scalatest.TestSuite.withFixture(TestSuite.scala:196)
[info]   at org.scalatest.TestSuite.withFixture$(TestSuite.scala:195)
[info]   at org.scalatest.funsuite.AnyFunSuite.withFixture(AnyFunSuite.scala:1564)
[info]   at org.scalatest.funsuite.AnyFunSuiteLike.invokeWithFixture$1(AnyFunSuiteLike.scala:224)
[info]   at org.scalatest.funsuite.AnyFunSuiteLike.$anonfun$runTest$1(AnyFunSuiteLike.scala:236)
[info]   at org.scalatest.SuperEngine.runTestImpl(Engine.scala:306)
[info]   at org.scalatest.funsuite.AnyFunSuiteLike.runTest(AnyFunSuiteLike.scala:236)
[info]   at org.scalatest.funsuite.AnyFunSuiteLike.runTest$(AnyFunSuiteLike.scala:218)
[info]   at org.scalatest.funsuite.AnyFunSuite.runTest(AnyFunSuite.scala:1564)
[info]   at org.scalatest.funsuite.AnyFunSuiteLike.$anonfun$runTests$1(AnyFunSuiteLike.scala:269)
[info]   at org.scalatest.SuperEngine.$anonfun$runTestsInBranch$1(Engine.scala:413)
[info]   at scala.collection.immutable.List.foreach(List.scala:334)
[info]   at org.scalatest.SuperEngine.traverseSubNodes$1(Engine.scala:401)
[info]   at org.scalatest.SuperEngine.runTestsInBranch(Engine.scala:396)
[info]   at org.scalatest.SuperEngine.runTestsImpl(Engine.scala:475)
[info]   at org.scalatest.funsuite.AnyFunSuiteLike.runTests(AnyFunSuiteLike.scala:269)
[info]   at org.scalatest.funsuite.AnyFunSuiteLike.runTests$(AnyFunSuiteLike.scala:268)
[info]   at org.scalatest.funsuite.AnyFunSuite.runTests(AnyFunSuite.scala:1564)
[info]   at org.scalatest.Suite.run(Suite.scala:1114)
[info]   at org.scalatest.Suite.run$(Suite.scala:1096)
[info]   at org.scalatest.funsuite.AnyFunSuite.org$scalatest$funsuite$AnyFunSuiteLike$$super$run(AnyFunSuite.scala:1564)
[info]   at org.scalatest.funsuite.AnyFunSuiteLike.$anonfun$run$1(AnyFunSuiteLike.scala:273)
[info]   at org.scalatest.SuperEngine.runImpl(Engine.scala:535)
[info]   at org.scalatest.funsuite.AnyFunSuiteLike.run(AnyFunSuiteLike.scala:273)
[info]   at org.scalatest.funsuite.AnyFunSuiteLike.run$(AnyFunSuiteLike.scala:272)
[info]   at frameless.TypedDatasetSuite.org$scalatest$BeforeAndAfterAll$$super$run(TypedDatasetSuite.scala:63)
[info]   at org.scalatest.BeforeAndAfterAll.liftedTree1$1(BeforeAndAfterAll.scala:213)
[info]   at org.scalatest.BeforeAndAfterAll.run(BeforeAndAfterAll.scala:210)
[info]   at org.scalatest.BeforeAndAfterAll.run$(BeforeAndAfterAll.scala:208)
[info]   at frameless.TypedDatasetSuite.run(TypedDatasetSuite.scala:63)
[info]   at org.scalatest.tools.Framework.org$scalatest$tools$Framework$$runSuite(Framework.scala:321)
[info]   at org.scalatest.tools.Framework$ScalaTestTask.execute(Framework.scala:517)
[info]   at sbt.ForkMain$Run.lambda$runTest$1(ForkMain.java:414)
[info]   at java.base/java.util.concurrent.FutureTask.run(FutureTask.java:317)
[info]   at java.base/java.util.concurrent.ThreadPoolExecutor.runWorker(ThreadPoolExecutor.java:1144)
[info]   at java.base/java.util.concurrent.ThreadPoolExecutor$Worker.run(ThreadPoolExecutor.java:642)
[info]   at java.base/java.lang.Thread.run(Thread.java:1583)
[info]   Cause: java.lang.ClassCastException: Cannot cast scala.reflect.ClassTag$GenericClassTag to org.apache.spark.sql.catalyst.expressions.Expression
[info]   at java.base/java.lang.Class.cast(Class.java:4067)
[info]   at java.base/jdk.internal.reflect.DirectConstructorHandleAccessor.newInstance(DirectConstructorHandleAccessor.java:62)
[info]   at java.base/java.lang.reflect.Constructor.newInstanceWithCaller(Constructor.java:502)
[info]   at java.base/java.lang.reflect.Constructor.newInstance(Constructor.java:486)
[info]   at frameless.TypedExpressionEncoder$.$anonfun$apply$3(TypedExpressionEncoder.scala:55)
[info]   at scala.Option.map(Option.scala:242)
[info]   at frameless.TypedExpressionEncoder$.apply(TypedExpressionEncoder.scala:54)
[info]   at frameless.TypedDataset$.create(TypedDataset.scala:1325)
[info]   at frameless.BitwiseTests.prop$1(BitwiseTests.scala:52)
[info]   at frameless.BitwiseTests.$anonfun$new$27(BitwiseTests.scala:66)
[info]   at frameless.BitwiseTests.$anonfun$new$27$adapted(BitwiseTests.scala:66)
[info]   at org.scalacheck.Prop$.$anonfun$forAll$18(Prop.scala:1131)
[info]   at scala.Function1.$anonfun$andThen$1(Function1.scala:87)
[info]   at org.scalacheck.Prop$.$anonfun$forAllShrink$2(Prop.scala:868)
[info]   at org.scalacheck.Prop$.secure(Prop.scala:484)
[info]   at org.scalacheck.Prop$.result$1(Prop.scala:868)
[info]   at org.scalacheck.Prop$.$anonfun$forAllShrink$4(Prop.scala:880)
[info]   at scala.collection.immutable.Stream.map(Stream.scala:173)
[info]   at org.scalacheck.Prop$.getFirstFailure$1(Prop.scala:880)
[info]   at org.scalacheck.Prop$.shrinker$1(Prop.scala:895)
[info]   at org.scalacheck.Prop$.$anonfun$forAllShrink$1(Prop.scala:916)
[info]   at org.scalacheck.Prop$.$anonfun$apply$1(Prop.scala:305)
[info]   at org.scalacheck.PropFromFun.apply(Prop.scala:20)
[info]   at org.scalacheck.Prop$.result$1(Prop.scala:869)
[info]   at org.scalacheck.Prop$.$anonfun$forAllShrink$1(Prop.scala:915)
[info]   at org.scalacheck.Prop$.$anonfun$apply$1(Prop.scala:305)
[info]   at org.scalacheck.PropFromFun.apply(Prop.scala:20)
[info]   at org.scalacheck.Test$.workerFun$1(Test.scala:486)
[info]   at org.scalacheck.Test$.$anonfun$check$4(Test.scala:518)
[info]   at org.scalacheck.Test$.$anonfun$check$4$adapted(Test.scala:518)
[info]   at org.scalacheck.Platform$.runWorkers(Platform.scala:42)
[info]   at org.scalacheck.Test$.check(Test.scala:518)
[info]   at org.scalatestplus.scalacheck.UnitCheckerAsserting$CheckerAssertingImpl.check(CheckerAsserting.scala:90)
[info]   at org.scalatestplus.scalacheck.Checkers.check(Checkers.scala:263)
[info]   at org.scalatestplus.scalacheck.Checkers.check$(Checkers.scala:253)
[info]   at frameless.TypedDatasetSuite.check(TypedDatasetSuite.scala:63)
[info]   at frameless.BitwiseTests.$anonfun$new$1(BitwiseTests.scala:66)
[info]   at org.scalatest.OutcomeOf.outcomeOf(OutcomeOf.scala:85)
[info]   at org.scalatest.OutcomeOf.outcomeOf$(OutcomeOf.scala:83)
[info]   at org.scalatest.OutcomeOf$.outcomeOf(OutcomeOf.scala:104)
[info]   at org.scalatest.Transformer.apply(Transformer.scala:22)
[info]   at org.scalatest.Transformer.apply(Transformer.scala:20)
[info]   at org.scalatest.funsuite.AnyFunSuiteLike$$anon$1.apply(AnyFunSuiteLike.scala:226)
[info]   at org.scalatest.TestSuite.withFixture(TestSuite.scala:196)
[info]   at org.scalatest.TestSuite.withFixture$(TestSuite.scala:195)
[info]   at org.scalatest.funsuite.AnyFunSuite.withFixture(AnyFunSuite.scala:1564)
[info]   at org.scalatest.funsuite.AnyFunSuiteLike.invokeWithFixture$1(AnyFunSuiteLike.scala:224)
[info]   at org.scalatest.funsuite.AnyFunSuiteLike.$anonfun$runTest$1(AnyFunSuiteLike.scala:236)
[info]   at org.scalatest.SuperEngine.runTestImpl(Engine.scala:306)
[info]   at org.scalatest.funsuite.AnyFunSuiteLike.runTest(AnyFunSuiteLike.scala:236)
[info]   at org.scalatest.funsuite.AnyFunSuiteLike.runTest$(AnyFunSuiteLike.scala:218)
[info]   at org.scalatest.funsuite.AnyFunSuite.runTest(AnyFunSuite.scala:1564)
[info]   at org.scalatest.funsuite.AnyFunSuiteLike.$anonfun$runTests$1(AnyFunSuiteLike.scala:269)
[info]   at org.scalatest.SuperEngine.$anonfun$runTestsInBranch$1(Engine.scala:413)
[info]   at scala.collection.immutable.List.foreach(List.scala:334)
[info]   at org.scalatest.SuperEngine.traverseSubNodes$1(Engine.scala:401)
[info]   at org.scalatest.SuperEngine.runTestsInBranch(Engine.scala:396)
[info]   at org.scalatest.SuperEngine.runTestsImpl(Engine.scala:475)
[info]   at org.scalatest.funsuite.AnyFunSuiteLike.runTests(AnyFunSuiteLike.scala:269)
[info]   at org.scalatest.funsuite.AnyFunSuiteLike.runTests$(AnyFunSuiteLike.scala:268)
[info]   at org.scalatest.funsuite.AnyFunSuite.runTests(AnyFunSuite.scala:1564)
[info]   at org.scalatest.Suite.run(Suite.scala:1114)
[info]   at org.scalatest.Suite.run$(Suite.scala:1096)
[info]   at org.scalatest.funsuite.AnyFunSuite.org$scalatest$funsuite$AnyFunSuiteLike$$super$run(AnyFunSuite.scala:1564)
[info]   at org.scalatest.funsuite.AnyFunSuiteLike.$anonfun$run$1(AnyFunSuiteLike.scala:273)
[info]   at org.scalatest.SuperEngine.runImpl(Engine.scala:535)
[info]   at org.scalatest.funsuite.AnyFunSuiteLike.run(AnyFunSuiteLike.scala:273)
[info]   at org.scalatest.funsuite.AnyFunSuiteLike.run$(AnyFunSuiteLike.scala:272)
[info]   at frameless.TypedDatasetSuite.org$scalatest$BeforeAndAfterAll$$super$run(TypedDatasetSuite.scala:63)
[info]   at org.scalatest.BeforeAndAfterAll.liftedTree1$1(BeforeAndAfterAll.scala:213)
[info]   at org.scalatest.BeforeAndAfterAll.run(BeforeAndAfterAll.scala:210)
[info]   at org.scalatest.BeforeAndAfterAll.run$(BeforeAndAfterAll.scala:208)
[info]   at frameless.TypedDatasetSuite.run(TypedDatasetSuite.scala:63)
[info]   at org.scalatest.tools.Framework.org$scalatest$tools$Framework$$runSuite(Framework.scala:321)
[info]   at org.scalatest.tools.Framework$ScalaTestTask.execute(Framework.scala:517)
[info]   at sbt.ForkMain$Run.lambda$runTest$1(ForkMain.java:414)
[info]   at java.base/java.util.concurrent.FutureTask.run(FutureTask.java:317)
[info]   at java.base/java.util.concurrent.ThreadPoolExecutor.runWorker(ThreadPoolExecutor.java:1144)
[info]   at java.base/java.util.concurrent.ThreadPoolExecutor$Worker.run(ThreadPoolExecutor.java:642)
[info]   at java.base/java.lang.Thread.run(Thread.java:1583)
[info] - bitwiseOR *** FAILED *** (18 milliseconds)
[info]   IllegalArgumentException was thrown during property evaluation.
[info]     Message: argument type mismatch
[info]     Occurred when passed generated values (
[info]       arg0 = 0, // 7 shrinks
[info]       arg1 = 0 // 7 shrinks
[info]     )
[info]   org.scalatest.exceptions.GeneratorDrivenPropertyCheckFailedException:
[info]   at org.scalatestplus.scalacheck.CheckerAsserting$$anon$2.indicateFailure(CheckerAsserting.scala:251)
[info]   at org.scalatestplus.scalacheck.CheckerAsserting$$anon$2.indicateFailure(CheckerAsserting.scala:238)
[info]   at org.scalatestplus.scalacheck.UnitCheckerAsserting$CheckerAssertingImpl.check(CheckerAsserting.scala:160)
[info]   at org.scalatestplus.scalacheck.Checkers.check(Checkers.scala:263)
[info]   at org.scalatestplus.scalacheck.Checkers.check$(Checkers.scala:253)
[info]   at frameless.TypedDatasetSuite.check(TypedDatasetSuite.scala:63)
[info]   at frameless.BitwiseTests.$anonfun$new$39(BitwiseTests.scala:90)
[info]   at org.scalatest.OutcomeOf.outcomeOf(OutcomeOf.scala:85)
[info]   at org.scalatest.OutcomeOf.outcomeOf$(OutcomeOf.scala:83)
[info]   at org.scalatest.OutcomeOf$.outcomeOf(OutcomeOf.scala:104)
[info]   at org.scalatest.Transformer.apply(Transformer.scala:22)
[info]   at org.scalatest.Transformer.apply(Transformer.scala:20)
[info]   at org.scalatest.funsuite.AnyFunSuiteLike$$anon$1.apply(AnyFunSuiteLike.scala:226)
[info]   at org.scalatest.TestSuite.withFixture(TestSuite.scala:196)
[info]   at org.scalatest.TestSuite.withFixture$(TestSuite.scala:195)
[info]   at org.scalatest.funsuite.AnyFunSuite.withFixture(AnyFunSuite.scala:1564)
[info]   at org.scalatest.funsuite.AnyFunSuiteLike.invokeWithFixture$1(AnyFunSuiteLike.scala:224)
[info]   at org.scalatest.funsuite.AnyFunSuiteLike.$anonfun$runTest$1(AnyFunSuiteLike.scala:236)
[info]   at org.scalatest.SuperEngine.runTestImpl(Engine.scala:306)
[info]   at org.scalatest.funsuite.AnyFunSuiteLike.runTest(AnyFunSuiteLike.scala:236)
[info]   at org.scalatest.funsuite.AnyFunSuiteLike.runTest$(AnyFunSuiteLike.scala:218)
[info]   at org.scalatest.funsuite.AnyFunSuite.runTest(AnyFunSuite.scala:1564)
[info]   at org.scalatest.funsuite.AnyFunSuiteLike.$anonfun$runTests$1(AnyFunSuiteLike.scala:269)
[info]   at org.scalatest.SuperEngine.$anonfun$runTestsInBranch$1(Engine.scala:413)
[info]   at scala.collection.immutable.List.foreach(List.scala:334)
[info]   at org.scalatest.SuperEngine.traverseSubNodes$1(Engine.scala:401)
[info]   at org.scalatest.SuperEngine.runTestsInBranch(Engine.scala:396)
[info]   at org.scalatest.SuperEngine.runTestsImpl(Engine.scala:475)
[info]   at org.scalatest.funsuite.AnyFunSuiteLike.runTests(AnyFunSuiteLike.scala:269)
[info]   at org.scalatest.funsuite.AnyFunSuiteLike.runTests$(AnyFunSuiteLike.scala:268)
[info]   at org.scalatest.funsuite.AnyFunSuite.runTests(AnyFunSuite.scala:1564)
[info]   at org.scalatest.Suite.run(Suite.scala:1114)
[info]   at org.scalatest.Suite.run$(Suite.scala:1096)
[info]   at org.scalatest.funsuite.AnyFunSuite.org$scalatest$funsuite$AnyFunSuiteLike$$super$run(AnyFunSuite.scala:1564)
[info]   at org.scalatest.funsuite.AnyFunSuiteLike.$anonfun$run$1(AnyFunSuiteLike.scala:273)
[info]   at org.scalatest.SuperEngine.runImpl(Engine.scala:535)
[info]   at org.scalatest.funsuite.AnyFunSuiteLike.run(AnyFunSuiteLike.scala:273)
[info]   at org.scalatest.funsuite.AnyFunSuiteLike.run$(AnyFunSuiteLike.scala:272)
[info]   at frameless.TypedDatasetSuite.org$scalatest$BeforeAndAfterAll$$super$run(TypedDatasetSuite.scala:63)
[info]   at org.scalatest.BeforeAndAfterAll.liftedTree1$1(BeforeAndAfterAll.scala:213)
[info]   at org.scalatest.BeforeAndAfterAll.run(BeforeAndAfterAll.scala:210)
[info]   at org.scalatest.BeforeAndAfterAll.run$(BeforeAndAfterAll.scala:208)
[info]   at frameless.TypedDatasetSuite.run(TypedDatasetSuite.scala:63)
[info]   at org.scalatest.tools.Framework.org$scalatest$tools$Framework$$runSuite(Framework.scala:321)
[info]   at org.scalatest.tools.Framework$ScalaTestTask.execute(Framework.scala:517)
[info]   at sbt.ForkMain$Run.lambda$runTest$1(ForkMain.java:414)
[info]   at java.base/java.util.concurrent.FutureTask.run(FutureTask.java:317)
[info]   at java.base/java.util.concurrent.ThreadPoolExecutor.runWorker(ThreadPoolExecutor.java:1144)
[info]   at java.base/java.util.concurrent.ThreadPoolExecutor$Worker.run(ThreadPoolExecutor.java:642)
[info]   at java.base/java.lang.Thread.run(Thread.java:1583)
[info]   Cause: java.lang.IllegalArgumentException: argument type mismatch
[info]   at java.base/jdk.internal.reflect.DirectConstructorHandleAccessor.newInstance(DirectConstructorHandleAccessor.java:65)
[info]   at java.base/java.lang.reflect.Constructor.newInstanceWithCaller(Constructor.java:502)
[info]   at java.base/java.lang.reflect.Constructor.newInstance(Constructor.java:486)
[info]   at frameless.TypedExpressionEncoder$.$anonfun$apply$3(TypedExpressionEncoder.scala:55)
[info]   at scala.Option.map(Option.scala:242)
[info]   at frameless.TypedExpressionEncoder$.apply(TypedExpressionEncoder.scala:54)
[info]   at frameless.TypedDataset$.create(TypedDataset.scala:1325)
[info]   at frameless.BitwiseTests.prop$2(BitwiseTests.scala:76)
[info]   at frameless.BitwiseTests.$anonfun$new$65(BitwiseTests.scala:90)
[info]   at frameless.BitwiseTests.$anonfun$new$65$adapted(BitwiseTests.scala:90)
[info]   at org.scalacheck.Prop$.$anonfun$forAll$18(Prop.scala:1131)
[info]   at scala.Function1.$anonfun$andThen$1(Function1.scala:87)
[info]   at org.scalacheck.Prop$.$anonfun$forAllShrink$2(Prop.scala:868)
[info]   at org.scalacheck.Prop$.secure(Prop.scala:484)
[info]   at org.scalacheck.Prop$.result$1(Prop.scala:868)
[info]   at org.scalacheck.Prop$.$anonfun$forAllShrink$4(Prop.scala:880)
[info]   at scala.collection.immutable.Stream.map(Stream.scala:173)
[info]   at org.scalacheck.Prop$.getFirstFailure$1(Prop.scala:880)
[info]   at org.scalacheck.Prop$.shrinker$1(Prop.scala:895)
[info]   at org.scalacheck.Prop$.$anonfun$forAllShrink$1(Prop.scala:916)
[info]   at org.scalacheck.Prop$.$anonfun$apply$1(Prop.scala:305)
[info]   at org.scalacheck.PropFromFun.apply(Prop.scala:20)
[info]   at org.scalacheck.Prop$.result$1(Prop.scala:869)
[info]   at org.scalacheck.Prop$.$anonfun$forAllShrink$4(Prop.scala:880)
[info]   at scala.collection.immutable.Stream.map(Stream.scala:173)
[info]   at org.scalacheck.Prop$.getFirstFailure$1(Prop.scala:880)
[info]   at org.scalacheck.Prop$.shrinker$1(Prop.scala:895)
[info]   at org.scalacheck.Prop$.$anonfun$forAllShrink$1(Prop.scala:916)
[info]   at org.scalacheck.Prop$.$anonfun$apply$1(Prop.scala:305)
[info]   at org.scalacheck.PropFromFun.apply(Prop.scala:20)
[info]   at org.scalacheck.Test$.workerFun$1(Test.scala:486)
[info]   at org.scalacheck.Test$.$anonfun$check$4(Test.scala:518)
[info]   at org.scalacheck.Test$.$anonfun$check$4$adapted(Test.scala:518)
[info]   at org.scalacheck.Platform$.runWorkers(Platform.scala:42)
[info]   at org.scalacheck.Test$.check(Test.scala:518)
[info]   at org.scalatestplus.scalacheck.UnitCheckerAsserting$CheckerAssertingImpl.check(CheckerAsserting.scala:90)
[info]   at org.scalatestplus.scalacheck.Checkers.check(Checkers.scala:263)
[info]   at org.scalatestplus.scalacheck.Checkers.check$(Checkers.scala:253)
[info]   at frameless.TypedDatasetSuite.check(TypedDatasetSuite.scala:63)
[info]   at frameless.BitwiseTests.$anonfun$new$39(BitwiseTests.scala:90)
[info]   at org.scalatest.OutcomeOf.outcomeOf(OutcomeOf.scala:85)
[info]   at org.scalatest.OutcomeOf.outcomeOf$(OutcomeOf.scala:83)
[info]   at org.scalatest.OutcomeOf$.outcomeOf(OutcomeOf.scala:104)
[info]   at org.scalatest.Transformer.apply(Transformer.scala:22)
[info]   at org.scalatest.Transformer.apply(Transformer.scala:20)
[info]   at org.scalatest.funsuite.AnyFunSuiteLike$$anon$1.apply(AnyFunSuiteLike.scala:226)
[info]   at org.scalatest.TestSuite.withFixture(TestSuite.scala:196)
[info]   at org.scalatest.TestSuite.withFixture$(TestSuite.scala:195)
[info]   at org.scalatest.funsuite.AnyFunSuite.withFixture(AnyFunSuite.scala:1564)
[info]   at org.scalatest.funsuite.AnyFunSuiteLike.invokeWithFixture$1(AnyFunSuiteLike.scala:224)
[info]   at org.scalatest.funsuite.AnyFunSuiteLike.$anonfun$runTest$1(AnyFunSuiteLike.scala:236)
[info]   at org.scalatest.SuperEngine.runTestImpl(Engine.scala:306)
[info]   at org.scalatest.funsuite.AnyFunSuiteLike.runTest(AnyFunSuiteLike.scala:236)
[info]   at org.scalatest.funsuite.AnyFunSuiteLike.runTest$(AnyFunSuiteLike.scala:218)
[info]   at org.scalatest.funsuite.AnyFunSuite.runTest(AnyFunSuite.scala:1564)
[info]   at org.scalatest.funsuite.AnyFunSuiteLike.$anonfun$runTests$1(AnyFunSuiteLike.scala:269)
[info]   at org.scalatest.SuperEngine.$anonfun$runTestsInBranch$1(Engine.scala:413)
[info]   at scala.collection.immutable.List.foreach(List.scala:334)
[info]   at org.scalatest.SuperEngine.traverseSubNodes$1(Engine.scala:401)
[info]   at org.scalatest.SuperEngine.runTestsInBranch(Engine.scala:396)
[info]   at org.scalatest.SuperEngine.runTestsImpl(Engine.scala:475)
[info]   at org.scalatest.funsuite.AnyFunSuiteLike.runTests(AnyFunSuiteLike.scala:269)
[info]   at org.scalatest.funsuite.AnyFunSuiteLike.runTests$(AnyFunSuiteLike.scala:268)
[info]   at org.scalatest.funsuite.AnyFunSuite.runTests(AnyFunSuite.scala:1564)
[info]   at org.scalatest.Suite.run(Suite.scala:1114)
[info]   at org.scalatest.Suite.run$(Suite.scala:1096)
[info]   at org.scalatest.funsuite.AnyFunSuite.org$scalatest$funsuite$AnyFunSuiteLike$$super$run(AnyFunSuite.scala:1564)
[info]   at org.scalatest.funsuite.AnyFunSuiteLike.$anonfun$run$1(AnyFunSuiteLike.scala:273)
[info]   at org.scalatest.SuperEngine.runImpl(Engine.scala:535)
[info]   at org.scalatest.funsuite.AnyFunSuiteLike.run(AnyFunSuiteLike.scala:273)
[info]   at org.scalatest.funsuite.AnyFunSuiteLike.run$(AnyFunSuiteLike.scala:272)
[info]   at frameless.TypedDatasetSuite.org$scalatest$BeforeAndAfterAll$$super$run(TypedDatasetSuite.scala:63)
[info]   at org.scalatest.BeforeAndAfterAll.liftedTree1$1(BeforeAndAfterAll.scala:213)
[info]   at org.scalatest.BeforeAndAfterAll.run(BeforeAndAfterAll.scala:210)
[info]   at org.scalatest.BeforeAndAfterAll.run$(BeforeAndAfterAll.scala:208)
[info]   at frameless.TypedDatasetSuite.run(TypedDatasetSuite.scala:63)
[info]   at org.scalatest.tools.Framework.org$scalatest$tools$Framework$$runSuite(Framework.scala:321)
[info]   at org.scalatest.tools.Framework$ScalaTestTask.execute(Framework.scala:517)
[info]   at sbt.ForkMain$Run.lambda$runTest$1(ForkMain.java:414)
[info]   at java.base/java.util.concurrent.FutureTask.run(FutureTask.java:317)
[info]   at java.base/java.util.concurrent.ThreadPoolExecutor.runWorker(ThreadPoolExecutor.java:1144)
[info]   at java.base/java.util.concurrent.ThreadPoolExecutor$Worker.run(ThreadPoolExecutor.java:642)
[info]   at java.base/java.lang.Thread.run(Thread.java:1583)
[info]   Cause: java.lang.ClassCastException: Cannot cast scala.reflect.ClassTag$GenericClassTag to org.apache.spark.sql.catalyst.expressions.Expression
[info]   at java.base/java.lang.Class.cast(Class.java:4067)
[info]   at java.base/jdk.internal.reflect.DirectConstructorHandleAccessor.newInstance(DirectConstructorHandleAccessor.java:62)
[info]   at java.base/java.lang.reflect.Constructor.newInstanceWithCaller(Constructor.java:502)
[info]   at java.base/java.lang.reflect.Constructor.newInstance(Constructor.java:486)
[info]   at frameless.TypedExpressionEncoder$.$anonfun$apply$3(TypedExpressionEncoder.scala:55)
[info]   at scala.Option.map(Option.scala:242)
[info]   at frameless.TypedExpressionEncoder$.apply(TypedExpressionEncoder.scala:54)
[info]   at frameless.TypedDataset$.create(TypedDataset.scala:1325)
[info]   at frameless.BitwiseTests.prop$2(BitwiseTests.scala:76)
[info]   at frameless.BitwiseTests.$anonfun$new$65(BitwiseTests.scala:90)
[info]   at frameless.BitwiseTests.$anonfun$new$65$adapted(BitwiseTests.scala:90)
[info]   at org.scalacheck.Prop$.$anonfun$forAll$18(Prop.scala:1131)
[info]   at scala.Function1.$anonfun$andThen$1(Function1.scala:87)
[info]   at org.scalacheck.Prop$.$anonfun$forAllShrink$2(Prop.scala:868)
[info]   at org.scalacheck.Prop$.secure(Prop.scala:484)
[info]   at org.scalacheck.Prop$.result$1(Prop.scala:868)
[info]   at org.scalacheck.Prop$.$anonfun$forAllShrink$4(Prop.scala:880)
[info]   at scala.collection.immutable.Stream.map(Stream.scala:173)
[info]   at org.scalacheck.Prop$.getFirstFailure$1(Prop.scala:880)
[info]   at org.scalacheck.Prop$.shrinker$1(Prop.scala:895)
[info]   at org.scalacheck.Prop$.$anonfun$forAllShrink$1(Prop.scala:916)
[info]   at org.scalacheck.Prop$.$anonfun$apply$1(Prop.scala:305)
[info]   at org.scalacheck.PropFromFun.apply(Prop.scala:20)
[info]   at org.scalacheck.Prop$.result$1(Prop.scala:869)
[info]   at org.scalacheck.Prop$.$anonfun$forAllShrink$4(Prop.scala:880)
[info]   at scala.collection.immutable.Stream.map(Stream.scala:173)
[info]   at org.scalacheck.Prop$.getFirstFailure$1(Prop.scala:880)
[info]   at org.scalacheck.Prop$.shrinker$1(Prop.scala:895)
[info]   at org.scalacheck.Prop$.$anonfun$forAllShrink$1(Prop.scala:916)
[info]   at org.scalacheck.Prop$.$anonfun$apply$1(Prop.scala:305)
[info]   at org.scalacheck.PropFromFun.apply(Prop.scala:20)
[info]   at org.scalacheck.Test$.workerFun$1(Test.scala:486)
[info]   at org.scalacheck.Test$.$anonfun$check$4(Test.scala:518)
[info]   at org.scalacheck.Test$.$anonfun$check$4$adapted(Test.scala:518)
[info]   at org.scalacheck.Platform$.runWorkers(Platform.scala:42)
[info]   at org.scalacheck.Test$.check(Test.scala:518)
[info]   at org.scalatestplus.scalacheck.UnitCheckerAsserting$CheckerAssertingImpl.check(CheckerAsserting.scala:90)
[info]   at org.scalatestplus.scalacheck.Checkers.check(Checkers.scala:263)
[info]   at org.scalatestplus.scalacheck.Checkers.check$(Checkers.scala:253)
[info]   at frameless.TypedDatasetSuite.check(TypedDatasetSuite.scala:63)
[info]   at frameless.BitwiseTests.$anonfun$new$39(BitwiseTests.scala:90)
[info]   at org.scalatest.OutcomeOf.outcomeOf(OutcomeOf.scala:85)
[info]   at org.scalatest.OutcomeOf.outcomeOf$(OutcomeOf.scala:83)
[info]   at org.scalatest.OutcomeOf$.outcomeOf(OutcomeOf.scala:104)
[info]   at org.scalatest.Transformer.apply(Transformer.scala:22)
[info]   at org.scalatest.Transformer.apply(Transformer.scala:20)
[info]   at org.scalatest.funsuite.AnyFunSuiteLike$$anon$1.apply(AnyFunSuiteLike.scala:226)
[info]   at org.scalatest.TestSuite.withFixture(TestSuite.scala:196)
[info]   at org.scalatest.TestSuite.withFixture$(TestSuite.scala:195)
[info]   at org.scalatest.funsuite.AnyFunSuite.withFixture(AnyFunSuite.scala:1564)
[info]   at org.scalatest.funsuite.AnyFunSuiteLike.invokeWithFixture$1(AnyFunSuiteLike.scala:224)
[info]   at org.scalatest.funsuite.AnyFunSuiteLike.$anonfun$runTest$1(AnyFunSuiteLike.scala:236)
[info]   at org.scalatest.SuperEngine.runTestImpl(Engine.scala:306)
[info]   at org.scalatest.funsuite.AnyFunSuiteLike.runTest(AnyFunSuiteLike.scala:236)
[info]   at org.scalatest.funsuite.AnyFunSuiteLike.runTest$(AnyFunSuiteLike.scala:218)
[info]   at org.scalatest.funsuite.AnyFunSuite.runTest(AnyFunSuite.scala:1564)
[info]   at org.scalatest.funsuite.AnyFunSuiteLike.$anonfun$runTests$1(AnyFunSuiteLike.scala:269)
[info]   at org.scalatest.SuperEngine.$anonfun$runTestsInBranch$1(Engine.scala:413)
[info]   at scala.collection.immutable.List.foreach(List.scala:334)
[info]   at org.scalatest.SuperEngine.traverseSubNodes$1(Engine.scala:401)
[info]   at org.scalatest.SuperEngine.runTestsInBranch(Engine.scala:396)
[info]   at org.scalatest.SuperEngine.runTestsImpl(Engine.scala:475)
[info]   at org.scalatest.funsuite.AnyFunSuiteLike.runTests(AnyFunSuiteLike.scala:269)
[info]   at org.scalatest.funsuite.AnyFunSuiteLike.runTests$(AnyFunSuiteLike.scala:268)
[info]   at org.scalatest.funsuite.AnyFunSuite.runTests(AnyFunSuite.scala:1564)
[info]   at org.scalatest.Suite.run(Suite.scala:1114)
[info]   at org.scalatest.Suite.run$(Suite.scala:1096)
[info]   at org.scalatest.funsuite.AnyFunSuite.org$scalatest$funsuite$AnyFunSuiteLike$$super$run(AnyFunSuite.scala:1564)
[info]   at org.scalatest.funsuite.AnyFunSuiteLike.$anonfun$run$1(AnyFunSuiteLike.scala:273)
[info]   at org.scalatest.SuperEngine.runImpl(Engine.scala:535)
[info]   at org.scalatest.funsuite.AnyFunSuiteLike.run(AnyFunSuiteLike.scala:273)
[info]   at org.scalatest.funsuite.AnyFunSuiteLike.run$(AnyFunSuiteLike.scala:272)
[info]   at frameless.TypedDatasetSuite.org$scalatest$BeforeAndAfterAll$$super$run(TypedDatasetSuite.scala:63)
[info]   at org.scalatest.BeforeAndAfterAll.liftedTree1$1(BeforeAndAfterAll.scala:213)
[info]   at org.scalatest.BeforeAndAfterAll.run(BeforeAndAfterAll.scala:210)
[info]   at org.scalatest.BeforeAndAfterAll.run$(BeforeAndAfterAll.scala:208)
[info]   at frameless.TypedDatasetSuite.run(TypedDatasetSuite.scala:63)
[info]   at org.scalatest.tools.Framework.org$scalatest$tools$Framework$$runSuite(Framework.scala:321)
[info]   at org.scalatest.tools.Framework$ScalaTestTask.execute(Framework.scala:517)
[info]   at sbt.ForkMain$Run.lambda$runTest$1(ForkMain.java:414)
[info]   at java.base/java.util.concurrent.FutureTask.run(FutureTask.java:317)
[info]   at java.base/java.util.concurrent.ThreadPoolExecutor.runWorker(ThreadPoolExecutor.java:1144)
[info]   at java.base/java.util.concurrent.ThreadPoolExecutor$Worker.run(ThreadPoolExecutor.java:642)
[info]   at java.base/java.lang.Thread.run(Thread.java:1583)
[info] - bitwiseXOR *** FAILED *** (10 milliseconds)
[info]   IllegalArgumentException was thrown during property evaluation.
[info]     Message: argument type mismatch
[info]     Occurred when passed generated values (
[info]       arg0 = 0, // 4 shrinks
[info]       arg1 = 0 // 4 shrinks
[info]     )
[info]   org.scalatest.exceptions.GeneratorDrivenPropertyCheckFailedException:
[info]   at org.scalatestplus.scalacheck.CheckerAsserting$$anon$2.indicateFailure(CheckerAsserting.scala:251)
[info]   at org.scalatestplus.scalacheck.CheckerAsserting$$anon$2.indicateFailure(CheckerAsserting.scala:238)
[info]   at org.scalatestplus.scalacheck.UnitCheckerAsserting$CheckerAssertingImpl.check(CheckerAsserting.scala:160)
[info]   at org.scalatestplus.scalacheck.Checkers.check(Checkers.scala:263)
[info]   at org.scalatestplus.scalacheck.Checkers.check$(Checkers.scala:253)
[info]   at frameless.TypedDatasetSuite.check(TypedDatasetSuite.scala:63)
[info]   at frameless.BitwiseTests.$anonfun$new$77(BitwiseTests.scala:112)
[info]   at org.scalatest.OutcomeOf.outcomeOf(OutcomeOf.scala:85)
[info]   at org.scalatest.OutcomeOf.outcomeOf$(OutcomeOf.scala:83)
[info]   at org.scalatest.OutcomeOf$.outcomeOf(OutcomeOf.scala:104)
[info]   at org.scalatest.Transformer.apply(Transformer.scala:22)
[info]   at org.scalatest.Transformer.apply(Transformer.scala:20)
[info]   at org.scalatest.funsuite.AnyFunSuiteLike$$anon$1.apply(AnyFunSuiteLike.scala:226)
[info]   at org.scalatest.TestSuite.withFixture(TestSuite.scala:196)
[info]   at org.scalatest.TestSuite.withFixture$(TestSuite.scala:195)
[info]   at org.scalatest.funsuite.AnyFunSuite.withFixture(AnyFunSuite.scala:1564)
[info]   at org.scalatest.funsuite.AnyFunSuiteLike.invokeWithFixture$1(AnyFunSuiteLike.scala:224)
[info]   at org.scalatest.funsuite.AnyFunSuiteLike.$anonfun$runTest$1(AnyFunSuiteLike.scala:236)
[info]   at org.scalatest.SuperEngine.runTestImpl(Engine.scala:306)
[info]   at org.scalatest.funsuite.AnyFunSuiteLike.runTest(AnyFunSuiteLike.scala:236)
[info]   at org.scalatest.funsuite.AnyFunSuiteLike.runTest$(AnyFunSuiteLike.scala:218)
[info]   at org.scalatest.funsuite.AnyFunSuite.runTest(AnyFunSuite.scala:1564)
[info]   at org.scalatest.funsuite.AnyFunSuiteLike.$anonfun$runTests$1(AnyFunSuiteLike.scala:269)
[info]   at org.scalatest.SuperEngine.$anonfun$runTestsInBranch$1(Engine.scala:413)
[info]   at scala.collection.immutable.List.foreach(List.scala:334)
[info]   at org.scalatest.SuperEngine.traverseSubNodes$1(Engine.scala:401)
[info]   at org.scalatest.SuperEngine.runTestsInBranch(Engine.scala:396)
[info]   at org.scalatest.SuperEngine.runTestsImpl(Engine.scala:475)
[info]   at org.scalatest.funsuite.AnyFunSuiteLike.runTests(AnyFunSuiteLike.scala:269)
[info]   at org.scalatest.funsuite.AnyFunSuiteLike.runTests$(AnyFunSuiteLike.scala:268)
[info]   at org.scalatest.funsuite.AnyFunSuite.runTests(AnyFunSuite.scala:1564)
[info]   at org.scalatest.Suite.run(Suite.scala:1114)
[info]   at org.scalatest.Suite.run$(Suite.scala:1096)
[info]   at org.scalatest.funsuite.AnyFunSuite.org$scalatest$funsuite$AnyFunSuiteLike$$super$run(AnyFunSuite.scala:1564)
[info]   at org.scalatest.funsuite.AnyFunSuiteLike.$anonfun$run$1(AnyFunSuiteLike.scala:273)
[info]   at org.scalatest.SuperEngine.runImpl(Engine.scala:535)
[info]   at org.scalatest.funsuite.AnyFunSuiteLike.run(AnyFunSuiteLike.scala:273)
[info]   at org.scalatest.funsuite.AnyFunSuiteLike.run$(AnyFunSuiteLike.scala:272)
[info]   at frameless.TypedDatasetSuite.org$scalatest$BeforeAndAfterAll$$super$run(TypedDatasetSuite.scala:63)
[info]   at org.scalatest.BeforeAndAfterAll.liftedTree1$1(BeforeAndAfterAll.scala:213)
[info]   at org.scalatest.BeforeAndAfterAll.run(BeforeAndAfterAll.scala:210)
[info]   at org.scalatest.BeforeAndAfterAll.run$(BeforeAndAfterAll.scala:208)
[info]   at frameless.TypedDatasetSuite.run(TypedDatasetSuite.scala:63)
[info]   at org.scalatest.tools.Framework.org$scalatest$tools$Framework$$runSuite(Framework.scala:321)
[info]   at org.scalatest.tools.Framework$ScalaTestTask.execute(Framework.scala:517)
[info]   at sbt.ForkMain$Run.lambda$runTest$1(ForkMain.java:414)
[info]   at java.base/java.util.concurrent.FutureTask.run(FutureTask.java:317)
[info]   at java.base/java.util.concurrent.ThreadPoolExecutor.runWorker(ThreadPoolExecutor.java:1144)
[info]   at java.base/java.util.concurrent.ThreadPoolExecutor$Worker.run(ThreadPoolExecutor.java:642)
[info]   at java.base/java.lang.Thread.run(Thread.java:1583)
[info]   Cause: java.lang.IllegalArgumentException: argument type mismatch
[info]   at java.base/jdk.internal.reflect.DirectConstructorHandleAccessor.newInstance(DirectConstructorHandleAccessor.java:65)
[info]   at java.base/java.lang.reflect.Constructor.newInstanceWithCaller(Constructor.java:502)
[info]   at java.base/java.lang.reflect.Constructor.newInstance(Constructor.java:486)
[info]   at frameless.TypedExpressionEncoder$.$anonfun$apply$3(TypedExpressionEncoder.scala:55)
[info]   at scala.Option.map(Option.scala:242)
[info]   at frameless.TypedExpressionEncoder$.apply(TypedExpressionEncoder.scala:54)
[info]   at frameless.TypedDataset$.create(TypedDataset.scala:1325)
[info]   at frameless.BitwiseTests.prop$3(BitwiseTests.scala:100)
[info]   at frameless.BitwiseTests.$anonfun$new$99(BitwiseTests.scala:112)
[info]   at frameless.BitwiseTests.$anonfun$new$99$adapted(BitwiseTests.scala:112)
[info]   at org.scalacheck.Prop$.$anonfun$forAll$18(Prop.scala:1131)
[info]   at scala.Function1.$anonfun$andThen$1(Function1.scala:87)
[info]   at org.scalacheck.Prop$.$anonfun$forAllShrink$2(Prop.scala:868)
[info]   at org.scalacheck.Prop$.secure(Prop.scala:484)
[info]   at org.scalacheck.Prop$.result$1(Prop.scala:868)
[info]   at org.scalacheck.Prop$.$anonfun$forAllShrink$4(Prop.scala:880)
[info]   at scala.collection.immutable.Stream.map(Stream.scala:173)
[info]   at org.scalacheck.Prop$.getFirstFailure$1(Prop.scala:880)
[info]   at org.scalacheck.Prop$.shrinker$1(Prop.scala:895)
[info]   at org.scalacheck.Prop$.$anonfun$forAllShrink$1(Prop.scala:916)
[info]   at org.scalacheck.Prop$.$anonfun$apply$1(Prop.scala:305)
[info]   at org.scalacheck.PropFromFun.apply(Prop.scala:20)
[info]   at org.scalacheck.Prop$.result$1(Prop.scala:869)
[info]   at org.scalacheck.Prop$.$anonfun$forAllShrink$4(Prop.scala:880)
[info]   at scala.collection.immutable.Stream.map(Stream.scala:173)
[info]   at org.scalacheck.Prop$.getFirstFailure$1(Prop.scala:880)
[info]   at org.scalacheck.Prop$.shrinker$1(Prop.scala:895)
[info]   at org.scalacheck.Prop$.$anonfun$forAllShrink$1(Prop.scala:916)
[info]   at org.scalacheck.Prop$.$anonfun$apply$1(Prop.scala:305)
[info]   at org.scalacheck.PropFromFun.apply(Prop.scala:20)
[info]   at org.scalacheck.Test$.workerFun$1(Test.scala:486)
[info]   at org.scalacheck.Test$.$anonfun$check$4(Test.scala:518)
[info]   at org.scalacheck.Test$.$anonfun$check$4$adapted(Test.scala:518)
[info]   at org.scalacheck.Platform$.runWorkers(Platform.scala:42)
[info]   at org.scalacheck.Test$.check(Test.scala:518)
[info]   at org.scalatestplus.scalacheck.UnitCheckerAsserting$CheckerAssertingImpl.check(CheckerAsserting.scala:90)
[info]   at org.scalatestplus.scalacheck.Checkers.check(Checkers.scala:263)
[info]   at org.scalatestplus.scalacheck.Checkers.check$(Checkers.scala:253)
[info]   at frameless.TypedDatasetSuite.check(TypedDatasetSuite.scala:63)
[info]   at frameless.BitwiseTests.$anonfun$new$77(BitwiseTests.scala:112)
[info]   at org.scalatest.OutcomeOf.outcomeOf(OutcomeOf.scala:85)
[info]   at org.scalatest.OutcomeOf.outcomeOf$(OutcomeOf.scala:83)
[info]   at org.scalatest.OutcomeOf$.outcomeOf(OutcomeOf.scala:104)
[info]   at org.scalatest.Transformer.apply(Transformer.scala:22)
[info]   at org.scalatest.Transformer.apply(Transformer.scala:20)
[info]   at org.scalatest.funsuite.AnyFunSuiteLike$$anon$1.apply(AnyFunSuiteLike.scala:226)
[info]   at org.scalatest.TestSuite.withFixture(TestSuite.scala:196)
[info]   at org.scalatest.TestSuite.withFixture$(TestSuite.scala:195)
[info]   at org.scalatest.funsuite.AnyFunSuite.withFixture(AnyFunSuite.scala:1564)
[info]   at org.scalatest.funsuite.AnyFunSuiteLike.invokeWithFixture$1(AnyFunSuiteLike.scala:224)
[info]   at org.scalatest.funsuite.AnyFunSuiteLike.$anonfun$runTest$1(AnyFunSuiteLike.scala:236)
[info]   at org.scalatest.SuperEngine.runTestImpl(Engine.scala:306)
[info]   at org.scalatest.funsuite.AnyFunSuiteLike.runTest(AnyFunSuiteLike.scala:236)
[info]   at org.scalatest.funsuite.AnyFunSuiteLike.runTest$(AnyFunSuiteLike.scala:218)
[info]   at org.scalatest.funsuite.AnyFunSuite.runTest(AnyFunSuite.scala:1564)
[info]   at org.scalatest.funsuite.AnyFunSuiteLike.$anonfun$runTests$1(AnyFunSuiteLike.scala:269)
[info]   at org.scalatest.SuperEngine.$anonfun$runTestsInBranch$1(Engine.scala:413)
[info]   at scala.collection.immutable.List.foreach(List.scala:334)
[info]   at org.scalatest.SuperEngine.traverseSubNodes$1(Engine.scala:401)
[info]   at org.scalatest.SuperEngine.runTestsInBranch(Engine.scala:396)
[info]   at org.scalatest.SuperEngine.runTestsImpl(Engine.scala:475)
[info]   at org.scalatest.funsuite.AnyFunSuiteLike.runTests(AnyFunSuiteLike.scala:269)
[info]   at org.scalatest.funsuite.AnyFunSuiteLike.runTests$(AnyFunSuiteLike.scala:268)
[info]   at org.scalatest.funsuite.AnyFunSuite.runTests(AnyFunSuite.scala:1564)
[info]   at org.scalatest.Suite.run(Suite.scala:1114)
[info]   at org.scalatest.Suite.run$(Suite.scala:1096)
[info]   at org.scalatest.funsuite.AnyFunSuite.org$scalatest$funsuite$AnyFunSuiteLike$$super$run(AnyFunSuite.scala:1564)
[info]   at org.scalatest.funsuite.AnyFunSuiteLike.$anonfun$run$1(AnyFunSuiteLike.scala:273)
[info]   at org.scalatest.SuperEngine.runImpl(Engine.scala:535)
[info]   at org.scalatest.funsuite.AnyFunSuiteLike.run(AnyFunSuiteLike.scala:273)
[info]   at org.scalatest.funsuite.AnyFunSuiteLike.run$(AnyFunSuiteLike.scala:272)
[info]   at frameless.TypedDatasetSuite.org$scalatest$BeforeAndAfterAll$$super$run(TypedDatasetSuite.scala:63)
[info]   at org.scalatest.BeforeAndAfterAll.liftedTree1$1(BeforeAndAfterAll.scala:213)
[info]   at org.scalatest.BeforeAndAfterAll.run(BeforeAndAfterAll.scala:210)
[info]   at org.scalatest.BeforeAndAfterAll.run$(BeforeAndAfterAll.scala:208)
[info]   at frameless.TypedDatasetSuite.run(TypedDatasetSuite.scala:63)
[info]   at org.scalatest.tools.Framework.org$scalatest$tools$Framework$$runSuite(Framework.scala:321)
[info]   at org.scalatest.tools.Framework$ScalaTestTask.execute(Framework.scala:517)
[info]   at sbt.ForkMain$Run.lambda$runTest$1(ForkMain.java:414)
[info]   at java.base/java.util.concurrent.FutureTask.run(FutureTask.java:317)
[info]   at java.base/java.util.concurrent.ThreadPoolExecutor.runWorker(ThreadPoolExecutor.java:1144)
[info]   at java.base/java.util.concurrent.ThreadPoolExecutor$Worker.run(ThreadPoolExecutor.java:642)
[info]   at java.base/java.lang.Thread.run(Thread.java:1583)
[info]   Cause: java.lang.ClassCastException: Cannot cast scala.reflect.ClassTag$GenericClassTag to org.apache.spark.sql.catalyst.expressions.Expression
[info]   at java.base/java.lang.Class.cast(Class.java:4067)
[info]   at java.base/jdk.internal.reflect.DirectConstructorHandleAccessor.newInstance(DirectConstructorHandleAccessor.java:62)
[info]   at java.base/java.lang.reflect.Constructor.newInstanceWithCaller(Constructor.java:502)
[info]   at java.base/java.lang.reflect.Constructor.newInstance(Constructor.java:486)
[info]   at frameless.TypedExpressionEncoder$.$anonfun$apply$3(TypedExpressionEncoder.scala:55)
[info]   at scala.Option.map(Option.scala:242)
[info]   at frameless.TypedExpressionEncoder$.apply(TypedExpressionEncoder.scala:54)
[info]   at frameless.TypedDataset$.create(TypedDataset.scala:1325)
[info]   at frameless.BitwiseTests.prop$3(BitwiseTests.scala:100)
[info]   at frameless.BitwiseTests.$anonfun$new$99(BitwiseTests.scala:112)
[info]   at frameless.BitwiseTests.$anonfun$new$99$adapted(BitwiseTests.scala:112)
[info]   at org.scalacheck.Prop$.$anonfun$forAll$18(Prop.scala:1131)
[info]   at scala.Function1.$anonfun$andThen$1(Function1.scala:87)
[info]   at org.scalacheck.Prop$.$anonfun$forAllShrink$2(Prop.scala:868)
[info]   at org.scalacheck.Prop$.secure(Prop.scala:484)
[info]   at org.scalacheck.Prop$.result$1(Prop.scala:868)
[info]   at org.scalacheck.Prop$.$anonfun$forAllShrink$4(Prop.scala:880)
[info]   at scala.collection.immutable.Stream.map(Stream.scala:173)
[info]   at org.scalacheck.Prop$.getFirstFailure$1(Prop.scala:880)
[info]   at org.scalacheck.Prop$.shrinker$1(Prop.scala:895)
[info]   at org.scalacheck.Prop$.$anonfun$forAllShrink$1(Prop.scala:916)
[info]   at org.scalacheck.Prop$.$anonfun$apply$1(Prop.scala:305)
[info]   at org.scalacheck.PropFromFun.apply(Prop.scala:20)
[info]   at org.scalacheck.Prop$.result$1(Prop.scala:869)
[info]   at org.scalacheck.Prop$.$anonfun$forAllShrink$4(Prop.scala:880)
[info]   at scala.collection.immutable.Stream.map(Stream.scala:173)
[info]   at org.scalacheck.Prop$.getFirstFailure$1(Prop.scala:880)
[info]   at org.scalacheck.Prop$.shrinker$1(Prop.scala:895)
[info]   at org.scalacheck.Prop$.$anonfun$forAllShrink$1(Prop.scala:916)
[info]   at org.scalacheck.Prop$.$anonfun$apply$1(Prop.scala:305)
[info]   at org.scalacheck.PropFromFun.apply(Prop.scala:20)
[info]   at org.scalacheck.Test$.workerFun$1(Test.scala:486)
[info]   at org.scalacheck.Test$.$anonfun$check$4(Test.scala:518)
[info]   at org.scalacheck.Test$.$anonfun$check$4$adapted(Test.scala:518)
[info]   at org.scalacheck.Platform$.runWorkers(Platform.scala:42)
[info]   at org.scalacheck.Test$.check(Test.scala:518)
[info]   at org.scalatestplus.scalacheck.UnitCheckerAsserting$CheckerAssertingImpl.check(CheckerAsserting.scala:90)
[info]   at org.scalatestplus.scalacheck.Checkers.check(Checkers.scala:263)
[info]   at org.scalatestplus.scalacheck.Checkers.check$(Checkers.scala:253)
[info]   at frameless.TypedDatasetSuite.check(TypedDatasetSuite.scala:63)
[info]   at frameless.BitwiseTests.$anonfun$new$77(BitwiseTests.scala:112)
[info]   at org.scalatest.OutcomeOf.outcomeOf(OutcomeOf.scala:85)
[info]   at org.scalatest.OutcomeOf.outcomeOf$(OutcomeOf.scala:83)
[info]   at org.scalatest.OutcomeOf$.outcomeOf(OutcomeOf.scala:104)
[info]   at org.scalatest.Transformer.apply(Transformer.scala:22)
[info]   at org.scalatest.Transformer.apply(Transformer.scala:20)
[info]   at org.scalatest.funsuite.AnyFunSuiteLike$$anon$1.apply(AnyFunSuiteLike.scala:226)
[info]   at org.scalatest.TestSuite.withFixture(TestSuite.scala:196)
[info]   at org.scalatest.TestSuite.withFixture$(TestSuite.scala:195)
[info]   at org.scalatest.funsuite.AnyFunSuite.withFixture(AnyFunSuite.scala:1564)
[info]   at org.scalatest.funsuite.AnyFunSuiteLike.invokeWithFixture$1(AnyFunSuiteLike.scala:224)
[info]   at org.scalatest.funsuite.AnyFunSuiteLike.$anonfun$runTest$1(AnyFunSuiteLike.scala:236)
[info]   at org.scalatest.SuperEngine.runTestImpl(Engine.scala:306)
[info]   at org.scalatest.funsuite.AnyFunSuiteLike.runTest(AnyFunSuiteLike.scala:236)
[info]   at org.scalatest.funsuite.AnyFunSuiteLike.runTest$(AnyFunSuiteLike.scala:218)
[info]   at org.scalatest.funsuite.AnyFunSuite.runTest(AnyFunSuite.scala:1564)
[info]   at org.scalatest.funsuite.AnyFunSuiteLike.$anonfun$runTests$1(AnyFunSuiteLike.scala:269)
[info]   at org.scalatest.SuperEngine.$anonfun$runTestsInBranch$1(Engine.scala:413)
[info]   at scala.collection.immutable.List.foreach(List.scala:334)
[info]   at org.scalatest.SuperEngine.traverseSubNodes$1(Engine.scala:401)
[info]   at org.scalatest.SuperEngine.runTestsInBranch(Engine.scala:396)
[info]   at org.scalatest.SuperEngine.runTestsImpl(Engine.scala:475)
[info]   at org.scalatest.funsuite.AnyFunSuiteLike.runTests(AnyFunSuiteLike.scala:269)
[info]   at org.scalatest.funsuite.AnyFunSuiteLike.runTests$(AnyFunSuiteLike.scala:268)
[info]   at org.scalatest.funsuite.AnyFunSuite.runTests(AnyFunSuite.scala:1564)
[info]   at org.scalatest.Suite.run(Suite.scala:1114)
[info]   at org.scalatest.Suite.run$(Suite.scala:1096)
[info]   at org.scalatest.funsuite.AnyFunSuite.org$scalatest$funsuite$AnyFunSuiteLike$$super$run(AnyFunSuite.scala:1564)
[info]   at org.scalatest.funsuite.AnyFunSuiteLike.$anonfun$run$1(AnyFunSuiteLike.scala:273)
[info]   at org.scalatest.SuperEngine.runImpl(Engine.scala:535)
[info]   at org.scalatest.funsuite.AnyFunSuiteLike.run(AnyFunSuiteLike.scala:273)
[info]   at org.scalatest.funsuite.AnyFunSuiteLike.run$(AnyFunSuiteLike.scala:272)
[info]   at frameless.TypedDatasetSuite.org$scalatest$BeforeAndAfterAll$$super$run(TypedDatasetSuite.scala:63)
[info]   at org.scalatest.BeforeAndAfterAll.liftedTree1$1(BeforeAndAfterAll.scala:213)
[info]   at org.scalatest.BeforeAndAfterAll.run(BeforeAndAfterAll.scala:210)
[info]   at org.scalatest.BeforeAndAfterAll.run$(BeforeAndAfterAll.scala:208)
[info]   at frameless.TypedDatasetSuite.run(TypedDatasetSuite.scala:63)
[info]   at org.scalatest.tools.Framework.org$scalatest$tools$Framework$$runSuite(Framework.scala:321)
[info]   at org.scalatest.tools.Framework$ScalaTestTask.execute(Framework.scala:517)
[info]   at sbt.ForkMain$Run.lambda$runTest$1(ForkMain.java:414)
[info]   at java.base/java.util.concurrent.FutureTask.run(FutureTask.java:317)
[info]   at java.base/java.util.concurrent.ThreadPoolExecutor.runWorker(ThreadPoolExecutor.java:1144)
[info]   at java.base/java.util.concurrent.ThreadPoolExecutor$Worker.run(ThreadPoolExecutor.java:642)
[info]   at java.base/java.lang.Thread.run(Thread.java:1583)
[info] CubeTests:
[info] - cube('a).agg(count()) *** FAILED *** (4 milliseconds)
[info]   IllegalArgumentException was thrown during property evaluation.
[info]     Message: argument type mismatch
[info]     Occurred when passed generated values (
[info]       arg0 = List()
[info]     )
[info]   org.scalatest.exceptions.GeneratorDrivenPropertyCheckFailedException:
[info]   at org.scalatestplus.scalacheck.CheckerAsserting$$anon$2.indicateFailure(CheckerAsserting.scala:251)
[info]   at org.scalatestplus.scalacheck.CheckerAsserting$$anon$2.indicateFailure(CheckerAsserting.scala:238)
[info]   at org.scalatestplus.scalacheck.UnitCheckerAsserting$CheckerAssertingImpl.check(CheckerAsserting.scala:160)
[info]   at org.scalatestplus.scalacheck.Checkers.check(Checkers.scala:371)
[info]   at org.scalatestplus.scalacheck.Checkers.check$(Checkers.scala:369)
[info]   at frameless.TypedDatasetSuite.check(TypedDatasetSuite.scala:63)
[info]   at frameless.ops.CubeTests.$anonfun$new$1(CubeTests.scala:23)
[info]   at org.scalatest.OutcomeOf.outcomeOf(OutcomeOf.scala:85)
[info]   at org.scalatest.OutcomeOf.outcomeOf$(OutcomeOf.scala:83)
[info]   at org.scalatest.OutcomeOf$.outcomeOf(OutcomeOf.scala:104)
[info]   at org.scalatest.Transformer.apply(Transformer.scala:22)
[info]   at org.scalatest.Transformer.apply(Transformer.scala:20)
[info]   at org.scalatest.funsuite.AnyFunSuiteLike$$anon$1.apply(AnyFunSuiteLike.scala:226)
[info]   at org.scalatest.TestSuite.withFixture(TestSuite.scala:196)
[info]   at org.scalatest.TestSuite.withFixture$(TestSuite.scala:195)
[info]   at org.scalatest.funsuite.AnyFunSuite.withFixture(AnyFunSuite.scala:1564)
[info]   at org.scalatest.funsuite.AnyFunSuiteLike.invokeWithFixture$1(AnyFunSuiteLike.scala:224)
[info]   at org.scalatest.funsuite.AnyFunSuiteLike.$anonfun$runTest$1(AnyFunSuiteLike.scala:236)
[info]   at org.scalatest.SuperEngine.runTestImpl(Engine.scala:306)
[info]   at org.scalatest.funsuite.AnyFunSuiteLike.runTest(AnyFunSuiteLike.scala:236)
[info]   at org.scalatest.funsuite.AnyFunSuiteLike.runTest$(AnyFunSuiteLike.scala:218)
[info]   at org.scalatest.funsuite.AnyFunSuite.runTest(AnyFunSuite.scala:1564)
[info]   at org.scalatest.funsuite.AnyFunSuiteLike.$anonfun$runTests$1(AnyFunSuiteLike.scala:269)
[info]   at org.scalatest.SuperEngine.$anonfun$runTestsInBranch$1(Engine.scala:413)
[info]   at scala.collection.immutable.List.foreach(List.scala:334)
[info]   at org.scalatest.SuperEngine.traverseSubNodes$1(Engine.scala:401)
[info]   at org.scalatest.SuperEngine.runTestsInBranch(Engine.scala:396)
[info]   at org.scalatest.SuperEngine.runTestsImpl(Engine.scala:475)
[info]   at org.scalatest.funsuite.AnyFunSuiteLike.runTests(AnyFunSuiteLike.scala:269)
[info]   at org.scalatest.funsuite.AnyFunSuiteLike.runTests$(AnyFunSuiteLike.scala:268)
[info]   at org.scalatest.funsuite.AnyFunSuite.runTests(AnyFunSuite.scala:1564)
[info]   at org.scalatest.Suite.run(Suite.scala:1114)
[info]   at org.scalatest.Suite.run$(Suite.scala:1096)
[info]   at org.scalatest.funsuite.AnyFunSuite.org$scalatest$funsuite$AnyFunSuiteLike$$super$run(AnyFunSuite.scala:1564)
[info]   at org.scalatest.funsuite.AnyFunSuiteLike.$anonfun$run$1(AnyFunSuiteLike.scala:273)
[info]   at org.scalatest.SuperEngine.runImpl(Engine.scala:535)
[info]   at org.scalatest.funsuite.AnyFunSuiteLike.run(AnyFunSuiteLike.scala:273)
[info]   at org.scalatest.funsuite.AnyFunSuiteLike.run$(AnyFunSuiteLike.scala:272)
[info]   at frameless.TypedDatasetSuite.org$scalatest$BeforeAndAfterAll$$super$run(TypedDatasetSuite.scala:63)
[info]   at org.scalatest.BeforeAndAfterAll.liftedTree1$1(BeforeAndAfterAll.scala:213)
[info]   at org.scalatest.BeforeAndAfterAll.run(BeforeAndAfterAll.scala:210)
[info]   at org.scalatest.BeforeAndAfterAll.run$(BeforeAndAfterAll.scala:208)
[info]   at frameless.TypedDatasetSuite.run(TypedDatasetSuite.scala:63)
[info]   at org.scalatest.tools.Framework.org$scalatest$tools$Framework$$runSuite(Framework.scala:321)
[info]   at org.scalatest.tools.Framework$ScalaTestTask.execute(Framework.scala:517)
[info]   at sbt.ForkMain$Run.lambda$runTest$1(ForkMain.java:414)
[info]   at java.base/java.util.concurrent.FutureTask.run(FutureTask.java:317)
[info]   at java.base/java.util.concurrent.ThreadPoolExecutor.runWorker(ThreadPoolExecutor.java:1144)
[info]   at java.base/java.util.concurrent.ThreadPoolExecutor$Worker.run(ThreadPoolExecutor.java:642)
[info]   at java.base/java.lang.Thread.run(Thread.java:1583)
[info]   Cause: java.lang.IllegalArgumentException: argument type mismatch
[info]   at java.base/jdk.internal.reflect.DirectConstructorHandleAccessor.newInstance(DirectConstructorHandleAccessor.java:65)
[info]   at java.base/java.lang.reflect.Constructor.newInstanceWithCaller(Constructor.java:502)
[info]   at java.base/java.lang.reflect.Constructor.newInstance(Constructor.java:486)
[info]   at frameless.TypedExpressionEncoder$.$anonfun$apply$3(TypedExpressionEncoder.scala:55)
[info]   at scala.Option.map(Option.scala:242)
[info]   at frameless.TypedExpressionEncoder$.apply(TypedExpressionEncoder.scala:54)
[info]   at frameless.TypedDataset$.create(TypedDataset.scala:1325)
[info]   at frameless.ops.CubeTests.prop$1(CubeTests.scala:13)
[info]   at frameless.ops.CubeTests.$anonfun$new$13(CubeTests.scala:23)
[info]   at scala.Function1.$anonfun$andThen$1(Function1.scala:87)
[info]   at org.scalacheck.Prop$.$anonfun$forAllShrink$2(Prop.scala:868)
[info]   at org.scalacheck.Prop$.secure(Prop.scala:484)
[info]   at org.scalacheck.Prop$.result$1(Prop.scala:868)
[info]   at org.scalacheck.Prop$.$anonfun$forAllShrink$1(Prop.scala:915)
[info]   at org.scalacheck.Prop$.$anonfun$apply$1(Prop.scala:305)
[info]   at org.scalacheck.PropFromFun.apply(Prop.scala:20)
[info]   at org.scalacheck.Test$.workerFun$1(Test.scala:486)
[info]   at org.scalacheck.Test$.$anonfun$check$4(Test.scala:518)
[info]   at org.scalacheck.Test$.$anonfun$check$4$adapted(Test.scala:518)
[info]   at org.scalacheck.Platform$.runWorkers(Platform.scala:42)
[info]   at org.scalacheck.Test$.check(Test.scala:518)
[info]   at org.scalatestplus.scalacheck.UnitCheckerAsserting$CheckerAssertingImpl.check(CheckerAsserting.scala:90)
[info]   at org.scalatestplus.scalacheck.Checkers.check(Checkers.scala:371)
[info]   at org.scalatestplus.scalacheck.Checkers.check$(Checkers.scala:369)
[info]   at frameless.TypedDatasetSuite.check(TypedDatasetSuite.scala:63)
[info]   at frameless.ops.CubeTests.$anonfun$new$1(CubeTests.scala:23)
[info]   at org.scalatest.OutcomeOf.outcomeOf(OutcomeOf.scala:85)
[info]   at org.scalatest.OutcomeOf.outcomeOf$(OutcomeOf.scala:83)
[info]   at org.scalatest.OutcomeOf$.outcomeOf(OutcomeOf.scala:104)
[info]   at org.scalatest.Transformer.apply(Transformer.scala:22)
[info]   at org.scalatest.Transformer.apply(Transformer.scala:20)
[info]   at org.scalatest.funsuite.AnyFunSuiteLike$$anon$1.apply(AnyFunSuiteLike.scala:226)
[info]   at org.scalatest.TestSuite.withFixture(TestSuite.scala:196)
[info]   at org.scalatest.TestSuite.withFixture$(TestSuite.scala:195)
[info]   at org.scalatest.funsuite.AnyFunSuite.withFixture(AnyFunSuite.scala:1564)
[info]   at org.scalatest.funsuite.AnyFunSuiteLike.invokeWithFixture$1(AnyFunSuiteLike.scala:224)
[info]   at org.scalatest.funsuite.AnyFunSuiteLike.$anonfun$runTest$1(AnyFunSuiteLike.scala:236)
[info]   at org.scalatest.SuperEngine.runTestImpl(Engine.scala:306)
[info]   at org.scalatest.funsuite.AnyFunSuiteLike.runTest(AnyFunSuiteLike.scala:236)
[info]   at org.scalatest.funsuite.AnyFunSuiteLike.runTest$(AnyFunSuiteLike.scala:218)
[info]   at org.scalatest.funsuite.AnyFunSuite.runTest(AnyFunSuite.scala:1564)
[info]   at org.scalatest.funsuite.AnyFunSuiteLike.$anonfun$runTests$1(AnyFunSuiteLike.scala:269)
[info]   at org.scalatest.SuperEngine.$anonfun$runTestsInBranch$1(Engine.scala:413)
[info]   at scala.collection.immutable.List.foreach(List.scala:334)
[info]   at org.scalatest.SuperEngine.traverseSubNodes$1(Engine.scala:401)
[info]   at org.scalatest.SuperEngine.runTestsInBranch(Engine.scala:396)
[info]   at org.scalatest.SuperEngine.runTestsImpl(Engine.scala:475)
[info]   at org.scalatest.funsuite.AnyFunSuiteLike.runTests(AnyFunSuiteLike.scala:269)
[info]   at org.scalatest.funsuite.AnyFunSuiteLike.runTests$(AnyFunSuiteLike.scala:268)
[info]   at org.scalatest.funsuite.AnyFunSuite.runTests(AnyFunSuite.scala:1564)
[info]   at org.scalatest.Suite.run(Suite.scala:1114)
[info]   at org.scalatest.Suite.run$(Suite.scala:1096)
[info]   at org.scalatest.funsuite.AnyFunSuite.org$scalatest$funsuite$AnyFunSuiteLike$$super$run(AnyFunSuite.scala:1564)
[info]   at org.scalatest.funsuite.AnyFunSuiteLike.$anonfun$run$1(AnyFunSuiteLike.scala:273)
[info]   at org.scalatest.SuperEngine.runImpl(Engine.scala:535)
[info]   at org.scalatest.funsuite.AnyFunSuiteLike.run(AnyFunSuiteLike.scala:273)
[info]   at org.scalatest.funsuite.AnyFunSuiteLike.run$(AnyFunSuiteLike.scala:272)
[info]   at frameless.TypedDatasetSuite.org$scalatest$BeforeAndAfterAll$$super$run(TypedDatasetSuite.scala:63)
[info]   at org.scalatest.BeforeAndAfterAll.liftedTree1$1(BeforeAndAfterAll.scala:213)
[info]   at org.scalatest.BeforeAndAfterAll.run(BeforeAndAfterAll.scala:210)
[info]   at org.scalatest.BeforeAndAfterAll.run$(BeforeAndAfterAll.scala:208)
[info]   at frameless.TypedDatasetSuite.run(TypedDatasetSuite.scala:63)
[info]   at org.scalatest.tools.Framework.org$scalatest$tools$Framework$$runSuite(Framework.scala:321)
[info]   at org.scalatest.tools.Framework$ScalaTestTask.execute(Framework.scala:517)
[info]   at sbt.ForkMain$Run.lambda$runTest$1(ForkMain.java:414)
[info]   at java.base/java.util.concurrent.FutureTask.run(FutureTask.java:317)
[info]   at java.base/java.util.concurrent.ThreadPoolExecutor.runWorker(ThreadPoolExecutor.java:1144)
[info]   at java.base/java.util.concurrent.ThreadPoolExecutor$Worker.run(ThreadPoolExecutor.java:642)
[info]   at java.base/java.lang.Thread.run(Thread.java:1583)
[info]   Cause: java.lang.ClassCastException: Cannot cast scala.reflect.ClassTag$GenericClassTag to org.apache.spark.sql.catalyst.expressions.Expression
[info]   at java.base/java.lang.Class.cast(Class.java:4067)
[info]   at java.base/jdk.internal.reflect.DirectConstructorHandleAccessor.newInstance(DirectConstructorHandleAccessor.java:62)
[info]   at java.base/java.lang.reflect.Constructor.newInstanceWithCaller(Constructor.java:502)
[info]   at java.base/java.lang.reflect.Constructor.newInstance(Constructor.java:486)
[info]   at frameless.TypedExpressionEncoder$.$anonfun$apply$3(TypedExpressionEncoder.scala:55)
[info]   at scala.Option.map(Option.scala:242)
[info]   at frameless.TypedExpressionEncoder$.apply(TypedExpressionEncoder.scala:54)
[info]   at frameless.TypedDataset$.create(TypedDataset.scala:1325)
[info]   at frameless.ops.CubeTests.prop$1(CubeTests.scala:13)
[info]   at frameless.ops.CubeTests.$anonfun$new$13(CubeTests.scala:23)
[info]   at scala.Function1.$anonfun$andThen$1(Function1.scala:87)
[info]   at org.scalacheck.Prop$.$anonfun$forAllShrink$2(Prop.scala:868)
[info]   at org.scalacheck.Prop$.secure(Prop.scala:484)
[info]   at org.scalacheck.Prop$.result$1(Prop.scala:868)
[info]   at org.scalacheck.Prop$.$anonfun$forAllShrink$1(Prop.scala:915)
[info]   at org.scalacheck.Prop$.$anonfun$apply$1(Prop.scala:305)
[info]   at org.scalacheck.PropFromFun.apply(Prop.scala:20)
[info]   at org.scalacheck.Test$.workerFun$1(Test.scala:486)
[info]   at org.scalacheck.Test$.$anonfun$check$4(Test.scala:518)
[info]   at org.scalacheck.Test$.$anonfun$check$4$adapted(Test.scala:518)
[info]   at org.scalacheck.Platform$.runWorkers(Platform.scala:42)
[info]   at org.scalacheck.Test$.check(Test.scala:518)
[info]   at org.scalatestplus.scalacheck.UnitCheckerAsserting$CheckerAssertingImpl.check(CheckerAsserting.scala:90)
[info]   at org.scalatestplus.scalacheck.Checkers.check(Checkers.scala:371)
[info]   at org.scalatestplus.scalacheck.Checkers.check$(Checkers.scala:369)
[info]   at frameless.TypedDatasetSuite.check(TypedDatasetSuite.scala:63)
[info]   at frameless.ops.CubeTests.$anonfun$new$1(CubeTests.scala:23)
[info]   at org.scalatest.OutcomeOf.outcomeOf(OutcomeOf.scala:85)
[info]   at org.scalatest.OutcomeOf.outcomeOf$(OutcomeOf.scala:83)
[info]   at org.scalatest.OutcomeOf$.outcomeOf(OutcomeOf.scala:104)
[info]   at org.scalatest.Transformer.apply(Transformer.scala:22)
[info]   at org.scalatest.Transformer.apply(Transformer.scala:20)
[info]   at org.scalatest.funsuite.AnyFunSuiteLike$$anon$1.apply(AnyFunSuiteLike.scala:226)
[info]   at org.scalatest.TestSuite.withFixture(TestSuite.scala:196)
[info]   at org.scalatest.TestSuite.withFixture$(TestSuite.scala:195)
[info]   at org.scalatest.funsuite.AnyFunSuite.withFixture(AnyFunSuite.scala:1564)
[info]   at org.scalatest.funsuite.AnyFunSuiteLike.invokeWithFixture$1(AnyFunSuiteLike.scala:224)
[info]   at org.scalatest.funsuite.AnyFunSuiteLike.$anonfun$runTest$1(AnyFunSuiteLike.scala:236)
[info]   at org.scalatest.SuperEngine.runTestImpl(Engine.scala:306)
[info]   at org.scalatest.funsuite.AnyFunSuiteLike.runTest(AnyFunSuiteLike.scala:236)
[info]   at org.scalatest.funsuite.AnyFunSuiteLike.runTest$(AnyFunSuiteLike.scala:218)
[info]   at org.scalatest.funsuite.AnyFunSuite.runTest(AnyFunSuite.scala:1564)
[info]   at org.scalatest.funsuite.AnyFunSuiteLike.$anonfun$runTests$1(AnyFunSuiteLike.scala:269)
[info]   at org.scalatest.SuperEngine.$anonfun$runTestsInBranch$1(Engine.scala:413)
[info]   at scala.collection.immutable.List.foreach(List.scala:334)
[info]   at org.scalatest.SuperEngine.traverseSubNodes$1(Engine.scala:401)
[info]   at org.scalatest.SuperEngine.runTestsInBranch(Engine.scala:396)
[info]   at org.scalatest.SuperEngine.runTestsImpl(Engine.scala:475)
[info]   at org.scalatest.funsuite.AnyFunSuiteLike.runTests(AnyFunSuiteLike.scala:269)
[info]   at org.scalatest.funsuite.AnyFunSuiteLike.runTests$(AnyFunSuiteLike.scala:268)
[info]   at org.scalatest.funsuite.AnyFunSuite.runTests(AnyFunSuite.scala:1564)
[info]   at org.scalatest.Suite.run(Suite.scala:1114)
[info]   at org.scalatest.Suite.run$(Suite.scala:1096)
[info]   at org.scalatest.funsuite.AnyFunSuite.org$scalatest$funsuite$AnyFunSuiteLike$$super$run(AnyFunSuite.scala:1564)
[info]   at org.scalatest.funsuite.AnyFunSuiteLike.$anonfun$run$1(AnyFunSuiteLike.scala:273)
[info]   at org.scalatest.SuperEngine.runImpl(Engine.scala:535)
[info]   at org.scalatest.funsuite.AnyFunSuiteLike.run(AnyFunSuiteLike.scala:273)
[info]   at org.scalatest.funsuite.AnyFunSuiteLike.run$(AnyFunSuiteLike.scala:272)
[info]   at frameless.TypedDatasetSuite.org$scalatest$BeforeAndAfterAll$$super$run(TypedDatasetSuite.scala:63)
[info]   at org.scalatest.BeforeAndAfterAll.liftedTree1$1(BeforeAndAfterAll.scala:213)
[info]   at org.scalatest.BeforeAndAfterAll.run(BeforeAndAfterAll.scala:210)
[info]   at org.scalatest.BeforeAndAfterAll.run$(BeforeAndAfterAll.scala:208)
[info]   at frameless.TypedDatasetSuite.run(TypedDatasetSuite.scala:63)
[info]   at org.scalatest.tools.Framework.org$scalatest$tools$Framework$$runSuite(Framework.scala:321)
[info]   at org.scalatest.tools.Framework$ScalaTestTask.execute(Framework.scala:517)
[info]   at sbt.ForkMain$Run.lambda$runTest$1(ForkMain.java:414)
[info]   at java.base/java.util.concurrent.FutureTask.run(FutureTask.java:317)
[info]   at java.base/java.util.concurrent.ThreadPoolExecutor.runWorker(ThreadPoolExecutor.java:1144)
[info]   at java.base/java.util.concurrent.ThreadPoolExecutor$Worker.run(ThreadPoolExecutor.java:642)
[info]   at java.base/java.lang.Thread.run(Thread.java:1583)
[info] - cube('a, 'b).agg(count()) *** FAILED *** (10 milliseconds)
[info]   IllegalArgumentException was thrown during property evaluation.
[info]     Message: argument type mismatch
[info]     Occurred when passed generated values (
[info]       arg0 = List()
[info]     )
[info]   org.scalatest.exceptions.GeneratorDrivenPropertyCheckFailedException:
[info]   at org.scalatestplus.scalacheck.CheckerAsserting$$anon$2.indicateFailure(CheckerAsserting.scala:251)
[info]   at org.scalatestplus.scalacheck.CheckerAsserting$$anon$2.indicateFailure(CheckerAsserting.scala:238)
[info]   at org.scalatestplus.scalacheck.UnitCheckerAsserting$CheckerAssertingImpl.check(CheckerAsserting.scala:160)
[info]   at org.scalatestplus.scalacheck.Checkers.check(Checkers.scala:371)
[info]   at org.scalatestplus.scalacheck.Checkers.check$(Checkers.scala:369)
[info]   at frameless.TypedDatasetSuite.check(TypedDatasetSuite.scala:63)
[info]   at frameless.ops.CubeTests.$anonfun$new$15(CubeTests.scala:40)
[info]   at org.scalatest.OutcomeOf.outcomeOf(OutcomeOf.scala:85)
[info]   at org.scalatest.OutcomeOf.outcomeOf$(OutcomeOf.scala:83)
[info]   at org.scalatest.OutcomeOf$.outcomeOf(OutcomeOf.scala:104)
[info]   at org.scalatest.Transformer.apply(Transformer.scala:22)
[info]   at org.scalatest.Transformer.apply(Transformer.scala:20)
[info]   at org.scalatest.funsuite.AnyFunSuiteLike$$anon$1.apply(AnyFunSuiteLike.scala:226)
[info]   at org.scalatest.TestSuite.withFixture(TestSuite.scala:196)
[info]   at org.scalatest.TestSuite.withFixture$(TestSuite.scala:195)
[info]   at org.scalatest.funsuite.AnyFunSuite.withFixture(AnyFunSuite.scala:1564)
[info]   at org.scalatest.funsuite.AnyFunSuiteLike.invokeWithFixture$1(AnyFunSuiteLike.scala:224)
[info]   at org.scalatest.funsuite.AnyFunSuiteLike.$anonfun$runTest$1(AnyFunSuiteLike.scala:236)
[info]   at org.scalatest.SuperEngine.runTestImpl(Engine.scala:306)
[info]   at org.scalatest.funsuite.AnyFunSuiteLike.runTest(AnyFunSuiteLike.scala:236)
[info]   at org.scalatest.funsuite.AnyFunSuiteLike.runTest$(AnyFunSuiteLike.scala:218)
[info]   at org.scalatest.funsuite.AnyFunSuite.runTest(AnyFunSuite.scala:1564)
[info]   at org.scalatest.funsuite.AnyFunSuiteLike.$anonfun$runTests$1(AnyFunSuiteLike.scala:269)
[info]   at org.scalatest.SuperEngine.$anonfun$runTestsInBranch$1(Engine.scala:413)
[info]   at scala.collection.immutable.List.foreach(List.scala:334)
[info]   at org.scalatest.SuperEngine.traverseSubNodes$1(Engine.scala:401)
[info]   at org.scalatest.SuperEngine.runTestsInBranch(Engine.scala:396)
[info]   at org.scalatest.SuperEngine.runTestsImpl(Engine.scala:475)
[info]   at org.scalatest.funsuite.AnyFunSuiteLike.runTests(AnyFunSuiteLike.scala:269)
[info]   at org.scalatest.funsuite.AnyFunSuiteLike.runTests$(AnyFunSuiteLike.scala:268)
[info]   at org.scalatest.funsuite.AnyFunSuite.runTests(AnyFunSuite.scala:1564)
[info]   at org.scalatest.Suite.run(Suite.scala:1114)
[info]   at org.scalatest.Suite.run$(Suite.scala:1096)
[info]   at org.scalatest.funsuite.AnyFunSuite.org$scalatest$funsuite$AnyFunSuiteLike$$super$run(AnyFunSuite.scala:1564)
[info]   at org.scalatest.funsuite.AnyFunSuiteLike.$anonfun$run$1(AnyFunSuiteLike.scala:273)
[info]   at org.scalatest.SuperEngine.runImpl(Engine.scala:535)
[info]   at org.scalatest.funsuite.AnyFunSuiteLike.run(AnyFunSuiteLike.scala:273)
[info]   at org.scalatest.funsuite.AnyFunSuiteLike.run$(AnyFunSuiteLike.scala:272)
[info]   at frameless.TypedDatasetSuite.org$scalatest$BeforeAndAfterAll$$super$run(TypedDatasetSuite.scala:63)
[info]   at org.scalatest.BeforeAndAfterAll.liftedTree1$1(BeforeAndAfterAll.scala:213)
[info]   at org.scalatest.BeforeAndAfterAll.run(BeforeAndAfterAll.scala:210)
[info]   at org.scalatest.BeforeAndAfterAll.run$(BeforeAndAfterAll.scala:208)
[info]   at frameless.TypedDatasetSuite.run(TypedDatasetSuite.scala:63)
[info]   at org.scalatest.tools.Framework.org$scalatest$tools$Framework$$runSuite(Framework.scala:321)
[info]   at org.scalatest.tools.Framework$ScalaTestTask.execute(Framework.scala:517)
[info]   at sbt.ForkMain$Run.lambda$runTest$1(ForkMain.java:414)
[info]   at java.base/java.util.concurrent.FutureTask.run(FutureTask.java:317)
[info]   at java.base/java.util.concurrent.ThreadPoolExecutor.runWorker(ThreadPoolExecutor.java:1144)
[info]   at java.base/java.util.concurrent.ThreadPoolExecutor$Worker.run(ThreadPoolExecutor.java:642)
[info]   at java.base/java.lang.Thread.run(Thread.java:1583)
[info]   Cause: java.lang.IllegalArgumentException: argument type mismatch
[info]   at java.base/jdk.internal.reflect.DirectConstructorHandleAccessor.newInstance(DirectConstructorHandleAccessor.java:65)
[info]   at java.base/java.lang.reflect.Constructor.newInstanceWithCaller(Constructor.java:502)
[info]   at java.base/java.lang.reflect.Constructor.newInstance(Constructor.java:486)
[info]   at frameless.TypedExpressionEncoder$.$anonfun$apply$3(TypedExpressionEncoder.scala:55)
[info]   at scala.Option.map(Option.scala:242)
[info]   at frameless.TypedExpressionEncoder$.apply(TypedExpressionEncoder.scala:54)
[info]   at frameless.TypedDataset$.create(TypedDataset.scala:1325)
[info]   at frameless.ops.CubeTests.prop$2(CubeTests.scala:29)
[info]   at frameless.ops.CubeTests.$anonfun$new$29(CubeTests.scala:40)
[info]   at scala.Function1.$anonfun$andThen$1(Function1.scala:87)
[info]   at org.scalacheck.Prop$.$anonfun$forAllShrink$2(Prop.scala:868)
[info]   at org.scalacheck.Prop$.secure(Prop.scala:484)
[info]   at org.scalacheck.Prop$.result$1(Prop.scala:868)
[info]   at org.scalacheck.Prop$.$anonfun$forAllShrink$1(Prop.scala:915)
[info]   at org.scalacheck.Prop$.$anonfun$apply$1(Prop.scala:305)
[info]   at org.scalacheck.PropFromFun.apply(Prop.scala:20)
[info]   at org.scalacheck.Test$.workerFun$1(Test.scala:486)
[info]   at org.scalacheck.Test$.$anonfun$check$4(Test.scala:518)
[info]   at org.scalacheck.Test$.$anonfun$check$4$adapted(Test.scala:518)
[info]   at org.scalacheck.Platform$.runWorkers(Platform.scala:42)
[info]   at org.scalacheck.Test$.check(Test.scala:518)
[info]   at org.scalatestplus.scalacheck.UnitCheckerAsserting$CheckerAssertingImpl.check(CheckerAsserting.scala:90)
[info]   at org.scalatestplus.scalacheck.Checkers.check(Checkers.scala:371)
[info]   at org.scalatestplus.scalacheck.Checkers.check$(Checkers.scala:369)
[info]   at frameless.TypedDatasetSuite.check(TypedDatasetSuite.scala:63)
[info]   at frameless.ops.CubeTests.$anonfun$new$15(CubeTests.scala:40)
[info]   at org.scalatest.OutcomeOf.outcomeOf(OutcomeOf.scala:85)
[info]   at org.scalatest.OutcomeOf.outcomeOf$(OutcomeOf.scala:83)
[info]   at org.scalatest.OutcomeOf$.outcomeOf(OutcomeOf.scala:104)
[info]   at org.scalatest.Transformer.apply(Transformer.scala:22)
[info]   at org.scalatest.Transformer.apply(Transformer.scala:20)
[info]   at org.scalatest.funsuite.AnyFunSuiteLike$$anon$1.apply(AnyFunSuiteLike.scala:226)
[info]   at org.scalatest.TestSuite.withFixture(TestSuite.scala:196)
[info]   at org.scalatest.TestSuite.withFixture$(TestSuite.scala:195)
[info]   at org.scalatest.funsuite.AnyFunSuite.withFixture(AnyFunSuite.scala:1564)
[info]   at org.scalatest.funsuite.AnyFunSuiteLike.invokeWithFixture$1(AnyFunSuiteLike.scala:224)
[info]   at org.scalatest.funsuite.AnyFunSuiteLike.$anonfun$runTest$1(AnyFunSuiteLike.scala:236)
[info]   at org.scalatest.SuperEngine.runTestImpl(Engine.scala:306)
[info]   at org.scalatest.funsuite.AnyFunSuiteLike.runTest(AnyFunSuiteLike.scala:236)
[info]   at org.scalatest.funsuite.AnyFunSuiteLike.runTest$(AnyFunSuiteLike.scala:218)
[info]   at org.scalatest.funsuite.AnyFunSuite.runTest(AnyFunSuite.scala:1564)
[info]   at org.scalatest.funsuite.AnyFunSuiteLike.$anonfun$runTests$1(AnyFunSuiteLike.scala:269)
[info]   at org.scalatest.SuperEngine.$anonfun$runTestsInBranch$1(Engine.scala:413)
[info]   at scala.collection.immutable.List.foreach(List.scala:334)
[info]   at org.scalatest.SuperEngine.traverseSubNodes$1(Engine.scala:401)
[info]   at org.scalatest.SuperEngine.runTestsInBranch(Engine.scala:396)
[info]   at org.scalatest.SuperEngine.runTestsImpl(Engine.scala:475)
[info]   at org.scalatest.funsuite.AnyFunSuiteLike.runTests(AnyFunSuiteLike.scala:269)
[info]   at org.scalatest.funsuite.AnyFunSuiteLike.runTests$(AnyFunSuiteLike.scala:268)
[info]   at org.scalatest.funsuite.AnyFunSuite.runTests(AnyFunSuite.scala:1564)
[info]   at org.scalatest.Suite.run(Suite.scala:1114)
[info]   at org.scalatest.Suite.run$(Suite.scala:1096)
[info]   at org.scalatest.funsuite.AnyFunSuite.org$scalatest$funsuite$AnyFunSuiteLike$$super$run(AnyFunSuite.scala:1564)
[info]   at org.scalatest.funsuite.AnyFunSuiteLike.$anonfun$run$1(AnyFunSuiteLike.scala:273)
[info]   at org.scalatest.SuperEngine.runImpl(Engine.scala:535)
[info]   at org.scalatest.funsuite.AnyFunSuiteLike.run(AnyFunSuiteLike.scala:273)
[info]   at org.scalatest.funsuite.AnyFunSuiteLike.run$(AnyFunSuiteLike.scala:272)
[info]   at frameless.TypedDatasetSuite.org$scalatest$BeforeAndAfterAll$$super$run(TypedDatasetSuite.scala:63)
[info]   at org.scalatest.BeforeAndAfterAll.liftedTree1$1(BeforeAndAfterAll.scala:213)
[info]   at org.scalatest.BeforeAndAfterAll.run(BeforeAndAfterAll.scala:210)
[info]   at org.scalatest.BeforeAndAfterAll.run$(BeforeAndAfterAll.scala:208)
[info]   at frameless.TypedDatasetSuite.run(TypedDatasetSuite.scala:63)
[info]   at org.scalatest.tools.Framework.org$scalatest$tools$Framework$$runSuite(Framework.scala:321)
[info]   at org.scalatest.tools.Framework$ScalaTestTask.execute(Framework.scala:517)
[info]   at sbt.ForkMain$Run.lambda$runTest$1(ForkMain.java:414)
[info]   at java.base/java.util.concurrent.FutureTask.run(FutureTask.java:317)
[info]   at java.base/java.util.concurrent.ThreadPoolExecutor.runWorker(ThreadPoolExecutor.java:1144)
[info]   at java.base/java.util.concurrent.ThreadPoolExecutor$Worker.run(ThreadPoolExecutor.java:642)
[info]   at java.base/java.lang.Thread.run(Thread.java:1583)
[info]   Cause: java.lang.ClassCastException: Cannot cast scala.reflect.ClassTag$GenericClassTag to org.apache.spark.sql.catalyst.expressions.Expression
[info]   at java.base/java.lang.Class.cast(Class.java:4067)
[info]   at java.base/jdk.internal.reflect.DirectConstructorHandleAccessor.newInstance(DirectConstructorHandleAccessor.java:62)
[info]   at java.base/java.lang.reflect.Constructor.newInstanceWithCaller(Constructor.java:502)
[info]   at java.base/java.lang.reflect.Constructor.newInstance(Constructor.java:486)
[info]   at frameless.TypedExpressionEncoder$.$anonfun$apply$3(TypedExpressionEncoder.scala:55)
[info]   at scala.Option.map(Option.scala:242)
[info]   at frameless.TypedExpressionEncoder$.apply(TypedExpressionEncoder.scala:54)
[info]   at frameless.TypedDataset$.create(TypedDataset.scala:1325)
[info]   at frameless.ops.CubeTests.prop$2(CubeTests.scala:29)
[info]   at frameless.ops.CubeTests.$anonfun$new$29(CubeTests.scala:40)
[info]   at scala.Function1.$anonfun$andThen$1(Function1.scala:87)
[info]   at org.scalacheck.Prop$.$anonfun$forAllShrink$2(Prop.scala:868)
[info]   at org.scalacheck.Prop$.secure(Prop.scala:484)
[info]   at org.scalacheck.Prop$.result$1(Prop.scala:868)
[info]   at org.scalacheck.Prop$.$anonfun$forAllShrink$1(Prop.scala:915)
[info]   at org.scalacheck.Prop$.$anonfun$apply$1(Prop.scala:305)
[info]   at org.scalacheck.PropFromFun.apply(Prop.scala:20)
[info]   at org.scalacheck.Test$.workerFun$1(Test.scala:486)
[info]   at org.scalacheck.Test$.$anonfun$check$4(Test.scala:518)
[info]   at org.scalacheck.Test$.$anonfun$check$4$adapted(Test.scala:518)
[info]   at org.scalacheck.Platform$.runWorkers(Platform.scala:42)
[info]   at org.scalacheck.Test$.check(Test.scala:518)
[info]   at org.scalatestplus.scalacheck.UnitCheckerAsserting$CheckerAssertingImpl.check(CheckerAsserting.scala:90)
[info]   at org.scalatestplus.scalacheck.Checkers.check(Checkers.scala:371)
[info]   at org.scalatestplus.scalacheck.Checkers.check$(Checkers.scala:369)
[info]   at frameless.TypedDatasetSuite.check(TypedDatasetSuite.scala:63)
[info]   at frameless.ops.CubeTests.$anonfun$new$15(CubeTests.scala:40)
[info]   at org.scalatest.OutcomeOf.outcomeOf(OutcomeOf.scala:85)
[info]   at org.scalatest.OutcomeOf.outcomeOf$(OutcomeOf.scala:83)
[info]   at org.scalatest.OutcomeOf$.outcomeOf(OutcomeOf.scala:104)
[info]   at org.scalatest.Transformer.apply(Transformer.scala:22)
[info]   at org.scalatest.Transformer.apply(Transformer.scala:20)
[info]   at org.scalatest.funsuite.AnyFunSuiteLike$$anon$1.apply(AnyFunSuiteLike.scala:226)
[info]   at org.scalatest.TestSuite.withFixture(TestSuite.scala:196)
[info]   at org.scalatest.TestSuite.withFixture$(TestSuite.scala:195)
[info]   at org.scalatest.funsuite.AnyFunSuite.withFixture(AnyFunSuite.scala:1564)
[info]   at org.scalatest.funsuite.AnyFunSuiteLike.invokeWithFixture$1(AnyFunSuiteLike.scala:224)
[info]   at org.scalatest.funsuite.AnyFunSuiteLike.$anonfun$runTest$1(AnyFunSuiteLike.scala:236)
[info]   at org.scalatest.SuperEngine.runTestImpl(Engine.scala:306)
[info]   at org.scalatest.funsuite.AnyFunSuiteLike.runTest(AnyFunSuiteLike.scala:236)
[info]   at org.scalatest.funsuite.AnyFunSuiteLike.runTest$(AnyFunSuiteLike.scala:218)
[info]   at org.scalatest.funsuite.AnyFunSuite.runTest(AnyFunSuite.scala:1564)
[info]   at org.scalatest.funsuite.AnyFunSuiteLike.$anonfun$runTests$1(AnyFunSuiteLike.scala:269)
[info]   at org.scalatest.SuperEngine.$anonfun$runTestsInBranch$1(Engine.scala:413)
[info]   at scala.collection.immutable.List.foreach(List.scala:334)
[info]   at org.scalatest.SuperEngine.traverseSubNodes$1(Engine.scala:401)
[info]   at org.scalatest.SuperEngine.runTestsInBranch(Engine.scala:396)
[info]   at org.scalatest.SuperEngine.runTestsImpl(Engine.scala:475)
[info]   at org.scalatest.funsuite.AnyFunSuiteLike.runTests(AnyFunSuiteLike.scala:269)
[info]   at org.scalatest.funsuite.AnyFunSuiteLike.runTests$(AnyFunSuiteLike.scala:268)
[info]   at org.scalatest.funsuite.AnyFunSuite.runTests(AnyFunSuite.scala:1564)
[info]   at org.scalatest.Suite.run(Suite.scala:1114)
[info]   at org.scalatest.Suite.run$(Suite.scala:1096)
[info]   at org.scalatest.funsuite.AnyFunSuite.org$scalatest$funsuite$AnyFunSuiteLike$$super$run(AnyFunSuite.scala:1564)
[info]   at org.scalatest.funsuite.AnyFunSuiteLike.$anonfun$run$1(AnyFunSuiteLike.scala:273)
[info]   at org.scalatest.SuperEngine.runImpl(Engine.scala:535)
[info]   at org.scalatest.funsuite.AnyFunSuiteLike.run(AnyFunSuiteLike.scala:273)
[info]   at org.scalatest.funsuite.AnyFunSuiteLike.run$(AnyFunSuiteLike.scala:272)
[info]   at frameless.TypedDatasetSuite.org$scalatest$BeforeAndAfterAll$$super$run(TypedDatasetSuite.scala:63)
[info]   at org.scalatest.BeforeAndAfterAll.liftedTree1$1(BeforeAndAfterAll.scala:213)
[info]   at org.scalatest.BeforeAndAfterAll.run(BeforeAndAfterAll.scala:210)
[info]   at org.scalatest.BeforeAndAfterAll.run$(BeforeAndAfterAll.scala:208)
[info]   at frameless.TypedDatasetSuite.run(TypedDatasetSuite.scala:63)
[info]   at org.scalatest.tools.Framework.org$scalatest$tools$Framework$$runSuite(Framework.scala:321)
[info]   at org.scalatest.tools.Framework$ScalaTestTask.execute(Framework.scala:517)
[info]   at sbt.ForkMain$Run.lambda$runTest$1(ForkMain.java:414)
[info]   at java.base/java.util.concurrent.FutureTask.run(FutureTask.java:317)
[info]   at java.base/java.util.concurrent.ThreadPoolExecutor.runWorker(ThreadPoolExecutor.java:1144)
[info]   at java.base/java.util.concurrent.ThreadPoolExecutor$Worker.run(ThreadPoolExecutor.java:642)
[info]   at java.base/java.lang.Thread.run(Thread.java:1583)
[info] - cube('a).agg(sum('b) *** FAILED *** (3 milliseconds)
[info]   IllegalArgumentException was thrown during property evaluation.
[info]     Message: argument type mismatch
[info]     Occurred when passed generated values (
[info]       arg0 = List()
[info]     )
[info]   org.scalatest.exceptions.GeneratorDrivenPropertyCheckFailedException:
[info]   at org.scalatestplus.scalacheck.CheckerAsserting$$anon$2.indicateFailure(CheckerAsserting.scala:251)
[info]   at org.scalatestplus.scalacheck.CheckerAsserting$$anon$2.indicateFailure(CheckerAsserting.scala:238)
[info]   at org.scalatestplus.scalacheck.UnitCheckerAsserting$CheckerAssertingImpl.check(CheckerAsserting.scala:160)
[info]   at org.scalatestplus.scalacheck.Checkers.check(Checkers.scala:371)
[info]   at org.scalatestplus.scalacheck.Checkers.check$(Checkers.scala:369)
[info]   at frameless.TypedDatasetSuite.check(TypedDatasetSuite.scala:63)
[info]   at frameless.ops.CubeTests.$anonfun$new$31(CubeTests.scala:57)
[info]   at org.scalatest.OutcomeOf.outcomeOf(OutcomeOf.scala:85)
[info]   at org.scalatest.OutcomeOf.outcomeOf$(OutcomeOf.scala:83)
[info]   at org.scalatest.OutcomeOf$.outcomeOf(OutcomeOf.scala:104)
[info]   at org.scalatest.Transformer.apply(Transformer.scala:22)
[info]   at org.scalatest.Transformer.apply(Transformer.scala:20)
[info]   at org.scalatest.funsuite.AnyFunSuiteLike$$anon$1.apply(AnyFunSuiteLike.scala:226)
[info]   at org.scalatest.TestSuite.withFixture(TestSuite.scala:196)
[info]   at org.scalatest.TestSuite.withFixture$(TestSuite.scala:195)
[info]   at org.scalatest.funsuite.AnyFunSuite.withFixture(AnyFunSuite.scala:1564)
[info]   at org.scalatest.funsuite.AnyFunSuiteLike.invokeWithFixture$1(AnyFunSuiteLike.scala:224)
[info]   at org.scalatest.funsuite.AnyFunSuiteLike.$anonfun$runTest$1(AnyFunSuiteLike.scala:236)
[info]   at org.scalatest.SuperEngine.runTestImpl(Engine.scala:306)
[info]   at org.scalatest.funsuite.AnyFunSuiteLike.runTest(AnyFunSuiteLike.scala:236)
[info]   at org.scalatest.funsuite.AnyFunSuiteLike.runTest$(AnyFunSuiteLike.scala:218)
[info]   at org.scalatest.funsuite.AnyFunSuite.runTest(AnyFunSuite.scala:1564)
[info]   at org.scalatest.funsuite.AnyFunSuiteLike.$anonfun$runTests$1(AnyFunSuiteLike.scala:269)
[info]   at org.scalatest.SuperEngine.$anonfun$runTestsInBranch$1(Engine.scala:413)
[info]   at scala.collection.immutable.List.foreach(List.scala:334)
[info]   at org.scalatest.SuperEngine.traverseSubNodes$1(Engine.scala:401)
[info]   at org.scalatest.SuperEngine.runTestsInBranch(Engine.scala:396)
[info]   at org.scalatest.SuperEngine.runTestsImpl(Engine.scala:475)
[info]   at org.scalatest.funsuite.AnyFunSuiteLike.runTests(AnyFunSuiteLike.scala:269)
[info]   at org.scalatest.funsuite.AnyFunSuiteLike.runTests$(AnyFunSuiteLike.scala:268)
[info]   at org.scalatest.funsuite.AnyFunSuite.runTests(AnyFunSuite.scala:1564)
[info]   at org.scalatest.Suite.run(Suite.scala:1114)
[info]   at org.scalatest.Suite.run$(Suite.scala:1096)
[info]   at org.scalatest.funsuite.AnyFunSuite.org$scalatest$funsuite$AnyFunSuiteLike$$super$run(AnyFunSuite.scala:1564)
[info]   at org.scalatest.funsuite.AnyFunSuiteLike.$anonfun$run$1(AnyFunSuiteLike.scala:273)
[info]   at org.scalatest.SuperEngine.runImpl(Engine.scala:535)
[info]   at org.scalatest.funsuite.AnyFunSuiteLike.run(AnyFunSuiteLike.scala:273)
[info]   at org.scalatest.funsuite.AnyFunSuiteLike.run$(AnyFunSuiteLike.scala:272)
[info]   at frameless.TypedDatasetSuite.org$scalatest$BeforeAndAfterAll$$super$run(TypedDatasetSuite.scala:63)
[info]   at org.scalatest.BeforeAndAfterAll.liftedTree1$1(BeforeAndAfterAll.scala:213)
[info]   at org.scalatest.BeforeAndAfterAll.run(BeforeAndAfterAll.scala:210)
[info]   at org.scalatest.BeforeAndAfterAll.run$(BeforeAndAfterAll.scala:208)
[info]   at frameless.TypedDatasetSuite.run(TypedDatasetSuite.scala:63)
[info]   at org.scalatest.tools.Framework.org$scalatest$tools$Framework$$runSuite(Framework.scala:321)
[info]   at org.scalatest.tools.Framework$ScalaTestTask.execute(Framework.scala:517)
[info]   at sbt.ForkMain$Run.lambda$runTest$1(ForkMain.java:414)
[info]   at java.base/java.util.concurrent.FutureTask.run(FutureTask.java:317)
[info]   at java.base/java.util.concurrent.ThreadPoolExecutor.runWorker(ThreadPoolExecutor.java:1144)
[info]   at java.base/java.util.concurrent.ThreadPoolExecutor$Worker.run(ThreadPoolExecutor.java:642)
[info]   at java.base/java.lang.Thread.run(Thread.java:1583)
[info]   Cause: java.lang.IllegalArgumentException: argument type mismatch
[info]   at java.base/jdk.internal.reflect.DirectConstructorHandleAccessor.newInstance(DirectConstructorHandleAccessor.java:65)
[info]   at java.base/java.lang.reflect.Constructor.newInstanceWithCaller(Constructor.java:502)
[info]   at java.base/java.lang.reflect.Constructor.newInstance(Constructor.java:486)
[info]   at frameless.TypedExpressionEncoder$.$anonfun$apply$3(TypedExpressionEncoder.scala:55)
[info]   at scala.Option.map(Option.scala:242)
[info]   at frameless.TypedExpressionEncoder$.apply(TypedExpressionEncoder.scala:54)
[info]   at frameless.TypedDataset$.create(TypedDataset.scala:1325)
[info]   at frameless.ops.CubeTests.prop$3(CubeTests.scala:46)
[info]   at frameless.ops.CubeTests.$anonfun$new$45(CubeTests.scala:57)
[info]   at scala.Function1.$anonfun$andThen$1(Function1.scala:87)
[info]   at org.scalacheck.Prop$.$anonfun$forAllShrink$2(Prop.scala:868)
[info]   at org.scalacheck.Prop$.secure(Prop.scala:484)
[info]   at org.scalacheck.Prop$.result$1(Prop.scala:868)
[info]   at org.scalacheck.Prop$.$anonfun$forAllShrink$1(Prop.scala:915)
[info]   at org.scalacheck.Prop$.$anonfun$apply$1(Prop.scala:305)
[info]   at org.scalacheck.PropFromFun.apply(Prop.scala:20)
[info]   at org.scalacheck.Test$.workerFun$1(Test.scala:486)
[info]   at org.scalacheck.Test$.$anonfun$check$4(Test.scala:518)
[info]   at org.scalacheck.Test$.$anonfun$check$4$adapted(Test.scala:518)
[info]   at org.scalacheck.Platform$.runWorkers(Platform.scala:42)
[info]   at org.scalacheck.Test$.check(Test.scala:518)
[info]   at org.scalatestplus.scalacheck.UnitCheckerAsserting$CheckerAssertingImpl.check(CheckerAsserting.scala:90)
[info]   at org.scalatestplus.scalacheck.Checkers.check(Checkers.scala:371)
[info]   at org.scalatestplus.scalacheck.Checkers.check$(Checkers.scala:369)
[info]   at frameless.TypedDatasetSuite.check(TypedDatasetSuite.scala:63)
[info]   at frameless.ops.CubeTests.$anonfun$new$31(CubeTests.scala:57)
[info]   at org.scalatest.OutcomeOf.outcomeOf(OutcomeOf.scala:85)
[info]   at org.scalatest.OutcomeOf.outcomeOf$(OutcomeOf.scala:83)
[info]   at org.scalatest.OutcomeOf$.outcomeOf(OutcomeOf.scala:104)
[info]   at org.scalatest.Transformer.apply(Transformer.scala:22)
[info]   at org.scalatest.Transformer.apply(Transformer.scala:20)
[info]   at org.scalatest.funsuite.AnyFunSuiteLike$$anon$1.apply(AnyFunSuiteLike.scala:226)
[info]   at org.scalatest.TestSuite.withFixture(TestSuite.scala:196)
[info]   at org.scalatest.TestSuite.withFixture$(TestSuite.scala:195)
[info]   at org.scalatest.funsuite.AnyFunSuite.withFixture(AnyFunSuite.scala:1564)
[info]   at org.scalatest.funsuite.AnyFunSuiteLike.invokeWithFixture$1(AnyFunSuiteLike.scala:224)
[info]   at org.scalatest.funsuite.AnyFunSuiteLike.$anonfun$runTest$1(AnyFunSuiteLike.scala:236)
[info]   at org.scalatest.SuperEngine.runTestImpl(Engine.scala:306)
[info]   at org.scalatest.funsuite.AnyFunSuiteLike.runTest(AnyFunSuiteLike.scala:236)
[info]   at org.scalatest.funsuite.AnyFunSuiteLike.runTest$(AnyFunSuiteLike.scala:218)
[info]   at org.scalatest.funsuite.AnyFunSuite.runTest(AnyFunSuite.scala:1564)
[info]   at org.scalatest.funsuite.AnyFunSuiteLike.$anonfun$runTests$1(AnyFunSuiteLike.scala:269)
[info]   at org.scalatest.SuperEngine.$anonfun$runTestsInBranch$1(Engine.scala:413)
[info]   at scala.collection.immutable.List.foreach(List.scala:334)
[info]   at org.scalatest.SuperEngine.traverseSubNodes$1(Engine.scala:401)
[info]   at org.scalatest.SuperEngine.runTestsInBranch(Engine.scala:396)
[info]   at org.scalatest.SuperEngine.runTestsImpl(Engine.scala:475)
[info]   at org.scalatest.funsuite.AnyFunSuiteLike.runTests(AnyFunSuiteLike.scala:269)
[info]   at org.scalatest.funsuite.AnyFunSuiteLike.runTests$(AnyFunSuiteLike.scala:268)
[info]   at org.scalatest.funsuite.AnyFunSuite.runTests(AnyFunSuite.scala:1564)
[info]   at org.scalatest.Suite.run(Suite.scala:1114)
[info]   at org.scalatest.Suite.run$(Suite.scala:1096)
[info]   at org.scalatest.funsuite.AnyFunSuite.org$scalatest$funsuite$AnyFunSuiteLike$$super$run(AnyFunSuite.scala:1564)
[info]   at org.scalatest.funsuite.AnyFunSuiteLike.$anonfun$run$1(AnyFunSuiteLike.scala:273)
[info]   at org.scalatest.SuperEngine.runImpl(Engine.scala:535)
[info]   at org.scalatest.funsuite.AnyFunSuiteLike.run(AnyFunSuiteLike.scala:273)
[info]   at org.scalatest.funsuite.AnyFunSuiteLike.run$(AnyFunSuiteLike.scala:272)
[info]   at frameless.TypedDatasetSuite.org$scalatest$BeforeAndAfterAll$$super$run(TypedDatasetSuite.scala:63)
[info]   at org.scalatest.BeforeAndAfterAll.liftedTree1$1(BeforeAndAfterAll.scala:213)
[info]   at org.scalatest.BeforeAndAfterAll.run(BeforeAndAfterAll.scala:210)
[info]   at org.scalatest.BeforeAndAfterAll.run$(BeforeAndAfterAll.scala:208)
[info]   at frameless.TypedDatasetSuite.run(TypedDatasetSuite.scala:63)
[info]   at org.scalatest.tools.Framework.org$scalatest$tools$Framework$$runSuite(Framework.scala:321)
[info]   at org.scalatest.tools.Framework$ScalaTestTask.execute(Framework.scala:517)
[info]   at sbt.ForkMain$Run.lambda$runTest$1(ForkMain.java:414)
[info]   at java.base/java.util.concurrent.FutureTask.run(FutureTask.java:317)
[info]   at java.base/java.util.concurrent.ThreadPoolExecutor.runWorker(ThreadPoolExecutor.java:1144)
[info]   at java.base/java.util.concurrent.ThreadPoolExecutor$Worker.run(ThreadPoolExecutor.java:642)
[info]   at java.base/java.lang.Thread.run(Thread.java:1583)
[info]   Cause: java.lang.ClassCastException: Cannot cast scala.reflect.ClassTag$GenericClassTag to org.apache.spark.sql.catalyst.expressions.Expression
[info]   at java.base/java.lang.Class.cast(Class.java:4067)
[info]   at java.base/jdk.internal.reflect.DirectConstructorHandleAccessor.newInstance(DirectConstructorHandleAccessor.java:62)
[info]   at java.base/java.lang.reflect.Constructor.newInstanceWithCaller(Constructor.java:502)
[info]   at java.base/java.lang.reflect.Constructor.newInstance(Constructor.java:486)
[info]   at frameless.TypedExpressionEncoder$.$anonfun$apply$3(TypedExpressionEncoder.scala:55)
[info]   at scala.Option.map(Option.scala:242)
[info]   at frameless.TypedExpressionEncoder$.apply(TypedExpressionEncoder.scala:54)
[info]   at frameless.TypedDataset$.create(TypedDataset.scala:1325)
[info]   at frameless.ops.CubeTests.prop$3(CubeTests.scala:46)
[info]   at frameless.ops.CubeTests.$anonfun$new$45(CubeTests.scala:57)
[info]   at scala.Function1.$anonfun$andThen$1(Function1.scala:87)
[info]   at org.scalacheck.Prop$.$anonfun$forAllShrink$2(Prop.scala:868)
[info]   at org.scalacheck.Prop$.secure(Prop.scala:484)
[info]   at org.scalacheck.Prop$.result$1(Prop.scala:868)
[info]   at org.scalacheck.Prop$.$anonfun$forAllShrink$1(Prop.scala:915)
[info]   at org.scalacheck.Prop$.$anonfun$apply$1(Prop.scala:305)
[info]   at org.scalacheck.PropFromFun.apply(Prop.scala:20)
[info]   at org.scalacheck.Test$.workerFun$1(Test.scala:486)
[info]   at org.scalacheck.Test$.$anonfun$check$4(Test.scala:518)
[info]   at org.scalacheck.Test$.$anonfun$check$4$adapted(Test.scala:518)
[info]   at org.scalacheck.Platform$.runWorkers(Platform.scala:42)
[info]   at org.scalacheck.Test$.check(Test.scala:518)
[info]   at org.scalatestplus.scalacheck.UnitCheckerAsserting$CheckerAssertingImpl.check(CheckerAsserting.scala:90)
[info]   at org.scalatestplus.scalacheck.Checkers.check(Checkers.scala:371)
[info]   at org.scalatestplus.scalacheck.Checkers.check$(Checkers.scala:369)
[info]   at frameless.TypedDatasetSuite.check(TypedDatasetSuite.scala:63)
[info]   at frameless.ops.CubeTests.$anonfun$new$31(CubeTests.scala:57)
[info]   at org.scalatest.OutcomeOf.outcomeOf(OutcomeOf.scala:85)
[info]   at org.scalatest.OutcomeOf.outcomeOf$(OutcomeOf.scala:83)
[info]   at org.scalatest.OutcomeOf$.outcomeOf(OutcomeOf.scala:104)
[info]   at org.scalatest.Transformer.apply(Transformer.scala:22)
[info]   at org.scalatest.Transformer.apply(Transformer.scala:20)
[info]   at org.scalatest.funsuite.AnyFunSuiteLike$$anon$1.apply(AnyFunSuiteLike.scala:226)
[info]   at org.scalatest.TestSuite.withFixture(TestSuite.scala:196)
[info]   at org.scalatest.TestSuite.withFixture$(TestSuite.scala:195)
[info]   at org.scalatest.funsuite.AnyFunSuite.withFixture(AnyFunSuite.scala:1564)
[info]   at org.scalatest.funsuite.AnyFunSuiteLike.invokeWithFixture$1(AnyFunSuiteLike.scala:224)
[info]   at org.scalatest.funsuite.AnyFunSuiteLike.$anonfun$runTest$1(AnyFunSuiteLike.scala:236)
[info]   at org.scalatest.SuperEngine.runTestImpl(Engine.scala:306)
[info]   at org.scalatest.funsuite.AnyFunSuiteLike.runTest(AnyFunSuiteLike.scala:236)
[info]   at org.scalatest.funsuite.AnyFunSuiteLike.runTest$(AnyFunSuiteLike.scala:218)
[info]   at org.scalatest.funsuite.AnyFunSuite.runTest(AnyFunSuite.scala:1564)
[info]   at org.scalatest.funsuite.AnyFunSuiteLike.$anonfun$runTests$1(AnyFunSuiteLike.scala:269)
[info]   at org.scalatest.SuperEngine.$anonfun$runTestsInBranch$1(Engine.scala:413)
[info]   at scala.collection.immutable.List.foreach(List.scala:334)
[info]   at org.scalatest.SuperEngine.traverseSubNodes$1(Engine.scala:401)
[info]   at org.scalatest.SuperEngine.runTestsInBranch(Engine.scala:396)
[info]   at org.scalatest.SuperEngine.runTestsImpl(Engine.scala:475)
[info]   at org.scalatest.funsuite.AnyFunSuiteLike.runTests(AnyFunSuiteLike.scala:269)
[info]   at org.scalatest.funsuite.AnyFunSuiteLike.runTests$(AnyFunSuiteLike.scala:268)
[info]   at org.scalatest.funsuite.AnyFunSuite.runTests(AnyFunSuite.scala:1564)
[info]   at org.scalatest.Suite.run(Suite.scala:1114)
[info]   at org.scalatest.Suite.run$(Suite.scala:1096)
[info]   at org.scalatest.funsuite.AnyFunSuite.org$scalatest$funsuite$AnyFunSuiteLike$$super$run(AnyFunSuite.scala:1564)
[info]   at org.scalatest.funsuite.AnyFunSuiteLike.$anonfun$run$1(AnyFunSuiteLike.scala:273)
[info]   at org.scalatest.SuperEngine.runImpl(Engine.scala:535)
[info]   at org.scalatest.funsuite.AnyFunSuiteLike.run(AnyFunSuiteLike.scala:273)
[info]   at org.scalatest.funsuite.AnyFunSuiteLike.run$(AnyFunSuiteLike.scala:272)
[info]   at frameless.TypedDatasetSuite.org$scalatest$BeforeAndAfterAll$$super$run(TypedDatasetSuite.scala:63)
[info]   at org.scalatest.BeforeAndAfterAll.liftedTree1$1(BeforeAndAfterAll.scala:213)
[info]   at org.scalatest.BeforeAndAfterAll.run(BeforeAndAfterAll.scala:210)
[info]   at org.scalatest.BeforeAndAfterAll.run$(BeforeAndAfterAll.scala:208)
[info]   at frameless.TypedDatasetSuite.run(TypedDatasetSuite.scala:63)
[info]   at org.scalatest.tools.Framework.org$scalatest$tools$Framework$$runSuite(Framework.scala:321)
[info]   at org.scalatest.tools.Framework$ScalaTestTask.execute(Framework.scala:517)
[info]   at sbt.ForkMain$Run.lambda$runTest$1(ForkMain.java:414)
[info]   at java.base/java.util.concurrent.FutureTask.run(FutureTask.java:317)
[info]   at java.base/java.util.concurrent.ThreadPoolExecutor.runWorker(ThreadPoolExecutor.java:1144)
[info]   at java.base/java.util.concurrent.ThreadPoolExecutor$Worker.run(ThreadPoolExecutor.java:642)
[info]   at java.base/java.lang.Thread.run(Thread.java:1583)
[info] - cube('a).mapGroups('a, sum('b)) *** FAILED *** (4 milliseconds)
[info]   IllegalArgumentException was thrown during property evaluation.
[info]     Message: argument type mismatch
[info]     Occurred when passed generated values (
[info]       arg0 = List()
[info]     )
[info]   org.scalatest.exceptions.GeneratorDrivenPropertyCheckFailedException:
[info]   at org.scalatestplus.scalacheck.CheckerAsserting$$anon$2.indicateFailure(CheckerAsserting.scala:251)
[info]   at org.scalatestplus.scalacheck.CheckerAsserting$$anon$2.indicateFailure(CheckerAsserting.scala:238)
[info]   at org.scalatestplus.scalacheck.UnitCheckerAsserting$CheckerAssertingImpl.check(CheckerAsserting.scala:160)
[info]   at org.scalatestplus.scalacheck.Checkers.check(Checkers.scala:371)
[info]   at org.scalatestplus.scalacheck.Checkers.check$(Checkers.scala:369)
[info]   at frameless.TypedDatasetSuite.check(TypedDatasetSuite.scala:63)
[info]   at frameless.ops.CubeTests.$anonfun$new$47(CubeTests.scala:74)
[info]   at org.scalatest.OutcomeOf.outcomeOf(OutcomeOf.scala:85)
[info]   at org.scalatest.OutcomeOf.outcomeOf$(OutcomeOf.scala:83)
[info]   at org.scalatest.OutcomeOf$.outcomeOf(OutcomeOf.scala:104)
[info]   at org.scalatest.Transformer.apply(Transformer.scala:22)
[info]   at org.scalatest.Transformer.apply(Transformer.scala:20)
[info]   at org.scalatest.funsuite.AnyFunSuiteLike$$anon$1.apply(AnyFunSuiteLike.scala:226)
[info]   at org.scalatest.TestSuite.withFixture(TestSuite.scala:196)
[info]   at org.scalatest.TestSuite.withFixture$(TestSuite.scala:195)
[info]   at org.scalatest.funsuite.AnyFunSuite.withFixture(AnyFunSuite.scala:1564)
[info]   at org.scalatest.funsuite.AnyFunSuiteLike.invokeWithFixture$1(AnyFunSuiteLike.scala:224)
[info]   at org.scalatest.funsuite.AnyFunSuiteLike.$anonfun$runTest$1(AnyFunSuiteLike.scala:236)
[info]   at org.scalatest.SuperEngine.runTestImpl(Engine.scala:306)
[info]   at org.scalatest.funsuite.AnyFunSuiteLike.runTest(AnyFunSuiteLike.scala:236)
[info]   at org.scalatest.funsuite.AnyFunSuiteLike.runTest$(AnyFunSuiteLike.scala:218)
[info]   at org.scalatest.funsuite.AnyFunSuite.runTest(AnyFunSuite.scala:1564)
[info]   at org.scalatest.funsuite.AnyFunSuiteLike.$anonfun$runTests$1(AnyFunSuiteLike.scala:269)
[info]   at org.scalatest.SuperEngine.$anonfun$runTestsInBranch$1(Engine.scala:413)
[info]   at scala.collection.immutable.List.foreach(List.scala:334)
[info]   at org.scalatest.SuperEngine.traverseSubNodes$1(Engine.scala:401)
[info]   at org.scalatest.SuperEngine.runTestsInBranch(Engine.scala:396)
[info]   at org.scalatest.SuperEngine.runTestsImpl(Engine.scala:475)
[info]   at org.scalatest.funsuite.AnyFunSuiteLike.runTests(AnyFunSuiteLike.scala:269)
[info]   at org.scalatest.funsuite.AnyFunSuiteLike.runTests$(AnyFunSuiteLike.scala:268)
[info]   at org.scalatest.funsuite.AnyFunSuite.runTests(AnyFunSuite.scala:1564)
[info]   at org.scalatest.Suite.run(Suite.scala:1114)
[info]   at org.scalatest.Suite.run$(Suite.scala:1096)
[info]   at org.scalatest.funsuite.AnyFunSuite.org$scalatest$funsuite$AnyFunSuiteLike$$super$run(AnyFunSuite.scala:1564)
[info]   at org.scalatest.funsuite.AnyFunSuiteLike.$anonfun$run$1(AnyFunSuiteLike.scala:273)
[info]   at org.scalatest.SuperEngine.runImpl(Engine.scala:535)
[info]   at org.scalatest.funsuite.AnyFunSuiteLike.run(AnyFunSuiteLike.scala:273)
[info]   at org.scalatest.funsuite.AnyFunSuiteLike.run$(AnyFunSuiteLike.scala:272)
[info]   at frameless.TypedDatasetSuite.org$scalatest$BeforeAndAfterAll$$super$run(TypedDatasetSuite.scala:63)
[info]   at org.scalatest.BeforeAndAfterAll.liftedTree1$1(BeforeAndAfterAll.scala:213)
[info]   at org.scalatest.BeforeAndAfterAll.run(BeforeAndAfterAll.scala:210)
[info]   at org.scalatest.BeforeAndAfterAll.run$(BeforeAndAfterAll.scala:208)
[info]   at frameless.TypedDatasetSuite.run(TypedDatasetSuite.scala:63)
[info]   at org.scalatest.tools.Framework.org$scalatest$tools$Framework$$runSuite(Framework.scala:321)
[info]   at org.scalatest.tools.Framework$ScalaTestTask.execute(Framework.scala:517)
[info]   at sbt.ForkMain$Run.lambda$runTest$1(ForkMain.java:414)
[info]   at java.base/java.util.concurrent.FutureTask.run(FutureTask.java:317)
[info]   at java.base/java.util.concurrent.ThreadPoolExecutor.runWorker(ThreadPoolExecutor.java:1144)
[info]   at java.base/java.util.concurrent.ThreadPoolExecutor$Worker.run(ThreadPoolExecutor.java:642)
[info]   at java.base/java.lang.Thread.run(Thread.java:1583)
[info]   Cause: java.lang.IllegalArgumentException: argument type mismatch
[info]   at java.base/jdk.internal.reflect.DirectConstructorHandleAccessor.newInstance(DirectConstructorHandleAccessor.java:65)
[info]   at java.base/java.lang.reflect.Constructor.newInstanceWithCaller(Constructor.java:502)
[info]   at java.base/java.lang.reflect.Constructor.newInstance(Constructor.java:486)
[info]   at frameless.TypedExpressionEncoder$.$anonfun$apply$3(TypedExpressionEncoder.scala:55)
[info]   at scala.Option.map(Option.scala:242)
[info]   at frameless.TypedExpressionEncoder$.apply(TypedExpressionEncoder.scala:54)
[info]   at frameless.TypedDataset$.create(TypedDataset.scala:1325)
[info]   at frameless.ops.CubeTests.prop$4(CubeTests.scala:63)
[info]   at frameless.ops.CubeTests.$anonfun$new$67(CubeTests.scala:74)
[info]   at scala.Function1.$anonfun$andThen$1(Function1.scala:87)
[info]   at org.scalacheck.Prop$.$anonfun$forAllShrink$2(Prop.scala:868)
[info]   at org.scalacheck.Prop$.secure(Prop.scala:484)
[info]   at org.scalacheck.Prop$.result$1(Prop.scala:868)
[info]   at org.scalacheck.Prop$.$anonfun$forAllShrink$1(Prop.scala:915)
[info]   at org.scalacheck.Prop$.$anonfun$apply$1(Prop.scala:305)
[info]   at org.scalacheck.PropFromFun.apply(Prop.scala:20)
[info]   at org.scalacheck.Test$.workerFun$1(Test.scala:486)
[info]   at org.scalacheck.Test$.$anonfun$check$4(Test.scala:518)
[info]   at org.scalacheck.Test$.$anonfun$check$4$adapted(Test.scala:518)
[info]   at org.scalacheck.Platform$.runWorkers(Platform.scala:42)
[info]   at org.scalacheck.Test$.check(Test.scala:518)
[info]   at org.scalatestplus.scalacheck.UnitCheckerAsserting$CheckerAssertingImpl.check(CheckerAsserting.scala:90)
[info]   at org.scalatestplus.scalacheck.Checkers.check(Checkers.scala:371)
[info]   at org.scalatestplus.scalacheck.Checkers.check$(Checkers.scala:369)
[info]   at frameless.TypedDatasetSuite.check(TypedDatasetSuite.scala:63)
[info]   at frameless.ops.CubeTests.$anonfun$new$47(CubeTests.scala:74)
[info]   at org.scalatest.OutcomeOf.outcomeOf(OutcomeOf.scala:85)
[info]   at org.scalatest.OutcomeOf.outcomeOf$(OutcomeOf.scala:83)
[info]   at org.scalatest.OutcomeOf$.outcomeOf(OutcomeOf.scala:104)
[info]   at org.scalatest.Transformer.apply(Transformer.scala:22)
[info]   at org.scalatest.Transformer.apply(Transformer.scala:20)
[info]   at org.scalatest.funsuite.AnyFunSuiteLike$$anon$1.apply(AnyFunSuiteLike.scala:226)
[info]   at org.scalatest.TestSuite.withFixture(TestSuite.scala:196)
[info]   at org.scalatest.TestSuite.withFixture$(TestSuite.scala:195)
[info]   at org.scalatest.funsuite.AnyFunSuite.withFixture(AnyFunSuite.scala:1564)
[info]   at org.scalatest.funsuite.AnyFunSuiteLike.invokeWithFixture$1(AnyFunSuiteLike.scala:224)
[info]   at org.scalatest.funsuite.AnyFunSuiteLike.$anonfun$runTest$1(AnyFunSuiteLike.scala:236)
[info]   at org.scalatest.SuperEngine.runTestImpl(Engine.scala:306)
[info]   at org.scalatest.funsuite.AnyFunSuiteLike.runTest(AnyFunSuiteLike.scala:236)
[info]   at org.scalatest.funsuite.AnyFunSuiteLike.runTest$(AnyFunSuiteLike.scala:218)
[info]   at org.scalatest.funsuite.AnyFunSuite.runTest(AnyFunSuite.scala:1564)
[info]   at org.scalatest.funsuite.AnyFunSuiteLike.$anonfun$runTests$1(AnyFunSuiteLike.scala:269)
[info]   at org.scalatest.SuperEngine.$anonfun$runTestsInBranch$1(Engine.scala:413)
[info]   at scala.collection.immutable.List.foreach(List.scala:334)
[info]   at org.scalatest.SuperEngine.traverseSubNodes$1(Engine.scala:401)
[info]   at org.scalatest.SuperEngine.runTestsInBranch(Engine.scala:396)
[info]   at org.scalatest.SuperEngine.runTestsImpl(Engine.scala:475)
[info]   at org.scalatest.funsuite.AnyFunSuiteLike.runTests(AnyFunSuiteLike.scala:269)
[info]   at org.scalatest.funsuite.AnyFunSuiteLike.runTests$(AnyFunSuiteLike.scala:268)
[info]   at org.scalatest.funsuite.AnyFunSuite.runTests(AnyFunSuite.scala:1564)
[info]   at org.scalatest.Suite.run(Suite.scala:1114)
[info]   at org.scalatest.Suite.run$(Suite.scala:1096)
[info]   at org.scalatest.funsuite.AnyFunSuite.org$scalatest$funsuite$AnyFunSuiteLike$$super$run(AnyFunSuite.scala:1564)
[info]   at org.scalatest.funsuite.AnyFunSuiteLike.$anonfun$run$1(AnyFunSuiteLike.scala:273)
[info]   at org.scalatest.SuperEngine.runImpl(Engine.scala:535)
[info]   at org.scalatest.funsuite.AnyFunSuiteLike.run(AnyFunSuiteLike.scala:273)
[info]   at org.scalatest.funsuite.AnyFunSuiteLike.run$(AnyFunSuiteLike.scala:272)
[info]   at frameless.TypedDatasetSuite.org$scalatest$BeforeAndAfterAll$$super$run(TypedDatasetSuite.scala:63)
[info]   at org.scalatest.BeforeAndAfterAll.liftedTree1$1(BeforeAndAfterAll.scala:213)
[info]   at org.scalatest.BeforeAndAfterAll.run(BeforeAndAfterAll.scala:210)
[info]   at org.scalatest.BeforeAndAfterAll.run$(BeforeAndAfterAll.scala:208)
[info]   at frameless.TypedDatasetSuite.run(TypedDatasetSuite.scala:63)
[info]   at org.scalatest.tools.Framework.org$scalatest$tools$Framework$$runSuite(Framework.scala:321)
[info]   at org.scalatest.tools.Framework$ScalaTestTask.execute(Framework.scala:517)
[info]   at sbt.ForkMain$Run.lambda$runTest$1(ForkMain.java:414)
[info]   at java.base/java.util.concurrent.FutureTask.run(FutureTask.java:317)
[info]   at java.base/java.util.concurrent.ThreadPoolExecutor.runWorker(ThreadPoolExecutor.java:1144)
[info]   at java.base/java.util.concurrent.ThreadPoolExecutor$Worker.run(ThreadPoolExecutor.java:642)
[info]   at java.base/java.lang.Thread.run(Thread.java:1583)
[info]   Cause: java.lang.ClassCastException: Cannot cast scala.reflect.ClassTag$GenericClassTag to org.apache.spark.sql.catalyst.expressions.Expression
[info]   at java.base/java.lang.Class.cast(Class.java:4067)
[info]   at java.base/jdk.internal.reflect.DirectConstructorHandleAccessor.newInstance(DirectConstructorHandleAccessor.java:62)
[info]   at java.base/java.lang.reflect.Constructor.newInstanceWithCaller(Constructor.java:502)
[info]   at java.base/java.lang.reflect.Constructor.newInstance(Constructor.java:486)
[info]   at frameless.TypedExpressionEncoder$.$anonfun$apply$3(TypedExpressionEncoder.scala:55)
[info]   at scala.Option.map(Option.scala:242)
[info]   at frameless.TypedExpressionEncoder$.apply(TypedExpressionEncoder.scala:54)
[info]   at frameless.TypedDataset$.create(TypedDataset.scala:1325)
[info]   at frameless.ops.CubeTests.prop$4(CubeTests.scala:63)
[info]   at frameless.ops.CubeTests.$anonfun$new$67(CubeTests.scala:74)
[info]   at scala.Function1.$anonfun$andThen$1(Function1.scala:87)
[info]   at org.scalacheck.Prop$.$anonfun$forAllShrink$2(Prop.scala:868)
[info]   at org.scalacheck.Prop$.secure(Prop.scala:484)
[info]   at org.scalacheck.Prop$.result$1(Prop.scala:868)
[info]   at org.scalacheck.Prop$.$anonfun$forAllShrink$1(Prop.scala:915)
[info]   at org.scalacheck.Prop$.$anonfun$apply$1(Prop.scala:305)
[info]   at org.scalacheck.PropFromFun.apply(Prop.scala:20)
[info]   at org.scalacheck.Test$.workerFun$1(Test.scala:486)
[info]   at org.scalacheck.Test$.$anonfun$check$4(Test.scala:518)
[info]   at org.scalacheck.Test$.$anonfun$check$4$adapted(Test.scala:518)
[info]   at org.scalacheck.Platform$.runWorkers(Platform.scala:42)
[info]   at org.scalacheck.Test$.check(Test.scala:518)
[info]   at org.scalatestplus.scalacheck.UnitCheckerAsserting$CheckerAssertingImpl.check(CheckerAsserting.scala:90)
[info]   at org.scalatestplus.scalacheck.Checkers.check(Checkers.scala:371)
[info]   at org.scalatestplus.scalacheck.Checkers.check$(Checkers.scala:369)
[info]   at frameless.TypedDatasetSuite.check(TypedDatasetSuite.scala:63)
[info]   at frameless.ops.CubeTests.$anonfun$new$47(CubeTests.scala:74)
[info]   at org.scalatest.OutcomeOf.outcomeOf(OutcomeOf.scala:85)
[info]   at org.scalatest.OutcomeOf.outcomeOf$(OutcomeOf.scala:83)
[info]   at org.scalatest.OutcomeOf$.outcomeOf(OutcomeOf.scala:104)
[info]   at org.scalatest.Transformer.apply(Transformer.scala:22)
[info]   at org.scalatest.Transformer.apply(Transformer.scala:20)
[info]   at org.scalatest.funsuite.AnyFunSuiteLike$$anon$1.apply(AnyFunSuiteLike.scala:226)
[info]   at org.scalatest.TestSuite.withFixture(TestSuite.scala:196)
[info]   at org.scalatest.TestSuite.withFixture$(TestSuite.scala:195)
[info]   at org.scalatest.funsuite.AnyFunSuite.withFixture(AnyFunSuite.scala:1564)
[info]   at org.scalatest.funsuite.AnyFunSuiteLike.invokeWithFixture$1(AnyFunSuiteLike.scala:224)
[info]   at org.scalatest.funsuite.AnyFunSuiteLike.$anonfun$runTest$1(AnyFunSuiteLike.scala:236)
[info]   at org.scalatest.SuperEngine.runTestImpl(Engine.scala:306)
[info]   at org.scalatest.funsuite.AnyFunSuiteLike.runTest(AnyFunSuiteLike.scala:236)
[info]   at org.scalatest.funsuite.AnyFunSuiteLike.runTest$(AnyFunSuiteLike.scala:218)
[info]   at org.scalatest.funsuite.AnyFunSuite.runTest(AnyFunSuite.scala:1564)
[info]   at org.scalatest.funsuite.AnyFunSuiteLike.$anonfun$runTests$1(AnyFunSuiteLike.scala:269)
[info]   at org.scalatest.SuperEngine.$anonfun$runTestsInBranch$1(Engine.scala:413)
[info]   at scala.collection.immutable.List.foreach(List.scala:334)
[info]   at org.scalatest.SuperEngine.traverseSubNodes$1(Engine.scala:401)
[info]   at org.scalatest.SuperEngine.runTestsInBranch(Engine.scala:396)
[info]   at org.scalatest.SuperEngine.runTestsImpl(Engine.scala:475)
[info]   at org.scalatest.funsuite.AnyFunSuiteLike.runTests(AnyFunSuiteLike.scala:269)
[info]   at org.scalatest.funsuite.AnyFunSuiteLike.runTests$(AnyFunSuiteLike.scala:268)
[info]   at org.scalatest.funsuite.AnyFunSuite.runTests(AnyFunSuite.scala:1564)
[info]   at org.scalatest.Suite.run(Suite.scala:1114)
[info]   at org.scalatest.Suite.run$(Suite.scala:1096)
[info]   at org.scalatest.funsuite.AnyFunSuite.org$scalatest$funsuite$AnyFunSuiteLike$$super$run(AnyFunSuite.scala:1564)
[info]   at org.scalatest.funsuite.AnyFunSuiteLike.$anonfun$run$1(AnyFunSuiteLike.scala:273)
[info]   at org.scalatest.SuperEngine.runImpl(Engine.scala:535)
[info]   at org.scalatest.funsuite.AnyFunSuiteLike.run(AnyFunSuiteLike.scala:273)
[info]   at org.scalatest.funsuite.AnyFunSuiteLike.run$(AnyFunSuiteLike.scala:272)
[info]   at frameless.TypedDatasetSuite.org$scalatest$BeforeAndAfterAll$$super$run(TypedDatasetSuite.scala:63)
[info]   at org.scalatest.BeforeAndAfterAll.liftedTree1$1(BeforeAndAfterAll.scala:213)
[info]   at org.scalatest.BeforeAndAfterAll.run(BeforeAndAfterAll.scala:210)
[info]   at org.scalatest.BeforeAndAfterAll.run$(BeforeAndAfterAll.scala:208)
[info]   at frameless.TypedDatasetSuite.run(TypedDatasetSuite.scala:63)
[info]   at org.scalatest.tools.Framework.org$scalatest$tools$Framework$$runSuite(Framework.scala:321)
[info]   at org.scalatest.tools.Framework$ScalaTestTask.execute(Framework.scala:517)
[info]   at sbt.ForkMain$Run.lambda$runTest$1(ForkMain.java:414)
[info]   at java.base/java.util.concurrent.FutureTask.run(FutureTask.java:317)
[info]   at java.base/java.util.concurrent.ThreadPoolExecutor.runWorker(ThreadPoolExecutor.java:1144)
[info]   at java.base/java.util.concurrent.ThreadPoolExecutor$Worker.run(ThreadPoolExecutor.java:642)
[info]   at java.base/java.lang.Thread.run(Thread.java:1583)
[info] - cube('a).agg(sum('b), sum('c)) to cube('a).agg(sum('a), sum('b), sum('a), sum('b), sum('a)) *** FAILED *** (3 milliseconds)
[info]   IllegalArgumentException was thrown during property evaluation.
[info]     Message: argument type mismatch
[info]     Occurred when passed generated values (
[info]       arg0 = List()
[info]     )
[info]   org.scalatest.exceptions.GeneratorDrivenPropertyCheckFailedException:
[info]   at org.scalatestplus.scalacheck.CheckerAsserting$$anon$2.indicateFailure(CheckerAsserting.scala:251)
[info]   at org.scalatestplus.scalacheck.CheckerAsserting$$anon$2.indicateFailure(CheckerAsserting.scala:238)
[info]   at org.scalatestplus.scalacheck.UnitCheckerAsserting$CheckerAssertingImpl.check(CheckerAsserting.scala:160)
[info]   at org.scalatestplus.scalacheck.Checkers.check(Checkers.scala:371)
[info]   at org.scalatestplus.scalacheck.Checkers.check$(Checkers.scala:369)
[info]   at frameless.TypedDatasetSuite.check(TypedDatasetSuite.scala:63)
[info]   at frameless.ops.CubeTests.$anonfun$new$69(CubeTests.scala:136)
[info]   at org.scalatest.OutcomeOf.outcomeOf(OutcomeOf.scala:85)
[info]   at org.scalatest.OutcomeOf.outcomeOf$(OutcomeOf.scala:83)
[info]   at org.scalatest.OutcomeOf$.outcomeOf(OutcomeOf.scala:104)
[info]   at org.scalatest.Transformer.apply(Transformer.scala:22)
[info]   at org.scalatest.Transformer.apply(Transformer.scala:20)
[info]   at org.scalatest.funsuite.AnyFunSuiteLike$$anon$1.apply(AnyFunSuiteLike.scala:226)
[info]   at org.scalatest.TestSuite.withFixture(TestSuite.scala:196)
[info]   at org.scalatest.TestSuite.withFixture$(TestSuite.scala:195)
[info]   at org.scalatest.funsuite.AnyFunSuite.withFixture(AnyFunSuite.scala:1564)
[info]   at org.scalatest.funsuite.AnyFunSuiteLike.invokeWithFixture$1(AnyFunSuiteLike.scala:224)
[info]   at org.scalatest.funsuite.AnyFunSuiteLike.$anonfun$runTest$1(AnyFunSuiteLike.scala:236)
[info]   at org.scalatest.SuperEngine.runTestImpl(Engine.scala:306)
[info]   at org.scalatest.funsuite.AnyFunSuiteLike.runTest(AnyFunSuiteLike.scala:236)
[info]   at org.scalatest.funsuite.AnyFunSuiteLike.runTest$(AnyFunSuiteLike.scala:218)
[info]   at org.scalatest.funsuite.AnyFunSuite.runTest(AnyFunSuite.scala:1564)
[info]   at org.scalatest.funsuite.AnyFunSuiteLike.$anonfun$runTests$1(AnyFunSuiteLike.scala:269)
[info]   at org.scalatest.SuperEngine.$anonfun$runTestsInBranch$1(Engine.scala:413)
[info]   at scala.collection.immutable.List.foreach(List.scala:334)
[info]   at org.scalatest.SuperEngine.traverseSubNodes$1(Engine.scala:401)
[info]   at org.scalatest.SuperEngine.runTestsInBranch(Engine.scala:396)
[info]   at org.scalatest.SuperEngine.runTestsImpl(Engine.scala:475)
[info]   at org.scalatest.funsuite.AnyFunSuiteLike.runTests(AnyFunSuiteLike.scala:269)
[info]   at org.scalatest.funsuite.AnyFunSuiteLike.runTests$(AnyFunSuiteLike.scala:268)
[info]   at org.scalatest.funsuite.AnyFunSuite.runTests(AnyFunSuite.scala:1564)
[info]   at org.scalatest.Suite.run(Suite.scala:1114)
[info]   at org.scalatest.Suite.run$(Suite.scala:1096)
[info]   at org.scalatest.funsuite.AnyFunSuite.org$scalatest$funsuite$AnyFunSuiteLike$$super$run(AnyFunSuite.scala:1564)
[info]   at org.scalatest.funsuite.AnyFunSuiteLike.$anonfun$run$1(AnyFunSuiteLike.scala:273)
[info]   at org.scalatest.SuperEngine.runImpl(Engine.scala:535)
[info]   at org.scalatest.funsuite.AnyFunSuiteLike.run(AnyFunSuiteLike.scala:273)
[info]   at org.scalatest.funsuite.AnyFunSuiteLike.run$(AnyFunSuiteLike.scala:272)
[info]   at frameless.TypedDatasetSuite.org$scalatest$BeforeAndAfterAll$$super$run(TypedDatasetSuite.scala:63)
[info]   at org.scalatest.BeforeAndAfterAll.liftedTree1$1(BeforeAndAfterAll.scala:213)
[info]   at org.scalatest.BeforeAndAfterAll.run(BeforeAndAfterAll.scala:210)
[info]   at org.scalatest.BeforeAndAfterAll.run$(BeforeAndAfterAll.scala:208)
[info]   at frameless.TypedDatasetSuite.run(TypedDatasetSuite.scala:63)
[info]   at org.scalatest.tools.Framework.org$scalatest$tools$Framework$$runSuite(Framework.scala:321)
[info]   at org.scalatest.tools.Framework$ScalaTestTask.execute(Framework.scala:517)
[info]   at sbt.ForkMain$Run.lambda$runTest$1(ForkMain.java:414)
[info]   at java.base/java.util.concurrent.FutureTask.run(FutureTask.java:317)
[info]   at java.base/java.util.concurrent.ThreadPoolExecutor.runWorker(ThreadPoolExecutor.java:1144)
[info]   at java.base/java.util.concurrent.ThreadPoolExecutor$Worker.run(ThreadPoolExecutor.java:642)
[info]   at java.base/java.lang.Thread.run(Thread.java:1583)
[info]   Cause: java.lang.IllegalArgumentException: argument type mismatch
[info]   at java.base/jdk.internal.reflect.DirectConstructorHandleAccessor.newInstance(DirectConstructorHandleAccessor.java:65)
[info]   at java.base/java.lang.reflect.Constructor.newInstanceWithCaller(Constructor.java:502)
[info]   at java.base/java.lang.reflect.Constructor.newInstance(Constructor.java:486)
[info]   at frameless.TypedExpressionEncoder$.$anonfun$apply$3(TypedExpressionEncoder.scala:55)
[info]   at scala.Option.map(Option.scala:242)
[info]   at frameless.TypedExpressionEncoder$.apply(TypedExpressionEncoder.scala:54)
[info]   at frameless.TypedDataset$.create(TypedDataset.scala:1325)
[info]   at frameless.ops.CubeTests.prop$5(CubeTests.scala:89)
[info]   at frameless.ops.CubeTests.$anonfun$new$103(CubeTests.scala:136)
[info]   at scala.Function1.$anonfun$andThen$1(Function1.scala:87)
[info]   at org.scalacheck.Prop$.$anonfun$forAllShrink$2(Prop.scala:868)
[info]   at org.scalacheck.Prop$.secure(Prop.scala:484)
[info]   at org.scalacheck.Prop$.result$1(Prop.scala:868)
[info]   at org.scalacheck.Prop$.$anonfun$forAllShrink$1(Prop.scala:915)
[info]   at org.scalacheck.Prop$.$anonfun$apply$1(Prop.scala:305)
[info]   at org.scalacheck.PropFromFun.apply(Prop.scala:20)
[info]   at org.scalacheck.Test$.workerFun$1(Test.scala:486)
[info]   at org.scalacheck.Test$.$anonfun$check$4(Test.scala:518)
[info]   at org.scalacheck.Test$.$anonfun$check$4$adapted(Test.scala:518)
[info]   at org.scalacheck.Platform$.runWorkers(Platform.scala:42)
[info]   at org.scalacheck.Test$.check(Test.scala:518)
[info]   at org.scalatestplus.scalacheck.UnitCheckerAsserting$CheckerAssertingImpl.check(CheckerAsserting.scala:90)
[info]   at org.scalatestplus.scalacheck.Checkers.check(Checkers.scala:371)
[info]   at org.scalatestplus.scalacheck.Checkers.check$(Checkers.scala:369)
[info]   at frameless.TypedDatasetSuite.check(TypedDatasetSuite.scala:63)
[info]   at frameless.ops.CubeTests.$anonfun$new$69(CubeTests.scala:136)
[info]   at org.scalatest.OutcomeOf.outcomeOf(OutcomeOf.scala:85)
[info]   at org.scalatest.OutcomeOf.outcomeOf$(OutcomeOf.scala:83)
[info]   at org.scalatest.OutcomeOf$.outcomeOf(OutcomeOf.scala:104)
[info]   at org.scalatest.Transformer.apply(Transformer.scala:22)
[info]   at org.scalatest.Transformer.apply(Transformer.scala:20)
[info]   at org.scalatest.funsuite.AnyFunSuiteLike$$anon$1.apply(AnyFunSuiteLike.scala:226)
[info]   at org.scalatest.TestSuite.withFixture(TestSuite.scala:196)
[info]   at org.scalatest.TestSuite.withFixture$(TestSuite.scala:195)
[info]   at org.scalatest.funsuite.AnyFunSuite.withFixture(AnyFunSuite.scala:1564)
[info]   at org.scalatest.funsuite.AnyFunSuiteLike.invokeWithFixture$1(AnyFunSuiteLike.scala:224)
[info]   at org.scalatest.funsuite.AnyFunSuiteLike.$anonfun$runTest$1(AnyFunSuiteLike.scala:236)
[info]   at org.scalatest.SuperEngine.runTestImpl(Engine.scala:306)
[info]   at org.scalatest.funsuite.AnyFunSuiteLike.runTest(AnyFunSuiteLike.scala:236)
[info]   at org.scalatest.funsuite.AnyFunSuiteLike.runTest$(AnyFunSuiteLike.scala:218)
[info]   at org.scalatest.funsuite.AnyFunSuite.runTest(AnyFunSuite.scala:1564)
[info]   at org.scalatest.funsuite.AnyFunSuiteLike.$anonfun$runTests$1(AnyFunSuiteLike.scala:269)
[info]   at org.scalatest.SuperEngine.$anonfun$runTestsInBranch$1(Engine.scala:413)
[info]   at scala.collection.immutable.List.foreach(List.scala:334)
[info]   at org.scalatest.SuperEngine.traverseSubNodes$1(Engine.scala:401)
[info]   at org.scalatest.SuperEngine.runTestsInBranch(Engine.scala:396)
[info]   at org.scalatest.SuperEngine.runTestsImpl(Engine.scala:475)
[info]   at org.scalatest.funsuite.AnyFunSuiteLike.runTests(AnyFunSuiteLike.scala:269)
[info]   at org.scalatest.funsuite.AnyFunSuiteLike.runTests$(AnyFunSuiteLike.scala:268)
[info]   at org.scalatest.funsuite.AnyFunSuite.runTests(AnyFunSuite.scala:1564)
[info]   at org.scalatest.Suite.run(Suite.scala:1114)
[info]   at org.scalatest.Suite.run$(Suite.scala:1096)
[info]   at org.scalatest.funsuite.AnyFunSuite.org$scalatest$funsuite$AnyFunSuiteLike$$super$run(AnyFunSuite.scala:1564)
[info]   at org.scalatest.funsuite.AnyFunSuiteLike.$anonfun$run$1(AnyFunSuiteLike.scala:273)
[info]   at org.scalatest.SuperEngine.runImpl(Engine.scala:535)
[info]   at org.scalatest.funsuite.AnyFunSuiteLike.run(AnyFunSuiteLike.scala:273)
[info]   at org.scalatest.funsuite.AnyFunSuiteLike.run$(AnyFunSuiteLike.scala:272)
[info]   at frameless.TypedDatasetSuite.org$scalatest$BeforeAndAfterAll$$super$run(TypedDatasetSuite.scala:63)
[info]   at org.scalatest.BeforeAndAfterAll.liftedTree1$1(BeforeAndAfterAll.scala:213)
[info]   at org.scalatest.BeforeAndAfterAll.run(BeforeAndAfterAll.scala:210)
[info]   at org.scalatest.BeforeAndAfterAll.run$(BeforeAndAfterAll.scala:208)
[info]   at frameless.TypedDatasetSuite.run(TypedDatasetSuite.scala:63)
[info]   at org.scalatest.tools.Framework.org$scalatest$tools$Framework$$runSuite(Framework.scala:321)
[info]   at org.scalatest.tools.Framework$ScalaTestTask.execute(Framework.scala:517)
[info]   at sbt.ForkMain$Run.lambda$runTest$1(ForkMain.java:414)
[info]   at java.base/java.util.concurrent.FutureTask.run(FutureTask.java:317)
[info]   at java.base/java.util.concurrent.ThreadPoolExecutor.runWorker(ThreadPoolExecutor.java:1144)
[info]   at java.base/java.util.concurrent.ThreadPoolExecutor$Worker.run(ThreadPoolExecutor.java:642)
[info]   at java.base/java.lang.Thread.run(Thread.java:1583)
[info]   Cause: java.lang.ClassCastException: Cannot cast scala.reflect.ClassTag$GenericClassTag to org.apache.spark.sql.catalyst.expressions.Expression
[info]   at java.base/java.lang.Class.cast(Class.java:4067)
[info]   at java.base/jdk.internal.reflect.DirectConstructorHandleAccessor.newInstance(DirectConstructorHandleAccessor.java:62)
[info]   at java.base/java.lang.reflect.Constructor.newInstanceWithCaller(Constructor.java:502)
[info]   at java.base/java.lang.reflect.Constructor.newInstance(Constructor.java:486)
[info]   at frameless.TypedExpressionEncoder$.$anonfun$apply$3(TypedExpressionEncoder.scala:55)
[info]   at scala.Option.map(Option.scala:242)
[info]   at frameless.TypedExpressionEncoder$.apply(TypedExpressionEncoder.scala:54)
[info]   at frameless.TypedDataset$.create(TypedDataset.scala:1325)
[info]   at frameless.ops.CubeTests.prop$5(CubeTests.scala:89)
[info]   at frameless.ops.CubeTests.$anonfun$new$103(CubeTests.scala:136)
[info]   at scala.Function1.$anonfun$andThen$1(Function1.scala:87)
[info]   at org.scalacheck.Prop$.$anonfun$forAllShrink$2(Prop.scala:868)
[info]   at org.scalacheck.Prop$.secure(Prop.scala:484)
[info]   at org.scalacheck.Prop$.result$1(Prop.scala:868)
[info]   at org.scalacheck.Prop$.$anonfun$forAllShrink$1(Prop.scala:915)
[info]   at org.scalacheck.Prop$.$anonfun$apply$1(Prop.scala:305)
[info]   at org.scalacheck.PropFromFun.apply(Prop.scala:20)
[info]   at org.scalacheck.Test$.workerFun$1(Test.scala:486)
[info]   at org.scalacheck.Test$.$anonfun$check$4(Test.scala:518)
[info]   at org.scalacheck.Test$.$anonfun$check$4$adapted(Test.scala:518)
[info]   at org.scalacheck.Platform$.runWorkers(Platform.scala:42)
[info]   at org.scalacheck.Test$.check(Test.scala:518)
[info]   at org.scalatestplus.scalacheck.UnitCheckerAsserting$CheckerAssertingImpl.check(CheckerAsserting.scala:90)
[info]   at org.scalatestplus.scalacheck.Checkers.check(Checkers.scala:371)
[info]   at org.scalatestplus.scalacheck.Checkers.check$(Checkers.scala:369)
[info]   at frameless.TypedDatasetSuite.check(TypedDatasetSuite.scala:63)
[info]   at frameless.ops.CubeTests.$anonfun$new$69(CubeTests.scala:136)
[info]   at org.scalatest.OutcomeOf.outcomeOf(OutcomeOf.scala:85)
[info]   at org.scalatest.OutcomeOf.outcomeOf$(OutcomeOf.scala:83)
[info]   at org.scalatest.OutcomeOf$.outcomeOf(OutcomeOf.scala:104)
[info]   at org.scalatest.Transformer.apply(Transformer.scala:22)
[info]   at org.scalatest.Transformer.apply(Transformer.scala:20)
[info]   at org.scalatest.funsuite.AnyFunSuiteLike$$anon$1.apply(AnyFunSuiteLike.scala:226)
[info]   at org.scalatest.TestSuite.withFixture(TestSuite.scala:196)
[info]   at org.scalatest.TestSuite.withFixture$(TestSuite.scala:195)
[info]   at org.scalatest.funsuite.AnyFunSuite.withFixture(AnyFunSuite.scala:1564)
[info]   at org.scalatest.funsuite.AnyFunSuiteLike.invokeWithFixture$1(AnyFunSuiteLike.scala:224)
[info]   at org.scalatest.funsuite.AnyFunSuiteLike.$anonfun$runTest$1(AnyFunSuiteLike.scala:236)
[info]   at org.scalatest.SuperEngine.runTestImpl(Engine.scala:306)
[info]   at org.scalatest.funsuite.AnyFunSuiteLike.runTest(AnyFunSuiteLike.scala:236)
[info]   at org.scalatest.funsuite.AnyFunSuiteLike.runTest$(AnyFunSuiteLike.scala:218)
[info]   at org.scalatest.funsuite.AnyFunSuite.runTest(AnyFunSuite.scala:1564)
[info]   at org.scalatest.funsuite.AnyFunSuiteLike.$anonfun$runTests$1(AnyFunSuiteLike.scala:269)
[info]   at org.scalatest.SuperEngine.$anonfun$runTestsInBranch$1(Engine.scala:413)
[info]   at scala.collection.immutable.List.foreach(List.scala:334)
[info]   at org.scalatest.SuperEngine.traverseSubNodes$1(Engine.scala:401)
[info]   at org.scalatest.SuperEngine.runTestsInBranch(Engine.scala:396)
[info]   at org.scalatest.SuperEngine.runTestsImpl(Engine.scala:475)
[info]   at org.scalatest.funsuite.AnyFunSuiteLike.runTests(AnyFunSuiteLike.scala:269)
[info]   at org.scalatest.funsuite.AnyFunSuiteLike.runTests$(AnyFunSuiteLike.scala:268)
[info]   at org.scalatest.funsuite.AnyFunSuite.runTests(AnyFunSuite.scala:1564)
[info]   at org.scalatest.Suite.run(Suite.scala:1114)
[info]   at org.scalatest.Suite.run$(Suite.scala:1096)
[info]   at org.scalatest.funsuite.AnyFunSuite.org$scalatest$funsuite$AnyFunSuiteLike$$super$run(AnyFunSuite.scala:1564)
[info]   at org.scalatest.funsuite.AnyFunSuiteLike.$anonfun$run$1(AnyFunSuiteLike.scala:273)
[info]   at org.scalatest.SuperEngine.runImpl(Engine.scala:535)
[info]   at org.scalatest.funsuite.AnyFunSuiteLike.run(AnyFunSuiteLike.scala:273)
[info]   at org.scalatest.funsuite.AnyFunSuiteLike.run$(AnyFunSuiteLike.scala:272)
[info]   at frameless.TypedDatasetSuite.org$scalatest$BeforeAndAfterAll$$super$run(TypedDatasetSuite.scala:63)
[info]   at org.scalatest.BeforeAndAfterAll.liftedTree1$1(BeforeAndAfterAll.scala:213)
[info]   at org.scalatest.BeforeAndAfterAll.run(BeforeAndAfterAll.scala:210)
[info]   at org.scalatest.BeforeAndAfterAll.run$(BeforeAndAfterAll.scala:208)
[info]   at frameless.TypedDatasetSuite.run(TypedDatasetSuite.scala:63)
[info]   at org.scalatest.tools.Framework.org$scalatest$tools$Framework$$runSuite(Framework.scala:321)
[info]   at org.scalatest.tools.Framework$ScalaTestTask.execute(Framework.scala:517)
[info]   at sbt.ForkMain$Run.lambda$runTest$1(ForkMain.java:414)
[info]   at java.base/java.util.concurrent.FutureTask.run(FutureTask.java:317)
[info]   at java.base/java.util.concurrent.ThreadPoolExecutor.runWorker(ThreadPoolExecutor.java:1144)
[info]   at java.base/java.util.concurrent.ThreadPoolExecutor$Worker.run(ThreadPoolExecutor.java:642)
[info]   at java.base/java.lang.Thread.run(Thread.java:1583)
[info] - cube('a, 'b).agg(sum('c), sum('d)) *** FAILED *** (3 milliseconds)
[info]   IllegalArgumentException was thrown during property evaluation.
[info]     Message: argument type mismatch
[info]     Occurred when passed generated values (
[info]       arg0 = List()
[info]     )
[info]   org.scalatest.exceptions.GeneratorDrivenPropertyCheckFailedException:
[info]   at org.scalatestplus.scalacheck.CheckerAsserting$$anon$2.indicateFailure(CheckerAsserting.scala:251)
[info]   at org.scalatestplus.scalacheck.CheckerAsserting$$anon$2.indicateFailure(CheckerAsserting.scala:238)
[info]   at org.scalatestplus.scalacheck.UnitCheckerAsserting$CheckerAssertingImpl.check(CheckerAsserting.scala:160)
[info]   at org.scalatestplus.scalacheck.Checkers.check(Checkers.scala:371)
[info]   at org.scalatestplus.scalacheck.Checkers.check$(Checkers.scala:369)
[info]   at frameless.TypedDatasetSuite.check(TypedDatasetSuite.scala:63)
[info]   at frameless.ops.CubeTests.$anonfun$new$105(CubeTests.scala:171)
[info]   at org.scalatest.OutcomeOf.outcomeOf(OutcomeOf.scala:85)
[info]   at org.scalatest.OutcomeOf.outcomeOf$(OutcomeOf.scala:83)
[info]   at org.scalatest.OutcomeOf$.outcomeOf(OutcomeOf.scala:104)
[info]   at org.scalatest.Transformer.apply(Transformer.scala:22)
[info]   at org.scalatest.Transformer.apply(Transformer.scala:20)
[info]   at org.scalatest.funsuite.AnyFunSuiteLike$$anon$1.apply(AnyFunSuiteLike.scala:226)
[info]   at org.scalatest.TestSuite.withFixture(TestSuite.scala:196)
[info]   at org.scalatest.TestSuite.withFixture$(TestSuite.scala:195)
[info]   at org.scalatest.funsuite.AnyFunSuite.withFixture(AnyFunSuite.scala:1564)
[info]   at org.scalatest.funsuite.AnyFunSuiteLike.invokeWithFixture$1(AnyFunSuiteLike.scala:224)
[info]   at org.scalatest.funsuite.AnyFunSuiteLike.$anonfun$runTest$1(AnyFunSuiteLike.scala:236)
[info]   at org.scalatest.SuperEngine.runTestImpl(Engine.scala:306)
[info]   at org.scalatest.funsuite.AnyFunSuiteLike.runTest(AnyFunSuiteLike.scala:236)
[info]   at org.scalatest.funsuite.AnyFunSuiteLike.runTest$(AnyFunSuiteLike.scala:218)
[info]   at org.scalatest.funsuite.AnyFunSuite.runTest(AnyFunSuite.scala:1564)
[info]   at org.scalatest.funsuite.AnyFunSuiteLike.$anonfun$runTests$1(AnyFunSuiteLike.scala:269)
[info]   at org.scalatest.SuperEngine.$anonfun$runTestsInBranch$1(Engine.scala:413)
[info]   at scala.collection.immutable.List.foreach(List.scala:334)
[info]   at org.scalatest.SuperEngine.traverseSubNodes$1(Engine.scala:401)
[info]   at org.scalatest.SuperEngine.runTestsInBranch(Engine.scala:396)
[info]   at org.scalatest.SuperEngine.runTestsImpl(Engine.scala:475)
[info]   at org.scalatest.funsuite.AnyFunSuiteLike.runTests(AnyFunSuiteLike.scala:269)
[info]   at org.scalatest.funsuite.AnyFunSuiteLike.runTests$(AnyFunSuiteLike.scala:268)
[info]   at org.scalatest.funsuite.AnyFunSuite.runTests(AnyFunSuite.scala:1564)
[info]   at org.scalatest.Suite.run(Suite.scala:1114)
[info]   at org.scalatest.Suite.run$(Suite.scala:1096)
[info]   at org.scalatest.funsuite.AnyFunSuite.org$scalatest$funsuite$AnyFunSuiteLike$$super$run(AnyFunSuite.scala:1564)
[info]   at org.scalatest.funsuite.AnyFunSuiteLike.$anonfun$run$1(AnyFunSuiteLike.scala:273)
[info]   at org.scalatest.SuperEngine.runImpl(Engine.scala:535)
[info]   at org.scalatest.funsuite.AnyFunSuiteLike.run(AnyFunSuiteLike.scala:273)
[info]   at org.scalatest.funsuite.AnyFunSuiteLike.run$(AnyFunSuiteLike.scala:272)
[info]   at frameless.TypedDatasetSuite.org$scalatest$BeforeAndAfterAll$$super$run(TypedDatasetSuite.scala:63)
[info]   at org.scalatest.BeforeAndAfterAll.liftedTree1$1(BeforeAndAfterAll.scala:213)
[info]   at org.scalatest.BeforeAndAfterAll.run(BeforeAndAfterAll.scala:210)
[info]   at org.scalatest.BeforeAndAfterAll.run$(BeforeAndAfterAll.scala:208)
[info]   at frameless.TypedDatasetSuite.run(TypedDatasetSuite.scala:63)
[info]   at org.scalatest.tools.Framework.org$scalatest$tools$Framework$$runSuite(Framework.scala:321)
[info]   at org.scalatest.tools.Framework$ScalaTestTask.execute(Framework.scala:517)
[info]   at sbt.ForkMain$Run.lambda$runTest$1(ForkMain.java:414)
[info]   at java.base/java.util.concurrent.FutureTask.run(FutureTask.java:317)
[info]   at java.base/java.util.concurrent.ThreadPoolExecutor.runWorker(ThreadPoolExecutor.java:1144)
[info]   at java.base/java.util.concurrent.ThreadPoolExecutor$Worker.run(ThreadPoolExecutor.java:642)
[info]   at java.base/java.lang.Thread.run(Thread.java:1583)
[info]   Cause: java.lang.IllegalArgumentException: argument type mismatch
[info]   at java.base/jdk.internal.reflect.DirectConstructorHandleAccessor.newInstance(DirectConstructorHandleAccessor.java:65)
[info]   at java.base/java.lang.reflect.Constructor.newInstanceWithCaller(Constructor.java:502)
[info]   at java.base/java.lang.reflect.Constructor.newInstance(Constructor.java:486)
[info]   at frameless.TypedExpressionEncoder$.$anonfun$apply$3(TypedExpressionEncoder.scala:55)
[info]   at scala.Option.map(Option.scala:242)
[info]   at frameless.TypedExpressionEncoder$.apply(TypedExpressionEncoder.scala:54)
[info]   at frameless.TypedDataset$.create(TypedDataset.scala:1325)
[info]   at frameless.ops.CubeTests.prop$6(CubeTests.scala:152)
[info]   at frameless.ops.CubeTests.$anonfun$new$123(CubeTests.scala:171)
[info]   at scala.Function1.$anonfun$andThen$1(Function1.scala:87)
[info]   at org.scalacheck.Prop$.$anonfun$forAllShrink$2(Prop.scala:868)
[info]   at org.scalacheck.Prop$.secure(Prop.scala:484)
[info]   at org.scalacheck.Prop$.result$1(Prop.scala:868)
[info]   at org.scalacheck.Prop$.$anonfun$forAllShrink$1(Prop.scala:915)
[info]   at org.scalacheck.Prop$.$anonfun$apply$1(Prop.scala:305)
[info]   at org.scalacheck.PropFromFun.apply(Prop.scala:20)
[info]   at org.scalacheck.Test$.workerFun$1(Test.scala:486)
[info]   at org.scalacheck.Test$.$anonfun$check$4(Test.scala:518)
[info]   at org.scalacheck.Test$.$anonfun$check$4$adapted(Test.scala:518)
[info]   at org.scalacheck.Platform$.runWorkers(Platform.scala:42)
[info]   at org.scalacheck.Test$.check(Test.scala:518)
[info]   at org.scalatestplus.scalacheck.UnitCheckerAsserting$CheckerAssertingImpl.check(CheckerAsserting.scala:90)
[info]   at org.scalatestplus.scalacheck.Checkers.check(Checkers.scala:371)
[info]   at org.scalatestplus.scalacheck.Checkers.check$(Checkers.scala:369)
[info]   at frameless.TypedDatasetSuite.check(TypedDatasetSuite.scala:63)
[info]   at frameless.ops.CubeTests.$anonfun$new$105(CubeTests.scala:171)
[info]   at org.scalatest.OutcomeOf.outcomeOf(OutcomeOf.scala:85)
[info]   at org.scalatest.OutcomeOf.outcomeOf$(OutcomeOf.scala:83)
[info]   at org.scalatest.OutcomeOf$.outcomeOf(OutcomeOf.scala:104)
[info]   at org.scalatest.Transformer.apply(Transformer.scala:22)
[info]   at org.scalatest.Transformer.apply(Transformer.scala:20)
[info]   at org.scalatest.funsuite.AnyFunSuiteLike$$anon$1.apply(AnyFunSuiteLike.scala:226)
[info]   at org.scalatest.TestSuite.withFixture(TestSuite.scala:196)
[info]   at org.scalatest.TestSuite.withFixture$(TestSuite.scala:195)
[info]   at org.scalatest.funsuite.AnyFunSuite.withFixture(AnyFunSuite.scala:1564)
[info]   at org.scalatest.funsuite.AnyFunSuiteLike.invokeWithFixture$1(AnyFunSuiteLike.scala:224)
[info]   at org.scalatest.funsuite.AnyFunSuiteLike.$anonfun$runTest$1(AnyFunSuiteLike.scala:236)
[info]   at org.scalatest.SuperEngine.runTestImpl(Engine.scala:306)
[info]   at org.scalatest.funsuite.AnyFunSuiteLike.runTest(AnyFunSuiteLike.scala:236)
[info]   at org.scalatest.funsuite.AnyFunSuiteLike.runTest$(AnyFunSuiteLike.scala:218)
[info]   at org.scalatest.funsuite.AnyFunSuite.runTest(AnyFunSuite.scala:1564)
[info]   at org.scalatest.funsuite.AnyFunSuiteLike.$anonfun$runTests$1(AnyFunSuiteLike.scala:269)
[info]   at org.scalatest.SuperEngine.$anonfun$runTestsInBranch$1(Engine.scala:413)
[info]   at scala.collection.immutable.List.foreach(List.scala:334)
[info]   at org.scalatest.SuperEngine.traverseSubNodes$1(Engine.scala:401)
[info]   at org.scalatest.SuperEngine.runTestsInBranch(Engine.scala:396)
[info]   at org.scalatest.SuperEngine.runTestsImpl(Engine.scala:475)
[info]   at org.scalatest.funsuite.AnyFunSuiteLike.runTests(AnyFunSuiteLike.scala:269)
[info]   at org.scalatest.funsuite.AnyFunSuiteLike.runTests$(AnyFunSuiteLike.scala:268)
[info]   at org.scalatest.funsuite.AnyFunSuite.runTests(AnyFunSuite.scala:1564)
[info]   at org.scalatest.Suite.run(Suite.scala:1114)
[info]   at org.scalatest.Suite.run$(Suite.scala:1096)
[info]   at org.scalatest.funsuite.AnyFunSuite.org$scalatest$funsuite$AnyFunSuiteLike$$super$run(AnyFunSuite.scala:1564)
[info]   at org.scalatest.funsuite.AnyFunSuiteLike.$anonfun$run$1(AnyFunSuiteLike.scala:273)
[info]   at org.scalatest.SuperEngine.runImpl(Engine.scala:535)
[info]   at org.scalatest.funsuite.AnyFunSuiteLike.run(AnyFunSuiteLike.scala:273)
[info]   at org.scalatest.funsuite.AnyFunSuiteLike.run$(AnyFunSuiteLike.scala:272)
[info]   at frameless.TypedDatasetSuite.org$scalatest$BeforeAndAfterAll$$super$run(TypedDatasetSuite.scala:63)
[info]   at org.scalatest.BeforeAndAfterAll.liftedTree1$1(BeforeAndAfterAll.scala:213)
[info]   at org.scalatest.BeforeAndAfterAll.run(BeforeAndAfterAll.scala:210)
[info]   at org.scalatest.BeforeAndAfterAll.run$(BeforeAndAfterAll.scala:208)
[info]   at frameless.TypedDatasetSuite.run(TypedDatasetSuite.scala:63)
[info]   at org.scalatest.tools.Framework.org$scalatest$tools$Framework$$runSuite(Framework.scala:321)
[info]   at org.scalatest.tools.Framework$ScalaTestTask.execute(Framework.scala:517)
[info]   at sbt.ForkMain$Run.lambda$runTest$1(ForkMain.java:414)
[info]   at java.base/java.util.concurrent.FutureTask.run(FutureTask.java:317)
[info]   at java.base/java.util.concurrent.ThreadPoolExecutor.runWorker(ThreadPoolExecutor.java:1144)
[info]   at java.base/java.util.concurrent.ThreadPoolExecutor$Worker.run(ThreadPoolExecutor.java:642)
[info]   at java.base/java.lang.Thread.run(Thread.java:1583)
[info]   Cause: java.lang.ClassCastException: Cannot cast scala.reflect.ClassTag$GenericClassTag to org.apache.spark.sql.catalyst.expressions.Expression
[info]   at java.base/java.lang.Class.cast(Class.java:4067)
[info]   at java.base/jdk.internal.reflect.DirectConstructorHandleAccessor.newInstance(DirectConstructorHandleAccessor.java:62)
[info]   at java.base/java.lang.reflect.Constructor.newInstanceWithCaller(Constructor.java:502)
[info]   at java.base/java.lang.reflect.Constructor.newInstance(Constructor.java:486)
[info]   at frameless.TypedExpressionEncoder$.$anonfun$apply$3(TypedExpressionEncoder.scala:55)
[info]   at scala.Option.map(Option.scala:242)
[info]   at frameless.TypedExpressionEncoder$.apply(TypedExpressionEncoder.scala:54)
[info]   at frameless.TypedDataset$.create(TypedDataset.scala:1325)
[info]   at frameless.ops.CubeTests.prop$6(CubeTests.scala:152)
[info]   at frameless.ops.CubeTests.$anonfun$new$123(CubeTests.scala:171)
[info]   at scala.Function1.$anonfun$andThen$1(Function1.scala:87)
[info]   at org.scalacheck.Prop$.$anonfun$forAllShrink$2(Prop.scala:868)
[info]   at org.scalacheck.Prop$.secure(Prop.scala:484)
[info]   at org.scalacheck.Prop$.result$1(Prop.scala:868)
[info]   at org.scalacheck.Prop$.$anonfun$forAllShrink$1(Prop.scala:915)
[info]   at org.scalacheck.Prop$.$anonfun$apply$1(Prop.scala:305)
[info]   at org.scalacheck.PropFromFun.apply(Prop.scala:20)
[info]   at org.scalacheck.Test$.workerFun$1(Test.scala:486)
[info]   at org.scalacheck.Test$.$anonfun$check$4(Test.scala:518)
[info]   at org.scalacheck.Test$.$anonfun$check$4$adapted(Test.scala:518)
[info]   at org.scalacheck.Platform$.runWorkers(Platform.scala:42)
[info]   at org.scalacheck.Test$.check(Test.scala:518)
[info]   at org.scalatestplus.scalacheck.UnitCheckerAsserting$CheckerAssertingImpl.check(CheckerAsserting.scala:90)
[info]   at org.scalatestplus.scalacheck.Checkers.check(Checkers.scala:371)
[info]   at org.scalatestplus.scalacheck.Checkers.check$(Checkers.scala:369)
[info]   at frameless.TypedDatasetSuite.check(TypedDatasetSuite.scala:63)
[info]   at frameless.ops.CubeTests.$anonfun$new$105(CubeTests.scala:171)
[info]   at org.scalatest.OutcomeOf.outcomeOf(OutcomeOf.scala:85)
[info]   at org.scalatest.OutcomeOf.outcomeOf$(OutcomeOf.scala:83)
[info]   at org.scalatest.OutcomeOf$.outcomeOf(OutcomeOf.scala:104)
[info]   at org.scalatest.Transformer.apply(Transformer.scala:22)
[info]   at org.scalatest.Transformer.apply(Transformer.scala:20)
[info]   at org.scalatest.funsuite.AnyFunSuiteLike$$anon$1.apply(AnyFunSuiteLike.scala:226)
[info]   at org.scalatest.TestSuite.withFixture(TestSuite.scala:196)
[info]   at org.scalatest.TestSuite.withFixture$(TestSuite.scala:195)
[info]   at org.scalatest.funsuite.AnyFunSuite.withFixture(AnyFunSuite.scala:1564)
[info]   at org.scalatest.funsuite.AnyFunSuiteLike.invokeWithFixture$1(AnyFunSuiteLike.scala:224)
[info]   at org.scalatest.funsuite.AnyFunSuiteLike.$anonfun$runTest$1(AnyFunSuiteLike.scala:236)
[info]   at org.scalatest.SuperEngine.runTestImpl(Engine.scala:306)
[info]   at org.scalatest.funsuite.AnyFunSuiteLike.runTest(AnyFunSuiteLike.scala:236)
[info]   at org.scalatest.funsuite.AnyFunSuiteLike.runTest$(AnyFunSuiteLike.scala:218)
[info]   at org.scalatest.funsuite.AnyFunSuite.runTest(AnyFunSuite.scala:1564)
[info]   at org.scalatest.funsuite.AnyFunSuiteLike.$anonfun$runTests$1(AnyFunSuiteLike.scala:269)
[info]   at org.scalatest.SuperEngine.$anonfun$runTestsInBranch$1(Engine.scala:413)
[info]   at scala.collection.immutable.List.foreach(List.scala:334)
[info]   at org.scalatest.SuperEngine.traverseSubNodes$1(Engine.scala:401)
[info]   at org.scalatest.SuperEngine.runTestsInBranch(Engine.scala:396)
[info]   at org.scalatest.SuperEngine.runTestsImpl(Engine.scala:475)
[info]   at org.scalatest.funsuite.AnyFunSuiteLike.runTests(AnyFunSuiteLike.scala:269)
[info]   at org.scalatest.funsuite.AnyFunSuiteLike.runTests$(AnyFunSuiteLike.scala:268)
[info]   at org.scalatest.funsuite.AnyFunSuite.runTests(AnyFunSuite.scala:1564)
[info]   at org.scalatest.Suite.run(Suite.scala:1114)
[info]   at org.scalatest.Suite.run$(Suite.scala:1096)
[info]   at org.scalatest.funsuite.AnyFunSuite.org$scalatest$funsuite$AnyFunSuiteLike$$super$run(AnyFunSuite.scala:1564)
[info]   at org.scalatest.funsuite.AnyFunSuiteLike.$anonfun$run$1(AnyFunSuiteLike.scala:273)
[info]   at org.scalatest.SuperEngine.runImpl(Engine.scala:535)
[info]   at org.scalatest.funsuite.AnyFunSuiteLike.run(AnyFunSuiteLike.scala:273)
[info]   at org.scalatest.funsuite.AnyFunSuiteLike.run$(AnyFunSuiteLike.scala:272)
[info]   at frameless.TypedDatasetSuite.org$scalatest$BeforeAndAfterAll$$super$run(TypedDatasetSuite.scala:63)
[info]   at org.scalatest.BeforeAndAfterAll.liftedTree1$1(BeforeAndAfterAll.scala:213)
[info]   at org.scalatest.BeforeAndAfterAll.run(BeforeAndAfterAll.scala:210)
[info]   at org.scalatest.BeforeAndAfterAll.run$(BeforeAndAfterAll.scala:208)
[info]   at frameless.TypedDatasetSuite.run(TypedDatasetSuite.scala:63)
[info]   at org.scalatest.tools.Framework.org$scalatest$tools$Framework$$runSuite(Framework.scala:321)
[info]   at org.scalatest.tools.Framework$ScalaTestTask.execute(Framework.scala:517)
[info]   at sbt.ForkMain$Run.lambda$runTest$1(ForkMain.java:414)
[info]   at java.base/java.util.concurrent.FutureTask.run(FutureTask.java:317)
[info]   at java.base/java.util.concurrent.ThreadPoolExecutor.runWorker(ThreadPoolExecutor.java:1144)
[info]   at java.base/java.util.concurrent.ThreadPoolExecutor$Worker.run(ThreadPoolExecutor.java:642)
[info]   at java.base/java.lang.Thread.run(Thread.java:1583)
[info] - cube('a, 'b).agg(sum('c)) to cube('a, 'b).agg(sum('c),sum('c),sum('c),sum('c),sum('c)) *** FAILED *** (5 milliseconds)
[info]   IllegalArgumentException was thrown during property evaluation.
[info]     Message: argument type mismatch
[info]     Occurred when passed generated values (
[info]       arg0 = List()
[info]     )
[info]   org.scalatest.exceptions.GeneratorDrivenPropertyCheckFailedException:
[info]   at org.scalatestplus.scalacheck.CheckerAsserting$$anon$2.indicateFailure(CheckerAsserting.scala:251)
[info]   at org.scalatestplus.scalacheck.CheckerAsserting$$anon$2.indicateFailure(CheckerAsserting.scala:238)
[info]   at org.scalatestplus.scalacheck.UnitCheckerAsserting$CheckerAssertingImpl.check(CheckerAsserting.scala:160)
[info]   at org.scalatestplus.scalacheck.Checkers.check(Checkers.scala:371)
[info]   at org.scalatestplus.scalacheck.Checkers.check$(Checkers.scala:369)
[info]   at frameless.TypedDatasetSuite.check(TypedDatasetSuite.scala:63)
[info]   at frameless.ops.CubeTests.$anonfun$new$125(CubeTests.scala:248)
[info]   at org.scalatest.OutcomeOf.outcomeOf(OutcomeOf.scala:85)
[info]   at org.scalatest.OutcomeOf.outcomeOf$(OutcomeOf.scala:83)
[info]   at org.scalatest.OutcomeOf$.outcomeOf(OutcomeOf.scala:104)
[info]   at org.scalatest.Transformer.apply(Transformer.scala:22)
[info]   at org.scalatest.Transformer.apply(Transformer.scala:20)
[info]   at org.scalatest.funsuite.AnyFunSuiteLike$$anon$1.apply(AnyFunSuiteLike.scala:226)
[info]   at org.scalatest.TestSuite.withFixture(TestSuite.scala:196)
[info]   at org.scalatest.TestSuite.withFixture$(TestSuite.scala:195)
[info]   at org.scalatest.funsuite.AnyFunSuite.withFixture(AnyFunSuite.scala:1564)
[info]   at org.scalatest.funsuite.AnyFunSuiteLike.invokeWithFixture$1(AnyFunSuiteLike.scala:224)
[info]   at org.scalatest.funsuite.AnyFunSuiteLike.$anonfun$runTest$1(AnyFunSuiteLike.scala:236)
[info]   at org.scalatest.SuperEngine.runTestImpl(Engine.scala:306)
[info]   at org.scalatest.funsuite.AnyFunSuiteLike.runTest(AnyFunSuiteLike.scala:236)
[info]   at org.scalatest.funsuite.AnyFunSuiteLike.runTest$(AnyFunSuiteLike.scala:218)
[info]   at org.scalatest.funsuite.AnyFunSuite.runTest(AnyFunSuite.scala:1564)
[info]   at org.scalatest.funsuite.AnyFunSuiteLike.$anonfun$runTests$1(AnyFunSuiteLike.scala:269)
[info]   at org.scalatest.SuperEngine.$anonfun$runTestsInBranch$1(Engine.scala:413)
[info]   at scala.collection.immutable.List.foreach(List.scala:334)
[info]   at org.scalatest.SuperEngine.traverseSubNodes$1(Engine.scala:401)
[info]   at org.scalatest.SuperEngine.runTestsInBranch(Engine.scala:396)
[info]   at org.scalatest.SuperEngine.runTestsImpl(Engine.scala:475)
[info]   at org.scalatest.funsuite.AnyFunSuiteLike.runTests(AnyFunSuiteLike.scala:269)
[info]   at org.scalatest.funsuite.AnyFunSuiteLike.runTests$(AnyFunSuiteLike.scala:268)
[info]   at org.scalatest.funsuite.AnyFunSuite.runTests(AnyFunSuite.scala:1564)
[info]   at org.scalatest.Suite.run(Suite.scala:1114)
[info]   at org.scalatest.Suite.run$(Suite.scala:1096)
[info]   at org.scalatest.funsuite.AnyFunSuite.org$scalatest$funsuite$AnyFunSuiteLike$$super$run(AnyFunSuite.scala:1564)
[info]   at org.scalatest.funsuite.AnyFunSuiteLike.$anonfun$run$1(AnyFunSuiteLike.scala:273)
[info]   at org.scalatest.SuperEngine.runImpl(Engine.scala:535)
[info]   at org.scalatest.funsuite.AnyFunSuiteLike.run(AnyFunSuiteLike.scala:273)
[info]   at org.scalatest.funsuite.AnyFunSuiteLike.run$(AnyFunSuiteLike.scala:272)
[info]   at frameless.TypedDatasetSuite.org$scalatest$BeforeAndAfterAll$$super$run(TypedDatasetSuite.scala:63)
[info]   at org.scalatest.BeforeAndAfterAll.liftedTree1$1(BeforeAndAfterAll.scala:213)
[info]   at org.scalatest.BeforeAndAfterAll.run(BeforeAndAfterAll.scala:210)
[info]   at org.scalatest.BeforeAndAfterAll.run$(BeforeAndAfterAll.scala:208)
[info]   at frameless.TypedDatasetSuite.run(TypedDatasetSuite.scala:63)
[info]   at org.scalatest.tools.Framework.org$scalatest$tools$Framework$$runSuite(Framework.scala:321)
[info]   at org.scalatest.tools.Framework$ScalaTestTask.execute(Framework.scala:517)
[info]   at sbt.ForkMain$Run.lambda$runTest$1(ForkMain.java:414)
[info]   at java.base/java.util.concurrent.FutureTask.run(FutureTask.java:317)
[info]   at java.base/java.util.concurrent.ThreadPoolExecutor.runWorker(ThreadPoolExecutor.java:1144)
[info]   at java.base/java.util.concurrent.ThreadPoolExecutor$Worker.run(ThreadPoolExecutor.java:642)
[info]   at java.base/java.lang.Thread.run(Thread.java:1583)
[info]   Cause: java.lang.IllegalArgumentException: argument type mismatch
[info]   at java.base/jdk.internal.reflect.DirectConstructorHandleAccessor.newInstance(DirectConstructorHandleAccessor.java:65)
[info]   at java.base/java.lang.reflect.Constructor.newInstanceWithCaller(Constructor.java:502)
[info]   at java.base/java.lang.reflect.Constructor.newInstance(Constructor.java:486)
[info]   at frameless.TypedExpressionEncoder$.$anonfun$apply$3(TypedExpressionEncoder.scala:55)
[info]   at scala.Option.map(Option.scala:242)
[info]   at frameless.TypedExpressionEncoder$.apply(TypedExpressionEncoder.scala:54)
[info]   at frameless.TypedDataset$.create(TypedDataset.scala:1325)
[info]   at frameless.ops.CubeTests.prop$7(CubeTests.scala:181)
[info]   at frameless.ops.CubeTests.$anonfun$new$165(CubeTests.scala:248)
[info]   at scala.Function1.$anonfun$andThen$1(Function1.scala:87)
[info]   at org.scalacheck.Prop$.$anonfun$forAllShrink$2(Prop.scala:868)
[info]   at org.scalacheck.Prop$.secure(Prop.scala:484)
[info]   at org.scalacheck.Prop$.result$1(Prop.scala:868)
[info]   at org.scalacheck.Prop$.$anonfun$forAllShrink$1(Prop.scala:915)
[info]   at org.scalacheck.Prop$.$anonfun$apply$1(Prop.scala:305)
[info]   at org.scalacheck.PropFromFun.apply(Prop.scala:20)
[info]   at org.scalacheck.Test$.workerFun$1(Test.scala:486)
[info]   at org.scalacheck.Test$.$anonfun$check$4(Test.scala:518)
[info]   at org.scalacheck.Test$.$anonfun$check$4$adapted(Test.scala:518)
[info]   at org.scalacheck.Platform$.runWorkers(Platform.scala:42)
[info]   at org.scalacheck.Test$.check(Test.scala:518)
[info]   at org.scalatestplus.scalacheck.UnitCheckerAsserting$CheckerAssertingImpl.check(CheckerAsserting.scala:90)
[info]   at org.scalatestplus.scalacheck.Checkers.check(Checkers.scala:371)
[info]   at org.scalatestplus.scalacheck.Checkers.check$(Checkers.scala:369)
[info]   at frameless.TypedDatasetSuite.check(TypedDatasetSuite.scala:63)
[info]   at frameless.ops.CubeTests.$anonfun$new$125(CubeTests.scala:248)
[info]   at org.scalatest.OutcomeOf.outcomeOf(OutcomeOf.scala:85)
[info]   at org.scalatest.OutcomeOf.outcomeOf$(OutcomeOf.scala:83)
[info]   at org.scalatest.OutcomeOf$.outcomeOf(OutcomeOf.scala:104)
[info]   at org.scalatest.Transformer.apply(Transformer.scala:22)
[info]   at org.scalatest.Transformer.apply(Transformer.scala:20)
[info]   at org.scalatest.funsuite.AnyFunSuiteLike$$anon$1.apply(AnyFunSuiteLike.scala:226)
[info]   at org.scalatest.TestSuite.withFixture(TestSuite.scala:196)
[info]   at org.scalatest.TestSuite.withFixture$(TestSuite.scala:195)
[info]   at org.scalatest.funsuite.AnyFunSuite.withFixture(AnyFunSuite.scala:1564)
[info]   at org.scalatest.funsuite.AnyFunSuiteLike.invokeWithFixture$1(AnyFunSuiteLike.scala:224)
[info]   at org.scalatest.funsuite.AnyFunSuiteLike.$anonfun$runTest$1(AnyFunSuiteLike.scala:236)
[info]   at org.scalatest.SuperEngine.runTestImpl(Engine.scala:306)
[info]   at org.scalatest.funsuite.AnyFunSuiteLike.runTest(AnyFunSuiteLike.scala:236)
[info]   at org.scalatest.funsuite.AnyFunSuiteLike.runTest$(AnyFunSuiteLike.scala:218)
[info]   at org.scalatest.funsuite.AnyFunSuite.runTest(AnyFunSuite.scala:1564)
[info]   at org.scalatest.funsuite.AnyFunSuiteLike.$anonfun$runTests$1(AnyFunSuiteLike.scala:269)
[info]   at org.scalatest.SuperEngine.$anonfun$runTestsInBranch$1(Engine.scala:413)
[info]   at scala.collection.immutable.List.foreach(List.scala:334)
[info]   at org.scalatest.SuperEngine.traverseSubNodes$1(Engine.scala:401)
[info]   at org.scalatest.SuperEngine.runTestsInBranch(Engine.scala:396)
[info]   at org.scalatest.SuperEngine.runTestsImpl(Engine.scala:475)
[info]   at org.scalatest.funsuite.AnyFunSuiteLike.runTests(AnyFunSuiteLike.scala:269)
[info]   at org.scalatest.funsuite.AnyFunSuiteLike.runTests$(AnyFunSuiteLike.scala:268)
[info]   at org.scalatest.funsuite.AnyFunSuite.runTests(AnyFunSuite.scala:1564)
[info]   at org.scalatest.Suite.run(Suite.scala:1114)
[info]   at org.scalatest.Suite.run$(Suite.scala:1096)
[info]   at org.scalatest.funsuite.AnyFunSuite.org$scalatest$funsuite$AnyFunSuiteLike$$super$run(AnyFunSuite.scala:1564)
[info]   at org.scalatest.funsuite.AnyFunSuiteLike.$anonfun$run$1(AnyFunSuiteLike.scala:273)
[info]   at org.scalatest.SuperEngine.runImpl(Engine.scala:535)
[info]   at org.scalatest.funsuite.AnyFunSuiteLike.run(AnyFunSuiteLike.scala:273)
[info]   at org.scalatest.funsuite.AnyFunSuiteLike.run$(AnyFunSuiteLike.scala:272)
[info]   at frameless.TypedDatasetSuite.org$scalatest$BeforeAndAfterAll$$super$run(TypedDatasetSuite.scala:63)
[info]   at org.scalatest.BeforeAndAfterAll.liftedTree1$1(BeforeAndAfterAll.scala:213)
[info]   at org.scalatest.BeforeAndAfterAll.run(BeforeAndAfterAll.scala:210)
[info]   at org.scalatest.BeforeAndAfterAll.run$(BeforeAndAfterAll.scala:208)
[info]   at frameless.TypedDatasetSuite.run(TypedDatasetSuite.scala:63)
[info]   at org.scalatest.tools.Framework.org$scalatest$tools$Framework$$runSuite(Framework.scala:321)
[info]   at org.scalatest.tools.Framework$ScalaTestTask.execute(Framework.scala:517)
[info]   at sbt.ForkMain$Run.lambda$runTest$1(ForkMain.java:414)
[info]   at java.base/java.util.concurrent.FutureTask.run(FutureTask.java:317)
[info]   at java.base/java.util.concurrent.ThreadPoolExecutor.runWorker(ThreadPoolExecutor.java:1144)
[info]   at java.base/java.util.concurrent.ThreadPoolExecutor$Worker.run(ThreadPoolExecutor.java:642)
[info]   at java.base/java.lang.Thread.run(Thread.java:1583)
[info]   Cause: java.lang.ClassCastException: Cannot cast scala.reflect.ClassTag$GenericClassTag to org.apache.spark.sql.catalyst.expressions.Expression
[info]   at java.base/java.lang.Class.cast(Class.java:4067)
[info]   at java.base/jdk.internal.reflect.DirectConstructorHandleAccessor.newInstance(DirectConstructorHandleAccessor.java:62)
[info]   at java.base/java.lang.reflect.Constructor.newInstanceWithCaller(Constructor.java:502)
[info]   at java.base/java.lang.reflect.Constructor.newInstance(Constructor.java:486)
[info]   at frameless.TypedExpressionEncoder$.$anonfun$apply$3(TypedExpressionEncoder.scala:55)
[info]   at scala.Option.map(Option.scala:242)
[info]   at frameless.TypedExpressionEncoder$.apply(TypedExpressionEncoder.scala:54)
[info]   at frameless.TypedDataset$.create(TypedDataset.scala:1325)
[info]   at frameless.ops.CubeTests.prop$7(CubeTests.scala:181)
[info]   at frameless.ops.CubeTests.$anonfun$new$165(CubeTests.scala:248)
[info]   at scala.Function1.$anonfun$andThen$1(Function1.scala:87)
[info]   at org.scalacheck.Prop$.$anonfun$forAllShrink$2(Prop.scala:868)
[info]   at org.scalacheck.Prop$.secure(Prop.scala:484)
[info]   at org.scalacheck.Prop$.result$1(Prop.scala:868)
[info]   at org.scalacheck.Prop$.$anonfun$forAllShrink$1(Prop.scala:915)
[info]   at org.scalacheck.Prop$.$anonfun$apply$1(Prop.scala:305)
[info]   at org.scalacheck.PropFromFun.apply(Prop.scala:20)
[info]   at org.scalacheck.Test$.workerFun$1(Test.scala:486)
[info]   at org.scalacheck.Test$.$anonfun$check$4(Test.scala:518)
[info]   at org.scalacheck.Test$.$anonfun$check$4$adapted(Test.scala:518)
[info]   at org.scalacheck.Platform$.runWorkers(Platform.scala:42)
[info]   at org.scalacheck.Test$.check(Test.scala:518)
[info]   at org.scalatestplus.scalacheck.UnitCheckerAsserting$CheckerAssertingImpl.check(CheckerAsserting.scala:90)
[info]   at org.scalatestplus.scalacheck.Checkers.check(Checkers.scala:371)
[info]   at org.scalatestplus.scalacheck.Checkers.check$(Checkers.scala:369)
[info]   at frameless.TypedDatasetSuite.check(TypedDatasetSuite.scala:63)
[info]   at frameless.ops.CubeTests.$anonfun$new$125(CubeTests.scala:248)
[info]   at org.scalatest.OutcomeOf.outcomeOf(OutcomeOf.scala:85)
[info]   at org.scalatest.OutcomeOf.outcomeOf$(OutcomeOf.scala:83)
[info]   at org.scalatest.OutcomeOf$.outcomeOf(OutcomeOf.scala:104)
[info]   at org.scalatest.Transformer.apply(Transformer.scala:22)
[info]   at org.scalatest.Transformer.apply(Transformer.scala:20)
[info]   at org.scalatest.funsuite.AnyFunSuiteLike$$anon$1.apply(AnyFunSuiteLike.scala:226)
[info]   at org.scalatest.TestSuite.withFixture(TestSuite.scala:196)
[info]   at org.scalatest.TestSuite.withFixture$(TestSuite.scala:195)
[info]   at org.scalatest.funsuite.AnyFunSuite.withFixture(AnyFunSuite.scala:1564)
[info]   at org.scalatest.funsuite.AnyFunSuiteLike.invokeWithFixture$1(AnyFunSuiteLike.scala:224)
[info]   at org.scalatest.funsuite.AnyFunSuiteLike.$anonfun$runTest$1(AnyFunSuiteLike.scala:236)
[info]   at org.scalatest.SuperEngine.runTestImpl(Engine.scala:306)
[info]   at org.scalatest.funsuite.AnyFunSuiteLike.runTest(AnyFunSuiteLike.scala:236)
[info]   at org.scalatest.funsuite.AnyFunSuiteLike.runTest$(AnyFunSuiteLike.scala:218)
[info]   at org.scalatest.funsuite.AnyFunSuite.runTest(AnyFunSuite.scala:1564)
[info]   at org.scalatest.funsuite.AnyFunSuiteLike.$anonfun$runTests$1(AnyFunSuiteLike.scala:269)
[info]   at org.scalatest.SuperEngine.$anonfun$runTestsInBranch$1(Engine.scala:413)
[info]   at scala.collection.immutable.List.foreach(List.scala:334)
[info]   at org.scalatest.SuperEngine.traverseSubNodes$1(Engine.scala:401)
[info]   at org.scalatest.SuperEngine.runTestsInBranch(Engine.scala:396)
[info]   at org.scalatest.SuperEngine.runTestsImpl(Engine.scala:475)
[info]   at org.scalatest.funsuite.AnyFunSuiteLike.runTests(AnyFunSuiteLike.scala:269)
[info]   at org.scalatest.funsuite.AnyFunSuiteLike.runTests$(AnyFunSuiteLike.scala:268)
[info]   at org.scalatest.funsuite.AnyFunSuite.runTests(AnyFunSuite.scala:1564)
[info]   at org.scalatest.Suite.run(Suite.scala:1114)
[info]   at org.scalatest.Suite.run$(Suite.scala:1096)
[info]   at org.scalatest.funsuite.AnyFunSuite.org$scalatest$funsuite$AnyFunSuiteLike$$super$run(AnyFunSuite.scala:1564)
[info]   at org.scalatest.funsuite.AnyFunSuiteLike.$anonfun$run$1(AnyFunSuiteLike.scala:273)
[info]   at org.scalatest.SuperEngine.runImpl(Engine.scala:535)
[info]   at org.scalatest.funsuite.AnyFunSuiteLike.run(AnyFunSuiteLike.scala:273)
[info]   at org.scalatest.funsuite.AnyFunSuiteLike.run$(AnyFunSuiteLike.scala:272)
[info]   at frameless.TypedDatasetSuite.org$scalatest$BeforeAndAfterAll$$super$run(TypedDatasetSuite.scala:63)
[info]   at org.scalatest.BeforeAndAfterAll.liftedTree1$1(BeforeAndAfterAll.scala:213)
[info]   at org.scalatest.BeforeAndAfterAll.run(BeforeAndAfterAll.scala:210)
[info]   at org.scalatest.BeforeAndAfterAll.run$(BeforeAndAfterAll.scala:208)
[info]   at frameless.TypedDatasetSuite.run(TypedDatasetSuite.scala:63)
[info]   at org.scalatest.tools.Framework.org$scalatest$tools$Framework$$runSuite(Framework.scala:321)
[info]   at org.scalatest.tools.Framework$ScalaTestTask.execute(Framework.scala:517)
[info]   at sbt.ForkMain$Run.lambda$runTest$1(ForkMain.java:414)
[info]   at java.base/java.util.concurrent.FutureTask.run(FutureTask.java:317)
[info]   at java.base/java.util.concurrent.ThreadPoolExecutor.runWorker(ThreadPoolExecutor.java:1144)
[info]   at java.base/java.util.concurrent.ThreadPoolExecutor$Worker.run(ThreadPoolExecutor.java:642)
[info]   at java.base/java.lang.Thread.run(Thread.java:1583)
[info] - cube('a, 'b).mapGroups('a, 'b, sum('c)) *** FAILED *** (6 milliseconds)
[info]   IllegalArgumentException was thrown during property evaluation.
[info]     Message: argument type mismatch
[info]     Occurred when passed generated values (
[info]       arg0 = List()
[info]     )
[info]   org.scalatest.exceptions.GeneratorDrivenPropertyCheckFailedException:
[info]   at org.scalatestplus.scalacheck.CheckerAsserting$$anon$2.indicateFailure(CheckerAsserting.scala:251)
[info]   at org.scalatestplus.scalacheck.CheckerAsserting$$anon$2.indicateFailure(CheckerAsserting.scala:238)
[info]   at org.scalatestplus.scalacheck.UnitCheckerAsserting$CheckerAssertingImpl.check(CheckerAsserting.scala:160)
[info]   at org.scalatestplus.scalacheck.Checkers.check(Checkers.scala:371)
[info]   at org.scalatestplus.scalacheck.Checkers.check$(Checkers.scala:369)
[info]   at frameless.TypedDatasetSuite.check(TypedDatasetSuite.scala:63)
[info]   at frameless.ops.CubeTests.$anonfun$new$167(CubeTests.scala:273)
[info]   at org.scalatest.OutcomeOf.outcomeOf(OutcomeOf.scala:85)
[info]   at org.scalatest.OutcomeOf.outcomeOf$(OutcomeOf.scala:83)
[info]   at org.scalatest.OutcomeOf$.outcomeOf(OutcomeOf.scala:104)
[info]   at org.scalatest.Transformer.apply(Transformer.scala:22)
[info]   at org.scalatest.Transformer.apply(Transformer.scala:20)
[info]   at org.scalatest.funsuite.AnyFunSuiteLike$$anon$1.apply(AnyFunSuiteLike.scala:226)
[info]   at org.scalatest.TestSuite.withFixture(TestSuite.scala:196)
[info]   at org.scalatest.TestSuite.withFixture$(TestSuite.scala:195)
[info]   at org.scalatest.funsuite.AnyFunSuite.withFixture(AnyFunSuite.scala:1564)
[info]   at org.scalatest.funsuite.AnyFunSuiteLike.invokeWithFixture$1(AnyFunSuiteLike.scala:224)
[info]   at org.scalatest.funsuite.AnyFunSuiteLike.$anonfun$runTest$1(AnyFunSuiteLike.scala:236)
[info]   at org.scalatest.SuperEngine.runTestImpl(Engine.scala:306)
[info]   at org.scalatest.funsuite.AnyFunSuiteLike.runTest(AnyFunSuiteLike.scala:236)
[info]   at org.scalatest.funsuite.AnyFunSuiteLike.runTest$(AnyFunSuiteLike.scala:218)
[info]   at org.scalatest.funsuite.AnyFunSuite.runTest(AnyFunSuite.scala:1564)
[info]   at org.scalatest.funsuite.AnyFunSuiteLike.$anonfun$runTests$1(AnyFunSuiteLike.scala:269)
[info]   at org.scalatest.SuperEngine.$anonfun$runTestsInBranch$1(Engine.scala:413)
[info]   at scala.collection.immutable.List.foreach(List.scala:334)
[info]   at org.scalatest.SuperEngine.traverseSubNodes$1(Engine.scala:401)
[info]   at org.scalatest.SuperEngine.runTestsInBranch(Engine.scala:396)
[info]   at org.scalatest.SuperEngine.runTestsImpl(Engine.scala:475)
[info]   at org.scalatest.funsuite.AnyFunSuiteLike.runTests(AnyFunSuiteLike.scala:269)
[info]   at org.scalatest.funsuite.AnyFunSuiteLike.runTests$(AnyFunSuiteLike.scala:268)
[info]   at org.scalatest.funsuite.AnyFunSuite.runTests(AnyFunSuite.scala:1564)
[info]   at org.scalatest.Suite.run(Suite.scala:1114)
[info]   at org.scalatest.Suite.run$(Suite.scala:1096)
[info]   at org.scalatest.funsuite.AnyFunSuite.org$scalatest$funsuite$AnyFunSuiteLike$$super$run(AnyFunSuite.scala:1564)
[info]   at org.scalatest.funsuite.AnyFunSuiteLike.$anonfun$run$1(AnyFunSuiteLike.scala:273)
[info]   at org.scalatest.SuperEngine.runImpl(Engine.scala:535)
[info]   at org.scalatest.funsuite.AnyFunSuiteLike.run(AnyFunSuiteLike.scala:273)
[info]   at org.scalatest.funsuite.AnyFunSuiteLike.run$(AnyFunSuiteLike.scala:272)
[info]   at frameless.TypedDatasetSuite.org$scalatest$BeforeAndAfterAll$$super$run(TypedDatasetSuite.scala:63)
[info]   at org.scalatest.BeforeAndAfterAll.liftedTree1$1(BeforeAndAfterAll.scala:213)
[info]   at org.scalatest.BeforeAndAfterAll.run(BeforeAndAfterAll.scala:210)
[info]   at org.scalatest.BeforeAndAfterAll.run$(BeforeAndAfterAll.scala:208)
[info]   at frameless.TypedDatasetSuite.run(TypedDatasetSuite.scala:63)
[info]   at org.scalatest.tools.Framework.org$scalatest$tools$Framework$$runSuite(Framework.scala:321)
[info]   at org.scalatest.tools.Framework$ScalaTestTask.execute(Framework.scala:517)
[info]   at sbt.ForkMain$Run.lambda$runTest$1(ForkMain.java:414)
[info]   at java.base/java.util.concurrent.FutureTask.run(FutureTask.java:317)
[info]   at java.base/java.util.concurrent.ThreadPoolExecutor.runWorker(ThreadPoolExecutor.java:1144)
[info]   at java.base/java.util.concurrent.ThreadPoolExecutor$Worker.run(ThreadPoolExecutor.java:642)
[info]   at java.base/java.lang.Thread.run(Thread.java:1583)
[info]   Cause: java.lang.IllegalArgumentException: argument type mismatch
[info]   at java.base/jdk.internal.reflect.DirectConstructorHandleAccessor.newInstance(DirectConstructorHandleAccessor.java:65)
[info]   at java.base/java.lang.reflect.Constructor.newInstanceWithCaller(Constructor.java:502)
[info]   at java.base/java.lang.reflect.Constructor.newInstance(Constructor.java:486)
[info]   at frameless.TypedExpressionEncoder$.$anonfun$apply$3(TypedExpressionEncoder.scala:55)
[info]   at scala.Option.map(Option.scala:242)
[info]   at frameless.TypedExpressionEncoder$.apply(TypedExpressionEncoder.scala:54)
[info]   at frameless.TypedDataset$.create(TypedDataset.scala:1325)
[info]   at frameless.ops.CubeTests.prop$8(CubeTests.scala:257)
[info]   at frameless.ops.CubeTests.$anonfun$new$190(CubeTests.scala:273)
[info]   at scala.Function1.$anonfun$andThen$1(Function1.scala:87)
[info]   at org.scalacheck.Prop$.$anonfun$forAllShrink$2(Prop.scala:868)
[info]   at org.scalacheck.Prop$.secure(Prop.scala:484)
[info]   at org.scalacheck.Prop$.result$1(Prop.scala:868)
[info]   at org.scalacheck.Prop$.$anonfun$forAllShrink$1(Prop.scala:915)
[info]   at org.scalacheck.Prop$.$anonfun$apply$1(Prop.scala:305)
[info]   at org.scalacheck.PropFromFun.apply(Prop.scala:20)
[info]   at org.scalacheck.Test$.workerFun$1(Test.scala:486)
[info]   at org.scalacheck.Test$.$anonfun$check$4(Test.scala:518)
[info]   at org.scalacheck.Test$.$anonfun$check$4$adapted(Test.scala:518)
[info]   at org.scalacheck.Platform$.runWorkers(Platform.scala:42)
[info]   at org.scalacheck.Test$.check(Test.scala:518)
[info]   at org.scalatestplus.scalacheck.UnitCheckerAsserting$CheckerAssertingImpl.check(CheckerAsserting.scala:90)
[info]   at org.scalatestplus.scalacheck.Checkers.check(Checkers.scala:371)
[info]   at org.scalatestplus.scalacheck.Checkers.check$(Checkers.scala:369)
[info]   at frameless.TypedDatasetSuite.check(TypedDatasetSuite.scala:63)
[info]   at frameless.ops.CubeTests.$anonfun$new$167(CubeTests.scala:273)
[info]   at org.scalatest.OutcomeOf.outcomeOf(OutcomeOf.scala:85)
[info]   at org.scalatest.OutcomeOf.outcomeOf$(OutcomeOf.scala:83)
[info]   at org.scalatest.OutcomeOf$.outcomeOf(OutcomeOf.scala:104)
[info]   at org.scalatest.Transformer.apply(Transformer.scala:22)
[info]   at org.scalatest.Transformer.apply(Transformer.scala:20)
[info]   at org.scalatest.funsuite.AnyFunSuiteLike$$anon$1.apply(AnyFunSuiteLike.scala:226)
[info]   at org.scalatest.TestSuite.withFixture(TestSuite.scala:196)
[info]   at org.scalatest.TestSuite.withFixture$(TestSuite.scala:195)
[info]   at org.scalatest.funsuite.AnyFunSuite.withFixture(AnyFunSuite.scala:1564)
[info]   at org.scalatest.funsuite.AnyFunSuiteLike.invokeWithFixture$1(AnyFunSuiteLike.scala:224)
[info]   at org.scalatest.funsuite.AnyFunSuiteLike.$anonfun$runTest$1(AnyFunSuiteLike.scala:236)
[info]   at org.scalatest.SuperEngine.runTestImpl(Engine.scala:306)
[info]   at org.scalatest.funsuite.AnyFunSuiteLike.runTest(AnyFunSuiteLike.scala:236)
[info]   at org.scalatest.funsuite.AnyFunSuiteLike.runTest$(AnyFunSuiteLike.scala:218)
[info]   at org.scalatest.funsuite.AnyFunSuite.runTest(AnyFunSuite.scala:1564)
[info]   at org.scalatest.funsuite.AnyFunSuiteLike.$anonfun$runTests$1(AnyFunSuiteLike.scala:269)
[info]   at org.scalatest.SuperEngine.$anonfun$runTestsInBranch$1(Engine.scala:413)
[info]   at scala.collection.immutable.List.foreach(List.scala:334)
[info]   at org.scalatest.SuperEngine.traverseSubNodes$1(Engine.scala:401)
[info]   at org.scalatest.SuperEngine.runTestsInBranch(Engine.scala:396)
[info]   at org.scalatest.SuperEngine.runTestsImpl(Engine.scala:475)
[info]   at org.scalatest.funsuite.AnyFunSuiteLike.runTests(AnyFunSuiteLike.scala:269)
[info]   at org.scalatest.funsuite.AnyFunSuiteLike.runTests$(AnyFunSuiteLike.scala:268)
[info]   at org.scalatest.funsuite.AnyFunSuite.runTests(AnyFunSuite.scala:1564)
[info]   at org.scalatest.Suite.run(Suite.scala:1114)
[info]   at org.scalatest.Suite.run$(Suite.scala:1096)
[info]   at org.scalatest.funsuite.AnyFunSuite.org$scalatest$funsuite$AnyFunSuiteLike$$super$run(AnyFunSuite.scala:1564)
[info]   at org.scalatest.funsuite.AnyFunSuiteLike.$anonfun$run$1(AnyFunSuiteLike.scala:273)
[info]   at org.scalatest.SuperEngine.runImpl(Engine.scala:535)
[info]   at org.scalatest.funsuite.AnyFunSuiteLike.run(AnyFunSuiteLike.scala:273)
[info]   at org.scalatest.funsuite.AnyFunSuiteLike.run$(AnyFunSuiteLike.scala:272)
[info]   at frameless.TypedDatasetSuite.org$scalatest$BeforeAndAfterAll$$super$run(TypedDatasetSuite.scala:63)
[info]   at org.scalatest.BeforeAndAfterAll.liftedTree1$1(BeforeAndAfterAll.scala:213)
[info]   at org.scalatest.BeforeAndAfterAll.run(BeforeAndAfterAll.scala:210)
[info]   at org.scalatest.BeforeAndAfterAll.run$(BeforeAndAfterAll.scala:208)
[info]   at frameless.TypedDatasetSuite.run(TypedDatasetSuite.scala:63)
[info]   at org.scalatest.tools.Framework.org$scalatest$tools$Framework$$runSuite(Framework.scala:321)
[info]   at org.scalatest.tools.Framework$ScalaTestTask.execute(Framework.scala:517)
[info]   at sbt.ForkMain$Run.lambda$runTest$1(ForkMain.java:414)
[info]   at java.base/java.util.concurrent.FutureTask.run(FutureTask.java:317)
[info]   at java.base/java.util.concurrent.ThreadPoolExecutor.runWorker(ThreadPoolExecutor.java:1144)
[info]   at java.base/java.util.concurrent.ThreadPoolExecutor$Worker.run(ThreadPoolExecutor.java:642)
[info]   at java.base/java.lang.Thread.run(Thread.java:1583)
[info]   Cause: java.lang.ClassCastException: Cannot cast scala.reflect.ClassTag$GenericClassTag to org.apache.spark.sql.catalyst.expressions.Expression
[info]   at java.base/java.lang.Class.cast(Class.java:4067)
[info]   at java.base/jdk.internal.reflect.DirectConstructorHandleAccessor.newInstance(DirectConstructorHandleAccessor.java:62)
[info]   at java.base/java.lang.reflect.Constructor.newInstanceWithCaller(Constructor.java:502)
[info]   at java.base/java.lang.reflect.Constructor.newInstance(Constructor.java:486)
[info]   at frameless.TypedExpressionEncoder$.$anonfun$apply$3(TypedExpressionEncoder.scala:55)
[info]   at scala.Option.map(Option.scala:242)
[info]   at frameless.TypedExpressionEncoder$.apply(TypedExpressionEncoder.scala:54)
[info]   at frameless.TypedDataset$.create(TypedDataset.scala:1325)
[info]   at frameless.ops.CubeTests.prop$8(CubeTests.scala:257)
[info]   at frameless.ops.CubeTests.$anonfun$new$190(CubeTests.scala:273)
[info]   at scala.Function1.$anonfun$andThen$1(Function1.scala:87)
[info]   at org.scalacheck.Prop$.$anonfun$forAllShrink$2(Prop.scala:868)
[info]   at org.scalacheck.Prop$.secure(Prop.scala:484)
[info]   at org.scalacheck.Prop$.result$1(Prop.scala:868)
[info]   at org.scalacheck.Prop$.$anonfun$forAllShrink$1(Prop.scala:915)
[info]   at org.scalacheck.Prop$.$anonfun$apply$1(Prop.scala:305)
[info]   at org.scalacheck.PropFromFun.apply(Prop.scala:20)
[info]   at org.scalacheck.Test$.workerFun$1(Test.scala:486)
[info]   at org.scalacheck.Test$.$anonfun$check$4(Test.scala:518)
[info]   at org.scalacheck.Test$.$anonfun$check$4$adapted(Test.scala:518)
[info]   at org.scalacheck.Platform$.runWorkers(Platform.scala:42)
[info]   at org.scalacheck.Test$.check(Test.scala:518)
[info]   at org.scalatestplus.scalacheck.UnitCheckerAsserting$CheckerAssertingImpl.check(CheckerAsserting.scala:90)
[info]   at org.scalatestplus.scalacheck.Checkers.check(Checkers.scala:371)
[info]   at org.scalatestplus.scalacheck.Checkers.check$(Checkers.scala:369)
[info]   at frameless.TypedDatasetSuite.check(TypedDatasetSuite.scala:63)
[info]   at frameless.ops.CubeTests.$anonfun$new$167(CubeTests.scala:273)
[info]   at org.scalatest.OutcomeOf.outcomeOf(OutcomeOf.scala:85)
[info]   at org.scalatest.OutcomeOf.outcomeOf$(OutcomeOf.scala:83)
[info]   at org.scalatest.OutcomeOf$.outcomeOf(OutcomeOf.scala:104)
[info]   at org.scalatest.Transformer.apply(Transformer.scala:22)
[info]   at org.scalatest.Transformer.apply(Transformer.scala:20)
[info]   at org.scalatest.funsuite.AnyFunSuiteLike$$anon$1.apply(AnyFunSuiteLike.scala:226)
[info]   at org.scalatest.TestSuite.withFixture(TestSuite.scala:196)
[info]   at org.scalatest.TestSuite.withFixture$(TestSuite.scala:195)
[info]   at org.scalatest.funsuite.AnyFunSuite.withFixture(AnyFunSuite.scala:1564)
[info]   at org.scalatest.funsuite.AnyFunSuiteLike.invokeWithFixture$1(AnyFunSuiteLike.scala:224)
[info]   at org.scalatest.funsuite.AnyFunSuiteLike.$anonfun$runTest$1(AnyFunSuiteLike.scala:236)
[info]   at org.scalatest.SuperEngine.runTestImpl(Engine.scala:306)
[info]   at org.scalatest.funsuite.AnyFunSuiteLike.runTest(AnyFunSuiteLike.scala:236)
[info]   at org.scalatest.funsuite.AnyFunSuiteLike.runTest$(AnyFunSuiteLike.scala:218)
[info]   at org.scalatest.funsuite.AnyFunSuite.runTest(AnyFunSuite.scala:1564)
[info]   at org.scalatest.funsuite.AnyFunSuiteLike.$anonfun$runTests$1(AnyFunSuiteLike.scala:269)
[info]   at org.scalatest.SuperEngine.$anonfun$runTestsInBranch$1(Engine.scala:413)
[info]   at scala.collection.immutable.List.foreach(List.scala:334)
[info]   at org.scalatest.SuperEngine.traverseSubNodes$1(Engine.scala:401)
[info]   at org.scalatest.SuperEngine.runTestsInBranch(Engine.scala:396)
[info]   at org.scalatest.SuperEngine.runTestsImpl(Engine.scala:475)
[info]   at org.scalatest.funsuite.AnyFunSuiteLike.runTests(AnyFunSuiteLike.scala:269)
[info]   at org.scalatest.funsuite.AnyFunSuiteLike.runTests$(AnyFunSuiteLike.scala:268)
[info]   at org.scalatest.funsuite.AnyFunSuite.runTests(AnyFunSuite.scala:1564)
[info]   at org.scalatest.Suite.run(Suite.scala:1114)
[info]   at org.scalatest.Suite.run$(Suite.scala:1096)
[info]   at org.scalatest.funsuite.AnyFunSuite.org$scalatest$funsuite$AnyFunSuiteLike$$super$run(AnyFunSuite.scala:1564)
[info]   at org.scalatest.funsuite.AnyFunSuiteLike.$anonfun$run$1(AnyFunSuiteLike.scala:273)
[info]   at org.scalatest.SuperEngine.runImpl(Engine.scala:535)
[info]   at org.scalatest.funsuite.AnyFunSuiteLike.run(AnyFunSuiteLike.scala:273)
[info]   at org.scalatest.funsuite.AnyFunSuiteLike.run$(AnyFunSuiteLike.scala:272)
[info]   at frameless.TypedDatasetSuite.org$scalatest$BeforeAndAfterAll$$super$run(TypedDatasetSuite.scala:63)
[info]   at org.scalatest.BeforeAndAfterAll.liftedTree1$1(BeforeAndAfterAll.scala:213)
[info]   at org.scalatest.BeforeAndAfterAll.run(BeforeAndAfterAll.scala:210)
[info]   at org.scalatest.BeforeAndAfterAll.run$(BeforeAndAfterAll.scala:208)
[info]   at frameless.TypedDatasetSuite.run(TypedDatasetSuite.scala:63)
[info]   at org.scalatest.tools.Framework.org$scalatest$tools$Framework$$runSuite(Framework.scala:321)
[info]   at org.scalatest.tools.Framework$ScalaTestTask.execute(Framework.scala:517)
[info]   at sbt.ForkMain$Run.lambda$runTest$1(ForkMain.java:414)
[info]   at java.base/java.util.concurrent.FutureTask.run(FutureTask.java:317)
[info]   at java.base/java.util.concurrent.ThreadPoolExecutor.runWorker(ThreadPoolExecutor.java:1144)
[info]   at java.base/java.util.concurrent.ThreadPoolExecutor$Worker.run(ThreadPoolExecutor.java:642)
[info]   at java.base/java.lang.Thread.run(Thread.java:1583)
[info] - cube('a).mapGroups(('a, toVector(('a, 'b)) *** FAILED *** (17 milliseconds)
[info]   IllegalArgumentException was thrown during property evaluation.
[info]     Message: argument type mismatch
[info]     Occurred when passed generated values (
[info]       arg0 = Vector()
[info]     )
[info]   org.scalatest.exceptions.GeneratorDrivenPropertyCheckFailedException:
[info]   at org.scalatestplus.scalacheck.CheckerAsserting$$anon$2.indicateFailure(CheckerAsserting.scala:251)
[info]   at org.scalatestplus.scalacheck.CheckerAsserting$$anon$2.indicateFailure(CheckerAsserting.scala:238)
[info]   at org.scalatestplus.scalacheck.UnitCheckerAsserting$CheckerAssertingImpl.check(CheckerAsserting.scala:160)
[info]   at org.scalatestplus.scalacheck.Checkers.check(Checkers.scala:371)
[info]   at org.scalatestplus.scalacheck.Checkers.check$(Checkers.scala:369)
[info]   at frameless.TypedDatasetSuite.check(TypedDatasetSuite.scala:63)
[info]   at frameless.ops.CubeTests.$anonfun$new$192(CubeTests.scala:294)
[info]   at org.scalatest.OutcomeOf.outcomeOf(OutcomeOf.scala:85)
[info]   at org.scalatest.OutcomeOf.outcomeOf$(OutcomeOf.scala:83)
[info]   at org.scalatest.OutcomeOf$.outcomeOf(OutcomeOf.scala:104)
[info]   at org.scalatest.Transformer.apply(Transformer.scala:22)
[info]   at org.scalatest.Transformer.apply(Transformer.scala:20)
[info]   at org.scalatest.funsuite.AnyFunSuiteLike$$anon$1.apply(AnyFunSuiteLike.scala:226)
[info]   at org.scalatest.TestSuite.withFixture(TestSuite.scala:196)
[info]   at org.scalatest.TestSuite.withFixture$(TestSuite.scala:195)
[info]   at org.scalatest.funsuite.AnyFunSuite.withFixture(AnyFunSuite.scala:1564)
[info]   at org.scalatest.funsuite.AnyFunSuiteLike.invokeWithFixture$1(AnyFunSuiteLike.scala:224)
[info]   at org.scalatest.funsuite.AnyFunSuiteLike.$anonfun$runTest$1(AnyFunSuiteLike.scala:236)
[info]   at org.scalatest.SuperEngine.runTestImpl(Engine.scala:306)
[info]   at org.scalatest.funsuite.AnyFunSuiteLike.runTest(AnyFunSuiteLike.scala:236)
[info]   at org.scalatest.funsuite.AnyFunSuiteLike.runTest$(AnyFunSuiteLike.scala:218)
[info]   at org.scalatest.funsuite.AnyFunSuite.runTest(AnyFunSuite.scala:1564)
[info]   at org.scalatest.funsuite.AnyFunSuiteLike.$anonfun$runTests$1(AnyFunSuiteLike.scala:269)
[info]   at org.scalatest.SuperEngine.$anonfun$runTestsInBranch$1(Engine.scala:413)
[info]   at scala.collection.immutable.List.foreach(List.scala:334)
[info]   at org.scalatest.SuperEngine.traverseSubNodes$1(Engine.scala:401)
[info]   at org.scalatest.SuperEngine.runTestsInBranch(Engine.scala:396)
[info]   at org.scalatest.SuperEngine.runTestsImpl(Engine.scala:475)
[info]   at org.scalatest.funsuite.AnyFunSuiteLike.runTests(AnyFunSuiteLike.scala:269)
[info]   at org.scalatest.funsuite.AnyFunSuiteLike.runTests$(AnyFunSuiteLike.scala:268)
[info]   at org.scalatest.funsuite.AnyFunSuite.runTests(AnyFunSuite.scala:1564)
[info]   at org.scalatest.Suite.run(Suite.scala:1114)
[info]   at org.scalatest.Suite.run$(Suite.scala:1096)
[info]   at org.scalatest.funsuite.AnyFunSuite.org$scalatest$funsuite$AnyFunSuiteLike$$super$run(AnyFunSuite.scala:1564)
[info]   at org.scalatest.funsuite.AnyFunSuiteLike.$anonfun$run$1(AnyFunSuiteLike.scala:273)
[info]   at org.scalatest.SuperEngine.runImpl(Engine.scala:535)
[info]   at org.scalatest.funsuite.AnyFunSuiteLike.run(AnyFunSuiteLike.scala:273)
[info]   at org.scalatest.funsuite.AnyFunSuiteLike.run$(AnyFunSuiteLike.scala:272)
[info]   at frameless.TypedDatasetSuite.org$scalatest$BeforeAndAfterAll$$super$run(TypedDatasetSuite.scala:63)
[info]   at org.scalatest.BeforeAndAfterAll.liftedTree1$1(BeforeAndAfterAll.scala:213)
[info]   at org.scalatest.BeforeAndAfterAll.run(BeforeAndAfterAll.scala:210)
[info]   at org.scalatest.BeforeAndAfterAll.run$(BeforeAndAfterAll.scala:208)
[info]   at frameless.TypedDatasetSuite.run(TypedDatasetSuite.scala:63)
[info]   at org.scalatest.tools.Framework.org$scalatest$tools$Framework$$runSuite(Framework.scala:321)
[info]   at org.scalatest.tools.Framework$ScalaTestTask.execute(Framework.scala:517)
[info]   at sbt.ForkMain$Run.lambda$runTest$1(ForkMain.java:414)
[info]   at java.base/java.util.concurrent.FutureTask.run(FutureTask.java:317)
[info]   at java.base/java.util.concurrent.ThreadPoolExecutor.runWorker(ThreadPoolExecutor.java:1144)
[info]   at java.base/java.util.concurrent.ThreadPoolExecutor$Worker.run(ThreadPoolExecutor.java:642)
[info]   at java.base/java.lang.Thread.run(Thread.java:1583)
[info]   Cause: java.lang.IllegalArgumentException: argument type mismatch
[info]   at java.base/jdk.internal.reflect.DirectConstructorHandleAccessor.newInstance(DirectConstructorHandleAccessor.java:65)
[info]   at java.base/java.lang.reflect.Constructor.newInstanceWithCaller(Constructor.java:502)
[info]   at java.base/java.lang.reflect.Constructor.newInstance(Constructor.java:486)
[info]   at frameless.TypedExpressionEncoder$.$anonfun$apply$3(TypedExpressionEncoder.scala:55)
[info]   at scala.Option.map(Option.scala:242)
[info]   at frameless.TypedExpressionEncoder$.apply(TypedExpressionEncoder.scala:54)
[info]   at frameless.TypedDataset$.create(TypedDataset.scala:1325)
[info]   at frameless.ops.CubeTests.prop$9(CubeTests.scala:281)
[info]   at frameless.ops.CubeTests.$anonfun$new$208(CubeTests.scala:294)
[info]   at scala.Function1.$anonfun$andThen$1(Function1.scala:87)
[info]   at org.scalacheck.Prop$.$anonfun$forAllShrink$2(Prop.scala:868)
[info]   at org.scalacheck.Prop$.secure(Prop.scala:484)
[info]   at org.scalacheck.Prop$.result$1(Prop.scala:868)
[info]   at org.scalacheck.Prop$.$anonfun$forAllShrink$1(Prop.scala:915)
[info]   at org.scalacheck.Prop$.$anonfun$apply$1(Prop.scala:305)
[info]   at org.scalacheck.PropFromFun.apply(Prop.scala:20)
[info]   at org.scalacheck.Test$.workerFun$1(Test.scala:486)
[info]   at org.scalacheck.Test$.$anonfun$check$4(Test.scala:518)
[info]   at org.scalacheck.Test$.$anonfun$check$4$adapted(Test.scala:518)
[info]   at org.scalacheck.Platform$.runWorkers(Platform.scala:42)
[info]   at org.scalacheck.Test$.check(Test.scala:518)
[info]   at org.scalatestplus.scalacheck.UnitCheckerAsserting$CheckerAssertingImpl.check(CheckerAsserting.scala:90)
[info]   at org.scalatestplus.scalacheck.Checkers.check(Checkers.scala:371)
[info]   at org.scalatestplus.scalacheck.Checkers.check$(Checkers.scala:369)
[info]   at frameless.TypedDatasetSuite.check(TypedDatasetSuite.scala:63)
[info]   at frameless.ops.CubeTests.$anonfun$new$192(CubeTests.scala:294)
[info]   at org.scalatest.OutcomeOf.outcomeOf(OutcomeOf.scala:85)
[info]   at org.scalatest.OutcomeOf.outcomeOf$(OutcomeOf.scala:83)
[info]   at org.scalatest.OutcomeOf$.outcomeOf(OutcomeOf.scala:104)
[info]   at org.scalatest.Transformer.apply(Transformer.scala:22)
[info]   at org.scalatest.Transformer.apply(Transformer.scala:20)
[info]   at org.scalatest.funsuite.AnyFunSuiteLike$$anon$1.apply(AnyFunSuiteLike.scala:226)
[info]   at org.scalatest.TestSuite.withFixture(TestSuite.scala:196)
[info]   at org.scalatest.TestSuite.withFixture$(TestSuite.scala:195)
[info]   at org.scalatest.funsuite.AnyFunSuite.withFixture(AnyFunSuite.scala:1564)
[info]   at org.scalatest.funsuite.AnyFunSuiteLike.invokeWithFixture$1(AnyFunSuiteLike.scala:224)
[info]   at org.scalatest.funsuite.AnyFunSuiteLike.$anonfun$runTest$1(AnyFunSuiteLike.scala:236)
[info]   at org.scalatest.SuperEngine.runTestImpl(Engine.scala:306)
[info]   at org.scalatest.funsuite.AnyFunSuiteLike.runTest(AnyFunSuiteLike.scala:236)
[info]   at org.scalatest.funsuite.AnyFunSuiteLike.runTest$(AnyFunSuiteLike.scala:218)
[info]   at org.scalatest.funsuite.AnyFunSuite.runTest(AnyFunSuite.scala:1564)
[info]   at org.scalatest.funsuite.AnyFunSuiteLike.$anonfun$runTests$1(AnyFunSuiteLike.scala:269)
[info]   at org.scalatest.SuperEngine.$anonfun$runTestsInBranch$1(Engine.scala:413)
[info]   at scala.collection.immutable.List.foreach(List.scala:334)
[info]   at org.scalatest.SuperEngine.traverseSubNodes$1(Engine.scala:401)
[info]   at org.scalatest.SuperEngine.runTestsInBranch(Engine.scala:396)
[info]   at org.scalatest.SuperEngine.runTestsImpl(Engine.scala:475)
[info]   at org.scalatest.funsuite.AnyFunSuiteLike.runTests(AnyFunSuiteLike.scala:269)
[info]   at org.scalatest.funsuite.AnyFunSuiteLike.runTests$(AnyFunSuiteLike.scala:268)
[info]   at org.scalatest.funsuite.AnyFunSuite.runTests(AnyFunSuite.scala:1564)
[info]   at org.scalatest.Suite.run(Suite.scala:1114)
[info]   at org.scalatest.Suite.run$(Suite.scala:1096)
[info]   at org.scalatest.funsuite.AnyFunSuite.org$scalatest$funsuite$AnyFunSuiteLike$$super$run(AnyFunSuite.scala:1564)
[info]   at org.scalatest.funsuite.AnyFunSuiteLike.$anonfun$run$1(AnyFunSuiteLike.scala:273)
[info]   at org.scalatest.SuperEngine.runImpl(Engine.scala:535)
[info]   at org.scalatest.funsuite.AnyFunSuiteLike.run(AnyFunSuiteLike.scala:273)
[info]   at org.scalatest.funsuite.AnyFunSuiteLike.run$(AnyFunSuiteLike.scala:272)
[info]   at frameless.TypedDatasetSuite.org$scalatest$BeforeAndAfterAll$$super$run(TypedDatasetSuite.scala:63)
[info]   at org.scalatest.BeforeAndAfterAll.liftedTree1$1(BeforeAndAfterAll.scala:213)
[info]   at org.scalatest.BeforeAndAfterAll.run(BeforeAndAfterAll.scala:210)
[info]   at org.scalatest.BeforeAndAfterAll.run$(BeforeAndAfterAll.scala:208)
[info]   at frameless.TypedDatasetSuite.run(TypedDatasetSuite.scala:63)
[info]   at org.scalatest.tools.Framework.org$scalatest$tools$Framework$$runSuite(Framework.scala:321)
[info]   at org.scalatest.tools.Framework$ScalaTestTask.execute(Framework.scala:517)
[info]   at sbt.ForkMain$Run.lambda$runTest$1(ForkMain.java:414)
[info]   at java.base/java.util.concurrent.FutureTask.run(FutureTask.java:317)
[info]   at java.base/java.util.concurrent.ThreadPoolExecutor.runWorker(ThreadPoolExecutor.java:1144)
[info]   at java.base/java.util.concurrent.ThreadPoolExecutor$Worker.run(ThreadPoolExecutor.java:642)
[info]   at java.base/java.lang.Thread.run(Thread.java:1583)
[info]   Cause: java.lang.ClassCastException: Cannot cast scala.reflect.ClassTag$GenericClassTag to org.apache.spark.sql.catalyst.expressions.Expression
[info]   at java.base/java.lang.Class.cast(Class.java:4067)
[info]   at java.base/jdk.internal.reflect.DirectConstructorHandleAccessor.newInstance(DirectConstructorHandleAccessor.java:62)
[info]   at java.base/java.lang.reflect.Constructor.newInstanceWithCaller(Constructor.java:502)
[info]   at java.base/java.lang.reflect.Constructor.newInstance(Constructor.java:486)
[info]   at frameless.TypedExpressionEncoder$.$anonfun$apply$3(TypedExpressionEncoder.scala:55)
[info]   at scala.Option.map(Option.scala:242)
[info]   at frameless.TypedExpressionEncoder$.apply(TypedExpressionEncoder.scala:54)
[info]   at frameless.TypedDataset$.create(TypedDataset.scala:1325)
[info]   at frameless.ops.CubeTests.prop$9(CubeTests.scala:281)
[info]   at frameless.ops.CubeTests.$anonfun$new$208(CubeTests.scala:294)
[info]   at scala.Function1.$anonfun$andThen$1(Function1.scala:87)
[info]   at org.scalacheck.Prop$.$anonfun$forAllShrink$2(Prop.scala:868)
[info]   at org.scalacheck.Prop$.secure(Prop.scala:484)
[info]   at org.scalacheck.Prop$.result$1(Prop.scala:868)
[info]   at org.scalacheck.Prop$.$anonfun$forAllShrink$1(Prop.scala:915)
[info]   at org.scalacheck.Prop$.$anonfun$apply$1(Prop.scala:305)
[info]   at org.scalacheck.PropFromFun.apply(Prop.scala:20)
[info]   at org.scalacheck.Test$.workerFun$1(Test.scala:486)
[info]   at org.scalacheck.Test$.$anonfun$check$4(Test.scala:518)
[info]   at org.scalacheck.Test$.$anonfun$check$4$adapted(Test.scala:518)
[info]   at org.scalacheck.Platform$.runWorkers(Platform.scala:42)
[info]   at org.scalacheck.Test$.check(Test.scala:518)
[info]   at org.scalatestplus.scalacheck.UnitCheckerAsserting$CheckerAssertingImpl.check(CheckerAsserting.scala:90)
[info]   at org.scalatestplus.scalacheck.Checkers.check(Checkers.scala:371)
[info]   at org.scalatestplus.scalacheck.Checkers.check$(Checkers.scala:369)
[info]   at frameless.TypedDatasetSuite.check(TypedDatasetSuite.scala:63)
[info]   at frameless.ops.CubeTests.$anonfun$new$192(CubeTests.scala:294)
[info]   at org.scalatest.OutcomeOf.outcomeOf(OutcomeOf.scala:85)
[info]   at org.scalatest.OutcomeOf.outcomeOf$(OutcomeOf.scala:83)
[info]   at org.scalatest.OutcomeOf$.outcomeOf(OutcomeOf.scala:104)
[info]   at org.scalatest.Transformer.apply(Transformer.scala:22)
[info]   at org.scalatest.Transformer.apply(Transformer.scala:20)
[info]   at org.scalatest.funsuite.AnyFunSuiteLike$$anon$1.apply(AnyFunSuiteLike.scala:226)
[info]   at org.scalatest.TestSuite.withFixture(TestSuite.scala:196)
[info]   at org.scalatest.TestSuite.withFixture$(TestSuite.scala:195)
[info]   at org.scalatest.funsuite.AnyFunSuite.withFixture(AnyFunSuite.scala:1564)
[info]   at org.scalatest.funsuite.AnyFunSuiteLike.invokeWithFixture$1(AnyFunSuiteLike.scala:224)
[info]   at org.scalatest.funsuite.AnyFunSuiteLike.$anonfun$runTest$1(AnyFunSuiteLike.scala:236)
[info]   at org.scalatest.SuperEngine.runTestImpl(Engine.scala:306)
[info]   at org.scalatest.funsuite.AnyFunSuiteLike.runTest(AnyFunSuiteLike.scala:236)
[info]   at org.scalatest.funsuite.AnyFunSuiteLike.runTest$(AnyFunSuiteLike.scala:218)
[info]   at org.scalatest.funsuite.AnyFunSuite.runTest(AnyFunSuite.scala:1564)
[info]   at org.scalatest.funsuite.AnyFunSuiteLike.$anonfun$runTests$1(AnyFunSuiteLike.scala:269)
[info]   at org.scalatest.SuperEngine.$anonfun$runTestsInBranch$1(Engine.scala:413)
[info]   at scala.collection.immutable.List.foreach(List.scala:334)
[info]   at org.scalatest.SuperEngine.traverseSubNodes$1(Engine.scala:401)
[info]   at org.scalatest.SuperEngine.runTestsInBranch(Engine.scala:396)
[info]   at org.scalatest.SuperEngine.runTestsImpl(Engine.scala:475)
[info]   at org.scalatest.funsuite.AnyFunSuiteLike.runTests(AnyFunSuiteLike.scala:269)
[info]   at org.scalatest.funsuite.AnyFunSuiteLike.runTests$(AnyFunSuiteLike.scala:268)
[info]   at org.scalatest.funsuite.AnyFunSuite.runTests(AnyFunSuite.scala:1564)
[info]   at org.scalatest.Suite.run(Suite.scala:1114)
[info]   at org.scalatest.Suite.run$(Suite.scala:1096)
[info]   at org.scalatest.funsuite.AnyFunSuite.org$scalatest$funsuite$AnyFunSuiteLike$$super$run(AnyFunSuite.scala:1564)
[info]   at org.scalatest.funsuite.AnyFunSuiteLike.$anonfun$run$1(AnyFunSuiteLike.scala:273)
[info]   at org.scalatest.SuperEngine.runImpl(Engine.scala:535)
[info]   at org.scalatest.funsuite.AnyFunSuiteLike.run(AnyFunSuiteLike.scala:273)
[info]   at org.scalatest.funsuite.AnyFunSuiteLike.run$(AnyFunSuiteLike.scala:272)
[info]   at frameless.TypedDatasetSuite.org$scalatest$BeforeAndAfterAll$$super$run(TypedDatasetSuite.scala:63)
[info]   at org.scalatest.BeforeAndAfterAll.liftedTree1$1(BeforeAndAfterAll.scala:213)
[info]   at org.scalatest.BeforeAndAfterAll.run(BeforeAndAfterAll.scala:210)
[info]   at org.scalatest.BeforeAndAfterAll.run$(BeforeAndAfterAll.scala:208)
[info]   at frameless.TypedDatasetSuite.run(TypedDatasetSuite.scala:63)
[info]   at org.scalatest.tools.Framework.org$scalatest$tools$Framework$$runSuite(Framework.scala:321)
[info]   at org.scalatest.tools.Framework$ScalaTestTask.execute(Framework.scala:517)
[info]   at sbt.ForkMain$Run.lambda$runTest$1(ForkMain.java:414)
[info]   at java.base/java.util.concurrent.FutureTask.run(FutureTask.java:317)
[info]   at java.base/java.util.concurrent.ThreadPoolExecutor.runWorker(ThreadPoolExecutor.java:1144)
[info]   at java.base/java.util.concurrent.ThreadPoolExecutor$Worker.run(ThreadPoolExecutor.java:642)
[info]   at java.base/java.lang.Thread.run(Thread.java:1583)
[info] - cube('a).flatMapGroups(('a, toVector(('a, 'b)) *** FAILED *** (3 milliseconds)
[info]   IllegalArgumentException was thrown during property evaluation.
[info]     Message: argument type mismatch
[info]     Occurred when passed generated values (
[info]       arg0 = Vector()
[info]     )
[info]   org.scalatest.exceptions.GeneratorDrivenPropertyCheckFailedException:
[info]   at org.scalatestplus.scalacheck.CheckerAsserting$$anon$2.indicateFailure(CheckerAsserting.scala:251)
[info]   at org.scalatestplus.scalacheck.CheckerAsserting$$anon$2.indicateFailure(CheckerAsserting.scala:238)
[info]   at org.scalatestplus.scalacheck.UnitCheckerAsserting$CheckerAssertingImpl.check(CheckerAsserting.scala:160)
[info]   at org.scalatestplus.scalacheck.Checkers.check(Checkers.scala:371)
[info]   at org.scalatestplus.scalacheck.Checkers.check$(Checkers.scala:369)
[info]   at frameless.TypedDatasetSuite.check(TypedDatasetSuite.scala:63)
[info]   at frameless.ops.CubeTests.$anonfun$new$218(CubeTests.scala:321)
[info]   at org.scalatest.OutcomeOf.outcomeOf(OutcomeOf.scala:85)
[info]   at org.scalatest.OutcomeOf.outcomeOf$(OutcomeOf.scala:83)
[info]   at org.scalatest.OutcomeOf$.outcomeOf(OutcomeOf.scala:104)
[info]   at org.scalatest.Transformer.apply(Transformer.scala:22)
[info]   at org.scalatest.Transformer.apply(Transformer.scala:20)
[info]   at org.scalatest.funsuite.AnyFunSuiteLike$$anon$1.apply(AnyFunSuiteLike.scala:226)
[info]   at org.scalatest.TestSuite.withFixture(TestSuite.scala:196)
[info]   at org.scalatest.TestSuite.withFixture$(TestSuite.scala:195)
[info]   at org.scalatest.funsuite.AnyFunSuite.withFixture(AnyFunSuite.scala:1564)
[info]   at org.scalatest.funsuite.AnyFunSuiteLike.invokeWithFixture$1(AnyFunSuiteLike.scala:224)
[info]   at org.scalatest.funsuite.AnyFunSuiteLike.$anonfun$runTest$1(AnyFunSuiteLike.scala:236)
[info]   at org.scalatest.SuperEngine.runTestImpl(Engine.scala:306)
[info]   at org.scalatest.funsuite.AnyFunSuiteLike.runTest(AnyFunSuiteLike.scala:236)
[info]   at org.scalatest.funsuite.AnyFunSuiteLike.runTest$(AnyFunSuiteLike.scala:218)
[info]   at org.scalatest.funsuite.AnyFunSuite.runTest(AnyFunSuite.scala:1564)
[info]   at org.scalatest.funsuite.AnyFunSuiteLike.$anonfun$runTests$1(AnyFunSuiteLike.scala:269)
[info]   at org.scalatest.SuperEngine.$anonfun$runTestsInBranch$1(Engine.scala:413)
[info]   at scala.collection.immutable.List.foreach(List.scala:334)
[info]   at org.scalatest.SuperEngine.traverseSubNodes$1(Engine.scala:401)
[info]   at org.scalatest.SuperEngine.runTestsInBranch(Engine.scala:396)
[info]   at org.scalatest.SuperEngine.runTestsImpl(Engine.scala:475)
[info]   at org.scalatest.funsuite.AnyFunSuiteLike.runTests(AnyFunSuiteLike.scala:269)
[info]   at org.scalatest.funsuite.AnyFunSuiteLike.runTests$(AnyFunSuiteLike.scala:268)
[info]   at org.scalatest.funsuite.AnyFunSuite.runTests(AnyFunSuite.scala:1564)
[info]   at org.scalatest.Suite.run(Suite.scala:1114)
[info]   at org.scalatest.Suite.run$(Suite.scala:1096)
[info]   at org.scalatest.funsuite.AnyFunSuite.org$scalatest$funsuite$AnyFunSuiteLike$$super$run(AnyFunSuite.scala:1564)
[info]   at org.scalatest.funsuite.AnyFunSuiteLike.$anonfun$run$1(AnyFunSuiteLike.scala:273)
[info]   at org.scalatest.SuperEngine.runImpl(Engine.scala:535)
[info]   at org.scalatest.funsuite.AnyFunSuiteLike.run(AnyFunSuiteLike.scala:273)
[info]   at org.scalatest.funsuite.AnyFunSuiteLike.run$(AnyFunSuiteLike.scala:272)
[info]   at frameless.TypedDatasetSuite.org$scalatest$BeforeAndAfterAll$$super$run(TypedDatasetSuite.scala:63)
[info]   at org.scalatest.BeforeAndAfterAll.liftedTree1$1(BeforeAndAfterAll.scala:213)
[info]   at org.scalatest.BeforeAndAfterAll.run(BeforeAndAfterAll.scala:210)
[info]   at org.scalatest.BeforeAndAfterAll.run$(BeforeAndAfterAll.scala:208)
[info]   at frameless.TypedDatasetSuite.run(TypedDatasetSuite.scala:63)
[info]   at org.scalatest.tools.Framework.org$scalatest$tools$Framework$$runSuite(Framework.scala:321)
[info]   at org.scalatest.tools.Framework$ScalaTestTask.execute(Framework.scala:517)
[info]   at sbt.ForkMain$Run.lambda$runTest$1(ForkMain.java:414)
[info]   at java.base/java.util.concurrent.FutureTask.run(FutureTask.java:317)
[info]   at java.base/java.util.concurrent.ThreadPoolExecutor.runWorker(ThreadPoolExecutor.java:1144)
[info]   at java.base/java.util.concurrent.ThreadPoolExecutor$Worker.run(ThreadPoolExecutor.java:642)
[info]   at java.base/java.lang.Thread.run(Thread.java:1583)
[info]   Cause: java.lang.IllegalArgumentException: argument type mismatch
[info]   at java.base/jdk.internal.reflect.DirectConstructorHandleAccessor.newInstance(DirectConstructorHandleAccessor.java:65)
[info]   at java.base/java.lang.reflect.Constructor.newInstanceWithCaller(Constructor.java:502)
[info]   at java.base/java.lang.reflect.Constructor.newInstance(Constructor.java:486)
[info]   at frameless.TypedExpressionEncoder$.$anonfun$apply$3(TypedExpressionEncoder.scala:55)
[info]   at scala.Option.map(Option.scala:242)
[info]   at frameless.TypedExpressionEncoder$.apply(TypedExpressionEncoder.scala:54)
[info]   at frameless.TypedDataset$.create(TypedDataset.scala:1325)
[info]   at frameless.ops.CubeTests.prop$10(CubeTests.scala:304)
[info]   at frameless.ops.CubeTests.$anonfun$new$236(CubeTests.scala:321)
[info]   at scala.Function1.$anonfun$andThen$1(Function1.scala:87)
[info]   at org.scalacheck.Prop$.$anonfun$forAllShrink$2(Prop.scala:868)
[info]   at org.scalacheck.Prop$.secure(Prop.scala:484)
[info]   at org.scalacheck.Prop$.result$1(Prop.scala:868)
[info]   at org.scalacheck.Prop$.$anonfun$forAllShrink$1(Prop.scala:915)
[info]   at org.scalacheck.Prop$.$anonfun$apply$1(Prop.scala:305)
[info]   at org.scalacheck.PropFromFun.apply(Prop.scala:20)
[info]   at org.scalacheck.Test$.workerFun$1(Test.scala:486)
[info]   at org.scalacheck.Test$.$anonfun$check$4(Test.scala:518)
[info]   at org.scalacheck.Test$.$anonfun$check$4$adapted(Test.scala:518)
[info]   at org.scalacheck.Platform$.runWorkers(Platform.scala:42)
[info]   at org.scalacheck.Test$.check(Test.scala:518)
[info]   at org.scalatestplus.scalacheck.UnitCheckerAsserting$CheckerAssertingImpl.check(CheckerAsserting.scala:90)
[info]   at org.scalatestplus.scalacheck.Checkers.check(Checkers.scala:371)
[info]   at org.scalatestplus.scalacheck.Checkers.check$(Checkers.scala:369)
[info]   at frameless.TypedDatasetSuite.check(TypedDatasetSuite.scala:63)
[info]   at frameless.ops.CubeTests.$anonfun$new$218(CubeTests.scala:321)
[info]   at org.scalatest.OutcomeOf.outcomeOf(OutcomeOf.scala:85)
[info]   at org.scalatest.OutcomeOf.outcomeOf$(OutcomeOf.scala:83)
[info]   at org.scalatest.OutcomeOf$.outcomeOf(OutcomeOf.scala:104)
[info]   at org.scalatest.Transformer.apply(Transformer.scala:22)
[info]   at org.scalatest.Transformer.apply(Transformer.scala:20)
[info]   at org.scalatest.funsuite.AnyFunSuiteLike$$anon$1.apply(AnyFunSuiteLike.scala:226)
[info]   at org.scalatest.TestSuite.withFixture(TestSuite.scala:196)
[info]   at org.scalatest.TestSuite.withFixture$(TestSuite.scala:195)
[info]   at org.scalatest.funsuite.AnyFunSuite.withFixture(AnyFunSuite.scala:1564)
[info]   at org.scalatest.funsuite.AnyFunSuiteLike.invokeWithFixture$1(AnyFunSuiteLike.scala:224)
[info]   at org.scalatest.funsuite.AnyFunSuiteLike.$anonfun$runTest$1(AnyFunSuiteLike.scala:236)
[info]   at org.scalatest.SuperEngine.runTestImpl(Engine.scala:306)
[info]   at org.scalatest.funsuite.AnyFunSuiteLike.runTest(AnyFunSuiteLike.scala:236)
[info]   at org.scalatest.funsuite.AnyFunSuiteLike.runTest$(AnyFunSuiteLike.scala:218)
[info]   at org.scalatest.funsuite.AnyFunSuite.runTest(AnyFunSuite.scala:1564)
[info]   at org.scalatest.funsuite.AnyFunSuiteLike.$anonfun$runTests$1(AnyFunSuiteLike.scala:269)
[info]   at org.scalatest.SuperEngine.$anonfun$runTestsInBranch$1(Engine.scala:413)
[info]   at scala.collection.immutable.List.foreach(List.scala:334)
[info]   at org.scalatest.SuperEngine.traverseSubNodes$1(Engine.scala:401)
[info]   at org.scalatest.SuperEngine.runTestsInBranch(Engine.scala:396)
[info]   at org.scalatest.SuperEngine.runTestsImpl(Engine.scala:475)
[info]   at org.scalatest.funsuite.AnyFunSuiteLike.runTests(AnyFunSuiteLike.scala:269)
[info]   at org.scalatest.funsuite.AnyFunSuiteLike.runTests$(AnyFunSuiteLike.scala:268)
[info]   at org.scalatest.funsuite.AnyFunSuite.runTests(AnyFunSuite.scala:1564)
[info]   at org.scalatest.Suite.run(Suite.scala:1114)
[info]   at org.scalatest.Suite.run$(Suite.scala:1096)
[info]   at org.scalatest.funsuite.AnyFunSuite.org$scalatest$funsuite$AnyFunSuiteLike$$super$run(AnyFunSuite.scala:1564)
[info]   at org.scalatest.funsuite.AnyFunSuiteLike.$anonfun$run$1(AnyFunSuiteLike.scala:273)
[info]   at org.scalatest.SuperEngine.runImpl(Engine.scala:535)
[info]   at org.scalatest.funsuite.AnyFunSuiteLike.run(AnyFunSuiteLike.scala:273)
[info]   at org.scalatest.funsuite.AnyFunSuiteLike.run$(AnyFunSuiteLike.scala:272)
[info]   at frameless.TypedDatasetSuite.org$scalatest$BeforeAndAfterAll$$super$run(TypedDatasetSuite.scala:63)
[info]   at org.scalatest.BeforeAndAfterAll.liftedTree1$1(BeforeAndAfterAll.scala:213)
[info]   at org.scalatest.BeforeAndAfterAll.run(BeforeAndAfterAll.scala:210)
[info]   at org.scalatest.BeforeAndAfterAll.run$(BeforeAndAfterAll.scala:208)
[info]   at frameless.TypedDatasetSuite.run(TypedDatasetSuite.scala:63)
[info]   at org.scalatest.tools.Framework.org$scalatest$tools$Framework$$runSuite(Framework.scala:321)
[info]   at org.scalatest.tools.Framework$ScalaTestTask.execute(Framework.scala:517)
[info]   at sbt.ForkMain$Run.lambda$runTest$1(ForkMain.java:414)
[info]   at java.base/java.util.concurrent.FutureTask.run(FutureTask.java:317)
[info]   at java.base/java.util.concurrent.ThreadPoolExecutor.runWorker(ThreadPoolExecutor.java:1144)
[info]   at java.base/java.util.concurrent.ThreadPoolExecutor$Worker.run(ThreadPoolExecutor.java:642)
[info]   at java.base/java.lang.Thread.run(Thread.java:1583)
[info]   Cause: java.lang.ClassCastException: Cannot cast scala.reflect.ClassTag$GenericClassTag to org.apache.spark.sql.catalyst.expressions.Expression
[info]   at java.base/java.lang.Class.cast(Class.java:4067)
[info]   at java.base/jdk.internal.reflect.DirectConstructorHandleAccessor.newInstance(DirectConstructorHandleAccessor.java:62)
[info]   at java.base/java.lang.reflect.Constructor.newInstanceWithCaller(Constructor.java:502)
[info]   at java.base/java.lang.reflect.Constructor.newInstance(Constructor.java:486)
[info]   at frameless.TypedExpressionEncoder$.$anonfun$apply$3(TypedExpressionEncoder.scala:55)
[info]   at scala.Option.map(Option.scala:242)
[info]   at frameless.TypedExpressionEncoder$.apply(TypedExpressionEncoder.scala:54)
[info]   at frameless.TypedDataset$.create(TypedDataset.scala:1325)
[info]   at frameless.ops.CubeTests.prop$10(CubeTests.scala:304)
[info]   at frameless.ops.CubeTests.$anonfun$new$236(CubeTests.scala:321)
[info]   at scala.Function1.$anonfun$andThen$1(Function1.scala:87)
[info]   at org.scalacheck.Prop$.$anonfun$forAllShrink$2(Prop.scala:868)
[info]   at org.scalacheck.Prop$.secure(Prop.scala:484)
[info]   at org.scalacheck.Prop$.result$1(Prop.scala:868)
[info]   at org.scalacheck.Prop$.$anonfun$forAllShrink$1(Prop.scala:915)
[info]   at org.scalacheck.Prop$.$anonfun$apply$1(Prop.scala:305)
[info]   at org.scalacheck.PropFromFun.apply(Prop.scala:20)
[info]   at org.scalacheck.Test$.workerFun$1(Test.scala:486)
[info]   at org.scalacheck.Test$.$anonfun$check$4(Test.scala:518)
[info]   at org.scalacheck.Test$.$anonfun$check$4$adapted(Test.scala:518)
[info]   at org.scalacheck.Platform$.runWorkers(Platform.scala:42)
[info]   at org.scalacheck.Test$.check(Test.scala:518)
[info]   at org.scalatestplus.scalacheck.UnitCheckerAsserting$CheckerAssertingImpl.check(CheckerAsserting.scala:90)
[info]   at org.scalatestplus.scalacheck.Checkers.check(Checkers.scala:371)
[info]   at org.scalatestplus.scalacheck.Checkers.check$(Checkers.scala:369)
[info]   at frameless.TypedDatasetSuite.check(TypedDatasetSuite.scala:63)
[info]   at frameless.ops.CubeTests.$anonfun$new$218(CubeTests.scala:321)
[info]   at org.scalatest.OutcomeOf.outcomeOf(OutcomeOf.scala:85)
[info]   at org.scalatest.OutcomeOf.outcomeOf$(OutcomeOf.scala:83)
[info]   at org.scalatest.OutcomeOf$.outcomeOf(OutcomeOf.scala:104)
[info]   at org.scalatest.Transformer.apply(Transformer.scala:22)
[info]   at org.scalatest.Transformer.apply(Transformer.scala:20)
[info]   at org.scalatest.funsuite.AnyFunSuiteLike$$anon$1.apply(AnyFunSuiteLike.scala:226)
[info]   at org.scalatest.TestSuite.withFixture(TestSuite.scala:196)
[info]   at org.scalatest.TestSuite.withFixture$(TestSuite.scala:195)
[info]   at org.scalatest.funsuite.AnyFunSuite.withFixture(AnyFunSuite.scala:1564)
[info]   at org.scalatest.funsuite.AnyFunSuiteLike.invokeWithFixture$1(AnyFunSuiteLike.scala:224)
[info]   at org.scalatest.funsuite.AnyFunSuiteLike.$anonfun$runTest$1(AnyFunSuiteLike.scala:236)
[info]   at org.scalatest.SuperEngine.runTestImpl(Engine.scala:306)
[info]   at org.scalatest.funsuite.AnyFunSuiteLike.runTest(AnyFunSuiteLike.scala:236)
[info]   at org.scalatest.funsuite.AnyFunSuiteLike.runTest$(AnyFunSuiteLike.scala:218)
[info]   at org.scalatest.funsuite.AnyFunSuite.runTest(AnyFunSuite.scala:1564)
[info]   at org.scalatest.funsuite.AnyFunSuiteLike.$anonfun$runTests$1(AnyFunSuiteLike.scala:269)
[info]   at org.scalatest.SuperEngine.$anonfun$runTestsInBranch$1(Engine.scala:413)
[info]   at scala.collection.immutable.List.foreach(List.scala:334)
[info]   at org.scalatest.SuperEngine.traverseSubNodes$1(Engine.scala:401)
[info]   at org.scalatest.SuperEngine.runTestsInBranch(Engine.scala:396)
[info]   at org.scalatest.SuperEngine.runTestsImpl(Engine.scala:475)
[info]   at org.scalatest.funsuite.AnyFunSuiteLike.runTests(AnyFunSuiteLike.scala:269)
[info]   at org.scalatest.funsuite.AnyFunSuiteLike.runTests$(AnyFunSuiteLike.scala:268)
[info]   at org.scalatest.funsuite.AnyFunSuite.runTests(AnyFunSuite.scala:1564)
[info]   at org.scalatest.Suite.run(Suite.scala:1114)
[info]   at org.scalatest.Suite.run$(Suite.scala:1096)
[info]   at org.scalatest.funsuite.AnyFunSuite.org$scalatest$funsuite$AnyFunSuiteLike$$super$run(AnyFunSuite.scala:1564)
[info]   at org.scalatest.funsuite.AnyFunSuiteLike.$anonfun$run$1(AnyFunSuiteLike.scala:273)
[info]   at org.scalatest.SuperEngine.runImpl(Engine.scala:535)
[info]   at org.scalatest.funsuite.AnyFunSuiteLike.run(AnyFunSuiteLike.scala:273)
[info]   at org.scalatest.funsuite.AnyFunSuiteLike.run$(AnyFunSuiteLike.scala:272)
[info]   at frameless.TypedDatasetSuite.org$scalatest$BeforeAndAfterAll$$super$run(TypedDatasetSuite.scala:63)
[info]   at org.scalatest.BeforeAndAfterAll.liftedTree1$1(BeforeAndAfterAll.scala:213)
[info]   at org.scalatest.BeforeAndAfterAll.run(BeforeAndAfterAll.scala:210)
[info]   at org.scalatest.BeforeAndAfterAll.run$(BeforeAndAfterAll.scala:208)
[info]   at frameless.TypedDatasetSuite.run(TypedDatasetSuite.scala:63)
[info]   at org.scalatest.tools.Framework.org$scalatest$tools$Framework$$runSuite(Framework.scala:321)
[info]   at org.scalatest.tools.Framework$ScalaTestTask.execute(Framework.scala:517)
[info]   at sbt.ForkMain$Run.lambda$runTest$1(ForkMain.java:414)
[info]   at java.base/java.util.concurrent.FutureTask.run(FutureTask.java:317)
[info]   at java.base/java.util.concurrent.ThreadPoolExecutor.runWorker(ThreadPoolExecutor.java:1144)
[info]   at java.base/java.util.concurrent.ThreadPoolExecutor$Worker.run(ThreadPoolExecutor.java:642)
[info]   at java.base/java.lang.Thread.run(Thread.java:1583)
[info] - cube('a, 'b).flatMapGroups((('a,'b) toVector((('a,'b), 'c)) *** FAILED *** (5 milliseconds)
[info]   IllegalArgumentException was thrown during property evaluation.
[info]     Message: argument type mismatch
[info]     Occurred when passed generated values (
[info]       arg0 = Vector()
[info]     )
[info]   org.scalatest.exceptions.GeneratorDrivenPropertyCheckFailedException:
[info]   at org.scalatestplus.scalacheck.CheckerAsserting$$anon$2.indicateFailure(CheckerAsserting.scala:251)
[info]   at org.scalatestplus.scalacheck.CheckerAsserting$$anon$2.indicateFailure(CheckerAsserting.scala:238)
[info]   at org.scalatestplus.scalacheck.UnitCheckerAsserting$CheckerAssertingImpl.check(CheckerAsserting.scala:160)
[info]   at org.scalatestplus.scalacheck.Checkers.check(Checkers.scala:371)
[info]   at org.scalatestplus.scalacheck.Checkers.check$(Checkers.scala:369)
[info]   at frameless.TypedDatasetSuite.check(TypedDatasetSuite.scala:63)
[info]   at frameless.ops.CubeTests.$anonfun$new$246(CubeTests.scala:350)
[info]   at org.scalatest.OutcomeOf.outcomeOf(OutcomeOf.scala:85)
[info]   at org.scalatest.OutcomeOf.outcomeOf$(OutcomeOf.scala:83)
[info]   at org.scalatest.OutcomeOf$.outcomeOf(OutcomeOf.scala:104)
[info]   at org.scalatest.Transformer.apply(Transformer.scala:22)
[info]   at org.scalatest.Transformer.apply(Transformer.scala:20)
[info]   at org.scalatest.funsuite.AnyFunSuiteLike$$anon$1.apply(AnyFunSuiteLike.scala:226)
[info]   at org.scalatest.TestSuite.withFixture(TestSuite.scala:196)
[info]   at org.scalatest.TestSuite.withFixture$(TestSuite.scala:195)
[info]   at org.scalatest.funsuite.AnyFunSuite.withFixture(AnyFunSuite.scala:1564)
[info]   at org.scalatest.funsuite.AnyFunSuiteLike.invokeWithFixture$1(AnyFunSuiteLike.scala:224)
[info]   at org.scalatest.funsuite.AnyFunSuiteLike.$anonfun$runTest$1(AnyFunSuiteLike.scala:236)
[info]   at org.scalatest.SuperEngine.runTestImpl(Engine.scala:306)
[info]   at org.scalatest.funsuite.AnyFunSuiteLike.runTest(AnyFunSuiteLike.scala:236)
[info]   at org.scalatest.funsuite.AnyFunSuiteLike.runTest$(AnyFunSuiteLike.scala:218)
[info]   at org.scalatest.funsuite.AnyFunSuite.runTest(AnyFunSuite.scala:1564)
[info]   at org.scalatest.funsuite.AnyFunSuiteLike.$anonfun$runTests$1(AnyFunSuiteLike.scala:269)
[info]   at org.scalatest.SuperEngine.$anonfun$runTestsInBranch$1(Engine.scala:413)
[info]   at scala.collection.immutable.List.foreach(List.scala:334)
[info]   at org.scalatest.SuperEngine.traverseSubNodes$1(Engine.scala:401)
[info]   at org.scalatest.SuperEngine.runTestsInBranch(Engine.scala:396)
[info]   at org.scalatest.SuperEngine.runTestsImpl(Engine.scala:475)
[info]   at org.scalatest.funsuite.AnyFunSuiteLike.runTests(AnyFunSuiteLike.scala:269)
[info]   at org.scalatest.funsuite.AnyFunSuiteLike.runTests$(AnyFunSuiteLike.scala:268)
[info]   at org.scalatest.funsuite.AnyFunSuite.runTests(AnyFunSuite.scala:1564)
[info]   at org.scalatest.Suite.run(Suite.scala:1114)
[info]   at org.scalatest.Suite.run$(Suite.scala:1096)
[info]   at org.scalatest.funsuite.AnyFunSuite.org$scalatest$funsuite$AnyFunSuiteLike$$super$run(AnyFunSuite.scala:1564)
[info]   at org.scalatest.funsuite.AnyFunSuiteLike.$anonfun$run$1(AnyFunSuiteLike.scala:273)
[info]   at org.scalatest.SuperEngine.runImpl(Engine.scala:535)
[info]   at org.scalatest.funsuite.AnyFunSuiteLike.run(AnyFunSuiteLike.scala:273)
[info]   at org.scalatest.funsuite.AnyFunSuiteLike.run$(AnyFunSuiteLike.scala:272)
[info]   at frameless.TypedDatasetSuite.org$scalatest$BeforeAndAfterAll$$super$run(TypedDatasetSuite.scala:63)
[info]   at org.scalatest.BeforeAndAfterAll.liftedTree1$1(BeforeAndAfterAll.scala:213)
[info]   at org.scalatest.BeforeAndAfterAll.run(BeforeAndAfterAll.scala:210)
[info]   at org.scalatest.BeforeAndAfterAll.run$(BeforeAndAfterAll.scala:208)
[info]   at frameless.TypedDatasetSuite.run(TypedDatasetSuite.scala:63)
[info]   at org.scalatest.tools.Framework.org$scalatest$tools$Framework$$runSuite(Framework.scala:321)
[info]   at org.scalatest.tools.Framework$ScalaTestTask.execute(Framework.scala:517)
[info]   at sbt.ForkMain$Run.lambda$runTest$1(ForkMain.java:414)
[info]   at java.base/java.util.concurrent.FutureTask.run(FutureTask.java:317)
[info]   at java.base/java.util.concurrent.ThreadPoolExecutor.runWorker(ThreadPoolExecutor.java:1144)
[info]   at java.base/java.util.concurrent.ThreadPoolExecutor$Worker.run(ThreadPoolExecutor.java:642)
[info]   at java.base/java.lang.Thread.run(Thread.java:1583)
[info]   Cause: java.lang.IllegalArgumentException: argument type mismatch
[info]   at java.base/jdk.internal.reflect.DirectConstructorHandleAccessor.newInstance(DirectConstructorHandleAccessor.java:65)
[info]   at java.base/java.lang.reflect.Constructor.newInstanceWithCaller(Constructor.java:502)
[info]   at java.base/java.lang.reflect.Constructor.newInstance(Constructor.java:486)
[info]   at frameless.TypedExpressionEncoder$.$anonfun$apply$3(TypedExpressionEncoder.scala:55)
[info]   at scala.Option.map(Option.scala:242)
[info]   at frameless.TypedExpressionEncoder$.apply(TypedExpressionEncoder.scala:54)
[info]   at frameless.TypedDataset$.create(TypedDataset.scala:1325)
[info]   at frameless.ops.CubeTests.prop$11(CubeTests.scala:332)
[info]   at frameless.ops.CubeTests.$anonfun$new$266(CubeTests.scala:350)
[info]   at scala.Function1.$anonfun$andThen$1(Function1.scala:87)
[info]   at org.scalacheck.Prop$.$anonfun$forAllShrink$2(Prop.scala:868)
[info]   at org.scalacheck.Prop$.secure(Prop.scala:484)
[info]   at org.scalacheck.Prop$.result$1(Prop.scala:868)
[info]   at org.scalacheck.Prop$.$anonfun$forAllShrink$1(Prop.scala:915)
[info]   at org.scalacheck.Prop$.$anonfun$apply$1(Prop.scala:305)
[info]   at org.scalacheck.PropFromFun.apply(Prop.scala:20)
[info]   at org.scalacheck.Test$.workerFun$1(Test.scala:486)
[info]   at org.scalacheck.Test$.$anonfun$check$4(Test.scala:518)
[info]   at org.scalacheck.Test$.$anonfun$check$4$adapted(Test.scala:518)
[info]   at org.scalacheck.Platform$.runWorkers(Platform.scala:42)
[info]   at org.scalacheck.Test$.check(Test.scala:518)
[info]   at org.scalatestplus.scalacheck.UnitCheckerAsserting$CheckerAssertingImpl.check(CheckerAsserting.scala:90)
[info]   at org.scalatestplus.scalacheck.Checkers.check(Checkers.scala:371)
[info]   at org.scalatestplus.scalacheck.Checkers.check$(Checkers.scala:369)
[info]   at frameless.TypedDatasetSuite.check(TypedDatasetSuite.scala:63)
[info]   at frameless.ops.CubeTests.$anonfun$new$246(CubeTests.scala:350)
[info]   at org.scalatest.OutcomeOf.outcomeOf(OutcomeOf.scala:85)
[info]   at org.scalatest.OutcomeOf.outcomeOf$(OutcomeOf.scala:83)
[info]   at org.scalatest.OutcomeOf$.outcomeOf(OutcomeOf.scala:104)
[info]   at org.scalatest.Transformer.apply(Transformer.scala:22)
[info]   at org.scalatest.Transformer.apply(Transformer.scala:20)
[info]   at org.scalatest.funsuite.AnyFunSuiteLike$$anon$1.apply(AnyFunSuiteLike.scala:226)
[info]   at org.scalatest.TestSuite.withFixture(TestSuite.scala:196)
[info]   at org.scalatest.TestSuite.withFixture$(TestSuite.scala:195)
[info]   at org.scalatest.funsuite.AnyFunSuite.withFixture(AnyFunSuite.scala:1564)
[info]   at org.scalatest.funsuite.AnyFunSuiteLike.invokeWithFixture$1(AnyFunSuiteLike.scala:224)
[info]   at org.scalatest.funsuite.AnyFunSuiteLike.$anonfun$runTest$1(AnyFunSuiteLike.scala:236)
[info]   at org.scalatest.SuperEngine.runTestImpl(Engine.scala:306)
[info]   at org.scalatest.funsuite.AnyFunSuiteLike.runTest(AnyFunSuiteLike.scala:236)
[info]   at org.scalatest.funsuite.AnyFunSuiteLike.runTest$(AnyFunSuiteLike.scala:218)
[info]   at org.scalatest.funsuite.AnyFunSuite.runTest(AnyFunSuite.scala:1564)
[info]   at org.scalatest.funsuite.AnyFunSuiteLike.$anonfun$runTests$1(AnyFunSuiteLike.scala:269)
[info]   at org.scalatest.SuperEngine.$anonfun$runTestsInBranch$1(Engine.scala:413)
[info]   at scala.collection.immutable.List.foreach(List.scala:334)
[info]   at org.scalatest.SuperEngine.traverseSubNodes$1(Engine.scala:401)
[info]   at org.scalatest.SuperEngine.runTestsInBranch(Engine.scala:396)
[info]   at org.scalatest.SuperEngine.runTestsImpl(Engine.scala:475)
[info]   at org.scalatest.funsuite.AnyFunSuiteLike.runTests(AnyFunSuiteLike.scala:269)
[info]   at org.scalatest.funsuite.AnyFunSuiteLike.runTests$(AnyFunSuiteLike.scala:268)
[info]   at org.scalatest.funsuite.AnyFunSuite.runTests(AnyFunSuite.scala:1564)
[info]   at org.scalatest.Suite.run(Suite.scala:1114)
[info]   at org.scalatest.Suite.run$(Suite.scala:1096)
[info]   at org.scalatest.funsuite.AnyFunSuite.org$scalatest$funsuite$AnyFunSuiteLike$$super$run(AnyFunSuite.scala:1564)
[info]   at org.scalatest.funsuite.AnyFunSuiteLike.$anonfun$run$1(AnyFunSuiteLike.scala:273)
[info]   at org.scalatest.SuperEngine.runImpl(Engine.scala:535)
[info]   at org.scalatest.funsuite.AnyFunSuiteLike.run(AnyFunSuiteLike.scala:273)
[info]   at org.scalatest.funsuite.AnyFunSuiteLike.run$(AnyFunSuiteLike.scala:272)
[info]   at frameless.TypedDatasetSuite.org$scalatest$BeforeAndAfterAll$$super$run(TypedDatasetSuite.scala:63)
[info]   at org.scalatest.BeforeAndAfterAll.liftedTree1$1(BeforeAndAfterAll.scala:213)
[info]   at org.scalatest.BeforeAndAfterAll.run(BeforeAndAfterAll.scala:210)
[info]   at org.scalatest.BeforeAndAfterAll.run$(BeforeAndAfterAll.scala:208)
[info]   at frameless.TypedDatasetSuite.run(TypedDatasetSuite.scala:63)
[info]   at org.scalatest.tools.Framework.org$scalatest$tools$Framework$$runSuite(Framework.scala:321)
[info]   at org.scalatest.tools.Framework$ScalaTestTask.execute(Framework.scala:517)
[info]   at sbt.ForkMain$Run.lambda$runTest$1(ForkMain.java:414)
[info]   at java.base/java.util.concurrent.FutureTask.run(FutureTask.java:317)
[info]   at java.base/java.util.concurrent.ThreadPoolExecutor.runWorker(ThreadPoolExecutor.java:1144)
[info]   at java.base/java.util.concurrent.ThreadPoolExecutor$Worker.run(ThreadPoolExecutor.java:642)
[info]   at java.base/java.lang.Thread.run(Thread.java:1583)
[info]   Cause: java.lang.ClassCastException: Cannot cast scala.reflect.ClassTag$GenericClassTag to org.apache.spark.sql.catalyst.expressions.Expression
[info]   at java.base/java.lang.Class.cast(Class.java:4067)
[info]   at java.base/jdk.internal.reflect.DirectConstructorHandleAccessor.newInstance(DirectConstructorHandleAccessor.java:62)
[info]   at java.base/java.lang.reflect.Constructor.newInstanceWithCaller(Constructor.java:502)
[info]   at java.base/java.lang.reflect.Constructor.newInstance(Constructor.java:486)
[info]   at frameless.TypedExpressionEncoder$.$anonfun$apply$3(TypedExpressionEncoder.scala:55)
[info]   at scala.Option.map(Option.scala:242)
[info]   at frameless.TypedExpressionEncoder$.apply(TypedExpressionEncoder.scala:54)
[info]   at frameless.TypedDataset$.create(TypedDataset.scala:1325)
[info]   at frameless.ops.CubeTests.prop$11(CubeTests.scala:332)
[info]   at frameless.ops.CubeTests.$anonfun$new$266(CubeTests.scala:350)
[info]   at scala.Function1.$anonfun$andThen$1(Function1.scala:87)
[info]   at org.scalacheck.Prop$.$anonfun$forAllShrink$2(Prop.scala:868)
[info]   at org.scalacheck.Prop$.secure(Prop.scala:484)
[info]   at org.scalacheck.Prop$.result$1(Prop.scala:868)
[info]   at org.scalacheck.Prop$.$anonfun$forAllShrink$1(Prop.scala:915)
[info]   at org.scalacheck.Prop$.$anonfun$apply$1(Prop.scala:305)
[info]   at org.scalacheck.PropFromFun.apply(Prop.scala:20)
[info]   at org.scalacheck.Test$.workerFun$1(Test.scala:486)
[info]   at org.scalacheck.Test$.$anonfun$check$4(Test.scala:518)
[info]   at org.scalacheck.Test$.$anonfun$check$4$adapted(Test.scala:518)
[info]   at org.scalacheck.Platform$.runWorkers(Platform.scala:42)
[info]   at org.scalacheck.Test$.check(Test.scala:518)
[info]   at org.scalatestplus.scalacheck.UnitCheckerAsserting$CheckerAssertingImpl.check(CheckerAsserting.scala:90)
[info]   at org.scalatestplus.scalacheck.Checkers.check(Checkers.scala:371)
[info]   at org.scalatestplus.scalacheck.Checkers.check$(Checkers.scala:369)
[info]   at frameless.TypedDatasetSuite.check(TypedDatasetSuite.scala:63)
[info]   at frameless.ops.CubeTests.$anonfun$new$246(CubeTests.scala:350)
[info]   at org.scalatest.OutcomeOf.outcomeOf(OutcomeOf.scala:85)
[info]   at org.scalatest.OutcomeOf.outcomeOf$(OutcomeOf.scala:83)
[info]   at org.scalatest.OutcomeOf$.outcomeOf(OutcomeOf.scala:104)
[info]   at org.scalatest.Transformer.apply(Transformer.scala:22)
[info]   at org.scalatest.Transformer.apply(Transformer.scala:20)
[info]   at org.scalatest.funsuite.AnyFunSuiteLike$$anon$1.apply(AnyFunSuiteLike.scala:226)
[info]   at org.scalatest.TestSuite.withFixture(TestSuite.scala:196)
[info]   at org.scalatest.TestSuite.withFixture$(TestSuite.scala:195)
[info]   at org.scalatest.funsuite.AnyFunSuite.withFixture(AnyFunSuite.scala:1564)
[info]   at org.scalatest.funsuite.AnyFunSuiteLike.invokeWithFixture$1(AnyFunSuiteLike.scala:224)
[info]   at org.scalatest.funsuite.AnyFunSuiteLike.$anonfun$runTest$1(AnyFunSuiteLike.scala:236)
[info]   at org.scalatest.SuperEngine.runTestImpl(Engine.scala:306)
[info]   at org.scalatest.funsuite.AnyFunSuiteLike.runTest(AnyFunSuiteLike.scala:236)
[info]   at org.scalatest.funsuite.AnyFunSuiteLike.runTest$(AnyFunSuiteLike.scala:218)
[info]   at org.scalatest.funsuite.AnyFunSuite.runTest(AnyFunSuite.scala:1564)
[info]   at org.scalatest.funsuite.AnyFunSuiteLike.$anonfun$runTests$1(AnyFunSuiteLike.scala:269)
[info]   at org.scalatest.SuperEngine.$anonfun$runTestsInBranch$1(Engine.scala:413)
[info]   at scala.collection.immutable.List.foreach(List.scala:334)
[info]   at org.scalatest.SuperEngine.traverseSubNodes$1(Engine.scala:401)
[info]   at org.scalatest.SuperEngine.runTestsInBranch(Engine.scala:396)
[info]   at org.scalatest.SuperEngine.runTestsImpl(Engine.scala:475)
[info]   at org.scalatest.funsuite.AnyFunSuiteLike.runTests(AnyFunSuiteLike.scala:269)
[info]   at org.scalatest.funsuite.AnyFunSuiteLike.runTests$(AnyFunSuiteLike.scala:268)
[info]   at org.scalatest.funsuite.AnyFunSuite.runTests(AnyFunSuite.scala:1564)
[info]   at org.scalatest.Suite.run(Suite.scala:1114)
[info]   at org.scalatest.Suite.run$(Suite.scala:1096)
[info]   at org.scalatest.funsuite.AnyFunSuite.org$scalatest$funsuite$AnyFunSuiteLike$$super$run(AnyFunSuite.scala:1564)
[info]   at org.scalatest.funsuite.AnyFunSuiteLike.$anonfun$run$1(AnyFunSuiteLike.scala:273)
[info]   at org.scalatest.SuperEngine.runImpl(Engine.scala:535)
[info]   at org.scalatest.funsuite.AnyFunSuiteLike.run(AnyFunSuiteLike.scala:273)
[info]   at org.scalatest.funsuite.AnyFunSuiteLike.run$(AnyFunSuiteLike.scala:272)
[info]   at frameless.TypedDatasetSuite.org$scalatest$BeforeAndAfterAll$$super$run(TypedDatasetSuite.scala:63)
[info]   at org.scalatest.BeforeAndAfterAll.liftedTree1$1(BeforeAndAfterAll.scala:213)
[info]   at org.scalatest.BeforeAndAfterAll.run(BeforeAndAfterAll.scala:210)
[info]   at org.scalatest.BeforeAndAfterAll.run$(BeforeAndAfterAll.scala:208)
[info]   at frameless.TypedDatasetSuite.run(TypedDatasetSuite.scala:63)
[info]   at org.scalatest.tools.Framework.org$scalatest$tools$Framework$$runSuite(Framework.scala:321)
[info]   at org.scalatest.tools.Framework$ScalaTestTask.execute(Framework.scala:517)
[info]   at sbt.ForkMain$Run.lambda$runTest$1(ForkMain.java:414)
[info]   at java.base/java.util.concurrent.FutureTask.run(FutureTask.java:317)
[info]   at java.base/java.util.concurrent.ThreadPoolExecutor.runWorker(ThreadPoolExecutor.java:1144)
[info]   at java.base/java.util.concurrent.ThreadPoolExecutor$Worker.run(ThreadPoolExecutor.java:642)
[info]   at java.base/java.lang.Thread.run(Thread.java:1583)
[info] - cubeMany('a).agg(sum('b)) *** FAILED *** (4 milliseconds)
[info]   IllegalArgumentException was thrown during property evaluation.
[info]     Message: argument type mismatch
[info]     Occurred when passed generated values (
[info]       arg0 = List()
[info]     )
[info]   org.scalatest.exceptions.GeneratorDrivenPropertyCheckFailedException:
[info]   at org.scalatestplus.scalacheck.CheckerAsserting$$anon$2.indicateFailure(CheckerAsserting.scala:251)
[info]   at org.scalatestplus.scalacheck.CheckerAsserting$$anon$2.indicateFailure(CheckerAsserting.scala:238)
[info]   at org.scalatestplus.scalacheck.UnitCheckerAsserting$CheckerAssertingImpl.check(CheckerAsserting.scala:160)
[info]   at org.scalatestplus.scalacheck.Checkers.check(Checkers.scala:371)
[info]   at org.scalatestplus.scalacheck.Checkers.check$(Checkers.scala:369)
[info]   at frameless.TypedDatasetSuite.check(TypedDatasetSuite.scala:63)
[info]   at frameless.ops.CubeTests.$anonfun$new$276(CubeTests.scala:368)
[info]   at org.scalatest.OutcomeOf.outcomeOf(OutcomeOf.scala:85)
[info]   at org.scalatest.OutcomeOf.outcomeOf$(OutcomeOf.scala:83)
[info]   at org.scalatest.OutcomeOf$.outcomeOf(OutcomeOf.scala:104)
[info]   at org.scalatest.Transformer.apply(Transformer.scala:22)
[info]   at org.scalatest.Transformer.apply(Transformer.scala:20)
[info]   at org.scalatest.funsuite.AnyFunSuiteLike$$anon$1.apply(AnyFunSuiteLike.scala:226)
[info]   at org.scalatest.TestSuite.withFixture(TestSuite.scala:196)
[info]   at org.scalatest.TestSuite.withFixture$(TestSuite.scala:195)
[info]   at org.scalatest.funsuite.AnyFunSuite.withFixture(AnyFunSuite.scala:1564)
[info]   at org.scalatest.funsuite.AnyFunSuiteLike.invokeWithFixture$1(AnyFunSuiteLike.scala:224)
[info]   at org.scalatest.funsuite.AnyFunSuiteLike.$anonfun$runTest$1(AnyFunSuiteLike.scala:236)
[info]   at org.scalatest.SuperEngine.runTestImpl(Engine.scala:306)
[info]   at org.scalatest.funsuite.AnyFunSuiteLike.runTest(AnyFunSuiteLike.scala:236)
[info]   at org.scalatest.funsuite.AnyFunSuiteLike.runTest$(AnyFunSuiteLike.scala:218)
[info]   at org.scalatest.funsuite.AnyFunSuite.runTest(AnyFunSuite.scala:1564)
[info]   at org.scalatest.funsuite.AnyFunSuiteLike.$anonfun$runTests$1(AnyFunSuiteLike.scala:269)
[info]   at org.scalatest.SuperEngine.$anonfun$runTestsInBranch$1(Engine.scala:413)
[info]   at scala.collection.immutable.List.foreach(List.scala:334)
[info]   at org.scalatest.SuperEngine.traverseSubNodes$1(Engine.scala:401)
[info]   at org.scalatest.SuperEngine.runTestsInBranch(Engine.scala:396)
[info]   at org.scalatest.SuperEngine.runTestsImpl(Engine.scala:475)
[info]   at org.scalatest.funsuite.AnyFunSuiteLike.runTests(AnyFunSuiteLike.scala:269)
[info]   at org.scalatest.funsuite.AnyFunSuiteLike.runTests$(AnyFunSuiteLike.scala:268)
[info]   at org.scalatest.funsuite.AnyFunSuite.runTests(AnyFunSuite.scala:1564)
[info]   at org.scalatest.Suite.run(Suite.scala:1114)
[info]   at org.scalatest.Suite.run$(Suite.scala:1096)
[info]   at org.scalatest.funsuite.AnyFunSuite.org$scalatest$funsuite$AnyFunSuiteLike$$super$run(AnyFunSuite.scala:1564)
[info]   at org.scalatest.funsuite.AnyFunSuiteLike.$anonfun$run$1(AnyFunSuiteLike.scala:273)
[info]   at org.scalatest.SuperEngine.runImpl(Engine.scala:535)
[info]   at org.scalatest.funsuite.AnyFunSuiteLike.run(AnyFunSuiteLike.scala:273)
[info]   at org.scalatest.funsuite.AnyFunSuiteLike.run$(AnyFunSuiteLike.scala:272)
[info]   at frameless.TypedDatasetSuite.org$scalatest$BeforeAndAfterAll$$super$run(TypedDatasetSuite.scala:63)
[info]   at org.scalatest.BeforeAndAfterAll.liftedTree1$1(BeforeAndAfterAll.scala:213)
[info]   at org.scalatest.BeforeAndAfterAll.run(BeforeAndAfterAll.scala:210)
[info]   at org.scalatest.BeforeAndAfterAll.run$(BeforeAndAfterAll.scala:208)
[info]   at frameless.TypedDatasetSuite.run(TypedDatasetSuite.scala:63)
[info]   at org.scalatest.tools.Framework.org$scalatest$tools$Framework$$runSuite(Framework.scala:321)
[info]   at org.scalatest.tools.Framework$ScalaTestTask.execute(Framework.scala:517)
[info]   at sbt.ForkMain$Run.lambda$runTest$1(ForkMain.java:414)
[info]   at java.base/java.util.concurrent.FutureTask.run(FutureTask.java:317)
[info]   at java.base/java.util.concurrent.ThreadPoolExecutor.runWorker(ThreadPoolExecutor.java:1144)
[info]   at java.base/java.util.concurrent.ThreadPoolExecutor$Worker.run(ThreadPoolExecutor.java:642)
[info]   at java.base/java.lang.Thread.run(Thread.java:1583)
[info]   Cause: java.lang.IllegalArgumentException: argument type mismatch
[info]   at java.base/jdk.internal.reflect.DirectConstructorHandleAccessor.newInstance(DirectConstructorHandleAccessor.java:65)
[info]   at java.base/java.lang.reflect.Constructor.newInstanceWithCaller(Constructor.java:502)
[info]   at java.base/java.lang.reflect.Constructor.newInstance(Constructor.java:486)
[info]   at frameless.TypedExpressionEncoder$.$anonfun$apply$3(TypedExpressionEncoder.scala:55)
[info]   at scala.Option.map(Option.scala:242)
[info]   at frameless.TypedExpressionEncoder$.apply(TypedExpressionEncoder.scala:54)
[info]   at frameless.TypedDataset$.create(TypedDataset.scala:1325)
[info]   at frameless.ops.CubeTests.prop$12(CubeTests.scala:358)
[info]   at frameless.ops.CubeTests.$anonfun$new$292(CubeTests.scala:368)
[info]   at scala.Function1.$anonfun$andThen$1(Function1.scala:87)
[info]   at org.scalacheck.Prop$.$anonfun$forAllShrink$2(Prop.scala:868)
[info]   at org.scalacheck.Prop$.secure(Prop.scala:484)
[info]   at org.scalacheck.Prop$.result$1(Prop.scala:868)
[info]   at org.scalacheck.Prop$.$anonfun$forAllShrink$1(Prop.scala:915)
[info]   at org.scalacheck.Prop$.$anonfun$apply$1(Prop.scala:305)
[info]   at org.scalacheck.PropFromFun.apply(Prop.scala:20)
[info]   at org.scalacheck.Test$.workerFun$1(Test.scala:486)
[info]   at org.scalacheck.Test$.$anonfun$check$4(Test.scala:518)
[info]   at org.scalacheck.Test$.$anonfun$check$4$adapted(Test.scala:518)
[info]   at org.scalacheck.Platform$.runWorkers(Platform.scala:42)
[info]   at org.scalacheck.Test$.check(Test.scala:518)
[info]   at org.scalatestplus.scalacheck.UnitCheckerAsserting$CheckerAssertingImpl.check(CheckerAsserting.scala:90)
[info]   at org.scalatestplus.scalacheck.Checkers.check(Checkers.scala:371)
[info]   at org.scalatestplus.scalacheck.Checkers.check$(Checkers.scala:369)
[info]   at frameless.TypedDatasetSuite.check(TypedDatasetSuite.scala:63)
[info]   at frameless.ops.CubeTests.$anonfun$new$276(CubeTests.scala:368)
[info]   at org.scalatest.OutcomeOf.outcomeOf(OutcomeOf.scala:85)
[info]   at org.scalatest.OutcomeOf.outcomeOf$(OutcomeOf.scala:83)
[info]   at org.scalatest.OutcomeOf$.outcomeOf(OutcomeOf.scala:104)
[info]   at org.scalatest.Transformer.apply(Transformer.scala:22)
[info]   at org.scalatest.Transformer.apply(Transformer.scala:20)
[info]   at org.scalatest.funsuite.AnyFunSuiteLike$$anon$1.apply(AnyFunSuiteLike.scala:226)
[info]   at org.scalatest.TestSuite.withFixture(TestSuite.scala:196)
[info]   at org.scalatest.TestSuite.withFixture$(TestSuite.scala:195)
[info]   at org.scalatest.funsuite.AnyFunSuite.withFixture(AnyFunSuite.scala:1564)
[info]   at org.scalatest.funsuite.AnyFunSuiteLike.invokeWithFixture$1(AnyFunSuiteLike.scala:224)
[info]   at org.scalatest.funsuite.AnyFunSuiteLike.$anonfun$runTest$1(AnyFunSuiteLike.scala:236)
[info]   at org.scalatest.SuperEngine.runTestImpl(Engine.scala:306)
[info]   at org.scalatest.funsuite.AnyFunSuiteLike.runTest(AnyFunSuiteLike.scala:236)
[info]   at org.scalatest.funsuite.AnyFunSuiteLike.runTest$(AnyFunSuiteLike.scala:218)
[info]   at org.scalatest.funsuite.AnyFunSuite.runTest(AnyFunSuite.scala:1564)
[info]   at org.scalatest.funsuite.AnyFunSuiteLike.$anonfun$runTests$1(AnyFunSuiteLike.scala:269)
[info]   at org.scalatest.SuperEngine.$anonfun$runTestsInBranch$1(Engine.scala:413)
[info]   at scala.collection.immutable.List.foreach(List.scala:334)
[info]   at org.scalatest.SuperEngine.traverseSubNodes$1(Engine.scala:401)
[info]   at org.scalatest.SuperEngine.runTestsInBranch(Engine.scala:396)
[info]   at org.scalatest.SuperEngine.runTestsImpl(Engine.scala:475)
[info]   at org.scalatest.funsuite.AnyFunSuiteLike.runTests(AnyFunSuiteLike.scala:269)
[info]   at org.scalatest.funsuite.AnyFunSuiteLike.runTests$(AnyFunSuiteLike.scala:268)
[info]   at org.scalatest.funsuite.AnyFunSuite.runTests(AnyFunSuite.scala:1564)
[info]   at org.scalatest.Suite.run(Suite.scala:1114)
[info]   at org.scalatest.Suite.run$(Suite.scala:1096)
[info]   at org.scalatest.funsuite.AnyFunSuite.org$scalatest$funsuite$AnyFunSuiteLike$$super$run(AnyFunSuite.scala:1564)
[info]   at org.scalatest.funsuite.AnyFunSuiteLike.$anonfun$run$1(AnyFunSuiteLike.scala:273)
[info]   at org.scalatest.SuperEngine.runImpl(Engine.scala:535)
[info]   at org.scalatest.funsuite.AnyFunSuiteLike.run(AnyFunSuiteLike.scala:273)
[info]   at org.scalatest.funsuite.AnyFunSuiteLike.run$(AnyFunSuiteLike.scala:272)
[info]   at frameless.TypedDatasetSuite.org$scalatest$BeforeAndAfterAll$$super$run(TypedDatasetSuite.scala:63)
[info]   at org.scalatest.BeforeAndAfterAll.liftedTree1$1(BeforeAndAfterAll.scala:213)
[info]   at org.scalatest.BeforeAndAfterAll.run(BeforeAndAfterAll.scala:210)
[info]   at org.scalatest.BeforeAndAfterAll.run$(BeforeAndAfterAll.scala:208)
[info]   at frameless.TypedDatasetSuite.run(TypedDatasetSuite.scala:63)
[info]   at org.scalatest.tools.Framework.org$scalatest$tools$Framework$$runSuite(Framework.scala:321)
[info]   at org.scalatest.tools.Framework$ScalaTestTask.execute(Framework.scala:517)
[info]   at sbt.ForkMain$Run.lambda$runTest$1(ForkMain.java:414)
[info]   at java.base/java.util.concurrent.FutureTask.run(FutureTask.java:317)
[info]   at java.base/java.util.concurrent.ThreadPoolExecutor.runWorker(ThreadPoolExecutor.java:1144)
[info]   at java.base/java.util.concurrent.ThreadPoolExecutor$Worker.run(ThreadPoolExecutor.java:642)
[info]   at java.base/java.lang.Thread.run(Thread.java:1583)
[info]   Cause: java.lang.ClassCastException: Cannot cast scala.reflect.ClassTag$GenericClassTag to org.apache.spark.sql.catalyst.expressions.Expression
[info]   at java.base/java.lang.Class.cast(Class.java:4067)
[info]   at java.base/jdk.internal.reflect.DirectConstructorHandleAccessor.newInstance(DirectConstructorHandleAccessor.java:62)
[info]   at java.base/java.lang.reflect.Constructor.newInstanceWithCaller(Constructor.java:502)
[info]   at java.base/java.lang.reflect.Constructor.newInstance(Constructor.java:486)
[info]   at frameless.TypedExpressionEncoder$.$anonfun$apply$3(TypedExpressionEncoder.scala:55)
[info]   at scala.Option.map(Option.scala:242)
[info]   at frameless.TypedExpressionEncoder$.apply(TypedExpressionEncoder.scala:54)
[info]   at frameless.TypedDataset$.create(TypedDataset.scala:1325)
[info]   at frameless.ops.CubeTests.prop$12(CubeTests.scala:358)
[info]   at frameless.ops.CubeTests.$anonfun$new$292(CubeTests.scala:368)
[info]   at scala.Function1.$anonfun$andThen$1(Function1.scala:87)
[info]   at org.scalacheck.Prop$.$anonfun$forAllShrink$2(Prop.scala:868)
[info]   at org.scalacheck.Prop$.secure(Prop.scala:484)
[info]   at org.scalacheck.Prop$.result$1(Prop.scala:868)
[info]   at org.scalacheck.Prop$.$anonfun$forAllShrink$1(Prop.scala:915)
[info]   at org.scalacheck.Prop$.$anonfun$apply$1(Prop.scala:305)
[info]   at org.scalacheck.PropFromFun.apply(Prop.scala:20)
[info]   at org.scalacheck.Test$.workerFun$1(Test.scala:486)
[info]   at org.scalacheck.Test$.$anonfun$check$4(Test.scala:518)
[info]   at org.scalacheck.Test$.$anonfun$check$4$adapted(Test.scala:518)
[info]   at org.scalacheck.Platform$.runWorkers(Platform.scala:42)
[info]   at org.scalacheck.Test$.check(Test.scala:518)
[info]   at org.scalatestplus.scalacheck.UnitCheckerAsserting$CheckerAssertingImpl.check(CheckerAsserting.scala:90)
[info]   at org.scalatestplus.scalacheck.Checkers.check(Checkers.scala:371)
[info]   at org.scalatestplus.scalacheck.Checkers.check$(Checkers.scala:369)
[info]   at frameless.TypedDatasetSuite.check(TypedDatasetSuite.scala:63)
[info]   at frameless.ops.CubeTests.$anonfun$new$276(CubeTests.scala:368)
[info]   at org.scalatest.OutcomeOf.outcomeOf(OutcomeOf.scala:85)
[info]   at org.scalatest.OutcomeOf.outcomeOf$(OutcomeOf.scala:83)
[info]   at org.scalatest.OutcomeOf$.outcomeOf(OutcomeOf.scala:104)
[info]   at org.scalatest.Transformer.apply(Transformer.scala:22)
[info]   at org.scalatest.Transformer.apply(Transformer.scala:20)
[info]   at org.scalatest.funsuite.AnyFunSuiteLike$$anon$1.apply(AnyFunSuiteLike.scala:226)
[info]   at org.scalatest.TestSuite.withFixture(TestSuite.scala:196)
[info]   at org.scalatest.TestSuite.withFixture$(TestSuite.scala:195)
[info]   at org.scalatest.funsuite.AnyFunSuite.withFixture(AnyFunSuite.scala:1564)
[info]   at org.scalatest.funsuite.AnyFunSuiteLike.invokeWithFixture$1(AnyFunSuiteLike.scala:224)
[info]   at org.scalatest.funsuite.AnyFunSuiteLike.$anonfun$runTest$1(AnyFunSuiteLike.scala:236)
[info]   at org.scalatest.SuperEngine.runTestImpl(Engine.scala:306)
[info]   at org.scalatest.funsuite.AnyFunSuiteLike.runTest(AnyFunSuiteLike.scala:236)
[info]   at org.scalatest.funsuite.AnyFunSuiteLike.runTest$(AnyFunSuiteLike.scala:218)
[info]   at org.scalatest.funsuite.AnyFunSuite.runTest(AnyFunSuite.scala:1564)
[info]   at org.scalatest.funsuite.AnyFunSuiteLike.$anonfun$runTests$1(AnyFunSuiteLike.scala:269)
[info]   at org.scalatest.SuperEngine.$anonfun$runTestsInBranch$1(Engine.scala:413)
[info]   at scala.collection.immutable.List.foreach(List.scala:334)
[info]   at org.scalatest.SuperEngine.traverseSubNodes$1(Engine.scala:401)
[info]   at org.scalatest.SuperEngine.runTestsInBranch(Engine.scala:396)
[info]   at org.scalatest.SuperEngine.runTestsImpl(Engine.scala:475)
[info]   at org.scalatest.funsuite.AnyFunSuiteLike.runTests(AnyFunSuiteLike.scala:269)
[info]   at org.scalatest.funsuite.AnyFunSuiteLike.runTests$(AnyFunSuiteLike.scala:268)
[info]   at org.scalatest.funsuite.AnyFunSuite.runTests(AnyFunSuite.scala:1564)
[info]   at org.scalatest.Suite.run(Suite.scala:1114)
[info]   at org.scalatest.Suite.run$(Suite.scala:1096)
[info]   at org.scalatest.funsuite.AnyFunSuite.org$scalatest$funsuite$AnyFunSuiteLike$$super$run(AnyFunSuite.scala:1564)
[info]   at org.scalatest.funsuite.AnyFunSuiteLike.$anonfun$run$1(AnyFunSuiteLike.scala:273)
[info]   at org.scalatest.SuperEngine.runImpl(Engine.scala:535)
[info]   at org.scalatest.funsuite.AnyFunSuiteLike.run(AnyFunSuiteLike.scala:273)
[info]   at org.scalatest.funsuite.AnyFunSuiteLike.run$(AnyFunSuiteLike.scala:272)
[info]   at frameless.TypedDatasetSuite.org$scalatest$BeforeAndAfterAll$$super$run(TypedDatasetSuite.scala:63)
[info]   at org.scalatest.BeforeAndAfterAll.liftedTree1$1(BeforeAndAfterAll.scala:213)
[info]   at org.scalatest.BeforeAndAfterAll.run(BeforeAndAfterAll.scala:210)
[info]   at org.scalatest.BeforeAndAfterAll.run$(BeforeAndAfterAll.scala:208)
[info]   at frameless.TypedDatasetSuite.run(TypedDatasetSuite.scala:63)
[info]   at org.scalatest.tools.Framework.org$scalatest$tools$Framework$$runSuite(Framework.scala:321)
[info]   at org.scalatest.tools.Framework$ScalaTestTask.execute(Framework.scala:517)
[info]   at sbt.ForkMain$Run.lambda$runTest$1(ForkMain.java:414)
[info]   at java.base/java.util.concurrent.FutureTask.run(FutureTask.java:317)
[info]   at java.base/java.util.concurrent.ThreadPoolExecutor.runWorker(ThreadPoolExecutor.java:1144)
[info]   at java.base/java.util.concurrent.ThreadPoolExecutor$Worker.run(ThreadPoolExecutor.java:642)
[info]   at java.base/java.lang.Thread.run(Thread.java:1583)
[info] IntersectTests:
[info] - intersect *** FAILED *** (1 millisecond)
[info]   IllegalArgumentException was thrown during property evaluation.
[info]     Message: argument type mismatch
[info]     Occurred when passed generated values (
[info]       arg0 = Vector(),
[info]       arg1 = Vector()
[info]     )
[info]   org.scalatest.exceptions.GeneratorDrivenPropertyCheckFailedException:
[info]   at org.scalatestplus.scalacheck.CheckerAsserting$$anon$2.indicateFailure(CheckerAsserting.scala:251)
[info]   at org.scalatestplus.scalacheck.CheckerAsserting$$anon$2.indicateFailure(CheckerAsserting.scala:238)
[info]   at org.scalatestplus.scalacheck.UnitCheckerAsserting$CheckerAssertingImpl.check(CheckerAsserting.scala:160)
[info]   at org.scalatestplus.scalacheck.Checkers.check(Checkers.scala:371)
[info]   at org.scalatestplus.scalacheck.Checkers.check$(Checkers.scala:369)
[info]   at frameless.TypedDatasetSuite.check(TypedDatasetSuite.scala:63)
[info]   at frameless.IntersectTests.$anonfun$new$1(IntersectTests.scala:21)
[info]   at org.scalatest.OutcomeOf.outcomeOf(OutcomeOf.scala:85)
[info]   at org.scalatest.OutcomeOf.outcomeOf$(OutcomeOf.scala:83)
[info]   at org.scalatest.OutcomeOf$.outcomeOf(OutcomeOf.scala:104)
[info]   at org.scalatest.Transformer.apply(Transformer.scala:22)
[info]   at org.scalatest.Transformer.apply(Transformer.scala:20)
[info]   at org.scalatest.funsuite.AnyFunSuiteLike$$anon$1.apply(AnyFunSuiteLike.scala:226)
[info]   at org.scalatest.TestSuite.withFixture(TestSuite.scala:196)
[info]   at org.scalatest.TestSuite.withFixture$(TestSuite.scala:195)
[info]   at org.scalatest.funsuite.AnyFunSuite.withFixture(AnyFunSuite.scala:1564)
[info]   at org.scalatest.funsuite.AnyFunSuiteLike.invokeWithFixture$1(AnyFunSuiteLike.scala:224)
[info]   at org.scalatest.funsuite.AnyFunSuiteLike.$anonfun$runTest$1(AnyFunSuiteLike.scala:236)
[info]   at org.scalatest.SuperEngine.runTestImpl(Engine.scala:306)
[info]   at org.scalatest.funsuite.AnyFunSuiteLike.runTest(AnyFunSuiteLike.scala:236)
[info]   at org.scalatest.funsuite.AnyFunSuiteLike.runTest$(AnyFunSuiteLike.scala:218)
[info]   at org.scalatest.funsuite.AnyFunSuite.runTest(AnyFunSuite.scala:1564)
[info]   at org.scalatest.funsuite.AnyFunSuiteLike.$anonfun$runTests$1(AnyFunSuiteLike.scala:269)
[info]   at org.scalatest.SuperEngine.$anonfun$runTestsInBranch$1(Engine.scala:413)
[info]   at scala.collection.immutable.List.foreach(List.scala:334)
[info]   at org.scalatest.SuperEngine.traverseSubNodes$1(Engine.scala:401)
[info]   at org.scalatest.SuperEngine.runTestsInBranch(Engine.scala:396)
[info]   at org.scalatest.SuperEngine.runTestsImpl(Engine.scala:475)
[info]   at org.scalatest.funsuite.AnyFunSuiteLike.runTests(AnyFunSuiteLike.scala:269)
[info]   at org.scalatest.funsuite.AnyFunSuiteLike.runTests$(AnyFunSuiteLike.scala:268)
[info]   at org.scalatest.funsuite.AnyFunSuite.runTests(AnyFunSuite.scala:1564)
[info]   at org.scalatest.Suite.run(Suite.scala:1114)
[info]   at org.scalatest.Suite.run$(Suite.scala:1096)
[info]   at org.scalatest.funsuite.AnyFunSuite.org$scalatest$funsuite$AnyFunSuiteLike$$super$run(AnyFunSuite.scala:1564)
[info]   at org.scalatest.funsuite.AnyFunSuiteLike.$anonfun$run$1(AnyFunSuiteLike.scala:273)
[info]   at org.scalatest.SuperEngine.runImpl(Engine.scala:535)
[info]   at org.scalatest.funsuite.AnyFunSuiteLike.run(AnyFunSuiteLike.scala:273)
[info]   at org.scalatest.funsuite.AnyFunSuiteLike.run$(AnyFunSuiteLike.scala:272)
[info]   at frameless.TypedDatasetSuite.org$scalatest$BeforeAndAfterAll$$super$run(TypedDatasetSuite.scala:63)
[info]   at org.scalatest.BeforeAndAfterAll.liftedTree1$1(BeforeAndAfterAll.scala:213)
[info]   at org.scalatest.BeforeAndAfterAll.run(BeforeAndAfterAll.scala:210)
[info]   at org.scalatest.BeforeAndAfterAll.run$(BeforeAndAfterAll.scala:208)
[info]   at frameless.TypedDatasetSuite.run(TypedDatasetSuite.scala:63)
[info]   at org.scalatest.tools.Framework.org$scalatest$tools$Framework$$runSuite(Framework.scala:321)
[info]   at org.scalatest.tools.Framework$ScalaTestTask.execute(Framework.scala:517)
[info]   at sbt.ForkMain$Run.lambda$runTest$1(ForkMain.java:414)
[info]   at java.base/java.util.concurrent.FutureTask.run(FutureTask.java:317)
[info]   at java.base/java.util.concurrent.ThreadPoolExecutor.runWorker(ThreadPoolExecutor.java:1144)
[info]   at java.base/java.util.concurrent.ThreadPoolExecutor$Worker.run(ThreadPoolExecutor.java:642)
[info]   at java.base/java.lang.Thread.run(Thread.java:1583)
[info]   Cause: java.lang.IllegalArgumentException: argument type mismatch
[info]   at java.base/jdk.internal.reflect.DirectConstructorHandleAccessor.newInstance(DirectConstructorHandleAccessor.java:65)
[info]   at java.base/java.lang.reflect.Constructor.newInstanceWithCaller(Constructor.java:502)
[info]   at java.base/java.lang.reflect.Constructor.newInstance(Constructor.java:486)
[info]   at frameless.TypedExpressionEncoder$.$anonfun$apply$3(TypedExpressionEncoder.scala:55)
[info]   at scala.Option.map(Option.scala:242)
[info]   at frameless.TypedExpressionEncoder$.apply(TypedExpressionEncoder.scala:54)
[info]   at frameless.TypedDataset$.create(TypedDataset.scala:1325)
[info]   at frameless.IntersectTests.prop$1(IntersectTests.scala:10)
[info]   at frameless.IntersectTests.$anonfun$new$4(IntersectTests.scala:21)
[info]   at org.scalacheck.Prop$.$anonfun$forAll$18(Prop.scala:1131)
[info]   at scala.Function1.$anonfun$andThen$1(Function1.scala:87)
[info]   at org.scalacheck.Prop$.$anonfun$forAllShrink$2(Prop.scala:868)
[info]   at org.scalacheck.Prop$.secure(Prop.scala:484)
[info]   at org.scalacheck.Prop$.result$1(Prop.scala:868)
[info]   at org.scalacheck.Prop$.$anonfun$forAllShrink$1(Prop.scala:915)
[info]   at org.scalacheck.Prop$.$anonfun$apply$1(Prop.scala:305)
[info]   at org.scalacheck.PropFromFun.apply(Prop.scala:20)
[info]   at org.scalacheck.Prop$.result$1(Prop.scala:869)
[info]   at org.scalacheck.Prop$.$anonfun$forAllShrink$1(Prop.scala:915)
[info]   at org.scalacheck.Prop$.$anonfun$apply$1(Prop.scala:305)
[info]   at org.scalacheck.PropFromFun.apply(Prop.scala:20)
[info]   at org.scalacheck.Test$.workerFun$1(Test.scala:486)
[info]   at org.scalacheck.Test$.$anonfun$check$4(Test.scala:518)
[info]   at org.scalacheck.Test$.$anonfun$check$4$adapted(Test.scala:518)
[info]   at org.scalacheck.Platform$.runWorkers(Platform.scala:42)
[info]   at org.scalacheck.Test$.check(Test.scala:518)
[info]   at org.scalatestplus.scalacheck.UnitCheckerAsserting$CheckerAssertingImpl.check(CheckerAsserting.scala:90)
[info]   at org.scalatestplus.scalacheck.Checkers.check(Checkers.scala:371)
[info]   at org.scalatestplus.scalacheck.Checkers.check$(Checkers.scala:369)
[info]   at frameless.TypedDatasetSuite.check(TypedDatasetSuite.scala:63)
[info]   at frameless.IntersectTests.$anonfun$new$1(IntersectTests.scala:21)
[info]   at org.scalatest.OutcomeOf.outcomeOf(OutcomeOf.scala:85)
[info]   at org.scalatest.OutcomeOf.outcomeOf$(OutcomeOf.scala:83)
[info]   at org.scalatest.OutcomeOf$.outcomeOf(OutcomeOf.scala:104)
[info]   at org.scalatest.Transformer.apply(Transformer.scala:22)
[info]   at org.scalatest.Transformer.apply(Transformer.scala:20)
[info]   at org.scalatest.funsuite.AnyFunSuiteLike$$anon$1.apply(AnyFunSuiteLike.scala:226)
[info]   at org.scalatest.TestSuite.withFixture(TestSuite.scala:196)
[info]   at org.scalatest.TestSuite.withFixture$(TestSuite.scala:195)
[info]   at org.scalatest.funsuite.AnyFunSuite.withFixture(AnyFunSuite.scala:1564)
[info]   at org.scalatest.funsuite.AnyFunSuiteLike.invokeWithFixture$1(AnyFunSuiteLike.scala:224)
[info]   at org.scalatest.funsuite.AnyFunSuiteLike.$anonfun$runTest$1(AnyFunSuiteLike.scala:236)
[info]   at org.scalatest.SuperEngine.runTestImpl(Engine.scala:306)
[info]   at org.scalatest.funsuite.AnyFunSuiteLike.runTest(AnyFunSuiteLike.scala:236)
[info]   at org.scalatest.funsuite.AnyFunSuiteLike.runTest$(AnyFunSuiteLike.scala:218)
[info]   at org.scalatest.funsuite.AnyFunSuite.runTest(AnyFunSuite.scala:1564)
[info]   at org.scalatest.funsuite.AnyFunSuiteLike.$anonfun$runTests$1(AnyFunSuiteLike.scala:269)
[info]   at org.scalatest.SuperEngine.$anonfun$runTestsInBranch$1(Engine.scala:413)
[info]   at scala.collection.immutable.List.foreach(List.scala:334)
[info]   at org.scalatest.SuperEngine.traverseSubNodes$1(Engine.scala:401)
[info]   at org.scalatest.SuperEngine.runTestsInBranch(Engine.scala:396)
[info]   at org.scalatest.SuperEngine.runTestsImpl(Engine.scala:475)
[info]   at org.scalatest.funsuite.AnyFunSuiteLike.runTests(AnyFunSuiteLike.scala:269)
[info]   at org.scalatest.funsuite.AnyFunSuiteLike.runTests$(AnyFunSuiteLike.scala:268)
[info]   at org.scalatest.funsuite.AnyFunSuite.runTests(AnyFunSuite.scala:1564)
[info]   at org.scalatest.Suite.run(Suite.scala:1114)
[info]   at org.scalatest.Suite.run$(Suite.scala:1096)
[info]   at org.scalatest.funsuite.AnyFunSuite.org$scalatest$funsuite$AnyFunSuiteLike$$super$run(AnyFunSuite.scala:1564)
[info]   at org.scalatest.funsuite.AnyFunSuiteLike.$anonfun$run$1(AnyFunSuiteLike.scala:273)
[info]   at org.scalatest.SuperEngine.runImpl(Engine.scala:535)
[info]   at org.scalatest.funsuite.AnyFunSuiteLike.run(AnyFunSuiteLike.scala:273)
[info]   at org.scalatest.funsuite.AnyFunSuiteLike.run$(AnyFunSuiteLike.scala:272)
[info]   at frameless.TypedDatasetSuite.org$scalatest$BeforeAndAfterAll$$super$run(TypedDatasetSuite.scala:63)
[info]   at org.scalatest.BeforeAndAfterAll.liftedTree1$1(BeforeAndAfterAll.scala:213)
[info]   at org.scalatest.BeforeAndAfterAll.run(BeforeAndAfterAll.scala:210)
[info]   at org.scalatest.BeforeAndAfterAll.run$(BeforeAndAfterAll.scala:208)
[info]   at frameless.TypedDatasetSuite.run(TypedDatasetSuite.scala:63)
[info]   at org.scalatest.tools.Framework.org$scalatest$tools$Framework$$runSuite(Framework.scala:321)
[info]   at org.scalatest.tools.Framework$ScalaTestTask.execute(Framework.scala:517)
[info]   at sbt.ForkMain$Run.lambda$runTest$1(ForkMain.java:414)
[info]   at java.base/java.util.concurrent.FutureTask.run(FutureTask.java:317)
[info]   at java.base/java.util.concurrent.ThreadPoolExecutor.runWorker(ThreadPoolExecutor.java:1144)
[info]   at java.base/java.util.concurrent.ThreadPoolExecutor$Worker.run(ThreadPoolExecutor.java:642)
[info]   at java.base/java.lang.Thread.run(Thread.java:1583)
[info]   Cause: java.lang.ClassCastException: Cannot cast scala.reflect.ManifestFactory$IntManifest to org.apache.spark.sql.catalyst.expressions.Expression
[info]   at java.base/java.lang.Class.cast(Class.java:4067)
[info]   at java.base/jdk.internal.reflect.DirectConstructorHandleAccessor.newInstance(DirectConstructorHandleAccessor.java:62)
[info]   at java.base/java.lang.reflect.Constructor.newInstanceWithCaller(Constructor.java:502)
[info]   at java.base/java.lang.reflect.Constructor.newInstance(Constructor.java:486)
[info]   at frameless.TypedExpressionEncoder$.$anonfun$apply$3(TypedExpressionEncoder.scala:55)
[info]   at scala.Option.map(Option.scala:242)
[info]   at frameless.TypedExpressionEncoder$.apply(TypedExpressionEncoder.scala:54)
[info]   at frameless.TypedDataset$.create(TypedDataset.scala:1325)
[info]   at frameless.IntersectTests.prop$1(IntersectTests.scala:10)
[info]   at frameless.IntersectTests.$anonfun$new$4(IntersectTests.scala:21)
[info]   at org.scalacheck.Prop$.$anonfun$forAll$18(Prop.scala:1131)
[info]   at scala.Function1.$anonfun$andThen$1(Function1.scala:87)
[info]   at org.scalacheck.Prop$.$anonfun$forAllShrink$2(Prop.scala:868)
[info]   at org.scalacheck.Prop$.secure(Prop.scala:484)
[info]   at org.scalacheck.Prop$.result$1(Prop.scala:868)
[info]   at org.scalacheck.Prop$.$anonfun$forAllShrink$1(Prop.scala:915)
[info]   at org.scalacheck.Prop$.$anonfun$apply$1(Prop.scala:305)
[info]   at org.scalacheck.PropFromFun.apply(Prop.scala:20)
[info]   at org.scalacheck.Prop$.result$1(Prop.scala:869)
[info]   at org.scalacheck.Prop$.$anonfun$forAllShrink$1(Prop.scala:915)
[info]   at org.scalacheck.Prop$.$anonfun$apply$1(Prop.scala:305)
[info]   at org.scalacheck.PropFromFun.apply(Prop.scala:20)
[info]   at org.scalacheck.Test$.workerFun$1(Test.scala:486)
[info]   at org.scalacheck.Test$.$anonfun$check$4(Test.scala:518)
[info]   at org.scalacheck.Test$.$anonfun$check$4$adapted(Test.scala:518)
[info]   at org.scalacheck.Platform$.runWorkers(Platform.scala:42)
[info]   at org.scalacheck.Test$.check(Test.scala:518)
[info]   at org.scalatestplus.scalacheck.UnitCheckerAsserting$CheckerAssertingImpl.check(CheckerAsserting.scala:90)
[info]   at org.scalatestplus.scalacheck.Checkers.check(Checkers.scala:371)
[info]   at org.scalatestplus.scalacheck.Checkers.check$(Checkers.scala:369)
[info]   at frameless.TypedDatasetSuite.check(TypedDatasetSuite.scala:63)
[info]   at frameless.IntersectTests.$anonfun$new$1(IntersectTests.scala:21)
[info]   at org.scalatest.OutcomeOf.outcomeOf(OutcomeOf.scala:85)
[info]   at org.scalatest.OutcomeOf.outcomeOf$(OutcomeOf.scala:83)
[info]   at org.scalatest.OutcomeOf$.outcomeOf(OutcomeOf.scala:104)
[info]   at org.scalatest.Transformer.apply(Transformer.scala:22)
[info]   at org.scalatest.Transformer.apply(Transformer.scala:20)
[info]   at org.scalatest.funsuite.AnyFunSuiteLike$$anon$1.apply(AnyFunSuiteLike.scala:226)
[info]   at org.scalatest.TestSuite.withFixture(TestSuite.scala:196)
[info]   at org.scalatest.TestSuite.withFixture$(TestSuite.scala:195)
[info]   at org.scalatest.funsuite.AnyFunSuite.withFixture(AnyFunSuite.scala:1564)
[info]   at org.scalatest.funsuite.AnyFunSuiteLike.invokeWithFixture$1(AnyFunSuiteLike.scala:224)
[info]   at org.scalatest.funsuite.AnyFunSuiteLike.$anonfun$runTest$1(AnyFunSuiteLike.scala:236)
[info]   at org.scalatest.SuperEngine.runTestImpl(Engine.scala:306)
[info]   at org.scalatest.funsuite.AnyFunSuiteLike.runTest(AnyFunSuiteLike.scala:236)
[info]   at org.scalatest.funsuite.AnyFunSuiteLike.runTest$(AnyFunSuiteLike.scala:218)
[info]   at org.scalatest.funsuite.AnyFunSuite.runTest(AnyFunSuite.scala:1564)
[info]   at org.scalatest.funsuite.AnyFunSuiteLike.$anonfun$runTests$1(AnyFunSuiteLike.scala:269)
[info]   at org.scalatest.SuperEngine.$anonfun$runTestsInBranch$1(Engine.scala:413)
[info]   at scala.collection.immutable.List.foreach(List.scala:334)
[info]   at org.scalatest.SuperEngine.traverseSubNodes$1(Engine.scala:401)
[info]   at org.scalatest.SuperEngine.runTestsInBranch(Engine.scala:396)
[info]   at org.scalatest.SuperEngine.runTestsImpl(Engine.scala:475)
[info]   at org.scalatest.funsuite.AnyFunSuiteLike.runTests(AnyFunSuiteLike.scala:269)
[info]   at org.scalatest.funsuite.AnyFunSuiteLike.runTests$(AnyFunSuiteLike.scala:268)
[info]   at org.scalatest.funsuite.AnyFunSuite.runTests(AnyFunSuite.scala:1564)
[info]   at org.scalatest.Suite.run(Suite.scala:1114)
[info]   at org.scalatest.Suite.run$(Suite.scala:1096)
[info]   at org.scalatest.funsuite.AnyFunSuite.org$scalatest$funsuite$AnyFunSuiteLike$$super$run(AnyFunSuite.scala:1564)
[info]   at org.scalatest.funsuite.AnyFunSuiteLike.$anonfun$run$1(AnyFunSuiteLike.scala:273)
[info]   at org.scalatest.SuperEngine.runImpl(Engine.scala:535)
[info]   at org.scalatest.funsuite.AnyFunSuiteLike.run(AnyFunSuiteLike.scala:273)
[info]   at org.scalatest.funsuite.AnyFunSuiteLike.run$(AnyFunSuiteLike.scala:272)
[info]   at frameless.TypedDatasetSuite.org$scalatest$BeforeAndAfterAll$$super$run(TypedDatasetSuite.scala:63)
[info]   at org.scalatest.BeforeAndAfterAll.liftedTree1$1(BeforeAndAfterAll.scala:213)
[info]   at org.scalatest.BeforeAndAfterAll.run(BeforeAndAfterAll.scala:210)
[info]   at org.scalatest.BeforeAndAfterAll.run$(BeforeAndAfterAll.scala:208)
[info]   at frameless.TypedDatasetSuite.run(TypedDatasetSuite.scala:63)
[info]   at org.scalatest.tools.Framework.org$scalatest$tools$Framework$$runSuite(Framework.scala:321)
[info]   at org.scalatest.tools.Framework$ScalaTestTask.execute(Framework.scala:517)
[info]   at sbt.ForkMain$Run.lambda$runTest$1(ForkMain.java:414)
[info]   at java.base/java.util.concurrent.FutureTask.run(FutureTask.java:317)
[info]   at java.base/java.util.concurrent.ThreadPoolExecutor.runWorker(ThreadPoolExecutor.java:1144)
[info]   at java.base/java.util.concurrent.ThreadPoolExecutor$Worker.run(ThreadPoolExecutor.java:642)
[info]   at java.base/java.lang.Thread.run(Thread.java:1583)
[info] LitTests:
[info] - select(lit(...)) *** FAILED *** (4 milliseconds)
[info]   IllegalArgumentException was thrown during property evaluation.
[info]     Message: argument type mismatch
[info]     Occurred when passed generated values (
[info]       arg0 = 0 // 31 shrinks
[info]     )
[info]   org.scalatest.exceptions.GeneratorDrivenPropertyCheckFailedException:
[info]   at org.scalatestplus.scalacheck.CheckerAsserting$$anon$2.indicateFailure(CheckerAsserting.scala:251)
[info]   at org.scalatestplus.scalacheck.CheckerAsserting$$anon$2.indicateFailure(CheckerAsserting.scala:238)
[info]   at org.scalatestplus.scalacheck.UnitCheckerAsserting$CheckerAssertingImpl.check(CheckerAsserting.scala:160)
[info]   at org.scalatestplus.scalacheck.Checkers.check(Checkers.scala:244)
[info]   at org.scalatestplus.scalacheck.Checkers.check$(Checkers.scala:235)
[info]   at frameless.TypedDatasetSuite.check(TypedDatasetSuite.scala:63)
[info]   at frameless.LitTests.$anonfun$new$1(LitTests.scala:35)
[info]   at org.scalatest.OutcomeOf.outcomeOf(OutcomeOf.scala:85)
[info]   at org.scalatest.OutcomeOf.outcomeOf$(OutcomeOf.scala:83)
[info]   at org.scalatest.OutcomeOf$.outcomeOf(OutcomeOf.scala:104)
[info]   at org.scalatest.Transformer.apply(Transformer.scala:22)
[info]   at org.scalatest.Transformer.apply(Transformer.scala:20)
[info]   at org.scalatest.funsuite.AnyFunSuiteLike$$anon$1.apply(AnyFunSuiteLike.scala:226)
[info]   at org.scalatest.TestSuite.withFixture(TestSuite.scala:196)
[info]   at org.scalatest.TestSuite.withFixture$(TestSuite.scala:195)
[info]   at org.scalatest.funsuite.AnyFunSuite.withFixture(AnyFunSuite.scala:1564)
[info]   at org.scalatest.funsuite.AnyFunSuiteLike.invokeWithFixture$1(AnyFunSuiteLike.scala:224)
[info]   at org.scalatest.funsuite.AnyFunSuiteLike.$anonfun$runTest$1(AnyFunSuiteLike.scala:236)
[info]   at org.scalatest.SuperEngine.runTestImpl(Engine.scala:306)
[info]   at org.scalatest.funsuite.AnyFunSuiteLike.runTest(AnyFunSuiteLike.scala:236)
[info]   at org.scalatest.funsuite.AnyFunSuiteLike.runTest$(AnyFunSuiteLike.scala:218)
[info]   at org.scalatest.funsuite.AnyFunSuite.runTest(AnyFunSuite.scala:1564)
[info]   at org.scalatest.funsuite.AnyFunSuiteLike.$anonfun$runTests$1(AnyFunSuiteLike.scala:269)
[info]   at org.scalatest.SuperEngine.$anonfun$runTestsInBranch$1(Engine.scala:413)
[info]   at scala.collection.immutable.List.foreach(List.scala:334)
[info]   at org.scalatest.SuperEngine.traverseSubNodes$1(Engine.scala:401)
[info]   at org.scalatest.SuperEngine.runTestsInBranch(Engine.scala:396)
[info]   at org.scalatest.SuperEngine.runTestsImpl(Engine.scala:475)
[info]   at org.scalatest.funsuite.AnyFunSuiteLike.runTests(AnyFunSuiteLike.scala:269)
[info]   at org.scalatest.funsuite.AnyFunSuiteLike.runTests$(AnyFunSuiteLike.scala:268)
[info]   at org.scalatest.funsuite.AnyFunSuite.runTests(AnyFunSuite.scala:1564)
[info]   at org.scalatest.Suite.run(Suite.scala:1114)
[info]   at org.scalatest.Suite.run$(Suite.scala:1096)
[info]   at org.scalatest.funsuite.AnyFunSuite.org$scalatest$funsuite$AnyFunSuiteLike$$super$run(AnyFunSuite.scala:1564)
[info]   at org.scalatest.funsuite.AnyFunSuiteLike.$anonfun$run$1(AnyFunSuiteLike.scala:273)
[info]   at org.scalatest.SuperEngine.runImpl(Engine.scala:535)
[info]   at org.scalatest.funsuite.AnyFunSuiteLike.run(AnyFunSuiteLike.scala:273)
[info]   at org.scalatest.funsuite.AnyFunSuiteLike.run$(AnyFunSuiteLike.scala:272)
[info]   at frameless.TypedDatasetSuite.org$scalatest$BeforeAndAfterAll$$super$run(TypedDatasetSuite.scala:63)
[info]   at org.scalatest.BeforeAndAfterAll.liftedTree1$1(BeforeAndAfterAll.scala:213)
[info]   at org.scalatest.BeforeAndAfterAll.run(BeforeAndAfterAll.scala:210)
[info]   at org.scalatest.BeforeAndAfterAll.run$(BeforeAndAfterAll.scala:208)
[info]   at frameless.TypedDatasetSuite.run(TypedDatasetSuite.scala:63)
[info]   at org.scalatest.tools.Framework.org$scalatest$tools$Framework$$runSuite(Framework.scala:321)
[info]   at org.scalatest.tools.Framework$ScalaTestTask.execute(Framework.scala:517)
[info]   at sbt.ForkMain$Run.lambda$runTest$1(ForkMain.java:414)
[info]   at java.base/java.util.concurrent.FutureTask.run(FutureTask.java:317)
[info]   at java.base/java.util.concurrent.ThreadPoolExecutor.runWorker(ThreadPoolExecutor.java:1144)
[info]   at java.base/java.util.concurrent.ThreadPoolExecutor$Worker.run(ThreadPoolExecutor.java:642)
[info]   at java.base/java.lang.Thread.run(Thread.java:1583)
[info]   Cause: java.lang.IllegalArgumentException: argument type mismatch
[info]   at java.base/jdk.internal.reflect.DirectConstructorHandleAccessor.newInstance(DirectConstructorHandleAccessor.java:65)
[info]   at java.base/java.lang.reflect.Constructor.newInstanceWithCaller(Constructor.java:502)
[info]   at java.base/java.lang.reflect.Constructor.newInstance(Constructor.java:486)
[info]   at frameless.TypedExpressionEncoder$.$anonfun$apply$3(TypedExpressionEncoder.scala:55)
[info]   at scala.Option.map(Option.scala:242)
[info]   at frameless.TypedExpressionEncoder$.apply(TypedExpressionEncoder.scala:54)
[info]   at frameless.TypedDataset$.create(TypedDataset.scala:1325)
[info]   at frameless.LitTests.prop(LitTests.scala:13)
[info]   at frameless.LitTests.$anonfun$new$2(LitTests.scala:35)
[info]   at frameless.LitTests.$anonfun$new$2$adapted(LitTests.scala:35)
[info]   at scala.Function1.$anonfun$andThen$1(Function1.scala:87)
[info]   at org.scalacheck.Prop$.$anonfun$forAllShrink$2(Prop.scala:868)
[info]   at org.scalacheck.Prop$.secure(Prop.scala:484)
[info]   at org.scalacheck.Prop$.result$1(Prop.scala:868)
[info]   at org.scalacheck.Prop$.$anonfun$forAllShrink$4(Prop.scala:880)
[info]   at scala.collection.immutable.Stream.map(Stream.scala:173)
[info]   at org.scalacheck.Prop$.getFirstFailure$1(Prop.scala:880)
[info]   at org.scalacheck.Prop$.shrinker$1(Prop.scala:895)
[info]   at org.scalacheck.Prop$.$anonfun$forAllShrink$1(Prop.scala:916)
[info]   at org.scalacheck.Prop$.$anonfun$apply$1(Prop.scala:305)
[info]   at org.scalacheck.PropFromFun.apply(Prop.scala:20)
[info]   at org.scalacheck.Test$.workerFun$1(Test.scala:486)
[info]   at org.scalacheck.Test$.$anonfun$check$4(Test.scala:518)
[info]   at org.scalacheck.Test$.$anonfun$check$4$adapted(Test.scala:518)
[info]   at org.scalacheck.Platform$.runWorkers(Platform.scala:42)
[info]   at org.scalacheck.Test$.check(Test.scala:518)
[info]   at org.scalatestplus.scalacheck.UnitCheckerAsserting$CheckerAssertingImpl.check(CheckerAsserting.scala:90)
[info]   at org.scalatestplus.scalacheck.Checkers.check(Checkers.scala:244)
[info]   at org.scalatestplus.scalacheck.Checkers.check$(Checkers.scala:235)
[info]   at frameless.TypedDatasetSuite.check(TypedDatasetSuite.scala:63)
[info]   at frameless.LitTests.$anonfun$new$1(LitTests.scala:35)
[info]   at org.scalatest.OutcomeOf.outcomeOf(OutcomeOf.scala:85)
[info]   at org.scalatest.OutcomeOf.outcomeOf$(OutcomeOf.scala:83)
[info]   at org.scalatest.OutcomeOf$.outcomeOf(OutcomeOf.scala:104)
[info]   at org.scalatest.Transformer.apply(Transformer.scala:22)
[info]   at org.scalatest.Transformer.apply(Transformer.scala:20)
[info]   at org.scalatest.funsuite.AnyFunSuiteLike$$anon$1.apply(AnyFunSuiteLike.scala:226)
[info]   at org.scalatest.TestSuite.withFixture(TestSuite.scala:196)
[info]   at org.scalatest.TestSuite.withFixture$(TestSuite.scala:195)
[info]   at org.scalatest.funsuite.AnyFunSuite.withFixture(AnyFunSuite.scala:1564)
[info]   at org.scalatest.funsuite.AnyFunSuiteLike.invokeWithFixture$1(AnyFunSuiteLike.scala:224)
[info]   at org.scalatest.funsuite.AnyFunSuiteLike.$anonfun$runTest$1(AnyFunSuiteLike.scala:236)
[info]   at org.scalatest.SuperEngine.runTestImpl(Engine.scala:306)
[info]   at org.scalatest.funsuite.AnyFunSuiteLike.runTest(AnyFunSuiteLike.scala:236)
[info]   at org.scalatest.funsuite.AnyFunSuiteLike.runTest$(AnyFunSuiteLike.scala:218)
[info]   at org.scalatest.funsuite.AnyFunSuite.runTest(AnyFunSuite.scala:1564)
[info]   at org.scalatest.funsuite.AnyFunSuiteLike.$anonfun$runTests$1(AnyFunSuiteLike.scala:269)
[info]   at org.scalatest.SuperEngine.$anonfun$runTestsInBranch$1(Engine.scala:413)
[info]   at scala.collection.immutable.List.foreach(List.scala:334)
[info]   at org.scalatest.SuperEngine.traverseSubNodes$1(Engine.scala:401)
[info]   at org.scalatest.SuperEngine.runTestsInBranch(Engine.scala:396)
[info]   at org.scalatest.SuperEngine.runTestsImpl(Engine.scala:475)
[info]   at org.scalatest.funsuite.AnyFunSuiteLike.runTests(AnyFunSuiteLike.scala:269)
[info]   at org.scalatest.funsuite.AnyFunSuiteLike.runTests$(AnyFunSuiteLike.scala:268)
[info]   at org.scalatest.funsuite.AnyFunSuite.runTests(AnyFunSuite.scala:1564)
[info]   at org.scalatest.Suite.run(Suite.scala:1114)
[info]   at org.scalatest.Suite.run$(Suite.scala:1096)
[info]   at org.scalatest.funsuite.AnyFunSuite.org$scalatest$funsuite$AnyFunSuiteLike$$super$run(AnyFunSuite.scala:1564)
[info]   at org.scalatest.funsuite.AnyFunSuiteLike.$anonfun$run$1(AnyFunSuiteLike.scala:273)
[info]   at org.scalatest.SuperEngine.runImpl(Engine.scala:535)
[info]   at org.scalatest.funsuite.AnyFunSuiteLike.run(AnyFunSuiteLike.scala:273)
[info]   at org.scalatest.funsuite.AnyFunSuiteLike.run$(AnyFunSuiteLike.scala:272)
[info]   at frameless.TypedDatasetSuite.org$scalatest$BeforeAndAfterAll$$super$run(TypedDatasetSuite.scala:63)
[info]   at org.scalatest.BeforeAndAfterAll.liftedTree1$1(BeforeAndAfterAll.scala:213)
[info]   at org.scalatest.BeforeAndAfterAll.run(BeforeAndAfterAll.scala:210)
[info]   at org.scalatest.BeforeAndAfterAll.run$(BeforeAndAfterAll.scala:208)
[info]   at frameless.TypedDatasetSuite.run(TypedDatasetSuite.scala:63)
[info]   at org.scalatest.tools.Framework.org$scalatest$tools$Framework$$runSuite(Framework.scala:321)
[info]   at org.scalatest.tools.Framework$ScalaTestTask.execute(Framework.scala:517)
[info]   at sbt.ForkMain$Run.lambda$runTest$1(ForkMain.java:414)
[info]   at java.base/java.util.concurrent.FutureTask.run(FutureTask.java:317)
[info]   at java.base/java.util.concurrent.ThreadPoolExecutor.runWorker(ThreadPoolExecutor.java:1144)
[info]   at java.base/java.util.concurrent.ThreadPoolExecutor$Worker.run(ThreadPoolExecutor.java:642)
[info]   at java.base/java.lang.Thread.run(Thread.java:1583)
[info]   Cause: java.lang.ClassCastException: Cannot cast scala.reflect.ManifestFactory$IntManifest to org.apache.spark.sql.catalyst.expressions.Expression
[info]   at java.base/java.lang.Class.cast(Class.java:4067)
[info]   at java.base/jdk.internal.reflect.DirectConstructorHandleAccessor.newInstance(DirectConstructorHandleAccessor.java:62)
[info]   at java.base/java.lang.reflect.Constructor.newInstanceWithCaller(Constructor.java:502)
[info]   at java.base/java.lang.reflect.Constructor.newInstance(Constructor.java:486)
[info]   at frameless.TypedExpressionEncoder$.$anonfun$apply$3(TypedExpressionEncoder.scala:55)
[info]   at scala.Option.map(Option.scala:242)
[info]   at frameless.TypedExpressionEncoder$.apply(TypedExpressionEncoder.scala:54)
[info]   at frameless.TypedDataset$.create(TypedDataset.scala:1325)
[info]   at frameless.LitTests.prop(LitTests.scala:13)
[info]   at frameless.LitTests.$anonfun$new$2(LitTests.scala:35)
[info]   at frameless.LitTests.$anonfun$new$2$adapted(LitTests.scala:35)
[info]   at scala.Function1.$anonfun$andThen$1(Function1.scala:87)
[info]   at org.scalacheck.Prop$.$anonfun$forAllShrink$2(Prop.scala:868)
[info]   at org.scalacheck.Prop$.secure(Prop.scala:484)
[info]   at org.scalacheck.Prop$.result$1(Prop.scala:868)
[info]   at org.scalacheck.Prop$.$anonfun$forAllShrink$4(Prop.scala:880)
[info]   at scala.collection.immutable.Stream.map(Stream.scala:173)
[info]   at org.scalacheck.Prop$.getFirstFailure$1(Prop.scala:880)
[info]   at org.scalacheck.Prop$.shrinker$1(Prop.scala:895)
[info]   at org.scalacheck.Prop$.$anonfun$forAllShrink$1(Prop.scala:916)
[info]   at org.scalacheck.Prop$.$anonfun$apply$1(Prop.scala:305)
[info]   at org.scalacheck.PropFromFun.apply(Prop.scala:20)
[info]   at org.scalacheck.Test$.workerFun$1(Test.scala:486)
[info]   at org.scalacheck.Test$.$anonfun$check$4(Test.scala:518)
[info]   at org.scalacheck.Test$.$anonfun$check$4$adapted(Test.scala:518)
[info]   at org.scalacheck.Platform$.runWorkers(Platform.scala:42)
[info]   at org.scalacheck.Test$.check(Test.scala:518)
[info]   at org.scalatestplus.scalacheck.UnitCheckerAsserting$CheckerAssertingImpl.check(CheckerAsserting.scala:90)
[info]   at org.scalatestplus.scalacheck.Checkers.check(Checkers.scala:244)
[info]   at org.scalatestplus.scalacheck.Checkers.check$(Checkers.scala:235)
[info]   at frameless.TypedDatasetSuite.check(TypedDatasetSuite.scala:63)
[info]   at frameless.LitTests.$anonfun$new$1(LitTests.scala:35)
[info]   at org.scalatest.OutcomeOf.outcomeOf(OutcomeOf.scala:85)
[info]   at org.scalatest.OutcomeOf.outcomeOf$(OutcomeOf.scala:83)
[info]   at org.scalatest.OutcomeOf$.outcomeOf(OutcomeOf.scala:104)
[info]   at org.scalatest.Transformer.apply(Transformer.scala:22)
[info]   at org.scalatest.Transformer.apply(Transformer.scala:20)
[info]   at org.scalatest.funsuite.AnyFunSuiteLike$$anon$1.apply(AnyFunSuiteLike.scala:226)
[info]   at org.scalatest.TestSuite.withFixture(TestSuite.scala:196)
[info]   at org.scalatest.TestSuite.withFixture$(TestSuite.scala:195)
[info]   at org.scalatest.funsuite.AnyFunSuite.withFixture(AnyFunSuite.scala:1564)
[info]   at org.scalatest.funsuite.AnyFunSuiteLike.invokeWithFixture$1(AnyFunSuiteLike.scala:224)
[info]   at org.scalatest.funsuite.AnyFunSuiteLike.$anonfun$runTest$1(AnyFunSuiteLike.scala:236)
[info]   at org.scalatest.SuperEngine.runTestImpl(Engine.scala:306)
[info]   at org.scalatest.funsuite.AnyFunSuiteLike.runTest(AnyFunSuiteLike.scala:236)
[info]   at org.scalatest.funsuite.AnyFunSuiteLike.runTest$(AnyFunSuiteLike.scala:218)
[info]   at org.scalatest.funsuite.AnyFunSuite.runTest(AnyFunSuite.scala:1564)
[info]   at org.scalatest.funsuite.AnyFunSuiteLike.$anonfun$runTests$1(AnyFunSuiteLike.scala:269)
[info]   at org.scalatest.SuperEngine.$anonfun$runTestsInBranch$1(Engine.scala:413)
[info]   at scala.collection.immutable.List.foreach(List.scala:334)
[info]   at org.scalatest.SuperEngine.traverseSubNodes$1(Engine.scala:401)
[info]   at org.scalatest.SuperEngine.runTestsInBranch(Engine.scala:396)
[info]   at org.scalatest.SuperEngine.runTestsImpl(Engine.scala:475)
[info]   at org.scalatest.funsuite.AnyFunSuiteLike.runTests(AnyFunSuiteLike.scala:269)
[info]   at org.scalatest.funsuite.AnyFunSuiteLike.runTests$(AnyFunSuiteLike.scala:268)
[info]   at org.scalatest.funsuite.AnyFunSuite.runTests(AnyFunSuite.scala:1564)
[info]   at org.scalatest.Suite.run(Suite.scala:1114)
[info]   at org.scalatest.Suite.run$(Suite.scala:1096)
[info]   at org.scalatest.funsuite.AnyFunSuite.org$scalatest$funsuite$AnyFunSuiteLike$$super$run(AnyFunSuite.scala:1564)
[info]   at org.scalatest.funsuite.AnyFunSuiteLike.$anonfun$run$1(AnyFunSuiteLike.scala:273)
[info]   at org.scalatest.SuperEngine.runImpl(Engine.scala:535)
[info]   at org.scalatest.funsuite.AnyFunSuiteLike.run(AnyFunSuiteLike.scala:273)
[info]   at org.scalatest.funsuite.AnyFunSuiteLike.run$(AnyFunSuiteLike.scala:272)
[info]   at frameless.TypedDatasetSuite.org$scalatest$BeforeAndAfterAll$$super$run(TypedDatasetSuite.scala:63)
[info]   at org.scalatest.BeforeAndAfterAll.liftedTree1$1(BeforeAndAfterAll.scala:213)
[info]   at org.scalatest.BeforeAndAfterAll.run(BeforeAndAfterAll.scala:210)
[info]   at org.scalatest.BeforeAndAfterAll.run$(BeforeAndAfterAll.scala:208)
[info]   at frameless.TypedDatasetSuite.run(TypedDatasetSuite.scala:63)
[info]   at org.scalatest.tools.Framework.org$scalatest$tools$Framework$$runSuite(Framework.scala:321)
[info]   at org.scalatest.tools.Framework$ScalaTestTask.execute(Framework.scala:517)
[info]   at sbt.ForkMain$Run.lambda$runTest$1(ForkMain.java:414)
[info]   at java.base/java.util.concurrent.FutureTask.run(FutureTask.java:317)
[info]   at java.base/java.util.concurrent.ThreadPoolExecutor.runWorker(ThreadPoolExecutor.java:1144)
[info]   at java.base/java.util.concurrent.ThreadPoolExecutor$Worker.run(ThreadPoolExecutor.java:642)
[info]   at java.base/java.lang.Thread.run(Thread.java:1583)
[info] - support value class *** FAILED *** (3 milliseconds)
[info]   java.lang.IllegalArgumentException: argument type mismatch
[info]   at java.base/jdk.internal.reflect.DirectConstructorHandleAccessor.newInstance(DirectConstructorHandleAccessor.java:65)
[info]   at java.base/java.lang.reflect.Constructor.newInstanceWithCaller(Constructor.java:502)
[info]   at java.base/java.lang.reflect.Constructor.newInstance(Constructor.java:486)
[info]   at frameless.TypedExpressionEncoder$.$anonfun$apply$3(TypedExpressionEncoder.scala:55)
[info]   at scala.Option.map(Option.scala:242)
[info]   at frameless.TypedExpressionEncoder$.apply(TypedExpressionEncoder.scala:54)
[info]   at frameless.TypedDataset$.create(TypedDataset.scala:1325)
[info]   at frameless.LitTests.$anonfun$new$40(LitTests.scala:62)
[info]   at org.scalatest.OutcomeOf.outcomeOf(OutcomeOf.scala:85)
[info]   at org.scalatest.OutcomeOf.outcomeOf$(OutcomeOf.scala:83)
[info]   at org.scalatest.OutcomeOf$.outcomeOf(OutcomeOf.scala:104)
[info]   at org.scalatest.Transformer.apply(Transformer.scala:22)
[info]   at org.scalatest.Transformer.apply(Transformer.scala:20)
[info]   at org.scalatest.funsuite.AnyFunSuiteLike$$anon$1.apply(AnyFunSuiteLike.scala:226)
[info]   at org.scalatest.TestSuite.withFixture(TestSuite.scala:196)
[info]   at org.scalatest.TestSuite.withFixture$(TestSuite.scala:195)
[info]   at org.scalatest.funsuite.AnyFunSuite.withFixture(AnyFunSuite.scala:1564)
[info]   at org.scalatest.funsuite.AnyFunSuiteLike.invokeWithFixture$1(AnyFunSuiteLike.scala:224)
[info]   at org.scalatest.funsuite.AnyFunSuiteLike.$anonfun$runTest$1(AnyFunSuiteLike.scala:236)
[info]   at org.scalatest.SuperEngine.runTestImpl(Engine.scala:306)
[info]   at org.scalatest.funsuite.AnyFunSuiteLike.runTest(AnyFunSuiteLike.scala:236)
[info]   at org.scalatest.funsuite.AnyFunSuiteLike.runTest$(AnyFunSuiteLike.scala:218)
[info]   at org.scalatest.funsuite.AnyFunSuite.runTest(AnyFunSuite.scala:1564)
[info]   at org.scalatest.funsuite.AnyFunSuiteLike.$anonfun$runTests$1(AnyFunSuiteLike.scala:269)
[info]   at org.scalatest.SuperEngine.$anonfun$runTestsInBranch$1(Engine.scala:413)
[info]   at scala.collection.immutable.List.foreach(List.scala:334)
[info]   at org.scalatest.SuperEngine.traverseSubNodes$1(Engine.scala:401)
[info]   at org.scalatest.SuperEngine.runTestsInBranch(Engine.scala:396)
[info]   at org.scalatest.SuperEngine.runTestsImpl(Engine.scala:475)
[info]   at org.scalatest.funsuite.AnyFunSuiteLike.runTests(AnyFunSuiteLike.scala:269)
[info]   at org.scalatest.funsuite.AnyFunSuiteLike.runTests$(AnyFunSuiteLike.scala:268)
[info]   at org.scalatest.funsuite.AnyFunSuite.runTests(AnyFunSuite.scala:1564)
[info]   at org.scalatest.Suite.run(Suite.scala:1114)
[info]   at org.scalatest.Suite.run$(Suite.scala:1096)
[info]   at org.scalatest.funsuite.AnyFunSuite.org$scalatest$funsuite$AnyFunSuiteLike$$super$run(AnyFunSuite.scala:1564)
[info]   at org.scalatest.funsuite.AnyFunSuiteLike.$anonfun$run$1(AnyFunSuiteLike.scala:273)
[info]   at org.scalatest.SuperEngine.runImpl(Engine.scala:535)
[info]   at org.scalatest.funsuite.AnyFunSuiteLike.run(AnyFunSuiteLike.scala:273)
[info]   at org.scalatest.funsuite.AnyFunSuiteLike.run$(AnyFunSuiteLike.scala:272)
[info]   at frameless.TypedDatasetSuite.org$scalatest$BeforeAndAfterAll$$super$run(TypedDatasetSuite.scala:63)
[info]   at org.scalatest.BeforeAndAfterAll.liftedTree1$1(BeforeAndAfterAll.scala:213)
[info]   at org.scalatest.BeforeAndAfterAll.run(BeforeAndAfterAll.scala:210)
[info]   at org.scalatest.BeforeAndAfterAll.run$(BeforeAndAfterAll.scala:208)
[info]   at frameless.TypedDatasetSuite.run(TypedDatasetSuite.scala:63)
[info]   at org.scalatest.tools.Framework.org$scalatest$tools$Framework$$runSuite(Framework.scala:321)
[info]   at org.scalatest.tools.Framework$ScalaTestTask.execute(Framework.scala:517)
[info]   at sbt.ForkMain$Run.lambda$runTest$1(ForkMain.java:414)
[info]   at java.base/java.util.concurrent.FutureTask.run(FutureTask.java:317)
[info]   at java.base/java.util.concurrent.ThreadPoolExecutor.runWorker(ThreadPoolExecutor.java:1144)
[info]   at java.base/java.util.concurrent.ThreadPoolExecutor$Worker.run(ThreadPoolExecutor.java:642)
[info]   at java.base/java.lang.Thread.run(Thread.java:1583)
[info]   Cause: java.lang.ClassCastException: Cannot cast scala.reflect.ClassTag$GenericClassTag to org.apache.spark.sql.catalyst.expressions.Expression
[info]   at java.base/java.lang.Class.cast(Class.java:4067)
[info]   at java.base/jdk.internal.reflect.DirectConstructorHandleAccessor.newInstance(DirectConstructorHandleAccessor.java:62)
[info]   at java.base/java.lang.reflect.Constructor.newInstanceWithCaller(Constructor.java:502)
[info]   at java.base/java.lang.reflect.Constructor.newInstance(Constructor.java:486)
[info]   at frameless.TypedExpressionEncoder$.$anonfun$apply$3(TypedExpressionEncoder.scala:55)
[info]   at scala.Option.map(Option.scala:242)
[info]   at frameless.TypedExpressionEncoder$.apply(TypedExpressionEncoder.scala:54)
[info]   at frameless.TypedDataset$.create(TypedDataset.scala:1325)
[info]   at frameless.LitTests.$anonfun$new$40(LitTests.scala:62)
[info]   at org.scalatest.OutcomeOf.outcomeOf(OutcomeOf.scala:85)
[info]   at org.scalatest.OutcomeOf.outcomeOf$(OutcomeOf.scala:83)
[info]   at org.scalatest.OutcomeOf$.outcomeOf(OutcomeOf.scala:104)
[info]   at org.scalatest.Transformer.apply(Transformer.scala:22)
[info]   at org.scalatest.Transformer.apply(Transformer.scala:20)
[info]   at org.scalatest.funsuite.AnyFunSuiteLike$$anon$1.apply(AnyFunSuiteLike.scala:226)
[info]   at org.scalatest.TestSuite.withFixture(TestSuite.scala:196)
[info]   at org.scalatest.TestSuite.withFixture$(TestSuite.scala:195)
[info]   at org.scalatest.funsuite.AnyFunSuite.withFixture(AnyFunSuite.scala:1564)
[info]   at org.scalatest.funsuite.AnyFunSuiteLike.invokeWithFixture$1(AnyFunSuiteLike.scala:224)
[info]   at org.scalatest.funsuite.AnyFunSuiteLike.$anonfun$runTest$1(AnyFunSuiteLike.scala:236)
[info]   at org.scalatest.SuperEngine.runTestImpl(Engine.scala:306)
[info]   at org.scalatest.funsuite.AnyFunSuiteLike.runTest(AnyFunSuiteLike.scala:236)
[info]   at org.scalatest.funsuite.AnyFunSuiteLike.runTest$(AnyFunSuiteLike.scala:218)
[info]   at org.scalatest.funsuite.AnyFunSuite.runTest(AnyFunSuite.scala:1564)
[info]   at org.scalatest.funsuite.AnyFunSuiteLike.$anonfun$runTests$1(AnyFunSuiteLike.scala:269)
[info]   at org.scalatest.SuperEngine.$anonfun$runTestsInBranch$1(Engine.scala:413)
[info]   at scala.collection.immutable.List.foreach(List.scala:334)
[info]   at org.scalatest.SuperEngine.traverseSubNodes$1(Engine.scala:401)
[info]   at org.scalatest.SuperEngine.runTestsInBranch(Engine.scala:396)
[info]   at org.scalatest.SuperEngine.runTestsImpl(Engine.scala:475)
[info]   at org.scalatest.funsuite.AnyFunSuiteLike.runTests(AnyFunSuiteLike.scala:269)
[info]   at org.scalatest.funsuite.AnyFunSuiteLike.runTests$(AnyFunSuiteLike.scala:268)
[info]   at org.scalatest.funsuite.AnyFunSuite.runTests(AnyFunSuite.scala:1564)
[info]   at org.scalatest.Suite.run(Suite.scala:1114)
[info]   at org.scalatest.Suite.run$(Suite.scala:1096)
[info]   at org.scalatest.funsuite.AnyFunSuite.org$scalatest$funsuite$AnyFunSuiteLike$$super$run(AnyFunSuite.scala:1564)
[info]   at org.scalatest.funsuite.AnyFunSuiteLike.$anonfun$run$1(AnyFunSuiteLike.scala:273)
[info]   at org.scalatest.SuperEngine.runImpl(Engine.scala:535)
[info]   at org.scalatest.funsuite.AnyFunSuiteLike.run(AnyFunSuiteLike.scala:273)
[info]   at org.scalatest.funsuite.AnyFunSuiteLike.run$(AnyFunSuiteLike.scala:272)
[info]   at frameless.TypedDatasetSuite.org$scalatest$BeforeAndAfterAll$$super$run(TypedDatasetSuite.scala:63)
[info]   at org.scalatest.BeforeAndAfterAll.liftedTree1$1(BeforeAndAfterAll.scala:213)
[info]   at org.scalatest.BeforeAndAfterAll.run(BeforeAndAfterAll.scala:210)
[info]   at org.scalatest.BeforeAndAfterAll.run$(BeforeAndAfterAll.scala:208)
[info]   at frameless.TypedDatasetSuite.run(TypedDatasetSuite.scala:63)
[info]   at org.scalatest.tools.Framework.org$scalatest$tools$Framework$$runSuite(Framework.scala:321)
[info]   at org.scalatest.tools.Framework$ScalaTestTask.execute(Framework.scala:517)
[info]   at sbt.ForkMain$Run.lambda$runTest$1(ForkMain.java:414)
[info]   at java.base/java.util.concurrent.FutureTask.run(FutureTask.java:317)
[info]   at java.base/java.util.concurrent.ThreadPoolExecutor.runWorker(ThreadPoolExecutor.java:1144)
[info]   at java.base/java.util.concurrent.ThreadPoolExecutor$Worker.run(ThreadPoolExecutor.java:642)
[info]   at java.base/java.lang.Thread.run(Thread.java:1583)
[info] - support optional value class *** FAILED *** (5 milliseconds)
[info]   java.lang.IllegalArgumentException: argument type mismatch
[info]   at java.base/jdk.internal.reflect.DirectConstructorHandleAccessor.newInstance(DirectConstructorHandleAccessor.java:65)
[info]   at java.base/java.lang.reflect.Constructor.newInstanceWithCaller(Constructor.java:502)
[info]   at java.base/java.lang.reflect.Constructor.newInstance(Constructor.java:486)
[info]   at frameless.TypedExpressionEncoder$.$anonfun$apply$3(TypedExpressionEncoder.scala:55)
[info]   at scala.Option.map(Option.scala:242)
[info]   at frameless.TypedExpressionEncoder$.apply(TypedExpressionEncoder.scala:54)
[info]   at frameless.TypedDataset$.create(TypedDataset.scala:1325)
[info]   at frameless.LitTests.$anonfun$new$56(LitTests.scala:76)
[info]   at org.scalatest.OutcomeOf.outcomeOf(OutcomeOf.scala:85)
[info]   at org.scalatest.OutcomeOf.outcomeOf$(OutcomeOf.scala:83)
[info]   at org.scalatest.OutcomeOf$.outcomeOf(OutcomeOf.scala:104)
[info]   at org.scalatest.Transformer.apply(Transformer.scala:22)
[info]   at org.scalatest.Transformer.apply(Transformer.scala:20)
[info]   at org.scalatest.funsuite.AnyFunSuiteLike$$anon$1.apply(AnyFunSuiteLike.scala:226)
[info]   at org.scalatest.TestSuite.withFixture(TestSuite.scala:196)
[info]   at org.scalatest.TestSuite.withFixture$(TestSuite.scala:195)
[info]   at org.scalatest.funsuite.AnyFunSuite.withFixture(AnyFunSuite.scala:1564)
[info]   at org.scalatest.funsuite.AnyFunSuiteLike.invokeWithFixture$1(AnyFunSuiteLike.scala:224)
[info]   at org.scalatest.funsuite.AnyFunSuiteLike.$anonfun$runTest$1(AnyFunSuiteLike.scala:236)
[info]   at org.scalatest.SuperEngine.runTestImpl(Engine.scala:306)
[info]   at org.scalatest.funsuite.AnyFunSuiteLike.runTest(AnyFunSuiteLike.scala:236)
[info]   at org.scalatest.funsuite.AnyFunSuiteLike.runTest$(AnyFunSuiteLike.scala:218)
[info]   at org.scalatest.funsuite.AnyFunSuite.runTest(AnyFunSuite.scala:1564)
[info]   at org.scalatest.funsuite.AnyFunSuiteLike.$anonfun$runTests$1(AnyFunSuiteLike.scala:269)
[info]   at org.scalatest.SuperEngine.$anonfun$runTestsInBranch$1(Engine.scala:413)
[info]   at scala.collection.immutable.List.foreach(List.scala:334)
[info]   at org.scalatest.SuperEngine.traverseSubNodes$1(Engine.scala:401)
[info]   at org.scalatest.SuperEngine.runTestsInBranch(Engine.scala:396)
[info]   at org.scalatest.SuperEngine.runTestsImpl(Engine.scala:475)
[info]   at org.scalatest.funsuite.AnyFunSuiteLike.runTests(AnyFunSuiteLike.scala:269)
[info]   at org.scalatest.funsuite.AnyFunSuiteLike.runTests$(AnyFunSuiteLike.scala:268)
[info]   at org.scalatest.funsuite.AnyFunSuite.runTests(AnyFunSuite.scala:1564)
[info]   at org.scalatest.Suite.run(Suite.scala:1114)
[info]   at org.scalatest.Suite.run$(Suite.scala:1096)
[info]   at org.scalatest.funsuite.AnyFunSuite.org$scalatest$funsuite$AnyFunSuiteLike$$super$run(AnyFunSuite.scala:1564)
[info]   at org.scalatest.funsuite.AnyFunSuiteLike.$anonfun$run$1(AnyFunSuiteLike.scala:273)
[info]   at org.scalatest.SuperEngine.runImpl(Engine.scala:535)
[info]   at org.scalatest.funsuite.AnyFunSuiteLike.run(AnyFunSuiteLike.scala:273)
[info]   at org.scalatest.funsuite.AnyFunSuiteLike.run$(AnyFunSuiteLike.scala:272)
[info]   at frameless.TypedDatasetSuite.org$scalatest$BeforeAndAfterAll$$super$run(TypedDatasetSuite.scala:63)
[info]   at org.scalatest.BeforeAndAfterAll.liftedTree1$1(BeforeAndAfterAll.scala:213)
[info]   at org.scalatest.BeforeAndAfterAll.run(BeforeAndAfterAll.scala:210)
[info]   at org.scalatest.BeforeAndAfterAll.run$(BeforeAndAfterAll.scala:208)
[info]   at frameless.TypedDatasetSuite.run(TypedDatasetSuite.scala:63)
[info]   at org.scalatest.tools.Framework.org$scalatest$tools$Framework$$runSuite(Framework.scala:321)
[info]   at org.scalatest.tools.Framework$ScalaTestTask.execute(Framework.scala:517)
[info]   at sbt.ForkMain$Run.lambda$runTest$1(ForkMain.java:414)
[info]   at java.base/java.util.concurrent.FutureTask.run(FutureTask.java:317)
[info]   at java.base/java.util.concurrent.ThreadPoolExecutor.runWorker(ThreadPoolExecutor.java:1144)
[info]   at java.base/java.util.concurrent.ThreadPoolExecutor$Worker.run(ThreadPoolExecutor.java:642)
[info]   at java.base/java.lang.Thread.run(Thread.java:1583)
[info]   Cause: java.lang.ClassCastException: Cannot cast scala.reflect.ClassTag$GenericClassTag to org.apache.spark.sql.catalyst.expressions.Expression
[info]   at java.base/java.lang.Class.cast(Class.java:4067)
[info]   at java.base/jdk.internal.reflect.DirectConstructorHandleAccessor.newInstance(DirectConstructorHandleAccessor.java:62)
[info]   at java.base/java.lang.reflect.Constructor.newInstanceWithCaller(Constructor.java:502)
[info]   at java.base/java.lang.reflect.Constructor.newInstance(Constructor.java:486)
[info]   at frameless.TypedExpressionEncoder$.$anonfun$apply$3(TypedExpressionEncoder.scala:55)
[info]   at scala.Option.map(Option.scala:242)
[info]   at frameless.TypedExpressionEncoder$.apply(TypedExpressionEncoder.scala:54)
[info]   at frameless.TypedDataset$.create(TypedDataset.scala:1325)
[info]   at frameless.LitTests.$anonfun$new$56(LitTests.scala:76)
[info]   at org.scalatest.OutcomeOf.outcomeOf(OutcomeOf.scala:85)
[info]   at org.scalatest.OutcomeOf.outcomeOf$(OutcomeOf.scala:83)
[info]   at org.scalatest.OutcomeOf$.outcomeOf(OutcomeOf.scala:104)
[info]   at org.scalatest.Transformer.apply(Transformer.scala:22)
[info]   at org.scalatest.Transformer.apply(Transformer.scala:20)
[info]   at org.scalatest.funsuite.AnyFunSuiteLike$$anon$1.apply(AnyFunSuiteLike.scala:226)
[info]   at org.scalatest.TestSuite.withFixture(TestSuite.scala:196)
[info]   at org.scalatest.TestSuite.withFixture$(TestSuite.scala:195)
[info]   at org.scalatest.funsuite.AnyFunSuite.withFixture(AnyFunSuite.scala:1564)
[info]   at org.scalatest.funsuite.AnyFunSuiteLike.invokeWithFixture$1(AnyFunSuiteLike.scala:224)
[info]   at org.scalatest.funsuite.AnyFunSuiteLike.$anonfun$runTest$1(AnyFunSuiteLike.scala:236)
[info]   at org.scalatest.SuperEngine.runTestImpl(Engine.scala:306)
[info]   at org.scalatest.funsuite.AnyFunSuiteLike.runTest(AnyFunSuiteLike.scala:236)
[info]   at org.scalatest.funsuite.AnyFunSuiteLike.runTest$(AnyFunSuiteLike.scala:218)
[info]   at org.scalatest.funsuite.AnyFunSuite.runTest(AnyFunSuite.scala:1564)
[info]   at org.scalatest.funsuite.AnyFunSuiteLike.$anonfun$runTests$1(AnyFunSuiteLike.scala:269)
[info]   at org.scalatest.SuperEngine.$anonfun$runTestsInBranch$1(Engine.scala:413)
[info]   at scala.collection.immutable.List.foreach(List.scala:334)
[info]   at org.scalatest.SuperEngine.traverseSubNodes$1(Engine.scala:401)
[info]   at org.scalatest.SuperEngine.runTestsInBranch(Engine.scala:396)
[info]   at org.scalatest.SuperEngine.runTestsImpl(Engine.scala:475)
[info]   at org.scalatest.funsuite.AnyFunSuiteLike.runTests(AnyFunSuiteLike.scala:269)
[info]   at org.scalatest.funsuite.AnyFunSuiteLike.runTests$(AnyFunSuiteLike.scala:268)
[info]   at org.scalatest.funsuite.AnyFunSuite.runTests(AnyFunSuite.scala:1564)
[info]   at org.scalatest.Suite.run(Suite.scala:1114)
[info]   at org.scalatest.Suite.run$(Suite.scala:1096)
[info]   at org.scalatest.funsuite.AnyFunSuite.org$scalatest$funsuite$AnyFunSuiteLike$$super$run(AnyFunSuite.scala:1564)
[info]   at org.scalatest.funsuite.AnyFunSuiteLike.$anonfun$run$1(AnyFunSuiteLike.scala:273)
[info]   at org.scalatest.SuperEngine.runImpl(Engine.scala:535)
[info]   at org.scalatest.funsuite.AnyFunSuiteLike.run(AnyFunSuiteLike.scala:273)
[info]   at org.scalatest.funsuite.AnyFunSuiteLike.run$(AnyFunSuiteLike.scala:272)
[info]   at frameless.TypedDatasetSuite.org$scalatest$BeforeAndAfterAll$$super$run(TypedDatasetSuite.scala:63)
[info]   at org.scalatest.BeforeAndAfterAll.liftedTree1$1(BeforeAndAfterAll.scala:213)
[info]   at org.scalatest.BeforeAndAfterAll.run(BeforeAndAfterAll.scala:210)
[info]   at org.scalatest.BeforeAndAfterAll.run$(BeforeAndAfterAll.scala:208)
[info]   at frameless.TypedDatasetSuite.run(TypedDatasetSuite.scala:63)
[info]   at org.scalatest.tools.Framework.org$scalatest$tools$Framework$$runSuite(Framework.scala:321)
[info]   at org.scalatest.tools.Framework$ScalaTestTask.execute(Framework.scala:517)
[info]   at sbt.ForkMain$Run.lambda$runTest$1(ForkMain.java:414)
[info]   at java.base/java.util.concurrent.FutureTask.run(FutureTask.java:317)
[info]   at java.base/java.util.concurrent.ThreadPoolExecutor.runWorker(ThreadPoolExecutor.java:1144)
[info]   at java.base/java.util.concurrent.ThreadPoolExecutor$Worker.run(ThreadPoolExecutor.java:642)
[info]   at java.base/java.lang.Thread.run(Thread.java:1583)
[info] - #205: comparing literals encoded using Injection *** FAILED *** (16 milliseconds)
[info]   java.lang.IllegalArgumentException: argument type mismatch
[info]   at java.base/jdk.internal.reflect.DirectConstructorHandleAccessor.newInstance(DirectConstructorHandleAccessor.java:65)
[info]   at java.base/java.lang.reflect.Constructor.newInstanceWithCaller(Constructor.java:502)
[info]   at java.base/java.lang.reflect.Constructor.newInstance(Constructor.java:486)
[info]   at frameless.TypedExpressionEncoder$.$anonfun$apply$3(TypedExpressionEncoder.scala:55)
[info]   at scala.Option.map(Option.scala:242)
[info]   at frameless.TypedExpressionEncoder$.apply(TypedExpressionEncoder.scala:54)
[info]   at frameless.TypedDataset$.create(TypedDataset.scala:1325)
[info]   at frameless.LitTests.$anonfun$new$83(LitTests.scala:101)
[info]   at org.scalatest.OutcomeOf.outcomeOf(OutcomeOf.scala:85)
[info]   at org.scalatest.OutcomeOf.outcomeOf$(OutcomeOf.scala:83)
[info]   at org.scalatest.OutcomeOf$.outcomeOf(OutcomeOf.scala:104)
[info]   at org.scalatest.Transformer.apply(Transformer.scala:22)
[info]   at org.scalatest.Transformer.apply(Transformer.scala:20)
[info]   at org.scalatest.funsuite.AnyFunSuiteLike$$anon$1.apply(AnyFunSuiteLike.scala:226)
[info]   at org.scalatest.TestSuite.withFixture(TestSuite.scala:196)
[info]   at org.scalatest.TestSuite.withFixture$(TestSuite.scala:195)
[info]   at org.scalatest.funsuite.AnyFunSuite.withFixture(AnyFunSuite.scala:1564)
[info]   at org.scalatest.funsuite.AnyFunSuiteLike.invokeWithFixture$1(AnyFunSuiteLike.scala:224)
[info]   at org.scalatest.funsuite.AnyFunSuiteLike.$anonfun$runTest$1(AnyFunSuiteLike.scala:236)
[info]   at org.scalatest.SuperEngine.runTestImpl(Engine.scala:306)
[info]   at org.scalatest.funsuite.AnyFunSuiteLike.runTest(AnyFunSuiteLike.scala:236)
[info]   at org.scalatest.funsuite.AnyFunSuiteLike.runTest$(AnyFunSuiteLike.scala:218)
[info]   at org.scalatest.funsuite.AnyFunSuite.runTest(AnyFunSuite.scala:1564)
[info]   at org.scalatest.funsuite.AnyFunSuiteLike.$anonfun$runTests$1(AnyFunSuiteLike.scala:269)
[info]   at org.scalatest.SuperEngine.$anonfun$runTestsInBranch$1(Engine.scala:413)
[info]   at scala.collection.immutable.List.foreach(List.scala:334)
[info]   at org.scalatest.SuperEngine.traverseSubNodes$1(Engine.scala:401)
[info]   at org.scalatest.SuperEngine.runTestsInBranch(Engine.scala:396)
[info]   at org.scalatest.SuperEngine.runTestsImpl(Engine.scala:475)
[info]   at org.scalatest.funsuite.AnyFunSuiteLike.runTests(AnyFunSuiteLike.scala:269)
[info]   at org.scalatest.funsuite.AnyFunSuiteLike.runTests$(AnyFunSuiteLike.scala:268)
[info]   at org.scalatest.funsuite.AnyFunSuite.runTests(AnyFunSuite.scala:1564)
[info]   at org.scalatest.Suite.run(Suite.scala:1114)
[info]   at org.scalatest.Suite.run$(Suite.scala:1096)
[info]   at org.scalatest.funsuite.AnyFunSuite.org$scalatest$funsuite$AnyFunSuiteLike$$super$run(AnyFunSuite.scala:1564)
[info]   at org.scalatest.funsuite.AnyFunSuiteLike.$anonfun$run$1(AnyFunSuiteLike.scala:273)
[info]   at org.scalatest.SuperEngine.runImpl(Engine.scala:535)
[info]   at org.scalatest.funsuite.AnyFunSuiteLike.run(AnyFunSuiteLike.scala:273)
[info]   at org.scalatest.funsuite.AnyFunSuiteLike.run$(AnyFunSuiteLike.scala:272)
[info]   at frameless.TypedDatasetSuite.org$scalatest$BeforeAndAfterAll$$super$run(TypedDatasetSuite.scala:63)
[info]   at org.scalatest.BeforeAndAfterAll.liftedTree1$1(BeforeAndAfterAll.scala:213)
[info]   at org.scalatest.BeforeAndAfterAll.run(BeforeAndAfterAll.scala:210)
[info]   at org.scalatest.BeforeAndAfterAll.run$(BeforeAndAfterAll.scala:208)
[info]   at frameless.TypedDatasetSuite.run(TypedDatasetSuite.scala:63)
[info]   at org.scalatest.tools.Framework.org$scalatest$tools$Framework$$runSuite(Framework.scala:321)
[info]   at org.scalatest.tools.Framework$ScalaTestTask.execute(Framework.scala:517)
[info]   at sbt.ForkMain$Run.lambda$runTest$1(ForkMain.java:414)
[info]   at java.base/java.util.concurrent.FutureTask.run(FutureTask.java:317)
[info]   at java.base/java.util.concurrent.ThreadPoolExecutor.runWorker(ThreadPoolExecutor.java:1144)
[info]   at java.base/java.util.concurrent.ThreadPoolExecutor$Worker.run(ThreadPoolExecutor.java:642)
[info]   at java.base/java.lang.Thread.run(Thread.java:1583)
[info]   Cause: java.lang.ClassCastException: Cannot cast scala.reflect.ClassTag$GenericClassTag to org.apache.spark.sql.catalyst.expressions.Expression
[info]   at java.base/java.lang.Class.cast(Class.java:4067)
[info]   at java.base/jdk.internal.reflect.DirectConstructorHandleAccessor.newInstance(DirectConstructorHandleAccessor.java:62)
[info]   at java.base/java.lang.reflect.Constructor.newInstanceWithCaller(Constructor.java:502)
[info]   at java.base/java.lang.reflect.Constructor.newInstance(Constructor.java:486)
[info]   at frameless.TypedExpressionEncoder$.$anonfun$apply$3(TypedExpressionEncoder.scala:55)
[info]   at scala.Option.map(Option.scala:242)
[info]   at frameless.TypedExpressionEncoder$.apply(TypedExpressionEncoder.scala:54)
[info]   at frameless.TypedDataset$.create(TypedDataset.scala:1325)
[info]   at frameless.LitTests.$anonfun$new$83(LitTests.scala:101)
[info]   at org.scalatest.OutcomeOf.outcomeOf(OutcomeOf.scala:85)
[info]   at org.scalatest.OutcomeOf.outcomeOf$(OutcomeOf.scala:83)
[info]   at org.scalatest.OutcomeOf$.outcomeOf(OutcomeOf.scala:104)
[info]   at org.scalatest.Transformer.apply(Transformer.scala:22)
[info]   at org.scalatest.Transformer.apply(Transformer.scala:20)
[info]   at org.scalatest.funsuite.AnyFunSuiteLike$$anon$1.apply(AnyFunSuiteLike.scala:226)
[info]   at org.scalatest.TestSuite.withFixture(TestSuite.scala:196)
[info]   at org.scalatest.TestSuite.withFixture$(TestSuite.scala:195)
[info]   at org.scalatest.funsuite.AnyFunSuite.withFixture(AnyFunSuite.scala:1564)
[info]   at org.scalatest.funsuite.AnyFunSuiteLike.invokeWithFixture$1(AnyFunSuiteLike.scala:224)
[info]   at org.scalatest.funsuite.AnyFunSuiteLike.$anonfun$runTest$1(AnyFunSuiteLike.scala:236)
[info]   at org.scalatest.SuperEngine.runTestImpl(Engine.scala:306)
[info]   at org.scalatest.funsuite.AnyFunSuiteLike.runTest(AnyFunSuiteLike.scala:236)
[info]   at org.scalatest.funsuite.AnyFunSuiteLike.runTest$(AnyFunSuiteLike.scala:218)
[info]   at org.scalatest.funsuite.AnyFunSuite.runTest(AnyFunSuite.scala:1564)
[info]   at org.scalatest.funsuite.AnyFunSuiteLike.$anonfun$runTests$1(AnyFunSuiteLike.scala:269)
[info]   at org.scalatest.SuperEngine.$anonfun$runTestsInBranch$1(Engine.scala:413)
[info]   at scala.collection.immutable.List.foreach(List.scala:334)
[info]   at org.scalatest.SuperEngine.traverseSubNodes$1(Engine.scala:401)
[info]   at org.scalatest.SuperEngine.runTestsInBranch(Engine.scala:396)
[info]   at org.scalatest.SuperEngine.runTestsImpl(Engine.scala:475)
[info]   at org.scalatest.funsuite.AnyFunSuiteLike.runTests(AnyFunSuiteLike.scala:269)
[info]   at org.scalatest.funsuite.AnyFunSuiteLike.runTests$(AnyFunSuiteLike.scala:268)
[info]   at org.scalatest.funsuite.AnyFunSuite.runTests(AnyFunSuite.scala:1564)
[info]   at org.scalatest.Suite.run(Suite.scala:1114)
[info]   at org.scalatest.Suite.run$(Suite.scala:1096)
[info]   at org.scalatest.funsuite.AnyFunSuite.org$scalatest$funsuite$AnyFunSuiteLike$$super$run(AnyFunSuite.scala:1564)
[info]   at org.scalatest.funsuite.AnyFunSuiteLike.$anonfun$run$1(AnyFunSuiteLike.scala:273)
[info]   at org.scalatest.SuperEngine.runImpl(Engine.scala:535)
[info]   at org.scalatest.funsuite.AnyFunSuiteLike.run(AnyFunSuiteLike.scala:273)
[info]   at org.scalatest.funsuite.AnyFunSuiteLike.run$(AnyFunSuiteLike.scala:272)
[info]   at frameless.TypedDatasetSuite.org$scalatest$BeforeAndAfterAll$$super$run(TypedDatasetSuite.scala:63)
[info]   at org.scalatest.BeforeAndAfterAll.liftedTree1$1(BeforeAndAfterAll.scala:213)
[info]   at org.scalatest.BeforeAndAfterAll.run(BeforeAndAfterAll.scala:210)
[info]   at org.scalatest.BeforeAndAfterAll.run$(BeforeAndAfterAll.scala:208)
[info]   at frameless.TypedDatasetSuite.run(TypedDatasetSuite.scala:63)
[info]   at org.scalatest.tools.Framework.org$scalatest$tools$Framework$$runSuite(Framework.scala:321)
[info]   at org.scalatest.tools.Framework$ScalaTestTask.execute(Framework.scala:517)
[info]   at sbt.ForkMain$Run.lambda$runTest$1(ForkMain.java:414)
[info]   at java.base/java.util.concurrent.FutureTask.run(FutureTask.java:317)
[info]   at java.base/java.util.concurrent.ThreadPoolExecutor.runWorker(ThreadPoolExecutor.java:1144)
[info]   at java.base/java.util.concurrent.ThreadPoolExecutor$Worker.run(ThreadPoolExecutor.java:642)
[info]   at java.base/java.lang.Thread.run(Thread.java:1583)
[info] ColumnTests:
[info] - select('a < 'b, 'a <= 'b, 'a > 'b, 'a >= 'b) *** FAILED *** (8 milliseconds)
[info]   IllegalArgumentException was thrown during property evaluation.
[info]     Message: argument type mismatch
[info]     Occurred when passed generated values (
[info]       arg0 = 0, // 29 shrinks
[info]       arg1 = 0 // 1 shrink
[info]     )
[info]   org.scalatest.exceptions.GeneratorDrivenPropertyCheckFailedException:
[info]   at org.scalatestplus.scalacheck.CheckerAsserting$$anon$2.indicateFailure(CheckerAsserting.scala:251)
[info]   at org.scalatestplus.scalacheck.CheckerAsserting$$anon$2.indicateFailure(CheckerAsserting.scala:238)
[info]   at org.scalatestplus.scalacheck.UnitCheckerAsserting$CheckerAssertingImpl.check(CheckerAsserting.scala:160)
[info]   at org.scalatestplus.scalacheck.Checkers.check(Checkers.scala:371)
[info]   at org.scalatestplus.scalacheck.Checkers.check$(Checkers.scala:369)
[info]   at frameless.TypedDatasetSuite.check(TypedDatasetSuite.scala:63)
[info]   at frameless.ColumnTests.$anonfun$new$1(ColumnTests.scala:89)
[info]   at org.scalatest.OutcomeOf.outcomeOf(OutcomeOf.scala:85)
[info]   at org.scalatest.OutcomeOf.outcomeOf$(OutcomeOf.scala:83)
[info]   at org.scalatest.OutcomeOf$.outcomeOf(OutcomeOf.scala:104)
[info]   at org.scalatest.Transformer.apply(Transformer.scala:22)
[info]   at org.scalatest.Transformer.apply(Transformer.scala:20)
[info]   at org.scalatest.funsuite.AnyFunSuiteLike$$anon$1.apply(AnyFunSuiteLike.scala:226)
[info]   at org.scalatest.TestSuite.withFixture(TestSuite.scala:196)
[info]   at org.scalatest.TestSuite.withFixture$(TestSuite.scala:195)
[info]   at org.scalatest.funsuite.AnyFunSuite.withFixture(AnyFunSuite.scala:1564)
[info]   at org.scalatest.funsuite.AnyFunSuiteLike.invokeWithFixture$1(AnyFunSuiteLike.scala:224)
[info]   at org.scalatest.funsuite.AnyFunSuiteLike.$anonfun$runTest$1(AnyFunSuiteLike.scala:236)
[info]   at org.scalatest.SuperEngine.runTestImpl(Engine.scala:306)
[info]   at org.scalatest.funsuite.AnyFunSuiteLike.runTest(AnyFunSuiteLike.scala:236)
[info]   at org.scalatest.funsuite.AnyFunSuiteLike.runTest$(AnyFunSuiteLike.scala:218)
[info]   at org.scalatest.funsuite.AnyFunSuite.runTest(AnyFunSuite.scala:1564)
[info]   at org.scalatest.funsuite.AnyFunSuiteLike.$anonfun$runTests$1(AnyFunSuiteLike.scala:269)
[info]   at org.scalatest.SuperEngine.$anonfun$runTestsInBranch$1(Engine.scala:413)
[info]   at scala.collection.immutable.List.foreach(List.scala:334)
[info]   at org.scalatest.SuperEngine.traverseSubNodes$1(Engine.scala:401)
[info]   at org.scalatest.SuperEngine.runTestsInBranch(Engine.scala:396)
[info]   at org.scalatest.SuperEngine.runTestsImpl(Engine.scala:475)
[info]   at org.scalatest.funsuite.AnyFunSuiteLike.runTests(AnyFunSuiteLike.scala:269)
[info]   at org.scalatest.funsuite.AnyFunSuiteLike.runTests$(AnyFunSuiteLike.scala:268)
[info]   at org.scalatest.funsuite.AnyFunSuite.runTests(AnyFunSuite.scala:1564)
[info]   at org.scalatest.Suite.run(Suite.scala:1114)
[info]   at org.scalatest.Suite.run$(Suite.scala:1096)
[info]   at org.scalatest.funsuite.AnyFunSuite.org$scalatest$funsuite$AnyFunSuiteLike$$super$run(AnyFunSuite.scala:1564)
[info]   at org.scalatest.funsuite.AnyFunSuiteLike.$anonfun$run$1(AnyFunSuiteLike.scala:273)
[info]   at org.scalatest.SuperEngine.runImpl(Engine.scala:535)
[info]   at org.scalatest.funsuite.AnyFunSuiteLike.run(AnyFunSuiteLike.scala:273)
[info]   at org.scalatest.funsuite.AnyFunSuiteLike.run$(AnyFunSuiteLike.scala:272)
[info]   at frameless.TypedDatasetSuite.org$scalatest$BeforeAndAfterAll$$super$run(TypedDatasetSuite.scala:63)
[info]   at org.scalatest.BeforeAndAfterAll.liftedTree1$1(BeforeAndAfterAll.scala:213)
[info]   at org.scalatest.BeforeAndAfterAll.run(BeforeAndAfterAll.scala:210)
[info]   at org.scalatest.BeforeAndAfterAll.run$(BeforeAndAfterAll.scala:208)
[info]   at frameless.TypedDatasetSuite.run(TypedDatasetSuite.scala:63)
[info]   at org.scalatest.tools.Framework.org$scalatest$tools$Framework$$runSuite(Framework.scala:321)
[info]   at org.scalatest.tools.Framework$ScalaTestTask.execute(Framework.scala:517)
[info]   at sbt.ForkMain$Run.lambda$runTest$1(ForkMain.java:414)
[info]   at java.base/java.util.concurrent.FutureTask.run(FutureTask.java:317)
[info]   at java.base/java.util.concurrent.ThreadPoolExecutor.runWorker(ThreadPoolExecutor.java:1144)
[info]   at java.base/java.util.concurrent.ThreadPoolExecutor$Worker.run(ThreadPoolExecutor.java:642)
[info]   at java.base/java.lang.Thread.run(Thread.java:1583)
[info]   Cause: java.lang.IllegalArgumentException: argument type mismatch
[info]   at java.base/jdk.internal.reflect.DirectConstructorHandleAccessor.newInstance(DirectConstructorHandleAccessor.java:65)
[info]   at java.base/java.lang.reflect.Constructor.newInstanceWithCaller(Constructor.java:502)
[info]   at java.base/java.lang.reflect.Constructor.newInstance(Constructor.java:486)
[info]   at frameless.TypedExpressionEncoder$.$anonfun$apply$3(TypedExpressionEncoder.scala:55)
[info]   at scala.Option.map(Option.scala:242)
[info]   at frameless.TypedExpressionEncoder$.apply(TypedExpressionEncoder.scala:54)
[info]   at frameless.TypedDataset$.create(TypedDataset.scala:1325)
[info]   at frameless.ColumnTests.prop$1(ColumnTests.scala:65)
[info]   at frameless.ColumnTests.$anonfun$new$16(ColumnTests.scala:89)
[info]   at frameless.ColumnTests.$anonfun$new$16$adapted(ColumnTests.scala:89)
[info]   at org.scalacheck.Prop$.$anonfun$forAll$18(Prop.scala:1131)
[info]   at scala.Function1.$anonfun$andThen$1(Function1.scala:87)
[info]   at org.scalacheck.Prop$.$anonfun$forAllShrink$2(Prop.scala:868)
[info]   at org.scalacheck.Prop$.secure(Prop.scala:484)
[info]   at org.scalacheck.Prop$.result$1(Prop.scala:868)
[info]   at org.scalacheck.Prop$.$anonfun$forAllShrink$4(Prop.scala:880)
[info]   at scala.collection.immutable.Stream.map(Stream.scala:173)
[info]   at org.scalacheck.Prop$.getFirstFailure$1(Prop.scala:880)
[info]   at org.scalacheck.Prop$.shrinker$1(Prop.scala:895)
[info]   at org.scalacheck.Prop$.$anonfun$forAllShrink$1(Prop.scala:916)
[info]   at org.scalacheck.Prop$.$anonfun$apply$1(Prop.scala:305)
[info]   at org.scalacheck.PropFromFun.apply(Prop.scala:20)
[info]   at org.scalacheck.Prop$.result$1(Prop.scala:869)
[info]   at org.scalacheck.Prop$.$anonfun$forAllShrink$4(Prop.scala:880)
[info]   at scala.collection.immutable.Stream.map(Stream.scala:173)
[info]   at org.scalacheck.Prop$.getFirstFailure$1(Prop.scala:880)
[info]   at org.scalacheck.Prop$.shrinker$1(Prop.scala:895)
[info]   at org.scalacheck.Prop$.$anonfun$forAllShrink$1(Prop.scala:916)
[info]   at org.scalacheck.Prop$.$anonfun$apply$1(Prop.scala:305)
[info]   at org.scalacheck.PropFromFun.apply(Prop.scala:20)
[info]   at org.scalacheck.Test$.workerFun$1(Test.scala:486)
[info]   at org.scalacheck.Test$.$anonfun$check$4(Test.scala:518)
[info]   at org.scalacheck.Test$.$anonfun$check$4$adapted(Test.scala:518)
[info]   at org.scalacheck.Platform$.runWorkers(Platform.scala:42)
[info]   at org.scalacheck.Test$.check(Test.scala:518)
[info]   at org.scalatestplus.scalacheck.UnitCheckerAsserting$CheckerAssertingImpl.check(CheckerAsserting.scala:90)
[info]   at org.scalatestplus.scalacheck.Checkers.check(Checkers.scala:371)
[info]   at org.scalatestplus.scalacheck.Checkers.check$(Checkers.scala:369)
[info]   at frameless.TypedDatasetSuite.check(TypedDatasetSuite.scala:63)
[info]   at frameless.ColumnTests.$anonfun$new$1(ColumnTests.scala:89)
[info]   at org.scalatest.OutcomeOf.outcomeOf(OutcomeOf.scala:85)
[info]   at org.scalatest.OutcomeOf.outcomeOf$(OutcomeOf.scala:83)
[info]   at org.scalatest.OutcomeOf$.outcomeOf(OutcomeOf.scala:104)
[info]   at org.scalatest.Transformer.apply(Transformer.scala:22)
[info]   at org.scalatest.Transformer.apply(Transformer.scala:20)
[info]   at org.scalatest.funsuite.AnyFunSuiteLike$$anon$1.apply(AnyFunSuiteLike.scala:226)
[info]   at org.scalatest.TestSuite.withFixture(TestSuite.scala:196)
[info]   at org.scalatest.TestSuite.withFixture$(TestSuite.scala:195)
[info]   at org.scalatest.funsuite.AnyFunSuite.withFixture(AnyFunSuite.scala:1564)
[info]   at org.scalatest.funsuite.AnyFunSuiteLike.invokeWithFixture$1(AnyFunSuiteLike.scala:224)
[info]   at org.scalatest.funsuite.AnyFunSuiteLike.$anonfun$runTest$1(AnyFunSuiteLike.scala:236)
[info]   at org.scalatest.SuperEngine.runTestImpl(Engine.scala:306)
[info]   at org.scalatest.funsuite.AnyFunSuiteLike.runTest(AnyFunSuiteLike.scala:236)
[info]   at org.scalatest.funsuite.AnyFunSuiteLike.runTest$(AnyFunSuiteLike.scala:218)
[info]   at org.scalatest.funsuite.AnyFunSuite.runTest(AnyFunSuite.scala:1564)
[info]   at org.scalatest.funsuite.AnyFunSuiteLike.$anonfun$runTests$1(AnyFunSuiteLike.scala:269)
[info]   at org.scalatest.SuperEngine.$anonfun$runTestsInBranch$1(Engine.scala:413)
[info]   at scala.collection.immutable.List.foreach(List.scala:334)
[info]   at org.scalatest.SuperEngine.traverseSubNodes$1(Engine.scala:401)
[info]   at org.scalatest.SuperEngine.runTestsInBranch(Engine.scala:396)
[info]   at org.scalatest.SuperEngine.runTestsImpl(Engine.scala:475)
[info]   at org.scalatest.funsuite.AnyFunSuiteLike.runTests(AnyFunSuiteLike.scala:269)
[info]   at org.scalatest.funsuite.AnyFunSuiteLike.runTests$(AnyFunSuiteLike.scala:268)
[info]   at org.scalatest.funsuite.AnyFunSuite.runTests(AnyFunSuite.scala:1564)
[info]   at org.scalatest.Suite.run(Suite.scala:1114)
[info]   at org.scalatest.Suite.run$(Suite.scala:1096)
[info]   at org.scalatest.funsuite.AnyFunSuite.org$scalatest$funsuite$AnyFunSuiteLike$$super$run(AnyFunSuite.scala:1564)
[info]   at org.scalatest.funsuite.AnyFunSuiteLike.$anonfun$run$1(AnyFunSuiteLike.scala:273)
[info]   at org.scalatest.SuperEngine.runImpl(Engine.scala:535)
[info]   at org.scalatest.funsuite.AnyFunSuiteLike.run(AnyFunSuiteLike.scala:273)
[info]   at org.scalatest.funsuite.AnyFunSuiteLike.run$(AnyFunSuiteLike.scala:272)
[info]   at frameless.TypedDatasetSuite.org$scalatest$BeforeAndAfterAll$$super$run(TypedDatasetSuite.scala:63)
[info]   at org.scalatest.BeforeAndAfterAll.liftedTree1$1(BeforeAndAfterAll.scala:213)
[info]   at org.scalatest.BeforeAndAfterAll.run(BeforeAndAfterAll.scala:210)
[info]   at org.scalatest.BeforeAndAfterAll.run$(BeforeAndAfterAll.scala:208)
[info]   at frameless.TypedDatasetSuite.run(TypedDatasetSuite.scala:63)
[info]   at org.scalatest.tools.Framework.org$scalatest$tools$Framework$$runSuite(Framework.scala:321)
[info]   at org.scalatest.tools.Framework$ScalaTestTask.execute(Framework.scala:517)
[info]   at sbt.ForkMain$Run.lambda$runTest$1(ForkMain.java:414)
[info]   at java.base/java.util.concurrent.FutureTask.run(FutureTask.java:317)
[info]   at java.base/java.util.concurrent.ThreadPoolExecutor.runWorker(ThreadPoolExecutor.java:1144)
[info]   at java.base/java.util.concurrent.ThreadPoolExecutor$Worker.run(ThreadPoolExecutor.java:642)
[info]   at java.base/java.lang.Thread.run(Thread.java:1583)
[info]   Cause: java.lang.ClassCastException: Cannot cast scala.reflect.ClassTag$GenericClassTag to org.apache.spark.sql.catalyst.expressions.Expression
[info]   at java.base/java.lang.Class.cast(Class.java:4067)
[info]   at java.base/jdk.internal.reflect.DirectConstructorHandleAccessor.newInstance(DirectConstructorHandleAccessor.java:62)
[info]   at java.base/java.lang.reflect.Constructor.newInstanceWithCaller(Constructor.java:502)
[info]   at java.base/java.lang.reflect.Constructor.newInstance(Constructor.java:486)
[info]   at frameless.TypedExpressionEncoder$.$anonfun$apply$3(TypedExpressionEncoder.scala:55)
[info]   at scala.Option.map(Option.scala:242)
[info]   at frameless.TypedExpressionEncoder$.apply(TypedExpressionEncoder.scala:54)
[info]   at frameless.TypedDataset$.create(TypedDataset.scala:1325)
[info]   at frameless.ColumnTests.prop$1(ColumnTests.scala:65)
[info]   at frameless.ColumnTests.$anonfun$new$16(ColumnTests.scala:89)
[info]   at frameless.ColumnTests.$anonfun$new$16$adapted(ColumnTests.scala:89)
[info]   at org.scalacheck.Prop$.$anonfun$forAll$18(Prop.scala:1131)
[info]   at scala.Function1.$anonfun$andThen$1(Function1.scala:87)
[info]   at org.scalacheck.Prop$.$anonfun$forAllShrink$2(Prop.scala:868)
[info]   at org.scalacheck.Prop$.secure(Prop.scala:484)
[info]   at org.scalacheck.Prop$.result$1(Prop.scala:868)
[info]   at org.scalacheck.Prop$.$anonfun$forAllShrink$4(Prop.scala:880)
[info]   at scala.collection.immutable.Stream.map(Stream.scala:173)
[info]   at org.scalacheck.Prop$.getFirstFailure$1(Prop.scala:880)
[info]   at org.scalacheck.Prop$.shrinker$1(Prop.scala:895)
[info]   at org.scalacheck.Prop$.$anonfun$forAllShrink$1(Prop.scala:916)
[info]   at org.scalacheck.Prop$.$anonfun$apply$1(Prop.scala:305)
[info]   at org.scalacheck.PropFromFun.apply(Prop.scala:20)
[info]   at org.scalacheck.Prop$.result$1(Prop.scala:869)
[info]   at org.scalacheck.Prop$.$anonfun$forAllShrink$4(Prop.scala:880)
[info]   at scala.collection.immutable.Stream.map(Stream.scala:173)
[info]   at org.scalacheck.Prop$.getFirstFailure$1(Prop.scala:880)
[info]   at org.scalacheck.Prop$.shrinker$1(Prop.scala:895)
[info]   at org.scalacheck.Prop$.$anonfun$forAllShrink$1(Prop.scala:916)
[info]   at org.scalacheck.Prop$.$anonfun$apply$1(Prop.scala:305)
[info]   at org.scalacheck.PropFromFun.apply(Prop.scala:20)
[info]   at org.scalacheck.Test$.workerFun$1(Test.scala:486)
[info]   at org.scalacheck.Test$.$anonfun$check$4(Test.scala:518)
[info]   at org.scalacheck.Test$.$anonfun$check$4$adapted(Test.scala:518)
[info]   at org.scalacheck.Platform$.runWorkers(Platform.scala:42)
[info]   at org.scalacheck.Test$.check(Test.scala:518)
[info]   at org.scalatestplus.scalacheck.UnitCheckerAsserting$CheckerAssertingImpl.check(CheckerAsserting.scala:90)
[info]   at org.scalatestplus.scalacheck.Checkers.check(Checkers.scala:371)
[info]   at org.scalatestplus.scalacheck.Checkers.check$(Checkers.scala:369)
[info]   at frameless.TypedDatasetSuite.check(TypedDatasetSuite.scala:63)
[info]   at frameless.ColumnTests.$anonfun$new$1(ColumnTests.scala:89)
[info]   at org.scalatest.OutcomeOf.outcomeOf(OutcomeOf.scala:85)
[info]   at org.scalatest.OutcomeOf.outcomeOf$(OutcomeOf.scala:83)
[info]   at org.scalatest.OutcomeOf$.outcomeOf(OutcomeOf.scala:104)
[info]   at org.scalatest.Transformer.apply(Transformer.scala:22)
[info]   at org.scalatest.Transformer.apply(Transformer.scala:20)
[info]   at org.scalatest.funsuite.AnyFunSuiteLike$$anon$1.apply(AnyFunSuiteLike.scala:226)
[info]   at org.scalatest.TestSuite.withFixture(TestSuite.scala:196)
[info]   at org.scalatest.TestSuite.withFixture$(TestSuite.scala:195)
[info]   at org.scalatest.funsuite.AnyFunSuite.withFixture(AnyFunSuite.scala:1564)
[info]   at org.scalatest.funsuite.AnyFunSuiteLike.invokeWithFixture$1(AnyFunSuiteLike.scala:224)
[info]   at org.scalatest.funsuite.AnyFunSuiteLike.$anonfun$runTest$1(AnyFunSuiteLike.scala:236)
[info]   at org.scalatest.SuperEngine.runTestImpl(Engine.scala:306)
[info]   at org.scalatest.funsuite.AnyFunSuiteLike.runTest(AnyFunSuiteLike.scala:236)
[info]   at org.scalatest.funsuite.AnyFunSuiteLike.runTest$(AnyFunSuiteLike.scala:218)
[info]   at org.scalatest.funsuite.AnyFunSuite.runTest(AnyFunSuite.scala:1564)
[info]   at org.scalatest.funsuite.AnyFunSuiteLike.$anonfun$runTests$1(AnyFunSuiteLike.scala:269)
[info]   at org.scalatest.SuperEngine.$anonfun$runTestsInBranch$1(Engine.scala:413)
[info]   at scala.collection.immutable.List.foreach(List.scala:334)
[info]   at org.scalatest.SuperEngine.traverseSubNodes$1(Engine.scala:401)
[info]   at org.scalatest.SuperEngine.runTestsInBranch(Engine.scala:396)
[info]   at org.scalatest.SuperEngine.runTestsImpl(Engine.scala:475)
[info]   at org.scalatest.funsuite.AnyFunSuiteLike.runTests(AnyFunSuiteLike.scala:269)
[info]   at org.scalatest.funsuite.AnyFunSuiteLike.runTests$(AnyFunSuiteLike.scala:268)
[info]   at org.scalatest.funsuite.AnyFunSuite.runTests(AnyFunSuite.scala:1564)
[info]   at org.scalatest.Suite.run(Suite.scala:1114)
[info]   at org.scalatest.Suite.run$(Suite.scala:1096)
[info]   at org.scalatest.funsuite.AnyFunSuite.org$scalatest$funsuite$AnyFunSuiteLike$$super$run(AnyFunSuite.scala:1564)
[info]   at org.scalatest.funsuite.AnyFunSuiteLike.$anonfun$run$1(AnyFunSuiteLike.scala:273)
[info]   at org.scalatest.SuperEngine.runImpl(Engine.scala:535)
[info]   at org.scalatest.funsuite.AnyFunSuiteLike.run(AnyFunSuiteLike.scala:273)
[info]   at org.scalatest.funsuite.AnyFunSuiteLike.run$(AnyFunSuiteLike.scala:272)
[info]   at frameless.TypedDatasetSuite.org$scalatest$BeforeAndAfterAll$$super$run(TypedDatasetSuite.scala:63)
[info]   at org.scalatest.BeforeAndAfterAll.liftedTree1$1(BeforeAndAfterAll.scala:213)
[info]   at org.scalatest.BeforeAndAfterAll.run(BeforeAndAfterAll.scala:210)
[info]   at org.scalatest.BeforeAndAfterAll.run$(BeforeAndAfterAll.scala:208)
[info]   at frameless.TypedDatasetSuite.run(TypedDatasetSuite.scala:63)
[info]   at org.scalatest.tools.Framework.org$scalatest$tools$Framework$$runSuite(Framework.scala:321)
[info]   at org.scalatest.tools.Framework$ScalaTestTask.execute(Framework.scala:517)
[info]   at sbt.ForkMain$Run.lambda$runTest$1(ForkMain.java:414)
[info]   at java.base/java.util.concurrent.FutureTask.run(FutureTask.java:317)
[info]   at java.base/java.util.concurrent.ThreadPoolExecutor.runWorker(ThreadPoolExecutor.java:1144)
[info]   at java.base/java.util.concurrent.ThreadPoolExecutor$Worker.run(ThreadPoolExecutor.java:642)
[info]   at java.base/java.lang.Thread.run(Thread.java:1583)
[info] - between *** FAILED *** (1 second, 678 milliseconds)
[info]   IllegalArgumentException was thrown during property evaluation.
[info]     Message: argument type mismatch
[info]     Occurred when passed generated values (
[info]       arg0 = 0, // 30 shrinks
[info]       arg1 = 0, // 30 shrinks
[info]       arg2 = 0 // 31 shrinks
[info]     )
[info]   org.scalatest.exceptions.GeneratorDrivenPropertyCheckFailedException:
[info]   at org.scalatestplus.scalacheck.CheckerAsserting$$anon$2.indicateFailure(CheckerAsserting.scala:251)
[info]   at org.scalatestplus.scalacheck.CheckerAsserting$$anon$2.indicateFailure(CheckerAsserting.scala:238)
[info]   at org.scalatestplus.scalacheck.UnitCheckerAsserting$CheckerAssertingImpl.check(CheckerAsserting.scala:160)
[info]   at org.scalatestplus.scalacheck.Checkers.check(Checkers.scala:371)
[info]   at org.scalatestplus.scalacheck.Checkers.check$(Checkers.scala:369)
[info]   at frameless.TypedDatasetSuite.check(TypedDatasetSuite.scala:63)
[info]   at frameless.ColumnTests.$anonfun$new$55(ColumnTests.scala:126)
[info]   at org.scalatest.OutcomeOf.outcomeOf(OutcomeOf.scala:85)
[info]   at org.scalatest.OutcomeOf.outcomeOf$(OutcomeOf.scala:83)
[info]   at org.scalatest.OutcomeOf$.outcomeOf(OutcomeOf.scala:104)
[info]   at org.scalatest.Transformer.apply(Transformer.scala:22)
[info]   at org.scalatest.Transformer.apply(Transformer.scala:20)
[info]   at org.scalatest.funsuite.AnyFunSuiteLike$$anon$1.apply(AnyFunSuiteLike.scala:226)
[info]   at org.scalatest.TestSuite.withFixture(TestSuite.scala:196)
[info]   at org.scalatest.TestSuite.withFixture$(TestSuite.scala:195)
[info]   at org.scalatest.funsuite.AnyFunSuite.withFixture(AnyFunSuite.scala:1564)
[info]   at org.scalatest.funsuite.AnyFunSuiteLike.invokeWithFixture$1(AnyFunSuiteLike.scala:224)
[info]   at org.scalatest.funsuite.AnyFunSuiteLike.$anonfun$runTest$1(AnyFunSuiteLike.scala:236)
[info]   at org.scalatest.SuperEngine.runTestImpl(Engine.scala:306)
[info]   at org.scalatest.funsuite.AnyFunSuiteLike.runTest(AnyFunSuiteLike.scala:236)
[info]   at org.scalatest.funsuite.AnyFunSuiteLike.runTest$(AnyFunSuiteLike.scala:218)
[info]   at org.scalatest.funsuite.AnyFunSuite.runTest(AnyFunSuite.scala:1564)
[info]   at org.scalatest.funsuite.AnyFunSuiteLike.$anonfun$runTests$1(AnyFunSuiteLike.scala:269)
[info]   at org.scalatest.SuperEngine.$anonfun$runTestsInBranch$1(Engine.scala:413)
[info]   at scala.collection.immutable.List.foreach(List.scala:334)
[info]   at org.scalatest.SuperEngine.traverseSubNodes$1(Engine.scala:401)
[info]   at org.scalatest.SuperEngine.runTestsInBranch(Engine.scala:396)
[info]   at org.scalatest.SuperEngine.runTestsImpl(Engine.scala:475)
[info]   at org.scalatest.funsuite.AnyFunSuiteLike.runTests(AnyFunSuiteLike.scala:269)
[info]   at org.scalatest.funsuite.AnyFunSuiteLike.runTests$(AnyFunSuiteLike.scala:268)
[info]   at org.scalatest.funsuite.AnyFunSuite.runTests(AnyFunSuite.scala:1564)
[info]   at org.scalatest.Suite.run(Suite.scala:1114)
[info]   at org.scalatest.Suite.run$(Suite.scala:1096)
[info]   at org.scalatest.funsuite.AnyFunSuite.org$scalatest$funsuite$AnyFunSuiteLike$$super$run(AnyFunSuite.scala:1564)
[info]   at org.scalatest.funsuite.AnyFunSuiteLike.$anonfun$run$1(AnyFunSuiteLike.scala:273)
[info]   at org.scalatest.SuperEngine.runImpl(Engine.scala:535)
[info]   at org.scalatest.funsuite.AnyFunSuiteLike.run(AnyFunSuiteLike.scala:273)
[info]   at org.scalatest.funsuite.AnyFunSuiteLike.run$(AnyFunSuiteLike.scala:272)
[info]   at frameless.TypedDatasetSuite.org$scalatest$BeforeAndAfterAll$$super$run(TypedDatasetSuite.scala:63)
[info]   at org.scalatest.BeforeAndAfterAll.liftedTree1$1(BeforeAndAfterAll.scala:213)
[info]   at org.scalatest.BeforeAndAfterAll.run(BeforeAndAfterAll.scala:210)
[info]   at org.scalatest.BeforeAndAfterAll.run$(BeforeAndAfterAll.scala:208)
[info]   at frameless.TypedDatasetSuite.run(TypedDatasetSuite.scala:63)
[info]   at org.scalatest.tools.Framework.org$scalatest$tools$Framework$$runSuite(Framework.scala:321)
[info]   at org.scalatest.tools.Framework$ScalaTestTask.execute(Framework.scala:517)
[info]   at sbt.ForkMain$Run.lambda$runTest$1(ForkMain.java:414)
[info]   at java.base/java.util.concurrent.FutureTask.run(FutureTask.java:317)
[info]   at java.base/java.util.concurrent.ThreadPoolExecutor.runWorker(ThreadPoolExecutor.java:1144)
[info]   at java.base/java.util.concurrent.ThreadPoolExecutor$Worker.run(ThreadPoolExecutor.java:642)
[info]   at java.base/java.lang.Thread.run(Thread.java:1583)
[info]   Cause: java.lang.IllegalArgumentException: argument type mismatch
[info]   at java.base/jdk.internal.reflect.DirectConstructorHandleAccessor.newInstance(DirectConstructorHandleAccessor.java:65)
[info]   at java.base/java.lang.reflect.Constructor.newInstanceWithCaller(Constructor.java:502)
[info]   at java.base/java.lang.reflect.Constructor.newInstance(Constructor.java:486)
[info]   at frameless.TypedExpressionEncoder$.$anonfun$apply$3(TypedExpressionEncoder.scala:55)
[info]   at scala.Option.map(Option.scala:242)
[info]   at frameless.TypedExpressionEncoder$.apply(TypedExpressionEncoder.scala:54)
[info]   at frameless.TypedDataset$.create(TypedDataset.scala:1325)
[info]   at frameless.ColumnTests.prop$2(ColumnTests.scala:111)
[info]   at frameless.ColumnTests.$anonfun$new$72(ColumnTests.scala:126)
[info]   at frameless.ColumnTests.$anonfun$new$72$adapted(ColumnTests.scala:126)
[info]   at org.scalacheck.Prop$.$anonfun$forAll$20(Prop.scala:1147)
[info]   at org.scalacheck.Prop$.$anonfun$forAll$18(Prop.scala:1131)
[info]   at scala.Function1.$anonfun$andThen$1(Function1.scala:87)
[info]   at org.scalacheck.Prop$.$anonfun$forAllShrink$2(Prop.scala:868)
[info]   at org.scalacheck.Prop$.secure(Prop.scala:484)
[info]   at org.scalacheck.Prop$.result$1(Prop.scala:868)
[info]   at org.scalacheck.Prop$.$anonfun$forAllShrink$4(Prop.scala:880)
[info]   at scala.collection.immutable.Stream.map(Stream.scala:173)
[info]   at org.scalacheck.Prop$.getFirstFailure$1(Prop.scala:880)
[info]   at org.scalacheck.Prop$.shrinker$1(Prop.scala:895)
[info]   at org.scalacheck.Prop$.$anonfun$forAllShrink$1(Prop.scala:916)
[info]   at org.scalacheck.Prop$.$anonfun$apply$1(Prop.scala:305)
[info]   at org.scalacheck.PropFromFun.apply(Prop.scala:20)
[info]   at org.scalacheck.Prop$.result$1(Prop.scala:869)
[info]   at org.scalacheck.Prop$.$anonfun$forAllShrink$4(Prop.scala:880)
[info]   at scala.collection.immutable.Stream.map(Stream.scala:173)
[info]   at org.scalacheck.Prop$.getFirstFailure$1(Prop.scala:880)
[info]   at org.scalacheck.Prop$.shrinker$1(Prop.scala:895)
[info]   at org.scalacheck.Prop$.$anonfun$forAllShrink$1(Prop.scala:916)
[info]   at org.scalacheck.Prop$.$anonfun$apply$1(Prop.scala:305)
[info]   at org.scalacheck.PropFromFun.apply(Prop.scala:20)
[info]   at org.scalacheck.Prop$.result$1(Prop.scala:869)
[info]   at org.scalacheck.Prop$.$anonfun$forAllShrink$4(Prop.scala:880)
[info]   at scala.collection.immutable.Stream.map(Stream.scala:173)
[info]   at org.scalacheck.Prop$.getFirstFailure$1(Prop.scala:880)
[info]   at org.scalacheck.Prop$.shrinker$1(Prop.scala:895)
[info]   at org.scalacheck.Prop$.$anonfun$forAllShrink$1(Prop.scala:916)
[info]   at org.scalacheck.Prop$.$anonfun$apply$1(Prop.scala:305)
[info]   at org.scalacheck.PropFromFun.apply(Prop.scala:20)
[info]   at org.scalacheck.Test$.workerFun$1(Test.scala:486)
[info]   at org.scalacheck.Test$.$anonfun$check$4(Test.scala:518)
[info]   at org.scalacheck.Test$.$anonfun$check$4$adapted(Test.scala:518)
[info]   at org.scalacheck.Platform$.runWorkers(Platform.scala:42)
[info]   at org.scalacheck.Test$.check(Test.scala:518)
[info]   at org.scalatestplus.scalacheck.UnitCheckerAsserting$CheckerAssertingImpl.check(CheckerAsserting.scala:90)
[info]   at org.scalatestplus.scalacheck.Checkers.check(Checkers.scala:371)
[info]   at org.scalatestplus.scalacheck.Checkers.check$(Checkers.scala:369)
[info]   at frameless.TypedDatasetSuite.check(TypedDatasetSuite.scala:63)
[info]   at frameless.ColumnTests.$anonfun$new$55(ColumnTests.scala:126)
[info]   at org.scalatest.OutcomeOf.outcomeOf(OutcomeOf.scala:85)
[info]   at org.scalatest.OutcomeOf.outcomeOf$(OutcomeOf.scala:83)
[info]   at org.scalatest.OutcomeOf$.outcomeOf(OutcomeOf.scala:104)
[info]   at org.scalatest.Transformer.apply(Transformer.scala:22)
[info]   at org.scalatest.Transformer.apply(Transformer.scala:20)
[info]   at org.scalatest.funsuite.AnyFunSuiteLike$$anon$1.apply(AnyFunSuiteLike.scala:226)
[info]   at org.scalatest.TestSuite.withFixture(TestSuite.scala:196)
[info]   at org.scalatest.TestSuite.withFixture$(TestSuite.scala:195)
[info]   at org.scalatest.funsuite.AnyFunSuite.withFixture(AnyFunSuite.scala:1564)
[info]   at org.scalatest.funsuite.AnyFunSuiteLike.invokeWithFixture$1(AnyFunSuiteLike.scala:224)
[info]   at org.scalatest.funsuite.AnyFunSuiteLike.$anonfun$runTest$1(AnyFunSuiteLike.scala:236)
[info]   at org.scalatest.SuperEngine.runTestImpl(Engine.scala:306)
[info]   at org.scalatest.funsuite.AnyFunSuiteLike.runTest(AnyFunSuiteLike.scala:236)
[info]   at org.scalatest.funsuite.AnyFunSuiteLike.runTest$(AnyFunSuiteLike.scala:218)
[info]   at org.scalatest.funsuite.AnyFunSuite.runTest(AnyFunSuite.scala:1564)
[info]   at org.scalatest.funsuite.AnyFunSuiteLike.$anonfun$runTests$1(AnyFunSuiteLike.scala:269)
[info]   at org.scalatest.SuperEngine.$anonfun$runTestsInBranch$1(Engine.scala:413)
[info]   at scala.collection.immutable.List.foreach(List.scala:334)
[info]   at org.scalatest.SuperEngine.traverseSubNodes$1(Engine.scala:401)
[info]   at org.scalatest.SuperEngine.runTestsInBranch(Engine.scala:396)
[info]   at org.scalatest.SuperEngine.runTestsImpl(Engine.scala:475)
[info]   at org.scalatest.funsuite.AnyFunSuiteLike.runTests(AnyFunSuiteLike.scala:269)
[info]   at org.scalatest.funsuite.AnyFunSuiteLike.runTests$(AnyFunSuiteLike.scala:268)
[info]   at org.scalatest.funsuite.AnyFunSuite.runTests(AnyFunSuite.scala:1564)
[info]   at org.scalatest.Suite.run(Suite.scala:1114)
[info]   at org.scalatest.Suite.run$(Suite.scala:1096)
[info]   at org.scalatest.funsuite.AnyFunSuite.org$scalatest$funsuite$AnyFunSuiteLike$$super$run(AnyFunSuite.scala:1564)
[info]   at org.scalatest.funsuite.AnyFunSuiteLike.$anonfun$run$1(AnyFunSuiteLike.scala:273)
[info]   at org.scalatest.SuperEngine.runImpl(Engine.scala:535)
[info]   at org.scalatest.funsuite.AnyFunSuiteLike.run(AnyFunSuiteLike.scala:273)
[info]   at org.scalatest.funsuite.AnyFunSuiteLike.run$(AnyFunSuiteLike.scala:272)
[info]   at frameless.TypedDatasetSuite.org$scalatest$BeforeAndAfterAll$$super$run(TypedDatasetSuite.scala:63)
[info]   at org.scalatest.BeforeAndAfterAll.liftedTree1$1(BeforeAndAfterAll.scala:213)
[info]   at org.scalatest.BeforeAndAfterAll.run(BeforeAndAfterAll.scala:210)
[info]   at org.scalatest.BeforeAndAfterAll.run$(BeforeAndAfterAll.scala:208)
[info]   at frameless.TypedDatasetSuite.run(TypedDatasetSuite.scala:63)
[info]   at org.scalatest.tools.Framework.org$scalatest$tools$Framework$$runSuite(Framework.scala:321)
[info]   at org.scalatest.tools.Framework$ScalaTestTask.execute(Framework.scala:517)
[info]   at sbt.ForkMain$Run.lambda$runTest$1(ForkMain.java:414)
[info]   at java.base/java.util.concurrent.FutureTask.run(FutureTask.java:317)
[info]   at java.base/java.util.concurrent.ThreadPoolExecutor.runWorker(ThreadPoolExecutor.java:1144)
[info]   at java.base/java.util.concurrent.ThreadPoolExecutor$Worker.run(ThreadPoolExecutor.java:642)
[info]   at java.base/java.lang.Thread.run(Thread.java:1583)
[info]   Cause: java.lang.ClassCastException: Cannot cast scala.reflect.ClassTag$GenericClassTag to org.apache.spark.sql.catalyst.expressions.Expression
[info]   at java.base/java.lang.Class.cast(Class.java:4067)
[info]   at java.base/jdk.internal.reflect.DirectConstructorHandleAccessor.newInstance(DirectConstructorHandleAccessor.java:62)
[info]   at java.base/java.lang.reflect.Constructor.newInstanceWithCaller(Constructor.java:502)
[info]   at java.base/java.lang.reflect.Constructor.newInstance(Constructor.java:486)
[info]   at frameless.TypedExpressionEncoder$.$anonfun$apply$3(TypedExpressionEncoder.scala:55)
[info]   at scala.Option.map(Option.scala:242)
[info]   at frameless.TypedExpressionEncoder$.apply(TypedExpressionEncoder.scala:54)
[info]   at frameless.TypedDataset$.create(TypedDataset.scala:1325)
[info]   at frameless.ColumnTests.prop$2(ColumnTests.scala:111)
[info]   at frameless.ColumnTests.$anonfun$new$72(ColumnTests.scala:126)
[info]   at frameless.ColumnTests.$anonfun$new$72$adapted(ColumnTests.scala:126)
[info]   at org.scalacheck.Prop$.$anonfun$forAll$20(Prop.scala:1147)
[info]   at org.scalacheck.Prop$.$anonfun$forAll$18(Prop.scala:1131)
[info]   at scala.Function1.$anonfun$andThen$1(Function1.scala:87)
[info]   at org.scalacheck.Prop$.$anonfun$forAllShrink$2(Prop.scala:868)
[info]   at org.scalacheck.Prop$.secure(Prop.scala:484)
[info]   at org.scalacheck.Prop$.result$1(Prop.scala:868)
[info]   at org.scalacheck.Prop$.$anonfun$forAllShrink$4(Prop.scala:880)
[info]   at scala.collection.immutable.Stream.map(Stream.scala:173)
[info]   at org.scalacheck.Prop$.getFirstFailure$1(Prop.scala:880)
[info]   at org.scalacheck.Prop$.shrinker$1(Prop.scala:895)
[info]   at org.scalacheck.Prop$.$anonfun$forAllShrink$1(Prop.scala:916)
[info]   at org.scalacheck.Prop$.$anonfun$apply$1(Prop.scala:305)
[info]   at org.scalacheck.PropFromFun.apply(Prop.scala:20)
[info]   at org.scalacheck.Prop$.result$1(Prop.scala:869)
[info]   at org.scalacheck.Prop$.$anonfun$forAllShrink$4(Prop.scala:880)
[info]   at scala.collection.immutable.Stream.map(Stream.scala:173)
[info]   at org.scalacheck.Prop$.getFirstFailure$1(Prop.scala:880)
[info]   at org.scalacheck.Prop$.shrinker$1(Prop.scala:895)
[info]   at org.scalacheck.Prop$.$anonfun$forAllShrink$1(Prop.scala:916)
[info]   at org.scalacheck.Prop$.$anonfun$apply$1(Prop.scala:305)
[info]   at org.scalacheck.PropFromFun.apply(Prop.scala:20)
[info]   at org.scalacheck.Prop$.result$1(Prop.scala:869)
[info]   at org.scalacheck.Prop$.$anonfun$forAllShrink$4(Prop.scala:880)
[info]   at scala.collection.immutable.Stream.map(Stream.scala:173)
[info]   at org.scalacheck.Prop$.getFirstFailure$1(Prop.scala:880)
[info]   at org.scalacheck.Prop$.shrinker$1(Prop.scala:895)
[info]   at org.scalacheck.Prop$.$anonfun$forAllShrink$1(Prop.scala:916)
[info]   at org.scalacheck.Prop$.$anonfun$apply$1(Prop.scala:305)
[info]   at org.scalacheck.PropFromFun.apply(Prop.scala:20)
[info]   at org.scalacheck.Test$.workerFun$1(Test.scala:486)
[info]   at org.scalacheck.Test$.$anonfun$check$4(Test.scala:518)
[info]   at org.scalacheck.Test$.$anonfun$check$4$adapted(Test.scala:518)
[info]   at org.scalacheck.Platform$.runWorkers(Platform.scala:42)
[info]   at org.scalacheck.Test$.check(Test.scala:518)
[info]   at org.scalatestplus.scalacheck.UnitCheckerAsserting$CheckerAssertingImpl.check(CheckerAsserting.scala:90)
[info]   at org.scalatestplus.scalacheck.Checkers.check(Checkers.scala:371)
[info]   at org.scalatestplus.scalacheck.Checkers.check$(Checkers.scala:369)
[info]   at frameless.TypedDatasetSuite.check(TypedDatasetSuite.scala:63)
[info]   at frameless.ColumnTests.$anonfun$new$55(ColumnTests.scala:126)
[info]   at org.scalatest.OutcomeOf.outcomeOf(OutcomeOf.scala:85)
[info]   at org.scalatest.OutcomeOf.outcomeOf$(OutcomeOf.scala:83)
[info]   at org.scalatest.OutcomeOf$.outcomeOf(OutcomeOf.scala:104)
[info]   at org.scalatest.Transformer.apply(Transformer.scala:22)
[info]   at org.scalatest.Transformer.apply(Transformer.scala:20)
[info]   at org.scalatest.funsuite.AnyFunSuiteLike$$anon$1.apply(AnyFunSuiteLike.scala:226)
[info]   at org.scalatest.TestSuite.withFixture(TestSuite.scala:196)
[info]   at org.scalatest.TestSuite.withFixture$(TestSuite.scala:195)
[info]   at org.scalatest.funsuite.AnyFunSuite.withFixture(AnyFunSuite.scala:1564)
[info]   at org.scalatest.funsuite.AnyFunSuiteLike.invokeWithFixture$1(AnyFunSuiteLike.scala:224)
[info]   at org.scalatest.funsuite.AnyFunSuiteLike.$anonfun$runTest$1(AnyFunSuiteLike.scala:236)
[info]   at org.scalatest.SuperEngine.runTestImpl(Engine.scala:306)
[info]   at org.scalatest.funsuite.AnyFunSuiteLike.runTest(AnyFunSuiteLike.scala:236)
[info]   at org.scalatest.funsuite.AnyFunSuiteLike.runTest$(AnyFunSuiteLike.scala:218)
[info]   at org.scalatest.funsuite.AnyFunSuite.runTest(AnyFunSuite.scala:1564)
[info]   at org.scalatest.funsuite.AnyFunSuiteLike.$anonfun$runTests$1(AnyFunSuiteLike.scala:269)
[info]   at org.scalatest.SuperEngine.$anonfun$runTestsInBranch$1(Engine.scala:413)
[info]   at scala.collection.immutable.List.foreach(List.scala:334)
[info]   at org.scalatest.SuperEngine.traverseSubNodes$1(Engine.scala:401)
[info]   at org.scalatest.SuperEngine.runTestsInBranch(Engine.scala:396)
[info]   at org.scalatest.SuperEngine.runTestsImpl(Engine.scala:475)
[info]   at org.scalatest.funsuite.AnyFunSuiteLike.runTests(AnyFunSuiteLike.scala:269)
[info]   at org.scalatest.funsuite.AnyFunSuiteLike.runTests$(AnyFunSuiteLike.scala:268)
[info]   at org.scalatest.funsuite.AnyFunSuite.runTests(AnyFunSuite.scala:1564)
[info]   at org.scalatest.Suite.run(Suite.scala:1114)
[info]   at org.scalatest.Suite.run$(Suite.scala:1096)
[info]   at org.scalatest.funsuite.AnyFunSuite.org$scalatest$funsuite$AnyFunSuiteLike$$super$run(AnyFunSuite.scala:1564)
[info]   at org.scalatest.funsuite.AnyFunSuiteLike.$anonfun$run$1(AnyFunSuiteLike.scala:273)
[info]   at org.scalatest.SuperEngine.runImpl(Engine.scala:535)
[info]   at org.scalatest.funsuite.AnyFunSuiteLike.run(AnyFunSuiteLike.scala:273)
[info]   at org.scalatest.funsuite.AnyFunSuiteLike.run$(AnyFunSuiteLike.scala:272)
[info]   at frameless.TypedDatasetSuite.org$scalatest$BeforeAndAfterAll$$super$run(TypedDatasetSuite.scala:63)
[info]   at org.scalatest.BeforeAndAfterAll.liftedTree1$1(BeforeAndAfterAll.scala:213)
[info]   at org.scalatest.BeforeAndAfterAll.run(BeforeAndAfterAll.scala:210)
[info]   at org.scalatest.BeforeAndAfterAll.run$(BeforeAndAfterAll.scala:208)
[info]   at frameless.TypedDatasetSuite.run(TypedDatasetSuite.scala:63)
[info]   at org.scalatest.tools.Framework.org$scalatest$tools$Framework$$runSuite(Framework.scala:321)
[info]   at org.scalatest.tools.Framework$ScalaTestTask.execute(Framework.scala:517)
[info]   at sbt.ForkMain$Run.lambda$runTest$1(ForkMain.java:414)
[info]   at java.base/java.util.concurrent.FutureTask.run(FutureTask.java:317)
[info]   at java.base/java.util.concurrent.ThreadPoolExecutor.runWorker(ThreadPoolExecutor.java:1144)
[info]   at java.base/java.util.concurrent.ThreadPoolExecutor$Worker.run(ThreadPoolExecutor.java:642)
[info]   at java.base/java.lang.Thread.run(Thread.java:1583)
[info] - toString *** FAILED *** (1 millisecond)
[info]   java.lang.IllegalArgumentException: argument type mismatch
[info]   at java.base/jdk.internal.reflect.DirectConstructorHandleAccessor.newInstance(DirectConstructorHandleAccessor.java:65)
[info]   at java.base/java.lang.reflect.Constructor.newInstanceWithCaller(Constructor.java:502)
[info]   at java.base/java.lang.reflect.Constructor.newInstance(Constructor.java:486)
[info]   at frameless.TypedExpressionEncoder$.$anonfun$apply$3(TypedExpressionEncoder.scala:55)
[info]   at scala.Option.map(Option.scala:242)
[info]   at frameless.TypedExpressionEncoder$.apply(TypedExpressionEncoder.scala:54)
[info]   at frameless.TypedDataset$.create(TypedDataset.scala:1325)
[info]   at frameless.ColumnTests.$anonfun$new$124(ColumnTests.scala:142)
[info]   at org.scalatest.OutcomeOf.outcomeOf(OutcomeOf.scala:85)
[info]   at org.scalatest.OutcomeOf.outcomeOf$(OutcomeOf.scala:83)
[info]   at org.scalatest.OutcomeOf$.outcomeOf(OutcomeOf.scala:104)
[info]   at org.scalatest.Transformer.apply(Transformer.scala:22)
[info]   at org.scalatest.Transformer.apply(Transformer.scala:20)
[info]   at org.scalatest.funsuite.AnyFunSuiteLike$$anon$1.apply(AnyFunSuiteLike.scala:226)
[info]   at org.scalatest.TestSuite.withFixture(TestSuite.scala:196)
[info]   at org.scalatest.TestSuite.withFixture$(TestSuite.scala:195)
[info]   at org.scalatest.funsuite.AnyFunSuite.withFixture(AnyFunSuite.scala:1564)
[info]   at org.scalatest.funsuite.AnyFunSuiteLike.invokeWithFixture$1(AnyFunSuiteLike.scala:224)
[info]   at org.scalatest.funsuite.AnyFunSuiteLike.$anonfun$runTest$1(AnyFunSuiteLike.scala:236)
[info]   at org.scalatest.SuperEngine.runTestImpl(Engine.scala:306)
[info]   at org.scalatest.funsuite.AnyFunSuiteLike.runTest(AnyFunSuiteLike.scala:236)
[info]   at org.scalatest.funsuite.AnyFunSuiteLike.runTest$(AnyFunSuiteLike.scala:218)
[info]   at org.scalatest.funsuite.AnyFunSuite.runTest(AnyFunSuite.scala:1564)
[info]   at org.scalatest.funsuite.AnyFunSuiteLike.$anonfun$runTests$1(AnyFunSuiteLike.scala:269)
[info]   at org.scalatest.SuperEngine.$anonfun$runTestsInBranch$1(Engine.scala:413)
[info]   at scala.collection.immutable.List.foreach(List.scala:334)
[info]   at org.scalatest.SuperEngine.traverseSubNodes$1(Engine.scala:401)
[info]   at org.scalatest.SuperEngine.runTestsInBranch(Engine.scala:396)
[info]   at org.scalatest.SuperEngine.runTestsImpl(Engine.scala:475)
[info]   at org.scalatest.funsuite.AnyFunSuiteLike.runTests(AnyFunSuiteLike.scala:269)
[info]   at org.scalatest.funsuite.AnyFunSuiteLike.runTests$(AnyFunSuiteLike.scala:268)
[info]   at org.scalatest.funsuite.AnyFunSuite.runTests(AnyFunSuite.scala:1564)
[info]   at org.scalatest.Suite.run(Suite.scala:1114)
[info]   at org.scalatest.Suite.run$(Suite.scala:1096)
[info]   at org.scalatest.funsuite.AnyFunSuite.org$scalatest$funsuite$AnyFunSuiteLike$$super$run(AnyFunSuite.scala:1564)
[info]   at org.scalatest.funsuite.AnyFunSuiteLike.$anonfun$run$1(AnyFunSuiteLike.scala:273)
[info]   at org.scalatest.SuperEngine.runImpl(Engine.scala:535)
[info]   at org.scalatest.funsuite.AnyFunSuiteLike.run(AnyFunSuiteLike.scala:273)
[info]   at org.scalatest.funsuite.AnyFunSuiteLike.run$(AnyFunSuiteLike.scala:272)
[info]   at frameless.TypedDatasetSuite.org$scalatest$BeforeAndAfterAll$$super$run(TypedDatasetSuite.scala:63)
[info]   at org.scalatest.BeforeAndAfterAll.liftedTree1$1(BeforeAndAfterAll.scala:213)
[info]   at org.scalatest.BeforeAndAfterAll.run(BeforeAndAfterAll.scala:210)
[info]   at org.scalatest.BeforeAndAfterAll.run$(BeforeAndAfterAll.scala:208)
[info]   at frameless.TypedDatasetSuite.run(TypedDatasetSuite.scala:63)
[info]   at org.scalatest.tools.Framework.org$scalatest$tools$Framework$$runSuite(Framework.scala:321)
[info]   at org.scalatest.tools.Framework$ScalaTestTask.execute(Framework.scala:517)
[info]   at sbt.ForkMain$Run.lambda$runTest$1(ForkMain.java:414)
[info]   at java.base/java.util.concurrent.FutureTask.run(FutureTask.java:317)
[info]   at java.base/java.util.concurrent.ThreadPoolExecutor.runWorker(ThreadPoolExecutor.java:1144)
[info]   at java.base/java.util.concurrent.ThreadPoolExecutor$Worker.run(ThreadPoolExecutor.java:642)
[info]   at java.base/java.lang.Thread.run(Thread.java:1583)
[info]   Cause: java.lang.ClassCastException: Cannot cast scala.reflect.ClassTag$GenericClassTag to org.apache.spark.sql.catalyst.expressions.Expression
[info]   at java.base/java.lang.Class.cast(Class.java:4067)
[info]   at java.base/jdk.internal.reflect.DirectConstructorHandleAccessor.newInstance(DirectConstructorHandleAccessor.java:62)
[info]   at java.base/java.lang.reflect.Constructor.newInstanceWithCaller(Constructor.java:502)
[info]   at java.base/java.lang.reflect.Constructor.newInstance(Constructor.java:486)
[info]   at frameless.TypedExpressionEncoder$.$anonfun$apply$3(TypedExpressionEncoder.scala:55)
[info]   at scala.Option.map(Option.scala:242)
[info]   at frameless.TypedExpressionEncoder$.apply(TypedExpressionEncoder.scala:54)
[info]   at frameless.TypedDataset$.create(TypedDataset.scala:1325)
[info]   at frameless.ColumnTests.$anonfun$new$124(ColumnTests.scala:142)
[info]   at org.scalatest.OutcomeOf.outcomeOf(OutcomeOf.scala:85)
[info]   at org.scalatest.OutcomeOf.outcomeOf$(OutcomeOf.scala:83)
[info]   at org.scalatest.OutcomeOf$.outcomeOf(OutcomeOf.scala:104)
[info]   at org.scalatest.Transformer.apply(Transformer.scala:22)
[info]   at org.scalatest.Transformer.apply(Transformer.scala:20)
[info]   at org.scalatest.funsuite.AnyFunSuiteLike$$anon$1.apply(AnyFunSuiteLike.scala:226)
[info]   at org.scalatest.TestSuite.withFixture(TestSuite.scala:196)
[info]   at org.scalatest.TestSuite.withFixture$(TestSuite.scala:195)
[info]   at org.scalatest.funsuite.AnyFunSuite.withFixture(AnyFunSuite.scala:1564)
[info]   at org.scalatest.funsuite.AnyFunSuiteLike.invokeWithFixture$1(AnyFunSuiteLike.scala:224)
[info]   at org.scalatest.funsuite.AnyFunSuiteLike.$anonfun$runTest$1(AnyFunSuiteLike.scala:236)
[info]   at org.scalatest.SuperEngine.runTestImpl(Engine.scala:306)
[info]   at org.scalatest.funsuite.AnyFunSuiteLike.runTest(AnyFunSuiteLike.scala:236)
[info]   at org.scalatest.funsuite.AnyFunSuiteLike.runTest$(AnyFunSuiteLike.scala:218)
[info]   at org.scalatest.funsuite.AnyFunSuite.runTest(AnyFunSuite.scala:1564)
[info]   at org.scalatest.funsuite.AnyFunSuiteLike.$anonfun$runTests$1(AnyFunSuiteLike.scala:269)
[info]   at org.scalatest.SuperEngine.$anonfun$runTestsInBranch$1(Engine.scala:413)
[info]   at scala.collection.immutable.List.foreach(List.scala:334)
[info]   at org.scalatest.SuperEngine.traverseSubNodes$1(Engine.scala:401)
[info]   at org.scalatest.SuperEngine.runTestsInBranch(Engine.scala:396)
[info]   at org.scalatest.SuperEngine.runTestsImpl(Engine.scala:475)
[info]   at org.scalatest.funsuite.AnyFunSuiteLike.runTests(AnyFunSuiteLike.scala:269)
[info]   at org.scalatest.funsuite.AnyFunSuiteLike.runTests$(AnyFunSuiteLike.scala:268)
[info]   at org.scalatest.funsuite.AnyFunSuite.runTests(AnyFunSuite.scala:1564)
[info]   at org.scalatest.Suite.run(Suite.scala:1114)
[info]   at org.scalatest.Suite.run$(Suite.scala:1096)
[info]   at org.scalatest.funsuite.AnyFunSuite.org$scalatest$funsuite$AnyFunSuiteLike$$super$run(AnyFunSuite.scala:1564)
[info]   at org.scalatest.funsuite.AnyFunSuiteLike.$anonfun$run$1(AnyFunSuiteLike.scala:273)
[info]   at org.scalatest.SuperEngine.runImpl(Engine.scala:535)
[info]   at org.scalatest.funsuite.AnyFunSuiteLike.run(AnyFunSuiteLike.scala:273)
[info]   at org.scalatest.funsuite.AnyFunSuiteLike.run$(AnyFunSuiteLike.scala:272)
[info]   at frameless.TypedDatasetSuite.org$scalatest$BeforeAndAfterAll$$super$run(TypedDatasetSuite.scala:63)
[info]   at org.scalatest.BeforeAndAfterAll.liftedTree1$1(BeforeAndAfterAll.scala:213)
[info]   at org.scalatest.BeforeAndAfterAll.run(BeforeAndAfterAll.scala:210)
[info]   at org.scalatest.BeforeAndAfterAll.run$(BeforeAndAfterAll.scala:208)
[info]   at frameless.TypedDatasetSuite.run(TypedDatasetSuite.scala:63)
[info]   at org.scalatest.tools.Framework.org$scalatest$tools$Framework$$runSuite(Framework.scala:321)
[info]   at org.scalatest.tools.Framework$ScalaTestTask.execute(Framework.scala:517)
[info]   at sbt.ForkMain$Run.lambda$runTest$1(ForkMain.java:414)
[info]   at java.base/java.util.concurrent.FutureTask.run(FutureTask.java:317)
[info]   at java.base/java.util.concurrent.ThreadPoolExecutor.runWorker(ThreadPoolExecutor.java:1144)
[info]   at java.base/java.util.concurrent.ThreadPoolExecutor$Worker.run(ThreadPoolExecutor.java:642)
[info]   at java.base/java.lang.Thread.run(Thread.java:1583)
[info] - boolean and / or *** FAILED *** (3 milliseconds)
[info]   IllegalArgumentException was thrown during property evaluation.
[info]     Message: argument type mismatch
[info]     Occurred when passed generated values (
[info]       arg0 = List()
[info]     )
[info]   org.scalatest.exceptions.GeneratorDrivenPropertyCheckFailedException:
[info]   at org.scalatestplus.scalacheck.CheckerAsserting$$anon$2.indicateFailure(CheckerAsserting.scala:251)
[info]   at org.scalatestplus.scalacheck.CheckerAsserting$$anon$2.indicateFailure(CheckerAsserting.scala:238)
[info]   at org.scalatestplus.scalacheck.UnitCheckerAsserting$CheckerAssertingImpl.check(CheckerAsserting.scala:160)
[info]   at org.scalatestplus.scalacheck.Checkers.check(Checkers.scala:371)
[info]   at org.scalatestplus.scalacheck.Checkers.check$(Checkers.scala:369)
[info]   at frameless.TypedDatasetSuite.check(TypedDatasetSuite.scala:63)
[info]   at frameless.ColumnTests.$anonfun$new$133(ColumnTests.scala:150)
[info]   at org.scalatest.OutcomeOf.outcomeOf(OutcomeOf.scala:85)
[info]   at org.scalatest.OutcomeOf.outcomeOf$(OutcomeOf.scala:83)
[info]   at org.scalatest.OutcomeOf$.outcomeOf(OutcomeOf.scala:104)
[info]   at org.scalatest.Transformer.apply(Transformer.scala:22)
[info]   at org.scalatest.Transformer.apply(Transformer.scala:20)
[info]   at org.scalatest.funsuite.AnyFunSuiteLike$$anon$1.apply(AnyFunSuiteLike.scala:226)
[info]   at org.scalatest.TestSuite.withFixture(TestSuite.scala:196)
[info]   at org.scalatest.TestSuite.withFixture$(TestSuite.scala:195)
[info]   at org.scalatest.funsuite.AnyFunSuite.withFixture(AnyFunSuite.scala:1564)
[info]   at org.scalatest.funsuite.AnyFunSuiteLike.invokeWithFixture$1(AnyFunSuiteLike.scala:224)
[info]   at org.scalatest.funsuite.AnyFunSuiteLike.$anonfun$runTest$1(AnyFunSuiteLike.scala:236)
[info]   at org.scalatest.SuperEngine.runTestImpl(Engine.scala:306)
[info]   at org.scalatest.funsuite.AnyFunSuiteLike.runTest(AnyFunSuiteLike.scala:236)
[info]   at org.scalatest.funsuite.AnyFunSuiteLike.runTest$(AnyFunSuiteLike.scala:218)
[info]   at org.scalatest.funsuite.AnyFunSuite.runTest(AnyFunSuite.scala:1564)
[info]   at org.scalatest.funsuite.AnyFunSuiteLike.$anonfun$runTests$1(AnyFunSuiteLike.scala:269)
[info]   at org.scalatest.SuperEngine.$anonfun$runTestsInBranch$1(Engine.scala:413)
[info]   at scala.collection.immutable.List.foreach(List.scala:334)
[info]   at org.scalatest.SuperEngine.traverseSubNodes$1(Engine.scala:401)
[info]   at org.scalatest.SuperEngine.runTestsInBranch(Engine.scala:396)
[info]   at org.scalatest.SuperEngine.runTestsImpl(Engine.scala:475)
[info]   at org.scalatest.funsuite.AnyFunSuiteLike.runTests(AnyFunSuiteLike.scala:269)
[info]   at org.scalatest.funsuite.AnyFunSuiteLike.runTests$(AnyFunSuiteLike.scala:268)
[info]   at org.scalatest.funsuite.AnyFunSuite.runTests(AnyFunSuite.scala:1564)
[info]   at org.scalatest.Suite.run(Suite.scala:1114)
[info]   at org.scalatest.Suite.run$(Suite.scala:1096)
[info]   at org.scalatest.funsuite.AnyFunSuite.org$scalatest$funsuite$AnyFunSuiteLike$$super$run(AnyFunSuite.scala:1564)
[info]   at org.scalatest.funsuite.AnyFunSuiteLike.$anonfun$run$1(AnyFunSuiteLike.scala:273)
[info]   at org.scalatest.SuperEngine.runImpl(Engine.scala:535)
[info]   at org.scalatest.funsuite.AnyFunSuiteLike.run(AnyFunSuiteLike.scala:273)
[info]   at org.scalatest.funsuite.AnyFunSuiteLike.run$(AnyFunSuiteLike.scala:272)
[info]   at frameless.TypedDatasetSuite.org$scalatest$BeforeAndAfterAll$$super$run(TypedDatasetSuite.scala:63)
[info]   at org.scalatest.BeforeAndAfterAll.liftedTree1$1(BeforeAndAfterAll.scala:213)
[info]   at org.scalatest.BeforeAndAfterAll.run(BeforeAndAfterAll.scala:210)
[info]   at org.scalatest.BeforeAndAfterAll.run$(BeforeAndAfterAll.scala:208)
[info]   at frameless.TypedDatasetSuite.run(TypedDatasetSuite.scala:63)
[info]   at org.scalatest.tools.Framework.org$scalatest$tools$Framework$$runSuite(Framework.scala:321)
[info]   at org.scalatest.tools.Framework$ScalaTestTask.execute(Framework.scala:517)
[info]   at sbt.ForkMain$Run.lambda$runTest$1(ForkMain.java:414)
[info]   at java.base/java.util.concurrent.FutureTask.run(FutureTask.java:317)
[info]   at java.base/java.util.concurrent.ThreadPoolExecutor.runWorker(ThreadPoolExecutor.java:1144)
[info]   at java.base/java.util.concurrent.ThreadPoolExecutor$Worker.run(ThreadPoolExecutor.java:642)
[info]   at java.base/java.lang.Thread.run(Thread.java:1583)
[info]   Cause: java.lang.IllegalArgumentException: argument type mismatch
[info]   at java.base/jdk.internal.reflect.DirectConstructorHandleAccessor.newInstance(DirectConstructorHandleAccessor.java:65)
[info]   at java.base/java.lang.reflect.Constructor.newInstanceWithCaller(Constructor.java:502)
[info]   at java.base/java.lang.reflect.Constructor.newInstance(Constructor.java:486)
[info]   at frameless.TypedExpressionEncoder$.$anonfun$apply$3(TypedExpressionEncoder.scala:55)
[info]   at scala.Option.map(Option.scala:242)
[info]   at frameless.TypedExpressionEncoder$.apply(TypedExpressionEncoder.scala:54)
[info]   at frameless.TypedDataset$.create(TypedDataset.scala:1325)
[info]   at frameless.ColumnTests.$anonfun$new$134(ColumnTests.scala:152)
[info]   at scala.Function1.$anonfun$andThen$1(Function1.scala:87)
[info]   at org.scalacheck.Prop$.$anonfun$forAllShrink$2(Prop.scala:868)
[info]   at org.scalacheck.Prop$.secure(Prop.scala:484)
[info]   at org.scalacheck.Prop$.result$1(Prop.scala:868)
[info]   at org.scalacheck.Prop$.$anonfun$forAllShrink$1(Prop.scala:915)
[info]   at org.scalacheck.Prop$.$anonfun$apply$1(Prop.scala:305)
[info]   at org.scalacheck.PropFromFun.apply(Prop.scala:20)
[info]   at org.scalacheck.Test$.workerFun$1(Test.scala:486)
[info]   at org.scalacheck.Test$.$anonfun$check$4(Test.scala:518)
[info]   at org.scalacheck.Test$.$anonfun$check$4$adapted(Test.scala:518)
[info]   at org.scalacheck.Platform$.runWorkers(Platform.scala:42)
[info]   at org.scalacheck.Test$.check(Test.scala:518)
[info]   at org.scalatestplus.scalacheck.UnitCheckerAsserting$CheckerAssertingImpl.check(CheckerAsserting.scala:90)
[info]   at org.scalatestplus.scalacheck.Checkers.check(Checkers.scala:371)
[info]   at org.scalatestplus.scalacheck.Checkers.check$(Checkers.scala:369)
[info]   at frameless.TypedDatasetSuite.check(TypedDatasetSuite.scala:63)
[info]   at frameless.ColumnTests.$anonfun$new$133(ColumnTests.scala:150)
[info]   at org.scalatest.OutcomeOf.outcomeOf(OutcomeOf.scala:85)
[info]   at org.scalatest.OutcomeOf.outcomeOf$(OutcomeOf.scala:83)
[info]   at org.scalatest.OutcomeOf$.outcomeOf(OutcomeOf.scala:104)
[info]   at org.scalatest.Transformer.apply(Transformer.scala:22)
[info]   at org.scalatest.Transformer.apply(Transformer.scala:20)
[info]   at org.scalatest.funsuite.AnyFunSuiteLike$$anon$1.apply(AnyFunSuiteLike.scala:226)
[info]   at org.scalatest.TestSuite.withFixture(TestSuite.scala:196)
[info]   at org.scalatest.TestSuite.withFixture$(TestSuite.scala:195)
[info]   at org.scalatest.funsuite.AnyFunSuite.withFixture(AnyFunSuite.scala:1564)
[info]   at org.scalatest.funsuite.AnyFunSuiteLike.invokeWithFixture$1(AnyFunSuiteLike.scala:224)
[info]   at org.scalatest.funsuite.AnyFunSuiteLike.$anonfun$runTest$1(AnyFunSuiteLike.scala:236)
[info]   at org.scalatest.SuperEngine.runTestImpl(Engine.scala:306)
[info]   at org.scalatest.funsuite.AnyFunSuiteLike.runTest(AnyFunSuiteLike.scala:236)
[info]   at org.scalatest.funsuite.AnyFunSuiteLike.runTest$(AnyFunSuiteLike.scala:218)
[info]   at org.scalatest.funsuite.AnyFunSuite.runTest(AnyFunSuite.scala:1564)
[info]   at org.scalatest.funsuite.AnyFunSuiteLike.$anonfun$runTests$1(AnyFunSuiteLike.scala:269)
[info]   at org.scalatest.SuperEngine.$anonfun$runTestsInBranch$1(Engine.scala:413)
[info]   at scala.collection.immutable.List.foreach(List.scala:334)
[info]   at org.scalatest.SuperEngine.traverseSubNodes$1(Engine.scala:401)
[info]   at org.scalatest.SuperEngine.runTestsInBranch(Engine.scala:396)
[info]   at org.scalatest.SuperEngine.runTestsImpl(Engine.scala:475)
[info]   at org.scalatest.funsuite.AnyFunSuiteLike.runTests(AnyFunSuiteLike.scala:269)
[info]   at org.scalatest.funsuite.AnyFunSuiteLike.runTests$(AnyFunSuiteLike.scala:268)
[info]   at org.scalatest.funsuite.AnyFunSuite.runTests(AnyFunSuite.scala:1564)
[info]   at org.scalatest.Suite.run(Suite.scala:1114)
[info]   at org.scalatest.Suite.run$(Suite.scala:1096)
[info]   at org.scalatest.funsuite.AnyFunSuite.org$scalatest$funsuite$AnyFunSuiteLike$$super$run(AnyFunSuite.scala:1564)
[info]   at org.scalatest.funsuite.AnyFunSuiteLike.$anonfun$run$1(AnyFunSuiteLike.scala:273)
[info]   at org.scalatest.SuperEngine.runImpl(Engine.scala:535)
[info]   at org.scalatest.funsuite.AnyFunSuiteLike.run(AnyFunSuiteLike.scala:273)
[info]   at org.scalatest.funsuite.AnyFunSuiteLike.run$(AnyFunSuiteLike.scala:272)
[info]   at frameless.TypedDatasetSuite.org$scalatest$BeforeAndAfterAll$$super$run(TypedDatasetSuite.scala:63)
[info]   at org.scalatest.BeforeAndAfterAll.liftedTree1$1(BeforeAndAfterAll.scala:213)
[info]   at org.scalatest.BeforeAndAfterAll.run(BeforeAndAfterAll.scala:210)
[info]   at org.scalatest.BeforeAndAfterAll.run$(BeforeAndAfterAll.scala:208)
[info]   at frameless.TypedDatasetSuite.run(TypedDatasetSuite.scala:63)
[info]   at org.scalatest.tools.Framework.org$scalatest$tools$Framework$$runSuite(Framework.scala:321)
[info]   at org.scalatest.tools.Framework$ScalaTestTask.execute(Framework.scala:517)
[info]   at sbt.ForkMain$Run.lambda$runTest$1(ForkMain.java:414)
[info]   at java.base/java.util.concurrent.FutureTask.run(FutureTask.java:317)
[info]   at java.base/java.util.concurrent.ThreadPoolExecutor.runWorker(ThreadPoolExecutor.java:1144)
[info]   at java.base/java.util.concurrent.ThreadPoolExecutor$Worker.run(ThreadPoolExecutor.java:642)
[info]   at java.base/java.lang.Thread.run(Thread.java:1583)
[info]   Cause: java.lang.ClassCastException: Cannot cast scala.reflect.ClassTag$GenericClassTag to org.apache.spark.sql.catalyst.expressions.Expression
[info]   at java.base/java.lang.Class.cast(Class.java:4067)
[info]   at java.base/jdk.internal.reflect.DirectConstructorHandleAccessor.newInstance(DirectConstructorHandleAccessor.java:62)
[info]   at java.base/java.lang.reflect.Constructor.newInstanceWithCaller(Constructor.java:502)
[info]   at java.base/java.lang.reflect.Constructor.newInstance(Constructor.java:486)
[info]   at frameless.TypedExpressionEncoder$.$anonfun$apply$3(TypedExpressionEncoder.scala:55)
[info]   at scala.Option.map(Option.scala:242)
[info]   at frameless.TypedExpressionEncoder$.apply(TypedExpressionEncoder.scala:54)
[info]   at frameless.TypedDataset$.create(TypedDataset.scala:1325)
[info]   at frameless.ColumnTests.$anonfun$new$134(ColumnTests.scala:152)
[info]   at scala.Function1.$anonfun$andThen$1(Function1.scala:87)
[info]   at org.scalacheck.Prop$.$anonfun$forAllShrink$2(Prop.scala:868)
[info]   at org.scalacheck.Prop$.secure(Prop.scala:484)
[info]   at org.scalacheck.Prop$.result$1(Prop.scala:868)
[info]   at org.scalacheck.Prop$.$anonfun$forAllShrink$1(Prop.scala:915)
[info]   at org.scalacheck.Prop$.$anonfun$apply$1(Prop.scala:305)
[info]   at org.scalacheck.PropFromFun.apply(Prop.scala:20)
[info]   at org.scalacheck.Test$.workerFun$1(Test.scala:486)
[info]   at org.scalacheck.Test$.$anonfun$check$4(Test.scala:518)
[info]   at org.scalacheck.Test$.$anonfun$check$4$adapted(Test.scala:518)
[info]   at org.scalacheck.Platform$.runWorkers(Platform.scala:42)
[info]   at org.scalacheck.Test$.check(Test.scala:518)
[info]   at org.scalatestplus.scalacheck.UnitCheckerAsserting$CheckerAssertingImpl.check(CheckerAsserting.scala:90)
[info]   at org.scalatestplus.scalacheck.Checkers.check(Checkers.scala:371)
[info]   at org.scalatestplus.scalacheck.Checkers.check$(Checkers.scala:369)
[info]   at frameless.TypedDatasetSuite.check(TypedDatasetSuite.scala:63)
[info]   at frameless.ColumnTests.$anonfun$new$133(ColumnTests.scala:150)
[info]   at org.scalatest.OutcomeOf.outcomeOf(OutcomeOf.scala:85)
[info]   at org.scalatest.OutcomeOf.outcomeOf$(OutcomeOf.scala:83)
[info]   at org.scalatest.OutcomeOf$.outcomeOf(OutcomeOf.scala:104)
[info]   at org.scalatest.Transformer.apply(Transformer.scala:22)
[info]   at org.scalatest.Transformer.apply(Transformer.scala:20)
[info]   at org.scalatest.funsuite.AnyFunSuiteLike$$anon$1.apply(AnyFunSuiteLike.scala:226)
[info]   at org.scalatest.TestSuite.withFixture(TestSuite.scala:196)
[info]   at org.scalatest.TestSuite.withFixture$(TestSuite.scala:195)
[info]   at org.scalatest.funsuite.AnyFunSuite.withFixture(AnyFunSuite.scala:1564)
[info]   at org.scalatest.funsuite.AnyFunSuiteLike.invokeWithFixture$1(AnyFunSuiteLike.scala:224)
[info]   at org.scalatest.funsuite.AnyFunSuiteLike.$anonfun$runTest$1(AnyFunSuiteLike.scala:236)
[info]   at org.scalatest.SuperEngine.runTestImpl(Engine.scala:306)
[info]   at org.scalatest.funsuite.AnyFunSuiteLike.runTest(AnyFunSuiteLike.scala:236)
[info]   at org.scalatest.funsuite.AnyFunSuiteLike.runTest$(AnyFunSuiteLike.scala:218)
[info]   at org.scalatest.funsuite.AnyFunSuite.runTest(AnyFunSuite.scala:1564)
[info]   at org.scalatest.funsuite.AnyFunSuiteLike.$anonfun$runTests$1(AnyFunSuiteLike.scala:269)
[info]   at org.scalatest.SuperEngine.$anonfun$runTestsInBranch$1(Engine.scala:413)
[info]   at scala.collection.immutable.List.foreach(List.scala:334)
[info]   at org.scalatest.SuperEngine.traverseSubNodes$1(Engine.scala:401)
[info]   at org.scalatest.SuperEngine.runTestsInBranch(Engine.scala:396)
[info]   at org.scalatest.SuperEngine.runTestsImpl(Engine.scala:475)
[info]   at org.scalatest.funsuite.AnyFunSuiteLike.runTests(AnyFunSuiteLike.scala:269)
[info]   at org.scalatest.funsuite.AnyFunSuiteLike.runTests$(AnyFunSuiteLike.scala:268)
[info]   at org.scalatest.funsuite.AnyFunSuite.runTests(AnyFunSuite.scala:1564)
[info]   at org.scalatest.Suite.run(Suite.scala:1114)
[info]   at org.scalatest.Suite.run$(Suite.scala:1096)
[info]   at org.scalatest.funsuite.AnyFunSuite.org$scalatest$funsuite$AnyFunSuiteLike$$super$run(AnyFunSuite.scala:1564)
[info]   at org.scalatest.funsuite.AnyFunSuiteLike.$anonfun$run$1(AnyFunSuiteLike.scala:273)
[info]   at org.scalatest.SuperEngine.runImpl(Engine.scala:535)
[info]   at org.scalatest.funsuite.AnyFunSuiteLike.run(AnyFunSuiteLike.scala:273)
[info]   at org.scalatest.funsuite.AnyFunSuiteLike.run$(AnyFunSuiteLike.scala:272)
[info]   at frameless.TypedDatasetSuite.org$scalatest$BeforeAndAfterAll$$super$run(TypedDatasetSuite.scala:63)
[info]   at org.scalatest.BeforeAndAfterAll.liftedTree1$1(BeforeAndAfterAll.scala:213)
[info]   at org.scalatest.BeforeAndAfterAll.run(BeforeAndAfterAll.scala:210)
[info]   at org.scalatest.BeforeAndAfterAll.run$(BeforeAndAfterAll.scala:208)
[info]   at frameless.TypedDatasetSuite.run(TypedDatasetSuite.scala:63)
[info]   at org.scalatest.tools.Framework.org$scalatest$tools$Framework$$runSuite(Framework.scala:321)
[info]   at org.scalatest.tools.Framework$ScalaTestTask.execute(Framework.scala:517)
[info]   at sbt.ForkMain$Run.lambda$runTest$1(ForkMain.java:414)
[info]   at java.base/java.util.concurrent.FutureTask.run(FutureTask.java:317)
[info]   at java.base/java.util.concurrent.ThreadPoolExecutor.runWorker(ThreadPoolExecutor.java:1144)
[info]   at java.base/java.util.concurrent.ThreadPoolExecutor$Worker.run(ThreadPoolExecutor.java:642)
[info]   at java.base/java.lang.Thread.run(Thread.java:1583)
[info] - substr *** FAILED *** (8 milliseconds)
[info]   IllegalArgumentException was thrown during property evaluation.
[info]     Message: argument type mismatch
[info]     Occurred when passed generated values (
[info]       arg0 = "",
[info]       arg1 = 0, // 1 shrink
[info]       arg2 = 0 // 31 shrinks
[info]     )
[info]   org.scalatest.exceptions.GeneratorDrivenPropertyCheckFailedException:
[info]   at org.scalatestplus.scalacheck.CheckerAsserting$$anon$2.indicateFailure(CheckerAsserting.scala:251)
[info]   at org.scalatestplus.scalacheck.CheckerAsserting$$anon$2.indicateFailure(CheckerAsserting.scala:238)
[info]   at org.scalatestplus.scalacheck.UnitCheckerAsserting$CheckerAssertingImpl.check(CheckerAsserting.scala:160)
[info]   at org.scalatestplus.scalacheck.Checkers.check(Checkers.scala:371)
[info]   at org.scalatestplus.scalacheck.Checkers.check$(Checkers.scala:369)
[info]   at frameless.TypedDatasetSuite.check(TypedDatasetSuite.scala:63)
[info]   at frameless.ColumnTests.$anonfun$new$154(ColumnTests.scala:182)
[info]   at scala.runtime.java8.JFunction0$mcV$sp.apply(JFunction0$mcV$sp.scala:18)
[info]   at org.scalatest.OutcomeOf.outcomeOf(OutcomeOf.scala:85)
[info]   at org.scalatest.OutcomeOf.outcomeOf$(OutcomeOf.scala:83)
[info]   at org.scalatest.OutcomeOf$.outcomeOf(OutcomeOf.scala:104)
[info]   at org.scalatest.Transformer.apply(Transformer.scala:22)
[info]   at org.scalatest.Transformer.apply(Transformer.scala:20)
[info]   at org.scalatest.funsuite.AnyFunSuiteLike$$anon$1.apply(AnyFunSuiteLike.scala:226)
[info]   at org.scalatest.TestSuite.withFixture(TestSuite.scala:196)
[info]   at org.scalatest.TestSuite.withFixture$(TestSuite.scala:195)
[info]   at org.scalatest.funsuite.AnyFunSuite.withFixture(AnyFunSuite.scala:1564)
[info]   at org.scalatest.funsuite.AnyFunSuiteLike.invokeWithFixture$1(AnyFunSuiteLike.scala:224)
[info]   at org.scalatest.funsuite.AnyFunSuiteLike.$anonfun$runTest$1(AnyFunSuiteLike.scala:236)
[info]   at org.scalatest.SuperEngine.runTestImpl(Engine.scala:306)
[info]   at org.scalatest.funsuite.AnyFunSuiteLike.runTest(AnyFunSuiteLike.scala:236)
[info]   at org.scalatest.funsuite.AnyFunSuiteLike.runTest$(AnyFunSuiteLike.scala:218)
[info]   at org.scalatest.funsuite.AnyFunSuite.runTest(AnyFunSuite.scala:1564)
[info]   at org.scalatest.funsuite.AnyFunSuiteLike.$anonfun$runTests$1(AnyFunSuiteLike.scala:269)
[info]   at org.scalatest.SuperEngine.$anonfun$runTestsInBranch$1(Engine.scala:413)
[info]   at scala.collection.immutable.List.foreach(List.scala:334)
[info]   at org.scalatest.SuperEngine.traverseSubNodes$1(Engine.scala:401)
[info]   at org.scalatest.SuperEngine.runTestsInBranch(Engine.scala:396)
[info]   at org.scalatest.SuperEngine.runTestsImpl(Engine.scala:475)
[info]   at org.scalatest.funsuite.AnyFunSuiteLike.runTests(AnyFunSuiteLike.scala:269)
[info]   at org.scalatest.funsuite.AnyFunSuiteLike.runTests$(AnyFunSuiteLike.scala:268)
[info]   at org.scalatest.funsuite.AnyFunSuite.runTests(AnyFunSuite.scala:1564)
[info]   at org.scalatest.Suite.run(Suite.scala:1114)
[info]   at org.scalatest.Suite.run$(Suite.scala:1096)
[info]   at org.scalatest.funsuite.AnyFunSuite.org$scalatest$funsuite$AnyFunSuiteLike$$super$run(AnyFunSuite.scala:1564)
[info]   at org.scalatest.funsuite.AnyFunSuiteLike.$anonfun$run$1(AnyFunSuiteLike.scala:273)
[info]   at org.scalatest.SuperEngine.runImpl(Engine.scala:535)
[info]   at org.scalatest.funsuite.AnyFunSuiteLike.run(AnyFunSuiteLike.scala:273)
[info]   at org.scalatest.funsuite.AnyFunSuiteLike.run$(AnyFunSuiteLike.scala:272)
[info]   at frameless.TypedDatasetSuite.org$scalatest$BeforeAndAfterAll$$super$run(TypedDatasetSuite.scala:63)
[info]   at org.scalatest.BeforeAndAfterAll.liftedTree1$1(BeforeAndAfterAll.scala:213)
[info]   at org.scalatest.BeforeAndAfterAll.run(BeforeAndAfterAll.scala:210)
[info]   at org.scalatest.BeforeAndAfterAll.run$(BeforeAndAfterAll.scala:208)
[info]   at frameless.TypedDatasetSuite.run(TypedDatasetSuite.scala:63)
[info]   at org.scalatest.tools.Framework.org$scalatest$tools$Framework$$runSuite(Framework.scala:321)
[info]   at org.scalatest.tools.Framework$ScalaTestTask.execute(Framework.scala:517)
[info]   at sbt.ForkMain$Run.lambda$runTest$1(ForkMain.java:414)
[info]   at java.base/java.util.concurrent.FutureTask.run(FutureTask.java:317)
[info]   at java.base/java.util.concurrent.ThreadPoolExecutor.runWorker(ThreadPoolExecutor.java:1144)
[info]   at java.base/java.util.concurrent.ThreadPoolExecutor$Worker.run(ThreadPoolExecutor.java:642)
[info]   at java.base/java.lang.Thread.run(Thread.java:1583)
[info]   Cause: java.lang.IllegalArgumentException: argument type mismatch
[info]   at java.base/jdk.internal.reflect.DirectConstructorHandleAccessor.newInstance(DirectConstructorHandleAccessor.java:65)
[info]   at java.base/java.lang.reflect.Constructor.newInstanceWithCaller(Constructor.java:502)
[info]   at java.base/java.lang.reflect.Constructor.newInstance(Constructor.java:486)
[info]   at frameless.TypedExpressionEncoder$.$anonfun$apply$3(TypedExpressionEncoder.scala:55)
[info]   at scala.Option.map(Option.scala:242)
[info]   at frameless.TypedExpressionEncoder$.apply(TypedExpressionEncoder.scala:54)
[info]   at frameless.TypedDataset$.create(TypedDataset.scala:1325)
[info]   at frameless.ColumnTests.$anonfun$new$155(ColumnTests.scala:184)
[info]   at frameless.ColumnTests.$anonfun$new$155$adapted(ColumnTests.scala:183)
[info]   at org.scalacheck.Prop$.$anonfun$forAll$20(Prop.scala:1147)
[info]   at org.scalacheck.Prop$.$anonfun$forAll$18(Prop.scala:1131)
[info]   at scala.Function1.$anonfun$andThen$1(Function1.scala:87)
[info]   at org.scalacheck.Prop$.$anonfun$forAllShrink$2(Prop.scala:868)
[info]   at org.scalacheck.Prop$.secure(Prop.scala:484)
[info]   at org.scalacheck.Prop$.result$1(Prop.scala:868)
[info]   at org.scalacheck.Prop$.$anonfun$forAllShrink$4(Prop.scala:880)
[info]   at scala.collection.immutable.Stream.map(Stream.scala:173)
[info]   at org.scalacheck.Prop$.getFirstFailure$1(Prop.scala:880)
[info]   at org.scalacheck.Prop$.shrinker$1(Prop.scala:895)
[info]   at org.scalacheck.Prop$.$anonfun$forAllShrink$1(Prop.scala:916)
[info]   at org.scalacheck.Prop$.$anonfun$apply$1(Prop.scala:305)
[info]   at org.scalacheck.PropFromFun.apply(Prop.scala:20)
[info]   at org.scalacheck.Prop$.result$1(Prop.scala:869)
[info]   at org.scalacheck.Prop$.$anonfun$forAllShrink$4(Prop.scala:880)
[info]   at scala.collection.immutable.Stream.map(Stream.scala:173)
[info]   at org.scalacheck.Prop$.getFirstFailure$1(Prop.scala:880)
[info]   at org.scalacheck.Prop$.shrinker$1(Prop.scala:895)
[info]   at org.scalacheck.Prop$.$anonfun$forAllShrink$1(Prop.scala:916)
[info]   at org.scalacheck.Prop$.$anonfun$apply$1(Prop.scala:305)
[info]   at org.scalacheck.PropFromFun.apply(Prop.scala:20)
[info]   at org.scalacheck.Prop$.result$1(Prop.scala:869)
[info]   at org.scalacheck.Prop$.$anonfun$forAllShrink$1(Prop.scala:915)
[info]   at org.scalacheck.Prop$.$anonfun$apply$1(Prop.scala:305)
[info]   at org.scalacheck.PropFromFun.apply(Prop.scala:20)
[info]   at org.scalacheck.Test$.workerFun$1(Test.scala:486)
[info]   at org.scalacheck.Test$.$anonfun$check$4(Test.scala:518)
[info]   at org.scalacheck.Test$.$anonfun$check$4$adapted(Test.scala:518)
[info]   at org.scalacheck.Platform$.runWorkers(Platform.scala:42)
[info]   at org.scalacheck.Test$.check(Test.scala:518)
[info]   at org.scalatestplus.scalacheck.UnitCheckerAsserting$CheckerAssertingImpl.check(CheckerAsserting.scala:90)
[info]   at org.scalatestplus.scalacheck.Checkers.check(Checkers.scala:371)
[info]   at org.scalatestplus.scalacheck.Checkers.check$(Checkers.scala:369)
[info]   at frameless.TypedDatasetSuite.check(TypedDatasetSuite.scala:63)
[info]   at frameless.ColumnTests.$anonfun$new$154(ColumnTests.scala:182)
[info]   at scala.runtime.java8.JFunction0$mcV$sp.apply(JFunction0$mcV$sp.scala:18)
[info]   at org.scalatest.OutcomeOf.outcomeOf(OutcomeOf.scala:85)
[info]   at org.scalatest.OutcomeOf.outcomeOf$(OutcomeOf.scala:83)
[info]   at org.scalatest.OutcomeOf$.outcomeOf(OutcomeOf.scala:104)
[info]   at org.scalatest.Transformer.apply(Transformer.scala:22)
[info]   at org.scalatest.Transformer.apply(Transformer.scala:20)
[info]   at org.scalatest.funsuite.AnyFunSuiteLike$$anon$1.apply(AnyFunSuiteLike.scala:226)
[info]   at org.scalatest.TestSuite.withFixture(TestSuite.scala:196)
[info]   at org.scalatest.TestSuite.withFixture$(TestSuite.scala:195)
[info]   at org.scalatest.funsuite.AnyFunSuite.withFixture(AnyFunSuite.scala:1564)
[info]   at org.scalatest.funsuite.AnyFunSuiteLike.invokeWithFixture$1(AnyFunSuiteLike.scala:224)
[info]   at org.scalatest.funsuite.AnyFunSuiteLike.$anonfun$runTest$1(AnyFunSuiteLike.scala:236)
[info]   at org.scalatest.SuperEngine.runTestImpl(Engine.scala:306)
[info]   at org.scalatest.funsuite.AnyFunSuiteLike.runTest(AnyFunSuiteLike.scala:236)
[info]   at org.scalatest.funsuite.AnyFunSuiteLike.runTest$(AnyFunSuiteLike.scala:218)
[info]   at org.scalatest.funsuite.AnyFunSuite.runTest(AnyFunSuite.scala:1564)
[info]   at org.scalatest.funsuite.AnyFunSuiteLike.$anonfun$runTests$1(AnyFunSuiteLike.scala:269)
[info]   at org.scalatest.SuperEngine.$anonfun$runTestsInBranch$1(Engine.scala:413)
[info]   at scala.collection.immutable.List.foreach(List.scala:334)
[info]   at org.scalatest.SuperEngine.traverseSubNodes$1(Engine.scala:401)
[info]   at org.scalatest.SuperEngine.runTestsInBranch(Engine.scala:396)
[info]   at org.scalatest.SuperEngine.runTestsImpl(Engine.scala:475)
[info]   at org.scalatest.funsuite.AnyFunSuiteLike.runTests(AnyFunSuiteLike.scala:269)
[info]   at org.scalatest.funsuite.AnyFunSuiteLike.runTests$(AnyFunSuiteLike.scala:268)
[info]   at org.scalatest.funsuite.AnyFunSuite.runTests(AnyFunSuite.scala:1564)
[info]   at org.scalatest.Suite.run(Suite.scala:1114)
[info]   at org.scalatest.Suite.run$(Suite.scala:1096)
[info]   at org.scalatest.funsuite.AnyFunSuite.org$scalatest$funsuite$AnyFunSuiteLike$$super$run(AnyFunSuite.scala:1564)
[info]   at org.scalatest.funsuite.AnyFunSuiteLike.$anonfun$run$1(AnyFunSuiteLike.scala:273)
[info]   at org.scalatest.SuperEngine.runImpl(Engine.scala:535)
[info]   at org.scalatest.funsuite.AnyFunSuiteLike.run(AnyFunSuiteLike.scala:273)
[info]   at org.scalatest.funsuite.AnyFunSuiteLike.run$(AnyFunSuiteLike.scala:272)
[info]   at frameless.TypedDatasetSuite.org$scalatest$BeforeAndAfterAll$$super$run(TypedDatasetSuite.scala:63)
[info]   at org.scalatest.BeforeAndAfterAll.liftedTree1$1(BeforeAndAfterAll.scala:213)
[info]   at org.scalatest.BeforeAndAfterAll.run(BeforeAndAfterAll.scala:210)
[info]   at org.scalatest.BeforeAndAfterAll.run$(BeforeAndAfterAll.scala:208)
[info]   at frameless.TypedDatasetSuite.run(TypedDatasetSuite.scala:63)
[info]   at org.scalatest.tools.Framework.org$scalatest$tools$Framework$$runSuite(Framework.scala:321)
[info]   at org.scalatest.tools.Framework$ScalaTestTask.execute(Framework.scala:517)
[info]   at sbt.ForkMain$Run.lambda$runTest$1(ForkMain.java:414)
[info]   at java.base/java.util.concurrent.FutureTask.run(FutureTask.java:317)
[info]   at java.base/java.util.concurrent.ThreadPoolExecutor.runWorker(ThreadPoolExecutor.java:1144)
[info]   at java.base/java.util.concurrent.ThreadPoolExecutor$Worker.run(ThreadPoolExecutor.java:642)
[info]   at java.base/java.lang.Thread.run(Thread.java:1583)
[info]   Cause: java.lang.ClassCastException: Cannot cast scala.reflect.ClassTag$GenericClassTag to org.apache.spark.sql.catalyst.expressions.Expression
[info]   at java.base/java.lang.Class.cast(Class.java:4067)
[info]   at java.base/jdk.internal.reflect.DirectConstructorHandleAccessor.newInstance(DirectConstructorHandleAccessor.java:62)
[info]   at java.base/java.lang.reflect.Constructor.newInstanceWithCaller(Constructor.java:502)
[info]   at java.base/java.lang.reflect.Constructor.newInstance(Constructor.java:486)
[info]   at frameless.TypedExpressionEncoder$.$anonfun$apply$3(TypedExpressionEncoder.scala:55)
[info]   at scala.Option.map(Option.scala:242)
[info]   at frameless.TypedExpressionEncoder$.apply(TypedExpressionEncoder.scala:54)
[info]   at frameless.TypedDataset$.create(TypedDataset.scala:1325)
[info]   at frameless.ColumnTests.$anonfun$new$155(ColumnTests.scala:184)
[info]   at frameless.ColumnTests.$anonfun$new$155$adapted(ColumnTests.scala:183)
[info]   at org.scalacheck.Prop$.$anonfun$forAll$20(Prop.scala:1147)
[info]   at org.scalacheck.Prop$.$anonfun$forAll$18(Prop.scala:1131)
[info]   at scala.Function1.$anonfun$andThen$1(Function1.scala:87)
[info]   at org.scalacheck.Prop$.$anonfun$forAllShrink$2(Prop.scala:868)
[info]   at org.scalacheck.Prop$.secure(Prop.scala:484)
[info]   at org.scalacheck.Prop$.result$1(Prop.scala:868)
[info]   at org.scalacheck.Prop$.$anonfun$forAllShrink$4(Prop.scala:880)
[info]   at scala.collection.immutable.Stream.map(Stream.scala:173)
[info]   at org.scalacheck.Prop$.getFirstFailure$1(Prop.scala:880)
[info]   at org.scalacheck.Prop$.shrinker$1(Prop.scala:895)
[info]   at org.scalacheck.Prop$.$anonfun$forAllShrink$1(Prop.scala:916)
[info]   at org.scalacheck.Prop$.$anonfun$apply$1(Prop.scala:305)
[info]   at org.scalacheck.PropFromFun.apply(Prop.scala:20)
[info]   at org.scalacheck.Prop$.result$1(Prop.scala:869)
[info]   at org.scalacheck.Prop$.$anonfun$forAllShrink$4(Prop.scala:880)
[info]   at scala.collection.immutable.Stream.map(Stream.scala:173)
[info]   at org.scalacheck.Prop$.getFirstFailure$1(Prop.scala:880)
[info]   at org.scalacheck.Prop$.shrinker$1(Prop.scala:895)
[info]   at org.scalacheck.Prop$.$anonfun$forAllShrink$1(Prop.scala:916)
[info]   at org.scalacheck.Prop$.$anonfun$apply$1(Prop.scala:305)
[info]   at org.scalacheck.PropFromFun.apply(Prop.scala:20)
[info]   at org.scalacheck.Prop$.result$1(Prop.scala:869)
[info]   at org.scalacheck.Prop$.$anonfun$forAllShrink$1(Prop.scala:915)
[info]   at org.scalacheck.Prop$.$anonfun$apply$1(Prop.scala:305)
[info]   at org.scalacheck.PropFromFun.apply(Prop.scala:20)
[info]   at org.scalacheck.Test$.workerFun$1(Test.scala:486)
[info]   at org.scalacheck.Test$.$anonfun$check$4(Test.scala:518)
[info]   at org.scalacheck.Test$.$anonfun$check$4$adapted(Test.scala:518)
[info]   at org.scalacheck.Platform$.runWorkers(Platform.scala:42)
[info]   at org.scalacheck.Test$.check(Test.scala:518)
[info]   at org.scalatestplus.scalacheck.UnitCheckerAsserting$CheckerAssertingImpl.check(CheckerAsserting.scala:90)
[info]   at org.scalatestplus.scalacheck.Checkers.check(Checkers.scala:371)
[info]   at org.scalatestplus.scalacheck.Checkers.check$(Checkers.scala:369)
[info]   at frameless.TypedDatasetSuite.check(TypedDatasetSuite.scala:63)
[info]   at frameless.ColumnTests.$anonfun$new$154(ColumnTests.scala:182)
[info]   at scala.runtime.java8.JFunction0$mcV$sp.apply(JFunction0$mcV$sp.scala:18)
[info]   at org.scalatest.OutcomeOf.outcomeOf(OutcomeOf.scala:85)
[info]   at org.scalatest.OutcomeOf.outcomeOf$(OutcomeOf.scala:83)
[info]   at org.scalatest.OutcomeOf$.outcomeOf(OutcomeOf.scala:104)
[info]   at org.scalatest.Transformer.apply(Transformer.scala:22)
[info]   at org.scalatest.Transformer.apply(Transformer.scala:20)
[info]   at org.scalatest.funsuite.AnyFunSuiteLike$$anon$1.apply(AnyFunSuiteLike.scala:226)
[info]   at org.scalatest.TestSuite.withFixture(TestSuite.scala:196)
[info]   at org.scalatest.TestSuite.withFixture$(TestSuite.scala:195)
[info]   at org.scalatest.funsuite.AnyFunSuite.withFixture(AnyFunSuite.scala:1564)
[info]   at org.scalatest.funsuite.AnyFunSuiteLike.invokeWithFixture$1(AnyFunSuiteLike.scala:224)
[info]   at org.scalatest.funsuite.AnyFunSuiteLike.$anonfun$runTest$1(AnyFunSuiteLike.scala:236)
[info]   at org.scalatest.SuperEngine.runTestImpl(Engine.scala:306)
[info]   at org.scalatest.funsuite.AnyFunSuiteLike.runTest(AnyFunSuiteLike.scala:236)
[info]   at org.scalatest.funsuite.AnyFunSuiteLike.runTest$(AnyFunSuiteLike.scala:218)
[info]   at org.scalatest.funsuite.AnyFunSuite.runTest(AnyFunSuite.scala:1564)
[info]   at org.scalatest.funsuite.AnyFunSuiteLike.$anonfun$runTests$1(AnyFunSuiteLike.scala:269)
[info]   at org.scalatest.SuperEngine.$anonfun$runTestsInBranch$1(Engine.scala:413)
[info]   at scala.collection.immutable.List.foreach(List.scala:334)
[info]   at org.scalatest.SuperEngine.traverseSubNodes$1(Engine.scala:401)
[info]   at org.scalatest.SuperEngine.runTestsInBranch(Engine.scala:396)
[info]   at org.scalatest.SuperEngine.runTestsImpl(Engine.scala:475)
[info]   at org.scalatest.funsuite.AnyFunSuiteLike.runTests(AnyFunSuiteLike.scala:269)
[info]   at org.scalatest.funsuite.AnyFunSuiteLike.runTests$(AnyFunSuiteLike.scala:268)
[info]   at org.scalatest.funsuite.AnyFunSuite.runTests(AnyFunSuite.scala:1564)
[info]   at org.scalatest.Suite.run(Suite.scala:1114)
[info]   at org.scalatest.Suite.run$(Suite.scala:1096)
[info]   at org.scalatest.funsuite.AnyFunSuite.org$scalatest$funsuite$AnyFunSuiteLike$$super$run(AnyFunSuite.scala:1564)
[info]   at org.scalatest.funsuite.AnyFunSuiteLike.$anonfun$run$1(AnyFunSuiteLike.scala:273)
[info]   at org.scalatest.SuperEngine.runImpl(Engine.scala:535)
[info]   at org.scalatest.funsuite.AnyFunSuiteLike.run(AnyFunSuiteLike.scala:273)
[info]   at org.scalatest.funsuite.AnyFunSuiteLike.run$(AnyFunSuiteLike.scala:272)
[info]   at frameless.TypedDatasetSuite.org$scalatest$BeforeAndAfterAll$$super$run(TypedDatasetSuite.scala:63)
[info]   at org.scalatest.BeforeAndAfterAll.liftedTree1$1(BeforeAndAfterAll.scala:213)
[info]   at org.scalatest.BeforeAndAfterAll.run(BeforeAndAfterAll.scala:210)
[info]   at org.scalatest.BeforeAndAfterAll.run$(BeforeAndAfterAll.scala:208)
[info]   at frameless.TypedDatasetSuite.run(TypedDatasetSuite.scala:63)
[info]   at org.scalatest.tools.Framework.org$scalatest$tools$Framework$$runSuite(Framework.scala:321)
[info]   at org.scalatest.tools.Framework$ScalaTestTask.execute(Framework.scala:517)
[info]   at sbt.ForkMain$Run.lambda$runTest$1(ForkMain.java:414)
[info]   at java.base/java.util.concurrent.FutureTask.run(FutureTask.java:317)
[info]   at java.base/java.util.concurrent.ThreadPoolExecutor.runWorker(ThreadPoolExecutor.java:1144)
[info]   at java.base/java.util.concurrent.ThreadPoolExecutor$Worker.run(ThreadPoolExecutor.java:642)
[info]   at java.base/java.lang.Thread.run(Thread.java:1583)
[info] - like *** FAILED *** (3 milliseconds)
[info]   IllegalArgumentException was thrown during property evaluation.
[info]     Message: argument type mismatch
[info]     Occurred when passed generated values (
[info]       arg0 = "",
[info]       arg1 = ""
[info]     )
[info]   org.scalatest.exceptions.GeneratorDrivenPropertyCheckFailedException:
[info]   at org.scalatestplus.scalacheck.CheckerAsserting$$anon$2.indicateFailure(CheckerAsserting.scala:251)
[info]   at org.scalatestplus.scalacheck.CheckerAsserting$$anon$2.indicateFailure(CheckerAsserting.scala:238)
[info]   at org.scalatestplus.scalacheck.UnitCheckerAsserting$CheckerAssertingImpl.check(CheckerAsserting.scala:160)
[info]   at org.scalatestplus.scalacheck.Checkers.check(Checkers.scala:371)
[info]   at org.scalatestplus.scalacheck.Checkers.check$(Checkers.scala:369)
[info]   at frameless.TypedDatasetSuite.check(TypedDatasetSuite.scala:63)
[info]   at frameless.ColumnTests.$anonfun$new$187(ColumnTests.scala:228)
[info]   at scala.runtime.java8.JFunction0$mcV$sp.apply(JFunction0$mcV$sp.scala:18)
[info]   at org.scalatest.OutcomeOf.outcomeOf(OutcomeOf.scala:85)
[info]   at org.scalatest.OutcomeOf.outcomeOf$(OutcomeOf.scala:83)
[info]   at org.scalatest.OutcomeOf$.outcomeOf(OutcomeOf.scala:104)
[info]   at org.scalatest.Transformer.apply(Transformer.scala:22)
[info]   at org.scalatest.Transformer.apply(Transformer.scala:20)
[info]   at org.scalatest.funsuite.AnyFunSuiteLike$$anon$1.apply(AnyFunSuiteLike.scala:226)
[info]   at org.scalatest.TestSuite.withFixture(TestSuite.scala:196)
[info]   at org.scalatest.TestSuite.withFixture$(TestSuite.scala:195)
[info]   at org.scalatest.funsuite.AnyFunSuite.withFixture(AnyFunSuite.scala:1564)
[info]   at org.scalatest.funsuite.AnyFunSuiteLike.invokeWithFixture$1(AnyFunSuiteLike.scala:224)
[info]   at org.scalatest.funsuite.AnyFunSuiteLike.$anonfun$runTest$1(AnyFunSuiteLike.scala:236)
[info]   at org.scalatest.SuperEngine.runTestImpl(Engine.scala:306)
[info]   at org.scalatest.funsuite.AnyFunSuiteLike.runTest(AnyFunSuiteLike.scala:236)
[info]   at org.scalatest.funsuite.AnyFunSuiteLike.runTest$(AnyFunSuiteLike.scala:218)
[info]   at org.scalatest.funsuite.AnyFunSuite.runTest(AnyFunSuite.scala:1564)
[info]   at org.scalatest.funsuite.AnyFunSuiteLike.$anonfun$runTests$1(AnyFunSuiteLike.scala:269)
[info]   at org.scalatest.SuperEngine.$anonfun$runTestsInBranch$1(Engine.scala:413)
[info]   at scala.collection.immutable.List.foreach(List.scala:334)
[info]   at org.scalatest.SuperEngine.traverseSubNodes$1(Engine.scala:401)
[info]   at org.scalatest.SuperEngine.runTestsInBranch(Engine.scala:396)
[info]   at org.scalatest.SuperEngine.runTestsImpl(Engine.scala:475)
[info]   at org.scalatest.funsuite.AnyFunSuiteLike.runTests(AnyFunSuiteLike.scala:269)
[info]   at org.scalatest.funsuite.AnyFunSuiteLike.runTests$(AnyFunSuiteLike.scala:268)
[info]   at org.scalatest.funsuite.AnyFunSuite.runTests(AnyFunSuite.scala:1564)
[info]   at org.scalatest.Suite.run(Suite.scala:1114)
[info]   at org.scalatest.Suite.run$(Suite.scala:1096)
[info]   at org.scalatest.funsuite.AnyFunSuite.org$scalatest$funsuite$AnyFunSuiteLike$$super$run(AnyFunSuite.scala:1564)
[info]   at org.scalatest.funsuite.AnyFunSuiteLike.$anonfun$run$1(AnyFunSuiteLike.scala:273)
[info]   at org.scalatest.SuperEngine.runImpl(Engine.scala:535)
[info]   at org.scalatest.funsuite.AnyFunSuiteLike.run(AnyFunSuiteLike.scala:273)
[info]   at org.scalatest.funsuite.AnyFunSuiteLike.run$(AnyFunSuiteLike.scala:272)
[info]   at frameless.TypedDatasetSuite.org$scalatest$BeforeAndAfterAll$$super$run(TypedDatasetSuite.scala:63)
[info]   at org.scalatest.BeforeAndAfterAll.liftedTree1$1(BeforeAndAfterAll.scala:213)
[info]   at org.scalatest.BeforeAndAfterAll.run(BeforeAndAfterAll.scala:210)
[info]   at org.scalatest.BeforeAndAfterAll.run$(BeforeAndAfterAll.scala:208)
[info]   at frameless.TypedDatasetSuite.run(TypedDatasetSuite.scala:63)
[info]   at org.scalatest.tools.Framework.org$scalatest$tools$Framework$$runSuite(Framework.scala:321)
[info]   at org.scalatest.tools.Framework$ScalaTestTask.execute(Framework.scala:517)
[info]   at sbt.ForkMain$Run.lambda$runTest$1(ForkMain.java:414)
[info]   at java.base/java.util.concurrent.FutureTask.run(FutureTask.java:317)
[info]   at java.base/java.util.concurrent.ThreadPoolExecutor.runWorker(ThreadPoolExecutor.java:1144)
[info]   at java.base/java.util.concurrent.ThreadPoolExecutor$Worker.run(ThreadPoolExecutor.java:642)
[info]   at java.base/java.lang.Thread.run(Thread.java:1583)
[info]   Cause: java.lang.IllegalArgumentException: argument type mismatch
[info]   at java.base/jdk.internal.reflect.DirectConstructorHandleAccessor.newInstance(DirectConstructorHandleAccessor.java:65)
[info]   at java.base/java.lang.reflect.Constructor.newInstanceWithCaller(Constructor.java:502)
[info]   at java.base/java.lang.reflect.Constructor.newInstance(Constructor.java:486)
[info]   at frameless.TypedExpressionEncoder$.$anonfun$apply$3(TypedExpressionEncoder.scala:55)
[info]   at scala.Option.map(Option.scala:242)
[info]   at frameless.TypedExpressionEncoder$.apply(TypedExpressionEncoder.scala:54)
[info]   at frameless.TypedDataset$.create(TypedDataset.scala:1325)
[info]   at frameless.ColumnTests.$anonfun$new$188(ColumnTests.scala:230)
[info]   at org.scalacheck.Prop$.$anonfun$forAll$18(Prop.scala:1131)
[info]   at scala.Function1.$anonfun$andThen$1(Function1.scala:87)
[info]   at org.scalacheck.Prop$.$anonfun$forAllShrink$2(Prop.scala:868)
[info]   at org.scalacheck.Prop$.secure(Prop.scala:484)
[info]   at org.scalacheck.Prop$.result$1(Prop.scala:868)
[info]   at org.scalacheck.Prop$.$anonfun$forAllShrink$1(Prop.scala:915)
[info]   at org.scalacheck.Prop$.$anonfun$apply$1(Prop.scala:305)
[info]   at org.scalacheck.PropFromFun.apply(Prop.scala:20)
[info]   at org.scalacheck.Prop$.result$1(Prop.scala:869)
[info]   at org.scalacheck.Prop$.$anonfun$forAllShrink$1(Prop.scala:915)
[info]   at org.scalacheck.Prop$.$anonfun$apply$1(Prop.scala:305)
[info]   at org.scalacheck.PropFromFun.apply(Prop.scala:20)
[info]   at org.scalacheck.Test$.workerFun$1(Test.scala:486)
[info]   at org.scalacheck.Test$.$anonfun$check$4(Test.scala:518)
[info]   at org.scalacheck.Test$.$anonfun$check$4$adapted(Test.scala:518)
[info]   at org.scalacheck.Platform$.runWorkers(Platform.scala:42)
[info]   at org.scalacheck.Test$.check(Test.scala:518)
[info]   at org.scalatestplus.scalacheck.UnitCheckerAsserting$CheckerAssertingImpl.check(CheckerAsserting.scala:90)
[info]   at org.scalatestplus.scalacheck.Checkers.check(Checkers.scala:371)
[info]   at org.scalatestplus.scalacheck.Checkers.check$(Checkers.scala:369)
[info]   at frameless.TypedDatasetSuite.check(TypedDatasetSuite.scala:63)
[info]   at frameless.ColumnTests.$anonfun$new$187(ColumnTests.scala:228)
[info]   at scala.runtime.java8.JFunction0$mcV$sp.apply(JFunction0$mcV$sp.scala:18)
[info]   at org.scalatest.OutcomeOf.outcomeOf(OutcomeOf.scala:85)
[info]   at org.scalatest.OutcomeOf.outcomeOf$(OutcomeOf.scala:83)
[info]   at org.scalatest.OutcomeOf$.outcomeOf(OutcomeOf.scala:104)
[info]   at org.scalatest.Transformer.apply(Transformer.scala:22)
[info]   at org.scalatest.Transformer.apply(Transformer.scala:20)
[info]   at org.scalatest.funsuite.AnyFunSuiteLike$$anon$1.apply(AnyFunSuiteLike.scala:226)
[info]   at org.scalatest.TestSuite.withFixture(TestSuite.scala:196)
[info]   at org.scalatest.TestSuite.withFixture$(TestSuite.scala:195)
[info]   at org.scalatest.funsuite.AnyFunSuite.withFixture(AnyFunSuite.scala:1564)
[info]   at org.scalatest.funsuite.AnyFunSuiteLike.invokeWithFixture$1(AnyFunSuiteLike.scala:224)
[info]   at org.scalatest.funsuite.AnyFunSuiteLike.$anonfun$runTest$1(AnyFunSuiteLike.scala:236)
[info]   at org.scalatest.SuperEngine.runTestImpl(Engine.scala:306)
[info]   at org.scalatest.funsuite.AnyFunSuiteLike.runTest(AnyFunSuiteLike.scala:236)
[info]   at org.scalatest.funsuite.AnyFunSuiteLike.runTest$(AnyFunSuiteLike.scala:218)
[info]   at org.scalatest.funsuite.AnyFunSuite.runTest(AnyFunSuite.scala:1564)
[info]   at org.scalatest.funsuite.AnyFunSuiteLike.$anonfun$runTests$1(AnyFunSuiteLike.scala:269)
[info]   at org.scalatest.SuperEngine.$anonfun$runTestsInBranch$1(Engine.scala:413)
[info]   at scala.collection.immutable.List.foreach(List.scala:334)
[info]   at org.scalatest.SuperEngine.traverseSubNodes$1(Engine.scala:401)
[info]   at org.scalatest.SuperEngine.runTestsInBranch(Engine.scala:396)
[info]   at org.scalatest.SuperEngine.runTestsImpl(Engine.scala:475)
[info]   at org.scalatest.funsuite.AnyFunSuiteLike.runTests(AnyFunSuiteLike.scala:269)
[info]   at org.scalatest.funsuite.AnyFunSuiteLike.runTests$(AnyFunSuiteLike.scala:268)
[info]   at org.scalatest.funsuite.AnyFunSuite.runTests(AnyFunSuite.scala:1564)
[info]   at org.scalatest.Suite.run(Suite.scala:1114)
[info]   at org.scalatest.Suite.run$(Suite.scala:1096)
[info]   at org.scalatest.funsuite.AnyFunSuite.org$scalatest$funsuite$AnyFunSuiteLike$$super$run(AnyFunSuite.scala:1564)
[info]   at org.scalatest.funsuite.AnyFunSuiteLike.$anonfun$run$1(AnyFunSuiteLike.scala:273)
[info]   at org.scalatest.SuperEngine.runImpl(Engine.scala:535)
[info]   at org.scalatest.funsuite.AnyFunSuiteLike.run(AnyFunSuiteLike.scala:273)
[info]   at org.scalatest.funsuite.AnyFunSuiteLike.run$(AnyFunSuiteLike.scala:272)
[info]   at frameless.TypedDatasetSuite.org$scalatest$BeforeAndAfterAll$$super$run(TypedDatasetSuite.scala:63)
[info]   at org.scalatest.BeforeAndAfterAll.liftedTree1$1(BeforeAndAfterAll.scala:213)
[info]   at org.scalatest.BeforeAndAfterAll.run(BeforeAndAfterAll.scala:210)
[info]   at org.scalatest.BeforeAndAfterAll.run$(BeforeAndAfterAll.scala:208)
[info]   at frameless.TypedDatasetSuite.run(TypedDatasetSuite.scala:63)
[info]   at org.scalatest.tools.Framework.org$scalatest$tools$Framework$$runSuite(Framework.scala:321)
[info]   at org.scalatest.tools.Framework$ScalaTestTask.execute(Framework.scala:517)
[info]   at sbt.ForkMain$Run.lambda$runTest$1(ForkMain.java:414)
[info]   at java.base/java.util.concurrent.FutureTask.run(FutureTask.java:317)
[info]   at java.base/java.util.concurrent.ThreadPoolExecutor.runWorker(ThreadPoolExecutor.java:1144)
[info]   at java.base/java.util.concurrent.ThreadPoolExecutor$Worker.run(ThreadPoolExecutor.java:642)
[info]   at java.base/java.lang.Thread.run(Thread.java:1583)
[info]   Cause: java.lang.ClassCastException: Cannot cast scala.reflect.ClassTag$GenericClassTag to org.apache.spark.sql.catalyst.expressions.Expression
[info]   at java.base/java.lang.Class.cast(Class.java:4067)
[info]   at java.base/jdk.internal.reflect.DirectConstructorHandleAccessor.newInstance(DirectConstructorHandleAccessor.java:62)
[info]   at java.base/java.lang.reflect.Constructor.newInstanceWithCaller(Constructor.java:502)
[info]   at java.base/java.lang.reflect.Constructor.newInstance(Constructor.java:486)
[info]   at frameless.TypedExpressionEncoder$.$anonfun$apply$3(TypedExpressionEncoder.scala:55)
[info]   at scala.Option.map(Option.scala:242)
[info]   at frameless.TypedExpressionEncoder$.apply(TypedExpressionEncoder.scala:54)
[info]   at frameless.TypedDataset$.create(TypedDataset.scala:1325)
[info]   at frameless.ColumnTests.$anonfun$new$188(ColumnTests.scala:230)
[info]   at org.scalacheck.Prop$.$anonfun$forAll$18(Prop.scala:1131)
[info]   at scala.Function1.$anonfun$andThen$1(Function1.scala:87)
[info]   at org.scalacheck.Prop$.$anonfun$forAllShrink$2(Prop.scala:868)
[info]   at org.scalacheck.Prop$.secure(Prop.scala:484)
[info]   at org.scalacheck.Prop$.result$1(Prop.scala:868)
[info]   at org.scalacheck.Prop$.$anonfun$forAllShrink$1(Prop.scala:915)
[info]   at org.scalacheck.Prop$.$anonfun$apply$1(Prop.scala:305)
[info]   at org.scalacheck.PropFromFun.apply(Prop.scala:20)
[info]   at org.scalacheck.Prop$.result$1(Prop.scala:869)
[info]   at org.scalacheck.Prop$.$anonfun$forAllShrink$1(Prop.scala:915)
[info]   at org.scalacheck.Prop$.$anonfun$apply$1(Prop.scala:305)
[info]   at org.scalacheck.PropFromFun.apply(Prop.scala:20)
[info]   at org.scalacheck.Test$.workerFun$1(Test.scala:486)
[info]   at org.scalacheck.Test$.$anonfun$check$4(Test.scala:518)
[info]   at org.scalacheck.Test$.$anonfun$check$4$adapted(Test.scala:518)
[info]   at org.scalacheck.Platform$.runWorkers(Platform.scala:42)
[info]   at org.scalacheck.Test$.check(Test.scala:518)
[info]   at org.scalatestplus.scalacheck.UnitCheckerAsserting$CheckerAssertingImpl.check(CheckerAsserting.scala:90)
[info]   at org.scalatestplus.scalacheck.Checkers.check(Checkers.scala:371)
[info]   at org.scalatestplus.scalacheck.Checkers.check$(Checkers.scala:369)
[info]   at frameless.TypedDatasetSuite.check(TypedDatasetSuite.scala:63)
[info]   at frameless.ColumnTests.$anonfun$new$187(ColumnTests.scala:228)
[info]   at scala.runtime.java8.JFunction0$mcV$sp.apply(JFunction0$mcV$sp.scala:18)
[info]   at org.scalatest.OutcomeOf.outcomeOf(OutcomeOf.scala:85)
[info]   at org.scalatest.OutcomeOf.outcomeOf$(OutcomeOf.scala:83)
[info]   at org.scalatest.OutcomeOf$.outcomeOf(OutcomeOf.scala:104)
[info]   at org.scalatest.Transformer.apply(Transformer.scala:22)
[info]   at org.scalatest.Transformer.apply(Transformer.scala:20)
[info]   at org.scalatest.funsuite.AnyFunSuiteLike$$anon$1.apply(AnyFunSuiteLike.scala:226)
[info]   at org.scalatest.TestSuite.withFixture(TestSuite.scala:196)
[info]   at org.scalatest.TestSuite.withFixture$(TestSuite.scala:195)
[info]   at org.scalatest.funsuite.AnyFunSuite.withFixture(AnyFunSuite.scala:1564)
[info]   at org.scalatest.funsuite.AnyFunSuiteLike.invokeWithFixture$1(AnyFunSuiteLike.scala:224)
[info]   at org.scalatest.funsuite.AnyFunSuiteLike.$anonfun$runTest$1(AnyFunSuiteLike.scala:236)
[info]   at org.scalatest.SuperEngine.runTestImpl(Engine.scala:306)
[info]   at org.scalatest.funsuite.AnyFunSuiteLike.runTest(AnyFunSuiteLike.scala:236)
[info]   at org.scalatest.funsuite.AnyFunSuiteLike.runTest$(AnyFunSuiteLike.scala:218)
[info]   at org.scalatest.funsuite.AnyFunSuite.runTest(AnyFunSuite.scala:1564)
[info]   at org.scalatest.funsuite.AnyFunSuiteLike.$anonfun$runTests$1(AnyFunSuiteLike.scala:269)
[info]   at org.scalatest.SuperEngine.$anonfun$runTestsInBranch$1(Engine.scala:413)
[info]   at scala.collection.immutable.List.foreach(List.scala:334)
[info]   at org.scalatest.SuperEngine.traverseSubNodes$1(Engine.scala:401)
[info]   at org.scalatest.SuperEngine.runTestsInBranch(Engine.scala:396)
[info]   at org.scalatest.SuperEngine.runTestsImpl(Engine.scala:475)
[info]   at org.scalatest.funsuite.AnyFunSuiteLike.runTests(AnyFunSuiteLike.scala:269)
[info]   at org.scalatest.funsuite.AnyFunSuiteLike.runTests$(AnyFunSuiteLike.scala:268)
[info]   at org.scalatest.funsuite.AnyFunSuite.runTests(AnyFunSuite.scala:1564)
[info]   at org.scalatest.Suite.run(Suite.scala:1114)
[info]   at org.scalatest.Suite.run$(Suite.scala:1096)
[info]   at org.scalatest.funsuite.AnyFunSuite.org$scalatest$funsuite$AnyFunSuiteLike$$super$run(AnyFunSuite.scala:1564)
[info]   at org.scalatest.funsuite.AnyFunSuiteLike.$anonfun$run$1(AnyFunSuiteLike.scala:273)
[info]   at org.scalatest.SuperEngine.runImpl(Engine.scala:535)
[info]   at org.scalatest.funsuite.AnyFunSuiteLike.run(AnyFunSuiteLike.scala:273)
[info]   at org.scalatest.funsuite.AnyFunSuiteLike.run$(AnyFunSuiteLike.scala:272)
[info]   at frameless.TypedDatasetSuite.org$scalatest$BeforeAndAfterAll$$super$run(TypedDatasetSuite.scala:63)
[info]   at org.scalatest.BeforeAndAfterAll.liftedTree1$1(BeforeAndAfterAll.scala:213)
[info]   at org.scalatest.BeforeAndAfterAll.run(BeforeAndAfterAll.scala:210)
[info]   at org.scalatest.BeforeAndAfterAll.run$(BeforeAndAfterAll.scala:208)
[info]   at frameless.TypedDatasetSuite.run(TypedDatasetSuite.scala:63)
[info]   at org.scalatest.tools.Framework.org$scalatest$tools$Framework$$runSuite(Framework.scala:321)
[info]   at org.scalatest.tools.Framework$ScalaTestTask.execute(Framework.scala:517)
[info]   at sbt.ForkMain$Run.lambda$runTest$1(ForkMain.java:414)
[info]   at java.base/java.util.concurrent.FutureTask.run(FutureTask.java:317)
[info]   at java.base/java.util.concurrent.ThreadPoolExecutor.runWorker(ThreadPoolExecutor.java:1144)
[info]   at java.base/java.util.concurrent.ThreadPoolExecutor$Worker.run(ThreadPoolExecutor.java:642)
[info]   at java.base/java.lang.Thread.run(Thread.java:1583)
[info] - rlike *** FAILED *** (7 milliseconds)
[info]   IllegalArgumentException was thrown during property evaluation.
[info]     Message: argument type mismatch
[info]     Occurred when passed generated values (
[info]       arg0 = "", // 1 shrink
[info]       arg1 = ""
[info]     )
[info]   org.scalatest.exceptions.GeneratorDrivenPropertyCheckFailedException:
[info]   at org.scalatestplus.scalacheck.CheckerAsserting$$anon$2.indicateFailure(CheckerAsserting.scala:251)
[info]   at org.scalatestplus.scalacheck.CheckerAsserting$$anon$2.indicateFailure(CheckerAsserting.scala:238)
[info]   at org.scalatestplus.scalacheck.UnitCheckerAsserting$CheckerAssertingImpl.check(CheckerAsserting.scala:160)
[info]   at org.scalatestplus.scalacheck.Checkers.check(Checkers.scala:371)
[info]   at org.scalatestplus.scalacheck.Checkers.check$(Checkers.scala:369)
[info]   at frameless.TypedDatasetSuite.check(TypedDatasetSuite.scala:63)
[info]   at frameless.ColumnTests.$anonfun$new$205(ColumnTests.scala:260)
[info]   at scala.runtime.java8.JFunction0$mcV$sp.apply(JFunction0$mcV$sp.scala:18)
[info]   at org.scalatest.OutcomeOf.outcomeOf(OutcomeOf.scala:85)
[info]   at org.scalatest.OutcomeOf.outcomeOf$(OutcomeOf.scala:83)
[info]   at org.scalatest.OutcomeOf$.outcomeOf(OutcomeOf.scala:104)
[info]   at org.scalatest.Transformer.apply(Transformer.scala:22)
[info]   at org.scalatest.Transformer.apply(Transformer.scala:20)
[info]   at org.scalatest.funsuite.AnyFunSuiteLike$$anon$1.apply(AnyFunSuiteLike.scala:226)
[info]   at org.scalatest.TestSuite.withFixture(TestSuite.scala:196)
[info]   at org.scalatest.TestSuite.withFixture$(TestSuite.scala:195)
[info]   at org.scalatest.funsuite.AnyFunSuite.withFixture(AnyFunSuite.scala:1564)
[info]   at org.scalatest.funsuite.AnyFunSuiteLike.invokeWithFixture$1(AnyFunSuiteLike.scala:224)
[info]   at org.scalatest.funsuite.AnyFunSuiteLike.$anonfun$runTest$1(AnyFunSuiteLike.scala:236)
[info]   at org.scalatest.SuperEngine.runTestImpl(Engine.scala:306)
[info]   at org.scalatest.funsuite.AnyFunSuiteLike.runTest(AnyFunSuiteLike.scala:236)
[info]   at org.scalatest.funsuite.AnyFunSuiteLike.runTest$(AnyFunSuiteLike.scala:218)
[info]   at org.scalatest.funsuite.AnyFunSuite.runTest(AnyFunSuite.scala:1564)
[info]   at org.scalatest.funsuite.AnyFunSuiteLike.$anonfun$runTests$1(AnyFunSuiteLike.scala:269)
[info]   at org.scalatest.SuperEngine.$anonfun$runTestsInBranch$1(Engine.scala:413)
[info]   at scala.collection.immutable.List.foreach(List.scala:334)
[info]   at org.scalatest.SuperEngine.traverseSubNodes$1(Engine.scala:401)
[info]   at org.scalatest.SuperEngine.runTestsInBranch(Engine.scala:396)
[info]   at org.scalatest.SuperEngine.runTestsImpl(Engine.scala:475)
[info]   at org.scalatest.funsuite.AnyFunSuiteLike.runTests(AnyFunSuiteLike.scala:269)
[info]   at org.scalatest.funsuite.AnyFunSuiteLike.runTests$(AnyFunSuiteLike.scala:268)
[info]   at org.scalatest.funsuite.AnyFunSuite.runTests(AnyFunSuite.scala:1564)
[info]   at org.scalatest.Suite.run(Suite.scala:1114)
[info]   at org.scalatest.Suite.run$(Suite.scala:1096)
[info]   at org.scalatest.funsuite.AnyFunSuite.org$scalatest$funsuite$AnyFunSuiteLike$$super$run(AnyFunSuite.scala:1564)
[info]   at org.scalatest.funsuite.AnyFunSuiteLike.$anonfun$run$1(AnyFunSuiteLike.scala:273)
[info]   at org.scalatest.SuperEngine.runImpl(Engine.scala:535)
[info]   at org.scalatest.funsuite.AnyFunSuiteLike.run(AnyFunSuiteLike.scala:273)
[info]   at org.scalatest.funsuite.AnyFunSuiteLike.run$(AnyFunSuiteLike.scala:272)
[info]   at frameless.TypedDatasetSuite.org$scalatest$BeforeAndAfterAll$$super$run(TypedDatasetSuite.scala:63)
[info]   at org.scalatest.BeforeAndAfterAll.liftedTree1$1(BeforeAndAfterAll.scala:213)
[info]   at org.scalatest.BeforeAndAfterAll.run(BeforeAndAfterAll.scala:210)
[info]   at org.scalatest.BeforeAndAfterAll.run$(BeforeAndAfterAll.scala:208)
[info]   at frameless.TypedDatasetSuite.run(TypedDatasetSuite.scala:63)
[info]   at org.scalatest.tools.Framework.org$scalatest$tools$Framework$$runSuite(Framework.scala:321)
[info]   at org.scalatest.tools.Framework$ScalaTestTask.execute(Framework.scala:517)
[info]   at sbt.ForkMain$Run.lambda$runTest$1(ForkMain.java:414)
[info]   at java.base/java.util.concurrent.FutureTask.run(FutureTask.java:317)
[info]   at java.base/java.util.concurrent.ThreadPoolExecutor.runWorker(ThreadPoolExecutor.java:1144)
[info]   at java.base/java.util.concurrent.ThreadPoolExecutor$Worker.run(ThreadPoolExecutor.java:642)
[info]   at java.base/java.lang.Thread.run(Thread.java:1583)
[info]   Cause: java.lang.IllegalArgumentException: argument type mismatch
[info]   at java.base/jdk.internal.reflect.DirectConstructorHandleAccessor.newInstance(DirectConstructorHandleAccessor.java:65)
[info]   at java.base/java.lang.reflect.Constructor.newInstanceWithCaller(Constructor.java:502)
[info]   at java.base/java.lang.reflect.Constructor.newInstance(Constructor.java:486)
[info]   at frameless.TypedExpressionEncoder$.$anonfun$apply$3(TypedExpressionEncoder.scala:55)
[info]   at scala.Option.map(Option.scala:242)
[info]   at frameless.TypedExpressionEncoder$.apply(TypedExpressionEncoder.scala:54)
[info]   at frameless.TypedDataset$.create(TypedDataset.scala:1325)
[info]   at frameless.ColumnTests.$anonfun$new$210(ColumnTests.scala:262)
[info]   at org.scalacheck.Prop$.$anonfun$forAll$3(Prop.scala:949)
[info]   at org.scalacheck.Prop$.$anonfun$forAllShrink$2(Prop.scala:868)
[info]   at org.scalacheck.Prop$.secure(Prop.scala:484)
[info]   at org.scalacheck.Prop$.result$1(Prop.scala:868)
[info]   at org.scalacheck.Prop$.$anonfun$forAllShrink$1(Prop.scala:915)
[info]   at org.scalacheck.Prop$.$anonfun$apply$1(Prop.scala:305)
[info]   at org.scalacheck.PropFromFun.apply(Prop.scala:20)
[info]   at org.scalacheck.Prop$.result$1(Prop.scala:869)
[info]   at org.scalacheck.Prop$.$anonfun$forAllShrink$4(Prop.scala:880)
[info]   at scala.collection.immutable.Stream.map(Stream.scala:173)
[info]   at org.scalacheck.Prop$.getFirstFailure$1(Prop.scala:880)
[info]   at org.scalacheck.Prop$.shrinker$1(Prop.scala:895)
[info]   at org.scalacheck.Prop$.$anonfun$forAllShrink$1(Prop.scala:916)
[info]   at org.scalacheck.Prop$.$anonfun$apply$1(Prop.scala:305)
[info]   at org.scalacheck.PropFromFun.apply(Prop.scala:20)
[info]   at org.scalacheck.Test$.workerFun$1(Test.scala:486)
[info]   at org.scalacheck.Test$.$anonfun$check$4(Test.scala:518)
[info]   at org.scalacheck.Test$.$anonfun$check$4$adapted(Test.scala:518)
[info]   at org.scalacheck.Platform$.runWorkers(Platform.scala:42)
[info]   at org.scalacheck.Test$.check(Test.scala:518)
[info]   at org.scalatestplus.scalacheck.UnitCheckerAsserting$CheckerAssertingImpl.check(CheckerAsserting.scala:90)
[info]   at org.scalatestplus.scalacheck.Checkers.check(Checkers.scala:371)
[info]   at org.scalatestplus.scalacheck.Checkers.check$(Checkers.scala:369)
[info]   at frameless.TypedDatasetSuite.check(TypedDatasetSuite.scala:63)
[info]   at frameless.ColumnTests.$anonfun$new$205(ColumnTests.scala:260)
[info]   at scala.runtime.java8.JFunction0$mcV$sp.apply(JFunction0$mcV$sp.scala:18)
[info]   at org.scalatest.OutcomeOf.outcomeOf(OutcomeOf.scala:85)
[info]   at org.scalatest.OutcomeOf.outcomeOf$(OutcomeOf.scala:83)
[info]   at org.scalatest.OutcomeOf$.outcomeOf(OutcomeOf.scala:104)
[info]   at org.scalatest.Transformer.apply(Transformer.scala:22)
[info]   at org.scalatest.Transformer.apply(Transformer.scala:20)
[info]   at org.scalatest.funsuite.AnyFunSuiteLike$$anon$1.apply(AnyFunSuiteLike.scala:226)
[info]   at org.scalatest.TestSuite.withFixture(TestSuite.scala:196)
[info]   at org.scalatest.TestSuite.withFixture$(TestSuite.scala:195)
[info]   at org.scalatest.funsuite.AnyFunSuite.withFixture(AnyFunSuite.scala:1564)
[info]   at org.scalatest.funsuite.AnyFunSuiteLike.invokeWithFixture$1(AnyFunSuiteLike.scala:224)
[info]   at org.scalatest.funsuite.AnyFunSuiteLike.$anonfun$runTest$1(AnyFunSuiteLike.scala:236)
[info]   at org.scalatest.SuperEngine.runTestImpl(Engine.scala:306)
[info]   at org.scalatest.funsuite.AnyFunSuiteLike.runTest(AnyFunSuiteLike.scala:236)
[info]   at org.scalatest.funsuite.AnyFunSuiteLike.runTest$(AnyFunSuiteLike.scala:218)
[info]   at org.scalatest.funsuite.AnyFunSuite.runTest(AnyFunSuite.scala:1564)
[info]   at org.scalatest.funsuite.AnyFunSuiteLike.$anonfun$runTests$1(AnyFunSuiteLike.scala:269)
[info]   at org.scalatest.SuperEngine.$anonfun$runTestsInBranch$1(Engine.scala:413)
[info]   at scala.collection.immutable.List.foreach(List.scala:334)
[info]   at org.scalatest.SuperEngine.traverseSubNodes$1(Engine.scala:401)
[info]   at org.scalatest.SuperEngine.runTestsInBranch(Engine.scala:396)
[info]   at org.scalatest.SuperEngine.runTestsImpl(Engine.scala:475)
[info]   at org.scalatest.funsuite.AnyFunSuiteLike.runTests(AnyFunSuiteLike.scala:269)
[info]   at org.scalatest.funsuite.AnyFunSuiteLike.runTests$(AnyFunSuiteLike.scala:268)
[info]   at org.scalatest.funsuite.AnyFunSuite.runTests(AnyFunSuite.scala:1564)
[info]   at org.scalatest.Suite.run(Suite.scala:1114)
[info]   at org.scalatest.Suite.run$(Suite.scala:1096)
[info]   at org.scalatest.funsuite.AnyFunSuite.org$scalatest$funsuite$AnyFunSuiteLike$$super$run(AnyFunSuite.scala:1564)
[info]   at org.scalatest.funsuite.AnyFunSuiteLike.$anonfun$run$1(AnyFunSuiteLike.scala:273)
[info]   at org.scalatest.SuperEngine.runImpl(Engine.scala:535)
[info]   at org.scalatest.funsuite.AnyFunSuiteLike.run(AnyFunSuiteLike.scala:273)
[info]   at org.scalatest.funsuite.AnyFunSuiteLike.run$(AnyFunSuiteLike.scala:272)
[info]   at frameless.TypedDatasetSuite.org$scalatest$BeforeAndAfterAll$$super$run(TypedDatasetSuite.scala:63)
[info]   at org.scalatest.BeforeAndAfterAll.liftedTree1$1(BeforeAndAfterAll.scala:213)
[info]   at org.scalatest.BeforeAndAfterAll.run(BeforeAndAfterAll.scala:210)
[info]   at org.scalatest.BeforeAndAfterAll.run$(BeforeAndAfterAll.scala:208)
[info]   at frameless.TypedDatasetSuite.run(TypedDatasetSuite.scala:63)
[info]   at org.scalatest.tools.Framework.org$scalatest$tools$Framework$$runSuite(Framework.scala:321)
[info]   at org.scalatest.tools.Framework$ScalaTestTask.execute(Framework.scala:517)
[info]   at sbt.ForkMain$Run.lambda$runTest$1(ForkMain.java:414)
[info]   at java.base/java.util.concurrent.FutureTask.run(FutureTask.java:317)
[info]   at java.base/java.util.concurrent.ThreadPoolExecutor.runWorker(ThreadPoolExecutor.java:1144)
[info]   at java.base/java.util.concurrent.ThreadPoolExecutor$Worker.run(ThreadPoolExecutor.java:642)
[info]   at java.base/java.lang.Thread.run(Thread.java:1583)
[info]   Cause: java.lang.ClassCastException: Cannot cast scala.reflect.ClassTag$GenericClassTag to org.apache.spark.sql.catalyst.expressions.Expression
[info]   at java.base/java.lang.Class.cast(Class.java:4067)
[info]   at java.base/jdk.internal.reflect.DirectConstructorHandleAccessor.newInstance(DirectConstructorHandleAccessor.java:62)
[info]   at java.base/java.lang.reflect.Constructor.newInstanceWithCaller(Constructor.java:502)
[info]   at java.base/java.lang.reflect.Constructor.newInstance(Constructor.java:486)
[info]   at frameless.TypedExpressionEncoder$.$anonfun$apply$3(TypedExpressionEncoder.scala:55)
[info]   at scala.Option.map(Option.scala:242)
[info]   at frameless.TypedExpressionEncoder$.apply(TypedExpressionEncoder.scala:54)
[info]   at frameless.TypedDataset$.create(TypedDataset.scala:1325)
[info]   at frameless.ColumnTests.$anonfun$new$210(ColumnTests.scala:262)
[info]   at org.scalacheck.Prop$.$anonfun$forAll$3(Prop.scala:949)
[info]   at org.scalacheck.Prop$.$anonfun$forAllShrink$2(Prop.scala:868)
[info]   at org.scalacheck.Prop$.secure(Prop.scala:484)
[info]   at org.scalacheck.Prop$.result$1(Prop.scala:868)
[info]   at org.scalacheck.Prop$.$anonfun$forAllShrink$1(Prop.scala:915)
[info]   at org.scalacheck.Prop$.$anonfun$apply$1(Prop.scala:305)
[info]   at org.scalacheck.PropFromFun.apply(Prop.scala:20)
[info]   at org.scalacheck.Prop$.result$1(Prop.scala:869)
[info]   at org.scalacheck.Prop$.$anonfun$forAllShrink$4(Prop.scala:880)
[info]   at scala.collection.immutable.Stream.map(Stream.scala:173)
[info]   at org.scalacheck.Prop$.getFirstFailure$1(Prop.scala:880)
[info]   at org.scalacheck.Prop$.shrinker$1(Prop.scala:895)
[info]   at org.scalacheck.Prop$.$anonfun$forAllShrink$1(Prop.scala:916)
[info]   at org.scalacheck.Prop$.$anonfun$apply$1(Prop.scala:305)
[info]   at org.scalacheck.PropFromFun.apply(Prop.scala:20)
[info]   at org.scalacheck.Test$.workerFun$1(Test.scala:486)
[info]   at org.scalacheck.Test$.$anonfun$check$4(Test.scala:518)
[info]   at org.scalacheck.Test$.$anonfun$check$4$adapted(Test.scala:518)
[info]   at org.scalacheck.Platform$.runWorkers(Platform.scala:42)
[info]   at org.scalacheck.Test$.check(Test.scala:518)
[info]   at org.scalatestplus.scalacheck.UnitCheckerAsserting$CheckerAssertingImpl.check(CheckerAsserting.scala:90)
[info]   at org.scalatestplus.scalacheck.Checkers.check(Checkers.scala:371)
[info]   at org.scalatestplus.scalacheck.Checkers.check$(Checkers.scala:369)
[info]   at frameless.TypedDatasetSuite.check(TypedDatasetSuite.scala:63)
[info]   at frameless.ColumnTests.$anonfun$new$205(ColumnTests.scala:260)
[info]   at scala.runtime.java8.JFunction0$mcV$sp.apply(JFunction0$mcV$sp.scala:18)
[info]   at org.scalatest.OutcomeOf.outcomeOf(OutcomeOf.scala:85)
[info]   at org.scalatest.OutcomeOf.outcomeOf$(OutcomeOf.scala:83)
[info]   at org.scalatest.OutcomeOf$.outcomeOf(OutcomeOf.scala:104)
[info]   at org.scalatest.Transformer.apply(Transformer.scala:22)
[info]   at org.scalatest.Transformer.apply(Transformer.scala:20)
[info]   at org.scalatest.funsuite.AnyFunSuiteLike$$anon$1.apply(AnyFunSuiteLike.scala:226)
[info]   at org.scalatest.TestSuite.withFixture(TestSuite.scala:196)
[info]   at org.scalatest.TestSuite.withFixture$(TestSuite.scala:195)
[info]   at org.scalatest.funsuite.AnyFunSuite.withFixture(AnyFunSuite.scala:1564)
[info]   at org.scalatest.funsuite.AnyFunSuiteLike.invokeWithFixture$1(AnyFunSuiteLike.scala:224)
[info]   at org.scalatest.funsuite.AnyFunSuiteLike.$anonfun$runTest$1(AnyFunSuiteLike.scala:236)
[info]   at org.scalatest.SuperEngine.runTestImpl(Engine.scala:306)
[info]   at org.scalatest.funsuite.AnyFunSuiteLike.runTest(AnyFunSuiteLike.scala:236)
[info]   at org.scalatest.funsuite.AnyFunSuiteLike.runTest$(AnyFunSuiteLike.scala:218)
[info]   at org.scalatest.funsuite.AnyFunSuite.runTest(AnyFunSuite.scala:1564)
[info]   at org.scalatest.funsuite.AnyFunSuiteLike.$anonfun$runTests$1(AnyFunSuiteLike.scala:269)
[info]   at org.scalatest.SuperEngine.$anonfun$runTestsInBranch$1(Engine.scala:413)
[info]   at scala.collection.immutable.List.foreach(List.scala:334)
[info]   at org.scalatest.SuperEngine.traverseSubNodes$1(Engine.scala:401)
[info]   at org.scalatest.SuperEngine.runTestsInBranch(Engine.scala:396)
[info]   at org.scalatest.SuperEngine.runTestsImpl(Engine.scala:475)
[info]   at org.scalatest.funsuite.AnyFunSuiteLike.runTests(AnyFunSuiteLike.scala:269)
[info]   at org.scalatest.funsuite.AnyFunSuiteLike.runTests$(AnyFunSuiteLike.scala:268)
[info]   at org.scalatest.funsuite.AnyFunSuite.runTests(AnyFunSuite.scala:1564)
[info]   at org.scalatest.Suite.run(Suite.scala:1114)
[info]   at org.scalatest.Suite.run$(Suite.scala:1096)
[info]   at org.scalatest.funsuite.AnyFunSuite.org$scalatest$funsuite$AnyFunSuiteLike$$super$run(AnyFunSuite.scala:1564)
[info]   at org.scalatest.funsuite.AnyFunSuiteLike.$anonfun$run$1(AnyFunSuiteLike.scala:273)
[info]   at org.scalatest.SuperEngine.runImpl(Engine.scala:535)
[info]   at org.scalatest.funsuite.AnyFunSuiteLike.run(AnyFunSuiteLike.scala:273)
[info]   at org.scalatest.funsuite.AnyFunSuiteLike.run$(AnyFunSuiteLike.scala:272)
[info]   at frameless.TypedDatasetSuite.org$scalatest$BeforeAndAfterAll$$super$run(TypedDatasetSuite.scala:63)
[info]   at org.scalatest.BeforeAndAfterAll.liftedTree1$1(BeforeAndAfterAll.scala:213)
[info]   at org.scalatest.BeforeAndAfterAll.run(BeforeAndAfterAll.scala:210)
[info]   at org.scalatest.BeforeAndAfterAll.run$(BeforeAndAfterAll.scala:208)
[info]   at frameless.TypedDatasetSuite.run(TypedDatasetSuite.scala:63)
[info]   at org.scalatest.tools.Framework.org$scalatest$tools$Framework$$runSuite(Framework.scala:321)
[info]   at org.scalatest.tools.Framework$ScalaTestTask.execute(Framework.scala:517)
[info]   at sbt.ForkMain$Run.lambda$runTest$1(ForkMain.java:414)
[info]   at java.base/java.util.concurrent.FutureTask.run(FutureTask.java:317)
[info]   at java.base/java.util.concurrent.ThreadPoolExecutor.runWorker(ThreadPoolExecutor.java:1144)
[info]   at java.base/java.util.concurrent.ThreadPoolExecutor$Worker.run(ThreadPoolExecutor.java:642)
[info]   at java.base/java.lang.Thread.run(Thread.java:1583)
[info] - contains *** FAILED *** (3 milliseconds)
[info]   IllegalArgumentException was thrown during property evaluation.
[info]     Message: argument type mismatch
[info]     Occurred when passed generated values (
[info]       arg0 = "",
[info]       arg1 = ""
[info]     )
[info]   org.scalatest.exceptions.GeneratorDrivenPropertyCheckFailedException:
[info]   at org.scalatestplus.scalacheck.CheckerAsserting$$anon$2.indicateFailure(CheckerAsserting.scala:251)
[info]   at org.scalatestplus.scalacheck.CheckerAsserting$$anon$2.indicateFailure(CheckerAsserting.scala:238)
[info]   at org.scalatestplus.scalacheck.UnitCheckerAsserting$CheckerAssertingImpl.check(CheckerAsserting.scala:160)
[info]   at org.scalatestplus.scalacheck.Checkers.check(Checkers.scala:371)
[info]   at org.scalatestplus.scalacheck.Checkers.check$(Checkers.scala:369)
[info]   at frameless.TypedDatasetSuite.check(TypedDatasetSuite.scala:63)
[info]   at frameless.ColumnTests.$anonfun$new$229(ColumnTests.scala:295)
[info]   at scala.runtime.java8.JFunction0$mcV$sp.apply(JFunction0$mcV$sp.scala:18)
[info]   at org.scalatest.OutcomeOf.outcomeOf(OutcomeOf.scala:85)
[info]   at org.scalatest.OutcomeOf.outcomeOf$(OutcomeOf.scala:83)
[info]   at org.scalatest.OutcomeOf$.outcomeOf(OutcomeOf.scala:104)
[info]   at org.scalatest.Transformer.apply(Transformer.scala:22)
[info]   at org.scalatest.Transformer.apply(Transformer.scala:20)
[info]   at org.scalatest.funsuite.AnyFunSuiteLike$$anon$1.apply(AnyFunSuiteLike.scala:226)
[info]   at org.scalatest.TestSuite.withFixture(TestSuite.scala:196)
[info]   at org.scalatest.TestSuite.withFixture$(TestSuite.scala:195)
[info]   at org.scalatest.funsuite.AnyFunSuite.withFixture(AnyFunSuite.scala:1564)
[info]   at org.scalatest.funsuite.AnyFunSuiteLike.invokeWithFixture$1(AnyFunSuiteLike.scala:224)
[info]   at org.scalatest.funsuite.AnyFunSuiteLike.$anonfun$runTest$1(AnyFunSuiteLike.scala:236)
[info]   at org.scalatest.SuperEngine.runTestImpl(Engine.scala:306)
[info]   at org.scalatest.funsuite.AnyFunSuiteLike.runTest(AnyFunSuiteLike.scala:236)
[info]   at org.scalatest.funsuite.AnyFunSuiteLike.runTest$(AnyFunSuiteLike.scala:218)
[info]   at org.scalatest.funsuite.AnyFunSuite.runTest(AnyFunSuite.scala:1564)
[info]   at org.scalatest.funsuite.AnyFunSuiteLike.$anonfun$runTests$1(AnyFunSuiteLike.scala:269)
[info]   at org.scalatest.SuperEngine.$anonfun$runTestsInBranch$1(Engine.scala:413)
[info]   at scala.collection.immutable.List.foreach(List.scala:334)
[info]   at org.scalatest.SuperEngine.traverseSubNodes$1(Engine.scala:401)
[info]   at org.scalatest.SuperEngine.runTestsInBranch(Engine.scala:396)
[info]   at org.scalatest.SuperEngine.runTestsImpl(Engine.scala:475)
[info]   at org.scalatest.funsuite.AnyFunSuiteLike.runTests(AnyFunSuiteLike.scala:269)
[info]   at org.scalatest.funsuite.AnyFunSuiteLike.runTests$(AnyFunSuiteLike.scala:268)
[info]   at org.scalatest.funsuite.AnyFunSuite.runTests(AnyFunSuite.scala:1564)
[info]   at org.scalatest.Suite.run(Suite.scala:1114)
[info]   at org.scalatest.Suite.run$(Suite.scala:1096)
[info]   at org.scalatest.funsuite.AnyFunSuite.org$scalatest$funsuite$AnyFunSuiteLike$$super$run(AnyFunSuite.scala:1564)
[info]   at org.scalatest.funsuite.AnyFunSuiteLike.$anonfun$run$1(AnyFunSuiteLike.scala:273)
[info]   at org.scalatest.SuperEngine.runImpl(Engine.scala:535)
[info]   at org.scalatest.funsuite.AnyFunSuiteLike.run(AnyFunSuiteLike.scala:273)
[info]   at org.scalatest.funsuite.AnyFunSuiteLike.run$(AnyFunSuiteLike.scala:272)
[info]   at frameless.TypedDatasetSuite.org$scalatest$BeforeAndAfterAll$$super$run(TypedDatasetSuite.scala:63)
[info]   at org.scalatest.BeforeAndAfterAll.liftedTree1$1(BeforeAndAfterAll.scala:213)
[info]   at org.scalatest.BeforeAndAfterAll.run(BeforeAndAfterAll.scala:210)
[info]   at org.scalatest.BeforeAndAfterAll.run$(BeforeAndAfterAll.scala:208)
[info]   at frameless.TypedDatasetSuite.run(TypedDatasetSuite.scala:63)
[info]   at org.scalatest.tools.Framework.org$scalatest$tools$Framework$$runSuite(Framework.scala:321)
[info]   at org.scalatest.tools.Framework$ScalaTestTask.execute(Framework.scala:517)
[info]   at sbt.ForkMain$Run.lambda$runTest$1(ForkMain.java:414)
[info]   at java.base/java.util.concurrent.FutureTask.run(FutureTask.java:317)
[info]   at java.base/java.util.concurrent.ThreadPoolExecutor.runWorker(ThreadPoolExecutor.java:1144)
[info]   at java.base/java.util.concurrent.ThreadPoolExecutor$Worker.run(ThreadPoolExecutor.java:642)
[info]   at java.base/java.lang.Thread.run(Thread.java:1583)
[info]   Cause: java.lang.IllegalArgumentException: argument type mismatch
[info]   at java.base/jdk.internal.reflect.DirectConstructorHandleAccessor.newInstance(DirectConstructorHandleAccessor.java:65)
[info]   at java.base/java.lang.reflect.Constructor.newInstanceWithCaller(Constructor.java:502)
[info]   at java.base/java.lang.reflect.Constructor.newInstance(Constructor.java:486)
[info]   at frameless.TypedExpressionEncoder$.$anonfun$apply$3(TypedExpressionEncoder.scala:55)
[info]   at scala.Option.map(Option.scala:242)
[info]   at frameless.TypedExpressionEncoder$.apply(TypedExpressionEncoder.scala:54)
[info]   at frameless.TypedDataset$.create(TypedDataset.scala:1325)
[info]   at frameless.ColumnTests.$anonfun$new$230(ColumnTests.scala:297)
[info]   at org.scalacheck.Prop$.$anonfun$forAll$18(Prop.scala:1131)
[info]   at scala.Function1.$anonfun$andThen$1(Function1.scala:87)
[info]   at org.scalacheck.Prop$.$anonfun$forAllShrink$2(Prop.scala:868)
[info]   at org.scalacheck.Prop$.secure(Prop.scala:484)
[info]   at org.scalacheck.Prop$.result$1(Prop.scala:868)
[info]   at org.scalacheck.Prop$.$anonfun$forAllShrink$1(Prop.scala:915)
[info]   at org.scalacheck.Prop$.$anonfun$apply$1(Prop.scala:305)
[info]   at org.scalacheck.PropFromFun.apply(Prop.scala:20)
[info]   at org.scalacheck.Prop$.result$1(Prop.scala:869)
[info]   at org.scalacheck.Prop$.$anonfun$forAllShrink$1(Prop.scala:915)
[info]   at org.scalacheck.Prop$.$anonfun$apply$1(Prop.scala:305)
[info]   at org.scalacheck.PropFromFun.apply(Prop.scala:20)
[info]   at org.scalacheck.Test$.workerFun$1(Test.scala:486)
[info]   at org.scalacheck.Test$.$anonfun$check$4(Test.scala:518)
[info]   at org.scalacheck.Test$.$anonfun$check$4$adapted(Test.scala:518)
[info]   at org.scalacheck.Platform$.runWorkers(Platform.scala:42)
[info]   at org.scalacheck.Test$.check(Test.scala:518)
[info]   at org.scalatestplus.scalacheck.UnitCheckerAsserting$CheckerAssertingImpl.check(CheckerAsserting.scala:90)
[info]   at org.scalatestplus.scalacheck.Checkers.check(Checkers.scala:371)
[info]   at org.scalatestplus.scalacheck.Checkers.check$(Checkers.scala:369)
[info]   at frameless.TypedDatasetSuite.check(TypedDatasetSuite.scala:63)
[info]   at frameless.ColumnTests.$anonfun$new$229(ColumnTests.scala:295)
[info]   at scala.runtime.java8.JFunction0$mcV$sp.apply(JFunction0$mcV$sp.scala:18)
[info]   at org.scalatest.OutcomeOf.outcomeOf(OutcomeOf.scala:85)
[info]   at org.scalatest.OutcomeOf.outcomeOf$(OutcomeOf.scala:83)
[info]   at org.scalatest.OutcomeOf$.outcomeOf(OutcomeOf.scala:104)
[info]   at org.scalatest.Transformer.apply(Transformer.scala:22)
[info]   at org.scalatest.Transformer.apply(Transformer.scala:20)
[info]   at org.scalatest.funsuite.AnyFunSuiteLike$$anon$1.apply(AnyFunSuiteLike.scala:226)
[info]   at org.scalatest.TestSuite.withFixture(TestSuite.scala:196)
[info]   at org.scalatest.TestSuite.withFixture$(TestSuite.scala:195)
[info]   at org.scalatest.funsuite.AnyFunSuite.withFixture(AnyFunSuite.scala:1564)
[info]   at org.scalatest.funsuite.AnyFunSuiteLike.invokeWithFixture$1(AnyFunSuiteLike.scala:224)
[info]   at org.scalatest.funsuite.AnyFunSuiteLike.$anonfun$runTest$1(AnyFunSuiteLike.scala:236)
[info]   at org.scalatest.SuperEngine.runTestImpl(Engine.scala:306)
[info]   at org.scalatest.funsuite.AnyFunSuiteLike.runTest(AnyFunSuiteLike.scala:236)
[info]   at org.scalatest.funsuite.AnyFunSuiteLike.runTest$(AnyFunSuiteLike.scala:218)
[info]   at org.scalatest.funsuite.AnyFunSuite.runTest(AnyFunSuite.scala:1564)
[info]   at org.scalatest.funsuite.AnyFunSuiteLike.$anonfun$runTests$1(AnyFunSuiteLike.scala:269)
[info]   at org.scalatest.SuperEngine.$anonfun$runTestsInBranch$1(Engine.scala:413)
[info]   at scala.collection.immutable.List.foreach(List.scala:334)
[info]   at org.scalatest.SuperEngine.traverseSubNodes$1(Engine.scala:401)
[info]   at org.scalatest.SuperEngine.runTestsInBranch(Engine.scala:396)
[info]   at org.scalatest.SuperEngine.runTestsImpl(Engine.scala:475)
[info]   at org.scalatest.funsuite.AnyFunSuiteLike.runTests(AnyFunSuiteLike.scala:269)
[info]   at org.scalatest.funsuite.AnyFunSuiteLike.runTests$(AnyFunSuiteLike.scala:268)
[info]   at org.scalatest.funsuite.AnyFunSuite.runTests(AnyFunSuite.scala:1564)
[info]   at org.scalatest.Suite.run(Suite.scala:1114)
[info]   at org.scalatest.Suite.run$(Suite.scala:1096)
[info]   at org.scalatest.funsuite.AnyFunSuite.org$scalatest$funsuite$AnyFunSuiteLike$$super$run(AnyFunSuite.scala:1564)
[info]   at org.scalatest.funsuite.AnyFunSuiteLike.$anonfun$run$1(AnyFunSuiteLike.scala:273)
[info]   at org.scalatest.SuperEngine.runImpl(Engine.scala:535)
[info]   at org.scalatest.funsuite.AnyFunSuiteLike.run(AnyFunSuiteLike.scala:273)
[info]   at org.scalatest.funsuite.AnyFunSuiteLike.run$(AnyFunSuiteLike.scala:272)
[info]   at frameless.TypedDatasetSuite.org$scalatest$BeforeAndAfterAll$$super$run(TypedDatasetSuite.scala:63)
[info]   at org.scalatest.BeforeAndAfterAll.liftedTree1$1(BeforeAndAfterAll.scala:213)
[info]   at org.scalatest.BeforeAndAfterAll.run(BeforeAndAfterAll.scala:210)
[info]   at org.scalatest.BeforeAndAfterAll.run$(BeforeAndAfterAll.scala:208)
[info]   at frameless.TypedDatasetSuite.run(TypedDatasetSuite.scala:63)
[info]   at org.scalatest.tools.Framework.org$scalatest$tools$Framework$$runSuite(Framework.scala:321)
[info]   at org.scalatest.tools.Framework$ScalaTestTask.execute(Framework.scala:517)
[info]   at sbt.ForkMain$Run.lambda$runTest$1(ForkMain.java:414)
[info]   at java.base/java.util.concurrent.FutureTask.run(FutureTask.java:317)
[info]   at java.base/java.util.concurrent.ThreadPoolExecutor.runWorker(ThreadPoolExecutor.java:1144)
[info]   at java.base/java.util.concurrent.ThreadPoolExecutor$Worker.run(ThreadPoolExecutor.java:642)
[info]   at java.base/java.lang.Thread.run(Thread.java:1583)
[info]   Cause: java.lang.ClassCastException: Cannot cast scala.reflect.ClassTag$GenericClassTag to org.apache.spark.sql.catalyst.expressions.Expression
[info]   at java.base/java.lang.Class.cast(Class.java:4067)
[info]   at java.base/jdk.internal.reflect.DirectConstructorHandleAccessor.newInstance(DirectConstructorHandleAccessor.java:62)
[info]   at java.base/java.lang.reflect.Constructor.newInstanceWithCaller(Constructor.java:502)
[info]   at java.base/java.lang.reflect.Constructor.newInstance(Constructor.java:486)
[info]   at frameless.TypedExpressionEncoder$.$anonfun$apply$3(TypedExpressionEncoder.scala:55)
[info]   at scala.Option.map(Option.scala:242)
[info]   at frameless.TypedExpressionEncoder$.apply(TypedExpressionEncoder.scala:54)
[info]   at frameless.TypedDataset$.create(TypedDataset.scala:1325)
[info]   at frameless.ColumnTests.$anonfun$new$230(ColumnTests.scala:297)
[info]   at org.scalacheck.Prop$.$anonfun$forAll$18(Prop.scala:1131)
[info]   at scala.Function1.$anonfun$andThen$1(Function1.scala:87)
[info]   at org.scalacheck.Prop$.$anonfun$forAllShrink$2(Prop.scala:868)
[info]   at org.scalacheck.Prop$.secure(Prop.scala:484)
[info]   at org.scalacheck.Prop$.result$1(Prop.scala:868)
[info]   at org.scalacheck.Prop$.$anonfun$forAllShrink$1(Prop.scala:915)
[info]   at org.scalacheck.Prop$.$anonfun$apply$1(Prop.scala:305)
[info]   at org.scalacheck.PropFromFun.apply(Prop.scala:20)
[info]   at org.scalacheck.Prop$.result$1(Prop.scala:869)
[info]   at org.scalacheck.Prop$.$anonfun$forAllShrink$1(Prop.scala:915)
[info]   at org.scalacheck.Prop$.$anonfun$apply$1(Prop.scala:305)
[info]   at org.scalacheck.PropFromFun.apply(Prop.scala:20)
[info]   at org.scalacheck.Test$.workerFun$1(Test.scala:486)
[info]   at org.scalacheck.Test$.$anonfun$check$4(Test.scala:518)
[info]   at org.scalacheck.Test$.$anonfun$check$4$adapted(Test.scala:518)
[info]   at org.scalacheck.Platform$.runWorkers(Platform.scala:42)
[info]   at org.scalacheck.Test$.check(Test.scala:518)
[info]   at org.scalatestplus.scalacheck.UnitCheckerAsserting$CheckerAssertingImpl.check(CheckerAsserting.scala:90)
[info]   at org.scalatestplus.scalacheck.Checkers.check(Checkers.scala:371)
[info]   at org.scalatestplus.scalacheck.Checkers.check$(Checkers.scala:369)
[info]   at frameless.TypedDatasetSuite.check(TypedDatasetSuite.scala:63)
[info]   at frameless.ColumnTests.$anonfun$new$229(ColumnTests.scala:295)
[info]   at scala.runtime.java8.JFunction0$mcV$sp.apply(JFunction0$mcV$sp.scala:18)
[info]   at org.scalatest.OutcomeOf.outcomeOf(OutcomeOf.scala:85)
[info]   at org.scalatest.OutcomeOf.outcomeOf$(OutcomeOf.scala:83)
[info]   at org.scalatest.OutcomeOf$.outcomeOf(OutcomeOf.scala:104)
[info]   at org.scalatest.Transformer.apply(Transformer.scala:22)
[info]   at org.scalatest.Transformer.apply(Transformer.scala:20)
[info]   at org.scalatest.funsuite.AnyFunSuiteLike$$anon$1.apply(AnyFunSuiteLike.scala:226)
[info]   at org.scalatest.TestSuite.withFixture(TestSuite.scala:196)
[info]   at org.scalatest.TestSuite.withFixture$(TestSuite.scala:195)
[info]   at org.scalatest.funsuite.AnyFunSuite.withFixture(AnyFunSuite.scala:1564)
[info]   at org.scalatest.funsuite.AnyFunSuiteLike.invokeWithFixture$1(AnyFunSuiteLike.scala:224)
[info]   at org.scalatest.funsuite.AnyFunSuiteLike.$anonfun$runTest$1(AnyFunSuiteLike.scala:236)
[info]   at org.scalatest.SuperEngine.runTestImpl(Engine.scala:306)
[info]   at org.scalatest.funsuite.AnyFunSuiteLike.runTest(AnyFunSuiteLike.scala:236)
[info]   at org.scalatest.funsuite.AnyFunSuiteLike.runTest$(AnyFunSuiteLike.scala:218)
[info]   at org.scalatest.funsuite.AnyFunSuite.runTest(AnyFunSuite.scala:1564)
[info]   at org.scalatest.funsuite.AnyFunSuiteLike.$anonfun$runTests$1(AnyFunSuiteLike.scala:269)
[info]   at org.scalatest.SuperEngine.$anonfun$runTestsInBranch$1(Engine.scala:413)
[info]   at scala.collection.immutable.List.foreach(List.scala:334)
[info]   at org.scalatest.SuperEngine.traverseSubNodes$1(Engine.scala:401)
[info]   at org.scalatest.SuperEngine.runTestsInBranch(Engine.scala:396)
[info]   at org.scalatest.SuperEngine.runTestsImpl(Engine.scala:475)
[info]   at org.scalatest.funsuite.AnyFunSuiteLike.runTests(AnyFunSuiteLike.scala:269)
[info]   at org.scalatest.funsuite.AnyFunSuiteLike.runTests$(AnyFunSuiteLike.scala:268)
[info]   at org.scalatest.funsuite.AnyFunSuite.runTests(AnyFunSuite.scala:1564)
[info]   at org.scalatest.Suite.run(Suite.scala:1114)
[info]   at org.scalatest.Suite.run$(Suite.scala:1096)
[info]   at org.scalatest.funsuite.AnyFunSuite.org$scalatest$funsuite$AnyFunSuiteLike$$super$run(AnyFunSuite.scala:1564)
[info]   at org.scalatest.funsuite.AnyFunSuiteLike.$anonfun$run$1(AnyFunSuiteLike.scala:273)
[info]   at org.scalatest.SuperEngine.runImpl(Engine.scala:535)
[info]   at org.scalatest.funsuite.AnyFunSuiteLike.run(AnyFunSuiteLike.scala:273)
[info]   at org.scalatest.funsuite.AnyFunSuiteLike.run$(AnyFunSuiteLike.scala:272)
[info]   at frameless.TypedDatasetSuite.org$scalatest$BeforeAndAfterAll$$super$run(TypedDatasetSuite.scala:63)
[info]   at org.scalatest.BeforeAndAfterAll.liftedTree1$1(BeforeAndAfterAll.scala:213)
[info]   at org.scalatest.BeforeAndAfterAll.run(BeforeAndAfterAll.scala:210)
[info]   at org.scalatest.BeforeAndAfterAll.run$(BeforeAndAfterAll.scala:208)
[info]   at frameless.TypedDatasetSuite.run(TypedDatasetSuite.scala:63)
[info]   at org.scalatest.tools.Framework.org$scalatest$tools$Framework$$runSuite(Framework.scala:321)
[info]   at org.scalatest.tools.Framework$ScalaTestTask.execute(Framework.scala:517)
[info]   at sbt.ForkMain$Run.lambda$runTest$1(ForkMain.java:414)
[info]   at java.base/java.util.concurrent.FutureTask.run(FutureTask.java:317)
[info]   at java.base/java.util.concurrent.ThreadPoolExecutor.runWorker(ThreadPoolExecutor.java:1144)
[info]   at java.base/java.util.concurrent.ThreadPoolExecutor$Worker.run(ThreadPoolExecutor.java:642)
[info]   at java.base/java.lang.Thread.run(Thread.java:1583)
[info] - startsWith *** FAILED *** (3 milliseconds)
[info]   IllegalArgumentException was thrown during property evaluation.
[info]     Message: argument type mismatch
[info]     Occurred when passed generated values (
[info]       arg0 = "",
[info]       arg1 = ""
[info]     )
[info]   org.scalatest.exceptions.GeneratorDrivenPropertyCheckFailedException:
[info]   at org.scalatestplus.scalacheck.CheckerAsserting$$anon$2.indicateFailure(CheckerAsserting.scala:251)
[info]   at org.scalatestplus.scalacheck.CheckerAsserting$$anon$2.indicateFailure(CheckerAsserting.scala:238)
[info]   at org.scalatestplus.scalacheck.UnitCheckerAsserting$CheckerAssertingImpl.check(CheckerAsserting.scala:160)
[info]   at org.scalatestplus.scalacheck.Checkers.check(Checkers.scala:371)
[info]   at org.scalatestplus.scalacheck.Checkers.check$(Checkers.scala:369)
[info]   at frameless.TypedDatasetSuite.check(TypedDatasetSuite.scala:63)
[info]   at frameless.ColumnTests.$anonfun$new$249(ColumnTests.scala:329)
[info]   at scala.runtime.java8.JFunction0$mcV$sp.apply(JFunction0$mcV$sp.scala:18)
[info]   at org.scalatest.OutcomeOf.outcomeOf(OutcomeOf.scala:85)
[info]   at org.scalatest.OutcomeOf.outcomeOf$(OutcomeOf.scala:83)
[info]   at org.scalatest.OutcomeOf$.outcomeOf(OutcomeOf.scala:104)
[info]   at org.scalatest.Transformer.apply(Transformer.scala:22)
[info]   at org.scalatest.Transformer.apply(Transformer.scala:20)
[info]   at org.scalatest.funsuite.AnyFunSuiteLike$$anon$1.apply(AnyFunSuiteLike.scala:226)
[info]   at org.scalatest.TestSuite.withFixture(TestSuite.scala:196)
[info]   at org.scalatest.TestSuite.withFixture$(TestSuite.scala:195)
[info]   at org.scalatest.funsuite.AnyFunSuite.withFixture(AnyFunSuite.scala:1564)
[info]   at org.scalatest.funsuite.AnyFunSuiteLike.invokeWithFixture$1(AnyFunSuiteLike.scala:224)
[info]   at org.scalatest.funsuite.AnyFunSuiteLike.$anonfun$runTest$1(AnyFunSuiteLike.scala:236)
[info]   at org.scalatest.SuperEngine.runTestImpl(Engine.scala:306)
[info]   at org.scalatest.funsuite.AnyFunSuiteLike.runTest(AnyFunSuiteLike.scala:236)
[info]   at org.scalatest.funsuite.AnyFunSuiteLike.runTest$(AnyFunSuiteLike.scala:218)
[info]   at org.scalatest.funsuite.AnyFunSuite.runTest(AnyFunSuite.scala:1564)
[info]   at org.scalatest.funsuite.AnyFunSuiteLike.$anonfun$runTests$1(AnyFunSuiteLike.scala:269)
[info]   at org.scalatest.SuperEngine.$anonfun$runTestsInBranch$1(Engine.scala:413)
[info]   at scala.collection.immutable.List.foreach(List.scala:334)
[info]   at org.scalatest.SuperEngine.traverseSubNodes$1(Engine.scala:401)
[info]   at org.scalatest.SuperEngine.runTestsInBranch(Engine.scala:396)
[info]   at org.scalatest.SuperEngine.runTestsImpl(Engine.scala:475)
[info]   at org.scalatest.funsuite.AnyFunSuiteLike.runTests(AnyFunSuiteLike.scala:269)
[info]   at org.scalatest.funsuite.AnyFunSuiteLike.runTests$(AnyFunSuiteLike.scala:268)
[info]   at org.scalatest.funsuite.AnyFunSuite.runTests(AnyFunSuite.scala:1564)
[info]   at org.scalatest.Suite.run(Suite.scala:1114)
[info]   at org.scalatest.Suite.run$(Suite.scala:1096)
[info]   at org.scalatest.funsuite.AnyFunSuite.org$scalatest$funsuite$AnyFunSuiteLike$$super$run(AnyFunSuite.scala:1564)
[info]   at org.scalatest.funsuite.AnyFunSuiteLike.$anonfun$run$1(AnyFunSuiteLike.scala:273)
[info]   at org.scalatest.SuperEngine.runImpl(Engine.scala:535)
[info]   at org.scalatest.funsuite.AnyFunSuiteLike.run(AnyFunSuiteLike.scala:273)
[info]   at org.scalatest.funsuite.AnyFunSuiteLike.run$(AnyFunSuiteLike.scala:272)
[info]   at frameless.TypedDatasetSuite.org$scalatest$BeforeAndAfterAll$$super$run(TypedDatasetSuite.scala:63)
[info]   at org.scalatest.BeforeAndAfterAll.liftedTree1$1(BeforeAndAfterAll.scala:213)
[info]   at org.scalatest.BeforeAndAfterAll.run(BeforeAndAfterAll.scala:210)
[info]   at org.scalatest.BeforeAndAfterAll.run$(BeforeAndAfterAll.scala:208)
[info]   at frameless.TypedDatasetSuite.run(TypedDatasetSuite.scala:63)
[info]   at org.scalatest.tools.Framework.org$scalatest$tools$Framework$$runSuite(Framework.scala:321)
[info]   at org.scalatest.tools.Framework$ScalaTestTask.execute(Framework.scala:517)
[info]   at sbt.ForkMain$Run.lambda$runTest$1(ForkMain.java:414)
[info]   at java.base/java.util.concurrent.FutureTask.run(FutureTask.java:317)
[info]   at java.base/java.util.concurrent.ThreadPoolExecutor.runWorker(ThreadPoolExecutor.java:1144)
[info]   at java.base/java.util.concurrent.ThreadPoolExecutor$Worker.run(ThreadPoolExecutor.java:642)
[info]   at java.base/java.lang.Thread.run(Thread.java:1583)
[info]   Cause: java.lang.IllegalArgumentException: argument type mismatch
[info]   at java.base/jdk.internal.reflect.DirectConstructorHandleAccessor.newInstance(DirectConstructorHandleAccessor.java:65)
[info]   at java.base/java.lang.reflect.Constructor.newInstanceWithCaller(Constructor.java:502)
[info]   at java.base/java.lang.reflect.Constructor.newInstance(Constructor.java:486)
[info]   at frameless.TypedExpressionEncoder$.$anonfun$apply$3(TypedExpressionEncoder.scala:55)
[info]   at scala.Option.map(Option.scala:242)
[info]   at frameless.TypedExpressionEncoder$.apply(TypedExpressionEncoder.scala:54)
[info]   at frameless.TypedDataset$.create(TypedDataset.scala:1325)
[info]   at frameless.ColumnTests.$anonfun$new$250(ColumnTests.scala:331)
[info]   at org.scalacheck.Prop$.$anonfun$forAll$18(Prop.scala:1131)
[info]   at scala.Function1.$anonfun$andThen$1(Function1.scala:87)
[info]   at org.scalacheck.Prop$.$anonfun$forAllShrink$2(Prop.scala:868)
[info]   at org.scalacheck.Prop$.secure(Prop.scala:484)
[info]   at org.scalacheck.Prop$.result$1(Prop.scala:868)
[info]   at org.scalacheck.Prop$.$anonfun$forAllShrink$1(Prop.scala:915)
[info]   at org.scalacheck.Prop$.$anonfun$apply$1(Prop.scala:305)
[info]   at org.scalacheck.PropFromFun.apply(Prop.scala:20)
[info]   at org.scalacheck.Prop$.result$1(Prop.scala:869)
[info]   at org.scalacheck.Prop$.$anonfun$forAllShrink$1(Prop.scala:915)
[info]   at org.scalacheck.Prop$.$anonfun$apply$1(Prop.scala:305)
[info]   at org.scalacheck.PropFromFun.apply(Prop.scala:20)
[info]   at org.scalacheck.Test$.workerFun$1(Test.scala:486)
[info]   at org.scalacheck.Test$.$anonfun$check$4(Test.scala:518)
[info]   at org.scalacheck.Test$.$anonfun$check$4$adapted(Test.scala:518)
[info]   at org.scalacheck.Platform$.runWorkers(Platform.scala:42)
[info]   at org.scalacheck.Test$.check(Test.scala:518)
[info]   at org.scalatestplus.scalacheck.UnitCheckerAsserting$CheckerAssertingImpl.check(CheckerAsserting.scala:90)
[info]   at org.scalatestplus.scalacheck.Checkers.check(Checkers.scala:371)
[info]   at org.scalatestplus.scalacheck.Checkers.check$(Checkers.scala:369)
[info]   at frameless.TypedDatasetSuite.check(TypedDatasetSuite.scala:63)
[info]   at frameless.ColumnTests.$anonfun$new$249(ColumnTests.scala:329)
[info]   at scala.runtime.java8.JFunction0$mcV$sp.apply(JFunction0$mcV$sp.scala:18)
[info]   at org.scalatest.OutcomeOf.outcomeOf(OutcomeOf.scala:85)
[info]   at org.scalatest.OutcomeOf.outcomeOf$(OutcomeOf.scala:83)
[info]   at org.scalatest.OutcomeOf$.outcomeOf(OutcomeOf.scala:104)
[info]   at org.scalatest.Transformer.apply(Transformer.scala:22)
[info]   at org.scalatest.Transformer.apply(Transformer.scala:20)
[info]   at org.scalatest.funsuite.AnyFunSuiteLike$$anon$1.apply(AnyFunSuiteLike.scala:226)
[info]   at org.scalatest.TestSuite.withFixture(TestSuite.scala:196)
[info]   at org.scalatest.TestSuite.withFixture$(TestSuite.scala:195)
[info]   at org.scalatest.funsuite.AnyFunSuite.withFixture(AnyFunSuite.scala:1564)
[info]   at org.scalatest.funsuite.AnyFunSuiteLike.invokeWithFixture$1(AnyFunSuiteLike.scala:224)
[info]   at org.scalatest.funsuite.AnyFunSuiteLike.$anonfun$runTest$1(AnyFunSuiteLike.scala:236)
[info]   at org.scalatest.SuperEngine.runTestImpl(Engine.scala:306)
[info]   at org.scalatest.funsuite.AnyFunSuiteLike.runTest(AnyFunSuiteLike.scala:236)
[info]   at org.scalatest.funsuite.AnyFunSuiteLike.runTest$(AnyFunSuiteLike.scala:218)
[info]   at org.scalatest.funsuite.AnyFunSuite.runTest(AnyFunSuite.scala:1564)
[info]   at org.scalatest.funsuite.AnyFunSuiteLike.$anonfun$runTests$1(AnyFunSuiteLike.scala:269)
[info]   at org.scalatest.SuperEngine.$anonfun$runTestsInBranch$1(Engine.scala:413)
[info]   at scala.collection.immutable.List.foreach(List.scala:334)
[info]   at org.scalatest.SuperEngine.traverseSubNodes$1(Engine.scala:401)
[info]   at org.scalatest.SuperEngine.runTestsInBranch(Engine.scala:396)
[info]   at org.scalatest.SuperEngine.runTestsImpl(Engine.scala:475)
[info]   at org.scalatest.funsuite.AnyFunSuiteLike.runTests(AnyFunSuiteLike.scala:269)
[info]   at org.scalatest.funsuite.AnyFunSuiteLike.runTests$(AnyFunSuiteLike.scala:268)
[info]   at org.scalatest.funsuite.AnyFunSuite.runTests(AnyFunSuite.scala:1564)
[info]   at org.scalatest.Suite.run(Suite.scala:1114)
[info]   at org.scalatest.Suite.run$(Suite.scala:1096)
[info]   at org.scalatest.funsuite.AnyFunSuite.org$scalatest$funsuite$AnyFunSuiteLike$$super$run(AnyFunSuite.scala:1564)
[info]   at org.scalatest.funsuite.AnyFunSuiteLike.$anonfun$run$1(AnyFunSuiteLike.scala:273)
[info]   at org.scalatest.SuperEngine.runImpl(Engine.scala:535)
[info]   at org.scalatest.funsuite.AnyFunSuiteLike.run(AnyFunSuiteLike.scala:273)
[info]   at org.scalatest.funsuite.AnyFunSuiteLike.run$(AnyFunSuiteLike.scala:272)
[info]   at frameless.TypedDatasetSuite.org$scalatest$BeforeAndAfterAll$$super$run(TypedDatasetSuite.scala:63)
[info]   at org.scalatest.BeforeAndAfterAll.liftedTree1$1(BeforeAndAfterAll.scala:213)
[info]   at org.scalatest.BeforeAndAfterAll.run(BeforeAndAfterAll.scala:210)
[info]   at org.scalatest.BeforeAndAfterAll.run$(BeforeAndAfterAll.scala:208)
[info]   at frameless.TypedDatasetSuite.run(TypedDatasetSuite.scala:63)
[info]   at org.scalatest.tools.Framework.org$scalatest$tools$Framework$$runSuite(Framework.scala:321)
[info]   at org.scalatest.tools.Framework$ScalaTestTask.execute(Framework.scala:517)
[info]   at sbt.ForkMain$Run.lambda$runTest$1(ForkMain.java:414)
[info]   at java.base/java.util.concurrent.FutureTask.run(FutureTask.java:317)
[info]   at java.base/java.util.concurrent.ThreadPoolExecutor.runWorker(ThreadPoolExecutor.java:1144)
[info]   at java.base/java.util.concurrent.ThreadPoolExecutor$Worker.run(ThreadPoolExecutor.java:642)
[info]   at java.base/java.lang.Thread.run(Thread.java:1583)
[info]   Cause: java.lang.ClassCastException: Cannot cast scala.reflect.ClassTag$GenericClassTag to org.apache.spark.sql.catalyst.expressions.Expression
[info]   at java.base/java.lang.Class.cast(Class.java:4067)
[info]   at java.base/jdk.internal.reflect.DirectConstructorHandleAccessor.newInstance(DirectConstructorHandleAccessor.java:62)
[info]   at java.base/java.lang.reflect.Constructor.newInstanceWithCaller(Constructor.java:502)
[info]   at java.base/java.lang.reflect.Constructor.newInstance(Constructor.java:486)
[info]   at frameless.TypedExpressionEncoder$.$anonfun$apply$3(TypedExpressionEncoder.scala:55)
[info]   at scala.Option.map(Option.scala:242)
[info]   at frameless.TypedExpressionEncoder$.apply(TypedExpressionEncoder.scala:54)
[info]   at frameless.TypedDataset$.create(TypedDataset.scala:1325)
[info]   at frameless.ColumnTests.$anonfun$new$250(ColumnTests.scala:331)
[info]   at org.scalacheck.Prop$.$anonfun$forAll$18(Prop.scala:1131)
[info]   at scala.Function1.$anonfun$andThen$1(Function1.scala:87)
[info]   at org.scalacheck.Prop$.$anonfun$forAllShrink$2(Prop.scala:868)
[info]   at org.scalacheck.Prop$.secure(Prop.scala:484)
[info]   at org.scalacheck.Prop$.result$1(Prop.scala:868)
[info]   at org.scalacheck.Prop$.$anonfun$forAllShrink$1(Prop.scala:915)
[info]   at org.scalacheck.Prop$.$anonfun$apply$1(Prop.scala:305)
[info]   at org.scalacheck.PropFromFun.apply(Prop.scala:20)
[info]   at org.scalacheck.Prop$.result$1(Prop.scala:869)
[info]   at org.scalacheck.Prop$.$anonfun$forAllShrink$1(Prop.scala:915)
[info]   at org.scalacheck.Prop$.$anonfun$apply$1(Prop.scala:305)
[info]   at org.scalacheck.PropFromFun.apply(Prop.scala:20)
[info]   at org.scalacheck.Test$.workerFun$1(Test.scala:486)
[info]   at org.scalacheck.Test$.$anonfun$check$4(Test.scala:518)
[info]   at org.scalacheck.Test$.$anonfun$check$4$adapted(Test.scala:518)
[info]   at org.scalacheck.Platform$.runWorkers(Platform.scala:42)
[info]   at org.scalacheck.Test$.check(Test.scala:518)
[info]   at org.scalatestplus.scalacheck.UnitCheckerAsserting$CheckerAssertingImpl.check(CheckerAsserting.scala:90)
[info]   at org.scalatestplus.scalacheck.Checkers.check(Checkers.scala:371)
[info]   at org.scalatestplus.scalacheck.Checkers.check$(Checkers.scala:369)
[info]   at frameless.TypedDatasetSuite.check(TypedDatasetSuite.scala:63)
[info]   at frameless.ColumnTests.$anonfun$new$249(ColumnTests.scala:329)
[info]   at scala.runtime.java8.JFunction0$mcV$sp.apply(JFunction0$mcV$sp.scala:18)
[info]   at org.scalatest.OutcomeOf.outcomeOf(OutcomeOf.scala:85)
[info]   at org.scalatest.OutcomeOf.outcomeOf$(OutcomeOf.scala:83)
[info]   at org.scalatest.OutcomeOf$.outcomeOf(OutcomeOf.scala:104)
[info]   at org.scalatest.Transformer.apply(Transformer.scala:22)
[info]   at org.scalatest.Transformer.apply(Transformer.scala:20)
[info]   at org.scalatest.funsuite.AnyFunSuiteLike$$anon$1.apply(AnyFunSuiteLike.scala:226)
[info]   at org.scalatest.TestSuite.withFixture(TestSuite.scala:196)
[info]   at org.scalatest.TestSuite.withFixture$(TestSuite.scala:195)
[info]   at org.scalatest.funsuite.AnyFunSuite.withFixture(AnyFunSuite.scala:1564)
[info]   at org.scalatest.funsuite.AnyFunSuiteLike.invokeWithFixture$1(AnyFunSuiteLike.scala:224)
[info]   at org.scalatest.funsuite.AnyFunSuiteLike.$anonfun$runTest$1(AnyFunSuiteLike.scala:236)
[info]   at org.scalatest.SuperEngine.runTestImpl(Engine.scala:306)
[info]   at org.scalatest.funsuite.AnyFunSuiteLike.runTest(AnyFunSuiteLike.scala:236)
[info]   at org.scalatest.funsuite.AnyFunSuiteLike.runTest$(AnyFunSuiteLike.scala:218)
[info]   at org.scalatest.funsuite.AnyFunSuite.runTest(AnyFunSuite.scala:1564)
[info]   at org.scalatest.funsuite.AnyFunSuiteLike.$anonfun$runTests$1(AnyFunSuiteLike.scala:269)
[info]   at org.scalatest.SuperEngine.$anonfun$runTestsInBranch$1(Engine.scala:413)
[info]   at scala.collection.immutable.List.foreach(List.scala:334)
[info]   at org.scalatest.SuperEngine.traverseSubNodes$1(Engine.scala:401)
[info]   at org.scalatest.SuperEngine.runTestsInBranch(Engine.scala:396)
[info]   at org.scalatest.SuperEngine.runTestsImpl(Engine.scala:475)
[info]   at org.scalatest.funsuite.AnyFunSuiteLike.runTests(AnyFunSuiteLike.scala:269)
[info]   at org.scalatest.funsuite.AnyFunSuiteLike.runTests$(AnyFunSuiteLike.scala:268)
[info]   at org.scalatest.funsuite.AnyFunSuite.runTests(AnyFunSuite.scala:1564)
[info]   at org.scalatest.Suite.run(Suite.scala:1114)
[info]   at org.scalatest.Suite.run$(Suite.scala:1096)
[info]   at org.scalatest.funsuite.AnyFunSuite.org$scalatest$funsuite$AnyFunSuiteLike$$super$run(AnyFunSuite.scala:1564)
[info]   at org.scalatest.funsuite.AnyFunSuiteLike.$anonfun$run$1(AnyFunSuiteLike.scala:273)
[info]   at org.scalatest.SuperEngine.runImpl(Engine.scala:535)
[info]   at org.scalatest.funsuite.AnyFunSuiteLike.run(AnyFunSuiteLike.scala:273)
[info]   at org.scalatest.funsuite.AnyFunSuiteLike.run$(AnyFunSuiteLike.scala:272)
[info]   at frameless.TypedDatasetSuite.org$scalatest$BeforeAndAfterAll$$super$run(TypedDatasetSuite.scala:63)
[info]   at org.scalatest.BeforeAndAfterAll.liftedTree1$1(BeforeAndAfterAll.scala:213)
[info]   at org.scalatest.BeforeAndAfterAll.run(BeforeAndAfterAll.scala:210)
[info]   at org.scalatest.BeforeAndAfterAll.run$(BeforeAndAfterAll.scala:208)
[info]   at frameless.TypedDatasetSuite.run(TypedDatasetSuite.scala:63)
[info]   at org.scalatest.tools.Framework.org$scalatest$tools$Framework$$runSuite(Framework.scala:321)
[info]   at org.scalatest.tools.Framework$ScalaTestTask.execute(Framework.scala:517)
[info]   at sbt.ForkMain$Run.lambda$runTest$1(ForkMain.java:414)
[info]   at java.base/java.util.concurrent.FutureTask.run(FutureTask.java:317)
[info]   at java.base/java.util.concurrent.ThreadPoolExecutor.runWorker(ThreadPoolExecutor.java:1144)
[info]   at java.base/java.util.concurrent.ThreadPoolExecutor$Worker.run(ThreadPoolExecutor.java:642)
[info]   at java.base/java.lang.Thread.run(Thread.java:1583)
[info] - endsWith *** FAILED *** (3 milliseconds)
[info]   IllegalArgumentException was thrown during property evaluation.
[info]     Message: argument type mismatch
[info]     Occurred when passed generated values (
[info]       arg0 = "",
[info]       arg1 = ""
[info]     )
[info]   org.scalatest.exceptions.GeneratorDrivenPropertyCheckFailedException:
[info]   at org.scalatestplus.scalacheck.CheckerAsserting$$anon$2.indicateFailure(CheckerAsserting.scala:251)
[info]   at org.scalatestplus.scalacheck.CheckerAsserting$$anon$2.indicateFailure(CheckerAsserting.scala:238)
[info]   at org.scalatestplus.scalacheck.UnitCheckerAsserting$CheckerAssertingImpl.check(CheckerAsserting.scala:160)
[info]   at org.scalatestplus.scalacheck.Checkers.check(Checkers.scala:371)
[info]   at org.scalatestplus.scalacheck.Checkers.check$(Checkers.scala:369)
[info]   at frameless.TypedDatasetSuite.check(TypedDatasetSuite.scala:63)
[info]   at frameless.ColumnTests.$anonfun$new$269(ColumnTests.scala:363)
[info]   at scala.runtime.java8.JFunction0$mcV$sp.apply(JFunction0$mcV$sp.scala:18)
[info]   at org.scalatest.OutcomeOf.outcomeOf(OutcomeOf.scala:85)
[info]   at org.scalatest.OutcomeOf.outcomeOf$(OutcomeOf.scala:83)
[info]   at org.scalatest.OutcomeOf$.outcomeOf(OutcomeOf.scala:104)
[info]   at org.scalatest.Transformer.apply(Transformer.scala:22)
[info]   at org.scalatest.Transformer.apply(Transformer.scala:20)
[info]   at org.scalatest.funsuite.AnyFunSuiteLike$$anon$1.apply(AnyFunSuiteLike.scala:226)
[info]   at org.scalatest.TestSuite.withFixture(TestSuite.scala:196)
[info]   at org.scalatest.TestSuite.withFixture$(TestSuite.scala:195)
[info]   at org.scalatest.funsuite.AnyFunSuite.withFixture(AnyFunSuite.scala:1564)
[info]   at org.scalatest.funsuite.AnyFunSuiteLike.invokeWithFixture$1(AnyFunSuiteLike.scala:224)
[info]   at org.scalatest.funsuite.AnyFunSuiteLike.$anonfun$runTest$1(AnyFunSuiteLike.scala:236)
[info]   at org.scalatest.SuperEngine.runTestImpl(Engine.scala:306)
[info]   at org.scalatest.funsuite.AnyFunSuiteLike.runTest(AnyFunSuiteLike.scala:236)
[info]   at org.scalatest.funsuite.AnyFunSuiteLike.runTest$(AnyFunSuiteLike.scala:218)
[info]   at org.scalatest.funsuite.AnyFunSuite.runTest(AnyFunSuite.scala:1564)
[info]   at org.scalatest.funsuite.AnyFunSuiteLike.$anonfun$runTests$1(AnyFunSuiteLike.scala:269)
[info]   at org.scalatest.SuperEngine.$anonfun$runTestsInBranch$1(Engine.scala:413)
[info]   at scala.collection.immutable.List.foreach(List.scala:334)
[info]   at org.scalatest.SuperEngine.traverseSubNodes$1(Engine.scala:401)
[info]   at org.scalatest.SuperEngine.runTestsInBranch(Engine.scala:396)
[info]   at org.scalatest.SuperEngine.runTestsImpl(Engine.scala:475)
[info]   at org.scalatest.funsuite.AnyFunSuiteLike.runTests(AnyFunSuiteLike.scala:269)
[info]   at org.scalatest.funsuite.AnyFunSuiteLike.runTests$(AnyFunSuiteLike.scala:268)
[info]   at org.scalatest.funsuite.AnyFunSuite.runTests(AnyFunSuite.scala:1564)
[info]   at org.scalatest.Suite.run(Suite.scala:1114)
[info]   at org.scalatest.Suite.run$(Suite.scala:1096)
[info]   at org.scalatest.funsuite.AnyFunSuite.org$scalatest$funsuite$AnyFunSuiteLike$$super$run(AnyFunSuite.scala:1564)
[info]   at org.scalatest.funsuite.AnyFunSuiteLike.$anonfun$run$1(AnyFunSuiteLike.scala:273)
[info]   at org.scalatest.SuperEngine.runImpl(Engine.scala:535)
[info]   at org.scalatest.funsuite.AnyFunSuiteLike.run(AnyFunSuiteLike.scala:273)
[info]   at org.scalatest.funsuite.AnyFunSuiteLike.run$(AnyFunSuiteLike.scala:272)
[info]   at frameless.TypedDatasetSuite.org$scalatest$BeforeAndAfterAll$$super$run(TypedDatasetSuite.scala:63)
[info]   at org.scalatest.BeforeAndAfterAll.liftedTree1$1(BeforeAndAfterAll.scala:213)
[info]   at org.scalatest.BeforeAndAfterAll.run(BeforeAndAfterAll.scala:210)
[info]   at org.scalatest.BeforeAndAfterAll.run$(BeforeAndAfterAll.scala:208)
[info]   at frameless.TypedDatasetSuite.run(TypedDatasetSuite.scala:63)
[info]   at org.scalatest.tools.Framework.org$scalatest$tools$Framework$$runSuite(Framework.scala:321)
[info]   at org.scalatest.tools.Framework$ScalaTestTask.execute(Framework.scala:517)
[info]   at sbt.ForkMain$Run.lambda$runTest$1(ForkMain.java:414)
[info]   at java.base/java.util.concurrent.FutureTask.run(FutureTask.java:317)
[info]   at java.base/java.util.concurrent.ThreadPoolExecutor.runWorker(ThreadPoolExecutor.java:1144)
[info]   at java.base/java.util.concurrent.ThreadPoolExecutor$Worker.run(ThreadPoolExecutor.java:642)
[info]   at java.base/java.lang.Thread.run(Thread.java:1583)
[info]   Cause: java.lang.IllegalArgumentException: argument type mismatch
[info]   at java.base/jdk.internal.reflect.DirectConstructorHandleAccessor.newInstance(DirectConstructorHandleAccessor.java:65)
[info]   at java.base/java.lang.reflect.Constructor.newInstanceWithCaller(Constructor.java:502)
[info]   at java.base/java.lang.reflect.Constructor.newInstance(Constructor.java:486)
[info]   at frameless.TypedExpressionEncoder$.$anonfun$apply$3(TypedExpressionEncoder.scala:55)
[info]   at scala.Option.map(Option.scala:242)
[info]   at frameless.TypedExpressionEncoder$.apply(TypedExpressionEncoder.scala:54)
[info]   at frameless.TypedDataset$.create(TypedDataset.scala:1325)
[info]   at frameless.ColumnTests.$anonfun$new$270(ColumnTests.scala:365)
[info]   at org.scalacheck.Prop$.$anonfun$forAll$18(Prop.scala:1131)
[info]   at scala.Function1.$anonfun$andThen$1(Function1.scala:87)
[info]   at org.scalacheck.Prop$.$anonfun$forAllShrink$2(Prop.scala:868)
[info]   at org.scalacheck.Prop$.secure(Prop.scala:484)
[info]   at org.scalacheck.Prop$.result$1(Prop.scala:868)
[info]   at org.scalacheck.Prop$.$anonfun$forAllShrink$1(Prop.scala:915)
[info]   at org.scalacheck.Prop$.$anonfun$apply$1(Prop.scala:305)
[info]   at org.scalacheck.PropFromFun.apply(Prop.scala:20)
[info]   at org.scalacheck.Prop$.result$1(Prop.scala:869)
[info]   at org.scalacheck.Prop$.$anonfun$forAllShrink$1(Prop.scala:915)
[info]   at org.scalacheck.Prop$.$anonfun$apply$1(Prop.scala:305)
[info]   at org.scalacheck.PropFromFun.apply(Prop.scala:20)
[info]   at org.scalacheck.Test$.workerFun$1(Test.scala:486)
[info]   at org.scalacheck.Test$.$anonfun$check$4(Test.scala:518)
[info]   at org.scalacheck.Test$.$anonfun$check$4$adapted(Test.scala:518)
[info]   at org.scalacheck.Platform$.runWorkers(Platform.scala:42)
[info]   at org.scalacheck.Test$.check(Test.scala:518)
[info]   at org.scalatestplus.scalacheck.UnitCheckerAsserting$CheckerAssertingImpl.check(CheckerAsserting.scala:90)
[info]   at org.scalatestplus.scalacheck.Checkers.check(Checkers.scala:371)
[info]   at org.scalatestplus.scalacheck.Checkers.check$(Checkers.scala:369)
[info]   at frameless.TypedDatasetSuite.check(TypedDatasetSuite.scala:63)
[info]   at frameless.ColumnTests.$anonfun$new$269(ColumnTests.scala:363)
[info]   at scala.runtime.java8.JFunction0$mcV$sp.apply(JFunction0$mcV$sp.scala:18)
[info]   at org.scalatest.OutcomeOf.outcomeOf(OutcomeOf.scala:85)
[info]   at org.scalatest.OutcomeOf.outcomeOf$(OutcomeOf.scala:83)
[info]   at org.scalatest.OutcomeOf$.outcomeOf(OutcomeOf.scala:104)
[info]   at org.scalatest.Transformer.apply(Transformer.scala:22)
[info]   at org.scalatest.Transformer.apply(Transformer.scala:20)
[info]   at org.scalatest.funsuite.AnyFunSuiteLike$$anon$1.apply(AnyFunSuiteLike.scala:226)
[info]   at org.scalatest.TestSuite.withFixture(TestSuite.scala:196)
[info]   at org.scalatest.TestSuite.withFixture$(TestSuite.scala:195)
[info]   at org.scalatest.funsuite.AnyFunSuite.withFixture(AnyFunSuite.scala:1564)
[info]   at org.scalatest.funsuite.AnyFunSuiteLike.invokeWithFixture$1(AnyFunSuiteLike.scala:224)
[info]   at org.scalatest.funsuite.AnyFunSuiteLike.$anonfun$runTest$1(AnyFunSuiteLike.scala:236)
[info]   at org.scalatest.SuperEngine.runTestImpl(Engine.scala:306)
[info]   at org.scalatest.funsuite.AnyFunSuiteLike.runTest(AnyFunSuiteLike.scala:236)
[info]   at org.scalatest.funsuite.AnyFunSuiteLike.runTest$(AnyFunSuiteLike.scala:218)
[info]   at org.scalatest.funsuite.AnyFunSuite.runTest(AnyFunSuite.scala:1564)
[info]   at org.scalatest.funsuite.AnyFunSuiteLike.$anonfun$runTests$1(AnyFunSuiteLike.scala:269)
[info]   at org.scalatest.SuperEngine.$anonfun$runTestsInBranch$1(Engine.scala:413)
[info]   at scala.collection.immutable.List.foreach(List.scala:334)
[info]   at org.scalatest.SuperEngine.traverseSubNodes$1(Engine.scala:401)
[info]   at org.scalatest.SuperEngine.runTestsInBranch(Engine.scala:396)
[info]   at org.scalatest.SuperEngine.runTestsImpl(Engine.scala:475)
[info]   at org.scalatest.funsuite.AnyFunSuiteLike.runTests(AnyFunSuiteLike.scala:269)
[info]   at org.scalatest.funsuite.AnyFunSuiteLike.runTests$(AnyFunSuiteLike.scala:268)
[info]   at org.scalatest.funsuite.AnyFunSuite.runTests(AnyFunSuite.scala:1564)
[info]   at org.scalatest.Suite.run(Suite.scala:1114)
[info]   at org.scalatest.Suite.run$(Suite.scala:1096)
[info]   at org.scalatest.funsuite.AnyFunSuite.org$scalatest$funsuite$AnyFunSuiteLike$$super$run(AnyFunSuite.scala:1564)
[info]   at org.scalatest.funsuite.AnyFunSuiteLike.$anonfun$run$1(AnyFunSuiteLike.scala:273)
[info]   at org.scalatest.SuperEngine.runImpl(Engine.scala:535)
[info]   at org.scalatest.funsuite.AnyFunSuiteLike.run(AnyFunSuiteLike.scala:273)
[info]   at org.scalatest.funsuite.AnyFunSuiteLike.run$(AnyFunSuiteLike.scala:272)
[info]   at frameless.TypedDatasetSuite.org$scalatest$BeforeAndAfterAll$$super$run(TypedDatasetSuite.scala:63)
[info]   at org.scalatest.BeforeAndAfterAll.liftedTree1$1(BeforeAndAfterAll.scala:213)
[info]   at org.scalatest.BeforeAndAfterAll.run(BeforeAndAfterAll.scala:210)
[info]   at org.scalatest.BeforeAndAfterAll.run$(BeforeAndAfterAll.scala:208)
[info]   at frameless.TypedDatasetSuite.run(TypedDatasetSuite.scala:63)
[info]   at org.scalatest.tools.Framework.org$scalatest$tools$Framework$$runSuite(Framework.scala:321)
[info]   at org.scalatest.tools.Framework$ScalaTestTask.execute(Framework.scala:517)
[info]   at sbt.ForkMain$Run.lambda$runTest$1(ForkMain.java:414)
[info]   at java.base/java.util.concurrent.FutureTask.run(FutureTask.java:317)
[info]   at java.base/java.util.concurrent.ThreadPoolExecutor.runWorker(ThreadPoolExecutor.java:1144)
[info]   at java.base/java.util.concurrent.ThreadPoolExecutor$Worker.run(ThreadPoolExecutor.java:642)
[info]   at java.base/java.lang.Thread.run(Thread.java:1583)
[info]   Cause: java.lang.ClassCastException: Cannot cast scala.reflect.ClassTag$GenericClassTag to org.apache.spark.sql.catalyst.expressions.Expression
[info]   at java.base/java.lang.Class.cast(Class.java:4067)
[info]   at java.base/jdk.internal.reflect.DirectConstructorHandleAccessor.newInstance(DirectConstructorHandleAccessor.java:62)
[info]   at java.base/java.lang.reflect.Constructor.newInstanceWithCaller(Constructor.java:502)
[info]   at java.base/java.lang.reflect.Constructor.newInstance(Constructor.java:486)
[info]   at frameless.TypedExpressionEncoder$.$anonfun$apply$3(TypedExpressionEncoder.scala:55)
[info]   at scala.Option.map(Option.scala:242)
[info]   at frameless.TypedExpressionEncoder$.apply(TypedExpressionEncoder.scala:54)
[info]   at frameless.TypedDataset$.create(TypedDataset.scala:1325)
[info]   at frameless.ColumnTests.$anonfun$new$270(ColumnTests.scala:365)
[info]   at org.scalacheck.Prop$.$anonfun$forAll$18(Prop.scala:1131)
[info]   at scala.Function1.$anonfun$andThen$1(Function1.scala:87)
[info]   at org.scalacheck.Prop$.$anonfun$forAllShrink$2(Prop.scala:868)
[info]   at org.scalacheck.Prop$.secure(Prop.scala:484)
[info]   at org.scalacheck.Prop$.result$1(Prop.scala:868)
[info]   at org.scalacheck.Prop$.$anonfun$forAllShrink$1(Prop.scala:915)
[info]   at org.scalacheck.Prop$.$anonfun$apply$1(Prop.scala:305)
[info]   at org.scalacheck.PropFromFun.apply(Prop.scala:20)
[info]   at org.scalacheck.Prop$.result$1(Prop.scala:869)
[info]   at org.scalacheck.Prop$.$anonfun$forAllShrink$1(Prop.scala:915)
[info]   at org.scalacheck.Prop$.$anonfun$apply$1(Prop.scala:305)
[info]   at org.scalacheck.PropFromFun.apply(Prop.scala:20)
[info]   at org.scalacheck.Test$.workerFun$1(Test.scala:486)
[info]   at org.scalacheck.Test$.$anonfun$check$4(Test.scala:518)
[info]   at org.scalacheck.Test$.$anonfun$check$4$adapted(Test.scala:518)
[info]   at org.scalacheck.Platform$.runWorkers(Platform.scala:42)
[info]   at org.scalacheck.Test$.check(Test.scala:518)
[info]   at org.scalatestplus.scalacheck.UnitCheckerAsserting$CheckerAssertingImpl.check(CheckerAsserting.scala:90)
[info]   at org.scalatestplus.scalacheck.Checkers.check(Checkers.scala:371)
[info]   at org.scalatestplus.scalacheck.Checkers.check$(Checkers.scala:369)
[info]   at frameless.TypedDatasetSuite.check(TypedDatasetSuite.scala:63)
[info]   at frameless.ColumnTests.$anonfun$new$269(ColumnTests.scala:363)
[info]   at scala.runtime.java8.JFunction0$mcV$sp.apply(JFunction0$mcV$sp.scala:18)
[info]   at org.scalatest.OutcomeOf.outcomeOf(OutcomeOf.scala:85)
[info]   at org.scalatest.OutcomeOf.outcomeOf$(OutcomeOf.scala:83)
[info]   at org.scalatest.OutcomeOf$.outcomeOf(OutcomeOf.scala:104)
[info]   at org.scalatest.Transformer.apply(Transformer.scala:22)
[info]   at org.scalatest.Transformer.apply(Transformer.scala:20)
[info]   at org.scalatest.funsuite.AnyFunSuiteLike$$anon$1.apply(AnyFunSuiteLike.scala:226)
[info]   at org.scalatest.TestSuite.withFixture(TestSuite.scala:196)
[info]   at org.scalatest.TestSuite.withFixture$(TestSuite.scala:195)
[info]   at org.scalatest.funsuite.AnyFunSuite.withFixture(AnyFunSuite.scala:1564)
[info]   at org.scalatest.funsuite.AnyFunSuiteLike.invokeWithFixture$1(AnyFunSuiteLike.scala:224)
[info]   at org.scalatest.funsuite.AnyFunSuiteLike.$anonfun$runTest$1(AnyFunSuiteLike.scala:236)
[info]   at org.scalatest.SuperEngine.runTestImpl(Engine.scala:306)
[info]   at org.scalatest.funsuite.AnyFunSuiteLike.runTest(AnyFunSuiteLike.scala:236)
[info]   at org.scalatest.funsuite.AnyFunSuiteLike.runTest$(AnyFunSuiteLike.scala:218)
[info]   at org.scalatest.funsuite.AnyFunSuite.runTest(AnyFunSuite.scala:1564)
[info]   at org.scalatest.funsuite.AnyFunSuiteLike.$anonfun$runTests$1(AnyFunSuiteLike.scala:269)
[info]   at org.scalatest.SuperEngine.$anonfun$runTestsInBranch$1(Engine.scala:413)
[info]   at scala.collection.immutable.List.foreach(List.scala:334)
[info]   at org.scalatest.SuperEngine.traverseSubNodes$1(Engine.scala:401)
[info]   at org.scalatest.SuperEngine.runTestsInBranch(Engine.scala:396)
[info]   at org.scalatest.SuperEngine.runTestsImpl(Engine.scala:475)
[info]   at org.scalatest.funsuite.AnyFunSuiteLike.runTests(AnyFunSuiteLike.scala:269)
[info]   at org.scalatest.funsuite.AnyFunSuiteLike.runTests$(AnyFunSuiteLike.scala:268)
[info]   at org.scalatest.funsuite.AnyFunSuite.runTests(AnyFunSuite.scala:1564)
[info]   at org.scalatest.Suite.run(Suite.scala:1114)
[info]   at org.scalatest.Suite.run$(Suite.scala:1096)
[info]   at org.scalatest.funsuite.AnyFunSuite.org$scalatest$funsuite$AnyFunSuiteLike$$super$run(AnyFunSuite.scala:1564)
[info]   at org.scalatest.funsuite.AnyFunSuiteLike.$anonfun$run$1(AnyFunSuiteLike.scala:273)
[info]   at org.scalatest.SuperEngine.runImpl(Engine.scala:535)
[info]   at org.scalatest.funsuite.AnyFunSuiteLike.run(AnyFunSuiteLike.scala:273)
[info]   at org.scalatest.funsuite.AnyFunSuiteLike.run$(AnyFunSuiteLike.scala:272)
[info]   at frameless.TypedDatasetSuite.org$scalatest$BeforeAndAfterAll$$super$run(TypedDatasetSuite.scala:63)
[info]   at org.scalatest.BeforeAndAfterAll.liftedTree1$1(BeforeAndAfterAll.scala:213)
[info]   at org.scalatest.BeforeAndAfterAll.run(BeforeAndAfterAll.scala:210)
[info]   at org.scalatest.BeforeAndAfterAll.run$(BeforeAndAfterAll.scala:208)
[info]   at frameless.TypedDatasetSuite.run(TypedDatasetSuite.scala:63)
[info]   at org.scalatest.tools.Framework.org$scalatest$tools$Framework$$runSuite(Framework.scala:321)
[info]   at org.scalatest.tools.Framework$ScalaTestTask.execute(Framework.scala:517)
[info]   at sbt.ForkMain$Run.lambda$runTest$1(ForkMain.java:414)
[info]   at java.base/java.util.concurrent.FutureTask.run(FutureTask.java:317)
[info]   at java.base/java.util.concurrent.ThreadPoolExecutor.runWorker(ThreadPoolExecutor.java:1144)
[info]   at java.base/java.util.concurrent.ThreadPoolExecutor$Worker.run(ThreadPoolExecutor.java:642)
[info]   at java.base/java.lang.Thread.run(Thread.java:1583)
[info] - getOrElse *** FAILED *** (9 milliseconds)
[info]   IllegalArgumentException was thrown during property evaluation.
[info]     Message: argument type mismatch
[info]     Occurred when passed generated values (
[info]       arg0 = 0, // 32 shrinks
[info]       arg1 = None
[info]     )
[info]   org.scalatest.exceptions.GeneratorDrivenPropertyCheckFailedException:
[info]   at org.scalatestplus.scalacheck.CheckerAsserting$$anon$2.indicateFailure(CheckerAsserting.scala:251)
[info]   at org.scalatestplus.scalacheck.CheckerAsserting$$anon$2.indicateFailure(CheckerAsserting.scala:238)
[info]   at org.scalatestplus.scalacheck.UnitCheckerAsserting$CheckerAssertingImpl.check(CheckerAsserting.scala:160)
[info]   at org.scalatestplus.scalacheck.Checkers.check(Checkers.scala:371)
[info]   at org.scalatestplus.scalacheck.Checkers.check$(Checkers.scala:369)
[info]   at frameless.TypedDatasetSuite.check(TypedDatasetSuite.scala:63)
[info]   at frameless.ColumnTests.$anonfun$new$289(ColumnTests.scala:406)
[info]   at org.scalatest.OutcomeOf.outcomeOf(OutcomeOf.scala:85)
[info]   at org.scalatest.OutcomeOf.outcomeOf$(OutcomeOf.scala:83)
[info]   at org.scalatest.OutcomeOf$.outcomeOf(OutcomeOf.scala:104)
[info]   at org.scalatest.Transformer.apply(Transformer.scala:22)
[info]   at org.scalatest.Transformer.apply(Transformer.scala:20)
[info]   at org.scalatest.funsuite.AnyFunSuiteLike$$anon$1.apply(AnyFunSuiteLike.scala:226)
[info]   at org.scalatest.TestSuite.withFixture(TestSuite.scala:196)
[info]   at org.scalatest.TestSuite.withFixture$(TestSuite.scala:195)
[info]   at org.scalatest.funsuite.AnyFunSuite.withFixture(AnyFunSuite.scala:1564)
[info]   at org.scalatest.funsuite.AnyFunSuiteLike.invokeWithFixture$1(AnyFunSuiteLike.scala:224)
[info]   at org.scalatest.funsuite.AnyFunSuiteLike.$anonfun$runTest$1(AnyFunSuiteLike.scala:236)
[info]   at org.scalatest.SuperEngine.runTestImpl(Engine.scala:306)
[info]   at org.scalatest.funsuite.AnyFunSuiteLike.runTest(AnyFunSuiteLike.scala:236)
[info]   at org.scalatest.funsuite.AnyFunSuiteLike.runTest$(AnyFunSuiteLike.scala:218)
[info]   at org.scalatest.funsuite.AnyFunSuite.runTest(AnyFunSuite.scala:1564)
[info]   at org.scalatest.funsuite.AnyFunSuiteLike.$anonfun$runTests$1(AnyFunSuiteLike.scala:269)
[info]   at org.scalatest.SuperEngine.$anonfun$runTestsInBranch$1(Engine.scala:413)
[info]   at scala.collection.immutable.List.foreach(List.scala:334)
[info]   at org.scalatest.SuperEngine.traverseSubNodes$1(Engine.scala:401)
[info]   at org.scalatest.SuperEngine.runTestsInBranch(Engine.scala:396)
[info]   at org.scalatest.SuperEngine.runTestsImpl(Engine.scala:475)
[info]   at org.scalatest.funsuite.AnyFunSuiteLike.runTests(AnyFunSuiteLike.scala:269)
[info]   at org.scalatest.funsuite.AnyFunSuiteLike.runTests$(AnyFunSuiteLike.scala:268)
[info]   at org.scalatest.funsuite.AnyFunSuite.runTests(AnyFunSuite.scala:1564)
[info]   at org.scalatest.Suite.run(Suite.scala:1114)
[info]   at org.scalatest.Suite.run$(Suite.scala:1096)
[info]   at org.scalatest.funsuite.AnyFunSuite.org$scalatest$funsuite$AnyFunSuiteLike$$super$run(AnyFunSuite.scala:1564)
[info]   at org.scalatest.funsuite.AnyFunSuiteLike.$anonfun$run$1(AnyFunSuiteLike.scala:273)
[info]   at org.scalatest.SuperEngine.runImpl(Engine.scala:535)
[info]   at org.scalatest.funsuite.AnyFunSuiteLike.run(AnyFunSuiteLike.scala:273)
[info]   at org.scalatest.funsuite.AnyFunSuiteLike.run$(AnyFunSuiteLike.scala:272)
[info]   at frameless.TypedDatasetSuite.org$scalatest$BeforeAndAfterAll$$super$run(TypedDatasetSuite.scala:63)
[info]   at org.scalatest.BeforeAndAfterAll.liftedTree1$1(BeforeAndAfterAll.scala:213)
[info]   at org.scalatest.BeforeAndAfterAll.run(BeforeAndAfterAll.scala:210)
[info]   at org.scalatest.BeforeAndAfterAll.run$(BeforeAndAfterAll.scala:208)
[info]   at frameless.TypedDatasetSuite.run(TypedDatasetSuite.scala:63)
[info]   at org.scalatest.tools.Framework.org$scalatest$tools$Framework$$runSuite(Framework.scala:321)
[info]   at org.scalatest.tools.Framework$ScalaTestTask.execute(Framework.scala:517)
[info]   at sbt.ForkMain$Run.lambda$runTest$1(ForkMain.java:414)
[info]   at java.base/java.util.concurrent.FutureTask.run(FutureTask.java:317)
[info]   at java.base/java.util.concurrent.ThreadPoolExecutor.runWorker(ThreadPoolExecutor.java:1144)
[info]   at java.base/java.util.concurrent.ThreadPoolExecutor$Worker.run(ThreadPoolExecutor.java:642)
[info]   at java.base/java.lang.Thread.run(Thread.java:1583)
[info]   Cause: java.lang.IllegalArgumentException: argument type mismatch
[info]   at java.base/jdk.internal.reflect.DirectConstructorHandleAccessor.newInstance(DirectConstructorHandleAccessor.java:65)
[info]   at java.base/java.lang.reflect.Constructor.newInstanceWithCaller(Constructor.java:502)
[info]   at java.base/java.lang.reflect.Constructor.newInstance(Constructor.java:486)
[info]   at frameless.TypedExpressionEncoder$.$anonfun$apply$3(TypedExpressionEncoder.scala:55)
[info]   at scala.Option.map(Option.scala:242)
[info]   at frameless.TypedExpressionEncoder$.apply(TypedExpressionEncoder.scala:54)
[info]   at frameless.TypedDataset$.create(TypedDataset.scala:1325)
[info]   at frameless.ColumnTests.prop$3(ColumnTests.scala:394)
[info]   at frameless.ColumnTests.$anonfun$new$304(ColumnTests.scala:406)
[info]   at frameless.ColumnTests.$anonfun$new$304$adapted(ColumnTests.scala:406)
[info]   at org.scalacheck.Prop$.$anonfun$forAll$18(Prop.scala:1131)
[info]   at scala.Function1.$anonfun$andThen$1(Function1.scala:87)
[info]   at org.scalacheck.Prop$.$anonfun$forAllShrink$2(Prop.scala:868)
[info]   at org.scalacheck.Prop$.secure(Prop.scala:484)
[info]   at org.scalacheck.Prop$.result$1(Prop.scala:868)
[info]   at org.scalacheck.Prop$.$anonfun$forAllShrink$1(Prop.scala:915)
[info]   at org.scalacheck.Prop$.$anonfun$apply$1(Prop.scala:305)
[info]   at org.scalacheck.PropFromFun.apply(Prop.scala:20)
[info]   at org.scalacheck.Prop$.result$1(Prop.scala:869)
[info]   at org.scalacheck.Prop$.$anonfun$forAllShrink$4(Prop.scala:880)
[info]   at scala.collection.immutable.Stream.map(Stream.scala:173)
[info]   at org.scalacheck.Prop$.getFirstFailure$1(Prop.scala:880)
[info]   at org.scalacheck.Prop$.shrinker$1(Prop.scala:895)
[info]   at org.scalacheck.Prop$.$anonfun$forAllShrink$1(Prop.scala:916)
[info]   at org.scalacheck.Prop$.$anonfun$apply$1(Prop.scala:305)
[info]   at org.scalacheck.PropFromFun.apply(Prop.scala:20)
[info]   at org.scalacheck.Test$.workerFun$1(Test.scala:486)
[info]   at org.scalacheck.Test$.$anonfun$check$4(Test.scala:518)
[info]   at org.scalacheck.Test$.$anonfun$check$4$adapted(Test.scala:518)
[info]   at org.scalacheck.Platform$.runWorkers(Platform.scala:42)
[info]   at org.scalacheck.Test$.check(Test.scala:518)
[info]   at org.scalatestplus.scalacheck.UnitCheckerAsserting$CheckerAssertingImpl.check(CheckerAsserting.scala:90)
[info]   at org.scalatestplus.scalacheck.Checkers.check(Checkers.scala:371)
[info]   at org.scalatestplus.scalacheck.Checkers.check$(Checkers.scala:369)
[info]   at frameless.TypedDatasetSuite.check(TypedDatasetSuite.scala:63)
[info]   at frameless.ColumnTests.$anonfun$new$289(ColumnTests.scala:406)
[info]   at org.scalatest.OutcomeOf.outcomeOf(OutcomeOf.scala:85)
[info]   at org.scalatest.OutcomeOf.outcomeOf$(OutcomeOf.scala:83)
[info]   at org.scalatest.OutcomeOf$.outcomeOf(OutcomeOf.scala:104)
[info]   at org.scalatest.Transformer.apply(Transformer.scala:22)
[info]   at org.scalatest.Transformer.apply(Transformer.scala:20)
[info]   at org.scalatest.funsuite.AnyFunSuiteLike$$anon$1.apply(AnyFunSuiteLike.scala:226)
[info]   at org.scalatest.TestSuite.withFixture(TestSuite.scala:196)
[info]   at org.scalatest.TestSuite.withFixture$(TestSuite.scala:195)
[info]   at org.scalatest.funsuite.AnyFunSuite.withFixture(AnyFunSuite.scala:1564)
[info]   at org.scalatest.funsuite.AnyFunSuiteLike.invokeWithFixture$1(AnyFunSuiteLike.scala:224)
[info]   at org.scalatest.funsuite.AnyFunSuiteLike.$anonfun$runTest$1(AnyFunSuiteLike.scala:236)
[info]   at org.scalatest.SuperEngine.runTestImpl(Engine.scala:306)
[info]   at org.scalatest.funsuite.AnyFunSuiteLike.runTest(AnyFunSuiteLike.scala:236)
[info]   at org.scalatest.funsuite.AnyFunSuiteLike.runTest$(AnyFunSuiteLike.scala:218)
[info]   at org.scalatest.funsuite.AnyFunSuite.runTest(AnyFunSuite.scala:1564)
[info]   at org.scalatest.funsuite.AnyFunSuiteLike.$anonfun$runTests$1(AnyFunSuiteLike.scala:269)
[info]   at org.scalatest.SuperEngine.$anonfun$runTestsInBranch$1(Engine.scala:413)
[info]   at scala.collection.immutable.List.foreach(List.scala:334)
[info]   at org.scalatest.SuperEngine.traverseSubNodes$1(Engine.scala:401)
[info]   at org.scalatest.SuperEngine.runTestsInBranch(Engine.scala:396)
[info]   at org.scalatest.SuperEngine.runTestsImpl(Engine.scala:475)
[info]   at org.scalatest.funsuite.AnyFunSuiteLike.runTests(AnyFunSuiteLike.scala:269)
[info]   at org.scalatest.funsuite.AnyFunSuiteLike.runTests$(AnyFunSuiteLike.scala:268)
[info]   at org.scalatest.funsuite.AnyFunSuite.runTests(AnyFunSuite.scala:1564)
[info]   at org.scalatest.Suite.run(Suite.scala:1114)
[info]   at org.scalatest.Suite.run$(Suite.scala:1096)
[info]   at org.scalatest.funsuite.AnyFunSuite.org$scalatest$funsuite$AnyFunSuiteLike$$super$run(AnyFunSuite.scala:1564)
[info]   at org.scalatest.funsuite.AnyFunSuiteLike.$anonfun$run$1(AnyFunSuiteLike.scala:273)
[info]   at org.scalatest.SuperEngine.runImpl(Engine.scala:535)
[info]   at org.scalatest.funsuite.AnyFunSuiteLike.run(AnyFunSuiteLike.scala:273)
[info]   at org.scalatest.funsuite.AnyFunSuiteLike.run$(AnyFunSuiteLike.scala:272)
[info]   at frameless.TypedDatasetSuite.org$scalatest$BeforeAndAfterAll$$super$run(TypedDatasetSuite.scala:63)
[info]   at org.scalatest.BeforeAndAfterAll.liftedTree1$1(BeforeAndAfterAll.scala:213)
[info]   at org.scalatest.BeforeAndAfterAll.run(BeforeAndAfterAll.scala:210)
[info]   at org.scalatest.BeforeAndAfterAll.run$(BeforeAndAfterAll.scala:208)
[info]   at frameless.TypedDatasetSuite.run(TypedDatasetSuite.scala:63)
[info]   at org.scalatest.tools.Framework.org$scalatest$tools$Framework$$runSuite(Framework.scala:321)
[info]   at org.scalatest.tools.Framework$ScalaTestTask.execute(Framework.scala:517)
[info]   at sbt.ForkMain$Run.lambda$runTest$1(ForkMain.java:414)
[info]   at java.base/java.util.concurrent.FutureTask.run(FutureTask.java:317)
[info]   at java.base/java.util.concurrent.ThreadPoolExecutor.runWorker(ThreadPoolExecutor.java:1144)
[info]   at java.base/java.util.concurrent.ThreadPoolExecutor$Worker.run(ThreadPoolExecutor.java:642)
[info]   at java.base/java.lang.Thread.run(Thread.java:1583)
[info]   Cause: java.lang.ClassCastException: Cannot cast scala.reflect.ClassTag$GenericClassTag to org.apache.spark.sql.catalyst.expressions.Expression
[info]   at java.base/java.lang.Class.cast(Class.java:4067)
[info]   at java.base/jdk.internal.reflect.DirectConstructorHandleAccessor.newInstance(DirectConstructorHandleAccessor.java:62)
[info]   at java.base/java.lang.reflect.Constructor.newInstanceWithCaller(Constructor.java:502)
[info]   at java.base/java.lang.reflect.Constructor.newInstance(Constructor.java:486)
[info]   at frameless.TypedExpressionEncoder$.$anonfun$apply$3(TypedExpressionEncoder.scala:55)
[info]   at scala.Option.map(Option.scala:242)
[info]   at frameless.TypedExpressionEncoder$.apply(TypedExpressionEncoder.scala:54)
[info]   at frameless.TypedDataset$.create(TypedDataset.scala:1325)
[info]   at frameless.ColumnTests.prop$3(ColumnTests.scala:394)
[info]   at frameless.ColumnTests.$anonfun$new$304(ColumnTests.scala:406)
[info]   at frameless.ColumnTests.$anonfun$new$304$adapted(ColumnTests.scala:406)
[info]   at org.scalacheck.Prop$.$anonfun$forAll$18(Prop.scala:1131)
[info]   at scala.Function1.$anonfun$andThen$1(Function1.scala:87)
[info]   at org.scalacheck.Prop$.$anonfun$forAllShrink$2(Prop.scala:868)
[info]   at org.scalacheck.Prop$.secure(Prop.scala:484)
[info]   at org.scalacheck.Prop$.result$1(Prop.scala:868)
[info]   at org.scalacheck.Prop$.$anonfun$forAllShrink$1(Prop.scala:915)
[info]   at org.scalacheck.Prop$.$anonfun$apply$1(Prop.scala:305)
[info]   at org.scalacheck.PropFromFun.apply(Prop.scala:20)
[info]   at org.scalacheck.Prop$.result$1(Prop.scala:869)
[info]   at org.scalacheck.Prop$.$anonfun$forAllShrink$4(Prop.scala:880)
[info]   at scala.collection.immutable.Stream.map(Stream.scala:173)
[info]   at org.scalacheck.Prop$.getFirstFailure$1(Prop.scala:880)
[info]   at org.scalacheck.Prop$.shrinker$1(Prop.scala:895)
[info]   at org.scalacheck.Prop$.$anonfun$forAllShrink$1(Prop.scala:916)
[info]   at org.scalacheck.Prop$.$anonfun$apply$1(Prop.scala:305)
[info]   at org.scalacheck.PropFromFun.apply(Prop.scala:20)
[info]   at org.scalacheck.Test$.workerFun$1(Test.scala:486)
[info]   at org.scalacheck.Test$.$anonfun$check$4(Test.scala:518)
[info]   at org.scalacheck.Test$.$anonfun$check$4$adapted(Test.scala:518)
[info]   at org.scalacheck.Platform$.runWorkers(Platform.scala:42)
[info]   at org.scalacheck.Test$.check(Test.scala:518)
[info]   at org.scalatestplus.scalacheck.UnitCheckerAsserting$CheckerAssertingImpl.check(CheckerAsserting.scala:90)
[info]   at org.scalatestplus.scalacheck.Checkers.check(Checkers.scala:371)
[info]   at org.scalatestplus.scalacheck.Checkers.check$(Checkers.scala:369)
[info]   at frameless.TypedDatasetSuite.check(TypedDatasetSuite.scala:63)
[info]   at frameless.ColumnTests.$anonfun$new$289(ColumnTests.scala:406)
[info]   at org.scalatest.OutcomeOf.outcomeOf(OutcomeOf.scala:85)
[info]   at org.scalatest.OutcomeOf.outcomeOf$(OutcomeOf.scala:83)
[info]   at org.scalatest.OutcomeOf$.outcomeOf(OutcomeOf.scala:104)
[info]   at org.scalatest.Transformer.apply(Transformer.scala:22)
[info]   at org.scalatest.Transformer.apply(Transformer.scala:20)
[info]   at org.scalatest.funsuite.AnyFunSuiteLike$$anon$1.apply(AnyFunSuiteLike.scala:226)
[info]   at org.scalatest.TestSuite.withFixture(TestSuite.scala:196)
[info]   at org.scalatest.TestSuite.withFixture$(TestSuite.scala:195)
[info]   at org.scalatest.funsuite.AnyFunSuite.withFixture(AnyFunSuite.scala:1564)
[info]   at org.scalatest.funsuite.AnyFunSuiteLike.invokeWithFixture$1(AnyFunSuiteLike.scala:224)
[info]   at org.scalatest.funsuite.AnyFunSuiteLike.$anonfun$runTest$1(AnyFunSuiteLike.scala:236)
[info]   at org.scalatest.SuperEngine.runTestImpl(Engine.scala:306)
[info]   at org.scalatest.funsuite.AnyFunSuiteLike.runTest(AnyFunSuiteLike.scala:236)
[info]   at org.scalatest.funsuite.AnyFunSuiteLike.runTest$(AnyFunSuiteLike.scala:218)
[info]   at org.scalatest.funsuite.AnyFunSuite.runTest(AnyFunSuite.scala:1564)
[info]   at org.scalatest.funsuite.AnyFunSuiteLike.$anonfun$runTests$1(AnyFunSuiteLike.scala:269)
[info]   at org.scalatest.SuperEngine.$anonfun$runTestsInBranch$1(Engine.scala:413)
[info]   at scala.collection.immutable.List.foreach(List.scala:334)
[info]   at org.scalatest.SuperEngine.traverseSubNodes$1(Engine.scala:401)
[info]   at org.scalatest.SuperEngine.runTestsInBranch(Engine.scala:396)
[info]   at org.scalatest.SuperEngine.runTestsImpl(Engine.scala:475)
[info]   at org.scalatest.funsuite.AnyFunSuiteLike.runTests(AnyFunSuiteLike.scala:269)
[info]   at org.scalatest.funsuite.AnyFunSuiteLike.runTests$(AnyFunSuiteLike.scala:268)
[info]   at org.scalatest.funsuite.AnyFunSuite.runTests(AnyFunSuite.scala:1564)
[info]   at org.scalatest.Suite.run(Suite.scala:1114)
[info]   at org.scalatest.Suite.run$(Suite.scala:1096)
[info]   at org.scalatest.funsuite.AnyFunSuite.org$scalatest$funsuite$AnyFunSuiteLike$$super$run(AnyFunSuite.scala:1564)
[info]   at org.scalatest.funsuite.AnyFunSuiteLike.$anonfun$run$1(AnyFunSuiteLike.scala:273)
[info]   at org.scalatest.SuperEngine.runImpl(Engine.scala:535)
[info]   at org.scalatest.funsuite.AnyFunSuiteLike.run(AnyFunSuiteLike.scala:273)
[info]   at org.scalatest.funsuite.AnyFunSuiteLike.run$(AnyFunSuiteLike.scala:272)
[info]   at frameless.TypedDatasetSuite.org$scalatest$BeforeAndAfterAll$$super$run(TypedDatasetSuite.scala:63)
[info]   at org.scalatest.BeforeAndAfterAll.liftedTree1$1(BeforeAndAfterAll.scala:213)
[info]   at org.scalatest.BeforeAndAfterAll.run(BeforeAndAfterAll.scala:210)
[info]   at org.scalatest.BeforeAndAfterAll.run$(BeforeAndAfterAll.scala:208)
[info]   at frameless.TypedDatasetSuite.run(TypedDatasetSuite.scala:63)
[info]   at org.scalatest.tools.Framework.org$scalatest$tools$Framework$$runSuite(Framework.scala:321)
[info]   at org.scalatest.tools.Framework$ScalaTestTask.execute(Framework.scala:517)
[info]   at sbt.ForkMain$Run.lambda$runTest$1(ForkMain.java:414)
[info]   at java.base/java.util.concurrent.FutureTask.run(FutureTask.java:317)
[info]   at java.base/java.util.concurrent.ThreadPoolExecutor.runWorker(ThreadPoolExecutor.java:1144)
[info]   at java.base/java.util.concurrent.ThreadPoolExecutor$Worker.run(ThreadPoolExecutor.java:642)
[info]   at java.base/java.lang.Thread.run(Thread.java:1583)
[info] - Consistency with Spark internal date/time representation *** FAILED *** (24 milliseconds)
[info]   java.lang.IllegalArgumentException: argument type mismatch
[info]   at java.base/jdk.internal.reflect.DirectConstructorHandleAccessor.newInstance(DirectConstructorHandleAccessor.java:65)
[info]   at java.base/java.lang.reflect.Constructor.newInstanceWithCaller(Constructor.java:502)
[info]   at java.base/java.lang.reflect.Constructor.newInstance(Constructor.java:486)
[info]   at frameless.TypedExpressionEncoder$.$anonfun$apply$3(TypedExpressionEncoder.scala:55)
[info]   at scala.Option.map(Option.scala:242)
[info]   at frameless.TypedExpressionEncoder$.apply(TypedExpressionEncoder.scala:54)
[info]   at frameless.TypedDataset$.create(TypedDataset.scala:1325)
[info]   at frameless.ColumnTests.$anonfun$new$340(ColumnTests.scala:464)
[info]   at org.scalatest.OutcomeOf.outcomeOf(OutcomeOf.scala:85)
[info]   at org.scalatest.OutcomeOf.outcomeOf$(OutcomeOf.scala:83)
[info]   at org.scalatest.OutcomeOf$.outcomeOf(OutcomeOf.scala:104)
[info]   at org.scalatest.Transformer.apply(Transformer.scala:22)
[info]   at org.scalatest.Transformer.apply(Transformer.scala:20)
[info]   at org.scalatest.funsuite.AnyFunSuiteLike$$anon$1.apply(AnyFunSuiteLike.scala:226)
[info]   at org.scalatest.TestSuite.withFixture(TestSuite.scala:196)
[info]   at org.scalatest.TestSuite.withFixture$(TestSuite.scala:195)
[info]   at org.scalatest.funsuite.AnyFunSuite.withFixture(AnyFunSuite.scala:1564)
[info]   at org.scalatest.funsuite.AnyFunSuiteLike.invokeWithFixture$1(AnyFunSuiteLike.scala:224)
[info]   at org.scalatest.funsuite.AnyFunSuiteLike.$anonfun$runTest$1(AnyFunSuiteLike.scala:236)
[info]   at org.scalatest.SuperEngine.runTestImpl(Engine.scala:306)
[info]   at org.scalatest.funsuite.AnyFunSuiteLike.runTest(AnyFunSuiteLike.scala:236)
[info]   at org.scalatest.funsuite.AnyFunSuiteLike.runTest$(AnyFunSuiteLike.scala:218)
[info]   at org.scalatest.funsuite.AnyFunSuite.runTest(AnyFunSuite.scala:1564)
[info]   at org.scalatest.funsuite.AnyFunSuiteLike.$anonfun$runTests$1(AnyFunSuiteLike.scala:269)
[info]   at org.scalatest.SuperEngine.$anonfun$runTestsInBranch$1(Engine.scala:413)
[info]   at scala.collection.immutable.List.foreach(List.scala:334)
[info]   at org.scalatest.SuperEngine.traverseSubNodes$1(Engine.scala:401)
[info]   at org.scalatest.SuperEngine.runTestsInBranch(Engine.scala:396)
[info]   at org.scalatest.SuperEngine.runTestsImpl(Engine.scala:475)
[info]   at org.scalatest.funsuite.AnyFunSuiteLike.runTests(AnyFunSuiteLike.scala:269)
[info]   at org.scalatest.funsuite.AnyFunSuiteLike.runTests$(AnyFunSuiteLike.scala:268)
[info]   at org.scalatest.funsuite.AnyFunSuite.runTests(AnyFunSuite.scala:1564)
[info]   at org.scalatest.Suite.run(Suite.scala:1114)
[info]   at org.scalatest.Suite.run$(Suite.scala:1096)
[info]   at org.scalatest.funsuite.AnyFunSuite.org$scalatest$funsuite$AnyFunSuiteLike$$super$run(AnyFunSuite.scala:1564)
[info]   at org.scalatest.funsuite.AnyFunSuiteLike.$anonfun$run$1(AnyFunSuiteLike.scala:273)
[info]   at org.scalatest.SuperEngine.runImpl(Engine.scala:535)
[info]   at org.scalatest.funsuite.AnyFunSuiteLike.run(AnyFunSuiteLike.scala:273)
[info]   at org.scalatest.funsuite.AnyFunSuiteLike.run$(AnyFunSuiteLike.scala:272)
[info]   at frameless.TypedDatasetSuite.org$scalatest$BeforeAndAfterAll$$super$run(TypedDatasetSuite.scala:63)
[info]   at org.scalatest.BeforeAndAfterAll.liftedTree1$1(BeforeAndAfterAll.scala:213)
[info]   at org.scalatest.BeforeAndAfterAll.run(BeforeAndAfterAll.scala:210)
[info]   at org.scalatest.BeforeAndAfterAll.run$(BeforeAndAfterAll.scala:208)
[info]   at frameless.TypedDatasetSuite.run(TypedDatasetSuite.scala:63)
[info]   at org.scalatest.tools.Framework.org$scalatest$tools$Framework$$runSuite(Framework.scala:321)
[info]   at org.scalatest.tools.Framework$ScalaTestTask.execute(Framework.scala:517)
[info]   at sbt.ForkMain$Run.lambda$runTest$1(ForkMain.java:414)
[info]   at java.base/java.util.concurrent.FutureTask.run(FutureTask.java:317)
[info]   at java.base/java.util.concurrent.ThreadPoolExecutor.runWorker(ThreadPoolExecutor.java:1144)
[info]   at java.base/java.util.concurrent.ThreadPoolExecutor$Worker.run(ThreadPoolExecutor.java:642)
[info]   at java.base/java.lang.Thread.run(Thread.java:1583)
[info]   Cause: java.lang.ClassCastException: Cannot cast scala.reflect.ClassTag$GenericClassTag to org.apache.spark.sql.catalyst.expressions.Expression
[info]   at java.base/java.lang.Class.cast(Class.java:4067)
[info]   at java.base/jdk.internal.reflect.DirectConstructorHandleAccessor.newInstance(DirectConstructorHandleAccessor.java:62)
[info]   at java.base/java.lang.reflect.Constructor.newInstanceWithCaller(Constructor.java:502)
[info]   at java.base/java.lang.reflect.Constructor.newInstance(Constructor.java:486)
[info]   at frameless.TypedExpressionEncoder$.$anonfun$apply$3(TypedExpressionEncoder.scala:55)
[info]   at scala.Option.map(Option.scala:242)
[info]   at frameless.TypedExpressionEncoder$.apply(TypedExpressionEncoder.scala:54)
[info]   at frameless.TypedDataset$.create(TypedDataset.scala:1325)
[info]   at frameless.ColumnTests.$anonfun$new$340(ColumnTests.scala:464)
[info]   at org.scalatest.OutcomeOf.outcomeOf(OutcomeOf.scala:85)
[info]   at org.scalatest.OutcomeOf.outcomeOf$(OutcomeOf.scala:83)
[info]   at org.scalatest.OutcomeOf$.outcomeOf(OutcomeOf.scala:104)
[info]   at org.scalatest.Transformer.apply(Transformer.scala:22)
[info]   at org.scalatest.Transformer.apply(Transformer.scala:20)
[info]   at org.scalatest.funsuite.AnyFunSuiteLike$$anon$1.apply(AnyFunSuiteLike.scala:226)
[info]   at org.scalatest.TestSuite.withFixture(TestSuite.scala:196)
[info]   at org.scalatest.TestSuite.withFixture$(TestSuite.scala:195)
[info]   at org.scalatest.funsuite.AnyFunSuite.withFixture(AnyFunSuite.scala:1564)
[info]   at org.scalatest.funsuite.AnyFunSuiteLike.invokeWithFixture$1(AnyFunSuiteLike.scala:224)
[info]   at org.scalatest.funsuite.AnyFunSuiteLike.$anonfun$runTest$1(AnyFunSuiteLike.scala:236)
[info]   at org.scalatest.SuperEngine.runTestImpl(Engine.scala:306)
[info]   at org.scalatest.funsuite.AnyFunSuiteLike.runTest(AnyFunSuiteLike.scala:236)
[info]   at org.scalatest.funsuite.AnyFunSuiteLike.runTest$(AnyFunSuiteLike.scala:218)
[info]   at org.scalatest.funsuite.AnyFunSuite.runTest(AnyFunSuite.scala:1564)
[info]   at org.scalatest.funsuite.AnyFunSuiteLike.$anonfun$runTests$1(AnyFunSuiteLike.scala:269)
[info]   at org.scalatest.SuperEngine.$anonfun$runTestsInBranch$1(Engine.scala:413)
[info]   at scala.collection.immutable.List.foreach(List.scala:334)
[info]   at org.scalatest.SuperEngine.traverseSubNodes$1(Engine.scala:401)
[info]   at org.scalatest.SuperEngine.runTestsInBranch(Engine.scala:396)
[info]   at org.scalatest.SuperEngine.runTestsImpl(Engine.scala:475)
[info]   at org.scalatest.funsuite.AnyFunSuiteLike.runTests(AnyFunSuiteLike.scala:269)
[info]   at org.scalatest.funsuite.AnyFunSuiteLike.runTests$(AnyFunSuiteLike.scala:268)
[info]   at org.scalatest.funsuite.AnyFunSuite.runTests(AnyFunSuite.scala:1564)
[info]   at org.scalatest.Suite.run(Suite.scala:1114)
[info]   at org.scalatest.Suite.run$(Suite.scala:1096)
[info]   at org.scalatest.funsuite.AnyFunSuite.org$scalatest$funsuite$AnyFunSuiteLike$$super$run(AnyFunSuite.scala:1564)
[info]   at org.scalatest.funsuite.AnyFunSuiteLike.$anonfun$run$1(AnyFunSuiteLike.scala:273)
[info]   at org.scalatest.SuperEngine.runImpl(Engine.scala:535)
[info]   at org.scalatest.funsuite.AnyFunSuiteLike.run(AnyFunSuiteLike.scala:273)
[info]   at org.scalatest.funsuite.AnyFunSuiteLike.run$(AnyFunSuiteLike.scala:272)
[info]   at frameless.TypedDatasetSuite.org$scalatest$BeforeAndAfterAll$$super$run(TypedDatasetSuite.scala:63)
[info]   at org.scalatest.BeforeAndAfterAll.liftedTree1$1(BeforeAndAfterAll.scala:213)
[info]   at org.scalatest.BeforeAndAfterAll.run(BeforeAndAfterAll.scala:210)
[info]   at org.scalatest.BeforeAndAfterAll.run$(BeforeAndAfterAll.scala:208)
[info]   at frameless.TypedDatasetSuite.run(TypedDatasetSuite.scala:63)
[info]   at org.scalatest.tools.Framework.org$scalatest$tools$Framework$$runSuite(Framework.scala:321)
[info]   at org.scalatest.tools.Framework$ScalaTestTask.execute(Framework.scala:517)
[info]   at sbt.ForkMain$Run.lambda$runTest$1(ForkMain.java:414)
[info]   at java.base/java.util.concurrent.FutureTask.run(FutureTask.java:317)
[info]   at java.base/java.util.concurrent.ThreadPoolExecutor.runWorker(ThreadPoolExecutor.java:1144)
[info]   at java.base/java.util.concurrent.ThreadPoolExecutor$Worker.run(ThreadPoolExecutor.java:642)
[info]   at java.base/java.lang.Thread.run(Thread.java:1583)
[info] - asCol *** FAILED *** (3 milliseconds)
[info]   IllegalArgumentException was thrown during property evaluation.
[info]     Message: argument type mismatch
[info]     Occurred when passed generated values (
[info]       arg0 = List()
[info]     )
[info]   org.scalatest.exceptions.GeneratorDrivenPropertyCheckFailedException:
[info]   at org.scalatestplus.scalacheck.CheckerAsserting$$anon$2.indicateFailure(CheckerAsserting.scala:251)
[info]   at org.scalatestplus.scalacheck.CheckerAsserting$$anon$2.indicateFailure(CheckerAsserting.scala:238)
[info]   at org.scalatestplus.scalacheck.UnitCheckerAsserting$CheckerAssertingImpl.check(CheckerAsserting.scala:160)
[info]   at org.scalatestplus.scalacheck.Checkers.check(Checkers.scala:371)
[info]   at org.scalatestplus.scalacheck.Checkers.check$(Checkers.scala:369)
[info]   at frameless.TypedDatasetSuite.check(TypedDatasetSuite.scala:63)
[info]   at frameless.ColumnTests.$anonfun$new$346(ColumnTests.scala:499)
[info]   at org.scalatest.OutcomeOf.outcomeOf(OutcomeOf.scala:85)
[info]   at org.scalatest.OutcomeOf.outcomeOf$(OutcomeOf.scala:83)
[info]   at org.scalatest.OutcomeOf$.outcomeOf(OutcomeOf.scala:104)
[info]   at org.scalatest.Transformer.apply(Transformer.scala:22)
[info]   at org.scalatest.Transformer.apply(Transformer.scala:20)
[info]   at org.scalatest.funsuite.AnyFunSuiteLike$$anon$1.apply(AnyFunSuiteLike.scala:226)
[info]   at org.scalatest.TestSuite.withFixture(TestSuite.scala:196)
[info]   at org.scalatest.TestSuite.withFixture$(TestSuite.scala:195)
[info]   at org.scalatest.funsuite.AnyFunSuite.withFixture(AnyFunSuite.scala:1564)
[info]   at org.scalatest.funsuite.AnyFunSuiteLike.invokeWithFixture$1(AnyFunSuiteLike.scala:224)
[info]   at org.scalatest.funsuite.AnyFunSuiteLike.$anonfun$runTest$1(AnyFunSuiteLike.scala:236)
[info]   at org.scalatest.SuperEngine.runTestImpl(Engine.scala:306)
[info]   at org.scalatest.funsuite.AnyFunSuiteLike.runTest(AnyFunSuiteLike.scala:236)
[info]   at org.scalatest.funsuite.AnyFunSuiteLike.runTest$(AnyFunSuiteLike.scala:218)
[info]   at org.scalatest.funsuite.AnyFunSuite.runTest(AnyFunSuite.scala:1564)
[info]   at org.scalatest.funsuite.AnyFunSuiteLike.$anonfun$runTests$1(AnyFunSuiteLike.scala:269)
[info]   at org.scalatest.SuperEngine.$anonfun$runTestsInBranch$1(Engine.scala:413)
[info]   at scala.collection.immutable.List.foreach(List.scala:334)
[info]   at org.scalatest.SuperEngine.traverseSubNodes$1(Engine.scala:401)
[info]   at org.scalatest.SuperEngine.runTestsInBranch(Engine.scala:396)
[info]   at org.scalatest.SuperEngine.runTestsImpl(Engine.scala:475)
[info]   at org.scalatest.funsuite.AnyFunSuiteLike.runTests(AnyFunSuiteLike.scala:269)
[info]   at org.scalatest.funsuite.AnyFunSuiteLike.runTests$(AnyFunSuiteLike.scala:268)
[info]   at org.scalatest.funsuite.AnyFunSuite.runTests(AnyFunSuite.scala:1564)
[info]   at org.scalatest.Suite.run(Suite.scala:1114)
[info]   at org.scalatest.Suite.run$(Suite.scala:1096)
[info]   at org.scalatest.funsuite.AnyFunSuite.org$scalatest$funsuite$AnyFunSuiteLike$$super$run(AnyFunSuite.scala:1564)
[info]   at org.scalatest.funsuite.AnyFunSuiteLike.$anonfun$run$1(AnyFunSuiteLike.scala:273)
[info]   at org.scalatest.SuperEngine.runImpl(Engine.scala:535)
[info]   at org.scalatest.funsuite.AnyFunSuiteLike.run(AnyFunSuiteLike.scala:273)
[info]   at org.scalatest.funsuite.AnyFunSuiteLike.run$(AnyFunSuiteLike.scala:272)
[info]   at frameless.TypedDatasetSuite.org$scalatest$BeforeAndAfterAll$$super$run(TypedDatasetSuite.scala:63)
[info]   at org.scalatest.BeforeAndAfterAll.liftedTree1$1(BeforeAndAfterAll.scala:213)
[info]   at org.scalatest.BeforeAndAfterAll.run(BeforeAndAfterAll.scala:210)
[info]   at org.scalatest.BeforeAndAfterAll.run$(BeforeAndAfterAll.scala:208)
[info]   at frameless.TypedDatasetSuite.run(TypedDatasetSuite.scala:63)
[info]   at org.scalatest.tools.Framework.org$scalatest$tools$Framework$$runSuite(Framework.scala:321)
[info]   at org.scalatest.tools.Framework$ScalaTestTask.execute(Framework.scala:517)
[info]   at sbt.ForkMain$Run.lambda$runTest$1(ForkMain.java:414)
[info]   at java.base/java.util.concurrent.FutureTask.run(FutureTask.java:317)
[info]   at java.base/java.util.concurrent.ThreadPoolExecutor.runWorker(ThreadPoolExecutor.java:1144)
[info]   at java.base/java.util.concurrent.ThreadPoolExecutor$Worker.run(ThreadPoolExecutor.java:642)
[info]   at java.base/java.lang.Thread.run(Thread.java:1583)
[info]   Cause: java.lang.IllegalArgumentException: argument type mismatch
[info]   at java.base/jdk.internal.reflect.DirectConstructorHandleAccessor.newInstance(DirectConstructorHandleAccessor.java:65)
[info]   at java.base/java.lang.reflect.Constructor.newInstanceWithCaller(Constructor.java:502)
[info]   at java.base/java.lang.reflect.Constructor.newInstance(Constructor.java:486)
[info]   at frameless.TypedExpressionEncoder$.$anonfun$apply$3(TypedExpressionEncoder.scala:55)
[info]   at scala.Option.map(Option.scala:242)
[info]   at frameless.TypedExpressionEncoder$.apply(TypedExpressionEncoder.scala:54)
[info]   at frameless.TypedDataset$.create(TypedDataset.scala:1325)
[info]   at frameless.ColumnTests.prop$4(ColumnTests.scala:488)
[info]   at frameless.ColumnTests.$anonfun$new$358(ColumnTests.scala:499)
[info]   at scala.Function1.$anonfun$andThen$1(Function1.scala:87)
[info]   at org.scalacheck.Prop$.$anonfun$forAllShrink$2(Prop.scala:868)
[info]   at org.scalacheck.Prop$.secure(Prop.scala:484)
[info]   at org.scalacheck.Prop$.result$1(Prop.scala:868)
[info]   at org.scalacheck.Prop$.$anonfun$forAllShrink$1(Prop.scala:915)
[info]   at org.scalacheck.Prop$.$anonfun$apply$1(Prop.scala:305)
[info]   at org.scalacheck.PropFromFun.apply(Prop.scala:20)
[info]   at org.scalacheck.Test$.workerFun$1(Test.scala:486)
[info]   at org.scalacheck.Test$.$anonfun$check$4(Test.scala:518)
[info]   at org.scalacheck.Test$.$anonfun$check$4$adapted(Test.scala:518)
[info]   at org.scalacheck.Platform$.runWorkers(Platform.scala:42)
[info]   at org.scalacheck.Test$.check(Test.scala:518)
[info]   at org.scalatestplus.scalacheck.UnitCheckerAsserting$CheckerAssertingImpl.check(CheckerAsserting.scala:90)
[info]   at org.scalatestplus.scalacheck.Checkers.check(Checkers.scala:371)
[info]   at org.scalatestplus.scalacheck.Checkers.check$(Checkers.scala:369)
[info]   at frameless.TypedDatasetSuite.check(TypedDatasetSuite.scala:63)
[info]   at frameless.ColumnTests.$anonfun$new$346(ColumnTests.scala:499)
[info]   at org.scalatest.OutcomeOf.outcomeOf(OutcomeOf.scala:85)
[info]   at org.scalatest.OutcomeOf.outcomeOf$(OutcomeOf.scala:83)
[info]   at org.scalatest.OutcomeOf$.outcomeOf(OutcomeOf.scala:104)
[info]   at org.scalatest.Transformer.apply(Transformer.scala:22)
[info]   at org.scalatest.Transformer.apply(Transformer.scala:20)
[info]   at org.scalatest.funsuite.AnyFunSuiteLike$$anon$1.apply(AnyFunSuiteLike.scala:226)
[info]   at org.scalatest.TestSuite.withFixture(TestSuite.scala:196)
[info]   at org.scalatest.TestSuite.withFixture$(TestSuite.scala:195)
[info]   at org.scalatest.funsuite.AnyFunSuite.withFixture(AnyFunSuite.scala:1564)
[info]   at org.scalatest.funsuite.AnyFunSuiteLike.invokeWithFixture$1(AnyFunSuiteLike.scala:224)
[info]   at org.scalatest.funsuite.AnyFunSuiteLike.$anonfun$runTest$1(AnyFunSuiteLike.scala:236)
[info]   at org.scalatest.SuperEngine.runTestImpl(Engine.scala:306)
[info]   at org.scalatest.funsuite.AnyFunSuiteLike.runTest(AnyFunSuiteLike.scala:236)
[info]   at org.scalatest.funsuite.AnyFunSuiteLike.runTest$(AnyFunSuiteLike.scala:218)
[info]   at org.scalatest.funsuite.AnyFunSuite.runTest(AnyFunSuite.scala:1564)
[info]   at org.scalatest.funsuite.AnyFunSuiteLike.$anonfun$runTests$1(AnyFunSuiteLike.scala:269)
[info]   at org.scalatest.SuperEngine.$anonfun$runTestsInBranch$1(Engine.scala:413)
[info]   at scala.collection.immutable.List.foreach(List.scala:334)
[info]   at org.scalatest.SuperEngine.traverseSubNodes$1(Engine.scala:401)
[info]   at org.scalatest.SuperEngine.runTestsInBranch(Engine.scala:396)
[info]   at org.scalatest.SuperEngine.runTestsImpl(Engine.scala:475)
[info]   at org.scalatest.funsuite.AnyFunSuiteLike.runTests(AnyFunSuiteLike.scala:269)
[info]   at org.scalatest.funsuite.AnyFunSuiteLike.runTests$(AnyFunSuiteLike.scala:268)
[info]   at org.scalatest.funsuite.AnyFunSuite.runTests(AnyFunSuite.scala:1564)
[info]   at org.scalatest.Suite.run(Suite.scala:1114)
[info]   at org.scalatest.Suite.run$(Suite.scala:1096)
[info]   at org.scalatest.funsuite.AnyFunSuite.org$scalatest$funsuite$AnyFunSuiteLike$$super$run(AnyFunSuite.scala:1564)
[info]   at org.scalatest.funsuite.AnyFunSuiteLike.$anonfun$run$1(AnyFunSuiteLike.scala:273)
[info]   at org.scalatest.SuperEngine.runImpl(Engine.scala:535)
[info]   at org.scalatest.funsuite.AnyFunSuiteLike.run(AnyFunSuiteLike.scala:273)
[info]   at org.scalatest.funsuite.AnyFunSuiteLike.run$(AnyFunSuiteLike.scala:272)
[info]   at frameless.TypedDatasetSuite.org$scalatest$BeforeAndAfterAll$$super$run(TypedDatasetSuite.scala:63)
[info]   at org.scalatest.BeforeAndAfterAll.liftedTree1$1(BeforeAndAfterAll.scala:213)
[info]   at org.scalatest.BeforeAndAfterAll.run(BeforeAndAfterAll.scala:210)
[info]   at org.scalatest.BeforeAndAfterAll.run$(BeforeAndAfterAll.scala:208)
[info]   at frameless.TypedDatasetSuite.run(TypedDatasetSuite.scala:63)
[info]   at org.scalatest.tools.Framework.org$scalatest$tools$Framework$$runSuite(Framework.scala:321)
[info]   at org.scalatest.tools.Framework$ScalaTestTask.execute(Framework.scala:517)
[info]   at sbt.ForkMain$Run.lambda$runTest$1(ForkMain.java:414)
[info]   at java.base/java.util.concurrent.FutureTask.run(FutureTask.java:317)
[info]   at java.base/java.util.concurrent.ThreadPoolExecutor.runWorker(ThreadPoolExecutor.java:1144)
[info]   at java.base/java.util.concurrent.ThreadPoolExecutor$Worker.run(ThreadPoolExecutor.java:642)
[info]   at java.base/java.lang.Thread.run(Thread.java:1583)
[info]   Cause: java.lang.ClassCastException: Cannot cast scala.reflect.ClassTag$GenericClassTag to org.apache.spark.sql.catalyst.expressions.Expression
[info]   at java.base/java.lang.Class.cast(Class.java:4067)
[info]   at java.base/jdk.internal.reflect.DirectConstructorHandleAccessor.newInstance(DirectConstructorHandleAccessor.java:62)
[info]   at java.base/java.lang.reflect.Constructor.newInstanceWithCaller(Constructor.java:502)
[info]   at java.base/java.lang.reflect.Constructor.newInstance(Constructor.java:486)
[info]   at frameless.TypedExpressionEncoder$.$anonfun$apply$3(TypedExpressionEncoder.scala:55)
[info]   at scala.Option.map(Option.scala:242)
[info]   at frameless.TypedExpressionEncoder$.apply(TypedExpressionEncoder.scala:54)
[info]   at frameless.TypedDataset$.create(TypedDataset.scala:1325)
[info]   at frameless.ColumnTests.prop$4(ColumnTests.scala:488)
[info]   at frameless.ColumnTests.$anonfun$new$358(ColumnTests.scala:499)
[info]   at scala.Function1.$anonfun$andThen$1(Function1.scala:87)
[info]   at org.scalacheck.Prop$.$anonfun$forAllShrink$2(Prop.scala:868)
[info]   at org.scalacheck.Prop$.secure(Prop.scala:484)
[info]   at org.scalacheck.Prop$.result$1(Prop.scala:868)
[info]   at org.scalacheck.Prop$.$anonfun$forAllShrink$1(Prop.scala:915)
[info]   at org.scalacheck.Prop$.$anonfun$apply$1(Prop.scala:305)
[info]   at org.scalacheck.PropFromFun.apply(Prop.scala:20)
[info]   at org.scalacheck.Test$.workerFun$1(Test.scala:486)
[info]   at org.scalacheck.Test$.$anonfun$check$4(Test.scala:518)
[info]   at org.scalacheck.Test$.$anonfun$check$4$adapted(Test.scala:518)
[info]   at org.scalacheck.Platform$.runWorkers(Platform.scala:42)
[info]   at org.scalacheck.Test$.check(Test.scala:518)
[info]   at org.scalatestplus.scalacheck.UnitCheckerAsserting$CheckerAssertingImpl.check(CheckerAsserting.scala:90)
[info]   at org.scalatestplus.scalacheck.Checkers.check(Checkers.scala:371)
[info]   at org.scalatestplus.scalacheck.Checkers.check$(Checkers.scala:369)
[info]   at frameless.TypedDatasetSuite.check(TypedDatasetSuite.scala:63)
[info]   at frameless.ColumnTests.$anonfun$new$346(ColumnTests.scala:499)
[info]   at org.scalatest.OutcomeOf.outcomeOf(OutcomeOf.scala:85)
[info]   at org.scalatest.OutcomeOf.outcomeOf$(OutcomeOf.scala:83)
[info]   at org.scalatest.OutcomeOf$.outcomeOf(OutcomeOf.scala:104)
[info]   at org.scalatest.Transformer.apply(Transformer.scala:22)
[info]   at org.scalatest.Transformer.apply(Transformer.scala:20)
[info]   at org.scalatest.funsuite.AnyFunSuiteLike$$anon$1.apply(AnyFunSuiteLike.scala:226)
[info]   at org.scalatest.TestSuite.withFixture(TestSuite.scala:196)
[info]   at org.scalatest.TestSuite.withFixture$(TestSuite.scala:195)
[info]   at org.scalatest.funsuite.AnyFunSuite.withFixture(AnyFunSuite.scala:1564)
[info]   at org.scalatest.funsuite.AnyFunSuiteLike.invokeWithFixture$1(AnyFunSuiteLike.scala:224)
[info]   at org.scalatest.funsuite.AnyFunSuiteLike.$anonfun$runTest$1(AnyFunSuiteLike.scala:236)
[info]   at org.scalatest.SuperEngine.runTestImpl(Engine.scala:306)
[info]   at org.scalatest.funsuite.AnyFunSuiteLike.runTest(AnyFunSuiteLike.scala:236)
[info]   at org.scalatest.funsuite.AnyFunSuiteLike.runTest$(AnyFunSuiteLike.scala:218)
[info]   at org.scalatest.funsuite.AnyFunSuite.runTest(AnyFunSuite.scala:1564)
[info]   at org.scalatest.funsuite.AnyFunSuiteLike.$anonfun$runTests$1(AnyFunSuiteLike.scala:269)
[info]   at org.scalatest.SuperEngine.$anonfun$runTestsInBranch$1(Engine.scala:413)
[info]   at scala.collection.immutable.List.foreach(List.scala:334)
[info]   at org.scalatest.SuperEngine.traverseSubNodes$1(Engine.scala:401)
[info]   at org.scalatest.SuperEngine.runTestsInBranch(Engine.scala:396)
[info]   at org.scalatest.SuperEngine.runTestsImpl(Engine.scala:475)
[info]   at org.scalatest.funsuite.AnyFunSuiteLike.runTests(AnyFunSuiteLike.scala:269)
[info]   at org.scalatest.funsuite.AnyFunSuiteLike.runTests$(AnyFunSuiteLike.scala:268)
[info]   at org.scalatest.funsuite.AnyFunSuite.runTests(AnyFunSuite.scala:1564)
[info]   at org.scalatest.Suite.run(Suite.scala:1114)
[info]   at org.scalatest.Suite.run$(Suite.scala:1096)
[info]   at org.scalatest.funsuite.AnyFunSuite.org$scalatest$funsuite$AnyFunSuiteLike$$super$run(AnyFunSuite.scala:1564)
[info]   at org.scalatest.funsuite.AnyFunSuiteLike.$anonfun$run$1(AnyFunSuiteLike.scala:273)
[info]   at org.scalatest.SuperEngine.runImpl(Engine.scala:535)
[info]   at org.scalatest.funsuite.AnyFunSuiteLike.run(AnyFunSuiteLike.scala:273)
[info]   at org.scalatest.funsuite.AnyFunSuiteLike.run$(AnyFunSuiteLike.scala:272)
[info]   at frameless.TypedDatasetSuite.org$scalatest$BeforeAndAfterAll$$super$run(TypedDatasetSuite.scala:63)
[info]   at org.scalatest.BeforeAndAfterAll.liftedTree1$1(BeforeAndAfterAll.scala:213)
[info]   at org.scalatest.BeforeAndAfterAll.run(BeforeAndAfterAll.scala:210)
[info]   at org.scalatest.BeforeAndAfterAll.run$(BeforeAndAfterAll.scala:208)
[info]   at frameless.TypedDatasetSuite.run(TypedDatasetSuite.scala:63)
[info]   at org.scalatest.tools.Framework.org$scalatest$tools$Framework$$runSuite(Framework.scala:321)
[info]   at org.scalatest.tools.Framework$ScalaTestTask.execute(Framework.scala:517)
[info]   at sbt.ForkMain$Run.lambda$runTest$1(ForkMain.java:414)
[info]   at java.base/java.util.concurrent.FutureTask.run(FutureTask.java:317)
[info]   at java.base/java.util.concurrent.ThreadPoolExecutor.runWorker(ThreadPoolExecutor.java:1144)
[info]   at java.base/java.util.concurrent.ThreadPoolExecutor$Worker.run(ThreadPoolExecutor.java:642)
[info]   at java.base/java.lang.Thread.run(Thread.java:1583)
[info] - asCol single column TypedDatasets *** FAILED *** (3 milliseconds)
[info]   IllegalArgumentException was thrown during property evaluation.
[info]     Message: argument type mismatch
[info]     Occurred when passed generated values (
[info]       arg0 = List()
[info]     )
[info]   org.scalatest.exceptions.GeneratorDrivenPropertyCheckFailedException:
[info]   at org.scalatestplus.scalacheck.CheckerAsserting$$anon$2.indicateFailure(CheckerAsserting.scala:251)
[info]   at org.scalatestplus.scalacheck.CheckerAsserting$$anon$2.indicateFailure(CheckerAsserting.scala:238)
[info]   at org.scalatestplus.scalacheck.UnitCheckerAsserting$CheckerAssertingImpl.check(CheckerAsserting.scala:160)
[info]   at org.scalatestplus.scalacheck.Checkers.check(Checkers.scala:371)
[info]   at org.scalatestplus.scalacheck.Checkers.check$(Checkers.scala:369)
[info]   at frameless.TypedDatasetSuite.check(TypedDatasetSuite.scala:63)
[info]   at frameless.ColumnTests.$anonfun$new$367(ColumnTests.scala:517)
[info]   at org.scalatest.OutcomeOf.outcomeOf(OutcomeOf.scala:85)
[info]   at org.scalatest.OutcomeOf.outcomeOf$(OutcomeOf.scala:83)
[info]   at org.scalatest.OutcomeOf$.outcomeOf(OutcomeOf.scala:104)
[info]   at org.scalatest.Transformer.apply(Transformer.scala:22)
[info]   at org.scalatest.Transformer.apply(Transformer.scala:20)
[info]   at org.scalatest.funsuite.AnyFunSuiteLike$$anon$1.apply(AnyFunSuiteLike.scala:226)
[info]   at org.scalatest.TestSuite.withFixture(TestSuite.scala:196)
[info]   at org.scalatest.TestSuite.withFixture$(TestSuite.scala:195)
[info]   at org.scalatest.funsuite.AnyFunSuite.withFixture(AnyFunSuite.scala:1564)
[info]   at org.scalatest.funsuite.AnyFunSuiteLike.invokeWithFixture$1(AnyFunSuiteLike.scala:224)
[info]   at org.scalatest.funsuite.AnyFunSuiteLike.$anonfun$runTest$1(AnyFunSuiteLike.scala:236)
[info]   at org.scalatest.SuperEngine.runTestImpl(Engine.scala:306)
[info]   at org.scalatest.funsuite.AnyFunSuiteLike.runTest(AnyFunSuiteLike.scala:236)
[info]   at org.scalatest.funsuite.AnyFunSuiteLike.runTest$(AnyFunSuiteLike.scala:218)
[info]   at org.scalatest.funsuite.AnyFunSuite.runTest(AnyFunSuite.scala:1564)
[info]   at org.scalatest.funsuite.AnyFunSuiteLike.$anonfun$runTests$1(AnyFunSuiteLike.scala:269)
[info]   at org.scalatest.SuperEngine.$anonfun$runTestsInBranch$1(Engine.scala:413)
[info]   at scala.collection.immutable.List.foreach(List.scala:334)
[info]   at org.scalatest.SuperEngine.traverseSubNodes$1(Engine.scala:401)
[info]   at org.scalatest.SuperEngine.runTestsInBranch(Engine.scala:396)
[info]   at org.scalatest.SuperEngine.runTestsImpl(Engine.scala:475)
[info]   at org.scalatest.funsuite.AnyFunSuiteLike.runTests(AnyFunSuiteLike.scala:269)
[info]   at org.scalatest.funsuite.AnyFunSuiteLike.runTests$(AnyFunSuiteLike.scala:268)
[info]   at org.scalatest.funsuite.AnyFunSuite.runTests(AnyFunSuite.scala:1564)
[info]   at org.scalatest.Suite.run(Suite.scala:1114)
[info]   at org.scalatest.Suite.run$(Suite.scala:1096)
[info]   at org.scalatest.funsuite.AnyFunSuite.org$scalatest$funsuite$AnyFunSuiteLike$$super$run(AnyFunSuite.scala:1564)
[info]   at org.scalatest.funsuite.AnyFunSuiteLike.$anonfun$run$1(AnyFunSuiteLike.scala:273)
[info]   at org.scalatest.SuperEngine.runImpl(Engine.scala:535)
[info]   at org.scalatest.funsuite.AnyFunSuiteLike.run(AnyFunSuiteLike.scala:273)
[info]   at org.scalatest.funsuite.AnyFunSuiteLike.run$(AnyFunSuiteLike.scala:272)
[info]   at frameless.TypedDatasetSuite.org$scalatest$BeforeAndAfterAll$$super$run(TypedDatasetSuite.scala:63)
[info]   at org.scalatest.BeforeAndAfterAll.liftedTree1$1(BeforeAndAfterAll.scala:213)
[info]   at org.scalatest.BeforeAndAfterAll.run(BeforeAndAfterAll.scala:210)
[info]   at org.scalatest.BeforeAndAfterAll.run$(BeforeAndAfterAll.scala:208)
[info]   at frameless.TypedDatasetSuite.run(TypedDatasetSuite.scala:63)
[info]   at org.scalatest.tools.Framework.org$scalatest$tools$Framework$$runSuite(Framework.scala:321)
[info]   at org.scalatest.tools.Framework$ScalaTestTask.execute(Framework.scala:517)
[info]   at sbt.ForkMain$Run.lambda$runTest$1(ForkMain.java:414)
[info]   at java.base/java.util.concurrent.FutureTask.run(FutureTask.java:317)
[info]   at java.base/java.util.concurrent.ThreadPoolExecutor.runWorker(ThreadPoolExecutor.java:1144)
[info]   at java.base/java.util.concurrent.ThreadPoolExecutor$Worker.run(ThreadPoolExecutor.java:642)
[info]   at java.base/java.lang.Thread.run(Thread.java:1583)
[info]   Cause: java.lang.IllegalArgumentException: argument type mismatch
[info]   at java.base/jdk.internal.reflect.DirectConstructorHandleAccessor.newInstance(DirectConstructorHandleAccessor.java:65)
[info]   at java.base/java.lang.reflect.Constructor.newInstanceWithCaller(Constructor.java:502)
[info]   at java.base/java.lang.reflect.Constructor.newInstance(Constructor.java:486)
[info]   at frameless.TypedExpressionEncoder$.$anonfun$apply$3(TypedExpressionEncoder.scala:55)
[info]   at scala.Option.map(Option.scala:242)
[info]   at frameless.TypedExpressionEncoder$.apply(TypedExpressionEncoder.scala:54)
[info]   at frameless.TypedDataset$.create(TypedDataset.scala:1325)
[info]   at frameless.ColumnTests.prop$5(ColumnTests.scala:506)
[info]   at frameless.ColumnTests.$anonfun$new$371(ColumnTests.scala:517)
[info]   at scala.Function1.$anonfun$andThen$1(Function1.scala:87)
[info]   at org.scalacheck.Prop$.$anonfun$forAllShrink$2(Prop.scala:868)
[info]   at org.scalacheck.Prop$.secure(Prop.scala:484)
[info]   at org.scalacheck.Prop$.result$1(Prop.scala:868)
[info]   at org.scalacheck.Prop$.$anonfun$forAllShrink$1(Prop.scala:915)
[info]   at org.scalacheck.Prop$.$anonfun$apply$1(Prop.scala:305)
[info]   at org.scalacheck.PropFromFun.apply(Prop.scala:20)
[info]   at org.scalacheck.Test$.workerFun$1(Test.scala:486)
[info]   at org.scalacheck.Test$.$anonfun$check$4(Test.scala:518)
[info]   at org.scalacheck.Test$.$anonfun$check$4$adapted(Test.scala:518)
[info]   at org.scalacheck.Platform$.runWorkers(Platform.scala:42)
[info]   at org.scalacheck.Test$.check(Test.scala:518)
[info]   at org.scalatestplus.scalacheck.UnitCheckerAsserting$CheckerAssertingImpl.check(CheckerAsserting.scala:90)
[info]   at org.scalatestplus.scalacheck.Checkers.check(Checkers.scala:371)
[info]   at org.scalatestplus.scalacheck.Checkers.check$(Checkers.scala:369)
[info]   at frameless.TypedDatasetSuite.check(TypedDatasetSuite.scala:63)
[info]   at frameless.ColumnTests.$anonfun$new$367(ColumnTests.scala:517)
[info]   at org.scalatest.OutcomeOf.outcomeOf(OutcomeOf.scala:85)
[info]   at org.scalatest.OutcomeOf.outcomeOf$(OutcomeOf.scala:83)
[info]   at org.scalatest.OutcomeOf$.outcomeOf(OutcomeOf.scala:104)
[info]   at org.scalatest.Transformer.apply(Transformer.scala:22)
[info]   at org.scalatest.Transformer.apply(Transformer.scala:20)
[info]   at org.scalatest.funsuite.AnyFunSuiteLike$$anon$1.apply(AnyFunSuiteLike.scala:226)
[info]   at org.scalatest.TestSuite.withFixture(TestSuite.scala:196)
[info]   at org.scalatest.TestSuite.withFixture$(TestSuite.scala:195)
[info]   at org.scalatest.funsuite.AnyFunSuite.withFixture(AnyFunSuite.scala:1564)
[info]   at org.scalatest.funsuite.AnyFunSuiteLike.invokeWithFixture$1(AnyFunSuiteLike.scala:224)
[info]   at org.scalatest.funsuite.AnyFunSuiteLike.$anonfun$runTest$1(AnyFunSuiteLike.scala:236)
[info]   at org.scalatest.SuperEngine.runTestImpl(Engine.scala:306)
[info]   at org.scalatest.funsuite.AnyFunSuiteLike.runTest(AnyFunSuiteLike.scala:236)
[info]   at org.scalatest.funsuite.AnyFunSuiteLike.runTest$(AnyFunSuiteLike.scala:218)
[info]   at org.scalatest.funsuite.AnyFunSuite.runTest(AnyFunSuite.scala:1564)
[info]   at org.scalatest.funsuite.AnyFunSuiteLike.$anonfun$runTests$1(AnyFunSuiteLike.scala:269)
[info]   at org.scalatest.SuperEngine.$anonfun$runTestsInBranch$1(Engine.scala:413)
[info]   at scala.collection.immutable.List.foreach(List.scala:334)
[info]   at org.scalatest.SuperEngine.traverseSubNodes$1(Engine.scala:401)
[info]   at org.scalatest.SuperEngine.runTestsInBranch(Engine.scala:396)
[info]   at org.scalatest.SuperEngine.runTestsImpl(Engine.scala:475)
[info]   at org.scalatest.funsuite.AnyFunSuiteLike.runTests(AnyFunSuiteLike.scala:269)
[info]   at org.scalatest.funsuite.AnyFunSuiteLike.runTests$(AnyFunSuiteLike.scala:268)
[info]   at org.scalatest.funsuite.AnyFunSuite.runTests(AnyFunSuite.scala:1564)
[info]   at org.scalatest.Suite.run(Suite.scala:1114)
[info]   at org.scalatest.Suite.run$(Suite.scala:1096)
[info]   at org.scalatest.funsuite.AnyFunSuite.org$scalatest$funsuite$AnyFunSuiteLike$$super$run(AnyFunSuite.scala:1564)
[info]   at org.scalatest.funsuite.AnyFunSuiteLike.$anonfun$run$1(AnyFunSuiteLike.scala:273)
[info]   at org.scalatest.SuperEngine.runImpl(Engine.scala:535)
[info]   at org.scalatest.funsuite.AnyFunSuiteLike.run(AnyFunSuiteLike.scala:273)
[info]   at org.scalatest.funsuite.AnyFunSuiteLike.run$(AnyFunSuiteLike.scala:272)
[info]   at frameless.TypedDatasetSuite.org$scalatest$BeforeAndAfterAll$$super$run(TypedDatasetSuite.scala:63)
[info]   at org.scalatest.BeforeAndAfterAll.liftedTree1$1(BeforeAndAfterAll.scala:213)
[info]   at org.scalatest.BeforeAndAfterAll.run(BeforeAndAfterAll.scala:210)
[info]   at org.scalatest.BeforeAndAfterAll.run$(BeforeAndAfterAll.scala:208)
[info]   at frameless.TypedDatasetSuite.run(TypedDatasetSuite.scala:63)
[info]   at org.scalatest.tools.Framework.org$scalatest$tools$Framework$$runSuite(Framework.scala:321)
[info]   at org.scalatest.tools.Framework$ScalaTestTask.execute(Framework.scala:517)
[info]   at sbt.ForkMain$Run.lambda$runTest$1(ForkMain.java:414)
[info]   at java.base/java.util.concurrent.FutureTask.run(FutureTask.java:317)
[info]   at java.base/java.util.concurrent.ThreadPoolExecutor.runWorker(ThreadPoolExecutor.java:1144)
[info]   at java.base/java.util.concurrent.ThreadPoolExecutor$Worker.run(ThreadPoolExecutor.java:642)
[info]   at java.base/java.lang.Thread.run(Thread.java:1583)
[info]   Cause: java.lang.ClassCastException: Cannot cast scala.reflect.ManifestFactory$IntManifest to org.apache.spark.sql.catalyst.expressions.Expression
[info]   at java.base/java.lang.Class.cast(Class.java:4067)
[info]   at java.base/jdk.internal.reflect.DirectConstructorHandleAccessor.newInstance(DirectConstructorHandleAccessor.java:62)
[info]   at java.base/java.lang.reflect.Constructor.newInstanceWithCaller(Constructor.java:502)
[info]   at java.base/java.lang.reflect.Constructor.newInstance(Constructor.java:486)
[info]   at frameless.TypedExpressionEncoder$.$anonfun$apply$3(TypedExpressionEncoder.scala:55)
[info]   at scala.Option.map(Option.scala:242)
[info]   at frameless.TypedExpressionEncoder$.apply(TypedExpressionEncoder.scala:54)
[info]   at frameless.TypedDataset$.create(TypedDataset.scala:1325)
[info]   at frameless.ColumnTests.prop$5(ColumnTests.scala:506)
[info]   at frameless.ColumnTests.$anonfun$new$371(ColumnTests.scala:517)
[info]   at scala.Function1.$anonfun$andThen$1(Function1.scala:87)
[info]   at org.scalacheck.Prop$.$anonfun$forAllShrink$2(Prop.scala:868)
[info]   at org.scalacheck.Prop$.secure(Prop.scala:484)
[info]   at org.scalacheck.Prop$.result$1(Prop.scala:868)
[info]   at org.scalacheck.Prop$.$anonfun$forAllShrink$1(Prop.scala:915)
[info]   at org.scalacheck.Prop$.$anonfun$apply$1(Prop.scala:305)
[info]   at org.scalacheck.PropFromFun.apply(Prop.scala:20)
[info]   at org.scalacheck.Test$.workerFun$1(Test.scala:486)
[info]   at org.scalacheck.Test$.$anonfun$check$4(Test.scala:518)
[info]   at org.scalacheck.Test$.$anonfun$check$4$adapted(Test.scala:518)
[info]   at org.scalacheck.Platform$.runWorkers(Platform.scala:42)
[info]   at org.scalacheck.Test$.check(Test.scala:518)
[info]   at org.scalatestplus.scalacheck.UnitCheckerAsserting$CheckerAssertingImpl.check(CheckerAsserting.scala:90)
[info]   at org.scalatestplus.scalacheck.Checkers.check(Checkers.scala:371)
[info]   at org.scalatestplus.scalacheck.Checkers.check$(Checkers.scala:369)
[info]   at frameless.TypedDatasetSuite.check(TypedDatasetSuite.scala:63)
[info]   at frameless.ColumnTests.$anonfun$new$367(ColumnTests.scala:517)
[info]   at org.scalatest.OutcomeOf.outcomeOf(OutcomeOf.scala:85)
[info]   at org.scalatest.OutcomeOf.outcomeOf$(OutcomeOf.scala:83)
[info]   at org.scalatest.OutcomeOf$.outcomeOf(OutcomeOf.scala:104)
[info]   at org.scalatest.Transformer.apply(Transformer.scala:22)
[info]   at org.scalatest.Transformer.apply(Transformer.scala:20)
[info]   at org.scalatest.funsuite.AnyFunSuiteLike$$anon$1.apply(AnyFunSuiteLike.scala:226)
[info]   at org.scalatest.TestSuite.withFixture(TestSuite.scala:196)
[info]   at org.scalatest.TestSuite.withFixture$(TestSuite.scala:195)
[info]   at org.scalatest.funsuite.AnyFunSuite.withFixture(AnyFunSuite.scala:1564)
[info]   at org.scalatest.funsuite.AnyFunSuiteLike.invokeWithFixture$1(AnyFunSuiteLike.scala:224)
[info]   at org.scalatest.funsuite.AnyFunSuiteLike.$anonfun$runTest$1(AnyFunSuiteLike.scala:236)
[info]   at org.scalatest.SuperEngine.runTestImpl(Engine.scala:306)
[info]   at org.scalatest.funsuite.AnyFunSuiteLike.runTest(AnyFunSuiteLike.scala:236)
[info]   at org.scalatest.funsuite.AnyFunSuiteLike.runTest$(AnyFunSuiteLike.scala:218)
[info]   at org.scalatest.funsuite.AnyFunSuite.runTest(AnyFunSuite.scala:1564)
[info]   at org.scalatest.funsuite.AnyFunSuiteLike.$anonfun$runTests$1(AnyFunSuiteLike.scala:269)
[info]   at org.scalatest.SuperEngine.$anonfun$runTestsInBranch$1(Engine.scala:413)
[info]   at scala.collection.immutable.List.foreach(List.scala:334)
[info]   at org.scalatest.SuperEngine.traverseSubNodes$1(Engine.scala:401)
[info]   at org.scalatest.SuperEngine.runTestsInBranch(Engine.scala:396)
[info]   at org.scalatest.SuperEngine.runTestsImpl(Engine.scala:475)
[info]   at org.scalatest.funsuite.AnyFunSuiteLike.runTests(AnyFunSuiteLike.scala:269)
[info]   at org.scalatest.funsuite.AnyFunSuiteLike.runTests$(AnyFunSuiteLike.scala:268)
[info]   at org.scalatest.funsuite.AnyFunSuite.runTests(AnyFunSuite.scala:1564)
[info]   at org.scalatest.Suite.run(Suite.scala:1114)
[info]   at org.scalatest.Suite.run$(Suite.scala:1096)
[info]   at org.scalatest.funsuite.AnyFunSuite.org$scalatest$funsuite$AnyFunSuiteLike$$super$run(AnyFunSuite.scala:1564)
[info]   at org.scalatest.funsuite.AnyFunSuiteLike.$anonfun$run$1(AnyFunSuiteLike.scala:273)
[info]   at org.scalatest.SuperEngine.runImpl(Engine.scala:535)
[info]   at org.scalatest.funsuite.AnyFunSuiteLike.run(AnyFunSuiteLike.scala:273)
[info]   at org.scalatest.funsuite.AnyFunSuiteLike.run$(AnyFunSuiteLike.scala:272)
[info]   at frameless.TypedDatasetSuite.org$scalatest$BeforeAndAfterAll$$super$run(TypedDatasetSuite.scala:63)
[info]   at org.scalatest.BeforeAndAfterAll.liftedTree1$1(BeforeAndAfterAll.scala:213)
[info]   at org.scalatest.BeforeAndAfterAll.run(BeforeAndAfterAll.scala:210)
[info]   at org.scalatest.BeforeAndAfterAll.run$(BeforeAndAfterAll.scala:208)
[info]   at frameless.TypedDatasetSuite.run(TypedDatasetSuite.scala:63)
[info]   at org.scalatest.tools.Framework.org$scalatest$tools$Framework$$runSuite(Framework.scala:321)
[info]   at org.scalatest.tools.Framework$ScalaTestTask.execute(Framework.scala:517)
[info]   at sbt.ForkMain$Run.lambda$runTest$1(ForkMain.java:414)
[info]   at java.base/java.util.concurrent.FutureTask.run(FutureTask.java:317)
[info]   at java.base/java.util.concurrent.ThreadPoolExecutor.runWorker(ThreadPoolExecutor.java:1144)
[info]   at java.base/java.util.concurrent.ThreadPoolExecutor$Worker.run(ThreadPoolExecutor.java:642)
[info]   at java.base/java.lang.Thread.run(Thread.java:1583)
[info] - asCol with numeric operators *** FAILED *** (1 millisecond)
[info]   IllegalArgumentException was thrown during property evaluation.
[info]     Message: argument type mismatch
[info]     Occurred when passed generated values (
[info]       arg0 = List()
[info]     )
[info]   org.scalatest.exceptions.GeneratorDrivenPropertyCheckFailedException:
[info]   at org.scalatestplus.scalacheck.CheckerAsserting$$anon$2.indicateFailure(CheckerAsserting.scala:251)
[info]   at org.scalatestplus.scalacheck.CheckerAsserting$$anon$2.indicateFailure(CheckerAsserting.scala:238)
[info]   at org.scalatestplus.scalacheck.UnitCheckerAsserting$CheckerAssertingImpl.check(CheckerAsserting.scala:160)
[info]   at org.scalatestplus.scalacheck.Checkers.check(Checkers.scala:371)
[info]   at org.scalatestplus.scalacheck.Checkers.check$(Checkers.scala:369)
[info]   at frameless.TypedDatasetSuite.check(TypedDatasetSuite.scala:63)
[info]   at frameless.ColumnTests.$anonfun$new$380(ColumnTests.scala:536)
[info]   at org.scalatest.OutcomeOf.outcomeOf(OutcomeOf.scala:85)
[info]   at org.scalatest.OutcomeOf.outcomeOf$(OutcomeOf.scala:83)
[info]   at org.scalatest.OutcomeOf$.outcomeOf(OutcomeOf.scala:104)
[info]   at org.scalatest.Transformer.apply(Transformer.scala:22)
[info]   at org.scalatest.Transformer.apply(Transformer.scala:20)
[info]   at org.scalatest.funsuite.AnyFunSuiteLike$$anon$1.apply(AnyFunSuiteLike.scala:226)
[info]   at org.scalatest.TestSuite.withFixture(TestSuite.scala:196)
[info]   at org.scalatest.TestSuite.withFixture$(TestSuite.scala:195)
[info]   at org.scalatest.funsuite.AnyFunSuite.withFixture(AnyFunSuite.scala:1564)
[info]   at org.scalatest.funsuite.AnyFunSuiteLike.invokeWithFixture$1(AnyFunSuiteLike.scala:224)
[info]   at org.scalatest.funsuite.AnyFunSuiteLike.$anonfun$runTest$1(AnyFunSuiteLike.scala:236)
[info]   at org.scalatest.SuperEngine.runTestImpl(Engine.scala:306)
[info]   at org.scalatest.funsuite.AnyFunSuiteLike.runTest(AnyFunSuiteLike.scala:236)
[info]   at org.scalatest.funsuite.AnyFunSuiteLike.runTest$(AnyFunSuiteLike.scala:218)
[info]   at org.scalatest.funsuite.AnyFunSuite.runTest(AnyFunSuite.scala:1564)
[info]   at org.scalatest.funsuite.AnyFunSuiteLike.$anonfun$runTests$1(AnyFunSuiteLike.scala:269)
[info]   at org.scalatest.SuperEngine.$anonfun$runTestsInBranch$1(Engine.scala:413)
[info]   at scala.collection.immutable.List.foreach(List.scala:334)
[info]   at org.scalatest.SuperEngine.traverseSubNodes$1(Engine.scala:401)
[info]   at org.scalatest.SuperEngine.runTestsInBranch(Engine.scala:396)
[info]   at org.scalatest.SuperEngine.runTestsImpl(Engine.scala:475)
[info]   at org.scalatest.funsuite.AnyFunSuiteLike.runTests(AnyFunSuiteLike.scala:269)
[info]   at org.scalatest.funsuite.AnyFunSuiteLike.runTests$(AnyFunSuiteLike.scala:268)
[info]   at org.scalatest.funsuite.AnyFunSuite.runTests(AnyFunSuite.scala:1564)
[info]   at org.scalatest.Suite.run(Suite.scala:1114)
[info]   at org.scalatest.Suite.run$(Suite.scala:1096)
[info]   at org.scalatest.funsuite.AnyFunSuite.org$scalatest$funsuite$AnyFunSuiteLike$$super$run(AnyFunSuite.scala:1564)
[info]   at org.scalatest.funsuite.AnyFunSuiteLike.$anonfun$run$1(AnyFunSuiteLike.scala:273)
[info]   at org.scalatest.SuperEngine.runImpl(Engine.scala:535)
[info]   at org.scalatest.funsuite.AnyFunSuiteLike.run(AnyFunSuiteLike.scala:273)
[info]   at org.scalatest.funsuite.AnyFunSuiteLike.run$(AnyFunSuiteLike.scala:272)
[info]   at frameless.TypedDatasetSuite.org$scalatest$BeforeAndAfterAll$$super$run(TypedDatasetSuite.scala:63)
[info]   at org.scalatest.BeforeAndAfterAll.liftedTree1$1(BeforeAndAfterAll.scala:213)
[info]   at org.scalatest.BeforeAndAfterAll.run(BeforeAndAfterAll.scala:210)
[info]   at org.scalatest.BeforeAndAfterAll.run$(BeforeAndAfterAll.scala:208)
[info]   at frameless.TypedDatasetSuite.run(TypedDatasetSuite.scala:63)
[info]   at org.scalatest.tools.Framework.org$scalatest$tools$Framework$$runSuite(Framework.scala:321)
[info]   at org.scalatest.tools.Framework$ScalaTestTask.execute(Framework.scala:517)
[info]   at sbt.ForkMain$Run.lambda$runTest$1(ForkMain.java:414)
[info]   at java.base/java.util.concurrent.FutureTask.run(FutureTask.java:317)
[info]   at java.base/java.util.concurrent.ThreadPoolExecutor.runWorker(ThreadPoolExecutor.java:1144)
[info]   at java.base/java.util.concurrent.ThreadPoolExecutor$Worker.run(ThreadPoolExecutor.java:642)
[info]   at java.base/java.lang.Thread.run(Thread.java:1583)
[info]   Cause: java.lang.IllegalArgumentException: argument type mismatch
[info]   at java.base/jdk.internal.reflect.DirectConstructorHandleAccessor.newInstance(DirectConstructorHandleAccessor.java:65)
[info]   at java.base/java.lang.reflect.Constructor.newInstanceWithCaller(Constructor.java:502)
[info]   at java.base/java.lang.reflect.Constructor.newInstance(Constructor.java:486)
[info]   at frameless.TypedExpressionEncoder$.$anonfun$apply$3(TypedExpressionEncoder.scala:55)
[info]   at scala.Option.map(Option.scala:242)
[info]   at frameless.TypedExpressionEncoder$.apply(TypedExpressionEncoder.scala:54)
[info]   at frameless.TypedDataset$.create(TypedDataset.scala:1325)
[info]   at frameless.ColumnTests.prop$6(ColumnTests.scala:525)
[info]   at frameless.ColumnTests.$anonfun$new$384(ColumnTests.scala:536)
[info]   at scala.Function1.$anonfun$andThen$1(Function1.scala:87)
[info]   at org.scalacheck.Prop$.$anonfun$forAllShrink$2(Prop.scala:868)
[info]   at org.scalacheck.Prop$.secure(Prop.scala:484)
[info]   at org.scalacheck.Prop$.result$1(Prop.scala:868)
[info]   at org.scalacheck.Prop$.$anonfun$forAllShrink$1(Prop.scala:915)
[info]   at org.scalacheck.Prop$.$anonfun$apply$1(Prop.scala:305)
[info]   at org.scalacheck.PropFromFun.apply(Prop.scala:20)
[info]   at org.scalacheck.Test$.workerFun$1(Test.scala:486)
[info]   at org.scalacheck.Test$.$anonfun$check$4(Test.scala:518)
[info]   at org.scalacheck.Test$.$anonfun$check$4$adapted(Test.scala:518)
[info]   at org.scalacheck.Platform$.runWorkers(Platform.scala:42)
[info]   at org.scalacheck.Test$.check(Test.scala:518)
[info]   at org.scalatestplus.scalacheck.UnitCheckerAsserting$CheckerAssertingImpl.check(CheckerAsserting.scala:90)
[info]   at org.scalatestplus.scalacheck.Checkers.check(Checkers.scala:371)
[info]   at org.scalatestplus.scalacheck.Checkers.check$(Checkers.scala:369)
[info]   at frameless.TypedDatasetSuite.check(TypedDatasetSuite.scala:63)
[info]   at frameless.ColumnTests.$anonfun$new$380(ColumnTests.scala:536)
[info]   at org.scalatest.OutcomeOf.outcomeOf(OutcomeOf.scala:85)
[info]   at org.scalatest.OutcomeOf.outcomeOf$(OutcomeOf.scala:83)
[info]   at org.scalatest.OutcomeOf$.outcomeOf(OutcomeOf.scala:104)
[info]   at org.scalatest.Transformer.apply(Transformer.scala:22)
[info]   at org.scalatest.Transformer.apply(Transformer.scala:20)
[info]   at org.scalatest.funsuite.AnyFunSuiteLike$$anon$1.apply(AnyFunSuiteLike.scala:226)
[info]   at org.scalatest.TestSuite.withFixture(TestSuite.scala:196)
[info]   at org.scalatest.TestSuite.withFixture$(TestSuite.scala:195)
[info]   at org.scalatest.funsuite.AnyFunSuite.withFixture(AnyFunSuite.scala:1564)
[info]   at org.scalatest.funsuite.AnyFunSuiteLike.invokeWithFixture$1(AnyFunSuiteLike.scala:224)
[info]   at org.scalatest.funsuite.AnyFunSuiteLike.$anonfun$runTest$1(AnyFunSuiteLike.scala:236)
[info]   at org.scalatest.SuperEngine.runTestImpl(Engine.scala:306)
[info]   at org.scalatest.funsuite.AnyFunSuiteLike.runTest(AnyFunSuiteLike.scala:236)
[info]   at org.scalatest.funsuite.AnyFunSuiteLike.runTest$(AnyFunSuiteLike.scala:218)
[info]   at org.scalatest.funsuite.AnyFunSuite.runTest(AnyFunSuite.scala:1564)
[info]   at org.scalatest.funsuite.AnyFunSuiteLike.$anonfun$runTests$1(AnyFunSuiteLike.scala:269)
[info]   at org.scalatest.SuperEngine.$anonfun$runTestsInBranch$1(Engine.scala:413)
[info]   at scala.collection.immutable.List.foreach(List.scala:334)
[info]   at org.scalatest.SuperEngine.traverseSubNodes$1(Engine.scala:401)
[info]   at org.scalatest.SuperEngine.runTestsInBranch(Engine.scala:396)
[info]   at org.scalatest.SuperEngine.runTestsImpl(Engine.scala:475)
[info]   at org.scalatest.funsuite.AnyFunSuiteLike.runTests(AnyFunSuiteLike.scala:269)
[info]   at org.scalatest.funsuite.AnyFunSuiteLike.runTests$(AnyFunSuiteLike.scala:268)
[info]   at org.scalatest.funsuite.AnyFunSuite.runTests(AnyFunSuite.scala:1564)
[info]   at org.scalatest.Suite.run(Suite.scala:1114)
[info]   at org.scalatest.Suite.run$(Suite.scala:1096)
[info]   at org.scalatest.funsuite.AnyFunSuite.org$scalatest$funsuite$AnyFunSuiteLike$$super$run(AnyFunSuite.scala:1564)
[info]   at org.scalatest.funsuite.AnyFunSuiteLike.$anonfun$run$1(AnyFunSuiteLike.scala:273)
[info]   at org.scalatest.SuperEngine.runImpl(Engine.scala:535)
[info]   at org.scalatest.funsuite.AnyFunSuiteLike.run(AnyFunSuiteLike.scala:273)
[info]   at org.scalatest.funsuite.AnyFunSuiteLike.run$(AnyFunSuiteLike.scala:272)
[info]   at frameless.TypedDatasetSuite.org$scalatest$BeforeAndAfterAll$$super$run(TypedDatasetSuite.scala:63)
[info]   at org.scalatest.BeforeAndAfterAll.liftedTree1$1(BeforeAndAfterAll.scala:213)
[info]   at org.scalatest.BeforeAndAfterAll.run(BeforeAndAfterAll.scala:210)
[info]   at org.scalatest.BeforeAndAfterAll.run$(BeforeAndAfterAll.scala:208)
[info]   at frameless.TypedDatasetSuite.run(TypedDatasetSuite.scala:63)
[info]   at org.scalatest.tools.Framework.org$scalatest$tools$Framework$$runSuite(Framework.scala:321)
[info]   at org.scalatest.tools.Framework$ScalaTestTask.execute(Framework.scala:517)
[info]   at sbt.ForkMain$Run.lambda$runTest$1(ForkMain.java:414)
[info]   at java.base/java.util.concurrent.FutureTask.run(FutureTask.java:317)
[info]   at java.base/java.util.concurrent.ThreadPoolExecutor.runWorker(ThreadPoolExecutor.java:1144)
[info]   at java.base/java.util.concurrent.ThreadPoolExecutor$Worker.run(ThreadPoolExecutor.java:642)
[info]   at java.base/java.lang.Thread.run(Thread.java:1583)
[info]   Cause: java.lang.ClassCastException: Cannot cast scala.reflect.ManifestFactory$LongManifest to org.apache.spark.sql.catalyst.expressions.Expression
[info]   at java.base/java.lang.Class.cast(Class.java:4067)
[info]   at java.base/jdk.internal.reflect.DirectConstructorHandleAccessor.newInstance(DirectConstructorHandleAccessor.java:62)
[info]   at java.base/java.lang.reflect.Constructor.newInstanceWithCaller(Constructor.java:502)
[info]   at java.base/java.lang.reflect.Constructor.newInstance(Constructor.java:486)
[info]   at frameless.TypedExpressionEncoder$.$anonfun$apply$3(TypedExpressionEncoder.scala:55)
[info]   at scala.Option.map(Option.scala:242)
[info]   at frameless.TypedExpressionEncoder$.apply(TypedExpressionEncoder.scala:54)
[info]   at frameless.TypedDataset$.create(TypedDataset.scala:1325)
[info]   at frameless.ColumnTests.prop$6(ColumnTests.scala:525)
[info]   at frameless.ColumnTests.$anonfun$new$384(ColumnTests.scala:536)
[info]   at scala.Function1.$anonfun$andThen$1(Function1.scala:87)
[info]   at org.scalacheck.Prop$.$anonfun$forAllShrink$2(Prop.scala:868)
[info]   at org.scalacheck.Prop$.secure(Prop.scala:484)
[info]   at org.scalacheck.Prop$.result$1(Prop.scala:868)
[info]   at org.scalacheck.Prop$.$anonfun$forAllShrink$1(Prop.scala:915)
[info]   at org.scalacheck.Prop$.$anonfun$apply$1(Prop.scala:305)
[info]   at org.scalacheck.PropFromFun.apply(Prop.scala:20)
[info]   at org.scalacheck.Test$.workerFun$1(Test.scala:486)
[info]   at org.scalacheck.Test$.$anonfun$check$4(Test.scala:518)
[info]   at org.scalacheck.Test$.$anonfun$check$4$adapted(Test.scala:518)
[info]   at org.scalacheck.Platform$.runWorkers(Platform.scala:42)
[info]   at org.scalacheck.Test$.check(Test.scala:518)
[info]   at org.scalatestplus.scalacheck.UnitCheckerAsserting$CheckerAssertingImpl.check(CheckerAsserting.scala:90)
[info]   at org.scalatestplus.scalacheck.Checkers.check(Checkers.scala:371)
[info]   at org.scalatestplus.scalacheck.Checkers.check$(Checkers.scala:369)
[info]   at frameless.TypedDatasetSuite.check(TypedDatasetSuite.scala:63)
[info]   at frameless.ColumnTests.$anonfun$new$380(ColumnTests.scala:536)
[info]   at org.scalatest.OutcomeOf.outcomeOf(OutcomeOf.scala:85)
[info]   at org.scalatest.OutcomeOf.outcomeOf$(OutcomeOf.scala:83)
[info]   at org.scalatest.OutcomeOf$.outcomeOf(OutcomeOf.scala:104)
[info]   at org.scalatest.Transformer.apply(Transformer.scala:22)
[info]   at org.scalatest.Transformer.apply(Transformer.scala:20)
[info]   at org.scalatest.funsuite.AnyFunSuiteLike$$anon$1.apply(AnyFunSuiteLike.scala:226)
[info]   at org.scalatest.TestSuite.withFixture(TestSuite.scala:196)
[info]   at org.scalatest.TestSuite.withFixture$(TestSuite.scala:195)
[info]   at org.scalatest.funsuite.AnyFunSuite.withFixture(AnyFunSuite.scala:1564)
[info]   at org.scalatest.funsuite.AnyFunSuiteLike.invokeWithFixture$1(AnyFunSuiteLike.scala:224)
[info]   at org.scalatest.funsuite.AnyFunSuiteLike.$anonfun$runTest$1(AnyFunSuiteLike.scala:236)
[info]   at org.scalatest.SuperEngine.runTestImpl(Engine.scala:306)
[info]   at org.scalatest.funsuite.AnyFunSuiteLike.runTest(AnyFunSuiteLike.scala:236)
[info]   at org.scalatest.funsuite.AnyFunSuiteLike.runTest$(AnyFunSuiteLike.scala:218)
[info]   at org.scalatest.funsuite.AnyFunSuite.runTest(AnyFunSuite.scala:1564)
[info]   at org.scalatest.funsuite.AnyFunSuiteLike.$anonfun$runTests$1(AnyFunSuiteLike.scala:269)
[info]   at org.scalatest.SuperEngine.$anonfun$runTestsInBranch$1(Engine.scala:413)
[info]   at scala.collection.immutable.List.foreach(List.scala:334)
[info]   at org.scalatest.SuperEngine.traverseSubNodes$1(Engine.scala:401)
[info]   at org.scalatest.SuperEngine.runTestsInBranch(Engine.scala:396)
[info]   at org.scalatest.SuperEngine.runTestsImpl(Engine.scala:475)
[info]   at org.scalatest.funsuite.AnyFunSuiteLike.runTests(AnyFunSuiteLike.scala:269)
[info]   at org.scalatest.funsuite.AnyFunSuiteLike.runTests$(AnyFunSuiteLike.scala:268)
[info]   at org.scalatest.funsuite.AnyFunSuite.runTests(AnyFunSuite.scala:1564)
[info]   at org.scalatest.Suite.run(Suite.scala:1114)
[info]   at org.scalatest.Suite.run$(Suite.scala:1096)
[info]   at org.scalatest.funsuite.AnyFunSuite.org$scalatest$funsuite$AnyFunSuiteLike$$super$run(AnyFunSuite.scala:1564)
[info]   at org.scalatest.funsuite.AnyFunSuiteLike.$anonfun$run$1(AnyFunSuiteLike.scala:273)
[info]   at org.scalatest.SuperEngine.runImpl(Engine.scala:535)
[info]   at org.scalatest.funsuite.AnyFunSuiteLike.run(AnyFunSuiteLike.scala:273)
[info]   at org.scalatest.funsuite.AnyFunSuiteLike.run$(AnyFunSuiteLike.scala:272)
[info]   at frameless.TypedDatasetSuite.org$scalatest$BeforeAndAfterAll$$super$run(TypedDatasetSuite.scala:63)
[info]   at org.scalatest.BeforeAndAfterAll.liftedTree1$1(BeforeAndAfterAll.scala:213)
[info]   at org.scalatest.BeforeAndAfterAll.run(BeforeAndAfterAll.scala:210)
[info]   at org.scalatest.BeforeAndAfterAll.run$(BeforeAndAfterAll.scala:208)
[info]   at frameless.TypedDatasetSuite.run(TypedDatasetSuite.scala:63)
[info]   at org.scalatest.tools.Framework.org$scalatest$tools$Framework$$runSuite(Framework.scala:321)
[info]   at org.scalatest.tools.Framework$ScalaTestTask.execute(Framework.scala:517)
[info]   at sbt.ForkMain$Run.lambda$runTest$1(ForkMain.java:414)
[info]   at java.base/java.util.concurrent.FutureTask.run(FutureTask.java:317)
[info]   at java.base/java.util.concurrent.ThreadPoolExecutor.runWorker(ThreadPoolExecutor.java:1144)
[info]   at java.base/java.util.concurrent.ThreadPoolExecutor$Worker.run(ThreadPoolExecutor.java:642)
[info]   at java.base/java.lang.Thread.run(Thread.java:1583)
[info] - reference Value class so can join on *** FAILED *** (3 milliseconds)
[info]   java.lang.IllegalArgumentException: argument type mismatch
[info]   at java.base/jdk.internal.reflect.DirectConstructorHandleAccessor.newInstance(DirectConstructorHandleAccessor.java:65)
[info]   at java.base/java.lang.reflect.Constructor.newInstanceWithCaller(Constructor.java:502)
[info]   at java.base/java.lang.reflect.Constructor.newInstance(Constructor.java:486)
[info]   at frameless.TypedExpressionEncoder$.$anonfun$apply$3(TypedExpressionEncoder.scala:55)
[info]   at scala.Option.map(Option.scala:242)
[info]   at frameless.TypedExpressionEncoder$.apply(TypedExpressionEncoder.scala:54)
[info]   at frameless.TypedDataset$.create(TypedDataset.scala:1325)
[info]   at frameless.ColumnTests.$anonfun$new$386(ColumnTests.scala:545)
[info]   at org.scalatest.OutcomeOf.outcomeOf(OutcomeOf.scala:85)
[info]   at org.scalatest.OutcomeOf.outcomeOf$(OutcomeOf.scala:83)
[info]   at org.scalatest.OutcomeOf$.outcomeOf(OutcomeOf.scala:104)
[info]   at org.scalatest.Transformer.apply(Transformer.scala:22)
[info]   at org.scalatest.Transformer.apply(Transformer.scala:20)
[info]   at org.scalatest.funsuite.AnyFunSuiteLike$$anon$1.apply(AnyFunSuiteLike.scala:226)
[info]   at org.scalatest.TestSuite.withFixture(TestSuite.scala:196)
[info]   at org.scalatest.TestSuite.withFixture$(TestSuite.scala:195)
[info]   at org.scalatest.funsuite.AnyFunSuite.withFixture(AnyFunSuite.scala:1564)
[info]   at org.scalatest.funsuite.AnyFunSuiteLike.invokeWithFixture$1(AnyFunSuiteLike.scala:224)
[info]   at org.scalatest.funsuite.AnyFunSuiteLike.$anonfun$runTest$1(AnyFunSuiteLike.scala:236)
[info]   at org.scalatest.SuperEngine.runTestImpl(Engine.scala:306)
[info]   at org.scalatest.funsuite.AnyFunSuiteLike.runTest(AnyFunSuiteLike.scala:236)
[info]   at org.scalatest.funsuite.AnyFunSuiteLike.runTest$(AnyFunSuiteLike.scala:218)
[info]   at org.scalatest.funsuite.AnyFunSuite.runTest(AnyFunSuite.scala:1564)
[info]   at org.scalatest.funsuite.AnyFunSuiteLike.$anonfun$runTests$1(AnyFunSuiteLike.scala:269)
[info]   at org.scalatest.SuperEngine.$anonfun$runTestsInBranch$1(Engine.scala:413)
[info]   at scala.collection.immutable.List.foreach(List.scala:334)
[info]   at org.scalatest.SuperEngine.traverseSubNodes$1(Engine.scala:401)
[info]   at org.scalatest.SuperEngine.runTestsInBranch(Engine.scala:396)
[info]   at org.scalatest.SuperEngine.runTestsImpl(Engine.scala:475)
[info]   at org.scalatest.funsuite.AnyFunSuiteLike.runTests(AnyFunSuiteLike.scala:269)
[info]   at org.scalatest.funsuite.AnyFunSuiteLike.runTests$(AnyFunSuiteLike.scala:268)
[info]   at org.scalatest.funsuite.AnyFunSuite.runTests(AnyFunSuite.scala:1564)
[info]   at org.scalatest.Suite.run(Suite.scala:1114)
[info]   at org.scalatest.Suite.run$(Suite.scala:1096)
[info]   at org.scalatest.funsuite.AnyFunSuite.org$scalatest$funsuite$AnyFunSuiteLike$$super$run(AnyFunSuite.scala:1564)
[info]   at org.scalatest.funsuite.AnyFunSuiteLike.$anonfun$run$1(AnyFunSuiteLike.scala:273)
[info]   at org.scalatest.SuperEngine.runImpl(Engine.scala:535)
[info]   at org.scalatest.funsuite.AnyFunSuiteLike.run(AnyFunSuiteLike.scala:273)
[info]   at org.scalatest.funsuite.AnyFunSuiteLike.run$(AnyFunSuiteLike.scala:272)
[info]   at frameless.TypedDatasetSuite.org$scalatest$BeforeAndAfterAll$$super$run(TypedDatasetSuite.scala:63)
[info]   at org.scalatest.BeforeAndAfterAll.liftedTree1$1(BeforeAndAfterAll.scala:213)
[info]   at org.scalatest.BeforeAndAfterAll.run(BeforeAndAfterAll.scala:210)
[info]   at org.scalatest.BeforeAndAfterAll.run$(BeforeAndAfterAll.scala:208)
[info]   at frameless.TypedDatasetSuite.run(TypedDatasetSuite.scala:63)
[info]   at org.scalatest.tools.Framework.org$scalatest$tools$Framework$$runSuite(Framework.scala:321)
[info]   at org.scalatest.tools.Framework$ScalaTestTask.execute(Framework.scala:517)
[info]   at sbt.ForkMain$Run.lambda$runTest$1(ForkMain.java:414)
[info]   at java.base/java.util.concurrent.FutureTask.run(FutureTask.java:317)
[info]   at java.base/java.util.concurrent.ThreadPoolExecutor.runWorker(ThreadPoolExecutor.java:1144)
[info]   at java.base/java.util.concurrent.ThreadPoolExecutor$Worker.run(ThreadPoolExecutor.java:642)
[info]   at java.base/java.lang.Thread.run(Thread.java:1583)
[info]   Cause: java.lang.ClassCastException: Cannot cast scala.reflect.ClassTag$GenericClassTag to org.apache.spark.sql.catalyst.expressions.Expression
[info]   at java.base/java.lang.Class.cast(Class.java:4067)
[info]   at java.base/jdk.internal.reflect.DirectConstructorHandleAccessor.newInstance(DirectConstructorHandleAccessor.java:62)
[info]   at java.base/java.lang.reflect.Constructor.newInstanceWithCaller(Constructor.java:502)
[info]   at java.base/java.lang.reflect.Constructor.newInstance(Constructor.java:486)
[info]   at frameless.TypedExpressionEncoder$.$anonfun$apply$3(TypedExpressionEncoder.scala:55)
[info]   at scala.Option.map(Option.scala:242)
[info]   at frameless.TypedExpressionEncoder$.apply(TypedExpressionEncoder.scala:54)
[info]   at frameless.TypedDataset$.create(TypedDataset.scala:1325)
[info]   at frameless.ColumnTests.$anonfun$new$386(ColumnTests.scala:545)
[info]   at org.scalatest.OutcomeOf.outcomeOf(OutcomeOf.scala:85)
[info]   at org.scalatest.OutcomeOf.outcomeOf$(OutcomeOf.scala:83)
[info]   at org.scalatest.OutcomeOf$.outcomeOf(OutcomeOf.scala:104)
[info]   at org.scalatest.Transformer.apply(Transformer.scala:22)
[info]   at org.scalatest.Transformer.apply(Transformer.scala:20)
[info]   at org.scalatest.funsuite.AnyFunSuiteLike$$anon$1.apply(AnyFunSuiteLike.scala:226)
[info]   at org.scalatest.TestSuite.withFixture(TestSuite.scala:196)
[info]   at org.scalatest.TestSuite.withFixture$(TestSuite.scala:195)
[info]   at org.scalatest.funsuite.AnyFunSuite.withFixture(AnyFunSuite.scala:1564)
[info]   at org.scalatest.funsuite.AnyFunSuiteLike.invokeWithFixture$1(AnyFunSuiteLike.scala:224)
[info]   at org.scalatest.funsuite.AnyFunSuiteLike.$anonfun$runTest$1(AnyFunSuiteLike.scala:236)
[info]   at org.scalatest.SuperEngine.runTestImpl(Engine.scala:306)
[info]   at org.scalatest.funsuite.AnyFunSuiteLike.runTest(AnyFunSuiteLike.scala:236)
[info]   at org.scalatest.funsuite.AnyFunSuiteLike.runTest$(AnyFunSuiteLike.scala:218)
[info]   at org.scalatest.funsuite.AnyFunSuite.runTest(AnyFunSuite.scala:1564)
[info]   at org.scalatest.funsuite.AnyFunSuiteLike.$anonfun$runTests$1(AnyFunSuiteLike.scala:269)
[info]   at org.scalatest.SuperEngine.$anonfun$runTestsInBranch$1(Engine.scala:413)
[info]   at scala.collection.immutable.List.foreach(List.scala:334)
[info]   at org.scalatest.SuperEngine.traverseSubNodes$1(Engine.scala:401)
[info]   at org.scalatest.SuperEngine.runTestsInBranch(Engine.scala:396)
[info]   at org.scalatest.SuperEngine.runTestsImpl(Engine.scala:475)
[info]   at org.scalatest.funsuite.AnyFunSuiteLike.runTests(AnyFunSuiteLike.scala:269)
[info]   at org.scalatest.funsuite.AnyFunSuiteLike.runTests$(AnyFunSuiteLike.scala:268)
[info]   at org.scalatest.funsuite.AnyFunSuite.runTests(AnyFunSuite.scala:1564)
[info]   at org.scalatest.Suite.run(Suite.scala:1114)
[info]   at org.scalatest.Suite.run$(Suite.scala:1096)
[info]   at org.scalatest.funsuite.AnyFunSuite.org$scalatest$funsuite$AnyFunSuiteLike$$super$run(AnyFunSuite.scala:1564)
[info]   at org.scalatest.funsuite.AnyFunSuiteLike.$anonfun$run$1(AnyFunSuiteLike.scala:273)
[info]   at org.scalatest.SuperEngine.runImpl(Engine.scala:535)
[info]   at org.scalatest.funsuite.AnyFunSuiteLike.run(AnyFunSuiteLike.scala:273)
[info]   at org.scalatest.funsuite.AnyFunSuiteLike.run$(AnyFunSuiteLike.scala:272)
[info]   at frameless.TypedDatasetSuite.org$scalatest$BeforeAndAfterAll$$super$run(TypedDatasetSuite.scala:63)
[info]   at org.scalatest.BeforeAndAfterAll.liftedTree1$1(BeforeAndAfterAll.scala:213)
[info]   at org.scalatest.BeforeAndAfterAll.run(BeforeAndAfterAll.scala:210)
[info]   at org.scalatest.BeforeAndAfterAll.run$(BeforeAndAfterAll.scala:208)
[info]   at frameless.TypedDatasetSuite.run(TypedDatasetSuite.scala:63)
[info]   at org.scalatest.tools.Framework.org$scalatest$tools$Framework$$runSuite(Framework.scala:321)
[info]   at org.scalatest.tools.Framework$ScalaTestTask.execute(Framework.scala:517)
[info]   at sbt.ForkMain$Run.lambda$runTest$1(ForkMain.java:414)
[info]   at java.base/java.util.concurrent.FutureTask.run(FutureTask.java:317)
[info]   at java.base/java.util.concurrent.ThreadPoolExecutor.runWorker(ThreadPoolExecutor.java:1144)
[info]   at java.base/java.util.concurrent.ThreadPoolExecutor$Worker.run(ThreadPoolExecutor.java:642)
[info]   at java.base/java.lang.Thread.run(Thread.java:1583)
[info] - unary_! *** FAILED *** (1 millisecond)
[info]   java.lang.IllegalArgumentException: argument type mismatch
[info]   at java.base/jdk.internal.reflect.DirectConstructorHandleAccessor.newInstance(DirectConstructorHandleAccessor.java:65)
[info]   at java.base/java.lang.reflect.Constructor.newInstanceWithCaller(Constructor.java:502)
[info]   at java.base/java.lang.reflect.Constructor.newInstance(Constructor.java:486)
[info]   at frameless.TypedExpressionEncoder$.$anonfun$apply$3(TypedExpressionEncoder.scala:55)
[info]   at scala.Option.map(Option.scala:242)
[info]   at frameless.TypedExpressionEncoder$.apply(TypedExpressionEncoder.scala:54)
[info]   at frameless.TypedDataset$.create(TypedDataset.scala:1325)
[info]   at frameless.ColumnTests.$anonfun$new$407(ColumnTests.scala:556)
[info]   at org.scalatest.OutcomeOf.outcomeOf(OutcomeOf.scala:85)
[info]   at org.scalatest.OutcomeOf.outcomeOf$(OutcomeOf.scala:83)
[info]   at org.scalatest.OutcomeOf$.outcomeOf(OutcomeOf.scala:104)
[info]   at org.scalatest.Transformer.apply(Transformer.scala:22)
[info]   at org.scalatest.Transformer.apply(Transformer.scala:20)
[info]   at org.scalatest.funsuite.AnyFunSuiteLike$$anon$1.apply(AnyFunSuiteLike.scala:226)
[info]   at org.scalatest.TestSuite.withFixture(TestSuite.scala:196)
[info]   at org.scalatest.TestSuite.withFixture$(TestSuite.scala:195)
[info]   at org.scalatest.funsuite.AnyFunSuite.withFixture(AnyFunSuite.scala:1564)
[info]   at org.scalatest.funsuite.AnyFunSuiteLike.invokeWithFixture$1(AnyFunSuiteLike.scala:224)
[info]   at org.scalatest.funsuite.AnyFunSuiteLike.$anonfun$runTest$1(AnyFunSuiteLike.scala:236)
[info]   at org.scalatest.SuperEngine.runTestImpl(Engine.scala:306)
[info]   at org.scalatest.funsuite.AnyFunSuiteLike.runTest(AnyFunSuiteLike.scala:236)
[info]   at org.scalatest.funsuite.AnyFunSuiteLike.runTest$(AnyFunSuiteLike.scala:218)
[info]   at org.scalatest.funsuite.AnyFunSuite.runTest(AnyFunSuite.scala:1564)
[info]   at org.scalatest.funsuite.AnyFunSuiteLike.$anonfun$runTests$1(AnyFunSuiteLike.scala:269)
[info]   at org.scalatest.SuperEngine.$anonfun$runTestsInBranch$1(Engine.scala:413)
[info]   at scala.collection.immutable.List.foreach(List.scala:334)
[info]   at org.scalatest.SuperEngine.traverseSubNodes$1(Engine.scala:401)
[info]   at org.scalatest.SuperEngine.runTestsInBranch(Engine.scala:396)
[info]   at org.scalatest.SuperEngine.runTestsImpl(Engine.scala:475)
[info]   at org.scalatest.funsuite.AnyFunSuiteLike.runTests(AnyFunSuiteLike.scala:269)
[info]   at org.scalatest.funsuite.AnyFunSuiteLike.runTests$(AnyFunSuiteLike.scala:268)
[info]   at org.scalatest.funsuite.AnyFunSuite.runTests(AnyFunSuite.scala:1564)
[info]   at org.scalatest.Suite.run(Suite.scala:1114)
[info]   at org.scalatest.Suite.run$(Suite.scala:1096)
[info]   at org.scalatest.funsuite.AnyFunSuite.org$scalatest$funsuite$AnyFunSuiteLike$$super$run(AnyFunSuite.scala:1564)
[info]   at org.scalatest.funsuite.AnyFunSuiteLike.$anonfun$run$1(AnyFunSuiteLike.scala:273)
[info]   at org.scalatest.SuperEngine.runImpl(Engine.scala:535)
[info]   at org.scalatest.funsuite.AnyFunSuiteLike.run(AnyFunSuiteLike.scala:273)
[info]   at org.scalatest.funsuite.AnyFunSuiteLike.run$(AnyFunSuiteLike.scala:272)
[info]   at frameless.TypedDatasetSuite.org$scalatest$BeforeAndAfterAll$$super$run(TypedDatasetSuite.scala:63)
[info]   at org.scalatest.BeforeAndAfterAll.liftedTree1$1(BeforeAndAfterAll.scala:213)
[info]   at org.scalatest.BeforeAndAfterAll.run(BeforeAndAfterAll.scala:210)
[info]   at org.scalatest.BeforeAndAfterAll.run$(BeforeAndAfterAll.scala:208)
[info]   at frameless.TypedDatasetSuite.run(TypedDatasetSuite.scala:63)
[info]   at org.scalatest.tools.Framework.org$scalatest$tools$Framework$$runSuite(Framework.scala:321)
[info]   at org.scalatest.tools.Framework$ScalaTestTask.execute(Framework.scala:517)
[info]   at sbt.ForkMain$Run.lambda$runTest$1(ForkMain.java:414)
[info]   at java.base/java.util.concurrent.FutureTask.run(FutureTask.java:317)
[info]   at java.base/java.util.concurrent.ThreadPoolExecutor.runWorker(ThreadPoolExecutor.java:1144)
[info]   at java.base/java.util.concurrent.ThreadPoolExecutor$Worker.run(ThreadPoolExecutor.java:642)
[info]   at java.base/java.lang.Thread.run(Thread.java:1583)
[info]   Cause: java.lang.ClassCastException: Cannot cast scala.reflect.ClassTag$GenericClassTag to org.apache.spark.sql.catalyst.expressions.Expression
[info]   at java.base/java.lang.Class.cast(Class.java:4067)
[info]   at java.base/jdk.internal.reflect.DirectConstructorHandleAccessor.newInstance(DirectConstructorHandleAccessor.java:62)
[info]   at java.base/java.lang.reflect.Constructor.newInstanceWithCaller(Constructor.java:502)
[info]   at java.base/java.lang.reflect.Constructor.newInstance(Constructor.java:486)
[info]   at frameless.TypedExpressionEncoder$.$anonfun$apply$3(TypedExpressionEncoder.scala:55)
[info]   at scala.Option.map(Option.scala:242)
[info]   at frameless.TypedExpressionEncoder$.apply(TypedExpressionEncoder.scala:54)
[info]   at frameless.TypedDataset$.create(TypedDataset.scala:1325)
[info]   at frameless.ColumnTests.$anonfun$new$407(ColumnTests.scala:556)
[info]   at org.scalatest.OutcomeOf.outcomeOf(OutcomeOf.scala:85)
[info]   at org.scalatest.OutcomeOf.outcomeOf$(OutcomeOf.scala:83)
[info]   at org.scalatest.OutcomeOf$.outcomeOf(OutcomeOf.scala:104)
[info]   at org.scalatest.Transformer.apply(Transformer.scala:22)
[info]   at org.scalatest.Transformer.apply(Transformer.scala:20)
[info]   at org.scalatest.funsuite.AnyFunSuiteLike$$anon$1.apply(AnyFunSuiteLike.scala:226)
[info]   at org.scalatest.TestSuite.withFixture(TestSuite.scala:196)
[info]   at org.scalatest.TestSuite.withFixture$(TestSuite.scala:195)
[info]   at org.scalatest.funsuite.AnyFunSuite.withFixture(AnyFunSuite.scala:1564)
[info]   at org.scalatest.funsuite.AnyFunSuiteLike.invokeWithFixture$1(AnyFunSuiteLike.scala:224)
[info]   at org.scalatest.funsuite.AnyFunSuiteLike.$anonfun$runTest$1(AnyFunSuiteLike.scala:236)
[info]   at org.scalatest.SuperEngine.runTestImpl(Engine.scala:306)
[info]   at org.scalatest.funsuite.AnyFunSuiteLike.runTest(AnyFunSuiteLike.scala:236)
[info]   at org.scalatest.funsuite.AnyFunSuiteLike.runTest$(AnyFunSuiteLike.scala:218)
[info]   at org.scalatest.funsuite.AnyFunSuite.runTest(AnyFunSuite.scala:1564)
[info]   at org.scalatest.funsuite.AnyFunSuiteLike.$anonfun$runTests$1(AnyFunSuiteLike.scala:269)
[info]   at org.scalatest.SuperEngine.$anonfun$runTestsInBranch$1(Engine.scala:413)
[info]   at scala.collection.immutable.List.foreach(List.scala:334)
[info]   at org.scalatest.SuperEngine.traverseSubNodes$1(Engine.scala:401)
[info]   at org.scalatest.SuperEngine.runTestsInBranch(Engine.scala:396)
[info]   at org.scalatest.SuperEngine.runTestsImpl(Engine.scala:475)
[info]   at org.scalatest.funsuite.AnyFunSuiteLike.runTests(AnyFunSuiteLike.scala:269)
[info]   at org.scalatest.funsuite.AnyFunSuiteLike.runTests$(AnyFunSuiteLike.scala:268)
[info]   at org.scalatest.funsuite.AnyFunSuite.runTests(AnyFunSuite.scala:1564)
[info]   at org.scalatest.Suite.run(Suite.scala:1114)
[info]   at org.scalatest.Suite.run$(Suite.scala:1096)
[info]   at org.scalatest.funsuite.AnyFunSuite.org$scalatest$funsuite$AnyFunSuiteLike$$super$run(AnyFunSuite.scala:1564)
[info]   at org.scalatest.funsuite.AnyFunSuiteLike.$anonfun$run$1(AnyFunSuiteLike.scala:273)
[info]   at org.scalatest.SuperEngine.runImpl(Engine.scala:535)
[info]   at org.scalatest.funsuite.AnyFunSuiteLike.run(AnyFunSuiteLike.scala:273)
[info]   at org.scalatest.funsuite.AnyFunSuiteLike.run$(AnyFunSuiteLike.scala:272)
[info]   at frameless.TypedDatasetSuite.org$scalatest$BeforeAndAfterAll$$super$run(TypedDatasetSuite.scala:63)
[info]   at org.scalatest.BeforeAndAfterAll.liftedTree1$1(BeforeAndAfterAll.scala:213)
[info]   at org.scalatest.BeforeAndAfterAll.run(BeforeAndAfterAll.scala:210)
[info]   at org.scalatest.BeforeAndAfterAll.run$(BeforeAndAfterAll.scala:208)
[info]   at frameless.TypedDatasetSuite.run(TypedDatasetSuite.scala:63)
[info]   at org.scalatest.tools.Framework.org$scalatest$tools$Framework$$runSuite(Framework.scala:321)
[info]   at org.scalatest.tools.Framework$ScalaTestTask.execute(Framework.scala:517)
[info]   at sbt.ForkMain$Run.lambda$runTest$1(ForkMain.java:414)
[info]   at java.base/java.util.concurrent.FutureTask.run(FutureTask.java:317)
[info]   at java.base/java.util.concurrent.ThreadPoolExecutor.runWorker(ThreadPoolExecutor.java:1144)
[info]   at java.base/java.util.concurrent.ThreadPoolExecutor$Worker.run(ThreadPoolExecutor.java:642)
[info]   at java.base/java.lang.Thread.run(Thread.java:1583)
[info] - unary_! with non-boolean columns should not compile *** FAILED *** (2 milliseconds)
[info]   java.lang.IllegalArgumentException: argument type mismatch
[info]   at java.base/jdk.internal.reflect.DirectConstructorHandleAccessor.newInstance(DirectConstructorHandleAccessor.java:65)
[info]   at java.base/java.lang.reflect.Constructor.newInstanceWithCaller(Constructor.java:502)
[info]   at java.base/java.lang.reflect.Constructor.newInstance(Constructor.java:486)
[info]   at frameless.TypedExpressionEncoder$.$anonfun$apply$3(TypedExpressionEncoder.scala:55)
[info]   at scala.Option.map(Option.scala:242)
[info]   at frameless.TypedExpressionEncoder$.apply(TypedExpressionEncoder.scala:54)
[info]   at frameless.TypedDataset$.create(TypedDataset.scala:1325)
[info]   at frameless.ColumnTests.$anonfun$new$416(ColumnTests.scala:564)
[info]   at org.scalatest.OutcomeOf.outcomeOf(OutcomeOf.scala:85)
[info]   at org.scalatest.OutcomeOf.outcomeOf$(OutcomeOf.scala:83)
[info]   at org.scalatest.OutcomeOf$.outcomeOf(OutcomeOf.scala:104)
[info]   at org.scalatest.Transformer.apply(Transformer.scala:22)
[info]   at org.scalatest.Transformer.apply(Transformer.scala:20)
[info]   at org.scalatest.funsuite.AnyFunSuiteLike$$anon$1.apply(AnyFunSuiteLike.scala:226)
[info]   at org.scalatest.TestSuite.withFixture(TestSuite.scala:196)
[info]   at org.scalatest.TestSuite.withFixture$(TestSuite.scala:195)
[info]   at org.scalatest.funsuite.AnyFunSuite.withFixture(AnyFunSuite.scala:1564)
[info]   at org.scalatest.funsuite.AnyFunSuiteLike.invokeWithFixture$1(AnyFunSuiteLike.scala:224)
[info]   at org.scalatest.funsuite.AnyFunSuiteLike.$anonfun$runTest$1(AnyFunSuiteLike.scala:236)
[info]   at org.scalatest.SuperEngine.runTestImpl(Engine.scala:306)
[info]   at org.scalatest.funsuite.AnyFunSuiteLike.runTest(AnyFunSuiteLike.scala:236)
[info]   at org.scalatest.funsuite.AnyFunSuiteLike.runTest$(AnyFunSuiteLike.scala:218)
[info]   at org.scalatest.funsuite.AnyFunSuite.runTest(AnyFunSuite.scala:1564)
[info]   at org.scalatest.funsuite.AnyFunSuiteLike.$anonfun$runTests$1(AnyFunSuiteLike.scala:269)
[info]   at org.scalatest.SuperEngine.$anonfun$runTestsInBranch$1(Engine.scala:413)
[info]   at scala.collection.immutable.List.foreach(List.scala:334)
[info]   at org.scalatest.SuperEngine.traverseSubNodes$1(Engine.scala:401)
[info]   at org.scalatest.SuperEngine.runTestsInBranch(Engine.scala:396)
[info]   at org.scalatest.SuperEngine.runTestsImpl(Engine.scala:475)
[info]   at org.scalatest.funsuite.AnyFunSuiteLike.runTests(AnyFunSuiteLike.scala:269)
[info]   at org.scalatest.funsuite.AnyFunSuiteLike.runTests$(AnyFunSuiteLike.scala:268)
[info]   at org.scalatest.funsuite.AnyFunSuite.runTests(AnyFunSuite.scala:1564)
[info]   at org.scalatest.Suite.run(Suite.scala:1114)
[info]   at org.scalatest.Suite.run$(Suite.scala:1096)
[info]   at org.scalatest.funsuite.AnyFunSuite.org$scalatest$funsuite$AnyFunSuiteLike$$super$run(AnyFunSuite.scala:1564)
[info]   at org.scalatest.funsuite.AnyFunSuiteLike.$anonfun$run$1(AnyFunSuiteLike.scala:273)
[info]   at org.scalatest.SuperEngine.runImpl(Engine.scala:535)
[info]   at org.scalatest.funsuite.AnyFunSuiteLike.run(AnyFunSuiteLike.scala:273)
[info]   at org.scalatest.funsuite.AnyFunSuiteLike.run$(AnyFunSuiteLike.scala:272)
[info]   at frameless.TypedDatasetSuite.org$scalatest$BeforeAndAfterAll$$super$run(TypedDatasetSuite.scala:63)
[info]   at org.scalatest.BeforeAndAfterAll.liftedTree1$1(BeforeAndAfterAll.scala:213)
[info]   at org.scalatest.BeforeAndAfterAll.run(BeforeAndAfterAll.scala:210)
[info]   at org.scalatest.BeforeAndAfterAll.run$(BeforeAndAfterAll.scala:208)
[info]   at frameless.TypedDatasetSuite.run(TypedDatasetSuite.scala:63)
[info]   at org.scalatest.tools.Framework.org$scalatest$tools$Framework$$runSuite(Framework.scala:321)
[info]   at org.scalatest.tools.Framework$ScalaTestTask.execute(Framework.scala:517)
[info]   at sbt.ForkMain$Run.lambda$runTest$1(ForkMain.java:414)
[info]   at java.base/java.util.concurrent.FutureTask.run(FutureTask.java:317)
[info]   at java.base/java.util.concurrent.ThreadPoolExecutor.runWorker(ThreadPoolExecutor.java:1144)
[info]   at java.base/java.util.concurrent.ThreadPoolExecutor$Worker.run(ThreadPoolExecutor.java:642)
[info]   at java.base/java.lang.Thread.run(Thread.java:1583)
[info]   Cause: java.lang.ClassCastException: Cannot cast scala.reflect.ClassTag$GenericClassTag to org.apache.spark.sql.catalyst.expressions.Expression
[info]   at java.base/java.lang.Class.cast(Class.java:4067)
[info]   at java.base/jdk.internal.reflect.DirectConstructorHandleAccessor.newInstance(DirectConstructorHandleAccessor.java:62)
[info]   at java.base/java.lang.reflect.Constructor.newInstanceWithCaller(Constructor.java:502)
[info]   at java.base/java.lang.reflect.Constructor.newInstance(Constructor.java:486)
[info]   at frameless.TypedExpressionEncoder$.$anonfun$apply$3(TypedExpressionEncoder.scala:55)
[info]   at scala.Option.map(Option.scala:242)
[info]   at frameless.TypedExpressionEncoder$.apply(TypedExpressionEncoder.scala:54)
[info]   at frameless.TypedDataset$.create(TypedDataset.scala:1325)
[info]   at frameless.ColumnTests.$anonfun$new$416(ColumnTests.scala:564)
[info]   at org.scalatest.OutcomeOf.outcomeOf(OutcomeOf.scala:85)
[info]   at org.scalatest.OutcomeOf.outcomeOf$(OutcomeOf.scala:83)
[info]   at org.scalatest.OutcomeOf$.outcomeOf(OutcomeOf.scala:104)
[info]   at org.scalatest.Transformer.apply(Transformer.scala:22)
[info]   at org.scalatest.Transformer.apply(Transformer.scala:20)
[info]   at org.scalatest.funsuite.AnyFunSuiteLike$$anon$1.apply(AnyFunSuiteLike.scala:226)
[info]   at org.scalatest.TestSuite.withFixture(TestSuite.scala:196)
[info]   at org.scalatest.TestSuite.withFixture$(TestSuite.scala:195)
[info]   at org.scalatest.funsuite.AnyFunSuite.withFixture(AnyFunSuite.scala:1564)
[info]   at org.scalatest.funsuite.AnyFunSuiteLike.invokeWithFixture$1(AnyFunSuiteLike.scala:224)
[info]   at org.scalatest.funsuite.AnyFunSuiteLike.$anonfun$runTest$1(AnyFunSuiteLike.scala:236)
[info]   at org.scalatest.SuperEngine.runTestImpl(Engine.scala:306)
[info]   at org.scalatest.funsuite.AnyFunSuiteLike.runTest(AnyFunSuiteLike.scala:236)
[info]   at org.scalatest.funsuite.AnyFunSuiteLike.runTest$(AnyFunSuiteLike.scala:218)
[info]   at org.scalatest.funsuite.AnyFunSuite.runTest(AnyFunSuite.scala:1564)
[info]   at org.scalatest.funsuite.AnyFunSuiteLike.$anonfun$runTests$1(AnyFunSuiteLike.scala:269)
[info]   at org.scalatest.SuperEngine.$anonfun$runTestsInBranch$1(Engine.scala:413)
[info]   at scala.collection.immutable.List.foreach(List.scala:334)
[info]   at org.scalatest.SuperEngine.traverseSubNodes$1(Engine.scala:401)
[info]   at org.scalatest.SuperEngine.runTestsInBranch(Engine.scala:396)
[info]   at org.scalatest.SuperEngine.runTestsImpl(Engine.scala:475)
[info]   at org.scalatest.funsuite.AnyFunSuiteLike.runTests(AnyFunSuiteLike.scala:269)
[info]   at org.scalatest.funsuite.AnyFunSuiteLike.runTests$(AnyFunSuiteLike.scala:268)
[info]   at org.scalatest.funsuite.AnyFunSuite.runTests(AnyFunSuite.scala:1564)
[info]   at org.scalatest.Suite.run(Suite.scala:1114)
[info]   at org.scalatest.Suite.run$(Suite.scala:1096)
[info]   at org.scalatest.funsuite.AnyFunSuite.org$scalatest$funsuite$AnyFunSuiteLike$$super$run(AnyFunSuite.scala:1564)
[info]   at org.scalatest.funsuite.AnyFunSuiteLike.$anonfun$run$1(AnyFunSuiteLike.scala:273)
[info]   at org.scalatest.SuperEngine.runImpl(Engine.scala:535)
[info]   at org.scalatest.funsuite.AnyFunSuiteLike.run(AnyFunSuiteLike.scala:273)
[info]   at org.scalatest.funsuite.AnyFunSuiteLike.run$(AnyFunSuiteLike.scala:272)
[info]   at frameless.TypedDatasetSuite.org$scalatest$BeforeAndAfterAll$$super$run(TypedDatasetSuite.scala:63)
[info]   at org.scalatest.BeforeAndAfterAll.liftedTree1$1(BeforeAndAfterAll.scala:213)
[info]   at org.scalatest.BeforeAndAfterAll.run(BeforeAndAfterAll.scala:210)
[info]   at org.scalatest.BeforeAndAfterAll.run$(BeforeAndAfterAll.scala:208)
[info]   at frameless.TypedDatasetSuite.run(TypedDatasetSuite.scala:63)
[info]   at org.scalatest.tools.Framework.org$scalatest$tools$Framework$$runSuite(Framework.scala:321)
[info]   at org.scalatest.tools.Framework$ScalaTestTask.execute(Framework.scala:517)
[info]   at sbt.ForkMain$Run.lambda$runTest$1(ForkMain.java:414)
[info]   at java.base/java.util.concurrent.FutureTask.run(FutureTask.java:317)
[info]   at java.base/java.util.concurrent.ThreadPoolExecutor.runWorker(ThreadPoolExecutor.java:1144)
[info]   at java.base/java.util.concurrent.ThreadPoolExecutor$Worker.run(ThreadPoolExecutor.java:642)
[info]   at java.base/java.lang.Thread.run(Thread.java:1583)
[info] - opt *** FAILED *** (4 milliseconds)
[info]   java.lang.IllegalArgumentException: argument type mismatch
[info]   at java.base/jdk.internal.reflect.DirectConstructorHandleAccessor.newInstance(DirectConstructorHandleAccessor.java:65)
[info]   at java.base/java.lang.reflect.Constructor.newInstanceWithCaller(Constructor.java:502)
[info]   at java.base/java.lang.reflect.Constructor.newInstance(Constructor.java:486)
[info]   at frameless.TypedExpressionEncoder$.$anonfun$apply$3(TypedExpressionEncoder.scala:55)
[info]   at scala.Option.map(Option.scala:242)
[info]   at frameless.TypedExpressionEncoder$.apply(TypedExpressionEncoder.scala:54)
[info]   at frameless.TypedDataset$.create(TypedDataset.scala:1325)
[info]   at frameless.ColumnTests.$anonfun$new$421(ColumnTests.scala:573)
[info]   at org.scalatest.OutcomeOf.outcomeOf(OutcomeOf.scala:85)
[info]   at org.scalatest.OutcomeOf.outcomeOf$(OutcomeOf.scala:83)
[info]   at org.scalatest.OutcomeOf$.outcomeOf(OutcomeOf.scala:104)
[info]   at org.scalatest.Transformer.apply(Transformer.scala:22)
[info]   at org.scalatest.Transformer.apply(Transformer.scala:20)
[info]   at org.scalatest.funsuite.AnyFunSuiteLike$$anon$1.apply(AnyFunSuiteLike.scala:226)
[info]   at org.scalatest.TestSuite.withFixture(TestSuite.scala:196)
[info]   at org.scalatest.TestSuite.withFixture$(TestSuite.scala:195)
[info]   at org.scalatest.funsuite.AnyFunSuite.withFixture(AnyFunSuite.scala:1564)
[info]   at org.scalatest.funsuite.AnyFunSuiteLike.invokeWithFixture$1(AnyFunSuiteLike.scala:224)
[info]   at org.scalatest.funsuite.AnyFunSuiteLike.$anonfun$runTest$1(AnyFunSuiteLike.scala:236)
[info]   at org.scalatest.SuperEngine.runTestImpl(Engine.scala:306)
[info]   at org.scalatest.funsuite.AnyFunSuiteLike.runTest(AnyFunSuiteLike.scala:236)
[info]   at org.scalatest.funsuite.AnyFunSuiteLike.runTest$(AnyFunSuiteLike.scala:218)
[info]   at org.scalatest.funsuite.AnyFunSuite.runTest(AnyFunSuite.scala:1564)
[info]   at org.scalatest.funsuite.AnyFunSuiteLike.$anonfun$runTests$1(AnyFunSuiteLike.scala:269)
[info]   at org.scalatest.SuperEngine.$anonfun$runTestsInBranch$1(Engine.scala:413)
[info]   at scala.collection.immutable.List.foreach(List.scala:334)
[info]   at org.scalatest.SuperEngine.traverseSubNodes$1(Engine.scala:401)
[info]   at org.scalatest.SuperEngine.runTestsInBranch(Engine.scala:396)
[info]   at org.scalatest.SuperEngine.runTestsImpl(Engine.scala:475)
[info]   at org.scalatest.funsuite.AnyFunSuiteLike.runTests(AnyFunSuiteLike.scala:269)
[info]   at org.scalatest.funsuite.AnyFunSuiteLike.runTests$(AnyFunSuiteLike.scala:268)
[info]   at org.scalatest.funsuite.AnyFunSuite.runTests(AnyFunSuite.scala:1564)
[info]   at org.scalatest.Suite.run(Suite.scala:1114)
[info]   at org.scalatest.Suite.run$(Suite.scala:1096)
[info]   at org.scalatest.funsuite.AnyFunSuite.org$scalatest$funsuite$AnyFunSuiteLike$$super$run(AnyFunSuite.scala:1564)
[info]   at org.scalatest.funsuite.AnyFunSuiteLike.$anonfun$run$1(AnyFunSuiteLike.scala:273)
[info]   at org.scalatest.SuperEngine.runImpl(Engine.scala:535)
[info]   at org.scalatest.funsuite.AnyFunSuiteLike.run(AnyFunSuiteLike.scala:273)
[info]   at org.scalatest.funsuite.AnyFunSuiteLike.run$(AnyFunSuiteLike.scala:272)
[info]   at frameless.TypedDatasetSuite.org$scalatest$BeforeAndAfterAll$$super$run(TypedDatasetSuite.scala:63)
[info]   at org.scalatest.BeforeAndAfterAll.liftedTree1$1(BeforeAndAfterAll.scala:213)
[info]   at org.scalatest.BeforeAndAfterAll.run(BeforeAndAfterAll.scala:210)
[info]   at org.scalatest.BeforeAndAfterAll.run$(BeforeAndAfterAll.scala:208)
[info]   at frameless.TypedDatasetSuite.run(TypedDatasetSuite.scala:63)
[info]   at org.scalatest.tools.Framework.org$scalatest$tools$Framework$$runSuite(Framework.scala:321)
[info]   at org.scalatest.tools.Framework$ScalaTestTask.execute(Framework.scala:517)
[info]   at sbt.ForkMain$Run.lambda$runTest$1(ForkMain.java:414)
[info]   at java.base/java.util.concurrent.FutureTask.run(FutureTask.java:317)
[info]   at java.base/java.util.concurrent.ThreadPoolExecutor.runWorker(ThreadPoolExecutor.java:1144)
[info]   at java.base/java.util.concurrent.ThreadPoolExecutor$Worker.run(ThreadPoolExecutor.java:642)
[info]   at java.base/java.lang.Thread.run(Thread.java:1583)
[info]   Cause: java.lang.ClassCastException: Cannot cast scala.reflect.ClassTag$GenericClassTag to org.apache.spark.sql.catalyst.expressions.Expression
[info]   at java.base/java.lang.Class.cast(Class.java:4067)
[info]   at java.base/jdk.internal.reflect.DirectConstructorHandleAccessor.newInstance(DirectConstructorHandleAccessor.java:62)
[info]   at java.base/java.lang.reflect.Constructor.newInstanceWithCaller(Constructor.java:502)
[info]   at java.base/java.lang.reflect.Constructor.newInstance(Constructor.java:486)
[info]   at frameless.TypedExpressionEncoder$.$anonfun$apply$3(TypedExpressionEncoder.scala:55)
[info]   at scala.Option.map(Option.scala:242)
[info]   at frameless.TypedExpressionEncoder$.apply(TypedExpressionEncoder.scala:54)
[info]   at frameless.TypedDataset$.create(TypedDataset.scala:1325)
[info]   at frameless.ColumnTests.$anonfun$new$421(ColumnTests.scala:573)
[info]   at org.scalatest.OutcomeOf.outcomeOf(OutcomeOf.scala:85)
[info]   at org.scalatest.OutcomeOf.outcomeOf$(OutcomeOf.scala:83)
[info]   at org.scalatest.OutcomeOf$.outcomeOf(OutcomeOf.scala:104)
[info]   at org.scalatest.Transformer.apply(Transformer.scala:22)
[info]   at org.scalatest.Transformer.apply(Transformer.scala:20)
[info]   at org.scalatest.funsuite.AnyFunSuiteLike$$anon$1.apply(AnyFunSuiteLike.scala:226)
[info]   at org.scalatest.TestSuite.withFixture(TestSuite.scala:196)
[info]   at org.scalatest.TestSuite.withFixture$(TestSuite.scala:195)
[info]   at org.scalatest.funsuite.AnyFunSuite.withFixture(AnyFunSuite.scala:1564)
[info]   at org.scalatest.funsuite.AnyFunSuiteLike.invokeWithFixture$1(AnyFunSuiteLike.scala:224)
[info]   at org.scalatest.funsuite.AnyFunSuiteLike.$anonfun$runTest$1(AnyFunSuiteLike.scala:236)
[info]   at org.scalatest.SuperEngine.runTestImpl(Engine.scala:306)
[info]   at org.scalatest.funsuite.AnyFunSuiteLike.runTest(AnyFunSuiteLike.scala:236)
[info]   at org.scalatest.funsuite.AnyFunSuiteLike.runTest$(AnyFunSuiteLike.scala:218)
[info]   at org.scalatest.funsuite.AnyFunSuite.runTest(AnyFunSuite.scala:1564)
[info]   at org.scalatest.funsuite.AnyFunSuiteLike.$anonfun$runTests$1(AnyFunSuiteLike.scala:269)
[info]   at org.scalatest.SuperEngine.$anonfun$runTestsInBranch$1(Engine.scala:413)
[info]   at scala.collection.immutable.List.foreach(List.scala:334)
[info]   at org.scalatest.SuperEngine.traverseSubNodes$1(Engine.scala:401)
[info]   at org.scalatest.SuperEngine.runTestsInBranch(Engine.scala:396)
[info]   at org.scalatest.SuperEngine.runTestsImpl(Engine.scala:475)
[info]   at org.scalatest.funsuite.AnyFunSuiteLike.runTests(AnyFunSuiteLike.scala:269)
[info]   at org.scalatest.funsuite.AnyFunSuiteLike.runTests$(AnyFunSuiteLike.scala:268)
[info]   at org.scalatest.funsuite.AnyFunSuite.runTests(AnyFunSuite.scala:1564)
[info]   at org.scalatest.Suite.run(Suite.scala:1114)
[info]   at org.scalatest.Suite.run$(Suite.scala:1096)
[info]   at org.scalatest.funsuite.AnyFunSuite.org$scalatest$funsuite$AnyFunSuiteLike$$super$run(AnyFunSuite.scala:1564)
[info]   at org.scalatest.funsuite.AnyFunSuiteLike.$anonfun$run$1(AnyFunSuiteLike.scala:273)
[info]   at org.scalatest.SuperEngine.runImpl(Engine.scala:535)
[info]   at org.scalatest.funsuite.AnyFunSuiteLike.run(AnyFunSuiteLike.scala:273)
[info]   at org.scalatest.funsuite.AnyFunSuiteLike.run$(AnyFunSuiteLike.scala:272)
[info]   at frameless.TypedDatasetSuite.org$scalatest$BeforeAndAfterAll$$super$run(TypedDatasetSuite.scala:63)
[info]   at org.scalatest.BeforeAndAfterAll.liftedTree1$1(BeforeAndAfterAll.scala:213)
[info]   at org.scalatest.BeforeAndAfterAll.run(BeforeAndAfterAll.scala:210)
[info]   at org.scalatest.BeforeAndAfterAll.run$(BeforeAndAfterAll.scala:208)
[info]   at frameless.TypedDatasetSuite.run(TypedDatasetSuite.scala:63)
[info]   at org.scalatest.tools.Framework.org$scalatest$tools$Framework$$runSuite(Framework.scala:321)
[info]   at org.scalatest.tools.Framework$ScalaTestTask.execute(Framework.scala:517)
[info]   at sbt.ForkMain$Run.lambda$runTest$1(ForkMain.java:414)
[info]   at java.base/java.util.concurrent.FutureTask.run(FutureTask.java:317)
[info]   at java.base/java.util.concurrent.ThreadPoolExecutor.runWorker(ThreadPoolExecutor.java:1144)
[info]   at java.base/java.util.concurrent.ThreadPoolExecutor$Worker.run(ThreadPoolExecutor.java:642)
[info]   at java.base/java.lang.Thread.run(Thread.java:1583)
[info] - opt compiles only for columns of type Option[_] *** FAILED *** (4 milliseconds)
[info]   java.lang.IllegalArgumentException: argument type mismatch
[info]   at java.base/jdk.internal.reflect.DirectConstructorHandleAccessor.newInstance(DirectConstructorHandleAccessor.java:65)
[info]   at java.base/java.lang.reflect.Constructor.newInstanceWithCaller(Constructor.java:502)
[info]   at java.base/java.lang.reflect.Constructor.newInstance(Constructor.java:486)
[info]   at frameless.TypedExpressionEncoder$.$anonfun$apply$3(TypedExpressionEncoder.scala:55)
[info]   at scala.Option.map(Option.scala:242)
[info]   at frameless.TypedExpressionEncoder$.apply(TypedExpressionEncoder.scala:54)
[info]   at frameless.TypedDataset$.create(TypedDataset.scala:1325)
[info]   at frameless.ColumnTests.$anonfun$new$435(ColumnTests.scala:581)
[info]   at org.scalatest.OutcomeOf.outcomeOf(OutcomeOf.scala:85)
[info]   at org.scalatest.OutcomeOf.outcomeOf$(OutcomeOf.scala:83)
[info]   at org.scalatest.OutcomeOf$.outcomeOf(OutcomeOf.scala:104)
[info]   at org.scalatest.Transformer.apply(Transformer.scala:22)
[info]   at org.scalatest.Transformer.apply(Transformer.scala:20)
[info]   at org.scalatest.funsuite.AnyFunSuiteLike$$anon$1.apply(AnyFunSuiteLike.scala:226)
[info]   at org.scalatest.TestSuite.withFixture(TestSuite.scala:196)
[info]   at org.scalatest.TestSuite.withFixture$(TestSuite.scala:195)
[info]   at org.scalatest.funsuite.AnyFunSuite.withFixture(AnyFunSuite.scala:1564)
[info]   at org.scalatest.funsuite.AnyFunSuiteLike.invokeWithFixture$1(AnyFunSuiteLike.scala:224)
[info]   at org.scalatest.funsuite.AnyFunSuiteLike.$anonfun$runTest$1(AnyFunSuiteLike.scala:236)
[info]   at org.scalatest.SuperEngine.runTestImpl(Engine.scala:306)
[info]   at org.scalatest.funsuite.AnyFunSuiteLike.runTest(AnyFunSuiteLike.scala:236)
[info]   at org.scalatest.funsuite.AnyFunSuiteLike.runTest$(AnyFunSuiteLike.scala:218)
[info]   at org.scalatest.funsuite.AnyFunSuite.runTest(AnyFunSuite.scala:1564)
[info]   at org.scalatest.funsuite.AnyFunSuiteLike.$anonfun$runTests$1(AnyFunSuiteLike.scala:269)
[info]   at org.scalatest.SuperEngine.$anonfun$runTestsInBranch$1(Engine.scala:413)
[info]   at scala.collection.immutable.List.foreach(List.scala:334)
[info]   at org.scalatest.SuperEngine.traverseSubNodes$1(Engine.scala:401)
[info]   at org.scalatest.SuperEngine.runTestsInBranch(Engine.scala:396)
[info]   at org.scalatest.SuperEngine.runTestsImpl(Engine.scala:475)
[info]   at org.scalatest.funsuite.AnyFunSuiteLike.runTests(AnyFunSuiteLike.scala:269)
[info]   at org.scalatest.funsuite.AnyFunSuiteLike.runTests$(AnyFunSuiteLike.scala:268)
[info]   at org.scalatest.funsuite.AnyFunSuite.runTests(AnyFunSuite.scala:1564)
[info]   at org.scalatest.Suite.run(Suite.scala:1114)
[info]   at org.scalatest.Suite.run$(Suite.scala:1096)
[info]   at org.scalatest.funsuite.AnyFunSuite.org$scalatest$funsuite$AnyFunSuiteLike$$super$run(AnyFunSuite.scala:1564)
[info]   at org.scalatest.funsuite.AnyFunSuiteLike.$anonfun$run$1(AnyFunSuiteLike.scala:273)
[info]   at org.scalatest.SuperEngine.runImpl(Engine.scala:535)
[info]   at org.scalatest.funsuite.AnyFunSuiteLike.run(AnyFunSuiteLike.scala:273)
[info]   at org.scalatest.funsuite.AnyFunSuiteLike.run$(AnyFunSuiteLike.scala:272)
[info]   at frameless.TypedDatasetSuite.org$scalatest$BeforeAndAfterAll$$super$run(TypedDatasetSuite.scala:63)
[info]   at org.scalatest.BeforeAndAfterAll.liftedTree1$1(BeforeAndAfterAll.scala:213)
[info]   at org.scalatest.BeforeAndAfterAll.run(BeforeAndAfterAll.scala:210)
[info]   at org.scalatest.BeforeAndAfterAll.run$(BeforeAndAfterAll.scala:208)
[info]   at frameless.TypedDatasetSuite.run(TypedDatasetSuite.scala:63)
[info]   at org.scalatest.tools.Framework.org$scalatest$tools$Framework$$runSuite(Framework.scala:321)
[info]   at org.scalatest.tools.Framework$ScalaTestTask.execute(Framework.scala:517)
[info]   at sbt.ForkMain$Run.lambda$runTest$1(ForkMain.java:414)
[info]   at java.base/java.util.concurrent.FutureTask.run(FutureTask.java:317)
[info]   at java.base/java.util.concurrent.ThreadPoolExecutor.runWorker(ThreadPoolExecutor.java:1144)
[info]   at java.base/java.util.concurrent.ThreadPoolExecutor$Worker.run(ThreadPoolExecutor.java:642)
[info]   at java.base/java.lang.Thread.run(Thread.java:1583)
[info]   Cause: java.lang.ClassCastException: Cannot cast scala.reflect.ClassTag$GenericClassTag to org.apache.spark.sql.catalyst.expressions.Expression
[info]   at java.base/java.lang.Class.cast(Class.java:4067)
[info]   at java.base/jdk.internal.reflect.DirectConstructorHandleAccessor.newInstance(DirectConstructorHandleAccessor.java:62)
[info]   at java.base/java.lang.reflect.Constructor.newInstanceWithCaller(Constructor.java:502)
[info]   at java.base/java.lang.reflect.Constructor.newInstance(Constructor.java:486)
[info]   at frameless.TypedExpressionEncoder$.$anonfun$apply$3(TypedExpressionEncoder.scala:55)
[info]   at scala.Option.map(Option.scala:242)
[info]   at frameless.TypedExpressionEncoder$.apply(TypedExpressionEncoder.scala:54)
[info]   at frameless.TypedDataset$.create(TypedDataset.scala:1325)
[info]   at frameless.ColumnTests.$anonfun$new$435(ColumnTests.scala:581)
[info]   at org.scalatest.OutcomeOf.outcomeOf(OutcomeOf.scala:85)
[info]   at org.scalatest.OutcomeOf.outcomeOf$(OutcomeOf.scala:83)
[info]   at org.scalatest.OutcomeOf$.outcomeOf(OutcomeOf.scala:104)
[info]   at org.scalatest.Transformer.apply(Transformer.scala:22)
[info]   at org.scalatest.Transformer.apply(Transformer.scala:20)
[info]   at org.scalatest.funsuite.AnyFunSuiteLike$$anon$1.apply(AnyFunSuiteLike.scala:226)
[info]   at org.scalatest.TestSuite.withFixture(TestSuite.scala:196)
[info]   at org.scalatest.TestSuite.withFixture$(TestSuite.scala:195)
[info]   at org.scalatest.funsuite.AnyFunSuite.withFixture(AnyFunSuite.scala:1564)
[info]   at org.scalatest.funsuite.AnyFunSuiteLike.invokeWithFixture$1(AnyFunSuiteLike.scala:224)
[info]   at org.scalatest.funsuite.AnyFunSuiteLike.$anonfun$runTest$1(AnyFunSuiteLike.scala:236)
[info]   at org.scalatest.SuperEngine.runTestImpl(Engine.scala:306)
[info]   at org.scalatest.funsuite.AnyFunSuiteLike.runTest(AnyFunSuiteLike.scala:236)
[info]   at org.scalatest.funsuite.AnyFunSuiteLike.runTest$(AnyFunSuiteLike.scala:218)
[info]   at org.scalatest.funsuite.AnyFunSuite.runTest(AnyFunSuite.scala:1564)
[info]   at org.scalatest.funsuite.AnyFunSuiteLike.$anonfun$runTests$1(AnyFunSuiteLike.scala:269)
[info]   at org.scalatest.SuperEngine.$anonfun$runTestsInBranch$1(Engine.scala:413)
[info]   at scala.collection.immutable.List.foreach(List.scala:334)
[info]   at org.scalatest.SuperEngine.traverseSubNodes$1(Engine.scala:401)
[info]   at org.scalatest.SuperEngine.runTestsInBranch(Engine.scala:396)
[info]   at org.scalatest.SuperEngine.runTestsImpl(Engine.scala:475)
[info]   at org.scalatest.funsuite.AnyFunSuiteLike.runTests(AnyFunSuiteLike.scala:269)
[info]   at org.scalatest.funsuite.AnyFunSuiteLike.runTests$(AnyFunSuiteLike.scala:268)
[info]   at org.scalatest.funsuite.AnyFunSuite.runTests(AnyFunSuite.scala:1564)
[info]   at org.scalatest.Suite.run(Suite.scala:1114)
[info]   at org.scalatest.Suite.run$(Suite.scala:1096)
[info]   at org.scalatest.funsuite.AnyFunSuite.org$scalatest$funsuite$AnyFunSuiteLike$$super$run(AnyFunSuite.scala:1564)
[info]   at org.scalatest.funsuite.AnyFunSuiteLike.$anonfun$run$1(AnyFunSuiteLike.scala:273)
[info]   at org.scalatest.SuperEngine.runImpl(Engine.scala:535)
[info]   at org.scalatest.funsuite.AnyFunSuiteLike.run(AnyFunSuiteLike.scala:273)
[info]   at org.scalatest.funsuite.AnyFunSuiteLike.run$(AnyFunSuiteLike.scala:272)
[info]   at frameless.TypedDatasetSuite.org$scalatest$BeforeAndAfterAll$$super$run(TypedDatasetSuite.scala:63)
[info]   at org.scalatest.BeforeAndAfterAll.liftedTree1$1(BeforeAndAfterAll.scala:213)
[info]   at org.scalatest.BeforeAndAfterAll.run(BeforeAndAfterAll.scala:210)
[info]   at org.scalatest.BeforeAndAfterAll.run$(BeforeAndAfterAll.scala:208)
[info]   at frameless.TypedDatasetSuite.run(TypedDatasetSuite.scala:63)
[info]   at org.scalatest.tools.Framework.org$scalatest$tools$Framework$$runSuite(Framework.scala:321)
[info]   at org.scalatest.tools.Framework$ScalaTestTask.execute(Framework.scala:517)
[info]   at sbt.ForkMain$Run.lambda$runTest$1(ForkMain.java:414)
[info]   at java.base/java.util.concurrent.FutureTask.run(FutureTask.java:317)
[info]   at java.base/java.util.concurrent.ThreadPoolExecutor.runWorker(ThreadPoolExecutor.java:1144)
[info]   at java.base/java.util.concurrent.ThreadPoolExecutor$Worker.run(ThreadPoolExecutor.java:642)
[info]   at java.base/java.lang.Thread.run(Thread.java:1583)
[info] - field *** FAILED *** (6 milliseconds)
[info]   java.lang.IllegalArgumentException: argument type mismatch
[info]   at java.base/jdk.internal.reflect.DirectConstructorHandleAccessor.newInstance(DirectConstructorHandleAccessor.java:65)
[info]   at java.base/java.lang.reflect.Constructor.newInstanceWithCaller(Constructor.java:502)
[info]   at java.base/java.lang.reflect.Constructor.newInstance(Constructor.java:486)
[info]   at frameless.TypedExpressionEncoder$.$anonfun$apply$3(TypedExpressionEncoder.scala:55)
[info]   at scala.Option.map(Option.scala:242)
[info]   at frameless.TypedExpressionEncoder$.apply(TypedExpressionEncoder.scala:54)
[info]   at frameless.TypedDataset$.create(TypedDataset.scala:1325)
[info]   at frameless.ColumnTests.$anonfun$new$440(ColumnTests.scala:587)
[info]   at org.scalatest.OutcomeOf.outcomeOf(OutcomeOf.scala:85)
[info]   at org.scalatest.OutcomeOf.outcomeOf$(OutcomeOf.scala:83)
[info]   at org.scalatest.OutcomeOf$.outcomeOf(OutcomeOf.scala:104)
[info]   at org.scalatest.Transformer.apply(Transformer.scala:22)
[info]   at org.scalatest.Transformer.apply(Transformer.scala:20)
[info]   at org.scalatest.funsuite.AnyFunSuiteLike$$anon$1.apply(AnyFunSuiteLike.scala:226)
[info]   at org.scalatest.TestSuite.withFixture(TestSuite.scala:196)
[info]   at org.scalatest.TestSuite.withFixture$(TestSuite.scala:195)
[info]   at org.scalatest.funsuite.AnyFunSuite.withFixture(AnyFunSuite.scala:1564)
[info]   at org.scalatest.funsuite.AnyFunSuiteLike.invokeWithFixture$1(AnyFunSuiteLike.scala:224)
[info]   at org.scalatest.funsuite.AnyFunSuiteLike.$anonfun$runTest$1(AnyFunSuiteLike.scala:236)
[info]   at org.scalatest.SuperEngine.runTestImpl(Engine.scala:306)
[info]   at org.scalatest.funsuite.AnyFunSuiteLike.runTest(AnyFunSuiteLike.scala:236)
[info]   at org.scalatest.funsuite.AnyFunSuiteLike.runTest$(AnyFunSuiteLike.scala:218)
[info]   at org.scalatest.funsuite.AnyFunSuite.runTest(AnyFunSuite.scala:1564)
[info]   at org.scalatest.funsuite.AnyFunSuiteLike.$anonfun$runTests$1(AnyFunSuiteLike.scala:269)
[info]   at org.scalatest.SuperEngine.$anonfun$runTestsInBranch$1(Engine.scala:413)
[info]   at scala.collection.immutable.List.foreach(List.scala:334)
[info]   at org.scalatest.SuperEngine.traverseSubNodes$1(Engine.scala:401)
[info]   at org.scalatest.SuperEngine.runTestsInBranch(Engine.scala:396)
[info]   at org.scalatest.SuperEngine.runTestsImpl(Engine.scala:475)
[info]   at org.scalatest.funsuite.AnyFunSuiteLike.runTests(AnyFunSuiteLike.scala:269)
[info]   at org.scalatest.funsuite.AnyFunSuiteLike.runTests$(AnyFunSuiteLike.scala:268)
[info]   at org.scalatest.funsuite.AnyFunSuite.runTests(AnyFunSuite.scala:1564)
[info]   at org.scalatest.Suite.run(Suite.scala:1114)
[info]   at org.scalatest.Suite.run$(Suite.scala:1096)
[info]   at org.scalatest.funsuite.AnyFunSuite.org$scalatest$funsuite$AnyFunSuiteLike$$super$run(AnyFunSuite.scala:1564)
[info]   at org.scalatest.funsuite.AnyFunSuiteLike.$anonfun$run$1(AnyFunSuiteLike.scala:273)
[info]   at org.scalatest.SuperEngine.runImpl(Engine.scala:535)
[info]   at org.scalatest.funsuite.AnyFunSuiteLike.run(AnyFunSuiteLike.scala:273)
[info]   at org.scalatest.funsuite.AnyFunSuiteLike.run$(AnyFunSuiteLike.scala:272)
[info]   at frameless.TypedDatasetSuite.org$scalatest$BeforeAndAfterAll$$super$run(TypedDatasetSuite.scala:63)
[info]   at org.scalatest.BeforeAndAfterAll.liftedTree1$1(BeforeAndAfterAll.scala:213)
[info]   at org.scalatest.BeforeAndAfterAll.run(BeforeAndAfterAll.scala:210)
[info]   at org.scalatest.BeforeAndAfterAll.run$(BeforeAndAfterAll.scala:208)
[info]   at frameless.TypedDatasetSuite.run(TypedDatasetSuite.scala:63)
[info]   at org.scalatest.tools.Framework.org$scalatest$tools$Framework$$runSuite(Framework.scala:321)
[info]   at org.scalatest.tools.Framework$ScalaTestTask.execute(Framework.scala:517)
[info]   at sbt.ForkMain$Run.lambda$runTest$1(ForkMain.java:414)
[info]   at java.base/java.util.concurrent.FutureTask.run(FutureTask.java:317)
[info]   at java.base/java.util.concurrent.ThreadPoolExecutor.runWorker(ThreadPoolExecutor.java:1144)
[info]   at java.base/java.util.concurrent.ThreadPoolExecutor$Worker.run(ThreadPoolExecutor.java:642)
[info]   at java.base/java.lang.Thread.run(Thread.java:1583)
[info]   Cause: java.lang.ClassCastException: Cannot cast scala.reflect.ClassTag$GenericClassTag to org.apache.spark.sql.catalyst.expressions.Expression
[info]   at java.base/java.lang.Class.cast(Class.java:4067)
[info]   at java.base/jdk.internal.reflect.DirectConstructorHandleAccessor.newInstance(DirectConstructorHandleAccessor.java:62)
[info]   at java.base/java.lang.reflect.Constructor.newInstanceWithCaller(Constructor.java:502)
[info]   at java.base/java.lang.reflect.Constructor.newInstance(Constructor.java:486)
[info]   at frameless.TypedExpressionEncoder$.$anonfun$apply$3(TypedExpressionEncoder.scala:55)
[info]   at scala.Option.map(Option.scala:242)
[info]   at frameless.TypedExpressionEncoder$.apply(TypedExpressionEncoder.scala:54)
[info]   at frameless.TypedDataset$.create(TypedDataset.scala:1325)
[info]   at frameless.ColumnTests.$anonfun$new$440(ColumnTests.scala:587)
[info]   at org.scalatest.OutcomeOf.outcomeOf(OutcomeOf.scala:85)
[info]   at org.scalatest.OutcomeOf.outcomeOf$(OutcomeOf.scala:83)
[info]   at org.scalatest.OutcomeOf$.outcomeOf(OutcomeOf.scala:104)
[info]   at org.scalatest.Transformer.apply(Transformer.scala:22)
[info]   at org.scalatest.Transformer.apply(Transformer.scala:20)
[info]   at org.scalatest.funsuite.AnyFunSuiteLike$$anon$1.apply(AnyFunSuiteLike.scala:226)
[info]   at org.scalatest.TestSuite.withFixture(TestSuite.scala:196)
[info]   at org.scalatest.TestSuite.withFixture$(TestSuite.scala:195)
[info]   at org.scalatest.funsuite.AnyFunSuite.withFixture(AnyFunSuite.scala:1564)
[info]   at org.scalatest.funsuite.AnyFunSuiteLike.invokeWithFixture$1(AnyFunSuiteLike.scala:224)
[info]   at org.scalatest.funsuite.AnyFunSuiteLike.$anonfun$runTest$1(AnyFunSuiteLike.scala:236)
[info]   at org.scalatest.SuperEngine.runTestImpl(Engine.scala:306)
[info]   at org.scalatest.funsuite.AnyFunSuiteLike.runTest(AnyFunSuiteLike.scala:236)
[info]   at org.scalatest.funsuite.AnyFunSuiteLike.runTest$(AnyFunSuiteLike.scala:218)
[info]   at org.scalatest.funsuite.AnyFunSuite.runTest(AnyFunSuite.scala:1564)
[info]   at org.scalatest.funsuite.AnyFunSuiteLike.$anonfun$runTests$1(AnyFunSuiteLike.scala:269)
[info]   at org.scalatest.SuperEngine.$anonfun$runTestsInBranch$1(Engine.scala:413)
[info]   at scala.collection.immutable.List.foreach(List.scala:334)
[info]   at org.scalatest.SuperEngine.traverseSubNodes$1(Engine.scala:401)
[info]   at org.scalatest.SuperEngine.runTestsInBranch(Engine.scala:396)
[info]   at org.scalatest.SuperEngine.runTestsImpl(Engine.scala:475)
[info]   at org.scalatest.funsuite.AnyFunSuiteLike.runTests(AnyFunSuiteLike.scala:269)
[info]   at org.scalatest.funsuite.AnyFunSuiteLike.runTests$(AnyFunSuiteLike.scala:268)
[info]   at org.scalatest.funsuite.AnyFunSuite.runTests(AnyFunSuite.scala:1564)
[info]   at org.scalatest.Suite.run(Suite.scala:1114)
[info]   at org.scalatest.Suite.run$(Suite.scala:1096)
[info]   at org.scalatest.funsuite.AnyFunSuite.org$scalatest$funsuite$AnyFunSuiteLike$$super$run(AnyFunSuite.scala:1564)
[info]   at org.scalatest.funsuite.AnyFunSuiteLike.$anonfun$run$1(AnyFunSuiteLike.scala:273)
[info]   at org.scalatest.SuperEngine.runImpl(Engine.scala:535)
[info]   at org.scalatest.funsuite.AnyFunSuiteLike.run(AnyFunSuiteLike.scala:273)
[info]   at org.scalatest.funsuite.AnyFunSuiteLike.run$(AnyFunSuiteLike.scala:272)
[info]   at frameless.TypedDatasetSuite.org$scalatest$BeforeAndAfterAll$$super$run(TypedDatasetSuite.scala:63)
[info]   at org.scalatest.BeforeAndAfterAll.liftedTree1$1(BeforeAndAfterAll.scala:213)
[info]   at org.scalatest.BeforeAndAfterAll.run(BeforeAndAfterAll.scala:210)
[info]   at org.scalatest.BeforeAndAfterAll.run$(BeforeAndAfterAll.scala:208)
[info]   at frameless.TypedDatasetSuite.run(TypedDatasetSuite.scala:63)
[info]   at org.scalatest.tools.Framework.org$scalatest$tools$Framework$$runSuite(Framework.scala:321)
[info]   at org.scalatest.tools.Framework$ScalaTestTask.execute(Framework.scala:517)
[info]   at sbt.ForkMain$Run.lambda$runTest$1(ForkMain.java:414)
[info]   at java.base/java.util.concurrent.FutureTask.run(FutureTask.java:317)
[info]   at java.base/java.util.concurrent.ThreadPoolExecutor.runWorker(ThreadPoolExecutor.java:1144)
[info]   at java.base/java.util.concurrent.ThreadPoolExecutor$Worker.run(ThreadPoolExecutor.java:642)
[info]   at java.base/java.lang.Thread.run(Thread.java:1583)
[info] - field compiles only for valid field *** FAILED *** (4 milliseconds)
[info]   java.lang.IllegalArgumentException: argument type mismatch
[info]   at java.base/jdk.internal.reflect.DirectConstructorHandleAccessor.newInstance(DirectConstructorHandleAccessor.java:65)
[info]   at java.base/java.lang.reflect.Constructor.newInstanceWithCaller(Constructor.java:502)
[info]   at java.base/java.lang.reflect.Constructor.newInstance(Constructor.java:486)
[info]   at frameless.TypedExpressionEncoder$.$anonfun$apply$3(TypedExpressionEncoder.scala:55)
[info]   at scala.Option.map(Option.scala:242)
[info]   at frameless.TypedExpressionEncoder$.apply(TypedExpressionEncoder.scala:54)
[info]   at frameless.TypedDataset$.create(TypedDataset.scala:1325)
[info]   at frameless.ColumnTests.$anonfun$new$453(ColumnTests.scala:594)
[info]   at org.scalatest.OutcomeOf.outcomeOf(OutcomeOf.scala:85)
[info]   at org.scalatest.OutcomeOf.outcomeOf$(OutcomeOf.scala:83)
[info]   at org.scalatest.OutcomeOf$.outcomeOf(OutcomeOf.scala:104)
[info]   at org.scalatest.Transformer.apply(Transformer.scala:22)
[info]   at org.scalatest.Transformer.apply(Transformer.scala:20)
[info]   at org.scalatest.funsuite.AnyFunSuiteLike$$anon$1.apply(AnyFunSuiteLike.scala:226)
[info]   at org.scalatest.TestSuite.withFixture(TestSuite.scala:196)
[info]   at org.scalatest.TestSuite.withFixture$(TestSuite.scala:195)
[info]   at org.scalatest.funsuite.AnyFunSuite.withFixture(AnyFunSuite.scala:1564)
[info]   at org.scalatest.funsuite.AnyFunSuiteLike.invokeWithFixture$1(AnyFunSuiteLike.scala:224)
[info]   at org.scalatest.funsuite.AnyFunSuiteLike.$anonfun$runTest$1(AnyFunSuiteLike.scala:236)
[info]   at org.scalatest.SuperEngine.runTestImpl(Engine.scala:306)
[info]   at org.scalatest.funsuite.AnyFunSuiteLike.runTest(AnyFunSuiteLike.scala:236)
[info]   at org.scalatest.funsuite.AnyFunSuiteLike.runTest$(AnyFunSuiteLike.scala:218)
[info]   at org.scalatest.funsuite.AnyFunSuite.runTest(AnyFunSuite.scala:1564)
[info]   at org.scalatest.funsuite.AnyFunSuiteLike.$anonfun$runTests$1(AnyFunSuiteLike.scala:269)
[info]   at org.scalatest.SuperEngine.$anonfun$runTestsInBranch$1(Engine.scala:413)
[info]   at scala.collection.immutable.List.foreach(List.scala:334)
[info]   at org.scalatest.SuperEngine.traverseSubNodes$1(Engine.scala:401)
[info]   at org.scalatest.SuperEngine.runTestsInBranch(Engine.scala:396)
[info]   at org.scalatest.SuperEngine.runTestsImpl(Engine.scala:475)
[info]   at org.scalatest.funsuite.AnyFunSuiteLike.runTests(AnyFunSuiteLike.scala:269)
[info]   at org.scalatest.funsuite.AnyFunSuiteLike.runTests$(AnyFunSuiteLike.scala:268)
[info]   at org.scalatest.funsuite.AnyFunSuite.runTests(AnyFunSuite.scala:1564)
[info]   at org.scalatest.Suite.run(Suite.scala:1114)
[info]   at org.scalatest.Suite.run$(Suite.scala:1096)
[info]   at org.scalatest.funsuite.AnyFunSuite.org$scalatest$funsuite$AnyFunSuiteLike$$super$run(AnyFunSuite.scala:1564)
[info]   at org.scalatest.funsuite.AnyFunSuiteLike.$anonfun$run$1(AnyFunSuiteLike.scala:273)
[info]   at org.scalatest.SuperEngine.runImpl(Engine.scala:535)
[info]   at org.scalatest.funsuite.AnyFunSuiteLike.run(AnyFunSuiteLike.scala:273)
[info]   at org.scalatest.funsuite.AnyFunSuiteLike.run$(AnyFunSuiteLike.scala:272)
[info]   at frameless.TypedDatasetSuite.org$scalatest$BeforeAndAfterAll$$super$run(TypedDatasetSuite.scala:63)
[info]   at org.scalatest.BeforeAndAfterAll.liftedTree1$1(BeforeAndAfterAll.scala:213)
[info]   at org.scalatest.BeforeAndAfterAll.run(BeforeAndAfterAll.scala:210)
[info]   at org.scalatest.BeforeAndAfterAll.run$(BeforeAndAfterAll.scala:208)
[info]   at frameless.TypedDatasetSuite.run(TypedDatasetSuite.scala:63)
[info]   at org.scalatest.tools.Framework.org$scalatest$tools$Framework$$runSuite(Framework.scala:321)
[info]   at org.scalatest.tools.Framework$ScalaTestTask.execute(Framework.scala:517)
[info]   at sbt.ForkMain$Run.lambda$runTest$1(ForkMain.java:414)
[info]   at java.base/java.util.concurrent.FutureTask.run(FutureTask.java:317)
[info]   at java.base/java.util.concurrent.ThreadPoolExecutor.runWorker(ThreadPoolExecutor.java:1144)
[info]   at java.base/java.util.concurrent.ThreadPoolExecutor$Worker.run(ThreadPoolExecutor.java:642)
[info]   at java.base/java.lang.Thread.run(Thread.java:1583)
[info]   Cause: java.lang.ClassCastException: Cannot cast scala.reflect.ClassTag$GenericClassTag to org.apache.spark.sql.catalyst.expressions.Expression
[info]   at java.base/java.lang.Class.cast(Class.java:4067)
[info]   at java.base/jdk.internal.reflect.DirectConstructorHandleAccessor.newInstance(DirectConstructorHandleAccessor.java:62)
[info]   at java.base/java.lang.reflect.Constructor.newInstanceWithCaller(Constructor.java:502)
[info]   at java.base/java.lang.reflect.Constructor.newInstance(Constructor.java:486)
[info]   at frameless.TypedExpressionEncoder$.$anonfun$apply$3(TypedExpressionEncoder.scala:55)
[info]   at scala.Option.map(Option.scala:242)
[info]   at frameless.TypedExpressionEncoder$.apply(TypedExpressionEncoder.scala:54)
[info]   at frameless.TypedDataset$.create(TypedDataset.scala:1325)
[info]   at frameless.ColumnTests.$anonfun$new$453(ColumnTests.scala:594)
[info]   at org.scalatest.OutcomeOf.outcomeOf(OutcomeOf.scala:85)
[info]   at org.scalatest.OutcomeOf.outcomeOf$(OutcomeOf.scala:83)
[info]   at org.scalatest.OutcomeOf$.outcomeOf(OutcomeOf.scala:104)
[info]   at org.scalatest.Transformer.apply(Transformer.scala:22)
[info]   at org.scalatest.Transformer.apply(Transformer.scala:20)
[info]   at org.scalatest.funsuite.AnyFunSuiteLike$$anon$1.apply(AnyFunSuiteLike.scala:226)
[info]   at org.scalatest.TestSuite.withFixture(TestSuite.scala:196)
[info]   at org.scalatest.TestSuite.withFixture$(TestSuite.scala:195)
[info]   at org.scalatest.funsuite.AnyFunSuite.withFixture(AnyFunSuite.scala:1564)
[info]   at org.scalatest.funsuite.AnyFunSuiteLike.invokeWithFixture$1(AnyFunSuiteLike.scala:224)
[info]   at org.scalatest.funsuite.AnyFunSuiteLike.$anonfun$runTest$1(AnyFunSuiteLike.scala:236)
[info]   at org.scalatest.SuperEngine.runTestImpl(Engine.scala:306)
[info]   at org.scalatest.funsuite.AnyFunSuiteLike.runTest(AnyFunSuiteLike.scala:236)
[info]   at org.scalatest.funsuite.AnyFunSuiteLike.runTest$(AnyFunSuiteLike.scala:218)
[info]   at org.scalatest.funsuite.AnyFunSuite.runTest(AnyFunSuite.scala:1564)
[info]   at org.scalatest.funsuite.AnyFunSuiteLike.$anonfun$runTests$1(AnyFunSuiteLike.scala:269)
[info]   at org.scalatest.SuperEngine.$anonfun$runTestsInBranch$1(Engine.scala:413)
[info]   at scala.collection.immutable.List.foreach(List.scala:334)
[info]   at org.scalatest.SuperEngine.traverseSubNodes$1(Engine.scala:401)
[info]   at org.scalatest.SuperEngine.runTestsInBranch(Engine.scala:396)
[info]   at org.scalatest.SuperEngine.runTestsImpl(Engine.scala:475)
[info]   at org.scalatest.funsuite.AnyFunSuiteLike.runTests(AnyFunSuiteLike.scala:269)
[info]   at org.scalatest.funsuite.AnyFunSuiteLike.runTests$(AnyFunSuiteLike.scala:268)
[info]   at org.scalatest.funsuite.AnyFunSuite.runTests(AnyFunSuite.scala:1564)
[info]   at org.scalatest.Suite.run(Suite.scala:1114)
[info]   at org.scalatest.Suite.run$(Suite.scala:1096)
[info]   at org.scalatest.funsuite.AnyFunSuite.org$scalatest$funsuite$AnyFunSuiteLike$$super$run(AnyFunSuite.scala:1564)
[info]   at org.scalatest.funsuite.AnyFunSuiteLike.$anonfun$run$1(AnyFunSuiteLike.scala:273)
[info]   at org.scalatest.SuperEngine.runImpl(Engine.scala:535)
[info]   at org.scalatest.funsuite.AnyFunSuiteLike.run(AnyFunSuiteLike.scala:273)
[info]   at org.scalatest.funsuite.AnyFunSuiteLike.run$(AnyFunSuiteLike.scala:272)
[info]   at frameless.TypedDatasetSuite.org$scalatest$BeforeAndAfterAll$$super$run(TypedDatasetSuite.scala:63)
[info]   at org.scalatest.BeforeAndAfterAll.liftedTree1$1(BeforeAndAfterAll.scala:213)
[info]   at org.scalatest.BeforeAndAfterAll.run(BeforeAndAfterAll.scala:210)
[info]   at org.scalatest.BeforeAndAfterAll.run$(BeforeAndAfterAll.scala:208)
[info]   at frameless.TypedDatasetSuite.run(TypedDatasetSuite.scala:63)
[info]   at org.scalatest.tools.Framework.org$scalatest$tools$Framework$$runSuite(Framework.scala:321)
[info]   at org.scalatest.tools.Framework$ScalaTestTask.execute(Framework.scala:517)
[info]   at sbt.ForkMain$Run.lambda$runTest$1(ForkMain.java:414)
[info]   at java.base/java.util.concurrent.FutureTask.run(FutureTask.java:317)
[info]   at java.base/java.util.concurrent.ThreadPoolExecutor.runWorker(ThreadPoolExecutor.java:1144)
[info]   at java.base/java.util.concurrent.ThreadPoolExecutor$Worker.run(ThreadPoolExecutor.java:642)
[info]   at java.base/java.lang.Thread.run(Thread.java:1583)
[info] - col through lambda *** FAILED *** (7 milliseconds)
[info]   java.lang.IllegalArgumentException: argument type mismatch
[info]   at java.base/jdk.internal.reflect.DirectConstructorHandleAccessor.newInstance(DirectConstructorHandleAccessor.java:65)
[info]   at java.base/java.lang.reflect.Constructor.newInstanceWithCaller(Constructor.java:502)
[info]   at java.base/java.lang.reflect.Constructor.newInstance(Constructor.java:486)
[info]   at frameless.TypedExpressionEncoder$.$anonfun$apply$3(TypedExpressionEncoder.scala:55)
[info]   at scala.Option.map(Option.scala:242)
[info]   at frameless.TypedExpressionEncoder$.apply(TypedExpressionEncoder.scala:54)
[info]   at frameless.TypedDataset$.create(TypedDataset.scala:1325)
[info]   at frameless.ColumnTests.$anonfun$new$458(ColumnTests.scala:603)
[info]   at org.scalatest.OutcomeOf.outcomeOf(OutcomeOf.scala:85)
[info]   at org.scalatest.OutcomeOf.outcomeOf$(OutcomeOf.scala:83)
[info]   at org.scalatest.OutcomeOf$.outcomeOf(OutcomeOf.scala:104)
[info]   at org.scalatest.Transformer.apply(Transformer.scala:22)
[info]   at org.scalatest.Transformer.apply(Transformer.scala:20)
[info]   at org.scalatest.funsuite.AnyFunSuiteLike$$anon$1.apply(AnyFunSuiteLike.scala:226)
[info]   at org.scalatest.TestSuite.withFixture(TestSuite.scala:196)
[info]   at org.scalatest.TestSuite.withFixture$(TestSuite.scala:195)
[info]   at org.scalatest.funsuite.AnyFunSuite.withFixture(AnyFunSuite.scala:1564)
[info]   at org.scalatest.funsuite.AnyFunSuiteLike.invokeWithFixture$1(AnyFunSuiteLike.scala:224)
[info]   at org.scalatest.funsuite.AnyFunSuiteLike.$anonfun$runTest$1(AnyFunSuiteLike.scala:236)
[info]   at org.scalatest.SuperEngine.runTestImpl(Engine.scala:306)
[info]   at org.scalatest.funsuite.AnyFunSuiteLike.runTest(AnyFunSuiteLike.scala:236)
[info]   at org.scalatest.funsuite.AnyFunSuiteLike.runTest$(AnyFunSuiteLike.scala:218)
[info]   at org.scalatest.funsuite.AnyFunSuite.runTest(AnyFunSuite.scala:1564)
[info]   at org.scalatest.funsuite.AnyFunSuiteLike.$anonfun$runTests$1(AnyFunSuiteLike.scala:269)
[info]   at org.scalatest.SuperEngine.$anonfun$runTestsInBranch$1(Engine.scala:413)
[info]   at scala.collection.immutable.List.foreach(List.scala:334)
[info]   at org.scalatest.SuperEngine.traverseSubNodes$1(Engine.scala:401)
[info]   at org.scalatest.SuperEngine.runTestsInBranch(Engine.scala:396)
[info]   at org.scalatest.SuperEngine.runTestsImpl(Engine.scala:475)
[info]   at org.scalatest.funsuite.AnyFunSuiteLike.runTests(AnyFunSuiteLike.scala:269)
[info]   at org.scalatest.funsuite.AnyFunSuiteLike.runTests$(AnyFunSuiteLike.scala:268)
[info]   at org.scalatest.funsuite.AnyFunSuite.runTests(AnyFunSuite.scala:1564)
[info]   at org.scalatest.Suite.run(Suite.scala:1114)
[info]   at org.scalatest.Suite.run$(Suite.scala:1096)
[info]   at org.scalatest.funsuite.AnyFunSuite.org$scalatest$funsuite$AnyFunSuiteLike$$super$run(AnyFunSuite.scala:1564)
[info]   at org.scalatest.funsuite.AnyFunSuiteLike.$anonfun$run$1(AnyFunSuiteLike.scala:273)
[info]   at org.scalatest.SuperEngine.runImpl(Engine.scala:535)
[info]   at org.scalatest.funsuite.AnyFunSuiteLike.run(AnyFunSuiteLike.scala:273)
[info]   at org.scalatest.funsuite.AnyFunSuiteLike.run$(AnyFunSuiteLike.scala:272)
[info]   at frameless.TypedDatasetSuite.org$scalatest$BeforeAndAfterAll$$super$run(TypedDatasetSuite.scala:63)
[info]   at org.scalatest.BeforeAndAfterAll.liftedTree1$1(BeforeAndAfterAll.scala:213)
[info]   at org.scalatest.BeforeAndAfterAll.run(BeforeAndAfterAll.scala:210)
[info]   at org.scalatest.BeforeAndAfterAll.run$(BeforeAndAfterAll.scala:208)
[info]   at frameless.TypedDatasetSuite.run(TypedDatasetSuite.scala:63)
[info]   at org.scalatest.tools.Framework.org$scalatest$tools$Framework$$runSuite(Framework.scala:321)
[info]   at org.scalatest.tools.Framework$ScalaTestTask.execute(Framework.scala:517)
[info]   at sbt.ForkMain$Run.lambda$runTest$1(ForkMain.java:414)
[info]   at java.base/java.util.concurrent.FutureTask.run(FutureTask.java:317)
[info]   at java.base/java.util.concurrent.ThreadPoolExecutor.runWorker(ThreadPoolExecutor.java:1144)
[info]   at java.base/java.util.concurrent.ThreadPoolExecutor$Worker.run(ThreadPoolExecutor.java:642)
[info]   at java.base/java.lang.Thread.run(Thread.java:1583)
[info]   Cause: java.lang.ClassCastException: Cannot cast scala.reflect.ClassTag$GenericClassTag to org.apache.spark.sql.catalyst.expressions.Expression
[info]   at java.base/java.lang.Class.cast(Class.java:4067)
[info]   at java.base/jdk.internal.reflect.DirectConstructorHandleAccessor.newInstance(DirectConstructorHandleAccessor.java:62)
[info]   at java.base/java.lang.reflect.Constructor.newInstanceWithCaller(Constructor.java:502)
[info]   at java.base/java.lang.reflect.Constructor.newInstance(Constructor.java:486)
[info]   at frameless.TypedExpressionEncoder$.$anonfun$apply$3(TypedExpressionEncoder.scala:55)
[info]   at scala.Option.map(Option.scala:242)
[info]   at frameless.TypedExpressionEncoder$.apply(TypedExpressionEncoder.scala:54)
[info]   at frameless.TypedDataset$.create(TypedDataset.scala:1325)
[info]   at frameless.ColumnTests.$anonfun$new$458(ColumnTests.scala:603)
[info]   at org.scalatest.OutcomeOf.outcomeOf(OutcomeOf.scala:85)
[info]   at org.scalatest.OutcomeOf.outcomeOf$(OutcomeOf.scala:83)
[info]   at org.scalatest.OutcomeOf$.outcomeOf(OutcomeOf.scala:104)
[info]   at org.scalatest.Transformer.apply(Transformer.scala:22)
[info]   at org.scalatest.Transformer.apply(Transformer.scala:20)
[info]   at org.scalatest.funsuite.AnyFunSuiteLike$$anon$1.apply(AnyFunSuiteLike.scala:226)
[info]   at org.scalatest.TestSuite.withFixture(TestSuite.scala:196)
[info]   at org.scalatest.TestSuite.withFixture$(TestSuite.scala:195)
[info]   at org.scalatest.funsuite.AnyFunSuite.withFixture(AnyFunSuite.scala:1564)
[info]   at org.scalatest.funsuite.AnyFunSuiteLike.invokeWithFixture$1(AnyFunSuiteLike.scala:224)
[info]   at org.scalatest.funsuite.AnyFunSuiteLike.$anonfun$runTest$1(AnyFunSuiteLike.scala:236)
[info]   at org.scalatest.SuperEngine.runTestImpl(Engine.scala:306)
[info]   at org.scalatest.funsuite.AnyFunSuiteLike.runTest(AnyFunSuiteLike.scala:236)
[info]   at org.scalatest.funsuite.AnyFunSuiteLike.runTest$(AnyFunSuiteLike.scala:218)
[info]   at org.scalatest.funsuite.AnyFunSuite.runTest(AnyFunSuite.scala:1564)
[info]   at org.scalatest.funsuite.AnyFunSuiteLike.$anonfun$runTests$1(AnyFunSuiteLike.scala:269)
[info]   at org.scalatest.SuperEngine.$anonfun$runTestsInBranch$1(Engine.scala:413)
[info]   at scala.collection.immutable.List.foreach(List.scala:334)
[info]   at org.scalatest.SuperEngine.traverseSubNodes$1(Engine.scala:401)
[info]   at org.scalatest.SuperEngine.runTestsInBranch(Engine.scala:396)
[info]   at org.scalatest.SuperEngine.runTestsImpl(Engine.scala:475)
[info]   at org.scalatest.funsuite.AnyFunSuiteLike.runTests(AnyFunSuiteLike.scala:269)
[info]   at org.scalatest.funsuite.AnyFunSuiteLike.runTests$(AnyFunSuiteLike.scala:268)
[info]   at org.scalatest.funsuite.AnyFunSuite.runTests(AnyFunSuite.scala:1564)
[info]   at org.scalatest.Suite.run(Suite.scala:1114)
[info]   at org.scalatest.Suite.run$(Suite.scala:1096)
[info]   at org.scalatest.funsuite.AnyFunSuite.org$scalatest$funsuite$AnyFunSuiteLike$$super$run(AnyFunSuite.scala:1564)
[info]   at org.scalatest.funsuite.AnyFunSuiteLike.$anonfun$run$1(AnyFunSuiteLike.scala:273)
[info]   at org.scalatest.SuperEngine.runImpl(Engine.scala:535)
[info]   at org.scalatest.funsuite.AnyFunSuiteLike.run(AnyFunSuiteLike.scala:273)
[info]   at org.scalatest.funsuite.AnyFunSuiteLike.run$(AnyFunSuiteLike.scala:272)
[info]   at frameless.TypedDatasetSuite.org$scalatest$BeforeAndAfterAll$$super$run(TypedDatasetSuite.scala:63)
[info]   at org.scalatest.BeforeAndAfterAll.liftedTree1$1(BeforeAndAfterAll.scala:213)
[info]   at org.scalatest.BeforeAndAfterAll.run(BeforeAndAfterAll.scala:210)
[info]   at org.scalatest.BeforeAndAfterAll.run$(BeforeAndAfterAll.scala:208)
[info]   at frameless.TypedDatasetSuite.run(TypedDatasetSuite.scala:63)
[info]   at org.scalatest.tools.Framework.org$scalatest$tools$Framework$$runSuite(Framework.scala:321)
[info]   at org.scalatest.tools.Framework$ScalaTestTask.execute(Framework.scala:517)
[info]   at sbt.ForkMain$Run.lambda$runTest$1(ForkMain.java:414)
[info]   at java.base/java.util.concurrent.FutureTask.run(FutureTask.java:317)
[info]   at java.base/java.util.concurrent.ThreadPoolExecutor.runWorker(ThreadPoolExecutor.java:1144)
[info]   at java.base/java.util.concurrent.ThreadPoolExecutor$Worker.run(ThreadPoolExecutor.java:642)
[info]   at java.base/java.lang.Thread.run(Thread.java:1583)
[info] SchemaTests:
[info] - schema of groupBy('a).agg(sum('b)) *** FAILED *** (2 milliseconds)
[info]   java.lang.IllegalArgumentException: argument type mismatch
[info]   at java.base/jdk.internal.reflect.DirectConstructorHandleAccessor.newInstance(DirectConstructorHandleAccessor.java:65)
[info]   at java.base/java.lang.reflect.Constructor.newInstanceWithCaller(Constructor.java:502)
[info]   at java.base/java.lang.reflect.Constructor.newInstance(Constructor.java:486)
[info]   at frameless.TypedExpressionEncoder$.$anonfun$apply$3(TypedExpressionEncoder.scala:55)
[info]   at scala.Option.map(Option.scala:242)
[info]   at frameless.TypedExpressionEncoder$.apply(TypedExpressionEncoder.scala:54)
[info]   at frameless.TypedDataset$.create(TypedDataset.scala:1325)
[info]   at frameless.SchemaTests.$anonfun$new$1(SchemaTests.scala:32)
[info]   at org.scalatest.OutcomeOf.outcomeOf(OutcomeOf.scala:85)
[info]   at org.scalatest.OutcomeOf.outcomeOf$(OutcomeOf.scala:83)
[info]   at org.scalatest.OutcomeOf$.outcomeOf(OutcomeOf.scala:104)
[info]   at org.scalatest.Transformer.apply(Transformer.scala:22)
[info]   at org.scalatest.Transformer.apply(Transformer.scala:20)
[info]   at org.scalatest.funsuite.AnyFunSuiteLike$$anon$1.apply(AnyFunSuiteLike.scala:226)
[info]   at org.scalatest.TestSuite.withFixture(TestSuite.scala:196)
[info]   at org.scalatest.TestSuite.withFixture$(TestSuite.scala:195)
[info]   at org.scalatest.funsuite.AnyFunSuite.withFixture(AnyFunSuite.scala:1564)
[info]   at org.scalatest.funsuite.AnyFunSuiteLike.invokeWithFixture$1(AnyFunSuiteLike.scala:224)
[info]   at org.scalatest.funsuite.AnyFunSuiteLike.$anonfun$runTest$1(AnyFunSuiteLike.scala:236)
[info]   at org.scalatest.SuperEngine.runTestImpl(Engine.scala:306)
[info]   at org.scalatest.funsuite.AnyFunSuiteLike.runTest(AnyFunSuiteLike.scala:236)
[info]   at org.scalatest.funsuite.AnyFunSuiteLike.runTest$(AnyFunSuiteLike.scala:218)
[info]   at org.scalatest.funsuite.AnyFunSuite.runTest(AnyFunSuite.scala:1564)
[info]   at org.scalatest.funsuite.AnyFunSuiteLike.$anonfun$runTests$1(AnyFunSuiteLike.scala:269)
[info]   at org.scalatest.SuperEngine.$anonfun$runTestsInBranch$1(Engine.scala:413)
[info]   at scala.collection.immutable.List.foreach(List.scala:334)
[info]   at org.scalatest.SuperEngine.traverseSubNodes$1(Engine.scala:401)
[info]   at org.scalatest.SuperEngine.runTestsInBranch(Engine.scala:396)
[info]   at org.scalatest.SuperEngine.runTestsImpl(Engine.scala:475)
[info]   at org.scalatest.funsuite.AnyFunSuiteLike.runTests(AnyFunSuiteLike.scala:269)
[info]   at org.scalatest.funsuite.AnyFunSuiteLike.runTests$(AnyFunSuiteLike.scala:268)
[info]   at org.scalatest.funsuite.AnyFunSuite.runTests(AnyFunSuite.scala:1564)
[info]   at org.scalatest.Suite.run(Suite.scala:1114)
[info]   at org.scalatest.Suite.run$(Suite.scala:1096)
[info]   at org.scalatest.funsuite.AnyFunSuite.org$scalatest$funsuite$AnyFunSuiteLike$$super$run(AnyFunSuite.scala:1564)
[info]   at org.scalatest.funsuite.AnyFunSuiteLike.$anonfun$run$1(AnyFunSuiteLike.scala:273)
[info]   at org.scalatest.SuperEngine.runImpl(Engine.scala:535)
[info]   at org.scalatest.funsuite.AnyFunSuiteLike.run(AnyFunSuiteLike.scala:273)
[info]   at org.scalatest.funsuite.AnyFunSuiteLike.run$(AnyFunSuiteLike.scala:272)
[info]   at frameless.TypedDatasetSuite.org$scalatest$BeforeAndAfterAll$$super$run(TypedDatasetSuite.scala:63)
[info]   at org.scalatest.BeforeAndAfterAll.liftedTree1$1(BeforeAndAfterAll.scala:213)
[info]   at org.scalatest.BeforeAndAfterAll.run(BeforeAndAfterAll.scala:210)
[info]   at org.scalatest.BeforeAndAfterAll.run$(BeforeAndAfterAll.scala:208)
[info]   at frameless.TypedDatasetSuite.run(TypedDatasetSuite.scala:63)
[info]   at org.scalatest.tools.Framework.org$scalatest$tools$Framework$$runSuite(Framework.scala:321)
[info]   at org.scalatest.tools.Framework$ScalaTestTask.execute(Framework.scala:517)
[info]   at sbt.ForkMain$Run.lambda$runTest$1(ForkMain.java:414)
[info]   at java.base/java.util.concurrent.FutureTask.run(FutureTask.java:317)
[info]   at java.base/java.util.concurrent.ThreadPoolExecutor.runWorker(ThreadPoolExecutor.java:1144)
[info]   at java.base/java.util.concurrent.ThreadPoolExecutor$Worker.run(ThreadPoolExecutor.java:642)
[info]   at java.base/java.lang.Thread.run(Thread.java:1583)
[info]   Cause: java.lang.ClassCastException: Cannot cast scala.reflect.ClassTag$GenericClassTag to org.apache.spark.sql.catalyst.expressions.Expression
[info]   at java.base/java.lang.Class.cast(Class.java:4067)
[info]   at java.base/jdk.internal.reflect.DirectConstructorHandleAccessor.newInstance(DirectConstructorHandleAccessor.java:62)
[info]   at java.base/java.lang.reflect.Constructor.newInstanceWithCaller(Constructor.java:502)
[info]   at java.base/java.lang.reflect.Constructor.newInstance(Constructor.java:486)
[info]   at frameless.TypedExpressionEncoder$.$anonfun$apply$3(TypedExpressionEncoder.scala:55)
[info]   at scala.Option.map(Option.scala:242)
[info]   at frameless.TypedExpressionEncoder$.apply(TypedExpressionEncoder.scala:54)
[info]   at frameless.TypedDataset$.create(TypedDataset.scala:1325)
[info]   at frameless.SchemaTests.$anonfun$new$1(SchemaTests.scala:32)
[info]   at org.scalatest.OutcomeOf.outcomeOf(OutcomeOf.scala:85)
[info]   at org.scalatest.OutcomeOf.outcomeOf$(OutcomeOf.scala:83)
[info]   at org.scalatest.OutcomeOf$.outcomeOf(OutcomeOf.scala:104)
[info]   at org.scalatest.Transformer.apply(Transformer.scala:22)
[info]   at org.scalatest.Transformer.apply(Transformer.scala:20)
[info]   at org.scalatest.funsuite.AnyFunSuiteLike$$anon$1.apply(AnyFunSuiteLike.scala:226)
[info]   at org.scalatest.TestSuite.withFixture(TestSuite.scala:196)
[info]   at org.scalatest.TestSuite.withFixture$(TestSuite.scala:195)
[info]   at org.scalatest.funsuite.AnyFunSuite.withFixture(AnyFunSuite.scala:1564)
[info]   at org.scalatest.funsuite.AnyFunSuiteLike.invokeWithFixture$1(AnyFunSuiteLike.scala:224)
[info]   at org.scalatest.funsuite.AnyFunSuiteLike.$anonfun$runTest$1(AnyFunSuiteLike.scala:236)
[info]   at org.scalatest.SuperEngine.runTestImpl(Engine.scala:306)
[info]   at org.scalatest.funsuite.AnyFunSuiteLike.runTest(AnyFunSuiteLike.scala:236)
[info]   at org.scalatest.funsuite.AnyFunSuiteLike.runTest$(AnyFunSuiteLike.scala:218)
[info]   at org.scalatest.funsuite.AnyFunSuite.runTest(AnyFunSuite.scala:1564)
[info]   at org.scalatest.funsuite.AnyFunSuiteLike.$anonfun$runTests$1(AnyFunSuiteLike.scala:269)
[info]   at org.scalatest.SuperEngine.$anonfun$runTestsInBranch$1(Engine.scala:413)
[info]   at scala.collection.immutable.List.foreach(List.scala:334)
[info]   at org.scalatest.SuperEngine.traverseSubNodes$1(Engine.scala:401)
[info]   at org.scalatest.SuperEngine.runTestsInBranch(Engine.scala:396)
[info]   at org.scalatest.SuperEngine.runTestsImpl(Engine.scala:475)
[info]   at org.scalatest.funsuite.AnyFunSuiteLike.runTests(AnyFunSuiteLike.scala:269)
[info]   at org.scalatest.funsuite.AnyFunSuiteLike.runTests$(AnyFunSuiteLike.scala:268)
[info]   at org.scalatest.funsuite.AnyFunSuite.runTests(AnyFunSuite.scala:1564)
[info]   at org.scalatest.Suite.run(Suite.scala:1114)
[info]   at org.scalatest.Suite.run$(Suite.scala:1096)
[info]   at org.scalatest.funsuite.AnyFunSuite.org$scalatest$funsuite$AnyFunSuiteLike$$super$run(AnyFunSuite.scala:1564)
[info]   at org.scalatest.funsuite.AnyFunSuiteLike.$anonfun$run$1(AnyFunSuiteLike.scala:273)
[info]   at org.scalatest.SuperEngine.runImpl(Engine.scala:535)
[info]   at org.scalatest.funsuite.AnyFunSuiteLike.run(AnyFunSuiteLike.scala:273)
[info]   at org.scalatest.funsuite.AnyFunSuiteLike.run$(AnyFunSuiteLike.scala:272)
[info]   at frameless.TypedDatasetSuite.org$scalatest$BeforeAndAfterAll$$super$run(TypedDatasetSuite.scala:63)
[info]   at org.scalatest.BeforeAndAfterAll.liftedTree1$1(BeforeAndAfterAll.scala:213)
[info]   at org.scalatest.BeforeAndAfterAll.run(BeforeAndAfterAll.scala:210)
[info]   at org.scalatest.BeforeAndAfterAll.run$(BeforeAndAfterAll.scala:208)
[info]   at frameless.TypedDatasetSuite.run(TypedDatasetSuite.scala:63)
[info]   at org.scalatest.tools.Framework.org$scalatest$tools$Framework$$runSuite(Framework.scala:321)
[info]   at org.scalatest.tools.Framework$ScalaTestTask.execute(Framework.scala:517)
[info]   at sbt.ForkMain$Run.lambda$runTest$1(ForkMain.java:414)
[info]   at java.base/java.util.concurrent.FutureTask.run(FutureTask.java:317)
[info]   at java.base/java.util.concurrent.ThreadPoolExecutor.runWorker(ThreadPoolExecutor.java:1144)
[info]   at java.base/java.util.concurrent.ThreadPoolExecutor$Worker.run(ThreadPoolExecutor.java:642)
[info]   at java.base/java.lang.Thread.run(Thread.java:1583)
[info] - schema of select(lit(1L)) *** FAILED *** (0 milliseconds)
[info]   java.lang.IllegalArgumentException: argument type mismatch
[info]   at java.base/jdk.internal.reflect.DirectConstructorHandleAccessor.newInstance(DirectConstructorHandleAccessor.java:65)
[info]   at java.base/java.lang.reflect.Constructor.newInstanceWithCaller(Constructor.java:502)
[info]   at java.base/java.lang.reflect.Constructor.newInstance(Constructor.java:486)
[info]   at frameless.TypedExpressionEncoder$.$anonfun$apply$3(TypedExpressionEncoder.scala:55)
[info]   at scala.Option.map(Option.scala:242)
[info]   at frameless.TypedExpressionEncoder$.apply(TypedExpressionEncoder.scala:54)
[info]   at frameless.TypedDataset$.create(TypedDataset.scala:1325)
[info]   at frameless.SchemaTests.$anonfun$new$10(SchemaTests.scala:42)
[info]   at org.scalatest.OutcomeOf.outcomeOf(OutcomeOf.scala:85)
[info]   at org.scalatest.OutcomeOf.outcomeOf$(OutcomeOf.scala:83)
[info]   at org.scalatest.OutcomeOf$.outcomeOf(OutcomeOf.scala:104)
[info]   at org.scalatest.Transformer.apply(Transformer.scala:22)
[info]   at org.scalatest.Transformer.apply(Transformer.scala:20)
[info]   at org.scalatest.funsuite.AnyFunSuiteLike$$anon$1.apply(AnyFunSuiteLike.scala:226)
[info]   at org.scalatest.TestSuite.withFixture(TestSuite.scala:196)
[info]   at org.scalatest.TestSuite.withFixture$(TestSuite.scala:195)
[info]   at org.scalatest.funsuite.AnyFunSuite.withFixture(AnyFunSuite.scala:1564)
[info]   at org.scalatest.funsuite.AnyFunSuiteLike.invokeWithFixture$1(AnyFunSuiteLike.scala:224)
[info]   at org.scalatest.funsuite.AnyFunSuiteLike.$anonfun$runTest$1(AnyFunSuiteLike.scala:236)
[info]   at org.scalatest.SuperEngine.runTestImpl(Engine.scala:306)
[info]   at org.scalatest.funsuite.AnyFunSuiteLike.runTest(AnyFunSuiteLike.scala:236)
[info]   at org.scalatest.funsuite.AnyFunSuiteLike.runTest$(AnyFunSuiteLike.scala:218)
[info]   at org.scalatest.funsuite.AnyFunSuite.runTest(AnyFunSuite.scala:1564)
[info]   at org.scalatest.funsuite.AnyFunSuiteLike.$anonfun$runTests$1(AnyFunSuiteLike.scala:269)
[info]   at org.scalatest.SuperEngine.$anonfun$runTestsInBranch$1(Engine.scala:413)
[info]   at scala.collection.immutable.List.foreach(List.scala:334)
[info]   at org.scalatest.SuperEngine.traverseSubNodes$1(Engine.scala:401)
[info]   at org.scalatest.SuperEngine.runTestsInBranch(Engine.scala:396)
[info]   at org.scalatest.SuperEngine.runTestsImpl(Engine.scala:475)
[info]   at org.scalatest.funsuite.AnyFunSuiteLike.runTests(AnyFunSuiteLike.scala:269)
[info]   at org.scalatest.funsuite.AnyFunSuiteLike.runTests$(AnyFunSuiteLike.scala:268)
[info]   at org.scalatest.funsuite.AnyFunSuite.runTests(AnyFunSuite.scala:1564)
[info]   at org.scalatest.Suite.run(Suite.scala:1114)
[info]   at org.scalatest.Suite.run$(Suite.scala:1096)
[info]   at org.scalatest.funsuite.AnyFunSuite.org$scalatest$funsuite$AnyFunSuiteLike$$super$run(AnyFunSuite.scala:1564)
[info]   at org.scalatest.funsuite.AnyFunSuiteLike.$anonfun$run$1(AnyFunSuiteLike.scala:273)
[info]   at org.scalatest.SuperEngine.runImpl(Engine.scala:535)
[info]   at org.scalatest.funsuite.AnyFunSuiteLike.run(AnyFunSuiteLike.scala:273)
[info]   at org.scalatest.funsuite.AnyFunSuiteLike.run$(AnyFunSuiteLike.scala:272)
[info]   at frameless.TypedDatasetSuite.org$scalatest$BeforeAndAfterAll$$super$run(TypedDatasetSuite.scala:63)
[info]   at org.scalatest.BeforeAndAfterAll.liftedTree1$1(BeforeAndAfterAll.scala:213)
[info]   at org.scalatest.BeforeAndAfterAll.run(BeforeAndAfterAll.scala:210)
[info]   at org.scalatest.BeforeAndAfterAll.run$(BeforeAndAfterAll.scala:208)
[info]   at frameless.TypedDatasetSuite.run(TypedDatasetSuite.scala:63)
[info]   at org.scalatest.tools.Framework.org$scalatest$tools$Framework$$runSuite(Framework.scala:321)
[info]   at org.scalatest.tools.Framework$ScalaTestTask.execute(Framework.scala:517)
[info]   at sbt.ForkMain$Run.lambda$runTest$1(ForkMain.java:414)
[info]   at java.base/java.util.concurrent.FutureTask.run(FutureTask.java:317)
[info]   at java.base/java.util.concurrent.ThreadPoolExecutor.runWorker(ThreadPoolExecutor.java:1144)
[info]   at java.base/java.util.concurrent.ThreadPoolExecutor$Worker.run(ThreadPoolExecutor.java:642)
[info]   at java.base/java.lang.Thread.run(Thread.java:1583)
[info]   Cause: java.lang.ClassCastException: Cannot cast scala.reflect.ClassTag$GenericClassTag to org.apache.spark.sql.catalyst.expressions.Expression
[info]   at java.base/java.lang.Class.cast(Class.java:4067)
[info]   at java.base/jdk.internal.reflect.DirectConstructorHandleAccessor.newInstance(DirectConstructorHandleAccessor.java:62)
[info]   at java.base/java.lang.reflect.Constructor.newInstanceWithCaller(Constructor.java:502)
[info]   at java.base/java.lang.reflect.Constructor.newInstance(Constructor.java:486)
[info]   at frameless.TypedExpressionEncoder$.$anonfun$apply$3(TypedExpressionEncoder.scala:55)
[info]   at scala.Option.map(Option.scala:242)
[info]   at frameless.TypedExpressionEncoder$.apply(TypedExpressionEncoder.scala:54)
[info]   at frameless.TypedDataset$.create(TypedDataset.scala:1325)
[info]   at frameless.SchemaTests.$anonfun$new$10(SchemaTests.scala:42)
[info]   at org.scalatest.OutcomeOf.outcomeOf(OutcomeOf.scala:85)
[info]   at org.scalatest.OutcomeOf.outcomeOf$(OutcomeOf.scala:83)
[info]   at org.scalatest.OutcomeOf$.outcomeOf(OutcomeOf.scala:104)
[info]   at org.scalatest.Transformer.apply(Transformer.scala:22)
[info]   at org.scalatest.Transformer.apply(Transformer.scala:20)
[info]   at org.scalatest.funsuite.AnyFunSuiteLike$$anon$1.apply(AnyFunSuiteLike.scala:226)
[info]   at org.scalatest.TestSuite.withFixture(TestSuite.scala:196)
[info]   at org.scalatest.TestSuite.withFixture$(TestSuite.scala:195)
[info]   at org.scalatest.funsuite.AnyFunSuite.withFixture(AnyFunSuite.scala:1564)
[info]   at org.scalatest.funsuite.AnyFunSuiteLike.invokeWithFixture$1(AnyFunSuiteLike.scala:224)
[info]   at org.scalatest.funsuite.AnyFunSuiteLike.$anonfun$runTest$1(AnyFunSuiteLike.scala:236)
[info]   at org.scalatest.SuperEngine.runTestImpl(Engine.scala:306)
[info]   at org.scalatest.funsuite.AnyFunSuiteLike.runTest(AnyFunSuiteLike.scala:236)
[info]   at org.scalatest.funsuite.AnyFunSuiteLike.runTest$(AnyFunSuiteLike.scala:218)
[info]   at org.scalatest.funsuite.AnyFunSuite.runTest(AnyFunSuite.scala:1564)
[info]   at org.scalatest.funsuite.AnyFunSuiteLike.$anonfun$runTests$1(AnyFunSuiteLike.scala:269)
[info]   at org.scalatest.SuperEngine.$anonfun$runTestsInBranch$1(Engine.scala:413)
[info]   at scala.collection.immutable.List.foreach(List.scala:334)
[info]   at org.scalatest.SuperEngine.traverseSubNodes$1(Engine.scala:401)
[info]   at org.scalatest.SuperEngine.runTestsInBranch(Engine.scala:396)
[info]   at org.scalatest.SuperEngine.runTestsImpl(Engine.scala:475)
[info]   at org.scalatest.funsuite.AnyFunSuiteLike.runTests(AnyFunSuiteLike.scala:269)
[info]   at org.scalatest.funsuite.AnyFunSuiteLike.runTests$(AnyFunSuiteLike.scala:268)
[info]   at org.scalatest.funsuite.AnyFunSuite.runTests(AnyFunSuite.scala:1564)
[info]   at org.scalatest.Suite.run(Suite.scala:1114)
[info]   at org.scalatest.Suite.run$(Suite.scala:1096)
[info]   at org.scalatest.funsuite.AnyFunSuite.org$scalatest$funsuite$AnyFunSuiteLike$$super$run(AnyFunSuite.scala:1564)
[info]   at org.scalatest.funsuite.AnyFunSuiteLike.$anonfun$run$1(AnyFunSuiteLike.scala:273)
[info]   at org.scalatest.SuperEngine.runImpl(Engine.scala:535)
[info]   at org.scalatest.funsuite.AnyFunSuiteLike.run(AnyFunSuiteLike.scala:273)
[info]   at org.scalatest.funsuite.AnyFunSuiteLike.run$(AnyFunSuiteLike.scala:272)
[info]   at frameless.TypedDatasetSuite.org$scalatest$BeforeAndAfterAll$$super$run(TypedDatasetSuite.scala:63)
[info]   at org.scalatest.BeforeAndAfterAll.liftedTree1$1(BeforeAndAfterAll.scala:213)
[info]   at org.scalatest.BeforeAndAfterAll.run(BeforeAndAfterAll.scala:210)
[info]   at org.scalatest.BeforeAndAfterAll.run$(BeforeAndAfterAll.scala:208)
[info]   at frameless.TypedDatasetSuite.run(TypedDatasetSuite.scala:63)
[info]   at org.scalatest.tools.Framework.org$scalatest$tools$Framework$$runSuite(Framework.scala:321)
[info]   at org.scalatest.tools.Framework$ScalaTestTask.execute(Framework.scala:517)
[info]   at sbt.ForkMain$Run.lambda$runTest$1(ForkMain.java:414)
[info]   at java.base/java.util.concurrent.FutureTask.run(FutureTask.java:317)
[info]   at java.base/java.util.concurrent.ThreadPoolExecutor.runWorker(ThreadPoolExecutor.java:1144)
[info]   at java.base/java.util.concurrent.ThreadPoolExecutor$Worker.run(ThreadPoolExecutor.java:642)
[info]   at java.base/java.lang.Thread.run(Thread.java:1583)
[info] - schema of select(lit(1L), lit(2L)).as[X2[Long, Long]] *** FAILED *** (0 milliseconds)
[info]   java.lang.IllegalArgumentException: argument type mismatch
[info]   at java.base/jdk.internal.reflect.DirectConstructorHandleAccessor.newInstance(DirectConstructorHandleAccessor.java:65)
[info]   at java.base/java.lang.reflect.Constructor.newInstanceWithCaller(Constructor.java:502)
[info]   at java.base/java.lang.reflect.Constructor.newInstance(Constructor.java:486)
[info]   at frameless.TypedExpressionEncoder$.$anonfun$apply$3(TypedExpressionEncoder.scala:55)
[info]   at scala.Option.map(Option.scala:242)
[info]   at frameless.TypedExpressionEncoder$.apply(TypedExpressionEncoder.scala:54)
[info]   at frameless.TypedDataset$.create(TypedDataset.scala:1325)
[info]   at frameless.SchemaTests.$anonfun$new$11(SchemaTests.scala:49)
[info]   at org.scalatest.OutcomeOf.outcomeOf(OutcomeOf.scala:85)
[info]   at org.scalatest.OutcomeOf.outcomeOf$(OutcomeOf.scala:83)
[info]   at org.scalatest.OutcomeOf$.outcomeOf(OutcomeOf.scala:104)
[info]   at org.scalatest.Transformer.apply(Transformer.scala:22)
[info]   at org.scalatest.Transformer.apply(Transformer.scala:20)
[info]   at org.scalatest.funsuite.AnyFunSuiteLike$$anon$1.apply(AnyFunSuiteLike.scala:226)
[info]   at org.scalatest.TestSuite.withFixture(TestSuite.scala:196)
[info]   at org.scalatest.TestSuite.withFixture$(TestSuite.scala:195)
[info]   at org.scalatest.funsuite.AnyFunSuite.withFixture(AnyFunSuite.scala:1564)
[info]   at org.scalatest.funsuite.AnyFunSuiteLike.invokeWithFixture$1(AnyFunSuiteLike.scala:224)
[info]   at org.scalatest.funsuite.AnyFunSuiteLike.$anonfun$runTest$1(AnyFunSuiteLike.scala:236)
[info]   at org.scalatest.SuperEngine.runTestImpl(Engine.scala:306)
[info]   at org.scalatest.funsuite.AnyFunSuiteLike.runTest(AnyFunSuiteLike.scala:236)
[info]   at org.scalatest.funsuite.AnyFunSuiteLike.runTest$(AnyFunSuiteLike.scala:218)
[info]   at org.scalatest.funsuite.AnyFunSuite.runTest(AnyFunSuite.scala:1564)
[info]   at org.scalatest.funsuite.AnyFunSuiteLike.$anonfun$runTests$1(AnyFunSuiteLike.scala:269)
[info]   at org.scalatest.SuperEngine.$anonfun$runTestsInBranch$1(Engine.scala:413)
[info]   at scala.collection.immutable.List.foreach(List.scala:334)
[info]   at org.scalatest.SuperEngine.traverseSubNodes$1(Engine.scala:401)
[info]   at org.scalatest.SuperEngine.runTestsInBranch(Engine.scala:396)
[info]   at org.scalatest.SuperEngine.runTestsImpl(Engine.scala:475)
[info]   at org.scalatest.funsuite.AnyFunSuiteLike.runTests(AnyFunSuiteLike.scala:269)
[info]   at org.scalatest.funsuite.AnyFunSuiteLike.runTests$(AnyFunSuiteLike.scala:268)
[info]   at org.scalatest.funsuite.AnyFunSuite.runTests(AnyFunSuite.scala:1564)
[info]   at org.scalatest.Suite.run(Suite.scala:1114)
[info]   at org.scalatest.Suite.run$(Suite.scala:1096)
[info]   at org.scalatest.funsuite.AnyFunSuite.org$scalatest$funsuite$AnyFunSuiteLike$$super$run(AnyFunSuite.scala:1564)
[info]   at org.scalatest.funsuite.AnyFunSuiteLike.$anonfun$run$1(AnyFunSuiteLike.scala:273)
[info]   at org.scalatest.SuperEngine.runImpl(Engine.scala:535)
[info]   at org.scalatest.funsuite.AnyFunSuiteLike.run(AnyFunSuiteLike.scala:273)
[info]   at org.scalatest.funsuite.AnyFunSuiteLike.run$(AnyFunSuiteLike.scala:272)
[info]   at frameless.TypedDatasetSuite.org$scalatest$BeforeAndAfterAll$$super$run(TypedDatasetSuite.scala:63)
[info]   at org.scalatest.BeforeAndAfterAll.liftedTree1$1(BeforeAndAfterAll.scala:213)
[info]   at org.scalatest.BeforeAndAfterAll.run(BeforeAndAfterAll.scala:210)
[info]   at org.scalatest.BeforeAndAfterAll.run$(BeforeAndAfterAll.scala:208)
[info]   at frameless.TypedDatasetSuite.run(TypedDatasetSuite.scala:63)
[info]   at org.scalatest.tools.Framework.org$scalatest$tools$Framework$$runSuite(Framework.scala:321)
[info]   at org.scalatest.tools.Framework$ScalaTestTask.execute(Framework.scala:517)
[info]   at sbt.ForkMain$Run.lambda$runTest$1(ForkMain.java:414)
[info]   at java.base/java.util.concurrent.FutureTask.run(FutureTask.java:317)
[info]   at java.base/java.util.concurrent.ThreadPoolExecutor.runWorker(ThreadPoolExecutor.java:1144)
[info]   at java.base/java.util.concurrent.ThreadPoolExecutor$Worker.run(ThreadPoolExecutor.java:642)
[info]   at java.base/java.lang.Thread.run(Thread.java:1583)
[info]   Cause: java.lang.ClassCastException: Cannot cast scala.reflect.ClassTag$GenericClassTag to org.apache.spark.sql.catalyst.expressions.Expression
[info]   at java.base/java.lang.Class.cast(Class.java:4067)
[info]   at java.base/jdk.internal.reflect.DirectConstructorHandleAccessor.newInstance(DirectConstructorHandleAccessor.java:62)
[info]   at java.base/java.lang.reflect.Constructor.newInstanceWithCaller(Constructor.java:502)
[info]   at java.base/java.lang.reflect.Constructor.newInstance(Constructor.java:486)
[info]   at frameless.TypedExpressionEncoder$.$anonfun$apply$3(TypedExpressionEncoder.scala:55)
[info]   at scala.Option.map(Option.scala:242)
[info]   at frameless.TypedExpressionEncoder$.apply(TypedExpressionEncoder.scala:54)
[info]   at frameless.TypedDataset$.create(TypedDataset.scala:1325)
[info]   at frameless.SchemaTests.$anonfun$new$11(SchemaTests.scala:49)
[info]   at org.scalatest.OutcomeOf.outcomeOf(OutcomeOf.scala:85)
[info]   at org.scalatest.OutcomeOf.outcomeOf$(OutcomeOf.scala:83)
[info]   at org.scalatest.OutcomeOf$.outcomeOf(OutcomeOf.scala:104)
[info]   at org.scalatest.Transformer.apply(Transformer.scala:22)
[info]   at org.scalatest.Transformer.apply(Transformer.scala:20)
[info]   at org.scalatest.funsuite.AnyFunSuiteLike$$anon$1.apply(AnyFunSuiteLike.scala:226)
[info]   at org.scalatest.TestSuite.withFixture(TestSuite.scala:196)
[info]   at org.scalatest.TestSuite.withFixture$(TestSuite.scala:195)
[info]   at org.scalatest.funsuite.AnyFunSuite.withFixture(AnyFunSuite.scala:1564)
[info]   at org.scalatest.funsuite.AnyFunSuiteLike.invokeWithFixture$1(AnyFunSuiteLike.scala:224)
[info]   at org.scalatest.funsuite.AnyFunSuiteLike.$anonfun$runTest$1(AnyFunSuiteLike.scala:236)
[info]   at org.scalatest.SuperEngine.runTestImpl(Engine.scala:306)
[info]   at org.scalatest.funsuite.AnyFunSuiteLike.runTest(AnyFunSuiteLike.scala:236)
[info]   at org.scalatest.funsuite.AnyFunSuiteLike.runTest$(AnyFunSuiteLike.scala:218)
[info]   at org.scalatest.funsuite.AnyFunSuite.runTest(AnyFunSuite.scala:1564)
[info]   at org.scalatest.funsuite.AnyFunSuiteLike.$anonfun$runTests$1(AnyFunSuiteLike.scala:269)
[info]   at org.scalatest.SuperEngine.$anonfun$runTestsInBranch$1(Engine.scala:413)
[info]   at scala.collection.immutable.List.foreach(List.scala:334)
[info]   at org.scalatest.SuperEngine.traverseSubNodes$1(Engine.scala:401)
[info]   at org.scalatest.SuperEngine.runTestsInBranch(Engine.scala:396)
[info]   at org.scalatest.SuperEngine.runTestsImpl(Engine.scala:475)
[info]   at org.scalatest.funsuite.AnyFunSuiteLike.runTests(AnyFunSuiteLike.scala:269)
[info]   at org.scalatest.funsuite.AnyFunSuiteLike.runTests$(AnyFunSuiteLike.scala:268)
[info]   at org.scalatest.funsuite.AnyFunSuite.runTests(AnyFunSuite.scala:1564)
[info]   at org.scalatest.Suite.run(Suite.scala:1114)
[info]   at org.scalatest.Suite.run$(Suite.scala:1096)
[info]   at org.scalatest.funsuite.AnyFunSuite.org$scalatest$funsuite$AnyFunSuiteLike$$super$run(AnyFunSuite.scala:1564)
[info]   at org.scalatest.funsuite.AnyFunSuiteLike.$anonfun$run$1(AnyFunSuiteLike.scala:273)
[info]   at org.scalatest.SuperEngine.runImpl(Engine.scala:535)
[info]   at org.scalatest.funsuite.AnyFunSuiteLike.run(AnyFunSuiteLike.scala:273)
[info]   at org.scalatest.funsuite.AnyFunSuiteLike.run$(AnyFunSuiteLike.scala:272)
[info]   at frameless.TypedDatasetSuite.org$scalatest$BeforeAndAfterAll$$super$run(TypedDatasetSuite.scala:63)
[info]   at org.scalatest.BeforeAndAfterAll.liftedTree1$1(BeforeAndAfterAll.scala:213)
[info]   at org.scalatest.BeforeAndAfterAll.run(BeforeAndAfterAll.scala:210)
[info]   at org.scalatest.BeforeAndAfterAll.run$(BeforeAndAfterAll.scala:208)
[info]   at frameless.TypedDatasetSuite.run(TypedDatasetSuite.scala:63)
[info]   at org.scalatest.tools.Framework.org$scalatest$tools$Framework$$runSuite(Framework.scala:321)
[info]   at org.scalatest.tools.Framework$ScalaTestTask.execute(Framework.scala:517)
[info]   at sbt.ForkMain$Run.lambda$runTest$1(ForkMain.java:414)
[info]   at java.base/java.util.concurrent.FutureTask.run(FutureTask.java:317)
[info]   at java.base/java.util.concurrent.ThreadPoolExecutor.runWorker(ThreadPoolExecutor.java:1144)
[info]   at java.base/java.util.concurrent.ThreadPoolExecutor$Worker.run(ThreadPoolExecutor.java:642)
[info]   at java.base/java.lang.Thread.run(Thread.java:1583)
[info] DistinctTests:
[info] - distinct *** FAILED *** (1 millisecond)
[info]   IllegalArgumentException was thrown during property evaluation.
[info]     Message: argument type mismatch
[info]     Occurred when passed generated values (
[info]       arg0 = Vector()
[info]     )
[info]   org.scalatest.exceptions.GeneratorDrivenPropertyCheckFailedException:
[info]   at org.scalatestplus.scalacheck.CheckerAsserting$$anon$2.indicateFailure(CheckerAsserting.scala:251)
[info]   at org.scalatestplus.scalacheck.CheckerAsserting$$anon$2.indicateFailure(CheckerAsserting.scala:238)
[info]   at org.scalatestplus.scalacheck.UnitCheckerAsserting$CheckerAssertingImpl.check(CheckerAsserting.scala:160)
[info]   at org.scalatestplus.scalacheck.Checkers.check(Checkers.scala:371)
[info]   at org.scalatestplus.scalacheck.Checkers.check$(Checkers.scala:369)
[info]   at frameless.TypedDatasetSuite.check(TypedDatasetSuite.scala:63)
[info]   at frameless.DistinctTests.$anonfun$new$1(DistinctTests.scala:13)
[info]   at org.scalatest.OutcomeOf.outcomeOf(OutcomeOf.scala:85)
[info]   at org.scalatest.OutcomeOf.outcomeOf$(OutcomeOf.scala:83)
[info]   at org.scalatest.OutcomeOf$.outcomeOf(OutcomeOf.scala:104)
[info]   at org.scalatest.Transformer.apply(Transformer.scala:22)
[info]   at org.scalatest.Transformer.apply(Transformer.scala:20)
[info]   at org.scalatest.funsuite.AnyFunSuiteLike$$anon$1.apply(AnyFunSuiteLike.scala:226)
[info]   at org.scalatest.TestSuite.withFixture(TestSuite.scala:196)
[info]   at org.scalatest.TestSuite.withFixture$(TestSuite.scala:195)
[info]   at org.scalatest.funsuite.AnyFunSuite.withFixture(AnyFunSuite.scala:1564)
[info]   at org.scalatest.funsuite.AnyFunSuiteLike.invokeWithFixture$1(AnyFunSuiteLike.scala:224)
[info]   at org.scalatest.funsuite.AnyFunSuiteLike.$anonfun$runTest$1(AnyFunSuiteLike.scala:236)
[info]   at org.scalatest.SuperEngine.runTestImpl(Engine.scala:306)
[info]   at org.scalatest.funsuite.AnyFunSuiteLike.runTest(AnyFunSuiteLike.scala:236)
[info]   at org.scalatest.funsuite.AnyFunSuiteLike.runTest$(AnyFunSuiteLike.scala:218)
[info]   at org.scalatest.funsuite.AnyFunSuite.runTest(AnyFunSuite.scala:1564)
[info]   at org.scalatest.funsuite.AnyFunSuiteLike.$anonfun$runTests$1(AnyFunSuiteLike.scala:269)
[info]   at org.scalatest.SuperEngine.$anonfun$runTestsInBranch$1(Engine.scala:413)
[info]   at scala.collection.immutable.List.foreach(List.scala:334)
[info]   at org.scalatest.SuperEngine.traverseSubNodes$1(Engine.scala:401)
[info]   at org.scalatest.SuperEngine.runTestsInBranch(Engine.scala:396)
[info]   at org.scalatest.SuperEngine.runTestsImpl(Engine.scala:475)
[info]   at org.scalatest.funsuite.AnyFunSuiteLike.runTests(AnyFunSuiteLike.scala:269)
[info]   at org.scalatest.funsuite.AnyFunSuiteLike.runTests$(AnyFunSuiteLike.scala:268)
[info]   at org.scalatest.funsuite.AnyFunSuite.runTests(AnyFunSuite.scala:1564)
[info]   at org.scalatest.Suite.run(Suite.scala:1114)
[info]   at org.scalatest.Suite.run$(Suite.scala:1096)
[info]   at org.scalatest.funsuite.AnyFunSuite.org$scalatest$funsuite$AnyFunSuiteLike$$super$run(AnyFunSuite.scala:1564)
[info]   at org.scalatest.funsuite.AnyFunSuiteLike.$anonfun$run$1(AnyFunSuiteLike.scala:273)
[info]   at org.scalatest.SuperEngine.runImpl(Engine.scala:535)
[info]   at org.scalatest.funsuite.AnyFunSuiteLike.run(AnyFunSuiteLike.scala:273)
[info]   at org.scalatest.funsuite.AnyFunSuiteLike.run$(AnyFunSuiteLike.scala:272)
[info]   at frameless.TypedDatasetSuite.org$scalatest$BeforeAndAfterAll$$super$run(TypedDatasetSuite.scala:63)
[info]   at org.scalatest.BeforeAndAfterAll.liftedTree1$1(BeforeAndAfterAll.scala:213)
[info]   at org.scalatest.BeforeAndAfterAll.run(BeforeAndAfterAll.scala:210)
[info]   at org.scalatest.BeforeAndAfterAll.run$(BeforeAndAfterAll.scala:208)
[info]   at frameless.TypedDatasetSuite.run(TypedDatasetSuite.scala:63)
[info]   at org.scalatest.tools.Framework.org$scalatest$tools$Framework$$runSuite(Framework.scala:321)
[info]   at org.scalatest.tools.Framework$ScalaTestTask.execute(Framework.scala:517)
[info]   at sbt.ForkMain$Run.lambda$runTest$1(ForkMain.java:414)
[info]   at java.base/java.util.concurrent.FutureTask.run(FutureTask.java:317)
[info]   at java.base/java.util.concurrent.ThreadPoolExecutor.runWorker(ThreadPoolExecutor.java:1144)
[info]   at java.base/java.util.concurrent.ThreadPoolExecutor$Worker.run(ThreadPoolExecutor.java:642)
[info]   at java.base/java.lang.Thread.run(Thread.java:1583)
[info]   Cause: java.lang.IllegalArgumentException: argument type mismatch
[info]   at java.base/jdk.internal.reflect.DirectConstructorHandleAccessor.newInstance(DirectConstructorHandleAccessor.java:65)
[info]   at java.base/java.lang.reflect.Constructor.newInstanceWithCaller(Constructor.java:502)
[info]   at java.base/java.lang.reflect.Constructor.newInstance(Constructor.java:486)
[info]   at frameless.TypedExpressionEncoder$.$anonfun$apply$3(TypedExpressionEncoder.scala:55)
[info]   at scala.Option.map(Option.scala:242)
[info]   at frameless.TypedExpressionEncoder$.apply(TypedExpressionEncoder.scala:54)
[info]   at frameless.TypedDataset$.create(TypedDataset.scala:1325)
[info]   at frameless.DistinctTests.$anonfun$new$2(DistinctTests.scala:11)
[info]   at org.scalacheck.Prop$ExtendedAny.$qmark$eq(Prop.scala:329)
[info]   at frameless.DistinctTests.prop$1(DistinctTests.scala:11)
[info]   at frameless.DistinctTests.$anonfun$new$4(DistinctTests.scala:13)
[info]   at scala.Function1.$anonfun$andThen$1(Function1.scala:87)
[info]   at org.scalacheck.Prop$.$anonfun$forAllShrink$2(Prop.scala:868)
[info]   at org.scalacheck.Prop$.secure(Prop.scala:484)
[info]   at org.scalacheck.Prop$.result$1(Prop.scala:868)
[info]   at org.scalacheck.Prop$.$anonfun$forAllShrink$1(Prop.scala:915)
[info]   at org.scalacheck.Prop$.$anonfun$apply$1(Prop.scala:305)
[info]   at org.scalacheck.PropFromFun.apply(Prop.scala:20)
[info]   at org.scalacheck.Test$.workerFun$1(Test.scala:486)
[info]   at org.scalacheck.Test$.$anonfun$check$4(Test.scala:518)
[info]   at org.scalacheck.Test$.$anonfun$check$4$adapted(Test.scala:518)
[info]   at org.scalacheck.Platform$.runWorkers(Platform.scala:42)
[info]   at org.scalacheck.Test$.check(Test.scala:518)
[info]   at org.scalatestplus.scalacheck.UnitCheckerAsserting$CheckerAssertingImpl.check(CheckerAsserting.scala:90)
[info]   at org.scalatestplus.scalacheck.Checkers.check(Checkers.scala:371)
[info]   at org.scalatestplus.scalacheck.Checkers.check$(Checkers.scala:369)
[info]   at frameless.TypedDatasetSuite.check(TypedDatasetSuite.scala:63)
[info]   at frameless.DistinctTests.$anonfun$new$1(DistinctTests.scala:13)
[info]   at org.scalatest.OutcomeOf.outcomeOf(OutcomeOf.scala:85)
[info]   at org.scalatest.OutcomeOf.outcomeOf$(OutcomeOf.scala:83)
[info]   at org.scalatest.OutcomeOf$.outcomeOf(OutcomeOf.scala:104)
[info]   at org.scalatest.Transformer.apply(Transformer.scala:22)
[info]   at org.scalatest.Transformer.apply(Transformer.scala:20)
[info]   at org.scalatest.funsuite.AnyFunSuiteLike$$anon$1.apply(AnyFunSuiteLike.scala:226)
[info]   at org.scalatest.TestSuite.withFixture(TestSuite.scala:196)
[info]   at org.scalatest.TestSuite.withFixture$(TestSuite.scala:195)
[info]   at org.scalatest.funsuite.AnyFunSuite.withFixture(AnyFunSuite.scala:1564)
[info]   at org.scalatest.funsuite.AnyFunSuiteLike.invokeWithFixture$1(AnyFunSuiteLike.scala:224)
[info]   at org.scalatest.funsuite.AnyFunSuiteLike.$anonfun$runTest$1(AnyFunSuiteLike.scala:236)
[info]   at org.scalatest.SuperEngine.runTestImpl(Engine.scala:306)
[info]   at org.scalatest.funsuite.AnyFunSuiteLike.runTest(AnyFunSuiteLike.scala:236)
[info]   at org.scalatest.funsuite.AnyFunSuiteLike.runTest$(AnyFunSuiteLike.scala:218)
[info]   at org.scalatest.funsuite.AnyFunSuite.runTest(AnyFunSuite.scala:1564)
[info]   at org.scalatest.funsuite.AnyFunSuiteLike.$anonfun$runTests$1(AnyFunSuiteLike.scala:269)
[info]   at org.scalatest.SuperEngine.$anonfun$runTestsInBranch$1(Engine.scala:413)
[info]   at scala.collection.immutable.List.foreach(List.scala:334)
[info]   at org.scalatest.SuperEngine.traverseSubNodes$1(Engine.scala:401)
[info]   at org.scalatest.SuperEngine.runTestsInBranch(Engine.scala:396)
[info]   at org.scalatest.SuperEngine.runTestsImpl(Engine.scala:475)
[info]   at org.scalatest.funsuite.AnyFunSuiteLike.runTests(AnyFunSuiteLike.scala:269)
[info]   at org.scalatest.funsuite.AnyFunSuiteLike.runTests$(AnyFunSuiteLike.scala:268)
[info]   at org.scalatest.funsuite.AnyFunSuite.runTests(AnyFunSuite.scala:1564)
[info]   at org.scalatest.Suite.run(Suite.scala:1114)
[info]   at org.scalatest.Suite.run$(Suite.scala:1096)
[info]   at org.scalatest.funsuite.AnyFunSuite.org$scalatest$funsuite$AnyFunSuiteLike$$super$run(AnyFunSuite.scala:1564)
[info]   at org.scalatest.funsuite.AnyFunSuiteLike.$anonfun$run$1(AnyFunSuiteLike.scala:273)
[info]   at org.scalatest.SuperEngine.runImpl(Engine.scala:535)
[info]   at org.scalatest.funsuite.AnyFunSuiteLike.run(AnyFunSuiteLike.scala:273)
[info]   at org.scalatest.funsuite.AnyFunSuiteLike.run$(AnyFunSuiteLike.scala:272)
[info]   at frameless.TypedDatasetSuite.org$scalatest$BeforeAndAfterAll$$super$run(TypedDatasetSuite.scala:63)
[info]   at org.scalatest.BeforeAndAfterAll.liftedTree1$1(BeforeAndAfterAll.scala:213)
[info]   at org.scalatest.BeforeAndAfterAll.run(BeforeAndAfterAll.scala:210)
[info]   at org.scalatest.BeforeAndAfterAll.run$(BeforeAndAfterAll.scala:208)
[info]   at frameless.TypedDatasetSuite.run(TypedDatasetSuite.scala:63)
[info]   at org.scalatest.tools.Framework.org$scalatest$tools$Framework$$runSuite(Framework.scala:321)
[info]   at org.scalatest.tools.Framework$ScalaTestTask.execute(Framework.scala:517)
[info]   at sbt.ForkMain$Run.lambda$runTest$1(ForkMain.java:414)
[info]   at java.base/java.util.concurrent.FutureTask.run(FutureTask.java:317)
[info]   at java.base/java.util.concurrent.ThreadPoolExecutor.runWorker(ThreadPoolExecutor.java:1144)
[info]   at java.base/java.util.concurrent.ThreadPoolExecutor$Worker.run(ThreadPoolExecutor.java:642)
[info]   at java.base/java.lang.Thread.run(Thread.java:1583)
[info]   Cause: java.lang.ClassCastException: Cannot cast scala.reflect.ManifestFactory$IntManifest to org.apache.spark.sql.catalyst.expressions.Expression
[info]   at java.base/java.lang.Class.cast(Class.java:4067)
[info]   at java.base/jdk.internal.reflect.DirectConstructorHandleAccessor.newInstance(DirectConstructorHandleAccessor.java:62)
[info]   at java.base/java.lang.reflect.Constructor.newInstanceWithCaller(Constructor.java:502)
[info]   at java.base/java.lang.reflect.Constructor.newInstance(Constructor.java:486)
[info]   at frameless.TypedExpressionEncoder$.$anonfun$apply$3(TypedExpressionEncoder.scala:55)
[info]   at scala.Option.map(Option.scala:242)
[info]   at frameless.TypedExpressionEncoder$.apply(TypedExpressionEncoder.scala:54)
[info]   at frameless.TypedDataset$.create(TypedDataset.scala:1325)
[info]   at frameless.DistinctTests.$anonfun$new$2(DistinctTests.scala:11)
[info]   at org.scalacheck.Prop$ExtendedAny.$qmark$eq(Prop.scala:329)
[info]   at frameless.DistinctTests.prop$1(DistinctTests.scala:11)
[info]   at frameless.DistinctTests.$anonfun$new$4(DistinctTests.scala:13)
[info]   at scala.Function1.$anonfun$andThen$1(Function1.scala:87)
[info]   at org.scalacheck.Prop$.$anonfun$forAllShrink$2(Prop.scala:868)
[info]   at org.scalacheck.Prop$.secure(Prop.scala:484)
[info]   at org.scalacheck.Prop$.result$1(Prop.scala:868)
[info]   at org.scalacheck.Prop$.$anonfun$forAllShrink$1(Prop.scala:915)
[info]   at org.scalacheck.Prop$.$anonfun$apply$1(Prop.scala:305)
[info]   at org.scalacheck.PropFromFun.apply(Prop.scala:20)
[info]   at org.scalacheck.Test$.workerFun$1(Test.scala:486)
[info]   at org.scalacheck.Test$.$anonfun$check$4(Test.scala:518)
[info]   at org.scalacheck.Test$.$anonfun$check$4$adapted(Test.scala:518)
[info]   at org.scalacheck.Platform$.runWorkers(Platform.scala:42)
[info]   at org.scalacheck.Test$.check(Test.scala:518)
[info]   at org.scalatestplus.scalacheck.UnitCheckerAsserting$CheckerAssertingImpl.check(CheckerAsserting.scala:90)
[info]   at org.scalatestplus.scalacheck.Checkers.check(Checkers.scala:371)
[info]   at org.scalatestplus.scalacheck.Checkers.check$(Checkers.scala:369)
[info]   at frameless.TypedDatasetSuite.check(TypedDatasetSuite.scala:63)
[info]   at frameless.DistinctTests.$anonfun$new$1(DistinctTests.scala:13)
[info]   at org.scalatest.OutcomeOf.outcomeOf(OutcomeOf.scala:85)
[info]   at org.scalatest.OutcomeOf.outcomeOf$(OutcomeOf.scala:83)
[info]   at org.scalatest.OutcomeOf$.outcomeOf(OutcomeOf.scala:104)
[info]   at org.scalatest.Transformer.apply(Transformer.scala:22)
[info]   at org.scalatest.Transformer.apply(Transformer.scala:20)
[info]   at org.scalatest.funsuite.AnyFunSuiteLike$$anon$1.apply(AnyFunSuiteLike.scala:226)
[info]   at org.scalatest.TestSuite.withFixture(TestSuite.scala:196)
[info]   at org.scalatest.TestSuite.withFixture$(TestSuite.scala:195)
[info]   at org.scalatest.funsuite.AnyFunSuite.withFixture(AnyFunSuite.scala:1564)
[info]   at org.scalatest.funsuite.AnyFunSuiteLike.invokeWithFixture$1(AnyFunSuiteLike.scala:224)
[info]   at org.scalatest.funsuite.AnyFunSuiteLike.$anonfun$runTest$1(AnyFunSuiteLike.scala:236)
[info]   at org.scalatest.SuperEngine.runTestImpl(Engine.scala:306)
[info]   at org.scalatest.funsuite.AnyFunSuiteLike.runTest(AnyFunSuiteLike.scala:236)
[info]   at org.scalatest.funsuite.AnyFunSuiteLike.runTest$(AnyFunSuiteLike.scala:218)
[info]   at org.scalatest.funsuite.AnyFunSuite.runTest(AnyFunSuite.scala:1564)
[info]   at org.scalatest.funsuite.AnyFunSuiteLike.$anonfun$runTests$1(AnyFunSuiteLike.scala:269)
[info]   at org.scalatest.SuperEngine.$anonfun$runTestsInBranch$1(Engine.scala:413)
[info]   at scala.collection.immutable.List.foreach(List.scala:334)
[info]   at org.scalatest.SuperEngine.traverseSubNodes$1(Engine.scala:401)
[info]   at org.scalatest.SuperEngine.runTestsInBranch(Engine.scala:396)
[info]   at org.scalatest.SuperEngine.runTestsImpl(Engine.scala:475)
[info]   at org.scalatest.funsuite.AnyFunSuiteLike.runTests(AnyFunSuiteLike.scala:269)
[info]   at org.scalatest.funsuite.AnyFunSuiteLike.runTests$(AnyFunSuiteLike.scala:268)
[info]   at org.scalatest.funsuite.AnyFunSuite.runTests(AnyFunSuite.scala:1564)
[info]   at org.scalatest.Suite.run(Suite.scala:1114)
[info]   at org.scalatest.Suite.run$(Suite.scala:1096)
[info]   at org.scalatest.funsuite.AnyFunSuite.org$scalatest$funsuite$AnyFunSuiteLike$$super$run(AnyFunSuite.scala:1564)
[info]   at org.scalatest.funsuite.AnyFunSuiteLike.$anonfun$run$1(AnyFunSuiteLike.scala:273)
[info]   at org.scalatest.SuperEngine.runImpl(Engine.scala:535)
[info]   at org.scalatest.funsuite.AnyFunSuiteLike.run(AnyFunSuiteLike.scala:273)
[info]   at org.scalatest.funsuite.AnyFunSuiteLike.run$(AnyFunSuiteLike.scala:272)
[info]   at frameless.TypedDatasetSuite.org$scalatest$BeforeAndAfterAll$$super$run(TypedDatasetSuite.scala:63)
[info]   at org.scalatest.BeforeAndAfterAll.liftedTree1$1(BeforeAndAfterAll.scala:213)
[info]   at org.scalatest.BeforeAndAfterAll.run(BeforeAndAfterAll.scala:210)
[info]   at org.scalatest.BeforeAndAfterAll.run$(BeforeAndAfterAll.scala:208)
[info]   at frameless.TypedDatasetSuite.run(TypedDatasetSuite.scala:63)
[info]   at org.scalatest.tools.Framework.org$scalatest$tools$Framework$$runSuite(Framework.scala:321)
[info]   at org.scalatest.tools.Framework$ScalaTestTask.execute(Framework.scala:517)
[info]   at sbt.ForkMain$Run.lambda$runTest$1(ForkMain.java:414)
[info]   at java.base/java.util.concurrent.FutureTask.run(FutureTask.java:317)
[info]   at java.base/java.util.concurrent.ThreadPoolExecutor.runWorker(ThreadPoolExecutor.java:1144)
[info]   at java.base/java.util.concurrent.ThreadPoolExecutor$Worker.run(ThreadPoolExecutor.java:642)
[info]   at java.base/java.lang.Thread.run(Thread.java:1583)
[info] FramelessLitPushDownTests:
[info] - java.sql.Timestamp push-down *** FAILED *** (11 milliseconds)
[info]   java.lang.IllegalArgumentException: argument type mismatch
[info]   at java.base/jdk.internal.reflect.DirectConstructorHandleAccessor.newInstance(DirectConstructorHandleAccessor.java:65)
[info]   at java.base/java.lang.reflect.Constructor.newInstanceWithCaller(Constructor.java:502)
[info]   at java.base/java.lang.reflect.Constructor.newInstance(Constructor.java:486)
[info]   at frameless.TypedExpressionEncoder$.$anonfun$apply$3(TypedExpressionEncoder.scala:55)
[info]   at scala.Option.map(Option.scala:242)
[info]   at frameless.TypedExpressionEncoder$.apply(TypedExpressionEncoder.scala:54)
[info]   at frameless.TypedDataset$.create(TypedDataset.scala:1325)
[info]   at frameless.sql.rules.SQLRulesSuite.withDataset(SQLRulesSuite.scala:20)
[info]   at frameless.sql.rules.SQLRulesSuite.withDataset$(SQLRulesSuite.scala:19)
[info]   at frameless.sql.rules.FramelessLitPushDownTests.withDataset(FramelessLitPushDownTests.scala:11)
[info]   at frameless.sql.rules.SQLRulesSuite.predicatePushDownTest(SQLRulesSuite.scala:30)
[info]   at frameless.sql.rules.SQLRulesSuite.predicatePushDownTest$(SQLRulesSuite.scala:24)
[info]   at frameless.sql.rules.FramelessLitPushDownTests.predicatePushDownTest(FramelessLitPushDownTests.scala:11)
[info]   at frameless.sql.rules.FramelessLitPushDownTests.$anonfun$new$1(FramelessLitPushDownTests.scala:38)
[info]   at org.scalatest.OutcomeOf.outcomeOf(OutcomeOf.scala:85)
[info]   at org.scalatest.OutcomeOf.outcomeOf$(OutcomeOf.scala:83)
[info]   at org.scalatest.OutcomeOf$.outcomeOf(OutcomeOf.scala:104)
[info]   at org.scalatest.Transformer.apply(Transformer.scala:22)
[info]   at org.scalatest.Transformer.apply(Transformer.scala:20)
[info]   at org.scalatest.funsuite.AnyFunSuiteLike$$anon$1.apply(AnyFunSuiteLike.scala:226)
[info]   at org.scalatest.TestSuite.withFixture(TestSuite.scala:196)
[info]   at org.scalatest.TestSuite.withFixture$(TestSuite.scala:195)
[info]   at org.scalatest.funsuite.AnyFunSuite.withFixture(AnyFunSuite.scala:1564)
[info]   at org.scalatest.funsuite.AnyFunSuiteLike.invokeWithFixture$1(AnyFunSuiteLike.scala:224)
[info]   at org.scalatest.funsuite.AnyFunSuiteLike.$anonfun$runTest$1(AnyFunSuiteLike.scala:236)
[info]   at org.scalatest.SuperEngine.runTestImpl(Engine.scala:306)
[info]   at org.scalatest.funsuite.AnyFunSuiteLike.runTest(AnyFunSuiteLike.scala:236)
[info]   at org.scalatest.funsuite.AnyFunSuiteLike.runTest$(AnyFunSuiteLike.scala:218)
[info]   at org.scalatest.funsuite.AnyFunSuite.runTest(AnyFunSuite.scala:1564)
[info]   at org.scalatest.funsuite.AnyFunSuiteLike.$anonfun$runTests$1(AnyFunSuiteLike.scala:269)
[info]   at org.scalatest.SuperEngine.$anonfun$runTestsInBranch$1(Engine.scala:413)
[info]   at scala.collection.immutable.List.foreach(List.scala:334)
[info]   at org.scalatest.SuperEngine.traverseSubNodes$1(Engine.scala:401)
[info]   at org.scalatest.SuperEngine.runTestsInBranch(Engine.scala:396)
[info]   at org.scalatest.SuperEngine.runTestsImpl(Engine.scala:475)
[info]   at org.scalatest.funsuite.AnyFunSuiteLike.runTests(AnyFunSuiteLike.scala:269)
[info]   at org.scalatest.funsuite.AnyFunSuiteLike.runTests$(AnyFunSuiteLike.scala:268)
[info]   at org.scalatest.funsuite.AnyFunSuite.runTests(AnyFunSuite.scala:1564)
[info]   at org.scalatest.Suite.run(Suite.scala:1114)
[info]   at org.scalatest.Suite.run$(Suite.scala:1096)
[info]   at org.scalatest.funsuite.AnyFunSuite.org$scalatest$funsuite$AnyFunSuiteLike$$super$run(AnyFunSuite.scala:1564)
[info]   at org.scalatest.funsuite.AnyFunSuiteLike.$anonfun$run$1(AnyFunSuiteLike.scala:273)
[info]   at org.scalatest.SuperEngine.runImpl(Engine.scala:535)
[info]   at org.scalatest.funsuite.AnyFunSuiteLike.run(AnyFunSuiteLike.scala:273)
[info]   at org.scalatest.funsuite.AnyFunSuiteLike.run$(AnyFunSuiteLike.scala:272)
[info]   at frameless.TypedDatasetSuite.org$scalatest$BeforeAndAfterAll$$super$run(TypedDatasetSuite.scala:63)
[info]   at org.scalatest.BeforeAndAfterAll.liftedTree1$1(BeforeAndAfterAll.scala:213)
[info]   at org.scalatest.BeforeAndAfterAll.run(BeforeAndAfterAll.scala:210)
[info]   at org.scalatest.BeforeAndAfterAll.run$(BeforeAndAfterAll.scala:208)
[info]   at frameless.TypedDatasetSuite.run(TypedDatasetSuite.scala:63)
[info]   at org.scalatest.tools.Framework.org$scalatest$tools$Framework$$runSuite(Framework.scala:321)
[info]   at org.scalatest.tools.Framework$ScalaTestTask.execute(Framework.scala:517)
[info]   at sbt.ForkMain$Run.lambda$runTest$1(ForkMain.java:414)
[info]   at java.base/java.util.concurrent.FutureTask.run(FutureTask.java:317)
[info]   at java.base/java.util.concurrent.ThreadPoolExecutor.runWorker(ThreadPoolExecutor.java:1144)
[info]   at java.base/java.util.concurrent.ThreadPoolExecutor$Worker.run(ThreadPoolExecutor.java:642)
[info]   at java.base/java.lang.Thread.run(Thread.java:1583)
[info]   Cause: java.lang.ClassCastException: Cannot cast scala.reflect.ClassTag$GenericClassTag to org.apache.spark.sql.catalyst.expressions.Expression
[info]   at java.base/java.lang.Class.cast(Class.java:4067)
[info]   at java.base/jdk.internal.reflect.DirectConstructorHandleAccessor.newInstance(DirectConstructorHandleAccessor.java:62)
[info]   at java.base/java.lang.reflect.Constructor.newInstanceWithCaller(Constructor.java:502)
[info]   at java.base/java.lang.reflect.Constructor.newInstance(Constructor.java:486)
[info]   at frameless.TypedExpressionEncoder$.$anonfun$apply$3(TypedExpressionEncoder.scala:55)
[info]   at scala.Option.map(Option.scala:242)
[info]   at frameless.TypedExpressionEncoder$.apply(TypedExpressionEncoder.scala:54)
[info]   at frameless.TypedDataset$.create(TypedDataset.scala:1325)
[info]   at frameless.sql.rules.SQLRulesSuite.withDataset(SQLRulesSuite.scala:20)
[info]   at frameless.sql.rules.SQLRulesSuite.withDataset$(SQLRulesSuite.scala:19)
[info]   at frameless.sql.rules.FramelessLitPushDownTests.withDataset(FramelessLitPushDownTests.scala:11)
[info]   at frameless.sql.rules.SQLRulesSuite.predicatePushDownTest(SQLRulesSuite.scala:30)
[info]   at frameless.sql.rules.SQLRulesSuite.predicatePushDownTest$(SQLRulesSuite.scala:24)
[info]   at frameless.sql.rules.FramelessLitPushDownTests.predicatePushDownTest(FramelessLitPushDownTests.scala:11)
[info]   at frameless.sql.rules.FramelessLitPushDownTests.$anonfun$new$1(FramelessLitPushDownTests.scala:38)
[info]   at org.scalatest.OutcomeOf.outcomeOf(OutcomeOf.scala:85)
[info]   at org.scalatest.OutcomeOf.outcomeOf$(OutcomeOf.scala:83)
[info]   at org.scalatest.OutcomeOf$.outcomeOf(OutcomeOf.scala:104)
[info]   at org.scalatest.Transformer.apply(Transformer.scala:22)
[info]   at org.scalatest.Transformer.apply(Transformer.scala:20)
[info]   at org.scalatest.funsuite.AnyFunSuiteLike$$anon$1.apply(AnyFunSuiteLike.scala:226)
[info]   at org.scalatest.TestSuite.withFixture(TestSuite.scala:196)
[info]   at org.scalatest.TestSuite.withFixture$(TestSuite.scala:195)
[info]   at org.scalatest.funsuite.AnyFunSuite.withFixture(AnyFunSuite.scala:1564)
[info]   at org.scalatest.funsuite.AnyFunSuiteLike.invokeWithFixture$1(AnyFunSuiteLike.scala:224)
[info]   at org.scalatest.funsuite.AnyFunSuiteLike.$anonfun$runTest$1(AnyFunSuiteLike.scala:236)
[info]   at org.scalatest.SuperEngine.runTestImpl(Engine.scala:306)
[info]   at org.scalatest.funsuite.AnyFunSuiteLike.runTest(AnyFunSuiteLike.scala:236)
[info]   at org.scalatest.funsuite.AnyFunSuiteLike.runTest$(AnyFunSuiteLike.scala:218)
[info]   at org.scalatest.funsuite.AnyFunSuite.runTest(AnyFunSuite.scala:1564)
[info]   at org.scalatest.funsuite.AnyFunSuiteLike.$anonfun$runTests$1(AnyFunSuiteLike.scala:269)
[info]   at org.scalatest.SuperEngine.$anonfun$runTestsInBranch$1(Engine.scala:413)
[info]   at scala.collection.immutable.List.foreach(List.scala:334)
[info]   at org.scalatest.SuperEngine.traverseSubNodes$1(Engine.scala:401)
[info]   at org.scalatest.SuperEngine.runTestsInBranch(Engine.scala:396)
[info]   at org.scalatest.SuperEngine.runTestsImpl(Engine.scala:475)
[info]   at org.scalatest.funsuite.AnyFunSuiteLike.runTests(AnyFunSuiteLike.scala:269)
[info]   at org.scalatest.funsuite.AnyFunSuiteLike.runTests$(AnyFunSuiteLike.scala:268)
[info]   at org.scalatest.funsuite.AnyFunSuite.runTests(AnyFunSuite.scala:1564)
[info]   at org.scalatest.Suite.run(Suite.scala:1114)
[info]   at org.scalatest.Suite.run$(Suite.scala:1096)
[info]   at org.scalatest.funsuite.AnyFunSuite.org$scalatest$funsuite$AnyFunSuiteLike$$super$run(AnyFunSuite.scala:1564)
[info]   at org.scalatest.funsuite.AnyFunSuiteLike.$anonfun$run$1(AnyFunSuiteLike.scala:273)
[info]   at org.scalatest.SuperEngine.runImpl(Engine.scala:535)
[info]   at org.scalatest.funsuite.AnyFunSuiteLike.run(AnyFunSuiteLike.scala:273)
[info]   at org.scalatest.funsuite.AnyFunSuiteLike.run$(AnyFunSuiteLike.scala:272)
[info]   at frameless.TypedDatasetSuite.org$scalatest$BeforeAndAfterAll$$super$run(TypedDatasetSuite.scala:63)
[info]   at org.scalatest.BeforeAndAfterAll.liftedTree1$1(BeforeAndAfterAll.scala:213)
[info]   at org.scalatest.BeforeAndAfterAll.run(BeforeAndAfterAll.scala:210)
[info]   at org.scalatest.BeforeAndAfterAll.run$(BeforeAndAfterAll.scala:208)
[info]   at frameless.TypedDatasetSuite.run(TypedDatasetSuite.scala:63)
[info]   at org.scalatest.tools.Framework.org$scalatest$tools$Framework$$runSuite(Framework.scala:321)
[info]   at org.scalatest.tools.Framework$ScalaTestTask.execute(Framework.scala:517)
[info]   at sbt.ForkMain$Run.lambda$runTest$1(ForkMain.java:414)
[info]   at java.base/java.util.concurrent.FutureTask.run(FutureTask.java:317)
[info]   at java.base/java.util.concurrent.ThreadPoolExecutor.runWorker(ThreadPoolExecutor.java:1144)
[info]   at java.base/java.util.concurrent.ThreadPoolExecutor$Worker.run(ThreadPoolExecutor.java:642)
[info]   at java.base/java.lang.Thread.run(Thread.java:1583)
[info] - java.time.Instant push-down *** FAILED *** (2 milliseconds)
[info]   java.lang.IllegalArgumentException: argument type mismatch
[info]   at java.base/jdk.internal.reflect.DirectConstructorHandleAccessor.newInstance(DirectConstructorHandleAccessor.java:65)
[info]   at java.base/java.lang.reflect.Constructor.newInstanceWithCaller(Constructor.java:502)
[info]   at java.base/java.lang.reflect.Constructor.newInstance(Constructor.java:486)
[info]   at frameless.TypedExpressionEncoder$.$anonfun$apply$3(TypedExpressionEncoder.scala:55)
[info]   at scala.Option.map(Option.scala:242)
[info]   at frameless.TypedExpressionEncoder$.apply(TypedExpressionEncoder.scala:54)
[info]   at frameless.TypedDataset$.create(TypedDataset.scala:1325)
[info]   at frameless.sql.rules.SQLRulesSuite.withDataset(SQLRulesSuite.scala:20)
[info]   at frameless.sql.rules.SQLRulesSuite.withDataset$(SQLRulesSuite.scala:19)
[info]   at frameless.sql.rules.FramelessLitPushDownTests.withDataset(FramelessLitPushDownTests.scala:11)
[info]   at frameless.sql.rules.SQLRulesSuite.predicatePushDownTest(SQLRulesSuite.scala:30)
[info]   at frameless.sql.rules.SQLRulesSuite.predicatePushDownTest$(SQLRulesSuite.scala:24)
[info]   at frameless.sql.rules.FramelessLitPushDownTests.predicatePushDownTest(FramelessLitPushDownTests.scala:11)
[info]   at frameless.sql.rules.FramelessLitPushDownTests.$anonfun$new$3(FramelessLitPushDownTests.scala:51)
[info]   at org.scalatest.OutcomeOf.outcomeOf(OutcomeOf.scala:85)
[info]   at org.scalatest.OutcomeOf.outcomeOf$(OutcomeOf.scala:83)
[info]   at org.scalatest.OutcomeOf$.outcomeOf(OutcomeOf.scala:104)
[info]   at org.scalatest.Transformer.apply(Transformer.scala:22)
[info]   at org.scalatest.Transformer.apply(Transformer.scala:20)
[info]   at org.scalatest.funsuite.AnyFunSuiteLike$$anon$1.apply(AnyFunSuiteLike.scala:226)
[info]   at org.scalatest.TestSuite.withFixture(TestSuite.scala:196)
[info]   at org.scalatest.TestSuite.withFixture$(TestSuite.scala:195)
[info]   at org.scalatest.funsuite.AnyFunSuite.withFixture(AnyFunSuite.scala:1564)
[info]   at org.scalatest.funsuite.AnyFunSuiteLike.invokeWithFixture$1(AnyFunSuiteLike.scala:224)
[info]   at org.scalatest.funsuite.AnyFunSuiteLike.$anonfun$runTest$1(AnyFunSuiteLike.scala:236)
[info]   at org.scalatest.SuperEngine.runTestImpl(Engine.scala:306)
[info]   at org.scalatest.funsuite.AnyFunSuiteLike.runTest(AnyFunSuiteLike.scala:236)
[info]   at org.scalatest.funsuite.AnyFunSuiteLike.runTest$(AnyFunSuiteLike.scala:218)
[info]   at org.scalatest.funsuite.AnyFunSuite.runTest(AnyFunSuite.scala:1564)
[info]   at org.scalatest.funsuite.AnyFunSuiteLike.$anonfun$runTests$1(AnyFunSuiteLike.scala:269)
[info]   at org.scalatest.SuperEngine.$anonfun$runTestsInBranch$1(Engine.scala:413)
[info]   at scala.collection.immutable.List.foreach(List.scala:334)
[info]   at org.scalatest.SuperEngine.traverseSubNodes$1(Engine.scala:401)
[info]   at org.scalatest.SuperEngine.runTestsInBranch(Engine.scala:396)
[info]   at org.scalatest.SuperEngine.runTestsImpl(Engine.scala:475)
[info]   at org.scalatest.funsuite.AnyFunSuiteLike.runTests(AnyFunSuiteLike.scala:269)
[info]   at org.scalatest.funsuite.AnyFunSuiteLike.runTests$(AnyFunSuiteLike.scala:268)
[info]   at org.scalatest.funsuite.AnyFunSuite.runTests(AnyFunSuite.scala:1564)
[info]   at org.scalatest.Suite.run(Suite.scala:1114)
[info]   at org.scalatest.Suite.run$(Suite.scala:1096)
[info]   at org.scalatest.funsuite.AnyFunSuite.org$scalatest$funsuite$AnyFunSuiteLike$$super$run(AnyFunSuite.scala:1564)
[info]   at org.scalatest.funsuite.AnyFunSuiteLike.$anonfun$run$1(AnyFunSuiteLike.scala:273)
[info]   at org.scalatest.SuperEngine.runImpl(Engine.scala:535)
[info]   at org.scalatest.funsuite.AnyFunSuiteLike.run(AnyFunSuiteLike.scala:273)
[info]   at org.scalatest.funsuite.AnyFunSuiteLike.run$(AnyFunSuiteLike.scala:272)
[info]   at frameless.TypedDatasetSuite.org$scalatest$BeforeAndAfterAll$$super$run(TypedDatasetSuite.scala:63)
[info]   at org.scalatest.BeforeAndAfterAll.liftedTree1$1(BeforeAndAfterAll.scala:213)
[info]   at org.scalatest.BeforeAndAfterAll.run(BeforeAndAfterAll.scala:210)
[info]   at org.scalatest.BeforeAndAfterAll.run$(BeforeAndAfterAll.scala:208)
[info]   at frameless.TypedDatasetSuite.run(TypedDatasetSuite.scala:63)
[info]   at org.scalatest.tools.Framework.org$scalatest$tools$Framework$$runSuite(Framework.scala:321)
[info]   at org.scalatest.tools.Framework$ScalaTestTask.execute(Framework.scala:517)
[info]   at sbt.ForkMain$Run.lambda$runTest$1(ForkMain.java:414)
[info]   at java.base/java.util.concurrent.FutureTask.run(FutureTask.java:317)
[info]   at java.base/java.util.concurrent.ThreadPoolExecutor.runWorker(ThreadPoolExecutor.java:1144)
[info]   at java.base/java.util.concurrent.ThreadPoolExecutor$Worker.run(ThreadPoolExecutor.java:642)
[info]   at java.base/java.lang.Thread.run(Thread.java:1583)
[info]   Cause: java.lang.ClassCastException: Cannot cast scala.reflect.ClassTag$GenericClassTag to org.apache.spark.sql.catalyst.expressions.Expression
[info]   at java.base/java.lang.Class.cast(Class.java:4067)
[info]   at java.base/jdk.internal.reflect.DirectConstructorHandleAccessor.newInstance(DirectConstructorHandleAccessor.java:62)
[info]   at java.base/java.lang.reflect.Constructor.newInstanceWithCaller(Constructor.java:502)
[info]   at java.base/java.lang.reflect.Constructor.newInstance(Constructor.java:486)
[info]   at frameless.TypedExpressionEncoder$.$anonfun$apply$3(TypedExpressionEncoder.scala:55)
[info]   at scala.Option.map(Option.scala:242)
[info]   at frameless.TypedExpressionEncoder$.apply(TypedExpressionEncoder.scala:54)
[info]   at frameless.TypedDataset$.create(TypedDataset.scala:1325)
[info]   at frameless.sql.rules.SQLRulesSuite.withDataset(SQLRulesSuite.scala:20)
[info]   at frameless.sql.rules.SQLRulesSuite.withDataset$(SQLRulesSuite.scala:19)
[info]   at frameless.sql.rules.FramelessLitPushDownTests.withDataset(FramelessLitPushDownTests.scala:11)
[info]   at frameless.sql.rules.SQLRulesSuite.predicatePushDownTest(SQLRulesSuite.scala:30)
[info]   at frameless.sql.rules.SQLRulesSuite.predicatePushDownTest$(SQLRulesSuite.scala:24)
[info]   at frameless.sql.rules.FramelessLitPushDownTests.predicatePushDownTest(FramelessLitPushDownTests.scala:11)
[info]   at frameless.sql.rules.FramelessLitPushDownTests.$anonfun$new$3(FramelessLitPushDownTests.scala:51)
[info]   at org.scalatest.OutcomeOf.outcomeOf(OutcomeOf.scala:85)
[info]   at org.scalatest.OutcomeOf.outcomeOf$(OutcomeOf.scala:83)
[info]   at org.scalatest.OutcomeOf$.outcomeOf(OutcomeOf.scala:104)
[info]   at org.scalatest.Transformer.apply(Transformer.scala:22)
[info]   at org.scalatest.Transformer.apply(Transformer.scala:20)
[info]   at org.scalatest.funsuite.AnyFunSuiteLike$$anon$1.apply(AnyFunSuiteLike.scala:226)
[info]   at org.scalatest.TestSuite.withFixture(TestSuite.scala:196)
[info]   at org.scalatest.TestSuite.withFixture$(TestSuite.scala:195)
[info]   at org.scalatest.funsuite.AnyFunSuite.withFixture(AnyFunSuite.scala:1564)
[info]   at org.scalatest.funsuite.AnyFunSuiteLike.invokeWithFixture$1(AnyFunSuiteLike.scala:224)
[info]   at org.scalatest.funsuite.AnyFunSuiteLike.$anonfun$runTest$1(AnyFunSuiteLike.scala:236)
[info]   at org.scalatest.SuperEngine.runTestImpl(Engine.scala:306)
[info]   at org.scalatest.funsuite.AnyFunSuiteLike.runTest(AnyFunSuiteLike.scala:236)
[info]   at org.scalatest.funsuite.AnyFunSuiteLike.runTest$(AnyFunSuiteLike.scala:218)
[info]   at org.scalatest.funsuite.AnyFunSuite.runTest(AnyFunSuite.scala:1564)
[info]   at org.scalatest.funsuite.AnyFunSuiteLike.$anonfun$runTests$1(AnyFunSuiteLike.scala:269)
[info]   at org.scalatest.SuperEngine.$anonfun$runTestsInBranch$1(Engine.scala:413)
[info]   at scala.collection.immutable.List.foreach(List.scala:334)
[info]   at org.scalatest.SuperEngine.traverseSubNodes$1(Engine.scala:401)
[info]   at org.scalatest.SuperEngine.runTestsInBranch(Engine.scala:396)
[info]   at org.scalatest.SuperEngine.runTestsImpl(Engine.scala:475)
[info]   at org.scalatest.funsuite.AnyFunSuiteLike.runTests(AnyFunSuiteLike.scala:269)
[info]   at org.scalatest.funsuite.AnyFunSuiteLike.runTests$(AnyFunSuiteLike.scala:268)
[info]   at org.scalatest.funsuite.AnyFunSuite.runTests(AnyFunSuite.scala:1564)
[info]   at org.scalatest.Suite.run(Suite.scala:1114)
[info]   at org.scalatest.Suite.run$(Suite.scala:1096)
[info]   at org.scalatest.funsuite.AnyFunSuite.org$scalatest$funsuite$AnyFunSuiteLike$$super$run(AnyFunSuite.scala:1564)
[info]   at org.scalatest.funsuite.AnyFunSuiteLike.$anonfun$run$1(AnyFunSuiteLike.scala:273)
[info]   at org.scalatest.SuperEngine.runImpl(Engine.scala:535)
[info]   at org.scalatest.funsuite.AnyFunSuiteLike.run(AnyFunSuiteLike.scala:273)
[info]   at org.scalatest.funsuite.AnyFunSuiteLike.run$(AnyFunSuiteLike.scala:272)
[info]   at frameless.TypedDatasetSuite.org$scalatest$BeforeAndAfterAll$$super$run(TypedDatasetSuite.scala:63)
[info]   at org.scalatest.BeforeAndAfterAll.liftedTree1$1(BeforeAndAfterAll.scala:213)
[info]   at org.scalatest.BeforeAndAfterAll.run(BeforeAndAfterAll.scala:210)
[info]   at org.scalatest.BeforeAndAfterAll.run$(BeforeAndAfterAll.scala:208)
[info]   at frameless.TypedDatasetSuite.run(TypedDatasetSuite.scala:63)
[info]   at org.scalatest.tools.Framework.org$scalatest$tools$Framework$$runSuite(Framework.scala:321)
[info]   at org.scalatest.tools.Framework$ScalaTestTask.execute(Framework.scala:517)
[info]   at sbt.ForkMain$Run.lambda$runTest$1(ForkMain.java:414)
[info]   at java.base/java.util.concurrent.FutureTask.run(FutureTask.java:317)
[info]   at java.base/java.util.concurrent.ThreadPoolExecutor.runWorker(ThreadPoolExecutor.java:1144)
[info]   at java.base/java.util.concurrent.ThreadPoolExecutor$Worker.run(ThreadPoolExecutor.java:642)
[info]   at java.base/java.lang.Thread.run(Thread.java:1583)
[info] - struct push-down *** FAILED *** (3 milliseconds)
[info]   java.lang.IllegalArgumentException: argument type mismatch
[info]   at java.base/jdk.internal.reflect.DirectConstructorHandleAccessor.newInstance(DirectConstructorHandleAccessor.java:65)
[info]   at java.base/java.lang.reflect.Constructor.newInstanceWithCaller(Constructor.java:502)
[info]   at java.base/java.lang.reflect.Constructor.newInstance(Constructor.java:486)
[info]   at frameless.TypedExpressionEncoder$.$anonfun$apply$3(TypedExpressionEncoder.scala:55)
[info]   at scala.Option.map(Option.scala:242)
[info]   at frameless.TypedExpressionEncoder$.apply(TypedExpressionEncoder.scala:54)
[info]   at frameless.sql.rules.FramelessLitPushDownTests.$anonfun$new$5(FramelessLitPushDownTests.scala:62)
[info]   at org.scalatest.OutcomeOf.outcomeOf(OutcomeOf.scala:85)
[info]   at org.scalatest.OutcomeOf.outcomeOf$(OutcomeOf.scala:83)
[info]   at org.scalatest.OutcomeOf$.outcomeOf(OutcomeOf.scala:104)
[info]   at org.scalatest.Transformer.apply(Transformer.scala:22)
[info]   at org.scalatest.Transformer.apply(Transformer.scala:20)
[info]   at org.scalatest.funsuite.AnyFunSuiteLike$$anon$1.apply(AnyFunSuiteLike.scala:226)
[info]   at org.scalatest.TestSuite.withFixture(TestSuite.scala:196)
[info]   at org.scalatest.TestSuite.withFixture$(TestSuite.scala:195)
[info]   at org.scalatest.funsuite.AnyFunSuite.withFixture(AnyFunSuite.scala:1564)
[info]   at org.scalatest.funsuite.AnyFunSuiteLike.invokeWithFixture$1(AnyFunSuiteLike.scala:224)
[info]   at org.scalatest.funsuite.AnyFunSuiteLike.$anonfun$runTest$1(AnyFunSuiteLike.scala:236)
[info]   at org.scalatest.SuperEngine.runTestImpl(Engine.scala:306)
[info]   at org.scalatest.funsuite.AnyFunSuiteLike.runTest(AnyFunSuiteLike.scala:236)
[info]   at org.scalatest.funsuite.AnyFunSuiteLike.runTest$(AnyFunSuiteLike.scala:218)
[info]   at org.scalatest.funsuite.AnyFunSuite.runTest(AnyFunSuite.scala:1564)
[info]   at org.scalatest.funsuite.AnyFunSuiteLike.$anonfun$runTests$1(AnyFunSuiteLike.scala:269)
[info]   at org.scalatest.SuperEngine.$anonfun$runTestsInBranch$1(Engine.scala:413)
[info]   at scala.collection.immutable.List.foreach(List.scala:334)
[info]   at org.scalatest.SuperEngine.traverseSubNodes$1(Engine.scala:401)
[info]   at org.scalatest.SuperEngine.runTestsInBranch(Engine.scala:396)
[info]   at org.scalatest.SuperEngine.runTestsImpl(Engine.scala:475)
[info]   at org.scalatest.funsuite.AnyFunSuiteLike.runTests(AnyFunSuiteLike.scala:269)
[info]   at org.scalatest.funsuite.AnyFunSuiteLike.runTests$(AnyFunSuiteLike.scala:268)
[info]   at org.scalatest.funsuite.AnyFunSuite.runTests(AnyFunSuite.scala:1564)
[info]   at org.scalatest.Suite.run(Suite.scala:1114)
[info]   at org.scalatest.Suite.run$(Suite.scala:1096)
[info]   at org.scalatest.funsuite.AnyFunSuite.org$scalatest$funsuite$AnyFunSuiteLike$$super$run(AnyFunSuite.scala:1564)
[info]   at org.scalatest.funsuite.AnyFunSuiteLike.$anonfun$run$1(AnyFunSuiteLike.scala:273)
[info]   at org.scalatest.SuperEngine.runImpl(Engine.scala:535)
[info]   at org.scalatest.funsuite.AnyFunSuiteLike.run(AnyFunSuiteLike.scala:273)
[info]   at org.scalatest.funsuite.AnyFunSuiteLike.run$(AnyFunSuiteLike.scala:272)
[info]   at frameless.TypedDatasetSuite.org$scalatest$BeforeAndAfterAll$$super$run(TypedDatasetSuite.scala:63)
[info]   at org.scalatest.BeforeAndAfterAll.liftedTree1$1(BeforeAndAfterAll.scala:213)
[info]   at org.scalatest.BeforeAndAfterAll.run(BeforeAndAfterAll.scala:210)
[info]   at org.scalatest.BeforeAndAfterAll.run$(BeforeAndAfterAll.scala:208)
[info]   at frameless.TypedDatasetSuite.run(TypedDatasetSuite.scala:63)
[info]   at org.scalatest.tools.Framework.org$scalatest$tools$Framework$$runSuite(Framework.scala:321)
[info]   at org.scalatest.tools.Framework$ScalaTestTask.execute(Framework.scala:517)
[info]   at sbt.ForkMain$Run.lambda$runTest$1(ForkMain.java:414)
[info]   at java.base/java.util.concurrent.FutureTask.run(FutureTask.java:317)
[info]   at java.base/java.util.concurrent.ThreadPoolExecutor.runWorker(ThreadPoolExecutor.java:1144)
[info]   at java.base/java.util.concurrent.ThreadPoolExecutor$Worker.run(ThreadPoolExecutor.java:642)
[info]   at java.base/java.lang.Thread.run(Thread.java:1583)
[info]   Cause: java.lang.ClassCastException: Cannot cast scala.reflect.ClassTag$GenericClassTag to org.apache.spark.sql.catalyst.expressions.Expression
[info]   at java.base/java.lang.Class.cast(Class.java:4067)
[info]   at java.base/jdk.internal.reflect.DirectConstructorHandleAccessor.newInstance(DirectConstructorHandleAccessor.java:62)
[info]   at java.base/java.lang.reflect.Constructor.newInstanceWithCaller(Constructor.java:502)
[info]   at java.base/java.lang.reflect.Constructor.newInstance(Constructor.java:486)
[info]   at frameless.TypedExpressionEncoder$.$anonfun$apply$3(TypedExpressionEncoder.scala:55)
[info]   at scala.Option.map(Option.scala:242)
[info]   at frameless.TypedExpressionEncoder$.apply(TypedExpressionEncoder.scala:54)
[info]   at frameless.sql.rules.FramelessLitPushDownTests.$anonfun$new$5(FramelessLitPushDownTests.scala:62)
[info]   at org.scalatest.OutcomeOf.outcomeOf(OutcomeOf.scala:85)
[info]   at org.scalatest.OutcomeOf.outcomeOf$(OutcomeOf.scala:83)
[info]   at org.scalatest.OutcomeOf$.outcomeOf(OutcomeOf.scala:104)
[info]   at org.scalatest.Transformer.apply(Transformer.scala:22)
[info]   at org.scalatest.Transformer.apply(Transformer.scala:20)
[info]   at org.scalatest.funsuite.AnyFunSuiteLike$$anon$1.apply(AnyFunSuiteLike.scala:226)
[info]   at org.scalatest.TestSuite.withFixture(TestSuite.scala:196)
[info]   at org.scalatest.TestSuite.withFixture$(TestSuite.scala:195)
[info]   at org.scalatest.funsuite.AnyFunSuite.withFixture(AnyFunSuite.scala:1564)
[info]   at org.scalatest.funsuite.AnyFunSuiteLike.invokeWithFixture$1(AnyFunSuiteLike.scala:224)
[info]   at org.scalatest.funsuite.AnyFunSuiteLike.$anonfun$runTest$1(AnyFunSuiteLike.scala:236)
[info]   at org.scalatest.SuperEngine.runTestImpl(Engine.scala:306)
[info]   at org.scalatest.funsuite.AnyFunSuiteLike.runTest(AnyFunSuiteLike.scala:236)
[info]   at org.scalatest.funsuite.AnyFunSuiteLike.runTest$(AnyFunSuiteLike.scala:218)
[info]   at org.scalatest.funsuite.AnyFunSuite.runTest(AnyFunSuite.scala:1564)
[info]   at org.scalatest.funsuite.AnyFunSuiteLike.$anonfun$runTests$1(AnyFunSuiteLike.scala:269)
[info]   at org.scalatest.SuperEngine.$anonfun$runTestsInBranch$1(Engine.scala:413)
[info]   at scala.collection.immutable.List.foreach(List.scala:334)
[info]   at org.scalatest.SuperEngine.traverseSubNodes$1(Engine.scala:401)
[info]   at org.scalatest.SuperEngine.runTestsInBranch(Engine.scala:396)
[info]   at org.scalatest.SuperEngine.runTestsImpl(Engine.scala:475)
[info]   at org.scalatest.funsuite.AnyFunSuiteLike.runTests(AnyFunSuiteLike.scala:269)
[info]   at org.scalatest.funsuite.AnyFunSuiteLike.runTests$(AnyFunSuiteLike.scala:268)
[info]   at org.scalatest.funsuite.AnyFunSuite.runTests(AnyFunSuite.scala:1564)
[info]   at org.scalatest.Suite.run(Suite.scala:1114)
[info]   at org.scalatest.Suite.run$(Suite.scala:1096)
[info]   at org.scalatest.funsuite.AnyFunSuite.org$scalatest$funsuite$AnyFunSuiteLike$$super$run(AnyFunSuite.scala:1564)
[info]   at org.scalatest.funsuite.AnyFunSuiteLike.$anonfun$run$1(AnyFunSuiteLike.scala:273)
[info]   at org.scalatest.SuperEngine.runImpl(Engine.scala:535)
[info]   at org.scalatest.funsuite.AnyFunSuiteLike.run(AnyFunSuiteLike.scala:273)
[info]   at org.scalatest.funsuite.AnyFunSuiteLike.run$(AnyFunSuiteLike.scala:272)
[info]   at frameless.TypedDatasetSuite.org$scalatest$BeforeAndAfterAll$$super$run(TypedDatasetSuite.scala:63)
[info]   at org.scalatest.BeforeAndAfterAll.liftedTree1$1(BeforeAndAfterAll.scala:213)
[info]   at org.scalatest.BeforeAndAfterAll.run(BeforeAndAfterAll.scala:210)
[info]   at org.scalatest.BeforeAndAfterAll.run$(BeforeAndAfterAll.scala:208)
[info]   at frameless.TypedDatasetSuite.run(TypedDatasetSuite.scala:63)
[info]   at org.scalatest.tools.Framework.org$scalatest$tools$Framework$$runSuite(Framework.scala:321)
[info]   at org.scalatest.tools.Framework$ScalaTestTask.execute(Framework.scala:517)
[info]   at sbt.ForkMain$Run.lambda$runTest$1(ForkMain.java:414)
[info]   at java.base/java.util.concurrent.FutureTask.run(FutureTask.java:317)
[info]   at java.base/java.util.concurrent.ThreadPoolExecutor.runWorker(ThreadPoolExecutor.java:1144)
[info]   at java.base/java.util.concurrent.ThreadPoolExecutor$Worker.run(ThreadPoolExecutor.java:642)
[info]   at java.base/java.lang.Thread.run(Thread.java:1583)
[info] LimitTests:
[info] - limit *** FAILED *** (3 milliseconds)
[info]   IllegalArgumentException was thrown during property evaluation.
[info]     Message: argument type mismatch
[info]     Occurred when passed generated values (
[info]       arg0 = Vector(),
[info]       arg1 = 0 // 29 shrinks
[info]     )
[info]   org.scalatest.exceptions.GeneratorDrivenPropertyCheckFailedException:
[info]   at org.scalatestplus.scalacheck.CheckerAsserting$$anon$2.indicateFailure(CheckerAsserting.scala:251)
[info]   at org.scalatestplus.scalacheck.CheckerAsserting$$anon$2.indicateFailure(CheckerAsserting.scala:238)
[info]   at org.scalatestplus.scalacheck.UnitCheckerAsserting$CheckerAssertingImpl.check(CheckerAsserting.scala:160)
[info]   at org.scalatestplus.scalacheck.Checkers.check(Checkers.scala:371)
[info]   at org.scalatestplus.scalacheck.Checkers.check$(Checkers.scala:369)
[info]   at frameless.TypedDatasetSuite.check(TypedDatasetSuite.scala:63)
[info]   at frameless.LimitTests.$anonfun$new$1(LimitTests.scala:17)
[info]   at org.scalatest.OutcomeOf.outcomeOf(OutcomeOf.scala:85)
[info]   at org.scalatest.OutcomeOf.outcomeOf$(OutcomeOf.scala:83)
[info]   at org.scalatest.OutcomeOf$.outcomeOf(OutcomeOf.scala:104)
[info]   at org.scalatest.Transformer.apply(Transformer.scala:22)
[info]   at org.scalatest.Transformer.apply(Transformer.scala:20)
[info]   at org.scalatest.funsuite.AnyFunSuiteLike$$anon$1.apply(AnyFunSuiteLike.scala:226)
[info]   at org.scalatest.TestSuite.withFixture(TestSuite.scala:196)
[info]   at org.scalatest.TestSuite.withFixture$(TestSuite.scala:195)
[info]   at org.scalatest.funsuite.AnyFunSuite.withFixture(AnyFunSuite.scala:1564)
[info]   at org.scalatest.funsuite.AnyFunSuiteLike.invokeWithFixture$1(AnyFunSuiteLike.scala:224)
[info]   at org.scalatest.funsuite.AnyFunSuiteLike.$anonfun$runTest$1(AnyFunSuiteLike.scala:236)
[info]   at org.scalatest.SuperEngine.runTestImpl(Engine.scala:306)
[info]   at org.scalatest.funsuite.AnyFunSuiteLike.runTest(AnyFunSuiteLike.scala:236)
[info]   at org.scalatest.funsuite.AnyFunSuiteLike.runTest$(AnyFunSuiteLike.scala:218)
[info]   at org.scalatest.funsuite.AnyFunSuite.runTest(AnyFunSuite.scala:1564)
[info]   at org.scalatest.funsuite.AnyFunSuiteLike.$anonfun$runTests$1(AnyFunSuiteLike.scala:269)
[info]   at org.scalatest.SuperEngine.$anonfun$runTestsInBranch$1(Engine.scala:413)
[info]   at scala.collection.immutable.List.foreach(List.scala:334)
[info]   at org.scalatest.SuperEngine.traverseSubNodes$1(Engine.scala:401)
[info]   at org.scalatest.SuperEngine.runTestsInBranch(Engine.scala:396)
[info]   at org.scalatest.SuperEngine.runTestsImpl(Engine.scala:475)
[info]   at org.scalatest.funsuite.AnyFunSuiteLike.runTests(AnyFunSuiteLike.scala:269)
[info]   at org.scalatest.funsuite.AnyFunSuiteLike.runTests$(AnyFunSuiteLike.scala:268)
[info]   at org.scalatest.funsuite.AnyFunSuite.runTests(AnyFunSuite.scala:1564)
[info]   at org.scalatest.Suite.run(Suite.scala:1114)
[info]   at org.scalatest.Suite.run$(Suite.scala:1096)
[info]   at org.scalatest.funsuite.AnyFunSuite.org$scalatest$funsuite$AnyFunSuiteLike$$super$run(AnyFunSuite.scala:1564)
[info]   at org.scalatest.funsuite.AnyFunSuiteLike.$anonfun$run$1(AnyFunSuiteLike.scala:273)
[info]   at org.scalatest.SuperEngine.runImpl(Engine.scala:535)
[info]   at org.scalatest.funsuite.AnyFunSuiteLike.run(AnyFunSuiteLike.scala:273)
[info]   at org.scalatest.funsuite.AnyFunSuiteLike.run$(AnyFunSuiteLike.scala:272)
[info]   at frameless.TypedDatasetSuite.org$scalatest$BeforeAndAfterAll$$super$run(TypedDatasetSuite.scala:63)
[info]   at org.scalatest.BeforeAndAfterAll.liftedTree1$1(BeforeAndAfterAll.scala:213)
[info]   at org.scalatest.BeforeAndAfterAll.run(BeforeAndAfterAll.scala:210)
[info]   at org.scalatest.BeforeAndAfterAll.run$(BeforeAndAfterAll.scala:208)
[info]   at frameless.TypedDatasetSuite.run(TypedDatasetSuite.scala:63)
[info]   at org.scalatest.tools.Framework.org$scalatest$tools$Framework$$runSuite(Framework.scala:321)
[info]   at org.scalatest.tools.Framework$ScalaTestTask.execute(Framework.scala:517)
[info]   at sbt.ForkMain$Run.lambda$runTest$1(ForkMain.java:414)
[info]   at java.base/java.util.concurrent.FutureTask.run(FutureTask.java:317)
[info]   at java.base/java.util.concurrent.ThreadPoolExecutor.runWorker(ThreadPoolExecutor.java:1144)
[info]   at java.base/java.util.concurrent.ThreadPoolExecutor$Worker.run(ThreadPoolExecutor.java:642)
[info]   at java.base/java.lang.Thread.run(Thread.java:1583)
[info]   Cause: java.lang.IllegalArgumentException: argument type mismatch
[info]   at java.base/jdk.internal.reflect.DirectConstructorHandleAccessor.newInstance(DirectConstructorHandleAccessor.java:65)
[info]   at java.base/java.lang.reflect.Constructor.newInstanceWithCaller(Constructor.java:502)
[info]   at java.base/java.lang.reflect.Constructor.newInstance(Constructor.java:486)
[info]   at frameless.TypedExpressionEncoder$.$anonfun$apply$3(TypedExpressionEncoder.scala:55)
[info]   at scala.Option.map(Option.scala:242)
[info]   at frameless.TypedExpressionEncoder$.apply(TypedExpressionEncoder.scala:54)
[info]   at frameless.TypedDataset$.create(TypedDataset.scala:1325)
[info]   at frameless.LimitTests.$anonfun$new$2(LimitTests.scala:9)
[info]   at org.scalacheck.Prop.$anonfun$$eq$eq$greater$1(Prop.scala:134)
[info]   at org.scalacheck.Prop.$anonfun$flatMap$1(Prop.scala:60)
[info]   at org.scalacheck.Prop$.$anonfun$apply$1(Prop.scala:305)
[info]   at org.scalacheck.PropFromFun.apply(Prop.scala:20)
[info]   at org.scalacheck.Prop$.result$1(Prop.scala:869)
[info]   at org.scalacheck.Prop$.$anonfun$forAllShrink$4(Prop.scala:880)
[info]   at scala.collection.immutable.Stream.map(Stream.scala:173)
[info]   at org.scalacheck.Prop$.getFirstFailure$1(Prop.scala:880)
[info]   at org.scalacheck.Prop$.shrinker$1(Prop.scala:895)
[info]   at org.scalacheck.Prop$.$anonfun$forAllShrink$1(Prop.scala:916)
[info]   at org.scalacheck.Prop$.$anonfun$apply$1(Prop.scala:305)
[info]   at org.scalacheck.PropFromFun.apply(Prop.scala:20)
[info]   at org.scalacheck.Prop$.result$1(Prop.scala:869)
[info]   at org.scalacheck.Prop$.$anonfun$forAllShrink$1(Prop.scala:915)
[info]   at org.scalacheck.Prop$.$anonfun$apply$1(Prop.scala:305)
[info]   at org.scalacheck.PropFromFun.apply(Prop.scala:20)
[info]   at org.scalacheck.Test$.workerFun$1(Test.scala:486)
[info]   at org.scalacheck.Test$.$anonfun$check$4(Test.scala:518)
[info]   at org.scalacheck.Test$.$anonfun$check$4$adapted(Test.scala:518)
[info]   at org.scalacheck.Platform$.runWorkers(Platform.scala:42)
[info]   at org.scalacheck.Test$.check(Test.scala:518)
[info]   at org.scalatestplus.scalacheck.UnitCheckerAsserting$CheckerAssertingImpl.check(CheckerAsserting.scala:90)
[info]   at org.scalatestplus.scalacheck.Checkers.check(Checkers.scala:371)
[info]   at org.scalatestplus.scalacheck.Checkers.check$(Checkers.scala:369)
[info]   at frameless.TypedDatasetSuite.check(TypedDatasetSuite.scala:63)
[info]   at frameless.LimitTests.$anonfun$new$1(LimitTests.scala:17)
[info]   at org.scalatest.OutcomeOf.outcomeOf(OutcomeOf.scala:85)
[info]   at org.scalatest.OutcomeOf.outcomeOf$(OutcomeOf.scala:83)
[info]   at org.scalatest.OutcomeOf$.outcomeOf(OutcomeOf.scala:104)
[info]   at org.scalatest.Transformer.apply(Transformer.scala:22)
[info]   at org.scalatest.Transformer.apply(Transformer.scala:20)
[info]   at org.scalatest.funsuite.AnyFunSuiteLike$$anon$1.apply(AnyFunSuiteLike.scala:226)
[info]   at org.scalatest.TestSuite.withFixture(TestSuite.scala:196)
[info]   at org.scalatest.TestSuite.withFixture$(TestSuite.scala:195)
[info]   at org.scalatest.funsuite.AnyFunSuite.withFixture(AnyFunSuite.scala:1564)
[info]   at org.scalatest.funsuite.AnyFunSuiteLike.invokeWithFixture$1(AnyFunSuiteLike.scala:224)
[info]   at org.scalatest.funsuite.AnyFunSuiteLike.$anonfun$runTest$1(AnyFunSuiteLike.scala:236)
[info]   at org.scalatest.SuperEngine.runTestImpl(Engine.scala:306)
[info]   at org.scalatest.funsuite.AnyFunSuiteLike.runTest(AnyFunSuiteLike.scala:236)
[info]   at org.scalatest.funsuite.AnyFunSuiteLike.runTest$(AnyFunSuiteLike.scala:218)
[info]   at org.scalatest.funsuite.AnyFunSuite.runTest(AnyFunSuite.scala:1564)
[info]   at org.scalatest.funsuite.AnyFunSuiteLike.$anonfun$runTests$1(AnyFunSuiteLike.scala:269)
[info]   at org.scalatest.SuperEngine.$anonfun$runTestsInBranch$1(Engine.scala:413)
[info]   at scala.collection.immutable.List.foreach(List.scala:334)
[info]   at org.scalatest.SuperEngine.traverseSubNodes$1(Engine.scala:401)
[info]   at org.scalatest.SuperEngine.runTestsInBranch(Engine.scala:396)
[info]   at org.scalatest.SuperEngine.runTestsImpl(Engine.scala:475)
[info]   at org.scalatest.funsuite.AnyFunSuiteLike.runTests(AnyFunSuiteLike.scala:269)
[info]   at org.scalatest.funsuite.AnyFunSuiteLike.runTests$(AnyFunSuiteLike.scala:268)
[info]   at org.scalatest.funsuite.AnyFunSuite.runTests(AnyFunSuite.scala:1564)
[info]   at org.scalatest.Suite.run(Suite.scala:1114)
[info]   at org.scalatest.Suite.run$(Suite.scala:1096)
[info]   at org.scalatest.funsuite.AnyFunSuite.org$scalatest$funsuite$AnyFunSuiteLike$$super$run(AnyFunSuite.scala:1564)
[info]   at org.scalatest.funsuite.AnyFunSuiteLike.$anonfun$run$1(AnyFunSuiteLike.scala:273)
[info]   at org.scalatest.SuperEngine.runImpl(Engine.scala:535)
[info]   at org.scalatest.funsuite.AnyFunSuiteLike.run(AnyFunSuiteLike.scala:273)
[info]   at org.scalatest.funsuite.AnyFunSuiteLike.run$(AnyFunSuiteLike.scala:272)
[info]   at frameless.TypedDatasetSuite.org$scalatest$BeforeAndAfterAll$$super$run(TypedDatasetSuite.scala:63)
[info]   at org.scalatest.BeforeAndAfterAll.liftedTree1$1(BeforeAndAfterAll.scala:213)
[info]   at org.scalatest.BeforeAndAfterAll.run(BeforeAndAfterAll.scala:210)
[info]   at org.scalatest.BeforeAndAfterAll.run$(BeforeAndAfterAll.scala:208)
[info]   at frameless.TypedDatasetSuite.run(TypedDatasetSuite.scala:63)
[info]   at org.scalatest.tools.Framework.org$scalatest$tools$Framework$$runSuite(Framework.scala:321)
[info]   at org.scalatest.tools.Framework$ScalaTestTask.execute(Framework.scala:517)
[info]   at sbt.ForkMain$Run.lambda$runTest$1(ForkMain.java:414)
[info]   at java.base/java.util.concurrent.FutureTask.run(FutureTask.java:317)
[info]   at java.base/java.util.concurrent.ThreadPoolExecutor.runWorker(ThreadPoolExecutor.java:1144)
[info]   at java.base/java.util.concurrent.ThreadPoolExecutor$Worker.run(ThreadPoolExecutor.java:642)
[info]   at java.base/java.lang.Thread.run(Thread.java:1583)
[info]   Cause: java.lang.ClassCastException: Cannot cast scala.reflect.ManifestFactory$IntManifest to org.apache.spark.sql.catalyst.expressions.Expression
[info]   at java.base/java.lang.Class.cast(Class.java:4067)
[info]   at java.base/jdk.internal.reflect.DirectConstructorHandleAccessor.newInstance(DirectConstructorHandleAccessor.java:62)
[info]   at java.base/java.lang.reflect.Constructor.newInstanceWithCaller(Constructor.java:502)
[info]   at java.base/java.lang.reflect.Constructor.newInstance(Constructor.java:486)
[info]   at frameless.TypedExpressionEncoder$.$anonfun$apply$3(TypedExpressionEncoder.scala:55)
[info]   at scala.Option.map(Option.scala:242)
[info]   at frameless.TypedExpressionEncoder$.apply(TypedExpressionEncoder.scala:54)
[info]   at frameless.TypedDataset$.create(TypedDataset.scala:1325)
[info]   at frameless.LimitTests.$anonfun$new$2(LimitTests.scala:9)
[info]   at org.scalacheck.Prop.$anonfun$$eq$eq$greater$1(Prop.scala:134)
[info]   at org.scalacheck.Prop.$anonfun$flatMap$1(Prop.scala:60)
[info]   at org.scalacheck.Prop$.$anonfun$apply$1(Prop.scala:305)
[info]   at org.scalacheck.PropFromFun.apply(Prop.scala:20)
[info]   at org.scalacheck.Prop$.result$1(Prop.scala:869)
[info]   at org.scalacheck.Prop$.$anonfun$forAllShrink$4(Prop.scala:880)
[info]   at scala.collection.immutable.Stream.map(Stream.scala:173)
[info]   at org.scalacheck.Prop$.getFirstFailure$1(Prop.scala:880)
[info]   at org.scalacheck.Prop$.shrinker$1(Prop.scala:895)
[info]   at org.scalacheck.Prop$.$anonfun$forAllShrink$1(Prop.scala:916)
[info]   at org.scalacheck.Prop$.$anonfun$apply$1(Prop.scala:305)
[info]   at org.scalacheck.PropFromFun.apply(Prop.scala:20)
[info]   at org.scalacheck.Prop$.result$1(Prop.scala:869)
[info]   at org.scalacheck.Prop$.$anonfun$forAllShrink$1(Prop.scala:915)
[info]   at org.scalacheck.Prop$.$anonfun$apply$1(Prop.scala:305)
[info]   at org.scalacheck.PropFromFun.apply(Prop.scala:20)
[info]   at org.scalacheck.Test$.workerFun$1(Test.scala:486)
[info]   at org.scalacheck.Test$.$anonfun$check$4(Test.scala:518)
[info]   at org.scalacheck.Test$.$anonfun$check$4$adapted(Test.scala:518)
[info]   at org.scalacheck.Platform$.runWorkers(Platform.scala:42)
[info]   at org.scalacheck.Test$.check(Test.scala:518)
[info]   at org.scalatestplus.scalacheck.UnitCheckerAsserting$CheckerAssertingImpl.check(CheckerAsserting.scala:90)
[info]   at org.scalatestplus.scalacheck.Checkers.check(Checkers.scala:371)
[info]   at org.scalatestplus.scalacheck.Checkers.check$(Checkers.scala:369)
[info]   at frameless.TypedDatasetSuite.check(TypedDatasetSuite.scala:63)
[info]   at frameless.LimitTests.$anonfun$new$1(LimitTests.scala:17)
[info]   at org.scalatest.OutcomeOf.outcomeOf(OutcomeOf.scala:85)
[info]   at org.scalatest.OutcomeOf.outcomeOf$(OutcomeOf.scala:83)
[info]   at org.scalatest.OutcomeOf$.outcomeOf(OutcomeOf.scala:104)
[info]   at org.scalatest.Transformer.apply(Transformer.scala:22)
[info]   at org.scalatest.Transformer.apply(Transformer.scala:20)
[info]   at org.scalatest.funsuite.AnyFunSuiteLike$$anon$1.apply(AnyFunSuiteLike.scala:226)
[info]   at org.scalatest.TestSuite.withFixture(TestSuite.scala:196)
[info]   at org.scalatest.TestSuite.withFixture$(TestSuite.scala:195)
[info]   at org.scalatest.funsuite.AnyFunSuite.withFixture(AnyFunSuite.scala:1564)
[info]   at org.scalatest.funsuite.AnyFunSuiteLike.invokeWithFixture$1(AnyFunSuiteLike.scala:224)
[info]   at org.scalatest.funsuite.AnyFunSuiteLike.$anonfun$runTest$1(AnyFunSuiteLike.scala:236)
[info]   at org.scalatest.SuperEngine.runTestImpl(Engine.scala:306)
[info]   at org.scalatest.funsuite.AnyFunSuiteLike.runTest(AnyFunSuiteLike.scala:236)
[info]   at org.scalatest.funsuite.AnyFunSuiteLike.runTest$(AnyFunSuiteLike.scala:218)
[info]   at org.scalatest.funsuite.AnyFunSuite.runTest(AnyFunSuite.scala:1564)
[info]   at org.scalatest.funsuite.AnyFunSuiteLike.$anonfun$runTests$1(AnyFunSuiteLike.scala:269)
[info]   at org.scalatest.SuperEngine.$anonfun$runTestsInBranch$1(Engine.scala:413)
[info]   at scala.collection.immutable.List.foreach(List.scala:334)
[info]   at org.scalatest.SuperEngine.traverseSubNodes$1(Engine.scala:401)
[info]   at org.scalatest.SuperEngine.runTestsInBranch(Engine.scala:396)
[info]   at org.scalatest.SuperEngine.runTestsImpl(Engine.scala:475)
[info]   at org.scalatest.funsuite.AnyFunSuiteLike.runTests(AnyFunSuiteLike.scala:269)
[info]   at org.scalatest.funsuite.AnyFunSuiteLike.runTests$(AnyFunSuiteLike.scala:268)
[info]   at org.scalatest.funsuite.AnyFunSuite.runTests(AnyFunSuite.scala:1564)
[info]   at org.scalatest.Suite.run(Suite.scala:1114)
[info]   at org.scalatest.Suite.run$(Suite.scala:1096)
[info]   at org.scalatest.funsuite.AnyFunSuite.org$scalatest$funsuite$AnyFunSuiteLike$$super$run(AnyFunSuite.scala:1564)
[info]   at org.scalatest.funsuite.AnyFunSuiteLike.$anonfun$run$1(AnyFunSuiteLike.scala:273)
[info]   at org.scalatest.SuperEngine.runImpl(Engine.scala:535)
[info]   at org.scalatest.funsuite.AnyFunSuiteLike.run(AnyFunSuiteLike.scala:273)
[info]   at org.scalatest.funsuite.AnyFunSuiteLike.run$(AnyFunSuiteLike.scala:272)
[info]   at frameless.TypedDatasetSuite.org$scalatest$BeforeAndAfterAll$$super$run(TypedDatasetSuite.scala:63)
[info]   at org.scalatest.BeforeAndAfterAll.liftedTree1$1(BeforeAndAfterAll.scala:213)
[info]   at org.scalatest.BeforeAndAfterAll.run(BeforeAndAfterAll.scala:210)
[info]   at org.scalatest.BeforeAndAfterAll.run$(BeforeAndAfterAll.scala:208)
[info]   at frameless.TypedDatasetSuite.run(TypedDatasetSuite.scala:63)
[info]   at org.scalatest.tools.Framework.org$scalatest$tools$Framework$$runSuite(Framework.scala:321)
[info]   at org.scalatest.tools.Framework$ScalaTestTask.execute(Framework.scala:517)
[info]   at sbt.ForkMain$Run.lambda$runTest$1(ForkMain.java:414)
[info]   at java.base/java.util.concurrent.FutureTask.run(FutureTask.java:317)
[info]   at java.base/java.util.concurrent.ThreadPoolExecutor.runWorker(ThreadPoolExecutor.java:1144)
[info]   at java.base/java.util.concurrent.ThreadPoolExecutor$Worker.run(ThreadPoolExecutor.java:642)
[info]   at java.base/java.lang.Thread.run(Thread.java:1583)
[info] PivotTest:
[info] - X4[Boolean, String, Int, Boolean] pivot on String *** FAILED *** (4 milliseconds)
[info]   IllegalArgumentException was thrown during property evaluation.
[info]     Message: argument type mismatch
[info]     Occurred when passed generated values (
[info]       arg0 = Vector() // 3 shrinks
[info]     )
[info]   org.scalatest.exceptions.GeneratorDrivenPropertyCheckFailedException:
[info]   at org.scalatestplus.scalacheck.CheckerAsserting$$anon$2.indicateFailure(CheckerAsserting.scala:251)
[info]   at org.scalatestplus.scalacheck.CheckerAsserting$$anon$2.indicateFailure(CheckerAsserting.scala:238)
[info]   at org.scalatestplus.scalacheck.UnitCheckerAsserting$CheckerAssertingImpl.check(CheckerAsserting.scala:160)
[info]   at org.scalatestplus.scalacheck.Checkers.check(Checkers.scala:371)
[info]   at org.scalatestplus.scalacheck.Checkers.check$(Checkers.scala:369)
[info]   at frameless.TypedDatasetSuite.check(TypedDatasetSuite.scala:63)
[info]   at frameless.ops.PivotTest.$anonfun$new$1(PivotTest.scala:42)
[info]   at org.scalatest.OutcomeOf.outcomeOf(OutcomeOf.scala:85)
[info]   at org.scalatest.OutcomeOf.outcomeOf$(OutcomeOf.scala:83)
[info]   at org.scalatest.OutcomeOf$.outcomeOf(OutcomeOf.scala:104)
[info]   at org.scalatest.Transformer.apply(Transformer.scala:22)
[info]   at org.scalatest.Transformer.apply(Transformer.scala:20)
[info]   at org.scalatest.funsuite.AnyFunSuiteLike$$anon$1.apply(AnyFunSuiteLike.scala:226)
[info]   at org.scalatest.TestSuite.withFixture(TestSuite.scala:196)
[info]   at org.scalatest.TestSuite.withFixture$(TestSuite.scala:195)
[info]   at org.scalatest.funsuite.AnyFunSuite.withFixture(AnyFunSuite.scala:1564)
[info]   at org.scalatest.funsuite.AnyFunSuiteLike.invokeWithFixture$1(AnyFunSuiteLike.scala:224)
[info]   at org.scalatest.funsuite.AnyFunSuiteLike.$anonfun$runTest$1(AnyFunSuiteLike.scala:236)
[info]   at org.scalatest.SuperEngine.runTestImpl(Engine.scala:306)
[info]   at org.scalatest.funsuite.AnyFunSuiteLike.runTest(AnyFunSuiteLike.scala:236)
[info]   at org.scalatest.funsuite.AnyFunSuiteLike.runTest$(AnyFunSuiteLike.scala:218)
[info]   at org.scalatest.funsuite.AnyFunSuite.runTest(AnyFunSuite.scala:1564)
[info]   at org.scalatest.funsuite.AnyFunSuiteLike.$anonfun$runTests$1(AnyFunSuiteLike.scala:269)
[info]   at org.scalatest.SuperEngine.$anonfun$runTestsInBranch$1(Engine.scala:413)
[info]   at scala.collection.immutable.List.foreach(List.scala:334)
[info]   at org.scalatest.SuperEngine.traverseSubNodes$1(Engine.scala:401)
[info]   at org.scalatest.SuperEngine.runTestsInBranch(Engine.scala:396)
[info]   at org.scalatest.SuperEngine.runTestsImpl(Engine.scala:475)
[info]   at org.scalatest.funsuite.AnyFunSuiteLike.runTests(AnyFunSuiteLike.scala:269)
[info]   at org.scalatest.funsuite.AnyFunSuiteLike.runTests$(AnyFunSuiteLike.scala:268)
[info]   at org.scalatest.funsuite.AnyFunSuite.runTests(AnyFunSuite.scala:1564)
[info]   at org.scalatest.Suite.run(Suite.scala:1114)
[info]   at org.scalatest.Suite.run$(Suite.scala:1096)
[info]   at org.scalatest.funsuite.AnyFunSuite.org$scalatest$funsuite$AnyFunSuiteLike$$super$run(AnyFunSuite.scala:1564)
[info]   at org.scalatest.funsuite.AnyFunSuiteLike.$anonfun$run$1(AnyFunSuiteLike.scala:273)
[info]   at org.scalatest.SuperEngine.runImpl(Engine.scala:535)
[info]   at org.scalatest.funsuite.AnyFunSuiteLike.run(AnyFunSuiteLike.scala:273)
[info]   at org.scalatest.funsuite.AnyFunSuiteLike.run$(AnyFunSuiteLike.scala:272)
[info]   at frameless.TypedDatasetSuite.org$scalatest$BeforeAndAfterAll$$super$run(TypedDatasetSuite.scala:63)
[info]   at org.scalatest.BeforeAndAfterAll.liftedTree1$1(BeforeAndAfterAll.scala:213)
[info]   at org.scalatest.BeforeAndAfterAll.run(BeforeAndAfterAll.scala:210)
[info]   at org.scalatest.BeforeAndAfterAll.run$(BeforeAndAfterAll.scala:208)
[info]   at frameless.TypedDatasetSuite.run(TypedDatasetSuite.scala:63)
[info]   at org.scalatest.tools.Framework.org$scalatest$tools$Framework$$runSuite(Framework.scala:321)
[info]   at org.scalatest.tools.Framework$ScalaTestTask.execute(Framework.scala:517)
[info]   at sbt.ForkMain$Run.lambda$runTest$1(ForkMain.java:414)
[info]   at java.base/java.util.concurrent.FutureTask.run(FutureTask.java:317)
[info]   at java.base/java.util.concurrent.ThreadPoolExecutor.runWorker(ThreadPoolExecutor.java:1144)
[info]   at java.base/java.util.concurrent.ThreadPoolExecutor$Worker.run(ThreadPoolExecutor.java:642)
[info]   at java.base/java.lang.Thread.run(Thread.java:1583)
[info]   Cause: java.lang.IllegalArgumentException: argument type mismatch
[info]   at java.base/jdk.internal.reflect.DirectConstructorHandleAccessor.newInstance(DirectConstructorHandleAccessor.java:65)
[info]   at java.base/java.lang.reflect.Constructor.newInstanceWithCaller(Constructor.java:502)
[info]   at java.base/java.lang.reflect.Constructor.newInstance(Constructor.java:486)
[info]   at frameless.TypedExpressionEncoder$.$anonfun$apply$3(TypedExpressionEncoder.scala:55)
[info]   at scala.Option.map(Option.scala:242)
[info]   at frameless.TypedExpressionEncoder$.apply(TypedExpressionEncoder.scala:54)
[info]   at frameless.TypedDataset$.create(TypedDataset.scala:1325)
[info]   at frameless.ops.PivotTest.prop$1(PivotTest.scala:24)
[info]   at frameless.ops.PivotTest.$anonfun$new$52(PivotTest.scala:42)
[info]   at org.scalacheck.Prop$.$anonfun$forAllShrink$2(Prop.scala:868)
[info]   at org.scalacheck.Prop$.secure(Prop.scala:484)
[info]   at org.scalacheck.Prop$.result$1(Prop.scala:868)
[info]   at org.scalacheck.Prop$.$anonfun$forAllShrink$4(Prop.scala:880)
[info]   at scala.collection.immutable.Stream.map(Stream.scala:173)
[info]   at org.scalacheck.Prop$.getFirstFailure$1(Prop.scala:880)
[info]   at org.scalacheck.Prop$.shrinker$1(Prop.scala:895)
[info]   at org.scalacheck.Prop$.$anonfun$forAllShrink$1(Prop.scala:916)
[info]   at org.scalacheck.Prop$.$anonfun$apply$1(Prop.scala:305)
[info]   at org.scalacheck.PropFromFun.apply(Prop.scala:20)
[info]   at org.scalacheck.Test$.workerFun$1(Test.scala:486)
[info]   at org.scalacheck.Test$.$anonfun$check$4(Test.scala:518)
[info]   at org.scalacheck.Test$.$anonfun$check$4$adapted(Test.scala:518)
[info]   at org.scalacheck.Platform$.runWorkers(Platform.scala:42)
[info]   at org.scalacheck.Test$.check(Test.scala:518)
[info]   at org.scalatestplus.scalacheck.UnitCheckerAsserting$CheckerAssertingImpl.check(CheckerAsserting.scala:90)
[info]   at org.scalatestplus.scalacheck.Checkers.check(Checkers.scala:371)
[info]   at org.scalatestplus.scalacheck.Checkers.check$(Checkers.scala:369)
[info]   at frameless.TypedDatasetSuite.check(TypedDatasetSuite.scala:63)
[info]   at frameless.ops.PivotTest.$anonfun$new$1(PivotTest.scala:42)
[info]   at org.scalatest.OutcomeOf.outcomeOf(OutcomeOf.scala:85)
[info]   at org.scalatest.OutcomeOf.outcomeOf$(OutcomeOf.scala:83)
[info]   at org.scalatest.OutcomeOf$.outcomeOf(OutcomeOf.scala:104)
[info]   at org.scalatest.Transformer.apply(Transformer.scala:22)
[info]   at org.scalatest.Transformer.apply(Transformer.scala:20)
[info]   at org.scalatest.funsuite.AnyFunSuiteLike$$anon$1.apply(AnyFunSuiteLike.scala:226)
[info]   at org.scalatest.TestSuite.withFixture(TestSuite.scala:196)
[info]   at org.scalatest.TestSuite.withFixture$(TestSuite.scala:195)
[info]   at org.scalatest.funsuite.AnyFunSuite.withFixture(AnyFunSuite.scala:1564)
[info]   at org.scalatest.funsuite.AnyFunSuiteLike.invokeWithFixture$1(AnyFunSuiteLike.scala:224)
[info]   at org.scalatest.funsuite.AnyFunSuiteLike.$anonfun$runTest$1(AnyFunSuiteLike.scala:236)
[info]   at org.scalatest.SuperEngine.runTestImpl(Engine.scala:306)
[info]   at org.scalatest.funsuite.AnyFunSuiteLike.runTest(AnyFunSuiteLike.scala:236)
[info]   at org.scalatest.funsuite.AnyFunSuiteLike.runTest$(AnyFunSuiteLike.scala:218)
[info]   at org.scalatest.funsuite.AnyFunSuite.runTest(AnyFunSuite.scala:1564)
[info]   at org.scalatest.funsuite.AnyFunSuiteLike.$anonfun$runTests$1(AnyFunSuiteLike.scala:269)
[info]   at org.scalatest.SuperEngine.$anonfun$runTestsInBranch$1(Engine.scala:413)
[info]   at scala.collection.immutable.List.foreach(List.scala:334)
[info]   at org.scalatest.SuperEngine.traverseSubNodes$1(Engine.scala:401)
[info]   at org.scalatest.SuperEngine.runTestsInBranch(Engine.scala:396)
[info]   at org.scalatest.SuperEngine.runTestsImpl(Engine.scala:475)
[info]   at org.scalatest.funsuite.AnyFunSuiteLike.runTests(AnyFunSuiteLike.scala:269)
[info]   at org.scalatest.funsuite.AnyFunSuiteLike.runTests$(AnyFunSuiteLike.scala:268)
[info]   at org.scalatest.funsuite.AnyFunSuite.runTests(AnyFunSuite.scala:1564)
[info]   at org.scalatest.Suite.run(Suite.scala:1114)
[info]   at org.scalatest.Suite.run$(Suite.scala:1096)
[info]   at org.scalatest.funsuite.AnyFunSuite.org$scalatest$funsuite$AnyFunSuiteLike$$super$run(AnyFunSuite.scala:1564)
[info]   at org.scalatest.funsuite.AnyFunSuiteLike.$anonfun$run$1(AnyFunSuiteLike.scala:273)
[info]   at org.scalatest.SuperEngine.runImpl(Engine.scala:535)
[info]   at org.scalatest.funsuite.AnyFunSuiteLike.run(AnyFunSuiteLike.scala:273)
[info]   at org.scalatest.funsuite.AnyFunSuiteLike.run$(AnyFunSuiteLike.scala:272)
[info]   at frameless.TypedDatasetSuite.org$scalatest$BeforeAndAfterAll$$super$run(TypedDatasetSuite.scala:63)
[info]   at org.scalatest.BeforeAndAfterAll.liftedTree1$1(BeforeAndAfterAll.scala:213)
[info]   at org.scalatest.BeforeAndAfterAll.run(BeforeAndAfterAll.scala:210)
[info]   at org.scalatest.BeforeAndAfterAll.run$(BeforeAndAfterAll.scala:208)
[info]   at frameless.TypedDatasetSuite.run(TypedDatasetSuite.scala:63)
[info]   at org.scalatest.tools.Framework.org$scalatest$tools$Framework$$runSuite(Framework.scala:321)
[info]   at org.scalatest.tools.Framework$ScalaTestTask.execute(Framework.scala:517)
[info]   at sbt.ForkMain$Run.lambda$runTest$1(ForkMain.java:414)
[info]   at java.base/java.util.concurrent.FutureTask.run(FutureTask.java:317)
[info]   at java.base/java.util.concurrent.ThreadPoolExecutor.runWorker(ThreadPoolExecutor.java:1144)
[info]   at java.base/java.util.concurrent.ThreadPoolExecutor$Worker.run(ThreadPoolExecutor.java:642)
[info]   at java.base/java.lang.Thread.run(Thread.java:1583)
[info]   Cause: java.lang.ClassCastException: Cannot cast scala.reflect.ClassTag$GenericClassTag to org.apache.spark.sql.catalyst.expressions.Expression
[info]   at java.base/java.lang.Class.cast(Class.java:4067)
[info]   at java.base/jdk.internal.reflect.DirectConstructorHandleAccessor.newInstance(DirectConstructorHandleAccessor.java:62)
[info]   at java.base/java.lang.reflect.Constructor.newInstanceWithCaller(Constructor.java:502)
[info]   at java.base/java.lang.reflect.Constructor.newInstance(Constructor.java:486)
[info]   at frameless.TypedExpressionEncoder$.$anonfun$apply$3(TypedExpressionEncoder.scala:55)
[info]   at scala.Option.map(Option.scala:242)
[info]   at frameless.TypedExpressionEncoder$.apply(TypedExpressionEncoder.scala:54)
[info]   at frameless.TypedDataset$.create(TypedDataset.scala:1325)
[info]   at frameless.ops.PivotTest.prop$1(PivotTest.scala:24)
[info]   at frameless.ops.PivotTest.$anonfun$new$52(PivotTest.scala:42)
[info]   at org.scalacheck.Prop$.$anonfun$forAllShrink$2(Prop.scala:868)
[info]   at org.scalacheck.Prop$.secure(Prop.scala:484)
[info]   at org.scalacheck.Prop$.result$1(Prop.scala:868)
[info]   at org.scalacheck.Prop$.$anonfun$forAllShrink$4(Prop.scala:880)
[info]   at scala.collection.immutable.Stream.map(Stream.scala:173)
[info]   at org.scalacheck.Prop$.getFirstFailure$1(Prop.scala:880)
[info]   at org.scalacheck.Prop$.shrinker$1(Prop.scala:895)
[info]   at org.scalacheck.Prop$.$anonfun$forAllShrink$1(Prop.scala:916)
[info]   at org.scalacheck.Prop$.$anonfun$apply$1(Prop.scala:305)
[info]   at org.scalacheck.PropFromFun.apply(Prop.scala:20)
[info]   at org.scalacheck.Test$.workerFun$1(Test.scala:486)
[info]   at org.scalacheck.Test$.$anonfun$check$4(Test.scala:518)
[info]   at org.scalacheck.Test$.$anonfun$check$4$adapted(Test.scala:518)
[info]   at org.scalacheck.Platform$.runWorkers(Platform.scala:42)
[info]   at org.scalacheck.Test$.check(Test.scala:518)
[info]   at org.scalatestplus.scalacheck.UnitCheckerAsserting$CheckerAssertingImpl.check(CheckerAsserting.scala:90)
[info]   at org.scalatestplus.scalacheck.Checkers.check(Checkers.scala:371)
[info]   at org.scalatestplus.scalacheck.Checkers.check$(Checkers.scala:369)
[info]   at frameless.TypedDatasetSuite.check(TypedDatasetSuite.scala:63)
[info]   at frameless.ops.PivotTest.$anonfun$new$1(PivotTest.scala:42)
[info]   at org.scalatest.OutcomeOf.outcomeOf(OutcomeOf.scala:85)
[info]   at org.scalatest.OutcomeOf.outcomeOf$(OutcomeOf.scala:83)
[info]   at org.scalatest.OutcomeOf$.outcomeOf(OutcomeOf.scala:104)
[info]   at org.scalatest.Transformer.apply(Transformer.scala:22)
[info]   at org.scalatest.Transformer.apply(Transformer.scala:20)
[info]   at org.scalatest.funsuite.AnyFunSuiteLike$$anon$1.apply(AnyFunSuiteLike.scala:226)
[info]   at org.scalatest.TestSuite.withFixture(TestSuite.scala:196)
[info]   at org.scalatest.TestSuite.withFixture$(TestSuite.scala:195)
[info]   at org.scalatest.funsuite.AnyFunSuite.withFixture(AnyFunSuite.scala:1564)
[info]   at org.scalatest.funsuite.AnyFunSuiteLike.invokeWithFixture$1(AnyFunSuiteLike.scala:224)
[info]   at org.scalatest.funsuite.AnyFunSuiteLike.$anonfun$runTest$1(AnyFunSuiteLike.scala:236)
[info]   at org.scalatest.SuperEngine.runTestImpl(Engine.scala:306)
[info]   at org.scalatest.funsuite.AnyFunSuiteLike.runTest(AnyFunSuiteLike.scala:236)
[info]   at org.scalatest.funsuite.AnyFunSuiteLike.runTest$(AnyFunSuiteLike.scala:218)
[info]   at org.scalatest.funsuite.AnyFunSuite.runTest(AnyFunSuite.scala:1564)
[info]   at org.scalatest.funsuite.AnyFunSuiteLike.$anonfun$runTests$1(AnyFunSuiteLike.scala:269)
[info]   at org.scalatest.SuperEngine.$anonfun$runTestsInBranch$1(Engine.scala:413)
[info]   at scala.collection.immutable.List.foreach(List.scala:334)
[info]   at org.scalatest.SuperEngine.traverseSubNodes$1(Engine.scala:401)
[info]   at org.scalatest.SuperEngine.runTestsInBranch(Engine.scala:396)
[info]   at org.scalatest.SuperEngine.runTestsImpl(Engine.scala:475)
[info]   at org.scalatest.funsuite.AnyFunSuiteLike.runTests(AnyFunSuiteLike.scala:269)
[info]   at org.scalatest.funsuite.AnyFunSuiteLike.runTests$(AnyFunSuiteLike.scala:268)
[info]   at org.scalatest.funsuite.AnyFunSuite.runTests(AnyFunSuite.scala:1564)
[info]   at org.scalatest.Suite.run(Suite.scala:1114)
[info]   at org.scalatest.Suite.run$(Suite.scala:1096)
[info]   at org.scalatest.funsuite.AnyFunSuite.org$scalatest$funsuite$AnyFunSuiteLike$$super$run(AnyFunSuite.scala:1564)
[info]   at org.scalatest.funsuite.AnyFunSuiteLike.$anonfun$run$1(AnyFunSuiteLike.scala:273)
[info]   at org.scalatest.SuperEngine.runImpl(Engine.scala:535)
[info]   at org.scalatest.funsuite.AnyFunSuiteLike.run(AnyFunSuiteLike.scala:273)
[info]   at org.scalatest.funsuite.AnyFunSuiteLike.run$(AnyFunSuiteLike.scala:272)
[info]   at frameless.TypedDatasetSuite.org$scalatest$BeforeAndAfterAll$$super$run(TypedDatasetSuite.scala:63)
[info]   at org.scalatest.BeforeAndAfterAll.liftedTree1$1(BeforeAndAfterAll.scala:213)
[info]   at org.scalatest.BeforeAndAfterAll.run(BeforeAndAfterAll.scala:210)
[info]   at org.scalatest.BeforeAndAfterAll.run$(BeforeAndAfterAll.scala:208)
[info]   at frameless.TypedDatasetSuite.run(TypedDatasetSuite.scala:63)
[info]   at org.scalatest.tools.Framework.org$scalatest$tools$Framework$$runSuite(Framework.scala:321)
[info]   at org.scalatest.tools.Framework$ScalaTestTask.execute(Framework.scala:517)
[info]   at sbt.ForkMain$Run.lambda$runTest$1(ForkMain.java:414)
[info]   at java.base/java.util.concurrent.FutureTask.run(FutureTask.java:317)
[info]   at java.base/java.util.concurrent.ThreadPoolExecutor.runWorker(ThreadPoolExecutor.java:1144)
[info]   at java.base/java.util.concurrent.ThreadPoolExecutor$Worker.run(ThreadPoolExecutor.java:642)
[info]   at java.base/java.lang.Thread.run(Thread.java:1583)
[info] - Pivot on Boolean *** FAILED *** (3 milliseconds)
[info]   java.lang.IllegalArgumentException: argument type mismatch
[info]   at java.base/jdk.internal.reflect.DirectConstructorHandleAccessor.newInstance(DirectConstructorHandleAccessor.java:65)
[info]   at java.base/java.lang.reflect.Constructor.newInstanceWithCaller(Constructor.java:502)
[info]   at java.base/java.lang.reflect.Constructor.newInstance(Constructor.java:486)
[info]   at frameless.TypedExpressionEncoder$.$anonfun$apply$3(TypedExpressionEncoder.scala:55)
[info]   at scala.Option.map(Option.scala:242)
[info]   at frameless.TypedExpressionEncoder$.apply(TypedExpressionEncoder.scala:54)
[info]   at frameless.TypedDataset$.create(TypedDataset.scala:1325)
[info]   at frameless.ops.PivotTest.$anonfun$new$54(PivotTest.scala:47)
[info]   at org.scalatest.OutcomeOf.outcomeOf(OutcomeOf.scala:85)
[info]   at org.scalatest.OutcomeOf.outcomeOf$(OutcomeOf.scala:83)
[info]   at org.scalatest.OutcomeOf$.outcomeOf(OutcomeOf.scala:104)
[info]   at org.scalatest.Transformer.apply(Transformer.scala:22)
[info]   at org.scalatest.Transformer.apply(Transformer.scala:20)
[info]   at org.scalatest.funsuite.AnyFunSuiteLike$$anon$1.apply(AnyFunSuiteLike.scala:226)
[info]   at org.scalatest.TestSuite.withFixture(TestSuite.scala:196)
[info]   at org.scalatest.TestSuite.withFixture$(TestSuite.scala:195)
[info]   at org.scalatest.funsuite.AnyFunSuite.withFixture(AnyFunSuite.scala:1564)
[info]   at org.scalatest.funsuite.AnyFunSuiteLike.invokeWithFixture$1(AnyFunSuiteLike.scala:224)
[info]   at org.scalatest.funsuite.AnyFunSuiteLike.$anonfun$runTest$1(AnyFunSuiteLike.scala:236)
[info]   at org.scalatest.SuperEngine.runTestImpl(Engine.scala:306)
[info]   at org.scalatest.funsuite.AnyFunSuiteLike.runTest(AnyFunSuiteLike.scala:236)
[info]   at org.scalatest.funsuite.AnyFunSuiteLike.runTest$(AnyFunSuiteLike.scala:218)
[info]   at org.scalatest.funsuite.AnyFunSuite.runTest(AnyFunSuite.scala:1564)
[info]   at org.scalatest.funsuite.AnyFunSuiteLike.$anonfun$runTests$1(AnyFunSuiteLike.scala:269)
[info]   at org.scalatest.SuperEngine.$anonfun$runTestsInBranch$1(Engine.scala:413)
[info]   at scala.collection.immutable.List.foreach(List.scala:334)
[info]   at org.scalatest.SuperEngine.traverseSubNodes$1(Engine.scala:401)
[info]   at org.scalatest.SuperEngine.runTestsInBranch(Engine.scala:396)
[info]   at org.scalatest.SuperEngine.runTestsImpl(Engine.scala:475)
[info]   at org.scalatest.funsuite.AnyFunSuiteLike.runTests(AnyFunSuiteLike.scala:269)
[info]   at org.scalatest.funsuite.AnyFunSuiteLike.runTests$(AnyFunSuiteLike.scala:268)
[info]   at org.scalatest.funsuite.AnyFunSuite.runTests(AnyFunSuite.scala:1564)
[info]   at org.scalatest.Suite.run(Suite.scala:1114)
[info]   at org.scalatest.Suite.run$(Suite.scala:1096)
[info]   at org.scalatest.funsuite.AnyFunSuite.org$scalatest$funsuite$AnyFunSuiteLike$$super$run(AnyFunSuite.scala:1564)
[info]   at org.scalatest.funsuite.AnyFunSuiteLike.$anonfun$run$1(AnyFunSuiteLike.scala:273)
[info]   at org.scalatest.SuperEngine.runImpl(Engine.scala:535)
[info]   at org.scalatest.funsuite.AnyFunSuiteLike.run(AnyFunSuiteLike.scala:273)
[info]   at org.scalatest.funsuite.AnyFunSuiteLike.run$(AnyFunSuiteLike.scala:272)
[info]   at frameless.TypedDatasetSuite.org$scalatest$BeforeAndAfterAll$$super$run(TypedDatasetSuite.scala:63)
[info]   at org.scalatest.BeforeAndAfterAll.liftedTree1$1(BeforeAndAfterAll.scala:213)
[info]   at org.scalatest.BeforeAndAfterAll.run(BeforeAndAfterAll.scala:210)
[info]   at org.scalatest.BeforeAndAfterAll.run$(BeforeAndAfterAll.scala:208)
[info]   at frameless.TypedDatasetSuite.run(TypedDatasetSuite.scala:63)
[info]   at org.scalatest.tools.Framework.org$scalatest$tools$Framework$$runSuite(Framework.scala:321)
[info]   at org.scalatest.tools.Framework$ScalaTestTask.execute(Framework.scala:517)
[info]   at sbt.ForkMain$Run.lambda$runTest$1(ForkMain.java:414)
[info]   at java.base/java.util.concurrent.FutureTask.run(FutureTask.java:317)
[info]   at java.base/java.util.concurrent.ThreadPoolExecutor.runWorker(ThreadPoolExecutor.java:1144)
[info]   at java.base/java.util.concurrent.ThreadPoolExecutor$Worker.run(ThreadPoolExecutor.java:642)
[info]   at java.base/java.lang.Thread.run(Thread.java:1583)
[info]   Cause: java.lang.ClassCastException: Cannot cast scala.reflect.ClassTag$GenericClassTag to org.apache.spark.sql.catalyst.expressions.Expression
[info]   at java.base/java.lang.Class.cast(Class.java:4067)
[info]   at java.base/jdk.internal.reflect.DirectConstructorHandleAccessor.newInstance(DirectConstructorHandleAccessor.java:62)
[info]   at java.base/java.lang.reflect.Constructor.newInstanceWithCaller(Constructor.java:502)
[info]   at java.base/java.lang.reflect.Constructor.newInstance(Constructor.java:486)
[info]   at frameless.TypedExpressionEncoder$.$anonfun$apply$3(TypedExpressionEncoder.scala:55)
[info]   at scala.Option.map(Option.scala:242)
[info]   at frameless.TypedExpressionEncoder$.apply(TypedExpressionEncoder.scala:54)
[info]   at frameless.TypedDataset$.create(TypedDataset.scala:1325)
[info]   at frameless.ops.PivotTest.$anonfun$new$54(PivotTest.scala:47)
[info]   at org.scalatest.OutcomeOf.outcomeOf(OutcomeOf.scala:85)
[info]   at org.scalatest.OutcomeOf.outcomeOf$(OutcomeOf.scala:83)
[info]   at org.scalatest.OutcomeOf$.outcomeOf(OutcomeOf.scala:104)
[info]   at org.scalatest.Transformer.apply(Transformer.scala:22)
[info]   at org.scalatest.Transformer.apply(Transformer.scala:20)
[info]   at org.scalatest.funsuite.AnyFunSuiteLike$$anon$1.apply(AnyFunSuiteLike.scala:226)
[info]   at org.scalatest.TestSuite.withFixture(TestSuite.scala:196)
[info]   at org.scalatest.TestSuite.withFixture$(TestSuite.scala:195)
[info]   at org.scalatest.funsuite.AnyFunSuite.withFixture(AnyFunSuite.scala:1564)
[info]   at org.scalatest.funsuite.AnyFunSuiteLike.invokeWithFixture$1(AnyFunSuiteLike.scala:224)
[info]   at org.scalatest.funsuite.AnyFunSuiteLike.$anonfun$runTest$1(AnyFunSuiteLike.scala:236)
[info]   at org.scalatest.SuperEngine.runTestImpl(Engine.scala:306)
[info]   at org.scalatest.funsuite.AnyFunSuiteLike.runTest(AnyFunSuiteLike.scala:236)
[info]   at org.scalatest.funsuite.AnyFunSuiteLike.runTest$(AnyFunSuiteLike.scala:218)
[info]   at org.scalatest.funsuite.AnyFunSuite.runTest(AnyFunSuite.scala:1564)
[info]   at org.scalatest.funsuite.AnyFunSuiteLike.$anonfun$runTests$1(AnyFunSuiteLike.scala:269)
[info]   at org.scalatest.SuperEngine.$anonfun$runTestsInBranch$1(Engine.scala:413)
[info]   at scala.collection.immutable.List.foreach(List.scala:334)
[info]   at org.scalatest.SuperEngine.traverseSubNodes$1(Engine.scala:401)
[info]   at org.scalatest.SuperEngine.runTestsInBranch(Engine.scala:396)
[info]   at org.scalatest.SuperEngine.runTestsImpl(Engine.scala:475)
[info]   at org.scalatest.funsuite.AnyFunSuiteLike.runTests(AnyFunSuiteLike.scala:269)
[info]   at org.scalatest.funsuite.AnyFunSuiteLike.runTests$(AnyFunSuiteLike.scala:268)
[info]   at org.scalatest.funsuite.AnyFunSuite.runTests(AnyFunSuite.scala:1564)
[info]   at org.scalatest.Suite.run(Suite.scala:1114)
[info]   at org.scalatest.Suite.run$(Suite.scala:1096)
[info]   at org.scalatest.funsuite.AnyFunSuite.org$scalatest$funsuite$AnyFunSuiteLike$$super$run(AnyFunSuite.scala:1564)
[info]   at org.scalatest.funsuite.AnyFunSuiteLike.$anonfun$run$1(AnyFunSuiteLike.scala:273)
[info]   at org.scalatest.SuperEngine.runImpl(Engine.scala:535)
[info]   at org.scalatest.funsuite.AnyFunSuiteLike.run(AnyFunSuiteLike.scala:273)
[info]   at org.scalatest.funsuite.AnyFunSuiteLike.run$(AnyFunSuiteLike.scala:272)
[info]   at frameless.TypedDatasetSuite.org$scalatest$BeforeAndAfterAll$$super$run(TypedDatasetSuite.scala:63)
[info]   at org.scalatest.BeforeAndAfterAll.liftedTree1$1(BeforeAndAfterAll.scala:213)
[info]   at org.scalatest.BeforeAndAfterAll.run(BeforeAndAfterAll.scala:210)
[info]   at org.scalatest.BeforeAndAfterAll.run$(BeforeAndAfterAll.scala:208)
[info]   at frameless.TypedDatasetSuite.run(TypedDatasetSuite.scala:63)
[info]   at org.scalatest.tools.Framework.org$scalatest$tools$Framework$$runSuite(Framework.scala:321)
[info]   at org.scalatest.tools.Framework$ScalaTestTask.execute(Framework.scala:517)
[info]   at sbt.ForkMain$Run.lambda$runTest$1(ForkMain.java:414)
[info]   at java.base/java.util.concurrent.FutureTask.run(FutureTask.java:317)
[info]   at java.base/java.util.concurrent.ThreadPoolExecutor.runWorker(ThreadPoolExecutor.java:1144)
[info]   at java.base/java.util.concurrent.ThreadPoolExecutor$Worker.run(ThreadPoolExecutor.java:642)
[info]   at java.base/java.lang.Thread.run(Thread.java:1583)
[info] - Pivot with groupBy on two columns, pivot on Long *** FAILED *** (1 millisecond)
[info]   java.lang.IllegalArgumentException: argument type mismatch
[info]   at java.base/jdk.internal.reflect.DirectConstructorHandleAccessor.newInstance(DirectConstructorHandleAccessor.java:65)
[info]   at java.base/java.lang.reflect.Constructor.newInstanceWithCaller(Constructor.java:502)
[info]   at java.base/java.lang.reflect.Constructor.newInstance(Constructor.java:486)
[info]   at frameless.TypedExpressionEncoder$.$anonfun$apply$3(TypedExpressionEncoder.scala:55)
[info]   at scala.Option.map(Option.scala:242)
[info]   at frameless.TypedExpressionEncoder$.apply(TypedExpressionEncoder.scala:54)
[info]   at frameless.TypedDataset$.create(TypedDataset.scala:1325)
[info]   at frameless.ops.PivotTest.$anonfun$new$69(PivotTest.scala:56)
[info]   at org.scalatest.OutcomeOf.outcomeOf(OutcomeOf.scala:85)
[info]   at org.scalatest.OutcomeOf.outcomeOf$(OutcomeOf.scala:83)
[info]   at org.scalatest.OutcomeOf$.outcomeOf(OutcomeOf.scala:104)
[info]   at org.scalatest.Transformer.apply(Transformer.scala:22)
[info]   at org.scalatest.Transformer.apply(Transformer.scala:20)
[info]   at org.scalatest.funsuite.AnyFunSuiteLike$$anon$1.apply(AnyFunSuiteLike.scala:226)
[info]   at org.scalatest.TestSuite.withFixture(TestSuite.scala:196)
[info]   at org.scalatest.TestSuite.withFixture$(TestSuite.scala:195)
[info]   at org.scalatest.funsuite.AnyFunSuite.withFixture(AnyFunSuite.scala:1564)
[info]   at org.scalatest.funsuite.AnyFunSuiteLike.invokeWithFixture$1(AnyFunSuiteLike.scala:224)
[info]   at org.scalatest.funsuite.AnyFunSuiteLike.$anonfun$runTest$1(AnyFunSuiteLike.scala:236)
[info]   at org.scalatest.SuperEngine.runTestImpl(Engine.scala:306)
[info]   at org.scalatest.funsuite.AnyFunSuiteLike.runTest(AnyFunSuiteLike.scala:236)
[info]   at org.scalatest.funsuite.AnyFunSuiteLike.runTest$(AnyFunSuiteLike.scala:218)
[info]   at org.scalatest.funsuite.AnyFunSuite.runTest(AnyFunSuite.scala:1564)
[info]   at org.scalatest.funsuite.AnyFunSuiteLike.$anonfun$runTests$1(AnyFunSuiteLike.scala:269)
[info]   at org.scalatest.SuperEngine.$anonfun$runTestsInBranch$1(Engine.scala:413)
[info]   at scala.collection.immutable.List.foreach(List.scala:334)
[info]   at org.scalatest.SuperEngine.traverseSubNodes$1(Engine.scala:401)
[info]   at org.scalatest.SuperEngine.runTestsInBranch(Engine.scala:396)
[info]   at org.scalatest.SuperEngine.runTestsImpl(Engine.scala:475)
[info]   at org.scalatest.funsuite.AnyFunSuiteLike.runTests(AnyFunSuiteLike.scala:269)
[info]   at org.scalatest.funsuite.AnyFunSuiteLike.runTests$(AnyFunSuiteLike.scala:268)
[info]   at org.scalatest.funsuite.AnyFunSuite.runTests(AnyFunSuite.scala:1564)
[info]   at org.scalatest.Suite.run(Suite.scala:1114)
[info]   at org.scalatest.Suite.run$(Suite.scala:1096)
[info]   at org.scalatest.funsuite.AnyFunSuite.org$scalatest$funsuite$AnyFunSuiteLike$$super$run(AnyFunSuite.scala:1564)
[info]   at org.scalatest.funsuite.AnyFunSuiteLike.$anonfun$run$1(AnyFunSuiteLike.scala:273)
[info]   at org.scalatest.SuperEngine.runImpl(Engine.scala:535)
[info]   at org.scalatest.funsuite.AnyFunSuiteLike.run(AnyFunSuiteLike.scala:273)
[info]   at org.scalatest.funsuite.AnyFunSuiteLike.run$(AnyFunSuiteLike.scala:272)
[info]   at frameless.TypedDatasetSuite.org$scalatest$BeforeAndAfterAll$$super$run(TypedDatasetSuite.scala:63)
[info]   at org.scalatest.BeforeAndAfterAll.liftedTree1$1(BeforeAndAfterAll.scala:213)
[info]   at org.scalatest.BeforeAndAfterAll.run(BeforeAndAfterAll.scala:210)
[info]   at org.scalatest.BeforeAndAfterAll.run$(BeforeAndAfterAll.scala:208)
[info]   at frameless.TypedDatasetSuite.run(TypedDatasetSuite.scala:63)
[info]   at org.scalatest.tools.Framework.org$scalatest$tools$Framework$$runSuite(Framework.scala:321)
[info]   at org.scalatest.tools.Framework$ScalaTestTask.execute(Framework.scala:517)
[info]   at sbt.ForkMain$Run.lambda$runTest$1(ForkMain.java:414)
[info]   at java.base/java.util.concurrent.FutureTask.run(FutureTask.java:317)
[info]   at java.base/java.util.concurrent.ThreadPoolExecutor.runWorker(ThreadPoolExecutor.java:1144)
[info]   at java.base/java.util.concurrent.ThreadPoolExecutor$Worker.run(ThreadPoolExecutor.java:642)
[info]   at java.base/java.lang.Thread.run(Thread.java:1583)
[info]   Cause: java.lang.ClassCastException: Cannot cast scala.reflect.ClassTag$GenericClassTag to org.apache.spark.sql.catalyst.expressions.Expression
[info]   at java.base/java.lang.Class.cast(Class.java:4067)
[info]   at java.base/jdk.internal.reflect.DirectConstructorHandleAccessor.newInstance(DirectConstructorHandleAccessor.java:62)
[info]   at java.base/java.lang.reflect.Constructor.newInstanceWithCaller(Constructor.java:502)
[info]   at java.base/java.lang.reflect.Constructor.newInstance(Constructor.java:486)
[info]   at frameless.TypedExpressionEncoder$.$anonfun$apply$3(TypedExpressionEncoder.scala:55)
[info]   at scala.Option.map(Option.scala:242)
[info]   at frameless.TypedExpressionEncoder$.apply(TypedExpressionEncoder.scala:54)
[info]   at frameless.TypedDataset$.create(TypedDataset.scala:1325)
[info]   at frameless.ops.PivotTest.$anonfun$new$69(PivotTest.scala:56)
[info]   at org.scalatest.OutcomeOf.outcomeOf(OutcomeOf.scala:85)
[info]   at org.scalatest.OutcomeOf.outcomeOf$(OutcomeOf.scala:83)
[info]   at org.scalatest.OutcomeOf$.outcomeOf(OutcomeOf.scala:104)
[info]   at org.scalatest.Transformer.apply(Transformer.scala:22)
[info]   at org.scalatest.Transformer.apply(Transformer.scala:20)
[info]   at org.scalatest.funsuite.AnyFunSuiteLike$$anon$1.apply(AnyFunSuiteLike.scala:226)
[info]   at org.scalatest.TestSuite.withFixture(TestSuite.scala:196)
[info]   at org.scalatest.TestSuite.withFixture$(TestSuite.scala:195)
[info]   at org.scalatest.funsuite.AnyFunSuite.withFixture(AnyFunSuite.scala:1564)
[info]   at org.scalatest.funsuite.AnyFunSuiteLike.invokeWithFixture$1(AnyFunSuiteLike.scala:224)
[info]   at org.scalatest.funsuite.AnyFunSuiteLike.$anonfun$runTest$1(AnyFunSuiteLike.scala:236)
[info]   at org.scalatest.SuperEngine.runTestImpl(Engine.scala:306)
[info]   at org.scalatest.funsuite.AnyFunSuiteLike.runTest(AnyFunSuiteLike.scala:236)
[info]   at org.scalatest.funsuite.AnyFunSuiteLike.runTest$(AnyFunSuiteLike.scala:218)
[info]   at org.scalatest.funsuite.AnyFunSuite.runTest(AnyFunSuite.scala:1564)
[info]   at org.scalatest.funsuite.AnyFunSuiteLike.$anonfun$runTests$1(AnyFunSuiteLike.scala:269)
[info]   at org.scalatest.SuperEngine.$anonfun$runTestsInBranch$1(Engine.scala:413)
[info]   at scala.collection.immutable.List.foreach(List.scala:334)
[info]   at org.scalatest.SuperEngine.traverseSubNodes$1(Engine.scala:401)
[info]   at org.scalatest.SuperEngine.runTestsInBranch(Engine.scala:396)
[info]   at org.scalatest.SuperEngine.runTestsImpl(Engine.scala:475)
[info]   at org.scalatest.funsuite.AnyFunSuiteLike.runTests(AnyFunSuiteLike.scala:269)
[info]   at org.scalatest.funsuite.AnyFunSuiteLike.runTests$(AnyFunSuiteLike.scala:268)
[info]   at org.scalatest.funsuite.AnyFunSuite.runTests(AnyFunSuite.scala:1564)
[info]   at org.scalatest.Suite.run(Suite.scala:1114)
[info]   at org.scalatest.Suite.run$(Suite.scala:1096)
[info]   at org.scalatest.funsuite.AnyFunSuite.org$scalatest$funsuite$AnyFunSuiteLike$$super$run(AnyFunSuite.scala:1564)
[info]   at org.scalatest.funsuite.AnyFunSuiteLike.$anonfun$run$1(AnyFunSuiteLike.scala:273)
[info]   at org.scalatest.SuperEngine.runImpl(Engine.scala:535)
[info]   at org.scalatest.funsuite.AnyFunSuiteLike.run(AnyFunSuiteLike.scala:273)
[info]   at org.scalatest.funsuite.AnyFunSuiteLike.run$(AnyFunSuiteLike.scala:272)
[info]   at frameless.TypedDatasetSuite.org$scalatest$BeforeAndAfterAll$$super$run(TypedDatasetSuite.scala:63)
[info]   at org.scalatest.BeforeAndAfterAll.liftedTree1$1(BeforeAndAfterAll.scala:213)
[info]   at org.scalatest.BeforeAndAfterAll.run(BeforeAndAfterAll.scala:210)
[info]   at org.scalatest.BeforeAndAfterAll.run$(BeforeAndAfterAll.scala:208)
[info]   at frameless.TypedDatasetSuite.run(TypedDatasetSuite.scala:63)
[info]   at org.scalatest.tools.Framework.org$scalatest$tools$Framework$$runSuite(Framework.scala:321)
[info]   at org.scalatest.tools.Framework$ScalaTestTask.execute(Framework.scala:517)
[info]   at sbt.ForkMain$Run.lambda$runTest$1(ForkMain.java:414)
[info]   at java.base/java.util.concurrent.FutureTask.run(FutureTask.java:317)
[info]   at java.base/java.util.concurrent.ThreadPoolExecutor.runWorker(ThreadPoolExecutor.java:1144)
[info]   at java.base/java.util.concurrent.ThreadPoolExecutor$Worker.run(ThreadPoolExecutor.java:642)
[info]   at java.base/java.lang.Thread.run(Thread.java:1583)
[info] - Pivot with cube on two columns, pivot on Long *** FAILED *** (2 milliseconds)
[info]   java.lang.IllegalArgumentException: argument type mismatch
[info]   at java.base/jdk.internal.reflect.DirectConstructorHandleAccessor.newInstance(DirectConstructorHandleAccessor.java:65)
[info]   at java.base/java.lang.reflect.Constructor.newInstanceWithCaller(Constructor.java:502)
[info]   at java.base/java.lang.reflect.Constructor.newInstance(Constructor.java:486)
[info]   at frameless.TypedExpressionEncoder$.$anonfun$apply$3(TypedExpressionEncoder.scala:55)
[info]   at scala.Option.map(Option.scala:242)
[info]   at frameless.TypedExpressionEncoder$.apply(TypedExpressionEncoder.scala:54)
[info]   at frameless.TypedDataset$.create(TypedDataset.scala:1325)
[info]   at frameless.ops.PivotTest.$anonfun$new$86(PivotTest.scala:65)
[info]   at org.scalatest.OutcomeOf.outcomeOf(OutcomeOf.scala:85)
[info]   at org.scalatest.OutcomeOf.outcomeOf$(OutcomeOf.scala:83)
[info]   at org.scalatest.OutcomeOf$.outcomeOf(OutcomeOf.scala:104)
[info]   at org.scalatest.Transformer.apply(Transformer.scala:22)
[info]   at org.scalatest.Transformer.apply(Transformer.scala:20)
[info]   at org.scalatest.funsuite.AnyFunSuiteLike$$anon$1.apply(AnyFunSuiteLike.scala:226)
[info]   at org.scalatest.TestSuite.withFixture(TestSuite.scala:196)
[info]   at org.scalatest.TestSuite.withFixture$(TestSuite.scala:195)
[info]   at org.scalatest.funsuite.AnyFunSuite.withFixture(AnyFunSuite.scala:1564)
[info]   at org.scalatest.funsuite.AnyFunSuiteLike.invokeWithFixture$1(AnyFunSuiteLike.scala:224)
[info]   at org.scalatest.funsuite.AnyFunSuiteLike.$anonfun$runTest$1(AnyFunSuiteLike.scala:236)
[info]   at org.scalatest.SuperEngine.runTestImpl(Engine.scala:306)
[info]   at org.scalatest.funsuite.AnyFunSuiteLike.runTest(AnyFunSuiteLike.scala:236)
[info]   at org.scalatest.funsuite.AnyFunSuiteLike.runTest$(AnyFunSuiteLike.scala:218)
[info]   at org.scalatest.funsuite.AnyFunSuite.runTest(AnyFunSuite.scala:1564)
[info]   at org.scalatest.funsuite.AnyFunSuiteLike.$anonfun$runTests$1(AnyFunSuiteLike.scala:269)
[info]   at org.scalatest.SuperEngine.$anonfun$runTestsInBranch$1(Engine.scala:413)
[info]   at scala.collection.immutable.List.foreach(List.scala:334)
[info]   at org.scalatest.SuperEngine.traverseSubNodes$1(Engine.scala:401)
[info]   at org.scalatest.SuperEngine.runTestsInBranch(Engine.scala:396)
[info]   at org.scalatest.SuperEngine.runTestsImpl(Engine.scala:475)
[info]   at org.scalatest.funsuite.AnyFunSuiteLike.runTests(AnyFunSuiteLike.scala:269)
[info]   at org.scalatest.funsuite.AnyFunSuiteLike.runTests$(AnyFunSuiteLike.scala:268)
[info]   at org.scalatest.funsuite.AnyFunSuite.runTests(AnyFunSuite.scala:1564)
[info]   at org.scalatest.Suite.run(Suite.scala:1114)
[info]   at org.scalatest.Suite.run$(Suite.scala:1096)
[info]   at org.scalatest.funsuite.AnyFunSuite.org$scalatest$funsuite$AnyFunSuiteLike$$super$run(AnyFunSuite.scala:1564)
[info]   at org.scalatest.funsuite.AnyFunSuiteLike.$anonfun$run$1(AnyFunSuiteLike.scala:273)
[info]   at org.scalatest.SuperEngine.runImpl(Engine.scala:535)
[info]   at org.scalatest.funsuite.AnyFunSuiteLike.run(AnyFunSuiteLike.scala:273)
[info]   at org.scalatest.funsuite.AnyFunSuiteLike.run$(AnyFunSuiteLike.scala:272)
[info]   at frameless.TypedDatasetSuite.org$scalatest$BeforeAndAfterAll$$super$run(TypedDatasetSuite.scala:63)
[info]   at org.scalatest.BeforeAndAfterAll.liftedTree1$1(BeforeAndAfterAll.scala:213)
[info]   at org.scalatest.BeforeAndAfterAll.run(BeforeAndAfterAll.scala:210)
[info]   at org.scalatest.BeforeAndAfterAll.run$(BeforeAndAfterAll.scala:208)
[info]   at frameless.TypedDatasetSuite.run(TypedDatasetSuite.scala:63)
[info]   at org.scalatest.tools.Framework.org$scalatest$tools$Framework$$runSuite(Framework.scala:321)
[info]   at org.scalatest.tools.Framework$ScalaTestTask.execute(Framework.scala:517)
[info]   at sbt.ForkMain$Run.lambda$runTest$1(ForkMain.java:414)
[info]   at java.base/java.util.concurrent.FutureTask.run(FutureTask.java:317)
[info]   at java.base/java.util.concurrent.ThreadPoolExecutor.runWorker(ThreadPoolExecutor.java:1144)
[info]   at java.base/java.util.concurrent.ThreadPoolExecutor$Worker.run(ThreadPoolExecutor.java:642)
[info]   at java.base/java.lang.Thread.run(Thread.java:1583)
[info]   Cause: java.lang.ClassCastException: Cannot cast scala.reflect.ClassTag$GenericClassTag to org.apache.spark.sql.catalyst.expressions.Expression
[info]   at java.base/java.lang.Class.cast(Class.java:4067)
[info]   at java.base/jdk.internal.reflect.DirectConstructorHandleAccessor.newInstance(DirectConstructorHandleAccessor.java:62)
[info]   at java.base/java.lang.reflect.Constructor.newInstanceWithCaller(Constructor.java:502)
[info]   at java.base/java.lang.reflect.Constructor.newInstance(Constructor.java:486)
[info]   at frameless.TypedExpressionEncoder$.$anonfun$apply$3(TypedExpressionEncoder.scala:55)
[info]   at scala.Option.map(Option.scala:242)
[info]   at frameless.TypedExpressionEncoder$.apply(TypedExpressionEncoder.scala:54)
[info]   at frameless.TypedDataset$.create(TypedDataset.scala:1325)
[info]   at frameless.ops.PivotTest.$anonfun$new$86(PivotTest.scala:65)
[info]   at org.scalatest.OutcomeOf.outcomeOf(OutcomeOf.scala:85)
[info]   at org.scalatest.OutcomeOf.outcomeOf$(OutcomeOf.scala:83)
[info]   at org.scalatest.OutcomeOf$.outcomeOf(OutcomeOf.scala:104)
[info]   at org.scalatest.Transformer.apply(Transformer.scala:22)
[info]   at org.scalatest.Transformer.apply(Transformer.scala:20)
[info]   at org.scalatest.funsuite.AnyFunSuiteLike$$anon$1.apply(AnyFunSuiteLike.scala:226)
[info]   at org.scalatest.TestSuite.withFixture(TestSuite.scala:196)
[info]   at org.scalatest.TestSuite.withFixture$(TestSuite.scala:195)
[info]   at org.scalatest.funsuite.AnyFunSuite.withFixture(AnyFunSuite.scala:1564)
[info]   at org.scalatest.funsuite.AnyFunSuiteLike.invokeWithFixture$1(AnyFunSuiteLike.scala:224)
[info]   at org.scalatest.funsuite.AnyFunSuiteLike.$anonfun$runTest$1(AnyFunSuiteLike.scala:236)
[info]   at org.scalatest.SuperEngine.runTestImpl(Engine.scala:306)
[info]   at org.scalatest.funsuite.AnyFunSuiteLike.runTest(AnyFunSuiteLike.scala:236)
[info]   at org.scalatest.funsuite.AnyFunSuiteLike.runTest$(AnyFunSuiteLike.scala:218)
[info]   at org.scalatest.funsuite.AnyFunSuite.runTest(AnyFunSuite.scala:1564)
[info]   at org.scalatest.funsuite.AnyFunSuiteLike.$anonfun$runTests$1(AnyFunSuiteLike.scala:269)
[info]   at org.scalatest.SuperEngine.$anonfun$runTestsInBranch$1(Engine.scala:413)
[info]   at scala.collection.immutable.List.foreach(List.scala:334)
[info]   at org.scalatest.SuperEngine.traverseSubNodes$1(Engine.scala:401)
[info]   at org.scalatest.SuperEngine.runTestsInBranch(Engine.scala:396)
[info]   at org.scalatest.SuperEngine.runTestsImpl(Engine.scala:475)
[info]   at org.scalatest.funsuite.AnyFunSuiteLike.runTests(AnyFunSuiteLike.scala:269)
[info]   at org.scalatest.funsuite.AnyFunSuiteLike.runTests$(AnyFunSuiteLike.scala:268)
[info]   at org.scalatest.funsuite.AnyFunSuite.runTests(AnyFunSuite.scala:1564)
[info]   at org.scalatest.Suite.run(Suite.scala:1114)
[info]   at org.scalatest.Suite.run$(Suite.scala:1096)
[info]   at org.scalatest.funsuite.AnyFunSuite.org$scalatest$funsuite$AnyFunSuiteLike$$super$run(AnyFunSuite.scala:1564)
[info]   at org.scalatest.funsuite.AnyFunSuiteLike.$anonfun$run$1(AnyFunSuiteLike.scala:273)
[info]   at org.scalatest.SuperEngine.runImpl(Engine.scala:535)
[info]   at org.scalatest.funsuite.AnyFunSuiteLike.run(AnyFunSuiteLike.scala:273)
[info]   at org.scalatest.funsuite.AnyFunSuiteLike.run$(AnyFunSuiteLike.scala:272)
[info]   at frameless.TypedDatasetSuite.org$scalatest$BeforeAndAfterAll$$super$run(TypedDatasetSuite.scala:63)
[info]   at org.scalatest.BeforeAndAfterAll.liftedTree1$1(BeforeAndAfterAll.scala:213)
[info]   at org.scalatest.BeforeAndAfterAll.run(BeforeAndAfterAll.scala:210)
[info]   at org.scalatest.BeforeAndAfterAll.run$(BeforeAndAfterAll.scala:208)
[info]   at frameless.TypedDatasetSuite.run(TypedDatasetSuite.scala:63)
[info]   at org.scalatest.tools.Framework.org$scalatest$tools$Framework$$runSuite(Framework.scala:321)
[info]   at org.scalatest.tools.Framework$ScalaTestTask.execute(Framework.scala:517)
[info]   at sbt.ForkMain$Run.lambda$runTest$1(ForkMain.java:414)
[info]   at java.base/java.util.concurrent.FutureTask.run(FutureTask.java:317)
[info]   at java.base/java.util.concurrent.ThreadPoolExecutor.runWorker(ThreadPoolExecutor.java:1144)
[info]   at java.base/java.util.concurrent.ThreadPoolExecutor$Worker.run(ThreadPoolExecutor.java:642)
[info]   at java.base/java.lang.Thread.run(Thread.java:1583)
[info] - Pivot with cube on Boolean *** FAILED *** (1 millisecond)
[info]   java.lang.IllegalArgumentException: argument type mismatch
[info]   at java.base/jdk.internal.reflect.DirectConstructorHandleAccessor.newInstance(DirectConstructorHandleAccessor.java:65)
[info]   at java.base/java.lang.reflect.Constructor.newInstanceWithCaller(Constructor.java:502)
[info]   at java.base/java.lang.reflect.Constructor.newInstance(Constructor.java:486)
[info]   at frameless.TypedExpressionEncoder$.$anonfun$apply$3(TypedExpressionEncoder.scala:55)
[info]   at scala.Option.map(Option.scala:242)
[info]   at frameless.TypedExpressionEncoder$.apply(TypedExpressionEncoder.scala:54)
[info]   at frameless.TypedDataset$.create(TypedDataset.scala:1325)
[info]   at frameless.ops.PivotTest.$anonfun$new$103(PivotTest.scala:74)
[info]   at org.scalatest.OutcomeOf.outcomeOf(OutcomeOf.scala:85)
[info]   at org.scalatest.OutcomeOf.outcomeOf$(OutcomeOf.scala:83)
[info]   at org.scalatest.OutcomeOf$.outcomeOf(OutcomeOf.scala:104)
[info]   at org.scalatest.Transformer.apply(Transformer.scala:22)
[info]   at org.scalatest.Transformer.apply(Transformer.scala:20)
[info]   at org.scalatest.funsuite.AnyFunSuiteLike$$anon$1.apply(AnyFunSuiteLike.scala:226)
[info]   at org.scalatest.TestSuite.withFixture(TestSuite.scala:196)
[info]   at org.scalatest.TestSuite.withFixture$(TestSuite.scala:195)
[info]   at org.scalatest.funsuite.AnyFunSuite.withFixture(AnyFunSuite.scala:1564)
[info]   at org.scalatest.funsuite.AnyFunSuiteLike.invokeWithFixture$1(AnyFunSuiteLike.scala:224)
[info]   at org.scalatest.funsuite.AnyFunSuiteLike.$anonfun$runTest$1(AnyFunSuiteLike.scala:236)
[info]   at org.scalatest.SuperEngine.runTestImpl(Engine.scala:306)
[info]   at org.scalatest.funsuite.AnyFunSuiteLike.runTest(AnyFunSuiteLike.scala:236)
[info]   at org.scalatest.funsuite.AnyFunSuiteLike.runTest$(AnyFunSuiteLike.scala:218)
[info]   at org.scalatest.funsuite.AnyFunSuite.runTest(AnyFunSuite.scala:1564)
[info]   at org.scalatest.funsuite.AnyFunSuiteLike.$anonfun$runTests$1(AnyFunSuiteLike.scala:269)
[info]   at org.scalatest.SuperEngine.$anonfun$runTestsInBranch$1(Engine.scala:413)
[info]   at scala.collection.immutable.List.foreach(List.scala:334)
[info]   at org.scalatest.SuperEngine.traverseSubNodes$1(Engine.scala:401)
[info]   at org.scalatest.SuperEngine.runTestsInBranch(Engine.scala:396)
[info]   at org.scalatest.SuperEngine.runTestsImpl(Engine.scala:475)
[info]   at org.scalatest.funsuite.AnyFunSuiteLike.runTests(AnyFunSuiteLike.scala:269)
[info]   at org.scalatest.funsuite.AnyFunSuiteLike.runTests$(AnyFunSuiteLike.scala:268)
[info]   at org.scalatest.funsuite.AnyFunSuite.runTests(AnyFunSuite.scala:1564)
[info]   at org.scalatest.Suite.run(Suite.scala:1114)
[info]   at org.scalatest.Suite.run$(Suite.scala:1096)
[info]   at org.scalatest.funsuite.AnyFunSuite.org$scalatest$funsuite$AnyFunSuiteLike$$super$run(AnyFunSuite.scala:1564)
[info]   at org.scalatest.funsuite.AnyFunSuiteLike.$anonfun$run$1(AnyFunSuiteLike.scala:273)
[info]   at org.scalatest.SuperEngine.runImpl(Engine.scala:535)
[info]   at org.scalatest.funsuite.AnyFunSuiteLike.run(AnyFunSuiteLike.scala:273)
[info]   at org.scalatest.funsuite.AnyFunSuiteLike.run$(AnyFunSuiteLike.scala:272)
[info]   at frameless.TypedDatasetSuite.org$scalatest$BeforeAndAfterAll$$super$run(TypedDatasetSuite.scala:63)
[info]   at org.scalatest.BeforeAndAfterAll.liftedTree1$1(BeforeAndAfterAll.scala:213)
[info]   at org.scalatest.BeforeAndAfterAll.run(BeforeAndAfterAll.scala:210)
[info]   at org.scalatest.BeforeAndAfterAll.run$(BeforeAndAfterAll.scala:208)
[info]   at frameless.TypedDatasetSuite.run(TypedDatasetSuite.scala:63)
[info]   at org.scalatest.tools.Framework.org$scalatest$tools$Framework$$runSuite(Framework.scala:321)
[info]   at org.scalatest.tools.Framework$ScalaTestTask.execute(Framework.scala:517)
[info]   at sbt.ForkMain$Run.lambda$runTest$1(ForkMain.java:414)
[info]   at java.base/java.util.concurrent.FutureTask.run(FutureTask.java:317)
[info]   at java.base/java.util.concurrent.ThreadPoolExecutor.runWorker(ThreadPoolExecutor.java:1144)
[info]   at java.base/java.util.concurrent.ThreadPoolExecutor$Worker.run(ThreadPoolExecutor.java:642)
[info]   at java.base/java.lang.Thread.run(Thread.java:1583)
[info]   Cause: java.lang.ClassCastException: Cannot cast scala.reflect.ClassTag$GenericClassTag to org.apache.spark.sql.catalyst.expressions.Expression
[info]   at java.base/java.lang.Class.cast(Class.java:4067)
[info]   at java.base/jdk.internal.reflect.DirectConstructorHandleAccessor.newInstance(DirectConstructorHandleAccessor.java:62)
[info]   at java.base/java.lang.reflect.Constructor.newInstanceWithCaller(Constructor.java:502)
[info]   at java.base/java.lang.reflect.Constructor.newInstance(Constructor.java:486)
[info]   at frameless.TypedExpressionEncoder$.$anonfun$apply$3(TypedExpressionEncoder.scala:55)
[info]   at scala.Option.map(Option.scala:242)
[info]   at frameless.TypedExpressionEncoder$.apply(TypedExpressionEncoder.scala:54)
[info]   at frameless.TypedDataset$.create(TypedDataset.scala:1325)
[info]   at frameless.ops.PivotTest.$anonfun$new$103(PivotTest.scala:74)
[info]   at org.scalatest.OutcomeOf.outcomeOf(OutcomeOf.scala:85)
[info]   at org.scalatest.OutcomeOf.outcomeOf$(OutcomeOf.scala:83)
[info]   at org.scalatest.OutcomeOf$.outcomeOf(OutcomeOf.scala:104)
[info]   at org.scalatest.Transformer.apply(Transformer.scala:22)
[info]   at org.scalatest.Transformer.apply(Transformer.scala:20)
[info]   at org.scalatest.funsuite.AnyFunSuiteLike$$anon$1.apply(AnyFunSuiteLike.scala:226)
[info]   at org.scalatest.TestSuite.withFixture(TestSuite.scala:196)
[info]   at org.scalatest.TestSuite.withFixture$(TestSuite.scala:195)
[info]   at org.scalatest.funsuite.AnyFunSuite.withFixture(AnyFunSuite.scala:1564)
[info]   at org.scalatest.funsuite.AnyFunSuiteLike.invokeWithFixture$1(AnyFunSuiteLike.scala:224)
[info]   at org.scalatest.funsuite.AnyFunSuiteLike.$anonfun$runTest$1(AnyFunSuiteLike.scala:236)
[info]   at org.scalatest.SuperEngine.runTestImpl(Engine.scala:306)
[info]   at org.scalatest.funsuite.AnyFunSuiteLike.runTest(AnyFunSuiteLike.scala:236)
[info]   at org.scalatest.funsuite.AnyFunSuiteLike.runTest$(AnyFunSuiteLike.scala:218)
[info]   at org.scalatest.funsuite.AnyFunSuite.runTest(AnyFunSuite.scala:1564)
[info]   at org.scalatest.funsuite.AnyFunSuiteLike.$anonfun$runTests$1(AnyFunSuiteLike.scala:269)
[info]   at org.scalatest.SuperEngine.$anonfun$runTestsInBranch$1(Engine.scala:413)
[info]   at scala.collection.immutable.List.foreach(List.scala:334)
[info]   at org.scalatest.SuperEngine.traverseSubNodes$1(Engine.scala:401)
[info]   at org.scalatest.SuperEngine.runTestsInBranch(Engine.scala:396)
[info]   at org.scalatest.SuperEngine.runTestsImpl(Engine.scala:475)
[info]   at org.scalatest.funsuite.AnyFunSuiteLike.runTests(AnyFunSuiteLike.scala:269)
[info]   at org.scalatest.funsuite.AnyFunSuiteLike.runTests$(AnyFunSuiteLike.scala:268)
[info]   at org.scalatest.funsuite.AnyFunSuite.runTests(AnyFunSuite.scala:1564)
[info]   at org.scalatest.Suite.run(Suite.scala:1114)
[info]   at org.scalatest.Suite.run$(Suite.scala:1096)
[info]   at org.scalatest.funsuite.AnyFunSuite.org$scalatest$funsuite$AnyFunSuiteLike$$super$run(AnyFunSuite.scala:1564)
[info]   at org.scalatest.funsuite.AnyFunSuiteLike.$anonfun$run$1(AnyFunSuiteLike.scala:273)
[info]   at org.scalatest.SuperEngine.runImpl(Engine.scala:535)
[info]   at org.scalatest.funsuite.AnyFunSuiteLike.run(AnyFunSuiteLike.scala:273)
[info]   at org.scalatest.funsuite.AnyFunSuiteLike.run$(AnyFunSuiteLike.scala:272)
[info]   at frameless.TypedDatasetSuite.org$scalatest$BeforeAndAfterAll$$super$run(TypedDatasetSuite.scala:63)
[info]   at org.scalatest.BeforeAndAfterAll.liftedTree1$1(BeforeAndAfterAll.scala:213)
[info]   at org.scalatest.BeforeAndAfterAll.run(BeforeAndAfterAll.scala:210)
[info]   at org.scalatest.BeforeAndAfterAll.run$(BeforeAndAfterAll.scala:208)
[info]   at frameless.TypedDatasetSuite.run(TypedDatasetSuite.scala:63)
[info]   at org.scalatest.tools.Framework.org$scalatest$tools$Framework$$runSuite(Framework.scala:321)
[info]   at org.scalatest.tools.Framework$ScalaTestTask.execute(Framework.scala:517)
[info]   at sbt.ForkMain$Run.lambda$runTest$1(ForkMain.java:414)
[info]   at java.base/java.util.concurrent.FutureTask.run(FutureTask.java:317)
[info]   at java.base/java.util.concurrent.ThreadPoolExecutor.runWorker(ThreadPoolExecutor.java:1144)
[info]   at java.base/java.util.concurrent.ThreadPoolExecutor$Worker.run(ThreadPoolExecutor.java:642)
[info]   at java.base/java.lang.Thread.run(Thread.java:1583)
[info] - Pivot with rollup on two columns, pivot on Long *** FAILED *** (1 millisecond)
[info]   java.lang.IllegalArgumentException: argument type mismatch
[info]   at java.base/jdk.internal.reflect.DirectConstructorHandleAccessor.newInstance(DirectConstructorHandleAccessor.java:65)
[info]   at java.base/java.lang.reflect.Constructor.newInstanceWithCaller(Constructor.java:502)
[info]   at java.base/java.lang.reflect.Constructor.newInstance(Constructor.java:486)
[info]   at frameless.TypedExpressionEncoder$.$anonfun$apply$3(TypedExpressionEncoder.scala:55)
[info]   at scala.Option.map(Option.scala:242)
[info]   at frameless.TypedExpressionEncoder$.apply(TypedExpressionEncoder.scala:54)
[info]   at frameless.TypedDataset$.create(TypedDataset.scala:1325)
[info]   at frameless.ops.PivotTest.$anonfun$new$118(PivotTest.scala:83)
[info]   at org.scalatest.OutcomeOf.outcomeOf(OutcomeOf.scala:85)
[info]   at org.scalatest.OutcomeOf.outcomeOf$(OutcomeOf.scala:83)
[info]   at org.scalatest.OutcomeOf$.outcomeOf(OutcomeOf.scala:104)
[info]   at org.scalatest.Transformer.apply(Transformer.scala:22)
[info]   at org.scalatest.Transformer.apply(Transformer.scala:20)
[info]   at org.scalatest.funsuite.AnyFunSuiteLike$$anon$1.apply(AnyFunSuiteLike.scala:226)
[info]   at org.scalatest.TestSuite.withFixture(TestSuite.scala:196)
[info]   at org.scalatest.TestSuite.withFixture$(TestSuite.scala:195)
[info]   at org.scalatest.funsuite.AnyFunSuite.withFixture(AnyFunSuite.scala:1564)
[info]   at org.scalatest.funsuite.AnyFunSuiteLike.invokeWithFixture$1(AnyFunSuiteLike.scala:224)
[info]   at org.scalatest.funsuite.AnyFunSuiteLike.$anonfun$runTest$1(AnyFunSuiteLike.scala:236)
[info]   at org.scalatest.SuperEngine.runTestImpl(Engine.scala:306)
[info]   at org.scalatest.funsuite.AnyFunSuiteLike.runTest(AnyFunSuiteLike.scala:236)
[info]   at org.scalatest.funsuite.AnyFunSuiteLike.runTest$(AnyFunSuiteLike.scala:218)
[info]   at org.scalatest.funsuite.AnyFunSuite.runTest(AnyFunSuite.scala:1564)
[info]   at org.scalatest.funsuite.AnyFunSuiteLike.$anonfun$runTests$1(AnyFunSuiteLike.scala:269)
[info]   at org.scalatest.SuperEngine.$anonfun$runTestsInBranch$1(Engine.scala:413)
[info]   at scala.collection.immutable.List.foreach(List.scala:334)
[info]   at org.scalatest.SuperEngine.traverseSubNodes$1(Engine.scala:401)
[info]   at org.scalatest.SuperEngine.runTestsInBranch(Engine.scala:396)
[info]   at org.scalatest.SuperEngine.runTestsImpl(Engine.scala:475)
[info]   at org.scalatest.funsuite.AnyFunSuiteLike.runTests(AnyFunSuiteLike.scala:269)
[info]   at org.scalatest.funsuite.AnyFunSuiteLike.runTests$(AnyFunSuiteLike.scala:268)
[info]   at org.scalatest.funsuite.AnyFunSuite.runTests(AnyFunSuite.scala:1564)
[info]   at org.scalatest.Suite.run(Suite.scala:1114)
[info]   at org.scalatest.Suite.run$(Suite.scala:1096)
[info]   at org.scalatest.funsuite.AnyFunSuite.org$scalatest$funsuite$AnyFunSuiteLike$$super$run(AnyFunSuite.scala:1564)
[info]   at org.scalatest.funsuite.AnyFunSuiteLike.$anonfun$run$1(AnyFunSuiteLike.scala:273)
[info]   at org.scalatest.SuperEngine.runImpl(Engine.scala:535)
[info]   at org.scalatest.funsuite.AnyFunSuiteLike.run(AnyFunSuiteLike.scala:273)
[info]   at org.scalatest.funsuite.AnyFunSuiteLike.run$(AnyFunSuiteLike.scala:272)
[info]   at frameless.TypedDatasetSuite.org$scalatest$BeforeAndAfterAll$$super$run(TypedDatasetSuite.scala:63)
[info]   at org.scalatest.BeforeAndAfterAll.liftedTree1$1(BeforeAndAfterAll.scala:213)
[info]   at org.scalatest.BeforeAndAfterAll.run(BeforeAndAfterAll.scala:210)
[info]   at org.scalatest.BeforeAndAfterAll.run$(BeforeAndAfterAll.scala:208)
[info]   at frameless.TypedDatasetSuite.run(TypedDatasetSuite.scala:63)
[info]   at org.scalatest.tools.Framework.org$scalatest$tools$Framework$$runSuite(Framework.scala:321)
[info]   at org.scalatest.tools.Framework$ScalaTestTask.execute(Framework.scala:517)
[info]   at sbt.ForkMain$Run.lambda$runTest$1(ForkMain.java:414)
[info]   at java.base/java.util.concurrent.FutureTask.run(FutureTask.java:317)
[info]   at java.base/java.util.concurrent.ThreadPoolExecutor.runWorker(ThreadPoolExecutor.java:1144)
[info]   at java.base/java.util.concurrent.ThreadPoolExecutor$Worker.run(ThreadPoolExecutor.java:642)
[info]   at java.base/java.lang.Thread.run(Thread.java:1583)
[info]   Cause: java.lang.ClassCastException: Cannot cast scala.reflect.ClassTag$GenericClassTag to org.apache.spark.sql.catalyst.expressions.Expression
[info]   at java.base/java.lang.Class.cast(Class.java:4067)
[info]   at java.base/jdk.internal.reflect.DirectConstructorHandleAccessor.newInstance(DirectConstructorHandleAccessor.java:62)
[info]   at java.base/java.lang.reflect.Constructor.newInstanceWithCaller(Constructor.java:502)
[info]   at java.base/java.lang.reflect.Constructor.newInstance(Constructor.java:486)
[info]   at frameless.TypedExpressionEncoder$.$anonfun$apply$3(TypedExpressionEncoder.scala:55)
[info]   at scala.Option.map(Option.scala:242)
[info]   at frameless.TypedExpressionEncoder$.apply(TypedExpressionEncoder.scala:54)
[info]   at frameless.TypedDataset$.create(TypedDataset.scala:1325)
[info]   at frameless.ops.PivotTest.$anonfun$new$118(PivotTest.scala:83)
[info]   at org.scalatest.OutcomeOf.outcomeOf(OutcomeOf.scala:85)
[info]   at org.scalatest.OutcomeOf.outcomeOf$(OutcomeOf.scala:83)
[info]   at org.scalatest.OutcomeOf$.outcomeOf(OutcomeOf.scala:104)
[info]   at org.scalatest.Transformer.apply(Transformer.scala:22)
[info]   at org.scalatest.Transformer.apply(Transformer.scala:20)
[info]   at org.scalatest.funsuite.AnyFunSuiteLike$$anon$1.apply(AnyFunSuiteLike.scala:226)
[info]   at org.scalatest.TestSuite.withFixture(TestSuite.scala:196)
[info]   at org.scalatest.TestSuite.withFixture$(TestSuite.scala:195)
[info]   at org.scalatest.funsuite.AnyFunSuite.withFixture(AnyFunSuite.scala:1564)
[info]   at org.scalatest.funsuite.AnyFunSuiteLike.invokeWithFixture$1(AnyFunSuiteLike.scala:224)
[info]   at org.scalatest.funsuite.AnyFunSuiteLike.$anonfun$runTest$1(AnyFunSuiteLike.scala:236)
[info]   at org.scalatest.SuperEngine.runTestImpl(Engine.scala:306)
[info]   at org.scalatest.funsuite.AnyFunSuiteLike.runTest(AnyFunSuiteLike.scala:236)
[info]   at org.scalatest.funsuite.AnyFunSuiteLike.runTest$(AnyFunSuiteLike.scala:218)
[info]   at org.scalatest.funsuite.AnyFunSuite.runTest(AnyFunSuite.scala:1564)
[info]   at org.scalatest.funsuite.AnyFunSuiteLike.$anonfun$runTests$1(AnyFunSuiteLike.scala:269)
[info]   at org.scalatest.SuperEngine.$anonfun$runTestsInBranch$1(Engine.scala:413)
[info]   at scala.collection.immutable.List.foreach(List.scala:334)
[info]   at org.scalatest.SuperEngine.traverseSubNodes$1(Engine.scala:401)
[info]   at org.scalatest.SuperEngine.runTestsInBranch(Engine.scala:396)
[info]   at org.scalatest.SuperEngine.runTestsImpl(Engine.scala:475)
[info]   at org.scalatest.funsuite.AnyFunSuiteLike.runTests(AnyFunSuiteLike.scala:269)
[info]   at org.scalatest.funsuite.AnyFunSuiteLike.runTests$(AnyFunSuiteLike.scala:268)
[info]   at org.scalatest.funsuite.AnyFunSuite.runTests(AnyFunSuite.scala:1564)
[info]   at org.scalatest.Suite.run(Suite.scala:1114)
[info]   at org.scalatest.Suite.run$(Suite.scala:1096)
[info]   at org.scalatest.funsuite.AnyFunSuite.org$scalatest$funsuite$AnyFunSuiteLike$$super$run(AnyFunSuite.scala:1564)
[info]   at org.scalatest.funsuite.AnyFunSuiteLike.$anonfun$run$1(AnyFunSuiteLike.scala:273)
[info]   at org.scalatest.SuperEngine.runImpl(Engine.scala:535)
[info]   at org.scalatest.funsuite.AnyFunSuiteLike.run(AnyFunSuiteLike.scala:273)
[info]   at org.scalatest.funsuite.AnyFunSuiteLike.run$(AnyFunSuiteLike.scala:272)
[info]   at frameless.TypedDatasetSuite.org$scalatest$BeforeAndAfterAll$$super$run(TypedDatasetSuite.scala:63)
[info]   at org.scalatest.BeforeAndAfterAll.liftedTree1$1(BeforeAndAfterAll.scala:213)
[info]   at org.scalatest.BeforeAndAfterAll.run(BeforeAndAfterAll.scala:210)
[info]   at org.scalatest.BeforeAndAfterAll.run$(BeforeAndAfterAll.scala:208)
[info]   at frameless.TypedDatasetSuite.run(TypedDatasetSuite.scala:63)
[info]   at org.scalatest.tools.Framework.org$scalatest$tools$Framework$$runSuite(Framework.scala:321)
[info]   at org.scalatest.tools.Framework$ScalaTestTask.execute(Framework.scala:517)
[info]   at sbt.ForkMain$Run.lambda$runTest$1(ForkMain.java:414)
[info]   at java.base/java.util.concurrent.FutureTask.run(FutureTask.java:317)
[info]   at java.base/java.util.concurrent.ThreadPoolExecutor.runWorker(ThreadPoolExecutor.java:1144)
[info]   at java.base/java.util.concurrent.ThreadPoolExecutor$Worker.run(ThreadPoolExecutor.java:642)
[info]   at java.base/java.lang.Thread.run(Thread.java:1583)
[info] - Pivot with rollup on Boolean *** FAILED *** (2 milliseconds)
[info]   java.lang.IllegalArgumentException: argument type mismatch
[info]   at java.base/jdk.internal.reflect.DirectConstructorHandleAccessor.newInstance(DirectConstructorHandleAccessor.java:65)
[info]   at java.base/java.lang.reflect.Constructor.newInstanceWithCaller(Constructor.java:502)
[info]   at java.base/java.lang.reflect.Constructor.newInstance(Constructor.java:486)
[info]   at frameless.TypedExpressionEncoder$.$anonfun$apply$3(TypedExpressionEncoder.scala:55)
[info]   at scala.Option.map(Option.scala:242)
[info]   at frameless.TypedExpressionEncoder$.apply(TypedExpressionEncoder.scala:54)
[info]   at frameless.TypedDataset$.create(TypedDataset.scala:1325)
[info]   at frameless.ops.PivotTest.$anonfun$new$135(PivotTest.scala:92)
[info]   at org.scalatest.OutcomeOf.outcomeOf(OutcomeOf.scala:85)
[info]   at org.scalatest.OutcomeOf.outcomeOf$(OutcomeOf.scala:83)
[info]   at org.scalatest.OutcomeOf$.outcomeOf(OutcomeOf.scala:104)
[info]   at org.scalatest.Transformer.apply(Transformer.scala:22)
[info]   at org.scalatest.Transformer.apply(Transformer.scala:20)
[info]   at org.scalatest.funsuite.AnyFunSuiteLike$$anon$1.apply(AnyFunSuiteLike.scala:226)
[info]   at org.scalatest.TestSuite.withFixture(TestSuite.scala:196)
[info]   at org.scalatest.TestSuite.withFixture$(TestSuite.scala:195)
[info]   at org.scalatest.funsuite.AnyFunSuite.withFixture(AnyFunSuite.scala:1564)
[info]   at org.scalatest.funsuite.AnyFunSuiteLike.invokeWithFixture$1(AnyFunSuiteLike.scala:224)
[info]   at org.scalatest.funsuite.AnyFunSuiteLike.$anonfun$runTest$1(AnyFunSuiteLike.scala:236)
[info]   at org.scalatest.SuperEngine.runTestImpl(Engine.scala:306)
[info]   at org.scalatest.funsuite.AnyFunSuiteLike.runTest(AnyFunSuiteLike.scala:236)
[info]   at org.scalatest.funsuite.AnyFunSuiteLike.runTest$(AnyFunSuiteLike.scala:218)
[info]   at org.scalatest.funsuite.AnyFunSuite.runTest(AnyFunSuite.scala:1564)
[info]   at org.scalatest.funsuite.AnyFunSuiteLike.$anonfun$runTests$1(AnyFunSuiteLike.scala:269)
[info]   at org.scalatest.SuperEngine.$anonfun$runTestsInBranch$1(Engine.scala:413)
[info]   at scala.collection.immutable.List.foreach(List.scala:334)
[info]   at org.scalatest.SuperEngine.traverseSubNodes$1(Engine.scala:401)
[info]   at org.scalatest.SuperEngine.runTestsInBranch(Engine.scala:396)
[info]   at org.scalatest.SuperEngine.runTestsImpl(Engine.scala:475)
[info]   at org.scalatest.funsuite.AnyFunSuiteLike.runTests(AnyFunSuiteLike.scala:269)
[info]   at org.scalatest.funsuite.AnyFunSuiteLike.runTests$(AnyFunSuiteLike.scala:268)
[info]   at org.scalatest.funsuite.AnyFunSuite.runTests(AnyFunSuite.scala:1564)
[info]   at org.scalatest.Suite.run(Suite.scala:1114)
[info]   at org.scalatest.Suite.run$(Suite.scala:1096)
[info]   at org.scalatest.funsuite.AnyFunSuite.org$scalatest$funsuite$AnyFunSuiteLike$$super$run(AnyFunSuite.scala:1564)
[info]   at org.scalatest.funsuite.AnyFunSuiteLike.$anonfun$run$1(AnyFunSuiteLike.scala:273)
[info]   at org.scalatest.SuperEngine.runImpl(Engine.scala:535)
[info]   at org.scalatest.funsuite.AnyFunSuiteLike.run(AnyFunSuiteLike.scala:273)
[info]   at org.scalatest.funsuite.AnyFunSuiteLike.run$(AnyFunSuiteLike.scala:272)
[info]   at frameless.TypedDatasetSuite.org$scalatest$BeforeAndAfterAll$$super$run(TypedDatasetSuite.scala:63)
[info]   at org.scalatest.BeforeAndAfterAll.liftedTree1$1(BeforeAndAfterAll.scala:213)
[info]   at org.scalatest.BeforeAndAfterAll.run(BeforeAndAfterAll.scala:210)
[info]   at org.scalatest.BeforeAndAfterAll.run$(BeforeAndAfterAll.scala:208)
[info]   at frameless.TypedDatasetSuite.run(TypedDatasetSuite.scala:63)
[info]   at org.scalatest.tools.Framework.org$scalatest$tools$Framework$$runSuite(Framework.scala:321)
[info]   at org.scalatest.tools.Framework$ScalaTestTask.execute(Framework.scala:517)
[info]   at sbt.ForkMain$Run.lambda$runTest$1(ForkMain.java:414)
[info]   at java.base/java.util.concurrent.FutureTask.run(FutureTask.java:317)
[info]   at java.base/java.util.concurrent.ThreadPoolExecutor.runWorker(ThreadPoolExecutor.java:1144)
[info]   at java.base/java.util.concurrent.ThreadPoolExecutor$Worker.run(ThreadPoolExecutor.java:642)
[info]   at java.base/java.lang.Thread.run(Thread.java:1583)
[info]   Cause: java.lang.ClassCastException: Cannot cast scala.reflect.ClassTag$GenericClassTag to org.apache.spark.sql.catalyst.expressions.Expression
[info]   at java.base/java.lang.Class.cast(Class.java:4067)
[info]   at java.base/jdk.internal.reflect.DirectConstructorHandleAccessor.newInstance(DirectConstructorHandleAccessor.java:62)
[info]   at java.base/java.lang.reflect.Constructor.newInstanceWithCaller(Constructor.java:502)
[info]   at java.base/java.lang.reflect.Constructor.newInstance(Constructor.java:486)
[info]   at frameless.TypedExpressionEncoder$.$anonfun$apply$3(TypedExpressionEncoder.scala:55)
[info]   at scala.Option.map(Option.scala:242)
[info]   at frameless.TypedExpressionEncoder$.apply(TypedExpressionEncoder.scala:54)
[info]   at frameless.TypedDataset$.create(TypedDataset.scala:1325)
[info]   at frameless.ops.PivotTest.$anonfun$new$135(PivotTest.scala:92)
[info]   at org.scalatest.OutcomeOf.outcomeOf(OutcomeOf.scala:85)
[info]   at org.scalatest.OutcomeOf.outcomeOf$(OutcomeOf.scala:83)
[info]   at org.scalatest.OutcomeOf$.outcomeOf(OutcomeOf.scala:104)
[info]   at org.scalatest.Transformer.apply(Transformer.scala:22)
[info]   at org.scalatest.Transformer.apply(Transformer.scala:20)
[info]   at org.scalatest.funsuite.AnyFunSuiteLike$$anon$1.apply(AnyFunSuiteLike.scala:226)
[info]   at org.scalatest.TestSuite.withFixture(TestSuite.scala:196)
[info]   at org.scalatest.TestSuite.withFixture$(TestSuite.scala:195)
[info]   at org.scalatest.funsuite.AnyFunSuite.withFixture(AnyFunSuite.scala:1564)
[info]   at org.scalatest.funsuite.AnyFunSuiteLike.invokeWithFixture$1(AnyFunSuiteLike.scala:224)
[info]   at org.scalatest.funsuite.AnyFunSuiteLike.$anonfun$runTest$1(AnyFunSuiteLike.scala:236)
[info]   at org.scalatest.SuperEngine.runTestImpl(Engine.scala:306)
[info]   at org.scalatest.funsuite.AnyFunSuiteLike.runTest(AnyFunSuiteLike.scala:236)
[info]   at org.scalatest.funsuite.AnyFunSuiteLike.runTest$(AnyFunSuiteLike.scala:218)
[info]   at org.scalatest.funsuite.AnyFunSuite.runTest(AnyFunSuite.scala:1564)
[info]   at org.scalatest.funsuite.AnyFunSuiteLike.$anonfun$runTests$1(AnyFunSuiteLike.scala:269)
[info]   at org.scalatest.SuperEngine.$anonfun$runTestsInBranch$1(Engine.scala:413)
[info]   at scala.collection.immutable.List.foreach(List.scala:334)
[info]   at org.scalatest.SuperEngine.traverseSubNodes$1(Engine.scala:401)
[info]   at org.scalatest.SuperEngine.runTestsInBranch(Engine.scala:396)
[info]   at org.scalatest.SuperEngine.runTestsImpl(Engine.scala:475)
[info]   at org.scalatest.funsuite.AnyFunSuiteLike.runTests(AnyFunSuiteLike.scala:269)
[info]   at org.scalatest.funsuite.AnyFunSuiteLike.runTests$(AnyFunSuiteLike.scala:268)
[info]   at org.scalatest.funsuite.AnyFunSuite.runTests(AnyFunSuite.scala:1564)
[info]   at org.scalatest.Suite.run(Suite.scala:1114)
[info]   at org.scalatest.Suite.run$(Suite.scala:1096)
[info]   at org.scalatest.funsuite.AnyFunSuite.org$scalatest$funsuite$AnyFunSuiteLike$$super$run(AnyFunSuite.scala:1564)
[info]   at org.scalatest.funsuite.AnyFunSuiteLike.$anonfun$run$1(AnyFunSuiteLike.scala:273)
[info]   at org.scalatest.SuperEngine.runImpl(Engine.scala:535)
[info]   at org.scalatest.funsuite.AnyFunSuiteLike.run(AnyFunSuiteLike.scala:273)
[info]   at org.scalatest.funsuite.AnyFunSuiteLike.run$(AnyFunSuiteLike.scala:272)
[info]   at frameless.TypedDatasetSuite.org$scalatest$BeforeAndAfterAll$$super$run(TypedDatasetSuite.scala:63)
[info]   at org.scalatest.BeforeAndAfterAll.liftedTree1$1(BeforeAndAfterAll.scala:213)
[info]   at org.scalatest.BeforeAndAfterAll.run(BeforeAndAfterAll.scala:210)
[info]   at org.scalatest.BeforeAndAfterAll.run$(BeforeAndAfterAll.scala:208)
[info]   at frameless.TypedDatasetSuite.run(TypedDatasetSuite.scala:63)
[info]   at org.scalatest.tools.Framework.org$scalatest$tools$Framework$$runSuite(Framework.scala:321)
[info]   at org.scalatest.tools.Framework$ScalaTestTask.execute(Framework.scala:517)
[info]   at sbt.ForkMain$Run.lambda$runTest$1(ForkMain.java:414)
[info]   at java.base/java.util.concurrent.FutureTask.run(FutureTask.java:317)
[info]   at java.base/java.util.concurrent.ThreadPoolExecutor.runWorker(ThreadPoolExecutor.java:1144)
[info]   at java.base/java.util.concurrent.ThreadPoolExecutor$Worker.run(ThreadPoolExecutor.java:642)
[info]   at java.base/java.lang.Thread.run(Thread.java:1583)
[info] TypedDatasetSuite:
[info] HeadTests:
[info] - headOption(), head(1), and head(4) *** FAILED *** (3 milliseconds)
[info]   IllegalArgumentException was thrown during property evaluation.
[info]     Message: argument type mismatch
[info]     Occurred when passed generated values (
[info]       arg0 = Vector(X1(485512704))
[info]     )
[info]   org.scalatest.exceptions.GeneratorDrivenPropertyCheckFailedException:
[info]   at org.scalatestplus.scalacheck.CheckerAsserting$$anon$2.indicateFailure(CheckerAsserting.scala:251)
[info]   at org.scalatestplus.scalacheck.CheckerAsserting$$anon$2.indicateFailure(CheckerAsserting.scala:238)
[info]   at org.scalatestplus.scalacheck.UnitCheckerAsserting$CheckerAssertingImpl.check(CheckerAsserting.scala:160)
[info]   at org.scalatestplus.scalacheck.Checkers.check(Checkers.scala:244)
[info]   at org.scalatestplus.scalacheck.Checkers.check$(Checkers.scala:235)
[info]   at frameless.TypedDatasetSuite.check(TypedDatasetSuite.scala:63)
[info]   at frameless.forward.HeadTests.$anonfun$new$1(HeadTests.scala:27)
[info]   at org.scalatest.OutcomeOf.outcomeOf(OutcomeOf.scala:85)
[info]   at org.scalatest.OutcomeOf.outcomeOf$(OutcomeOf.scala:83)
[info]   at org.scalatest.OutcomeOf$.outcomeOf(OutcomeOf.scala:104)
[info]   at org.scalatest.Transformer.apply(Transformer.scala:22)
[info]   at org.scalatest.Transformer.apply(Transformer.scala:20)
[info]   at org.scalatest.funsuite.AnyFunSuiteLike$$anon$1.apply(AnyFunSuiteLike.scala:226)
[info]   at org.scalatest.TestSuite.withFixture(TestSuite.scala:196)
[info]   at org.scalatest.TestSuite.withFixture$(TestSuite.scala:195)
[info]   at org.scalatest.funsuite.AnyFunSuite.withFixture(AnyFunSuite.scala:1564)
[info]   at org.scalatest.funsuite.AnyFunSuiteLike.invokeWithFixture$1(AnyFunSuiteLike.scala:224)
[info]   at org.scalatest.funsuite.AnyFunSuiteLike.$anonfun$runTest$1(AnyFunSuiteLike.scala:236)
[info]   at org.scalatest.SuperEngine.runTestImpl(Engine.scala:306)
[info]   at org.scalatest.funsuite.AnyFunSuiteLike.runTest(AnyFunSuiteLike.scala:236)
[info]   at org.scalatest.funsuite.AnyFunSuiteLike.runTest$(AnyFunSuiteLike.scala:218)
[info]   at org.scalatest.funsuite.AnyFunSuite.runTest(AnyFunSuite.scala:1564)
[info]   at org.scalatest.funsuite.AnyFunSuiteLike.$anonfun$runTests$1(AnyFunSuiteLike.scala:269)
[info]   at org.scalatest.SuperEngine.$anonfun$runTestsInBranch$1(Engine.scala:413)
[info]   at scala.collection.immutable.List.foreach(List.scala:334)
[info]   at org.scalatest.SuperEngine.traverseSubNodes$1(Engine.scala:401)
[info]   at org.scalatest.SuperEngine.runTestsInBranch(Engine.scala:396)
[info]   at org.scalatest.SuperEngine.runTestsImpl(Engine.scala:475)
[info]   at org.scalatest.funsuite.AnyFunSuiteLike.runTests(AnyFunSuiteLike.scala:269)
[info]   at org.scalatest.funsuite.AnyFunSuiteLike.runTests$(AnyFunSuiteLike.scala:268)
[info]   at org.scalatest.funsuite.AnyFunSuite.runTests(AnyFunSuite.scala:1564)
[info]   at org.scalatest.Suite.run(Suite.scala:1114)
[info]   at org.scalatest.Suite.run$(Suite.scala:1096)
[info]   at org.scalatest.funsuite.AnyFunSuite.org$scalatest$funsuite$AnyFunSuiteLike$$super$run(AnyFunSuite.scala:1564)
[info]   at org.scalatest.funsuite.AnyFunSuiteLike.$anonfun$run$1(AnyFunSuiteLike.scala:273)
[info]   at org.scalatest.SuperEngine.runImpl(Engine.scala:535)
[info]   at org.scalatest.funsuite.AnyFunSuiteLike.run(AnyFunSuiteLike.scala:273)
[info]   at org.scalatest.funsuite.AnyFunSuiteLike.run$(AnyFunSuiteLike.scala:272)
[info]   at frameless.TypedDatasetSuite.org$scalatest$BeforeAndAfterAll$$super$run(TypedDatasetSuite.scala:63)
[info]   at org.scalatest.BeforeAndAfterAll.liftedTree1$1(BeforeAndAfterAll.scala:213)
[info]   at org.scalatest.BeforeAndAfterAll.run(BeforeAndAfterAll.scala:210)
[info]   at org.scalatest.BeforeAndAfterAll.run$(BeforeAndAfterAll.scala:208)
[info]   at frameless.TypedDatasetSuite.run(TypedDatasetSuite.scala:63)
[info]   at org.scalatest.tools.Framework.org$scalatest$tools$Framework$$runSuite(Framework.scala:321)
[info]   at org.scalatest.tools.Framework$ScalaTestTask.execute(Framework.scala:517)
[info]   at sbt.ForkMain$Run.lambda$runTest$1(ForkMain.java:414)
[info]   at java.base/java.util.concurrent.FutureTask.run(FutureTask.java:317)
[info]   at java.base/java.util.concurrent.ThreadPoolExecutor.runWorker(ThreadPoolExecutor.java:1144)
[info]   at java.base/java.util.concurrent.ThreadPoolExecutor$Worker.run(ThreadPoolExecutor.java:642)
[info]   at java.base/java.lang.Thread.run(Thread.java:1583)
[info]   Cause: java.lang.IllegalArgumentException: argument type mismatch
[info]   at java.base/jdk.internal.reflect.DirectConstructorHandleAccessor.newInstance(DirectConstructorHandleAccessor.java:65)
[info]   at java.base/java.lang.reflect.Constructor.newInstanceWithCaller(Constructor.java:502)
[info]   at java.base/java.lang.reflect.Constructor.newInstance(Constructor.java:486)
[info]   at frameless.TypedExpressionEncoder$.$anonfun$apply$3(TypedExpressionEncoder.scala:55)
[info]   at scala.Option.map(Option.scala:242)
[info]   at frameless.TypedExpressionEncoder$.apply(TypedExpressionEncoder.scala:54)
[info]   at frameless.forward.HeadTests.propArray(HeadTests.scala:17)
[info]   at frameless.forward.HeadTests.$anonfun$new$2(HeadTests.scala:27)
[info]   at scala.Function1.$anonfun$andThen$1(Function1.scala:87)
[info]   at org.scalacheck.Prop$.$anonfun$forAllShrink$2(Prop.scala:868)
[info]   at org.scalacheck.Prop$.secure(Prop.scala:484)
[info]   at org.scalacheck.Prop$.result$1(Prop.scala:868)
[info]   at org.scalacheck.Prop$.$anonfun$forAllShrink$1(Prop.scala:915)
[info]   at org.scalacheck.Prop$.$anonfun$apply$1(Prop.scala:305)
[info]   at org.scalacheck.PropFromFun.apply(Prop.scala:20)
[info]   at org.scalacheck.Test$.workerFun$1(Test.scala:486)
[info]   at org.scalacheck.Test$.$anonfun$check$4(Test.scala:518)
[info]   at org.scalacheck.Test$.$anonfun$check$4$adapted(Test.scala:518)
[info]   at org.scalacheck.Platform$.runWorkers(Platform.scala:42)
[info]   at org.scalacheck.Test$.check(Test.scala:518)
[info]   at org.scalatestplus.scalacheck.UnitCheckerAsserting$CheckerAssertingImpl.check(CheckerAsserting.scala:90)
[info]   at org.scalatestplus.scalacheck.Checkers.check(Checkers.scala:244)
[info]   at org.scalatestplus.scalacheck.Checkers.check$(Checkers.scala:235)
[info]   at frameless.TypedDatasetSuite.check(TypedDatasetSuite.scala:63)
[info]   at frameless.forward.HeadTests.$anonfun$new$1(HeadTests.scala:27)
[info]   at org.scalatest.OutcomeOf.outcomeOf(OutcomeOf.scala:85)
[info]   at org.scalatest.OutcomeOf.outcomeOf$(OutcomeOf.scala:83)
[info]   at org.scalatest.OutcomeOf$.outcomeOf(OutcomeOf.scala:104)
[info]   at org.scalatest.Transformer.apply(Transformer.scala:22)
[info]   at org.scalatest.Transformer.apply(Transformer.scala:20)
[info]   at org.scalatest.funsuite.AnyFunSuiteLike$$anon$1.apply(AnyFunSuiteLike.scala:226)
[info]   at org.scalatest.TestSuite.withFixture(TestSuite.scala:196)
[info]   at org.scalatest.TestSuite.withFixture$(TestSuite.scala:195)
[info]   at org.scalatest.funsuite.AnyFunSuite.withFixture(AnyFunSuite.scala:1564)
[info]   at org.scalatest.funsuite.AnyFunSuiteLike.invokeWithFixture$1(AnyFunSuiteLike.scala:224)
[info]   at org.scalatest.funsuite.AnyFunSuiteLike.$anonfun$runTest$1(AnyFunSuiteLike.scala:236)
[info]   at org.scalatest.SuperEngine.runTestImpl(Engine.scala:306)
[info]   at org.scalatest.funsuite.AnyFunSuiteLike.runTest(AnyFunSuiteLike.scala:236)
[info]   at org.scalatest.funsuite.AnyFunSuiteLike.runTest$(AnyFunSuiteLike.scala:218)
[info]   at org.scalatest.funsuite.AnyFunSuite.runTest(AnyFunSuite.scala:1564)
[info]   at org.scalatest.funsuite.AnyFunSuiteLike.$anonfun$runTests$1(AnyFunSuiteLike.scala:269)
[info]   at org.scalatest.SuperEngine.$anonfun$runTestsInBranch$1(Engine.scala:413)
[info]   at scala.collection.immutable.List.foreach(List.scala:334)
[info]   at org.scalatest.SuperEngine.traverseSubNodes$1(Engine.scala:401)
[info]   at org.scalatest.SuperEngine.runTestsInBranch(Engine.scala:396)
[info]   at org.scalatest.SuperEngine.runTestsImpl(Engine.scala:475)
[info]   at org.scalatest.funsuite.AnyFunSuiteLike.runTests(AnyFunSuiteLike.scala:269)
[info]   at org.scalatest.funsuite.AnyFunSuiteLike.runTests$(AnyFunSuiteLike.scala:268)
[info]   at org.scalatest.funsuite.AnyFunSuite.runTests(AnyFunSuite.scala:1564)
[info]   at org.scalatest.Suite.run(Suite.scala:1114)
[info]   at org.scalatest.Suite.run$(Suite.scala:1096)
[info]   at org.scalatest.funsuite.AnyFunSuite.org$scalatest$funsuite$AnyFunSuiteLike$$super$run(AnyFunSuite.scala:1564)
[info]   at org.scalatest.funsuite.AnyFunSuiteLike.$anonfun$run$1(AnyFunSuiteLike.scala:273)
[info]   at org.scalatest.SuperEngine.runImpl(Engine.scala:535)
[info]   at org.scalatest.funsuite.AnyFunSuiteLike.run(AnyFunSuiteLike.scala:273)
[info]   at org.scalatest.funsuite.AnyFunSuiteLike.run$(AnyFunSuiteLike.scala:272)
[info]   at frameless.TypedDatasetSuite.org$scalatest$BeforeAndAfterAll$$super$run(TypedDatasetSuite.scala:63)
[info]   at org.scalatest.BeforeAndAfterAll.liftedTree1$1(BeforeAndAfterAll.scala:213)
[info]   at org.scalatest.BeforeAndAfterAll.run(BeforeAndAfterAll.scala:210)
[info]   at org.scalatest.BeforeAndAfterAll.run$(BeforeAndAfterAll.scala:208)
[info]   at frameless.TypedDatasetSuite.run(TypedDatasetSuite.scala:63)
[info]   at org.scalatest.tools.Framework.org$scalatest$tools$Framework$$runSuite(Framework.scala:321)
[info]   at org.scalatest.tools.Framework$ScalaTestTask.execute(Framework.scala:517)
[info]   at sbt.ForkMain$Run.lambda$runTest$1(ForkMain.java:414)
[info]   at java.base/java.util.concurrent.FutureTask.run(FutureTask.java:317)
[info]   at java.base/java.util.concurrent.ThreadPoolExecutor.runWorker(ThreadPoolExecutor.java:1144)
[info]   at java.base/java.util.concurrent.ThreadPoolExecutor$Worker.run(ThreadPoolExecutor.java:642)
[info]   at java.base/java.lang.Thread.run(Thread.java:1583)
[info]   Cause: java.lang.ClassCastException: Cannot cast scala.reflect.ClassTag$GenericClassTag to org.apache.spark.sql.catalyst.expressions.Expression
[info]   at java.base/java.lang.Class.cast(Class.java:4067)
[info]   at java.base/jdk.internal.reflect.DirectConstructorHandleAccessor.newInstance(DirectConstructorHandleAccessor.java:62)
[info]   at java.base/java.lang.reflect.Constructor.newInstanceWithCaller(Constructor.java:502)
[info]   at java.base/java.lang.reflect.Constructor.newInstance(Constructor.java:486)
[info]   at frameless.TypedExpressionEncoder$.$anonfun$apply$3(TypedExpressionEncoder.scala:55)
[info]   at scala.Option.map(Option.scala:242)
[info]   at frameless.TypedExpressionEncoder$.apply(TypedExpressionEncoder.scala:54)
[info]   at frameless.forward.HeadTests.propArray(HeadTests.scala:17)
[info]   at frameless.forward.HeadTests.$anonfun$new$2(HeadTests.scala:27)
[info]   at scala.Function1.$anonfun$andThen$1(Function1.scala:87)
[info]   at org.scalacheck.Prop$.$anonfun$forAllShrink$2(Prop.scala:868)
[info]   at org.scalacheck.Prop$.secure(Prop.scala:484)
[info]   at org.scalacheck.Prop$.result$1(Prop.scala:868)
[info]   at org.scalacheck.Prop$.$anonfun$forAllShrink$1(Prop.scala:915)
[info]   at org.scalacheck.Prop$.$anonfun$apply$1(Prop.scala:305)
[info]   at org.scalacheck.PropFromFun.apply(Prop.scala:20)
[info]   at org.scalacheck.Test$.workerFun$1(Test.scala:486)
[info]   at org.scalacheck.Test$.$anonfun$check$4(Test.scala:518)
[info]   at org.scalacheck.Test$.$anonfun$check$4$adapted(Test.scala:518)
[info]   at org.scalacheck.Platform$.runWorkers(Platform.scala:42)
[info]   at org.scalacheck.Test$.check(Test.scala:518)
[info]   at org.scalatestplus.scalacheck.UnitCheckerAsserting$CheckerAssertingImpl.check(CheckerAsserting.scala:90)
[info]   at org.scalatestplus.scalacheck.Checkers.check(Checkers.scala:244)
[info]   at org.scalatestplus.scalacheck.Checkers.check$(Checkers.scala:235)
[info]   at frameless.TypedDatasetSuite.check(TypedDatasetSuite.scala:63)
[info]   at frameless.forward.HeadTests.$anonfun$new$1(HeadTests.scala:27)
[info]   at org.scalatest.OutcomeOf.outcomeOf(OutcomeOf.scala:85)
[info]   at org.scalatest.OutcomeOf.outcomeOf$(OutcomeOf.scala:83)
[info]   at org.scalatest.OutcomeOf$.outcomeOf(OutcomeOf.scala:104)
[info]   at org.scalatest.Transformer.apply(Transformer.scala:22)
[info]   at org.scalatest.Transformer.apply(Transformer.scala:20)
[info]   at org.scalatest.funsuite.AnyFunSuiteLike$$anon$1.apply(AnyFunSuiteLike.scala:226)
[info]   at org.scalatest.TestSuite.withFixture(TestSuite.scala:196)
[info]   at org.scalatest.TestSuite.withFixture$(TestSuite.scala:195)
[info]   at org.scalatest.funsuite.AnyFunSuite.withFixture(AnyFunSuite.scala:1564)
[info]   at org.scalatest.funsuite.AnyFunSuiteLike.invokeWithFixture$1(AnyFunSuiteLike.scala:224)
[info]   at org.scalatest.funsuite.AnyFunSuiteLike.$anonfun$runTest$1(AnyFunSuiteLike.scala:236)
[info]   at org.scalatest.SuperEngine.runTestImpl(Engine.scala:306)
[info]   at org.scalatest.funsuite.AnyFunSuiteLike.runTest(AnyFunSuiteLike.scala:236)
[info]   at org.scalatest.funsuite.AnyFunSuiteLike.runTest$(AnyFunSuiteLike.scala:218)
[info]   at org.scalatest.funsuite.AnyFunSuite.runTest(AnyFunSuite.scala:1564)
[info]   at org.scalatest.funsuite.AnyFunSuiteLike.$anonfun$runTests$1(AnyFunSuiteLike.scala:269)
[info]   at org.scalatest.SuperEngine.$anonfun$runTestsInBranch$1(Engine.scala:413)
[info]   at scala.collection.immutable.List.foreach(List.scala:334)
[info]   at org.scalatest.SuperEngine.traverseSubNodes$1(Engine.scala:401)
[info]   at org.scalatest.SuperEngine.runTestsInBranch(Engine.scala:396)
[info]   at org.scalatest.SuperEngine.runTestsImpl(Engine.scala:475)
[info]   at org.scalatest.funsuite.AnyFunSuiteLike.runTests(AnyFunSuiteLike.scala:269)
[info]   at org.scalatest.funsuite.AnyFunSuiteLike.runTests$(AnyFunSuiteLike.scala:268)
[info]   at org.scalatest.funsuite.AnyFunSuite.runTests(AnyFunSuite.scala:1564)
[info]   at org.scalatest.Suite.run(Suite.scala:1114)
[info]   at org.scalatest.Suite.run$(Suite.scala:1096)
[info]   at org.scalatest.funsuite.AnyFunSuite.org$scalatest$funsuite$AnyFunSuiteLike$$super$run(AnyFunSuite.scala:1564)
[info]   at org.scalatest.funsuite.AnyFunSuiteLike.$anonfun$run$1(AnyFunSuiteLike.scala:273)
[info]   at org.scalatest.SuperEngine.runImpl(Engine.scala:535)
[info]   at org.scalatest.funsuite.AnyFunSuiteLike.run(AnyFunSuiteLike.scala:273)
[info]   at org.scalatest.funsuite.AnyFunSuiteLike.run$(AnyFunSuiteLike.scala:272)
[info]   at frameless.TypedDatasetSuite.org$scalatest$BeforeAndAfterAll$$super$run(TypedDatasetSuite.scala:63)
[info]   at org.scalatest.BeforeAndAfterAll.liftedTree1$1(BeforeAndAfterAll.scala:213)
[info]   at org.scalatest.BeforeAndAfterAll.run(BeforeAndAfterAll.scala:210)
[info]   at org.scalatest.BeforeAndAfterAll.run$(BeforeAndAfterAll.scala:208)
[info]   at frameless.TypedDatasetSuite.run(TypedDatasetSuite.scala:63)
[info]   at org.scalatest.tools.Framework.org$scalatest$tools$Framework$$runSuite(Framework.scala:321)
[info]   at org.scalatest.tools.Framework$ScalaTestTask.execute(Framework.scala:517)
[info]   at sbt.ForkMain$Run.lambda$runTest$1(ForkMain.java:414)
[info]   at java.base/java.util.concurrent.FutureTask.run(FutureTask.java:317)
[info]   at java.base/java.util.concurrent.ThreadPoolExecutor.runWorker(ThreadPoolExecutor.java:1144)
[info]   at java.base/java.util.concurrent.ThreadPoolExecutor$Worker.run(ThreadPoolExecutor.java:642)
[info]   at java.base/java.lang.Thread.run(Thread.java:1583)
[info] AsTests:
[info] - as[X2[A, B]] *** FAILED *** (2 milliseconds)
[info]   IllegalArgumentException was thrown during property evaluation.
[info]     Message: argument type mismatch
[info]     Occurred when passed generated values (
[info]       arg0 = Vector()
[info]     )
[info]   org.scalatest.exceptions.GeneratorDrivenPropertyCheckFailedException:
[info]   at org.scalatestplus.scalacheck.CheckerAsserting$$anon$2.indicateFailure(CheckerAsserting.scala:251)
[info]   at org.scalatestplus.scalacheck.CheckerAsserting$$anon$2.indicateFailure(CheckerAsserting.scala:238)
[info]   at org.scalatestplus.scalacheck.UnitCheckerAsserting$CheckerAssertingImpl.check(CheckerAsserting.scala:160)
[info]   at org.scalatestplus.scalacheck.Checkers.check(Checkers.scala:371)
[info]   at org.scalatestplus.scalacheck.Checkers.check$(Checkers.scala:369)
[info]   at frameless.TypedDatasetSuite.check(TypedDatasetSuite.scala:63)
[info]   at frameless.AsTests.$anonfun$new$1(AsTests.scala:21)
[info]   at org.scalatest.OutcomeOf.outcomeOf(OutcomeOf.scala:85)
[info]   at org.scalatest.OutcomeOf.outcomeOf$(OutcomeOf.scala:83)
[info]   at org.scalatest.OutcomeOf$.outcomeOf(OutcomeOf.scala:104)
[info]   at org.scalatest.Transformer.apply(Transformer.scala:22)
[info]   at org.scalatest.Transformer.apply(Transformer.scala:20)
[info]   at org.scalatest.funsuite.AnyFunSuiteLike$$anon$1.apply(AnyFunSuiteLike.scala:226)
[info]   at org.scalatest.TestSuite.withFixture(TestSuite.scala:196)
[info]   at org.scalatest.TestSuite.withFixture$(TestSuite.scala:195)
[info]   at org.scalatest.funsuite.AnyFunSuite.withFixture(AnyFunSuite.scala:1564)
[info]   at org.scalatest.funsuite.AnyFunSuiteLike.invokeWithFixture$1(AnyFunSuiteLike.scala:224)
[info]   at org.scalatest.funsuite.AnyFunSuiteLike.$anonfun$runTest$1(AnyFunSuiteLike.scala:236)
[info]   at org.scalatest.SuperEngine.runTestImpl(Engine.scala:306)
[info]   at org.scalatest.funsuite.AnyFunSuiteLike.runTest(AnyFunSuiteLike.scala:236)
[info]   at org.scalatest.funsuite.AnyFunSuiteLike.runTest$(AnyFunSuiteLike.scala:218)
[info]   at org.scalatest.funsuite.AnyFunSuite.runTest(AnyFunSuite.scala:1564)
[info]   at org.scalatest.funsuite.AnyFunSuiteLike.$anonfun$runTests$1(AnyFunSuiteLike.scala:269)
[info]   at org.scalatest.SuperEngine.$anonfun$runTestsInBranch$1(Engine.scala:413)
[info]   at scala.collection.immutable.List.foreach(List.scala:334)
[info]   at org.scalatest.SuperEngine.traverseSubNodes$1(Engine.scala:401)
[info]   at org.scalatest.SuperEngine.runTestsInBranch(Engine.scala:396)
[info]   at org.scalatest.SuperEngine.runTestsImpl(Engine.scala:475)
[info]   at org.scalatest.funsuite.AnyFunSuiteLike.runTests(AnyFunSuiteLike.scala:269)
[info]   at org.scalatest.funsuite.AnyFunSuiteLike.runTests$(AnyFunSuiteLike.scala:268)
[info]   at org.scalatest.funsuite.AnyFunSuite.runTests(AnyFunSuite.scala:1564)
[info]   at org.scalatest.Suite.run(Suite.scala:1114)
[info]   at org.scalatest.Suite.run$(Suite.scala:1096)
[info]   at org.scalatest.funsuite.AnyFunSuite.org$scalatest$funsuite$AnyFunSuiteLike$$super$run(AnyFunSuite.scala:1564)
[info]   at org.scalatest.funsuite.AnyFunSuiteLike.$anonfun$run$1(AnyFunSuiteLike.scala:273)
[info]   at org.scalatest.SuperEngine.runImpl(Engine.scala:535)
[info]   at org.scalatest.funsuite.AnyFunSuiteLike.run(AnyFunSuiteLike.scala:273)
[info]   at org.scalatest.funsuite.AnyFunSuiteLike.run$(AnyFunSuiteLike.scala:272)
[info]   at frameless.TypedDatasetSuite.org$scalatest$BeforeAndAfterAll$$super$run(TypedDatasetSuite.scala:63)
[info]   at org.scalatest.BeforeAndAfterAll.liftedTree1$1(BeforeAndAfterAll.scala:213)
[info]   at org.scalatest.BeforeAndAfterAll.run(BeforeAndAfterAll.scala:210)
[info]   at org.scalatest.BeforeAndAfterAll.run$(BeforeAndAfterAll.scala:208)
[info]   at frameless.TypedDatasetSuite.run(TypedDatasetSuite.scala:63)
[info]   at org.scalatest.tools.Framework.org$scalatest$tools$Framework$$runSuite(Framework.scala:321)
[info]   at org.scalatest.tools.Framework$ScalaTestTask.execute(Framework.scala:517)
[info]   at sbt.ForkMain$Run.lambda$runTest$1(ForkMain.java:414)
[info]   at java.base/java.util.concurrent.FutureTask.run(FutureTask.java:317)
[info]   at java.base/java.util.concurrent.ThreadPoolExecutor.runWorker(ThreadPoolExecutor.java:1144)
[info]   at java.base/java.util.concurrent.ThreadPoolExecutor$Worker.run(ThreadPoolExecutor.java:642)
[info]   at java.base/java.lang.Thread.run(Thread.java:1583)
[info]   Cause: java.lang.IllegalArgumentException: argument type mismatch
[info]   at java.base/jdk.internal.reflect.DirectConstructorHandleAccessor.newInstance(DirectConstructorHandleAccessor.java:65)
[info]   at java.base/java.lang.reflect.Constructor.newInstanceWithCaller(Constructor.java:502)
[info]   at java.base/java.lang.reflect.Constructor.newInstance(Constructor.java:486)
[info]   at frameless.TypedExpressionEncoder$.$anonfun$apply$3(TypedExpressionEncoder.scala:55)
[info]   at scala.Option.map(Option.scala:242)
[info]   at frameless.TypedExpressionEncoder$.apply(TypedExpressionEncoder.scala:54)
[info]   at frameless.TypedDataset$.create(TypedDataset.scala:1325)
[info]   at frameless.AsTests.prop$1(AsTests.scala:13)
[info]   at frameless.AsTests.$anonfun$new$10(AsTests.scala:21)
[info]   at scala.Function1.$anonfun$andThen$1(Function1.scala:87)
[info]   at org.scalacheck.Prop$.$anonfun$forAllShrink$2(Prop.scala:868)
[info]   at org.scalacheck.Prop$.secure(Prop.scala:484)
[info]   at org.scalacheck.Prop$.result$1(Prop.scala:868)
[info]   at org.scalacheck.Prop$.$anonfun$forAllShrink$1(Prop.scala:915)
[info]   at org.scalacheck.Prop$.$anonfun$apply$1(Prop.scala:305)
[info]   at org.scalacheck.PropFromFun.apply(Prop.scala:20)
[info]   at org.scalacheck.Test$.workerFun$1(Test.scala:486)
[info]   at org.scalacheck.Test$.$anonfun$check$4(Test.scala:518)
[info]   at org.scalacheck.Test$.$anonfun$check$4$adapted(Test.scala:518)
[info]   at org.scalacheck.Platform$.runWorkers(Platform.scala:42)
[info]   at org.scalacheck.Test$.check(Test.scala:518)
[info]   at org.scalatestplus.scalacheck.UnitCheckerAsserting$CheckerAssertingImpl.check(CheckerAsserting.scala:90)
[info]   at org.scalatestplus.scalacheck.Checkers.check(Checkers.scala:371)
[info]   at org.scalatestplus.scalacheck.Checkers.check$(Checkers.scala:369)
[info]   at frameless.TypedDatasetSuite.check(TypedDatasetSuite.scala:63)
[info]   at frameless.AsTests.$anonfun$new$1(AsTests.scala:21)
[info]   at org.scalatest.OutcomeOf.outcomeOf(OutcomeOf.scala:85)
[info]   at org.scalatest.OutcomeOf.outcomeOf$(OutcomeOf.scala:83)
[info]   at org.scalatest.OutcomeOf$.outcomeOf(OutcomeOf.scala:104)
[info]   at org.scalatest.Transformer.apply(Transformer.scala:22)
[info]   at org.scalatest.Transformer.apply(Transformer.scala:20)
[info]   at org.scalatest.funsuite.AnyFunSuiteLike$$anon$1.apply(AnyFunSuiteLike.scala:226)
[info]   at org.scalatest.TestSuite.withFixture(TestSuite.scala:196)
[info]   at org.scalatest.TestSuite.withFixture$(TestSuite.scala:195)
[info]   at org.scalatest.funsuite.AnyFunSuite.withFixture(AnyFunSuite.scala:1564)
[info]   at org.scalatest.funsuite.AnyFunSuiteLike.invokeWithFixture$1(AnyFunSuiteLike.scala:224)
[info]   at org.scalatest.funsuite.AnyFunSuiteLike.$anonfun$runTest$1(AnyFunSuiteLike.scala:236)
[info]   at org.scalatest.SuperEngine.runTestImpl(Engine.scala:306)
[info]   at org.scalatest.funsuite.AnyFunSuiteLike.runTest(AnyFunSuiteLike.scala:236)
[info]   at org.scalatest.funsuite.AnyFunSuiteLike.runTest$(AnyFunSuiteLike.scala:218)
[info]   at org.scalatest.funsuite.AnyFunSuite.runTest(AnyFunSuite.scala:1564)
[info]   at org.scalatest.funsuite.AnyFunSuiteLike.$anonfun$runTests$1(AnyFunSuiteLike.scala:269)
[info]   at org.scalatest.SuperEngine.$anonfun$runTestsInBranch$1(Engine.scala:413)
[info]   at scala.collection.immutable.List.foreach(List.scala:334)
[info]   at org.scalatest.SuperEngine.traverseSubNodes$1(Engine.scala:401)
[info]   at org.scalatest.SuperEngine.runTestsInBranch(Engine.scala:396)
[info]   at org.scalatest.SuperEngine.runTestsImpl(Engine.scala:475)
[info]   at org.scalatest.funsuite.AnyFunSuiteLike.runTests(AnyFunSuiteLike.scala:269)
[info]   at org.scalatest.funsuite.AnyFunSuiteLike.runTests$(AnyFunSuiteLike.scala:268)
[info]   at org.scalatest.funsuite.AnyFunSuite.runTests(AnyFunSuite.scala:1564)
[info]   at org.scalatest.Suite.run(Suite.scala:1114)
[info]   at org.scalatest.Suite.run$(Suite.scala:1096)
[info]   at org.scalatest.funsuite.AnyFunSuite.org$scalatest$funsuite$AnyFunSuiteLike$$super$run(AnyFunSuite.scala:1564)
[info]   at org.scalatest.funsuite.AnyFunSuiteLike.$anonfun$run$1(AnyFunSuiteLike.scala:273)
[info]   at org.scalatest.SuperEngine.runImpl(Engine.scala:535)
[info]   at org.scalatest.funsuite.AnyFunSuiteLike.run(AnyFunSuiteLike.scala:273)
[info]   at org.scalatest.funsuite.AnyFunSuiteLike.run$(AnyFunSuiteLike.scala:272)
[info]   at frameless.TypedDatasetSuite.org$scalatest$BeforeAndAfterAll$$super$run(TypedDatasetSuite.scala:63)
[info]   at org.scalatest.BeforeAndAfterAll.liftedTree1$1(BeforeAndAfterAll.scala:213)
[info]   at org.scalatest.BeforeAndAfterAll.run(BeforeAndAfterAll.scala:210)
[info]   at org.scalatest.BeforeAndAfterAll.run$(BeforeAndAfterAll.scala:208)
[info]   at frameless.TypedDatasetSuite.run(TypedDatasetSuite.scala:63)
[info]   at org.scalatest.tools.Framework.org$scalatest$tools$Framework$$runSuite(Framework.scala:321)
[info]   at org.scalatest.tools.Framework$ScalaTestTask.execute(Framework.scala:517)
[info]   at sbt.ForkMain$Run.lambda$runTest$1(ForkMain.java:414)
[info]   at java.base/java.util.concurrent.FutureTask.run(FutureTask.java:317)
[info]   at java.base/java.util.concurrent.ThreadPoolExecutor.runWorker(ThreadPoolExecutor.java:1144)
[info]   at java.base/java.util.concurrent.ThreadPoolExecutor$Worker.run(ThreadPoolExecutor.java:642)
[info]   at java.base/java.lang.Thread.run(Thread.java:1583)
[info]   Cause: java.lang.ClassCastException: Cannot cast scala.reflect.ClassTag$GenericClassTag to org.apache.spark.sql.catalyst.expressions.Expression
[info]   at java.base/java.lang.Class.cast(Class.java:4067)
[info]   at java.base/jdk.internal.reflect.DirectConstructorHandleAccessor.newInstance(DirectConstructorHandleAccessor.java:62)
[info]   at java.base/java.lang.reflect.Constructor.newInstanceWithCaller(Constructor.java:502)
[info]   at java.base/java.lang.reflect.Constructor.newInstance(Constructor.java:486)
[info]   at frameless.TypedExpressionEncoder$.$anonfun$apply$3(TypedExpressionEncoder.scala:55)
[info]   at scala.Option.map(Option.scala:242)
[info]   at frameless.TypedExpressionEncoder$.apply(TypedExpressionEncoder.scala:54)
[info]   at frameless.TypedDataset$.create(TypedDataset.scala:1325)
[info]   at frameless.AsTests.prop$1(AsTests.scala:13)
[info]   at frameless.AsTests.$anonfun$new$10(AsTests.scala:21)
[info]   at scala.Function1.$anonfun$andThen$1(Function1.scala:87)
[info]   at org.scalacheck.Prop$.$anonfun$forAllShrink$2(Prop.scala:868)
[info]   at org.scalacheck.Prop$.secure(Prop.scala:484)
[info]   at org.scalacheck.Prop$.result$1(Prop.scala:868)
[info]   at org.scalacheck.Prop$.$anonfun$forAllShrink$1(Prop.scala:915)
[info]   at org.scalacheck.Prop$.$anonfun$apply$1(Prop.scala:305)
[info]   at org.scalacheck.PropFromFun.apply(Prop.scala:20)
[info]   at org.scalacheck.Test$.workerFun$1(Test.scala:486)
[info]   at org.scalacheck.Test$.$anonfun$check$4(Test.scala:518)
[info]   at org.scalacheck.Test$.$anonfun$check$4$adapted(Test.scala:518)
[info]   at org.scalacheck.Platform$.runWorkers(Platform.scala:42)
[info]   at org.scalacheck.Test$.check(Test.scala:518)
[info]   at org.scalatestplus.scalacheck.UnitCheckerAsserting$CheckerAssertingImpl.check(CheckerAsserting.scala:90)
[info]   at org.scalatestplus.scalacheck.Checkers.check(Checkers.scala:371)
[info]   at org.scalatestplus.scalacheck.Checkers.check$(Checkers.scala:369)
[info]   at frameless.TypedDatasetSuite.check(TypedDatasetSuite.scala:63)
[info]   at frameless.AsTests.$anonfun$new$1(AsTests.scala:21)
[info]   at org.scalatest.OutcomeOf.outcomeOf(OutcomeOf.scala:85)
[info]   at org.scalatest.OutcomeOf.outcomeOf$(OutcomeOf.scala:83)
[info]   at org.scalatest.OutcomeOf$.outcomeOf(OutcomeOf.scala:104)
[info]   at org.scalatest.Transformer.apply(Transformer.scala:22)
[info]   at org.scalatest.Transformer.apply(Transformer.scala:20)
[info]   at org.scalatest.funsuite.AnyFunSuiteLike$$anon$1.apply(AnyFunSuiteLike.scala:226)
[info]   at org.scalatest.TestSuite.withFixture(TestSuite.scala:196)
[info]   at org.scalatest.TestSuite.withFixture$(TestSuite.scala:195)
[info]   at org.scalatest.funsuite.AnyFunSuite.withFixture(AnyFunSuite.scala:1564)
[info]   at org.scalatest.funsuite.AnyFunSuiteLike.invokeWithFixture$1(AnyFunSuiteLike.scala:224)
[info]   at org.scalatest.funsuite.AnyFunSuiteLike.$anonfun$runTest$1(AnyFunSuiteLike.scala:236)
[info]   at org.scalatest.SuperEngine.runTestImpl(Engine.scala:306)
[info]   at org.scalatest.funsuite.AnyFunSuiteLike.runTest(AnyFunSuiteLike.scala:236)
[info]   at org.scalatest.funsuite.AnyFunSuiteLike.runTest$(AnyFunSuiteLike.scala:218)
[info]   at org.scalatest.funsuite.AnyFunSuite.runTest(AnyFunSuite.scala:1564)
[info]   at org.scalatest.funsuite.AnyFunSuiteLike.$anonfun$runTests$1(AnyFunSuiteLike.scala:269)
[info]   at org.scalatest.SuperEngine.$anonfun$runTestsInBranch$1(Engine.scala:413)
[info]   at scala.collection.immutable.List.foreach(List.scala:334)
[info]   at org.scalatest.SuperEngine.traverseSubNodes$1(Engine.scala:401)
[info]   at org.scalatest.SuperEngine.runTestsInBranch(Engine.scala:396)
[info]   at org.scalatest.SuperEngine.runTestsImpl(Engine.scala:475)
[info]   at org.scalatest.funsuite.AnyFunSuiteLike.runTests(AnyFunSuiteLike.scala:269)
[info]   at org.scalatest.funsuite.AnyFunSuiteLike.runTests$(AnyFunSuiteLike.scala:268)
[info]   at org.scalatest.funsuite.AnyFunSuite.runTests(AnyFunSuite.scala:1564)
[info]   at org.scalatest.Suite.run(Suite.scala:1114)
[info]   at org.scalatest.Suite.run$(Suite.scala:1096)
[info]   at org.scalatest.funsuite.AnyFunSuite.org$scalatest$funsuite$AnyFunSuiteLike$$super$run(AnyFunSuite.scala:1564)
[info]   at org.scalatest.funsuite.AnyFunSuiteLike.$anonfun$run$1(AnyFunSuiteLike.scala:273)
[info]   at org.scalatest.SuperEngine.runImpl(Engine.scala:535)
[info]   at org.scalatest.funsuite.AnyFunSuiteLike.run(AnyFunSuiteLike.scala:273)
[info]   at org.scalatest.funsuite.AnyFunSuiteLike.run$(AnyFunSuiteLike.scala:272)
[info]   at frameless.TypedDatasetSuite.org$scalatest$BeforeAndAfterAll$$super$run(TypedDatasetSuite.scala:63)
[info]   at org.scalatest.BeforeAndAfterAll.liftedTree1$1(BeforeAndAfterAll.scala:213)
[info]   at org.scalatest.BeforeAndAfterAll.run(BeforeAndAfterAll.scala:210)
[info]   at org.scalatest.BeforeAndAfterAll.run$(BeforeAndAfterAll.scala:208)
[info]   at frameless.TypedDatasetSuite.run(TypedDatasetSuite.scala:63)
[info]   at org.scalatest.tools.Framework.org$scalatest$tools$Framework$$runSuite(Framework.scala:321)
[info]   at org.scalatest.tools.Framework$ScalaTestTask.execute(Framework.scala:517)
[info]   at sbt.ForkMain$Run.lambda$runTest$1(ForkMain.java:414)
[info]   at java.base/java.util.concurrent.FutureTask.run(FutureTask.java:317)
[info]   at java.base/java.util.concurrent.ThreadPoolExecutor.runWorker(ThreadPoolExecutor.java:1144)
[info]   at java.base/java.util.concurrent.ThreadPoolExecutor$Worker.run(ThreadPoolExecutor.java:642)
[info]   at java.base/java.lang.Thread.run(Thread.java:1583)
[info] - as[X2[X2[A, B], C] *** FAILED *** (6 milliseconds)
[info]   IllegalArgumentException was thrown during property evaluation.
[info]     Message: argument type mismatch
[info]     Occurred when passed generated values (
[info]       arg0 = Vector()
[info]     )
[info]   org.scalatest.exceptions.GeneratorDrivenPropertyCheckFailedException:
[info]   at org.scalatestplus.scalacheck.CheckerAsserting$$anon$2.indicateFailure(CheckerAsserting.scala:251)
[info]   at org.scalatestplus.scalacheck.CheckerAsserting$$anon$2.indicateFailure(CheckerAsserting.scala:238)
[info]   at org.scalatestplus.scalacheck.UnitCheckerAsserting$CheckerAssertingImpl.check(CheckerAsserting.scala:160)
[info]   at org.scalatestplus.scalacheck.Checkers.check(Checkers.scala:371)
[info]   at org.scalatestplus.scalacheck.Checkers.check$(Checkers.scala:369)
[info]   at frameless.TypedDatasetSuite.check(TypedDatasetSuite.scala:63)
[info]   at frameless.AsTests.$anonfun$new$70(AsTests.scala:46)
[info]   at org.scalatest.OutcomeOf.outcomeOf(OutcomeOf.scala:85)
[info]   at org.scalatest.OutcomeOf.outcomeOf$(OutcomeOf.scala:83)
[info]   at org.scalatest.OutcomeOf$.outcomeOf(OutcomeOf.scala:104)
[info]   at org.scalatest.Transformer.apply(Transformer.scala:22)
[info]   at org.scalatest.Transformer.apply(Transformer.scala:20)
[info]   at org.scalatest.funsuite.AnyFunSuiteLike$$anon$1.apply(AnyFunSuiteLike.scala:226)
[info]   at org.scalatest.TestSuite.withFixture(TestSuite.scala:196)
[info]   at org.scalatest.TestSuite.withFixture$(TestSuite.scala:195)
[info]   at org.scalatest.funsuite.AnyFunSuite.withFixture(AnyFunSuite.scala:1564)
[info]   at org.scalatest.funsuite.AnyFunSuiteLike.invokeWithFixture$1(AnyFunSuiteLike.scala:224)
[info]   at org.scalatest.funsuite.AnyFunSuiteLike.$anonfun$runTest$1(AnyFunSuiteLike.scala:236)
[info]   at org.scalatest.SuperEngine.runTestImpl(Engine.scala:306)
[info]   at org.scalatest.funsuite.AnyFunSuiteLike.runTest(AnyFunSuiteLike.scala:236)
[info]   at org.scalatest.funsuite.AnyFunSuiteLike.runTest$(AnyFunSuiteLike.scala:218)
[info]   at org.scalatest.funsuite.AnyFunSuite.runTest(AnyFunSuite.scala:1564)
[info]   at org.scalatest.funsuite.AnyFunSuiteLike.$anonfun$runTests$1(AnyFunSuiteLike.scala:269)
[info]   at org.scalatest.SuperEngine.$anonfun$runTestsInBranch$1(Engine.scala:413)
[info]   at scala.collection.immutable.List.foreach(List.scala:334)
[info]   at org.scalatest.SuperEngine.traverseSubNodes$1(Engine.scala:401)
[info]   at org.scalatest.SuperEngine.runTestsInBranch(Engine.scala:396)
[info]   at org.scalatest.SuperEngine.runTestsImpl(Engine.scala:475)
[info]   at org.scalatest.funsuite.AnyFunSuiteLike.runTests(AnyFunSuiteLike.scala:269)
[info]   at org.scalatest.funsuite.AnyFunSuiteLike.runTests$(AnyFunSuiteLike.scala:268)
[info]   at org.scalatest.funsuite.AnyFunSuite.runTests(AnyFunSuite.scala:1564)
[info]   at org.scalatest.Suite.run(Suite.scala:1114)
[info]   at org.scalatest.Suite.run$(Suite.scala:1096)
[info]   at org.scalatest.funsuite.AnyFunSuite.org$scalatest$funsuite$AnyFunSuiteLike$$super$run(AnyFunSuite.scala:1564)
[info]   at org.scalatest.funsuite.AnyFunSuiteLike.$anonfun$run$1(AnyFunSuiteLike.scala:273)
[info]   at org.scalatest.SuperEngine.runImpl(Engine.scala:535)
[info]   at org.scalatest.funsuite.AnyFunSuiteLike.run(AnyFunSuiteLike.scala:273)
[info]   at org.scalatest.funsuite.AnyFunSuiteLike.run$(AnyFunSuiteLike.scala:272)
[info]   at frameless.TypedDatasetSuite.org$scalatest$BeforeAndAfterAll$$super$run(TypedDatasetSuite.scala:63)
[info]   at org.scalatest.BeforeAndAfterAll.liftedTree1$1(BeforeAndAfterAll.scala:213)
[info]   at org.scalatest.BeforeAndAfterAll.run(BeforeAndAfterAll.scala:210)
[info]   at org.scalatest.BeforeAndAfterAll.run$(BeforeAndAfterAll.scala:208)
[info]   at frameless.TypedDatasetSuite.run(TypedDatasetSuite.scala:63)
[info]   at org.scalatest.tools.Framework.org$scalatest$tools$Framework$$runSuite(Framework.scala:321)
[info]   at org.scalatest.tools.Framework$ScalaTestTask.execute(Framework.scala:517)
[info]   at sbt.ForkMain$Run.lambda$runTest$1(ForkMain.java:414)
[info]   at java.base/java.util.concurrent.FutureTask.run(FutureTask.java:317)
[info]   at java.base/java.util.concurrent.ThreadPoolExecutor.runWorker(ThreadPoolExecutor.java:1144)
[info]   at java.base/java.util.concurrent.ThreadPoolExecutor$Worker.run(ThreadPoolExecutor.java:642)
[info]   at java.base/java.lang.Thread.run(Thread.java:1583)
[info]   Cause: java.lang.IllegalArgumentException: argument type mismatch
[info]   at java.base/jdk.internal.reflect.DirectConstructorHandleAccessor.newInstance(DirectConstructorHandleAccessor.java:65)
[info]   at java.base/java.lang.reflect.Constructor.newInstanceWithCaller(Constructor.java:502)
[info]   at java.base/java.lang.reflect.Constructor.newInstance(Constructor.java:486)
[info]   at frameless.TypedExpressionEncoder$.$anonfun$apply$3(TypedExpressionEncoder.scala:55)
[info]   at scala.Option.map(Option.scala:242)
[info]   at frameless.TypedExpressionEncoder$.apply(TypedExpressionEncoder.scala:54)
[info]   at frameless.TypedDataset$.create(TypedDataset.scala:1325)
[info]   at frameless.AsTests.prop$2(AsTests.scala:38)
[info]   at frameless.AsTests.$anonfun$new$80(AsTests.scala:46)
[info]   at scala.Function1.$anonfun$andThen$1(Function1.scala:87)
[info]   at org.scalacheck.Prop$.$anonfun$forAllShrink$2(Prop.scala:868)
[info]   at org.scalacheck.Prop$.secure(Prop.scala:484)
[info]   at org.scalacheck.Prop$.result$1(Prop.scala:868)
[info]   at org.scalacheck.Prop$.$anonfun$forAllShrink$1(Prop.scala:915)
[info]   at org.scalacheck.Prop$.$anonfun$apply$1(Prop.scala:305)
[info]   at org.scalacheck.PropFromFun.apply(Prop.scala:20)
[info]   at org.scalacheck.Test$.workerFun$1(Test.scala:486)
[info]   at org.scalacheck.Test$.$anonfun$check$4(Test.scala:518)
[info]   at org.scalacheck.Test$.$anonfun$check$4$adapted(Test.scala:518)
[info]   at org.scalacheck.Platform$.runWorkers(Platform.scala:42)
[info]   at org.scalacheck.Test$.check(Test.scala:518)
[info]   at org.scalatestplus.scalacheck.UnitCheckerAsserting$CheckerAssertingImpl.check(CheckerAsserting.scala:90)
[info]   at org.scalatestplus.scalacheck.Checkers.check(Checkers.scala:371)
[info]   at org.scalatestplus.scalacheck.Checkers.check$(Checkers.scala:369)
[info]   at frameless.TypedDatasetSuite.check(TypedDatasetSuite.scala:63)
[info]   at frameless.AsTests.$anonfun$new$70(AsTests.scala:46)
[info]   at org.scalatest.OutcomeOf.outcomeOf(OutcomeOf.scala:85)
[info]   at org.scalatest.OutcomeOf.outcomeOf$(OutcomeOf.scala:83)
[info]   at org.scalatest.OutcomeOf$.outcomeOf(OutcomeOf.scala:104)
[info]   at org.scalatest.Transformer.apply(Transformer.scala:22)
[info]   at org.scalatest.Transformer.apply(Transformer.scala:20)
[info]   at org.scalatest.funsuite.AnyFunSuiteLike$$anon$1.apply(AnyFunSuiteLike.scala:226)
[info]   at org.scalatest.TestSuite.withFixture(TestSuite.scala:196)
[info]   at org.scalatest.TestSuite.withFixture$(TestSuite.scala:195)
[info]   at org.scalatest.funsuite.AnyFunSuite.withFixture(AnyFunSuite.scala:1564)
[info]   at org.scalatest.funsuite.AnyFunSuiteLike.invokeWithFixture$1(AnyFunSuiteLike.scala:224)
[info]   at org.scalatest.funsuite.AnyFunSuiteLike.$anonfun$runTest$1(AnyFunSuiteLike.scala:236)
[info]   at org.scalatest.SuperEngine.runTestImpl(Engine.scala:306)
[info]   at org.scalatest.funsuite.AnyFunSuiteLike.runTest(AnyFunSuiteLike.scala:236)
[info]   at org.scalatest.funsuite.AnyFunSuiteLike.runTest$(AnyFunSuiteLike.scala:218)
[info]   at org.scalatest.funsuite.AnyFunSuite.runTest(AnyFunSuite.scala:1564)
[info]   at org.scalatest.funsuite.AnyFunSuiteLike.$anonfun$runTests$1(AnyFunSuiteLike.scala:269)
[info]   at org.scalatest.SuperEngine.$anonfun$runTestsInBranch$1(Engine.scala:413)
[info]   at scala.collection.immutable.List.foreach(List.scala:334)
[info]   at org.scalatest.SuperEngine.traverseSubNodes$1(Engine.scala:401)
[info]   at org.scalatest.SuperEngine.runTestsInBranch(Engine.scala:396)
[info]   at org.scalatest.SuperEngine.runTestsImpl(Engine.scala:475)
[info]   at org.scalatest.funsuite.AnyFunSuiteLike.runTests(AnyFunSuiteLike.scala:269)
[info]   at org.scalatest.funsuite.AnyFunSuiteLike.runTests$(AnyFunSuiteLike.scala:268)
[info]   at org.scalatest.funsuite.AnyFunSuite.runTests(AnyFunSuite.scala:1564)
[info]   at org.scalatest.Suite.run(Suite.scala:1114)
[info]   at org.scalatest.Suite.run$(Suite.scala:1096)
[info]   at org.scalatest.funsuite.AnyFunSuite.org$scalatest$funsuite$AnyFunSuiteLike$$super$run(AnyFunSuite.scala:1564)
[info]   at org.scalatest.funsuite.AnyFunSuiteLike.$anonfun$run$1(AnyFunSuiteLike.scala:273)
[info]   at org.scalatest.SuperEngine.runImpl(Engine.scala:535)
[info]   at org.scalatest.funsuite.AnyFunSuiteLike.run(AnyFunSuiteLike.scala:273)
[info]   at org.scalatest.funsuite.AnyFunSuiteLike.run$(AnyFunSuiteLike.scala:272)
[info]   at frameless.TypedDatasetSuite.org$scalatest$BeforeAndAfterAll$$super$run(TypedDatasetSuite.scala:63)
[info]   at org.scalatest.BeforeAndAfterAll.liftedTree1$1(BeforeAndAfterAll.scala:213)
[info]   at org.scalatest.BeforeAndAfterAll.run(BeforeAndAfterAll.scala:210)
[info]   at org.scalatest.BeforeAndAfterAll.run$(BeforeAndAfterAll.scala:208)
[info]   at frameless.TypedDatasetSuite.run(TypedDatasetSuite.scala:63)
[info]   at org.scalatest.tools.Framework.org$scalatest$tools$Framework$$runSuite(Framework.scala:321)
[info]   at org.scalatest.tools.Framework$ScalaTestTask.execute(Framework.scala:517)
[info]   at sbt.ForkMain$Run.lambda$runTest$1(ForkMain.java:414)
[info]   at java.base/java.util.concurrent.FutureTask.run(FutureTask.java:317)
[info]   at java.base/java.util.concurrent.ThreadPoolExecutor.runWorker(ThreadPoolExecutor.java:1144)
[info]   at java.base/java.util.concurrent.ThreadPoolExecutor$Worker.run(ThreadPoolExecutor.java:642)
[info]   at java.base/java.lang.Thread.run(Thread.java:1583)
[info]   Cause: java.lang.ClassCastException: Cannot cast scala.reflect.ClassTag$GenericClassTag to org.apache.spark.sql.catalyst.expressions.Expression
[info]   at java.base/java.lang.Class.cast(Class.java:4067)
[info]   at java.base/jdk.internal.reflect.DirectConstructorHandleAccessor.newInstance(DirectConstructorHandleAccessor.java:62)
[info]   at java.base/java.lang.reflect.Constructor.newInstanceWithCaller(Constructor.java:502)
[info]   at java.base/java.lang.reflect.Constructor.newInstance(Constructor.java:486)
[info]   at frameless.TypedExpressionEncoder$.$anonfun$apply$3(TypedExpressionEncoder.scala:55)
[info]   at scala.Option.map(Option.scala:242)
[info]   at frameless.TypedExpressionEncoder$.apply(TypedExpressionEncoder.scala:54)
[info]   at frameless.TypedDataset$.create(TypedDataset.scala:1325)
[info]   at frameless.AsTests.prop$2(AsTests.scala:38)
[info]   at frameless.AsTests.$anonfun$new$80(AsTests.scala:46)
[info]   at scala.Function1.$anonfun$andThen$1(Function1.scala:87)
[info]   at org.scalacheck.Prop$.$anonfun$forAllShrink$2(Prop.scala:868)
[info]   at org.scalacheck.Prop$.secure(Prop.scala:484)
[info]   at org.scalacheck.Prop$.result$1(Prop.scala:868)
[info]   at org.scalacheck.Prop$.$anonfun$forAllShrink$1(Prop.scala:915)
[info]   at org.scalacheck.Prop$.$anonfun$apply$1(Prop.scala:305)
[info]   at org.scalacheck.PropFromFun.apply(Prop.scala:20)
[info]   at org.scalacheck.Test$.workerFun$1(Test.scala:486)
[info]   at org.scalacheck.Test$.$anonfun$check$4(Test.scala:518)
[info]   at org.scalacheck.Test$.$anonfun$check$4$adapted(Test.scala:518)
[info]   at org.scalacheck.Platform$.runWorkers(Platform.scala:42)
[info]   at org.scalacheck.Test$.check(Test.scala:518)
[info]   at org.scalatestplus.scalacheck.UnitCheckerAsserting$CheckerAssertingImpl.check(CheckerAsserting.scala:90)
[info]   at org.scalatestplus.scalacheck.Checkers.check(Checkers.scala:371)
[info]   at org.scalatestplus.scalacheck.Checkers.check$(Checkers.scala:369)
[info]   at frameless.TypedDatasetSuite.check(TypedDatasetSuite.scala:63)
[info]   at frameless.AsTests.$anonfun$new$70(AsTests.scala:46)
[info]   at org.scalatest.OutcomeOf.outcomeOf(OutcomeOf.scala:85)
[info]   at org.scalatest.OutcomeOf.outcomeOf$(OutcomeOf.scala:83)
[info]   at org.scalatest.OutcomeOf$.outcomeOf(OutcomeOf.scala:104)
[info]   at org.scalatest.Transformer.apply(Transformer.scala:22)
[info]   at org.scalatest.Transformer.apply(Transformer.scala:20)
[info]   at org.scalatest.funsuite.AnyFunSuiteLike$$anon$1.apply(AnyFunSuiteLike.scala:226)
[info]   at org.scalatest.TestSuite.withFixture(TestSuite.scala:196)
[info]   at org.scalatest.TestSuite.withFixture$(TestSuite.scala:195)
[info]   at org.scalatest.funsuite.AnyFunSuite.withFixture(AnyFunSuite.scala:1564)
[info]   at org.scalatest.funsuite.AnyFunSuiteLike.invokeWithFixture$1(AnyFunSuiteLike.scala:224)
[info]   at org.scalatest.funsuite.AnyFunSuiteLike.$anonfun$runTest$1(AnyFunSuiteLike.scala:236)
[info]   at org.scalatest.SuperEngine.runTestImpl(Engine.scala:306)
[info]   at org.scalatest.funsuite.AnyFunSuiteLike.runTest(AnyFunSuiteLike.scala:236)
[info]   at org.scalatest.funsuite.AnyFunSuiteLike.runTest$(AnyFunSuiteLike.scala:218)
[info]   at org.scalatest.funsuite.AnyFunSuite.runTest(AnyFunSuite.scala:1564)
[info]   at org.scalatest.funsuite.AnyFunSuiteLike.$anonfun$runTests$1(AnyFunSuiteLike.scala:269)
[info]   at org.scalatest.SuperEngine.$anonfun$runTestsInBranch$1(Engine.scala:413)
[info]   at scala.collection.immutable.List.foreach(List.scala:334)
[info]   at org.scalatest.SuperEngine.traverseSubNodes$1(Engine.scala:401)
[info]   at org.scalatest.SuperEngine.runTestsInBranch(Engine.scala:396)
[info]   at org.scalatest.SuperEngine.runTestsImpl(Engine.scala:475)
[info]   at org.scalatest.funsuite.AnyFunSuiteLike.runTests(AnyFunSuiteLike.scala:269)
[info]   at org.scalatest.funsuite.AnyFunSuiteLike.runTests$(AnyFunSuiteLike.scala:268)
[info]   at org.scalatest.funsuite.AnyFunSuite.runTests(AnyFunSuite.scala:1564)
[info]   at org.scalatest.Suite.run(Suite.scala:1114)
[info]   at org.scalatest.Suite.run$(Suite.scala:1096)
[info]   at org.scalatest.funsuite.AnyFunSuite.org$scalatest$funsuite$AnyFunSuiteLike$$super$run(AnyFunSuite.scala:1564)
[info]   at org.scalatest.funsuite.AnyFunSuiteLike.$anonfun$run$1(AnyFunSuiteLike.scala:273)
[info]   at org.scalatest.SuperEngine.runImpl(Engine.scala:535)
[info]   at org.scalatest.funsuite.AnyFunSuiteLike.run(AnyFunSuiteLike.scala:273)
[info]   at org.scalatest.funsuite.AnyFunSuiteLike.run$(AnyFunSuiteLike.scala:272)
[info]   at frameless.TypedDatasetSuite.org$scalatest$BeforeAndAfterAll$$super$run(TypedDatasetSuite.scala:63)
[info]   at org.scalatest.BeforeAndAfterAll.liftedTree1$1(BeforeAndAfterAll.scala:213)
[info]   at org.scalatest.BeforeAndAfterAll.run(BeforeAndAfterAll.scala:210)
[info]   at org.scalatest.BeforeAndAfterAll.run$(BeforeAndAfterAll.scala:208)
[info]   at frameless.TypedDatasetSuite.run(TypedDatasetSuite.scala:63)
[info]   at org.scalatest.tools.Framework.org$scalatest$tools$Framework$$runSuite(Framework.scala:321)
[info]   at org.scalatest.tools.Framework$ScalaTestTask.execute(Framework.scala:517)
[info]   at sbt.ForkMain$Run.lambda$runTest$1(ForkMain.java:414)
[info]   at java.base/java.util.concurrent.FutureTask.run(FutureTask.java:317)
[info]   at java.base/java.util.concurrent.ThreadPoolExecutor.runWorker(ThreadPoolExecutor.java:1144)
[info]   at java.base/java.util.concurrent.ThreadPoolExecutor$Worker.run(ThreadPoolExecutor.java:642)
[info]   at java.base/java.lang.Thread.run(Thread.java:1583)
[info] CountTests:
[info] - count *** FAILED *** (2 milliseconds)
[info]   IllegalArgumentException was thrown during property evaluation.
[info]     Message: argument type mismatch
[info]     Occurred when passed generated values (
[info]       arg0 = Vector()
[info]     )
[info]   org.scalatest.exceptions.GeneratorDrivenPropertyCheckFailedException:
[info]   at org.scalatestplus.scalacheck.CheckerAsserting$$anon$2.indicateFailure(CheckerAsserting.scala:251)
[info]   at org.scalatestplus.scalacheck.CheckerAsserting$$anon$2.indicateFailure(CheckerAsserting.scala:238)
[info]   at org.scalatestplus.scalacheck.UnitCheckerAsserting$CheckerAssertingImpl.check(CheckerAsserting.scala:160)
[info]   at org.scalatestplus.scalacheck.Checkers.check(Checkers.scala:371)
[info]   at org.scalatestplus.scalacheck.Checkers.check$(Checkers.scala:369)
[info]   at frameless.TypedDatasetSuite.check(TypedDatasetSuite.scala:63)
[info]   at frameless.CountTests.$anonfun$new$1(CountTests.scala:11)
[info]   at org.scalatest.OutcomeOf.outcomeOf(OutcomeOf.scala:85)
[info]   at org.scalatest.OutcomeOf.outcomeOf$(OutcomeOf.scala:83)
[info]   at org.scalatest.OutcomeOf$.outcomeOf(OutcomeOf.scala:104)
[info]   at org.scalatest.Transformer.apply(Transformer.scala:22)
[info]   at org.scalatest.Transformer.apply(Transformer.scala:20)
[info]   at org.scalatest.funsuite.AnyFunSuiteLike$$anon$1.apply(AnyFunSuiteLike.scala:226)
[info]   at org.scalatest.TestSuite.withFixture(TestSuite.scala:196)
[info]   at org.scalatest.TestSuite.withFixture$(TestSuite.scala:195)
[info]   at org.scalatest.funsuite.AnyFunSuite.withFixture(AnyFunSuite.scala:1564)
[info]   at org.scalatest.funsuite.AnyFunSuiteLike.invokeWithFixture$1(AnyFunSuiteLike.scala:224)
[info]   at org.scalatest.funsuite.AnyFunSuiteLike.$anonfun$runTest$1(AnyFunSuiteLike.scala:236)
[info]   at org.scalatest.SuperEngine.runTestImpl(Engine.scala:306)
[info]   at org.scalatest.funsuite.AnyFunSuiteLike.runTest(AnyFunSuiteLike.scala:236)
[info]   at org.scalatest.funsuite.AnyFunSuiteLike.runTest$(AnyFunSuiteLike.scala:218)
[info]   at org.scalatest.funsuite.AnyFunSuite.runTest(AnyFunSuite.scala:1564)
[info]   at org.scalatest.funsuite.AnyFunSuiteLike.$anonfun$runTests$1(AnyFunSuiteLike.scala:269)
[info]   at org.scalatest.SuperEngine.$anonfun$runTestsInBranch$1(Engine.scala:413)
[info]   at scala.collection.immutable.List.foreach(List.scala:334)
[info]   at org.scalatest.SuperEngine.traverseSubNodes$1(Engine.scala:401)
[info]   at org.scalatest.SuperEngine.runTestsInBranch(Engine.scala:396)
[info]   at org.scalatest.SuperEngine.runTestsImpl(Engine.scala:475)
[info]   at org.scalatest.funsuite.AnyFunSuiteLike.runTests(AnyFunSuiteLike.scala:269)
[info]   at org.scalatest.funsuite.AnyFunSuiteLike.runTests$(AnyFunSuiteLike.scala:268)
[info]   at org.scalatest.funsuite.AnyFunSuite.runTests(AnyFunSuite.scala:1564)
[info]   at org.scalatest.Suite.run(Suite.scala:1114)
[info]   at org.scalatest.Suite.run$(Suite.scala:1096)
[info]   at org.scalatest.funsuite.AnyFunSuite.org$scalatest$funsuite$AnyFunSuiteLike$$super$run(AnyFunSuite.scala:1564)
[info]   at org.scalatest.funsuite.AnyFunSuiteLike.$anonfun$run$1(AnyFunSuiteLike.scala:273)
[info]   at org.scalatest.SuperEngine.runImpl(Engine.scala:535)
[info]   at org.scalatest.funsuite.AnyFunSuiteLike.run(AnyFunSuiteLike.scala:273)
[info]   at org.scalatest.funsuite.AnyFunSuiteLike.run$(AnyFunSuiteLike.scala:272)
[info]   at frameless.TypedDatasetSuite.org$scalatest$BeforeAndAfterAll$$super$run(TypedDatasetSuite.scala:63)
[info]   at org.scalatest.BeforeAndAfterAll.liftedTree1$1(BeforeAndAfterAll.scala:213)
[info]   at org.scalatest.BeforeAndAfterAll.run(BeforeAndAfterAll.scala:210)
[info]   at org.scalatest.BeforeAndAfterAll.run$(BeforeAndAfterAll.scala:208)
[info]   at frameless.TypedDatasetSuite.run(TypedDatasetSuite.scala:63)
[info]   at org.scalatest.tools.Framework.org$scalatest$tools$Framework$$runSuite(Framework.scala:321)
[info]   at org.scalatest.tools.Framework$ScalaTestTask.execute(Framework.scala:517)
[info]   at sbt.ForkMain$Run.lambda$runTest$1(ForkMain.java:414)
[info]   at java.base/java.util.concurrent.FutureTask.run(FutureTask.java:317)
[info]   at java.base/java.util.concurrent.ThreadPoolExecutor.runWorker(ThreadPoolExecutor.java:1144)
[info]   at java.base/java.util.concurrent.ThreadPoolExecutor$Worker.run(ThreadPoolExecutor.java:642)
[info]   at java.base/java.lang.Thread.run(Thread.java:1583)
[info]   Cause: java.lang.IllegalArgumentException: argument type mismatch
[info]   at java.base/jdk.internal.reflect.DirectConstructorHandleAccessor.newInstance(DirectConstructorHandleAccessor.java:65)
[info]   at java.base/java.lang.reflect.Constructor.newInstanceWithCaller(Constructor.java:502)
[info]   at java.base/java.lang.reflect.Constructor.newInstance(Constructor.java:486)
[info]   at frameless.TypedExpressionEncoder$.$anonfun$apply$3(TypedExpressionEncoder.scala:55)
[info]   at scala.Option.map(Option.scala:242)
[info]   at frameless.TypedExpressionEncoder$.apply(TypedExpressionEncoder.scala:54)
[info]   at frameless.TypedDataset$.create(TypedDataset.scala:1325)
[info]   at frameless.CountTests.$anonfun$new$2(CountTests.scala:9)
[info]   at scala.runtime.java8.JFunction0$mcJ$sp.apply(JFunction0$mcJ$sp.scala:17)
[info]   at org.scalacheck.Prop$ExtendedAny.$qmark$eq(Prop.scala:329)
[info]   at frameless.CountTests.prop$1(CountTests.scala:9)
[info]   at frameless.CountTests.$anonfun$new$4(CountTests.scala:11)
[info]   at scala.Function1.$anonfun$andThen$1(Function1.scala:87)
[info]   at org.scalacheck.Prop$.$anonfun$forAllShrink$2(Prop.scala:868)
[info]   at org.scalacheck.Prop$.secure(Prop.scala:484)
[info]   at org.scalacheck.Prop$.result$1(Prop.scala:868)
[info]   at org.scalacheck.Prop$.$anonfun$forAllShrink$1(Prop.scala:915)
[info]   at org.scalacheck.Prop$.$anonfun$apply$1(Prop.scala:305)
[info]   at org.scalacheck.PropFromFun.apply(Prop.scala:20)
[info]   at org.scalacheck.Test$.workerFun$1(Test.scala:486)
[info]   at org.scalacheck.Test$.$anonfun$check$4(Test.scala:518)
[info]   at org.scalacheck.Test$.$anonfun$check$4$adapted(Test.scala:518)
[info]   at org.scalacheck.Platform$.runWorkers(Platform.scala:42)
[info]   at org.scalacheck.Test$.check(Test.scala:518)
[info]   at org.scalatestplus.scalacheck.UnitCheckerAsserting$CheckerAssertingImpl.check(CheckerAsserting.scala:90)
[info]   at org.scalatestplus.scalacheck.Checkers.check(Checkers.scala:371)
[info]   at org.scalatestplus.scalacheck.Checkers.check$(Checkers.scala:369)
[info]   at frameless.TypedDatasetSuite.check(TypedDatasetSuite.scala:63)
[info]   at frameless.CountTests.$anonfun$new$1(CountTests.scala:11)
[info]   at org.scalatest.OutcomeOf.outcomeOf(OutcomeOf.scala:85)
[info]   at org.scalatest.OutcomeOf.outcomeOf$(OutcomeOf.scala:83)
[info]   at org.scalatest.OutcomeOf$.outcomeOf(OutcomeOf.scala:104)
[info]   at org.scalatest.Transformer.apply(Transformer.scala:22)
[info]   at org.scalatest.Transformer.apply(Transformer.scala:20)
[info]   at org.scalatest.funsuite.AnyFunSuiteLike$$anon$1.apply(AnyFunSuiteLike.scala:226)
[info]   at org.scalatest.TestSuite.withFixture(TestSuite.scala:196)
[info]   at org.scalatest.TestSuite.withFixture$(TestSuite.scala:195)
[info]   at org.scalatest.funsuite.AnyFunSuite.withFixture(AnyFunSuite.scala:1564)
[info]   at org.scalatest.funsuite.AnyFunSuiteLike.invokeWithFixture$1(AnyFunSuiteLike.scala:224)
[info]   at org.scalatest.funsuite.AnyFunSuiteLike.$anonfun$runTest$1(AnyFunSuiteLike.scala:236)
[info]   at org.scalatest.SuperEngine.runTestImpl(Engine.scala:306)
[info]   at org.scalatest.funsuite.AnyFunSuiteLike.runTest(AnyFunSuiteLike.scala:236)
[info]   at org.scalatest.funsuite.AnyFunSuiteLike.runTest$(AnyFunSuiteLike.scala:218)
[info]   at org.scalatest.funsuite.AnyFunSuite.runTest(AnyFunSuite.scala:1564)
[info]   at org.scalatest.funsuite.AnyFunSuiteLike.$anonfun$runTests$1(AnyFunSuiteLike.scala:269)
[info]   at org.scalatest.SuperEngine.$anonfun$runTestsInBranch$1(Engine.scala:413)
[info]   at scala.collection.immutable.List.foreach(List.scala:334)
[info]   at org.scalatest.SuperEngine.traverseSubNodes$1(Engine.scala:401)
[info]   at org.scalatest.SuperEngine.runTestsInBranch(Engine.scala:396)
[info]   at org.scalatest.SuperEngine.runTestsImpl(Engine.scala:475)
[info]   at org.scalatest.funsuite.AnyFunSuiteLike.runTests(AnyFunSuiteLike.scala:269)
[info]   at org.scalatest.funsuite.AnyFunSuiteLike.runTests$(AnyFunSuiteLike.scala:268)
[info]   at org.scalatest.funsuite.AnyFunSuite.runTests(AnyFunSuite.scala:1564)
[info]   at org.scalatest.Suite.run(Suite.scala:1114)
[info]   at org.scalatest.Suite.run$(Suite.scala:1096)
[info]   at org.scalatest.funsuite.AnyFunSuite.org$scalatest$funsuite$AnyFunSuiteLike$$super$run(AnyFunSuite.scala:1564)
[info]   at org.scalatest.funsuite.AnyFunSuiteLike.$anonfun$run$1(AnyFunSuiteLike.scala:273)
[info]   at org.scalatest.SuperEngine.runImpl(Engine.scala:535)
[info]   at org.scalatest.funsuite.AnyFunSuiteLike.run(AnyFunSuiteLike.scala:273)
[info]   at org.scalatest.funsuite.AnyFunSuiteLike.run$(AnyFunSuiteLike.scala:272)
[info]   at frameless.TypedDatasetSuite.org$scalatest$BeforeAndAfterAll$$super$run(TypedDatasetSuite.scala:63)
[info]   at org.scalatest.BeforeAndAfterAll.liftedTree1$1(BeforeAndAfterAll.scala:213)
[info]   at org.scalatest.BeforeAndAfterAll.run(BeforeAndAfterAll.scala:210)
[info]   at org.scalatest.BeforeAndAfterAll.run$(BeforeAndAfterAll.scala:208)
[info]   at frameless.TypedDatasetSuite.run(TypedDatasetSuite.scala:63)
[info]   at org.scalatest.tools.Framework.org$scalatest$tools$Framework$$runSuite(Framework.scala:321)
[info]   at org.scalatest.tools.Framework$ScalaTestTask.execute(Framework.scala:517)
[info]   at sbt.ForkMain$Run.lambda$runTest$1(ForkMain.java:414)
[info]   at java.base/java.util.concurrent.FutureTask.run(FutureTask.java:317)
[info]   at java.base/java.util.concurrent.ThreadPoolExecutor.runWorker(ThreadPoolExecutor.java:1144)
[info]   at java.base/java.util.concurrent.ThreadPoolExecutor$Worker.run(ThreadPoolExecutor.java:642)
[info]   at java.base/java.lang.Thread.run(Thread.java:1583)
[info]   Cause: java.lang.ClassCastException: Cannot cast scala.reflect.ManifestFactory$IntManifest to org.apache.spark.sql.catalyst.expressions.Expression
[info]   at java.base/java.lang.Class.cast(Class.java:4067)
[info]   at java.base/jdk.internal.reflect.DirectConstructorHandleAccessor.newInstance(DirectConstructorHandleAccessor.java:62)
[info]   at java.base/java.lang.reflect.Constructor.newInstanceWithCaller(Constructor.java:502)
[info]   at java.base/java.lang.reflect.Constructor.newInstance(Constructor.java:486)
[info]   at frameless.TypedExpressionEncoder$.$anonfun$apply$3(TypedExpressionEncoder.scala:55)
[info]   at scala.Option.map(Option.scala:242)
[info]   at frameless.TypedExpressionEncoder$.apply(TypedExpressionEncoder.scala:54)
[info]   at frameless.TypedDataset$.create(TypedDataset.scala:1325)
[info]   at frameless.CountTests.$anonfun$new$2(CountTests.scala:9)
[info]   at scala.runtime.java8.JFunction0$mcJ$sp.apply(JFunction0$mcJ$sp.scala:17)
[info]   at org.scalacheck.Prop$ExtendedAny.$qmark$eq(Prop.scala:329)
[info]   at frameless.CountTests.prop$1(CountTests.scala:9)
[info]   at frameless.CountTests.$anonfun$new$4(CountTests.scala:11)
[info]   at scala.Function1.$anonfun$andThen$1(Function1.scala:87)
[info]   at org.scalacheck.Prop$.$anonfun$forAllShrink$2(Prop.scala:868)
[info]   at org.scalacheck.Prop$.secure(Prop.scala:484)
[info]   at org.scalacheck.Prop$.result$1(Prop.scala:868)
[info]   at org.scalacheck.Prop$.$anonfun$forAllShrink$1(Prop.scala:915)
[info]   at org.scalacheck.Prop$.$anonfun$apply$1(Prop.scala:305)
[info]   at org.scalacheck.PropFromFun.apply(Prop.scala:20)
[info]   at org.scalacheck.Test$.workerFun$1(Test.scala:486)
[info]   at org.scalacheck.Test$.$anonfun$check$4(Test.scala:518)
[info]   at org.scalacheck.Test$.$anonfun$check$4$adapted(Test.scala:518)
[info]   at org.scalacheck.Platform$.runWorkers(Platform.scala:42)
[info]   at org.scalacheck.Test$.check(Test.scala:518)
[info]   at org.scalatestplus.scalacheck.UnitCheckerAsserting$CheckerAssertingImpl.check(CheckerAsserting.scala:90)
[info]   at org.scalatestplus.scalacheck.Checkers.check(Checkers.scala:371)
[info]   at org.scalatestplus.scalacheck.Checkers.check$(Checkers.scala:369)
[info]   at frameless.TypedDatasetSuite.check(TypedDatasetSuite.scala:63)
[info]   at frameless.CountTests.$anonfun$new$1(CountTests.scala:11)
[info]   at org.scalatest.OutcomeOf.outcomeOf(OutcomeOf.scala:85)
[info]   at org.scalatest.OutcomeOf.outcomeOf$(OutcomeOf.scala:83)
[info]   at org.scalatest.OutcomeOf$.outcomeOf(OutcomeOf.scala:104)
[info]   at org.scalatest.Transformer.apply(Transformer.scala:22)
[info]   at org.scalatest.Transformer.apply(Transformer.scala:20)
[info]   at org.scalatest.funsuite.AnyFunSuiteLike$$anon$1.apply(AnyFunSuiteLike.scala:226)
[info]   at org.scalatest.TestSuite.withFixture(TestSuite.scala:196)
[info]   at org.scalatest.TestSuite.withFixture$(TestSuite.scala:195)
[info]   at org.scalatest.funsuite.AnyFunSuite.withFixture(AnyFunSuite.scala:1564)
[info]   at org.scalatest.funsuite.AnyFunSuiteLike.invokeWithFixture$1(AnyFunSuiteLike.scala:224)
[info]   at org.scalatest.funsuite.AnyFunSuiteLike.$anonfun$runTest$1(AnyFunSuiteLike.scala:236)
[info]   at org.scalatest.SuperEngine.runTestImpl(Engine.scala:306)
[info]   at org.scalatest.funsuite.AnyFunSuiteLike.runTest(AnyFunSuiteLike.scala:236)
[info]   at org.scalatest.funsuite.AnyFunSuiteLike.runTest$(AnyFunSuiteLike.scala:218)
[info]   at org.scalatest.funsuite.AnyFunSuite.runTest(AnyFunSuite.scala:1564)
[info]   at org.scalatest.funsuite.AnyFunSuiteLike.$anonfun$runTests$1(AnyFunSuiteLike.scala:269)
[info]   at org.scalatest.SuperEngine.$anonfun$runTestsInBranch$1(Engine.scala:413)
[info]   at scala.collection.immutable.List.foreach(List.scala:334)
[info]   at org.scalatest.SuperEngine.traverseSubNodes$1(Engine.scala:401)
[info]   at org.scalatest.SuperEngine.runTestsInBranch(Engine.scala:396)
[info]   at org.scalatest.SuperEngine.runTestsImpl(Engine.scala:475)
[info]   at org.scalatest.funsuite.AnyFunSuiteLike.runTests(AnyFunSuiteLike.scala:269)
[info]   at org.scalatest.funsuite.AnyFunSuiteLike.runTests$(AnyFunSuiteLike.scala:268)
[info]   at org.scalatest.funsuite.AnyFunSuite.runTests(AnyFunSuite.scala:1564)
[info]   at org.scalatest.Suite.run(Suite.scala:1114)
[info]   at org.scalatest.Suite.run$(Suite.scala:1096)
[info]   at org.scalatest.funsuite.AnyFunSuite.org$scalatest$funsuite$AnyFunSuiteLike$$super$run(AnyFunSuite.scala:1564)
[info]   at org.scalatest.funsuite.AnyFunSuiteLike.$anonfun$run$1(AnyFunSuiteLike.scala:273)
[info]   at org.scalatest.SuperEngine.runImpl(Engine.scala:535)
[info]   at org.scalatest.funsuite.AnyFunSuiteLike.run(AnyFunSuiteLike.scala:273)
[info]   at org.scalatest.funsuite.AnyFunSuiteLike.run$(AnyFunSuiteLike.scala:272)
[info]   at frameless.TypedDatasetSuite.org$scalatest$BeforeAndAfterAll$$super$run(TypedDatasetSuite.scala:63)
[info]   at org.scalatest.BeforeAndAfterAll.liftedTree1$1(BeforeAndAfterAll.scala:213)
[info]   at org.scalatest.BeforeAndAfterAll.run(BeforeAndAfterAll.scala:210)
[info]   at org.scalatest.BeforeAndAfterAll.run$(BeforeAndAfterAll.scala:208)
[info]   at frameless.TypedDatasetSuite.run(TypedDatasetSuite.scala:63)
[info]   at org.scalatest.tools.Framework.org$scalatest$tools$Framework$$runSuite(Framework.scala:321)
[info]   at org.scalatest.tools.Framework$ScalaTestTask.execute(Framework.scala:517)
[info]   at sbt.ForkMain$Run.lambda$runTest$1(ForkMain.java:414)
[info]   at java.base/java.util.concurrent.FutureTask.run(FutureTask.java:317)
[info]   at java.base/java.util.concurrent.ThreadPoolExecutor.runWorker(ThreadPoolExecutor.java:1144)
[info]   at java.base/java.util.concurrent.ThreadPoolExecutor$Worker.run(ThreadPoolExecutor.java:642)
[info]   at java.base/java.lang.Thread.run(Thread.java:1583)
[info] CheckpointTests:
[info] - checkpoint *** FAILED *** (1 millisecond)
[info]   IllegalArgumentException was thrown during property evaluation.
[info]     Message: argument type mismatch
[info]     Occurred when passed generated values (
[info]       arg0 = Vector(),
[info]       arg1 = true
[info]     )
[info]   org.scalatest.exceptions.GeneratorDrivenPropertyCheckFailedException:
[info]   at org.scalatestplus.scalacheck.CheckerAsserting$$anon$2.indicateFailure(CheckerAsserting.scala:251)
[info]   at org.scalatestplus.scalacheck.CheckerAsserting$$anon$2.indicateFailure(CheckerAsserting.scala:238)
[info]   at org.scalatestplus.scalacheck.UnitCheckerAsserting$CheckerAssertingImpl.check(CheckerAsserting.scala:160)
[info]   at org.scalatestplus.scalacheck.Checkers.check(Checkers.scala:371)
[info]   at org.scalatestplus.scalacheck.Checkers.check$(Checkers.scala:369)
[info]   at frameless.TypedDatasetSuite.check(TypedDatasetSuite.scala:63)
[info]   at frameless.CheckpointTests.$anonfun$new$1(CheckpointTests.scala:18)
[info]   at org.scalatest.OutcomeOf.outcomeOf(OutcomeOf.scala:85)
[info]   at org.scalatest.OutcomeOf.outcomeOf$(OutcomeOf.scala:83)
[info]   at org.scalatest.OutcomeOf$.outcomeOf(OutcomeOf.scala:104)
[info]   at org.scalatest.Transformer.apply(Transformer.scala:22)
[info]   at org.scalatest.Transformer.apply(Transformer.scala:20)
[info]   at org.scalatest.funsuite.AnyFunSuiteLike$$anon$1.apply(AnyFunSuiteLike.scala:226)
[info]   at org.scalatest.TestSuite.withFixture(TestSuite.scala:196)
[info]   at org.scalatest.TestSuite.withFixture$(TestSuite.scala:195)
[info]   at org.scalatest.funsuite.AnyFunSuite.withFixture(AnyFunSuite.scala:1564)
[info]   at org.scalatest.funsuite.AnyFunSuiteLike.invokeWithFixture$1(AnyFunSuiteLike.scala:224)
[info]   at org.scalatest.funsuite.AnyFunSuiteLike.$anonfun$runTest$1(AnyFunSuiteLike.scala:236)
[info]   at org.scalatest.SuperEngine.runTestImpl(Engine.scala:306)
[info]   at org.scalatest.funsuite.AnyFunSuiteLike.runTest(AnyFunSuiteLike.scala:236)
[info]   at org.scalatest.funsuite.AnyFunSuiteLike.runTest$(AnyFunSuiteLike.scala:218)
[info]   at org.scalatest.funsuite.AnyFunSuite.runTest(AnyFunSuite.scala:1564)
[info]   at org.scalatest.funsuite.AnyFunSuiteLike.$anonfun$runTests$1(AnyFunSuiteLike.scala:269)
[info]   at org.scalatest.SuperEngine.$anonfun$runTestsInBranch$1(Engine.scala:413)
[info]   at scala.collection.immutable.List.foreach(List.scala:334)
[info]   at org.scalatest.SuperEngine.traverseSubNodes$1(Engine.scala:401)
[info]   at org.scalatest.SuperEngine.runTestsInBranch(Engine.scala:396)
[info]   at org.scalatest.SuperEngine.runTestsImpl(Engine.scala:475)
[info]   at org.scalatest.funsuite.AnyFunSuiteLike.runTests(AnyFunSuiteLike.scala:269)
[info]   at org.scalatest.funsuite.AnyFunSuiteLike.runTests$(AnyFunSuiteLike.scala:268)
[info]   at org.scalatest.funsuite.AnyFunSuite.runTests(AnyFunSuite.scala:1564)
[info]   at org.scalatest.Suite.run(Suite.scala:1114)
[info]   at org.scalatest.Suite.run$(Suite.scala:1096)
[info]   at org.scalatest.funsuite.AnyFunSuite.org$scalatest$funsuite$AnyFunSuiteLike$$super$run(AnyFunSuite.scala:1564)
[info]   at org.scalatest.funsuite.AnyFunSuiteLike.$anonfun$run$1(AnyFunSuiteLike.scala:273)
[info]   at org.scalatest.SuperEngine.runImpl(Engine.scala:535)
[info]   at org.scalatest.funsuite.AnyFunSuiteLike.run(AnyFunSuiteLike.scala:273)
[info]   at org.scalatest.funsuite.AnyFunSuiteLike.run$(AnyFunSuiteLike.scala:272)
[info]   at frameless.TypedDatasetSuite.org$scalatest$BeforeAndAfterAll$$super$run(TypedDatasetSuite.scala:63)
[info]   at org.scalatest.BeforeAndAfterAll.liftedTree1$1(BeforeAndAfterAll.scala:213)
[info]   at org.scalatest.BeforeAndAfterAll.run(BeforeAndAfterAll.scala:210)
[info]   at org.scalatest.BeforeAndAfterAll.run$(BeforeAndAfterAll.scala:208)
[info]   at frameless.TypedDatasetSuite.run(TypedDatasetSuite.scala:63)
[info]   at org.scalatest.tools.Framework.org$scalatest$tools$Framework$$runSuite(Framework.scala:321)
[info]   at org.scalatest.tools.Framework$ScalaTestTask.execute(Framework.scala:517)
[info]   at sbt.ForkMain$Run.lambda$runTest$1(ForkMain.java:414)
[info]   at java.base/java.util.concurrent.FutureTask.run(FutureTask.java:317)
[info]   at java.base/java.util.concurrent.ThreadPoolExecutor.runWorker(ThreadPoolExecutor.java:1144)
[info]   at java.base/java.util.concurrent.ThreadPoolExecutor$Worker.run(ThreadPoolExecutor.java:642)
[info]   at java.base/java.lang.Thread.run(Thread.java:1583)
[info]   Cause: java.lang.IllegalArgumentException: argument type mismatch
[info]   at java.base/jdk.internal.reflect.DirectConstructorHandleAccessor.newInstance(DirectConstructorHandleAccessor.java:65)
[info]   at java.base/java.lang.reflect.Constructor.newInstanceWithCaller(Constructor.java:502)
[info]   at java.base/java.lang.reflect.Constructor.newInstance(Constructor.java:486)
[info]   at frameless.TypedExpressionEncoder$.$anonfun$apply$3(TypedExpressionEncoder.scala:55)
[info]   at scala.Option.map(Option.scala:242)
[info]   at frameless.TypedExpressionEncoder$.apply(TypedExpressionEncoder.scala:54)
[info]   at frameless.TypedDataset$.create(TypedDataset.scala:1325)
[info]   at frameless.CheckpointTests.prop$1(CheckpointTests.scala:10)
[info]   at frameless.CheckpointTests.$anonfun$new$4(CheckpointTests.scala:18)
[info]   at frameless.CheckpointTests.$anonfun$new$4$adapted(CheckpointTests.scala:18)
[info]   at org.scalacheck.Prop$.$anonfun$forAll$18(Prop.scala:1131)
[info]   at scala.Function1.$anonfun$andThen$1(Function1.scala:87)
[info]   at org.scalacheck.Prop$.$anonfun$forAllShrink$2(Prop.scala:868)
[info]   at org.scalacheck.Prop$.secure(Prop.scala:484)
[info]   at org.scalacheck.Prop$.result$1(Prop.scala:868)
[info]   at org.scalacheck.Prop$.$anonfun$forAllShrink$1(Prop.scala:915)
[info]   at org.scalacheck.Prop$.$anonfun$apply$1(Prop.scala:305)
[info]   at org.scalacheck.PropFromFun.apply(Prop.scala:20)
[info]   at org.scalacheck.Prop$.result$1(Prop.scala:869)
[info]   at org.scalacheck.Prop$.$anonfun$forAllShrink$1(Prop.scala:915)
[info]   at org.scalacheck.Prop$.$anonfun$apply$1(Prop.scala:305)
[info]   at org.scalacheck.PropFromFun.apply(Prop.scala:20)
[info]   at org.scalacheck.Test$.workerFun$1(Test.scala:486)
[info]   at org.scalacheck.Test$.$anonfun$check$4(Test.scala:518)
[info]   at org.scalacheck.Test$.$anonfun$check$4$adapted(Test.scala:518)
[info]   at org.scalacheck.Platform$.runWorkers(Platform.scala:42)
[info]   at org.scalacheck.Test$.check(Test.scala:518)
[info]   at org.scalatestplus.scalacheck.UnitCheckerAsserting$CheckerAssertingImpl.check(CheckerAsserting.scala:90)
[info]   at org.scalatestplus.scalacheck.Checkers.check(Checkers.scala:371)
[info]   at org.scalatestplus.scalacheck.Checkers.check$(Checkers.scala:369)
[info]   at frameless.TypedDatasetSuite.check(TypedDatasetSuite.scala:63)
[info]   at frameless.CheckpointTests.$anonfun$new$1(CheckpointTests.scala:18)
[info]   at org.scalatest.OutcomeOf.outcomeOf(OutcomeOf.scala:85)
[info]   at org.scalatest.OutcomeOf.outcomeOf$(OutcomeOf.scala:83)
[info]   at org.scalatest.OutcomeOf$.outcomeOf(OutcomeOf.scala:104)
[info]   at org.scalatest.Transformer.apply(Transformer.scala:22)
[info]   at org.scalatest.Transformer.apply(Transformer.scala:20)
[info]   at org.scalatest.funsuite.AnyFunSuiteLike$$anon$1.apply(AnyFunSuiteLike.scala:226)
[info]   at org.scalatest.TestSuite.withFixture(TestSuite.scala:196)
[info]   at org.scalatest.TestSuite.withFixture$(TestSuite.scala:195)
[info]   at org.scalatest.funsuite.AnyFunSuite.withFixture(AnyFunSuite.scala:1564)
[info]   at org.scalatest.funsuite.AnyFunSuiteLike.invokeWithFixture$1(AnyFunSuiteLike.scala:224)
[info]   at org.scalatest.funsuite.AnyFunSuiteLike.$anonfun$runTest$1(AnyFunSuiteLike.scala:236)
[info]   at org.scalatest.SuperEngine.runTestImpl(Engine.scala:306)
[info]   at org.scalatest.funsuite.AnyFunSuiteLike.runTest(AnyFunSuiteLike.scala:236)
[info]   at org.scalatest.funsuite.AnyFunSuiteLike.runTest$(AnyFunSuiteLike.scala:218)
[info]   at org.scalatest.funsuite.AnyFunSuite.runTest(AnyFunSuite.scala:1564)
[info]   at org.scalatest.funsuite.AnyFunSuiteLike.$anonfun$runTests$1(AnyFunSuiteLike.scala:269)
[info]   at org.scalatest.SuperEngine.$anonfun$runTestsInBranch$1(Engine.scala:413)
[info]   at scala.collection.immutable.List.foreach(List.scala:334)
[info]   at org.scalatest.SuperEngine.traverseSubNodes$1(Engine.scala:401)
[info]   at org.scalatest.SuperEngine.runTestsInBranch(Engine.scala:396)
[info]   at org.scalatest.SuperEngine.runTestsImpl(Engine.scala:475)
[info]   at org.scalatest.funsuite.AnyFunSuiteLike.runTests(AnyFunSuiteLike.scala:269)
[info]   at org.scalatest.funsuite.AnyFunSuiteLike.runTests$(AnyFunSuiteLike.scala:268)
[info]   at org.scalatest.funsuite.AnyFunSuite.runTests(AnyFunSuite.scala:1564)
[info]   at org.scalatest.Suite.run(Suite.scala:1114)
[info]   at org.scalatest.Suite.run$(Suite.scala:1096)
[info]   at org.scalatest.funsuite.AnyFunSuite.org$scalatest$funsuite$AnyFunSuiteLike$$super$run(AnyFunSuite.scala:1564)
[info]   at org.scalatest.funsuite.AnyFunSuiteLike.$anonfun$run$1(AnyFunSuiteLike.scala:273)
[info]   at org.scalatest.SuperEngine.runImpl(Engine.scala:535)
[info]   at org.scalatest.funsuite.AnyFunSuiteLike.run(AnyFunSuiteLike.scala:273)
[info]   at org.scalatest.funsuite.AnyFunSuiteLike.run$(AnyFunSuiteLike.scala:272)
[info]   at frameless.TypedDatasetSuite.org$scalatest$BeforeAndAfterAll$$super$run(TypedDatasetSuite.scala:63)
[info]   at org.scalatest.BeforeAndAfterAll.liftedTree1$1(BeforeAndAfterAll.scala:213)
[info]   at org.scalatest.BeforeAndAfterAll.run(BeforeAndAfterAll.scala:210)
[info]   at org.scalatest.BeforeAndAfterAll.run$(BeforeAndAfterAll.scala:208)
[info]   at frameless.TypedDatasetSuite.run(TypedDatasetSuite.scala:63)
[info]   at org.scalatest.tools.Framework.org$scalatest$tools$Framework$$runSuite(Framework.scala:321)
[info]   at org.scalatest.tools.Framework$ScalaTestTask.execute(Framework.scala:517)
[info]   at sbt.ForkMain$Run.lambda$runTest$1(ForkMain.java:414)
[info]   at java.base/java.util.concurrent.FutureTask.run(FutureTask.java:317)
[info]   at java.base/java.util.concurrent.ThreadPoolExecutor.runWorker(ThreadPoolExecutor.java:1144)
[info]   at java.base/java.util.concurrent.ThreadPoolExecutor$Worker.run(ThreadPoolExecutor.java:642)
[info]   at java.base/java.lang.Thread.run(Thread.java:1583)
[info]   Cause: java.lang.ClassCastException: Cannot cast scala.reflect.ManifestFactory$IntManifest to org.apache.spark.sql.catalyst.expressions.Expression
[info]   at java.base/java.lang.Class.cast(Class.java:4067)
[info]   at java.base/jdk.internal.reflect.DirectConstructorHandleAccessor.newInstance(DirectConstructorHandleAccessor.java:62)
[info]   at java.base/java.lang.reflect.Constructor.newInstanceWithCaller(Constructor.java:502)
[info]   at java.base/java.lang.reflect.Constructor.newInstance(Constructor.java:486)
[info]   at frameless.TypedExpressionEncoder$.$anonfun$apply$3(TypedExpressionEncoder.scala:55)
[info]   at scala.Option.map(Option.scala:242)
[info]   at frameless.TypedExpressionEncoder$.apply(TypedExpressionEncoder.scala:54)
[info]   at frameless.TypedDataset$.create(TypedDataset.scala:1325)
[info]   at frameless.CheckpointTests.prop$1(CheckpointTests.scala:10)
[info]   at frameless.CheckpointTests.$anonfun$new$4(CheckpointTests.scala:18)
[info]   at frameless.CheckpointTests.$anonfun$new$4$adapted(CheckpointTests.scala:18)
[info]   at org.scalacheck.Prop$.$anonfun$forAll$18(Prop.scala:1131)
[info]   at scala.Function1.$anonfun$andThen$1(Function1.scala:87)
[info]   at org.scalacheck.Prop$.$anonfun$forAllShrink$2(Prop.scala:868)
[info]   at org.scalacheck.Prop$.secure(Prop.scala:484)
[info]   at org.scalacheck.Prop$.result$1(Prop.scala:868)
[info]   at org.scalacheck.Prop$.$anonfun$forAllShrink$1(Prop.scala:915)
[info]   at org.scalacheck.Prop$.$anonfun$apply$1(Prop.scala:305)
[info]   at org.scalacheck.PropFromFun.apply(Prop.scala:20)
[info]   at org.scalacheck.Prop$.result$1(Prop.scala:869)
[info]   at org.scalacheck.Prop$.$anonfun$forAllShrink$1(Prop.scala:915)
[info]   at org.scalacheck.Prop$.$anonfun$apply$1(Prop.scala:305)
[info]   at org.scalacheck.PropFromFun.apply(Prop.scala:20)
[info]   at org.scalacheck.Test$.workerFun$1(Test.scala:486)
[info]   at org.scalacheck.Test$.$anonfun$check$4(Test.scala:518)
[info]   at org.scalacheck.Test$.$anonfun$check$4$adapted(Test.scala:518)
[info]   at org.scalacheck.Platform$.runWorkers(Platform.scala:42)
[info]   at org.scalacheck.Test$.check(Test.scala:518)
[info]   at org.scalatestplus.scalacheck.UnitCheckerAsserting$CheckerAssertingImpl.check(CheckerAsserting.scala:90)
[info]   at org.scalatestplus.scalacheck.Checkers.check(Checkers.scala:371)
[info]   at org.scalatestplus.scalacheck.Checkers.check$(Checkers.scala:369)
[info]   at frameless.TypedDatasetSuite.check(TypedDatasetSuite.scala:63)
[info]   at frameless.CheckpointTests.$anonfun$new$1(CheckpointTests.scala:18)
[info]   at org.scalatest.OutcomeOf.outcomeOf(OutcomeOf.scala:85)
[info]   at org.scalatest.OutcomeOf.outcomeOf$(OutcomeOf.scala:83)
[info]   at org.scalatest.OutcomeOf$.outcomeOf(OutcomeOf.scala:104)
[info]   at org.scalatest.Transformer.apply(Transformer.scala:22)
[info]   at org.scalatest.Transformer.apply(Transformer.scala:20)
[info]   at org.scalatest.funsuite.AnyFunSuiteLike$$anon$1.apply(AnyFunSuiteLike.scala:226)
[info]   at org.scalatest.TestSuite.withFixture(TestSuite.scala:196)
[info]   at org.scalatest.TestSuite.withFixture$(TestSuite.scala:195)
[info]   at org.scalatest.funsuite.AnyFunSuite.withFixture(AnyFunSuite.scala:1564)
[info]   at org.scalatest.funsuite.AnyFunSuiteLike.invokeWithFixture$1(AnyFunSuiteLike.scala:224)
[info]   at org.scalatest.funsuite.AnyFunSuiteLike.$anonfun$runTest$1(AnyFunSuiteLike.scala:236)
[info]   at org.scalatest.SuperEngine.runTestImpl(Engine.scala:306)
[info]   at org.scalatest.funsuite.AnyFunSuiteLike.runTest(AnyFunSuiteLike.scala:236)
[info]   at org.scalatest.funsuite.AnyFunSuiteLike.runTest$(AnyFunSuiteLike.scala:218)
[info]   at org.scalatest.funsuite.AnyFunSuite.runTest(AnyFunSuite.scala:1564)
[info]   at org.scalatest.funsuite.AnyFunSuiteLike.$anonfun$runTests$1(AnyFunSuiteLike.scala:269)
[info]   at org.scalatest.SuperEngine.$anonfun$runTestsInBranch$1(Engine.scala:413)
[info]   at scala.collection.immutable.List.foreach(List.scala:334)
[info]   at org.scalatest.SuperEngine.traverseSubNodes$1(Engine.scala:401)
[info]   at org.scalatest.SuperEngine.runTestsInBranch(Engine.scala:396)
[info]   at org.scalatest.SuperEngine.runTestsImpl(Engine.scala:475)
[info]   at org.scalatest.funsuite.AnyFunSuiteLike.runTests(AnyFunSuiteLike.scala:269)
[info]   at org.scalatest.funsuite.AnyFunSuiteLike.runTests$(AnyFunSuiteLike.scala:268)
[info]   at org.scalatest.funsuite.AnyFunSuite.runTests(AnyFunSuite.scala:1564)
[info]   at org.scalatest.Suite.run(Suite.scala:1114)
[info]   at org.scalatest.Suite.run$(Suite.scala:1096)
[info]   at org.scalatest.funsuite.AnyFunSuite.org$scalatest$funsuite$AnyFunSuiteLike$$super$run(AnyFunSuite.scala:1564)
[info]   at org.scalatest.funsuite.AnyFunSuiteLike.$anonfun$run$1(AnyFunSuiteLike.scala:273)
[info]   at org.scalatest.SuperEngine.runImpl(Engine.scala:535)
[info]   at org.scalatest.funsuite.AnyFunSuiteLike.run(AnyFunSuiteLike.scala:273)
[info]   at org.scalatest.funsuite.AnyFunSuiteLike.run$(AnyFunSuiteLike.scala:272)
[info]   at frameless.TypedDatasetSuite.org$scalatest$BeforeAndAfterAll$$super$run(TypedDatasetSuite.scala:63)
[info]   at org.scalatest.BeforeAndAfterAll.liftedTree1$1(BeforeAndAfterAll.scala:213)
[info]   at org.scalatest.BeforeAndAfterAll.run(BeforeAndAfterAll.scala:210)
[info]   at org.scalatest.BeforeAndAfterAll.run$(BeforeAndAfterAll.scala:208)
[info]   at frameless.TypedDatasetSuite.run(TypedDatasetSuite.scala:63)
[info]   at org.scalatest.tools.Framework.org$scalatest$tools$Framework$$runSuite(Framework.scala:321)
[info]   at org.scalatest.tools.Framework$ScalaTestTask.execute(Framework.scala:517)
[info]   at sbt.ForkMain$Run.lambda$runTest$1(ForkMain.java:414)
[info]   at java.base/java.util.concurrent.FutureTask.run(FutureTask.java:317)
[info]   at java.base/java.util.concurrent.ThreadPoolExecutor.runWorker(ThreadPoolExecutor.java:1144)
[info]   at java.base/java.util.concurrent.ThreadPoolExecutor$Worker.run(ThreadPoolExecutor.java:642)
[info]   at java.base/java.lang.Thread.run(Thread.java:1583)
[info] ToLocalIteratorTests:
[info] - toLocalIterator *** FAILED *** (1 millisecond)
[info]   IllegalArgumentException was thrown during property evaluation.
[info]     Message: argument type mismatch
[info]     Occurred when passed generated values (
[info]       arg0 = Vector()
[info]     )
[info]   org.scalatest.exceptions.GeneratorDrivenPropertyCheckFailedException:
[info]   at org.scalatestplus.scalacheck.CheckerAsserting$$anon$2.indicateFailure(CheckerAsserting.scala:251)
[info]   at org.scalatestplus.scalacheck.CheckerAsserting$$anon$2.indicateFailure(CheckerAsserting.scala:238)
[info]   at org.scalatestplus.scalacheck.UnitCheckerAsserting$CheckerAssertingImpl.check(CheckerAsserting.scala:160)
[info]   at org.scalatestplus.scalacheck.Checkers.check(Checkers.scala:371)
[info]   at org.scalatestplus.scalacheck.Checkers.check$(Checkers.scala:369)
[info]   at frameless.TypedDatasetSuite.check(TypedDatasetSuite.scala:63)
[info]   at frameless.ToLocalIteratorTests.$anonfun$new$1(ToLocalIteratorTests.scala:16)
[info]   at org.scalatest.OutcomeOf.outcomeOf(OutcomeOf.scala:85)
[info]   at org.scalatest.OutcomeOf.outcomeOf$(OutcomeOf.scala:83)
[info]   at org.scalatest.OutcomeOf$.outcomeOf(OutcomeOf.scala:104)
[info]   at org.scalatest.Transformer.apply(Transformer.scala:22)
[info]   at org.scalatest.Transformer.apply(Transformer.scala:20)
[info]   at org.scalatest.funsuite.AnyFunSuiteLike$$anon$1.apply(AnyFunSuiteLike.scala:226)
[info]   at org.scalatest.TestSuite.withFixture(TestSuite.scala:196)
[info]   at org.scalatest.TestSuite.withFixture$(TestSuite.scala:195)
[info]   at org.scalatest.funsuite.AnyFunSuite.withFixture(AnyFunSuite.scala:1564)
[info]   at org.scalatest.funsuite.AnyFunSuiteLike.invokeWithFixture$1(AnyFunSuiteLike.scala:224)
[info]   at org.scalatest.funsuite.AnyFunSuiteLike.$anonfun$runTest$1(AnyFunSuiteLike.scala:236)
[info]   at org.scalatest.SuperEngine.runTestImpl(Engine.scala:306)
[info]   at org.scalatest.funsuite.AnyFunSuiteLike.runTest(AnyFunSuiteLike.scala:236)
[info]   at org.scalatest.funsuite.AnyFunSuiteLike.runTest$(AnyFunSuiteLike.scala:218)
[info]   at org.scalatest.funsuite.AnyFunSuite.runTest(AnyFunSuite.scala:1564)
[info]   at org.scalatest.funsuite.AnyFunSuiteLike.$anonfun$runTests$1(AnyFunSuiteLike.scala:269)
[info]   at org.scalatest.SuperEngine.$anonfun$runTestsInBranch$1(Engine.scala:413)
[info]   at scala.collection.immutable.List.foreach(List.scala:334)
[info]   at org.scalatest.SuperEngine.traverseSubNodes$1(Engine.scala:401)
[info]   at org.scalatest.SuperEngine.runTestsInBranch(Engine.scala:396)
[info]   at org.scalatest.SuperEngine.runTestsImpl(Engine.scala:475)
[info]   at org.scalatest.funsuite.AnyFunSuiteLike.runTests(AnyFunSuiteLike.scala:269)
[info]   at org.scalatest.funsuite.AnyFunSuiteLike.runTests$(AnyFunSuiteLike.scala:268)
[info]   at org.scalatest.funsuite.AnyFunSuite.runTests(AnyFunSuite.scala:1564)
[info]   at org.scalatest.Suite.run(Suite.scala:1114)
[info]   at org.scalatest.Suite.run$(Suite.scala:1096)
[info]   at org.scalatest.funsuite.AnyFunSuite.org$scalatest$funsuite$AnyFunSuiteLike$$super$run(AnyFunSuite.scala:1564)
[info]   at org.scalatest.funsuite.AnyFunSuiteLike.$anonfun$run$1(AnyFunSuiteLike.scala:273)
[info]   at org.scalatest.SuperEngine.runImpl(Engine.scala:535)
[info]   at org.scalatest.funsuite.AnyFunSuiteLike.run(AnyFunSuiteLike.scala:273)
[info]   at org.scalatest.funsuite.AnyFunSuiteLike.run$(AnyFunSuiteLike.scala:272)
[info]   at frameless.TypedDatasetSuite.org$scalatest$BeforeAndAfterAll$$super$run(TypedDatasetSuite.scala:63)
[info]   at org.scalatest.BeforeAndAfterAll.liftedTree1$1(BeforeAndAfterAll.scala:213)
[info]   at org.scalatest.BeforeAndAfterAll.run(BeforeAndAfterAll.scala:210)
[info]   at org.scalatest.BeforeAndAfterAll.run$(BeforeAndAfterAll.scala:208)
[info]   at frameless.TypedDatasetSuite.run(TypedDatasetSuite.scala:63)
[info]   at org.scalatest.tools.Framework.org$scalatest$tools$Framework$$runSuite(Framework.scala:321)
[info]   at org.scalatest.tools.Framework$ScalaTestTask.execute(Framework.scala:517)
[info]   at sbt.ForkMain$Run.lambda$runTest$1(ForkMain.java:414)
[info]   at java.base/java.util.concurrent.FutureTask.run(FutureTask.java:317)
[info]   at java.base/java.util.concurrent.ThreadPoolExecutor.runWorker(ThreadPoolExecutor.java:1144)
[info]   at java.base/java.util.concurrent.ThreadPoolExecutor$Worker.run(ThreadPoolExecutor.java:642)
[info]   at java.base/java.lang.Thread.run(Thread.java:1583)
[info]   Cause: java.lang.IllegalArgumentException: argument type mismatch
[info]   at java.base/jdk.internal.reflect.DirectConstructorHandleAccessor.newInstance(DirectConstructorHandleAccessor.java:65)
[info]   at java.base/java.lang.reflect.Constructor.newInstanceWithCaller(Constructor.java:502)
[info]   at java.base/java.lang.reflect.Constructor.newInstance(Constructor.java:486)
[info]   at frameless.TypedExpressionEncoder$.$anonfun$apply$3(TypedExpressionEncoder.scala:55)
[info]   at scala.Option.map(Option.scala:242)
[info]   at frameless.TypedExpressionEncoder$.apply(TypedExpressionEncoder.scala:54)
[info]   at frameless.TypedDataset$.create(TypedDataset.scala:1325)
[info]   at frameless.ToLocalIteratorTests.prop$1(ToLocalIteratorTests.scala:11)
[info]   at frameless.ToLocalIteratorTests.$anonfun$new$2(ToLocalIteratorTests.scala:16)
[info]   at scala.Function1.$anonfun$andThen$1(Function1.scala:87)
[info]   at org.scalacheck.Prop$.$anonfun$forAllShrink$2(Prop.scala:868)
[info]   at org.scalacheck.Prop$.secure(Prop.scala:484)
[info]   at org.scalacheck.Prop$.result$1(Prop.scala:868)
[info]   at org.scalacheck.Prop$.$anonfun$forAllShrink$1(Prop.scala:915)
[info]   at org.scalacheck.Prop$.$anonfun$apply$1(Prop.scala:305)
[info]   at org.scalacheck.PropFromFun.apply(Prop.scala:20)
[info]   at org.scalacheck.Test$.workerFun$1(Test.scala:486)
[info]   at org.scalacheck.Test$.$anonfun$check$4(Test.scala:518)
[info]   at org.scalacheck.Test$.$anonfun$check$4$adapted(Test.scala:518)
[info]   at org.scalacheck.Platform$.runWorkers(Platform.scala:42)
[info]   at org.scalacheck.Test$.check(Test.scala:518)
[info]   at org.scalatestplus.scalacheck.UnitCheckerAsserting$CheckerAssertingImpl.check(CheckerAsserting.scala:90)
[info]   at org.scalatestplus.scalacheck.Checkers.check(Checkers.scala:371)
[info]   at org.scalatestplus.scalacheck.Checkers.check$(Checkers.scala:369)
[info]   at frameless.TypedDatasetSuite.check(TypedDatasetSuite.scala:63)
[info]   at frameless.ToLocalIteratorTests.$anonfun$new$1(ToLocalIteratorTests.scala:16)
[info]   at org.scalatest.OutcomeOf.outcomeOf(OutcomeOf.scala:85)
[info]   at org.scalatest.OutcomeOf.outcomeOf$(OutcomeOf.scala:83)
[info]   at org.scalatest.OutcomeOf$.outcomeOf(OutcomeOf.scala:104)
[info]   at org.scalatest.Transformer.apply(Transformer.scala:22)
[info]   at org.scalatest.Transformer.apply(Transformer.scala:20)
[info]   at org.scalatest.funsuite.AnyFunSuiteLike$$anon$1.apply(AnyFunSuiteLike.scala:226)
[info]   at org.scalatest.TestSuite.withFixture(TestSuite.scala:196)
[info]   at org.scalatest.TestSuite.withFixture$(TestSuite.scala:195)
[info]   at org.scalatest.funsuite.AnyFunSuite.withFixture(AnyFunSuite.scala:1564)
[info]   at org.scalatest.funsuite.AnyFunSuiteLike.invokeWithFixture$1(AnyFunSuiteLike.scala:224)
[info]   at org.scalatest.funsuite.AnyFunSuiteLike.$anonfun$runTest$1(AnyFunSuiteLike.scala:236)
[info]   at org.scalatest.SuperEngine.runTestImpl(Engine.scala:306)
[info]   at org.scalatest.funsuite.AnyFunSuiteLike.runTest(AnyFunSuiteLike.scala:236)
[info]   at org.scalatest.funsuite.AnyFunSuiteLike.runTest$(AnyFunSuiteLike.scala:218)
[info]   at org.scalatest.funsuite.AnyFunSuite.runTest(AnyFunSuite.scala:1564)
[info]   at org.scalatest.funsuite.AnyFunSuiteLike.$anonfun$runTests$1(AnyFunSuiteLike.scala:269)
[info]   at org.scalatest.SuperEngine.$anonfun$runTestsInBranch$1(Engine.scala:413)
[info]   at scala.collection.immutable.List.foreach(List.scala:334)
[info]   at org.scalatest.SuperEngine.traverseSubNodes$1(Engine.scala:401)
[info]   at org.scalatest.SuperEngine.runTestsInBranch(Engine.scala:396)
[info]   at org.scalatest.SuperEngine.runTestsImpl(Engine.scala:475)
[info]   at org.scalatest.funsuite.AnyFunSuiteLike.runTests(AnyFunSuiteLike.scala:269)
[info]   at org.scalatest.funsuite.AnyFunSuiteLike.runTests$(AnyFunSuiteLike.scala:268)
[info]   at org.scalatest.funsuite.AnyFunSuite.runTests(AnyFunSuite.scala:1564)
[info]   at org.scalatest.Suite.run(Suite.scala:1114)
[info]   at org.scalatest.Suite.run$(Suite.scala:1096)
[info]   at org.scalatest.funsuite.AnyFunSuite.org$scalatest$funsuite$AnyFunSuiteLike$$super$run(AnyFunSuite.scala:1564)
[info]   at org.scalatest.funsuite.AnyFunSuiteLike.$anonfun$run$1(AnyFunSuiteLike.scala:273)
[info]   at org.scalatest.SuperEngine.runImpl(Engine.scala:535)
[info]   at org.scalatest.funsuite.AnyFunSuiteLike.run(AnyFunSuiteLike.scala:273)
[info]   at org.scalatest.funsuite.AnyFunSuiteLike.run$(AnyFunSuiteLike.scala:272)
[info]   at frameless.TypedDatasetSuite.org$scalatest$BeforeAndAfterAll$$super$run(TypedDatasetSuite.scala:63)
[info]   at org.scalatest.BeforeAndAfterAll.liftedTree1$1(BeforeAndAfterAll.scala:213)
[info]   at org.scalatest.BeforeAndAfterAll.run(BeforeAndAfterAll.scala:210)
[info]   at org.scalatest.BeforeAndAfterAll.run$(BeforeAndAfterAll.scala:208)
[info]   at frameless.TypedDatasetSuite.run(TypedDatasetSuite.scala:63)
[info]   at org.scalatest.tools.Framework.org$scalatest$tools$Framework$$runSuite(Framework.scala:321)
[info]   at org.scalatest.tools.Framework$ScalaTestTask.execute(Framework.scala:517)
[info]   at sbt.ForkMain$Run.lambda$runTest$1(ForkMain.java:414)
[info]   at java.base/java.util.concurrent.FutureTask.run(FutureTask.java:317)
[info]   at java.base/java.util.concurrent.ThreadPoolExecutor.runWorker(ThreadPoolExecutor.java:1144)
[info]   at java.base/java.util.concurrent.ThreadPoolExecutor$Worker.run(ThreadPoolExecutor.java:642)
[info]   at java.base/java.lang.Thread.run(Thread.java:1583)
[info]   Cause: java.lang.ClassCastException: Cannot cast scala.reflect.ManifestFactory$IntManifest to org.apache.spark.sql.catalyst.expressions.Expression
[info]   at java.base/java.lang.Class.cast(Class.java:4067)
[info]   at java.base/jdk.internal.reflect.DirectConstructorHandleAccessor.newInstance(DirectConstructorHandleAccessor.java:62)
[info]   at java.base/java.lang.reflect.Constructor.newInstanceWithCaller(Constructor.java:502)
[info]   at java.base/java.lang.reflect.Constructor.newInstance(Constructor.java:486)
[info]   at frameless.TypedExpressionEncoder$.$anonfun$apply$3(TypedExpressionEncoder.scala:55)
[info]   at scala.Option.map(Option.scala:242)
[info]   at frameless.TypedExpressionEncoder$.apply(TypedExpressionEncoder.scala:54)
[info]   at frameless.TypedDataset$.create(TypedDataset.scala:1325)
[info]   at frameless.ToLocalIteratorTests.prop$1(ToLocalIteratorTests.scala:11)
[info]   at frameless.ToLocalIteratorTests.$anonfun$new$2(ToLocalIteratorTests.scala:16)
[info]   at scala.Function1.$anonfun$andThen$1(Function1.scala:87)
[info]   at org.scalacheck.Prop$.$anonfun$forAllShrink$2(Prop.scala:868)
[info]   at org.scalacheck.Prop$.secure(Prop.scala:484)
[info]   at org.scalacheck.Prop$.result$1(Prop.scala:868)
[info]   at org.scalacheck.Prop$.$anonfun$forAllShrink$1(Prop.scala:915)
[info]   at org.scalacheck.Prop$.$anonfun$apply$1(Prop.scala:305)
[info]   at org.scalacheck.PropFromFun.apply(Prop.scala:20)
[info]   at org.scalacheck.Test$.workerFun$1(Test.scala:486)
[info]   at org.scalacheck.Test$.$anonfun$check$4(Test.scala:518)
[info]   at org.scalacheck.Test$.$anonfun$check$4$adapted(Test.scala:518)
[info]   at org.scalacheck.Platform$.runWorkers(Platform.scala:42)
[info]   at org.scalacheck.Test$.check(Test.scala:518)
[info]   at org.scalatestplus.scalacheck.UnitCheckerAsserting$CheckerAssertingImpl.check(CheckerAsserting.scala:90)
[info]   at org.scalatestplus.scalacheck.Checkers.check(Checkers.scala:371)
[info]   at org.scalatestplus.scalacheck.Checkers.check$(Checkers.scala:369)
[info]   at frameless.TypedDatasetSuite.check(TypedDatasetSuite.scala:63)
[info]   at frameless.ToLocalIteratorTests.$anonfun$new$1(ToLocalIteratorTests.scala:16)
[info]   at org.scalatest.OutcomeOf.outcomeOf(OutcomeOf.scala:85)
[info]   at org.scalatest.OutcomeOf.outcomeOf$(OutcomeOf.scala:83)
[info]   at org.scalatest.OutcomeOf$.outcomeOf(OutcomeOf.scala:104)
[info]   at org.scalatest.Transformer.apply(Transformer.scala:22)
[info]   at org.scalatest.Transformer.apply(Transformer.scala:20)
[info]   at org.scalatest.funsuite.AnyFunSuiteLike$$anon$1.apply(AnyFunSuiteLike.scala:226)
[info]   at org.scalatest.TestSuite.withFixture(TestSuite.scala:196)
[info]   at org.scalatest.TestSuite.withFixture$(TestSuite.scala:195)
[info]   at org.scalatest.funsuite.AnyFunSuite.withFixture(AnyFunSuite.scala:1564)
[info]   at org.scalatest.funsuite.AnyFunSuiteLike.invokeWithFixture$1(AnyFunSuiteLike.scala:224)
[info]   at org.scalatest.funsuite.AnyFunSuiteLike.$anonfun$runTest$1(AnyFunSuiteLike.scala:236)
[info]   at org.scalatest.SuperEngine.runTestImpl(Engine.scala:306)
[info]   at org.scalatest.funsuite.AnyFunSuiteLike.runTest(AnyFunSuiteLike.scala:236)
[info]   at org.scalatest.funsuite.AnyFunSuiteLike.runTest$(AnyFunSuiteLike.scala:218)
[info]   at org.scalatest.funsuite.AnyFunSuite.runTest(AnyFunSuite.scala:1564)
[info]   at org.scalatest.funsuite.AnyFunSuiteLike.$anonfun$runTests$1(AnyFunSuiteLike.scala:269)
[info]   at org.scalatest.SuperEngine.$anonfun$runTestsInBranch$1(Engine.scala:413)
[info]   at scala.collection.immutable.List.foreach(List.scala:334)
[info]   at org.scalatest.SuperEngine.traverseSubNodes$1(Engine.scala:401)
[info]   at org.scalatest.SuperEngine.runTestsInBranch(Engine.scala:396)
[info]   at org.scalatest.SuperEngine.runTestsImpl(Engine.scala:475)
[info]   at org.scalatest.funsuite.AnyFunSuiteLike.runTests(AnyFunSuiteLike.scala:269)
[info]   at org.scalatest.funsuite.AnyFunSuiteLike.runTests$(AnyFunSuiteLike.scala:268)
[info]   at org.scalatest.funsuite.AnyFunSuite.runTests(AnyFunSuite.scala:1564)
[info]   at org.scalatest.Suite.run(Suite.scala:1114)
[info]   at org.scalatest.Suite.run$(Suite.scala:1096)
[info]   at org.scalatest.funsuite.AnyFunSuite.org$scalatest$funsuite$AnyFunSuiteLike$$super$run(AnyFunSuite.scala:1564)
[info]   at org.scalatest.funsuite.AnyFunSuiteLike.$anonfun$run$1(AnyFunSuiteLike.scala:273)
[info]   at org.scalatest.SuperEngine.runImpl(Engine.scala:535)
[info]   at org.scalatest.funsuite.AnyFunSuiteLike.run(AnyFunSuiteLike.scala:273)
[info]   at org.scalatest.funsuite.AnyFunSuiteLike.run$(AnyFunSuiteLike.scala:272)
[info]   at frameless.TypedDatasetSuite.org$scalatest$BeforeAndAfterAll$$super$run(TypedDatasetSuite.scala:63)
[info]   at org.scalatest.BeforeAndAfterAll.liftedTree1$1(BeforeAndAfterAll.scala:213)
[info]   at org.scalatest.BeforeAndAfterAll.run(BeforeAndAfterAll.scala:210)
[info]   at org.scalatest.BeforeAndAfterAll.run$(BeforeAndAfterAll.scala:208)
[info]   at frameless.TypedDatasetSuite.run(TypedDatasetSuite.scala:63)
[info]   at org.scalatest.tools.Framework.org$scalatest$tools$Framework$$runSuite(Framework.scala:321)
[info]   at org.scalatest.tools.Framework$ScalaTestTask.execute(Framework.scala:517)
[info]   at sbt.ForkMain$Run.lambda$runTest$1(ForkMain.java:414)
[info]   at java.base/java.util.concurrent.FutureTask.run(FutureTask.java:317)
[info]   at java.base/java.util.concurrent.ThreadPoolExecutor.runWorker(ThreadPoolExecutor.java:1144)
[info]   at java.base/java.util.concurrent.ThreadPoolExecutor$Worker.run(ThreadPoolExecutor.java:642)
[info]   at java.base/java.lang.Thread.run(Thread.java:1583)
[info] NonAggregateFunctionsTests:
[info] - negate *** FAILED *** (744 milliseconds)
[info]   IllegalArgumentException was thrown during property evaluation.
[info]     Message: argument type mismatch
[info]     Occurred when passed generated values (
[info]       arg0 = List()
[info]     )
[info]   org.scalatest.exceptions.GeneratorDrivenPropertyCheckFailedException:
[info]   at org.scalatestplus.scalacheck.CheckerAsserting$$anon$2.indicateFailure(CheckerAsserting.scala:251)
[info]   at org.scalatestplus.scalacheck.CheckerAsserting$$anon$2.indicateFailure(CheckerAsserting.scala:238)
[info]   at org.scalatestplus.scalacheck.UnitCheckerAsserting$CheckerAssertingImpl.check(CheckerAsserting.scala:160)
[info]   at org.scalatestplus.scalacheck.Checkers.check(Checkers.scala:371)
[info]   at org.scalatestplus.scalacheck.Checkers.check$(Checkers.scala:369)
[info]   at frameless.TypedDatasetSuite.check(TypedDatasetSuite.scala:63)
[info]   at frameless.functions.NonAggregateFunctionsTests.$anonfun$new$1(NonAggregateFunctionsTests.scala:77)
[info]   at org.scalatest.OutcomeOf.outcomeOf(OutcomeOf.scala:85)
[info]   at org.scalatest.OutcomeOf.outcomeOf$(OutcomeOf.scala:83)
[info]   at org.scalatest.OutcomeOf$.outcomeOf(OutcomeOf.scala:104)
[info]   at org.scalatest.Transformer.apply(Transformer.scala:22)
[info]   at org.scalatest.Transformer.apply(Transformer.scala:20)
[info]   at org.scalatest.funsuite.AnyFunSuiteLike$$anon$1.apply(AnyFunSuiteLike.scala:226)
[info]   at org.scalatest.TestSuite.withFixture(TestSuite.scala:196)
[info]   at org.scalatest.TestSuite.withFixture$(TestSuite.scala:195)
[info]   at org.scalatest.funsuite.AnyFunSuite.withFixture(AnyFunSuite.scala:1564)
[info]   at org.scalatest.funsuite.AnyFunSuiteLike.invokeWithFixture$1(AnyFunSuiteLike.scala:224)
[info]   at org.scalatest.funsuite.AnyFunSuiteLike.$anonfun$runTest$1(AnyFunSuiteLike.scala:236)
[info]   at org.scalatest.SuperEngine.runTestImpl(Engine.scala:306)
[info]   at org.scalatest.funsuite.AnyFunSuiteLike.runTest(AnyFunSuiteLike.scala:236)
[info]   at org.scalatest.funsuite.AnyFunSuiteLike.runTest$(AnyFunSuiteLike.scala:218)
[info]   at org.scalatest.funsuite.AnyFunSuite.runTest(AnyFunSuite.scala:1564)
[info]   at org.scalatest.funsuite.AnyFunSuiteLike.$anonfun$runTests$1(AnyFunSuiteLike.scala:269)
[info]   at org.scalatest.SuperEngine.$anonfun$runTestsInBranch$1(Engine.scala:413)
[info]   at scala.collection.immutable.List.foreach(List.scala:334)
[info]   at org.scalatest.SuperEngine.traverseSubNodes$1(Engine.scala:401)
[info]   at org.scalatest.SuperEngine.runTestsInBranch(Engine.scala:396)
[info]   at org.scalatest.SuperEngine.runTestsImpl(Engine.scala:475)
[info]   at org.scalatest.funsuite.AnyFunSuiteLike.runTests(AnyFunSuiteLike.scala:269)
[info]   at org.scalatest.funsuite.AnyFunSuiteLike.runTests$(AnyFunSuiteLike.scala:268)
[info]   at org.scalatest.funsuite.AnyFunSuite.runTests(AnyFunSuite.scala:1564)
[info]   at org.scalatest.Suite.run(Suite.scala:1114)
[info]   at org.scalatest.Suite.run$(Suite.scala:1096)
[info]   at org.scalatest.funsuite.AnyFunSuite.org$scalatest$funsuite$AnyFunSuiteLike$$super$run(AnyFunSuite.scala:1564)
[info]   at org.scalatest.funsuite.AnyFunSuiteLike.$anonfun$run$1(AnyFunSuiteLike.scala:273)
[info]   at org.scalatest.SuperEngine.runImpl(Engine.scala:535)
[info]   at org.scalatest.funsuite.AnyFunSuiteLike.run(AnyFunSuiteLike.scala:273)
[info]   at org.scalatest.funsuite.AnyFunSuiteLike.run$(AnyFunSuiteLike.scala:272)
[info]   at frameless.TypedDatasetSuite.org$scalatest$BeforeAndAfterAll$$super$run(TypedDatasetSuite.scala:63)
[info]   at org.scalatest.BeforeAndAfterAll.liftedTree1$1(BeforeAndAfterAll.scala:213)
[info]   at org.scalatest.BeforeAndAfterAll.run(BeforeAndAfterAll.scala:210)
[info]   at org.scalatest.BeforeAndAfterAll.run$(BeforeAndAfterAll.scala:208)
[info]   at frameless.TypedDatasetSuite.run(TypedDatasetSuite.scala:63)
[info]   at org.scalatest.tools.Framework.org$scalatest$tools$Framework$$runSuite(Framework.scala:321)
[info]   at org.scalatest.tools.Framework$ScalaTestTask.execute(Framework.scala:517)
[info]   at sbt.ForkMain$Run.lambda$runTest$1(ForkMain.java:414)
[info]   at java.base/java.util.concurrent.FutureTask.run(FutureTask.java:317)
[info]   at java.base/java.util.concurrent.ThreadPoolExecutor.runWorker(ThreadPoolExecutor.java:1144)
[info]   at java.base/java.util.concurrent.ThreadPoolExecutor$Worker.run(ThreadPoolExecutor.java:642)
[info]   at java.base/java.lang.Thread.run(Thread.java:1583)
[info]   Cause: java.lang.IllegalArgumentException: argument type mismatch
[info]   at java.base/jdk.internal.reflect.DirectConstructorHandleAccessor.newInstance(DirectConstructorHandleAccessor.java:65)
[info]   at java.base/java.lang.reflect.Constructor.newInstanceWithCaller(Constructor.java:502)
[info]   at java.base/java.lang.reflect.Constructor.newInstance(Constructor.java:486)
[info]   at frameless.TypedExpressionEncoder$.$anonfun$apply$3(TypedExpressionEncoder.scala:55)
[info]   at scala.Option.map(Option.scala:242)
[info]   at frameless.TypedExpressionEncoder$.apply(TypedExpressionEncoder.scala:54)
[info]   at frameless.TypedDataset$.create(TypedDataset.scala:1325)
[info]   at frameless.functions.NonAggregateFunctionsTests.prop$1(NonAggregateFunctionsTests.scala:66)
[info]   at frameless.functions.NonAggregateFunctionsTests.$anonfun$new$11(NonAggregateFunctionsTests.scala:77)
[info]   at scala.Function1.$anonfun$andThen$1(Function1.scala:87)
[info]   at org.scalacheck.Prop$.$anonfun$forAllShrink$2(Prop.scala:868)
[info]   at org.scalacheck.Prop$.secure(Prop.scala:484)
[info]   at org.scalacheck.Prop$.result$1(Prop.scala:868)
[info]   at org.scalacheck.Prop$.$anonfun$forAllShrink$1(Prop.scala:915)
[info]   at org.scalacheck.Prop$.$anonfun$apply$1(Prop.scala:305)
[info]   at org.scalacheck.PropFromFun.apply(Prop.scala:20)
[info]   at org.scalacheck.Test$.workerFun$1(Test.scala:486)
[info]   at org.scalacheck.Test$.$anonfun$check$4(Test.scala:518)
[info]   at org.scalacheck.Test$.$anonfun$check$4$adapted(Test.scala:518)
[info]   at org.scalacheck.Platform$.runWorkers(Platform.scala:42)
[info]   at org.scalacheck.Test$.check(Test.scala:518)
[info]   at org.scalatestplus.scalacheck.UnitCheckerAsserting$CheckerAssertingImpl.check(CheckerAsserting.scala:90)
[info]   at org.scalatestplus.scalacheck.Checkers.check(Checkers.scala:371)
[info]   at org.scalatestplus.scalacheck.Checkers.check$(Checkers.scala:369)
[info]   at frameless.TypedDatasetSuite.check(TypedDatasetSuite.scala:63)
[info]   at frameless.functions.NonAggregateFunctionsTests.$anonfun$new$1(NonAggregateFunctionsTests.scala:77)
[info]   at org.scalatest.OutcomeOf.outcomeOf(OutcomeOf.scala:85)
[info]   at org.scalatest.OutcomeOf.outcomeOf$(OutcomeOf.scala:83)
[info]   at org.scalatest.OutcomeOf$.outcomeOf(OutcomeOf.scala:104)
[info]   at org.scalatest.Transformer.apply(Transformer.scala:22)
[info]   at org.scalatest.Transformer.apply(Transformer.scala:20)
[info]   at org.scalatest.funsuite.AnyFunSuiteLike$$anon$1.apply(AnyFunSuiteLike.scala:226)
[info]   at org.scalatest.TestSuite.withFixture(TestSuite.scala:196)
[info]   at org.scalatest.TestSuite.withFixture$(TestSuite.scala:195)
[info]   at org.scalatest.funsuite.AnyFunSuite.withFixture(AnyFunSuite.scala:1564)
[info]   at org.scalatest.funsuite.AnyFunSuiteLike.invokeWithFixture$1(AnyFunSuiteLike.scala:224)
[info]   at org.scalatest.funsuite.AnyFunSuiteLike.$anonfun$runTest$1(AnyFunSuiteLike.scala:236)
[info]   at org.scalatest.SuperEngine.runTestImpl(Engine.scala:306)
[info]   at org.scalatest.funsuite.AnyFunSuiteLike.runTest(AnyFunSuiteLike.scala:236)
[info]   at org.scalatest.funsuite.AnyFunSuiteLike.runTest$(AnyFunSuiteLike.scala:218)
[info]   at org.scalatest.funsuite.AnyFunSuite.runTest(AnyFunSuite.scala:1564)
[info]   at org.scalatest.funsuite.AnyFunSuiteLike.$anonfun$runTests$1(AnyFunSuiteLike.scala:269)
[info]   at org.scalatest.SuperEngine.$anonfun$runTestsInBranch$1(Engine.scala:413)
[info]   at scala.collection.immutable.List.foreach(List.scala:334)
[info]   at org.scalatest.SuperEngine.traverseSubNodes$1(Engine.scala:401)
[info]   at org.scalatest.SuperEngine.runTestsInBranch(Engine.scala:396)
[info]   at org.scalatest.SuperEngine.runTestsImpl(Engine.scala:475)
[info]   at org.scalatest.funsuite.AnyFunSuiteLike.runTests(AnyFunSuiteLike.scala:269)
[info]   at org.scalatest.funsuite.AnyFunSuiteLike.runTests$(AnyFunSuiteLike.scala:268)
[info]   at org.scalatest.funsuite.AnyFunSuite.runTests(AnyFunSuite.scala:1564)
[info]   at org.scalatest.Suite.run(Suite.scala:1114)
[info]   at org.scalatest.Suite.run$(Suite.scala:1096)
[info]   at org.scalatest.funsuite.AnyFunSuite.org$scalatest$funsuite$AnyFunSuiteLike$$super$run(AnyFunSuite.scala:1564)
[info]   at org.scalatest.funsuite.AnyFunSuiteLike.$anonfun$run$1(AnyFunSuiteLike.scala:273)
[info]   at org.scalatest.SuperEngine.runImpl(Engine.scala:535)
[info]   at org.scalatest.funsuite.AnyFunSuiteLike.run(AnyFunSuiteLike.scala:273)
[info]   at org.scalatest.funsuite.AnyFunSuiteLike.run$(AnyFunSuiteLike.scala:272)
[info]   at frameless.TypedDatasetSuite.org$scalatest$BeforeAndAfterAll$$super$run(TypedDatasetSuite.scala:63)
[info]   at org.scalatest.BeforeAndAfterAll.liftedTree1$1(BeforeAndAfterAll.scala:213)
[info]   at org.scalatest.BeforeAndAfterAll.run(BeforeAndAfterAll.scala:210)
[info]   at org.scalatest.BeforeAndAfterAll.run$(BeforeAndAfterAll.scala:208)
[info]   at frameless.TypedDatasetSuite.run(TypedDatasetSuite.scala:63)
[info]   at org.scalatest.tools.Framework.org$scalatest$tools$Framework$$runSuite(Framework.scala:321)
[info]   at org.scalatest.tools.Framework$ScalaTestTask.execute(Framework.scala:517)
[info]   at sbt.ForkMain$Run.lambda$runTest$1(ForkMain.java:414)
[info]   at java.base/java.util.concurrent.FutureTask.run(FutureTask.java:317)
[info]   at java.base/java.util.concurrent.ThreadPoolExecutor.runWorker(ThreadPoolExecutor.java:1144)
[info]   at java.base/java.util.concurrent.ThreadPoolExecutor$Worker.run(ThreadPoolExecutor.java:642)
[info]   at java.base/java.lang.Thread.run(Thread.java:1583)
[info]   Cause: java.lang.ClassCastException: Cannot cast scala.reflect.ClassTag$GenericClassTag to org.apache.spark.sql.catalyst.expressions.Expression
[info]   at java.base/java.lang.Class.cast(Class.java:4067)
[info]   at java.base/jdk.internal.reflect.DirectConstructorHandleAccessor.newInstance(DirectConstructorHandleAccessor.java:62)
[info]   at java.base/java.lang.reflect.Constructor.newInstanceWithCaller(Constructor.java:502)
[info]   at java.base/java.lang.reflect.Constructor.newInstance(Constructor.java:486)
[info]   at frameless.TypedExpressionEncoder$.$anonfun$apply$3(TypedExpressionEncoder.scala:55)
[info]   at scala.Option.map(Option.scala:242)
[info]   at frameless.TypedExpressionEncoder$.apply(TypedExpressionEncoder.scala:54)
[info]   at frameless.TypedDataset$.create(TypedDataset.scala:1325)
[info]   at frameless.functions.NonAggregateFunctionsTests.prop$1(NonAggregateFunctionsTests.scala:66)
[info]   at frameless.functions.NonAggregateFunctionsTests.$anonfun$new$11(NonAggregateFunctionsTests.scala:77)
[info]   at scala.Function1.$anonfun$andThen$1(Function1.scala:87)
[info]   at org.scalacheck.Prop$.$anonfun$forAllShrink$2(Prop.scala:868)
[info]   at org.scalacheck.Prop$.secure(Prop.scala:484)
[info]   at org.scalacheck.Prop$.result$1(Prop.scala:868)
[info]   at org.scalacheck.Prop$.$anonfun$forAllShrink$1(Prop.scala:915)
[info]   at org.scalacheck.Prop$.$anonfun$apply$1(Prop.scala:305)
[info]   at org.scalacheck.PropFromFun.apply(Prop.scala:20)
[info]   at org.scalacheck.Test$.workerFun$1(Test.scala:486)
[info]   at org.scalacheck.Test$.$anonfun$check$4(Test.scala:518)
[info]   at org.scalacheck.Test$.$anonfun$check$4$adapted(Test.scala:518)
[info]   at org.scalacheck.Platform$.runWorkers(Platform.scala:42)
[info]   at org.scalacheck.Test$.check(Test.scala:518)
[info]   at org.scalatestplus.scalacheck.UnitCheckerAsserting$CheckerAssertingImpl.check(CheckerAsserting.scala:90)
[info]   at org.scalatestplus.scalacheck.Checkers.check(Checkers.scala:371)
[info]   at org.scalatestplus.scalacheck.Checkers.check$(Checkers.scala:369)
[info]   at frameless.TypedDatasetSuite.check(TypedDatasetSuite.scala:63)
[info]   at frameless.functions.NonAggregateFunctionsTests.$anonfun$new$1(NonAggregateFunctionsTests.scala:77)
[info]   at org.scalatest.OutcomeOf.outcomeOf(OutcomeOf.scala:85)
[info]   at org.scalatest.OutcomeOf.outcomeOf$(OutcomeOf.scala:83)
[info]   at org.scalatest.OutcomeOf$.outcomeOf(OutcomeOf.scala:104)
[info]   at org.scalatest.Transformer.apply(Transformer.scala:22)
[info]   at org.scalatest.Transformer.apply(Transformer.scala:20)
[info]   at org.scalatest.funsuite.AnyFunSuiteLike$$anon$1.apply(AnyFunSuiteLike.scala:226)
[info]   at org.scalatest.TestSuite.withFixture(TestSuite.scala:196)
[info]   at org.scalatest.TestSuite.withFixture$(TestSuite.scala:195)
[info]   at org.scalatest.funsuite.AnyFunSuite.withFixture(AnyFunSuite.scala:1564)
[info]   at org.scalatest.funsuite.AnyFunSuiteLike.invokeWithFixture$1(AnyFunSuiteLike.scala:224)
[info]   at org.scalatest.funsuite.AnyFunSuiteLike.$anonfun$runTest$1(AnyFunSuiteLike.scala:236)
[info]   at org.scalatest.SuperEngine.runTestImpl(Engine.scala:306)
[info]   at org.scalatest.funsuite.AnyFunSuiteLike.runTest(AnyFunSuiteLike.scala:236)
[info]   at org.scalatest.funsuite.AnyFunSuiteLike.runTest$(AnyFunSuiteLike.scala:218)
[info]   at org.scalatest.funsuite.AnyFunSuite.runTest(AnyFunSuite.scala:1564)
[info]   at org.scalatest.funsuite.AnyFunSuiteLike.$anonfun$runTests$1(AnyFunSuiteLike.scala:269)
[info]   at org.scalatest.SuperEngine.$anonfun$runTestsInBranch$1(Engine.scala:413)
[info]   at scala.collection.immutable.List.foreach(List.scala:334)
[info]   at org.scalatest.SuperEngine.traverseSubNodes$1(Engine.scala:401)
[info]   at org.scalatest.SuperEngine.runTestsInBranch(Engine.scala:396)
[info]   at org.scalatest.SuperEngine.runTestsImpl(Engine.scala:475)
[info]   at org.scalatest.funsuite.AnyFunSuiteLike.runTests(AnyFunSuiteLike.scala:269)
[info]   at org.scalatest.funsuite.AnyFunSuiteLike.runTests$(AnyFunSuiteLike.scala:268)
[info]   at org.scalatest.funsuite.AnyFunSuite.runTests(AnyFunSuite.scala:1564)
[info]   at org.scalatest.Suite.run(Suite.scala:1114)
[info]   at org.scalatest.Suite.run$(Suite.scala:1096)
[info]   at org.scalatest.funsuite.AnyFunSuite.org$scalatest$funsuite$AnyFunSuiteLike$$super$run(AnyFunSuite.scala:1564)
[info]   at org.scalatest.funsuite.AnyFunSuiteLike.$anonfun$run$1(AnyFunSuiteLike.scala:273)
[info]   at org.scalatest.SuperEngine.runImpl(Engine.scala:535)
[info]   at org.scalatest.funsuite.AnyFunSuiteLike.run(AnyFunSuiteLike.scala:273)
[info]   at org.scalatest.funsuite.AnyFunSuiteLike.run$(AnyFunSuiteLike.scala:272)
[info]   at frameless.TypedDatasetSuite.org$scalatest$BeforeAndAfterAll$$super$run(TypedDatasetSuite.scala:63)
[info]   at org.scalatest.BeforeAndAfterAll.liftedTree1$1(BeforeAndAfterAll.scala:213)
[info]   at org.scalatest.BeforeAndAfterAll.run(BeforeAndAfterAll.scala:210)
[info]   at org.scalatest.BeforeAndAfterAll.run$(BeforeAndAfterAll.scala:208)
[info]   at frameless.TypedDatasetSuite.run(TypedDatasetSuite.scala:63)
[info]   at org.scalatest.tools.Framework.org$scalatest$tools$Framework$$runSuite(Framework.scala:321)
[info]   at org.scalatest.tools.Framework$ScalaTestTask.execute(Framework.scala:517)
[info]   at sbt.ForkMain$Run.lambda$runTest$1(ForkMain.java:414)
[info]   at java.base/java.util.concurrent.FutureTask.run(FutureTask.java:317)
[info]   at java.base/java.util.concurrent.ThreadPoolExecutor.runWorker(ThreadPoolExecutor.java:1144)
[info]   at java.base/java.util.concurrent.ThreadPoolExecutor$Worker.run(ThreadPoolExecutor.java:642)
[info]   at java.base/java.lang.Thread.run(Thread.java:1583)
[info] - not *** FAILED *** (15 seconds, 840 milliseconds)
[info]   IllegalArgumentException was thrown during property evaluation.
[info]     Message: argument type mismatch
[info]     Occurred when passed generated values (
[info]       arg0 = List(),
[info]       arg1 = 0, // 24 shrinks
[info]       arg2 = 0 // 28 shrinks
[info]     )
[info]   org.scalatest.exceptions.GeneratorDrivenPropertyCheckFailedException:
[info]   at org.scalatestplus.scalacheck.CheckerAsserting$$anon$2.indicateFailure(CheckerAsserting.scala:251)
[info]   at org.scalatestplus.scalacheck.CheckerAsserting$$anon$2.indicateFailure(CheckerAsserting.scala:238)
[info]   at org.scalatestplus.scalacheck.UnitCheckerAsserting$CheckerAssertingImpl.check(CheckerAsserting.scala:160)
[info]   at org.scalatestplus.scalacheck.Checkers.check(Checkers.scala:371)
[info]   at org.scalatestplus.scalacheck.Checkers.check$(Checkers.scala:369)
[info]   at frameless.TypedDatasetSuite.check(TypedDatasetSuite.scala:63)
[info]   at frameless.functions.NonAggregateFunctionsTests.$anonfun$new$21(NonAggregateFunctionsTests.scala:108)
[info]   at org.scalatest.OutcomeOf.outcomeOf(OutcomeOf.scala:85)
[info]   at org.scalatest.OutcomeOf.outcomeOf$(OutcomeOf.scala:83)
[info]   at org.scalatest.OutcomeOf$.outcomeOf(OutcomeOf.scala:104)
[info]   at org.scalatest.Transformer.apply(Transformer.scala:22)
[info]   at org.scalatest.Transformer.apply(Transformer.scala:20)
[info]   at org.scalatest.funsuite.AnyFunSuiteLike$$anon$1.apply(AnyFunSuiteLike.scala:226)
[info]   at org.scalatest.TestSuite.withFixture(TestSuite.scala:196)
[info]   at org.scalatest.TestSuite.withFixture$(TestSuite.scala:195)
[info]   at org.scalatest.funsuite.AnyFunSuite.withFixture(AnyFunSuite.scala:1564)
[info]   at org.scalatest.funsuite.AnyFunSuiteLike.invokeWithFixture$1(AnyFunSuiteLike.scala:224)
[info]   at org.scalatest.funsuite.AnyFunSuiteLike.$anonfun$runTest$1(AnyFunSuiteLike.scala:236)
[info]   at org.scalatest.SuperEngine.runTestImpl(Engine.scala:306)
[info]   at org.scalatest.funsuite.AnyFunSuiteLike.runTest(AnyFunSuiteLike.scala:236)
[info]   at org.scalatest.funsuite.AnyFunSuiteLike.runTest$(AnyFunSuiteLike.scala:218)
[info]   at org.scalatest.funsuite.AnyFunSuite.runTest(AnyFunSuite.scala:1564)
[info]   at org.scalatest.funsuite.AnyFunSuiteLike.$anonfun$runTests$1(AnyFunSuiteLike.scala:269)
[info]   at org.scalatest.SuperEngine.$anonfun$runTestsInBranch$1(Engine.scala:413)
[info]   at scala.collection.immutable.List.foreach(List.scala:334)
[info]   at org.scalatest.SuperEngine.traverseSubNodes$1(Engine.scala:401)
[info]   at org.scalatest.SuperEngine.runTestsInBranch(Engine.scala:396)
[info]   at org.scalatest.SuperEngine.runTestsImpl(Engine.scala:475)
[info]   at org.scalatest.funsuite.AnyFunSuiteLike.runTests(AnyFunSuiteLike.scala:269)
[info]   at org.scalatest.funsuite.AnyFunSuiteLike.runTests$(AnyFunSuiteLike.scala:268)
[info]   at org.scalatest.funsuite.AnyFunSuite.runTests(AnyFunSuite.scala:1564)
[info]   at org.scalatest.Suite.run(Suite.scala:1114)
[info]   at org.scalatest.Suite.run$(Suite.scala:1096)
[info]   at org.scalatest.funsuite.AnyFunSuite.org$scalatest$funsuite$AnyFunSuiteLike$$super$run(AnyFunSuite.scala:1564)
[info]   at org.scalatest.funsuite.AnyFunSuiteLike.$anonfun$run$1(AnyFunSuiteLike.scala:273)
[info]   at org.scalatest.SuperEngine.runImpl(Engine.scala:535)
[info]   at org.scalatest.funsuite.AnyFunSuiteLike.run(AnyFunSuiteLike.scala:273)
[info]   at org.scalatest.funsuite.AnyFunSuiteLike.run$(AnyFunSuiteLike.scala:272)
[info]   at frameless.TypedDatasetSuite.org$scalatest$BeforeAndAfterAll$$super$run(TypedDatasetSuite.scala:63)
[info]   at org.scalatest.BeforeAndAfterAll.liftedTree1$1(BeforeAndAfterAll.scala:213)
[info]   at org.scalatest.BeforeAndAfterAll.run(BeforeAndAfterAll.scala:210)
[info]   at org.scalatest.BeforeAndAfterAll.run$(BeforeAndAfterAll.scala:208)
[info]   at frameless.TypedDatasetSuite.run(TypedDatasetSuite.scala:63)
[info]   at org.scalatest.tools.Framework.org$scalatest$tools$Framework$$runSuite(Framework.scala:321)
[info]   at org.scalatest.tools.Framework$ScalaTestTask.execute(Framework.scala:517)
[info]   at sbt.ForkMain$Run.lambda$runTest$1(ForkMain.java:414)
[info]   at java.base/java.util.concurrent.FutureTask.run(FutureTask.java:317)
[info]   at java.base/java.util.concurrent.ThreadPoolExecutor.runWorker(ThreadPoolExecutor.java:1144)
[info]   at java.base/java.util.concurrent.ThreadPoolExecutor$Worker.run(ThreadPoolExecutor.java:642)
[info]   at java.base/java.lang.Thread.run(Thread.java:1583)
[info]   Cause: java.lang.IllegalArgumentException: argument type mismatch
[info]   at java.base/jdk.internal.reflect.DirectConstructorHandleAccessor.newInstance(DirectConstructorHandleAccessor.java:65)
[info]   at java.base/java.lang.reflect.Constructor.newInstanceWithCaller(Constructor.java:502)
[info]   at java.base/java.lang.reflect.Constructor.newInstance(Constructor.java:486)
[info]   at frameless.TypedExpressionEncoder$.$anonfun$apply$3(TypedExpressionEncoder.scala:55)
[info]   at scala.Option.map(Option.scala:242)
[info]   at frameless.TypedExpressionEncoder$.apply(TypedExpressionEncoder.scala:54)
[info]   at frameless.TypedDataset$.create(TypedDataset.scala:1325)
[info]   at frameless.functions.NonAggregateFunctionsTests.prop$2(NonAggregateFunctionsTests.scala:97)
[info]   at frameless.functions.NonAggregateFunctionsTests.$anonfun$new$31(NonAggregateFunctionsTests.scala:108)
[info]   at frameless.functions.NonAggregateFunctionsTests.$anonfun$new$31$adapted(NonAggregateFunctionsTests.scala:108)
[info]   at org.scalacheck.Prop$.$anonfun$forAll$20(Prop.scala:1147)
[info]   at org.scalacheck.Prop$.$anonfun$forAll$18(Prop.scala:1131)
[info]   at scala.Function1.$anonfun$andThen$1(Function1.scala:87)
[info]   at org.scalacheck.Prop$.$anonfun$forAllShrink$2(Prop.scala:868)
[info]   at org.scalacheck.Prop$.secure(Prop.scala:484)
[info]   at org.scalacheck.Prop$.result$1(Prop.scala:868)
[info]   at org.scalacheck.Prop$.$anonfun$forAllShrink$4(Prop.scala:880)
[info]   at scala.collection.immutable.Stream.map(Stream.scala:173)
[info]   at org.scalacheck.Prop$.getFirstFailure$1(Prop.scala:880)
[info]   at org.scalacheck.Prop$.shrinker$1(Prop.scala:895)
[info]   at org.scalacheck.Prop$.$anonfun$forAllShrink$1(Prop.scala:916)
[info]   at org.scalacheck.Prop$.$anonfun$apply$1(Prop.scala:305)
[info]   at org.scalacheck.PropFromFun.apply(Prop.scala:20)
[info]   at org.scalacheck.Prop$.result$1(Prop.scala:869)
[info]   at org.scalacheck.Prop$.$anonfun$forAllShrink$4(Prop.scala:880)
[info]   at scala.collection.immutable.Stream.map(Stream.scala:173)
[info]   at org.scalacheck.Prop$.getFirstFailure$1(Prop.scala:880)
[info]   at org.scalacheck.Prop$.shrinker$1(Prop.scala:895)
[info]   at org.scalacheck.Prop$.$anonfun$forAllShrink$1(Prop.scala:916)
[info]   at org.scalacheck.Prop$.$anonfun$apply$1(Prop.scala:305)
[info]   at org.scalacheck.PropFromFun.apply(Prop.scala:20)
[info]   at org.scalacheck.Prop$.result$1(Prop.scala:869)
[info]   at org.scalacheck.Prop$.$anonfun$forAllShrink$1(Prop.scala:915)
[info]   at org.scalacheck.Prop$.$anonfun$apply$1(Prop.scala:305)
[info]   at org.scalacheck.PropFromFun.apply(Prop.scala:20)
[info]   at org.scalacheck.Test$.workerFun$1(Test.scala:486)
[info]   at org.scalacheck.Test$.$anonfun$check$4(Test.scala:518)
[info]   at org.scalacheck.Test$.$anonfun$check$4$adapted(Test.scala:518)
[info]   at org.scalacheck.Platform$.runWorkers(Platform.scala:42)
[info]   at org.scalacheck.Test$.check(Test.scala:518)
[info]   at org.scalatestplus.scalacheck.UnitCheckerAsserting$CheckerAssertingImpl.check(CheckerAsserting.scala:90)
[info]   at org.scalatestplus.scalacheck.Checkers.check(Checkers.scala:371)
[info]   at org.scalatestplus.scalacheck.Checkers.check$(Checkers.scala:369)
[info]   at frameless.TypedDatasetSuite.check(TypedDatasetSuite.scala:63)
[info]   at frameless.functions.NonAggregateFunctionsTests.$anonfun$new$21(NonAggregateFunctionsTests.scala:108)
[info]   at org.scalatest.OutcomeOf.outcomeOf(OutcomeOf.scala:85)
[info]   at org.scalatest.OutcomeOf.outcomeOf$(OutcomeOf.scala:83)
[info]   at org.scalatest.OutcomeOf$.outcomeOf(OutcomeOf.scala:104)
[info]   at org.scalatest.Transformer.apply(Transformer.scala:22)
[info]   at org.scalatest.Transformer.apply(Transformer.scala:20)
[info]   at org.scalatest.funsuite.AnyFunSuiteLike$$anon$1.apply(AnyFunSuiteLike.scala:226)
[info]   at org.scalatest.TestSuite.withFixture(TestSuite.scala:196)
[info]   at org.scalatest.TestSuite.withFixture$(TestSuite.scala:195)
[info]   at org.scalatest.funsuite.AnyFunSuite.withFixture(AnyFunSuite.scala:1564)
[info]   at org.scalatest.funsuite.AnyFunSuiteLike.invokeWithFixture$1(AnyFunSuiteLike.scala:224)
[info]   at org.scalatest.funsuite.AnyFunSuiteLike.$anonfun$runTest$1(AnyFunSuiteLike.scala:236)
[info]   at org.scalatest.SuperEngine.runTestImpl(Engine.scala:306)
[info]   at org.scalatest.funsuite.AnyFunSuiteLike.runTest(AnyFunSuiteLike.scala:236)
[info]   at org.scalatest.funsuite.AnyFunSuiteLike.runTest$(AnyFunSuiteLike.scala:218)
[info]   at org.scalatest.funsuite.AnyFunSuite.runTest(AnyFunSuite.scala:1564)
[info]   at org.scalatest.funsuite.AnyFunSuiteLike.$anonfun$runTests$1(AnyFunSuiteLike.scala:269)
[info]   at org.scalatest.SuperEngine.$anonfun$runTestsInBranch$1(Engine.scala:413)
[info]   at scala.collection.immutable.List.foreach(List.scala:334)
[info]   at org.scalatest.SuperEngine.traverseSubNodes$1(Engine.scala:401)
[info]   at org.scalatest.SuperEngine.runTestsInBranch(Engine.scala:396)
[info]   at org.scalatest.SuperEngine.runTestsImpl(Engine.scala:475)
[info]   at org.scalatest.funsuite.AnyFunSuiteLike.runTests(AnyFunSuiteLike.scala:269)
[info]   at org.scalatest.funsuite.AnyFunSuiteLike.runTests$(AnyFunSuiteLike.scala:268)
[info]   at org.scalatest.funsuite.AnyFunSuite.runTests(AnyFunSuite.scala:1564)
[info]   at org.scalatest.Suite.run(Suite.scala:1114)
[info]   at org.scalatest.Suite.run$(Suite.scala:1096)
[info]   at org.scalatest.funsuite.AnyFunSuite.org$scalatest$funsuite$AnyFunSuiteLike$$super$run(AnyFunSuite.scala:1564)
[info]   at org.scalatest.funsuite.AnyFunSuiteLike.$anonfun$run$1(AnyFunSuiteLike.scala:273)
[info]   at org.scalatest.SuperEngine.runImpl(Engine.scala:535)
[info]   at org.scalatest.funsuite.AnyFunSuiteLike.run(AnyFunSuiteLike.scala:273)
[info]   at org.scalatest.funsuite.AnyFunSuiteLike.run$(AnyFunSuiteLike.scala:272)
[info]   at frameless.TypedDatasetSuite.org$scalatest$BeforeAndAfterAll$$super$run(TypedDatasetSuite.scala:63)
[info]   at org.scalatest.BeforeAndAfterAll.liftedTree1$1(BeforeAndAfterAll.scala:213)
[info]   at org.scalatest.BeforeAndAfterAll.run(BeforeAndAfterAll.scala:210)
[info]   at org.scalatest.BeforeAndAfterAll.run$(BeforeAndAfterAll.scala:208)
[info]   at frameless.TypedDatasetSuite.run(TypedDatasetSuite.scala:63)
[info]   at org.scalatest.tools.Framework.org$scalatest$tools$Framework$$runSuite(Framework.scala:321)
[info]   at org.scalatest.tools.Framework$ScalaTestTask.execute(Framework.scala:517)
[info]   at sbt.ForkMain$Run.lambda$runTest$1(ForkMain.java:414)
[info]   at java.base/java.util.concurrent.FutureTask.run(FutureTask.java:317)
[info]   at java.base/java.util.concurrent.ThreadPoolExecutor.runWorker(ThreadPoolExecutor.java:1144)
[info]   at java.base/java.util.concurrent.ThreadPoolExecutor$Worker.run(ThreadPoolExecutor.java:642)
[info]   at java.base/java.lang.Thread.run(Thread.java:1583)
[info]   Cause: java.lang.ClassCastException: Cannot cast scala.reflect.ClassTag$GenericClassTag to org.apache.spark.sql.catalyst.expressions.Expression
[info]   at java.base/java.lang.Class.cast(Class.java:4067)
[info]   at java.base/jdk.internal.reflect.DirectConstructorHandleAccessor.newInstance(DirectConstructorHandleAccessor.java:62)
[info]   at java.base/java.lang.reflect.Constructor.newInstanceWithCaller(Constructor.java:502)
[info]   at java.base/java.lang.reflect.Constructor.newInstance(Constructor.java:486)
[info]   at frameless.TypedExpressionEncoder$.$anonfun$apply$3(TypedExpressionEncoder.scala:55)
[info]   at scala.Option.map(Option.scala:242)
[info]   at frameless.TypedExpressionEncoder$.apply(TypedExpressionEncoder.scala:54)
[info]   at frameless.TypedDataset$.create(TypedDataset.scala:1325)
[info]   at frameless.functions.NonAggregateFunctionsTests.prop$2(NonAggregateFunctionsTests.scala:97)
[info]   at frameless.functions.NonAggregateFunctionsTests.$anonfun$new$31(NonAggregateFunctionsTests.scala:108)
[info]   at frameless.functions.NonAggregateFunctionsTests.$anonfun$new$31$adapted(NonAggregateFunctionsTests.scala:108)
[info]   at org.scalacheck.Prop$.$anonfun$forAll$20(Prop.scala:1147)
[info]   at org.scalacheck.Prop$.$anonfun$forAll$18(Prop.scala:1131)
[info]   at scala.Function1.$anonfun$andThen$1(Function1.scala:87)
[info]   at org.scalacheck.Prop$.$anonfun$forAllShrink$2(Prop.scala:868)
[info]   at org.scalacheck.Prop$.secure(Prop.scala:484)
[info]   at org.scalacheck.Prop$.result$1(Prop.scala:868)
[info]   at org.scalacheck.Prop$.$anonfun$forAllShrink$4(Prop.scala:880)
[info]   at scala.collection.immutable.Stream.map(Stream.scala:173)
[info]   at org.scalacheck.Prop$.getFirstFailure$1(Prop.scala:880)
[info]   at org.scalacheck.Prop$.shrinker$1(Prop.scala:895)
[info]   at org.scalacheck.Prop$.$anonfun$forAllShrink$1(Prop.scala:916)
[info]   at org.scalacheck.Prop$.$anonfun$apply$1(Prop.scala:305)
[info]   at org.scalacheck.PropFromFun.apply(Prop.scala:20)
[info]   at org.scalacheck.Prop$.result$1(Prop.scala:869)
[info]   at org.scalacheck.Prop$.$anonfun$forAllShrink$4(Prop.scala:880)
[info]   at scala.collection.immutable.Stream.map(Stream.scala:173)
[info]   at org.scalacheck.Prop$.getFirstFailure$1(Prop.scala:880)
[info]   at org.scalacheck.Prop$.shrinker$1(Prop.scala:895)
[info]   at org.scalacheck.Prop$.$anonfun$forAllShrink$1(Prop.scala:916)
[info]   at org.scalacheck.Prop$.$anonfun$apply$1(Prop.scala:305)
[info]   at org.scalacheck.PropFromFun.apply(Prop.scala:20)
[info]   at org.scalacheck.Prop$.result$1(Prop.scala:869)
[info]   at org.scalacheck.Prop$.$anonfun$forAllShrink$1(Prop.scala:915)
[info]   at org.scalacheck.Prop$.$anonfun$apply$1(Prop.scala:305)
[info]   at org.scalacheck.PropFromFun.apply(Prop.scala:20)
[info]   at org.scalacheck.Test$.workerFun$1(Test.scala:486)
[info]   at org.scalacheck.Test$.$anonfun$check$4(Test.scala:518)
[info]   at org.scalacheck.Test$.$anonfun$check$4$adapted(Test.scala:518)
[info]   at org.scalacheck.Platform$.runWorkers(Platform.scala:42)
[info]   at org.scalacheck.Test$.check(Test.scala:518)
[info]   at org.scalatestplus.scalacheck.UnitCheckerAsserting$CheckerAssertingImpl.check(CheckerAsserting.scala:90)
[info]   at org.scalatestplus.scalacheck.Checkers.check(Checkers.scala:371)
[info]   at org.scalatestplus.scalacheck.Checkers.check$(Checkers.scala:369)
[info]   at frameless.TypedDatasetSuite.check(TypedDatasetSuite.scala:63)
[info]   at frameless.functions.NonAggregateFunctionsTests.$anonfun$new$21(NonAggregateFunctionsTests.scala:108)
[info]   at org.scalatest.OutcomeOf.outcomeOf(OutcomeOf.scala:85)
[info]   at org.scalatest.OutcomeOf.outcomeOf$(OutcomeOf.scala:83)
[info]   at org.scalatest.OutcomeOf$.outcomeOf(OutcomeOf.scala:104)
[info]   at org.scalatest.Transformer.apply(Transformer.scala:22)
[info]   at org.scalatest.Transformer.apply(Transformer.scala:20)
[info]   at org.scalatest.funsuite.AnyFunSuiteLike$$anon$1.apply(AnyFunSuiteLike.scala:226)
[info]   at org.scalatest.TestSuite.withFixture(TestSuite.scala:196)
[info]   at org.scalatest.TestSuite.withFixture$(TestSuite.scala:195)
[info]   at org.scalatest.funsuite.AnyFunSuite.withFixture(AnyFunSuite.scala:1564)
[info]   at org.scalatest.funsuite.AnyFunSuiteLike.invokeWithFixture$1(AnyFunSuiteLike.scala:224)
[info]   at org.scalatest.funsuite.AnyFunSuiteLike.$anonfun$runTest$1(AnyFunSuiteLike.scala:236)
[info]   at org.scalatest.SuperEngine.runTestImpl(Engine.scala:306)
[info]   at org.scalatest.funsuite.AnyFunSuiteLike.runTest(AnyFunSuiteLike.scala:236)
[info]   at org.scalatest.funsuite.AnyFunSuiteLike.runTest$(AnyFunSuiteLike.scala:218)
[info]   at org.scalatest.funsuite.AnyFunSuite.runTest(AnyFunSuite.scala:1564)
[info]   at org.scalatest.funsuite.AnyFunSuiteLike.$anonfun$runTests$1(AnyFunSuiteLike.scala:269)
[info]   at org.scalatest.SuperEngine.$anonfun$runTestsInBranch$1(Engine.scala:413)
[info]   at scala.collection.immutable.List.foreach(List.scala:334)
[info]   at org.scalatest.SuperEngine.traverseSubNodes$1(Engine.scala:401)
[info]   at org.scalatest.SuperEngine.runTestsInBranch(Engine.scala:396)
[info]   at org.scalatest.SuperEngine.runTestsImpl(Engine.scala:475)
[info]   at org.scalatest.funsuite.AnyFunSuiteLike.runTests(AnyFunSuiteLike.scala:269)
[info]   at org.scalatest.funsuite.AnyFunSuiteLike.runTests$(AnyFunSuiteLike.scala:268)
[info]   at org.scalatest.funsuite.AnyFunSuite.runTests(AnyFunSuite.scala:1564)
[info]   at org.scalatest.Suite.run(Suite.scala:1114)
[info]   at org.scalatest.Suite.run$(Suite.scala:1096)
[info]   at org.scalatest.funsuite.AnyFunSuite.org$scalatest$funsuite$AnyFunSuiteLike$$super$run(AnyFunSuite.scala:1564)
[info]   at org.scalatest.funsuite.AnyFunSuiteLike.$anonfun$run$1(AnyFunSuiteLike.scala:273)
[info]   at org.scalatest.SuperEngine.runImpl(Engine.scala:535)
[info]   at org.scalatest.funsuite.AnyFunSuiteLike.run(AnyFunSuiteLike.scala:273)
[info]   at org.scalatest.funsuite.AnyFunSuiteLike.run$(AnyFunSuiteLike.scala:272)
[info]   at frameless.TypedDatasetSuite.org$scalatest$BeforeAndAfterAll$$super$run(TypedDatasetSuite.scala:63)
[info]   at org.scalatest.BeforeAndAfterAll.liftedTree1$1(BeforeAndAfterAll.scala:213)
[info]   at org.scalatest.BeforeAndAfterAll.run(BeforeAndAfterAll.scala:210)
[info]   at org.scalatest.BeforeAndAfterAll.run$(BeforeAndAfterAll.scala:208)
[info]   at frameless.TypedDatasetSuite.run(TypedDatasetSuite.scala:63)
[info]   at org.scalatest.tools.Framework.org$scalatest$tools$Framework$$runSuite(Framework.scala:321)
[info]   at org.scalatest.tools.Framework$ScalaTestTask.execute(Framework.scala:517)
[info]   at sbt.ForkMain$Run.lambda$runTest$1(ForkMain.java:414)
[info]   at java.base/java.util.concurrent.FutureTask.run(FutureTask.java:317)
[info]   at java.base/java.util.concurrent.ThreadPoolExecutor.runWorker(ThreadPoolExecutor.java:1144)
[info]   at java.base/java.util.concurrent.ThreadPoolExecutor$Worker.run(ThreadPoolExecutor.java:642)
[info]   at java.base/java.lang.Thread.run(Thread.java:1583)
[info] - conv *** FAILED *** (78 milliseconds)
[info]   IllegalArgumentException was thrown during property evaluation.
[info]     Message: argument type mismatch
[info]     Occurred when passed generated values (
[info]       arg0 = List(),
[info]       arg1 = 0, // 1 shrink
[info]       arg2 = 0
[info]     )
[info]   org.scalatest.exceptions.GeneratorDrivenPropertyCheckFailedException:
[info]   at org.scalatestplus.scalacheck.CheckerAsserting$$anon$2.indicateFailure(CheckerAsserting.scala:251)
[info]   at org.scalatestplus.scalacheck.CheckerAsserting$$anon$2.indicateFailure(CheckerAsserting.scala:238)
[info]   at org.scalatestplus.scalacheck.UnitCheckerAsserting$CheckerAssertingImpl.check(CheckerAsserting.scala:160)
[info]   at org.scalatestplus.scalacheck.Checkers.check(Checkers.scala:371)
[info]   at org.scalatestplus.scalacheck.Checkers.check$(Checkers.scala:369)
[info]   at frameless.TypedDatasetSuite.check(TypedDatasetSuite.scala:63)
[info]   at frameless.functions.NonAggregateFunctionsTests.$anonfun$new$35(NonAggregateFunctionsTests.scala:135)
[info]   at org.scalatest.OutcomeOf.outcomeOf(OutcomeOf.scala:85)
[info]   at org.scalatest.OutcomeOf.outcomeOf$(OutcomeOf.scala:83)
[info]   at org.scalatest.OutcomeOf$.outcomeOf(OutcomeOf.scala:104)
[info]   at org.scalatest.Transformer.apply(Transformer.scala:22)
[info]   at org.scalatest.Transformer.apply(Transformer.scala:20)
[info]   at org.scalatest.funsuite.AnyFunSuiteLike$$anon$1.apply(AnyFunSuiteLike.scala:226)
[info]   at org.scalatest.TestSuite.withFixture(TestSuite.scala:196)
[info]   at org.scalatest.TestSuite.withFixture$(TestSuite.scala:195)
[info]   at org.scalatest.funsuite.AnyFunSuite.withFixture(AnyFunSuite.scala:1564)
[info]   at org.scalatest.funsuite.AnyFunSuiteLike.invokeWithFixture$1(AnyFunSuiteLike.scala:224)
[info]   at org.scalatest.funsuite.AnyFunSuiteLike.$anonfun$runTest$1(AnyFunSuiteLike.scala:236)
[info]   at org.scalatest.SuperEngine.runTestImpl(Engine.scala:306)
[info]   at org.scalatest.funsuite.AnyFunSuiteLike.runTest(AnyFunSuiteLike.scala:236)
[info]   at org.scalatest.funsuite.AnyFunSuiteLike.runTest$(AnyFunSuiteLike.scala:218)
[info]   at org.scalatest.funsuite.AnyFunSuite.runTest(AnyFunSuite.scala:1564)
[info]   at org.scalatest.funsuite.AnyFunSuiteLike.$anonfun$runTests$1(AnyFunSuiteLike.scala:269)
[info]   at org.scalatest.SuperEngine.$anonfun$runTestsInBranch$1(Engine.scala:413)
[info]   at scala.collection.immutable.List.foreach(List.scala:334)
[info]   at org.scalatest.SuperEngine.traverseSubNodes$1(Engine.scala:401)
[info]   at org.scalatest.SuperEngine.runTestsInBranch(Engine.scala:396)
[info]   at org.scalatest.SuperEngine.runTestsImpl(Engine.scala:475)
[info]   at org.scalatest.funsuite.AnyFunSuiteLike.runTests(AnyFunSuiteLike.scala:269)
[info]   at org.scalatest.funsuite.AnyFunSuiteLike.runTests$(AnyFunSuiteLike.scala:268)
[info]   at org.scalatest.funsuite.AnyFunSuite.runTests(AnyFunSuite.scala:1564)
[info]   at org.scalatest.Suite.run(Suite.scala:1114)
[info]   at org.scalatest.Suite.run$(Suite.scala:1096)
[info]   at org.scalatest.funsuite.AnyFunSuite.org$scalatest$funsuite$AnyFunSuiteLike$$super$run(AnyFunSuite.scala:1564)
[info]   at org.scalatest.funsuite.AnyFunSuiteLike.$anonfun$run$1(AnyFunSuiteLike.scala:273)
[info]   at org.scalatest.SuperEngine.runImpl(Engine.scala:535)
[info]   at org.scalatest.funsuite.AnyFunSuiteLike.run(AnyFunSuiteLike.scala:273)
[info]   at org.scalatest.funsuite.AnyFunSuiteLike.run$(AnyFunSuiteLike.scala:272)
[info]   at frameless.TypedDatasetSuite.org$scalatest$BeforeAndAfterAll$$super$run(TypedDatasetSuite.scala:63)
[info]   at org.scalatest.BeforeAndAfterAll.liftedTree1$1(BeforeAndAfterAll.scala:213)
[info]   at org.scalatest.BeforeAndAfterAll.run(BeforeAndAfterAll.scala:210)
[info]   at org.scalatest.BeforeAndAfterAll.run$(BeforeAndAfterAll.scala:208)
[info]   at frameless.TypedDatasetSuite.run(TypedDatasetSuite.scala:63)
[info]   at org.scalatest.tools.Framework.org$scalatest$tools$Framework$$runSuite(Framework.scala:321)
[info]   at org.scalatest.tools.Framework$ScalaTestTask.execute(Framework.scala:517)
[info]   at sbt.ForkMain$Run.lambda$runTest$1(ForkMain.java:414)
[info]   at java.base/java.util.concurrent.FutureTask.run(FutureTask.java:317)
[info]   at java.base/java.util.concurrent.ThreadPoolExecutor.runWorker(ThreadPoolExecutor.java:1144)
[info]   at java.base/java.util.concurrent.ThreadPoolExecutor$Worker.run(ThreadPoolExecutor.java:642)
[info]   at java.base/java.lang.Thread.run(Thread.java:1583)
[info]   Cause: java.lang.IllegalArgumentException: argument type mismatch
[info]   at java.base/jdk.internal.reflect.DirectConstructorHandleAccessor.newInstance(DirectConstructorHandleAccessor.java:65)
[info]   at java.base/java.lang.reflect.Constructor.newInstanceWithCaller(Constructor.java:502)
[info]   at java.base/java.lang.reflect.Constructor.newInstance(Constructor.java:486)
[info]   at frameless.TypedExpressionEncoder$.$anonfun$apply$3(TypedExpressionEncoder.scala:55)
[info]   at scala.Option.map(Option.scala:242)
[info]   at frameless.TypedExpressionEncoder$.apply(TypedExpressionEncoder.scala:54)
[info]   at frameless.TypedDataset$.create(TypedDataset.scala:1325)
[info]   at frameless.functions.NonAggregateFunctionsTests.prop$3(NonAggregateFunctionsTests.scala:124)
[info]   at frameless.functions.NonAggregateFunctionsTests.$anonfun$new$45(NonAggregateFunctionsTests.scala:135)
[info]   at frameless.functions.NonAggregateFunctionsTests.$anonfun$new$45$adapted(NonAggregateFunctionsTests.scala:135)
[info]   at org.scalacheck.Prop$.$anonfun$forAll$20(Prop.scala:1147)
[info]   at org.scalacheck.Prop$.$anonfun$forAll$18(Prop.scala:1131)
[info]   at scala.Function1.$anonfun$andThen$1(Function1.scala:87)
[info]   at org.scalacheck.Prop$.$anonfun$forAllShrink$2(Prop.scala:868)
[info]   at org.scalacheck.Prop$.secure(Prop.scala:484)
[info]   at org.scalacheck.Prop$.result$1(Prop.scala:868)
[info]   at org.scalacheck.Prop$.$anonfun$forAllShrink$1(Prop.scala:915)
[info]   at org.scalacheck.Prop$.$anonfun$apply$1(Prop.scala:305)
[info]   at org.scalacheck.PropFromFun.apply(Prop.scala:20)
[info]   at org.scalacheck.Prop$.result$1(Prop.scala:869)
[info]   at org.scalacheck.Prop$.$anonfun$forAllShrink$4(Prop.scala:880)
[info]   at scala.collection.immutable.Stream.map(Stream.scala:173)
[info]   at org.scalacheck.Prop$.getFirstFailure$1(Prop.scala:880)
[info]   at org.scalacheck.Prop$.shrinker$1(Prop.scala:895)
[info]   at org.scalacheck.Prop$.$anonfun$forAllShrink$1(Prop.scala:916)
[info]   at org.scalacheck.Prop$.$anonfun$apply$1(Prop.scala:305)
[info]   at org.scalacheck.PropFromFun.apply(Prop.scala:20)
[info]   at org.scalacheck.Prop$.result$1(Prop.scala:869)
[info]   at org.scalacheck.Prop$.$anonfun$forAllShrink$1(Prop.scala:915)
[info]   at org.scalacheck.Prop$.$anonfun$apply$1(Prop.scala:305)
[info]   at org.scalacheck.PropFromFun.apply(Prop.scala:20)
[info]   at org.scalacheck.Test$.workerFun$1(Test.scala:486)
[info]   at org.scalacheck.Test$.$anonfun$check$4(Test.scala:518)
[info]   at org.scalacheck.Test$.$anonfun$check$4$adapted(Test.scala:518)
[info]   at org.scalacheck.Platform$.runWorkers(Platform.scala:42)
[info]   at org.scalacheck.Test$.check(Test.scala:518)
[info]   at org.scalatestplus.scalacheck.UnitCheckerAsserting$CheckerAssertingImpl.check(CheckerAsserting.scala:90)
[info]   at org.scalatestplus.scalacheck.Checkers.check(Checkers.scala:371)
[info]   at org.scalatestplus.scalacheck.Checkers.check$(Checkers.scala:369)
[info]   at frameless.TypedDatasetSuite.check(TypedDatasetSuite.scala:63)
[info]   at frameless.functions.NonAggregateFunctionsTests.$anonfun$new$35(NonAggregateFunctionsTests.scala:135)
[info]   at org.scalatest.OutcomeOf.outcomeOf(OutcomeOf.scala:85)
[info]   at org.scalatest.OutcomeOf.outcomeOf$(OutcomeOf.scala:83)
[info]   at org.scalatest.OutcomeOf$.outcomeOf(OutcomeOf.scala:104)
[info]   at org.scalatest.Transformer.apply(Transformer.scala:22)
[info]   at org.scalatest.Transformer.apply(Transformer.scala:20)
[info]   at org.scalatest.funsuite.AnyFunSuiteLike$$anon$1.apply(AnyFunSuiteLike.scala:226)
[info]   at org.scalatest.TestSuite.withFixture(TestSuite.scala:196)
[info]   at org.scalatest.TestSuite.withFixture$(TestSuite.scala:195)
[info]   at org.scalatest.funsuite.AnyFunSuite.withFixture(AnyFunSuite.scala:1564)
[info]   at org.scalatest.funsuite.AnyFunSuiteLike.invokeWithFixture$1(AnyFunSuiteLike.scala:224)
[info]   at org.scalatest.funsuite.AnyFunSuiteLike.$anonfun$runTest$1(AnyFunSuiteLike.scala:236)
[info]   at org.scalatest.SuperEngine.runTestImpl(Engine.scala:306)
[info]   at org.scalatest.funsuite.AnyFunSuiteLike.runTest(AnyFunSuiteLike.scala:236)
[info]   at org.scalatest.funsuite.AnyFunSuiteLike.runTest$(AnyFunSuiteLike.scala:218)
[info]   at org.scalatest.funsuite.AnyFunSuite.runTest(AnyFunSuite.scala:1564)
[info]   at org.scalatest.funsuite.AnyFunSuiteLike.$anonfun$runTests$1(AnyFunSuiteLike.scala:269)
[info]   at org.scalatest.SuperEngine.$anonfun$runTestsInBranch$1(Engine.scala:413)
[info]   at scala.collection.immutable.List.foreach(List.scala:334)
[info]   at org.scalatest.SuperEngine.traverseSubNodes$1(Engine.scala:401)
[info]   at org.scalatest.SuperEngine.runTestsInBranch(Engine.scala:396)
[info]   at org.scalatest.SuperEngine.runTestsImpl(Engine.scala:475)
[info]   at org.scalatest.funsuite.AnyFunSuiteLike.runTests(AnyFunSuiteLike.scala:269)
[info]   at org.scalatest.funsuite.AnyFunSuiteLike.runTests$(AnyFunSuiteLike.scala:268)
[info]   at org.scalatest.funsuite.AnyFunSuite.runTests(AnyFunSuite.scala:1564)
[info]   at org.scalatest.Suite.run(Suite.scala:1114)
[info]   at org.scalatest.Suite.run$(Suite.scala:1096)
[info]   at org.scalatest.funsuite.AnyFunSuite.org$scalatest$funsuite$AnyFunSuiteLike$$super$run(AnyFunSuite.scala:1564)
[info]   at org.scalatest.funsuite.AnyFunSuiteLike.$anonfun$run$1(AnyFunSuiteLike.scala:273)
[info]   at org.scalatest.SuperEngine.runImpl(Engine.scala:535)
[info]   at org.scalatest.funsuite.AnyFunSuiteLike.run(AnyFunSuiteLike.scala:273)
[info]   at org.scalatest.funsuite.AnyFunSuiteLike.run$(AnyFunSuiteLike.scala:272)
[info]   at frameless.TypedDatasetSuite.org$scalatest$BeforeAndAfterAll$$super$run(TypedDatasetSuite.scala:63)
[info]   at org.scalatest.BeforeAndAfterAll.liftedTree1$1(BeforeAndAfterAll.scala:213)
[info]   at org.scalatest.BeforeAndAfterAll.run(BeforeAndAfterAll.scala:210)
[info]   at org.scalatest.BeforeAndAfterAll.run$(BeforeAndAfterAll.scala:208)
[info]   at frameless.TypedDatasetSuite.run(TypedDatasetSuite.scala:63)
[info]   at org.scalatest.tools.Framework.org$scalatest$tools$Framework$$runSuite(Framework.scala:321)
[info]   at org.scalatest.tools.Framework$ScalaTestTask.execute(Framework.scala:517)
[info]   at sbt.ForkMain$Run.lambda$runTest$1(ForkMain.java:414)
[info]   at java.base/java.util.concurrent.FutureTask.run(FutureTask.java:317)
[info]   at java.base/java.util.concurrent.ThreadPoolExecutor.runWorker(ThreadPoolExecutor.java:1144)
[info]   at java.base/java.util.concurrent.ThreadPoolExecutor$Worker.run(ThreadPoolExecutor.java:642)
[info]   at java.base/java.lang.Thread.run(Thread.java:1583)
[info]   Cause: java.lang.ClassCastException: Cannot cast scala.reflect.ClassTag$GenericClassTag to org.apache.spark.sql.catalyst.expressions.Expression
[info]   at java.base/java.lang.Class.cast(Class.java:4067)
[info]   at java.base/jdk.internal.reflect.DirectConstructorHandleAccessor.newInstance(DirectConstructorHandleAccessor.java:62)
[info]   at java.base/java.lang.reflect.Constructor.newInstanceWithCaller(Constructor.java:502)
[info]   at java.base/java.lang.reflect.Constructor.newInstance(Constructor.java:486)
[info]   at frameless.TypedExpressionEncoder$.$anonfun$apply$3(TypedExpressionEncoder.scala:55)
[info]   at scala.Option.map(Option.scala:242)
[info]   at frameless.TypedExpressionEncoder$.apply(TypedExpressionEncoder.scala:54)
[info]   at frameless.TypedDataset$.create(TypedDataset.scala:1325)
[info]   at frameless.functions.NonAggregateFunctionsTests.prop$3(NonAggregateFunctionsTests.scala:124)
[info]   at frameless.functions.NonAggregateFunctionsTests.$anonfun$new$45(NonAggregateFunctionsTests.scala:135)
[info]   at frameless.functions.NonAggregateFunctionsTests.$anonfun$new$45$adapted(NonAggregateFunctionsTests.scala:135)
[info]   at org.scalacheck.Prop$.$anonfun$forAll$20(Prop.scala:1147)
[info]   at org.scalacheck.Prop$.$anonfun$forAll$18(Prop.scala:1131)
[info]   at scala.Function1.$anonfun$andThen$1(Function1.scala:87)
[info]   at org.scalacheck.Prop$.$anonfun$forAllShrink$2(Prop.scala:868)
[info]   at org.scalacheck.Prop$.secure(Prop.scala:484)
[info]   at org.scalacheck.Prop$.result$1(Prop.scala:868)
[info]   at org.scalacheck.Prop$.$anonfun$forAllShrink$1(Prop.scala:915)
[info]   at org.scalacheck.Prop$.$anonfun$apply$1(Prop.scala:305)
[info]   at org.scalacheck.PropFromFun.apply(Prop.scala:20)
[info]   at org.scalacheck.Prop$.result$1(Prop.scala:869)
[info]   at org.scalacheck.Prop$.$anonfun$forAllShrink$4(Prop.scala:880)
[info]   at scala.collection.immutable.Stream.map(Stream.scala:173)
[info]   at org.scalacheck.Prop$.getFirstFailure$1(Prop.scala:880)
[info]   at org.scalacheck.Prop$.shrinker$1(Prop.scala:895)
[info]   at org.scalacheck.Prop$.$anonfun$forAllShrink$1(Prop.scala:916)
[info]   at org.scalacheck.Prop$.$anonfun$apply$1(Prop.scala:305)
[info]   at org.scalacheck.PropFromFun.apply(Prop.scala:20)
[info]   at org.scalacheck.Prop$.result$1(Prop.scala:869)
[info]   at org.scalacheck.Prop$.$anonfun$forAllShrink$1(Prop.scala:915)
[info]   at org.scalacheck.Prop$.$anonfun$apply$1(Prop.scala:305)
[info]   at org.scalacheck.PropFromFun.apply(Prop.scala:20)
[info]   at org.scalacheck.Test$.workerFun$1(Test.scala:486)
[info]   at org.scalacheck.Test$.$anonfun$check$4(Test.scala:518)
[info]   at org.scalacheck.Test$.$anonfun$check$4$adapted(Test.scala:518)
[info]   at org.scalacheck.Platform$.runWorkers(Platform.scala:42)
[info]   at org.scalacheck.Test$.check(Test.scala:518)
[info]   at org.scalatestplus.scalacheck.UnitCheckerAsserting$CheckerAssertingImpl.check(CheckerAsserting.scala:90)
[info]   at org.scalatestplus.scalacheck.Checkers.check(Checkers.scala:371)
[info]   at org.scalatestplus.scalacheck.Checkers.check$(Checkers.scala:369)
[info]   at frameless.TypedDatasetSuite.check(TypedDatasetSuite.scala:63)
[info]   at frameless.functions.NonAggregateFunctionsTests.$anonfun$new$35(NonAggregateFunctionsTests.scala:135)
[info]   at org.scalatest.OutcomeOf.outcomeOf(OutcomeOf.scala:85)
[info]   at org.scalatest.OutcomeOf.outcomeOf$(OutcomeOf.scala:83)
[info]   at org.scalatest.OutcomeOf$.outcomeOf(OutcomeOf.scala:104)
[info]   at org.scalatest.Transformer.apply(Transformer.scala:22)
[info]   at org.scalatest.Transformer.apply(Transformer.scala:20)
[info]   at org.scalatest.funsuite.AnyFunSuiteLike$$anon$1.apply(AnyFunSuiteLike.scala:226)
[info]   at org.scalatest.TestSuite.withFixture(TestSuite.scala:196)
[info]   at org.scalatest.TestSuite.withFixture$(TestSuite.scala:195)
[info]   at org.scalatest.funsuite.AnyFunSuite.withFixture(AnyFunSuite.scala:1564)
[info]   at org.scalatest.funsuite.AnyFunSuiteLike.invokeWithFixture$1(AnyFunSuiteLike.scala:224)
[info]   at org.scalatest.funsuite.AnyFunSuiteLike.$anonfun$runTest$1(AnyFunSuiteLike.scala:236)
[info]   at org.scalatest.SuperEngine.runTestImpl(Engine.scala:306)
[info]   at org.scalatest.funsuite.AnyFunSuiteLike.runTest(AnyFunSuiteLike.scala:236)
[info]   at org.scalatest.funsuite.AnyFunSuiteLike.runTest$(AnyFunSuiteLike.scala:218)
[info]   at org.scalatest.funsuite.AnyFunSuite.runTest(AnyFunSuite.scala:1564)
[info]   at org.scalatest.funsuite.AnyFunSuiteLike.$anonfun$runTests$1(AnyFunSuiteLike.scala:269)
[info]   at org.scalatest.SuperEngine.$anonfun$runTestsInBranch$1(Engine.scala:413)
[info]   at scala.collection.immutable.List.foreach(List.scala:334)
[info]   at org.scalatest.SuperEngine.traverseSubNodes$1(Engine.scala:401)
[info]   at org.scalatest.SuperEngine.runTestsInBranch(Engine.scala:396)
[info]   at org.scalatest.SuperEngine.runTestsImpl(Engine.scala:475)
[info]   at org.scalatest.funsuite.AnyFunSuiteLike.runTests(AnyFunSuiteLike.scala:269)
[info]   at org.scalatest.funsuite.AnyFunSuiteLike.runTests$(AnyFunSuiteLike.scala:268)
[info]   at org.scalatest.funsuite.AnyFunSuite.runTests(AnyFunSuite.scala:1564)
[info]   at org.scalatest.Suite.run(Suite.scala:1114)
[info]   at org.scalatest.Suite.run$(Suite.scala:1096)
[info]   at org.scalatest.funsuite.AnyFunSuite.org$scalatest$funsuite$AnyFunSuiteLike$$super$run(AnyFunSuite.scala:1564)
[info]   at org.scalatest.funsuite.AnyFunSuiteLike.$anonfun$run$1(AnyFunSuiteLike.scala:273)
[info]   at org.scalatest.SuperEngine.runImpl(Engine.scala:535)
[info]   at org.scalatest.funsuite.AnyFunSuiteLike.run(AnyFunSuiteLike.scala:273)
[info]   at org.scalatest.funsuite.AnyFunSuiteLike.run$(AnyFunSuiteLike.scala:272)
[info]   at frameless.TypedDatasetSuite.org$scalatest$BeforeAndAfterAll$$super$run(TypedDatasetSuite.scala:63)
[info]   at org.scalatest.BeforeAndAfterAll.liftedTree1$1(BeforeAndAfterAll.scala:213)
[info]   at org.scalatest.BeforeAndAfterAll.run(BeforeAndAfterAll.scala:210)
[info]   at org.scalatest.BeforeAndAfterAll.run$(BeforeAndAfterAll.scala:208)
[info]   at frameless.TypedDatasetSuite.run(TypedDatasetSuite.scala:63)
[info]   at org.scalatest.tools.Framework.org$scalatest$tools$Framework$$runSuite(Framework.scala:321)
[info]   at org.scalatest.tools.Framework$ScalaTestTask.execute(Framework.scala:517)
[info]   at sbt.ForkMain$Run.lambda$runTest$1(ForkMain.java:414)
[info]   at java.base/java.util.concurrent.FutureTask.run(FutureTask.java:317)
[info]   at java.base/java.util.concurrent.ThreadPoolExecutor.runWorker(ThreadPoolExecutor.java:1144)
[info]   at java.base/java.util.concurrent.ThreadPoolExecutor$Worker.run(ThreadPoolExecutor.java:642)
[info]   at java.base/java.lang.Thread.run(Thread.java:1583)
[info] - degrees *** FAILED *** (54 milliseconds)
[info]   IllegalArgumentException was thrown during property evaluation.
[info]     Message: argument type mismatch
[info]     Occurred when passed generated values (
[info]       arg0 = List()
[info]     )
[info]   org.scalatest.exceptions.GeneratorDrivenPropertyCheckFailedException:
[info]   at org.scalatestplus.scalacheck.CheckerAsserting$$anon$2.indicateFailure(CheckerAsserting.scala:251)
[info]   at org.scalatestplus.scalacheck.CheckerAsserting$$anon$2.indicateFailure(CheckerAsserting.scala:238)
[info]   at org.scalatestplus.scalacheck.UnitCheckerAsserting$CheckerAssertingImpl.check(CheckerAsserting.scala:160)
[info]   at org.scalatestplus.scalacheck.Checkers.check(Checkers.scala:371)
[info]   at org.scalatestplus.scalacheck.Checkers.check$(Checkers.scala:369)
[info]   at frameless.TypedDatasetSuite.check(TypedDatasetSuite.scala:63)
[info]   at frameless.functions.NonAggregateFunctionsTests.$anonfun$new$49(NonAggregateFunctionsTests.scala:161)
[info]   at org.scalatest.OutcomeOf.outcomeOf(OutcomeOf.scala:85)
[info]   at org.scalatest.OutcomeOf.outcomeOf$(OutcomeOf.scala:83)
[info]   at org.scalatest.OutcomeOf$.outcomeOf(OutcomeOf.scala:104)
[info]   at org.scalatest.Transformer.apply(Transformer.scala:22)
[info]   at org.scalatest.Transformer.apply(Transformer.scala:20)
[info]   at org.scalatest.funsuite.AnyFunSuiteLike$$anon$1.apply(AnyFunSuiteLike.scala:226)
[info]   at org.scalatest.TestSuite.withFixture(TestSuite.scala:196)
[info]   at org.scalatest.TestSuite.withFixture$(TestSuite.scala:195)
[info]   at org.scalatest.funsuite.AnyFunSuite.withFixture(AnyFunSuite.scala:1564)
[info]   at org.scalatest.funsuite.AnyFunSuiteLike.invokeWithFixture$1(AnyFunSuiteLike.scala:224)
[info]   at org.scalatest.funsuite.AnyFunSuiteLike.$anonfun$runTest$1(AnyFunSuiteLike.scala:236)
[info]   at org.scalatest.SuperEngine.runTestImpl(Engine.scala:306)
[info]   at org.scalatest.funsuite.AnyFunSuiteLike.runTest(AnyFunSuiteLike.scala:236)
[info]   at org.scalatest.funsuite.AnyFunSuiteLike.runTest$(AnyFunSuiteLike.scala:218)
[info]   at org.scalatest.funsuite.AnyFunSuite.runTest(AnyFunSuite.scala:1564)
[info]   at org.scalatest.funsuite.AnyFunSuiteLike.$anonfun$runTests$1(AnyFunSuiteLike.scala:269)
[info]   at org.scalatest.SuperEngine.$anonfun$runTestsInBranch$1(Engine.scala:413)
[info]   at scala.collection.immutable.List.foreach(List.scala:334)
[info]   at org.scalatest.SuperEngine.traverseSubNodes$1(Engine.scala:401)
[info]   at org.scalatest.SuperEngine.runTestsInBranch(Engine.scala:396)
[info]   at org.scalatest.SuperEngine.runTestsImpl(Engine.scala:475)
[info]   at org.scalatest.funsuite.AnyFunSuiteLike.runTests(AnyFunSuiteLike.scala:269)
[info]   at org.scalatest.funsuite.AnyFunSuiteLike.runTests$(AnyFunSuiteLike.scala:268)
[info]   at org.scalatest.funsuite.AnyFunSuite.runTests(AnyFunSuite.scala:1564)
[info]   at org.scalatest.Suite.run(Suite.scala:1114)
[info]   at org.scalatest.Suite.run$(Suite.scala:1096)
[info]   at org.scalatest.funsuite.AnyFunSuite.org$scalatest$funsuite$AnyFunSuiteLike$$super$run(AnyFunSuite.scala:1564)
[info]   at org.scalatest.funsuite.AnyFunSuiteLike.$anonfun$run$1(AnyFunSuiteLike.scala:273)
[info]   at org.scalatest.SuperEngine.runImpl(Engine.scala:535)
[info]   at org.scalatest.funsuite.AnyFunSuiteLike.run(AnyFunSuiteLike.scala:273)
[info]   at org.scalatest.funsuite.AnyFunSuiteLike.run$(AnyFunSuiteLike.scala:272)
[info]   at frameless.TypedDatasetSuite.org$scalatest$BeforeAndAfterAll$$super$run(TypedDatasetSuite.scala:63)
[info]   at org.scalatest.BeforeAndAfterAll.liftedTree1$1(BeforeAndAfterAll.scala:213)
[info]   at org.scalatest.BeforeAndAfterAll.run(BeforeAndAfterAll.scala:210)
[info]   at org.scalatest.BeforeAndAfterAll.run$(BeforeAndAfterAll.scala:208)
[info]   at frameless.TypedDatasetSuite.run(TypedDatasetSuite.scala:63)
[info]   at org.scalatest.tools.Framework.org$scalatest$tools$Framework$$runSuite(Framework.scala:321)
[info]   at org.scalatest.tools.Framework$ScalaTestTask.execute(Framework.scala:517)
[info]   at sbt.ForkMain$Run.lambda$runTest$1(ForkMain.java:414)
[info]   at java.base/java.util.concurrent.FutureTask.run(FutureTask.java:317)
[info]   at java.base/java.util.concurrent.ThreadPoolExecutor.runWorker(ThreadPoolExecutor.java:1144)
[info]   at java.base/java.util.concurrent.ThreadPoolExecutor$Worker.run(ThreadPoolExecutor.java:642)
[info]   at java.base/java.lang.Thread.run(Thread.java:1583)
[info]   Cause: java.lang.IllegalArgumentException: argument type mismatch
[info]   at java.base/jdk.internal.reflect.DirectConstructorHandleAccessor.newInstance(DirectConstructorHandleAccessor.java:65)
[info]   at java.base/java.lang.reflect.Constructor.newInstanceWithCaller(Constructor.java:502)
[info]   at java.base/java.lang.reflect.Constructor.newInstance(Constructor.java:486)
[info]   at frameless.TypedExpressionEncoder$.$anonfun$apply$3(TypedExpressionEncoder.scala:55)
[info]   at scala.Option.map(Option.scala:242)
[info]   at frameless.TypedExpressionEncoder$.apply(TypedExpressionEncoder.scala:54)
[info]   at frameless.TypedDataset$.create(TypedDataset.scala:1325)
[info]   at frameless.functions.NonAggregateFunctionsTests.prop$4(NonAggregateFunctionsTests.scala:150)
[info]   at frameless.functions.NonAggregateFunctionsTests.$anonfun$new$59(NonAggregateFunctionsTests.scala:161)
[info]   at scala.Function1.$anonfun$andThen$1(Function1.scala:87)
[info]   at org.scalacheck.Prop$.$anonfun$forAllShrink$2(Prop.scala:868)
[info]   at org.scalacheck.Prop$.secure(Prop.scala:484)
[info]   at org.scalacheck.Prop$.result$1(Prop.scala:868)
[info]   at org.scalacheck.Prop$.$anonfun$forAllShrink$1(Prop.scala:915)
[info]   at org.scalacheck.Prop$.$anonfun$apply$1(Prop.scala:305)
[info]   at org.scalacheck.PropFromFun.apply(Prop.scala:20)
[info]   at org.scalacheck.Test$.workerFun$1(Test.scala:486)
[info]   at org.scalacheck.Test$.$anonfun$check$4(Test.scala:518)
[info]   at org.scalacheck.Test$.$anonfun$check$4$adapted(Test.scala:518)
[info]   at org.scalacheck.Platform$.runWorkers(Platform.scala:42)
[info]   at org.scalacheck.Test$.check(Test.scala:518)
[info]   at org.scalatestplus.scalacheck.UnitCheckerAsserting$CheckerAssertingImpl.check(CheckerAsserting.scala:90)
[info]   at org.scalatestplus.scalacheck.Checkers.check(Checkers.scala:371)
[info]   at org.scalatestplus.scalacheck.Checkers.check$(Checkers.scala:369)
[info]   at frameless.TypedDatasetSuite.check(TypedDatasetSuite.scala:63)
[info]   at frameless.functions.NonAggregateFunctionsTests.$anonfun$new$49(NonAggregateFunctionsTests.scala:161)
[info]   at org.scalatest.OutcomeOf.outcomeOf(OutcomeOf.scala:85)
[info]   at org.scalatest.OutcomeOf.outcomeOf$(OutcomeOf.scala:83)
[info]   at org.scalatest.OutcomeOf$.outcomeOf(OutcomeOf.scala:104)
[info]   at org.scalatest.Transformer.apply(Transformer.scala:22)
[info]   at org.scalatest.Transformer.apply(Transformer.scala:20)
[info]   at org.scalatest.funsuite.AnyFunSuiteLike$$anon$1.apply(AnyFunSuiteLike.scala:226)
[info]   at org.scalatest.TestSuite.withFixture(TestSuite.scala:196)
[info]   at org.scalatest.TestSuite.withFixture$(TestSuite.scala:195)
[info]   at org.scalatest.funsuite.AnyFunSuite.withFixture(AnyFunSuite.scala:1564)
[info]   at org.scalatest.funsuite.AnyFunSuiteLike.invokeWithFixture$1(AnyFunSuiteLike.scala:224)
[info]   at org.scalatest.funsuite.AnyFunSuiteLike.$anonfun$runTest$1(AnyFunSuiteLike.scala:236)
[info]   at org.scalatest.SuperEngine.runTestImpl(Engine.scala:306)
[info]   at org.scalatest.funsuite.AnyFunSuiteLike.runTest(AnyFunSuiteLike.scala:236)
[info]   at org.scalatest.funsuite.AnyFunSuiteLike.runTest$(AnyFunSuiteLike.scala:218)
[info]   at org.scalatest.funsuite.AnyFunSuite.runTest(AnyFunSuite.scala:1564)
[info]   at org.scalatest.funsuite.AnyFunSuiteLike.$anonfun$runTests$1(AnyFunSuiteLike.scala:269)
[info]   at org.scalatest.SuperEngine.$anonfun$runTestsInBranch$1(Engine.scala:413)
[info]   at scala.collection.immutable.List.foreach(List.scala:334)
[info]   at org.scalatest.SuperEngine.traverseSubNodes$1(Engine.scala:401)
[info]   at org.scalatest.SuperEngine.runTestsInBranch(Engine.scala:396)
[info]   at org.scalatest.SuperEngine.runTestsImpl(Engine.scala:475)
[info]   at org.scalatest.funsuite.AnyFunSuiteLike.runTests(AnyFunSuiteLike.scala:269)
[info]   at org.scalatest.funsuite.AnyFunSuiteLike.runTests$(AnyFunSuiteLike.scala:268)
[info]   at org.scalatest.funsuite.AnyFunSuite.runTests(AnyFunSuite.scala:1564)
[info]   at org.scalatest.Suite.run(Suite.scala:1114)
[info]   at org.scalatest.Suite.run$(Suite.scala:1096)
[info]   at org.scalatest.funsuite.AnyFunSuite.org$scalatest$funsuite$AnyFunSuiteLike$$super$run(AnyFunSuite.scala:1564)
[info]   at org.scalatest.funsuite.AnyFunSuiteLike.$anonfun$run$1(AnyFunSuiteLike.scala:273)
[info]   at org.scalatest.SuperEngine.runImpl(Engine.scala:535)
[info]   at org.scalatest.funsuite.AnyFunSuiteLike.run(AnyFunSuiteLike.scala:273)
[info]   at org.scalatest.funsuite.AnyFunSuiteLike.run$(AnyFunSuiteLike.scala:272)
[info]   at frameless.TypedDatasetSuite.org$scalatest$BeforeAndAfterAll$$super$run(TypedDatasetSuite.scala:63)
[info]   at org.scalatest.BeforeAndAfterAll.liftedTree1$1(BeforeAndAfterAll.scala:213)
[info]   at org.scalatest.BeforeAndAfterAll.run(BeforeAndAfterAll.scala:210)
[info]   at org.scalatest.BeforeAndAfterAll.run$(BeforeAndAfterAll.scala:208)
[info]   at frameless.TypedDatasetSuite.run(TypedDatasetSuite.scala:63)
[info]   at org.scalatest.tools.Framework.org$scalatest$tools$Framework$$runSuite(Framework.scala:321)
[info]   at org.scalatest.tools.Framework$ScalaTestTask.execute(Framework.scala:517)
[info]   at sbt.ForkMain$Run.lambda$runTest$1(ForkMain.java:414)
[info]   at java.base/java.util.concurrent.FutureTask.run(FutureTask.java:317)
[info]   at java.base/java.util.concurrent.ThreadPoolExecutor.runWorker(ThreadPoolExecutor.java:1144)
[info]   at java.base/java.util.concurrent.ThreadPoolExecutor$Worker.run(ThreadPoolExecutor.java:642)
[info]   at java.base/java.lang.Thread.run(Thread.java:1583)
[info]   Cause: java.lang.ClassCastException: Cannot cast scala.reflect.ClassTag$GenericClassTag to org.apache.spark.sql.catalyst.expressions.Expression
[info]   at java.base/java.lang.Class.cast(Class.java:4067)
[info]   at java.base/jdk.internal.reflect.DirectConstructorHandleAccessor.newInstance(DirectConstructorHandleAccessor.java:62)
[info]   at java.base/java.lang.reflect.Constructor.newInstanceWithCaller(Constructor.java:502)
[info]   at java.base/java.lang.reflect.Constructor.newInstance(Constructor.java:486)
[info]   at frameless.TypedExpressionEncoder$.$anonfun$apply$3(TypedExpressionEncoder.scala:55)
[info]   at scala.Option.map(Option.scala:242)
[info]   at frameless.TypedExpressionEncoder$.apply(TypedExpressionEncoder.scala:54)
[info]   at frameless.TypedDataset$.create(TypedDataset.scala:1325)
[info]   at frameless.functions.NonAggregateFunctionsTests.prop$4(NonAggregateFunctionsTests.scala:150)
[info]   at frameless.functions.NonAggregateFunctionsTests.$anonfun$new$59(NonAggregateFunctionsTests.scala:161)
[info]   at scala.Function1.$anonfun$andThen$1(Function1.scala:87)
[info]   at org.scalacheck.Prop$.$anonfun$forAllShrink$2(Prop.scala:868)
[info]   at org.scalacheck.Prop$.secure(Prop.scala:484)
[info]   at org.scalacheck.Prop$.result$1(Prop.scala:868)
[info]   at org.scalacheck.Prop$.$anonfun$forAllShrink$1(Prop.scala:915)
[info]   at org.scalacheck.Prop$.$anonfun$apply$1(Prop.scala:305)
[info]   at org.scalacheck.PropFromFun.apply(Prop.scala:20)
[info]   at org.scalacheck.Test$.workerFun$1(Test.scala:486)
[info]   at org.scalacheck.Test$.$anonfun$check$4(Test.scala:518)
[info]   at org.scalacheck.Test$.$anonfun$check$4$adapted(Test.scala:518)
[info]   at org.scalacheck.Platform$.runWorkers(Platform.scala:42)
[info]   at org.scalacheck.Test$.check(Test.scala:518)
[info]   at org.scalatestplus.scalacheck.UnitCheckerAsserting$CheckerAssertingImpl.check(CheckerAsserting.scala:90)
[info]   at org.scalatestplus.scalacheck.Checkers.check(Checkers.scala:371)
[info]   at org.scalatestplus.scalacheck.Checkers.check$(Checkers.scala:369)
[info]   at frameless.TypedDatasetSuite.check(TypedDatasetSuite.scala:63)
[info]   at frameless.functions.NonAggregateFunctionsTests.$anonfun$new$49(NonAggregateFunctionsTests.scala:161)
[info]   at org.scalatest.OutcomeOf.outcomeOf(OutcomeOf.scala:85)
[info]   at org.scalatest.OutcomeOf.outcomeOf$(OutcomeOf.scala:83)
[info]   at org.scalatest.OutcomeOf$.outcomeOf(OutcomeOf.scala:104)
[info]   at org.scalatest.Transformer.apply(Transformer.scala:22)
[info]   at org.scalatest.Transformer.apply(Transformer.scala:20)
[info]   at org.scalatest.funsuite.AnyFunSuiteLike$$anon$1.apply(AnyFunSuiteLike.scala:226)
[info]   at org.scalatest.TestSuite.withFixture(TestSuite.scala:196)
[info]   at org.scalatest.TestSuite.withFixture$(TestSuite.scala:195)
[info]   at org.scalatest.funsuite.AnyFunSuite.withFixture(AnyFunSuite.scala:1564)
[info]   at org.scalatest.funsuite.AnyFunSuiteLike.invokeWithFixture$1(AnyFunSuiteLike.scala:224)
[info]   at org.scalatest.funsuite.AnyFunSuiteLike.$anonfun$runTest$1(AnyFunSuiteLike.scala:236)
[info]   at org.scalatest.SuperEngine.runTestImpl(Engine.scala:306)
[info]   at org.scalatest.funsuite.AnyFunSuiteLike.runTest(AnyFunSuiteLike.scala:236)
[info]   at org.scalatest.funsuite.AnyFunSuiteLike.runTest$(AnyFunSuiteLike.scala:218)
[info]   at org.scalatest.funsuite.AnyFunSuite.runTest(AnyFunSuite.scala:1564)
[info]   at org.scalatest.funsuite.AnyFunSuiteLike.$anonfun$runTests$1(AnyFunSuiteLike.scala:269)
[info]   at org.scalatest.SuperEngine.$anonfun$runTestsInBranch$1(Engine.scala:413)
[info]   at scala.collection.immutable.List.foreach(List.scala:334)
[info]   at org.scalatest.SuperEngine.traverseSubNodes$1(Engine.scala:401)
[info]   at org.scalatest.SuperEngine.runTestsInBranch(Engine.scala:396)
[info]   at org.scalatest.SuperEngine.runTestsImpl(Engine.scala:475)
[info]   at org.scalatest.funsuite.AnyFunSuiteLike.runTests(AnyFunSuiteLike.scala:269)
[info]   at org.scalatest.funsuite.AnyFunSuiteLike.runTests$(AnyFunSuiteLike.scala:268)
[info]   at org.scalatest.funsuite.AnyFunSuite.runTests(AnyFunSuite.scala:1564)
[info]   at org.scalatest.Suite.run(Suite.scala:1114)
[info]   at org.scalatest.Suite.run$(Suite.scala:1096)
[info]   at org.scalatest.funsuite.AnyFunSuite.org$scalatest$funsuite$AnyFunSuiteLike$$super$run(AnyFunSuite.scala:1564)
[info]   at org.scalatest.funsuite.AnyFunSuiteLike.$anonfun$run$1(AnyFunSuiteLike.scala:273)
[info]   at org.scalatest.SuperEngine.runImpl(Engine.scala:535)
[info]   at org.scalatest.funsuite.AnyFunSuiteLike.run(AnyFunSuiteLike.scala:273)
[info]   at org.scalatest.funsuite.AnyFunSuiteLike.run$(AnyFunSuiteLike.scala:272)
[info]   at frameless.TypedDatasetSuite.org$scalatest$BeforeAndAfterAll$$super$run(TypedDatasetSuite.scala:63)
[info]   at org.scalatest.BeforeAndAfterAll.liftedTree1$1(BeforeAndAfterAll.scala:213)
[info]   at org.scalatest.BeforeAndAfterAll.run(BeforeAndAfterAll.scala:210)
[info]   at org.scalatest.BeforeAndAfterAll.run$(BeforeAndAfterAll.scala:208)
[info]   at frameless.TypedDatasetSuite.run(TypedDatasetSuite.scala:63)
[info]   at org.scalatest.tools.Framework.org$scalatest$tools$Framework$$runSuite(Framework.scala:321)
[info]   at org.scalatest.tools.Framework$ScalaTestTask.execute(Framework.scala:517)
[info]   at sbt.ForkMain$Run.lambda$runTest$1(ForkMain.java:414)
[info]   at java.base/java.util.concurrent.FutureTask.run(FutureTask.java:317)
[info]   at java.base/java.util.concurrent.ThreadPoolExecutor.runWorker(ThreadPoolExecutor.java:1144)
[info]   at java.base/java.util.concurrent.ThreadPoolExecutor$Worker.run(ThreadPoolExecutor.java:642)
[info]   at java.base/java.lang.Thread.run(Thread.java:1583)
[info] - shiftRightUnsigned *** FAILED *** (25 milliseconds)
[info]   IllegalArgumentException was thrown during property evaluation.
[info]     Message: argument type mismatch
[info]     Occurred when passed generated values (
[info]       arg0 = List(),
[info]       arg1 = 0 // 31 shrinks
[info]     )
[info]   org.scalatest.exceptions.GeneratorDrivenPropertyCheckFailedException:
[info]   at org.scalatestplus.scalacheck.CheckerAsserting$$anon$2.indicateFailure(CheckerAsserting.scala:251)
[info]   at org.scalatestplus.scalacheck.CheckerAsserting$$anon$2.indicateFailure(CheckerAsserting.scala:238)
[info]   at org.scalatestplus.scalacheck.UnitCheckerAsserting$CheckerAssertingImpl.check(CheckerAsserting.scala:160)
[info]   at org.scalatestplus.scalacheck.Checkers.check(Checkers.scala:371)
[info]   at org.scalatestplus.scalacheck.Checkers.check$(Checkers.scala:369)
[info]   at frameless.TypedDatasetSuite.check(TypedDatasetSuite.scala:63)
[info]   at frameless.functions.NonAggregateFunctionsTests.$anonfun$new$69(NonAggregateFunctionsTests.scala:200)
[info]   at org.scalatest.OutcomeOf.outcomeOf(OutcomeOf.scala:85)
[info]   at org.scalatest.OutcomeOf.outcomeOf$(OutcomeOf.scala:83)
[info]   at org.scalatest.OutcomeOf$.outcomeOf(OutcomeOf.scala:104)
[info]   at org.scalatest.Transformer.apply(Transformer.scala:22)
[info]   at org.scalatest.Transformer.apply(Transformer.scala:20)
[info]   at org.scalatest.funsuite.AnyFunSuiteLike$$anon$1.apply(AnyFunSuiteLike.scala:226)
[info]   at org.scalatest.TestSuite.withFixture(TestSuite.scala:196)
[info]   at org.scalatest.TestSuite.withFixture$(TestSuite.scala:195)
[info]   at org.scalatest.funsuite.AnyFunSuite.withFixture(AnyFunSuite.scala:1564)
[info]   at org.scalatest.funsuite.AnyFunSuiteLike.invokeWithFixture$1(AnyFunSuiteLike.scala:224)
[info]   at org.scalatest.funsuite.AnyFunSuiteLike.$anonfun$runTest$1(AnyFunSuiteLike.scala:236)
[info]   at org.scalatest.SuperEngine.runTestImpl(Engine.scala:306)
[info]   at org.scalatest.funsuite.AnyFunSuiteLike.runTest(AnyFunSuiteLike.scala:236)
[info]   at org.scalatest.funsuite.AnyFunSuiteLike.runTest$(AnyFunSuiteLike.scala:218)
[info]   at org.scalatest.funsuite.AnyFunSuite.runTest(AnyFunSuite.scala:1564)
[info]   at org.scalatest.funsuite.AnyFunSuiteLike.$anonfun$runTests$1(AnyFunSuiteLike.scala:269)
[info]   at org.scalatest.SuperEngine.$anonfun$runTestsInBranch$1(Engine.scala:413)
[info]   at scala.collection.immutable.List.foreach(List.scala:334)
[info]   at org.scalatest.SuperEngine.traverseSubNodes$1(Engine.scala:401)
[info]   at org.scalatest.SuperEngine.runTestsInBranch(Engine.scala:396)
[info]   at org.scalatest.SuperEngine.runTestsImpl(Engine.scala:475)
[info]   at org.scalatest.funsuite.AnyFunSuiteLike.runTests(AnyFunSuiteLike.scala:269)
[info]   at org.scalatest.funsuite.AnyFunSuiteLike.runTests$(AnyFunSuiteLike.scala:268)
[info]   at org.scalatest.funsuite.AnyFunSuite.runTests(AnyFunSuite.scala:1564)
[info]   at org.scalatest.Suite.run(Suite.scala:1114)
[info]   at org.scalatest.Suite.run$(Suite.scala:1096)
[info]   at org.scalatest.funsuite.AnyFunSuite.org$scalatest$funsuite$AnyFunSuiteLike$$super$run(AnyFunSuite.scala:1564)
[info]   at org.scalatest.funsuite.AnyFunSuiteLike.$anonfun$run$1(AnyFunSuiteLike.scala:273)
[info]   at org.scalatest.SuperEngine.runImpl(Engine.scala:535)
[info]   at org.scalatest.funsuite.AnyFunSuiteLike.run(AnyFunSuiteLike.scala:273)
[info]   at org.scalatest.funsuite.AnyFunSuiteLike.run$(AnyFunSuiteLike.scala:272)
[info]   at frameless.TypedDatasetSuite.org$scalatest$BeforeAndAfterAll$$super$run(TypedDatasetSuite.scala:63)
[info]   at org.scalatest.BeforeAndAfterAll.liftedTree1$1(BeforeAndAfterAll.scala:213)
[info]   at org.scalatest.BeforeAndAfterAll.run(BeforeAndAfterAll.scala:210)
[info]   at org.scalatest.BeforeAndAfterAll.run$(BeforeAndAfterAll.scala:208)
[info]   at frameless.TypedDatasetSuite.run(TypedDatasetSuite.scala:63)
[info]   at org.scalatest.tools.Framework.org$scalatest$tools$Framework$$runSuite(Framework.scala:321)
[info]   at org.scalatest.tools.Framework$ScalaTestTask.execute(Framework.scala:517)
[info]   at sbt.ForkMain$Run.lambda$runTest$1(ForkMain.java:414)
[info]   at java.base/java.util.concurrent.FutureTask.run(FutureTask.java:317)
[info]   at java.base/java.util.concurrent.ThreadPoolExecutor.runWorker(ThreadPoolExecutor.java:1144)
[info]   at java.base/java.util.concurrent.ThreadPoolExecutor$Worker.run(ThreadPoolExecutor.java:642)
[info]   at java.base/java.lang.Thread.run(Thread.java:1583)
[info]   Cause: java.lang.IllegalArgumentException: argument type mismatch
[info]   at java.base/jdk.internal.reflect.DirectConstructorHandleAccessor.newInstance(DirectConstructorHandleAccessor.java:65)
[info]   at java.base/java.lang.reflect.Constructor.newInstanceWithCaller(Constructor.java:502)
[info]   at java.base/java.lang.reflect.Constructor.newInstance(Constructor.java:486)
[info]   at frameless.TypedExpressionEncoder$.$anonfun$apply$3(TypedExpressionEncoder.scala:55)
[info]   at scala.Option.map(Option.scala:242)
[info]   at frameless.TypedExpressionEncoder$.apply(TypedExpressionEncoder.scala:54)
[info]   at frameless.TypedDataset$.create(TypedDataset.scala:1325)
[info]   at frameless.functions.NonAggregateFunctionsTests.prop$5(NonAggregateFunctionsTests.scala:196)
[info]   at frameless.functions.NonAggregateFunctionsTests.$anonfun$new$77(NonAggregateFunctionsTests.scala:200)
[info]   at frameless.functions.NonAggregateFunctionsTests.$anonfun$new$77$adapted(NonAggregateFunctionsTests.scala:200)
[info]   at org.scalacheck.Prop$.$anonfun$forAll$18(Prop.scala:1131)
[info]   at scala.Function1.$anonfun$andThen$1(Function1.scala:87)
[info]   at org.scalacheck.Prop$.$anonfun$forAllShrink$2(Prop.scala:868)
[info]   at org.scalacheck.Prop$.secure(Prop.scala:484)
[info]   at org.scalacheck.Prop$.result$1(Prop.scala:868)
[info]   at org.scalacheck.Prop$.$anonfun$forAllShrink$4(Prop.scala:880)
[info]   at scala.collection.immutable.Stream.map(Stream.scala:173)
[info]   at org.scalacheck.Prop$.getFirstFailure$1(Prop.scala:880)
[info]   at org.scalacheck.Prop$.shrinker$1(Prop.scala:895)
[info]   at org.scalacheck.Prop$.$anonfun$forAllShrink$1(Prop.scala:916)
[info]   at org.scalacheck.Prop$.$anonfun$apply$1(Prop.scala:305)
[info]   at org.scalacheck.PropFromFun.apply(Prop.scala:20)
[info]   at org.scalacheck.Prop$.result$1(Prop.scala:869)
[info]   at org.scalacheck.Prop$.$anonfun$forAllShrink$1(Prop.scala:915)
[info]   at org.scalacheck.Prop$.$anonfun$apply$1(Prop.scala:305)
[info]   at org.scalacheck.PropFromFun.apply(Prop.scala:20)
[info]   at org.scalacheck.Test$.workerFun$1(Test.scala:486)
[info]   at org.scalacheck.Test$.$anonfun$check$4(Test.scala:518)
[info]   at org.scalacheck.Test$.$anonfun$check$4$adapted(Test.scala:518)
[info]   at org.scalacheck.Platform$.runWorkers(Platform.scala:42)
[info]   at org.scalacheck.Test$.check(Test.scala:518)
[info]   at org.scalatestplus.scalacheck.UnitCheckerAsserting$CheckerAssertingImpl.check(CheckerAsserting.scala:90)
[info]   at org.scalatestplus.scalacheck.Checkers.check(Checkers.scala:371)
[info]   at org.scalatestplus.scalacheck.Checkers.check$(Checkers.scala:369)
[info]   at frameless.TypedDatasetSuite.check(TypedDatasetSuite.scala:63)
[info]   at frameless.functions.NonAggregateFunctionsTests.$anonfun$new$69(NonAggregateFunctionsTests.scala:200)
[info]   at org.scalatest.OutcomeOf.outcomeOf(OutcomeOf.scala:85)
[info]   at org.scalatest.OutcomeOf.outcomeOf$(OutcomeOf.scala:83)
[info]   at org.scalatest.OutcomeOf$.outcomeOf(OutcomeOf.scala:104)
[info]   at org.scalatest.Transformer.apply(Transformer.scala:22)
[info]   at org.scalatest.Transformer.apply(Transformer.scala:20)
[info]   at org.scalatest.funsuite.AnyFunSuiteLike$$anon$1.apply(AnyFunSuiteLike.scala:226)
[info]   at org.scalatest.TestSuite.withFixture(TestSuite.scala:196)
[info]   at org.scalatest.TestSuite.withFixture$(TestSuite.scala:195)
[info]   at org.scalatest.funsuite.AnyFunSuite.withFixture(AnyFunSuite.scala:1564)
[info]   at org.scalatest.funsuite.AnyFunSuiteLike.invokeWithFixture$1(AnyFunSuiteLike.scala:224)
[info]   at org.scalatest.funsuite.AnyFunSuiteLike.$anonfun$runTest$1(AnyFunSuiteLike.scala:236)
[info]   at org.scalatest.SuperEngine.runTestImpl(Engine.scala:306)
[info]   at org.scalatest.funsuite.AnyFunSuiteLike.runTest(AnyFunSuiteLike.scala:236)
[info]   at org.scalatest.funsuite.AnyFunSuiteLike.runTest$(AnyFunSuiteLike.scala:218)
[info]   at org.scalatest.funsuite.AnyFunSuite.runTest(AnyFunSuite.scala:1564)
[info]   at org.scalatest.funsuite.AnyFunSuiteLike.$anonfun$runTests$1(AnyFunSuiteLike.scala:269)
[info]   at org.scalatest.SuperEngine.$anonfun$runTestsInBranch$1(Engine.scala:413)
[info]   at scala.collection.immutable.List.foreach(List.scala:334)
[info]   at org.scalatest.SuperEngine.traverseSubNodes$1(Engine.scala:401)
[info]   at org.scalatest.SuperEngine.runTestsInBranch(Engine.scala:396)
[info]   at org.scalatest.SuperEngine.runTestsImpl(Engine.scala:475)
[info]   at org.scalatest.funsuite.AnyFunSuiteLike.runTests(AnyFunSuiteLike.scala:269)
[info]   at org.scalatest.funsuite.AnyFunSuiteLike.runTests$(AnyFunSuiteLike.scala:268)
[info]   at org.scalatest.funsuite.AnyFunSuite.runTests(AnyFunSuite.scala:1564)
[info]   at org.scalatest.Suite.run(Suite.scala:1114)
[info]   at org.scalatest.Suite.run$(Suite.scala:1096)
[info]   at org.scalatest.funsuite.AnyFunSuite.org$scalatest$funsuite$AnyFunSuiteLike$$super$run(AnyFunSuite.scala:1564)
[info]   at org.scalatest.funsuite.AnyFunSuiteLike.$anonfun$run$1(AnyFunSuiteLike.scala:273)
[info]   at org.scalatest.SuperEngine.runImpl(Engine.scala:535)
[info]   at org.scalatest.funsuite.AnyFunSuiteLike.run(AnyFunSuiteLike.scala:273)
[info]   at org.scalatest.funsuite.AnyFunSuiteLike.run$(AnyFunSuiteLike.scala:272)
[info]   at frameless.TypedDatasetSuite.org$scalatest$BeforeAndAfterAll$$super$run(TypedDatasetSuite.scala:63)
[info]   at org.scalatest.BeforeAndAfterAll.liftedTree1$1(BeforeAndAfterAll.scala:213)
[info]   at org.scalatest.BeforeAndAfterAll.run(BeforeAndAfterAll.scala:210)
[info]   at org.scalatest.BeforeAndAfterAll.run$(BeforeAndAfterAll.scala:208)
[info]   at frameless.TypedDatasetSuite.run(TypedDatasetSuite.scala:63)
[info]   at org.scalatest.tools.Framework.org$scalatest$tools$Framework$$runSuite(Framework.scala:321)
[info]   at org.scalatest.tools.Framework$ScalaTestTask.execute(Framework.scala:517)
[info]   at sbt.ForkMain$Run.lambda$runTest$1(ForkMain.java:414)
[info]   at java.base/java.util.concurrent.FutureTask.run(FutureTask.java:317)
[info]   at java.base/java.util.concurrent.ThreadPoolExecutor.runWorker(ThreadPoolExecutor.java:1144)
[info]   at java.base/java.util.concurrent.ThreadPoolExecutor$Worker.run(ThreadPoolExecutor.java:642)
[info]   at java.base/java.lang.Thread.run(Thread.java:1583)
[info]   Cause: java.lang.ClassCastException: Cannot cast scala.reflect.ClassTag$GenericClassTag to org.apache.spark.sql.catalyst.expressions.Expression
[info]   at java.base/java.lang.Class.cast(Class.java:4067)
[info]   at java.base/jdk.internal.reflect.DirectConstructorHandleAccessor.newInstance(DirectConstructorHandleAccessor.java:62)
[info]   at java.base/java.lang.reflect.Constructor.newInstanceWithCaller(Constructor.java:502)
[info]   at java.base/java.lang.reflect.Constructor.newInstance(Constructor.java:486)
[info]   at frameless.TypedExpressionEncoder$.$anonfun$apply$3(TypedExpressionEncoder.scala:55)
[info]   at scala.Option.map(Option.scala:242)
[info]   at frameless.TypedExpressionEncoder$.apply(TypedExpressionEncoder.scala:54)
[info]   at frameless.TypedDataset$.create(TypedDataset.scala:1325)
[info]   at frameless.functions.NonAggregateFunctionsTests.prop$5(NonAggregateFunctionsTests.scala:196)
[info]   at frameless.functions.NonAggregateFunctionsTests.$anonfun$new$77(NonAggregateFunctionsTests.scala:200)
[info]   at frameless.functions.NonAggregateFunctionsTests.$anonfun$new$77$adapted(NonAggregateFunctionsTests.scala:200)
[info]   at org.scalacheck.Prop$.$anonfun$forAll$18(Prop.scala:1131)
[info]   at scala.Function1.$anonfun$andThen$1(Function1.scala:87)
[info]   at org.scalacheck.Prop$.$anonfun$forAllShrink$2(Prop.scala:868)
[info]   at org.scalacheck.Prop$.secure(Prop.scala:484)
[info]   at org.scalacheck.Prop$.result$1(Prop.scala:868)
[info]   at org.scalacheck.Prop$.$anonfun$forAllShrink$4(Prop.scala:880)
[info]   at scala.collection.immutable.Stream.map(Stream.scala:173)
[info]   at org.scalacheck.Prop$.getFirstFailure$1(Prop.scala:880)
[info]   at org.scalacheck.Prop$.shrinker$1(Prop.scala:895)
[info]   at org.scalacheck.Prop$.$anonfun$forAllShrink$1(Prop.scala:916)
[info]   at org.scalacheck.Prop$.$anonfun$apply$1(Prop.scala:305)
[info]   at org.scalacheck.PropFromFun.apply(Prop.scala:20)
[info]   at org.scalacheck.Prop$.result$1(Prop.scala:869)
[info]   at org.scalacheck.Prop$.$anonfun$forAllShrink$1(Prop.scala:915)
[info]   at org.scalacheck.Prop$.$anonfun$apply$1(Prop.scala:305)
[info]   at org.scalacheck.PropFromFun.apply(Prop.scala:20)
[info]   at org.scalacheck.Test$.workerFun$1(Test.scala:486)
[info]   at org.scalacheck.Test$.$anonfun$check$4(Test.scala:518)
[info]   at org.scalacheck.Test$.$anonfun$check$4$adapted(Test.scala:518)
[info]   at org.scalacheck.Platform$.runWorkers(Platform.scala:42)
[info]   at org.scalacheck.Test$.check(Test.scala:518)
[info]   at org.scalatestplus.scalacheck.UnitCheckerAsserting$CheckerAssertingImpl.check(CheckerAsserting.scala:90)
[info]   at org.scalatestplus.scalacheck.Checkers.check(Checkers.scala:371)
[info]   at org.scalatestplus.scalacheck.Checkers.check$(Checkers.scala:369)
[info]   at frameless.TypedDatasetSuite.check(TypedDatasetSuite.scala:63)
[info]   at frameless.functions.NonAggregateFunctionsTests.$anonfun$new$69(NonAggregateFunctionsTests.scala:200)
[info]   at org.scalatest.OutcomeOf.outcomeOf(OutcomeOf.scala:85)
[info]   at org.scalatest.OutcomeOf.outcomeOf$(OutcomeOf.scala:83)
[info]   at org.scalatest.OutcomeOf$.outcomeOf(OutcomeOf.scala:104)
[info]   at org.scalatest.Transformer.apply(Transformer.scala:22)
[info]   at org.scalatest.Transformer.apply(Transformer.scala:20)
[info]   at org.scalatest.funsuite.AnyFunSuiteLike$$anon$1.apply(AnyFunSuiteLike.scala:226)
[info]   at org.scalatest.TestSuite.withFixture(TestSuite.scala:196)
[info]   at org.scalatest.TestSuite.withFixture$(TestSuite.scala:195)
[info]   at org.scalatest.funsuite.AnyFunSuite.withFixture(AnyFunSuite.scala:1564)
[info]   at org.scalatest.funsuite.AnyFunSuiteLike.invokeWithFixture$1(AnyFunSuiteLike.scala:224)
[info]   at org.scalatest.funsuite.AnyFunSuiteLike.$anonfun$runTest$1(AnyFunSuiteLike.scala:236)
[info]   at org.scalatest.SuperEngine.runTestImpl(Engine.scala:306)
[info]   at org.scalatest.funsuite.AnyFunSuiteLike.runTest(AnyFunSuiteLike.scala:236)
[info]   at org.scalatest.funsuite.AnyFunSuiteLike.runTest$(AnyFunSuiteLike.scala:218)
[info]   at org.scalatest.funsuite.AnyFunSuite.runTest(AnyFunSuite.scala:1564)
[info]   at org.scalatest.funsuite.AnyFunSuiteLike.$anonfun$runTests$1(AnyFunSuiteLike.scala:269)
[info]   at org.scalatest.SuperEngine.$anonfun$runTestsInBranch$1(Engine.scala:413)
[info]   at scala.collection.immutable.List.foreach(List.scala:334)
[info]   at org.scalatest.SuperEngine.traverseSubNodes$1(Engine.scala:401)
[info]   at org.scalatest.SuperEngine.runTestsInBranch(Engine.scala:396)
[info]   at org.scalatest.SuperEngine.runTestsImpl(Engine.scala:475)
[info]   at org.scalatest.funsuite.AnyFunSuiteLike.runTests(AnyFunSuiteLike.scala:269)
[info]   at org.scalatest.funsuite.AnyFunSuiteLike.runTests$(AnyFunSuiteLike.scala:268)
[info]   at org.scalatest.funsuite.AnyFunSuite.runTests(AnyFunSuite.scala:1564)
[info]   at org.scalatest.Suite.run(Suite.scala:1114)
[info]   at org.scalatest.Suite.run$(Suite.scala:1096)
[info]   at org.scalatest.funsuite.AnyFunSuite.org$scalatest$funsuite$AnyFunSuiteLike$$super$run(AnyFunSuite.scala:1564)
[info]   at org.scalatest.funsuite.AnyFunSuiteLike.$anonfun$run$1(AnyFunSuiteLike.scala:273)
[info]   at org.scalatest.SuperEngine.runImpl(Engine.scala:535)
[info]   at org.scalatest.funsuite.AnyFunSuiteLike.run(AnyFunSuiteLike.scala:273)
[info]   at org.scalatest.funsuite.AnyFunSuiteLike.run$(AnyFunSuiteLike.scala:272)
[info]   at frameless.TypedDatasetSuite.org$scalatest$BeforeAndAfterAll$$super$run(TypedDatasetSuite.scala:63)
[info]   at org.scalatest.BeforeAndAfterAll.liftedTree1$1(BeforeAndAfterAll.scala:213)
[info]   at org.scalatest.BeforeAndAfterAll.run(BeforeAndAfterAll.scala:210)
[info]   at org.scalatest.BeforeAndAfterAll.run$(BeforeAndAfterAll.scala:208)
[info]   at frameless.TypedDatasetSuite.run(TypedDatasetSuite.scala:63)
[info]   at org.scalatest.tools.Framework.org$scalatest$tools$Framework$$runSuite(Framework.scala:321)
[info]   at org.scalatest.tools.Framework$ScalaTestTask.execute(Framework.scala:517)
[info]   at sbt.ForkMain$Run.lambda$runTest$1(ForkMain.java:414)
[info]   at java.base/java.util.concurrent.FutureTask.run(FutureTask.java:317)
[info]   at java.base/java.util.concurrent.ThreadPoolExecutor.runWorker(ThreadPoolExecutor.java:1144)
[info]   at java.base/java.util.concurrent.ThreadPoolExecutor$Worker.run(ThreadPoolExecutor.java:642)
[info]   at java.base/java.lang.Thread.run(Thread.java:1583)
[info] - shiftRight *** FAILED *** (9 milliseconds)
[info]   IllegalArgumentException was thrown during property evaluation.
[info]     Message: argument type mismatch
[info]     Occurred when passed generated values (
[info]       arg0 = List(),
[info]       arg1 = 0 // 1 shrink
[info]     )
[info]   org.scalatest.exceptions.GeneratorDrivenPropertyCheckFailedException:
[info]   at org.scalatestplus.scalacheck.CheckerAsserting$$anon$2.indicateFailure(CheckerAsserting.scala:251)
[info]   at org.scalatestplus.scalacheck.CheckerAsserting$$anon$2.indicateFailure(CheckerAsserting.scala:238)
[info]   at org.scalatestplus.scalacheck.UnitCheckerAsserting$CheckerAssertingImpl.check(CheckerAsserting.scala:160)
[info]   at org.scalatestplus.scalacheck.Checkers.check(Checkers.scala:371)
[info]   at org.scalatestplus.scalacheck.Checkers.check$(Checkers.scala:369)
[info]   at frameless.TypedDatasetSuite.check(TypedDatasetSuite.scala:63)
[info]   at frameless.functions.NonAggregateFunctionsTests.$anonfun$new$92(NonAggregateFunctionsTests.scala:219)
[info]   at org.scalatest.OutcomeOf.outcomeOf(OutcomeOf.scala:85)
[info]   at org.scalatest.OutcomeOf.outcomeOf$(OutcomeOf.scala:83)
[info]   at org.scalatest.OutcomeOf$.outcomeOf(OutcomeOf.scala:104)
[info]   at org.scalatest.Transformer.apply(Transformer.scala:22)
[info]   at org.scalatest.Transformer.apply(Transformer.scala:20)
[info]   at org.scalatest.funsuite.AnyFunSuiteLike$$anon$1.apply(AnyFunSuiteLike.scala:226)
[info]   at org.scalatest.TestSuite.withFixture(TestSuite.scala:196)
[info]   at org.scalatest.TestSuite.withFixture$(TestSuite.scala:195)
[info]   at org.scalatest.funsuite.AnyFunSuite.withFixture(AnyFunSuite.scala:1564)
[info]   at org.scalatest.funsuite.AnyFunSuiteLike.invokeWithFixture$1(AnyFunSuiteLike.scala:224)
[info]   at org.scalatest.funsuite.AnyFunSuiteLike.$anonfun$runTest$1(AnyFunSuiteLike.scala:236)
[info]   at org.scalatest.SuperEngine.runTestImpl(Engine.scala:306)
[info]   at org.scalatest.funsuite.AnyFunSuiteLike.runTest(AnyFunSuiteLike.scala:236)
[info]   at org.scalatest.funsuite.AnyFunSuiteLike.runTest$(AnyFunSuiteLike.scala:218)
[info]   at org.scalatest.funsuite.AnyFunSuite.runTest(AnyFunSuite.scala:1564)
[info]   at org.scalatest.funsuite.AnyFunSuiteLike.$anonfun$runTests$1(AnyFunSuiteLike.scala:269)
[info]   at org.scalatest.SuperEngine.$anonfun$runTestsInBranch$1(Engine.scala:413)
[info]   at scala.collection.immutable.List.foreach(List.scala:334)
[info]   at org.scalatest.SuperEngine.traverseSubNodes$1(Engine.scala:401)
[info]   at org.scalatest.SuperEngine.runTestsInBranch(Engine.scala:396)
[info]   at org.scalatest.SuperEngine.runTestsImpl(Engine.scala:475)
[info]   at org.scalatest.funsuite.AnyFunSuiteLike.runTests(AnyFunSuiteLike.scala:269)
[info]   at org.scalatest.funsuite.AnyFunSuiteLike.runTests$(AnyFunSuiteLike.scala:268)
[info]   at org.scalatest.funsuite.AnyFunSuite.runTests(AnyFunSuite.scala:1564)
[info]   at org.scalatest.Suite.run(Suite.scala:1114)
[info]   at org.scalatest.Suite.run$(Suite.scala:1096)
[info]   at org.scalatest.funsuite.AnyFunSuite.org$scalatest$funsuite$AnyFunSuiteLike$$super$run(AnyFunSuite.scala:1564)
[info]   at org.scalatest.funsuite.AnyFunSuiteLike.$anonfun$run$1(AnyFunSuiteLike.scala:273)
[info]   at org.scalatest.SuperEngine.runImpl(Engine.scala:535)
[info]   at org.scalatest.funsuite.AnyFunSuiteLike.run(AnyFunSuiteLike.scala:273)
[info]   at org.scalatest.funsuite.AnyFunSuiteLike.run$(AnyFunSuiteLike.scala:272)
[info]   at frameless.TypedDatasetSuite.org$scalatest$BeforeAndAfterAll$$super$run(TypedDatasetSuite.scala:63)
[info]   at org.scalatest.BeforeAndAfterAll.liftedTree1$1(BeforeAndAfterAll.scala:213)
[info]   at org.scalatest.BeforeAndAfterAll.run(BeforeAndAfterAll.scala:210)
[info]   at org.scalatest.BeforeAndAfterAll.run$(BeforeAndAfterAll.scala:208)
[info]   at frameless.TypedDatasetSuite.run(TypedDatasetSuite.scala:63)
[info]   at org.scalatest.tools.Framework.org$scalatest$tools$Framework$$runSuite(Framework.scala:321)
[info]   at org.scalatest.tools.Framework$ScalaTestTask.execute(Framework.scala:517)
[info]   at sbt.ForkMain$Run.lambda$runTest$1(ForkMain.java:414)
[info]   at java.base/java.util.concurrent.FutureTask.run(FutureTask.java:317)
[info]   at java.base/java.util.concurrent.ThreadPoolExecutor.runWorker(ThreadPoolExecutor.java:1144)
[info]   at java.base/java.util.concurrent.ThreadPoolExecutor$Worker.run(ThreadPoolExecutor.java:642)
[info]   at java.base/java.lang.Thread.run(Thread.java:1583)
[info]   Cause: java.lang.IllegalArgumentException: argument type mismatch
[info]   at java.base/jdk.internal.reflect.DirectConstructorHandleAccessor.newInstance(DirectConstructorHandleAccessor.java:65)
[info]   at java.base/java.lang.reflect.Constructor.newInstanceWithCaller(Constructor.java:502)
[info]   at java.base/java.lang.reflect.Constructor.newInstance(Constructor.java:486)
[info]   at frameless.TypedExpressionEncoder$.$anonfun$apply$3(TypedExpressionEncoder.scala:55)
[info]   at scala.Option.map(Option.scala:242)
[info]   at frameless.TypedExpressionEncoder$.apply(TypedExpressionEncoder.scala:54)
[info]   at frameless.TypedDataset$.create(TypedDataset.scala:1325)
[info]   at frameless.functions.NonAggregateFunctionsTests.prop$6(NonAggregateFunctionsTests.scala:215)
[info]   at frameless.functions.NonAggregateFunctionsTests.$anonfun$new$100(NonAggregateFunctionsTests.scala:219)
[info]   at frameless.functions.NonAggregateFunctionsTests.$anonfun$new$100$adapted(NonAggregateFunctionsTests.scala:219)
[info]   at org.scalacheck.Prop$.$anonfun$forAll$18(Prop.scala:1131)
[info]   at scala.Function1.$anonfun$andThen$1(Function1.scala:87)
[info]   at org.scalacheck.Prop$.$anonfun$forAllShrink$2(Prop.scala:868)
[info]   at org.scalacheck.Prop$.secure(Prop.scala:484)
[info]   at org.scalacheck.Prop$.result$1(Prop.scala:868)
[info]   at org.scalacheck.Prop$.$anonfun$forAllShrink$4(Prop.scala:880)
[info]   at scala.collection.immutable.Stream.map(Stream.scala:173)
[info]   at org.scalacheck.Prop$.getFirstFailure$1(Prop.scala:880)
[info]   at org.scalacheck.Prop$.shrinker$1(Prop.scala:895)
[info]   at org.scalacheck.Prop$.$anonfun$forAllShrink$1(Prop.scala:916)
[info]   at org.scalacheck.Prop$.$anonfun$apply$1(Prop.scala:305)
[info]   at org.scalacheck.PropFromFun.apply(Prop.scala:20)
[info]   at org.scalacheck.Prop$.result$1(Prop.scala:869)
[info]   at org.scalacheck.Prop$.$anonfun$forAllShrink$1(Prop.scala:915)
[info]   at org.scalacheck.Prop$.$anonfun$apply$1(Prop.scala:305)
[info]   at org.scalacheck.PropFromFun.apply(Prop.scala:20)
[info]   at org.scalacheck.Test$.workerFun$1(Test.scala:486)
[info]   at org.scalacheck.Test$.$anonfun$check$4(Test.scala:518)
[info]   at org.scalacheck.Test$.$anonfun$check$4$adapted(Test.scala:518)
[info]   at org.scalacheck.Platform$.runWorkers(Platform.scala:42)
[info]   at org.scalacheck.Test$.check(Test.scala:518)
[info]   at org.scalatestplus.scalacheck.UnitCheckerAsserting$CheckerAssertingImpl.check(CheckerAsserting.scala:90)
[info]   at org.scalatestplus.scalacheck.Checkers.check(Checkers.scala:371)
[info]   at org.scalatestplus.scalacheck.Checkers.check$(Checkers.scala:369)
[info]   at frameless.TypedDatasetSuite.check(TypedDatasetSuite.scala:63)
[info]   at frameless.functions.NonAggregateFunctionsTests.$anonfun$new$92(NonAggregateFunctionsTests.scala:219)
[info]   at org.scalatest.OutcomeOf.outcomeOf(OutcomeOf.scala:85)
[info]   at org.scalatest.OutcomeOf.outcomeOf$(OutcomeOf.scala:83)
[info]   at org.scalatest.OutcomeOf$.outcomeOf(OutcomeOf.scala:104)
[info]   at org.scalatest.Transformer.apply(Transformer.scala:22)
[info]   at org.scalatest.Transformer.apply(Transformer.scala:20)
[info]   at org.scalatest.funsuite.AnyFunSuiteLike$$anon$1.apply(AnyFunSuiteLike.scala:226)
[info]   at org.scalatest.TestSuite.withFixture(TestSuite.scala:196)
[info]   at org.scalatest.TestSuite.withFixture$(TestSuite.scala:195)
[info]   at org.scalatest.funsuite.AnyFunSuite.withFixture(AnyFunSuite.scala:1564)
[info]   at org.scalatest.funsuite.AnyFunSuiteLike.invokeWithFixture$1(AnyFunSuiteLike.scala:224)
[info]   at org.scalatest.funsuite.AnyFunSuiteLike.$anonfun$runTest$1(AnyFunSuiteLike.scala:236)
[info]   at org.scalatest.SuperEngine.runTestImpl(Engine.scala:306)
[info]   at org.scalatest.funsuite.AnyFunSuiteLike.runTest(AnyFunSuiteLike.scala:236)
[info]   at org.scalatest.funsuite.AnyFunSuiteLike.runTest$(AnyFunSuiteLike.scala:218)
[info]   at org.scalatest.funsuite.AnyFunSuite.runTest(AnyFunSuite.scala:1564)
[info]   at org.scalatest.funsuite.AnyFunSuiteLike.$anonfun$runTests$1(AnyFunSuiteLike.scala:269)
[info]   at org.scalatest.SuperEngine.$anonfun$runTestsInBranch$1(Engine.scala:413)
[info]   at scala.collection.immutable.List.foreach(List.scala:334)
[info]   at org.scalatest.SuperEngine.traverseSubNodes$1(Engine.scala:401)
[info]   at org.scalatest.SuperEngine.runTestsInBranch(Engine.scala:396)
[info]   at org.scalatest.SuperEngine.runTestsImpl(Engine.scala:475)
[info]   at org.scalatest.funsuite.AnyFunSuiteLike.runTests(AnyFunSuiteLike.scala:269)
[info]   at org.scalatest.funsuite.AnyFunSuiteLike.runTests$(AnyFunSuiteLike.scala:268)
[info]   at org.scalatest.funsuite.AnyFunSuite.runTests(AnyFunSuite.scala:1564)
[info]   at org.scalatest.Suite.run(Suite.scala:1114)
[info]   at org.scalatest.Suite.run$(Suite.scala:1096)
[info]   at org.scalatest.funsuite.AnyFunSuite.org$scalatest$funsuite$AnyFunSuiteLike$$super$run(AnyFunSuite.scala:1564)
[info]   at org.scalatest.funsuite.AnyFunSuiteLike.$anonfun$run$1(AnyFunSuiteLike.scala:273)
[info]   at org.scalatest.SuperEngine.runImpl(Engine.scala:535)
[info]   at org.scalatest.funsuite.AnyFunSuiteLike.run(AnyFunSuiteLike.scala:273)
[info]   at org.scalatest.funsuite.AnyFunSuiteLike.run$(AnyFunSuiteLike.scala:272)
[info]   at frameless.TypedDatasetSuite.org$scalatest$BeforeAndAfterAll$$super$run(TypedDatasetSuite.scala:63)
[info]   at org.scalatest.BeforeAndAfterAll.liftedTree1$1(BeforeAndAfterAll.scala:213)
[info]   at org.scalatest.BeforeAndAfterAll.run(BeforeAndAfterAll.scala:210)
[info]   at org.scalatest.BeforeAndAfterAll.run$(BeforeAndAfterAll.scala:208)
[info]   at frameless.TypedDatasetSuite.run(TypedDatasetSuite.scala:63)
[info]   at org.scalatest.tools.Framework.org$scalatest$tools$Framework$$runSuite(Framework.scala:321)
[info]   at org.scalatest.tools.Framework$ScalaTestTask.execute(Framework.scala:517)
[info]   at sbt.ForkMain$Run.lambda$runTest$1(ForkMain.java:414)
[info]   at java.base/java.util.concurrent.FutureTask.run(FutureTask.java:317)
[info]   at java.base/java.util.concurrent.ThreadPoolExecutor.runWorker(ThreadPoolExecutor.java:1144)
[info]   at java.base/java.util.concurrent.ThreadPoolExecutor$Worker.run(ThreadPoolExecutor.java:642)
[info]   at java.base/java.lang.Thread.run(Thread.java:1583)
[info]   Cause: java.lang.ClassCastException: Cannot cast scala.reflect.ClassTag$GenericClassTag to org.apache.spark.sql.catalyst.expressions.Expression
[info]   at java.base/java.lang.Class.cast(Class.java:4067)
[info]   at java.base/jdk.internal.reflect.DirectConstructorHandleAccessor.newInstance(DirectConstructorHandleAccessor.java:62)
[info]   at java.base/java.lang.reflect.Constructor.newInstanceWithCaller(Constructor.java:502)
[info]   at java.base/java.lang.reflect.Constructor.newInstance(Constructor.java:486)
[info]   at frameless.TypedExpressionEncoder$.$anonfun$apply$3(TypedExpressionEncoder.scala:55)
[info]   at scala.Option.map(Option.scala:242)
[info]   at frameless.TypedExpressionEncoder$.apply(TypedExpressionEncoder.scala:54)
[info]   at frameless.TypedDataset$.create(TypedDataset.scala:1325)
[info]   at frameless.functions.NonAggregateFunctionsTests.prop$6(NonAggregateFunctionsTests.scala:215)
[info]   at frameless.functions.NonAggregateFunctionsTests.$anonfun$new$100(NonAggregateFunctionsTests.scala:219)
[info]   at frameless.functions.NonAggregateFunctionsTests.$anonfun$new$100$adapted(NonAggregateFunctionsTests.scala:219)
[info]   at org.scalacheck.Prop$.$anonfun$forAll$18(Prop.scala:1131)
[info]   at scala.Function1.$anonfun$andThen$1(Function1.scala:87)
[info]   at org.scalacheck.Prop$.$anonfun$forAllShrink$2(Prop.scala:868)
[info]   at org.scalacheck.Prop$.secure(Prop.scala:484)
[info]   at org.scalacheck.Prop$.result$1(Prop.scala:868)
[info]   at org.scalacheck.Prop$.$anonfun$forAllShrink$4(Prop.scala:880)
[info]   at scala.collection.immutable.Stream.map(Stream.scala:173)
[info]   at org.scalacheck.Prop$.getFirstFailure$1(Prop.scala:880)
[info]   at org.scalacheck.Prop$.shrinker$1(Prop.scala:895)
[info]   at org.scalacheck.Prop$.$anonfun$forAllShrink$1(Prop.scala:916)
[info]   at org.scalacheck.Prop$.$anonfun$apply$1(Prop.scala:305)
[info]   at org.scalacheck.PropFromFun.apply(Prop.scala:20)
[info]   at org.scalacheck.Prop$.result$1(Prop.scala:869)
[info]   at org.scalacheck.Prop$.$anonfun$forAllShrink$1(Prop.scala:915)
[info]   at org.scalacheck.Prop$.$anonfun$apply$1(Prop.scala:305)
[info]   at org.scalacheck.PropFromFun.apply(Prop.scala:20)
[info]   at org.scalacheck.Test$.workerFun$1(Test.scala:486)
[info]   at org.scalacheck.Test$.$anonfun$check$4(Test.scala:518)
[info]   at org.scalacheck.Test$.$anonfun$check$4$adapted(Test.scala:518)
[info]   at org.scalacheck.Platform$.runWorkers(Platform.scala:42)
[info]   at org.scalacheck.Test$.check(Test.scala:518)
[info]   at org.scalatestplus.scalacheck.UnitCheckerAsserting$CheckerAssertingImpl.check(CheckerAsserting.scala:90)
[info]   at org.scalatestplus.scalacheck.Checkers.check(Checkers.scala:371)
[info]   at org.scalatestplus.scalacheck.Checkers.check$(Checkers.scala:369)
[info]   at frameless.TypedDatasetSuite.check(TypedDatasetSuite.scala:63)
[info]   at frameless.functions.NonAggregateFunctionsTests.$anonfun$new$92(NonAggregateFunctionsTests.scala:219)
[info]   at org.scalatest.OutcomeOf.outcomeOf(OutcomeOf.scala:85)
[info]   at org.scalatest.OutcomeOf.outcomeOf$(OutcomeOf.scala:83)
[info]   at org.scalatest.OutcomeOf$.outcomeOf(OutcomeOf.scala:104)
[info]   at org.scalatest.Transformer.apply(Transformer.scala:22)
[info]   at org.scalatest.Transformer.apply(Transformer.scala:20)
[info]   at org.scalatest.funsuite.AnyFunSuiteLike$$anon$1.apply(AnyFunSuiteLike.scala:226)
[info]   at org.scalatest.TestSuite.withFixture(TestSuite.scala:196)
[info]   at org.scalatest.TestSuite.withFixture$(TestSuite.scala:195)
[info]   at org.scalatest.funsuite.AnyFunSuite.withFixture(AnyFunSuite.scala:1564)
[info]   at org.scalatest.funsuite.AnyFunSuiteLike.invokeWithFixture$1(AnyFunSuiteLike.scala:224)
[info]   at org.scalatest.funsuite.AnyFunSuiteLike.$anonfun$runTest$1(AnyFunSuiteLike.scala:236)
[info]   at org.scalatest.SuperEngine.runTestImpl(Engine.scala:306)
[info]   at org.scalatest.funsuite.AnyFunSuiteLike.runTest(AnyFunSuiteLike.scala:236)
[info]   at org.scalatest.funsuite.AnyFunSuiteLike.runTest$(AnyFunSuiteLike.scala:218)
[info]   at org.scalatest.funsuite.AnyFunSuite.runTest(AnyFunSuite.scala:1564)
[info]   at org.scalatest.funsuite.AnyFunSuiteLike.$anonfun$runTests$1(AnyFunSuiteLike.scala:269)
[info]   at org.scalatest.SuperEngine.$anonfun$runTestsInBranch$1(Engine.scala:413)
[info]   at scala.collection.immutable.List.foreach(List.scala:334)
[info]   at org.scalatest.SuperEngine.traverseSubNodes$1(Engine.scala:401)
[info]   at org.scalatest.SuperEngine.runTestsInBranch(Engine.scala:396)
[info]   at org.scalatest.SuperEngine.runTestsImpl(Engine.scala:475)
[info]   at org.scalatest.funsuite.AnyFunSuiteLike.runTests(AnyFunSuiteLike.scala:269)
[info]   at org.scalatest.funsuite.AnyFunSuiteLike.runTests$(AnyFunSuiteLike.scala:268)
[info]   at org.scalatest.funsuite.AnyFunSuite.runTests(AnyFunSuite.scala:1564)
[info]   at org.scalatest.Suite.run(Suite.scala:1114)
[info]   at org.scalatest.Suite.run$(Suite.scala:1096)
[info]   at org.scalatest.funsuite.AnyFunSuite.org$scalatest$funsuite$AnyFunSuiteLike$$super$run(AnyFunSuite.scala:1564)
[info]   at org.scalatest.funsuite.AnyFunSuiteLike.$anonfun$run$1(AnyFunSuiteLike.scala:273)
[info]   at org.scalatest.SuperEngine.runImpl(Engine.scala:535)
[info]   at org.scalatest.funsuite.AnyFunSuiteLike.run(AnyFunSuiteLike.scala:273)
[info]   at org.scalatest.funsuite.AnyFunSuiteLike.run$(AnyFunSuiteLike.scala:272)
[info]   at frameless.TypedDatasetSuite.org$scalatest$BeforeAndAfterAll$$super$run(TypedDatasetSuite.scala:63)
[info]   at org.scalatest.BeforeAndAfterAll.liftedTree1$1(BeforeAndAfterAll.scala:213)
[info]   at org.scalatest.BeforeAndAfterAll.run(BeforeAndAfterAll.scala:210)
[info]   at org.scalatest.BeforeAndAfterAll.run$(BeforeAndAfterAll.scala:208)
[info]   at frameless.TypedDatasetSuite.run(TypedDatasetSuite.scala:63)
[info]   at org.scalatest.tools.Framework.org$scalatest$tools$Framework$$runSuite(Framework.scala:321)
[info]   at org.scalatest.tools.Framework$ScalaTestTask.execute(Framework.scala:517)
[info]   at sbt.ForkMain$Run.lambda$runTest$1(ForkMain.java:414)
[info]   at java.base/java.util.concurrent.FutureTask.run(FutureTask.java:317)
[info]   at java.base/java.util.concurrent.ThreadPoolExecutor.runWorker(ThreadPoolExecutor.java:1144)
[info]   at java.base/java.util.concurrent.ThreadPoolExecutor$Worker.run(ThreadPoolExecutor.java:642)
[info]   at java.base/java.lang.Thread.run(Thread.java:1583)
[info] - shiftLeft *** FAILED *** (19 milliseconds)
[info]   IllegalArgumentException was thrown during property evaluation.
[info]     Message: argument type mismatch
[info]     Occurred when passed generated values (
[info]       arg0 = List(),
[info]       arg1 = 0 // 31 shrinks
[info]     )
[info]   org.scalatest.exceptions.GeneratorDrivenPropertyCheckFailedException:
[info]   at org.scalatestplus.scalacheck.CheckerAsserting$$anon$2.indicateFailure(CheckerAsserting.scala:251)
[info]   at org.scalatestplus.scalacheck.CheckerAsserting$$anon$2.indicateFailure(CheckerAsserting.scala:238)
[info]   at org.scalatestplus.scalacheck.UnitCheckerAsserting$CheckerAssertingImpl.check(CheckerAsserting.scala:160)
[info]   at org.scalatestplus.scalacheck.Checkers.check(Checkers.scala:371)
[info]   at org.scalatestplus.scalacheck.Checkers.check$(Checkers.scala:369)
[info]   at frameless.TypedDatasetSuite.check(TypedDatasetSuite.scala:63)
[info]   at frameless.functions.NonAggregateFunctionsTests.$anonfun$new$115(NonAggregateFunctionsTests.scala:238)
[info]   at org.scalatest.OutcomeOf.outcomeOf(OutcomeOf.scala:85)
[info]   at org.scalatest.OutcomeOf.outcomeOf$(OutcomeOf.scala:83)
[info]   at org.scalatest.OutcomeOf$.outcomeOf(OutcomeOf.scala:104)
[info]   at org.scalatest.Transformer.apply(Transformer.scala:22)
[info]   at org.scalatest.Transformer.apply(Transformer.scala:20)
[info]   at org.scalatest.funsuite.AnyFunSuiteLike$$anon$1.apply(AnyFunSuiteLike.scala:226)
[info]   at org.scalatest.TestSuite.withFixture(TestSuite.scala:196)
[info]   at org.scalatest.TestSuite.withFixture$(TestSuite.scala:195)
[info]   at org.scalatest.funsuite.AnyFunSuite.withFixture(AnyFunSuite.scala:1564)
[info]   at org.scalatest.funsuite.AnyFunSuiteLike.invokeWithFixture$1(AnyFunSuiteLike.scala:224)
[info]   at org.scalatest.funsuite.AnyFunSuiteLike.$anonfun$runTest$1(AnyFunSuiteLike.scala:236)
[info]   at org.scalatest.SuperEngine.runTestImpl(Engine.scala:306)
[info]   at org.scalatest.funsuite.AnyFunSuiteLike.runTest(AnyFunSuiteLike.scala:236)
[info]   at org.scalatest.funsuite.AnyFunSuiteLike.runTest$(AnyFunSuiteLike.scala:218)
[info]   at org.scalatest.funsuite.AnyFunSuite.runTest(AnyFunSuite.scala:1564)
[info]   at org.scalatest.funsuite.AnyFunSuiteLike.$anonfun$runTests$1(AnyFunSuiteLike.scala:269)
[info]   at org.scalatest.SuperEngine.$anonfun$runTestsInBranch$1(Engine.scala:413)
[info]   at scala.collection.immutable.List.foreach(List.scala:334)
[info]   at org.scalatest.SuperEngine.traverseSubNodes$1(Engine.scala:401)
[info]   at org.scalatest.SuperEngine.runTestsInBranch(Engine.scala:396)
[info]   at org.scalatest.SuperEngine.runTestsImpl(Engine.scala:475)
[info]   at org.scalatest.funsuite.AnyFunSuiteLike.runTests(AnyFunSuiteLike.scala:269)
[info]   at org.scalatest.funsuite.AnyFunSuiteLike.runTests$(AnyFunSuiteLike.scala:268)
[info]   at org.scalatest.funsuite.AnyFunSuite.runTests(AnyFunSuite.scala:1564)
[info]   at org.scalatest.Suite.run(Suite.scala:1114)
[info]   at org.scalatest.Suite.run$(Suite.scala:1096)
[info]   at org.scalatest.funsuite.AnyFunSuite.org$scalatest$funsuite$AnyFunSuiteLike$$super$run(AnyFunSuite.scala:1564)
[info]   at org.scalatest.funsuite.AnyFunSuiteLike.$anonfun$run$1(AnyFunSuiteLike.scala:273)
[info]   at org.scalatest.SuperEngine.runImpl(Engine.scala:535)
[info]   at org.scalatest.funsuite.AnyFunSuiteLike.run(AnyFunSuiteLike.scala:273)
[info]   at org.scalatest.funsuite.AnyFunSuiteLike.run$(AnyFunSuiteLike.scala:272)
[info]   at frameless.TypedDatasetSuite.org$scalatest$BeforeAndAfterAll$$super$run(TypedDatasetSuite.scala:63)
[info]   at org.scalatest.BeforeAndAfterAll.liftedTree1$1(BeforeAndAfterAll.scala:213)
[info]   at org.scalatest.BeforeAndAfterAll.run(BeforeAndAfterAll.scala:210)
[info]   at org.scalatest.BeforeAndAfterAll.run$(BeforeAndAfterAll.scala:208)
[info]   at frameless.TypedDatasetSuite.run(TypedDatasetSuite.scala:63)
[info]   at org.scalatest.tools.Framework.org$scalatest$tools$Framework$$runSuite(Framework.scala:321)
[info]   at org.scalatest.tools.Framework$ScalaTestTask.execute(Framework.scala:517)
[info]   at sbt.ForkMain$Run.lambda$runTest$1(ForkMain.java:414)
[info]   at java.base/java.util.concurrent.FutureTask.run(FutureTask.java:317)
[info]   at java.base/java.util.concurrent.ThreadPoolExecutor.runWorker(ThreadPoolExecutor.java:1144)
[info]   at java.base/java.util.concurrent.ThreadPoolExecutor$Worker.run(ThreadPoolExecutor.java:642)
[info]   at java.base/java.lang.Thread.run(Thread.java:1583)
[info]   Cause: java.lang.IllegalArgumentException: argument type mismatch
[info]   at java.base/jdk.internal.reflect.DirectConstructorHandleAccessor.newInstance(DirectConstructorHandleAccessor.java:65)
[info]   at java.base/java.lang.reflect.Constructor.newInstanceWithCaller(Constructor.java:502)
[info]   at java.base/java.lang.reflect.Constructor.newInstance(Constructor.java:486)
[info]   at frameless.TypedExpressionEncoder$.$anonfun$apply$3(TypedExpressionEncoder.scala:55)
[info]   at scala.Option.map(Option.scala:242)
[info]   at frameless.TypedExpressionEncoder$.apply(TypedExpressionEncoder.scala:54)
[info]   at frameless.TypedDataset$.create(TypedDataset.scala:1325)
[info]   at frameless.functions.NonAggregateFunctionsTests.prop$7(NonAggregateFunctionsTests.scala:234)
[info]   at frameless.functions.NonAggregateFunctionsTests.$anonfun$new$123(NonAggregateFunctionsTests.scala:238)
[info]   at frameless.functions.NonAggregateFunctionsTests.$anonfun$new$123$adapted(NonAggregateFunctionsTests.scala:238)
[info]   at org.scalacheck.Prop$.$anonfun$forAll$18(Prop.scala:1131)
[info]   at scala.Function1.$anonfun$andThen$1(Function1.scala:87)
[info]   at org.scalacheck.Prop$.$anonfun$forAllShrink$2(Prop.scala:868)
[info]   at org.scalacheck.Prop$.secure(Prop.scala:484)
[info]   at org.scalacheck.Prop$.result$1(Prop.scala:868)
[info]   at org.scalacheck.Prop$.$anonfun$forAllShrink$4(Prop.scala:880)
[info]   at scala.collection.immutable.Stream.map(Stream.scala:173)
[info]   at org.scalacheck.Prop$.getFirstFailure$1(Prop.scala:880)
[info]   at org.scalacheck.Prop$.shrinker$1(Prop.scala:895)
[info]   at org.scalacheck.Prop$.$anonfun$forAllShrink$1(Prop.scala:916)
[info]   at org.scalacheck.Prop$.$anonfun$apply$1(Prop.scala:305)
[info]   at org.scalacheck.PropFromFun.apply(Prop.scala:20)
[info]   at org.scalacheck.Prop$.result$1(Prop.scala:869)
[info]   at org.scalacheck.Prop$.$anonfun$forAllShrink$1(Prop.scala:915)
[info]   at org.scalacheck.Prop$.$anonfun$apply$1(Prop.scala:305)
[info]   at org.scalacheck.PropFromFun.apply(Prop.scala:20)
[info]   at org.scalacheck.Test$.workerFun$1(Test.scala:486)
[info]   at org.scalacheck.Test$.$anonfun$check$4(Test.scala:518)
[info]   at org.scalacheck.Test$.$anonfun$check$4$adapted(Test.scala:518)
[info]   at org.scalacheck.Platform$.runWorkers(Platform.scala:42)
[info]   at org.scalacheck.Test$.check(Test.scala:518)
[info]   at org.scalatestplus.scalacheck.UnitCheckerAsserting$CheckerAssertingImpl.check(CheckerAsserting.scala:90)
[info]   at org.scalatestplus.scalacheck.Checkers.check(Checkers.scala:371)
[info]   at org.scalatestplus.scalacheck.Checkers.check$(Checkers.scala:369)
[info]   at frameless.TypedDatasetSuite.check(TypedDatasetSuite.scala:63)
[info]   at frameless.functions.NonAggregateFunctionsTests.$anonfun$new$115(NonAggregateFunctionsTests.scala:238)
[info]   at org.scalatest.OutcomeOf.outcomeOf(OutcomeOf.scala:85)
[info]   at org.scalatest.OutcomeOf.outcomeOf$(OutcomeOf.scala:83)
[info]   at org.scalatest.OutcomeOf$.outcomeOf(OutcomeOf.scala:104)
[info]   at org.scalatest.Transformer.apply(Transformer.scala:22)
[info]   at org.scalatest.Transformer.apply(Transformer.scala:20)
[info]   at org.scalatest.funsuite.AnyFunSuiteLike$$anon$1.apply(AnyFunSuiteLike.scala:226)
[info]   at org.scalatest.TestSuite.withFixture(TestSuite.scala:196)
[info]   at org.scalatest.TestSuite.withFixture$(TestSuite.scala:195)
[info]   at org.scalatest.funsuite.AnyFunSuite.withFixture(AnyFunSuite.scala:1564)
[info]   at org.scalatest.funsuite.AnyFunSuiteLike.invokeWithFixture$1(AnyFunSuiteLike.scala:224)
[info]   at org.scalatest.funsuite.AnyFunSuiteLike.$anonfun$runTest$1(AnyFunSuiteLike.scala:236)
[info]   at org.scalatest.SuperEngine.runTestImpl(Engine.scala:306)
[info]   at org.scalatest.funsuite.AnyFunSuiteLike.runTest(AnyFunSuiteLike.scala:236)
[info]   at org.scalatest.funsuite.AnyFunSuiteLike.runTest$(AnyFunSuiteLike.scala:218)
[info]   at org.scalatest.funsuite.AnyFunSuite.runTest(AnyFunSuite.scala:1564)
[info]   at org.scalatest.funsuite.AnyFunSuiteLike.$anonfun$runTests$1(AnyFunSuiteLike.scala:269)
[info]   at org.scalatest.SuperEngine.$anonfun$runTestsInBranch$1(Engine.scala:413)
[info]   at scala.collection.immutable.List.foreach(List.scala:334)
[info]   at org.scalatest.SuperEngine.traverseSubNodes$1(Engine.scala:401)
[info]   at org.scalatest.SuperEngine.runTestsInBranch(Engine.scala:396)
[info]   at org.scalatest.SuperEngine.runTestsImpl(Engine.scala:475)
[info]   at org.scalatest.funsuite.AnyFunSuiteLike.runTests(AnyFunSuiteLike.scala:269)
[info]   at org.scalatest.funsuite.AnyFunSuiteLike.runTests$(AnyFunSuiteLike.scala:268)
[info]   at org.scalatest.funsuite.AnyFunSuite.runTests(AnyFunSuite.scala:1564)
[info]   at org.scalatest.Suite.run(Suite.scala:1114)
[info]   at org.scalatest.Suite.run$(Suite.scala:1096)
[info]   at org.scalatest.funsuite.AnyFunSuite.org$scalatest$funsuite$AnyFunSuiteLike$$super$run(AnyFunSuite.scala:1564)
[info]   at org.scalatest.funsuite.AnyFunSuiteLike.$anonfun$run$1(AnyFunSuiteLike.scala:273)
[info]   at org.scalatest.SuperEngine.runImpl(Engine.scala:535)
[info]   at org.scalatest.funsuite.AnyFunSuiteLike.run(AnyFunSuiteLike.scala:273)
[info]   at org.scalatest.funsuite.AnyFunSuiteLike.run$(AnyFunSuiteLike.scala:272)
[info]   at frameless.TypedDatasetSuite.org$scalatest$BeforeAndAfterAll$$super$run(TypedDatasetSuite.scala:63)
[info]   at org.scalatest.BeforeAndAfterAll.liftedTree1$1(BeforeAndAfterAll.scala:213)
[info]   at org.scalatest.BeforeAndAfterAll.run(BeforeAndAfterAll.scala:210)
[info]   at org.scalatest.BeforeAndAfterAll.run$(BeforeAndAfterAll.scala:208)
[info]   at frameless.TypedDatasetSuite.run(TypedDatasetSuite.scala:63)
[info]   at org.scalatest.tools.Framework.org$scalatest$tools$Framework$$runSuite(Framework.scala:321)
[info]   at org.scalatest.tools.Framework$ScalaTestTask.execute(Framework.scala:517)
[info]   at sbt.ForkMain$Run.lambda$runTest$1(ForkMain.java:414)
[info]   at java.base/java.util.concurrent.FutureTask.run(FutureTask.java:317)
[info]   at java.base/java.util.concurrent.ThreadPoolExecutor.runWorker(ThreadPoolExecutor.java:1144)
[info]   at java.base/java.util.concurrent.ThreadPoolExecutor$Worker.run(ThreadPoolExecutor.java:642)
[info]   at java.base/java.lang.Thread.run(Thread.java:1583)
[info]   Cause: java.lang.ClassCastException: Cannot cast scala.reflect.ClassTag$GenericClassTag to org.apache.spark.sql.catalyst.expressions.Expression
[info]   at java.base/java.lang.Class.cast(Class.java:4067)
[info]   at java.base/jdk.internal.reflect.DirectConstructorHandleAccessor.newInstance(DirectConstructorHandleAccessor.java:62)
[info]   at java.base/java.lang.reflect.Constructor.newInstanceWithCaller(Constructor.java:502)
[info]   at java.base/java.lang.reflect.Constructor.newInstance(Constructor.java:486)
[info]   at frameless.TypedExpressionEncoder$.$anonfun$apply$3(TypedExpressionEncoder.scala:55)
[info]   at scala.Option.map(Option.scala:242)
[info]   at frameless.TypedExpressionEncoder$.apply(TypedExpressionEncoder.scala:54)
[info]   at frameless.TypedDataset$.create(TypedDataset.scala:1325)
[info]   at frameless.functions.NonAggregateFunctionsTests.prop$7(NonAggregateFunctionsTests.scala:234)
[info]   at frameless.functions.NonAggregateFunctionsTests.$anonfun$new$123(NonAggregateFunctionsTests.scala:238)
[info]   at frameless.functions.NonAggregateFunctionsTests.$anonfun$new$123$adapted(NonAggregateFunctionsTests.scala:238)
[info]   at org.scalacheck.Prop$.$anonfun$forAll$18(Prop.scala:1131)
[info]   at scala.Function1.$anonfun$andThen$1(Function1.scala:87)
[info]   at org.scalacheck.Prop$.$anonfun$forAllShrink$2(Prop.scala:868)
[info]   at org.scalacheck.Prop$.secure(Prop.scala:484)
[info]   at org.scalacheck.Prop$.result$1(Prop.scala:868)
[info]   at org.scalacheck.Prop$.$anonfun$forAllShrink$4(Prop.scala:880)
[info]   at scala.collection.immutable.Stream.map(Stream.scala:173)
[info]   at org.scalacheck.Prop$.getFirstFailure$1(Prop.scala:880)
[info]   at org.scalacheck.Prop$.shrinker$1(Prop.scala:895)
[info]   at org.scalacheck.Prop$.$anonfun$forAllShrink$1(Prop.scala:916)
[info]   at org.scalacheck.Prop$.$anonfun$apply$1(Prop.scala:305)
[info]   at org.scalacheck.PropFromFun.apply(Prop.scala:20)
[info]   at org.scalacheck.Prop$.result$1(Prop.scala:869)
[info]   at org.scalacheck.Prop$.$anonfun$forAllShrink$1(Prop.scala:915)
[info]   at org.scalacheck.Prop$.$anonfun$apply$1(Prop.scala:305)
[info]   at org.scalacheck.PropFromFun.apply(Prop.scala:20)
[info]   at org.scalacheck.Test$.workerFun$1(Test.scala:486)
[info]   at org.scalacheck.Test$.$anonfun$check$4(Test.scala:518)
[info]   at org.scalacheck.Test$.$anonfun$check$4$adapted(Test.scala:518)
[info]   at org.scalacheck.Platform$.runWorkers(Platform.scala:42)
[info]   at org.scalacheck.Test$.check(Test.scala:518)
[info]   at org.scalatestplus.scalacheck.UnitCheckerAsserting$CheckerAssertingImpl.check(CheckerAsserting.scala:90)
[info]   at org.scalatestplus.scalacheck.Checkers.check(Checkers.scala:371)
[info]   at org.scalatestplus.scalacheck.Checkers.check$(Checkers.scala:369)
[info]   at frameless.TypedDatasetSuite.check(TypedDatasetSuite.scala:63)
[info]   at frameless.functions.NonAggregateFunctionsTests.$anonfun$new$115(NonAggregateFunctionsTests.scala:238)
[info]   at org.scalatest.OutcomeOf.outcomeOf(OutcomeOf.scala:85)
[info]   at org.scalatest.OutcomeOf.outcomeOf$(OutcomeOf.scala:83)
[info]   at org.scalatest.OutcomeOf$.outcomeOf(OutcomeOf.scala:104)
[info]   at org.scalatest.Transformer.apply(Transformer.scala:22)
[info]   at org.scalatest.Transformer.apply(Transformer.scala:20)
[info]   at org.scalatest.funsuite.AnyFunSuiteLike$$anon$1.apply(AnyFunSuiteLike.scala:226)
[info]   at org.scalatest.TestSuite.withFixture(TestSuite.scala:196)
[info]   at org.scalatest.TestSuite.withFixture$(TestSuite.scala:195)
[info]   at org.scalatest.funsuite.AnyFunSuite.withFixture(AnyFunSuite.scala:1564)
[info]   at org.scalatest.funsuite.AnyFunSuiteLike.invokeWithFixture$1(AnyFunSuiteLike.scala:224)
[info]   at org.scalatest.funsuite.AnyFunSuiteLike.$anonfun$runTest$1(AnyFunSuiteLike.scala:236)
[info]   at org.scalatest.SuperEngine.runTestImpl(Engine.scala:306)
[info]   at org.scalatest.funsuite.AnyFunSuiteLike.runTest(AnyFunSuiteLike.scala:236)
[info]   at org.scalatest.funsuite.AnyFunSuiteLike.runTest$(AnyFunSuiteLike.scala:218)
[info]   at org.scalatest.funsuite.AnyFunSuite.runTest(AnyFunSuite.scala:1564)
[info]   at org.scalatest.funsuite.AnyFunSuiteLike.$anonfun$runTests$1(AnyFunSuiteLike.scala:269)
[info]   at org.scalatest.SuperEngine.$anonfun$runTestsInBranch$1(Engine.scala:413)
[info]   at scala.collection.immutable.List.foreach(List.scala:334)
[info]   at org.scalatest.SuperEngine.traverseSubNodes$1(Engine.scala:401)
[info]   at org.scalatest.SuperEngine.runTestsInBranch(Engine.scala:396)
[info]   at org.scalatest.SuperEngine.runTestsImpl(Engine.scala:475)
[info]   at org.scalatest.funsuite.AnyFunSuiteLike.runTests(AnyFunSuiteLike.scala:269)
[info]   at org.scalatest.funsuite.AnyFunSuiteLike.runTests$(AnyFunSuiteLike.scala:268)
[info]   at org.scalatest.funsuite.AnyFunSuite.runTests(AnyFunSuite.scala:1564)
[info]   at org.scalatest.Suite.run(Suite.scala:1114)
[info]   at org.scalatest.Suite.run$(Suite.scala:1096)
[info]   at org.scalatest.funsuite.AnyFunSuite.org$scalatest$funsuite$AnyFunSuiteLike$$super$run(AnyFunSuite.scala:1564)
[info]   at org.scalatest.funsuite.AnyFunSuiteLike.$anonfun$run$1(AnyFunSuiteLike.scala:273)
[info]   at org.scalatest.SuperEngine.runImpl(Engine.scala:535)
[info]   at org.scalatest.funsuite.AnyFunSuiteLike.run(AnyFunSuiteLike.scala:273)
[info]   at org.scalatest.funsuite.AnyFunSuiteLike.run$(AnyFunSuiteLike.scala:272)
[info]   at frameless.TypedDatasetSuite.org$scalatest$BeforeAndAfterAll$$super$run(TypedDatasetSuite.scala:63)
[info]   at org.scalatest.BeforeAndAfterAll.liftedTree1$1(BeforeAndAfterAll.scala:213)
[info]   at org.scalatest.BeforeAndAfterAll.run(BeforeAndAfterAll.scala:210)
[info]   at org.scalatest.BeforeAndAfterAll.run$(BeforeAndAfterAll.scala:208)
[info]   at frameless.TypedDatasetSuite.run(TypedDatasetSuite.scala:63)
[info]   at org.scalatest.tools.Framework.org$scalatest$tools$Framework$$runSuite(Framework.scala:321)
[info]   at org.scalatest.tools.Framework$ScalaTestTask.execute(Framework.scala:517)
[info]   at sbt.ForkMain$Run.lambda$runTest$1(ForkMain.java:414)
[info]   at java.base/java.util.concurrent.FutureTask.run(FutureTask.java:317)
[info]   at java.base/java.util.concurrent.ThreadPoolExecutor.runWorker(ThreadPoolExecutor.java:1144)
[info]   at java.base/java.util.concurrent.ThreadPoolExecutor$Worker.run(ThreadPoolExecutor.java:642)
[info]   at java.base/java.lang.Thread.run(Thread.java:1583)
[info] - ceil *** FAILED *** (68 milliseconds)
[info]   IllegalArgumentException was thrown during property evaluation.
[info]     Message: argument type mismatch
[info]     Occurred when passed generated values (
[info]       arg0 = List()
[info]     )
[info]   org.scalatest.exceptions.GeneratorDrivenPropertyCheckFailedException:
[info]   at org.scalatestplus.scalacheck.CheckerAsserting$$anon$2.indicateFailure(CheckerAsserting.scala:251)
[info]   at org.scalatestplus.scalacheck.CheckerAsserting$$anon$2.indicateFailure(CheckerAsserting.scala:238)
[info]   at org.scalatestplus.scalacheck.UnitCheckerAsserting$CheckerAssertingImpl.check(CheckerAsserting.scala:160)
[info]   at org.scalatestplus.scalacheck.Checkers.check(Checkers.scala:371)
[info]   at org.scalatestplus.scalacheck.Checkers.check$(Checkers.scala:369)
[info]   at frameless.TypedDatasetSuite.check(TypedDatasetSuite.scala:63)
[info]   at frameless.functions.NonAggregateFunctionsTests.$anonfun$new$138(NonAggregateFunctionsTests.scala:274)
[info]   at org.scalatest.OutcomeOf.outcomeOf(OutcomeOf.scala:85)
[info]   at org.scalatest.OutcomeOf.outcomeOf$(OutcomeOf.scala:83)
[info]   at org.scalatest.OutcomeOf$.outcomeOf(OutcomeOf.scala:104)
[info]   at org.scalatest.Transformer.apply(Transformer.scala:22)
[info]   at org.scalatest.Transformer.apply(Transformer.scala:20)
[info]   at org.scalatest.funsuite.AnyFunSuiteLike$$anon$1.apply(AnyFunSuiteLike.scala:226)
[info]   at org.scalatest.TestSuite.withFixture(TestSuite.scala:196)
[info]   at org.scalatest.TestSuite.withFixture$(TestSuite.scala:195)
[info]   at org.scalatest.funsuite.AnyFunSuite.withFixture(AnyFunSuite.scala:1564)
[info]   at org.scalatest.funsuite.AnyFunSuiteLike.invokeWithFixture$1(AnyFunSuiteLike.scala:224)
[info]   at org.scalatest.funsuite.AnyFunSuiteLike.$anonfun$runTest$1(AnyFunSuiteLike.scala:236)
[info]   at org.scalatest.SuperEngine.runTestImpl(Engine.scala:306)
[info]   at org.scalatest.funsuite.AnyFunSuiteLike.runTest(AnyFunSuiteLike.scala:236)
[info]   at org.scalatest.funsuite.AnyFunSuiteLike.runTest$(AnyFunSuiteLike.scala:218)
[info]   at org.scalatest.funsuite.AnyFunSuite.runTest(AnyFunSuite.scala:1564)
[info]   at org.scalatest.funsuite.AnyFunSuiteLike.$anonfun$runTests$1(AnyFunSuiteLike.scala:269)
[info]   at org.scalatest.SuperEngine.$anonfun$runTestsInBranch$1(Engine.scala:413)
[info]   at scala.collection.immutable.List.foreach(List.scala:334)
[info]   at org.scalatest.SuperEngine.traverseSubNodes$1(Engine.scala:401)
[info]   at org.scalatest.SuperEngine.runTestsInBranch(Engine.scala:396)
[info]   at org.scalatest.SuperEngine.runTestsImpl(Engine.scala:475)
[info]   at org.scalatest.funsuite.AnyFunSuiteLike.runTests(AnyFunSuiteLike.scala:269)
[info]   at org.scalatest.funsuite.AnyFunSuiteLike.runTests$(AnyFunSuiteLike.scala:268)
[info]   at org.scalatest.funsuite.AnyFunSuite.runTests(AnyFunSuite.scala:1564)
[info]   at org.scalatest.Suite.run(Suite.scala:1114)
[info]   at org.scalatest.Suite.run$(Suite.scala:1096)
[info]   at org.scalatest.funsuite.AnyFunSuite.org$scalatest$funsuite$AnyFunSuiteLike$$super$run(AnyFunSuite.scala:1564)
[info]   at org.scalatest.funsuite.AnyFunSuiteLike.$anonfun$run$1(AnyFunSuiteLike.scala:273)
[info]   at org.scalatest.SuperEngine.runImpl(Engine.scala:535)
[info]   at org.scalatest.funsuite.AnyFunSuiteLike.run(AnyFunSuiteLike.scala:273)
[info]   at org.scalatest.funsuite.AnyFunSuiteLike.run$(AnyFunSuiteLike.scala:272)
[info]   at frameless.TypedDatasetSuite.org$scalatest$BeforeAndAfterAll$$super$run(TypedDatasetSuite.scala:63)
[info]   at org.scalatest.BeforeAndAfterAll.liftedTree1$1(BeforeAndAfterAll.scala:213)
[info]   at org.scalatest.BeforeAndAfterAll.run(BeforeAndAfterAll.scala:210)
[info]   at org.scalatest.BeforeAndAfterAll.run$(BeforeAndAfterAll.scala:208)
[info]   at frameless.TypedDatasetSuite.run(TypedDatasetSuite.scala:63)
[info]   at org.scalatest.tools.Framework.org$scalatest$tools$Framework$$runSuite(Framework.scala:321)
[info]   at org.scalatest.tools.Framework$ScalaTestTask.execute(Framework.scala:517)
[info]   at sbt.ForkMain$Run.lambda$runTest$1(ForkMain.java:414)
[info]   at java.base/java.util.concurrent.FutureTask.run(FutureTask.java:317)
[info]   at java.base/java.util.concurrent.ThreadPoolExecutor.runWorker(ThreadPoolExecutor.java:1144)
[info]   at java.base/java.util.concurrent.ThreadPoolExecutor$Worker.run(ThreadPoolExecutor.java:642)
[info]   at java.base/java.lang.Thread.run(Thread.java:1583)
[info]   Cause: java.lang.IllegalArgumentException: argument type mismatch
[info]   at java.base/jdk.internal.reflect.DirectConstructorHandleAccessor.newInstance(DirectConstructorHandleAccessor.java:65)
[info]   at java.base/java.lang.reflect.Constructor.newInstanceWithCaller(Constructor.java:502)
[info]   at java.base/java.lang.reflect.Constructor.newInstance(Constructor.java:486)
[info]   at frameless.TypedExpressionEncoder$.$anonfun$apply$3(TypedExpressionEncoder.scala:55)
[info]   at scala.Option.map(Option.scala:242)
[info]   at frameless.TypedExpressionEncoder$.apply(TypedExpressionEncoder.scala:54)
[info]   at frameless.TypedDataset$.create(TypedDataset.scala:1325)
[info]   at frameless.functions.NonAggregateFunctionsTests.prop$8(NonAggregateFunctionsTests.scala:264)
[info]   at frameless.functions.NonAggregateFunctionsTests.$anonfun$new$149(NonAggregateFunctionsTests.scala:274)
[info]   at scala.Function1.$anonfun$andThen$1(Function1.scala:87)
[info]   at org.scalacheck.Prop$.$anonfun$forAllShrink$2(Prop.scala:868)
[info]   at org.scalacheck.Prop$.secure(Prop.scala:484)
[info]   at org.scalacheck.Prop$.result$1(Prop.scala:868)
[info]   at org.scalacheck.Prop$.$anonfun$forAllShrink$1(Prop.scala:915)
[info]   at org.scalacheck.Prop$.$anonfun$apply$1(Prop.scala:305)
[info]   at org.scalacheck.PropFromFun.apply(Prop.scala:20)
[info]   at org.scalacheck.Test$.workerFun$1(Test.scala:486)
[info]   at org.scalacheck.Test$.$anonfun$check$4(Test.scala:518)
[info]   at org.scalacheck.Test$.$anonfun$check$4$adapted(Test.scala:518)
[info]   at org.scalacheck.Platform$.runWorkers(Platform.scala:42)
[info]   at org.scalacheck.Test$.check(Test.scala:518)
[info]   at org.scalatestplus.scalacheck.UnitCheckerAsserting$CheckerAssertingImpl.check(CheckerAsserting.scala:90)
[info]   at org.scalatestplus.scalacheck.Checkers.check(Checkers.scala:371)
[info]   at org.scalatestplus.scalacheck.Checkers.check$(Checkers.scala:369)
[info]   at frameless.TypedDatasetSuite.check(TypedDatasetSuite.scala:63)
[info]   at frameless.functions.NonAggregateFunctionsTests.$anonfun$new$138(NonAggregateFunctionsTests.scala:274)
[info]   at org.scalatest.OutcomeOf.outcomeOf(OutcomeOf.scala:85)
[info]   at org.scalatest.OutcomeOf.outcomeOf$(OutcomeOf.scala:83)
[info]   at org.scalatest.OutcomeOf$.outcomeOf(OutcomeOf.scala:104)
[info]   at org.scalatest.Transformer.apply(Transformer.scala:22)
[info]   at org.scalatest.Transformer.apply(Transformer.scala:20)
[info]   at org.scalatest.funsuite.AnyFunSuiteLike$$anon$1.apply(AnyFunSuiteLike.scala:226)
[info]   at org.scalatest.TestSuite.withFixture(TestSuite.scala:196)
[info]   at org.scalatest.TestSuite.withFixture$(TestSuite.scala:195)
[info]   at org.scalatest.funsuite.AnyFunSuite.withFixture(AnyFunSuite.scala:1564)
[info]   at org.scalatest.funsuite.AnyFunSuiteLike.invokeWithFixture$1(AnyFunSuiteLike.scala:224)
[info]   at org.scalatest.funsuite.AnyFunSuiteLike.$anonfun$runTest$1(AnyFunSuiteLike.scala:236)
[info]   at org.scalatest.SuperEngine.runTestImpl(Engine.scala:306)
[info]   at org.scalatest.funsuite.AnyFunSuiteLike.runTest(AnyFunSuiteLike.scala:236)
[info]   at org.scalatest.funsuite.AnyFunSuiteLike.runTest$(AnyFunSuiteLike.scala:218)
[info]   at org.scalatest.funsuite.AnyFunSuite.runTest(AnyFunSuite.scala:1564)
[info]   at org.scalatest.funsuite.AnyFunSuiteLike.$anonfun$runTests$1(AnyFunSuiteLike.scala:269)
[info]   at org.scalatest.SuperEngine.$anonfun$runTestsInBranch$1(Engine.scala:413)
[info]   at scala.collection.immutable.List.foreach(List.scala:334)
[info]   at org.scalatest.SuperEngine.traverseSubNodes$1(Engine.scala:401)
[info]   at org.scalatest.SuperEngine.runTestsInBranch(Engine.scala:396)
[info]   at org.scalatest.SuperEngine.runTestsImpl(Engine.scala:475)
[info]   at org.scalatest.funsuite.AnyFunSuiteLike.runTests(AnyFunSuiteLike.scala:269)
[info]   at org.scalatest.funsuite.AnyFunSuiteLike.runTests$(AnyFunSuiteLike.scala:268)
[info]   at org.scalatest.funsuite.AnyFunSuite.runTests(AnyFunSuite.scala:1564)
[info]   at org.scalatest.Suite.run(Suite.scala:1114)
[info]   at org.scalatest.Suite.run$(Suite.scala:1096)
[info]   at org.scalatest.funsuite.AnyFunSuite.org$scalatest$funsuite$AnyFunSuiteLike$$super$run(AnyFunSuite.scala:1564)
[info]   at org.scalatest.funsuite.AnyFunSuiteLike.$anonfun$run$1(AnyFunSuiteLike.scala:273)
[info]   at org.scalatest.SuperEngine.runImpl(Engine.scala:535)
[info]   at org.scalatest.funsuite.AnyFunSuiteLike.run(AnyFunSuiteLike.scala:273)
[info]   at org.scalatest.funsuite.AnyFunSuiteLike.run$(AnyFunSuiteLike.scala:272)
[info]   at frameless.TypedDatasetSuite.org$scalatest$BeforeAndAfterAll$$super$run(TypedDatasetSuite.scala:63)
[info]   at org.scalatest.BeforeAndAfterAll.liftedTree1$1(BeforeAndAfterAll.scala:213)
[info]   at org.scalatest.BeforeAndAfterAll.run(BeforeAndAfterAll.scala:210)
[info]   at org.scalatest.BeforeAndAfterAll.run$(BeforeAndAfterAll.scala:208)
[info]   at frameless.TypedDatasetSuite.run(TypedDatasetSuite.scala:63)
[info]   at org.scalatest.tools.Framework.org$scalatest$tools$Framework$$runSuite(Framework.scala:321)
[info]   at org.scalatest.tools.Framework$ScalaTestTask.execute(Framework.scala:517)
[info]   at sbt.ForkMain$Run.lambda$runTest$1(ForkMain.java:414)
[info]   at java.base/java.util.concurrent.FutureTask.run(FutureTask.java:317)
[info]   at java.base/java.util.concurrent.ThreadPoolExecutor.runWorker(ThreadPoolExecutor.java:1144)
[info]   at java.base/java.util.concurrent.ThreadPoolExecutor$Worker.run(ThreadPoolExecutor.java:642)
[info]   at java.base/java.lang.Thread.run(Thread.java:1583)
[info]   Cause: java.lang.ClassCastException: Cannot cast scala.reflect.ClassTag$GenericClassTag to org.apache.spark.sql.catalyst.expressions.Expression
[info]   at java.base/java.lang.Class.cast(Class.java:4067)
[info]   at java.base/jdk.internal.reflect.DirectConstructorHandleAccessor.newInstance(DirectConstructorHandleAccessor.java:62)
[info]   at java.base/java.lang.reflect.Constructor.newInstanceWithCaller(Constructor.java:502)
[info]   at java.base/java.lang.reflect.Constructor.newInstance(Constructor.java:486)
[info]   at frameless.TypedExpressionEncoder$.$anonfun$apply$3(TypedExpressionEncoder.scala:55)
[info]   at scala.Option.map(Option.scala:242)
[info]   at frameless.TypedExpressionEncoder$.apply(TypedExpressionEncoder.scala:54)
[info]   at frameless.TypedDataset$.create(TypedDataset.scala:1325)
[info]   at frameless.functions.NonAggregateFunctionsTests.prop$8(NonAggregateFunctionsTests.scala:264)
[info]   at frameless.functions.NonAggregateFunctionsTests.$anonfun$new$149(NonAggregateFunctionsTests.scala:274)
[info]   at scala.Function1.$anonfun$andThen$1(Function1.scala:87)
[info]   at org.scalacheck.Prop$.$anonfun$forAllShrink$2(Prop.scala:868)
[info]   at org.scalacheck.Prop$.secure(Prop.scala:484)
[info]   at org.scalacheck.Prop$.result$1(Prop.scala:868)
[info]   at org.scalacheck.Prop$.$anonfun$forAllShrink$1(Prop.scala:915)
[info]   at org.scalacheck.Prop$.$anonfun$apply$1(Prop.scala:305)
[info]   at org.scalacheck.PropFromFun.apply(Prop.scala:20)
[info]   at org.scalacheck.Test$.workerFun$1(Test.scala:486)
[info]   at org.scalacheck.Test$.$anonfun$check$4(Test.scala:518)
[info]   at org.scalacheck.Test$.$anonfun$check$4$adapted(Test.scala:518)
[info]   at org.scalacheck.Platform$.runWorkers(Platform.scala:42)
[info]   at org.scalacheck.Test$.check(Test.scala:518)
[info]   at org.scalatestplus.scalacheck.UnitCheckerAsserting$CheckerAssertingImpl.check(CheckerAsserting.scala:90)
[info]   at org.scalatestplus.scalacheck.Checkers.check(Checkers.scala:371)
[info]   at org.scalatestplus.scalacheck.Checkers.check$(Checkers.scala:369)
[info]   at frameless.TypedDatasetSuite.check(TypedDatasetSuite.scala:63)
[info]   at frameless.functions.NonAggregateFunctionsTests.$anonfun$new$138(NonAggregateFunctionsTests.scala:274)
[info]   at org.scalatest.OutcomeOf.outcomeOf(OutcomeOf.scala:85)
[info]   at org.scalatest.OutcomeOf.outcomeOf$(OutcomeOf.scala:83)
[info]   at org.scalatest.OutcomeOf$.outcomeOf(OutcomeOf.scala:104)
[info]   at org.scalatest.Transformer.apply(Transformer.scala:22)
[info]   at org.scalatest.Transformer.apply(Transformer.scala:20)
[info]   at org.scalatest.funsuite.AnyFunSuiteLike$$anon$1.apply(AnyFunSuiteLike.scala:226)
[info]   at org.scalatest.TestSuite.withFixture(TestSuite.scala:196)
[info]   at org.scalatest.TestSuite.withFixture$(TestSuite.scala:195)
[info]   at org.scalatest.funsuite.AnyFunSuite.withFixture(AnyFunSuite.scala:1564)
[info]   at org.scalatest.funsuite.AnyFunSuiteLike.invokeWithFixture$1(AnyFunSuiteLike.scala:224)
[info]   at org.scalatest.funsuite.AnyFunSuiteLike.$anonfun$runTest$1(AnyFunSuiteLike.scala:236)
[info]   at org.scalatest.SuperEngine.runTestImpl(Engine.scala:306)
[info]   at org.scalatest.funsuite.AnyFunSuiteLike.runTest(AnyFunSuiteLike.scala:236)
[info]   at org.scalatest.funsuite.AnyFunSuiteLike.runTest$(AnyFunSuiteLike.scala:218)
[info]   at org.scalatest.funsuite.AnyFunSuite.runTest(AnyFunSuite.scala:1564)
[info]   at org.scalatest.funsuite.AnyFunSuiteLike.$anonfun$runTests$1(AnyFunSuiteLike.scala:269)
[info]   at org.scalatest.SuperEngine.$anonfun$runTestsInBranch$1(Engine.scala:413)
[info]   at scala.collection.immutable.List.foreach(List.scala:334)
[info]   at org.scalatest.SuperEngine.traverseSubNodes$1(Engine.scala:401)
[info]   at org.scalatest.SuperEngine.runTestsInBranch(Engine.scala:396)
[info]   at org.scalatest.SuperEngine.runTestsImpl(Engine.scala:475)
[info]   at org.scalatest.funsuite.AnyFunSuiteLike.runTests(AnyFunSuiteLike.scala:269)
[info]   at org.scalatest.funsuite.AnyFunSuiteLike.runTests$(AnyFunSuiteLike.scala:268)
[info]   at org.scalatest.funsuite.AnyFunSuite.runTests(AnyFunSuite.scala:1564)
[info]   at org.scalatest.Suite.run(Suite.scala:1114)
[info]   at org.scalatest.Suite.run$(Suite.scala:1096)
[info]   at org.scalatest.funsuite.AnyFunSuite.org$scalatest$funsuite$AnyFunSuiteLike$$super$run(AnyFunSuite.scala:1564)
[info]   at org.scalatest.funsuite.AnyFunSuiteLike.$anonfun$run$1(AnyFunSuiteLike.scala:273)
[info]   at org.scalatest.SuperEngine.runImpl(Engine.scala:535)
[info]   at org.scalatest.funsuite.AnyFunSuiteLike.run(AnyFunSuiteLike.scala:273)
[info]   at org.scalatest.funsuite.AnyFunSuiteLike.run$(AnyFunSuiteLike.scala:272)
[info]   at frameless.TypedDatasetSuite.org$scalatest$BeforeAndAfterAll$$super$run(TypedDatasetSuite.scala:63)
[info]   at org.scalatest.BeforeAndAfterAll.liftedTree1$1(BeforeAndAfterAll.scala:213)
[info]   at org.scalatest.BeforeAndAfterAll.run(BeforeAndAfterAll.scala:210)
[info]   at org.scalatest.BeforeAndAfterAll.run$(BeforeAndAfterAll.scala:208)
[info]   at frameless.TypedDatasetSuite.run(TypedDatasetSuite.scala:63)
[info]   at org.scalatest.tools.Framework.org$scalatest$tools$Framework$$runSuite(Framework.scala:321)
[info]   at org.scalatest.tools.Framework$ScalaTestTask.execute(Framework.scala:517)
[info]   at sbt.ForkMain$Run.lambda$runTest$1(ForkMain.java:414)
[info]   at java.base/java.util.concurrent.FutureTask.run(FutureTask.java:317)
[info]   at java.base/java.util.concurrent.ThreadPoolExecutor.runWorker(ThreadPoolExecutor.java:1144)
[info]   at java.base/java.util.concurrent.ThreadPoolExecutor$Worker.run(ThreadPoolExecutor.java:642)
[info]   at java.base/java.lang.Thread.run(Thread.java:1583)
[info] - sha2 *** FAILED *** (27 milliseconds)
[info]   IllegalArgumentException was thrown during property evaluation.
[info]     Message: argument type mismatch
[info]     Occurred when passed generated values (
[info]       arg0 = List()
[info]     )
[info]   org.scalatest.exceptions.GeneratorDrivenPropertyCheckFailedException:
[info]   at org.scalatestplus.scalacheck.CheckerAsserting$$anon$2.indicateFailure(CheckerAsserting.scala:251)
[info]   at org.scalatestplus.scalacheck.CheckerAsserting$$anon$2.indicateFailure(CheckerAsserting.scala:238)
[info]   at org.scalatestplus.scalacheck.UnitCheckerAsserting$CheckerAssertingImpl.check(CheckerAsserting.scala:160)
[info]   at org.scalatestplus.scalacheck.Checkers.check(Checkers.scala:371)
[info]   at org.scalatestplus.scalacheck.Checkers.check$(Checkers.scala:369)
[info]   at frameless.TypedDatasetSuite.check(TypedDatasetSuite.scala:63)
[info]   at frameless.functions.NonAggregateFunctionsTests.$anonfun$new$159(NonAggregateFunctionsTests.scala:303)
[info]   at org.scalatest.OutcomeOf.outcomeOf(OutcomeOf.scala:85)
[info]   at org.scalatest.OutcomeOf.outcomeOf$(OutcomeOf.scala:83)
[info]   at org.scalatest.OutcomeOf$.outcomeOf(OutcomeOf.scala:104)
[info]   at org.scalatest.Transformer.apply(Transformer.scala:22)
[info]   at org.scalatest.Transformer.apply(Transformer.scala:20)
[info]   at org.scalatest.funsuite.AnyFunSuiteLike$$anon$1.apply(AnyFunSuiteLike.scala:226)
[info]   at org.scalatest.TestSuite.withFixture(TestSuite.scala:196)
[info]   at org.scalatest.TestSuite.withFixture$(TestSuite.scala:195)
[info]   at org.scalatest.funsuite.AnyFunSuite.withFixture(AnyFunSuite.scala:1564)
[info]   at org.scalatest.funsuite.AnyFunSuiteLike.invokeWithFixture$1(AnyFunSuiteLike.scala:224)
[info]   at org.scalatest.funsuite.AnyFunSuiteLike.$anonfun$runTest$1(AnyFunSuiteLike.scala:236)
[info]   at org.scalatest.SuperEngine.runTestImpl(Engine.scala:306)
[info]   at org.scalatest.funsuite.AnyFunSuiteLike.runTest(AnyFunSuiteLike.scala:236)
[info]   at org.scalatest.funsuite.AnyFunSuiteLike.runTest$(AnyFunSuiteLike.scala:218)
[info]   at org.scalatest.funsuite.AnyFunSuite.runTest(AnyFunSuite.scala:1564)
[info]   at org.scalatest.funsuite.AnyFunSuiteLike.$anonfun$runTests$1(AnyFunSuiteLike.scala:269)
[info]   at org.scalatest.SuperEngine.$anonfun$runTestsInBranch$1(Engine.scala:413)
[info]   at scala.collection.immutable.List.foreach(List.scala:334)
[info]   at org.scalatest.SuperEngine.traverseSubNodes$1(Engine.scala:401)
[info]   at org.scalatest.SuperEngine.runTestsInBranch(Engine.scala:396)
[info]   at org.scalatest.SuperEngine.runTestsImpl(Engine.scala:475)
[info]   at org.scalatest.funsuite.AnyFunSuiteLike.runTests(AnyFunSuiteLike.scala:269)
[info]   at org.scalatest.funsuite.AnyFunSuiteLike.runTests$(AnyFunSuiteLike.scala:268)
[info]   at org.scalatest.funsuite.AnyFunSuite.runTests(AnyFunSuite.scala:1564)
[info]   at org.scalatest.Suite.run(Suite.scala:1114)
[info]   at org.scalatest.Suite.run$(Suite.scala:1096)
[info]   at org.scalatest.funsuite.AnyFunSuite.org$scalatest$funsuite$AnyFunSuiteLike$$super$run(AnyFunSuite.scala:1564)
[info]   at org.scalatest.funsuite.AnyFunSuiteLike.$anonfun$run$1(AnyFunSuiteLike.scala:273)
[info]   at org.scalatest.SuperEngine.runImpl(Engine.scala:535)
[info]   at org.scalatest.funsuite.AnyFunSuiteLike.run(AnyFunSuiteLike.scala:273)
[info]   at org.scalatest.funsuite.AnyFunSuiteLike.run$(AnyFunSuiteLike.scala:272)
[info]   at frameless.TypedDatasetSuite.org$scalatest$BeforeAndAfterAll$$super$run(TypedDatasetSuite.scala:63)
[info]   at org.scalatest.BeforeAndAfterAll.liftedTree1$1(BeforeAndAfterAll.scala:213)
[info]   at org.scalatest.BeforeAndAfterAll.run(BeforeAndAfterAll.scala:210)
[info]   at org.scalatest.BeforeAndAfterAll.run$(BeforeAndAfterAll.scala:208)
[info]   at frameless.TypedDatasetSuite.run(TypedDatasetSuite.scala:63)
[info]   at org.scalatest.tools.Framework.org$scalatest$tools$Framework$$runSuite(Framework.scala:321)
[info]   at org.scalatest.tools.Framework$ScalaTestTask.execute(Framework.scala:517)
[info]   at sbt.ForkMain$Run.lambda$runTest$1(ForkMain.java:414)
[info]   at java.base/java.util.concurrent.FutureTask.run(FutureTask.java:317)
[info]   at java.base/java.util.concurrent.ThreadPoolExecutor.runWorker(ThreadPoolExecutor.java:1144)
[info]   at java.base/java.util.concurrent.ThreadPoolExecutor$Worker.run(ThreadPoolExecutor.java:642)
[info]   at java.base/java.lang.Thread.run(Thread.java:1583)
[info]   Cause: java.lang.IllegalArgumentException: argument type mismatch
[info]   at java.base/jdk.internal.reflect.DirectConstructorHandleAccessor.newInstance(DirectConstructorHandleAccessor.java:65)
[info]   at java.base/java.lang.reflect.Constructor.newInstanceWithCaller(Constructor.java:502)
[info]   at java.base/java.lang.reflect.Constructor.newInstance(Constructor.java:486)
[info]   at frameless.TypedExpressionEncoder$.$anonfun$apply$3(TypedExpressionEncoder.scala:55)
[info]   at scala.Option.map(Option.scala:242)
[info]   at frameless.TypedExpressionEncoder$.apply(TypedExpressionEncoder.scala:54)
[info]   at frameless.TypedDataset$.create(TypedDataset.scala:1325)
[info]   at frameless.functions.NonAggregateFunctionsTests.$anonfun$new$160(NonAggregateFunctionsTests.scala:293)
[info]   at frameless.functions.NonAggregateFunctionsTests.$anonfun$new$160$adapted(NonAggregateFunctionsTests.scala:286)
[info]   at scala.collection.immutable.List.map(List.scala:247)
[info]   at scala.collection.immutable.List.map(List.scala:79)
[info]   at frameless.functions.NonAggregateFunctionsTests.prop$9(NonAggregateFunctionsTests.scala:286)
[info]   at frameless.functions.NonAggregateFunctionsTests.$anonfun$new$173(NonAggregateFunctionsTests.scala:303)
[info]   at scala.Function1.$anonfun$andThen$1(Function1.scala:87)
[info]   at org.scalacheck.Prop$.$anonfun$forAllShrink$2(Prop.scala:868)
[info]   at org.scalacheck.Prop$.secure(Prop.scala:484)
[info]   at org.scalacheck.Prop$.result$1(Prop.scala:868)
[info]   at org.scalacheck.Prop$.$anonfun$forAllShrink$1(Prop.scala:915)
[info]   at org.scalacheck.Prop$.$anonfun$apply$1(Prop.scala:305)
[info]   at org.scalacheck.PropFromFun.apply(Prop.scala:20)
[info]   at org.scalacheck.Test$.workerFun$1(Test.scala:486)
[info]   at org.scalacheck.Test$.$anonfun$check$4(Test.scala:518)
[info]   at org.scalacheck.Test$.$anonfun$check$4$adapted(Test.scala:518)
[info]   at org.scalacheck.Platform$.runWorkers(Platform.scala:42)
[info]   at org.scalacheck.Test$.check(Test.scala:518)
[info]   at org.scalatestplus.scalacheck.UnitCheckerAsserting$CheckerAssertingImpl.check(CheckerAsserting.scala:90)
[info]   at org.scalatestplus.scalacheck.Checkers.check(Checkers.scala:371)
[info]   at org.scalatestplus.scalacheck.Checkers.check$(Checkers.scala:369)
[info]   at frameless.TypedDatasetSuite.check(TypedDatasetSuite.scala:63)
[info]   at frameless.functions.NonAggregateFunctionsTests.$anonfun$new$159(NonAggregateFunctionsTests.scala:303)
[info]   at org.scalatest.OutcomeOf.outcomeOf(OutcomeOf.scala:85)
[info]   at org.scalatest.OutcomeOf.outcomeOf$(OutcomeOf.scala:83)
[info]   at org.scalatest.OutcomeOf$.outcomeOf(OutcomeOf.scala:104)
[info]   at org.scalatest.Transformer.apply(Transformer.scala:22)
[info]   at org.scalatest.Transformer.apply(Transformer.scala:20)
[info]   at org.scalatest.funsuite.AnyFunSuiteLike$$anon$1.apply(AnyFunSuiteLike.scala:226)
[info]   at org.scalatest.TestSuite.withFixture(TestSuite.scala:196)
[info]   at org.scalatest.TestSuite.withFixture$(TestSuite.scala:195)
[info]   at org.scalatest.funsuite.AnyFunSuite.withFixture(AnyFunSuite.scala:1564)
[info]   at org.scalatest.funsuite.AnyFunSuiteLike.invokeWithFixture$1(AnyFunSuiteLike.scala:224)
[info]   at org.scalatest.funsuite.AnyFunSuiteLike.$anonfun$runTest$1(AnyFunSuiteLike.scala:236)
[info]   at org.scalatest.SuperEngine.runTestImpl(Engine.scala:306)
[info]   at org.scalatest.funsuite.AnyFunSuiteLike.runTest(AnyFunSuiteLike.scala:236)
[info]   at org.scalatest.funsuite.AnyFunSuiteLike.runTest$(AnyFunSuiteLike.scala:218)
[info]   at org.scalatest.funsuite.AnyFunSuite.runTest(AnyFunSuite.scala:1564)
[info]   at org.scalatest.funsuite.AnyFunSuiteLike.$anonfun$runTests$1(AnyFunSuiteLike.scala:269)
[info]   at org.scalatest.SuperEngine.$anonfun$runTestsInBranch$1(Engine.scala:413)
[info]   at scala.collection.immutable.List.foreach(List.scala:334)
[info]   at org.scalatest.SuperEngine.traverseSubNodes$1(Engine.scala:401)
[info]   at org.scalatest.SuperEngine.runTestsInBranch(Engine.scala:396)
[info]   at org.scalatest.SuperEngine.runTestsImpl(Engine.scala:475)
[info]   at org.scalatest.funsuite.AnyFunSuiteLike.runTests(AnyFunSuiteLike.scala:269)
[info]   at org.scalatest.funsuite.AnyFunSuiteLike.runTests$(AnyFunSuiteLike.scala:268)
[info]   at org.scalatest.funsuite.AnyFunSuite.runTests(AnyFunSuite.scala:1564)
[info]   at org.scalatest.Suite.run(Suite.scala:1114)
[info]   at org.scalatest.Suite.run$(Suite.scala:1096)
[info]   at org.scalatest.funsuite.AnyFunSuite.org$scalatest$funsuite$AnyFunSuiteLike$$super$run(AnyFunSuite.scala:1564)
[info]   at org.scalatest.funsuite.AnyFunSuiteLike.$anonfun$run$1(AnyFunSuiteLike.scala:273)
[info]   at org.scalatest.SuperEngine.runImpl(Engine.scala:535)
[info]   at org.scalatest.funsuite.AnyFunSuiteLike.run(AnyFunSuiteLike.scala:273)
[info]   at org.scalatest.funsuite.AnyFunSuiteLike.run$(AnyFunSuiteLike.scala:272)
[info]   at frameless.TypedDatasetSuite.org$scalatest$BeforeAndAfterAll$$super$run(TypedDatasetSuite.scala:63)
[info]   at org.scalatest.BeforeAndAfterAll.liftedTree1$1(BeforeAndAfterAll.scala:213)
[info]   at org.scalatest.BeforeAndAfterAll.run(BeforeAndAfterAll.scala:210)
[info]   at org.scalatest.BeforeAndAfterAll.run$(BeforeAndAfterAll.scala:208)
[info]   at frameless.TypedDatasetSuite.run(TypedDatasetSuite.scala:63)
[info]   at org.scalatest.tools.Framework.org$scalatest$tools$Framework$$runSuite(Framework.scala:321)
[info]   at org.scalatest.tools.Framework$ScalaTestTask.execute(Framework.scala:517)
[info]   at sbt.ForkMain$Run.lambda$runTest$1(ForkMain.java:414)
[info]   at java.base/java.util.concurrent.FutureTask.run(FutureTask.java:317)
[info]   at java.base/java.util.concurrent.ThreadPoolExecutor.runWorker(ThreadPoolExecutor.java:1144)
[info]   at java.base/java.util.concurrent.ThreadPoolExecutor$Worker.run(ThreadPoolExecutor.java:642)
[info]   at java.base/java.lang.Thread.run(Thread.java:1583)
[info]   Cause: java.lang.ClassCastException: Cannot cast scala.reflect.ClassTag$GenericClassTag to org.apache.spark.sql.catalyst.expressions.Expression
[info]   at java.base/java.lang.Class.cast(Class.java:4067)
[info]   at java.base/jdk.internal.reflect.DirectConstructorHandleAccessor.newInstance(DirectConstructorHandleAccessor.java:62)
[info]   at java.base/java.lang.reflect.Constructor.newInstanceWithCaller(Constructor.java:502)
[info]   at java.base/java.lang.reflect.Constructor.newInstance(Constructor.java:486)
[info]   at frameless.TypedExpressionEncoder$.$anonfun$apply$3(TypedExpressionEncoder.scala:55)
[info]   at scala.Option.map(Option.scala:242)
[info]   at frameless.TypedExpressionEncoder$.apply(TypedExpressionEncoder.scala:54)
[info]   at frameless.TypedDataset$.create(TypedDataset.scala:1325)
[info]   at frameless.functions.NonAggregateFunctionsTests.$anonfun$new$160(NonAggregateFunctionsTests.scala:293)
[info]   at frameless.functions.NonAggregateFunctionsTests.$anonfun$new$160$adapted(NonAggregateFunctionsTests.scala:286)
[info]   at scala.collection.immutable.List.map(List.scala:247)
[info]   at scala.collection.immutable.List.map(List.scala:79)
[info]   at frameless.functions.NonAggregateFunctionsTests.prop$9(NonAggregateFunctionsTests.scala:286)
[info]   at frameless.functions.NonAggregateFunctionsTests.$anonfun$new$173(NonAggregateFunctionsTests.scala:303)
[info]   at scala.Function1.$anonfun$andThen$1(Function1.scala:87)
[info]   at org.scalacheck.Prop$.$anonfun$forAllShrink$2(Prop.scala:868)
[info]   at org.scalacheck.Prop$.secure(Prop.scala:484)
[info]   at org.scalacheck.Prop$.result$1(Prop.scala:868)
[info]   at org.scalacheck.Prop$.$anonfun$forAllShrink$1(Prop.scala:915)
[info]   at org.scalacheck.Prop$.$anonfun$apply$1(Prop.scala:305)
[info]   at org.scalacheck.PropFromFun.apply(Prop.scala:20)
[info]   at org.scalacheck.Test$.workerFun$1(Test.scala:486)
[info]   at org.scalacheck.Test$.$anonfun$check$4(Test.scala:518)
[info]   at org.scalacheck.Test$.$anonfun$check$4$adapted(Test.scala:518)
[info]   at org.scalacheck.Platform$.runWorkers(Platform.scala:42)
[info]   at org.scalacheck.Test$.check(Test.scala:518)
[info]   at org.scalatestplus.scalacheck.UnitCheckerAsserting$CheckerAssertingImpl.check(CheckerAsserting.scala:90)
[info]   at org.scalatestplus.scalacheck.Checkers.check(Checkers.scala:371)
[info]   at org.scalatestplus.scalacheck.Checkers.check$(Checkers.scala:369)
[info]   at frameless.TypedDatasetSuite.check(TypedDatasetSuite.scala:63)
[info]   at frameless.functions.NonAggregateFunctionsTests.$anonfun$new$159(NonAggregateFunctionsTests.scala:303)
[info]   at org.scalatest.OutcomeOf.outcomeOf(OutcomeOf.scala:85)
[info]   at org.scalatest.OutcomeOf.outcomeOf$(OutcomeOf.scala:83)
[info]   at org.scalatest.OutcomeOf$.outcomeOf(OutcomeOf.scala:104)
[info]   at org.scalatest.Transformer.apply(Transformer.scala:22)
[info]   at org.scalatest.Transformer.apply(Transformer.scala:20)
[info]   at org.scalatest.funsuite.AnyFunSuiteLike$$anon$1.apply(AnyFunSuiteLike.scala:226)
[info]   at org.scalatest.TestSuite.withFixture(TestSuite.scala:196)
[info]   at org.scalatest.TestSuite.withFixture$(TestSuite.scala:195)
[info]   at org.scalatest.funsuite.AnyFunSuite.withFixture(AnyFunSuite.scala:1564)
[info]   at org.scalatest.funsuite.AnyFunSuiteLike.invokeWithFixture$1(AnyFunSuiteLike.scala:224)
[info]   at org.scalatest.funsuite.AnyFunSuiteLike.$anonfun$runTest$1(AnyFunSuiteLike.scala:236)
[info]   at org.scalatest.SuperEngine.runTestImpl(Engine.scala:306)
[info]   at org.scalatest.funsuite.AnyFunSuiteLike.runTest(AnyFunSuiteLike.scala:236)
[info]   at org.scalatest.funsuite.AnyFunSuiteLike.runTest$(AnyFunSuiteLike.scala:218)
[info]   at org.scalatest.funsuite.AnyFunSuite.runTest(AnyFunSuite.scala:1564)
[info]   at org.scalatest.funsuite.AnyFunSuiteLike.$anonfun$runTests$1(AnyFunSuiteLike.scala:269)
[info]   at org.scalatest.SuperEngine.$anonfun$runTestsInBranch$1(Engine.scala:413)
[info]   at scala.collection.immutable.List.foreach(List.scala:334)
[info]   at org.scalatest.SuperEngine.traverseSubNodes$1(Engine.scala:401)
[info]   at org.scalatest.SuperEngine.runTestsInBranch(Engine.scala:396)
[info]   at org.scalatest.SuperEngine.runTestsImpl(Engine.scala:475)
[info]   at org.scalatest.funsuite.AnyFunSuiteLike.runTests(AnyFunSuiteLike.scala:269)
[info]   at org.scalatest.funsuite.AnyFunSuiteLike.runTests$(AnyFunSuiteLike.scala:268)
[info]   at org.scalatest.funsuite.AnyFunSuite.runTests(AnyFunSuite.scala:1564)
[info]   at org.scalatest.Suite.run(Suite.scala:1114)
[info]   at org.scalatest.Suite.run$(Suite.scala:1096)
[info]   at org.scalatest.funsuite.AnyFunSuite.org$scalatest$funsuite$AnyFunSuiteLike$$super$run(AnyFunSuite.scala:1564)
[info]   at org.scalatest.funsuite.AnyFunSuiteLike.$anonfun$run$1(AnyFunSuiteLike.scala:273)
[info]   at org.scalatest.SuperEngine.runImpl(Engine.scala:535)
[info]   at org.scalatest.funsuite.AnyFunSuiteLike.run(AnyFunSuiteLike.scala:273)
[info]   at org.scalatest.funsuite.AnyFunSuiteLike.run$(AnyFunSuiteLike.scala:272)
[info]   at frameless.TypedDatasetSuite.org$scalatest$BeforeAndAfterAll$$super$run(TypedDatasetSuite.scala:63)
[info]   at org.scalatest.BeforeAndAfterAll.liftedTree1$1(BeforeAndAfterAll.scala:213)
[info]   at org.scalatest.BeforeAndAfterAll.run(BeforeAndAfterAll.scala:210)
[info]   at org.scalatest.BeforeAndAfterAll.run$(BeforeAndAfterAll.scala:208)
[info]   at frameless.TypedDatasetSuite.run(TypedDatasetSuite.scala:63)
[info]   at org.scalatest.tools.Framework.org$scalatest$tools$Framework$$runSuite(Framework.scala:321)
[info]   at org.scalatest.tools.Framework$ScalaTestTask.execute(Framework.scala:517)
[info]   at sbt.ForkMain$Run.lambda$runTest$1(ForkMain.java:414)
[info]   at java.base/java.util.concurrent.FutureTask.run(FutureTask.java:317)
[info]   at java.base/java.util.concurrent.ThreadPoolExecutor.runWorker(ThreadPoolExecutor.java:1144)
[info]   at java.base/java.util.concurrent.ThreadPoolExecutor$Worker.run(ThreadPoolExecutor.java:642)
[info]   at java.base/java.lang.Thread.run(Thread.java:1583)
[info] - sha1 *** FAILED *** (29 milliseconds)
[info]   IllegalArgumentException was thrown during property evaluation.
[info]     Message: argument type mismatch
[info]     Occurred when passed generated values (
[info]       arg0 = List()
[info]     )
[info]   org.scalatest.exceptions.GeneratorDrivenPropertyCheckFailedException:
[info]   at org.scalatestplus.scalacheck.CheckerAsserting$$anon$2.indicateFailure(CheckerAsserting.scala:251)
[info]   at org.scalatestplus.scalacheck.CheckerAsserting$$anon$2.indicateFailure(CheckerAsserting.scala:238)
[info]   at org.scalatestplus.scalacheck.UnitCheckerAsserting$CheckerAssertingImpl.check(CheckerAsserting.scala:160)
[info]   at org.scalatestplus.scalacheck.Checkers.check(Checkers.scala:371)
[info]   at org.scalatestplus.scalacheck.Checkers.check$(Checkers.scala:369)
[info]   at frameless.TypedDatasetSuite.check(TypedDatasetSuite.scala:63)
[info]   at frameless.functions.NonAggregateFunctionsTests.$anonfun$new$176(NonAggregateFunctionsTests.scala:327)
[info]   at org.scalatest.OutcomeOf.outcomeOf(OutcomeOf.scala:85)
[info]   at org.scalatest.OutcomeOf.outcomeOf$(OutcomeOf.scala:83)
[info]   at org.scalatest.OutcomeOf$.outcomeOf(OutcomeOf.scala:104)
[info]   at org.scalatest.Transformer.apply(Transformer.scala:22)
[info]   at org.scalatest.Transformer.apply(Transformer.scala:20)
[info]   at org.scalatest.funsuite.AnyFunSuiteLike$$anon$1.apply(AnyFunSuiteLike.scala:226)
[info]   at org.scalatest.TestSuite.withFixture(TestSuite.scala:196)
[info]   at org.scalatest.TestSuite.withFixture$(TestSuite.scala:195)
[info]   at org.scalatest.funsuite.AnyFunSuite.withFixture(AnyFunSuite.scala:1564)
[info]   at org.scalatest.funsuite.AnyFunSuiteLike.invokeWithFixture$1(AnyFunSuiteLike.scala:224)
[info]   at org.scalatest.funsuite.AnyFunSuiteLike.$anonfun$runTest$1(AnyFunSuiteLike.scala:236)
[info]   at org.scalatest.SuperEngine.runTestImpl(Engine.scala:306)
[info]   at org.scalatest.funsuite.AnyFunSuiteLike.runTest(AnyFunSuiteLike.scala:236)
[info]   at org.scalatest.funsuite.AnyFunSuiteLike.runTest$(AnyFunSuiteLike.scala:218)
[info]   at org.scalatest.funsuite.AnyFunSuite.runTest(AnyFunSuite.scala:1564)
[info]   at org.scalatest.funsuite.AnyFunSuiteLike.$anonfun$runTests$1(AnyFunSuiteLike.scala:269)
[info]   at org.scalatest.SuperEngine.$anonfun$runTestsInBranch$1(Engine.scala:413)
[info]   at scala.collection.immutable.List.foreach(List.scala:334)
[info]   at org.scalatest.SuperEngine.traverseSubNodes$1(Engine.scala:401)
[info]   at org.scalatest.SuperEngine.runTestsInBranch(Engine.scala:396)
[info]   at org.scalatest.SuperEngine.runTestsImpl(Engine.scala:475)
[info]   at org.scalatest.funsuite.AnyFunSuiteLike.runTests(AnyFunSuiteLike.scala:269)
[info]   at org.scalatest.funsuite.AnyFunSuiteLike.runTests$(AnyFunSuiteLike.scala:268)
[info]   at org.scalatest.funsuite.AnyFunSuite.runTests(AnyFunSuite.scala:1564)
[info]   at org.scalatest.Suite.run(Suite.scala:1114)
[info]   at org.scalatest.Suite.run$(Suite.scala:1096)
[info]   at org.scalatest.funsuite.AnyFunSuite.org$scalatest$funsuite$AnyFunSuiteLike$$super$run(AnyFunSuite.scala:1564)
[info]   at org.scalatest.funsuite.AnyFunSuiteLike.$anonfun$run$1(AnyFunSuiteLike.scala:273)
[info]   at org.scalatest.SuperEngine.runImpl(Engine.scala:535)
[info]   at org.scalatest.funsuite.AnyFunSuiteLike.run(AnyFunSuiteLike.scala:273)
[info]   at org.scalatest.funsuite.AnyFunSuiteLike.run$(AnyFunSuiteLike.scala:272)
[info]   at frameless.TypedDatasetSuite.org$scalatest$BeforeAndAfterAll$$super$run(TypedDatasetSuite.scala:63)
[info]   at org.scalatest.BeforeAndAfterAll.liftedTree1$1(BeforeAndAfterAll.scala:213)
[info]   at org.scalatest.BeforeAndAfterAll.run(BeforeAndAfterAll.scala:210)
[info]   at org.scalatest.BeforeAndAfterAll.run$(BeforeAndAfterAll.scala:208)
[info]   at frameless.TypedDatasetSuite.run(TypedDatasetSuite.scala:63)
[info]   at org.scalatest.tools.Framework.org$scalatest$tools$Framework$$runSuite(Framework.scala:321)
[info]   at org.scalatest.tools.Framework$ScalaTestTask.execute(Framework.scala:517)
[info]   at sbt.ForkMain$Run.lambda$runTest$1(ForkMain.java:414)
[info]   at java.base/java.util.concurrent.FutureTask.run(FutureTask.java:317)
[info]   at java.base/java.util.concurrent.ThreadPoolExecutor.runWorker(ThreadPoolExecutor.java:1144)
[info]   at java.base/java.util.concurrent.ThreadPoolExecutor$Worker.run(ThreadPoolExecutor.java:642)
[info]   at java.base/java.lang.Thread.run(Thread.java:1583)
[info]   Cause: java.lang.IllegalArgumentException: argument type mismatch
[info]   at java.base/jdk.internal.reflect.DirectConstructorHandleAccessor.newInstance(DirectConstructorHandleAccessor.java:65)
[info]   at java.base/java.lang.reflect.Constructor.newInstanceWithCaller(Constructor.java:502)
[info]   at java.base/java.lang.reflect.Constructor.newInstance(Constructor.java:486)
[info]   at frameless.TypedExpressionEncoder$.$anonfun$apply$3(TypedExpressionEncoder.scala:55)
[info]   at scala.Option.map(Option.scala:242)
[info]   at frameless.TypedExpressionEncoder$.apply(TypedExpressionEncoder.scala:54)
[info]   at frameless.TypedDataset$.create(TypedDataset.scala:1325)
[info]   at frameless.functions.NonAggregateFunctionsTests.prop$10(NonAggregateFunctionsTests.scala:317)
[info]   at frameless.functions.NonAggregateFunctionsTests.$anonfun$new$187(NonAggregateFunctionsTests.scala:327)
[info]   at scala.Function1.$anonfun$andThen$1(Function1.scala:87)
[info]   at org.scalacheck.Prop$.$anonfun$forAllShrink$2(Prop.scala:868)
[info]   at org.scalacheck.Prop$.secure(Prop.scala:484)
[info]   at org.scalacheck.Prop$.result$1(Prop.scala:868)
[info]   at org.scalacheck.Prop$.$anonfun$forAllShrink$1(Prop.scala:915)
[info]   at org.scalacheck.Prop$.$anonfun$apply$1(Prop.scala:305)
[info]   at org.scalacheck.PropFromFun.apply(Prop.scala:20)
[info]   at org.scalacheck.Test$.workerFun$1(Test.scala:486)
[info]   at org.scalacheck.Test$.$anonfun$check$4(Test.scala:518)
[info]   at org.scalacheck.Test$.$anonfun$check$4$adapted(Test.scala:518)
[info]   at org.scalacheck.Platform$.runWorkers(Platform.scala:42)
[info]   at org.scalacheck.Test$.check(Test.scala:518)
[info]   at org.scalatestplus.scalacheck.UnitCheckerAsserting$CheckerAssertingImpl.check(CheckerAsserting.scala:90)
[info]   at org.scalatestplus.scalacheck.Checkers.check(Checkers.scala:371)
[info]   at org.scalatestplus.scalacheck.Checkers.check$(Checkers.scala:369)
[info]   at frameless.TypedDatasetSuite.check(TypedDatasetSuite.scala:63)
[info]   at frameless.functions.NonAggregateFunctionsTests.$anonfun$new$176(NonAggregateFunctionsTests.scala:327)
[info]   at org.scalatest.OutcomeOf.outcomeOf(OutcomeOf.scala:85)
[info]   at org.scalatest.OutcomeOf.outcomeOf$(OutcomeOf.scala:83)
[info]   at org.scalatest.OutcomeOf$.outcomeOf(OutcomeOf.scala:104)
[info]   at org.scalatest.Transformer.apply(Transformer.scala:22)
[info]   at org.scalatest.Transformer.apply(Transformer.scala:20)
[info]   at org.scalatest.funsuite.AnyFunSuiteLike$$anon$1.apply(AnyFunSuiteLike.scala:226)
[info]   at org.scalatest.TestSuite.withFixture(TestSuite.scala:196)
[info]   at org.scalatest.TestSuite.withFixture$(TestSuite.scala:195)
[info]   at org.scalatest.funsuite.AnyFunSuite.withFixture(AnyFunSuite.scala:1564)
[info]   at org.scalatest.funsuite.AnyFunSuiteLike.invokeWithFixture$1(AnyFunSuiteLike.scala:224)
[info]   at org.scalatest.funsuite.AnyFunSuiteLike.$anonfun$runTest$1(AnyFunSuiteLike.scala:236)
[info]   at org.scalatest.SuperEngine.runTestImpl(Engine.scala:306)
[info]   at org.scalatest.funsuite.AnyFunSuiteLike.runTest(AnyFunSuiteLike.scala:236)
[info]   at org.scalatest.funsuite.AnyFunSuiteLike.runTest$(AnyFunSuiteLike.scala:218)
[info]   at org.scalatest.funsuite.AnyFunSuite.runTest(AnyFunSuite.scala:1564)
[info]   at org.scalatest.funsuite.AnyFunSuiteLike.$anonfun$runTests$1(AnyFunSuiteLike.scala:269)
[info]   at org.scalatest.SuperEngine.$anonfun$runTestsInBranch$1(Engine.scala:413)
[info]   at scala.collection.immutable.List.foreach(List.scala:334)
[info]   at org.scalatest.SuperEngine.traverseSubNodes$1(Engine.scala:401)
[info]   at org.scalatest.SuperEngine.runTestsInBranch(Engine.scala:396)
[info]   at org.scalatest.SuperEngine.runTestsImpl(Engine.scala:475)
[info]   at org.scalatest.funsuite.AnyFunSuiteLike.runTests(AnyFunSuiteLike.scala:269)
[info]   at org.scalatest.funsuite.AnyFunSuiteLike.runTests$(AnyFunSuiteLike.scala:268)
[info]   at org.scalatest.funsuite.AnyFunSuite.runTests(AnyFunSuite.scala:1564)
[info]   at org.scalatest.Suite.run(Suite.scala:1114)
[info]   at org.scalatest.Suite.run$(Suite.scala:1096)
[info]   at org.scalatest.funsuite.AnyFunSuite.org$scalatest$funsuite$AnyFunSuiteLike$$super$run(AnyFunSuite.scala:1564)
[info]   at org.scalatest.funsuite.AnyFunSuiteLike.$anonfun$run$1(AnyFunSuiteLike.scala:273)
[info]   at org.scalatest.SuperEngine.runImpl(Engine.scala:535)
[info]   at org.scalatest.funsuite.AnyFunSuiteLike.run(AnyFunSuiteLike.scala:273)
[info]   at org.scalatest.funsuite.AnyFunSuiteLike.run$(AnyFunSuiteLike.scala:272)
[info]   at frameless.TypedDatasetSuite.org$scalatest$BeforeAndAfterAll$$super$run(TypedDatasetSuite.scala:63)
[info]   at org.scalatest.BeforeAndAfterAll.liftedTree1$1(BeforeAndAfterAll.scala:213)
[info]   at org.scalatest.BeforeAndAfterAll.run(BeforeAndAfterAll.scala:210)
[info]   at org.scalatest.BeforeAndAfterAll.run$(BeforeAndAfterAll.scala:208)
[info]   at frameless.TypedDatasetSuite.run(TypedDatasetSuite.scala:63)
[info]   at org.scalatest.tools.Framework.org$scalatest$tools$Framework$$runSuite(Framework.scala:321)
[info]   at org.scalatest.tools.Framework$ScalaTestTask.execute(Framework.scala:517)
[info]   at sbt.ForkMain$Run.lambda$runTest$1(ForkMain.java:414)
[info]   at java.base/java.util.concurrent.FutureTask.run(FutureTask.java:317)
[info]   at java.base/java.util.concurrent.ThreadPoolExecutor.runWorker(ThreadPoolExecutor.java:1144)
[info]   at java.base/java.util.concurrent.ThreadPoolExecutor$Worker.run(ThreadPoolExecutor.java:642)
[info]   at java.base/java.lang.Thread.run(Thread.java:1583)
[info]   Cause: java.lang.ClassCastException: Cannot cast scala.reflect.ClassTag$GenericClassTag to org.apache.spark.sql.catalyst.expressions.Expression
[info]   at java.base/java.lang.Class.cast(Class.java:4067)
[info]   at java.base/jdk.internal.reflect.DirectConstructorHandleAccessor.newInstance(DirectConstructorHandleAccessor.java:62)
[info]   at java.base/java.lang.reflect.Constructor.newInstanceWithCaller(Constructor.java:502)
[info]   at java.base/java.lang.reflect.Constructor.newInstance(Constructor.java:486)
[info]   at frameless.TypedExpressionEncoder$.$anonfun$apply$3(TypedExpressionEncoder.scala:55)
[info]   at scala.Option.map(Option.scala:242)
[info]   at frameless.TypedExpressionEncoder$.apply(TypedExpressionEncoder.scala:54)
[info]   at frameless.TypedDataset$.create(TypedDataset.scala:1325)
[info]   at frameless.functions.NonAggregateFunctionsTests.prop$10(NonAggregateFunctionsTests.scala:317)
[info]   at frameless.functions.NonAggregateFunctionsTests.$anonfun$new$187(NonAggregateFunctionsTests.scala:327)
[info]   at scala.Function1.$anonfun$andThen$1(Function1.scala:87)
[info]   at org.scalacheck.Prop$.$anonfun$forAllShrink$2(Prop.scala:868)
[info]   at org.scalacheck.Prop$.secure(Prop.scala:484)
[info]   at org.scalacheck.Prop$.result$1(Prop.scala:868)
[info]   at org.scalacheck.Prop$.$anonfun$forAllShrink$1(Prop.scala:915)
[info]   at org.scalacheck.Prop$.$anonfun$apply$1(Prop.scala:305)
[info]   at org.scalacheck.PropFromFun.apply(Prop.scala:20)
[info]   at org.scalacheck.Test$.workerFun$1(Test.scala:486)
[info]   at org.scalacheck.Test$.$anonfun$check$4(Test.scala:518)
[info]   at org.scalacheck.Test$.$anonfun$check$4$adapted(Test.scala:518)
[info]   at org.scalacheck.Platform$.runWorkers(Platform.scala:42)
[info]   at org.scalacheck.Test$.check(Test.scala:518)
[info]   at org.scalatestplus.scalacheck.UnitCheckerAsserting$CheckerAssertingImpl.check(CheckerAsserting.scala:90)
[info]   at org.scalatestplus.scalacheck.Checkers.check(Checkers.scala:371)
[info]   at org.scalatestplus.scalacheck.Checkers.check$(Checkers.scala:369)
[info]   at frameless.TypedDatasetSuite.check(TypedDatasetSuite.scala:63)
[info]   at frameless.functions.NonAggregateFunctionsTests.$anonfun$new$176(NonAggregateFunctionsTests.scala:327)
[info]   at org.scalatest.OutcomeOf.outcomeOf(OutcomeOf.scala:85)
[info]   at org.scalatest.OutcomeOf.outcomeOf$(OutcomeOf.scala:83)
[info]   at org.scalatest.OutcomeOf$.outcomeOf(OutcomeOf.scala:104)
[info]   at org.scalatest.Transformer.apply(Transformer.scala:22)
[info]   at org.scalatest.Transformer.apply(Transformer.scala:20)
[info]   at org.scalatest.funsuite.AnyFunSuiteLike$$anon$1.apply(AnyFunSuiteLike.scala:226)
[info]   at org.scalatest.TestSuite.withFixture(TestSuite.scala:196)
[info]   at org.scalatest.TestSuite.withFixture$(TestSuite.scala:195)
[info]   at org.scalatest.funsuite.AnyFunSuite.withFixture(AnyFunSuite.scala:1564)
[info]   at org.scalatest.funsuite.AnyFunSuiteLike.invokeWithFixture$1(AnyFunSuiteLike.scala:224)
[info]   at org.scalatest.funsuite.AnyFunSuiteLike.$anonfun$runTest$1(AnyFunSuiteLike.scala:236)
[info]   at org.scalatest.SuperEngine.runTestImpl(Engine.scala:306)
[info]   at org.scalatest.funsuite.AnyFunSuiteLike.runTest(AnyFunSuiteLike.scala:236)
[info]   at org.scalatest.funsuite.AnyFunSuiteLike.runTest$(AnyFunSuiteLike.scala:218)
[info]   at org.scalatest.funsuite.AnyFunSuite.runTest(AnyFunSuite.scala:1564)
[info]   at org.scalatest.funsuite.AnyFunSuiteLike.$anonfun$runTests$1(AnyFunSuiteLike.scala:269)
[info]   at org.scalatest.SuperEngine.$anonfun$runTestsInBranch$1(Engine.scala:413)
[info]   at scala.collection.immutable.List.foreach(List.scala:334)
[info]   at org.scalatest.SuperEngine.traverseSubNodes$1(Engine.scala:401)
[info]   at org.scalatest.SuperEngine.runTestsInBranch(Engine.scala:396)
[info]   at org.scalatest.SuperEngine.runTestsImpl(Engine.scala:475)
[info]   at org.scalatest.funsuite.AnyFunSuiteLike.runTests(AnyFunSuiteLike.scala:269)
[info]   at org.scalatest.funsuite.AnyFunSuiteLike.runTests$(AnyFunSuiteLike.scala:268)
[info]   at org.scalatest.funsuite.AnyFunSuite.runTests(AnyFunSuite.scala:1564)
[info]   at org.scalatest.Suite.run(Suite.scala:1114)
[info]   at org.scalatest.Suite.run$(Suite.scala:1096)
[info]   at org.scalatest.funsuite.AnyFunSuite.org$scalatest$funsuite$AnyFunSuiteLike$$super$run(AnyFunSuite.scala:1564)
[info]   at org.scalatest.funsuite.AnyFunSuiteLike.$anonfun$run$1(AnyFunSuiteLike.scala:273)
[info]   at org.scalatest.SuperEngine.runImpl(Engine.scala:535)
[info]   at org.scalatest.funsuite.AnyFunSuiteLike.run(AnyFunSuiteLike.scala:273)
[info]   at org.scalatest.funsuite.AnyFunSuiteLike.run$(AnyFunSuiteLike.scala:272)
[info]   at frameless.TypedDatasetSuite.org$scalatest$BeforeAndAfterAll$$super$run(TypedDatasetSuite.scala:63)
[info]   at org.scalatest.BeforeAndAfterAll.liftedTree1$1(BeforeAndAfterAll.scala:213)
[info]   at org.scalatest.BeforeAndAfterAll.run(BeforeAndAfterAll.scala:210)
[info]   at org.scalatest.BeforeAndAfterAll.run$(BeforeAndAfterAll.scala:208)
[info]   at frameless.TypedDatasetSuite.run(TypedDatasetSuite.scala:63)
[info]   at org.scalatest.tools.Framework.org$scalatest$tools$Framework$$runSuite(Framework.scala:321)
[info]   at org.scalatest.tools.Framework$ScalaTestTask.execute(Framework.scala:517)
[info]   at sbt.ForkMain$Run.lambda$runTest$1(ForkMain.java:414)
[info]   at java.base/java.util.concurrent.FutureTask.run(FutureTask.java:317)
[info]   at java.base/java.util.concurrent.ThreadPoolExecutor.runWorker(ThreadPoolExecutor.java:1144)
[info]   at java.base/java.util.concurrent.ThreadPoolExecutor$Worker.run(ThreadPoolExecutor.java:642)
[info]   at java.base/java.lang.Thread.run(Thread.java:1583)
[info] - crc32 *** FAILED *** (29 milliseconds)
[info]   IllegalArgumentException was thrown during property evaluation.
[info]     Message: argument type mismatch
[info]     Occurred when passed generated values (
[info]       arg0 = List()
[info]     )
[info]   org.scalatest.exceptions.GeneratorDrivenPropertyCheckFailedException:
[info]   at org.scalatestplus.scalacheck.CheckerAsserting$$anon$2.indicateFailure(CheckerAsserting.scala:251)
[info]   at org.scalatestplus.scalacheck.CheckerAsserting$$anon$2.indicateFailure(CheckerAsserting.scala:238)
[info]   at org.scalatestplus.scalacheck.UnitCheckerAsserting$CheckerAssertingImpl.check(CheckerAsserting.scala:160)
[info]   at org.scalatestplus.scalacheck.Checkers.check(Checkers.scala:371)
[info]   at org.scalatestplus.scalacheck.Checkers.check$(Checkers.scala:369)
[info]   at frameless.TypedDatasetSuite.check(TypedDatasetSuite.scala:63)
[info]   at frameless.functions.NonAggregateFunctionsTests.$anonfun$new$190(NonAggregateFunctionsTests.scala:352)
[info]   at org.scalatest.OutcomeOf.outcomeOf(OutcomeOf.scala:85)
[info]   at org.scalatest.OutcomeOf.outcomeOf$(OutcomeOf.scala:83)
[info]   at org.scalatest.OutcomeOf$.outcomeOf(OutcomeOf.scala:104)
[info]   at org.scalatest.Transformer.apply(Transformer.scala:22)
[info]   at org.scalatest.Transformer.apply(Transformer.scala:20)
[info]   at org.scalatest.funsuite.AnyFunSuiteLike$$anon$1.apply(AnyFunSuiteLike.scala:226)
[info]   at org.scalatest.TestSuite.withFixture(TestSuite.scala:196)
[info]   at org.scalatest.TestSuite.withFixture$(TestSuite.scala:195)
[info]   at org.scalatest.funsuite.AnyFunSuite.withFixture(AnyFunSuite.scala:1564)
[info]   at org.scalatest.funsuite.AnyFunSuiteLike.invokeWithFixture$1(AnyFunSuiteLike.scala:224)
[info]   at org.scalatest.funsuite.AnyFunSuiteLike.$anonfun$runTest$1(AnyFunSuiteLike.scala:236)
[info]   at org.scalatest.SuperEngine.runTestImpl(Engine.scala:306)
[info]   at org.scalatest.funsuite.AnyFunSuiteLike.runTest(AnyFunSuiteLike.scala:236)
[info]   at org.scalatest.funsuite.AnyFunSuiteLike.runTest$(AnyFunSuiteLike.scala:218)
[info]   at org.scalatest.funsuite.AnyFunSuite.runTest(AnyFunSuite.scala:1564)
[info]   at org.scalatest.funsuite.AnyFunSuiteLike.$anonfun$runTests$1(AnyFunSuiteLike.scala:269)
[info]   at org.scalatest.SuperEngine.$anonfun$runTestsInBranch$1(Engine.scala:413)
[info]   at scala.collection.immutable.List.foreach(List.scala:334)
[info]   at org.scalatest.SuperEngine.traverseSubNodes$1(Engine.scala:401)
[info]   at org.scalatest.SuperEngine.runTestsInBranch(Engine.scala:396)
[info]   at org.scalatest.SuperEngine.runTestsImpl(Engine.scala:475)
[info]   at org.scalatest.funsuite.AnyFunSuiteLike.runTests(AnyFunSuiteLike.scala:269)
[info]   at org.scalatest.funsuite.AnyFunSuiteLike.runTests$(AnyFunSuiteLike.scala:268)
[info]   at org.scalatest.funsuite.AnyFunSuite.runTests(AnyFunSuite.scala:1564)
[info]   at org.scalatest.Suite.run(Suite.scala:1114)
[info]   at org.scalatest.Suite.run$(Suite.scala:1096)
[info]   at org.scalatest.funsuite.AnyFunSuite.org$scalatest$funsuite$AnyFunSuiteLike$$super$run(AnyFunSuite.scala:1564)
[info]   at org.scalatest.funsuite.AnyFunSuiteLike.$anonfun$run$1(AnyFunSuiteLike.scala:273)
[info]   at org.scalatest.SuperEngine.runImpl(Engine.scala:535)
[info]   at org.scalatest.funsuite.AnyFunSuiteLike.run(AnyFunSuiteLike.scala:273)
[info]   at org.scalatest.funsuite.AnyFunSuiteLike.run$(AnyFunSuiteLike.scala:272)
[info]   at frameless.TypedDatasetSuite.org$scalatest$BeforeAndAfterAll$$super$run(TypedDatasetSuite.scala:63)
[info]   at org.scalatest.BeforeAndAfterAll.liftedTree1$1(BeforeAndAfterAll.scala:213)
[info]   at org.scalatest.BeforeAndAfterAll.run(BeforeAndAfterAll.scala:210)
[info]   at org.scalatest.BeforeAndAfterAll.run$(BeforeAndAfterAll.scala:208)
[info]   at frameless.TypedDatasetSuite.run(TypedDatasetSuite.scala:63)
[info]   at org.scalatest.tools.Framework.org$scalatest$tools$Framework$$runSuite(Framework.scala:321)
[info]   at org.scalatest.tools.Framework$ScalaTestTask.execute(Framework.scala:517)
[info]   at sbt.ForkMain$Run.lambda$runTest$1(ForkMain.java:414)
[info]   at java.base/java.util.concurrent.FutureTask.run(FutureTask.java:317)
[info]   at java.base/java.util.concurrent.ThreadPoolExecutor.runWorker(ThreadPoolExecutor.java:1144)
[info]   at java.base/java.util.concurrent.ThreadPoolExecutor$Worker.run(ThreadPoolExecutor.java:642)
[info]   at java.base/java.lang.Thread.run(Thread.java:1583)
[info]   Cause: java.lang.IllegalArgumentException: argument type mismatch
[info]   at java.base/jdk.internal.reflect.DirectConstructorHandleAccessor.newInstance(DirectConstructorHandleAccessor.java:65)
[info]   at java.base/java.lang.reflect.Constructor.newInstanceWithCaller(Constructor.java:502)
[info]   at java.base/java.lang.reflect.Constructor.newInstance(Constructor.java:486)
[info]   at frameless.TypedExpressionEncoder$.$anonfun$apply$3(TypedExpressionEncoder.scala:55)
[info]   at scala.Option.map(Option.scala:242)
[info]   at frameless.TypedExpressionEncoder$.apply(TypedExpressionEncoder.scala:54)
[info]   at frameless.TypedDataset$.create(TypedDataset.scala:1325)
[info]   at frameless.functions.NonAggregateFunctionsTests.prop$11(NonAggregateFunctionsTests.scala:342)
[info]   at frameless.functions.NonAggregateFunctionsTests.$anonfun$new$201(NonAggregateFunctionsTests.scala:352)
[info]   at scala.Function1.$anonfun$andThen$1(Function1.scala:87)
[info]   at org.scalacheck.Prop$.$anonfun$forAllShrink$2(Prop.scala:868)
[info]   at org.scalacheck.Prop$.secure(Prop.scala:484)
[info]   at org.scalacheck.Prop$.result$1(Prop.scala:868)
[info]   at org.scalacheck.Prop$.$anonfun$forAllShrink$1(Prop.scala:915)
[info]   at org.scalacheck.Prop$.$anonfun$apply$1(Prop.scala:305)
[info]   at org.scalacheck.PropFromFun.apply(Prop.scala:20)
[info]   at org.scalacheck.Test$.workerFun$1(Test.scala:486)
[info]   at org.scalacheck.Test$.$anonfun$check$4(Test.scala:518)
[info]   at org.scalacheck.Test$.$anonfun$check$4$adapted(Test.scala:518)
[info]   at org.scalacheck.Platform$.runWorkers(Platform.scala:42)
[info]   at org.scalacheck.Test$.check(Test.scala:518)
[info]   at org.scalatestplus.scalacheck.UnitCheckerAsserting$CheckerAssertingImpl.check(CheckerAsserting.scala:90)
[info]   at org.scalatestplus.scalacheck.Checkers.check(Checkers.scala:371)
[info]   at org.scalatestplus.scalacheck.Checkers.check$(Checkers.scala:369)
[info]   at frameless.TypedDatasetSuite.check(TypedDatasetSuite.scala:63)
[info]   at frameless.functions.NonAggregateFunctionsTests.$anonfun$new$190(NonAggregateFunctionsTests.scala:352)
[info]   at org.scalatest.OutcomeOf.outcomeOf(OutcomeOf.scala:85)
[info]   at org.scalatest.OutcomeOf.outcomeOf$(OutcomeOf.scala:83)
[info]   at org.scalatest.OutcomeOf$.outcomeOf(OutcomeOf.scala:104)
[info]   at org.scalatest.Transformer.apply(Transformer.scala:22)
[info]   at org.scalatest.Transformer.apply(Transformer.scala:20)
[info]   at org.scalatest.funsuite.AnyFunSuiteLike$$anon$1.apply(AnyFunSuiteLike.scala:226)
[info]   at org.scalatest.TestSuite.withFixture(TestSuite.scala:196)
[info]   at org.scalatest.TestSuite.withFixture$(TestSuite.scala:195)
[info]   at org.scalatest.funsuite.AnyFunSuite.withFixture(AnyFunSuite.scala:1564)
[info]   at org.scalatest.funsuite.AnyFunSuiteLike.invokeWithFixture$1(AnyFunSuiteLike.scala:224)
[info]   at org.scalatest.funsuite.AnyFunSuiteLike.$anonfun$runTest$1(AnyFunSuiteLike.scala:236)
[info]   at org.scalatest.SuperEngine.runTestImpl(Engine.scala:306)
[info]   at org.scalatest.funsuite.AnyFunSuiteLike.runTest(AnyFunSuiteLike.scala:236)
[info]   at org.scalatest.funsuite.AnyFunSuiteLike.runTest$(AnyFunSuiteLike.scala:218)
[info]   at org.scalatest.funsuite.AnyFunSuite.runTest(AnyFunSuite.scala:1564)
[info]   at org.scalatest.funsuite.AnyFunSuiteLike.$anonfun$runTests$1(AnyFunSuiteLike.scala:269)
[info]   at org.scalatest.SuperEngine.$anonfun$runTestsInBranch$1(Engine.scala:413)
[info]   at scala.collection.immutable.List.foreach(List.scala:334)
[info]   at org.scalatest.SuperEngine.traverseSubNodes$1(Engine.scala:401)
[info]   at org.scalatest.SuperEngine.runTestsInBranch(Engine.scala:396)
[info]   at org.scalatest.SuperEngine.runTestsImpl(Engine.scala:475)
[info]   at org.scalatest.funsuite.AnyFunSuiteLike.runTests(AnyFunSuiteLike.scala:269)
[info]   at org.scalatest.funsuite.AnyFunSuiteLike.runTests$(AnyFunSuiteLike.scala:268)
[info]   at org.scalatest.funsuite.AnyFunSuite.runTests(AnyFunSuite.scala:1564)
[info]   at org.scalatest.Suite.run(Suite.scala:1114)
[info]   at org.scalatest.Suite.run$(Suite.scala:1096)
[info]   at org.scalatest.funsuite.AnyFunSuite.org$scalatest$funsuite$AnyFunSuiteLike$$super$run(AnyFunSuite.scala:1564)
[info]   at org.scalatest.funsuite.AnyFunSuiteLike.$anonfun$run$1(AnyFunSuiteLike.scala:273)
[info]   at org.scalatest.SuperEngine.runImpl(Engine.scala:535)
[info]   at org.scalatest.funsuite.AnyFunSuiteLike.run(AnyFunSuiteLike.scala:273)
[info]   at org.scalatest.funsuite.AnyFunSuiteLike.run$(AnyFunSuiteLike.scala:272)
[info]   at frameless.TypedDatasetSuite.org$scalatest$BeforeAndAfterAll$$super$run(TypedDatasetSuite.scala:63)
[info]   at org.scalatest.BeforeAndAfterAll.liftedTree1$1(BeforeAndAfterAll.scala:213)
[info]   at org.scalatest.BeforeAndAfterAll.run(BeforeAndAfterAll.scala:210)
[info]   at org.scalatest.BeforeAndAfterAll.run$(BeforeAndAfterAll.scala:208)
[info]   at frameless.TypedDatasetSuite.run(TypedDatasetSuite.scala:63)
[info]   at org.scalatest.tools.Framework.org$scalatest$tools$Framework$$runSuite(Framework.scala:321)
[info]   at org.scalatest.tools.Framework$ScalaTestTask.execute(Framework.scala:517)
[info]   at sbt.ForkMain$Run.lambda$runTest$1(ForkMain.java:414)
[info]   at java.base/java.util.concurrent.FutureTask.run(FutureTask.java:317)
[info]   at java.base/java.util.concurrent.ThreadPoolExecutor.runWorker(ThreadPoolExecutor.java:1144)
[info]   at java.base/java.util.concurrent.ThreadPoolExecutor$Worker.run(ThreadPoolExecutor.java:642)
[info]   at java.base/java.lang.Thread.run(Thread.java:1583)
[info]   Cause: java.lang.ClassCastException: Cannot cast scala.reflect.ClassTag$GenericClassTag to org.apache.spark.sql.catalyst.expressions.Expression
[info]   at java.base/java.lang.Class.cast(Class.java:4067)
[info]   at java.base/jdk.internal.reflect.DirectConstructorHandleAccessor.newInstance(DirectConstructorHandleAccessor.java:62)
[info]   at java.base/java.lang.reflect.Constructor.newInstanceWithCaller(Constructor.java:502)
[info]   at java.base/java.lang.reflect.Constructor.newInstance(Constructor.java:486)
[info]   at frameless.TypedExpressionEncoder$.$anonfun$apply$3(TypedExpressionEncoder.scala:55)
[info]   at scala.Option.map(Option.scala:242)
[info]   at frameless.TypedExpressionEncoder$.apply(TypedExpressionEncoder.scala:54)
[info]   at frameless.TypedDataset$.create(TypedDataset.scala:1325)
[info]   at frameless.functions.NonAggregateFunctionsTests.prop$11(NonAggregateFunctionsTests.scala:342)
[info]   at frameless.functions.NonAggregateFunctionsTests.$anonfun$new$201(NonAggregateFunctionsTests.scala:352)
[info]   at scala.Function1.$anonfun$andThen$1(Function1.scala:87)
[info]   at org.scalacheck.Prop$.$anonfun$forAllShrink$2(Prop.scala:868)
[info]   at org.scalacheck.Prop$.secure(Prop.scala:484)
[info]   at org.scalacheck.Prop$.result$1(Prop.scala:868)
[info]   at org.scalacheck.Prop$.$anonfun$forAllShrink$1(Prop.scala:915)
[info]   at org.scalacheck.Prop$.$anonfun$apply$1(Prop.scala:305)
[info]   at org.scalacheck.PropFromFun.apply(Prop.scala:20)
[info]   at org.scalacheck.Test$.workerFun$1(Test.scala:486)
[info]   at org.scalacheck.Test$.$anonfun$check$4(Test.scala:518)
[info]   at org.scalacheck.Test$.$anonfun$check$4$adapted(Test.scala:518)
[info]   at org.scalacheck.Platform$.runWorkers(Platform.scala:42)
[info]   at org.scalacheck.Test$.check(Test.scala:518)
[info]   at org.scalatestplus.scalacheck.UnitCheckerAsserting$CheckerAssertingImpl.check(CheckerAsserting.scala:90)
[info]   at org.scalatestplus.scalacheck.Checkers.check(Checkers.scala:371)
[info]   at org.scalatestplus.scalacheck.Checkers.check$(Checkers.scala:369)
[info]   at frameless.TypedDatasetSuite.check(TypedDatasetSuite.scala:63)
[info]   at frameless.functions.NonAggregateFunctionsTests.$anonfun$new$190(NonAggregateFunctionsTests.scala:352)
[info]   at org.scalatest.OutcomeOf.outcomeOf(OutcomeOf.scala:85)
[info]   at org.scalatest.OutcomeOf.outcomeOf$(OutcomeOf.scala:83)
[info]   at org.scalatest.OutcomeOf$.outcomeOf(OutcomeOf.scala:104)
[info]   at org.scalatest.Transformer.apply(Transformer.scala:22)
[info]   at org.scalatest.Transformer.apply(Transformer.scala:20)
[info]   at org.scalatest.funsuite.AnyFunSuiteLike$$anon$1.apply(AnyFunSuiteLike.scala:226)
[info]   at org.scalatest.TestSuite.withFixture(TestSuite.scala:196)
[info]   at org.scalatest.TestSuite.withFixture$(TestSuite.scala:195)
[info]   at org.scalatest.funsuite.AnyFunSuite.withFixture(AnyFunSuite.scala:1564)
[info]   at org.scalatest.funsuite.AnyFunSuiteLike.invokeWithFixture$1(AnyFunSuiteLike.scala:224)
[info]   at org.scalatest.funsuite.AnyFunSuiteLike.$anonfun$runTest$1(AnyFunSuiteLike.scala:236)
[info]   at org.scalatest.SuperEngine.runTestImpl(Engine.scala:306)
[info]   at org.scalatest.funsuite.AnyFunSuiteLike.runTest(AnyFunSuiteLike.scala:236)
[info]   at org.scalatest.funsuite.AnyFunSuiteLike.runTest$(AnyFunSuiteLike.scala:218)
[info]   at org.scalatest.funsuite.AnyFunSuite.runTest(AnyFunSuite.scala:1564)
[info]   at org.scalatest.funsuite.AnyFunSuiteLike.$anonfun$runTests$1(AnyFunSuiteLike.scala:269)
[info]   at org.scalatest.SuperEngine.$anonfun$runTestsInBranch$1(Engine.scala:413)
[info]   at scala.collection.immutable.List.foreach(List.scala:334)
[info]   at org.scalatest.SuperEngine.traverseSubNodes$1(Engine.scala:401)
[info]   at org.scalatest.SuperEngine.runTestsInBranch(Engine.scala:396)
[info]   at org.scalatest.SuperEngine.runTestsImpl(Engine.scala:475)
[info]   at org.scalatest.funsuite.AnyFunSuiteLike.runTests(AnyFunSuiteLike.scala:269)
[info]   at org.scalatest.funsuite.AnyFunSuiteLike.runTests$(AnyFunSuiteLike.scala:268)
[info]   at org.scalatest.funsuite.AnyFunSuite.runTests(AnyFunSuite.scala:1564)
[info]   at org.scalatest.Suite.run(Suite.scala:1114)
[info]   at org.scalatest.Suite.run$(Suite.scala:1096)
[info]   at org.scalatest.funsuite.AnyFunSuite.org$scalatest$funsuite$AnyFunSuiteLike$$super$run(AnyFunSuite.scala:1564)
[info]   at org.scalatest.funsuite.AnyFunSuiteLike.$anonfun$run$1(AnyFunSuiteLike.scala:273)
[info]   at org.scalatest.SuperEngine.runImpl(Engine.scala:535)
[info]   at org.scalatest.funsuite.AnyFunSuiteLike.run(AnyFunSuiteLike.scala:273)
[info]   at org.scalatest.funsuite.AnyFunSuiteLike.run$(AnyFunSuiteLike.scala:272)
[info]   at frameless.TypedDatasetSuite.org$scalatest$BeforeAndAfterAll$$super$run(TypedDatasetSuite.scala:63)
[info]   at org.scalatest.BeforeAndAfterAll.liftedTree1$1(BeforeAndAfterAll.scala:213)
[info]   at org.scalatest.BeforeAndAfterAll.run(BeforeAndAfterAll.scala:210)
[info]   at org.scalatest.BeforeAndAfterAll.run$(BeforeAndAfterAll.scala:208)
[info]   at frameless.TypedDatasetSuite.run(TypedDatasetSuite.scala:63)
[info]   at org.scalatest.tools.Framework.org$scalatest$tools$Framework$$runSuite(Framework.scala:321)
[info]   at org.scalatest.tools.Framework$ScalaTestTask.execute(Framework.scala:517)
[info]   at sbt.ForkMain$Run.lambda$runTest$1(ForkMain.java:414)
[info]   at java.base/java.util.concurrent.FutureTask.run(FutureTask.java:317)
[info]   at java.base/java.util.concurrent.ThreadPoolExecutor.runWorker(ThreadPoolExecutor.java:1144)
[info]   at java.base/java.util.concurrent.ThreadPoolExecutor$Worker.run(ThreadPoolExecutor.java:642)
[info]   at java.base/java.lang.Thread.run(Thread.java:1583)
[info] - floor *** FAILED *** (38 milliseconds)
[info]   IllegalArgumentException was thrown during property evaluation.
[info]     Message: argument type mismatch
[info]     Occurred when passed generated values (
[info]       arg0 = List()
[info]     )
[info]   org.scalatest.exceptions.GeneratorDrivenPropertyCheckFailedException:
[info]   at org.scalatestplus.scalacheck.CheckerAsserting$$anon$2.indicateFailure(CheckerAsserting.scala:251)
[info]   at org.scalatestplus.scalacheck.CheckerAsserting$$anon$2.indicateFailure(CheckerAsserting.scala:238)
[info]   at org.scalatestplus.scalacheck.UnitCheckerAsserting$CheckerAssertingImpl.check(CheckerAsserting.scala:160)
[info]   at org.scalatestplus.scalacheck.Checkers.check(Checkers.scala:371)
[info]   at org.scalatestplus.scalacheck.Checkers.check$(Checkers.scala:369)
[info]   at frameless.TypedDatasetSuite.check(TypedDatasetSuite.scala:63)
[info]   at frameless.functions.NonAggregateFunctionsTests.$anonfun$new$204(NonAggregateFunctionsTests.scala:383)
[info]   at org.scalatest.OutcomeOf.outcomeOf(OutcomeOf.scala:85)
[info]   at org.scalatest.OutcomeOf.outcomeOf$(OutcomeOf.scala:83)
[info]   at org.scalatest.OutcomeOf$.outcomeOf(OutcomeOf.scala:104)
[info]   at org.scalatest.Transformer.apply(Transformer.scala:22)
[info]   at org.scalatest.Transformer.apply(Transformer.scala:20)
[info]   at org.scalatest.funsuite.AnyFunSuiteLike$$anon$1.apply(AnyFunSuiteLike.scala:226)
[info]   at org.scalatest.TestSuite.withFixture(TestSuite.scala:196)
[info]   at org.scalatest.TestSuite.withFixture$(TestSuite.scala:195)
[info]   at org.scalatest.funsuite.AnyFunSuite.withFixture(AnyFunSuite.scala:1564)
[info]   at org.scalatest.funsuite.AnyFunSuiteLike.invokeWithFixture$1(AnyFunSuiteLike.scala:224)
[info]   at org.scalatest.funsuite.AnyFunSuiteLike.$anonfun$runTest$1(AnyFunSuiteLike.scala:236)
[info]   at org.scalatest.SuperEngine.runTestImpl(Engine.scala:306)
[info]   at org.scalatest.funsuite.AnyFunSuiteLike.runTest(AnyFunSuiteLike.scala:236)
[info]   at org.scalatest.funsuite.AnyFunSuiteLike.runTest$(AnyFunSuiteLike.scala:218)
[info]   at org.scalatest.funsuite.AnyFunSuite.runTest(AnyFunSuite.scala:1564)
[info]   at org.scalatest.funsuite.AnyFunSuiteLike.$anonfun$runTests$1(AnyFunSuiteLike.scala:269)
[info]   at org.scalatest.SuperEngine.$anonfun$runTestsInBranch$1(Engine.scala:413)
[info]   at scala.collection.immutable.List.foreach(List.scala:334)
[info]   at org.scalatest.SuperEngine.traverseSubNodes$1(Engine.scala:401)
[info]   at org.scalatest.SuperEngine.runTestsInBranch(Engine.scala:396)
[info]   at org.scalatest.SuperEngine.runTestsImpl(Engine.scala:475)
[info]   at org.scalatest.funsuite.AnyFunSuiteLike.runTests(AnyFunSuiteLike.scala:269)
[info]   at org.scalatest.funsuite.AnyFunSuiteLike.runTests$(AnyFunSuiteLike.scala:268)
[info]   at org.scalatest.funsuite.AnyFunSuite.runTests(AnyFunSuite.scala:1564)
[info]   at org.scalatest.Suite.run(Suite.scala:1114)
[info]   at org.scalatest.Suite.run$(Suite.scala:1096)
[info]   at org.scalatest.funsuite.AnyFunSuite.org$scalatest$funsuite$AnyFunSuiteLike$$super$run(AnyFunSuite.scala:1564)
[info]   at org.scalatest.funsuite.AnyFunSuiteLike.$anonfun$run$1(AnyFunSuiteLike.scala:273)
[info]   at org.scalatest.SuperEngine.runImpl(Engine.scala:535)
[info]   at org.scalatest.funsuite.AnyFunSuiteLike.run(AnyFunSuiteLike.scala:273)
[info]   at org.scalatest.funsuite.AnyFunSuiteLike.run$(AnyFunSuiteLike.scala:272)
[info]   at frameless.TypedDatasetSuite.org$scalatest$BeforeAndAfterAll$$super$run(TypedDatasetSuite.scala:63)
[info]   at org.scalatest.BeforeAndAfterAll.liftedTree1$1(BeforeAndAfterAll.scala:213)
[info]   at org.scalatest.BeforeAndAfterAll.run(BeforeAndAfterAll.scala:210)
[info]   at org.scalatest.BeforeAndAfterAll.run$(BeforeAndAfterAll.scala:208)
[info]   at frameless.TypedDatasetSuite.run(TypedDatasetSuite.scala:63)
[info]   at org.scalatest.tools.Framework.org$scalatest$tools$Framework$$runSuite(Framework.scala:321)
[info]   at org.scalatest.tools.Framework$ScalaTestTask.execute(Framework.scala:517)
[info]   at sbt.ForkMain$Run.lambda$runTest$1(ForkMain.java:414)
[info]   at java.base/java.util.concurrent.FutureTask.run(FutureTask.java:317)
[info]   at java.base/java.util.concurrent.ThreadPoolExecutor.runWorker(ThreadPoolExecutor.java:1144)
[info]   at java.base/java.util.concurrent.ThreadPoolExecutor$Worker.run(ThreadPoolExecutor.java:642)
[info]   at java.base/java.lang.Thread.run(Thread.java:1583)
[info]   Cause: java.lang.IllegalArgumentException: argument type mismatch
[info]   at java.base/jdk.internal.reflect.DirectConstructorHandleAccessor.newInstance(DirectConstructorHandleAccessor.java:65)
[info]   at java.base/java.lang.reflect.Constructor.newInstanceWithCaller(Constructor.java:502)
[info]   at java.base/java.lang.reflect.Constructor.newInstance(Constructor.java:486)
[info]   at frameless.TypedExpressionEncoder$.$anonfun$apply$3(TypedExpressionEncoder.scala:55)
[info]   at scala.Option.map(Option.scala:242)
[info]   at frameless.TypedExpressionEncoder$.apply(TypedExpressionEncoder.scala:54)
[info]   at frameless.TypedDataset$.create(TypedDataset.scala:1325)
[info]   at frameless.functions.NonAggregateFunctionsTests.prop$12(NonAggregateFunctionsTests.scala:374)
[info]   at frameless.functions.NonAggregateFunctionsTests.$anonfun$new$215(NonAggregateFunctionsTests.scala:383)
[info]   at scala.Function1.$anonfun$andThen$1(Function1.scala:87)
[info]   at org.scalacheck.Prop$.$anonfun$forAllShrink$2(Prop.scala:868)
[info]   at org.scalacheck.Prop$.secure(Prop.scala:484)
[info]   at org.scalacheck.Prop$.result$1(Prop.scala:868)
[info]   at org.scalacheck.Prop$.$anonfun$forAllShrink$1(Prop.scala:915)
[info]   at org.scalacheck.Prop$.$anonfun$apply$1(Prop.scala:305)
[info]   at org.scalacheck.PropFromFun.apply(Prop.scala:20)
[info]   at org.scalacheck.Test$.workerFun$1(Test.scala:486)
[info]   at org.scalacheck.Test$.$anonfun$check$4(Test.scala:518)
[info]   at org.scalacheck.Test$.$anonfun$check$4$adapted(Test.scala:518)
[info]   at org.scalacheck.Platform$.runWorkers(Platform.scala:42)
[info]   at org.scalacheck.Test$.check(Test.scala:518)
[info]   at org.scalatestplus.scalacheck.UnitCheckerAsserting$CheckerAssertingImpl.check(CheckerAsserting.scala:90)
[info]   at org.scalatestplus.scalacheck.Checkers.check(Checkers.scala:371)
[info]   at org.scalatestplus.scalacheck.Checkers.check$(Checkers.scala:369)
[info]   at frameless.TypedDatasetSuite.check(TypedDatasetSuite.scala:63)
[info]   at frameless.functions.NonAggregateFunctionsTests.$anonfun$new$204(NonAggregateFunctionsTests.scala:383)
[info]   at org.scalatest.OutcomeOf.outcomeOf(OutcomeOf.scala:85)
[info]   at org.scalatest.OutcomeOf.outcomeOf$(OutcomeOf.scala:83)
[info]   at org.scalatest.OutcomeOf$.outcomeOf(OutcomeOf.scala:104)
[info]   at org.scalatest.Transformer.apply(Transformer.scala:22)
[info]   at org.scalatest.Transformer.apply(Transformer.scala:20)
[info]   at org.scalatest.funsuite.AnyFunSuiteLike$$anon$1.apply(AnyFunSuiteLike.scala:226)
[info]   at org.scalatest.TestSuite.withFixture(TestSuite.scala:196)
[info]   at org.scalatest.TestSuite.withFixture$(TestSuite.scala:195)
[info]   at org.scalatest.funsuite.AnyFunSuite.withFixture(AnyFunSuite.scala:1564)
[info]   at org.scalatest.funsuite.AnyFunSuiteLike.invokeWithFixture$1(AnyFunSuiteLike.scala:224)
[info]   at org.scalatest.funsuite.AnyFunSuiteLike.$anonfun$runTest$1(AnyFunSuiteLike.scala:236)
[info]   at org.scalatest.SuperEngine.runTestImpl(Engine.scala:306)
[info]   at org.scalatest.funsuite.AnyFunSuiteLike.runTest(AnyFunSuiteLike.scala:236)
[info]   at org.scalatest.funsuite.AnyFunSuiteLike.runTest$(AnyFunSuiteLike.scala:218)
[info]   at org.scalatest.funsuite.AnyFunSuite.runTest(AnyFunSuite.scala:1564)
[info]   at org.scalatest.funsuite.AnyFunSuiteLike.$anonfun$runTests$1(AnyFunSuiteLike.scala:269)
[info]   at org.scalatest.SuperEngine.$anonfun$runTestsInBranch$1(Engine.scala:413)
[info]   at scala.collection.immutable.List.foreach(List.scala:334)
[info]   at org.scalatest.SuperEngine.traverseSubNodes$1(Engine.scala:401)
[info]   at org.scalatest.SuperEngine.runTestsInBranch(Engine.scala:396)
[info]   at org.scalatest.SuperEngine.runTestsImpl(Engine.scala:475)
[info]   at org.scalatest.funsuite.AnyFunSuiteLike.runTests(AnyFunSuiteLike.scala:269)
[info]   at org.scalatest.funsuite.AnyFunSuiteLike.runTests$(AnyFunSuiteLike.scala:268)
[info]   at org.scalatest.funsuite.AnyFunSuite.runTests(AnyFunSuite.scala:1564)
[info]   at org.scalatest.Suite.run(Suite.scala:1114)
[info]   at org.scalatest.Suite.run$(Suite.scala:1096)
[info]   at org.scalatest.funsuite.AnyFunSuite.org$scalatest$funsuite$AnyFunSuiteLike$$super$run(AnyFunSuite.scala:1564)
[info]   at org.scalatest.funsuite.AnyFunSuiteLike.$anonfun$run$1(AnyFunSuiteLike.scala:273)
[info]   at org.scalatest.SuperEngine.runImpl(Engine.scala:535)
[info]   at org.scalatest.funsuite.AnyFunSuiteLike.run(AnyFunSuiteLike.scala:273)
[info]   at org.scalatest.funsuite.AnyFunSuiteLike.run$(AnyFunSuiteLike.scala:272)
[info]   at frameless.TypedDatasetSuite.org$scalatest$BeforeAndAfterAll$$super$run(TypedDatasetSuite.scala:63)
[info]   at org.scalatest.BeforeAndAfterAll.liftedTree1$1(BeforeAndAfterAll.scala:213)
[info]   at org.scalatest.BeforeAndAfterAll.run(BeforeAndAfterAll.scala:210)
[info]   at org.scalatest.BeforeAndAfterAll.run$(BeforeAndAfterAll.scala:208)
[info]   at frameless.TypedDatasetSuite.run(TypedDatasetSuite.scala:63)
[info]   at org.scalatest.tools.Framework.org$scalatest$tools$Framework$$runSuite(Framework.scala:321)
[info]   at org.scalatest.tools.Framework$ScalaTestTask.execute(Framework.scala:517)
[info]   at sbt.ForkMain$Run.lambda$runTest$1(ForkMain.java:414)
[info]   at java.base/java.util.concurrent.FutureTask.run(FutureTask.java:317)
[info]   at java.base/java.util.concurrent.ThreadPoolExecutor.runWorker(ThreadPoolExecutor.java:1144)
[info]   at java.base/java.util.concurrent.ThreadPoolExecutor$Worker.run(ThreadPoolExecutor.java:642)
[info]   at java.base/java.lang.Thread.run(Thread.java:1583)
[info]   Cause: java.lang.ClassCastException: Cannot cast scala.reflect.ClassTag$GenericClassTag to org.apache.spark.sql.catalyst.expressions.Expression
[info]   at java.base/java.lang.Class.cast(Class.java:4067)
[info]   at java.base/jdk.internal.reflect.DirectConstructorHandleAccessor.newInstance(DirectConstructorHandleAccessor.java:62)
[info]   at java.base/java.lang.reflect.Constructor.newInstanceWithCaller(Constructor.java:502)
[info]   at java.base/java.lang.reflect.Constructor.newInstance(Constructor.java:486)
[info]   at frameless.TypedExpressionEncoder$.$anonfun$apply$3(TypedExpressionEncoder.scala:55)
[info]   at scala.Option.map(Option.scala:242)
[info]   at frameless.TypedExpressionEncoder$.apply(TypedExpressionEncoder.scala:54)
[info]   at frameless.TypedDataset$.create(TypedDataset.scala:1325)
[info]   at frameless.functions.NonAggregateFunctionsTests.prop$12(NonAggregateFunctionsTests.scala:374)
[info]   at frameless.functions.NonAggregateFunctionsTests.$anonfun$new$215(NonAggregateFunctionsTests.scala:383)
[info]   at scala.Function1.$anonfun$andThen$1(Function1.scala:87)
[info]   at org.scalacheck.Prop$.$anonfun$forAllShrink$2(Prop.scala:868)
[info]   at org.scalacheck.Prop$.secure(Prop.scala:484)
[info]   at org.scalacheck.Prop$.result$1(Prop.scala:868)
[info]   at org.scalacheck.Prop$.$anonfun$forAllShrink$1(Prop.scala:915)
[info]   at org.scalacheck.Prop$.$anonfun$apply$1(Prop.scala:305)
[info]   at org.scalacheck.PropFromFun.apply(Prop.scala:20)
[info]   at org.scalacheck.Test$.workerFun$1(Test.scala:486)
[info]   at org.scalacheck.Test$.$anonfun$check$4(Test.scala:518)
[info]   at org.scalacheck.Test$.$anonfun$check$4$adapted(Test.scala:518)
[info]   at org.scalacheck.Platform$.runWorkers(Platform.scala:42)
[info]   at org.scalacheck.Test$.check(Test.scala:518)
[info]   at org.scalatestplus.scalacheck.UnitCheckerAsserting$CheckerAssertingImpl.check(CheckerAsserting.scala:90)
[info]   at org.scalatestplus.scalacheck.Checkers.check(Checkers.scala:371)
[info]   at org.scalatestplus.scalacheck.Checkers.check$(Checkers.scala:369)
[info]   at frameless.TypedDatasetSuite.check(TypedDatasetSuite.scala:63)
[info]   at frameless.functions.NonAggregateFunctionsTests.$anonfun$new$204(NonAggregateFunctionsTests.scala:383)
[info]   at org.scalatest.OutcomeOf.outcomeOf(OutcomeOf.scala:85)
[info]   at org.scalatest.OutcomeOf.outcomeOf$(OutcomeOf.scala:83)
[info]   at org.scalatest.OutcomeOf$.outcomeOf(OutcomeOf.scala:104)
[info]   at org.scalatest.Transformer.apply(Transformer.scala:22)
[info]   at org.scalatest.Transformer.apply(Transformer.scala:20)
[info]   at org.scalatest.funsuite.AnyFunSuiteLike$$anon$1.apply(AnyFunSuiteLike.scala:226)
[info]   at org.scalatest.TestSuite.withFixture(TestSuite.scala:196)
[info]   at org.scalatest.TestSuite.withFixture$(TestSuite.scala:195)
[info]   at org.scalatest.funsuite.AnyFunSuite.withFixture(AnyFunSuite.scala:1564)
[info]   at org.scalatest.funsuite.AnyFunSuiteLike.invokeWithFixture$1(AnyFunSuiteLike.scala:224)
[info]   at org.scalatest.funsuite.AnyFunSuiteLike.$anonfun$runTest$1(AnyFunSuiteLike.scala:236)
[info]   at org.scalatest.SuperEngine.runTestImpl(Engine.scala:306)
[info]   at org.scalatest.funsuite.AnyFunSuiteLike.runTest(AnyFunSuiteLike.scala:236)
[info]   at org.scalatest.funsuite.AnyFunSuiteLike.runTest$(AnyFunSuiteLike.scala:218)
[info]   at org.scalatest.funsuite.AnyFunSuite.runTest(AnyFunSuite.scala:1564)
[info]   at org.scalatest.funsuite.AnyFunSuiteLike.$anonfun$runTests$1(AnyFunSuiteLike.scala:269)
[info]   at org.scalatest.SuperEngine.$anonfun$runTestsInBranch$1(Engine.scala:413)
[info]   at scala.collection.immutable.List.foreach(List.scala:334)
[info]   at org.scalatest.SuperEngine.traverseSubNodes$1(Engine.scala:401)
[info]   at org.scalatest.SuperEngine.runTestsInBranch(Engine.scala:396)
[info]   at org.scalatest.SuperEngine.runTestsImpl(Engine.scala:475)
[info]   at org.scalatest.funsuite.AnyFunSuiteLike.runTests(AnyFunSuiteLike.scala:269)
[info]   at org.scalatest.funsuite.AnyFunSuiteLike.runTests$(AnyFunSuiteLike.scala:268)
[info]   at org.scalatest.funsuite.AnyFunSuite.runTests(AnyFunSuite.scala:1564)
[info]   at org.scalatest.Suite.run(Suite.scala:1114)
[info]   at org.scalatest.Suite.run$(Suite.scala:1096)
[info]   at org.scalatest.funsuite.AnyFunSuite.org$scalatest$funsuite$AnyFunSuiteLike$$super$run(AnyFunSuite.scala:1564)
[info]   at org.scalatest.funsuite.AnyFunSuiteLike.$anonfun$run$1(AnyFunSuiteLike.scala:273)
[info]   at org.scalatest.SuperEngine.runImpl(Engine.scala:535)
[info]   at org.scalatest.funsuite.AnyFunSuiteLike.run(AnyFunSuiteLike.scala:273)
[info]   at org.scalatest.funsuite.AnyFunSuiteLike.run$(AnyFunSuiteLike.scala:272)
[info]   at frameless.TypedDatasetSuite.org$scalatest$BeforeAndAfterAll$$super$run(TypedDatasetSuite.scala:63)
[info]   at org.scalatest.BeforeAndAfterAll.liftedTree1$1(BeforeAndAfterAll.scala:213)
[info]   at org.scalatest.BeforeAndAfterAll.run(BeforeAndAfterAll.scala:210)
[info]   at org.scalatest.BeforeAndAfterAll.run$(BeforeAndAfterAll.scala:208)
[info]   at frameless.TypedDatasetSuite.run(TypedDatasetSuite.scala:63)
[info]   at org.scalatest.tools.Framework.org$scalatest$tools$Framework$$runSuite(Framework.scala:321)
[info]   at org.scalatest.tools.Framework$ScalaTestTask.execute(Framework.scala:517)
[info]   at sbt.ForkMain$Run.lambda$runTest$1(ForkMain.java:414)
[info]   at java.base/java.util.concurrent.FutureTask.run(FutureTask.java:317)
[info]   at java.base/java.util.concurrent.ThreadPoolExecutor.runWorker(ThreadPoolExecutor.java:1144)
[info]   at java.base/java.util.concurrent.ThreadPoolExecutor$Worker.run(ThreadPoolExecutor.java:642)
[info]   at java.base/java.lang.Thread.run(Thread.java:1583)
[info] - abs big decimal *** FAILED *** (94 milliseconds)
[info]   IllegalArgumentException was thrown during property evaluation.
[info]     Message: argument type mismatch
[info]     Occurred when passed generated values (
[info]       arg0 = List()
[info]     )
[info]   org.scalatest.exceptions.GeneratorDrivenPropertyCheckFailedException:
[info]   at org.scalatestplus.scalacheck.CheckerAsserting$$anon$2.indicateFailure(CheckerAsserting.scala:251)
[info]   at org.scalatestplus.scalacheck.CheckerAsserting$$anon$2.indicateFailure(CheckerAsserting.scala:238)
[info]   at org.scalatestplus.scalacheck.UnitCheckerAsserting$CheckerAssertingImpl.check(CheckerAsserting.scala:160)
[info]   at org.scalatestplus.scalacheck.Checkers.check(Checkers.scala:371)
[info]   at org.scalatestplus.scalacheck.Checkers.check$(Checkers.scala:369)
[info]   at frameless.TypedDatasetSuite.check(TypedDatasetSuite.scala:63)
[info]   at frameless.functions.NonAggregateFunctionsTests.$anonfun$new$225(NonAggregateFunctionsTests.scala:420)
[info]   at org.scalatest.OutcomeOf.outcomeOf(OutcomeOf.scala:85)
[info]   at org.scalatest.OutcomeOf.outcomeOf$(OutcomeOf.scala:83)
[info]   at org.scalatest.OutcomeOf$.outcomeOf(OutcomeOf.scala:104)
[info]   at org.scalatest.Transformer.apply(Transformer.scala:22)
[info]   at org.scalatest.Transformer.apply(Transformer.scala:20)
[info]   at org.scalatest.funsuite.AnyFunSuiteLike$$anon$1.apply(AnyFunSuiteLike.scala:226)
[info]   at org.scalatest.TestSuite.withFixture(TestSuite.scala:196)
[info]   at org.scalatest.TestSuite.withFixture$(TestSuite.scala:195)
[info]   at org.scalatest.funsuite.AnyFunSuite.withFixture(AnyFunSuite.scala:1564)
[info]   at org.scalatest.funsuite.AnyFunSuiteLike.invokeWithFixture$1(AnyFunSuiteLike.scala:224)
[info]   at org.scalatest.funsuite.AnyFunSuiteLike.$anonfun$runTest$1(AnyFunSuiteLike.scala:236)
[info]   at org.scalatest.SuperEngine.runTestImpl(Engine.scala:306)
[info]   at org.scalatest.funsuite.AnyFunSuiteLike.runTest(AnyFunSuiteLike.scala:236)
[info]   at org.scalatest.funsuite.AnyFunSuiteLike.runTest$(AnyFunSuiteLike.scala:218)
[info]   at org.scalatest.funsuite.AnyFunSuite.runTest(AnyFunSuite.scala:1564)
[info]   at org.scalatest.funsuite.AnyFunSuiteLike.$anonfun$runTests$1(AnyFunSuiteLike.scala:269)
[info]   at org.scalatest.SuperEngine.$anonfun$runTestsInBranch$1(Engine.scala:413)
[info]   at scala.collection.immutable.List.foreach(List.scala:334)
[info]   at org.scalatest.SuperEngine.traverseSubNodes$1(Engine.scala:401)
[info]   at org.scalatest.SuperEngine.runTestsInBranch(Engine.scala:396)
[info]   at org.scalatest.SuperEngine.runTestsImpl(Engine.scala:475)
[info]   at org.scalatest.funsuite.AnyFunSuiteLike.runTests(AnyFunSuiteLike.scala:269)
[info]   at org.scalatest.funsuite.AnyFunSuiteLike.runTests$(AnyFunSuiteLike.scala:268)
[info]   at org.scalatest.funsuite.AnyFunSuite.runTests(AnyFunSuite.scala:1564)
[info]   at org.scalatest.Suite.run(Suite.scala:1114)
[info]   at org.scalatest.Suite.run$(Suite.scala:1096)
[info]   at org.scalatest.funsuite.AnyFunSuite.org$scalatest$funsuite$AnyFunSuiteLike$$super$run(AnyFunSuite.scala:1564)
[info]   at org.scalatest.funsuite.AnyFunSuiteLike.$anonfun$run$1(AnyFunSuiteLike.scala:273)
[info]   at org.scalatest.SuperEngine.runImpl(Engine.scala:535)
[info]   at org.scalatest.funsuite.AnyFunSuiteLike.run(AnyFunSuiteLike.scala:273)
[info]   at org.scalatest.funsuite.AnyFunSuiteLike.run$(AnyFunSuiteLike.scala:272)
[info]   at frameless.TypedDatasetSuite.org$scalatest$BeforeAndAfterAll$$super$run(TypedDatasetSuite.scala:63)
[info]   at org.scalatest.BeforeAndAfterAll.liftedTree1$1(BeforeAndAfterAll.scala:213)
[info]   at org.scalatest.BeforeAndAfterAll.run(BeforeAndAfterAll.scala:210)
[info]   at org.scalatest.BeforeAndAfterAll.run$(BeforeAndAfterAll.scala:208)
[info]   at frameless.TypedDatasetSuite.run(TypedDatasetSuite.scala:63)
[info]   at org.scalatest.tools.Framework.org$scalatest$tools$Framework$$runSuite(Framework.scala:321)
[info]   at org.scalatest.tools.Framework$ScalaTestTask.execute(Framework.scala:517)
[info]   at sbt.ForkMain$Run.lambda$runTest$1(ForkMain.java:414)
[info]   at java.base/java.util.concurrent.FutureTask.run(FutureTask.java:317)
[info]   at java.base/java.util.concurrent.ThreadPoolExecutor.runWorker(ThreadPoolExecutor.java:1144)
[info]   at java.base/java.util.concurrent.ThreadPoolExecutor$Worker.run(ThreadPoolExecutor.java:642)
[info]   at java.base/java.lang.Thread.run(Thread.java:1583)
[info]   Cause: java.lang.IllegalArgumentException: argument type mismatch
[info]   at java.base/jdk.internal.reflect.DirectConstructorHandleAccessor.newInstance(DirectConstructorHandleAccessor.java:65)
[info]   at java.base/java.lang.reflect.Constructor.newInstanceWithCaller(Constructor.java:502)
[info]   at java.base/java.lang.reflect.Constructor.newInstance(Constructor.java:486)
[info]   at frameless.TypedExpressionEncoder$.$anonfun$apply$3(TypedExpressionEncoder.scala:55)
[info]   at scala.Option.map(Option.scala:242)
[info]   at frameless.TypedExpressionEncoder$.apply(TypedExpressionEncoder.scala:54)
[info]   at frameless.TypedDataset$.create(TypedDataset.scala:1325)
[info]   at frameless.functions.NonAggregateFunctionsTests.prop$13(NonAggregateFunctionsTests.scala:407)
[info]   at frameless.functions.NonAggregateFunctionsTests.$anonfun$new$235(NonAggregateFunctionsTests.scala:420)
[info]   at scala.Function1.$anonfun$andThen$1(Function1.scala:87)
[info]   at org.scalacheck.Prop$.$anonfun$forAllShrink$2(Prop.scala:868)
[info]   at org.scalacheck.Prop$.secure(Prop.scala:484)
[info]   at org.scalacheck.Prop$.result$1(Prop.scala:868)
[info]   at org.scalacheck.Prop$.$anonfun$forAllShrink$1(Prop.scala:915)
[info]   at org.scalacheck.Prop$.$anonfun$apply$1(Prop.scala:305)
[info]   at org.scalacheck.PropFromFun.apply(Prop.scala:20)
[info]   at org.scalacheck.Test$.workerFun$1(Test.scala:486)
[info]   at org.scalacheck.Test$.$anonfun$check$4(Test.scala:518)
[info]   at org.scalacheck.Test$.$anonfun$check$4$adapted(Test.scala:518)
[info]   at org.scalacheck.Platform$.runWorkers(Platform.scala:42)
[info]   at org.scalacheck.Test$.check(Test.scala:518)
[info]   at org.scalatestplus.scalacheck.UnitCheckerAsserting$CheckerAssertingImpl.check(CheckerAsserting.scala:90)
[info]   at org.scalatestplus.scalacheck.Checkers.check(Checkers.scala:371)
[info]   at org.scalatestplus.scalacheck.Checkers.check$(Checkers.scala:369)
[info]   at frameless.TypedDatasetSuite.check(TypedDatasetSuite.scala:63)
[info]   at frameless.functions.NonAggregateFunctionsTests.$anonfun$new$225(NonAggregateFunctionsTests.scala:420)
[info]   at org.scalatest.OutcomeOf.outcomeOf(OutcomeOf.scala:85)
[info]   at org.scalatest.OutcomeOf.outcomeOf$(OutcomeOf.scala:83)
[info]   at org.scalatest.OutcomeOf$.outcomeOf(OutcomeOf.scala:104)
[info]   at org.scalatest.Transformer.apply(Transformer.scala:22)
[info]   at org.scalatest.Transformer.apply(Transformer.scala:20)
[info]   at org.scalatest.funsuite.AnyFunSuiteLike$$anon$1.apply(AnyFunSuiteLike.scala:226)
[info]   at org.scalatest.TestSuite.withFixture(TestSuite.scala:196)
[info]   at org.scalatest.TestSuite.withFixture$(TestSuite.scala:195)
[info]   at org.scalatest.funsuite.AnyFunSuite.withFixture(AnyFunSuite.scala:1564)
[info]   at org.scalatest.funsuite.AnyFunSuiteLike.invokeWithFixture$1(AnyFunSuiteLike.scala:224)
[info]   at org.scalatest.funsuite.AnyFunSuiteLike.$anonfun$runTest$1(AnyFunSuiteLike.scala:236)
[info]   at org.scalatest.SuperEngine.runTestImpl(Engine.scala:306)
[info]   at org.scalatest.funsuite.AnyFunSuiteLike.runTest(AnyFunSuiteLike.scala:236)
[info]   at org.scalatest.funsuite.AnyFunSuiteLike.runTest$(AnyFunSuiteLike.scala:218)
[info]   at org.scalatest.funsuite.AnyFunSuite.runTest(AnyFunSuite.scala:1564)
[info]   at org.scalatest.funsuite.AnyFunSuiteLike.$anonfun$runTests$1(AnyFunSuiteLike.scala:269)
[info]   at org.scalatest.SuperEngine.$anonfun$runTestsInBranch$1(Engine.scala:413)
[info]   at scala.collection.immutable.List.foreach(List.scala:334)
[info]   at org.scalatest.SuperEngine.traverseSubNodes$1(Engine.scala:401)
[info]   at org.scalatest.SuperEngine.runTestsInBranch(Engine.scala:396)
[info]   at org.scalatest.SuperEngine.runTestsImpl(Engine.scala:475)
[info]   at org.scalatest.funsuite.AnyFunSuiteLike.runTests(AnyFunSuiteLike.scala:269)
[info]   at org.scalatest.funsuite.AnyFunSuiteLike.runTests$(AnyFunSuiteLike.scala:268)
[info]   at org.scalatest.funsuite.AnyFunSuite.runTests(AnyFunSuite.scala:1564)
[info]   at org.scalatest.Suite.run(Suite.scala:1114)
[info]   at org.scalatest.Suite.run$(Suite.scala:1096)
[info]   at org.scalatest.funsuite.AnyFunSuite.org$scalatest$funsuite$AnyFunSuiteLike$$super$run(AnyFunSuite.scala:1564)
[info]   at org.scalatest.funsuite.AnyFunSuiteLike.$anonfun$run$1(AnyFunSuiteLike.scala:273)
[info]   at org.scalatest.SuperEngine.runImpl(Engine.scala:535)
[info]   at org.scalatest.funsuite.AnyFunSuiteLike.run(AnyFunSuiteLike.scala:273)
[info]   at org.scalatest.funsuite.AnyFunSuiteLike.run$(AnyFunSuiteLike.scala:272)
[info]   at frameless.TypedDatasetSuite.org$scalatest$BeforeAndAfterAll$$super$run(TypedDatasetSuite.scala:63)
[info]   at org.scalatest.BeforeAndAfterAll.liftedTree1$1(BeforeAndAfterAll.scala:213)
[info]   at org.scalatest.BeforeAndAfterAll.run(BeforeAndAfterAll.scala:210)
[info]   at org.scalatest.BeforeAndAfterAll.run$(BeforeAndAfterAll.scala:208)
[info]   at frameless.TypedDatasetSuite.run(TypedDatasetSuite.scala:63)
[info]   at org.scalatest.tools.Framework.org$scalatest$tools$Framework$$runSuite(Framework.scala:321)
[info]   at org.scalatest.tools.Framework$ScalaTestTask.execute(Framework.scala:517)
[info]   at sbt.ForkMain$Run.lambda$runTest$1(ForkMain.java:414)
[info]   at java.base/java.util.concurrent.FutureTask.run(FutureTask.java:317)
[info]   at java.base/java.util.concurrent.ThreadPoolExecutor.runWorker(ThreadPoolExecutor.java:1144)
[info]   at java.base/java.util.concurrent.ThreadPoolExecutor$Worker.run(ThreadPoolExecutor.java:642)
[info]   at java.base/java.lang.Thread.run(Thread.java:1583)
[info]   Cause: java.lang.ClassCastException: Cannot cast scala.reflect.ClassTag$GenericClassTag to org.apache.spark.sql.catalyst.expressions.Expression
[info]   at java.base/java.lang.Class.cast(Class.java:4067)
[info]   at java.base/jdk.internal.reflect.DirectConstructorHandleAccessor.newInstance(DirectConstructorHandleAccessor.java:62)
[info]   at java.base/java.lang.reflect.Constructor.newInstanceWithCaller(Constructor.java:502)
[info]   at java.base/java.lang.reflect.Constructor.newInstance(Constructor.java:486)
[info]   at frameless.TypedExpressionEncoder$.$anonfun$apply$3(TypedExpressionEncoder.scala:55)
[info]   at scala.Option.map(Option.scala:242)
[info]   at frameless.TypedExpressionEncoder$.apply(TypedExpressionEncoder.scala:54)
[info]   at frameless.TypedDataset$.create(TypedDataset.scala:1325)
[info]   at frameless.functions.NonAggregateFunctionsTests.prop$13(NonAggregateFunctionsTests.scala:407)
[info]   at frameless.functions.NonAggregateFunctionsTests.$anonfun$new$235(NonAggregateFunctionsTests.scala:420)
[info]   at scala.Function1.$anonfun$andThen$1(Function1.scala:87)
[info]   at org.scalacheck.Prop$.$anonfun$forAllShrink$2(Prop.scala:868)
[info]   at org.scalacheck.Prop$.secure(Prop.scala:484)
[info]   at org.scalacheck.Prop$.result$1(Prop.scala:868)
[info]   at org.scalacheck.Prop$.$anonfun$forAllShrink$1(Prop.scala:915)
[info]   at org.scalacheck.Prop$.$anonfun$apply$1(Prop.scala:305)
[info]   at org.scalacheck.PropFromFun.apply(Prop.scala:20)
[info]   at org.scalacheck.Test$.workerFun$1(Test.scala:486)
[info]   at org.scalacheck.Test$.$anonfun$check$4(Test.scala:518)
[info]   at org.scalacheck.Test$.$anonfun$check$4$adapted(Test.scala:518)
[info]   at org.scalacheck.Platform$.runWorkers(Platform.scala:42)
[info]   at org.scalacheck.Test$.check(Test.scala:518)
[info]   at org.scalatestplus.scalacheck.UnitCheckerAsserting$CheckerAssertingImpl.check(CheckerAsserting.scala:90)
[info]   at org.scalatestplus.scalacheck.Checkers.check(Checkers.scala:371)
[info]   at org.scalatestplus.scalacheck.Checkers.check$(Checkers.scala:369)
[info]   at frameless.TypedDatasetSuite.check(TypedDatasetSuite.scala:63)
[info]   at frameless.functions.NonAggregateFunctionsTests.$anonfun$new$225(NonAggregateFunctionsTests.scala:420)
[info]   at org.scalatest.OutcomeOf.outcomeOf(OutcomeOf.scala:85)
[info]   at org.scalatest.OutcomeOf.outcomeOf$(OutcomeOf.scala:83)
[info]   at org.scalatest.OutcomeOf$.outcomeOf(OutcomeOf.scala:104)
[info]   at org.scalatest.Transformer.apply(Transformer.scala:22)
[info]   at org.scalatest.Transformer.apply(Transformer.scala:20)
[info]   at org.scalatest.funsuite.AnyFunSuiteLike$$anon$1.apply(AnyFunSuiteLike.scala:226)
[info]   at org.scalatest.TestSuite.withFixture(TestSuite.scala:196)
[info]   at org.scalatest.TestSuite.withFixture$(TestSuite.scala:195)
[info]   at org.scalatest.funsuite.AnyFunSuite.withFixture(AnyFunSuite.scala:1564)
[info]   at org.scalatest.funsuite.AnyFunSuiteLike.invokeWithFixture$1(AnyFunSuiteLike.scala:224)
[info]   at org.scalatest.funsuite.AnyFunSuiteLike.$anonfun$runTest$1(AnyFunSuiteLike.scala:236)
[info]   at org.scalatest.SuperEngine.runTestImpl(Engine.scala:306)
[info]   at org.scalatest.funsuite.AnyFunSuiteLike.runTest(AnyFunSuiteLike.scala:236)
[info]   at org.scalatest.funsuite.AnyFunSuiteLike.runTest$(AnyFunSuiteLike.scala:218)
[info]   at org.scalatest.funsuite.AnyFunSuite.runTest(AnyFunSuite.scala:1564)
[info]   at org.scalatest.funsuite.AnyFunSuiteLike.$anonfun$runTests$1(AnyFunSuiteLike.scala:269)
[info]   at org.scalatest.SuperEngine.$anonfun$runTestsInBranch$1(Engine.scala:413)
[info]   at scala.collection.immutable.List.foreach(List.scala:334)
[info]   at org.scalatest.SuperEngine.traverseSubNodes$1(Engine.scala:401)
[info]   at org.scalatest.SuperEngine.runTestsInBranch(Engine.scala:396)
[info]   at org.scalatest.SuperEngine.runTestsImpl(Engine.scala:475)
[info]   at org.scalatest.funsuite.AnyFunSuiteLike.runTests(AnyFunSuiteLike.scala:269)
[info]   at org.scalatest.funsuite.AnyFunSuiteLike.runTests$(AnyFunSuiteLike.scala:268)
[info]   at org.scalatest.funsuite.AnyFunSuite.runTests(AnyFunSuite.scala:1564)
[info]   at org.scalatest.Suite.run(Suite.scala:1114)
[info]   at org.scalatest.Suite.run$(Suite.scala:1096)
[info]   at org.scalatest.funsuite.AnyFunSuite.org$scalatest$funsuite$AnyFunSuiteLike$$super$run(AnyFunSuite.scala:1564)
[info]   at org.scalatest.funsuite.AnyFunSuiteLike.$anonfun$run$1(AnyFunSuiteLike.scala:273)
[info]   at org.scalatest.SuperEngine.runImpl(Engine.scala:535)
[info]   at org.scalatest.funsuite.AnyFunSuiteLike.run(AnyFunSuiteLike.scala:273)
[info]   at org.scalatest.funsuite.AnyFunSuiteLike.run$(AnyFunSuiteLike.scala:272)
[info]   at frameless.TypedDatasetSuite.org$scalatest$BeforeAndAfterAll$$super$run(TypedDatasetSuite.scala:63)
[info]   at org.scalatest.BeforeAndAfterAll.liftedTree1$1(BeforeAndAfterAll.scala:213)
[info]   at org.scalatest.BeforeAndAfterAll.run(BeforeAndAfterAll.scala:210)
[info]   at org.scalatest.BeforeAndAfterAll.run$(BeforeAndAfterAll.scala:208)
[info]   at frameless.TypedDatasetSuite.run(TypedDatasetSuite.scala:63)
[info]   at org.scalatest.tools.Framework.org$scalatest$tools$Framework$$runSuite(Framework.scala:321)
[info]   at org.scalatest.tools.Framework$ScalaTestTask.execute(Framework.scala:517)
[info]   at sbt.ForkMain$Run.lambda$runTest$1(ForkMain.java:414)
[info]   at java.base/java.util.concurrent.FutureTask.run(FutureTask.java:317)
[info]   at java.base/java.util.concurrent.ThreadPoolExecutor.runWorker(ThreadPoolExecutor.java:1144)
[info]   at java.base/java.util.concurrent.ThreadPoolExecutor$Worker.run(ThreadPoolExecutor.java:642)
[info]   at java.base/java.lang.Thread.run(Thread.java:1583)
[info] - abs *** FAILED *** (55 milliseconds)
[info]   IllegalArgumentException was thrown during property evaluation.
[info]     Message: argument type mismatch
[info]     Occurred when passed generated values (
[info]       arg0 = List()
[info]     )
[info]   org.scalatest.exceptions.GeneratorDrivenPropertyCheckFailedException:
[info]   at org.scalatestplus.scalacheck.CheckerAsserting$$anon$2.indicateFailure(CheckerAsserting.scala:251)
[info]   at org.scalatestplus.scalacheck.CheckerAsserting$$anon$2.indicateFailure(CheckerAsserting.scala:238)
[info]   at org.scalatestplus.scalacheck.UnitCheckerAsserting$CheckerAssertingImpl.check(CheckerAsserting.scala:160)
[info]   at org.scalatestplus.scalacheck.Checkers.check(Checkers.scala:371)
[info]   at org.scalatestplus.scalacheck.Checkers.check$(Checkers.scala:369)
[info]   at frameless.TypedDatasetSuite.check(TypedDatasetSuite.scala:63)
[info]   at frameless.functions.NonAggregateFunctionsTests.$anonfun$new$237(NonAggregateFunctionsTests.scala:450)
[info]   at org.scalatest.OutcomeOf.outcomeOf(OutcomeOf.scala:85)
[info]   at org.scalatest.OutcomeOf.outcomeOf$(OutcomeOf.scala:83)
[info]   at org.scalatest.OutcomeOf$.outcomeOf(OutcomeOf.scala:104)
[info]   at org.scalatest.Transformer.apply(Transformer.scala:22)
[info]   at org.scalatest.Transformer.apply(Transformer.scala:20)
[info]   at org.scalatest.funsuite.AnyFunSuiteLike$$anon$1.apply(AnyFunSuiteLike.scala:226)
[info]   at org.scalatest.TestSuite.withFixture(TestSuite.scala:196)
[info]   at org.scalatest.TestSuite.withFixture$(TestSuite.scala:195)
[info]   at org.scalatest.funsuite.AnyFunSuite.withFixture(AnyFunSuite.scala:1564)
[info]   at org.scalatest.funsuite.AnyFunSuiteLike.invokeWithFixture$1(AnyFunSuiteLike.scala:224)
[info]   at org.scalatest.funsuite.AnyFunSuiteLike.$anonfun$runTest$1(AnyFunSuiteLike.scala:236)
[info]   at org.scalatest.SuperEngine.runTestImpl(Engine.scala:306)
[info]   at org.scalatest.funsuite.AnyFunSuiteLike.runTest(AnyFunSuiteLike.scala:236)
[info]   at org.scalatest.funsuite.AnyFunSuiteLike.runTest$(AnyFunSuiteLike.scala:218)
[info]   at org.scalatest.funsuite.AnyFunSuite.runTest(AnyFunSuite.scala:1564)
[info]   at org.scalatest.funsuite.AnyFunSuiteLike.$anonfun$runTests$1(AnyFunSuiteLike.scala:269)
[info]   at org.scalatest.SuperEngine.$anonfun$runTestsInBranch$1(Engine.scala:413)
[info]   at scala.collection.immutable.List.foreach(List.scala:334)
[info]   at org.scalatest.SuperEngine.traverseSubNodes$1(Engine.scala:401)
[info]   at org.scalatest.SuperEngine.runTestsInBranch(Engine.scala:396)
[info]   at org.scalatest.SuperEngine.runTestsImpl(Engine.scala:475)
[info]   at org.scalatest.funsuite.AnyFunSuiteLike.runTests(AnyFunSuiteLike.scala:269)
[info]   at org.scalatest.funsuite.AnyFunSuiteLike.runTests$(AnyFunSuiteLike.scala:268)
[info]   at org.scalatest.funsuite.AnyFunSuite.runTests(AnyFunSuite.scala:1564)
[info]   at org.scalatest.Suite.run(Suite.scala:1114)
[info]   at org.scalatest.Suite.run$(Suite.scala:1096)
[info]   at org.scalatest.funsuite.AnyFunSuite.org$scalatest$funsuite$AnyFunSuiteLike$$super$run(AnyFunSuite.scala:1564)
[info]   at org.scalatest.funsuite.AnyFunSuiteLike.$anonfun$run$1(AnyFunSuiteLike.scala:273)
[info]   at org.scalatest.SuperEngine.runImpl(Engine.scala:535)
[info]   at org.scalatest.funsuite.AnyFunSuiteLike.run(AnyFunSuiteLike.scala:273)
[info]   at org.scalatest.funsuite.AnyFunSuiteLike.run$(AnyFunSuiteLike.scala:272)
[info]   at frameless.TypedDatasetSuite.org$scalatest$BeforeAndAfterAll$$super$run(TypedDatasetSuite.scala:63)
[info]   at org.scalatest.BeforeAndAfterAll.liftedTree1$1(BeforeAndAfterAll.scala:213)
[info]   at org.scalatest.BeforeAndAfterAll.run(BeforeAndAfterAll.scala:210)
[info]   at org.scalatest.BeforeAndAfterAll.run$(BeforeAndAfterAll.scala:208)
[info]   at frameless.TypedDatasetSuite.run(TypedDatasetSuite.scala:63)
[info]   at org.scalatest.tools.Framework.org$scalatest$tools$Framework$$runSuite(Framework.scala:321)
[info]   at org.scalatest.tools.Framework$ScalaTestTask.execute(Framework.scala:517)
[info]   at sbt.ForkMain$Run.lambda$runTest$1(ForkMain.java:414)
[info]   at java.base/java.util.concurrent.FutureTask.run(FutureTask.java:317)
[info]   at java.base/java.util.concurrent.ThreadPoolExecutor.runWorker(ThreadPoolExecutor.java:1144)
[info]   at java.base/java.util.concurrent.ThreadPoolExecutor$Worker.run(ThreadPoolExecutor.java:642)
[info]   at java.base/java.lang.Thread.run(Thread.java:1583)
[info]   Cause: java.lang.IllegalArgumentException: argument type mismatch
[info]   at java.base/jdk.internal.reflect.DirectConstructorHandleAccessor.newInstance(DirectConstructorHandleAccessor.java:65)
[info]   at java.base/java.lang.reflect.Constructor.newInstanceWithCaller(Constructor.java:502)
[info]   at java.base/java.lang.reflect.Constructor.newInstance(Constructor.java:486)
[info]   at frameless.TypedExpressionEncoder$.$anonfun$apply$3(TypedExpressionEncoder.scala:55)
[info]   at scala.Option.map(Option.scala:242)
[info]   at frameless.TypedExpressionEncoder$.apply(TypedExpressionEncoder.scala:54)
[info]   at frameless.TypedDataset$.create(TypedDataset.scala:1325)
[info]   at frameless.functions.NonAggregateFunctionsTests.prop$14(NonAggregateFunctionsTests.scala:440)
[info]   at frameless.functions.NonAggregateFunctionsTests.$anonfun$new$247(NonAggregateFunctionsTests.scala:450)
[info]   at scala.Function1.$anonfun$andThen$1(Function1.scala:87)
[info]   at org.scalacheck.Prop$.$anonfun$forAllShrink$2(Prop.scala:868)
[info]   at org.scalacheck.Prop$.secure(Prop.scala:484)
[info]   at org.scalacheck.Prop$.result$1(Prop.scala:868)
[info]   at org.scalacheck.Prop$.$anonfun$forAllShrink$1(Prop.scala:915)
[info]   at org.scalacheck.Prop$.$anonfun$apply$1(Prop.scala:305)
[info]   at org.scalacheck.PropFromFun.apply(Prop.scala:20)
[info]   at org.scalacheck.Test$.workerFun$1(Test.scala:486)
[info]   at org.scalacheck.Test$.$anonfun$check$4(Test.scala:518)
[info]   at org.scalacheck.Test$.$anonfun$check$4$adapted(Test.scala:518)
[info]   at org.scalacheck.Platform$.runWorkers(Platform.scala:42)
[info]   at org.scalacheck.Test$.check(Test.scala:518)
[info]   at org.scalatestplus.scalacheck.UnitCheckerAsserting$CheckerAssertingImpl.check(CheckerAsserting.scala:90)
[info]   at org.scalatestplus.scalacheck.Checkers.check(Checkers.scala:371)
[info]   at org.scalatestplus.scalacheck.Checkers.check$(Checkers.scala:369)
[info]   at frameless.TypedDatasetSuite.check(TypedDatasetSuite.scala:63)
[info]   at frameless.functions.NonAggregateFunctionsTests.$anonfun$new$237(NonAggregateFunctionsTests.scala:450)
[info]   at org.scalatest.OutcomeOf.outcomeOf(OutcomeOf.scala:85)
[info]   at org.scalatest.OutcomeOf.outcomeOf$(OutcomeOf.scala:83)
[info]   at org.scalatest.OutcomeOf$.outcomeOf(OutcomeOf.scala:104)
[info]   at org.scalatest.Transformer.apply(Transformer.scala:22)
[info]   at org.scalatest.Transformer.apply(Transformer.scala:20)
[info]   at org.scalatest.funsuite.AnyFunSuiteLike$$anon$1.apply(AnyFunSuiteLike.scala:226)
[info]   at org.scalatest.TestSuite.withFixture(TestSuite.scala:196)
[info]   at org.scalatest.TestSuite.withFixture$(TestSuite.scala:195)
[info]   at org.scalatest.funsuite.AnyFunSuite.withFixture(AnyFunSuite.scala:1564)
[info]   at org.scalatest.funsuite.AnyFunSuiteLike.invokeWithFixture$1(AnyFunSuiteLike.scala:224)
[info]   at org.scalatest.funsuite.AnyFunSuiteLike.$anonfun$runTest$1(AnyFunSuiteLike.scala:236)
[info]   at org.scalatest.SuperEngine.runTestImpl(Engine.scala:306)
[info]   at org.scalatest.funsuite.AnyFunSuiteLike.runTest(AnyFunSuiteLike.scala:236)
[info]   at org.scalatest.funsuite.AnyFunSuiteLike.runTest$(AnyFunSuiteLike.scala:218)
[info]   at org.scalatest.funsuite.AnyFunSuite.runTest(AnyFunSuite.scala:1564)
[info]   at org.scalatest.funsuite.AnyFunSuiteLike.$anonfun$runTests$1(AnyFunSuiteLike.scala:269)
[info]   at org.scalatest.SuperEngine.$anonfun$runTestsInBranch$1(Engine.scala:413)
[info]   at scala.collection.immutable.List.foreach(List.scala:334)
[info]   at org.scalatest.SuperEngine.traverseSubNodes$1(Engine.scala:401)
[info]   at org.scalatest.SuperEngine.runTestsInBranch(Engine.scala:396)
[info]   at org.scalatest.SuperEngine.runTestsImpl(Engine.scala:475)
[info]   at org.scalatest.funsuite.AnyFunSuiteLike.runTests(AnyFunSuiteLike.scala:269)
[info]   at org.scalatest.funsuite.AnyFunSuiteLike.runTests$(AnyFunSuiteLike.scala:268)
[info]   at org.scalatest.funsuite.AnyFunSuite.runTests(AnyFunSuite.scala:1564)
[info]   at org.scalatest.Suite.run(Suite.scala:1114)
[info]   at org.scalatest.Suite.run$(Suite.scala:1096)
[info]   at org.scalatest.funsuite.AnyFunSuite.org$scalatest$funsuite$AnyFunSuiteLike$$super$run(AnyFunSuite.scala:1564)
[info]   at org.scalatest.funsuite.AnyFunSuiteLike.$anonfun$run$1(AnyFunSuiteLike.scala:273)
[info]   at org.scalatest.SuperEngine.runImpl(Engine.scala:535)
[info]   at org.scalatest.funsuite.AnyFunSuiteLike.run(AnyFunSuiteLike.scala:273)
[info]   at org.scalatest.funsuite.AnyFunSuiteLike.run$(AnyFunSuiteLike.scala:272)
[info]   at frameless.TypedDatasetSuite.org$scalatest$BeforeAndAfterAll$$super$run(TypedDatasetSuite.scala:63)
[info]   at org.scalatest.BeforeAndAfterAll.liftedTree1$1(BeforeAndAfterAll.scala:213)
[info]   at org.scalatest.BeforeAndAfterAll.run(BeforeAndAfterAll.scala:210)
[info]   at org.scalatest.BeforeAndAfterAll.run$(BeforeAndAfterAll.scala:208)
[info]   at frameless.TypedDatasetSuite.run(TypedDatasetSuite.scala:63)
[info]   at org.scalatest.tools.Framework.org$scalatest$tools$Framework$$runSuite(Framework.scala:321)
[info]   at org.scalatest.tools.Framework$ScalaTestTask.execute(Framework.scala:517)
[info]   at sbt.ForkMain$Run.lambda$runTest$1(ForkMain.java:414)
[info]   at java.base/java.util.concurrent.FutureTask.run(FutureTask.java:317)
[info]   at java.base/java.util.concurrent.ThreadPoolExecutor.runWorker(ThreadPoolExecutor.java:1144)
[info]   at java.base/java.util.concurrent.ThreadPoolExecutor$Worker.run(ThreadPoolExecutor.java:642)
[info]   at java.base/java.lang.Thread.run(Thread.java:1583)
[info]   Cause: java.lang.ClassCastException: Cannot cast scala.reflect.ClassTag$GenericClassTag to org.apache.spark.sql.catalyst.expressions.Expression
[info]   at java.base/java.lang.Class.cast(Class.java:4067)
[info]   at java.base/jdk.internal.reflect.DirectConstructorHandleAccessor.newInstance(DirectConstructorHandleAccessor.java:62)
[info]   at java.base/java.lang.reflect.Constructor.newInstanceWithCaller(Constructor.java:502)
[info]   at java.base/java.lang.reflect.Constructor.newInstance(Constructor.java:486)
[info]   at frameless.TypedExpressionEncoder$.$anonfun$apply$3(TypedExpressionEncoder.scala:55)
[info]   at scala.Option.map(Option.scala:242)
[info]   at frameless.TypedExpressionEncoder$.apply(TypedExpressionEncoder.scala:54)
[info]   at frameless.TypedDataset$.create(TypedDataset.scala:1325)
[info]   at frameless.functions.NonAggregateFunctionsTests.prop$14(NonAggregateFunctionsTests.scala:440)
[info]   at frameless.functions.NonAggregateFunctionsTests.$anonfun$new$247(NonAggregateFunctionsTests.scala:450)
[info]   at scala.Function1.$anonfun$andThen$1(Function1.scala:87)
[info]   at org.scalacheck.Prop$.$anonfun$forAllShrink$2(Prop.scala:868)
[info]   at org.scalacheck.Prop$.secure(Prop.scala:484)
[info]   at org.scalacheck.Prop$.result$1(Prop.scala:868)
[info]   at org.scalacheck.Prop$.$anonfun$forAllShrink$1(Prop.scala:915)
[info]   at org.scalacheck.Prop$.$anonfun$apply$1(Prop.scala:305)
[info]   at org.scalacheck.PropFromFun.apply(Prop.scala:20)
[info]   at org.scalacheck.Test$.workerFun$1(Test.scala:486)
[info]   at org.scalacheck.Test$.$anonfun$check$4(Test.scala:518)
[info]   at org.scalacheck.Test$.$anonfun$check$4$adapted(Test.scala:518)
[info]   at org.scalacheck.Platform$.runWorkers(Platform.scala:42)
[info]   at org.scalacheck.Test$.check(Test.scala:518)
[info]   at org.scalatestplus.scalacheck.UnitCheckerAsserting$CheckerAssertingImpl.check(CheckerAsserting.scala:90)
[info]   at org.scalatestplus.scalacheck.Checkers.check(Checkers.scala:371)
[info]   at org.scalatestplus.scalacheck.Checkers.check$(Checkers.scala:369)
[info]   at frameless.TypedDatasetSuite.check(TypedDatasetSuite.scala:63)
[info]   at frameless.functions.NonAggregateFunctionsTests.$anonfun$new$237(NonAggregateFunctionsTests.scala:450)
[info]   at org.scalatest.OutcomeOf.outcomeOf(OutcomeOf.scala:85)
[info]   at org.scalatest.OutcomeOf.outcomeOf$(OutcomeOf.scala:83)
[info]   at org.scalatest.OutcomeOf$.outcomeOf(OutcomeOf.scala:104)
[info]   at org.scalatest.Transformer.apply(Transformer.scala:22)
[info]   at org.scalatest.Transformer.apply(Transformer.scala:20)
[info]   at org.scalatest.funsuite.AnyFunSuiteLike$$anon$1.apply(AnyFunSuiteLike.scala:226)
[info]   at org.scalatest.TestSuite.withFixture(TestSuite.scala:196)
[info]   at org.scalatest.TestSuite.withFixture$(TestSuite.scala:195)
[info]   at org.scalatest.funsuite.AnyFunSuite.withFixture(AnyFunSuite.scala:1564)
[info]   at org.scalatest.funsuite.AnyFunSuiteLike.invokeWithFixture$1(AnyFunSuiteLike.scala:224)
[info]   at org.scalatest.funsuite.AnyFunSuiteLike.$anonfun$runTest$1(AnyFunSuiteLike.scala:236)
[info]   at org.scalatest.SuperEngine.runTestImpl(Engine.scala:306)
[info]   at org.scalatest.funsuite.AnyFunSuiteLike.runTest(AnyFunSuiteLike.scala:236)
[info]   at org.scalatest.funsuite.AnyFunSuiteLike.runTest$(AnyFunSuiteLike.scala:218)
[info]   at org.scalatest.funsuite.AnyFunSuite.runTest(AnyFunSuite.scala:1564)
[info]   at org.scalatest.funsuite.AnyFunSuiteLike.$anonfun$runTests$1(AnyFunSuiteLike.scala:269)
[info]   at org.scalatest.SuperEngine.$anonfun$runTestsInBranch$1(Engine.scala:413)
[info]   at scala.collection.immutable.List.foreach(List.scala:334)
[info]   at org.scalatest.SuperEngine.traverseSubNodes$1(Engine.scala:401)
[info]   at org.scalatest.SuperEngine.runTestsInBranch(Engine.scala:396)
[info]   at org.scalatest.SuperEngine.runTestsImpl(Engine.scala:475)
[info]   at org.scalatest.funsuite.AnyFunSuiteLike.runTests(AnyFunSuiteLike.scala:269)
[info]   at org.scalatest.funsuite.AnyFunSuiteLike.runTests$(AnyFunSuiteLike.scala:268)
[info]   at org.scalatest.funsuite.AnyFunSuite.runTests(AnyFunSuite.scala:1564)
[info]   at org.scalatest.Suite.run(Suite.scala:1114)
[info]   at org.scalatest.Suite.run$(Suite.scala:1096)
[info]   at org.scalatest.funsuite.AnyFunSuite.org$scalatest$funsuite$AnyFunSuiteLike$$super$run(AnyFunSuite.scala:1564)
[info]   at org.scalatest.funsuite.AnyFunSuiteLike.$anonfun$run$1(AnyFunSuiteLike.scala:273)
[info]   at org.scalatest.SuperEngine.runImpl(Engine.scala:535)
[info]   at org.scalatest.funsuite.AnyFunSuiteLike.run(AnyFunSuiteLike.scala:273)
[info]   at org.scalatest.funsuite.AnyFunSuiteLike.run$(AnyFunSuiteLike.scala:272)
[info]   at frameless.TypedDatasetSuite.org$scalatest$BeforeAndAfterAll$$super$run(TypedDatasetSuite.scala:63)
[info]   at org.scalatest.BeforeAndAfterAll.liftedTree1$1(BeforeAndAfterAll.scala:213)
[info]   at org.scalatest.BeforeAndAfterAll.run(BeforeAndAfterAll.scala:210)
[info]   at org.scalatest.BeforeAndAfterAll.run$(BeforeAndAfterAll.scala:208)
[info]   at frameless.TypedDatasetSuite.run(TypedDatasetSuite.scala:63)
[info]   at org.scalatest.tools.Framework.org$scalatest$tools$Framework$$runSuite(Framework.scala:321)
[info]   at org.scalatest.tools.Framework$ScalaTestTask.execute(Framework.scala:517)
[info]   at sbt.ForkMain$Run.lambda$runTest$1(ForkMain.java:414)
[info]   at java.base/java.util.concurrent.FutureTask.run(FutureTask.java:317)
[info]   at java.base/java.util.concurrent.ThreadPoolExecutor.runWorker(ThreadPoolExecutor.java:1144)
[info]   at java.base/java.util.concurrent.ThreadPoolExecutor$Worker.run(ThreadPoolExecutor.java:642)
[info]   at java.base/java.lang.Thread.run(Thread.java:1583)
[info] - cos *** FAILED *** (5 milliseconds)
[info]   IllegalArgumentException was thrown during property evaluation.
[info]     Message: argument type mismatch
[info]     Occurred when passed generated values (
[info]       arg0 = List()
[info]     )
[info]   org.scalatest.exceptions.GeneratorDrivenPropertyCheckFailedException:
[info]   at org.scalatestplus.scalacheck.CheckerAsserting$$anon$2.indicateFailure(CheckerAsserting.scala:251)
[info]   at org.scalatestplus.scalacheck.CheckerAsserting$$anon$2.indicateFailure(CheckerAsserting.scala:238)
[info]   at org.scalatestplus.scalacheck.UnitCheckerAsserting$CheckerAssertingImpl.check(CheckerAsserting.scala:160)
[info]   at org.scalatestplus.scalacheck.Checkers.check(Checkers.scala:371)
[info]   at org.scalatestplus.scalacheck.Checkers.check$(Checkers.scala:369)
[info]   at frameless.TypedDatasetSuite.check(TypedDatasetSuite.scala:63)
[info]   at frameless.functions.NonAggregateFunctionsTests.$anonfun$new$255(NonAggregateFunctionsTests.scala:488)
[info]   at org.scalatest.OutcomeOf.outcomeOf(OutcomeOf.scala:85)
[info]   at org.scalatest.OutcomeOf.outcomeOf$(OutcomeOf.scala:83)
[info]   at org.scalatest.OutcomeOf$.outcomeOf(OutcomeOf.scala:104)
[info]   at org.scalatest.Transformer.apply(Transformer.scala:22)
[info]   at org.scalatest.Transformer.apply(Transformer.scala:20)
[info]   at org.scalatest.funsuite.AnyFunSuiteLike$$anon$1.apply(AnyFunSuiteLike.scala:226)
[info]   at org.scalatest.TestSuite.withFixture(TestSuite.scala:196)
[info]   at org.scalatest.TestSuite.withFixture$(TestSuite.scala:195)
[info]   at org.scalatest.funsuite.AnyFunSuite.withFixture(AnyFunSuite.scala:1564)
[info]   at org.scalatest.funsuite.AnyFunSuiteLike.invokeWithFixture$1(AnyFunSuiteLike.scala:224)
[info]   at org.scalatest.funsuite.AnyFunSuiteLike.$anonfun$runTest$1(AnyFunSuiteLike.scala:236)
[info]   at org.scalatest.SuperEngine.runTestImpl(Engine.scala:306)
[info]   at org.scalatest.funsuite.AnyFunSuiteLike.runTest(AnyFunSuiteLike.scala:236)
[info]   at org.scalatest.funsuite.AnyFunSuiteLike.runTest$(AnyFunSuiteLike.scala:218)
[info]   at org.scalatest.funsuite.AnyFunSuite.runTest(AnyFunSuite.scala:1564)
[info]   at org.scalatest.funsuite.AnyFunSuiteLike.$anonfun$runTests$1(AnyFunSuiteLike.scala:269)
[info]   at org.scalatest.SuperEngine.$anonfun$runTestsInBranch$1(Engine.scala:413)
[info]   at scala.collection.immutable.List.foreach(List.scala:334)
[info]   at org.scalatest.SuperEngine.traverseSubNodes$1(Engine.scala:401)
[info]   at org.scalatest.SuperEngine.runTestsInBranch(Engine.scala:396)
[info]   at org.scalatest.SuperEngine.runTestsImpl(Engine.scala:475)
[info]   at org.scalatest.funsuite.AnyFunSuiteLike.runTests(AnyFunSuiteLike.scala:269)
[info]   at org.scalatest.funsuite.AnyFunSuiteLike.runTests$(AnyFunSuiteLike.scala:268)
[info]   at org.scalatest.funsuite.AnyFunSuite.runTests(AnyFunSuite.scala:1564)
[info]   at org.scalatest.Suite.run(Suite.scala:1114)
[info]   at org.scalatest.Suite.run$(Suite.scala:1096)
[info]   at org.scalatest.funsuite.AnyFunSuite.org$scalatest$funsuite$AnyFunSuiteLike$$super$run(AnyFunSuite.scala:1564)
[info]   at org.scalatest.funsuite.AnyFunSuiteLike.$anonfun$run$1(AnyFunSuiteLike.scala:273)
[info]   at org.scalatest.SuperEngine.runImpl(Engine.scala:535)
[info]   at org.scalatest.funsuite.AnyFunSuiteLike.run(AnyFunSuiteLike.scala:273)
[info]   at org.scalatest.funsuite.AnyFunSuiteLike.run$(AnyFunSuiteLike.scala:272)
[info]   at frameless.TypedDatasetSuite.org$scalatest$BeforeAndAfterAll$$super$run(TypedDatasetSuite.scala:63)
[info]   at org.scalatest.BeforeAndAfterAll.liftedTree1$1(BeforeAndAfterAll.scala:213)
[info]   at org.scalatest.BeforeAndAfterAll.run(BeforeAndAfterAll.scala:210)
[info]   at org.scalatest.BeforeAndAfterAll.run$(BeforeAndAfterAll.scala:208)
[info]   at frameless.TypedDatasetSuite.run(TypedDatasetSuite.scala:63)
[info]   at org.scalatest.tools.Framework.org$scalatest$tools$Framework$$runSuite(Framework.scala:321)
[info]   at org.scalatest.tools.Framework$ScalaTestTask.execute(Framework.scala:517)
[info]   at sbt.ForkMain$Run.lambda$runTest$1(ForkMain.java:414)
[info]   at java.base/java.util.concurrent.FutureTask.run(FutureTask.java:317)
[info]   at java.base/java.util.concurrent.ThreadPoolExecutor.runWorker(ThreadPoolExecutor.java:1144)
[info]   at java.base/java.util.concurrent.ThreadPoolExecutor$Worker.run(ThreadPoolExecutor.java:642)
[info]   at java.base/java.lang.Thread.run(Thread.java:1583)
[info]   Cause: java.lang.IllegalArgumentException: argument type mismatch
[info]   at java.base/jdk.internal.reflect.DirectConstructorHandleAccessor.newInstance(DirectConstructorHandleAccessor.java:65)
[info]   at java.base/java.lang.reflect.Constructor.newInstanceWithCaller(Constructor.java:502)
[info]   at java.base/java.lang.reflect.Constructor.newInstance(Constructor.java:486)
[info]   at frameless.TypedExpressionEncoder$.$anonfun$apply$3(TypedExpressionEncoder.scala:55)
[info]   at scala.Option.map(Option.scala:242)
[info]   at frameless.TypedExpressionEncoder$.apply(TypedExpressionEncoder.scala:54)
[info]   at frameless.TypedDataset$.create(TypedDataset.scala:1325)
[info]   at frameless.functions.NonAggregateFunctionsTests.prop$15(NonAggregateFunctionsTests.scala:484)
[info]   at frameless.functions.NonAggregateFunctionsTests.$anonfun$new$263(NonAggregateFunctionsTests.scala:488)
[info]   at scala.Function1.$anonfun$andThen$1(Function1.scala:87)
[info]   at org.scalacheck.Prop$.$anonfun$forAllShrink$2(Prop.scala:868)
[info]   at org.scalacheck.Prop$.secure(Prop.scala:484)
[info]   at org.scalacheck.Prop$.result$1(Prop.scala:868)
[info]   at org.scalacheck.Prop$.$anonfun$forAllShrink$1(Prop.scala:915)
[info]   at org.scalacheck.Prop$.$anonfun$apply$1(Prop.scala:305)
[info]   at org.scalacheck.PropFromFun.apply(Prop.scala:20)
[info]   at org.scalacheck.Test$.workerFun$1(Test.scala:486)
[info]   at org.scalacheck.Test$.$anonfun$check$4(Test.scala:518)
[info]   at org.scalacheck.Test$.$anonfun$check$4$adapted(Test.scala:518)
[info]   at org.scalacheck.Platform$.runWorkers(Platform.scala:42)
[info]   at org.scalacheck.Test$.check(Test.scala:518)
[info]   at org.scalatestplus.scalacheck.UnitCheckerAsserting$CheckerAssertingImpl.check(CheckerAsserting.scala:90)
[info]   at org.scalatestplus.scalacheck.Checkers.check(Checkers.scala:371)
[info]   at org.scalatestplus.scalacheck.Checkers.check$(Checkers.scala:369)
[info]   at frameless.TypedDatasetSuite.check(TypedDatasetSuite.scala:63)
[info]   at frameless.functions.NonAggregateFunctionsTests.$anonfun$new$255(NonAggregateFunctionsTests.scala:488)
[info]   at org.scalatest.OutcomeOf.outcomeOf(OutcomeOf.scala:85)
[info]   at org.scalatest.OutcomeOf.outcomeOf$(OutcomeOf.scala:83)
[info]   at org.scalatest.OutcomeOf$.outcomeOf(OutcomeOf.scala:104)
[info]   at org.scalatest.Transformer.apply(Transformer.scala:22)
[info]   at org.scalatest.Transformer.apply(Transformer.scala:20)
[info]   at org.scalatest.funsuite.AnyFunSuiteLike$$anon$1.apply(AnyFunSuiteLike.scala:226)
[info]   at org.scalatest.TestSuite.withFixture(TestSuite.scala:196)
[info]   at org.scalatest.TestSuite.withFixture$(TestSuite.scala:195)
[info]   at org.scalatest.funsuite.AnyFunSuite.withFixture(AnyFunSuite.scala:1564)
[info]   at org.scalatest.funsuite.AnyFunSuiteLike.invokeWithFixture$1(AnyFunSuiteLike.scala:224)
[info]   at org.scalatest.funsuite.AnyFunSuiteLike.$anonfun$runTest$1(AnyFunSuiteLike.scala:236)
[info]   at org.scalatest.SuperEngine.runTestImpl(Engine.scala:306)
[info]   at org.scalatest.funsuite.AnyFunSuiteLike.runTest(AnyFunSuiteLike.scala:236)
[info]   at org.scalatest.funsuite.AnyFunSuiteLike.runTest$(AnyFunSuiteLike.scala:218)
[info]   at org.scalatest.funsuite.AnyFunSuite.runTest(AnyFunSuite.scala:1564)
[info]   at org.scalatest.funsuite.AnyFunSuiteLike.$anonfun$runTests$1(AnyFunSuiteLike.scala:269)
[info]   at org.scalatest.SuperEngine.$anonfun$runTestsInBranch$1(Engine.scala:413)
[info]   at scala.collection.immutable.List.foreach(List.scala:334)
[info]   at org.scalatest.SuperEngine.traverseSubNodes$1(Engine.scala:401)
[info]   at org.scalatest.SuperEngine.runTestsInBranch(Engine.scala:396)
[info]   at org.scalatest.SuperEngine.runTestsImpl(Engine.scala:475)
[info]   at org.scalatest.funsuite.AnyFunSuiteLike.runTests(AnyFunSuiteLike.scala:269)
[info]   at org.scalatest.funsuite.AnyFunSuiteLike.runTests$(AnyFunSuiteLike.scala:268)
[info]   at org.scalatest.funsuite.AnyFunSuite.runTests(AnyFunSuite.scala:1564)
[info]   at org.scalatest.Suite.run(Suite.scala:1114)
[info]   at org.scalatest.Suite.run$(Suite.scala:1096)
[info]   at org.scalatest.funsuite.AnyFunSuite.org$scalatest$funsuite$AnyFunSuiteLike$$super$run(AnyFunSuite.scala:1564)
[info]   at org.scalatest.funsuite.AnyFunSuiteLike.$anonfun$run$1(AnyFunSuiteLike.scala:273)
[info]   at org.scalatest.SuperEngine.runImpl(Engine.scala:535)
[info]   at org.scalatest.funsuite.AnyFunSuiteLike.run(AnyFunSuiteLike.scala:273)
[info]   at org.scalatest.funsuite.AnyFunSuiteLike.run$(AnyFunSuiteLike.scala:272)
[info]   at frameless.TypedDatasetSuite.org$scalatest$BeforeAndAfterAll$$super$run(TypedDatasetSuite.scala:63)
[info]   at org.scalatest.BeforeAndAfterAll.liftedTree1$1(BeforeAndAfterAll.scala:213)
[info]   at org.scalatest.BeforeAndAfterAll.run(BeforeAndAfterAll.scala:210)
[info]   at org.scalatest.BeforeAndAfterAll.run$(BeforeAndAfterAll.scala:208)
[info]   at frameless.TypedDatasetSuite.run(TypedDatasetSuite.scala:63)
[info]   at org.scalatest.tools.Framework.org$scalatest$tools$Framework$$runSuite(Framework.scala:321)
[info]   at org.scalatest.tools.Framework$ScalaTestTask.execute(Framework.scala:517)
[info]   at sbt.ForkMain$Run.lambda$runTest$1(ForkMain.java:414)
[info]   at java.base/java.util.concurrent.FutureTask.run(FutureTask.java:317)
[info]   at java.base/java.util.concurrent.ThreadPoolExecutor.runWorker(ThreadPoolExecutor.java:1144)
[info]   at java.base/java.util.concurrent.ThreadPoolExecutor$Worker.run(ThreadPoolExecutor.java:642)
[info]   at java.base/java.lang.Thread.run(Thread.java:1583)
[info]   Cause: java.lang.ClassCastException: Cannot cast scala.reflect.ClassTag$GenericClassTag to org.apache.spark.sql.catalyst.expressions.Expression
[info]   at java.base/java.lang.Class.cast(Class.java:4067)
[info]   at java.base/jdk.internal.reflect.DirectConstructorHandleAccessor.newInstance(DirectConstructorHandleAccessor.java:62)
[info]   at java.base/java.lang.reflect.Constructor.newInstanceWithCaller(Constructor.java:502)
[info]   at java.base/java.lang.reflect.Constructor.newInstance(Constructor.java:486)
[info]   at frameless.TypedExpressionEncoder$.$anonfun$apply$3(TypedExpressionEncoder.scala:55)
[info]   at scala.Option.map(Option.scala:242)
[info]   at frameless.TypedExpressionEncoder$.apply(TypedExpressionEncoder.scala:54)
[info]   at frameless.TypedDataset$.create(TypedDataset.scala:1325)
[info]   at frameless.functions.NonAggregateFunctionsTests.prop$15(NonAggregateFunctionsTests.scala:484)
[info]   at frameless.functions.NonAggregateFunctionsTests.$anonfun$new$263(NonAggregateFunctionsTests.scala:488)
[info]   at scala.Function1.$anonfun$andThen$1(Function1.scala:87)
[info]   at org.scalacheck.Prop$.$anonfun$forAllShrink$2(Prop.scala:868)
[info]   at org.scalacheck.Prop$.secure(Prop.scala:484)
[info]   at org.scalacheck.Prop$.result$1(Prop.scala:868)
[info]   at org.scalacheck.Prop$.$anonfun$forAllShrink$1(Prop.scala:915)
[info]   at org.scalacheck.Prop$.$anonfun$apply$1(Prop.scala:305)
[info]   at org.scalacheck.PropFromFun.apply(Prop.scala:20)
[info]   at org.scalacheck.Test$.workerFun$1(Test.scala:486)
[info]   at org.scalacheck.Test$.$anonfun$check$4(Test.scala:518)
[info]   at org.scalacheck.Test$.$anonfun$check$4$adapted(Test.scala:518)
[info]   at org.scalacheck.Platform$.runWorkers(Platform.scala:42)
[info]   at org.scalacheck.Test$.check(Test.scala:518)
[info]   at org.scalatestplus.scalacheck.UnitCheckerAsserting$CheckerAssertingImpl.check(CheckerAsserting.scala:90)
[info]   at org.scalatestplus.scalacheck.Checkers.check(Checkers.scala:371)
[info]   at org.scalatestplus.scalacheck.Checkers.check$(Checkers.scala:369)
[info]   at frameless.TypedDatasetSuite.check(TypedDatasetSuite.scala:63)
[info]   at frameless.functions.NonAggregateFunctionsTests.$anonfun$new$255(NonAggregateFunctionsTests.scala:488)
[info]   at org.scalatest.OutcomeOf.outcomeOf(OutcomeOf.scala:85)
[info]   at org.scalatest.OutcomeOf.outcomeOf$(OutcomeOf.scala:83)
[info]   at org.scalatest.OutcomeOf$.outcomeOf(OutcomeOf.scala:104)
[info]   at org.scalatest.Transformer.apply(Transformer.scala:22)
[info]   at org.scalatest.Transformer.apply(Transformer.scala:20)
[info]   at org.scalatest.funsuite.AnyFunSuiteLike$$anon$1.apply(AnyFunSuiteLike.scala:226)
[info]   at org.scalatest.TestSuite.withFixture(TestSuite.scala:196)
[info]   at org.scalatest.TestSuite.withFixture$(TestSuite.scala:195)
[info]   at org.scalatest.funsuite.AnyFunSuite.withFixture(AnyFunSuite.scala:1564)
[info]   at org.scalatest.funsuite.AnyFunSuiteLike.invokeWithFixture$1(AnyFunSuiteLike.scala:224)
[info]   at org.scalatest.funsuite.AnyFunSuiteLike.$anonfun$runTest$1(AnyFunSuiteLike.scala:236)
[info]   at org.scalatest.SuperEngine.runTestImpl(Engine.scala:306)
[info]   at org.scalatest.funsuite.AnyFunSuiteLike.runTest(AnyFunSuiteLike.scala:236)
[info]   at org.scalatest.funsuite.AnyFunSuiteLike.runTest$(AnyFunSuiteLike.scala:218)
[info]   at org.scalatest.funsuite.AnyFunSuite.runTest(AnyFunSuite.scala:1564)
[info]   at org.scalatest.funsuite.AnyFunSuiteLike.$anonfun$runTests$1(AnyFunSuiteLike.scala:269)
[info]   at org.scalatest.SuperEngine.$anonfun$runTestsInBranch$1(Engine.scala:413)
[info]   at scala.collection.immutable.List.foreach(List.scala:334)
[info]   at org.scalatest.SuperEngine.traverseSubNodes$1(Engine.scala:401)
[info]   at org.scalatest.SuperEngine.runTestsInBranch(Engine.scala:396)
[info]   at org.scalatest.SuperEngine.runTestsImpl(Engine.scala:475)
[info]   at org.scalatest.funsuite.AnyFunSuiteLike.runTests(AnyFunSuiteLike.scala:269)
[info]   at org.scalatest.funsuite.AnyFunSuiteLike.runTests$(AnyFunSuiteLike.scala:268)
[info]   at org.scalatest.funsuite.AnyFunSuite.runTests(AnyFunSuite.scala:1564)
[info]   at org.scalatest.Suite.run(Suite.scala:1114)
[info]   at org.scalatest.Suite.run$(Suite.scala:1096)
[info]   at org.scalatest.funsuite.AnyFunSuite.org$scalatest$funsuite$AnyFunSuiteLike$$super$run(AnyFunSuite.scala:1564)
[info]   at org.scalatest.funsuite.AnyFunSuiteLike.$anonfun$run$1(AnyFunSuiteLike.scala:273)
[info]   at org.scalatest.SuperEngine.runImpl(Engine.scala:535)
[info]   at org.scalatest.funsuite.AnyFunSuiteLike.run(AnyFunSuiteLike.scala:273)
[info]   at org.scalatest.funsuite.AnyFunSuiteLike.run$(AnyFunSuiteLike.scala:272)
[info]   at frameless.TypedDatasetSuite.org$scalatest$BeforeAndAfterAll$$super$run(TypedDatasetSuite.scala:63)
[info]   at org.scalatest.BeforeAndAfterAll.liftedTree1$1(BeforeAndAfterAll.scala:213)
[info]   at org.scalatest.BeforeAndAfterAll.run(BeforeAndAfterAll.scala:210)
[info]   at org.scalatest.BeforeAndAfterAll.run$(BeforeAndAfterAll.scala:208)
[info]   at frameless.TypedDatasetSuite.run(TypedDatasetSuite.scala:63)
[info]   at org.scalatest.tools.Framework.org$scalatest$tools$Framework$$runSuite(Framework.scala:321)
[info]   at org.scalatest.tools.Framework$ScalaTestTask.execute(Framework.scala:517)
[info]   at sbt.ForkMain$Run.lambda$runTest$1(ForkMain.java:414)
[info]   at java.base/java.util.concurrent.FutureTask.run(FutureTask.java:317)
[info]   at java.base/java.util.concurrent.ThreadPoolExecutor.runWorker(ThreadPoolExecutor.java:1144)
[info]   at java.base/java.util.concurrent.ThreadPoolExecutor$Worker.run(ThreadPoolExecutor.java:642)
[info]   at java.base/java.lang.Thread.run(Thread.java:1583)
[info] - cosh *** FAILED *** (4 milliseconds)
[info]   IllegalArgumentException was thrown during property evaluation.
[info]     Message: argument type mismatch
[info]     Occurred when passed generated values (
[info]       arg0 = List()
[info]     )
[info]   org.scalatest.exceptions.GeneratorDrivenPropertyCheckFailedException:
[info]   at org.scalatestplus.scalacheck.CheckerAsserting$$anon$2.indicateFailure(CheckerAsserting.scala:251)
[info]   at org.scalatestplus.scalacheck.CheckerAsserting$$anon$2.indicateFailure(CheckerAsserting.scala:238)
[info]   at org.scalatestplus.scalacheck.UnitCheckerAsserting$CheckerAssertingImpl.check(CheckerAsserting.scala:160)
[info]   at org.scalatestplus.scalacheck.Checkers.check(Checkers.scala:371)
[info]   at org.scalatestplus.scalacheck.Checkers.check$(Checkers.scala:369)
[info]   at frameless.TypedDatasetSuite.check(TypedDatasetSuite.scala:63)
[info]   at frameless.functions.NonAggregateFunctionsTests.$anonfun$new$275(NonAggregateFunctionsTests.scala:506)
[info]   at org.scalatest.OutcomeOf.outcomeOf(OutcomeOf.scala:85)
[info]   at org.scalatest.OutcomeOf.outcomeOf$(OutcomeOf.scala:83)
[info]   at org.scalatest.OutcomeOf$.outcomeOf(OutcomeOf.scala:104)
[info]   at org.scalatest.Transformer.apply(Transformer.scala:22)
[info]   at org.scalatest.Transformer.apply(Transformer.scala:20)
[info]   at org.scalatest.funsuite.AnyFunSuiteLike$$anon$1.apply(AnyFunSuiteLike.scala:226)
[info]   at org.scalatest.TestSuite.withFixture(TestSuite.scala:196)
[info]   at org.scalatest.TestSuite.withFixture$(TestSuite.scala:195)
[info]   at org.scalatest.funsuite.AnyFunSuite.withFixture(AnyFunSuite.scala:1564)
[info]   at org.scalatest.funsuite.AnyFunSuiteLike.invokeWithFixture$1(AnyFunSuiteLike.scala:224)
[info]   at org.scalatest.funsuite.AnyFunSuiteLike.$anonfun$runTest$1(AnyFunSuiteLike.scala:236)
[info]   at org.scalatest.SuperEngine.runTestImpl(Engine.scala:306)
[info]   at org.scalatest.funsuite.AnyFunSuiteLike.runTest(AnyFunSuiteLike.scala:236)
[info]   at org.scalatest.funsuite.AnyFunSuiteLike.runTest$(AnyFunSuiteLike.scala:218)
[info]   at org.scalatest.funsuite.AnyFunSuite.runTest(AnyFunSuite.scala:1564)
[info]   at org.scalatest.funsuite.AnyFunSuiteLike.$anonfun$runTests$1(AnyFunSuiteLike.scala:269)
[info]   at org.scalatest.SuperEngine.$anonfun$runTestsInBranch$1(Engine.scala:413)
[info]   at scala.collection.immutable.List.foreach(List.scala:334)
[info]   at org.scalatest.SuperEngine.traverseSubNodes$1(Engine.scala:401)
[info]   at org.scalatest.SuperEngine.runTestsInBranch(Engine.scala:396)
[info]   at org.scalatest.SuperEngine.runTestsImpl(Engine.scala:475)
[info]   at org.scalatest.funsuite.AnyFunSuiteLike.runTests(AnyFunSuiteLike.scala:269)
[info]   at org.scalatest.funsuite.AnyFunSuiteLike.runTests$(AnyFunSuiteLike.scala:268)
[info]   at org.scalatest.funsuite.AnyFunSuite.runTests(AnyFunSuite.scala:1564)
[info]   at org.scalatest.Suite.run(Suite.scala:1114)
[info]   at org.scalatest.Suite.run$(Suite.scala:1096)
[info]   at org.scalatest.funsuite.AnyFunSuite.org$scalatest$funsuite$AnyFunSuiteLike$$super$run(AnyFunSuite.scala:1564)
[info]   at org.scalatest.funsuite.AnyFunSuiteLike.$anonfun$run$1(AnyFunSuiteLike.scala:273)
[info]   at org.scalatest.SuperEngine.runImpl(Engine.scala:535)
[info]   at org.scalatest.funsuite.AnyFunSuiteLike.run(AnyFunSuiteLike.scala:273)
[info]   at org.scalatest.funsuite.AnyFunSuiteLike.run$(AnyFunSuiteLike.scala:272)
[info]   at frameless.TypedDatasetSuite.org$scalatest$BeforeAndAfterAll$$super$run(TypedDatasetSuite.scala:63)
[info]   at org.scalatest.BeforeAndAfterAll.liftedTree1$1(BeforeAndAfterAll.scala:213)
[info]   at org.scalatest.BeforeAndAfterAll.run(BeforeAndAfterAll.scala:210)
[info]   at org.scalatest.BeforeAndAfterAll.run$(BeforeAndAfterAll.scala:208)
[info]   at frameless.TypedDatasetSuite.run(TypedDatasetSuite.scala:63)
[info]   at org.scalatest.tools.Framework.org$scalatest$tools$Framework$$runSuite(Framework.scala:321)
[info]   at org.scalatest.tools.Framework$ScalaTestTask.execute(Framework.scala:517)
[info]   at sbt.ForkMain$Run.lambda$runTest$1(ForkMain.java:414)
[info]   at java.base/java.util.concurrent.FutureTask.run(FutureTask.java:317)
[info]   at java.base/java.util.concurrent.ThreadPoolExecutor.runWorker(ThreadPoolExecutor.java:1144)
[info]   at java.base/java.util.concurrent.ThreadPoolExecutor$Worker.run(ThreadPoolExecutor.java:642)
[info]   at java.base/java.lang.Thread.run(Thread.java:1583)
[info]   Cause: java.lang.IllegalArgumentException: argument type mismatch
[info]   at java.base/jdk.internal.reflect.DirectConstructorHandleAccessor.newInstance(DirectConstructorHandleAccessor.java:65)
[info]   at java.base/java.lang.reflect.Constructor.newInstanceWithCaller(Constructor.java:502)
[info]   at java.base/java.lang.reflect.Constructor.newInstance(Constructor.java:486)
[info]   at frameless.TypedExpressionEncoder$.$anonfun$apply$3(TypedExpressionEncoder.scala:55)
[info]   at scala.Option.map(Option.scala:242)
[info]   at frameless.TypedExpressionEncoder$.apply(TypedExpressionEncoder.scala:54)
[info]   at frameless.TypedDataset$.create(TypedDataset.scala:1325)
[info]   at frameless.functions.NonAggregateFunctionsTests.prop$16(NonAggregateFunctionsTests.scala:502)
[info]   at frameless.functions.NonAggregateFunctionsTests.$anonfun$new$283(NonAggregateFunctionsTests.scala:506)
[info]   at scala.Function1.$anonfun$andThen$1(Function1.scala:87)
[info]   at org.scalacheck.Prop$.$anonfun$forAllShrink$2(Prop.scala:868)
[info]   at org.scalacheck.Prop$.secure(Prop.scala:484)
[info]   at org.scalacheck.Prop$.result$1(Prop.scala:868)
[info]   at org.scalacheck.Prop$.$anonfun$forAllShrink$1(Prop.scala:915)
[info]   at org.scalacheck.Prop$.$anonfun$apply$1(Prop.scala:305)
[info]   at org.scalacheck.PropFromFun.apply(Prop.scala:20)
[info]   at org.scalacheck.Test$.workerFun$1(Test.scala:486)
[info]   at org.scalacheck.Test$.$anonfun$check$4(Test.scala:518)
[info]   at org.scalacheck.Test$.$anonfun$check$4$adapted(Test.scala:518)
[info]   at org.scalacheck.Platform$.runWorkers(Platform.scala:42)
[info]   at org.scalacheck.Test$.check(Test.scala:518)
[info]   at org.scalatestplus.scalacheck.UnitCheckerAsserting$CheckerAssertingImpl.check(CheckerAsserting.scala:90)
[info]   at org.scalatestplus.scalacheck.Checkers.check(Checkers.scala:371)
[info]   at org.scalatestplus.scalacheck.Checkers.check$(Checkers.scala:369)
[info]   at frameless.TypedDatasetSuite.check(TypedDatasetSuite.scala:63)
[info]   at frameless.functions.NonAggregateFunctionsTests.$anonfun$new$275(NonAggregateFunctionsTests.scala:506)
[info]   at org.scalatest.OutcomeOf.outcomeOf(OutcomeOf.scala:85)
[info]   at org.scalatest.OutcomeOf.outcomeOf$(OutcomeOf.scala:83)
[info]   at org.scalatest.OutcomeOf$.outcomeOf(OutcomeOf.scala:104)
[info]   at org.scalatest.Transformer.apply(Transformer.scala:22)
[info]   at org.scalatest.Transformer.apply(Transformer.scala:20)
[info]   at org.scalatest.funsuite.AnyFunSuiteLike$$anon$1.apply(AnyFunSuiteLike.scala:226)
[info]   at org.scalatest.TestSuite.withFixture(TestSuite.scala:196)
[info]   at org.scalatest.TestSuite.withFixture$(TestSuite.scala:195)
[info]   at org.scalatest.funsuite.AnyFunSuite.withFixture(AnyFunSuite.scala:1564)
[info]   at org.scalatest.funsuite.AnyFunSuiteLike.invokeWithFixture$1(AnyFunSuiteLike.scala:224)
[info]   at org.scalatest.funsuite.AnyFunSuiteLike.$anonfun$runTest$1(AnyFunSuiteLike.scala:236)
[info]   at org.scalatest.SuperEngine.runTestImpl(Engine.scala:306)
[info]   at org.scalatest.funsuite.AnyFunSuiteLike.runTest(AnyFunSuiteLike.scala:236)
[info]   at org.scalatest.funsuite.AnyFunSuiteLike.runTest$(AnyFunSuiteLike.scala:218)
[info]   at org.scalatest.funsuite.AnyFunSuite.runTest(AnyFunSuite.scala:1564)
[info]   at org.scalatest.funsuite.AnyFunSuiteLike.$anonfun$runTests$1(AnyFunSuiteLike.scala:269)
[info]   at org.scalatest.SuperEngine.$anonfun$runTestsInBranch$1(Engine.scala:413)
[info]   at scala.collection.immutable.List.foreach(List.scala:334)
[info]   at org.scalatest.SuperEngine.traverseSubNodes$1(Engine.scala:401)
[info]   at org.scalatest.SuperEngine.runTestsInBranch(Engine.scala:396)
[info]   at org.scalatest.SuperEngine.runTestsImpl(Engine.scala:475)
[info]   at org.scalatest.funsuite.AnyFunSuiteLike.runTests(AnyFunSuiteLike.scala:269)
[info]   at org.scalatest.funsuite.AnyFunSuiteLike.runTests$(AnyFunSuiteLike.scala:268)
[info]   at org.scalatest.funsuite.AnyFunSuite.runTests(AnyFunSuite.scala:1564)
[info]   at org.scalatest.Suite.run(Suite.scala:1114)
[info]   at org.scalatest.Suite.run$(Suite.scala:1096)
[info]   at org.scalatest.funsuite.AnyFunSuite.org$scalatest$funsuite$AnyFunSuiteLike$$super$run(AnyFunSuite.scala:1564)
[info]   at org.scalatest.funsuite.AnyFunSuiteLike.$anonfun$run$1(AnyFunSuiteLike.scala:273)
[info]   at org.scalatest.SuperEngine.runImpl(Engine.scala:535)
[info]   at org.scalatest.funsuite.AnyFunSuiteLike.run(AnyFunSuiteLike.scala:273)
[info]   at org.scalatest.funsuite.AnyFunSuiteLike.run$(AnyFunSuiteLike.scala:272)
[info]   at frameless.TypedDatasetSuite.org$scalatest$BeforeAndAfterAll$$super$run(TypedDatasetSuite.scala:63)
[info]   at org.scalatest.BeforeAndAfterAll.liftedTree1$1(BeforeAndAfterAll.scala:213)
[info]   at org.scalatest.BeforeAndAfterAll.run(BeforeAndAfterAll.scala:210)
[info]   at org.scalatest.BeforeAndAfterAll.run$(BeforeAndAfterAll.scala:208)
[info]   at frameless.TypedDatasetSuite.run(TypedDatasetSuite.scala:63)
[info]   at org.scalatest.tools.Framework.org$scalatest$tools$Framework$$runSuite(Framework.scala:321)
[info]   at org.scalatest.tools.Framework$ScalaTestTask.execute(Framework.scala:517)
[info]   at sbt.ForkMain$Run.lambda$runTest$1(ForkMain.java:414)
[info]   at java.base/java.util.concurrent.FutureTask.run(FutureTask.java:317)
[info]   at java.base/java.util.concurrent.ThreadPoolExecutor.runWorker(ThreadPoolExecutor.java:1144)
[info]   at java.base/java.util.concurrent.ThreadPoolExecutor$Worker.run(ThreadPoolExecutor.java:642)
[info]   at java.base/java.lang.Thread.run(Thread.java:1583)
[info]   Cause: java.lang.ClassCastException: Cannot cast scala.reflect.ClassTag$GenericClassTag to org.apache.spark.sql.catalyst.expressions.Expression
[info]   at java.base/java.lang.Class.cast(Class.java:4067)
[info]   at java.base/jdk.internal.reflect.DirectConstructorHandleAccessor.newInstance(DirectConstructorHandleAccessor.java:62)
[info]   at java.base/java.lang.reflect.Constructor.newInstanceWithCaller(Constructor.java:502)
[info]   at java.base/java.lang.reflect.Constructor.newInstance(Constructor.java:486)
[info]   at frameless.TypedExpressionEncoder$.$anonfun$apply$3(TypedExpressionEncoder.scala:55)
[info]   at scala.Option.map(Option.scala:242)
[info]   at frameless.TypedExpressionEncoder$.apply(TypedExpressionEncoder.scala:54)
[info]   at frameless.TypedDataset$.create(TypedDataset.scala:1325)
[info]   at frameless.functions.NonAggregateFunctionsTests.prop$16(NonAggregateFunctionsTests.scala:502)
[info]   at frameless.functions.NonAggregateFunctionsTests.$anonfun$new$283(NonAggregateFunctionsTests.scala:506)
[info]   at scala.Function1.$anonfun$andThen$1(Function1.scala:87)
[info]   at org.scalacheck.Prop$.$anonfun$forAllShrink$2(Prop.scala:868)
[info]   at org.scalacheck.Prop$.secure(Prop.scala:484)
[info]   at org.scalacheck.Prop$.result$1(Prop.scala:868)
[info]   at org.scalacheck.Prop$.$anonfun$forAllShrink$1(Prop.scala:915)
[info]   at org.scalacheck.Prop$.$anonfun$apply$1(Prop.scala:305)
[info]   at org.scalacheck.PropFromFun.apply(Prop.scala:20)
[info]   at org.scalacheck.Test$.workerFun$1(Test.scala:486)
[info]   at org.scalacheck.Test$.$anonfun$check$4(Test.scala:518)
[info]   at org.scalacheck.Test$.$anonfun$check$4$adapted(Test.scala:518)
[info]   at org.scalacheck.Platform$.runWorkers(Platform.scala:42)
[info]   at org.scalacheck.Test$.check(Test.scala:518)
[info]   at org.scalatestplus.scalacheck.UnitCheckerAsserting$CheckerAssertingImpl.check(CheckerAsserting.scala:90)
[info]   at org.scalatestplus.scalacheck.Checkers.check(Checkers.scala:371)
[info]   at org.scalatestplus.scalacheck.Checkers.check$(Checkers.scala:369)
[info]   at frameless.TypedDatasetSuite.check(TypedDatasetSuite.scala:63)
[info]   at frameless.functions.NonAggregateFunctionsTests.$anonfun$new$275(NonAggregateFunctionsTests.scala:506)
[info]   at org.scalatest.OutcomeOf.outcomeOf(OutcomeOf.scala:85)
[info]   at org.scalatest.OutcomeOf.outcomeOf$(OutcomeOf.scala:83)
[info]   at org.scalatest.OutcomeOf$.outcomeOf(OutcomeOf.scala:104)
[info]   at org.scalatest.Transformer.apply(Transformer.scala:22)
[info]   at org.scalatest.Transformer.apply(Transformer.scala:20)
[info]   at org.scalatest.funsuite.AnyFunSuiteLike$$anon$1.apply(AnyFunSuiteLike.scala:226)
[info]   at org.scalatest.TestSuite.withFixture(TestSuite.scala:196)
[info]   at org.scalatest.TestSuite.withFixture$(TestSuite.scala:195)
[info]   at org.scalatest.funsuite.AnyFunSuite.withFixture(AnyFunSuite.scala:1564)
[info]   at org.scalatest.funsuite.AnyFunSuiteLike.invokeWithFixture$1(AnyFunSuiteLike.scala:224)
[info]   at org.scalatest.funsuite.AnyFunSuiteLike.$anonfun$runTest$1(AnyFunSuiteLike.scala:236)
[info]   at org.scalatest.SuperEngine.runTestImpl(Engine.scala:306)
[info]   at org.scalatest.funsuite.AnyFunSuiteLike.runTest(AnyFunSuiteLike.scala:236)
[info]   at org.scalatest.funsuite.AnyFunSuiteLike.runTest$(AnyFunSuiteLike.scala:218)
[info]   at org.scalatest.funsuite.AnyFunSuite.runTest(AnyFunSuite.scala:1564)
[info]   at org.scalatest.funsuite.AnyFunSuiteLike.$anonfun$runTests$1(AnyFunSuiteLike.scala:269)
[info]   at org.scalatest.SuperEngine.$anonfun$runTestsInBranch$1(Engine.scala:413)
[info]   at scala.collection.immutable.List.foreach(List.scala:334)
[info]   at org.scalatest.SuperEngine.traverseSubNodes$1(Engine.scala:401)
[info]   at org.scalatest.SuperEngine.runTestsInBranch(Engine.scala:396)
[info]   at org.scalatest.SuperEngine.runTestsImpl(Engine.scala:475)
[info]   at org.scalatest.funsuite.AnyFunSuiteLike.runTests(AnyFunSuiteLike.scala:269)
[info]   at org.scalatest.funsuite.AnyFunSuiteLike.runTests$(AnyFunSuiteLike.scala:268)
[info]   at org.scalatest.funsuite.AnyFunSuite.runTests(AnyFunSuite.scala:1564)
[info]   at org.scalatest.Suite.run(Suite.scala:1114)
[info]   at org.scalatest.Suite.run$(Suite.scala:1096)
[info]   at org.scalatest.funsuite.AnyFunSuite.org$scalatest$funsuite$AnyFunSuiteLike$$super$run(AnyFunSuite.scala:1564)
[info]   at org.scalatest.funsuite.AnyFunSuiteLike.$anonfun$run$1(AnyFunSuiteLike.scala:273)
[info]   at org.scalatest.SuperEngine.runImpl(Engine.scala:535)
[info]   at org.scalatest.funsuite.AnyFunSuiteLike.run(AnyFunSuiteLike.scala:273)
[info]   at org.scalatest.funsuite.AnyFunSuiteLike.run$(AnyFunSuiteLike.scala:272)
[info]   at frameless.TypedDatasetSuite.org$scalatest$BeforeAndAfterAll$$super$run(TypedDatasetSuite.scala:63)
[info]   at org.scalatest.BeforeAndAfterAll.liftedTree1$1(BeforeAndAfterAll.scala:213)
[info]   at org.scalatest.BeforeAndAfterAll.run(BeforeAndAfterAll.scala:210)
[info]   at org.scalatest.BeforeAndAfterAll.run$(BeforeAndAfterAll.scala:208)
[info]   at frameless.TypedDatasetSuite.run(TypedDatasetSuite.scala:63)
[info]   at org.scalatest.tools.Framework.org$scalatest$tools$Framework$$runSuite(Framework.scala:321)
[info]   at org.scalatest.tools.Framework$ScalaTestTask.execute(Framework.scala:517)
[info]   at sbt.ForkMain$Run.lambda$runTest$1(ForkMain.java:414)
[info]   at java.base/java.util.concurrent.FutureTask.run(FutureTask.java:317)
[info]   at java.base/java.util.concurrent.ThreadPoolExecutor.runWorker(ThreadPoolExecutor.java:1144)
[info]   at java.base/java.util.concurrent.ThreadPoolExecutor$Worker.run(ThreadPoolExecutor.java:642)
[info]   at java.base/java.lang.Thread.run(Thread.java:1583)
[info] - acos *** FAILED *** (3 milliseconds)
[info]   IllegalArgumentException was thrown during property evaluation.
[info]     Message: argument type mismatch
[info]     Occurred when passed generated values (
[info]       arg0 = List()
[info]     )
[info]   org.scalatest.exceptions.GeneratorDrivenPropertyCheckFailedException:
[info]   at org.scalatestplus.scalacheck.CheckerAsserting$$anon$2.indicateFailure(CheckerAsserting.scala:251)
[info]   at org.scalatestplus.scalacheck.CheckerAsserting$$anon$2.indicateFailure(CheckerAsserting.scala:238)
[info]   at org.scalatestplus.scalacheck.UnitCheckerAsserting$CheckerAssertingImpl.check(CheckerAsserting.scala:160)
[info]   at org.scalatestplus.scalacheck.Checkers.check(Checkers.scala:371)
[info]   at org.scalatestplus.scalacheck.Checkers.check$(Checkers.scala:369)
[info]   at frameless.TypedDatasetSuite.check(TypedDatasetSuite.scala:63)
[info]   at frameless.functions.NonAggregateFunctionsTests.$anonfun$new$295(NonAggregateFunctionsTests.scala:524)
[info]   at org.scalatest.OutcomeOf.outcomeOf(OutcomeOf.scala:85)
[info]   at org.scalatest.OutcomeOf.outcomeOf$(OutcomeOf.scala:83)
[info]   at org.scalatest.OutcomeOf$.outcomeOf(OutcomeOf.scala:104)
[info]   at org.scalatest.Transformer.apply(Transformer.scala:22)
[info]   at org.scalatest.Transformer.apply(Transformer.scala:20)
[info]   at org.scalatest.funsuite.AnyFunSuiteLike$$anon$1.apply(AnyFunSuiteLike.scala:226)
[info]   at org.scalatest.TestSuite.withFixture(TestSuite.scala:196)
[info]   at org.scalatest.TestSuite.withFixture$(TestSuite.scala:195)
[info]   at org.scalatest.funsuite.AnyFunSuite.withFixture(AnyFunSuite.scala:1564)
[info]   at org.scalatest.funsuite.AnyFunSuiteLike.invokeWithFixture$1(AnyFunSuiteLike.scala:224)
[info]   at org.scalatest.funsuite.AnyFunSuiteLike.$anonfun$runTest$1(AnyFunSuiteLike.scala:236)
[info]   at org.scalatest.SuperEngine.runTestImpl(Engine.scala:306)
[info]   at org.scalatest.funsuite.AnyFunSuiteLike.runTest(AnyFunSuiteLike.scala:236)
[info]   at org.scalatest.funsuite.AnyFunSuiteLike.runTest$(AnyFunSuiteLike.scala:218)
[info]   at org.scalatest.funsuite.AnyFunSuite.runTest(AnyFunSuite.scala:1564)
[info]   at org.scalatest.funsuite.AnyFunSuiteLike.$anonfun$runTests$1(AnyFunSuiteLike.scala:269)
[info]   at org.scalatest.SuperEngine.$anonfun$runTestsInBranch$1(Engine.scala:413)
[info]   at scala.collection.immutable.List.foreach(List.scala:334)
[info]   at org.scalatest.SuperEngine.traverseSubNodes$1(Engine.scala:401)
[info]   at org.scalatest.SuperEngine.runTestsInBranch(Engine.scala:396)
[info]   at org.scalatest.SuperEngine.runTestsImpl(Engine.scala:475)
[info]   at org.scalatest.funsuite.AnyFunSuiteLike.runTests(AnyFunSuiteLike.scala:269)
[info]   at org.scalatest.funsuite.AnyFunSuiteLike.runTests$(AnyFunSuiteLike.scala:268)
[info]   at org.scalatest.funsuite.AnyFunSuite.runTests(AnyFunSuite.scala:1564)
[info]   at org.scalatest.Suite.run(Suite.scala:1114)
[info]   at org.scalatest.Suite.run$(Suite.scala:1096)
[info]   at org.scalatest.funsuite.AnyFunSuite.org$scalatest$funsuite$AnyFunSuiteLike$$super$run(AnyFunSuite.scala:1564)
[info]   at org.scalatest.funsuite.AnyFunSuiteLike.$anonfun$run$1(AnyFunSuiteLike.scala:273)
[info]   at org.scalatest.SuperEngine.runImpl(Engine.scala:535)
[info]   at org.scalatest.funsuite.AnyFunSuiteLike.run(AnyFunSuiteLike.scala:273)
[info]   at org.scalatest.funsuite.AnyFunSuiteLike.run$(AnyFunSuiteLike.scala:272)
[info]   at frameless.TypedDatasetSuite.org$scalatest$BeforeAndAfterAll$$super$run(TypedDatasetSuite.scala:63)
[info]   at org.scalatest.BeforeAndAfterAll.liftedTree1$1(BeforeAndAfterAll.scala:213)
[info]   at org.scalatest.BeforeAndAfterAll.run(BeforeAndAfterAll.scala:210)
[info]   at org.scalatest.BeforeAndAfterAll.run$(BeforeAndAfterAll.scala:208)
[info]   at frameless.TypedDatasetSuite.run(TypedDatasetSuite.scala:63)
[info]   at org.scalatest.tools.Framework.org$scalatest$tools$Framework$$runSuite(Framework.scala:321)
[info]   at org.scalatest.tools.Framework$ScalaTestTask.execute(Framework.scala:517)
[info]   at sbt.ForkMain$Run.lambda$runTest$1(ForkMain.java:414)
[info]   at java.base/java.util.concurrent.FutureTask.run(FutureTask.java:317)
[info]   at java.base/java.util.concurrent.ThreadPoolExecutor.runWorker(ThreadPoolExecutor.java:1144)
[info]   at java.base/java.util.concurrent.ThreadPoolExecutor$Worker.run(ThreadPoolExecutor.java:642)
[info]   at java.base/java.lang.Thread.run(Thread.java:1583)
[info]   Cause: java.lang.IllegalArgumentException: argument type mismatch
[info]   at java.base/jdk.internal.reflect.DirectConstructorHandleAccessor.newInstance(DirectConstructorHandleAccessor.java:65)
[info]   at java.base/java.lang.reflect.Constructor.newInstanceWithCaller(Constructor.java:502)
[info]   at java.base/java.lang.reflect.Constructor.newInstance(Constructor.java:486)
[info]   at frameless.TypedExpressionEncoder$.$anonfun$apply$3(TypedExpressionEncoder.scala:55)
[info]   at scala.Option.map(Option.scala:242)
[info]   at frameless.TypedExpressionEncoder$.apply(TypedExpressionEncoder.scala:54)
[info]   at frameless.TypedDataset$.create(TypedDataset.scala:1325)
[info]   at frameless.functions.NonAggregateFunctionsTests.prop$17(NonAggregateFunctionsTests.scala:520)
[info]   at frameless.functions.NonAggregateFunctionsTests.$anonfun$new$303(NonAggregateFunctionsTests.scala:524)
[info]   at scala.Function1.$anonfun$andThen$1(Function1.scala:87)
[info]   at org.scalacheck.Prop$.$anonfun$forAllShrink$2(Prop.scala:868)
[info]   at org.scalacheck.Prop$.secure(Prop.scala:484)
[info]   at org.scalacheck.Prop$.result$1(Prop.scala:868)
[info]   at org.scalacheck.Prop$.$anonfun$forAllShrink$1(Prop.scala:915)
[info]   at org.scalacheck.Prop$.$anonfun$apply$1(Prop.scala:305)
[info]   at org.scalacheck.PropFromFun.apply(Prop.scala:20)
[info]   at org.scalacheck.Test$.workerFun$1(Test.scala:486)
[info]   at org.scalacheck.Test$.$anonfun$check$4(Test.scala:518)
[info]   at org.scalacheck.Test$.$anonfun$check$4$adapted(Test.scala:518)
[info]   at org.scalacheck.Platform$.runWorkers(Platform.scala:42)
[info]   at org.scalacheck.Test$.check(Test.scala:518)
[info]   at org.scalatestplus.scalacheck.UnitCheckerAsserting$CheckerAssertingImpl.check(CheckerAsserting.scala:90)
[info]   at org.scalatestplus.scalacheck.Checkers.check(Checkers.scala:371)
[info]   at org.scalatestplus.scalacheck.Checkers.check$(Checkers.scala:369)
[info]   at frameless.TypedDatasetSuite.check(TypedDatasetSuite.scala:63)
[info]   at frameless.functions.NonAggregateFunctionsTests.$anonfun$new$295(NonAggregateFunctionsTests.scala:524)
[info]   at org.scalatest.OutcomeOf.outcomeOf(OutcomeOf.scala:85)
[info]   at org.scalatest.OutcomeOf.outcomeOf$(OutcomeOf.scala:83)
[info]   at org.scalatest.OutcomeOf$.outcomeOf(OutcomeOf.scala:104)
[info]   at org.scalatest.Transformer.apply(Transformer.scala:22)
[info]   at org.scalatest.Transformer.apply(Transformer.scala:20)
[info]   at org.scalatest.funsuite.AnyFunSuiteLike$$anon$1.apply(AnyFunSuiteLike.scala:226)
[info]   at org.scalatest.TestSuite.withFixture(TestSuite.scala:196)
[info]   at org.scalatest.TestSuite.withFixture$(TestSuite.scala:195)
[info]   at org.scalatest.funsuite.AnyFunSuite.withFixture(AnyFunSuite.scala:1564)
[info]   at org.scalatest.funsuite.AnyFunSuiteLike.invokeWithFixture$1(AnyFunSuiteLike.scala:224)
[info]   at org.scalatest.funsuite.AnyFunSuiteLike.$anonfun$runTest$1(AnyFunSuiteLike.scala:236)
[info]   at org.scalatest.SuperEngine.runTestImpl(Engine.scala:306)
[info]   at org.scalatest.funsuite.AnyFunSuiteLike.runTest(AnyFunSuiteLike.scala:236)
[info]   at org.scalatest.funsuite.AnyFunSuiteLike.runTest$(AnyFunSuiteLike.scala:218)
[info]   at org.scalatest.funsuite.AnyFunSuite.runTest(AnyFunSuite.scala:1564)
[info]   at org.scalatest.funsuite.AnyFunSuiteLike.$anonfun$runTests$1(AnyFunSuiteLike.scala:269)
[info]   at org.scalatest.SuperEngine.$anonfun$runTestsInBranch$1(Engine.scala:413)
[info]   at scala.collection.immutable.List.foreach(List.scala:334)
[info]   at org.scalatest.SuperEngine.traverseSubNodes$1(Engine.scala:401)
[info]   at org.scalatest.SuperEngine.runTestsInBranch(Engine.scala:396)
[info]   at org.scalatest.SuperEngine.runTestsImpl(Engine.scala:475)
[info]   at org.scalatest.funsuite.AnyFunSuiteLike.runTests(AnyFunSuiteLike.scala:269)
[info]   at org.scalatest.funsuite.AnyFunSuiteLike.runTests$(AnyFunSuiteLike.scala:268)
[info]   at org.scalatest.funsuite.AnyFunSuite.runTests(AnyFunSuite.scala:1564)
[info]   at org.scalatest.Suite.run(Suite.scala:1114)
[info]   at org.scalatest.Suite.run$(Suite.scala:1096)
[info]   at org.scalatest.funsuite.AnyFunSuite.org$scalatest$funsuite$AnyFunSuiteLike$$super$run(AnyFunSuite.scala:1564)
[info]   at org.scalatest.funsuite.AnyFunSuiteLike.$anonfun$run$1(AnyFunSuiteLike.scala:273)
[info]   at org.scalatest.SuperEngine.runImpl(Engine.scala:535)
[info]   at org.scalatest.funsuite.AnyFunSuiteLike.run(AnyFunSuiteLike.scala:273)
[info]   at org.scalatest.funsuite.AnyFunSuiteLike.run$(AnyFunSuiteLike.scala:272)
[info]   at frameless.TypedDatasetSuite.org$scalatest$BeforeAndAfterAll$$super$run(TypedDatasetSuite.scala:63)
[info]   at org.scalatest.BeforeAndAfterAll.liftedTree1$1(BeforeAndAfterAll.scala:213)
[info]   at org.scalatest.BeforeAndAfterAll.run(BeforeAndAfterAll.scala:210)
[info]   at org.scalatest.BeforeAndAfterAll.run$(BeforeAndAfterAll.scala:208)
[info]   at frameless.TypedDatasetSuite.run(TypedDatasetSuite.scala:63)
[info]   at org.scalatest.tools.Framework.org$scalatest$tools$Framework$$runSuite(Framework.scala:321)
[info]   at org.scalatest.tools.Framework$ScalaTestTask.execute(Framework.scala:517)
[info]   at sbt.ForkMain$Run.lambda$runTest$1(ForkMain.java:414)
[info]   at java.base/java.util.concurrent.FutureTask.run(FutureTask.java:317)
[info]   at java.base/java.util.concurrent.ThreadPoolExecutor.runWorker(ThreadPoolExecutor.java:1144)
[info]   at java.base/java.util.concurrent.ThreadPoolExecutor$Worker.run(ThreadPoolExecutor.java:642)
[info]   at java.base/java.lang.Thread.run(Thread.java:1583)
[info]   Cause: java.lang.ClassCastException: Cannot cast scala.reflect.ClassTag$GenericClassTag to org.apache.spark.sql.catalyst.expressions.Expression
[info]   at java.base/java.lang.Class.cast(Class.java:4067)
[info]   at java.base/jdk.internal.reflect.DirectConstructorHandleAccessor.newInstance(DirectConstructorHandleAccessor.java:62)
[info]   at java.base/java.lang.reflect.Constructor.newInstanceWithCaller(Constructor.java:502)
[info]   at java.base/java.lang.reflect.Constructor.newInstance(Constructor.java:486)
[info]   at frameless.TypedExpressionEncoder$.$anonfun$apply$3(TypedExpressionEncoder.scala:55)
[info]   at scala.Option.map(Option.scala:242)
[info]   at frameless.TypedExpressionEncoder$.apply(TypedExpressionEncoder.scala:54)
[info]   at frameless.TypedDataset$.create(TypedDataset.scala:1325)
[info]   at frameless.functions.NonAggregateFunctionsTests.prop$17(NonAggregateFunctionsTests.scala:520)
[info]   at frameless.functions.NonAggregateFunctionsTests.$anonfun$new$303(NonAggregateFunctionsTests.scala:524)
[info]   at scala.Function1.$anonfun$andThen$1(Function1.scala:87)
[info]   at org.scalacheck.Prop$.$anonfun$forAllShrink$2(Prop.scala:868)
[info]   at org.scalacheck.Prop$.secure(Prop.scala:484)
[info]   at org.scalacheck.Prop$.result$1(Prop.scala:868)
[info]   at org.scalacheck.Prop$.$anonfun$forAllShrink$1(Prop.scala:915)
[info]   at org.scalacheck.Prop$.$anonfun$apply$1(Prop.scala:305)
[info]   at org.scalacheck.PropFromFun.apply(Prop.scala:20)
[info]   at org.scalacheck.Test$.workerFun$1(Test.scala:486)
[info]   at org.scalacheck.Test$.$anonfun$check$4(Test.scala:518)
[info]   at org.scalacheck.Test$.$anonfun$check$4$adapted(Test.scala:518)
[info]   at org.scalacheck.Platform$.runWorkers(Platform.scala:42)
[info]   at org.scalacheck.Test$.check(Test.scala:518)
[info]   at org.scalatestplus.scalacheck.UnitCheckerAsserting$CheckerAssertingImpl.check(CheckerAsserting.scala:90)
[info]   at org.scalatestplus.scalacheck.Checkers.check(Checkers.scala:371)
[info]   at org.scalatestplus.scalacheck.Checkers.check$(Checkers.scala:369)
[info]   at frameless.TypedDatasetSuite.check(TypedDatasetSuite.scala:63)
[info]   at frameless.functions.NonAggregateFunctionsTests.$anonfun$new$295(NonAggregateFunctionsTests.scala:524)
[info]   at org.scalatest.OutcomeOf.outcomeOf(OutcomeOf.scala:85)
[info]   at org.scalatest.OutcomeOf.outcomeOf$(OutcomeOf.scala:83)
[info]   at org.scalatest.OutcomeOf$.outcomeOf(OutcomeOf.scala:104)
[info]   at org.scalatest.Transformer.apply(Transformer.scala:22)
[info]   at org.scalatest.Transformer.apply(Transformer.scala:20)
[info]   at org.scalatest.funsuite.AnyFunSuiteLike$$anon$1.apply(AnyFunSuiteLike.scala:226)
[info]   at org.scalatest.TestSuite.withFixture(TestSuite.scala:196)
[info]   at org.scalatest.TestSuite.withFixture$(TestSuite.scala:195)
[info]   at org.scalatest.funsuite.AnyFunSuite.withFixture(AnyFunSuite.scala:1564)
[info]   at org.scalatest.funsuite.AnyFunSuiteLike.invokeWithFixture$1(AnyFunSuiteLike.scala:224)
[info]   at org.scalatest.funsuite.AnyFunSuiteLike.$anonfun$runTest$1(AnyFunSuiteLike.scala:236)
[info]   at org.scalatest.SuperEngine.runTestImpl(Engine.scala:306)
[info]   at org.scalatest.funsuite.AnyFunSuiteLike.runTest(AnyFunSuiteLike.scala:236)
[info]   at org.scalatest.funsuite.AnyFunSuiteLike.runTest$(AnyFunSuiteLike.scala:218)
[info]   at org.scalatest.funsuite.AnyFunSuite.runTest(AnyFunSuite.scala:1564)
[info]   at org.scalatest.funsuite.AnyFunSuiteLike.$anonfun$runTests$1(AnyFunSuiteLike.scala:269)
[info]   at org.scalatest.SuperEngine.$anonfun$runTestsInBranch$1(Engine.scala:413)
[info]   at scala.collection.immutable.List.foreach(List.scala:334)
[info]   at org.scalatest.SuperEngine.traverseSubNodes$1(Engine.scala:401)
[info]   at org.scalatest.SuperEngine.runTestsInBranch(Engine.scala:396)
[info]   at org.scalatest.SuperEngine.runTestsImpl(Engine.scala:475)
[info]   at org.scalatest.funsuite.AnyFunSuiteLike.runTests(AnyFunSuiteLike.scala:269)
[info]   at org.scalatest.funsuite.AnyFunSuiteLike.runTests$(AnyFunSuiteLike.scala:268)
[info]   at org.scalatest.funsuite.AnyFunSuite.runTests(AnyFunSuite.scala:1564)
[info]   at org.scalatest.Suite.run(Suite.scala:1114)
[info]   at org.scalatest.Suite.run$(Suite.scala:1096)
[info]   at org.scalatest.funsuite.AnyFunSuite.org$scalatest$funsuite$AnyFunSuiteLike$$super$run(AnyFunSuite.scala:1564)
[info]   at org.scalatest.funsuite.AnyFunSuiteLike.$anonfun$run$1(AnyFunSuiteLike.scala:273)
[info]   at org.scalatest.SuperEngine.runImpl(Engine.scala:535)
[info]   at org.scalatest.funsuite.AnyFunSuiteLike.run(AnyFunSuiteLike.scala:273)
[info]   at org.scalatest.funsuite.AnyFunSuiteLike.run$(AnyFunSuiteLike.scala:272)
[info]   at frameless.TypedDatasetSuite.org$scalatest$BeforeAndAfterAll$$super$run(TypedDatasetSuite.scala:63)
[info]   at org.scalatest.BeforeAndAfterAll.liftedTree1$1(BeforeAndAfterAll.scala:213)
[info]   at org.scalatest.BeforeAndAfterAll.run(BeforeAndAfterAll.scala:210)
[info]   at org.scalatest.BeforeAndAfterAll.run$(BeforeAndAfterAll.scala:208)
[info]   at frameless.TypedDatasetSuite.run(TypedDatasetSuite.scala:63)
[info]   at org.scalatest.tools.Framework.org$scalatest$tools$Framework$$runSuite(Framework.scala:321)
[info]   at org.scalatest.tools.Framework$ScalaTestTask.execute(Framework.scala:517)
[info]   at sbt.ForkMain$Run.lambda$runTest$1(ForkMain.java:414)
[info]   at java.base/java.util.concurrent.FutureTask.run(FutureTask.java:317)
[info]   at java.base/java.util.concurrent.ThreadPoolExecutor.runWorker(ThreadPoolExecutor.java:1144)
[info]   at java.base/java.util.concurrent.ThreadPoolExecutor$Worker.run(ThreadPoolExecutor.java:642)
[info]   at java.base/java.lang.Thread.run(Thread.java:1583)
[info] - signum *** FAILED *** (3 milliseconds)
[info]   IllegalArgumentException was thrown during property evaluation.
[info]     Message: argument type mismatch
[info]     Occurred when passed generated values (
[info]       arg0 = List()
[info]     )
[info]   org.scalatest.exceptions.GeneratorDrivenPropertyCheckFailedException:
[info]   at org.scalatestplus.scalacheck.CheckerAsserting$$anon$2.indicateFailure(CheckerAsserting.scala:251)
[info]   at org.scalatestplus.scalacheck.CheckerAsserting$$anon$2.indicateFailure(CheckerAsserting.scala:238)
[info]   at org.scalatestplus.scalacheck.UnitCheckerAsserting$CheckerAssertingImpl.check(CheckerAsserting.scala:160)
[info]   at org.scalatestplus.scalacheck.Checkers.check(Checkers.scala:371)
[info]   at org.scalatestplus.scalacheck.Checkers.check$(Checkers.scala:369)
[info]   at frameless.TypedDatasetSuite.check(TypedDatasetSuite.scala:63)
[info]   at frameless.functions.NonAggregateFunctionsTests.$anonfun$new$315(NonAggregateFunctionsTests.scala:544)
[info]   at org.scalatest.OutcomeOf.outcomeOf(OutcomeOf.scala:85)
[info]   at org.scalatest.OutcomeOf.outcomeOf$(OutcomeOf.scala:83)
[info]   at org.scalatest.OutcomeOf$.outcomeOf(OutcomeOf.scala:104)
[info]   at org.scalatest.Transformer.apply(Transformer.scala:22)
[info]   at org.scalatest.Transformer.apply(Transformer.scala:20)
[info]   at org.scalatest.funsuite.AnyFunSuiteLike$$anon$1.apply(AnyFunSuiteLike.scala:226)
[info]   at org.scalatest.TestSuite.withFixture(TestSuite.scala:196)
[info]   at org.scalatest.TestSuite.withFixture$(TestSuite.scala:195)
[info]   at org.scalatest.funsuite.AnyFunSuite.withFixture(AnyFunSuite.scala:1564)
[info]   at org.scalatest.funsuite.AnyFunSuiteLike.invokeWithFixture$1(AnyFunSuiteLike.scala:224)
[info]   at org.scalatest.funsuite.AnyFunSuiteLike.$anonfun$runTest$1(AnyFunSuiteLike.scala:236)
[info]   at org.scalatest.SuperEngine.runTestImpl(Engine.scala:306)
[info]   at org.scalatest.funsuite.AnyFunSuiteLike.runTest(AnyFunSuiteLike.scala:236)
[info]   at org.scalatest.funsuite.AnyFunSuiteLike.runTest$(AnyFunSuiteLike.scala:218)
[info]   at org.scalatest.funsuite.AnyFunSuite.runTest(AnyFunSuite.scala:1564)
[info]   at org.scalatest.funsuite.AnyFunSuiteLike.$anonfun$runTests$1(AnyFunSuiteLike.scala:269)
[info]   at org.scalatest.SuperEngine.$anonfun$runTestsInBranch$1(Engine.scala:413)
[info]   at scala.collection.immutable.List.foreach(List.scala:334)
[info]   at org.scalatest.SuperEngine.traverseSubNodes$1(Engine.scala:401)
[info]   at org.scalatest.SuperEngine.runTestsInBranch(Engine.scala:396)
[info]   at org.scalatest.SuperEngine.runTestsImpl(Engine.scala:475)
[info]   at org.scalatest.funsuite.AnyFunSuiteLike.runTests(AnyFunSuiteLike.scala:269)
[info]   at org.scalatest.funsuite.AnyFunSuiteLike.runTests$(AnyFunSuiteLike.scala:268)
[info]   at org.scalatest.funsuite.AnyFunSuite.runTests(AnyFunSuite.scala:1564)
[info]   at org.scalatest.Suite.run(Suite.scala:1114)
[info]   at org.scalatest.Suite.run$(Suite.scala:1096)
[info]   at org.scalatest.funsuite.AnyFunSuite.org$scalatest$funsuite$AnyFunSuiteLike$$super$run(AnyFunSuite.scala:1564)
[info]   at org.scalatest.funsuite.AnyFunSuiteLike.$anonfun$run$1(AnyFunSuiteLike.scala:273)
[info]   at org.scalatest.SuperEngine.runImpl(Engine.scala:535)
[info]   at org.scalatest.funsuite.AnyFunSuiteLike.run(AnyFunSuiteLike.scala:273)
[info]   at org.scalatest.funsuite.AnyFunSuiteLike.run$(AnyFunSuiteLike.scala:272)
[info]   at frameless.TypedDatasetSuite.org$scalatest$BeforeAndAfterAll$$super$run(TypedDatasetSuite.scala:63)
[info]   at org.scalatest.BeforeAndAfterAll.liftedTree1$1(BeforeAndAfterAll.scala:213)
[info]   at org.scalatest.BeforeAndAfterAll.run(BeforeAndAfterAll.scala:210)
[info]   at org.scalatest.BeforeAndAfterAll.run$(BeforeAndAfterAll.scala:208)
[info]   at frameless.TypedDatasetSuite.run(TypedDatasetSuite.scala:63)
[info]   at org.scalatest.tools.Framework.org$scalatest$tools$Framework$$runSuite(Framework.scala:321)
[info]   at org.scalatest.tools.Framework$ScalaTestTask.execute(Framework.scala:517)
[info]   at sbt.ForkMain$Run.lambda$runTest$1(ForkMain.java:414)
[info]   at java.base/java.util.concurrent.FutureTask.run(FutureTask.java:317)
[info]   at java.base/java.util.concurrent.ThreadPoolExecutor.runWorker(ThreadPoolExecutor.java:1144)
[info]   at java.base/java.util.concurrent.ThreadPoolExecutor$Worker.run(ThreadPoolExecutor.java:642)
[info]   at java.base/java.lang.Thread.run(Thread.java:1583)
[info]   Cause: java.lang.IllegalArgumentException: argument type mismatch
[info]   at java.base/jdk.internal.reflect.DirectConstructorHandleAccessor.newInstance(DirectConstructorHandleAccessor.java:65)
[info]   at java.base/java.lang.reflect.Constructor.newInstanceWithCaller(Constructor.java:502)
[info]   at java.base/java.lang.reflect.Constructor.newInstance(Constructor.java:486)
[info]   at frameless.TypedExpressionEncoder$.$anonfun$apply$3(TypedExpressionEncoder.scala:55)
[info]   at scala.Option.map(Option.scala:242)
[info]   at frameless.TypedExpressionEncoder$.apply(TypedExpressionEncoder.scala:54)
[info]   at frameless.TypedDataset$.create(TypedDataset.scala:1325)
[info]   at frameless.functions.NonAggregateFunctionsTests.prop$18(NonAggregateFunctionsTests.scala:540)
[info]   at frameless.functions.NonAggregateFunctionsTests.$anonfun$new$323(NonAggregateFunctionsTests.scala:544)
[info]   at scala.Function1.$anonfun$andThen$1(Function1.scala:87)
[info]   at org.scalacheck.Prop$.$anonfun$forAllShrink$2(Prop.scala:868)
[info]   at org.scalacheck.Prop$.secure(Prop.scala:484)
[info]   at org.scalacheck.Prop$.result$1(Prop.scala:868)
[info]   at org.scalacheck.Prop$.$anonfun$forAllShrink$1(Prop.scala:915)
[info]   at org.scalacheck.Prop$.$anonfun$apply$1(Prop.scala:305)
[info]   at org.scalacheck.PropFromFun.apply(Prop.scala:20)
[info]   at org.scalacheck.Test$.workerFun$1(Test.scala:486)
[info]   at org.scalacheck.Test$.$anonfun$check$4(Test.scala:518)
[info]   at org.scalacheck.Test$.$anonfun$check$4$adapted(Test.scala:518)
[info]   at org.scalacheck.Platform$.runWorkers(Platform.scala:42)
[info]   at org.scalacheck.Test$.check(Test.scala:518)
[info]   at org.scalatestplus.scalacheck.UnitCheckerAsserting$CheckerAssertingImpl.check(CheckerAsserting.scala:90)
[info]   at org.scalatestplus.scalacheck.Checkers.check(Checkers.scala:371)
[info]   at org.scalatestplus.scalacheck.Checkers.check$(Checkers.scala:369)
[info]   at frameless.TypedDatasetSuite.check(TypedDatasetSuite.scala:63)
[info]   at frameless.functions.NonAggregateFunctionsTests.$anonfun$new$315(NonAggregateFunctionsTests.scala:544)
[info]   at org.scalatest.OutcomeOf.outcomeOf(OutcomeOf.scala:85)
[info]   at org.scalatest.OutcomeOf.outcomeOf$(OutcomeOf.scala:83)
[info]   at org.scalatest.OutcomeOf$.outcomeOf(OutcomeOf.scala:104)
[info]   at org.scalatest.Transformer.apply(Transformer.scala:22)
[info]   at org.scalatest.Transformer.apply(Transformer.scala:20)
[info]   at org.scalatest.funsuite.AnyFunSuiteLike$$anon$1.apply(AnyFunSuiteLike.scala:226)
[info]   at org.scalatest.TestSuite.withFixture(TestSuite.scala:196)
[info]   at org.scalatest.TestSuite.withFixture$(TestSuite.scala:195)
[info]   at org.scalatest.funsuite.AnyFunSuite.withFixture(AnyFunSuite.scala:1564)
[info]   at org.scalatest.funsuite.AnyFunSuiteLike.invokeWithFixture$1(AnyFunSuiteLike.scala:224)
[info]   at org.scalatest.funsuite.AnyFunSuiteLike.$anonfun$runTest$1(AnyFunSuiteLike.scala:236)
[info]   at org.scalatest.SuperEngine.runTestImpl(Engine.scala:306)
[info]   at org.scalatest.funsuite.AnyFunSuiteLike.runTest(AnyFunSuiteLike.scala:236)
[info]   at org.scalatest.funsuite.AnyFunSuiteLike.runTest$(AnyFunSuiteLike.scala:218)
[info]   at org.scalatest.funsuite.AnyFunSuite.runTest(AnyFunSuite.scala:1564)
[info]   at org.scalatest.funsuite.AnyFunSuiteLike.$anonfun$runTests$1(AnyFunSuiteLike.scala:269)
[info]   at org.scalatest.SuperEngine.$anonfun$runTestsInBranch$1(Engine.scala:413)
[info]   at scala.collection.immutable.List.foreach(List.scala:334)
[info]   at org.scalatest.SuperEngine.traverseSubNodes$1(Engine.scala:401)
[info]   at org.scalatest.SuperEngine.runTestsInBranch(Engine.scala:396)
[info]   at org.scalatest.SuperEngine.runTestsImpl(Engine.scala:475)
[info]   at org.scalatest.funsuite.AnyFunSuiteLike.runTests(AnyFunSuiteLike.scala:269)
[info]   at org.scalatest.funsuite.AnyFunSuiteLike.runTests$(AnyFunSuiteLike.scala:268)
[info]   at org.scalatest.funsuite.AnyFunSuite.runTests(AnyFunSuite.scala:1564)
[info]   at org.scalatest.Suite.run(Suite.scala:1114)
[info]   at org.scalatest.Suite.run$(Suite.scala:1096)
[info]   at org.scalatest.funsuite.AnyFunSuite.org$scalatest$funsuite$AnyFunSuiteLike$$super$run(AnyFunSuite.scala:1564)
[info]   at org.scalatest.funsuite.AnyFunSuiteLike.$anonfun$run$1(AnyFunSuiteLike.scala:273)
[info]   at org.scalatest.SuperEngine.runImpl(Engine.scala:535)
[info]   at org.scalatest.funsuite.AnyFunSuiteLike.run(AnyFunSuiteLike.scala:273)
[info]   at org.scalatest.funsuite.AnyFunSuiteLike.run$(AnyFunSuiteLike.scala:272)
[info]   at frameless.TypedDatasetSuite.org$scalatest$BeforeAndAfterAll$$super$run(TypedDatasetSuite.scala:63)
[info]   at org.scalatest.BeforeAndAfterAll.liftedTree1$1(BeforeAndAfterAll.scala:213)
[info]   at org.scalatest.BeforeAndAfterAll.run(BeforeAndAfterAll.scala:210)
[info]   at org.scalatest.BeforeAndAfterAll.run$(BeforeAndAfterAll.scala:208)
[info]   at frameless.TypedDatasetSuite.run(TypedDatasetSuite.scala:63)
[info]   at org.scalatest.tools.Framework.org$scalatest$tools$Framework$$runSuite(Framework.scala:321)
[info]   at org.scalatest.tools.Framework$ScalaTestTask.execute(Framework.scala:517)
[info]   at sbt.ForkMain$Run.lambda$runTest$1(ForkMain.java:414)
[info]   at java.base/java.util.concurrent.FutureTask.run(FutureTask.java:317)
[info]   at java.base/java.util.concurrent.ThreadPoolExecutor.runWorker(ThreadPoolExecutor.java:1144)
[info]   at java.base/java.util.concurrent.ThreadPoolExecutor$Worker.run(ThreadPoolExecutor.java:642)
[info]   at java.base/java.lang.Thread.run(Thread.java:1583)
[info]   Cause: java.lang.ClassCastException: Cannot cast scala.reflect.ClassTag$GenericClassTag to org.apache.spark.sql.catalyst.expressions.Expression
[info]   at java.base/java.lang.Class.cast(Class.java:4067)
[info]   at java.base/jdk.internal.reflect.DirectConstructorHandleAccessor.newInstance(DirectConstructorHandleAccessor.java:62)
[info]   at java.base/java.lang.reflect.Constructor.newInstanceWithCaller(Constructor.java:502)
[info]   at java.base/java.lang.reflect.Constructor.newInstance(Constructor.java:486)
[info]   at frameless.TypedExpressionEncoder$.$anonfun$apply$3(TypedExpressionEncoder.scala:55)
[info]   at scala.Option.map(Option.scala:242)
[info]   at frameless.TypedExpressionEncoder$.apply(TypedExpressionEncoder.scala:54)
[info]   at frameless.TypedDataset$.create(TypedDataset.scala:1325)
[info]   at frameless.functions.NonAggregateFunctionsTests.prop$18(NonAggregateFunctionsTests.scala:540)
[info]   at frameless.functions.NonAggregateFunctionsTests.$anonfun$new$323(NonAggregateFunctionsTests.scala:544)
[info]   at scala.Function1.$anonfun$andThen$1(Function1.scala:87)
[info]   at org.scalacheck.Prop$.$anonfun$forAllShrink$2(Prop.scala:868)
[info]   at org.scalacheck.Prop$.secure(Prop.scala:484)
[info]   at org.scalacheck.Prop$.result$1(Prop.scala:868)
[info]   at org.scalacheck.Prop$.$anonfun$forAllShrink$1(Prop.scala:915)
[info]   at org.scalacheck.Prop$.$anonfun$apply$1(Prop.scala:305)
[info]   at org.scalacheck.PropFromFun.apply(Prop.scala:20)
[info]   at org.scalacheck.Test$.workerFun$1(Test.scala:486)
[info]   at org.scalacheck.Test$.$anonfun$check$4(Test.scala:518)
[info]   at org.scalacheck.Test$.$anonfun$check$4$adapted(Test.scala:518)
[info]   at org.scalacheck.Platform$.runWorkers(Platform.scala:42)
[info]   at org.scalacheck.Test$.check(Test.scala:518)
[info]   at org.scalatestplus.scalacheck.UnitCheckerAsserting$CheckerAssertingImpl.check(CheckerAsserting.scala:90)
[info]   at org.scalatestplus.scalacheck.Checkers.check(Checkers.scala:371)
[info]   at org.scalatestplus.scalacheck.Checkers.check$(Checkers.scala:369)
[info]   at frameless.TypedDatasetSuite.check(TypedDatasetSuite.scala:63)
[info]   at frameless.functions.NonAggregateFunctionsTests.$anonfun$new$315(NonAggregateFunctionsTests.scala:544)
[info]   at org.scalatest.OutcomeOf.outcomeOf(OutcomeOf.scala:85)
[info]   at org.scalatest.OutcomeOf.outcomeOf$(OutcomeOf.scala:83)
[info]   at org.scalatest.OutcomeOf$.outcomeOf(OutcomeOf.scala:104)
[info]   at org.scalatest.Transformer.apply(Transformer.scala:22)
[info]   at org.scalatest.Transformer.apply(Transformer.scala:20)
[info]   at org.scalatest.funsuite.AnyFunSuiteLike$$anon$1.apply(AnyFunSuiteLike.scala:226)
[info]   at org.scalatest.TestSuite.withFixture(TestSuite.scala:196)
[info]   at org.scalatest.TestSuite.withFixture$(TestSuite.scala:195)
[info]   at org.scalatest.funsuite.AnyFunSuite.withFixture(AnyFunSuite.scala:1564)
[info]   at org.scalatest.funsuite.AnyFunSuiteLike.invokeWithFixture$1(AnyFunSuiteLike.scala:224)
[info]   at org.scalatest.funsuite.AnyFunSuiteLike.$anonfun$runTest$1(AnyFunSuiteLike.scala:236)
[info]   at org.scalatest.SuperEngine.runTestImpl(Engine.scala:306)
[info]   at org.scalatest.funsuite.AnyFunSuiteLike.runTest(AnyFunSuiteLike.scala:236)
[info]   at org.scalatest.funsuite.AnyFunSuiteLike.runTest$(AnyFunSuiteLike.scala:218)
[info]   at org.scalatest.funsuite.AnyFunSuite.runTest(AnyFunSuite.scala:1564)
[info]   at org.scalatest.funsuite.AnyFunSuiteLike.$anonfun$runTests$1(AnyFunSuiteLike.scala:269)
[info]   at org.scalatest.SuperEngine.$anonfun$runTestsInBranch$1(Engine.scala:413)
[info]   at scala.collection.immutable.List.foreach(List.scala:334)
[info]   at org.scalatest.SuperEngine.traverseSubNodes$1(Engine.scala:401)
[info]   at org.scalatest.SuperEngine.runTestsInBranch(Engine.scala:396)
[info]   at org.scalatest.SuperEngine.runTestsImpl(Engine.scala:475)
[info]   at org.scalatest.funsuite.AnyFunSuiteLike.runTests(AnyFunSuiteLike.scala:269)
[info]   at org.scalatest.funsuite.AnyFunSuiteLike.runTests$(AnyFunSuiteLike.scala:268)
[info]   at org.scalatest.funsuite.AnyFunSuite.runTests(AnyFunSuite.scala:1564)
[info]   at org.scalatest.Suite.run(Suite.scala:1114)
[info]   at org.scalatest.Suite.run$(Suite.scala:1096)
[info]   at org.scalatest.funsuite.AnyFunSuite.org$scalatest$funsuite$AnyFunSuiteLike$$super$run(AnyFunSuite.scala:1564)
[info]   at org.scalatest.funsuite.AnyFunSuiteLike.$anonfun$run$1(AnyFunSuiteLike.scala:273)
[info]   at org.scalatest.SuperEngine.runImpl(Engine.scala:535)
[info]   at org.scalatest.funsuite.AnyFunSuiteLike.run(AnyFunSuiteLike.scala:273)
[info]   at org.scalatest.funsuite.AnyFunSuiteLike.run$(AnyFunSuiteLike.scala:272)
[info]   at frameless.TypedDatasetSuite.org$scalatest$BeforeAndAfterAll$$super$run(TypedDatasetSuite.scala:63)
[info]   at org.scalatest.BeforeAndAfterAll.liftedTree1$1(BeforeAndAfterAll.scala:213)
[info]   at org.scalatest.BeforeAndAfterAll.run(BeforeAndAfterAll.scala:210)
[info]   at org.scalatest.BeforeAndAfterAll.run$(BeforeAndAfterAll.scala:208)
[info]   at frameless.TypedDatasetSuite.run(TypedDatasetSuite.scala:63)
[info]   at org.scalatest.tools.Framework.org$scalatest$tools$Framework$$runSuite(Framework.scala:321)
[info]   at org.scalatest.tools.Framework$ScalaTestTask.execute(Framework.scala:517)
[info]   at sbt.ForkMain$Run.lambda$runTest$1(ForkMain.java:414)
[info]   at java.base/java.util.concurrent.FutureTask.run(FutureTask.java:317)
[info]   at java.base/java.util.concurrent.ThreadPoolExecutor.runWorker(ThreadPoolExecutor.java:1144)
[info]   at java.base/java.util.concurrent.ThreadPoolExecutor$Worker.run(ThreadPoolExecutor.java:642)
[info]   at java.base/java.lang.Thread.run(Thread.java:1583)
[info] - sin *** FAILED *** (1 millisecond)
[info]   IllegalArgumentException was thrown during property evaluation.
[info]     Message: argument type mismatch
[info]     Occurred when passed generated values (
[info]       arg0 = List()
[info]     )
[info]   org.scalatest.exceptions.GeneratorDrivenPropertyCheckFailedException:
[info]   at org.scalatestplus.scalacheck.CheckerAsserting$$anon$2.indicateFailure(CheckerAsserting.scala:251)
[info]   at org.scalatestplus.scalacheck.CheckerAsserting$$anon$2.indicateFailure(CheckerAsserting.scala:238)
[info]   at org.scalatestplus.scalacheck.UnitCheckerAsserting$CheckerAssertingImpl.check(CheckerAsserting.scala:160)
[info]   at org.scalatestplus.scalacheck.Checkers.check(Checkers.scala:371)
[info]   at org.scalatestplus.scalacheck.Checkers.check$(Checkers.scala:369)
[info]   at frameless.TypedDatasetSuite.check(TypedDatasetSuite.scala:63)
[info]   at frameless.functions.NonAggregateFunctionsTests.$anonfun$new$335(NonAggregateFunctionsTests.scala:562)
[info]   at org.scalatest.OutcomeOf.outcomeOf(OutcomeOf.scala:85)
[info]   at org.scalatest.OutcomeOf.outcomeOf$(OutcomeOf.scala:83)
[info]   at org.scalatest.OutcomeOf$.outcomeOf(OutcomeOf.scala:104)
[info]   at org.scalatest.Transformer.apply(Transformer.scala:22)
[info]   at org.scalatest.Transformer.apply(Transformer.scala:20)
[info]   at org.scalatest.funsuite.AnyFunSuiteLike$$anon$1.apply(AnyFunSuiteLike.scala:226)
[info]   at org.scalatest.TestSuite.withFixture(TestSuite.scala:196)
[info]   at org.scalatest.TestSuite.withFixture$(TestSuite.scala:195)
[info]   at org.scalatest.funsuite.AnyFunSuite.withFixture(AnyFunSuite.scala:1564)
[info]   at org.scalatest.funsuite.AnyFunSuiteLike.invokeWithFixture$1(AnyFunSuiteLike.scala:224)
[info]   at org.scalatest.funsuite.AnyFunSuiteLike.$anonfun$runTest$1(AnyFunSuiteLike.scala:236)
[info]   at org.scalatest.SuperEngine.runTestImpl(Engine.scala:306)
[info]   at org.scalatest.funsuite.AnyFunSuiteLike.runTest(AnyFunSuiteLike.scala:236)
[info]   at org.scalatest.funsuite.AnyFunSuiteLike.runTest$(AnyFunSuiteLike.scala:218)
[info]   at org.scalatest.funsuite.AnyFunSuite.runTest(AnyFunSuite.scala:1564)
[info]   at org.scalatest.funsuite.AnyFunSuiteLike.$anonfun$runTests$1(AnyFunSuiteLike.scala:269)
[info]   at org.scalatest.SuperEngine.$anonfun$runTestsInBranch$1(Engine.scala:413)
[info]   at scala.collection.immutable.List.foreach(List.scala:334)
[info]   at org.scalatest.SuperEngine.traverseSubNodes$1(Engine.scala:401)
[info]   at org.scalatest.SuperEngine.runTestsInBranch(Engine.scala:396)
[info]   at org.scalatest.SuperEngine.runTestsImpl(Engine.scala:475)
[info]   at org.scalatest.funsuite.AnyFunSuiteLike.runTests(AnyFunSuiteLike.scala:269)
[info]   at org.scalatest.funsuite.AnyFunSuiteLike.runTests$(AnyFunSuiteLike.scala:268)
[info]   at org.scalatest.funsuite.AnyFunSuite.runTests(AnyFunSuite.scala:1564)
[info]   at org.scalatest.Suite.run(Suite.scala:1114)
[info]   at org.scalatest.Suite.run$(Suite.scala:1096)
[info]   at org.scalatest.funsuite.AnyFunSuite.org$scalatest$funsuite$AnyFunSuiteLike$$super$run(AnyFunSuite.scala:1564)
[info]   at org.scalatest.funsuite.AnyFunSuiteLike.$anonfun$run$1(AnyFunSuiteLike.scala:273)
[info]   at org.scalatest.SuperEngine.runImpl(Engine.scala:535)
[info]   at org.scalatest.funsuite.AnyFunSuiteLike.run(AnyFunSuiteLike.scala:273)
[info]   at org.scalatest.funsuite.AnyFunSuiteLike.run$(AnyFunSuiteLike.scala:272)
[info]   at frameless.TypedDatasetSuite.org$scalatest$BeforeAndAfterAll$$super$run(TypedDatasetSuite.scala:63)
[info]   at org.scalatest.BeforeAndAfterAll.liftedTree1$1(BeforeAndAfterAll.scala:213)
[info]   at org.scalatest.BeforeAndAfterAll.run(BeforeAndAfterAll.scala:210)
[info]   at org.scalatest.BeforeAndAfterAll.run$(BeforeAndAfterAll.scala:208)
[info]   at frameless.TypedDatasetSuite.run(TypedDatasetSuite.scala:63)
[info]   at org.scalatest.tools.Framework.org$scalatest$tools$Framework$$runSuite(Framework.scala:321)
[info]   at org.scalatest.tools.Framework$ScalaTestTask.execute(Framework.scala:517)
[info]   at sbt.ForkMain$Run.lambda$runTest$1(ForkMain.java:414)
[info]   at java.base/java.util.concurrent.FutureTask.run(FutureTask.java:317)
[info]   at java.base/java.util.concurrent.ThreadPoolExecutor.runWorker(ThreadPoolExecutor.java:1144)
[info]   at java.base/java.util.concurrent.ThreadPoolExecutor$Worker.run(ThreadPoolExecutor.java:642)
[info]   at java.base/java.lang.Thread.run(Thread.java:1583)
[info]   Cause: java.lang.IllegalArgumentException: argument type mismatch
[info]   at java.base/jdk.internal.reflect.DirectConstructorHandleAccessor.newInstance(DirectConstructorHandleAccessor.java:65)
[info]   at java.base/java.lang.reflect.Constructor.newInstanceWithCaller(Constructor.java:502)
[info]   at java.base/java.lang.reflect.Constructor.newInstance(Constructor.java:486)
[info]   at frameless.TypedExpressionEncoder$.$anonfun$apply$3(TypedExpressionEncoder.scala:55)
[info]   at scala.Option.map(Option.scala:242)
[info]   at frameless.TypedExpressionEncoder$.apply(TypedExpressionEncoder.scala:54)
[info]   at frameless.TypedDataset$.create(TypedDataset.scala:1325)
[info]   at frameless.functions.NonAggregateFunctionsTests.prop$19(NonAggregateFunctionsTests.scala:558)
[info]   at frameless.functions.NonAggregateFunctionsTests.$anonfun$new$343(NonAggregateFunctionsTests.scala:562)
[info]   at scala.Function1.$anonfun$andThen$1(Function1.scala:87)
[info]   at org.scalacheck.Prop$.$anonfun$forAllShrink$2(Prop.scala:868)
[info]   at org.scalacheck.Prop$.secure(Prop.scala:484)
[info]   at org.scalacheck.Prop$.result$1(Prop.scala:868)
[info]   at org.scalacheck.Prop$.$anonfun$forAllShrink$1(Prop.scala:915)
[info]   at org.scalacheck.Prop$.$anonfun$apply$1(Prop.scala:305)
[info]   at org.scalacheck.PropFromFun.apply(Prop.scala:20)
[info]   at org.scalacheck.Test$.workerFun$1(Test.scala:486)
[info]   at org.scalacheck.Test$.$anonfun$check$4(Test.scala:518)
[info]   at org.scalacheck.Test$.$anonfun$check$4$adapted(Test.scala:518)
[info]   at org.scalacheck.Platform$.runWorkers(Platform.scala:42)
[info]   at org.scalacheck.Test$.check(Test.scala:518)
[info]   at org.scalatestplus.scalacheck.UnitCheckerAsserting$CheckerAssertingImpl.check(CheckerAsserting.scala:90)
[info]   at org.scalatestplus.scalacheck.Checkers.check(Checkers.scala:371)
[info]   at org.scalatestplus.scalacheck.Checkers.check$(Checkers.scala:369)
[info]   at frameless.TypedDatasetSuite.check(TypedDatasetSuite.scala:63)
[info]   at frameless.functions.NonAggregateFunctionsTests.$anonfun$new$335(NonAggregateFunctionsTests.scala:562)
[info]   at org.scalatest.OutcomeOf.outcomeOf(OutcomeOf.scala:85)
[info]   at org.scalatest.OutcomeOf.outcomeOf$(OutcomeOf.scala:83)
[info]   at org.scalatest.OutcomeOf$.outcomeOf(OutcomeOf.scala:104)
[info]   at org.scalatest.Transformer.apply(Transformer.scala:22)
[info]   at org.scalatest.Transformer.apply(Transformer.scala:20)
[info]   at org.scalatest.funsuite.AnyFunSuiteLike$$anon$1.apply(AnyFunSuiteLike.scala:226)
[info]   at org.scalatest.TestSuite.withFixture(TestSuite.scala:196)
[info]   at org.scalatest.TestSuite.withFixture$(TestSuite.scala:195)
[info]   at org.scalatest.funsuite.AnyFunSuite.withFixture(AnyFunSuite.scala:1564)
[info]   at org.scalatest.funsuite.AnyFunSuiteLike.invokeWithFixture$1(AnyFunSuiteLike.scala:224)
[info]   at org.scalatest.funsuite.AnyFunSuiteLike.$anonfun$runTest$1(AnyFunSuiteLike.scala:236)
[info]   at org.scalatest.SuperEngine.runTestImpl(Engine.scala:306)
[info]   at org.scalatest.funsuite.AnyFunSuiteLike.runTest(AnyFunSuiteLike.scala:236)
[info]   at org.scalatest.funsuite.AnyFunSuiteLike.runTest$(AnyFunSuiteLike.scala:218)
[info]   at org.scalatest.funsuite.AnyFunSuite.runTest(AnyFunSuite.scala:1564)
[info]   at org.scalatest.funsuite.AnyFunSuiteLike.$anonfun$runTests$1(AnyFunSuiteLike.scala:269)
[info]   at org.scalatest.SuperEngine.$anonfun$runTestsInBranch$1(Engine.scala:413)
[info]   at scala.collection.immutable.List.foreach(List.scala:334)
[info]   at org.scalatest.SuperEngine.traverseSubNodes$1(Engine.scala:401)
[info]   at org.scalatest.SuperEngine.runTestsInBranch(Engine.scala:396)
[info]   at org.scalatest.SuperEngine.runTestsImpl(Engine.scala:475)
[info]   at org.scalatest.funsuite.AnyFunSuiteLike.runTests(AnyFunSuiteLike.scala:269)
[info]   at org.scalatest.funsuite.AnyFunSuiteLike.runTests$(AnyFunSuiteLike.scala:268)
[info]   at org.scalatest.funsuite.AnyFunSuite.runTests(AnyFunSuite.scala:1564)
[info]   at org.scalatest.Suite.run(Suite.scala:1114)
[info]   at org.scalatest.Suite.run$(Suite.scala:1096)
[info]   at org.scalatest.funsuite.AnyFunSuite.org$scalatest$funsuite$AnyFunSuiteLike$$super$run(AnyFunSuite.scala:1564)
[info]   at org.scalatest.funsuite.AnyFunSuiteLike.$anonfun$run$1(AnyFunSuiteLike.scala:273)
[info]   at org.scalatest.SuperEngine.runImpl(Engine.scala:535)
[info]   at org.scalatest.funsuite.AnyFunSuiteLike.run(AnyFunSuiteLike.scala:273)
[info]   at org.scalatest.funsuite.AnyFunSuiteLike.run$(AnyFunSuiteLike.scala:272)
[info]   at frameless.TypedDatasetSuite.org$scalatest$BeforeAndAfterAll$$super$run(TypedDatasetSuite.scala:63)
[info]   at org.scalatest.BeforeAndAfterAll.liftedTree1$1(BeforeAndAfterAll.scala:213)
[info]   at org.scalatest.BeforeAndAfterAll.run(BeforeAndAfterAll.scala:210)
[info]   at org.scalatest.BeforeAndAfterAll.run$(BeforeAndAfterAll.scala:208)
[info]   at frameless.TypedDatasetSuite.run(TypedDatasetSuite.scala:63)
[info]   at org.scalatest.tools.Framework.org$scalatest$tools$Framework$$runSuite(Framework.scala:321)
[info]   at org.scalatest.tools.Framework$ScalaTestTask.execute(Framework.scala:517)
[info]   at sbt.ForkMain$Run.lambda$runTest$1(ForkMain.java:414)
[info]   at java.base/java.util.concurrent.FutureTask.run(FutureTask.java:317)
[info]   at java.base/java.util.concurrent.ThreadPoolExecutor.runWorker(ThreadPoolExecutor.java:1144)
[info]   at java.base/java.util.concurrent.ThreadPoolExecutor$Worker.run(ThreadPoolExecutor.java:642)
[info]   at java.base/java.lang.Thread.run(Thread.java:1583)
[info]   Cause: java.lang.ClassCastException: Cannot cast scala.reflect.ClassTag$GenericClassTag to org.apache.spark.sql.catalyst.expressions.Expression
[info]   at java.base/java.lang.Class.cast(Class.java:4067)
[info]   at java.base/jdk.internal.reflect.DirectConstructorHandleAccessor.newInstance(DirectConstructorHandleAccessor.java:62)
[info]   at java.base/java.lang.reflect.Constructor.newInstanceWithCaller(Constructor.java:502)
[info]   at java.base/java.lang.reflect.Constructor.newInstance(Constructor.java:486)
[info]   at frameless.TypedExpressionEncoder$.$anonfun$apply$3(TypedExpressionEncoder.scala:55)
[info]   at scala.Option.map(Option.scala:242)
[info]   at frameless.TypedExpressionEncoder$.apply(TypedExpressionEncoder.scala:54)
[info]   at frameless.TypedDataset$.create(TypedDataset.scala:1325)
[info]   at frameless.functions.NonAggregateFunctionsTests.prop$19(NonAggregateFunctionsTests.scala:558)
[info]   at frameless.functions.NonAggregateFunctionsTests.$anonfun$new$343(NonAggregateFunctionsTests.scala:562)
[info]   at scala.Function1.$anonfun$andThen$1(Function1.scala:87)
[info]   at org.scalacheck.Prop$.$anonfun$forAllShrink$2(Prop.scala:868)
[info]   at org.scalacheck.Prop$.secure(Prop.scala:484)
[info]   at org.scalacheck.Prop$.result$1(Prop.scala:868)
[info]   at org.scalacheck.Prop$.$anonfun$forAllShrink$1(Prop.scala:915)
[info]   at org.scalacheck.Prop$.$anonfun$apply$1(Prop.scala:305)
[info]   at org.scalacheck.PropFromFun.apply(Prop.scala:20)
[info]   at org.scalacheck.Test$.workerFun$1(Test.scala:486)
[info]   at org.scalacheck.Test$.$anonfun$check$4(Test.scala:518)
[info]   at org.scalacheck.Test$.$anonfun$check$4$adapted(Test.scala:518)
[info]   at org.scalacheck.Platform$.runWorkers(Platform.scala:42)
[info]   at org.scalacheck.Test$.check(Test.scala:518)
[info]   at org.scalatestplus.scalacheck.UnitCheckerAsserting$CheckerAssertingImpl.check(CheckerAsserting.scala:90)
[info]   at org.scalatestplus.scalacheck.Checkers.check(Checkers.scala:371)
[info]   at org.scalatestplus.scalacheck.Checkers.check$(Checkers.scala:369)
[info]   at frameless.TypedDatasetSuite.check(TypedDatasetSuite.scala:63)
[info]   at frameless.functions.NonAggregateFunctionsTests.$anonfun$new$335(NonAggregateFunctionsTests.scala:562)
[info]   at org.scalatest.OutcomeOf.outcomeOf(OutcomeOf.scala:85)
[info]   at org.scalatest.OutcomeOf.outcomeOf$(OutcomeOf.scala:83)
[info]   at org.scalatest.OutcomeOf$.outcomeOf(OutcomeOf.scala:104)
[info]   at org.scalatest.Transformer.apply(Transformer.scala:22)
[info]   at org.scalatest.Transformer.apply(Transformer.scala:20)
[info]   at org.scalatest.funsuite.AnyFunSuiteLike$$anon$1.apply(AnyFunSuiteLike.scala:226)
[info]   at org.scalatest.TestSuite.withFixture(TestSuite.scala:196)
[info]   at org.scalatest.TestSuite.withFixture$(TestSuite.scala:195)
[info]   at org.scalatest.funsuite.AnyFunSuite.withFixture(AnyFunSuite.scala:1564)
[info]   at org.scalatest.funsuite.AnyFunSuiteLike.invokeWithFixture$1(AnyFunSuiteLike.scala:224)
[info]   at org.scalatest.funsuite.AnyFunSuiteLike.$anonfun$runTest$1(AnyFunSuiteLike.scala:236)
[info]   at org.scalatest.SuperEngine.runTestImpl(Engine.scala:306)
[info]   at org.scalatest.funsuite.AnyFunSuiteLike.runTest(AnyFunSuiteLike.scala:236)
[info]   at org.scalatest.funsuite.AnyFunSuiteLike.runTest$(AnyFunSuiteLike.scala:218)
[info]   at org.scalatest.funsuite.AnyFunSuite.runTest(AnyFunSuite.scala:1564)
[info]   at org.scalatest.funsuite.AnyFunSuiteLike.$anonfun$runTests$1(AnyFunSuiteLike.scala:269)
[info]   at org.scalatest.SuperEngine.$anonfun$runTestsInBranch$1(Engine.scala:413)
[info]   at scala.collection.immutable.List.foreach(List.scala:334)
[info]   at org.scalatest.SuperEngine.traverseSubNodes$1(Engine.scala:401)
[info]   at org.scalatest.SuperEngine.runTestsInBranch(Engine.scala:396)
[info]   at org.scalatest.SuperEngine.runTestsImpl(Engine.scala:475)
[info]   at org.scalatest.funsuite.AnyFunSuiteLike.runTests(AnyFunSuiteLike.scala:269)
[info]   at org.scalatest.funsuite.AnyFunSuiteLike.runTests$(AnyFunSuiteLike.scala:268)
[info]   at org.scalatest.funsuite.AnyFunSuite.runTests(AnyFunSuite.scala:1564)
[info]   at org.scalatest.Suite.run(Suite.scala:1114)
[info]   at org.scalatest.Suite.run$(Suite.scala:1096)
[info]   at org.scalatest.funsuite.AnyFunSuite.org$scalatest$funsuite$AnyFunSuiteLike$$super$run(AnyFunSuite.scala:1564)
[info]   at org.scalatest.funsuite.AnyFunSuiteLike.$anonfun$run$1(AnyFunSuiteLike.scala:273)
[info]   at org.scalatest.SuperEngine.runImpl(Engine.scala:535)
[info]   at org.scalatest.funsuite.AnyFunSuiteLike.run(AnyFunSuiteLike.scala:273)
[info]   at org.scalatest.funsuite.AnyFunSuiteLike.run$(AnyFunSuiteLike.scala:272)
[info]   at frameless.TypedDatasetSuite.org$scalatest$BeforeAndAfterAll$$super$run(TypedDatasetSuite.scala:63)
[info]   at org.scalatest.BeforeAndAfterAll.liftedTree1$1(BeforeAndAfterAll.scala:213)
[info]   at org.scalatest.BeforeAndAfterAll.run(BeforeAndAfterAll.scala:210)
[info]   at org.scalatest.BeforeAndAfterAll.run$(BeforeAndAfterAll.scala:208)
[info]   at frameless.TypedDatasetSuite.run(TypedDatasetSuite.scala:63)
[info]   at org.scalatest.tools.Framework.org$scalatest$tools$Framework$$runSuite(Framework.scala:321)
[info]   at org.scalatest.tools.Framework$ScalaTestTask.execute(Framework.scala:517)
[info]   at sbt.ForkMain$Run.lambda$runTest$1(ForkMain.java:414)
[info]   at java.base/java.util.concurrent.FutureTask.run(FutureTask.java:317)
[info]   at java.base/java.util.concurrent.ThreadPoolExecutor.runWorker(ThreadPoolExecutor.java:1144)
[info]   at java.base/java.util.concurrent.ThreadPoolExecutor$Worker.run(ThreadPoolExecutor.java:642)
[info]   at java.base/java.lang.Thread.run(Thread.java:1583)
[info] - sinh *** FAILED *** (3 milliseconds)
[info]   IllegalArgumentException was thrown during property evaluation.
[info]     Message: argument type mismatch
[info]     Occurred when passed generated values (
[info]       arg0 = List()
[info]     )
[info]   org.scalatest.exceptions.GeneratorDrivenPropertyCheckFailedException:
[info]   at org.scalatestplus.scalacheck.CheckerAsserting$$anon$2.indicateFailure(CheckerAsserting.scala:251)
[info]   at org.scalatestplus.scalacheck.CheckerAsserting$$anon$2.indicateFailure(CheckerAsserting.scala:238)
[info]   at org.scalatestplus.scalacheck.UnitCheckerAsserting$CheckerAssertingImpl.check(CheckerAsserting.scala:160)
[info]   at org.scalatestplus.scalacheck.Checkers.check(Checkers.scala:371)
[info]   at org.scalatestplus.scalacheck.Checkers.check$(Checkers.scala:369)
[info]   at frameless.TypedDatasetSuite.check(TypedDatasetSuite.scala:63)
[info]   at frameless.functions.NonAggregateFunctionsTests.$anonfun$new$355(NonAggregateFunctionsTests.scala:580)
[info]   at org.scalatest.OutcomeOf.outcomeOf(OutcomeOf.scala:85)
[info]   at org.scalatest.OutcomeOf.outcomeOf$(OutcomeOf.scala:83)
[info]   at org.scalatest.OutcomeOf$.outcomeOf(OutcomeOf.scala:104)
[info]   at org.scalatest.Transformer.apply(Transformer.scala:22)
[info]   at org.scalatest.Transformer.apply(Transformer.scala:20)
[info]   at org.scalatest.funsuite.AnyFunSuiteLike$$anon$1.apply(AnyFunSuiteLike.scala:226)
[info]   at org.scalatest.TestSuite.withFixture(TestSuite.scala:196)
[info]   at org.scalatest.TestSuite.withFixture$(TestSuite.scala:195)
[info]   at org.scalatest.funsuite.AnyFunSuite.withFixture(AnyFunSuite.scala:1564)
[info]   at org.scalatest.funsuite.AnyFunSuiteLike.invokeWithFixture$1(AnyFunSuiteLike.scala:224)
[info]   at org.scalatest.funsuite.AnyFunSuiteLike.$anonfun$runTest$1(AnyFunSuiteLike.scala:236)
[info]   at org.scalatest.SuperEngine.runTestImpl(Engine.scala:306)
[info]   at org.scalatest.funsuite.AnyFunSuiteLike.runTest(AnyFunSuiteLike.scala:236)
[info]   at org.scalatest.funsuite.AnyFunSuiteLike.runTest$(AnyFunSuiteLike.scala:218)
[info]   at org.scalatest.funsuite.AnyFunSuite.runTest(AnyFunSuite.scala:1564)
[info]   at org.scalatest.funsuite.AnyFunSuiteLike.$anonfun$runTests$1(AnyFunSuiteLike.scala:269)
[info]   at org.scalatest.SuperEngine.$anonfun$runTestsInBranch$1(Engine.scala:413)
[info]   at scala.collection.immutable.List.foreach(List.scala:334)
[info]   at org.scalatest.SuperEngine.traverseSubNodes$1(Engine.scala:401)
[info]   at org.scalatest.SuperEngine.runTestsInBranch(Engine.scala:396)
[info]   at org.scalatest.SuperEngine.runTestsImpl(Engine.scala:475)
[info]   at org.scalatest.funsuite.AnyFunSuiteLike.runTests(AnyFunSuiteLike.scala:269)
[info]   at org.scalatest.funsuite.AnyFunSuiteLike.runTests$(AnyFunSuiteLike.scala:268)
[info]   at org.scalatest.funsuite.AnyFunSuite.runTests(AnyFunSuite.scala:1564)
[info]   at org.scalatest.Suite.run(Suite.scala:1114)
[info]   at org.scalatest.Suite.run$(Suite.scala:1096)
[info]   at org.scalatest.funsuite.AnyFunSuite.org$scalatest$funsuite$AnyFunSuiteLike$$super$run(AnyFunSuite.scala:1564)
[info]   at org.scalatest.funsuite.AnyFunSuiteLike.$anonfun$run$1(AnyFunSuiteLike.scala:273)
[info]   at org.scalatest.SuperEngine.runImpl(Engine.scala:535)
[info]   at org.scalatest.funsuite.AnyFunSuiteLike.run(AnyFunSuiteLike.scala:273)
[info]   at org.scalatest.funsuite.AnyFunSuiteLike.run$(AnyFunSuiteLike.scala:272)
[info]   at frameless.TypedDatasetSuite.org$scalatest$BeforeAndAfterAll$$super$run(TypedDatasetSuite.scala:63)
[info]   at org.scalatest.BeforeAndAfterAll.liftedTree1$1(BeforeAndAfterAll.scala:213)
[info]   at org.scalatest.BeforeAndAfterAll.run(BeforeAndAfterAll.scala:210)
[info]   at org.scalatest.BeforeAndAfterAll.run$(BeforeAndAfterAll.scala:208)
[info]   at frameless.TypedDatasetSuite.run(TypedDatasetSuite.scala:63)
[info]   at org.scalatest.tools.Framework.org$scalatest$tools$Framework$$runSuite(Framework.scala:321)
[info]   at org.scalatest.tools.Framework$ScalaTestTask.execute(Framework.scala:517)
[info]   at sbt.ForkMain$Run.lambda$runTest$1(ForkMain.java:414)
[info]   at java.base/java.util.concurrent.FutureTask.run(FutureTask.java:317)
[info]   at java.base/java.util.concurrent.ThreadPoolExecutor.runWorker(ThreadPoolExecutor.java:1144)
[info]   at java.base/java.util.concurrent.ThreadPoolExecutor$Worker.run(ThreadPoolExecutor.java:642)
[info]   at java.base/java.lang.Thread.run(Thread.java:1583)
[info]   Cause: java.lang.IllegalArgumentException: argument type mismatch
[info]   at java.base/jdk.internal.reflect.DirectConstructorHandleAccessor.newInstance(DirectConstructorHandleAccessor.java:65)
[info]   at java.base/java.lang.reflect.Constructor.newInstanceWithCaller(Constructor.java:502)
[info]   at java.base/java.lang.reflect.Constructor.newInstance(Constructor.java:486)
[info]   at frameless.TypedExpressionEncoder$.$anonfun$apply$3(TypedExpressionEncoder.scala:55)
[info]   at scala.Option.map(Option.scala:242)
[info]   at frameless.TypedExpressionEncoder$.apply(TypedExpressionEncoder.scala:54)
[info]   at frameless.TypedDataset$.create(TypedDataset.scala:1325)
[info]   at frameless.functions.NonAggregateFunctionsTests.prop$20(NonAggregateFunctionsTests.scala:576)
[info]   at frameless.functions.NonAggregateFunctionsTests.$anonfun$new$363(NonAggregateFunctionsTests.scala:580)
[info]   at scala.Function1.$anonfun$andThen$1(Function1.scala:87)
[info]   at org.scalacheck.Prop$.$anonfun$forAllShrink$2(Prop.scala:868)
[info]   at org.scalacheck.Prop$.secure(Prop.scala:484)
[info]   at org.scalacheck.Prop$.result$1(Prop.scala:868)
[info]   at org.scalacheck.Prop$.$anonfun$forAllShrink$1(Prop.scala:915)
[info]   at org.scalacheck.Prop$.$anonfun$apply$1(Prop.scala:305)
[info]   at org.scalacheck.PropFromFun.apply(Prop.scala:20)
[info]   at org.scalacheck.Test$.workerFun$1(Test.scala:486)
[info]   at org.scalacheck.Test$.$anonfun$check$4(Test.scala:518)
[info]   at org.scalacheck.Test$.$anonfun$check$4$adapted(Test.scala:518)
[info]   at org.scalacheck.Platform$.runWorkers(Platform.scala:42)
[info]   at org.scalacheck.Test$.check(Test.scala:518)
[info]   at org.scalatestplus.scalacheck.UnitCheckerAsserting$CheckerAssertingImpl.check(CheckerAsserting.scala:90)
[info]   at org.scalatestplus.scalacheck.Checkers.check(Checkers.scala:371)
[info]   at org.scalatestplus.scalacheck.Checkers.check$(Checkers.scala:369)
[info]   at frameless.TypedDatasetSuite.check(TypedDatasetSuite.scala:63)
[info]   at frameless.functions.NonAggregateFunctionsTests.$anonfun$new$355(NonAggregateFunctionsTests.scala:580)
[info]   at org.scalatest.OutcomeOf.outcomeOf(OutcomeOf.scala:85)
[info]   at org.scalatest.OutcomeOf.outcomeOf$(OutcomeOf.scala:83)
[info]   at org.scalatest.OutcomeOf$.outcomeOf(OutcomeOf.scala:104)
[info]   at org.scalatest.Transformer.apply(Transformer.scala:22)
[info]   at org.scalatest.Transformer.apply(Transformer.scala:20)
[info]   at org.scalatest.funsuite.AnyFunSuiteLike$$anon$1.apply(AnyFunSuiteLike.scala:226)
[info]   at org.scalatest.TestSuite.withFixture(TestSuite.scala:196)
[info]   at org.scalatest.TestSuite.withFixture$(TestSuite.scala:195)
[info]   at org.scalatest.funsuite.AnyFunSuite.withFixture(AnyFunSuite.scala:1564)
[info]   at org.scalatest.funsuite.AnyFunSuiteLike.invokeWithFixture$1(AnyFunSuiteLike.scala:224)
[info]   at org.scalatest.funsuite.AnyFunSuiteLike.$anonfun$runTest$1(AnyFunSuiteLike.scala:236)
[info]   at org.scalatest.SuperEngine.runTestImpl(Engine.scala:306)
[info]   at org.scalatest.funsuite.AnyFunSuiteLike.runTest(AnyFunSuiteLike.scala:236)
[info]   at org.scalatest.funsuite.AnyFunSuiteLike.runTest$(AnyFunSuiteLike.scala:218)
[info]   at org.scalatest.funsuite.AnyFunSuite.runTest(AnyFunSuite.scala:1564)
[info]   at org.scalatest.funsuite.AnyFunSuiteLike.$anonfun$runTests$1(AnyFunSuiteLike.scala:269)
[info]   at org.scalatest.SuperEngine.$anonfun$runTestsInBranch$1(Engine.scala:413)
[info]   at scala.collection.immutable.List.foreach(List.scala:334)
[info]   at org.scalatest.SuperEngine.traverseSubNodes$1(Engine.scala:401)
[info]   at org.scalatest.SuperEngine.runTestsInBranch(Engine.scala:396)
[info]   at org.scalatest.SuperEngine.runTestsImpl(Engine.scala:475)
[info]   at org.scalatest.funsuite.AnyFunSuiteLike.runTests(AnyFunSuiteLike.scala:269)
[info]   at org.scalatest.funsuite.AnyFunSuiteLike.runTests$(AnyFunSuiteLike.scala:268)
[info]   at org.scalatest.funsuite.AnyFunSuite.runTests(AnyFunSuite.scala:1564)
[info]   at org.scalatest.Suite.run(Suite.scala:1114)
[info]   at org.scalatest.Suite.run$(Suite.scala:1096)
[info]   at org.scalatest.funsuite.AnyFunSuite.org$scalatest$funsuite$AnyFunSuiteLike$$super$run(AnyFunSuite.scala:1564)
[info]   at org.scalatest.funsuite.AnyFunSuiteLike.$anonfun$run$1(AnyFunSuiteLike.scala:273)
[info]   at org.scalatest.SuperEngine.runImpl(Engine.scala:535)
[info]   at org.scalatest.funsuite.AnyFunSuiteLike.run(AnyFunSuiteLike.scala:273)
[info]   at org.scalatest.funsuite.AnyFunSuiteLike.run$(AnyFunSuiteLike.scala:272)
[info]   at frameless.TypedDatasetSuite.org$scalatest$BeforeAndAfterAll$$super$run(TypedDatasetSuite.scala:63)
[info]   at org.scalatest.BeforeAndAfterAll.liftedTree1$1(BeforeAndAfterAll.scala:213)
[info]   at org.scalatest.BeforeAndAfterAll.run(BeforeAndAfterAll.scala:210)
[info]   at org.scalatest.BeforeAndAfterAll.run$(BeforeAndAfterAll.scala:208)
[info]   at frameless.TypedDatasetSuite.run(TypedDatasetSuite.scala:63)
[info]   at org.scalatest.tools.Framework.org$scalatest$tools$Framework$$runSuite(Framework.scala:321)
[info]   at org.scalatest.tools.Framework$ScalaTestTask.execute(Framework.scala:517)
[info]   at sbt.ForkMain$Run.lambda$runTest$1(ForkMain.java:414)
[info]   at java.base/java.util.concurrent.FutureTask.run(FutureTask.java:317)
[info]   at java.base/java.util.concurrent.ThreadPoolExecutor.runWorker(ThreadPoolExecutor.java:1144)
[info]   at java.base/java.util.concurrent.ThreadPoolExecutor$Worker.run(ThreadPoolExecutor.java:642)
[info]   at java.base/java.lang.Thread.run(Thread.java:1583)
[info]   Cause: java.lang.ClassCastException: Cannot cast scala.reflect.ClassTag$GenericClassTag to org.apache.spark.sql.catalyst.expressions.Expression
[info]   at java.base/java.lang.Class.cast(Class.java:4067)
[info]   at java.base/jdk.internal.reflect.DirectConstructorHandleAccessor.newInstance(DirectConstructorHandleAccessor.java:62)
[info]   at java.base/java.lang.reflect.Constructor.newInstanceWithCaller(Constructor.java:502)
[info]   at java.base/java.lang.reflect.Constructor.newInstance(Constructor.java:486)
[info]   at frameless.TypedExpressionEncoder$.$anonfun$apply$3(TypedExpressionEncoder.scala:55)
[info]   at scala.Option.map(Option.scala:242)
[info]   at frameless.TypedExpressionEncoder$.apply(TypedExpressionEncoder.scala:54)
[info]   at frameless.TypedDataset$.create(TypedDataset.scala:1325)
[info]   at frameless.functions.NonAggregateFunctionsTests.prop$20(NonAggregateFunctionsTests.scala:576)
[info]   at frameless.functions.NonAggregateFunctionsTests.$anonfun$new$363(NonAggregateFunctionsTests.scala:580)
[info]   at scala.Function1.$anonfun$andThen$1(Function1.scala:87)
[info]   at org.scalacheck.Prop$.$anonfun$forAllShrink$2(Prop.scala:868)
[info]   at org.scalacheck.Prop$.secure(Prop.scala:484)
[info]   at org.scalacheck.Prop$.result$1(Prop.scala:868)
[info]   at org.scalacheck.Prop$.$anonfun$forAllShrink$1(Prop.scala:915)
[info]   at org.scalacheck.Prop$.$anonfun$apply$1(Prop.scala:305)
[info]   at org.scalacheck.PropFromFun.apply(Prop.scala:20)
[info]   at org.scalacheck.Test$.workerFun$1(Test.scala:486)
[info]   at org.scalacheck.Test$.$anonfun$check$4(Test.scala:518)
[info]   at org.scalacheck.Test$.$anonfun$check$4$adapted(Test.scala:518)
[info]   at org.scalacheck.Platform$.runWorkers(Platform.scala:42)
[info]   at org.scalacheck.Test$.check(Test.scala:518)
[info]   at org.scalatestplus.scalacheck.UnitCheckerAsserting$CheckerAssertingImpl.check(CheckerAsserting.scala:90)
[info]   at org.scalatestplus.scalacheck.Checkers.check(Checkers.scala:371)
[info]   at org.scalatestplus.scalacheck.Checkers.check$(Checkers.scala:369)
[info]   at frameless.TypedDatasetSuite.check(TypedDatasetSuite.scala:63)
[info]   at frameless.functions.NonAggregateFunctionsTests.$anonfun$new$355(NonAggregateFunctionsTests.scala:580)
[info]   at org.scalatest.OutcomeOf.outcomeOf(OutcomeOf.scala:85)
[info]   at org.scalatest.OutcomeOf.outcomeOf$(OutcomeOf.scala:83)
[info]   at org.scalatest.OutcomeOf$.outcomeOf(OutcomeOf.scala:104)
[info]   at org.scalatest.Transformer.apply(Transformer.scala:22)
[info]   at org.scalatest.Transformer.apply(Transformer.scala:20)
[info]   at org.scalatest.funsuite.AnyFunSuiteLike$$anon$1.apply(AnyFunSuiteLike.scala:226)
[info]   at org.scalatest.TestSuite.withFixture(TestSuite.scala:196)
[info]   at org.scalatest.TestSuite.withFixture$(TestSuite.scala:195)
[info]   at org.scalatest.funsuite.AnyFunSuite.withFixture(AnyFunSuite.scala:1564)
[info]   at org.scalatest.funsuite.AnyFunSuiteLike.invokeWithFixture$1(AnyFunSuiteLike.scala:224)
[info]   at org.scalatest.funsuite.AnyFunSuiteLike.$anonfun$runTest$1(AnyFunSuiteLike.scala:236)
[info]   at org.scalatest.SuperEngine.runTestImpl(Engine.scala:306)
[info]   at org.scalatest.funsuite.AnyFunSuiteLike.runTest(AnyFunSuiteLike.scala:236)
[info]   at org.scalatest.funsuite.AnyFunSuiteLike.runTest$(AnyFunSuiteLike.scala:218)
[info]   at org.scalatest.funsuite.AnyFunSuite.runTest(AnyFunSuite.scala:1564)
[info]   at org.scalatest.funsuite.AnyFunSuiteLike.$anonfun$runTests$1(AnyFunSuiteLike.scala:269)
[info]   at org.scalatest.SuperEngine.$anonfun$runTestsInBranch$1(Engine.scala:413)
[info]   at scala.collection.immutable.List.foreach(List.scala:334)
[info]   at org.scalatest.SuperEngine.traverseSubNodes$1(Engine.scala:401)
[info]   at org.scalatest.SuperEngine.runTestsInBranch(Engine.scala:396)
[info]   at org.scalatest.SuperEngine.runTestsImpl(Engine.scala:475)
[info]   at org.scalatest.funsuite.AnyFunSuiteLike.runTests(AnyFunSuiteLike.scala:269)
[info]   at org.scalatest.funsuite.AnyFunSuiteLike.runTests$(AnyFunSuiteLike.scala:268)
[info]   at org.scalatest.funsuite.AnyFunSuite.runTests(AnyFunSuite.scala:1564)
[info]   at org.scalatest.Suite.run(Suite.scala:1114)
[info]   at org.scalatest.Suite.run$(Suite.scala:1096)
[info]   at org.scalatest.funsuite.AnyFunSuite.org$scalatest$funsuite$AnyFunSuiteLike$$super$run(AnyFunSuite.scala:1564)
[info]   at org.scalatest.funsuite.AnyFunSuiteLike.$anonfun$run$1(AnyFunSuiteLike.scala:273)
[info]   at org.scalatest.SuperEngine.runImpl(Engine.scala:535)
[info]   at org.scalatest.funsuite.AnyFunSuiteLike.run(AnyFunSuiteLike.scala:273)
[info]   at org.scalatest.funsuite.AnyFunSuiteLike.run$(AnyFunSuiteLike.scala:272)
[info]   at frameless.TypedDatasetSuite.org$scalatest$BeforeAndAfterAll$$super$run(TypedDatasetSuite.scala:63)
[info]   at org.scalatest.BeforeAndAfterAll.liftedTree1$1(BeforeAndAfterAll.scala:213)
[info]   at org.scalatest.BeforeAndAfterAll.run(BeforeAndAfterAll.scala:210)
[info]   at org.scalatest.BeforeAndAfterAll.run$(BeforeAndAfterAll.scala:208)
[info]   at frameless.TypedDatasetSuite.run(TypedDatasetSuite.scala:63)
[info]   at org.scalatest.tools.Framework.org$scalatest$tools$Framework$$runSuite(Framework.scala:321)
[info]   at org.scalatest.tools.Framework$ScalaTestTask.execute(Framework.scala:517)
[info]   at sbt.ForkMain$Run.lambda$runTest$1(ForkMain.java:414)
[info]   at java.base/java.util.concurrent.FutureTask.run(FutureTask.java:317)
[info]   at java.base/java.util.concurrent.ThreadPoolExecutor.runWorker(ThreadPoolExecutor.java:1144)
[info]   at java.base/java.util.concurrent.ThreadPoolExecutor$Worker.run(ThreadPoolExecutor.java:642)
[info]   at java.base/java.lang.Thread.run(Thread.java:1583)
[info] - asin *** FAILED *** (2 milliseconds)
[info]   IllegalArgumentException was thrown during property evaluation.
[info]     Message: argument type mismatch
[info]     Occurred when passed generated values (
[info]       arg0 = List()
[info]     )
[info]   org.scalatest.exceptions.GeneratorDrivenPropertyCheckFailedException:
[info]   at org.scalatestplus.scalacheck.CheckerAsserting$$anon$2.indicateFailure(CheckerAsserting.scala:251)
[info]   at org.scalatestplus.scalacheck.CheckerAsserting$$anon$2.indicateFailure(CheckerAsserting.scala:238)
[info]   at org.scalatestplus.scalacheck.UnitCheckerAsserting$CheckerAssertingImpl.check(CheckerAsserting.scala:160)
[info]   at org.scalatestplus.scalacheck.Checkers.check(Checkers.scala:371)
[info]   at org.scalatestplus.scalacheck.Checkers.check$(Checkers.scala:369)
[info]   at frameless.TypedDatasetSuite.check(TypedDatasetSuite.scala:63)
[info]   at frameless.functions.NonAggregateFunctionsTests.$anonfun$new$375(NonAggregateFunctionsTests.scala:598)
[info]   at org.scalatest.OutcomeOf.outcomeOf(OutcomeOf.scala:85)
[info]   at org.scalatest.OutcomeOf.outcomeOf$(OutcomeOf.scala:83)
[info]   at org.scalatest.OutcomeOf$.outcomeOf(OutcomeOf.scala:104)
[info]   at org.scalatest.Transformer.apply(Transformer.scala:22)
[info]   at org.scalatest.Transformer.apply(Transformer.scala:20)
[info]   at org.scalatest.funsuite.AnyFunSuiteLike$$anon$1.apply(AnyFunSuiteLike.scala:226)
[info]   at org.scalatest.TestSuite.withFixture(TestSuite.scala:196)
[info]   at org.scalatest.TestSuite.withFixture$(TestSuite.scala:195)
[info]   at org.scalatest.funsuite.AnyFunSuite.withFixture(AnyFunSuite.scala:1564)
[info]   at org.scalatest.funsuite.AnyFunSuiteLike.invokeWithFixture$1(AnyFunSuiteLike.scala:224)
[info]   at org.scalatest.funsuite.AnyFunSuiteLike.$anonfun$runTest$1(AnyFunSuiteLike.scala:236)
[info]   at org.scalatest.SuperEngine.runTestImpl(Engine.scala:306)
[info]   at org.scalatest.funsuite.AnyFunSuiteLike.runTest(AnyFunSuiteLike.scala:236)
[info]   at org.scalatest.funsuite.AnyFunSuiteLike.runTest$(AnyFunSuiteLike.scala:218)
[info]   at org.scalatest.funsuite.AnyFunSuite.runTest(AnyFunSuite.scala:1564)
[info]   at org.scalatest.funsuite.AnyFunSuiteLike.$anonfun$runTests$1(AnyFunSuiteLike.scala:269)
[info]   at org.scalatest.SuperEngine.$anonfun$runTestsInBranch$1(Engine.scala:413)
[info]   at scala.collection.immutable.List.foreach(List.scala:334)
[info]   at org.scalatest.SuperEngine.traverseSubNodes$1(Engine.scala:401)
[info]   at org.scalatest.SuperEngine.runTestsInBranch(Engine.scala:396)
[info]   at org.scalatest.SuperEngine.runTestsImpl(Engine.scala:475)
[info]   at org.scalatest.funsuite.AnyFunSuiteLike.runTests(AnyFunSuiteLike.scala:269)
[info]   at org.scalatest.funsuite.AnyFunSuiteLike.runTests$(AnyFunSuiteLike.scala:268)
[info]   at org.scalatest.funsuite.AnyFunSuite.runTests(AnyFunSuite.scala:1564)
[info]   at org.scalatest.Suite.run(Suite.scala:1114)
[info]   at org.scalatest.Suite.run$(Suite.scala:1096)
[info]   at org.scalatest.funsuite.AnyFunSuite.org$scalatest$funsuite$AnyFunSuiteLike$$super$run(AnyFunSuite.scala:1564)
[info]   at org.scalatest.funsuite.AnyFunSuiteLike.$anonfun$run$1(AnyFunSuiteLike.scala:273)
[info]   at org.scalatest.SuperEngine.runImpl(Engine.scala:535)
[info]   at org.scalatest.funsuite.AnyFunSuiteLike.run(AnyFunSuiteLike.scala:273)
[info]   at org.scalatest.funsuite.AnyFunSuiteLike.run$(AnyFunSuiteLike.scala:272)
[info]   at frameless.TypedDatasetSuite.org$scalatest$BeforeAndAfterAll$$super$run(TypedDatasetSuite.scala:63)
[info]   at org.scalatest.BeforeAndAfterAll.liftedTree1$1(BeforeAndAfterAll.scala:213)
[info]   at org.scalatest.BeforeAndAfterAll.run(BeforeAndAfterAll.scala:210)
[info]   at org.scalatest.BeforeAndAfterAll.run$(BeforeAndAfterAll.scala:208)
[info]   at frameless.TypedDatasetSuite.run(TypedDatasetSuite.scala:63)
[info]   at org.scalatest.tools.Framework.org$scalatest$tools$Framework$$runSuite(Framework.scala:321)
[info]   at org.scalatest.tools.Framework$ScalaTestTask.execute(Framework.scala:517)
[info]   at sbt.ForkMain$Run.lambda$runTest$1(ForkMain.java:414)
[info]   at java.base/java.util.concurrent.FutureTask.run(FutureTask.java:317)
[info]   at java.base/java.util.concurrent.ThreadPoolExecutor.runWorker(ThreadPoolExecutor.java:1144)
[info]   at java.base/java.util.concurrent.ThreadPoolExecutor$Worker.run(ThreadPoolExecutor.java:642)
[info]   at java.base/java.lang.Thread.run(Thread.java:1583)
[info]   Cause: java.lang.IllegalArgumentException: argument type mismatch
[info]   at java.base/jdk.internal.reflect.DirectConstructorHandleAccessor.newInstance(DirectConstructorHandleAccessor.java:65)
[info]   at java.base/java.lang.reflect.Constructor.newInstanceWithCaller(Constructor.java:502)
[info]   at java.base/java.lang.reflect.Constructor.newInstance(Constructor.java:486)
[info]   at frameless.TypedExpressionEncoder$.$anonfun$apply$3(TypedExpressionEncoder.scala:55)
[info]   at scala.Option.map(Option.scala:242)
[info]   at frameless.TypedExpressionEncoder$.apply(TypedExpressionEncoder.scala:54)
[info]   at frameless.TypedDataset$.create(TypedDataset.scala:1325)
[info]   at frameless.functions.NonAggregateFunctionsTests.prop$21(NonAggregateFunctionsTests.scala:594)
[info]   at frameless.functions.NonAggregateFunctionsTests.$anonfun$new$383(NonAggregateFunctionsTests.scala:598)
[info]   at scala.Function1.$anonfun$andThen$1(Function1.scala:87)
[info]   at org.scalacheck.Prop$.$anonfun$forAllShrink$2(Prop.scala:868)
[info]   at org.scalacheck.Prop$.secure(Prop.scala:484)
[info]   at org.scalacheck.Prop$.result$1(Prop.scala:868)
[info]   at org.scalacheck.Prop$.$anonfun$forAllShrink$1(Prop.scala:915)
[info]   at org.scalacheck.Prop$.$anonfun$apply$1(Prop.scala:305)
[info]   at org.scalacheck.PropFromFun.apply(Prop.scala:20)
[info]   at org.scalacheck.Test$.workerFun$1(Test.scala:486)
[info]   at org.scalacheck.Test$.$anonfun$check$4(Test.scala:518)
[info]   at org.scalacheck.Test$.$anonfun$check$4$adapted(Test.scala:518)
[info]   at org.scalacheck.Platform$.runWorkers(Platform.scala:42)
[info]   at org.scalacheck.Test$.check(Test.scala:518)
[info]   at org.scalatestplus.scalacheck.UnitCheckerAsserting$CheckerAssertingImpl.check(CheckerAsserting.scala:90)
[info]   at org.scalatestplus.scalacheck.Checkers.check(Checkers.scala:371)
[info]   at org.scalatestplus.scalacheck.Checkers.check$(Checkers.scala:369)
[info]   at frameless.TypedDatasetSuite.check(TypedDatasetSuite.scala:63)
[info]   at frameless.functions.NonAggregateFunctionsTests.$anonfun$new$375(NonAggregateFunctionsTests.scala:598)
[info]   at org.scalatest.OutcomeOf.outcomeOf(OutcomeOf.scala:85)
[info]   at org.scalatest.OutcomeOf.outcomeOf$(OutcomeOf.scala:83)
[info]   at org.scalatest.OutcomeOf$.outcomeOf(OutcomeOf.scala:104)
[info]   at org.scalatest.Transformer.apply(Transformer.scala:22)
[info]   at org.scalatest.Transformer.apply(Transformer.scala:20)
[info]   at org.scalatest.funsuite.AnyFunSuiteLike$$anon$1.apply(AnyFunSuiteLike.scala:226)
[info]   at org.scalatest.TestSuite.withFixture(TestSuite.scala:196)
[info]   at org.scalatest.TestSuite.withFixture$(TestSuite.scala:195)
[info]   at org.scalatest.funsuite.AnyFunSuite.withFixture(AnyFunSuite.scala:1564)
[info]   at org.scalatest.funsuite.AnyFunSuiteLike.invokeWithFixture$1(AnyFunSuiteLike.scala:224)
[info]   at org.scalatest.funsuite.AnyFunSuiteLike.$anonfun$runTest$1(AnyFunSuiteLike.scala:236)
[info]   at org.scalatest.SuperEngine.runTestImpl(Engine.scala:306)
[info]   at org.scalatest.funsuite.AnyFunSuiteLike.runTest(AnyFunSuiteLike.scala:236)
[info]   at org.scalatest.funsuite.AnyFunSuiteLike.runTest$(AnyFunSuiteLike.scala:218)
[info]   at org.scalatest.funsuite.AnyFunSuite.runTest(AnyFunSuite.scala:1564)
[info]   at org.scalatest.funsuite.AnyFunSuiteLike.$anonfun$runTests$1(AnyFunSuiteLike.scala:269)
[info]   at org.scalatest.SuperEngine.$anonfun$runTestsInBranch$1(Engine.scala:413)
[info]   at scala.collection.immutable.List.foreach(List.scala:334)
[info]   at org.scalatest.SuperEngine.traverseSubNodes$1(Engine.scala:401)
[info]   at org.scalatest.SuperEngine.runTestsInBranch(Engine.scala:396)
[info]   at org.scalatest.SuperEngine.runTestsImpl(Engine.scala:475)
[info]   at org.scalatest.funsuite.AnyFunSuiteLike.runTests(AnyFunSuiteLike.scala:269)
[info]   at org.scalatest.funsuite.AnyFunSuiteLike.runTests$(AnyFunSuiteLike.scala:268)
[info]   at org.scalatest.funsuite.AnyFunSuite.runTests(AnyFunSuite.scala:1564)
[info]   at org.scalatest.Suite.run(Suite.scala:1114)
[info]   at org.scalatest.Suite.run$(Suite.scala:1096)
[info]   at org.scalatest.funsuite.AnyFunSuite.org$scalatest$funsuite$AnyFunSuiteLike$$super$run(AnyFunSuite.scala:1564)
[info]   at org.scalatest.funsuite.AnyFunSuiteLike.$anonfun$run$1(AnyFunSuiteLike.scala:273)
[info]   at org.scalatest.SuperEngine.runImpl(Engine.scala:535)
[info]   at org.scalatest.funsuite.AnyFunSuiteLike.run(AnyFunSuiteLike.scala:273)
[info]   at org.scalatest.funsuite.AnyFunSuiteLike.run$(AnyFunSuiteLike.scala:272)
[info]   at frameless.TypedDatasetSuite.org$scalatest$BeforeAndAfterAll$$super$run(TypedDatasetSuite.scala:63)
[info]   at org.scalatest.BeforeAndAfterAll.liftedTree1$1(BeforeAndAfterAll.scala:213)
[info]   at org.scalatest.BeforeAndAfterAll.run(BeforeAndAfterAll.scala:210)
[info]   at org.scalatest.BeforeAndAfterAll.run$(BeforeAndAfterAll.scala:208)
[info]   at frameless.TypedDatasetSuite.run(TypedDatasetSuite.scala:63)
[info]   at org.scalatest.tools.Framework.org$scalatest$tools$Framework$$runSuite(Framework.scala:321)
[info]   at org.scalatest.tools.Framework$ScalaTestTask.execute(Framework.scala:517)
[info]   at sbt.ForkMain$Run.lambda$runTest$1(ForkMain.java:414)
[info]   at java.base/java.util.concurrent.FutureTask.run(FutureTask.java:317)
[info]   at java.base/java.util.concurrent.ThreadPoolExecutor.runWorker(ThreadPoolExecutor.java:1144)
[info]   at java.base/java.util.concurrent.ThreadPoolExecutor$Worker.run(ThreadPoolExecutor.java:642)
[info]   at java.base/java.lang.Thread.run(Thread.java:1583)
[info]   Cause: java.lang.ClassCastException: Cannot cast scala.reflect.ClassTag$GenericClassTag to org.apache.spark.sql.catalyst.expressions.Expression
[info]   at java.base/java.lang.Class.cast(Class.java:4067)
[info]   at java.base/jdk.internal.reflect.DirectConstructorHandleAccessor.newInstance(DirectConstructorHandleAccessor.java:62)
[info]   at java.base/java.lang.reflect.Constructor.newInstanceWithCaller(Constructor.java:502)
[info]   at java.base/java.lang.reflect.Constructor.newInstance(Constructor.java:486)
[info]   at frameless.TypedExpressionEncoder$.$anonfun$apply$3(TypedExpressionEncoder.scala:55)
[info]   at scala.Option.map(Option.scala:242)
[info]   at frameless.TypedExpressionEncoder$.apply(TypedExpressionEncoder.scala:54)
[info]   at frameless.TypedDataset$.create(TypedDataset.scala:1325)
[info]   at frameless.functions.NonAggregateFunctionsTests.prop$21(NonAggregateFunctionsTests.scala:594)
[info]   at frameless.functions.NonAggregateFunctionsTests.$anonfun$new$383(NonAggregateFunctionsTests.scala:598)
[info]   at scala.Function1.$anonfun$andThen$1(Function1.scala:87)
[info]   at org.scalacheck.Prop$.$anonfun$forAllShrink$2(Prop.scala:868)
[info]   at org.scalacheck.Prop$.secure(Prop.scala:484)
[info]   at org.scalacheck.Prop$.result$1(Prop.scala:868)
[info]   at org.scalacheck.Prop$.$anonfun$forAllShrink$1(Prop.scala:915)
[info]   at org.scalacheck.Prop$.$anonfun$apply$1(Prop.scala:305)
[info]   at org.scalacheck.PropFromFun.apply(Prop.scala:20)
[info]   at org.scalacheck.Test$.workerFun$1(Test.scala:486)
[info]   at org.scalacheck.Test$.$anonfun$check$4(Test.scala:518)
[info]   at org.scalacheck.Test$.$anonfun$check$4$adapted(Test.scala:518)
[info]   at org.scalacheck.Platform$.runWorkers(Platform.scala:42)
[info]   at org.scalacheck.Test$.check(Test.scala:518)
[info]   at org.scalatestplus.scalacheck.UnitCheckerAsserting$CheckerAssertingImpl.check(CheckerAsserting.scala:90)
[info]   at org.scalatestplus.scalacheck.Checkers.check(Checkers.scala:371)
[info]   at org.scalatestplus.scalacheck.Checkers.check$(Checkers.scala:369)
[info]   at frameless.TypedDatasetSuite.check(TypedDatasetSuite.scala:63)
[info]   at frameless.functions.NonAggregateFunctionsTests.$anonfun$new$375(NonAggregateFunctionsTests.scala:598)
[info]   at org.scalatest.OutcomeOf.outcomeOf(OutcomeOf.scala:85)
[info]   at org.scalatest.OutcomeOf.outcomeOf$(OutcomeOf.scala:83)
[info]   at org.scalatest.OutcomeOf$.outcomeOf(OutcomeOf.scala:104)
[info]   at org.scalatest.Transformer.apply(Transformer.scala:22)
[info]   at org.scalatest.Transformer.apply(Transformer.scala:20)
[info]   at org.scalatest.funsuite.AnyFunSuiteLike$$anon$1.apply(AnyFunSuiteLike.scala:226)
[info]   at org.scalatest.TestSuite.withFixture(TestSuite.scala:196)
[info]   at org.scalatest.TestSuite.withFixture$(TestSuite.scala:195)
[info]   at org.scalatest.funsuite.AnyFunSuite.withFixture(AnyFunSuite.scala:1564)
[info]   at org.scalatest.funsuite.AnyFunSuiteLike.invokeWithFixture$1(AnyFunSuiteLike.scala:224)
[info]   at org.scalatest.funsuite.AnyFunSuiteLike.$anonfun$runTest$1(AnyFunSuiteLike.scala:236)
[info]   at org.scalatest.SuperEngine.runTestImpl(Engine.scala:306)
[info]   at org.scalatest.funsuite.AnyFunSuiteLike.runTest(AnyFunSuiteLike.scala:236)
[info]   at org.scalatest.funsuite.AnyFunSuiteLike.runTest$(AnyFunSuiteLike.scala:218)
[info]   at org.scalatest.funsuite.AnyFunSuite.runTest(AnyFunSuite.scala:1564)
[info]   at org.scalatest.funsuite.AnyFunSuiteLike.$anonfun$runTests$1(AnyFunSuiteLike.scala:269)
[info]   at org.scalatest.SuperEngine.$anonfun$runTestsInBranch$1(Engine.scala:413)
[info]   at scala.collection.immutable.List.foreach(List.scala:334)
[info]   at org.scalatest.SuperEngine.traverseSubNodes$1(Engine.scala:401)
[info]   at org.scalatest.SuperEngine.runTestsInBranch(Engine.scala:396)
[info]   at org.scalatest.SuperEngine.runTestsImpl(Engine.scala:475)
[info]   at org.scalatest.funsuite.AnyFunSuiteLike.runTests(AnyFunSuiteLike.scala:269)
[info]   at org.scalatest.funsuite.AnyFunSuiteLike.runTests$(AnyFunSuiteLike.scala:268)
[info]   at org.scalatest.funsuite.AnyFunSuite.runTests(AnyFunSuite.scala:1564)
[info]   at org.scalatest.Suite.run(Suite.scala:1114)
[info]   at org.scalatest.Suite.run$(Suite.scala:1096)
[info]   at org.scalatest.funsuite.AnyFunSuite.org$scalatest$funsuite$AnyFunSuiteLike$$super$run(AnyFunSuite.scala:1564)
[info]   at org.scalatest.funsuite.AnyFunSuiteLike.$anonfun$run$1(AnyFunSuiteLike.scala:273)
[info]   at org.scalatest.SuperEngine.runImpl(Engine.scala:535)
[info]   at org.scalatest.funsuite.AnyFunSuiteLike.run(AnyFunSuiteLike.scala:273)
[info]   at org.scalatest.funsuite.AnyFunSuiteLike.run$(AnyFunSuiteLike.scala:272)
[info]   at frameless.TypedDatasetSuite.org$scalatest$BeforeAndAfterAll$$super$run(TypedDatasetSuite.scala:63)
[info]   at org.scalatest.BeforeAndAfterAll.liftedTree1$1(BeforeAndAfterAll.scala:213)
[info]   at org.scalatest.BeforeAndAfterAll.run(BeforeAndAfterAll.scala:210)
[info]   at org.scalatest.BeforeAndAfterAll.run$(BeforeAndAfterAll.scala:208)
[info]   at frameless.TypedDatasetSuite.run(TypedDatasetSuite.scala:63)
[info]   at org.scalatest.tools.Framework.org$scalatest$tools$Framework$$runSuite(Framework.scala:321)
[info]   at org.scalatest.tools.Framework$ScalaTestTask.execute(Framework.scala:517)
[info]   at sbt.ForkMain$Run.lambda$runTest$1(ForkMain.java:414)
[info]   at java.base/java.util.concurrent.FutureTask.run(FutureTask.java:317)
[info]   at java.base/java.util.concurrent.ThreadPoolExecutor.runWorker(ThreadPoolExecutor.java:1144)
[info]   at java.base/java.util.concurrent.ThreadPoolExecutor$Worker.run(ThreadPoolExecutor.java:642)
[info]   at java.base/java.lang.Thread.run(Thread.java:1583)
[info] - tan *** FAILED *** (1 millisecond)
[info]   IllegalArgumentException was thrown during property evaluation.
[info]     Message: argument type mismatch
[info]     Occurred when passed generated values (
[info]       arg0 = List()
[info]     )
[info]   org.scalatest.exceptions.GeneratorDrivenPropertyCheckFailedException:
[info]   at org.scalatestplus.scalacheck.CheckerAsserting$$anon$2.indicateFailure(CheckerAsserting.scala:251)
[info]   at org.scalatestplus.scalacheck.CheckerAsserting$$anon$2.indicateFailure(CheckerAsserting.scala:238)
[info]   at org.scalatestplus.scalacheck.UnitCheckerAsserting$CheckerAssertingImpl.check(CheckerAsserting.scala:160)
[info]   at org.scalatestplus.scalacheck.Checkers.check(Checkers.scala:371)
[info]   at org.scalatestplus.scalacheck.Checkers.check$(Checkers.scala:369)
[info]   at frameless.TypedDatasetSuite.check(TypedDatasetSuite.scala:63)
[info]   at frameless.functions.NonAggregateFunctionsTests.$anonfun$new$395(NonAggregateFunctionsTests.scala:616)
[info]   at org.scalatest.OutcomeOf.outcomeOf(OutcomeOf.scala:85)
[info]   at org.scalatest.OutcomeOf.outcomeOf$(OutcomeOf.scala:83)
[info]   at org.scalatest.OutcomeOf$.outcomeOf(OutcomeOf.scala:104)
[info]   at org.scalatest.Transformer.apply(Transformer.scala:22)
[info]   at org.scalatest.Transformer.apply(Transformer.scala:20)
[info]   at org.scalatest.funsuite.AnyFunSuiteLike$$anon$1.apply(AnyFunSuiteLike.scala:226)
[info]   at org.scalatest.TestSuite.withFixture(TestSuite.scala:196)
[info]   at org.scalatest.TestSuite.withFixture$(TestSuite.scala:195)
[info]   at org.scalatest.funsuite.AnyFunSuite.withFixture(AnyFunSuite.scala:1564)
[info]   at org.scalatest.funsuite.AnyFunSuiteLike.invokeWithFixture$1(AnyFunSuiteLike.scala:224)
[info]   at org.scalatest.funsuite.AnyFunSuiteLike.$anonfun$runTest$1(AnyFunSuiteLike.scala:236)
[info]   at org.scalatest.SuperEngine.runTestImpl(Engine.scala:306)
[info]   at org.scalatest.funsuite.AnyFunSuiteLike.runTest(AnyFunSuiteLike.scala:236)
[info]   at org.scalatest.funsuite.AnyFunSuiteLike.runTest$(AnyFunSuiteLike.scala:218)
[info]   at org.scalatest.funsuite.AnyFunSuite.runTest(AnyFunSuite.scala:1564)
[info]   at org.scalatest.funsuite.AnyFunSuiteLike.$anonfun$runTests$1(AnyFunSuiteLike.scala:269)
[info]   at org.scalatest.SuperEngine.$anonfun$runTestsInBranch$1(Engine.scala:413)
[info]   at scala.collection.immutable.List.foreach(List.scala:334)
[info]   at org.scalatest.SuperEngine.traverseSubNodes$1(Engine.scala:401)
[info]   at org.scalatest.SuperEngine.runTestsInBranch(Engine.scala:396)
[info]   at org.scalatest.SuperEngine.runTestsImpl(Engine.scala:475)
[info]   at org.scalatest.funsuite.AnyFunSuiteLike.runTests(AnyFunSuiteLike.scala:269)
[info]   at org.scalatest.funsuite.AnyFunSuiteLike.runTests$(AnyFunSuiteLike.scala:268)
[info]   at org.scalatest.funsuite.AnyFunSuite.runTests(AnyFunSuite.scala:1564)
[info]   at org.scalatest.Suite.run(Suite.scala:1114)
[info]   at org.scalatest.Suite.run$(Suite.scala:1096)
[info]   at org.scalatest.funsuite.AnyFunSuite.org$scalatest$funsuite$AnyFunSuiteLike$$super$run(AnyFunSuite.scala:1564)
[info]   at org.scalatest.funsuite.AnyFunSuiteLike.$anonfun$run$1(AnyFunSuiteLike.scala:273)
[info]   at org.scalatest.SuperEngine.runImpl(Engine.scala:535)
[info]   at org.scalatest.funsuite.AnyFunSuiteLike.run(AnyFunSuiteLike.scala:273)
[info]   at org.scalatest.funsuite.AnyFunSuiteLike.run$(AnyFunSuiteLike.scala:272)
[info]   at frameless.TypedDatasetSuite.org$scalatest$BeforeAndAfterAll$$super$run(TypedDatasetSuite.scala:63)
[info]   at org.scalatest.BeforeAndAfterAll.liftedTree1$1(BeforeAndAfterAll.scala:213)
[info]   at org.scalatest.BeforeAndAfterAll.run(BeforeAndAfterAll.scala:210)
[info]   at org.scalatest.BeforeAndAfterAll.run$(BeforeAndAfterAll.scala:208)
[info]   at frameless.TypedDatasetSuite.run(TypedDatasetSuite.scala:63)
[info]   at org.scalatest.tools.Framework.org$scalatest$tools$Framework$$runSuite(Framework.scala:321)
[info]   at org.scalatest.tools.Framework$ScalaTestTask.execute(Framework.scala:517)
[info]   at sbt.ForkMain$Run.lambda$runTest$1(ForkMain.java:414)
[info]   at java.base/java.util.concurrent.FutureTask.run(FutureTask.java:317)
[info]   at java.base/java.util.concurrent.ThreadPoolExecutor.runWorker(ThreadPoolExecutor.java:1144)
[info]   at java.base/java.util.concurrent.ThreadPoolExecutor$Worker.run(ThreadPoolExecutor.java:642)
[info]   at java.base/java.lang.Thread.run(Thread.java:1583)
[info]   Cause: java.lang.IllegalArgumentException: argument type mismatch
[info]   at java.base/jdk.internal.reflect.DirectConstructorHandleAccessor.newInstance(DirectConstructorHandleAccessor.java:65)
[info]   at java.base/java.lang.reflect.Constructor.newInstanceWithCaller(Constructor.java:502)
[info]   at java.base/java.lang.reflect.Constructor.newInstance(Constructor.java:486)
[info]   at frameless.TypedExpressionEncoder$.$anonfun$apply$3(TypedExpressionEncoder.scala:55)
[info]   at scala.Option.map(Option.scala:242)
[info]   at frameless.TypedExpressionEncoder$.apply(TypedExpressionEncoder.scala:54)
[info]   at frameless.TypedDataset$.create(TypedDataset.scala:1325)
[info]   at frameless.functions.NonAggregateFunctionsTests.prop$22(NonAggregateFunctionsTests.scala:612)
[info]   at frameless.functions.NonAggregateFunctionsTests.$anonfun$new$403(NonAggregateFunctionsTests.scala:616)
[info]   at scala.Function1.$anonfun$andThen$1(Function1.scala:87)
[info]   at org.scalacheck.Prop$.$anonfun$forAllShrink$2(Prop.scala:868)
[info]   at org.scalacheck.Prop$.secure(Prop.scala:484)
[info]   at org.scalacheck.Prop$.result$1(Prop.scala:868)
[info]   at org.scalacheck.Prop$.$anonfun$forAllShrink$1(Prop.scala:915)
[info]   at org.scalacheck.Prop$.$anonfun$apply$1(Prop.scala:305)
[info]   at org.scalacheck.PropFromFun.apply(Prop.scala:20)
[info]   at org.scalacheck.Test$.workerFun$1(Test.scala:486)
[info]   at org.scalacheck.Test$.$anonfun$check$4(Test.scala:518)
[info]   at org.scalacheck.Test$.$anonfun$check$4$adapted(Test.scala:518)
[info]   at org.scalacheck.Platform$.runWorkers(Platform.scala:42)
[info]   at org.scalacheck.Test$.check(Test.scala:518)
[info]   at org.scalatestplus.scalacheck.UnitCheckerAsserting$CheckerAssertingImpl.check(CheckerAsserting.scala:90)
[info]   at org.scalatestplus.scalacheck.Checkers.check(Checkers.scala:371)
[info]   at org.scalatestplus.scalacheck.Checkers.check$(Checkers.scala:369)
[info]   at frameless.TypedDatasetSuite.check(TypedDatasetSuite.scala:63)
[info]   at frameless.functions.NonAggregateFunctionsTests.$anonfun$new$395(NonAggregateFunctionsTests.scala:616)
[info]   at org.scalatest.OutcomeOf.outcomeOf(OutcomeOf.scala:85)
[info]   at org.scalatest.OutcomeOf.outcomeOf$(OutcomeOf.scala:83)
[info]   at org.scalatest.OutcomeOf$.outcomeOf(OutcomeOf.scala:104)
[info]   at org.scalatest.Transformer.apply(Transformer.scala:22)
[info]   at org.scalatest.Transformer.apply(Transformer.scala:20)
[info]   at org.scalatest.funsuite.AnyFunSuiteLike$$anon$1.apply(AnyFunSuiteLike.scala:226)
[info]   at org.scalatest.TestSuite.withFixture(TestSuite.scala:196)
[info]   at org.scalatest.TestSuite.withFixture$(TestSuite.scala:195)
[info]   at org.scalatest.funsuite.AnyFunSuite.withFixture(AnyFunSuite.scala:1564)
[info]   at org.scalatest.funsuite.AnyFunSuiteLike.invokeWithFixture$1(AnyFunSuiteLike.scala:224)
[info]   at org.scalatest.funsuite.AnyFunSuiteLike.$anonfun$runTest$1(AnyFunSuiteLike.scala:236)
[info]   at org.scalatest.SuperEngine.runTestImpl(Engine.scala:306)
[info]   at org.scalatest.funsuite.AnyFunSuiteLike.runTest(AnyFunSuiteLike.scala:236)
[info]   at org.scalatest.funsuite.AnyFunSuiteLike.runTest$(AnyFunSuiteLike.scala:218)
[info]   at org.scalatest.funsuite.AnyFunSuite.runTest(AnyFunSuite.scala:1564)
[info]   at org.scalatest.funsuite.AnyFunSuiteLike.$anonfun$runTests$1(AnyFunSuiteLike.scala:269)
[info]   at org.scalatest.SuperEngine.$anonfun$runTestsInBranch$1(Engine.scala:413)
[info]   at scala.collection.immutable.List.foreach(List.scala:334)
[info]   at org.scalatest.SuperEngine.traverseSubNodes$1(Engine.scala:401)
[info]   at org.scalatest.SuperEngine.runTestsInBranch(Engine.scala:396)
[info]   at org.scalatest.SuperEngine.runTestsImpl(Engine.scala:475)
[info]   at org.scalatest.funsuite.AnyFunSuiteLike.runTests(AnyFunSuiteLike.scala:269)
[info]   at org.scalatest.funsuite.AnyFunSuiteLike.runTests$(AnyFunSuiteLike.scala:268)
[info]   at org.scalatest.funsuite.AnyFunSuite.runTests(AnyFunSuite.scala:1564)
[info]   at org.scalatest.Suite.run(Suite.scala:1114)
[info]   at org.scalatest.Suite.run$(Suite.scala:1096)
[info]   at org.scalatest.funsuite.AnyFunSuite.org$scalatest$funsuite$AnyFunSuiteLike$$super$run(AnyFunSuite.scala:1564)
[info]   at org.scalatest.funsuite.AnyFunSuiteLike.$anonfun$run$1(AnyFunSuiteLike.scala:273)
[info]   at org.scalatest.SuperEngine.runImpl(Engine.scala:535)
[info]   at org.scalatest.funsuite.AnyFunSuiteLike.run(AnyFunSuiteLike.scala:273)
[info]   at org.scalatest.funsuite.AnyFunSuiteLike.run$(AnyFunSuiteLike.scala:272)
[info]   at frameless.TypedDatasetSuite.org$scalatest$BeforeAndAfterAll$$super$run(TypedDatasetSuite.scala:63)
[info]   at org.scalatest.BeforeAndAfterAll.liftedTree1$1(BeforeAndAfterAll.scala:213)
[info]   at org.scalatest.BeforeAndAfterAll.run(BeforeAndAfterAll.scala:210)
[info]   at org.scalatest.BeforeAndAfterAll.run$(BeforeAndAfterAll.scala:208)
[info]   at frameless.TypedDatasetSuite.run(TypedDatasetSuite.scala:63)
[info]   at org.scalatest.tools.Framework.org$scalatest$tools$Framework$$runSuite(Framework.scala:321)
[info]   at org.scalatest.tools.Framework$ScalaTestTask.execute(Framework.scala:517)
[info]   at sbt.ForkMain$Run.lambda$runTest$1(ForkMain.java:414)
[info]   at java.base/java.util.concurrent.FutureTask.run(FutureTask.java:317)
[info]   at java.base/java.util.concurrent.ThreadPoolExecutor.runWorker(ThreadPoolExecutor.java:1144)
[info]   at java.base/java.util.concurrent.ThreadPoolExecutor$Worker.run(ThreadPoolExecutor.java:642)
[info]   at java.base/java.lang.Thread.run(Thread.java:1583)
[info]   Cause: java.lang.ClassCastException: Cannot cast scala.reflect.ClassTag$GenericClassTag to org.apache.spark.sql.catalyst.expressions.Expression
[info]   at java.base/java.lang.Class.cast(Class.java:4067)
[info]   at java.base/jdk.internal.reflect.DirectConstructorHandleAccessor.newInstance(DirectConstructorHandleAccessor.java:62)
[info]   at java.base/java.lang.reflect.Constructor.newInstanceWithCaller(Constructor.java:502)
[info]   at java.base/java.lang.reflect.Constructor.newInstance(Constructor.java:486)
[info]   at frameless.TypedExpressionEncoder$.$anonfun$apply$3(TypedExpressionEncoder.scala:55)
[info]   at scala.Option.map(Option.scala:242)
[info]   at frameless.TypedExpressionEncoder$.apply(TypedExpressionEncoder.scala:54)
[info]   at frameless.TypedDataset$.create(TypedDataset.scala:1325)
[info]   at frameless.functions.NonAggregateFunctionsTests.prop$22(NonAggregateFunctionsTests.scala:612)
[info]   at frameless.functions.NonAggregateFunctionsTests.$anonfun$new$403(NonAggregateFunctionsTests.scala:616)
[info]   at scala.Function1.$anonfun$andThen$1(Function1.scala:87)
[info]   at org.scalacheck.Prop$.$anonfun$forAllShrink$2(Prop.scala:868)
[info]   at org.scalacheck.Prop$.secure(Prop.scala:484)
[info]   at org.scalacheck.Prop$.result$1(Prop.scala:868)
[info]   at org.scalacheck.Prop$.$anonfun$forAllShrink$1(Prop.scala:915)
[info]   at org.scalacheck.Prop$.$anonfun$apply$1(Prop.scala:305)
[info]   at org.scalacheck.PropFromFun.apply(Prop.scala:20)
[info]   at org.scalacheck.Test$.workerFun$1(Test.scala:486)
[info]   at org.scalacheck.Test$.$anonfun$check$4(Test.scala:518)
[info]   at org.scalacheck.Test$.$anonfun$check$4$adapted(Test.scala:518)
[info]   at org.scalacheck.Platform$.runWorkers(Platform.scala:42)
[info]   at org.scalacheck.Test$.check(Test.scala:518)
[info]   at org.scalatestplus.scalacheck.UnitCheckerAsserting$CheckerAssertingImpl.check(CheckerAsserting.scala:90)
[info]   at org.scalatestplus.scalacheck.Checkers.check(Checkers.scala:371)
[info]   at org.scalatestplus.scalacheck.Checkers.check$(Checkers.scala:369)
[info]   at frameless.TypedDatasetSuite.check(TypedDatasetSuite.scala:63)
[info]   at frameless.functions.NonAggregateFunctionsTests.$anonfun$new$395(NonAggregateFunctionsTests.scala:616)
[info]   at org.scalatest.OutcomeOf.outcomeOf(OutcomeOf.scala:85)
[info]   at org.scalatest.OutcomeOf.outcomeOf$(OutcomeOf.scala:83)
[info]   at org.scalatest.OutcomeOf$.outcomeOf(OutcomeOf.scala:104)
[info]   at org.scalatest.Transformer.apply(Transformer.scala:22)
[info]   at org.scalatest.Transformer.apply(Transformer.scala:20)
[info]   at org.scalatest.funsuite.AnyFunSuiteLike$$anon$1.apply(AnyFunSuiteLike.scala:226)
[info]   at org.scalatest.TestSuite.withFixture(TestSuite.scala:196)
[info]   at org.scalatest.TestSuite.withFixture$(TestSuite.scala:195)
[info]   at org.scalatest.funsuite.AnyFunSuite.withFixture(AnyFunSuite.scala:1564)
[info]   at org.scalatest.funsuite.AnyFunSuiteLike.invokeWithFixture$1(AnyFunSuiteLike.scala:224)
[info]   at org.scalatest.funsuite.AnyFunSuiteLike.$anonfun$runTest$1(AnyFunSuiteLike.scala:236)
[info]   at org.scalatest.SuperEngine.runTestImpl(Engine.scala:306)
[info]   at org.scalatest.funsuite.AnyFunSuiteLike.runTest(AnyFunSuiteLike.scala:236)
[info]   at org.scalatest.funsuite.AnyFunSuiteLike.runTest$(AnyFunSuiteLike.scala:218)
[info]   at org.scalatest.funsuite.AnyFunSuite.runTest(AnyFunSuite.scala:1564)
[info]   at org.scalatest.funsuite.AnyFunSuiteLike.$anonfun$runTests$1(AnyFunSuiteLike.scala:269)
[info]   at org.scalatest.SuperEngine.$anonfun$runTestsInBranch$1(Engine.scala:413)
[info]   at scala.collection.immutable.List.foreach(List.scala:334)
[info]   at org.scalatest.SuperEngine.traverseSubNodes$1(Engine.scala:401)
[info]   at org.scalatest.SuperEngine.runTestsInBranch(Engine.scala:396)
[info]   at org.scalatest.SuperEngine.runTestsImpl(Engine.scala:475)
[info]   at org.scalatest.funsuite.AnyFunSuiteLike.runTests(AnyFunSuiteLike.scala:269)
[info]   at org.scalatest.funsuite.AnyFunSuiteLike.runTests$(AnyFunSuiteLike.scala:268)
[info]   at org.scalatest.funsuite.AnyFunSuite.runTests(AnyFunSuite.scala:1564)
[info]   at org.scalatest.Suite.run(Suite.scala:1114)
[info]   at org.scalatest.Suite.run$(Suite.scala:1096)
[info]   at org.scalatest.funsuite.AnyFunSuite.org$scalatest$funsuite$AnyFunSuiteLike$$super$run(AnyFunSuite.scala:1564)
[info]   at org.scalatest.funsuite.AnyFunSuiteLike.$anonfun$run$1(AnyFunSuiteLike.scala:273)
[info]   at org.scalatest.SuperEngine.runImpl(Engine.scala:535)
[info]   at org.scalatest.funsuite.AnyFunSuiteLike.run(AnyFunSuiteLike.scala:273)
[info]   at org.scalatest.funsuite.AnyFunSuiteLike.run$(AnyFunSuiteLike.scala:272)
[info]   at frameless.TypedDatasetSuite.org$scalatest$BeforeAndAfterAll$$super$run(TypedDatasetSuite.scala:63)
[info]   at org.scalatest.BeforeAndAfterAll.liftedTree1$1(BeforeAndAfterAll.scala:213)
[info]   at org.scalatest.BeforeAndAfterAll.run(BeforeAndAfterAll.scala:210)
[info]   at org.scalatest.BeforeAndAfterAll.run$(BeforeAndAfterAll.scala:208)
[info]   at frameless.TypedDatasetSuite.run(TypedDatasetSuite.scala:63)
[info]   at org.scalatest.tools.Framework.org$scalatest$tools$Framework$$runSuite(Framework.scala:321)
[info]   at org.scalatest.tools.Framework$ScalaTestTask.execute(Framework.scala:517)
[info]   at sbt.ForkMain$Run.lambda$runTest$1(ForkMain.java:414)
[info]   at java.base/java.util.concurrent.FutureTask.run(FutureTask.java:317)
[info]   at java.base/java.util.concurrent.ThreadPoolExecutor.runWorker(ThreadPoolExecutor.java:1144)
[info]   at java.base/java.util.concurrent.ThreadPoolExecutor$Worker.run(ThreadPoolExecutor.java:642)
[info]   at java.base/java.lang.Thread.run(Thread.java:1583)
[info] - tanh *** FAILED *** (3 milliseconds)
[info]   IllegalArgumentException was thrown during property evaluation.
[info]     Message: argument type mismatch
[info]     Occurred when passed generated values (
[info]       arg0 = List()
[info]     )
[info]   org.scalatest.exceptions.GeneratorDrivenPropertyCheckFailedException:
[info]   at org.scalatestplus.scalacheck.CheckerAsserting$$anon$2.indicateFailure(CheckerAsserting.scala:251)
[info]   at org.scalatestplus.scalacheck.CheckerAsserting$$anon$2.indicateFailure(CheckerAsserting.scala:238)
[info]   at org.scalatestplus.scalacheck.UnitCheckerAsserting$CheckerAssertingImpl.check(CheckerAsserting.scala:160)
[info]   at org.scalatestplus.scalacheck.Checkers.check(Checkers.scala:371)
[info]   at org.scalatestplus.scalacheck.Checkers.check$(Checkers.scala:369)
[info]   at frameless.TypedDatasetSuite.check(TypedDatasetSuite.scala:63)
[info]   at frameless.functions.NonAggregateFunctionsTests.$anonfun$new$415(NonAggregateFunctionsTests.scala:634)
[info]   at org.scalatest.OutcomeOf.outcomeOf(OutcomeOf.scala:85)
[info]   at org.scalatest.OutcomeOf.outcomeOf$(OutcomeOf.scala:83)
[info]   at org.scalatest.OutcomeOf$.outcomeOf(OutcomeOf.scala:104)
[info]   at org.scalatest.Transformer.apply(Transformer.scala:22)
[info]   at org.scalatest.Transformer.apply(Transformer.scala:20)
[info]   at org.scalatest.funsuite.AnyFunSuiteLike$$anon$1.apply(AnyFunSuiteLike.scala:226)
[info]   at org.scalatest.TestSuite.withFixture(TestSuite.scala:196)
[info]   at org.scalatest.TestSuite.withFixture$(TestSuite.scala:195)
[info]   at org.scalatest.funsuite.AnyFunSuite.withFixture(AnyFunSuite.scala:1564)
[info]   at org.scalatest.funsuite.AnyFunSuiteLike.invokeWithFixture$1(AnyFunSuiteLike.scala:224)
[info]   at org.scalatest.funsuite.AnyFunSuiteLike.$anonfun$runTest$1(AnyFunSuiteLike.scala:236)
[info]   at org.scalatest.SuperEngine.runTestImpl(Engine.scala:306)
[info]   at org.scalatest.funsuite.AnyFunSuiteLike.runTest(AnyFunSuiteLike.scala:236)
[info]   at org.scalatest.funsuite.AnyFunSuiteLike.runTest$(AnyFunSuiteLike.scala:218)
[info]   at org.scalatest.funsuite.AnyFunSuite.runTest(AnyFunSuite.scala:1564)
[info]   at org.scalatest.funsuite.AnyFunSuiteLike.$anonfun$runTests$1(AnyFunSuiteLike.scala:269)
[info]   at org.scalatest.SuperEngine.$anonfun$runTestsInBranch$1(Engine.scala:413)
[info]   at scala.collection.immutable.List.foreach(List.scala:334)
[info]   at org.scalatest.SuperEngine.traverseSubNodes$1(Engine.scala:401)
[info]   at org.scalatest.SuperEngine.runTestsInBranch(Engine.scala:396)
[info]   at org.scalatest.SuperEngine.runTestsImpl(Engine.scala:475)
[info]   at org.scalatest.funsuite.AnyFunSuiteLike.runTests(AnyFunSuiteLike.scala:269)
[info]   at org.scalatest.funsuite.AnyFunSuiteLike.runTests$(AnyFunSuiteLike.scala:268)
[info]   at org.scalatest.funsuite.AnyFunSuite.runTests(AnyFunSuite.scala:1564)
[info]   at org.scalatest.Suite.run(Suite.scala:1114)
[info]   at org.scalatest.Suite.run$(Suite.scala:1096)
[info]   at org.scalatest.funsuite.AnyFunSuite.org$scalatest$funsuite$AnyFunSuiteLike$$super$run(AnyFunSuite.scala:1564)
[info]   at org.scalatest.funsuite.AnyFunSuiteLike.$anonfun$run$1(AnyFunSuiteLike.scala:273)
[info]   at org.scalatest.SuperEngine.runImpl(Engine.scala:535)
[info]   at org.scalatest.funsuite.AnyFunSuiteLike.run(AnyFunSuiteLike.scala:273)
[info]   at org.scalatest.funsuite.AnyFunSuiteLike.run$(AnyFunSuiteLike.scala:272)
[info]   at frameless.TypedDatasetSuite.org$scalatest$BeforeAndAfterAll$$super$run(TypedDatasetSuite.scala:63)
[info]   at org.scalatest.BeforeAndAfterAll.liftedTree1$1(BeforeAndAfterAll.scala:213)
[info]   at org.scalatest.BeforeAndAfterAll.run(BeforeAndAfterAll.scala:210)
[info]   at org.scalatest.BeforeAndAfterAll.run$(BeforeAndAfterAll.scala:208)
[info]   at frameless.TypedDatasetSuite.run(TypedDatasetSuite.scala:63)
[info]   at org.scalatest.tools.Framework.org$scalatest$tools$Framework$$runSuite(Framework.scala:321)
[info]   at org.scalatest.tools.Framework$ScalaTestTask.execute(Framework.scala:517)
[info]   at sbt.ForkMain$Run.lambda$runTest$1(ForkMain.java:414)
[info]   at java.base/java.util.concurrent.FutureTask.run(FutureTask.java:317)
[info]   at java.base/java.util.concurrent.ThreadPoolExecutor.runWorker(ThreadPoolExecutor.java:1144)
[info]   at java.base/java.util.concurrent.ThreadPoolExecutor$Worker.run(ThreadPoolExecutor.java:642)
[info]   at java.base/java.lang.Thread.run(Thread.java:1583)
[info]   Cause: java.lang.IllegalArgumentException: argument type mismatch
[info]   at java.base/jdk.internal.reflect.DirectConstructorHandleAccessor.newInstance(DirectConstructorHandleAccessor.java:65)
[info]   at java.base/java.lang.reflect.Constructor.newInstanceWithCaller(Constructor.java:502)
[info]   at java.base/java.lang.reflect.Constructor.newInstance(Constructor.java:486)
[info]   at frameless.TypedExpressionEncoder$.$anonfun$apply$3(TypedExpressionEncoder.scala:55)
[info]   at scala.Option.map(Option.scala:242)
[info]   at frameless.TypedExpressionEncoder$.apply(TypedExpressionEncoder.scala:54)
[info]   at frameless.TypedDataset$.create(TypedDataset.scala:1325)
[info]   at frameless.functions.NonAggregateFunctionsTests.prop$23(NonAggregateFunctionsTests.scala:630)
[info]   at frameless.functions.NonAggregateFunctionsTests.$anonfun$new$423(NonAggregateFunctionsTests.scala:634)
[info]   at scala.Function1.$anonfun$andThen$1(Function1.scala:87)
[info]   at org.scalacheck.Prop$.$anonfun$forAllShrink$2(Prop.scala:868)
[info]   at org.scalacheck.Prop$.secure(Prop.scala:484)
[info]   at org.scalacheck.Prop$.result$1(Prop.scala:868)
[info]   at org.scalacheck.Prop$.$anonfun$forAllShrink$1(Prop.scala:915)
[info]   at org.scalacheck.Prop$.$anonfun$apply$1(Prop.scala:305)
[info]   at org.scalacheck.PropFromFun.apply(Prop.scala:20)
[info]   at org.scalacheck.Test$.workerFun$1(Test.scala:486)
[info]   at org.scalacheck.Test$.$anonfun$check$4(Test.scala:518)
[info]   at org.scalacheck.Test$.$anonfun$check$4$adapted(Test.scala:518)
[info]   at org.scalacheck.Platform$.runWorkers(Platform.scala:42)
[info]   at org.scalacheck.Test$.check(Test.scala:518)
[info]   at org.scalatestplus.scalacheck.UnitCheckerAsserting$CheckerAssertingImpl.check(CheckerAsserting.scala:90)
[info]   at org.scalatestplus.scalacheck.Checkers.check(Checkers.scala:371)
[info]   at org.scalatestplus.scalacheck.Checkers.check$(Checkers.scala:369)
[info]   at frameless.TypedDatasetSuite.check(TypedDatasetSuite.scala:63)
[info]   at frameless.functions.NonAggregateFunctionsTests.$anonfun$new$415(NonAggregateFunctionsTests.scala:634)
[info]   at org.scalatest.OutcomeOf.outcomeOf(OutcomeOf.scala:85)
[info]   at org.scalatest.OutcomeOf.outcomeOf$(OutcomeOf.scala:83)
[info]   at org.scalatest.OutcomeOf$.outcomeOf(OutcomeOf.scala:104)
[info]   at org.scalatest.Transformer.apply(Transformer.scala:22)
[info]   at org.scalatest.Transformer.apply(Transformer.scala:20)
[info]   at org.scalatest.funsuite.AnyFunSuiteLike$$anon$1.apply(AnyFunSuiteLike.scala:226)
[info]   at org.scalatest.TestSuite.withFixture(TestSuite.scala:196)
[info]   at org.scalatest.TestSuite.withFixture$(TestSuite.scala:195)
[info]   at org.scalatest.funsuite.AnyFunSuite.withFixture(AnyFunSuite.scala:1564)
[info]   at org.scalatest.funsuite.AnyFunSuiteLike.invokeWithFixture$1(AnyFunSuiteLike.scala:224)
[info]   at org.scalatest.funsuite.AnyFunSuiteLike.$anonfun$runTest$1(AnyFunSuiteLike.scala:236)
[info]   at org.scalatest.SuperEngine.runTestImpl(Engine.scala:306)
[info]   at org.scalatest.funsuite.AnyFunSuiteLike.runTest(AnyFunSuiteLike.scala:236)
[info]   at org.scalatest.funsuite.AnyFunSuiteLike.runTest$(AnyFunSuiteLike.scala:218)
[info]   at org.scalatest.funsuite.AnyFunSuite.runTest(AnyFunSuite.scala:1564)
[info]   at org.scalatest.funsuite.AnyFunSuiteLike.$anonfun$runTests$1(AnyFunSuiteLike.scala:269)
[info]   at org.scalatest.SuperEngine.$anonfun$runTestsInBranch$1(Engine.scala:413)
[info]   at scala.collection.immutable.List.foreach(List.scala:334)
[info]   at org.scalatest.SuperEngine.traverseSubNodes$1(Engine.scala:401)
[info]   at org.scalatest.SuperEngine.runTestsInBranch(Engine.scala:396)
[info]   at org.scalatest.SuperEngine.runTestsImpl(Engine.scala:475)
[info]   at org.scalatest.funsuite.AnyFunSuiteLike.runTests(AnyFunSuiteLike.scala:269)
[info]   at org.scalatest.funsuite.AnyFunSuiteLike.runTests$(AnyFunSuiteLike.scala:268)
[info]   at org.scalatest.funsuite.AnyFunSuite.runTests(AnyFunSuite.scala:1564)
[info]   at org.scalatest.Suite.run(Suite.scala:1114)
[info]   at org.scalatest.Suite.run$(Suite.scala:1096)
[info]   at org.scalatest.funsuite.AnyFunSuite.org$scalatest$funsuite$AnyFunSuiteLike$$super$run(AnyFunSuite.scala:1564)
[info]   at org.scalatest.funsuite.AnyFunSuiteLike.$anonfun$run$1(AnyFunSuiteLike.scala:273)
[info]   at org.scalatest.SuperEngine.runImpl(Engine.scala:535)
[info]   at org.scalatest.funsuite.AnyFunSuiteLike.run(AnyFunSuiteLike.scala:273)
[info]   at org.scalatest.funsuite.AnyFunSuiteLike.run$(AnyFunSuiteLike.scala:272)
[info]   at frameless.TypedDatasetSuite.org$scalatest$BeforeAndAfterAll$$super$run(TypedDatasetSuite.scala:63)
[info]   at org.scalatest.BeforeAndAfterAll.liftedTree1$1(BeforeAndAfterAll.scala:213)
[info]   at org.scalatest.BeforeAndAfterAll.run(BeforeAndAfterAll.scala:210)
[info]   at org.scalatest.BeforeAndAfterAll.run$(BeforeAndAfterAll.scala:208)
[info]   at frameless.TypedDatasetSuite.run(TypedDatasetSuite.scala:63)
[info]   at org.scalatest.tools.Framework.org$scalatest$tools$Framework$$runSuite(Framework.scala:321)
[info]   at org.scalatest.tools.Framework$ScalaTestTask.execute(Framework.scala:517)
[info]   at sbt.ForkMain$Run.lambda$runTest$1(ForkMain.java:414)
[info]   at java.base/java.util.concurrent.FutureTask.run(FutureTask.java:317)
[info]   at java.base/java.util.concurrent.ThreadPoolExecutor.runWorker(ThreadPoolExecutor.java:1144)
[info]   at java.base/java.util.concurrent.ThreadPoolExecutor$Worker.run(ThreadPoolExecutor.java:642)
[info]   at java.base/java.lang.Thread.run(Thread.java:1583)
[info]   Cause: java.lang.ClassCastException: Cannot cast scala.reflect.ClassTag$GenericClassTag to org.apache.spark.sql.catalyst.expressions.Expression
[info]   at java.base/java.lang.Class.cast(Class.java:4067)
[info]   at java.base/jdk.internal.reflect.DirectConstructorHandleAccessor.newInstance(DirectConstructorHandleAccessor.java:62)
[info]   at java.base/java.lang.reflect.Constructor.newInstanceWithCaller(Constructor.java:502)
[info]   at java.base/java.lang.reflect.Constructor.newInstance(Constructor.java:486)
[info]   at frameless.TypedExpressionEncoder$.$anonfun$apply$3(TypedExpressionEncoder.scala:55)
[info]   at scala.Option.map(Option.scala:242)
[info]   at frameless.TypedExpressionEncoder$.apply(TypedExpressionEncoder.scala:54)
[info]   at frameless.TypedDataset$.create(TypedDataset.scala:1325)
[info]   at frameless.functions.NonAggregateFunctionsTests.prop$23(NonAggregateFunctionsTests.scala:630)
[info]   at frameless.functions.NonAggregateFunctionsTests.$anonfun$new$423(NonAggregateFunctionsTests.scala:634)
[info]   at scala.Function1.$anonfun$andThen$1(Function1.scala:87)
[info]   at org.scalacheck.Prop$.$anonfun$forAllShrink$2(Prop.scala:868)
[info]   at org.scalacheck.Prop$.secure(Prop.scala:484)
[info]   at org.scalacheck.Prop$.result$1(Prop.scala:868)
[info]   at org.scalacheck.Prop$.$anonfun$forAllShrink$1(Prop.scala:915)
[info]   at org.scalacheck.Prop$.$anonfun$apply$1(Prop.scala:305)
[info]   at org.scalacheck.PropFromFun.apply(Prop.scala:20)
[info]   at org.scalacheck.Test$.workerFun$1(Test.scala:486)
[info]   at org.scalacheck.Test$.$anonfun$check$4(Test.scala:518)
[info]   at org.scalacheck.Test$.$anonfun$check$4$adapted(Test.scala:518)
[info]   at org.scalacheck.Platform$.runWorkers(Platform.scala:42)
[info]   at org.scalacheck.Test$.check(Test.scala:518)
[info]   at org.scalatestplus.scalacheck.UnitCheckerAsserting$CheckerAssertingImpl.check(CheckerAsserting.scala:90)
[info]   at org.scalatestplus.scalacheck.Checkers.check(Checkers.scala:371)
[info]   at org.scalatestplus.scalacheck.Checkers.check$(Checkers.scala:369)
[info]   at frameless.TypedDatasetSuite.check(TypedDatasetSuite.scala:63)
[info]   at frameless.functions.NonAggregateFunctionsTests.$anonfun$new$415(NonAggregateFunctionsTests.scala:634)
[info]   at org.scalatest.OutcomeOf.outcomeOf(OutcomeOf.scala:85)
[info]   at org.scalatest.OutcomeOf.outcomeOf$(OutcomeOf.scala:83)
[info]   at org.scalatest.OutcomeOf$.outcomeOf(OutcomeOf.scala:104)
[info]   at org.scalatest.Transformer.apply(Transformer.scala:22)
[info]   at org.scalatest.Transformer.apply(Transformer.scala:20)
[info]   at org.scalatest.funsuite.AnyFunSuiteLike$$anon$1.apply(AnyFunSuiteLike.scala:226)
[info]   at org.scalatest.TestSuite.withFixture(TestSuite.scala:196)
[info]   at org.scalatest.TestSuite.withFixture$(TestSuite.scala:195)
[info]   at org.scalatest.funsuite.AnyFunSuite.withFixture(AnyFunSuite.scala:1564)
[info]   at org.scalatest.funsuite.AnyFunSuiteLike.invokeWithFixture$1(AnyFunSuiteLike.scala:224)
[info]   at org.scalatest.funsuite.AnyFunSuiteLike.$anonfun$runTest$1(AnyFunSuiteLike.scala:236)
[info]   at org.scalatest.SuperEngine.runTestImpl(Engine.scala:306)
[info]   at org.scalatest.funsuite.AnyFunSuiteLike.runTest(AnyFunSuiteLike.scala:236)
[info]   at org.scalatest.funsuite.AnyFunSuiteLike.runTest$(AnyFunSuiteLike.scala:218)
[info]   at org.scalatest.funsuite.AnyFunSuite.runTest(AnyFunSuite.scala:1564)
[info]   at org.scalatest.funsuite.AnyFunSuiteLike.$anonfun$runTests$1(AnyFunSuiteLike.scala:269)
[info]   at org.scalatest.SuperEngine.$anonfun$runTestsInBranch$1(Engine.scala:413)
[info]   at scala.collection.immutable.List.foreach(List.scala:334)
[info]   at org.scalatest.SuperEngine.traverseSubNodes$1(Engine.scala:401)
[info]   at org.scalatest.SuperEngine.runTestsInBranch(Engine.scala:396)
[info]   at org.scalatest.SuperEngine.runTestsImpl(Engine.scala:475)
[info]   at org.scalatest.funsuite.AnyFunSuiteLike.runTests(AnyFunSuiteLike.scala:269)
[info]   at org.scalatest.funsuite.AnyFunSuiteLike.runTests$(AnyFunSuiteLike.scala:268)
[info]   at org.scalatest.funsuite.AnyFunSuite.runTests(AnyFunSuite.scala:1564)
[info]   at org.scalatest.Suite.run(Suite.scala:1114)
[info]   at org.scalatest.Suite.run$(Suite.scala:1096)
[info]   at org.scalatest.funsuite.AnyFunSuite.org$scalatest$funsuite$AnyFunSuiteLike$$super$run(AnyFunSuite.scala:1564)
[info]   at org.scalatest.funsuite.AnyFunSuiteLike.$anonfun$run$1(AnyFunSuiteLike.scala:273)
[info]   at org.scalatest.SuperEngine.runImpl(Engine.scala:535)
[info]   at org.scalatest.funsuite.AnyFunSuiteLike.run(AnyFunSuiteLike.scala:273)
[info]   at org.scalatest.funsuite.AnyFunSuiteLike.run$(AnyFunSuiteLike.scala:272)
[info]   at frameless.TypedDatasetSuite.org$scalatest$BeforeAndAfterAll$$super$run(TypedDatasetSuite.scala:63)
[info]   at org.scalatest.BeforeAndAfterAll.liftedTree1$1(BeforeAndAfterAll.scala:213)
[info]   at org.scalatest.BeforeAndAfterAll.run(BeforeAndAfterAll.scala:210)
[info]   at org.scalatest.BeforeAndAfterAll.run$(BeforeAndAfterAll.scala:208)
[info]   at frameless.TypedDatasetSuite.run(TypedDatasetSuite.scala:63)
[info]   at org.scalatest.tools.Framework.org$scalatest$tools$Framework$$runSuite(Framework.scala:321)
[info]   at org.scalatest.tools.Framework$ScalaTestTask.execute(Framework.scala:517)
[info]   at sbt.ForkMain$Run.lambda$runTest$1(ForkMain.java:414)
[info]   at java.base/java.util.concurrent.FutureTask.run(FutureTask.java:317)
[info]   at java.base/java.util.concurrent.ThreadPoolExecutor.runWorker(ThreadPoolExecutor.java:1144)
[info]   at java.base/java.util.concurrent.ThreadPoolExecutor$Worker.run(ThreadPoolExecutor.java:642)
[info]   at java.base/java.lang.Thread.run(Thread.java:1583)
[info] - arrayContains *** FAILED *** (1 second, 80 milliseconds)
[info]   IllegalArgumentException was thrown during property evaluation.
[info]     Message: argument type mismatch
[info]     Occurred when passed generated values (
[info]       arg0 = List(), // 4 shrinks
[info]       arg1 = false
[info]     )
[info]   org.scalatest.exceptions.GeneratorDrivenPropertyCheckFailedException:
[info]   at org.scalatestplus.scalacheck.CheckerAsserting$$anon$2.indicateFailure(CheckerAsserting.scala:251)
[info]   at org.scalatestplus.scalacheck.CheckerAsserting$$anon$2.indicateFailure(CheckerAsserting.scala:238)
[info]   at org.scalatestplus.scalacheck.UnitCheckerAsserting$CheckerAssertingImpl.check(CheckerAsserting.scala:160)
[info]   at org.scalatestplus.scalacheck.Checkers.check(Checkers.scala:371)
[info]   at org.scalatestplus.scalacheck.Checkers.check$(Checkers.scala:369)
[info]   at frameless.TypedDatasetSuite.check(TypedDatasetSuite.scala:63)
[info]   at frameless.functions.NonAggregateFunctionsTests.$anonfun$new$435(NonAggregateFunctionsTests.scala:706)
[info]   at org.scalatest.OutcomeOf.outcomeOf(OutcomeOf.scala:85)
[info]   at org.scalatest.OutcomeOf.outcomeOf$(OutcomeOf.scala:83)
[info]   at org.scalatest.OutcomeOf$.outcomeOf(OutcomeOf.scala:104)
[info]   at org.scalatest.Transformer.apply(Transformer.scala:22)
[info]   at org.scalatest.Transformer.apply(Transformer.scala:20)
[info]   at org.scalatest.funsuite.AnyFunSuiteLike$$anon$1.apply(AnyFunSuiteLike.scala:226)
[info]   at org.scalatest.TestSuite.withFixture(TestSuite.scala:196)
[info]   at org.scalatest.TestSuite.withFixture$(TestSuite.scala:195)
[info]   at org.scalatest.funsuite.AnyFunSuite.withFixture(AnyFunSuite.scala:1564)
[info]   at org.scalatest.funsuite.AnyFunSuiteLike.invokeWithFixture$1(AnyFunSuiteLike.scala:224)
[info]   at org.scalatest.funsuite.AnyFunSuiteLike.$anonfun$runTest$1(AnyFunSuiteLike.scala:236)
[info]   at org.scalatest.SuperEngine.runTestImpl(Engine.scala:306)
[info]   at org.scalatest.funsuite.AnyFunSuiteLike.runTest(AnyFunSuiteLike.scala:236)
[info]   at org.scalatest.funsuite.AnyFunSuiteLike.runTest$(AnyFunSuiteLike.scala:218)
[info]   at org.scalatest.funsuite.AnyFunSuite.runTest(AnyFunSuite.scala:1564)
[info]   at org.scalatest.funsuite.AnyFunSuiteLike.$anonfun$runTests$1(AnyFunSuiteLike.scala:269)
[info]   at org.scalatest.SuperEngine.$anonfun$runTestsInBranch$1(Engine.scala:413)
[info]   at scala.collection.immutable.List.foreach(List.scala:334)
[info]   at org.scalatest.SuperEngine.traverseSubNodes$1(Engine.scala:401)
[info]   at org.scalatest.SuperEngine.runTestsInBranch(Engine.scala:396)
[info]   at org.scalatest.SuperEngine.runTestsImpl(Engine.scala:475)
[info]   at org.scalatest.funsuite.AnyFunSuiteLike.runTests(AnyFunSuiteLike.scala:269)
[info]   at org.scalatest.funsuite.AnyFunSuiteLike.runTests$(AnyFunSuiteLike.scala:268)
[info]   at org.scalatest.funsuite.AnyFunSuite.runTests(AnyFunSuite.scala:1564)
[info]   at org.scalatest.Suite.run(Suite.scala:1114)
[info]   at org.scalatest.Suite.run$(Suite.scala:1096)
[info]   at org.scalatest.funsuite.AnyFunSuite.org$scalatest$funsuite$AnyFunSuiteLike$$super$run(AnyFunSuite.scala:1564)
[info]   at org.scalatest.funsuite.AnyFunSuiteLike.$anonfun$run$1(AnyFunSuiteLike.scala:273)
[info]   at org.scalatest.SuperEngine.runImpl(Engine.scala:535)
[info]   at org.scalatest.funsuite.AnyFunSuiteLike.run(AnyFunSuiteLike.scala:273)
[info]   at org.scalatest.funsuite.AnyFunSuiteLike.run$(AnyFunSuiteLike.scala:272)
[info]   at frameless.TypedDatasetSuite.org$scalatest$BeforeAndAfterAll$$super$run(TypedDatasetSuite.scala:63)
[info]   at org.scalatest.BeforeAndAfterAll.liftedTree1$1(BeforeAndAfterAll.scala:213)
[info]   at org.scalatest.BeforeAndAfterAll.run(BeforeAndAfterAll.scala:210)
[info]   at org.scalatest.BeforeAndAfterAll.run$(BeforeAndAfterAll.scala:208)
[info]   at frameless.TypedDatasetSuite.run(TypedDatasetSuite.scala:63)
[info]   at org.scalatest.tools.Framework.org$scalatest$tools$Framework$$runSuite(Framework.scala:321)
[info]   at org.scalatest.tools.Framework$ScalaTestTask.execute(Framework.scala:517)
[info]   at sbt.ForkMain$Run.lambda$runTest$1(ForkMain.java:414)
[info]   at java.base/java.util.concurrent.FutureTask.run(FutureTask.java:317)
[info]   at java.base/java.util.concurrent.ThreadPoolExecutor.runWorker(ThreadPoolExecutor.java:1144)
[info]   at java.base/java.util.concurrent.ThreadPoolExecutor$Worker.run(ThreadPoolExecutor.java:642)
[info]   at java.base/java.lang.Thread.run(Thread.java:1583)
[info]   Cause: java.lang.IllegalArgumentException: argument type mismatch
[info]   at java.base/jdk.internal.reflect.DirectConstructorHandleAccessor.newInstance(DirectConstructorHandleAccessor.java:65)
[info]   at java.base/java.lang.reflect.Constructor.newInstanceWithCaller(Constructor.java:502)
[info]   at java.base/java.lang.reflect.Constructor.newInstance(Constructor.java:486)
[info]   at frameless.TypedExpressionEncoder$.$anonfun$apply$3(TypedExpressionEncoder.scala:55)
[info]   at scala.Option.map(Option.scala:242)
[info]   at frameless.TypedExpressionEncoder$.apply(TypedExpressionEncoder.scala:54)
[info]   at frameless.TypedDataset$.create(TypedDataset.scala:1325)
[info]   at frameless.functions.NonAggregateFunctionsTests.prop$24(NonAggregateFunctionsTests.scala:696)
[info]   at frameless.functions.NonAggregateFunctionsTests.$anonfun$new$446(NonAggregateFunctionsTests.scala:711)
[info]   at frameless.functions.NonAggregateFunctionsTests.$anonfun$new$446$adapted(NonAggregateFunctionsTests.scala:711)
[info]   at org.scalacheck.Prop$.$anonfun$forAll$3(Prop.scala:949)
[info]   at org.scalacheck.Prop$.$anonfun$forAllShrink$2(Prop.scala:868)
[info]   at org.scalacheck.Prop$.secure(Prop.scala:484)
[info]   at org.scalacheck.Prop$.result$1(Prop.scala:868)
[info]   at org.scalacheck.Prop$.$anonfun$forAllShrink$1(Prop.scala:915)
[info]   at org.scalacheck.Prop$.$anonfun$apply$1(Prop.scala:305)
[info]   at org.scalacheck.PropFromFun.apply(Prop.scala:20)
[info]   at org.scalacheck.Prop$.result$1(Prop.scala:869)
[info]   at org.scalacheck.Prop$.$anonfun$forAllShrink$4(Prop.scala:880)
[info]   at scala.collection.immutable.Stream.map(Stream.scala:173)
[info]   at org.scalacheck.Prop$.getFirstFailure$1(Prop.scala:880)
[info]   at org.scalacheck.Prop$.shrinker$1(Prop.scala:895)
[info]   at org.scalacheck.Prop$.$anonfun$forAllShrink$1(Prop.scala:916)
[info]   at org.scalacheck.Prop$.$anonfun$apply$1(Prop.scala:305)
[info]   at org.scalacheck.PropFromFun.apply(Prop.scala:20)
[info]   at org.scalacheck.Test$.workerFun$1(Test.scala:486)
[info]   at org.scalacheck.Test$.$anonfun$check$4(Test.scala:518)
[info]   at org.scalacheck.Test$.$anonfun$check$4$adapted(Test.scala:518)
[info]   at org.scalacheck.Platform$.runWorkers(Platform.scala:42)
[info]   at org.scalacheck.Test$.check(Test.scala:518)
[info]   at org.scalatestplus.scalacheck.UnitCheckerAsserting$CheckerAssertingImpl.check(CheckerAsserting.scala:90)
[info]   at org.scalatestplus.scalacheck.Checkers.check(Checkers.scala:371)
[info]   at org.scalatestplus.scalacheck.Checkers.check$(Checkers.scala:369)
[info]   at frameless.TypedDatasetSuite.check(TypedDatasetSuite.scala:63)
[info]   at frameless.functions.NonAggregateFunctionsTests.$anonfun$new$435(NonAggregateFunctionsTests.scala:706)
[info]   at org.scalatest.OutcomeOf.outcomeOf(OutcomeOf.scala:85)
[info]   at org.scalatest.OutcomeOf.outcomeOf$(OutcomeOf.scala:83)
[info]   at org.scalatest.OutcomeOf$.outcomeOf(OutcomeOf.scala:104)
[info]   at org.scalatest.Transformer.apply(Transformer.scala:22)
[info]   at org.scalatest.Transformer.apply(Transformer.scala:20)
[info]   at org.scalatest.funsuite.AnyFunSuiteLike$$anon$1.apply(AnyFunSuiteLike.scala:226)
[info]   at org.scalatest.TestSuite.withFixture(TestSuite.scala:196)
[info]   at org.scalatest.TestSuite.withFixture$(TestSuite.scala:195)
[info]   at org.scalatest.funsuite.AnyFunSuite.withFixture(AnyFunSuite.scala:1564)
[info]   at org.scalatest.funsuite.AnyFunSuiteLike.invokeWithFixture$1(AnyFunSuiteLike.scala:224)
[info]   at org.scalatest.funsuite.AnyFunSuiteLike.$anonfun$runTest$1(AnyFunSuiteLike.scala:236)
[info]   at org.scalatest.SuperEngine.runTestImpl(Engine.scala:306)
[info]   at org.scalatest.funsuite.AnyFunSuiteLike.runTest(AnyFunSuiteLike.scala:236)
[info]   at org.scalatest.funsuite.AnyFunSuiteLike.runTest$(AnyFunSuiteLike.scala:218)
[info]   at org.scalatest.funsuite.AnyFunSuite.runTest(AnyFunSuite.scala:1564)
[info]   at org.scalatest.funsuite.AnyFunSuiteLike.$anonfun$runTests$1(AnyFunSuiteLike.scala:269)
[info]   at org.scalatest.SuperEngine.$anonfun$runTestsInBranch$1(Engine.scala:413)
[info]   at scala.collection.immutable.List.foreach(List.scala:334)
[info]   at org.scalatest.SuperEngine.traverseSubNodes$1(Engine.scala:401)
[info]   at org.scalatest.SuperEngine.runTestsInBranch(Engine.scala:396)
[info]   at org.scalatest.SuperEngine.runTestsImpl(Engine.scala:475)
[info]   at org.scalatest.funsuite.AnyFunSuiteLike.runTests(AnyFunSuiteLike.scala:269)
[info]   at org.scalatest.funsuite.AnyFunSuiteLike.runTests$(AnyFunSuiteLike.scala:268)
[info]   at org.scalatest.funsuite.AnyFunSuite.runTests(AnyFunSuite.scala:1564)
[info]   at org.scalatest.Suite.run(Suite.scala:1114)
[info]   at org.scalatest.Suite.run$(Suite.scala:1096)
[info]   at org.scalatest.funsuite.AnyFunSuite.org$scalatest$funsuite$AnyFunSuiteLike$$super$run(AnyFunSuite.scala:1564)
[info]   at org.scalatest.funsuite.AnyFunSuiteLike.$anonfun$run$1(AnyFunSuiteLike.scala:273)
[info]   at org.scalatest.SuperEngine.runImpl(Engine.scala:535)
[info]   at org.scalatest.funsuite.AnyFunSuiteLike.run(AnyFunSuiteLike.scala:273)
[info]   at org.scalatest.funsuite.AnyFunSuiteLike.run$(AnyFunSuiteLike.scala:272)
[info]   at frameless.TypedDatasetSuite.org$scalatest$BeforeAndAfterAll$$super$run(TypedDatasetSuite.scala:63)
[info]   at org.scalatest.BeforeAndAfterAll.liftedTree1$1(BeforeAndAfterAll.scala:213)
[info]   at org.scalatest.BeforeAndAfterAll.run(BeforeAndAfterAll.scala:210)
[info]   at org.scalatest.BeforeAndAfterAll.run$(BeforeAndAfterAll.scala:208)
[info]   at frameless.TypedDatasetSuite.run(TypedDatasetSuite.scala:63)
[info]   at org.scalatest.tools.Framework.org$scalatest$tools$Framework$$runSuite(Framework.scala:321)
[info]   at org.scalatest.tools.Framework$ScalaTestTask.execute(Framework.scala:517)
[info]   at sbt.ForkMain$Run.lambda$runTest$1(ForkMain.java:414)
[info]   at java.base/java.util.concurrent.FutureTask.run(FutureTask.java:317)
[info]   at java.base/java.util.concurrent.ThreadPoolExecutor.runWorker(ThreadPoolExecutor.java:1144)
[info]   at java.base/java.util.concurrent.ThreadPoolExecutor$Worker.run(ThreadPoolExecutor.java:642)
[info]   at java.base/java.lang.Thread.run(Thread.java:1583)
[info]   Cause: java.lang.ClassCastException: Cannot cast scala.reflect.ClassTag$GenericClassTag to org.apache.spark.sql.catalyst.expressions.Expression
[info]   at java.base/java.lang.Class.cast(Class.java:4067)
[info]   at java.base/jdk.internal.reflect.DirectConstructorHandleAccessor.newInstance(DirectConstructorHandleAccessor.java:62)
[info]   at java.base/java.lang.reflect.Constructor.newInstanceWithCaller(Constructor.java:502)
[info]   at java.base/java.lang.reflect.Constructor.newInstance(Constructor.java:486)
[info]   at frameless.TypedExpressionEncoder$.$anonfun$apply$3(TypedExpressionEncoder.scala:55)
[info]   at scala.Option.map(Option.scala:242)
[info]   at frameless.TypedExpressionEncoder$.apply(TypedExpressionEncoder.scala:54)
[info]   at frameless.TypedDataset$.create(TypedDataset.scala:1325)
[info]   at frameless.functions.NonAggregateFunctionsTests.prop$24(NonAggregateFunctionsTests.scala:696)
[info]   at frameless.functions.NonAggregateFunctionsTests.$anonfun$new$446(NonAggregateFunctionsTests.scala:711)
[info]   at frameless.functions.NonAggregateFunctionsTests.$anonfun$new$446$adapted(NonAggregateFunctionsTests.scala:711)
[info]   at org.scalacheck.Prop$.$anonfun$forAll$3(Prop.scala:949)
[info]   at org.scalacheck.Prop$.$anonfun$forAllShrink$2(Prop.scala:868)
[info]   at org.scalacheck.Prop$.secure(Prop.scala:484)
[info]   at org.scalacheck.Prop$.result$1(Prop.scala:868)
[info]   at org.scalacheck.Prop$.$anonfun$forAllShrink$1(Prop.scala:915)
[info]   at org.scalacheck.Prop$.$anonfun$apply$1(Prop.scala:305)
[info]   at org.scalacheck.PropFromFun.apply(Prop.scala:20)
[info]   at org.scalacheck.Prop$.result$1(Prop.scala:869)
[info]   at org.scalacheck.Prop$.$anonfun$forAllShrink$4(Prop.scala:880)
[info]   at scala.collection.immutable.Stream.map(Stream.scala:173)
[info]   at org.scalacheck.Prop$.getFirstFailure$1(Prop.scala:880)
[info]   at org.scalacheck.Prop$.shrinker$1(Prop.scala:895)
[info]   at org.scalacheck.Prop$.$anonfun$forAllShrink$1(Prop.scala:916)
[info]   at org.scalacheck.Prop$.$anonfun$apply$1(Prop.scala:305)
[info]   at org.scalacheck.PropFromFun.apply(Prop.scala:20)
[info]   at org.scalacheck.Test$.workerFun$1(Test.scala:486)
[info]   at org.scalacheck.Test$.$anonfun$check$4(Test.scala:518)
[info]   at org.scalacheck.Test$.$anonfun$check$4$adapted(Test.scala:518)
[info]   at org.scalacheck.Platform$.runWorkers(Platform.scala:42)
[info]   at org.scalacheck.Test$.check(Test.scala:518)
[info]   at org.scalatestplus.scalacheck.UnitCheckerAsserting$CheckerAssertingImpl.check(CheckerAsserting.scala:90)
[info]   at org.scalatestplus.scalacheck.Checkers.check(Checkers.scala:371)
[info]   at org.scalatestplus.scalacheck.Checkers.check$(Checkers.scala:369)
[info]   at frameless.TypedDatasetSuite.check(TypedDatasetSuite.scala:63)
[info]   at frameless.functions.NonAggregateFunctionsTests.$anonfun$new$435(NonAggregateFunctionsTests.scala:706)
[info]   at org.scalatest.OutcomeOf.outcomeOf(OutcomeOf.scala:85)
[info]   at org.scalatest.OutcomeOf.outcomeOf$(OutcomeOf.scala:83)
[info]   at org.scalatest.OutcomeOf$.outcomeOf(OutcomeOf.scala:104)
[info]   at org.scalatest.Transformer.apply(Transformer.scala:22)
[info]   at org.scalatest.Transformer.apply(Transformer.scala:20)
[info]   at org.scalatest.funsuite.AnyFunSuiteLike$$anon$1.apply(AnyFunSuiteLike.scala:226)
[info]   at org.scalatest.TestSuite.withFixture(TestSuite.scala:196)
[info]   at org.scalatest.TestSuite.withFixture$(TestSuite.scala:195)
[info]   at org.scalatest.funsuite.AnyFunSuite.withFixture(AnyFunSuite.scala:1564)
[info]   at org.scalatest.funsuite.AnyFunSuiteLike.invokeWithFixture$1(AnyFunSuiteLike.scala:224)
[info]   at org.scalatest.funsuite.AnyFunSuiteLike.$anonfun$runTest$1(AnyFunSuiteLike.scala:236)
[info]   at org.scalatest.SuperEngine.runTestImpl(Engine.scala:306)
[info]   at org.scalatest.funsuite.AnyFunSuiteLike.runTest(AnyFunSuiteLike.scala:236)
[info]   at org.scalatest.funsuite.AnyFunSuiteLike.runTest$(AnyFunSuiteLike.scala:218)
[info]   at org.scalatest.funsuite.AnyFunSuite.runTest(AnyFunSuite.scala:1564)
[info]   at org.scalatest.funsuite.AnyFunSuiteLike.$anonfun$runTests$1(AnyFunSuiteLike.scala:269)
[info]   at org.scalatest.SuperEngine.$anonfun$runTestsInBranch$1(Engine.scala:413)
[info]   at scala.collection.immutable.List.foreach(List.scala:334)
[info]   at org.scalatest.SuperEngine.traverseSubNodes$1(Engine.scala:401)
[info]   at org.scalatest.SuperEngine.runTestsInBranch(Engine.scala:396)
[info]   at org.scalatest.SuperEngine.runTestsImpl(Engine.scala:475)
[info]   at org.scalatest.funsuite.AnyFunSuiteLike.runTests(AnyFunSuiteLike.scala:269)
[info]   at org.scalatest.funsuite.AnyFunSuiteLike.runTests$(AnyFunSuiteLike.scala:268)
[info]   at org.scalatest.funsuite.AnyFunSuite.runTests(AnyFunSuite.scala:1564)
[info]   at org.scalatest.Suite.run(Suite.scala:1114)
[info]   at org.scalatest.Suite.run$(Suite.scala:1096)
[info]   at org.scalatest.funsuite.AnyFunSuite.org$scalatest$funsuite$AnyFunSuiteLike$$super$run(AnyFunSuite.scala:1564)
[info]   at org.scalatest.funsuite.AnyFunSuiteLike.$anonfun$run$1(AnyFunSuiteLike.scala:273)
[info]   at org.scalatest.SuperEngine.runImpl(Engine.scala:535)
[info]   at org.scalatest.funsuite.AnyFunSuiteLike.run(AnyFunSuiteLike.scala:273)
[info]   at org.scalatest.funsuite.AnyFunSuiteLike.run$(AnyFunSuiteLike.scala:272)
[info]   at frameless.TypedDatasetSuite.org$scalatest$BeforeAndAfterAll$$super$run(TypedDatasetSuite.scala:63)
[info]   at org.scalatest.BeforeAndAfterAll.liftedTree1$1(BeforeAndAfterAll.scala:213)
[info]   at org.scalatest.BeforeAndAfterAll.run(BeforeAndAfterAll.scala:210)
[info]   at org.scalatest.BeforeAndAfterAll.run$(BeforeAndAfterAll.scala:208)
[info]   at frameless.TypedDatasetSuite.run(TypedDatasetSuite.scala:63)
[info]   at org.scalatest.tools.Framework.org$scalatest$tools$Framework$$runSuite(Framework.scala:321)
[info]   at org.scalatest.tools.Framework$ScalaTestTask.execute(Framework.scala:517)
[info]   at sbt.ForkMain$Run.lambda$runTest$1(ForkMain.java:414)
[info]   at java.base/java.util.concurrent.FutureTask.run(FutureTask.java:317)
[info]   at java.base/java.util.concurrent.ThreadPoolExecutor.runWorker(ThreadPoolExecutor.java:1144)
[info]   at java.base/java.util.concurrent.ThreadPoolExecutor$Worker.run(ThreadPoolExecutor.java:642)
[info]   at java.base/java.lang.Thread.run(Thread.java:1583)
[info] - atan *** FAILED *** (198 milliseconds)
[info]   IllegalArgumentException was thrown during property evaluation.
[info]     Message: argument type mismatch
[info]     Occurred when passed generated values (
[info]       arg0 = 0, // 1 shrink
[info]       arg1 = List()
[info]     )
[info]   org.scalatest.exceptions.GeneratorDrivenPropertyCheckFailedException:
[info]   at org.scalatestplus.scalacheck.CheckerAsserting$$anon$2.indicateFailure(CheckerAsserting.scala:251)
[info]   at org.scalatestplus.scalacheck.CheckerAsserting$$anon$2.indicateFailure(CheckerAsserting.scala:238)
[info]   at org.scalatestplus.scalacheck.UnitCheckerAsserting$CheckerAssertingImpl.check(CheckerAsserting.scala:160)
[info]   at org.scalatestplus.scalacheck.Checkers.check(Checkers.scala:371)
[info]   at org.scalatestplus.scalacheck.Checkers.check$(Checkers.scala:369)
[info]   at frameless.TypedDatasetSuite.check(TypedDatasetSuite.scala:63)
[info]   at frameless.functions.NonAggregateFunctionsTests.$anonfun$new$461(NonAggregateFunctionsTests.scala:772)
[info]   at org.scalatest.OutcomeOf.outcomeOf(OutcomeOf.scala:85)
[info]   at org.scalatest.OutcomeOf.outcomeOf$(OutcomeOf.scala:83)
[info]   at org.scalatest.OutcomeOf$.outcomeOf(OutcomeOf.scala:104)
[info]   at org.scalatest.Transformer.apply(Transformer.scala:22)
[info]   at org.scalatest.Transformer.apply(Transformer.scala:20)
[info]   at org.scalatest.funsuite.AnyFunSuiteLike$$anon$1.apply(AnyFunSuiteLike.scala:226)
[info]   at org.scalatest.TestSuite.withFixture(TestSuite.scala:196)
[info]   at org.scalatest.TestSuite.withFixture$(TestSuite.scala:195)
[info]   at org.scalatest.funsuite.AnyFunSuite.withFixture(AnyFunSuite.scala:1564)
[info]   at org.scalatest.funsuite.AnyFunSuiteLike.invokeWithFixture$1(AnyFunSuiteLike.scala:224)
[info]   at org.scalatest.funsuite.AnyFunSuiteLike.$anonfun$runTest$1(AnyFunSuiteLike.scala:236)
[info]   at org.scalatest.SuperEngine.runTestImpl(Engine.scala:306)
[info]   at org.scalatest.funsuite.AnyFunSuiteLike.runTest(AnyFunSuiteLike.scala:236)
[info]   at org.scalatest.funsuite.AnyFunSuiteLike.runTest$(AnyFunSuiteLike.scala:218)
[info]   at org.scalatest.funsuite.AnyFunSuite.runTest(AnyFunSuite.scala:1564)
[info]   at org.scalatest.funsuite.AnyFunSuiteLike.$anonfun$runTests$1(AnyFunSuiteLike.scala:269)
[info]   at org.scalatest.SuperEngine.$anonfun$runTestsInBranch$1(Engine.scala:413)
[info]   at scala.collection.immutable.List.foreach(List.scala:334)
[info]   at org.scalatest.SuperEngine.traverseSubNodes$1(Engine.scala:401)
[info]   at org.scalatest.SuperEngine.runTestsInBranch(Engine.scala:396)
[info]   at org.scalatest.SuperEngine.runTestsImpl(Engine.scala:475)
[info]   at org.scalatest.funsuite.AnyFunSuiteLike.runTests(AnyFunSuiteLike.scala:269)
[info]   at org.scalatest.funsuite.AnyFunSuiteLike.runTests$(AnyFunSuiteLike.scala:268)
[info]   at org.scalatest.funsuite.AnyFunSuite.runTests(AnyFunSuite.scala:1564)
[info]   at org.scalatest.Suite.run(Suite.scala:1114)
[info]   at org.scalatest.Suite.run$(Suite.scala:1096)
[info]   at org.scalatest.funsuite.AnyFunSuite.org$scalatest$funsuite$AnyFunSuiteLike$$super$run(AnyFunSuite.scala:1564)
[info]   at org.scalatest.funsuite.AnyFunSuiteLike.$anonfun$run$1(AnyFunSuiteLike.scala:273)
[info]   at org.scalatest.SuperEngine.runImpl(Engine.scala:535)
[info]   at org.scalatest.funsuite.AnyFunSuiteLike.run(AnyFunSuiteLike.scala:273)
[info]   at org.scalatest.funsuite.AnyFunSuiteLike.run$(AnyFunSuiteLike.scala:272)
[info]   at frameless.TypedDatasetSuite.org$scalatest$BeforeAndAfterAll$$super$run(TypedDatasetSuite.scala:63)
[info]   at org.scalatest.BeforeAndAfterAll.liftedTree1$1(BeforeAndAfterAll.scala:213)
[info]   at org.scalatest.BeforeAndAfterAll.run(BeforeAndAfterAll.scala:210)
[info]   at org.scalatest.BeforeAndAfterAll.run$(BeforeAndAfterAll.scala:208)
[info]   at frameless.TypedDatasetSuite.run(TypedDatasetSuite.scala:63)
[info]   at org.scalatest.tools.Framework.org$scalatest$tools$Framework$$runSuite(Framework.scala:321)
[info]   at org.scalatest.tools.Framework$ScalaTestTask.execute(Framework.scala:517)
[info]   at sbt.ForkMain$Run.lambda$runTest$1(ForkMain.java:414)
[info]   at java.base/java.util.concurrent.FutureTask.run(FutureTask.java:317)
[info]   at java.base/java.util.concurrent.ThreadPoolExecutor.runWorker(ThreadPoolExecutor.java:1144)
[info]   at java.base/java.util.concurrent.ThreadPoolExecutor$Worker.run(ThreadPoolExecutor.java:642)
[info]   at java.base/java.lang.Thread.run(Thread.java:1583)
[info]   Cause: java.lang.IllegalArgumentException: argument type mismatch
[info]   at java.base/jdk.internal.reflect.DirectConstructorHandleAccessor.newInstance(DirectConstructorHandleAccessor.java:65)
[info]   at java.base/java.lang.reflect.Constructor.newInstanceWithCaller(Constructor.java:502)
[info]   at java.base/java.lang.reflect.Constructor.newInstance(Constructor.java:486)
[info]   at frameless.TypedExpressionEncoder$.$anonfun$apply$3(TypedExpressionEncoder.scala:55)
[info]   at scala.Option.map(Option.scala:242)
[info]   at frameless.TypedExpressionEncoder$.apply(TypedExpressionEncoder.scala:54)
[info]   at frameless.TypedDataset$.createUnsafe(TypedDataset.scala:1378)
[info]   at frameless.TypedDataset$.create(TypedDataset.scala:1341)
[info]   at frameless.functions.NonAggregateFunctionsTests.prop$25(NonAggregateFunctionsTests.scala:752)
[info]   at frameless.functions.NonAggregateFunctionsTests.$anonfun$new$476(NonAggregateFunctionsTests.scala:772)
[info]   at frameless.functions.NonAggregateFunctionsTests.$anonfun$new$476$adapted(NonAggregateFunctionsTests.scala:772)
[info]   at org.scalacheck.Prop$.$anonfun$forAll$18(Prop.scala:1131)
[info]   at scala.Function1.$anonfun$andThen$1(Function1.scala:87)
[info]   at org.scalacheck.Prop$.$anonfun$forAllShrink$2(Prop.scala:868)
[info]   at org.scalacheck.Prop$.secure(Prop.scala:484)
[info]   at org.scalacheck.Prop$.result$1(Prop.scala:868)
[info]   at org.scalacheck.Prop$.$anonfun$forAllShrink$1(Prop.scala:915)
[info]   at org.scalacheck.Prop$.$anonfun$apply$1(Prop.scala:305)
[info]   at org.scalacheck.PropFromFun.apply(Prop.scala:20)
[info]   at org.scalacheck.Prop$.result$1(Prop.scala:869)
[info]   at org.scalacheck.Prop$.$anonfun$forAllShrink$4(Prop.scala:880)
[info]   at scala.collection.immutable.Stream.map(Stream.scala:173)
[info]   at org.scalacheck.Prop$.getFirstFailure$1(Prop.scala:880)
[info]   at org.scalacheck.Prop$.shrinker$1(Prop.scala:895)
[info]   at org.scalacheck.Prop$.$anonfun$forAllShrink$1(Prop.scala:916)
[info]   at org.scalacheck.Prop$.$anonfun$apply$1(Prop.scala:305)
[info]   at org.scalacheck.PropFromFun.apply(Prop.scala:20)
[info]   at org.scalacheck.Test$.workerFun$1(Test.scala:486)
[info]   at org.scalacheck.Test$.$anonfun$check$4(Test.scala:518)
[info]   at org.scalacheck.Test$.$anonfun$check$4$adapted(Test.scala:518)
[info]   at org.scalacheck.Platform$.runWorkers(Platform.scala:42)
[info]   at org.scalacheck.Test$.check(Test.scala:518)
[info]   at org.scalatestplus.scalacheck.UnitCheckerAsserting$CheckerAssertingImpl.check(CheckerAsserting.scala:90)
[info]   at org.scalatestplus.scalacheck.Checkers.check(Checkers.scala:371)
[info]   at org.scalatestplus.scalacheck.Checkers.check$(Checkers.scala:369)
[info]   at frameless.TypedDatasetSuite.check(TypedDatasetSuite.scala:63)
[info]   at frameless.functions.NonAggregateFunctionsTests.$anonfun$new$461(NonAggregateFunctionsTests.scala:772)
[info]   at org.scalatest.OutcomeOf.outcomeOf(OutcomeOf.scala:85)
[info]   at org.scalatest.OutcomeOf.outcomeOf$(OutcomeOf.scala:83)
[info]   at org.scalatest.OutcomeOf$.outcomeOf(OutcomeOf.scala:104)
[info]   at org.scalatest.Transformer.apply(Transformer.scala:22)
[info]   at org.scalatest.Transformer.apply(Transformer.scala:20)
[info]   at org.scalatest.funsuite.AnyFunSuiteLike$$anon$1.apply(AnyFunSuiteLike.scala:226)
[info]   at org.scalatest.TestSuite.withFixture(TestSuite.scala:196)
[info]   at org.scalatest.TestSuite.withFixture$(TestSuite.scala:195)
[info]   at org.scalatest.funsuite.AnyFunSuite.withFixture(AnyFunSuite.scala:1564)
[info]   at org.scalatest.funsuite.AnyFunSuiteLike.invokeWithFixture$1(AnyFunSuiteLike.scala:224)
[info]   at org.scalatest.funsuite.AnyFunSuiteLike.$anonfun$runTest$1(AnyFunSuiteLike.scala:236)
[info]   at org.scalatest.SuperEngine.runTestImpl(Engine.scala:306)
[info]   at org.scalatest.funsuite.AnyFunSuiteLike.runTest(AnyFunSuiteLike.scala:236)
[info]   at org.scalatest.funsuite.AnyFunSuiteLike.runTest$(AnyFunSuiteLike.scala:218)
[info]   at org.scalatest.funsuite.AnyFunSuite.runTest(AnyFunSuite.scala:1564)
[info]   at org.scalatest.funsuite.AnyFunSuiteLike.$anonfun$runTests$1(AnyFunSuiteLike.scala:269)
[info]   at org.scalatest.SuperEngine.$anonfun$runTestsInBranch$1(Engine.scala:413)
[info]   at scala.collection.immutable.List.foreach(List.scala:334)
[info]   at org.scalatest.SuperEngine.traverseSubNodes$1(Engine.scala:401)
[info]   at org.scalatest.SuperEngine.runTestsInBranch(Engine.scala:396)
[info]   at org.scalatest.SuperEngine.runTestsImpl(Engine.scala:475)
[info]   at org.scalatest.funsuite.AnyFunSuiteLike.runTests(AnyFunSuiteLike.scala:269)
[info]   at org.scalatest.funsuite.AnyFunSuiteLike.runTests$(AnyFunSuiteLike.scala:268)
[info]   at org.scalatest.funsuite.AnyFunSuite.runTests(AnyFunSuite.scala:1564)
[info]   at org.scalatest.Suite.run(Suite.scala:1114)
[info]   at org.scalatest.Suite.run$(Suite.scala:1096)
[info]   at org.scalatest.funsuite.AnyFunSuite.org$scalatest$funsuite$AnyFunSuiteLike$$super$run(AnyFunSuite.scala:1564)
[info]   at org.scalatest.funsuite.AnyFunSuiteLike.$anonfun$run$1(AnyFunSuiteLike.scala:273)
[info]   at org.scalatest.SuperEngine.runImpl(Engine.scala:535)
[info]   at org.scalatest.funsuite.AnyFunSuiteLike.run(AnyFunSuiteLike.scala:273)
[info]   at org.scalatest.funsuite.AnyFunSuiteLike.run$(AnyFunSuiteLike.scala:272)
[info]   at frameless.TypedDatasetSuite.org$scalatest$BeforeAndAfterAll$$super$run(TypedDatasetSuite.scala:63)
[info]   at org.scalatest.BeforeAndAfterAll.liftedTree1$1(BeforeAndAfterAll.scala:213)
[info]   at org.scalatest.BeforeAndAfterAll.run(BeforeAndAfterAll.scala:210)
[info]   at org.scalatest.BeforeAndAfterAll.run$(BeforeAndAfterAll.scala:208)
[info]   at frameless.TypedDatasetSuite.run(TypedDatasetSuite.scala:63)
[info]   at org.scalatest.tools.Framework.org$scalatest$tools$Framework$$runSuite(Framework.scala:321)
[info]   at org.scalatest.tools.Framework$ScalaTestTask.execute(Framework.scala:517)
[info]   at sbt.ForkMain$Run.lambda$runTest$1(ForkMain.java:414)
[info]   at java.base/java.util.concurrent.FutureTask.run(FutureTask.java:317)
[info]   at java.base/java.util.concurrent.ThreadPoolExecutor.runWorker(ThreadPoolExecutor.java:1144)
[info]   at java.base/java.util.concurrent.ThreadPoolExecutor$Worker.run(ThreadPoolExecutor.java:642)
[info]   at java.base/java.lang.Thread.run(Thread.java:1583)
[info]   Cause: java.lang.ClassCastException: Cannot cast scala.reflect.ClassTag$GenericClassTag to org.apache.spark.sql.catalyst.expressions.Expression
[info]   at java.base/java.lang.Class.cast(Class.java:4067)
[info]   at java.base/jdk.internal.reflect.DirectConstructorHandleAccessor.newInstance(DirectConstructorHandleAccessor.java:62)
[info]   at java.base/java.lang.reflect.Constructor.newInstanceWithCaller(Constructor.java:502)
[info]   at java.base/java.lang.reflect.Constructor.newInstance(Constructor.java:486)
[info]   at frameless.TypedExpressionEncoder$.$anonfun$apply$3(TypedExpressionEncoder.scala:55)
[info]   at scala.Option.map(Option.scala:242)
[info]   at frameless.TypedExpressionEncoder$.apply(TypedExpressionEncoder.scala:54)
[info]   at frameless.TypedDataset$.createUnsafe(TypedDataset.scala:1378)
[info]   at frameless.TypedDataset$.create(TypedDataset.scala:1341)
[info]   at frameless.functions.NonAggregateFunctionsTests.prop$25(NonAggregateFunctionsTests.scala:752)
[info]   at frameless.functions.NonAggregateFunctionsTests.$anonfun$new$476(NonAggregateFunctionsTests.scala:772)
[info]   at frameless.functions.NonAggregateFunctionsTests.$anonfun$new$476$adapted(NonAggregateFunctionsTests.scala:772)
[info]   at org.scalacheck.Prop$.$anonfun$forAll$18(Prop.scala:1131)
[info]   at scala.Function1.$anonfun$andThen$1(Function1.scala:87)
[info]   at org.scalacheck.Prop$.$anonfun$forAllShrink$2(Prop.scala:868)
[info]   at org.scalacheck.Prop$.secure(Prop.scala:484)
[info]   at org.scalacheck.Prop$.result$1(Prop.scala:868)
[info]   at org.scalacheck.Prop$.$anonfun$forAllShrink$1(Prop.scala:915)
[info]   at org.scalacheck.Prop$.$anonfun$apply$1(Prop.scala:305)
[info]   at org.scalacheck.PropFromFun.apply(Prop.scala:20)
[info]   at org.scalacheck.Prop$.result$1(Prop.scala:869)
[info]   at org.scalacheck.Prop$.$anonfun$forAllShrink$4(Prop.scala:880)
[info]   at scala.collection.immutable.Stream.map(Stream.scala:173)
[info]   at org.scalacheck.Prop$.getFirstFailure$1(Prop.scala:880)
[info]   at org.scalacheck.Prop$.shrinker$1(Prop.scala:895)
[info]   at org.scalacheck.Prop$.$anonfun$forAllShrink$1(Prop.scala:916)
[info]   at org.scalacheck.Prop$.$anonfun$apply$1(Prop.scala:305)
[info]   at org.scalacheck.PropFromFun.apply(Prop.scala:20)
[info]   at org.scalacheck.Test$.workerFun$1(Test.scala:486)
[info]   at org.scalacheck.Test$.$anonfun$check$4(Test.scala:518)
[info]   at org.scalacheck.Test$.$anonfun$check$4$adapted(Test.scala:518)
[info]   at org.scalacheck.Platform$.runWorkers(Platform.scala:42)
[info]   at org.scalacheck.Test$.check(Test.scala:518)
[info]   at org.scalatestplus.scalacheck.UnitCheckerAsserting$CheckerAssertingImpl.check(CheckerAsserting.scala:90)
[info]   at org.scalatestplus.scalacheck.Checkers.check(Checkers.scala:371)
[info]   at org.scalatestplus.scalacheck.Checkers.check$(Checkers.scala:369)
[info]   at frameless.TypedDatasetSuite.check(TypedDatasetSuite.scala:63)
[info]   at frameless.functions.NonAggregateFunctionsTests.$anonfun$new$461(NonAggregateFunctionsTests.scala:772)
[info]   at org.scalatest.OutcomeOf.outcomeOf(OutcomeOf.scala:85)
[info]   at org.scalatest.OutcomeOf.outcomeOf$(OutcomeOf.scala:83)
[info]   at org.scalatest.OutcomeOf$.outcomeOf(OutcomeOf.scala:104)
[info]   at org.scalatest.Transformer.apply(Transformer.scala:22)
[info]   at org.scalatest.Transformer.apply(Transformer.scala:20)
[info]   at org.scalatest.funsuite.AnyFunSuiteLike$$anon$1.apply(AnyFunSuiteLike.scala:226)
[info]   at org.scalatest.TestSuite.withFixture(TestSuite.scala:196)
[info]   at org.scalatest.TestSuite.withFixture$(TestSuite.scala:195)
[info]   at org.scalatest.funsuite.AnyFunSuite.withFixture(AnyFunSuite.scala:1564)
[info]   at org.scalatest.funsuite.AnyFunSuiteLike.invokeWithFixture$1(AnyFunSuiteLike.scala:224)
[info]   at org.scalatest.funsuite.AnyFunSuiteLike.$anonfun$runTest$1(AnyFunSuiteLike.scala:236)
[info]   at org.scalatest.SuperEngine.runTestImpl(Engine.scala:306)
[info]   at org.scalatest.funsuite.AnyFunSuiteLike.runTest(AnyFunSuiteLike.scala:236)
[info]   at org.scalatest.funsuite.AnyFunSuiteLike.runTest$(AnyFunSuiteLike.scala:218)
[info]   at org.scalatest.funsuite.AnyFunSuite.runTest(AnyFunSuite.scala:1564)
[info]   at org.scalatest.funsuite.AnyFunSuiteLike.$anonfun$runTests$1(AnyFunSuiteLike.scala:269)
[info]   at org.scalatest.SuperEngine.$anonfun$runTestsInBranch$1(Engine.scala:413)
[info]   at scala.collection.immutable.List.foreach(List.scala:334)
[info]   at org.scalatest.SuperEngine.traverseSubNodes$1(Engine.scala:401)
[info]   at org.scalatest.SuperEngine.runTestsInBranch(Engine.scala:396)
[info]   at org.scalatest.SuperEngine.runTestsImpl(Engine.scala:475)
[info]   at org.scalatest.funsuite.AnyFunSuiteLike.runTests(AnyFunSuiteLike.scala:269)
[info]   at org.scalatest.funsuite.AnyFunSuiteLike.runTests$(AnyFunSuiteLike.scala:268)
[info]   at org.scalatest.funsuite.AnyFunSuite.runTests(AnyFunSuite.scala:1564)
[info]   at org.scalatest.Suite.run(Suite.scala:1114)
[info]   at org.scalatest.Suite.run$(Suite.scala:1096)
[info]   at org.scalatest.funsuite.AnyFunSuite.org$scalatest$funsuite$AnyFunSuiteLike$$super$run(AnyFunSuite.scala:1564)
[info]   at org.scalatest.funsuite.AnyFunSuiteLike.$anonfun$run$1(AnyFunSuiteLike.scala:273)
[info]   at org.scalatest.SuperEngine.runImpl(Engine.scala:535)
[info]   at org.scalatest.funsuite.AnyFunSuiteLike.run(AnyFunSuiteLike.scala:273)
[info]   at org.scalatest.funsuite.AnyFunSuiteLike.run$(AnyFunSuiteLike.scala:272)
[info]   at frameless.TypedDatasetSuite.org$scalatest$BeforeAndAfterAll$$super$run(TypedDatasetSuite.scala:63)
[info]   at org.scalatest.BeforeAndAfterAll.liftedTree1$1(BeforeAndAfterAll.scala:213)
[info]   at org.scalatest.BeforeAndAfterAll.run(BeforeAndAfterAll.scala:210)
[info]   at org.scalatest.BeforeAndAfterAll.run$(BeforeAndAfterAll.scala:208)
[info]   at frameless.TypedDatasetSuite.run(TypedDatasetSuite.scala:63)
[info]   at org.scalatest.tools.Framework.org$scalatest$tools$Framework$$runSuite(Framework.scala:321)
[info]   at org.scalatest.tools.Framework$ScalaTestTask.execute(Framework.scala:517)
[info]   at sbt.ForkMain$Run.lambda$runTest$1(ForkMain.java:414)
[info]   at java.base/java.util.concurrent.FutureTask.run(FutureTask.java:317)
[info]   at java.base/java.util.concurrent.ThreadPoolExecutor.runWorker(ThreadPoolExecutor.java:1144)
[info]   at java.base/java.util.concurrent.ThreadPoolExecutor$Worker.run(ThreadPoolExecutor.java:642)
[info]   at java.base/java.lang.Thread.run(Thread.java:1583)
[info] - atan2 *** FAILED *** (125 milliseconds)
[info]   IllegalArgumentException was thrown during property evaluation.
[info]     Message: argument type mismatch
[info]     Occurred when passed generated values (
[info]       arg0 = X2(1102521206,5014298012909969854),
[info]       arg1 = List()
[info]     )
[info]   org.scalatest.exceptions.GeneratorDrivenPropertyCheckFailedException:
[info]   at org.scalatestplus.scalacheck.CheckerAsserting$$anon$2.indicateFailure(CheckerAsserting.scala:251)
[info]   at org.scalatestplus.scalacheck.CheckerAsserting$$anon$2.indicateFailure(CheckerAsserting.scala:238)
[info]   at org.scalatestplus.scalacheck.UnitCheckerAsserting$CheckerAssertingImpl.check(CheckerAsserting.scala:160)
[info]   at org.scalatestplus.scalacheck.Checkers.check(Checkers.scala:371)
[info]   at org.scalatestplus.scalacheck.Checkers.check$(Checkers.scala:369)
[info]   at frameless.TypedDatasetSuite.check(TypedDatasetSuite.scala:63)
[info]   at frameless.functions.NonAggregateFunctionsTests.$anonfun$new$494(NonAggregateFunctionsTests.scala:817)
[info]   at org.scalatest.OutcomeOf.outcomeOf(OutcomeOf.scala:85)
[info]   at org.scalatest.OutcomeOf.outcomeOf$(OutcomeOf.scala:83)
[info]   at org.scalatest.OutcomeOf$.outcomeOf(OutcomeOf.scala:104)
[info]   at org.scalatest.Transformer.apply(Transformer.scala:22)
[info]   at org.scalatest.Transformer.apply(Transformer.scala:20)
[info]   at org.scalatest.funsuite.AnyFunSuiteLike$$anon$1.apply(AnyFunSuiteLike.scala:226)
[info]   at org.scalatest.TestSuite.withFixture(TestSuite.scala:196)
[info]   at org.scalatest.TestSuite.withFixture$(TestSuite.scala:195)
[info]   at org.scalatest.funsuite.AnyFunSuite.withFixture(AnyFunSuite.scala:1564)
[info]   at org.scalatest.funsuite.AnyFunSuiteLike.invokeWithFixture$1(AnyFunSuiteLike.scala:224)
[info]   at org.scalatest.funsuite.AnyFunSuiteLike.$anonfun$runTest$1(AnyFunSuiteLike.scala:236)
[info]   at org.scalatest.SuperEngine.runTestImpl(Engine.scala:306)
[info]   at org.scalatest.funsuite.AnyFunSuiteLike.runTest(AnyFunSuiteLike.scala:236)
[info]   at org.scalatest.funsuite.AnyFunSuiteLike.runTest$(AnyFunSuiteLike.scala:218)
[info]   at org.scalatest.funsuite.AnyFunSuite.runTest(AnyFunSuite.scala:1564)
[info]   at org.scalatest.funsuite.AnyFunSuiteLike.$anonfun$runTests$1(AnyFunSuiteLike.scala:269)
[info]   at org.scalatest.SuperEngine.$anonfun$runTestsInBranch$1(Engine.scala:413)
[info]   at scala.collection.immutable.List.foreach(List.scala:334)
[info]   at org.scalatest.SuperEngine.traverseSubNodes$1(Engine.scala:401)
[info]   at org.scalatest.SuperEngine.runTestsInBranch(Engine.scala:396)
[info]   at org.scalatest.SuperEngine.runTestsImpl(Engine.scala:475)
[info]   at org.scalatest.funsuite.AnyFunSuiteLike.runTests(AnyFunSuiteLike.scala:269)
[info]   at org.scalatest.funsuite.AnyFunSuiteLike.runTests$(AnyFunSuiteLike.scala:268)
[info]   at org.scalatest.funsuite.AnyFunSuite.runTests(AnyFunSuite.scala:1564)
[info]   at org.scalatest.Suite.run(Suite.scala:1114)
[info]   at org.scalatest.Suite.run$(Suite.scala:1096)
[info]   at org.scalatest.funsuite.AnyFunSuite.org$scalatest$funsuite$AnyFunSuiteLike$$super$run(AnyFunSuite.scala:1564)
[info]   at org.scalatest.funsuite.AnyFunSuiteLike.$anonfun$run$1(AnyFunSuiteLike.scala:273)
[info]   at org.scalatest.SuperEngine.runImpl(Engine.scala:535)
[info]   at org.scalatest.funsuite.AnyFunSuiteLike.run(AnyFunSuiteLike.scala:273)
[info]   at org.scalatest.funsuite.AnyFunSuiteLike.run$(AnyFunSuiteLike.scala:272)
[info]   at frameless.TypedDatasetSuite.org$scalatest$BeforeAndAfterAll$$super$run(TypedDatasetSuite.scala:63)
[info]   at org.scalatest.BeforeAndAfterAll.liftedTree1$1(BeforeAndAfterAll.scala:213)
[info]   at org.scalatest.BeforeAndAfterAll.run(BeforeAndAfterAll.scala:210)
[info]   at org.scalatest.BeforeAndAfterAll.run$(BeforeAndAfterAll.scala:208)
[info]   at frameless.TypedDatasetSuite.run(TypedDatasetSuite.scala:63)
[info]   at org.scalatest.tools.Framework.org$scalatest$tools$Framework$$runSuite(Framework.scala:321)
[info]   at org.scalatest.tools.Framework$ScalaTestTask.execute(Framework.scala:517)
[info]   at sbt.ForkMain$Run.lambda$runTest$1(ForkMain.java:414)
[info]   at java.base/java.util.concurrent.FutureTask.run(FutureTask.java:317)
[info]   at java.base/java.util.concurrent.ThreadPoolExecutor.runWorker(ThreadPoolExecutor.java:1144)
[info]   at java.base/java.util.concurrent.ThreadPoolExecutor$Worker.run(ThreadPoolExecutor.java:642)
[info]   at java.base/java.lang.Thread.run(Thread.java:1583)
[info]   Cause: java.lang.IllegalArgumentException: argument type mismatch
[info]   at java.base/jdk.internal.reflect.DirectConstructorHandleAccessor.newInstance(DirectConstructorHandleAccessor.java:65)
[info]   at java.base/java.lang.reflect.Constructor.newInstanceWithCaller(Constructor.java:502)
[info]   at java.base/java.lang.reflect.Constructor.newInstance(Constructor.java:486)
[info]   at frameless.TypedExpressionEncoder$.$anonfun$apply$3(TypedExpressionEncoder.scala:55)
[info]   at scala.Option.map(Option.scala:242)
[info]   at frameless.TypedExpressionEncoder$.apply(TypedExpressionEncoder.scala:54)
[info]   at frameless.TypedDataset$.createUnsafe(TypedDataset.scala:1378)
[info]   at frameless.TypedDataset$.create(TypedDataset.scala:1341)
[info]   at frameless.functions.NonAggregateFunctionsTests.prop$26(NonAggregateFunctionsTests.scala:795)
[info]   at frameless.functions.NonAggregateFunctionsTests.$anonfun$new$513(NonAggregateFunctionsTests.scala:817)
[info]   at org.scalacheck.Prop$.$anonfun$forAll$18(Prop.scala:1131)
[info]   at scala.Function1.$anonfun$andThen$1(Function1.scala:87)
[info]   at org.scalacheck.Prop$.$anonfun$forAllShrink$2(Prop.scala:868)
[info]   at org.scalacheck.Prop$.secure(Prop.scala:484)
[info]   at org.scalacheck.Prop$.result$1(Prop.scala:868)
[info]   at org.scalacheck.Prop$.$anonfun$forAllShrink$1(Prop.scala:915)
[info]   at org.scalacheck.Prop$.$anonfun$apply$1(Prop.scala:305)
[info]   at org.scalacheck.PropFromFun.apply(Prop.scala:20)
[info]   at org.scalacheck.Prop$.result$1(Prop.scala:869)
[info]   at org.scalacheck.Prop$.$anonfun$forAllShrink$1(Prop.scala:915)
[info]   at org.scalacheck.Prop$.$anonfun$apply$1(Prop.scala:305)
[info]   at org.scalacheck.PropFromFun.apply(Prop.scala:20)
[info]   at org.scalacheck.Test$.workerFun$1(Test.scala:486)
[info]   at org.scalacheck.Test$.$anonfun$check$4(Test.scala:518)
[info]   at org.scalacheck.Test$.$anonfun$check$4$adapted(Test.scala:518)
[info]   at org.scalacheck.Platform$.runWorkers(Platform.scala:42)
[info]   at org.scalacheck.Test$.check(Test.scala:518)
[info]   at org.scalatestplus.scalacheck.UnitCheckerAsserting$CheckerAssertingImpl.check(CheckerAsserting.scala:90)
[info]   at org.scalatestplus.scalacheck.Checkers.check(Checkers.scala:371)
[info]   at org.scalatestplus.scalacheck.Checkers.check$(Checkers.scala:369)
[info]   at frameless.TypedDatasetSuite.check(TypedDatasetSuite.scala:63)
[info]   at frameless.functions.NonAggregateFunctionsTests.$anonfun$new$494(NonAggregateFunctionsTests.scala:817)
[info]   at org.scalatest.OutcomeOf.outcomeOf(OutcomeOf.scala:85)
[info]   at org.scalatest.OutcomeOf.outcomeOf$(OutcomeOf.scala:83)
[info]   at org.scalatest.OutcomeOf$.outcomeOf(OutcomeOf.scala:104)
[info]   at org.scalatest.Transformer.apply(Transformer.scala:22)
[info]   at org.scalatest.Transformer.apply(Transformer.scala:20)
[info]   at org.scalatest.funsuite.AnyFunSuiteLike$$anon$1.apply(AnyFunSuiteLike.scala:226)
[info]   at org.scalatest.TestSuite.withFixture(TestSuite.scala:196)
[info]   at org.scalatest.TestSuite.withFixture$(TestSuite.scala:195)
[info]   at org.scalatest.funsuite.AnyFunSuite.withFixture(AnyFunSuite.scala:1564)
[info]   at org.scalatest.funsuite.AnyFunSuiteLike.invokeWithFixture$1(AnyFunSuiteLike.scala:224)
[info]   at org.scalatest.funsuite.AnyFunSuiteLike.$anonfun$runTest$1(AnyFunSuiteLike.scala:236)
[info]   at org.scalatest.SuperEngine.runTestImpl(Engine.scala:306)
[info]   at org.scalatest.funsuite.AnyFunSuiteLike.runTest(AnyFunSuiteLike.scala:236)
[info]   at org.scalatest.funsuite.AnyFunSuiteLike.runTest$(AnyFunSuiteLike.scala:218)
[info]   at org.scalatest.funsuite.AnyFunSuite.runTest(AnyFunSuite.scala:1564)
[info]   at org.scalatest.funsuite.AnyFunSuiteLike.$anonfun$runTests$1(AnyFunSuiteLike.scala:269)
[info]   at org.scalatest.SuperEngine.$anonfun$runTestsInBranch$1(Engine.scala:413)
[info]   at scala.collection.immutable.List.foreach(List.scala:334)
[info]   at org.scalatest.SuperEngine.traverseSubNodes$1(Engine.scala:401)
[info]   at org.scalatest.SuperEngine.runTestsInBranch(Engine.scala:396)
[info]   at org.scalatest.SuperEngine.runTestsImpl(Engine.scala:475)
[info]   at org.scalatest.funsuite.AnyFunSuiteLike.runTests(AnyFunSuiteLike.scala:269)
[info]   at org.scalatest.funsuite.AnyFunSuiteLike.runTests$(AnyFunSuiteLike.scala:268)
[info]   at org.scalatest.funsuite.AnyFunSuite.runTests(AnyFunSuite.scala:1564)
[info]   at org.scalatest.Suite.run(Suite.scala:1114)
[info]   at org.scalatest.Suite.run$(Suite.scala:1096)
[info]   at org.scalatest.funsuite.AnyFunSuite.org$scalatest$funsuite$AnyFunSuiteLike$$super$run(AnyFunSuite.scala:1564)
[info]   at org.scalatest.funsuite.AnyFunSuiteLike.$anonfun$run$1(AnyFunSuiteLike.scala:273)
[info]   at org.scalatest.SuperEngine.runImpl(Engine.scala:535)
[info]   at org.scalatest.funsuite.AnyFunSuiteLike.run(AnyFunSuiteLike.scala:273)
[info]   at org.scalatest.funsuite.AnyFunSuiteLike.run$(AnyFunSuiteLike.scala:272)
[info]   at frameless.TypedDatasetSuite.org$scalatest$BeforeAndAfterAll$$super$run(TypedDatasetSuite.scala:63)
[info]   at org.scalatest.BeforeAndAfterAll.liftedTree1$1(BeforeAndAfterAll.scala:213)
[info]   at org.scalatest.BeforeAndAfterAll.run(BeforeAndAfterAll.scala:210)
[info]   at org.scalatest.BeforeAndAfterAll.run$(BeforeAndAfterAll.scala:208)
[info]   at frameless.TypedDatasetSuite.run(TypedDatasetSuite.scala:63)
[info]   at org.scalatest.tools.Framework.org$scalatest$tools$Framework$$runSuite(Framework.scala:321)
[info]   at org.scalatest.tools.Framework$ScalaTestTask.execute(Framework.scala:517)
[info]   at sbt.ForkMain$Run.lambda$runTest$1(ForkMain.java:414)
[info]   at java.base/java.util.concurrent.FutureTask.run(FutureTask.java:317)
[info]   at java.base/java.util.concurrent.ThreadPoolExecutor.runWorker(ThreadPoolExecutor.java:1144)
[info]   at java.base/java.util.concurrent.ThreadPoolExecutor$Worker.run(ThreadPoolExecutor.java:642)
[info]   at java.base/java.lang.Thread.run(Thread.java:1583)
[info]   Cause: java.lang.ClassCastException: Cannot cast scala.reflect.ClassTag$GenericClassTag to org.apache.spark.sql.catalyst.expressions.Expression
[info]   at java.base/java.lang.Class.cast(Class.java:4067)
[info]   at java.base/jdk.internal.reflect.DirectConstructorHandleAccessor.newInstance(DirectConstructorHandleAccessor.java:62)
[info]   at java.base/java.lang.reflect.Constructor.newInstanceWithCaller(Constructor.java:502)
[info]   at java.base/java.lang.reflect.Constructor.newInstance(Constructor.java:486)
[info]   at frameless.TypedExpressionEncoder$.$anonfun$apply$3(TypedExpressionEncoder.scala:55)
[info]   at scala.Option.map(Option.scala:242)
[info]   at frameless.TypedExpressionEncoder$.apply(TypedExpressionEncoder.scala:54)
[info]   at frameless.TypedDataset$.createUnsafe(TypedDataset.scala:1378)
[info]   at frameless.TypedDataset$.create(TypedDataset.scala:1341)
[info]   at frameless.functions.NonAggregateFunctionsTests.prop$26(NonAggregateFunctionsTests.scala:795)
[info]   at frameless.functions.NonAggregateFunctionsTests.$anonfun$new$513(NonAggregateFunctionsTests.scala:817)
[info]   at org.scalacheck.Prop$.$anonfun$forAll$18(Prop.scala:1131)
[info]   at scala.Function1.$anonfun$andThen$1(Function1.scala:87)
[info]   at org.scalacheck.Prop$.$anonfun$forAllShrink$2(Prop.scala:868)
[info]   at org.scalacheck.Prop$.secure(Prop.scala:484)
[info]   at org.scalacheck.Prop$.result$1(Prop.scala:868)
[info]   at org.scalacheck.Prop$.$anonfun$forAllShrink$1(Prop.scala:915)
[info]   at org.scalacheck.Prop$.$anonfun$apply$1(Prop.scala:305)
[info]   at org.scalacheck.PropFromFun.apply(Prop.scala:20)
[info]   at org.scalacheck.Prop$.result$1(Prop.scala:869)
[info]   at org.scalacheck.Prop$.$anonfun$forAllShrink$1(Prop.scala:915)
[info]   at org.scalacheck.Prop$.$anonfun$apply$1(Prop.scala:305)
[info]   at org.scalacheck.PropFromFun.apply(Prop.scala:20)
[info]   at org.scalacheck.Test$.workerFun$1(Test.scala:486)
[info]   at org.scalacheck.Test$.$anonfun$check$4(Test.scala:518)
[info]   at org.scalacheck.Test$.$anonfun$check$4$adapted(Test.scala:518)
[info]   at org.scalacheck.Platform$.runWorkers(Platform.scala:42)
[info]   at org.scalacheck.Test$.check(Test.scala:518)
[info]   at org.scalatestplus.scalacheck.UnitCheckerAsserting$CheckerAssertingImpl.check(CheckerAsserting.scala:90)
[info]   at org.scalatestplus.scalacheck.Checkers.check(Checkers.scala:371)
[info]   at org.scalatestplus.scalacheck.Checkers.check$(Checkers.scala:369)
[info]   at frameless.TypedDatasetSuite.check(TypedDatasetSuite.scala:63)
[info]   at frameless.functions.NonAggregateFunctionsTests.$anonfun$new$494(NonAggregateFunctionsTests.scala:817)
[info]   at org.scalatest.OutcomeOf.outcomeOf(OutcomeOf.scala:85)
[info]   at org.scalatest.OutcomeOf.outcomeOf$(OutcomeOf.scala:83)
[info]   at org.scalatest.OutcomeOf$.outcomeOf(OutcomeOf.scala:104)
[info]   at org.scalatest.Transformer.apply(Transformer.scala:22)
[info]   at org.scalatest.Transformer.apply(Transformer.scala:20)
[info]   at org.scalatest.funsuite.AnyFunSuiteLike$$anon$1.apply(AnyFunSuiteLike.scala:226)
[info]   at org.scalatest.TestSuite.withFixture(TestSuite.scala:196)
[info]   at org.scalatest.TestSuite.withFixture$(TestSuite.scala:195)
[info]   at org.scalatest.funsuite.AnyFunSuite.withFixture(AnyFunSuite.scala:1564)
[info]   at org.scalatest.funsuite.AnyFunSuiteLike.invokeWithFixture$1(AnyFunSuiteLike.scala:224)
[info]   at org.scalatest.funsuite.AnyFunSuiteLike.$anonfun$runTest$1(AnyFunSuiteLike.scala:236)
[info]   at org.scalatest.SuperEngine.runTestImpl(Engine.scala:306)
[info]   at org.scalatest.funsuite.AnyFunSuiteLike.runTest(AnyFunSuiteLike.scala:236)
[info]   at org.scalatest.funsuite.AnyFunSuiteLike.runTest$(AnyFunSuiteLike.scala:218)
[info]   at org.scalatest.funsuite.AnyFunSuite.runTest(AnyFunSuite.scala:1564)
[info]   at org.scalatest.funsuite.AnyFunSuiteLike.$anonfun$runTests$1(AnyFunSuiteLike.scala:269)
[info]   at org.scalatest.SuperEngine.$anonfun$runTestsInBranch$1(Engine.scala:413)
[info]   at scala.collection.immutable.List.foreach(List.scala:334)
[info]   at org.scalatest.SuperEngine.traverseSubNodes$1(Engine.scala:401)
[info]   at org.scalatest.SuperEngine.runTestsInBranch(Engine.scala:396)
[info]   at org.scalatest.SuperEngine.runTestsImpl(Engine.scala:475)
[info]   at org.scalatest.funsuite.AnyFunSuiteLike.runTests(AnyFunSuiteLike.scala:269)
[info]   at org.scalatest.funsuite.AnyFunSuiteLike.runTests$(AnyFunSuiteLike.scala:268)
[info]   at org.scalatest.funsuite.AnyFunSuite.runTests(AnyFunSuite.scala:1564)
[info]   at org.scalatest.Suite.run(Suite.scala:1114)
[info]   at org.scalatest.Suite.run$(Suite.scala:1096)
[info]   at org.scalatest.funsuite.AnyFunSuite.org$scalatest$funsuite$AnyFunSuiteLike$$super$run(AnyFunSuite.scala:1564)
[info]   at org.scalatest.funsuite.AnyFunSuiteLike.$anonfun$run$1(AnyFunSuiteLike.scala:273)
[info]   at org.scalatest.SuperEngine.runImpl(Engine.scala:535)
[info]   at org.scalatest.funsuite.AnyFunSuiteLike.run(AnyFunSuiteLike.scala:273)
[info]   at org.scalatest.funsuite.AnyFunSuiteLike.run$(AnyFunSuiteLike.scala:272)
[info]   at frameless.TypedDatasetSuite.org$scalatest$BeforeAndAfterAll$$super$run(TypedDatasetSuite.scala:63)
[info]   at org.scalatest.BeforeAndAfterAll.liftedTree1$1(BeforeAndAfterAll.scala:213)
[info]   at org.scalatest.BeforeAndAfterAll.run(BeforeAndAfterAll.scala:210)
[info]   at org.scalatest.BeforeAndAfterAll.run$(BeforeAndAfterAll.scala:208)
[info]   at frameless.TypedDatasetSuite.run(TypedDatasetSuite.scala:63)
[info]   at org.scalatest.tools.Framework.org$scalatest$tools$Framework$$runSuite(Framework.scala:321)
[info]   at org.scalatest.tools.Framework$ScalaTestTask.execute(Framework.scala:517)
[info]   at sbt.ForkMain$Run.lambda$runTest$1(ForkMain.java:414)
[info]   at java.base/java.util.concurrent.FutureTask.run(FutureTask.java:317)
[info]   at java.base/java.util.concurrent.ThreadPoolExecutor.runWorker(ThreadPoolExecutor.java:1144)
[info]   at java.base/java.util.concurrent.ThreadPoolExecutor$Worker.run(ThreadPoolExecutor.java:642)
[info]   at java.base/java.lang.Thread.run(Thread.java:1583)
[info] - atan2LitLeft *** FAILED *** (1 second, 333 milliseconds)
[info]   IllegalArgumentException was thrown during property evaluation.
[info]     Message: argument type mismatch
[info]     Occurred when passed generated values (
[info]       arg0 = X1(1),
[info]       arg1 = List(),
[info]       arg2 = 0.0 // 25 shrinks
[info]     )
[info]   org.scalatest.exceptions.GeneratorDrivenPropertyCheckFailedException:
[info]   at org.scalatestplus.scalacheck.CheckerAsserting$$anon$2.indicateFailure(CheckerAsserting.scala:251)
[info]   at org.scalatestplus.scalacheck.CheckerAsserting$$anon$2.indicateFailure(CheckerAsserting.scala:238)
[info]   at org.scalatestplus.scalacheck.UnitCheckerAsserting$CheckerAssertingImpl.check(CheckerAsserting.scala:160)
[info]   at org.scalatestplus.scalacheck.Checkers.check(Checkers.scala:371)
[info]   at org.scalatestplus.scalacheck.Checkers.check$(Checkers.scala:369)
[info]   at frameless.TypedDatasetSuite.check(TypedDatasetSuite.scala:63)
[info]   at frameless.functions.NonAggregateFunctionsTests.$anonfun$new$531(NonAggregateFunctionsTests.scala:860)
[info]   at org.scalatest.OutcomeOf.outcomeOf(OutcomeOf.scala:85)
[info]   at org.scalatest.OutcomeOf.outcomeOf$(OutcomeOf.scala:83)
[info]   at org.scalatest.OutcomeOf$.outcomeOf(OutcomeOf.scala:104)
[info]   at org.scalatest.Transformer.apply(Transformer.scala:22)
[info]   at org.scalatest.Transformer.apply(Transformer.scala:20)
[info]   at org.scalatest.funsuite.AnyFunSuiteLike$$anon$1.apply(AnyFunSuiteLike.scala:226)
[info]   at org.scalatest.TestSuite.withFixture(TestSuite.scala:196)
[info]   at org.scalatest.TestSuite.withFixture$(TestSuite.scala:195)
[info]   at org.scalatest.funsuite.AnyFunSuite.withFixture(AnyFunSuite.scala:1564)
[info]   at org.scalatest.funsuite.AnyFunSuiteLike.invokeWithFixture$1(AnyFunSuiteLike.scala:224)
[info]   at org.scalatest.funsuite.AnyFunSuiteLike.$anonfun$runTest$1(AnyFunSuiteLike.scala:236)
[info]   at org.scalatest.SuperEngine.runTestImpl(Engine.scala:306)
[info]   at org.scalatest.funsuite.AnyFunSuiteLike.runTest(AnyFunSuiteLike.scala:236)
[info]   at org.scalatest.funsuite.AnyFunSuiteLike.runTest$(AnyFunSuiteLike.scala:218)
[info]   at org.scalatest.funsuite.AnyFunSuite.runTest(AnyFunSuite.scala:1564)
[info]   at org.scalatest.funsuite.AnyFunSuiteLike.$anonfun$runTests$1(AnyFunSuiteLike.scala:269)
[info]   at org.scalatest.SuperEngine.$anonfun$runTestsInBranch$1(Engine.scala:413)
[info]   at scala.collection.immutable.List.foreach(List.scala:334)
[info]   at org.scalatest.SuperEngine.traverseSubNodes$1(Engine.scala:401)
[info]   at org.scalatest.SuperEngine.runTestsInBranch(Engine.scala:396)
[info]   at org.scalatest.SuperEngine.runTestsImpl(Engine.scala:475)
[info]   at org.scalatest.funsuite.AnyFunSuiteLike.runTests(AnyFunSuiteLike.scala:269)
[info]   at org.scalatest.funsuite.AnyFunSuiteLike.runTests$(AnyFunSuiteLike.scala:268)
[info]   at org.scalatest.funsuite.AnyFunSuite.runTests(AnyFunSuite.scala:1564)
[info]   at org.scalatest.Suite.run(Suite.scala:1114)
[info]   at org.scalatest.Suite.run$(Suite.scala:1096)
[info]   at org.scalatest.funsuite.AnyFunSuite.org$scalatest$funsuite$AnyFunSuiteLike$$super$run(AnyFunSuite.scala:1564)
[info]   at org.scalatest.funsuite.AnyFunSuiteLike.$anonfun$run$1(AnyFunSuiteLike.scala:273)
[info]   at org.scalatest.SuperEngine.runImpl(Engine.scala:535)
[info]   at org.scalatest.funsuite.AnyFunSuiteLike.run(AnyFunSuiteLike.scala:273)
[info]   at org.scalatest.funsuite.AnyFunSuiteLike.run$(AnyFunSuiteLike.scala:272)
[info]   at frameless.TypedDatasetSuite.org$scalatest$BeforeAndAfterAll$$super$run(TypedDatasetSuite.scala:63)
[info]   at org.scalatest.BeforeAndAfterAll.liftedTree1$1(BeforeAndAfterAll.scala:213)
[info]   at org.scalatest.BeforeAndAfterAll.run(BeforeAndAfterAll.scala:210)
[info]   at org.scalatest.BeforeAndAfterAll.run$(BeforeAndAfterAll.scala:208)
[info]   at frameless.TypedDatasetSuite.run(TypedDatasetSuite.scala:63)
[info]   at org.scalatest.tools.Framework.org$scalatest$tools$Framework$$runSuite(Framework.scala:321)
[info]   at org.scalatest.tools.Framework$ScalaTestTask.execute(Framework.scala:517)
[info]   at sbt.ForkMain$Run.lambda$runTest$1(ForkMain.java:414)
[info]   at java.base/java.util.concurrent.FutureTask.run(FutureTask.java:317)
[info]   at java.base/java.util.concurrent.ThreadPoolExecutor.runWorker(ThreadPoolExecutor.java:1144)
[info]   at java.base/java.util.concurrent.ThreadPoolExecutor$Worker.run(ThreadPoolExecutor.java:642)
[info]   at java.base/java.lang.Thread.run(Thread.java:1583)
[info]   Cause: java.lang.IllegalArgumentException: argument type mismatch
[info]   at java.base/jdk.internal.reflect.DirectConstructorHandleAccessor.newInstance(DirectConstructorHandleAccessor.java:65)
[info]   at java.base/java.lang.reflect.Constructor.newInstanceWithCaller(Constructor.java:502)
[info]   at java.base/java.lang.reflect.Constructor.newInstance(Constructor.java:486)
[info]   at frameless.TypedExpressionEncoder$.$anonfun$apply$3(TypedExpressionEncoder.scala:55)
[info]   at scala.Option.map(Option.scala:242)
[info]   at frameless.TypedExpressionEncoder$.apply(TypedExpressionEncoder.scala:54)
[info]   at frameless.TypedDataset$.createUnsafe(TypedDataset.scala:1378)
[info]   at frameless.TypedDataset$.create(TypedDataset.scala:1341)
[info]   at frameless.functions.NonAggregateFunctionsTests.prop$27(NonAggregateFunctionsTests.scala:839)
[info]   at frameless.functions.NonAggregateFunctionsTests.$anonfun$new$546(NonAggregateFunctionsTests.scala:860)
[info]   at frameless.functions.NonAggregateFunctionsTests.$anonfun$new$546$adapted(NonAggregateFunctionsTests.scala:860)
[info]   at org.scalacheck.Prop$.$anonfun$forAll$20(Prop.scala:1147)
[info]   at org.scalacheck.Prop$.$anonfun$forAll$18(Prop.scala:1131)
[info]   at scala.Function1.$anonfun$andThen$1(Function1.scala:87)
[info]   at org.scalacheck.Prop$.$anonfun$forAllShrink$2(Prop.scala:868)
[info]   at org.scalacheck.Prop$.secure(Prop.scala:484)
[info]   at org.scalacheck.Prop$.result$1(Prop.scala:868)
[info]   at org.scalacheck.Prop$.$anonfun$forAllShrink$4(Prop.scala:880)
[info]   at scala.collection.immutable.Stream.map(Stream.scala:173)
[info]   at org.scalacheck.Prop$.getFirstFailure$1(Prop.scala:880)
[info]   at org.scalacheck.Prop$.shrinker$1(Prop.scala:895)
[info]   at org.scalacheck.Prop$.$anonfun$forAllShrink$1(Prop.scala:916)
[info]   at org.scalacheck.Prop$.$anonfun$apply$1(Prop.scala:305)
[info]   at org.scalacheck.PropFromFun.apply(Prop.scala:20)
[info]   at org.scalacheck.Prop$.result$1(Prop.scala:869)
[info]   at org.scalacheck.Prop$.$anonfun$forAllShrink$1(Prop.scala:915)
[info]   at org.scalacheck.Prop$.$anonfun$apply$1(Prop.scala:305)
[info]   at org.scalacheck.PropFromFun.apply(Prop.scala:20)
[info]   at org.scalacheck.Prop$.result$1(Prop.scala:869)
[info]   at org.scalacheck.Prop$.$anonfun$forAllShrink$1(Prop.scala:915)
[info]   at org.scalacheck.Prop$.$anonfun$apply$1(Prop.scala:305)
[info]   at org.scalacheck.PropFromFun.apply(Prop.scala:20)
[info]   at org.scalacheck.Test$.workerFun$1(Test.scala:486)
[info]   at org.scalacheck.Test$.$anonfun$check$4(Test.scala:518)
[info]   at org.scalacheck.Test$.$anonfun$check$4$adapted(Test.scala:518)
[info]   at org.scalacheck.Platform$.runWorkers(Platform.scala:42)
[info]   at org.scalacheck.Test$.check(Test.scala:518)
[info]   at org.scalatestplus.scalacheck.UnitCheckerAsserting$CheckerAssertingImpl.check(CheckerAsserting.scala:90)
[info]   at org.scalatestplus.scalacheck.Checkers.check(Checkers.scala:371)
[info]   at org.scalatestplus.scalacheck.Checkers.check$(Checkers.scala:369)
[info]   at frameless.TypedDatasetSuite.check(TypedDatasetSuite.scala:63)
[info]   at frameless.functions.NonAggregateFunctionsTests.$anonfun$new$531(NonAggregateFunctionsTests.scala:860)
[info]   at org.scalatest.OutcomeOf.outcomeOf(OutcomeOf.scala:85)
[info]   at org.scalatest.OutcomeOf.outcomeOf$(OutcomeOf.scala:83)
[info]   at org.scalatest.OutcomeOf$.outcomeOf(OutcomeOf.scala:104)
[info]   at org.scalatest.Transformer.apply(Transformer.scala:22)
[info]   at org.scalatest.Transformer.apply(Transformer.scala:20)
[info]   at org.scalatest.funsuite.AnyFunSuiteLike$$anon$1.apply(AnyFunSuiteLike.scala:226)
[info]   at org.scalatest.TestSuite.withFixture(TestSuite.scala:196)
[info]   at org.scalatest.TestSuite.withFixture$(TestSuite.scala:195)
[info]   at org.scalatest.funsuite.AnyFunSuite.withFixture(AnyFunSuite.scala:1564)
[info]   at org.scalatest.funsuite.AnyFunSuiteLike.invokeWithFixture$1(AnyFunSuiteLike.scala:224)
[info]   at org.scalatest.funsuite.AnyFunSuiteLike.$anonfun$runTest$1(AnyFunSuiteLike.scala:236)
[info]   at org.scalatest.SuperEngine.runTestImpl(Engine.scala:306)
[info]   at org.scalatest.funsuite.AnyFunSuiteLike.runTest(AnyFunSuiteLike.scala:236)
[info]   at org.scalatest.funsuite.AnyFunSuiteLike.runTest$(AnyFunSuiteLike.scala:218)
[info]   at org.scalatest.funsuite.AnyFunSuite.runTest(AnyFunSuite.scala:1564)
[info]   at org.scalatest.funsuite.AnyFunSuiteLike.$anonfun$runTests$1(AnyFunSuiteLike.scala:269)
[info]   at org.scalatest.SuperEngine.$anonfun$runTestsInBranch$1(Engine.scala:413)
[info]   at scala.collection.immutable.List.foreach(List.scala:334)
[info]   at org.scalatest.SuperEngine.traverseSubNodes$1(Engine.scala:401)
[info]   at org.scalatest.SuperEngine.runTestsInBranch(Engine.scala:396)
[info]   at org.scalatest.SuperEngine.runTestsImpl(Engine.scala:475)
[info]   at org.scalatest.funsuite.AnyFunSuiteLike.runTests(AnyFunSuiteLike.scala:269)
[info]   at org.scalatest.funsuite.AnyFunSuiteLike.runTests$(AnyFunSuiteLike.scala:268)
[info]   at org.scalatest.funsuite.AnyFunSuite.runTests(AnyFunSuite.scala:1564)
[info]   at org.scalatest.Suite.run(Suite.scala:1114)
[info]   at org.scalatest.Suite.run$(Suite.scala:1096)
[info]   at org.scalatest.funsuite.AnyFunSuite.org$scalatest$funsuite$AnyFunSuiteLike$$super$run(AnyFunSuite.scala:1564)
[info]   at org.scalatest.funsuite.AnyFunSuiteLike.$anonfun$run$1(AnyFunSuiteLike.scala:273)
[info]   at org.scalatest.SuperEngine.runImpl(Engine.scala:535)
[info]   at org.scalatest.funsuite.AnyFunSuiteLike.run(AnyFunSuiteLike.scala:273)
[info]   at org.scalatest.funsuite.AnyFunSuiteLike.run$(AnyFunSuiteLike.scala:272)
[info]   at frameless.TypedDatasetSuite.org$scalatest$BeforeAndAfterAll$$super$run(TypedDatasetSuite.scala:63)
[info]   at org.scalatest.BeforeAndAfterAll.liftedTree1$1(BeforeAndAfterAll.scala:213)
[info]   at org.scalatest.BeforeAndAfterAll.run(BeforeAndAfterAll.scala:210)
[info]   at org.scalatest.BeforeAndAfterAll.run$(BeforeAndAfterAll.scala:208)
[info]   at frameless.TypedDatasetSuite.run(TypedDatasetSuite.scala:63)
[info]   at org.scalatest.tools.Framework.org$scalatest$tools$Framework$$runSuite(Framework.scala:321)
[info]   at org.scalatest.tools.Framework$ScalaTestTask.execute(Framework.scala:517)
[info]   at sbt.ForkMain$Run.lambda$runTest$1(ForkMain.java:414)
[info]   at java.base/java.util.concurrent.FutureTask.run(FutureTask.java:317)
[info]   at java.base/java.util.concurrent.ThreadPoolExecutor.runWorker(ThreadPoolExecutor.java:1144)
[info]   at java.base/java.util.concurrent.ThreadPoolExecutor$Worker.run(ThreadPoolExecutor.java:642)
[info]   at java.base/java.lang.Thread.run(Thread.java:1583)
[info]   Cause: java.lang.ClassCastException: Cannot cast scala.reflect.ClassTag$GenericClassTag to org.apache.spark.sql.catalyst.expressions.Expression
[info]   at java.base/java.lang.Class.cast(Class.java:4067)
[info]   at java.base/jdk.internal.reflect.DirectConstructorHandleAccessor.newInstance(DirectConstructorHandleAccessor.java:62)
[info]   at java.base/java.lang.reflect.Constructor.newInstanceWithCaller(Constructor.java:502)
[info]   at java.base/java.lang.reflect.Constructor.newInstance(Constructor.java:486)
[info]   at frameless.TypedExpressionEncoder$.$anonfun$apply$3(TypedExpressionEncoder.scala:55)
[info]   at scala.Option.map(Option.scala:242)
[info]   at frameless.TypedExpressionEncoder$.apply(TypedExpressionEncoder.scala:54)
[info]   at frameless.TypedDataset$.createUnsafe(TypedDataset.scala:1378)
[info]   at frameless.TypedDataset$.create(TypedDataset.scala:1341)
[info]   at frameless.functions.NonAggregateFunctionsTests.prop$27(NonAggregateFunctionsTests.scala:839)
[info]   at frameless.functions.NonAggregateFunctionsTests.$anonfun$new$546(NonAggregateFunctionsTests.scala:860)
[info]   at frameless.functions.NonAggregateFunctionsTests.$anonfun$new$546$adapted(NonAggregateFunctionsTests.scala:860)
[info]   at org.scalacheck.Prop$.$anonfun$forAll$20(Prop.scala:1147)
[info]   at org.scalacheck.Prop$.$anonfun$forAll$18(Prop.scala:1131)
[info]   at scala.Function1.$anonfun$andThen$1(Function1.scala:87)
[info]   at org.scalacheck.Prop$.$anonfun$forAllShrink$2(Prop.scala:868)
[info]   at org.scalacheck.Prop$.secure(Prop.scala:484)
[info]   at org.scalacheck.Prop$.result$1(Prop.scala:868)
[info]   at org.scalacheck.Prop$.$anonfun$forAllShrink$4(Prop.scala:880)
[info]   at scala.collection.immutable.Stream.map(Stream.scala:173)
[info]   at org.scalacheck.Prop$.getFirstFailure$1(Prop.scala:880)
[info]   at org.scalacheck.Prop$.shrinker$1(Prop.scala:895)
[info]   at org.scalacheck.Prop$.$anonfun$forAllShrink$1(Prop.scala:916)
[info]   at org.scalacheck.Prop$.$anonfun$apply$1(Prop.scala:305)
[info]   at org.scalacheck.PropFromFun.apply(Prop.scala:20)
[info]   at org.scalacheck.Prop$.result$1(Prop.scala:869)
[info]   at org.scalacheck.Prop$.$anonfun$forAllShrink$1(Prop.scala:915)
[info]   at org.scalacheck.Prop$.$anonfun$apply$1(Prop.scala:305)
[info]   at org.scalacheck.PropFromFun.apply(Prop.scala:20)
[info]   at org.scalacheck.Prop$.result$1(Prop.scala:869)
[info]   at org.scalacheck.Prop$.$anonfun$forAllShrink$1(Prop.scala:915)
[info]   at org.scalacheck.Prop$.$anonfun$apply$1(Prop.scala:305)
[info]   at org.scalacheck.PropFromFun.apply(Prop.scala:20)
[info]   at org.scalacheck.Test$.workerFun$1(Test.scala:486)
[info]   at org.scalacheck.Test$.$anonfun$check$4(Test.scala:518)
[info]   at org.scalacheck.Test$.$anonfun$check$4$adapted(Test.scala:518)
[info]   at org.scalacheck.Platform$.runWorkers(Platform.scala:42)
[info]   at org.scalacheck.Test$.check(Test.scala:518)
[info]   at org.scalatestplus.scalacheck.UnitCheckerAsserting$CheckerAssertingImpl.check(CheckerAsserting.scala:90)
[info]   at org.scalatestplus.scalacheck.Checkers.check(Checkers.scala:371)
[info]   at org.scalatestplus.scalacheck.Checkers.check$(Checkers.scala:369)
[info]   at frameless.TypedDatasetSuite.check(TypedDatasetSuite.scala:63)
[info]   at frameless.functions.NonAggregateFunctionsTests.$anonfun$new$531(NonAggregateFunctionsTests.scala:860)
[info]   at org.scalatest.OutcomeOf.outcomeOf(OutcomeOf.scala:85)
[info]   at org.scalatest.OutcomeOf.outcomeOf$(OutcomeOf.scala:83)
[info]   at org.scalatest.OutcomeOf$.outcomeOf(OutcomeOf.scala:104)
[info]   at org.scalatest.Transformer.apply(Transformer.scala:22)
[info]   at org.scalatest.Transformer.apply(Transformer.scala:20)
[info]   at org.scalatest.funsuite.AnyFunSuiteLike$$anon$1.apply(AnyFunSuiteLike.scala:226)
[info]   at org.scalatest.TestSuite.withFixture(TestSuite.scala:196)
[info]   at org.scalatest.TestSuite.withFixture$(TestSuite.scala:195)
[info]   at org.scalatest.funsuite.AnyFunSuite.withFixture(AnyFunSuite.scala:1564)
[info]   at org.scalatest.funsuite.AnyFunSuiteLike.invokeWithFixture$1(AnyFunSuiteLike.scala:224)
[info]   at org.scalatest.funsuite.AnyFunSuiteLike.$anonfun$runTest$1(AnyFunSuiteLike.scala:236)
[info]   at org.scalatest.SuperEngine.runTestImpl(Engine.scala:306)
[info]   at org.scalatest.funsuite.AnyFunSuiteLike.runTest(AnyFunSuiteLike.scala:236)
[info]   at org.scalatest.funsuite.AnyFunSuiteLike.runTest$(AnyFunSuiteLike.scala:218)
[info]   at org.scalatest.funsuite.AnyFunSuite.runTest(AnyFunSuite.scala:1564)
[info]   at org.scalatest.funsuite.AnyFunSuiteLike.$anonfun$runTests$1(AnyFunSuiteLike.scala:269)
[info]   at org.scalatest.SuperEngine.$anonfun$runTestsInBranch$1(Engine.scala:413)
[info]   at scala.collection.immutable.List.foreach(List.scala:334)
[info]   at org.scalatest.SuperEngine.traverseSubNodes$1(Engine.scala:401)
[info]   at org.scalatest.SuperEngine.runTestsInBranch(Engine.scala:396)
[info]   at org.scalatest.SuperEngine.runTestsImpl(Engine.scala:475)
[info]   at org.scalatest.funsuite.AnyFunSuiteLike.runTests(AnyFunSuiteLike.scala:269)
[info]   at org.scalatest.funsuite.AnyFunSuiteLike.runTests$(AnyFunSuiteLike.scala:268)
[info]   at org.scalatest.funsuite.AnyFunSuite.runTests(AnyFunSuite.scala:1564)
[info]   at org.scalatest.Suite.run(Suite.scala:1114)
[info]   at org.scalatest.Suite.run$(Suite.scala:1096)
[info]   at org.scalatest.funsuite.AnyFunSuite.org$scalatest$funsuite$AnyFunSuiteLike$$super$run(AnyFunSuite.scala:1564)
[info]   at org.scalatest.funsuite.AnyFunSuiteLike.$anonfun$run$1(AnyFunSuiteLike.scala:273)
[info]   at org.scalatest.SuperEngine.runImpl(Engine.scala:535)
[info]   at org.scalatest.funsuite.AnyFunSuiteLike.run(AnyFunSuiteLike.scala:273)
[info]   at org.scalatest.funsuite.AnyFunSuiteLike.run$(AnyFunSuiteLike.scala:272)
[info]   at frameless.TypedDatasetSuite.org$scalatest$BeforeAndAfterAll$$super$run(TypedDatasetSuite.scala:63)
[info]   at org.scalatest.BeforeAndAfterAll.liftedTree1$1(BeforeAndAfterAll.scala:213)
[info]   at org.scalatest.BeforeAndAfterAll.run(BeforeAndAfterAll.scala:210)
[info]   at org.scalatest.BeforeAndAfterAll.run$(BeforeAndAfterAll.scala:208)
[info]   at frameless.TypedDatasetSuite.run(TypedDatasetSuite.scala:63)
[info]   at org.scalatest.tools.Framework.org$scalatest$tools$Framework$$runSuite(Framework.scala:321)
[info]   at org.scalatest.tools.Framework$ScalaTestTask.execute(Framework.scala:517)
[info]   at sbt.ForkMain$Run.lambda$runTest$1(ForkMain.java:414)
[info]   at java.base/java.util.concurrent.FutureTask.run(FutureTask.java:317)
[info]   at java.base/java.util.concurrent.ThreadPoolExecutor.runWorker(ThreadPoolExecutor.java:1144)
[info]   at java.base/java.util.concurrent.ThreadPoolExecutor$Worker.run(ThreadPoolExecutor.java:642)
[info]   at java.base/java.lang.Thread.run(Thread.java:1583)
[info] - atan2LitRight *** FAILED *** (799 milliseconds)
[info]   IllegalArgumentException was thrown during property evaluation.
[info]     Message: argument type mismatch
[info]     Occurred when passed generated values (
[info]       arg0 = X1(-838173135),
[info]       arg1 = List(),
[info]       arg2 = 0.0 // 18 shrinks
[info]     )
[info]   org.scalatest.exceptions.GeneratorDrivenPropertyCheckFailedException:
[info]   at org.scalatestplus.scalacheck.CheckerAsserting$$anon$2.indicateFailure(CheckerAsserting.scala:251)
[info]   at org.scalatestplus.scalacheck.CheckerAsserting$$anon$2.indicateFailure(CheckerAsserting.scala:238)
[info]   at org.scalatestplus.scalacheck.UnitCheckerAsserting$CheckerAssertingImpl.check(CheckerAsserting.scala:160)
[info]   at org.scalatestplus.scalacheck.Checkers.check(Checkers.scala:371)
[info]   at org.scalatestplus.scalacheck.Checkers.check$(Checkers.scala:369)
[info]   at frameless.TypedDatasetSuite.check(TypedDatasetSuite.scala:63)
[info]   at frameless.functions.NonAggregateFunctionsTests.$anonfun$new$570(NonAggregateFunctionsTests.scala:904)
[info]   at org.scalatest.OutcomeOf.outcomeOf(OutcomeOf.scala:85)
[info]   at org.scalatest.OutcomeOf.outcomeOf$(OutcomeOf.scala:83)
[info]   at org.scalatest.OutcomeOf$.outcomeOf(OutcomeOf.scala:104)
[info]   at org.scalatest.Transformer.apply(Transformer.scala:22)
[info]   at org.scalatest.Transformer.apply(Transformer.scala:20)
[info]   at org.scalatest.funsuite.AnyFunSuiteLike$$anon$1.apply(AnyFunSuiteLike.scala:226)
[info]   at org.scalatest.TestSuite.withFixture(TestSuite.scala:196)
[info]   at org.scalatest.TestSuite.withFixture$(TestSuite.scala:195)
[info]   at org.scalatest.funsuite.AnyFunSuite.withFixture(AnyFunSuite.scala:1564)
[info]   at org.scalatest.funsuite.AnyFunSuiteLike.invokeWithFixture$1(AnyFunSuiteLike.scala:224)
[info]   at org.scalatest.funsuite.AnyFunSuiteLike.$anonfun$runTest$1(AnyFunSuiteLike.scala:236)
[info]   at org.scalatest.SuperEngine.runTestImpl(Engine.scala:306)
[info]   at org.scalatest.funsuite.AnyFunSuiteLike.runTest(AnyFunSuiteLike.scala:236)
[info]   at org.scalatest.funsuite.AnyFunSuiteLike.runTest$(AnyFunSuiteLike.scala:218)
[info]   at org.scalatest.funsuite.AnyFunSuite.runTest(AnyFunSuite.scala:1564)
[info]   at org.scalatest.funsuite.AnyFunSuiteLike.$anonfun$runTests$1(AnyFunSuiteLike.scala:269)
[info]   at org.scalatest.SuperEngine.$anonfun$runTestsInBranch$1(Engine.scala:413)
[info]   at scala.collection.immutable.List.foreach(List.scala:334)
[info]   at org.scalatest.SuperEngine.traverseSubNodes$1(Engine.scala:401)
[info]   at org.scalatest.SuperEngine.runTestsInBranch(Engine.scala:396)
[info]   at org.scalatest.SuperEngine.runTestsImpl(Engine.scala:475)
[info]   at org.scalatest.funsuite.AnyFunSuiteLike.runTests(AnyFunSuiteLike.scala:269)
[info]   at org.scalatest.funsuite.AnyFunSuiteLike.runTests$(AnyFunSuiteLike.scala:268)
[info]   at org.scalatest.funsuite.AnyFunSuite.runTests(AnyFunSuite.scala:1564)
[info]   at org.scalatest.Suite.run(Suite.scala:1114)
[info]   at org.scalatest.Suite.run$(Suite.scala:1096)
[info]   at org.scalatest.funsuite.AnyFunSuite.org$scalatest$funsuite$AnyFunSuiteLike$$super$run(AnyFunSuite.scala:1564)
[info]   at org.scalatest.funsuite.AnyFunSuiteLike.$anonfun$run$1(AnyFunSuiteLike.scala:273)
[info]   at org.scalatest.SuperEngine.runImpl(Engine.scala:535)
[info]   at org.scalatest.funsuite.AnyFunSuiteLike.run(AnyFunSuiteLike.scala:273)
[info]   at org.scalatest.funsuite.AnyFunSuiteLike.run$(AnyFunSuiteLike.scala:272)
[info]   at frameless.TypedDatasetSuite.org$scalatest$BeforeAndAfterAll$$super$run(TypedDatasetSuite.scala:63)
[info]   at org.scalatest.BeforeAndAfterAll.liftedTree1$1(BeforeAndAfterAll.scala:213)
[info]   at org.scalatest.BeforeAndAfterAll.run(BeforeAndAfterAll.scala:210)
[info]   at org.scalatest.BeforeAndAfterAll.run$(BeforeAndAfterAll.scala:208)
[info]   at frameless.TypedDatasetSuite.run(TypedDatasetSuite.scala:63)
[info]   at org.scalatest.tools.Framework.org$scalatest$tools$Framework$$runSuite(Framework.scala:321)
[info]   at org.scalatest.tools.Framework$ScalaTestTask.execute(Framework.scala:517)
[info]   at sbt.ForkMain$Run.lambda$runTest$1(ForkMain.java:414)
[info]   at java.base/java.util.concurrent.FutureTask.run(FutureTask.java:317)
[info]   at java.base/java.util.concurrent.ThreadPoolExecutor.runWorker(ThreadPoolExecutor.java:1144)
[info]   at java.base/java.util.concurrent.ThreadPoolExecutor$Worker.run(ThreadPoolExecutor.java:642)
[info]   at java.base/java.lang.Thread.run(Thread.java:1583)
[info]   Cause: java.lang.IllegalArgumentException: argument type mismatch
[info]   at java.base/jdk.internal.reflect.DirectConstructorHandleAccessor.newInstance(DirectConstructorHandleAccessor.java:65)
[info]   at java.base/java.lang.reflect.Constructor.newInstanceWithCaller(Constructor.java:502)
[info]   at java.base/java.lang.reflect.Constructor.newInstance(Constructor.java:486)
[info]   at frameless.TypedExpressionEncoder$.$anonfun$apply$3(TypedExpressionEncoder.scala:55)
[info]   at scala.Option.map(Option.scala:242)
[info]   at frameless.TypedExpressionEncoder$.apply(TypedExpressionEncoder.scala:54)
[info]   at frameless.TypedDataset$.createUnsafe(TypedDataset.scala:1378)
[info]   at frameless.TypedDataset$.create(TypedDataset.scala:1341)
[info]   at frameless.functions.NonAggregateFunctionsTests.prop$28(NonAggregateFunctionsTests.scala:882)
[info]   at frameless.functions.NonAggregateFunctionsTests.$anonfun$new$585(NonAggregateFunctionsTests.scala:904)
[info]   at frameless.functions.NonAggregateFunctionsTests.$anonfun$new$585$adapted(NonAggregateFunctionsTests.scala:904)
[info]   at org.scalacheck.Prop$.$anonfun$forAll$20(Prop.scala:1147)
[info]   at org.scalacheck.Prop$.$anonfun$forAll$18(Prop.scala:1131)
[info]   at scala.Function1.$anonfun$andThen$1(Function1.scala:87)
[info]   at org.scalacheck.Prop$.$anonfun$forAllShrink$2(Prop.scala:868)
[info]   at org.scalacheck.Prop$.secure(Prop.scala:484)
[info]   at org.scalacheck.Prop$.result$1(Prop.scala:868)
[info]   at org.scalacheck.Prop$.$anonfun$forAllShrink$4(Prop.scala:880)
[info]   at scala.collection.immutable.Stream.map(Stream.scala:173)
[info]   at org.scalacheck.Prop$.getFirstFailure$1(Prop.scala:880)
[info]   at org.scalacheck.Prop$.shrinker$1(Prop.scala:895)
[info]   at org.scalacheck.Prop$.$anonfun$forAllShrink$1(Prop.scala:916)
[info]   at org.scalacheck.Prop$.$anonfun$apply$1(Prop.scala:305)
[info]   at org.scalacheck.PropFromFun.apply(Prop.scala:20)
[info]   at org.scalacheck.Prop$.result$1(Prop.scala:869)
[info]   at org.scalacheck.Prop$.$anonfun$forAllShrink$1(Prop.scala:915)
[info]   at org.scalacheck.Prop$.$anonfun$apply$1(Prop.scala:305)
[info]   at org.scalacheck.PropFromFun.apply(Prop.scala:20)
[info]   at org.scalacheck.Prop$.result$1(Prop.scala:869)
[info]   at org.scalacheck.Prop$.$anonfun$forAllShrink$1(Prop.scala:915)
[info]   at org.scalacheck.Prop$.$anonfun$apply$1(Prop.scala:305)
[info]   at org.scalacheck.PropFromFun.apply(Prop.scala:20)
[info]   at org.scalacheck.Test$.workerFun$1(Test.scala:486)
[info]   at org.scalacheck.Test$.$anonfun$check$4(Test.scala:518)
[info]   at org.scalacheck.Test$.$anonfun$check$4$adapted(Test.scala:518)
[info]   at org.scalacheck.Platform$.runWorkers(Platform.scala:42)
[info]   at org.scalacheck.Test$.check(Test.scala:518)
[info]   at org.scalatestplus.scalacheck.UnitCheckerAsserting$CheckerAssertingImpl.check(CheckerAsserting.scala:90)
[info]   at org.scalatestplus.scalacheck.Checkers.check(Checkers.scala:371)
[info]   at org.scalatestplus.scalacheck.Checkers.check$(Checkers.scala:369)
[info]   at frameless.TypedDatasetSuite.check(TypedDatasetSuite.scala:63)
[info]   at frameless.functions.NonAggregateFunctionsTests.$anonfun$new$570(NonAggregateFunctionsTests.scala:904)
[info]   at org.scalatest.OutcomeOf.outcomeOf(OutcomeOf.scala:85)
[info]   at org.scalatest.OutcomeOf.outcomeOf$(OutcomeOf.scala:83)
[info]   at org.scalatest.OutcomeOf$.outcomeOf(OutcomeOf.scala:104)
[info]   at org.scalatest.Transformer.apply(Transformer.scala:22)
[info]   at org.scalatest.Transformer.apply(Transformer.scala:20)
[info]   at org.scalatest.funsuite.AnyFunSuiteLike$$anon$1.apply(AnyFunSuiteLike.scala:226)
[info]   at org.scalatest.TestSuite.withFixture(TestSuite.scala:196)
[info]   at org.scalatest.TestSuite.withFixture$(TestSuite.scala:195)
[info]   at org.scalatest.funsuite.AnyFunSuite.withFixture(AnyFunSuite.scala:1564)
[info]   at org.scalatest.funsuite.AnyFunSuiteLike.invokeWithFixture$1(AnyFunSuiteLike.scala:224)
[info]   at org.scalatest.funsuite.AnyFunSuiteLike.$anonfun$runTest$1(AnyFunSuiteLike.scala:236)
[info]   at org.scalatest.SuperEngine.runTestImpl(Engine.scala:306)
[info]   at org.scalatest.funsuite.AnyFunSuiteLike.runTest(AnyFunSuiteLike.scala:236)
[info]   at org.scalatest.funsuite.AnyFunSuiteLike.runTest$(AnyFunSuiteLike.scala:218)
[info]   at org.scalatest.funsuite.AnyFunSuite.runTest(AnyFunSuite.scala:1564)
[info]   at org.scalatest.funsuite.AnyFunSuiteLike.$anonfun$runTests$1(AnyFunSuiteLike.scala:269)
[info]   at org.scalatest.SuperEngine.$anonfun$runTestsInBranch$1(Engine.scala:413)
[info]   at scala.collection.immutable.List.foreach(List.scala:334)
[info]   at org.scalatest.SuperEngine.traverseSubNodes$1(Engine.scala:401)
[info]   at org.scalatest.SuperEngine.runTestsInBranch(Engine.scala:396)
[info]   at org.scalatest.SuperEngine.runTestsImpl(Engine.scala:475)
[info]   at org.scalatest.funsuite.AnyFunSuiteLike.runTests(AnyFunSuiteLike.scala:269)
[info]   at org.scalatest.funsuite.AnyFunSuiteLike.runTests$(AnyFunSuiteLike.scala:268)
[info]   at org.scalatest.funsuite.AnyFunSuite.runTests(AnyFunSuite.scala:1564)
[info]   at org.scalatest.Suite.run(Suite.scala:1114)
[info]   at org.scalatest.Suite.run$(Suite.scala:1096)
[info]   at org.scalatest.funsuite.AnyFunSuite.org$scalatest$funsuite$AnyFunSuiteLike$$super$run(AnyFunSuite.scala:1564)
[info]   at org.scalatest.funsuite.AnyFunSuiteLike.$anonfun$run$1(AnyFunSuiteLike.scala:273)
[info]   at org.scalatest.SuperEngine.runImpl(Engine.scala:535)
[info]   at org.scalatest.funsuite.AnyFunSuiteLike.run(AnyFunSuiteLike.scala:273)
[info]   at org.scalatest.funsuite.AnyFunSuiteLike.run$(AnyFunSuiteLike.scala:272)
[info]   at frameless.TypedDatasetSuite.org$scalatest$BeforeAndAfterAll$$super$run(TypedDatasetSuite.scala:63)
[info]   at org.scalatest.BeforeAndAfterAll.liftedTree1$1(BeforeAndAfterAll.scala:213)
[info]   at org.scalatest.BeforeAndAfterAll.run(BeforeAndAfterAll.scala:210)
[info]   at org.scalatest.BeforeAndAfterAll.run$(BeforeAndAfterAll.scala:208)
[info]   at frameless.TypedDatasetSuite.run(TypedDatasetSuite.scala:63)
[info]   at org.scalatest.tools.Framework.org$scalatest$tools$Framework$$runSuite(Framework.scala:321)
[info]   at org.scalatest.tools.Framework$ScalaTestTask.execute(Framework.scala:517)
[info]   at sbt.ForkMain$Run.lambda$runTest$1(ForkMain.java:414)
[info]   at java.base/java.util.concurrent.FutureTask.run(FutureTask.java:317)
[info]   at java.base/java.util.concurrent.ThreadPoolExecutor.runWorker(ThreadPoolExecutor.java:1144)
[info]   at java.base/java.util.concurrent.ThreadPoolExecutor$Worker.run(ThreadPoolExecutor.java:642)
[info]   at java.base/java.lang.Thread.run(Thread.java:1583)
[info]   Cause: java.lang.ClassCastException: Cannot cast scala.reflect.ClassTag$GenericClassTag to org.apache.spark.sql.catalyst.expressions.Expression
[info]   at java.base/java.lang.Class.cast(Class.java:4067)
[info]   at java.base/jdk.internal.reflect.DirectConstructorHandleAccessor.newInstance(DirectConstructorHandleAccessor.java:62)
[info]   at java.base/java.lang.reflect.Constructor.newInstanceWithCaller(Constructor.java:502)
[info]   at java.base/java.lang.reflect.Constructor.newInstance(Constructor.java:486)
[info]   at frameless.TypedExpressionEncoder$.$anonfun$apply$3(TypedExpressionEncoder.scala:55)
[info]   at scala.Option.map(Option.scala:242)
[info]   at frameless.TypedExpressionEncoder$.apply(TypedExpressionEncoder.scala:54)
[info]   at frameless.TypedDataset$.createUnsafe(TypedDataset.scala:1378)
[info]   at frameless.TypedDataset$.create(TypedDataset.scala:1341)
[info]   at frameless.functions.NonAggregateFunctionsTests.prop$28(NonAggregateFunctionsTests.scala:882)
[info]   at frameless.functions.NonAggregateFunctionsTests.$anonfun$new$585(NonAggregateFunctionsTests.scala:904)
[info]   at frameless.functions.NonAggregateFunctionsTests.$anonfun$new$585$adapted(NonAggregateFunctionsTests.scala:904)
[info]   at org.scalacheck.Prop$.$anonfun$forAll$20(Prop.scala:1147)
[info]   at org.scalacheck.Prop$.$anonfun$forAll$18(Prop.scala:1131)
[info]   at scala.Function1.$anonfun$andThen$1(Function1.scala:87)
[info]   at org.scalacheck.Prop$.$anonfun$forAllShrink$2(Prop.scala:868)
[info]   at org.scalacheck.Prop$.secure(Prop.scala:484)
[info]   at org.scalacheck.Prop$.result$1(Prop.scala:868)
[info]   at org.scalacheck.Prop$.$anonfun$forAllShrink$4(Prop.scala:880)
[info]   at scala.collection.immutable.Stream.map(Stream.scala:173)
[info]   at org.scalacheck.Prop$.getFirstFailure$1(Prop.scala:880)
[info]   at org.scalacheck.Prop$.shrinker$1(Prop.scala:895)
[info]   at org.scalacheck.Prop$.$anonfun$forAllShrink$1(Prop.scala:916)
[info]   at org.scalacheck.Prop$.$anonfun$apply$1(Prop.scala:305)
[info]   at org.scalacheck.PropFromFun.apply(Prop.scala:20)
[info]   at org.scalacheck.Prop$.result$1(Prop.scala:869)
[info]   at org.scalacheck.Prop$.$anonfun$forAllShrink$1(Prop.scala:915)
[info]   at org.scalacheck.Prop$.$anonfun$apply$1(Prop.scala:305)
[info]   at org.scalacheck.PropFromFun.apply(Prop.scala:20)
[info]   at org.scalacheck.Prop$.result$1(Prop.scala:869)
[info]   at org.scalacheck.Prop$.$anonfun$forAllShrink$1(Prop.scala:915)
[info]   at org.scalacheck.Prop$.$anonfun$apply$1(Prop.scala:305)
[info]   at org.scalacheck.PropFromFun.apply(Prop.scala:20)
[info]   at org.scalacheck.Test$.workerFun$1(Test.scala:486)
[info]   at org.scalacheck.Test$.$anonfun$check$4(Test.scala:518)
[info]   at org.scalacheck.Test$.$anonfun$check$4$adapted(Test.scala:518)
[info]   at org.scalacheck.Platform$.runWorkers(Platform.scala:42)
[info]   at org.scalacheck.Test$.check(Test.scala:518)
[info]   at org.scalatestplus.scalacheck.UnitCheckerAsserting$CheckerAssertingImpl.check(CheckerAsserting.scala:90)
[info]   at org.scalatestplus.scalacheck.Checkers.check(Checkers.scala:371)
[info]   at org.scalatestplus.scalacheck.Checkers.check$(Checkers.scala:369)
[info]   at frameless.TypedDatasetSuite.check(TypedDatasetSuite.scala:63)
[info]   at frameless.functions.NonAggregateFunctionsTests.$anonfun$new$570(NonAggregateFunctionsTests.scala:904)
[info]   at org.scalatest.OutcomeOf.outcomeOf(OutcomeOf.scala:85)
[info]   at org.scalatest.OutcomeOf.outcomeOf$(OutcomeOf.scala:83)
[info]   at org.scalatest.OutcomeOf$.outcomeOf(OutcomeOf.scala:104)
[info]   at org.scalatest.Transformer.apply(Transformer.scala:22)
[info]   at org.scalatest.Transformer.apply(Transformer.scala:20)
[info]   at org.scalatest.funsuite.AnyFunSuiteLike$$anon$1.apply(AnyFunSuiteLike.scala:226)
[info]   at org.scalatest.TestSuite.withFixture(TestSuite.scala:196)
[info]   at org.scalatest.TestSuite.withFixture$(TestSuite.scala:195)
[info]   at org.scalatest.funsuite.AnyFunSuite.withFixture(AnyFunSuite.scala:1564)
[info]   at org.scalatest.funsuite.AnyFunSuiteLike.invokeWithFixture$1(AnyFunSuiteLike.scala:224)
[info]   at org.scalatest.funsuite.AnyFunSuiteLike.$anonfun$runTest$1(AnyFunSuiteLike.scala:236)
[info]   at org.scalatest.SuperEngine.runTestImpl(Engine.scala:306)
[info]   at org.scalatest.funsuite.AnyFunSuiteLike.runTest(AnyFunSuiteLike.scala:236)
[info]   at org.scalatest.funsuite.AnyFunSuiteLike.runTest$(AnyFunSuiteLike.scala:218)
[info]   at org.scalatest.funsuite.AnyFunSuite.runTest(AnyFunSuite.scala:1564)
[info]   at org.scalatest.funsuite.AnyFunSuiteLike.$anonfun$runTests$1(AnyFunSuiteLike.scala:269)
[info]   at org.scalatest.SuperEngine.$anonfun$runTestsInBranch$1(Engine.scala:413)
[info]   at scala.collection.immutable.List.foreach(List.scala:334)
[info]   at org.scalatest.SuperEngine.traverseSubNodes$1(Engine.scala:401)
[info]   at org.scalatest.SuperEngine.runTestsInBranch(Engine.scala:396)
[info]   at org.scalatest.SuperEngine.runTestsImpl(Engine.scala:475)
[info]   at org.scalatest.funsuite.AnyFunSuiteLike.runTests(AnyFunSuiteLike.scala:269)
[info]   at org.scalatest.funsuite.AnyFunSuiteLike.runTests$(AnyFunSuiteLike.scala:268)
[info]   at org.scalatest.funsuite.AnyFunSuite.runTests(AnyFunSuite.scala:1564)
[info]   at org.scalatest.Suite.run(Suite.scala:1114)
[info]   at org.scalatest.Suite.run$(Suite.scala:1096)
[info]   at org.scalatest.funsuite.AnyFunSuite.org$scalatest$funsuite$AnyFunSuiteLike$$super$run(AnyFunSuite.scala:1564)
[info]   at org.scalatest.funsuite.AnyFunSuiteLike.$anonfun$run$1(AnyFunSuiteLike.scala:273)
[info]   at org.scalatest.SuperEngine.runImpl(Engine.scala:535)
[info]   at org.scalatest.funsuite.AnyFunSuiteLike.run(AnyFunSuiteLike.scala:273)
[info]   at org.scalatest.funsuite.AnyFunSuiteLike.run$(AnyFunSuiteLike.scala:272)
[info]   at frameless.TypedDatasetSuite.org$scalatest$BeforeAndAfterAll$$super$run(TypedDatasetSuite.scala:63)
[info]   at org.scalatest.BeforeAndAfterAll.liftedTree1$1(BeforeAndAfterAll.scala:213)
[info]   at org.scalatest.BeforeAndAfterAll.run(BeforeAndAfterAll.scala:210)
[info]   at org.scalatest.BeforeAndAfterAll.run$(BeforeAndAfterAll.scala:208)
[info]   at frameless.TypedDatasetSuite.run(TypedDatasetSuite.scala:63)
[info]   at org.scalatest.tools.Framework.org$scalatest$tools$Framework$$runSuite(Framework.scala:321)
[info]   at org.scalatest.tools.Framework$ScalaTestTask.execute(Framework.scala:517)
[info]   at sbt.ForkMain$Run.lambda$runTest$1(ForkMain.java:414)
[info]   at java.base/java.util.concurrent.FutureTask.run(FutureTask.java:317)
[info]   at java.base/java.util.concurrent.ThreadPoolExecutor.runWorker(ThreadPoolExecutor.java:1144)
[info]   at java.base/java.util.concurrent.ThreadPoolExecutor$Worker.run(ThreadPoolExecutor.java:642)
[info]   at java.base/java.lang.Thread.run(Thread.java:1583)
[info] - sqrt *** FAILED *** (3 milliseconds)
[info]   IllegalArgumentException was thrown during property evaluation.
[info]     Message: argument type mismatch
[info]     Occurred when passed generated values (
[info]       arg0 = List()
[info]     )
[info]   org.scalatest.exceptions.GeneratorDrivenPropertyCheckFailedException:
[info]   at org.scalatestplus.scalacheck.CheckerAsserting$$anon$2.indicateFailure(CheckerAsserting.scala:251)
[info]   at org.scalatestplus.scalacheck.CheckerAsserting$$anon$2.indicateFailure(CheckerAsserting.scala:238)
[info]   at org.scalatestplus.scalacheck.UnitCheckerAsserting$CheckerAssertingImpl.check(CheckerAsserting.scala:160)
[info]   at org.scalatestplus.scalacheck.Checkers.check(Checkers.scala:371)
[info]   at org.scalatestplus.scalacheck.Checkers.check$(Checkers.scala:369)
[info]   at frameless.TypedDatasetSuite.check(TypedDatasetSuite.scala:63)
[info]   at frameless.functions.NonAggregateFunctionsTests.$anonfun$new$609(NonAggregateFunctionsTests.scala:944)
[info]   at org.scalatest.OutcomeOf.outcomeOf(OutcomeOf.scala:85)
[info]   at org.scalatest.OutcomeOf.outcomeOf$(OutcomeOf.scala:83)
[info]   at org.scalatest.OutcomeOf$.outcomeOf(OutcomeOf.scala:104)
[info]   at org.scalatest.Transformer.apply(Transformer.scala:22)
[info]   at org.scalatest.Transformer.apply(Transformer.scala:20)
[info]   at org.scalatest.funsuite.AnyFunSuiteLike$$anon$1.apply(AnyFunSuiteLike.scala:226)
[info]   at org.scalatest.TestSuite.withFixture(TestSuite.scala:196)
[info]   at org.scalatest.TestSuite.withFixture$(TestSuite.scala:195)
[info]   at org.scalatest.funsuite.AnyFunSuite.withFixture(AnyFunSuite.scala:1564)
[info]   at org.scalatest.funsuite.AnyFunSuiteLike.invokeWithFixture$1(AnyFunSuiteLike.scala:224)
[info]   at org.scalatest.funsuite.AnyFunSuiteLike.$anonfun$runTest$1(AnyFunSuiteLike.scala:236)
[info]   at org.scalatest.SuperEngine.runTestImpl(Engine.scala:306)
[info]   at org.scalatest.funsuite.AnyFunSuiteLike.runTest(AnyFunSuiteLike.scala:236)
[info]   at org.scalatest.funsuite.AnyFunSuiteLike.runTest$(AnyFunSuiteLike.scala:218)
[info]   at org.scalatest.funsuite.AnyFunSuite.runTest(AnyFunSuite.scala:1564)
[info]   at org.scalatest.funsuite.AnyFunSuiteLike.$anonfun$runTests$1(AnyFunSuiteLike.scala:269)
[info]   at org.scalatest.SuperEngine.$anonfun$runTestsInBranch$1(Engine.scala:413)
[info]   at scala.collection.immutable.List.foreach(List.scala:334)
[info]   at org.scalatest.SuperEngine.traverseSubNodes$1(Engine.scala:401)
[info]   at org.scalatest.SuperEngine.runTestsInBranch(Engine.scala:396)
[info]   at org.scalatest.SuperEngine.runTestsImpl(Engine.scala:475)
[info]   at org.scalatest.funsuite.AnyFunSuiteLike.runTests(AnyFunSuiteLike.scala:269)
[info]   at org.scalatest.funsuite.AnyFunSuiteLike.runTests$(AnyFunSuiteLike.scala:268)
[info]   at org.scalatest.funsuite.AnyFunSuite.runTests(AnyFunSuite.scala:1564)
[info]   at org.scalatest.Suite.run(Suite.scala:1114)
[info]   at org.scalatest.Suite.run$(Suite.scala:1096)
[info]   at org.scalatest.funsuite.AnyFunSuite.org$scalatest$funsuite$AnyFunSuiteLike$$super$run(AnyFunSuite.scala:1564)
[info]   at org.scalatest.funsuite.AnyFunSuiteLike.$anonfun$run$1(AnyFunSuiteLike.scala:273)
[info]   at org.scalatest.SuperEngine.runImpl(Engine.scala:535)
[info]   at org.scalatest.funsuite.AnyFunSuiteLike.run(AnyFunSuiteLike.scala:273)
[info]   at org.scalatest.funsuite.AnyFunSuiteLike.run$(AnyFunSuiteLike.scala:272)
[info]   at frameless.TypedDatasetSuite.org$scalatest$BeforeAndAfterAll$$super$run(TypedDatasetSuite.scala:63)
[info]   at org.scalatest.BeforeAndAfterAll.liftedTree1$1(BeforeAndAfterAll.scala:213)
[info]   at org.scalatest.BeforeAndAfterAll.run(BeforeAndAfterAll.scala:210)
[info]   at org.scalatest.BeforeAndAfterAll.run$(BeforeAndAfterAll.scala:208)
[info]   at frameless.TypedDatasetSuite.run(TypedDatasetSuite.scala:63)
[info]   at org.scalatest.tools.Framework.org$scalatest$tools$Framework$$runSuite(Framework.scala:321)
[info]   at org.scalatest.tools.Framework$ScalaTestTask.execute(Framework.scala:517)
[info]   at sbt.ForkMain$Run.lambda$runTest$1(ForkMain.java:414)
[info]   at java.base/java.util.concurrent.FutureTask.run(FutureTask.java:317)
[info]   at java.base/java.util.concurrent.ThreadPoolExecutor.runWorker(ThreadPoolExecutor.java:1144)
[info]   at java.base/java.util.concurrent.ThreadPoolExecutor$Worker.run(ThreadPoolExecutor.java:642)
[info]   at java.base/java.lang.Thread.run(Thread.java:1583)
[info]   Cause: java.lang.IllegalArgumentException: argument type mismatch
[info]   at java.base/jdk.internal.reflect.DirectConstructorHandleAccessor.newInstance(DirectConstructorHandleAccessor.java:65)
[info]   at java.base/java.lang.reflect.Constructor.newInstanceWithCaller(Constructor.java:502)
[info]   at java.base/java.lang.reflect.Constructor.newInstance(Constructor.java:486)
[info]   at frameless.TypedExpressionEncoder$.$anonfun$apply$3(TypedExpressionEncoder.scala:55)
[info]   at scala.Option.map(Option.scala:242)
[info]   at frameless.TypedExpressionEncoder$.apply(TypedExpressionEncoder.scala:54)
[info]   at frameless.TypedDataset$.create(TypedDataset.scala:1325)
[info]   at frameless.functions.NonAggregateFunctionsTests.prop$29(NonAggregateFunctionsTests.scala:940)
[info]   at frameless.functions.NonAggregateFunctionsTests.$anonfun$new$617(NonAggregateFunctionsTests.scala:944)
[info]   at scala.Function1.$anonfun$andThen$1(Function1.scala:87)
[info]   at org.scalacheck.Prop$.$anonfun$forAllShrink$2(Prop.scala:868)
[info]   at org.scalacheck.Prop$.secure(Prop.scala:484)
[info]   at org.scalacheck.Prop$.result$1(Prop.scala:868)
[info]   at org.scalacheck.Prop$.$anonfun$forAllShrink$1(Prop.scala:915)
[info]   at org.scalacheck.Prop$.$anonfun$apply$1(Prop.scala:305)
[info]   at org.scalacheck.PropFromFun.apply(Prop.scala:20)
[info]   at org.scalacheck.Test$.workerFun$1(Test.scala:486)
[info]   at org.scalacheck.Test$.$anonfun$check$4(Test.scala:518)
[info]   at org.scalacheck.Test$.$anonfun$check$4$adapted(Test.scala:518)
[info]   at org.scalacheck.Platform$.runWorkers(Platform.scala:42)
[info]   at org.scalacheck.Test$.check(Test.scala:518)
[info]   at org.scalatestplus.scalacheck.UnitCheckerAsserting$CheckerAssertingImpl.check(CheckerAsserting.scala:90)
[info]   at org.scalatestplus.scalacheck.Checkers.check(Checkers.scala:371)
[info]   at org.scalatestplus.scalacheck.Checkers.check$(Checkers.scala:369)
[info]   at frameless.TypedDatasetSuite.check(TypedDatasetSuite.scala:63)
[info]   at frameless.functions.NonAggregateFunctionsTests.$anonfun$new$609(NonAggregateFunctionsTests.scala:944)
[info]   at org.scalatest.OutcomeOf.outcomeOf(OutcomeOf.scala:85)
[info]   at org.scalatest.OutcomeOf.outcomeOf$(OutcomeOf.scala:83)
[info]   at org.scalatest.OutcomeOf$.outcomeOf(OutcomeOf.scala:104)
[info]   at org.scalatest.Transformer.apply(Transformer.scala:22)
[info]   at org.scalatest.Transformer.apply(Transformer.scala:20)
[info]   at org.scalatest.funsuite.AnyFunSuiteLike$$anon$1.apply(AnyFunSuiteLike.scala:226)
[info]   at org.scalatest.TestSuite.withFixture(TestSuite.scala:196)
[info]   at org.scalatest.TestSuite.withFixture$(TestSuite.scala:195)
[info]   at org.scalatest.funsuite.AnyFunSuite.withFixture(AnyFunSuite.scala:1564)
[info]   at org.scalatest.funsuite.AnyFunSuiteLike.invokeWithFixture$1(AnyFunSuiteLike.scala:224)
[info]   at org.scalatest.funsuite.AnyFunSuiteLike.$anonfun$runTest$1(AnyFunSuiteLike.scala:236)
[info]   at org.scalatest.SuperEngine.runTestImpl(Engine.scala:306)
[info]   at org.scalatest.funsuite.AnyFunSuiteLike.runTest(AnyFunSuiteLike.scala:236)
[info]   at org.scalatest.funsuite.AnyFunSuiteLike.runTest$(AnyFunSuiteLike.scala:218)
[info]   at org.scalatest.funsuite.AnyFunSuite.runTest(AnyFunSuite.scala:1564)
[info]   at org.scalatest.funsuite.AnyFunSuiteLike.$anonfun$runTests$1(AnyFunSuiteLike.scala:269)
[info]   at org.scalatest.SuperEngine.$anonfun$runTestsInBranch$1(Engine.scala:413)
[info]   at scala.collection.immutable.List.foreach(List.scala:334)
[info]   at org.scalatest.SuperEngine.traverseSubNodes$1(Engine.scala:401)
[info]   at org.scalatest.SuperEngine.runTestsInBranch(Engine.scala:396)
[info]   at org.scalatest.SuperEngine.runTestsImpl(Engine.scala:475)
[info]   at org.scalatest.funsuite.AnyFunSuiteLike.runTests(AnyFunSuiteLike.scala:269)
[info]   at org.scalatest.funsuite.AnyFunSuiteLike.runTests$(AnyFunSuiteLike.scala:268)
[info]   at org.scalatest.funsuite.AnyFunSuite.runTests(AnyFunSuite.scala:1564)
[info]   at org.scalatest.Suite.run(Suite.scala:1114)
[info]   at org.scalatest.Suite.run$(Suite.scala:1096)
[info]   at org.scalatest.funsuite.AnyFunSuite.org$scalatest$funsuite$AnyFunSuiteLike$$super$run(AnyFunSuite.scala:1564)
[info]   at org.scalatest.funsuite.AnyFunSuiteLike.$anonfun$run$1(AnyFunSuiteLike.scala:273)
[info]   at org.scalatest.SuperEngine.runImpl(Engine.scala:535)
[info]   at org.scalatest.funsuite.AnyFunSuiteLike.run(AnyFunSuiteLike.scala:273)
[info]   at org.scalatest.funsuite.AnyFunSuiteLike.run$(AnyFunSuiteLike.scala:272)
[info]   at frameless.TypedDatasetSuite.org$scalatest$BeforeAndAfterAll$$super$run(TypedDatasetSuite.scala:63)
[info]   at org.scalatest.BeforeAndAfterAll.liftedTree1$1(BeforeAndAfterAll.scala:213)
[info]   at org.scalatest.BeforeAndAfterAll.run(BeforeAndAfterAll.scala:210)
[info]   at org.scalatest.BeforeAndAfterAll.run$(BeforeAndAfterAll.scala:208)
[info]   at frameless.TypedDatasetSuite.run(TypedDatasetSuite.scala:63)
[info]   at org.scalatest.tools.Framework.org$scalatest$tools$Framework$$runSuite(Framework.scala:321)
[info]   at org.scalatest.tools.Framework$ScalaTestTask.execute(Framework.scala:517)
[info]   at sbt.ForkMain$Run.lambda$runTest$1(ForkMain.java:414)
[info]   at java.base/java.util.concurrent.FutureTask.run(FutureTask.java:317)
[info]   at java.base/java.util.concurrent.ThreadPoolExecutor.runWorker(ThreadPoolExecutor.java:1144)
[info]   at java.base/java.util.concurrent.ThreadPoolExecutor$Worker.run(ThreadPoolExecutor.java:642)
[info]   at java.base/java.lang.Thread.run(Thread.java:1583)
[info]   Cause: java.lang.ClassCastException: Cannot cast scala.reflect.ClassTag$GenericClassTag to org.apache.spark.sql.catalyst.expressions.Expression
[info]   at java.base/java.lang.Class.cast(Class.java:4067)
[info]   at java.base/jdk.internal.reflect.DirectConstructorHandleAccessor.newInstance(DirectConstructorHandleAccessor.java:62)
[info]   at java.base/java.lang.reflect.Constructor.newInstanceWithCaller(Constructor.java:502)
[info]   at java.base/java.lang.reflect.Constructor.newInstance(Constructor.java:486)
[info]   at frameless.TypedExpressionEncoder$.$anonfun$apply$3(TypedExpressionEncoder.scala:55)
[info]   at scala.Option.map(Option.scala:242)
[info]   at frameless.TypedExpressionEncoder$.apply(TypedExpressionEncoder.scala:54)
[info]   at frameless.TypedDataset$.create(TypedDataset.scala:1325)
[info]   at frameless.functions.NonAggregateFunctionsTests.prop$29(NonAggregateFunctionsTests.scala:940)
[info]   at frameless.functions.NonAggregateFunctionsTests.$anonfun$new$617(NonAggregateFunctionsTests.scala:944)
[info]   at scala.Function1.$anonfun$andThen$1(Function1.scala:87)
[info]   at org.scalacheck.Prop$.$anonfun$forAllShrink$2(Prop.scala:868)
[info]   at org.scalacheck.Prop$.secure(Prop.scala:484)
[info]   at org.scalacheck.Prop$.result$1(Prop.scala:868)
[info]   at org.scalacheck.Prop$.$anonfun$forAllShrink$1(Prop.scala:915)
[info]   at org.scalacheck.Prop$.$anonfun$apply$1(Prop.scala:305)
[info]   at org.scalacheck.PropFromFun.apply(Prop.scala:20)
[info]   at org.scalacheck.Test$.workerFun$1(Test.scala:486)
[info]   at org.scalacheck.Test$.$anonfun$check$4(Test.scala:518)
[info]   at org.scalacheck.Test$.$anonfun$check$4$adapted(Test.scala:518)
[info]   at org.scalacheck.Platform$.runWorkers(Platform.scala:42)
[info]   at org.scalacheck.Test$.check(Test.scala:518)
[info]   at org.scalatestplus.scalacheck.UnitCheckerAsserting$CheckerAssertingImpl.check(CheckerAsserting.scala:90)
[info]   at org.scalatestplus.scalacheck.Checkers.check(Checkers.scala:371)
[info]   at org.scalatestplus.scalacheck.Checkers.check$(Checkers.scala:369)
[info]   at frameless.TypedDatasetSuite.check(TypedDatasetSuite.scala:63)
[info]   at frameless.functions.NonAggregateFunctionsTests.$anonfun$new$609(NonAggregateFunctionsTests.scala:944)
[info]   at org.scalatest.OutcomeOf.outcomeOf(OutcomeOf.scala:85)
[info]   at org.scalatest.OutcomeOf.outcomeOf$(OutcomeOf.scala:83)
[info]   at org.scalatest.OutcomeOf$.outcomeOf(OutcomeOf.scala:104)
[info]   at org.scalatest.Transformer.apply(Transformer.scala:22)
[info]   at org.scalatest.Transformer.apply(Transformer.scala:20)
[info]   at org.scalatest.funsuite.AnyFunSuiteLike$$anon$1.apply(AnyFunSuiteLike.scala:226)
[info]   at org.scalatest.TestSuite.withFixture(TestSuite.scala:196)
[info]   at org.scalatest.TestSuite.withFixture$(TestSuite.scala:195)
[info]   at org.scalatest.funsuite.AnyFunSuite.withFixture(AnyFunSuite.scala:1564)
[info]   at org.scalatest.funsuite.AnyFunSuiteLike.invokeWithFixture$1(AnyFunSuiteLike.scala:224)
[info]   at org.scalatest.funsuite.AnyFunSuiteLike.$anonfun$runTest$1(AnyFunSuiteLike.scala:236)
[info]   at org.scalatest.SuperEngine.runTestImpl(Engine.scala:306)
[info]   at org.scalatest.funsuite.AnyFunSuiteLike.runTest(AnyFunSuiteLike.scala:236)
[info]   at org.scalatest.funsuite.AnyFunSuiteLike.runTest$(AnyFunSuiteLike.scala:218)
[info]   at org.scalatest.funsuite.AnyFunSuite.runTest(AnyFunSuite.scala:1564)
[info]   at org.scalatest.funsuite.AnyFunSuiteLike.$anonfun$runTests$1(AnyFunSuiteLike.scala:269)
[info]   at org.scalatest.SuperEngine.$anonfun$runTestsInBranch$1(Engine.scala:413)
[info]   at scala.collection.immutable.List.foreach(List.scala:334)
[info]   at org.scalatest.SuperEngine.traverseSubNodes$1(Engine.scala:401)
[info]   at org.scalatest.SuperEngine.runTestsInBranch(Engine.scala:396)
[info]   at org.scalatest.SuperEngine.runTestsImpl(Engine.scala:475)
[info]   at org.scalatest.funsuite.AnyFunSuiteLike.runTests(AnyFunSuiteLike.scala:269)
[info]   at org.scalatest.funsuite.AnyFunSuiteLike.runTests$(AnyFunSuiteLike.scala:268)
[info]   at org.scalatest.funsuite.AnyFunSuite.runTests(AnyFunSuite.scala:1564)
[info]   at org.scalatest.Suite.run(Suite.scala:1114)
[info]   at org.scalatest.Suite.run$(Suite.scala:1096)
[info]   at org.scalatest.funsuite.AnyFunSuite.org$scalatest$funsuite$AnyFunSuiteLike$$super$run(AnyFunSuite.scala:1564)
[info]   at org.scalatest.funsuite.AnyFunSuiteLike.$anonfun$run$1(AnyFunSuiteLike.scala:273)
[info]   at org.scalatest.SuperEngine.runImpl(Engine.scala:535)
[info]   at org.scalatest.funsuite.AnyFunSuiteLike.run(AnyFunSuiteLike.scala:273)
[info]   at org.scalatest.funsuite.AnyFunSuiteLike.run$(AnyFunSuiteLike.scala:272)
[info]   at frameless.TypedDatasetSuite.org$scalatest$BeforeAndAfterAll$$super$run(TypedDatasetSuite.scala:63)
[info]   at org.scalatest.BeforeAndAfterAll.liftedTree1$1(BeforeAndAfterAll.scala:213)
[info]   at org.scalatest.BeforeAndAfterAll.run(BeforeAndAfterAll.scala:210)
[info]   at org.scalatest.BeforeAndAfterAll.run$(BeforeAndAfterAll.scala:208)
[info]   at frameless.TypedDatasetSuite.run(TypedDatasetSuite.scala:63)
[info]   at org.scalatest.tools.Framework.org$scalatest$tools$Framework$$runSuite(Framework.scala:321)
[info]   at org.scalatest.tools.Framework$ScalaTestTask.execute(Framework.scala:517)
[info]   at sbt.ForkMain$Run.lambda$runTest$1(ForkMain.java:414)
[info]   at java.base/java.util.concurrent.FutureTask.run(FutureTask.java:317)
[info]   at java.base/java.util.concurrent.ThreadPoolExecutor.runWorker(ThreadPoolExecutor.java:1144)
[info]   at java.base/java.util.concurrent.ThreadPoolExecutor$Worker.run(ThreadPoolExecutor.java:642)
[info]   at java.base/java.lang.Thread.run(Thread.java:1583)
[info] - crbt *** FAILED *** (3 milliseconds)
[info]   IllegalArgumentException was thrown during property evaluation.
[info]     Message: argument type mismatch
[info]     Occurred when passed generated values (
[info]       arg0 = List()
[info]     )
[info]   org.scalatest.exceptions.GeneratorDrivenPropertyCheckFailedException:
[info]   at org.scalatestplus.scalacheck.CheckerAsserting$$anon$2.indicateFailure(CheckerAsserting.scala:251)
[info]   at org.scalatestplus.scalacheck.CheckerAsserting$$anon$2.indicateFailure(CheckerAsserting.scala:238)
[info]   at org.scalatestplus.scalacheck.UnitCheckerAsserting$CheckerAssertingImpl.check(CheckerAsserting.scala:160)
[info]   at org.scalatestplus.scalacheck.Checkers.check(Checkers.scala:371)
[info]   at org.scalatestplus.scalacheck.Checkers.check$(Checkers.scala:369)
[info]   at frameless.TypedDatasetSuite.check(TypedDatasetSuite.scala:63)
[info]   at frameless.functions.NonAggregateFunctionsTests.$anonfun$new$629(NonAggregateFunctionsTests.scala:961)
[info]   at org.scalatest.OutcomeOf.outcomeOf(OutcomeOf.scala:85)
[info]   at org.scalatest.OutcomeOf.outcomeOf$(OutcomeOf.scala:83)
[info]   at org.scalatest.OutcomeOf$.outcomeOf(OutcomeOf.scala:104)
[info]   at org.scalatest.Transformer.apply(Transformer.scala:22)
[info]   at org.scalatest.Transformer.apply(Transformer.scala:20)
[info]   at org.scalatest.funsuite.AnyFunSuiteLike$$anon$1.apply(AnyFunSuiteLike.scala:226)
[info]   at org.scalatest.TestSuite.withFixture(TestSuite.scala:196)
[info]   at org.scalatest.TestSuite.withFixture$(TestSuite.scala:195)
[info]   at org.scalatest.funsuite.AnyFunSuite.withFixture(AnyFunSuite.scala:1564)
[info]   at org.scalatest.funsuite.AnyFunSuiteLike.invokeWithFixture$1(AnyFunSuiteLike.scala:224)
[info]   at org.scalatest.funsuite.AnyFunSuiteLike.$anonfun$runTest$1(AnyFunSuiteLike.scala:236)
[info]   at org.scalatest.SuperEngine.runTestImpl(Engine.scala:306)
[info]   at org.scalatest.funsuite.AnyFunSuiteLike.runTest(AnyFunSuiteLike.scala:236)
[info]   at org.scalatest.funsuite.AnyFunSuiteLike.runTest$(AnyFunSuiteLike.scala:218)
[info]   at org.scalatest.funsuite.AnyFunSuite.runTest(AnyFunSuite.scala:1564)
[info]   at org.scalatest.funsuite.AnyFunSuiteLike.$anonfun$runTests$1(AnyFunSuiteLike.scala:269)
[info]   at org.scalatest.SuperEngine.$anonfun$runTestsInBranch$1(Engine.scala:413)
[info]   at scala.collection.immutable.List.foreach(List.scala:334)
[info]   at org.scalatest.SuperEngine.traverseSubNodes$1(Engine.scala:401)
[info]   at org.scalatest.SuperEngine.runTestsInBranch(Engine.scala:396)
[info]   at org.scalatest.SuperEngine.runTestsImpl(Engine.scala:475)
[info]   at org.scalatest.funsuite.AnyFunSuiteLike.runTests(AnyFunSuiteLike.scala:269)
[info]   at org.scalatest.funsuite.AnyFunSuiteLike.runTests$(AnyFunSuiteLike.scala:268)
[info]   at org.scalatest.funsuite.AnyFunSuite.runTests(AnyFunSuite.scala:1564)
[info]   at org.scalatest.Suite.run(Suite.scala:1114)
[info]   at org.scalatest.Suite.run$(Suite.scala:1096)
[info]   at org.scalatest.funsuite.AnyFunSuite.org$scalatest$funsuite$AnyFunSuiteLike$$super$run(AnyFunSuite.scala:1564)
[info]   at org.scalatest.funsuite.AnyFunSuiteLike.$anonfun$run$1(AnyFunSuiteLike.scala:273)
[info]   at org.scalatest.SuperEngine.runImpl(Engine.scala:535)
[info]   at org.scalatest.funsuite.AnyFunSuiteLike.run(AnyFunSuiteLike.scala:273)
[info]   at org.scalatest.funsuite.AnyFunSuiteLike.run$(AnyFunSuiteLike.scala:272)
[info]   at frameless.TypedDatasetSuite.org$scalatest$BeforeAndAfterAll$$super$run(TypedDatasetSuite.scala:63)
[info]   at org.scalatest.BeforeAndAfterAll.liftedTree1$1(BeforeAndAfterAll.scala:213)
[info]   at org.scalatest.BeforeAndAfterAll.run(BeforeAndAfterAll.scala:210)
[info]   at org.scalatest.BeforeAndAfterAll.run$(BeforeAndAfterAll.scala:208)
[info]   at frameless.TypedDatasetSuite.run(TypedDatasetSuite.scala:63)
[info]   at org.scalatest.tools.Framework.org$scalatest$tools$Framework$$runSuite(Framework.scala:321)
[info]   at org.scalatest.tools.Framework$ScalaTestTask.execute(Framework.scala:517)
[info]   at sbt.ForkMain$Run.lambda$runTest$1(ForkMain.java:414)
[info]   at java.base/java.util.concurrent.FutureTask.run(FutureTask.java:317)
[info]   at java.base/java.util.concurrent.ThreadPoolExecutor.runWorker(ThreadPoolExecutor.java:1144)
[info]   at java.base/java.util.concurrent.ThreadPoolExecutor$Worker.run(ThreadPoolExecutor.java:642)
[info]   at java.base/java.lang.Thread.run(Thread.java:1583)
[info]   Cause: java.lang.IllegalArgumentException: argument type mismatch
[info]   at java.base/jdk.internal.reflect.DirectConstructorHandleAccessor.newInstance(DirectConstructorHandleAccessor.java:65)
[info]   at java.base/java.lang.reflect.Constructor.newInstanceWithCaller(Constructor.java:502)
[info]   at java.base/java.lang.reflect.Constructor.newInstance(Constructor.java:486)
[info]   at frameless.TypedExpressionEncoder$.$anonfun$apply$3(TypedExpressionEncoder.scala:55)
[info]   at scala.Option.map(Option.scala:242)
[info]   at frameless.TypedExpressionEncoder$.apply(TypedExpressionEncoder.scala:54)
[info]   at frameless.TypedDataset$.create(TypedDataset.scala:1325)
[info]   at frameless.functions.NonAggregateFunctionsTests.prop$30(NonAggregateFunctionsTests.scala:957)
[info]   at frameless.functions.NonAggregateFunctionsTests.$anonfun$new$637(NonAggregateFunctionsTests.scala:961)
[info]   at scala.Function1.$anonfun$andThen$1(Function1.scala:87)
[info]   at org.scalacheck.Prop$.$anonfun$forAllShrink$2(Prop.scala:868)
[info]   at org.scalacheck.Prop$.secure(Prop.scala:484)
[info]   at org.scalacheck.Prop$.result$1(Prop.scala:868)
[info]   at org.scalacheck.Prop$.$anonfun$forAllShrink$1(Prop.scala:915)
[info]   at org.scalacheck.Prop$.$anonfun$apply$1(Prop.scala:305)
[info]   at org.scalacheck.PropFromFun.apply(Prop.scala:20)
[info]   at org.scalacheck.Test$.workerFun$1(Test.scala:486)
[info]   at org.scalacheck.Test$.$anonfun$check$4(Test.scala:518)
[info]   at org.scalacheck.Test$.$anonfun$check$4$adapted(Test.scala:518)
[info]   at org.scalacheck.Platform$.runWorkers(Platform.scala:42)
[info]   at org.scalacheck.Test$.check(Test.scala:518)
[info]   at org.scalatestplus.scalacheck.UnitCheckerAsserting$CheckerAssertingImpl.check(CheckerAsserting.scala:90)
[info]   at org.scalatestplus.scalacheck.Checkers.check(Checkers.scala:371)
[info]   at org.scalatestplus.scalacheck.Checkers.check$(Checkers.scala:369)
[info]   at frameless.TypedDatasetSuite.check(TypedDatasetSuite.scala:63)
[info]   at frameless.functions.NonAggregateFunctionsTests.$anonfun$new$629(NonAggregateFunctionsTests.scala:961)
[info]   at org.scalatest.OutcomeOf.outcomeOf(OutcomeOf.scala:85)
[info]   at org.scalatest.OutcomeOf.outcomeOf$(OutcomeOf.scala:83)
[info]   at org.scalatest.OutcomeOf$.outcomeOf(OutcomeOf.scala:104)
[info]   at org.scalatest.Transformer.apply(Transformer.scala:22)
[info]   at org.scalatest.Transformer.apply(Transformer.scala:20)
[info]   at org.scalatest.funsuite.AnyFunSuiteLike$$anon$1.apply(AnyFunSuiteLike.scala:226)
[info]   at org.scalatest.TestSuite.withFixture(TestSuite.scala:196)
[info]   at org.scalatest.TestSuite.withFixture$(TestSuite.scala:195)
[info]   at org.scalatest.funsuite.AnyFunSuite.withFixture(AnyFunSuite.scala:1564)
[info]   at org.scalatest.funsuite.AnyFunSuiteLike.invokeWithFixture$1(AnyFunSuiteLike.scala:224)
[info]   at org.scalatest.funsuite.AnyFunSuiteLike.$anonfun$runTest$1(AnyFunSuiteLike.scala:236)
[info]   at org.scalatest.SuperEngine.runTestImpl(Engine.scala:306)
[info]   at org.scalatest.funsuite.AnyFunSuiteLike.runTest(AnyFunSuiteLike.scala:236)
[info]   at org.scalatest.funsuite.AnyFunSuiteLike.runTest$(AnyFunSuiteLike.scala:218)
[info]   at org.scalatest.funsuite.AnyFunSuite.runTest(AnyFunSuite.scala:1564)
[info]   at org.scalatest.funsuite.AnyFunSuiteLike.$anonfun$runTests$1(AnyFunSuiteLike.scala:269)
[info]   at org.scalatest.SuperEngine.$anonfun$runTestsInBranch$1(Engine.scala:413)
[info]   at scala.collection.immutable.List.foreach(List.scala:334)
[info]   at org.scalatest.SuperEngine.traverseSubNodes$1(Engine.scala:401)
[info]   at org.scalatest.SuperEngine.runTestsInBranch(Engine.scala:396)
[info]   at org.scalatest.SuperEngine.runTestsImpl(Engine.scala:475)
[info]   at org.scalatest.funsuite.AnyFunSuiteLike.runTests(AnyFunSuiteLike.scala:269)
[info]   at org.scalatest.funsuite.AnyFunSuiteLike.runTests$(AnyFunSuiteLike.scala:268)
[info]   at org.scalatest.funsuite.AnyFunSuite.runTests(AnyFunSuite.scala:1564)
[info]   at org.scalatest.Suite.run(Suite.scala:1114)
[info]   at org.scalatest.Suite.run$(Suite.scala:1096)
[info]   at org.scalatest.funsuite.AnyFunSuite.org$scalatest$funsuite$AnyFunSuiteLike$$super$run(AnyFunSuite.scala:1564)
[info]   at org.scalatest.funsuite.AnyFunSuiteLike.$anonfun$run$1(AnyFunSuiteLike.scala:273)
[info]   at org.scalatest.SuperEngine.runImpl(Engine.scala:535)
[info]   at org.scalatest.funsuite.AnyFunSuiteLike.run(AnyFunSuiteLike.scala:273)
[info]   at org.scalatest.funsuite.AnyFunSuiteLike.run$(AnyFunSuiteLike.scala:272)
[info]   at frameless.TypedDatasetSuite.org$scalatest$BeforeAndAfterAll$$super$run(TypedDatasetSuite.scala:63)
[info]   at org.scalatest.BeforeAndAfterAll.liftedTree1$1(BeforeAndAfterAll.scala:213)
[info]   at org.scalatest.BeforeAndAfterAll.run(BeforeAndAfterAll.scala:210)
[info]   at org.scalatest.BeforeAndAfterAll.run$(BeforeAndAfterAll.scala:208)
[info]   at frameless.TypedDatasetSuite.run(TypedDatasetSuite.scala:63)
[info]   at org.scalatest.tools.Framework.org$scalatest$tools$Framework$$runSuite(Framework.scala:321)
[info]   at org.scalatest.tools.Framework$ScalaTestTask.execute(Framework.scala:517)
[info]   at sbt.ForkMain$Run.lambda$runTest$1(ForkMain.java:414)
[info]   at java.base/java.util.concurrent.FutureTask.run(FutureTask.java:317)
[info]   at java.base/java.util.concurrent.ThreadPoolExecutor.runWorker(ThreadPoolExecutor.java:1144)
[info]   at java.base/java.util.concurrent.ThreadPoolExecutor$Worker.run(ThreadPoolExecutor.java:642)
[info]   at java.base/java.lang.Thread.run(Thread.java:1583)
[info]   Cause: java.lang.ClassCastException: Cannot cast scala.reflect.ClassTag$GenericClassTag to org.apache.spark.sql.catalyst.expressions.Expression
[info]   at java.base/java.lang.Class.cast(Class.java:4067)
[info]   at java.base/jdk.internal.reflect.DirectConstructorHandleAccessor.newInstance(DirectConstructorHandleAccessor.java:62)
[info]   at java.base/java.lang.reflect.Constructor.newInstanceWithCaller(Constructor.java:502)
[info]   at java.base/java.lang.reflect.Constructor.newInstance(Constructor.java:486)
[info]   at frameless.TypedExpressionEncoder$.$anonfun$apply$3(TypedExpressionEncoder.scala:55)
[info]   at scala.Option.map(Option.scala:242)
[info]   at frameless.TypedExpressionEncoder$.apply(TypedExpressionEncoder.scala:54)
[info]   at frameless.TypedDataset$.create(TypedDataset.scala:1325)
[info]   at frameless.functions.NonAggregateFunctionsTests.prop$30(NonAggregateFunctionsTests.scala:957)
[info]   at frameless.functions.NonAggregateFunctionsTests.$anonfun$new$637(NonAggregateFunctionsTests.scala:961)
[info]   at scala.Function1.$anonfun$andThen$1(Function1.scala:87)
[info]   at org.scalacheck.Prop$.$anonfun$forAllShrink$2(Prop.scala:868)
[info]   at org.scalacheck.Prop$.secure(Prop.scala:484)
[info]   at org.scalacheck.Prop$.result$1(Prop.scala:868)
[info]   at org.scalacheck.Prop$.$anonfun$forAllShrink$1(Prop.scala:915)
[info]   at org.scalacheck.Prop$.$anonfun$apply$1(Prop.scala:305)
[info]   at org.scalacheck.PropFromFun.apply(Prop.scala:20)
[info]   at org.scalacheck.Test$.workerFun$1(Test.scala:486)
[info]   at org.scalacheck.Test$.$anonfun$check$4(Test.scala:518)
[info]   at org.scalacheck.Test$.$anonfun$check$4$adapted(Test.scala:518)
[info]   at org.scalacheck.Platform$.runWorkers(Platform.scala:42)
[info]   at org.scalacheck.Test$.check(Test.scala:518)
[info]   at org.scalatestplus.scalacheck.UnitCheckerAsserting$CheckerAssertingImpl.check(CheckerAsserting.scala:90)
[info]   at org.scalatestplus.scalacheck.Checkers.check(Checkers.scala:371)
[info]   at org.scalatestplus.scalacheck.Checkers.check$(Checkers.scala:369)
[info]   at frameless.TypedDatasetSuite.check(TypedDatasetSuite.scala:63)
[info]   at frameless.functions.NonAggregateFunctionsTests.$anonfun$new$629(NonAggregateFunctionsTests.scala:961)
[info]   at org.scalatest.OutcomeOf.outcomeOf(OutcomeOf.scala:85)
[info]   at org.scalatest.OutcomeOf.outcomeOf$(OutcomeOf.scala:83)
[info]   at org.scalatest.OutcomeOf$.outcomeOf(OutcomeOf.scala:104)
[info]   at org.scalatest.Transformer.apply(Transformer.scala:22)
[info]   at org.scalatest.Transformer.apply(Transformer.scala:20)
[info]   at org.scalatest.funsuite.AnyFunSuiteLike$$anon$1.apply(AnyFunSuiteLike.scala:226)
[info]   at org.scalatest.TestSuite.withFixture(TestSuite.scala:196)
[info]   at org.scalatest.TestSuite.withFixture$(TestSuite.scala:195)
[info]   at org.scalatest.funsuite.AnyFunSuite.withFixture(AnyFunSuite.scala:1564)
[info]   at org.scalatest.funsuite.AnyFunSuiteLike.invokeWithFixture$1(AnyFunSuiteLike.scala:224)
[info]   at org.scalatest.funsuite.AnyFunSuiteLike.$anonfun$runTest$1(AnyFunSuiteLike.scala:236)
[info]   at org.scalatest.SuperEngine.runTestImpl(Engine.scala:306)
[info]   at org.scalatest.funsuite.AnyFunSuiteLike.runTest(AnyFunSuiteLike.scala:236)
[info]   at org.scalatest.funsuite.AnyFunSuiteLike.runTest$(AnyFunSuiteLike.scala:218)
[info]   at org.scalatest.funsuite.AnyFunSuite.runTest(AnyFunSuite.scala:1564)
[info]   at org.scalatest.funsuite.AnyFunSuiteLike.$anonfun$runTests$1(AnyFunSuiteLike.scala:269)
[info]   at org.scalatest.SuperEngine.$anonfun$runTestsInBranch$1(Engine.scala:413)
[info]   at scala.collection.immutable.List.foreach(List.scala:334)
[info]   at org.scalatest.SuperEngine.traverseSubNodes$1(Engine.scala:401)
[info]   at org.scalatest.SuperEngine.runTestsInBranch(Engine.scala:396)
[info]   at org.scalatest.SuperEngine.runTestsImpl(Engine.scala:475)
[info]   at org.scalatest.funsuite.AnyFunSuiteLike.runTests(AnyFunSuiteLike.scala:269)
[info]   at org.scalatest.funsuite.AnyFunSuiteLike.runTests$(AnyFunSuiteLike.scala:268)
[info]   at org.scalatest.funsuite.AnyFunSuite.runTests(AnyFunSuite.scala:1564)
[info]   at org.scalatest.Suite.run(Suite.scala:1114)
[info]   at org.scalatest.Suite.run$(Suite.scala:1096)
[info]   at org.scalatest.funsuite.AnyFunSuite.org$scalatest$funsuite$AnyFunSuiteLike$$super$run(AnyFunSuite.scala:1564)
[info]   at org.scalatest.funsuite.AnyFunSuiteLike.$anonfun$run$1(AnyFunSuiteLike.scala:273)
[info]   at org.scalatest.SuperEngine.runImpl(Engine.scala:535)
[info]   at org.scalatest.funsuite.AnyFunSuiteLike.run(AnyFunSuiteLike.scala:273)
[info]   at org.scalatest.funsuite.AnyFunSuiteLike.run$(AnyFunSuiteLike.scala:272)
[info]   at frameless.TypedDatasetSuite.org$scalatest$BeforeAndAfterAll$$super$run(TypedDatasetSuite.scala:63)
[info]   at org.scalatest.BeforeAndAfterAll.liftedTree1$1(BeforeAndAfterAll.scala:213)
[info]   at org.scalatest.BeforeAndAfterAll.run(BeforeAndAfterAll.scala:210)
[info]   at org.scalatest.BeforeAndAfterAll.run$(BeforeAndAfterAll.scala:208)
[info]   at frameless.TypedDatasetSuite.run(TypedDatasetSuite.scala:63)
[info]   at org.scalatest.tools.Framework.org$scalatest$tools$Framework$$runSuite(Framework.scala:321)
[info]   at org.scalatest.tools.Framework$ScalaTestTask.execute(Framework.scala:517)
[info]   at sbt.ForkMain$Run.lambda$runTest$1(ForkMain.java:414)
[info]   at java.base/java.util.concurrent.FutureTask.run(FutureTask.java:317)
[info]   at java.base/java.util.concurrent.ThreadPoolExecutor.runWorker(ThreadPoolExecutor.java:1144)
[info]   at java.base/java.util.concurrent.ThreadPoolExecutor$Worker.run(ThreadPoolExecutor.java:642)
[info]   at java.base/java.lang.Thread.run(Thread.java:1583)
[info] - exp *** FAILED *** (3 milliseconds)
[info]   IllegalArgumentException was thrown during property evaluation.
[info]     Message: argument type mismatch
[info]     Occurred when passed generated values (
[info]       arg0 = List()
[info]     )
[info]   org.scalatest.exceptions.GeneratorDrivenPropertyCheckFailedException:
[info]   at org.scalatestplus.scalacheck.CheckerAsserting$$anon$2.indicateFailure(CheckerAsserting.scala:251)
[info]   at org.scalatestplus.scalacheck.CheckerAsserting$$anon$2.indicateFailure(CheckerAsserting.scala:238)
[info]   at org.scalatestplus.scalacheck.UnitCheckerAsserting$CheckerAssertingImpl.check(CheckerAsserting.scala:160)
[info]   at org.scalatestplus.scalacheck.Checkers.check(Checkers.scala:371)
[info]   at org.scalatestplus.scalacheck.Checkers.check$(Checkers.scala:369)
[info]   at frameless.TypedDatasetSuite.check(TypedDatasetSuite.scala:63)
[info]   at frameless.functions.NonAggregateFunctionsTests.$anonfun$new$649(NonAggregateFunctionsTests.scala:978)
[info]   at org.scalatest.OutcomeOf.outcomeOf(OutcomeOf.scala:85)
[info]   at org.scalatest.OutcomeOf.outcomeOf$(OutcomeOf.scala:83)
[info]   at org.scalatest.OutcomeOf$.outcomeOf(OutcomeOf.scala:104)
[info]   at org.scalatest.Transformer.apply(Transformer.scala:22)
[info]   at org.scalatest.Transformer.apply(Transformer.scala:20)
[info]   at org.scalatest.funsuite.AnyFunSuiteLike$$anon$1.apply(AnyFunSuiteLike.scala:226)
[info]   at org.scalatest.TestSuite.withFixture(TestSuite.scala:196)
[info]   at org.scalatest.TestSuite.withFixture$(TestSuite.scala:195)
[info]   at org.scalatest.funsuite.AnyFunSuite.withFixture(AnyFunSuite.scala:1564)
[info]   at org.scalatest.funsuite.AnyFunSuiteLike.invokeWithFixture$1(AnyFunSuiteLike.scala:224)
[info]   at org.scalatest.funsuite.AnyFunSuiteLike.$anonfun$runTest$1(AnyFunSuiteLike.scala:236)
[info]   at org.scalatest.SuperEngine.runTestImpl(Engine.scala:306)
[info]   at org.scalatest.funsuite.AnyFunSuiteLike.runTest(AnyFunSuiteLike.scala:236)
[info]   at org.scalatest.funsuite.AnyFunSuiteLike.runTest$(AnyFunSuiteLike.scala:218)
[info]   at org.scalatest.funsuite.AnyFunSuite.runTest(AnyFunSuite.scala:1564)
[info]   at org.scalatest.funsuite.AnyFunSuiteLike.$anonfun$runTests$1(AnyFunSuiteLike.scala:269)
[info]   at org.scalatest.SuperEngine.$anonfun$runTestsInBranch$1(Engine.scala:413)
[info]   at scala.collection.immutable.List.foreach(List.scala:334)
[info]   at org.scalatest.SuperEngine.traverseSubNodes$1(Engine.scala:401)
[info]   at org.scalatest.SuperEngine.runTestsInBranch(Engine.scala:396)
[info]   at org.scalatest.SuperEngine.runTestsImpl(Engine.scala:475)
[info]   at org.scalatest.funsuite.AnyFunSuiteLike.runTests(AnyFunSuiteLike.scala:269)
[info]   at org.scalatest.funsuite.AnyFunSuiteLike.runTests$(AnyFunSuiteLike.scala:268)
[info]   at org.scalatest.funsuite.AnyFunSuite.runTests(AnyFunSuite.scala:1564)
[info]   at org.scalatest.Suite.run(Suite.scala:1114)
[info]   at org.scalatest.Suite.run$(Suite.scala:1096)
[info]   at org.scalatest.funsuite.AnyFunSuite.org$scalatest$funsuite$AnyFunSuiteLike$$super$run(AnyFunSuite.scala:1564)
[info]   at org.scalatest.funsuite.AnyFunSuiteLike.$anonfun$run$1(AnyFunSuiteLike.scala:273)
[info]   at org.scalatest.SuperEngine.runImpl(Engine.scala:535)
[info]   at org.scalatest.funsuite.AnyFunSuiteLike.run(AnyFunSuiteLike.scala:273)
[info]   at org.scalatest.funsuite.AnyFunSuiteLike.run$(AnyFunSuiteLike.scala:272)
[info]   at frameless.TypedDatasetSuite.org$scalatest$BeforeAndAfterAll$$super$run(TypedDatasetSuite.scala:63)
[info]   at org.scalatest.BeforeAndAfterAll.liftedTree1$1(BeforeAndAfterAll.scala:213)
[info]   at org.scalatest.BeforeAndAfterAll.run(BeforeAndAfterAll.scala:210)
[info]   at org.scalatest.BeforeAndAfterAll.run$(BeforeAndAfterAll.scala:208)
[info]   at frameless.TypedDatasetSuite.run(TypedDatasetSuite.scala:63)
[info]   at org.scalatest.tools.Framework.org$scalatest$tools$Framework$$runSuite(Framework.scala:321)
[info]   at org.scalatest.tools.Framework$ScalaTestTask.execute(Framework.scala:517)
[info]   at sbt.ForkMain$Run.lambda$runTest$1(ForkMain.java:414)
[info]   at java.base/java.util.concurrent.FutureTask.run(FutureTask.java:317)
[info]   at java.base/java.util.concurrent.ThreadPoolExecutor.runWorker(ThreadPoolExecutor.java:1144)
[info]   at java.base/java.util.concurrent.ThreadPoolExecutor$Worker.run(ThreadPoolExecutor.java:642)
[info]   at java.base/java.lang.Thread.run(Thread.java:1583)
[info]   Cause: java.lang.IllegalArgumentException: argument type mismatch
[info]   at java.base/jdk.internal.reflect.DirectConstructorHandleAccessor.newInstance(DirectConstructorHandleAccessor.java:65)
[info]   at java.base/java.lang.reflect.Constructor.newInstanceWithCaller(Constructor.java:502)
[info]   at java.base/java.lang.reflect.Constructor.newInstance(Constructor.java:486)
[info]   at frameless.TypedExpressionEncoder$.$anonfun$apply$3(TypedExpressionEncoder.scala:55)
[info]   at scala.Option.map(Option.scala:242)
[info]   at frameless.TypedExpressionEncoder$.apply(TypedExpressionEncoder.scala:54)
[info]   at frameless.TypedDataset$.create(TypedDataset.scala:1325)
[info]   at frameless.functions.NonAggregateFunctionsTests.prop$31(NonAggregateFunctionsTests.scala:974)
[info]   at frameless.functions.NonAggregateFunctionsTests.$anonfun$new$657(NonAggregateFunctionsTests.scala:978)
[info]   at scala.Function1.$anonfun$andThen$1(Function1.scala:87)
[info]   at org.scalacheck.Prop$.$anonfun$forAllShrink$2(Prop.scala:868)
[info]   at org.scalacheck.Prop$.secure(Prop.scala:484)
[info]   at org.scalacheck.Prop$.result$1(Prop.scala:868)
[info]   at org.scalacheck.Prop$.$anonfun$forAllShrink$1(Prop.scala:915)
[info]   at org.scalacheck.Prop$.$anonfun$apply$1(Prop.scala:305)
[info]   at org.scalacheck.PropFromFun.apply(Prop.scala:20)
[info]   at org.scalacheck.Test$.workerFun$1(Test.scala:486)
[info]   at org.scalacheck.Test$.$anonfun$check$4(Test.scala:518)
[info]   at org.scalacheck.Test$.$anonfun$check$4$adapted(Test.scala:518)
[info]   at org.scalacheck.Platform$.runWorkers(Platform.scala:42)
[info]   at org.scalacheck.Test$.check(Test.scala:518)
[info]   at org.scalatestplus.scalacheck.UnitCheckerAsserting$CheckerAssertingImpl.check(CheckerAsserting.scala:90)
[info]   at org.scalatestplus.scalacheck.Checkers.check(Checkers.scala:371)
[info]   at org.scalatestplus.scalacheck.Checkers.check$(Checkers.scala:369)
[info]   at frameless.TypedDatasetSuite.check(TypedDatasetSuite.scala:63)
[info]   at frameless.functions.NonAggregateFunctionsTests.$anonfun$new$649(NonAggregateFunctionsTests.scala:978)
[info]   at org.scalatest.OutcomeOf.outcomeOf(OutcomeOf.scala:85)
[info]   at org.scalatest.OutcomeOf.outcomeOf$(OutcomeOf.scala:83)
[info]   at org.scalatest.OutcomeOf$.outcomeOf(OutcomeOf.scala:104)
[info]   at org.scalatest.Transformer.apply(Transformer.scala:22)
[info]   at org.scalatest.Transformer.apply(Transformer.scala:20)
[info]   at org.scalatest.funsuite.AnyFunSuiteLike$$anon$1.apply(AnyFunSuiteLike.scala:226)
[info]   at org.scalatest.TestSuite.withFixture(TestSuite.scala:196)
[info]   at org.scalatest.TestSuite.withFixture$(TestSuite.scala:195)
[info]   at org.scalatest.funsuite.AnyFunSuite.withFixture(AnyFunSuite.scala:1564)
[info]   at org.scalatest.funsuite.AnyFunSuiteLike.invokeWithFixture$1(AnyFunSuiteLike.scala:224)
[info]   at org.scalatest.funsuite.AnyFunSuiteLike.$anonfun$runTest$1(AnyFunSuiteLike.scala:236)
[info]   at org.scalatest.SuperEngine.runTestImpl(Engine.scala:306)
[info]   at org.scalatest.funsuite.AnyFunSuiteLike.runTest(AnyFunSuiteLike.scala:236)
[info]   at org.scalatest.funsuite.AnyFunSuiteLike.runTest$(AnyFunSuiteLike.scala:218)
[info]   at org.scalatest.funsuite.AnyFunSuite.runTest(AnyFunSuite.scala:1564)
[info]   at org.scalatest.funsuite.AnyFunSuiteLike.$anonfun$runTests$1(AnyFunSuiteLike.scala:269)
[info]   at org.scalatest.SuperEngine.$anonfun$runTestsInBranch$1(Engine.scala:413)
[info]   at scala.collection.immutable.List.foreach(List.scala:334)
[info]   at org.scalatest.SuperEngine.traverseSubNodes$1(Engine.scala:401)
[info]   at org.scalatest.SuperEngine.runTestsInBranch(Engine.scala:396)
[info]   at org.scalatest.SuperEngine.runTestsImpl(Engine.scala:475)
[info]   at org.scalatest.funsuite.AnyFunSuiteLike.runTests(AnyFunSuiteLike.scala:269)
[info]   at org.scalatest.funsuite.AnyFunSuiteLike.runTests$(AnyFunSuiteLike.scala:268)
[info]   at org.scalatest.funsuite.AnyFunSuite.runTests(AnyFunSuite.scala:1564)
[info]   at org.scalatest.Suite.run(Suite.scala:1114)
[info]   at org.scalatest.Suite.run$(Suite.scala:1096)
[info]   at org.scalatest.funsuite.AnyFunSuite.org$scalatest$funsuite$AnyFunSuiteLike$$super$run(AnyFunSuite.scala:1564)
[info]   at org.scalatest.funsuite.AnyFunSuiteLike.$anonfun$run$1(AnyFunSuiteLike.scala:273)
[info]   at org.scalatest.SuperEngine.runImpl(Engine.scala:535)
[info]   at org.scalatest.funsuite.AnyFunSuiteLike.run(AnyFunSuiteLike.scala:273)
[info]   at org.scalatest.funsuite.AnyFunSuiteLike.run$(AnyFunSuiteLike.scala:272)
[info]   at frameless.TypedDatasetSuite.org$scalatest$BeforeAndAfterAll$$super$run(TypedDatasetSuite.scala:63)
[info]   at org.scalatest.BeforeAndAfterAll.liftedTree1$1(BeforeAndAfterAll.scala:213)
[info]   at org.scalatest.BeforeAndAfterAll.run(BeforeAndAfterAll.scala:210)
[info]   at org.scalatest.BeforeAndAfterAll.run$(BeforeAndAfterAll.scala:208)
[info]   at frameless.TypedDatasetSuite.run(TypedDatasetSuite.scala:63)
[info]   at org.scalatest.tools.Framework.org$scalatest$tools$Framework$$runSuite(Framework.scala:321)
[info]   at org.scalatest.tools.Framework$ScalaTestTask.execute(Framework.scala:517)
[info]   at sbt.ForkMain$Run.lambda$runTest$1(ForkMain.java:414)
[info]   at java.base/java.util.concurrent.FutureTask.run(FutureTask.java:317)
[info]   at java.base/java.util.concurrent.ThreadPoolExecutor.runWorker(ThreadPoolExecutor.java:1144)
[info]   at java.base/java.util.concurrent.ThreadPoolExecutor$Worker.run(ThreadPoolExecutor.java:642)
[info]   at java.base/java.lang.Thread.run(Thread.java:1583)
[info]   Cause: java.lang.ClassCastException: Cannot cast scala.reflect.ClassTag$GenericClassTag to org.apache.spark.sql.catalyst.expressions.Expression
[info]   at java.base/java.lang.Class.cast(Class.java:4067)
[info]   at java.base/jdk.internal.reflect.DirectConstructorHandleAccessor.newInstance(DirectConstructorHandleAccessor.java:62)
[info]   at java.base/java.lang.reflect.Constructor.newInstanceWithCaller(Constructor.java:502)
[info]   at java.base/java.lang.reflect.Constructor.newInstance(Constructor.java:486)
[info]   at frameless.TypedExpressionEncoder$.$anonfun$apply$3(TypedExpressionEncoder.scala:55)
[info]   at scala.Option.map(Option.scala:242)
[info]   at frameless.TypedExpressionEncoder$.apply(TypedExpressionEncoder.scala:54)
[info]   at frameless.TypedDataset$.create(TypedDataset.scala:1325)
[info]   at frameless.functions.NonAggregateFunctionsTests.prop$31(NonAggregateFunctionsTests.scala:974)
[info]   at frameless.functions.NonAggregateFunctionsTests.$anonfun$new$657(NonAggregateFunctionsTests.scala:978)
[info]   at scala.Function1.$anonfun$andThen$1(Function1.scala:87)
[info]   at org.scalacheck.Prop$.$anonfun$forAllShrink$2(Prop.scala:868)
[info]   at org.scalacheck.Prop$.secure(Prop.scala:484)
[info]   at org.scalacheck.Prop$.result$1(Prop.scala:868)
[info]   at org.scalacheck.Prop$.$anonfun$forAllShrink$1(Prop.scala:915)
[info]   at org.scalacheck.Prop$.$anonfun$apply$1(Prop.scala:305)
[info]   at org.scalacheck.PropFromFun.apply(Prop.scala:20)
[info]   at org.scalacheck.Test$.workerFun$1(Test.scala:486)
[info]   at org.scalacheck.Test$.$anonfun$check$4(Test.scala:518)
[info]   at org.scalacheck.Test$.$anonfun$check$4$adapted(Test.scala:518)
[info]   at org.scalacheck.Platform$.runWorkers(Platform.scala:42)
[info]   at org.scalacheck.Test$.check(Test.scala:518)
[info]   at org.scalatestplus.scalacheck.UnitCheckerAsserting$CheckerAssertingImpl.check(CheckerAsserting.scala:90)
[info]   at org.scalatestplus.scalacheck.Checkers.check(Checkers.scala:371)
[info]   at org.scalatestplus.scalacheck.Checkers.check$(Checkers.scala:369)
[info]   at frameless.TypedDatasetSuite.check(TypedDatasetSuite.scala:63)
[info]   at frameless.functions.NonAggregateFunctionsTests.$anonfun$new$649(NonAggregateFunctionsTests.scala:978)
[info]   at org.scalatest.OutcomeOf.outcomeOf(OutcomeOf.scala:85)
[info]   at org.scalatest.OutcomeOf.outcomeOf$(OutcomeOf.scala:83)
[info]   at org.scalatest.OutcomeOf$.outcomeOf(OutcomeOf.scala:104)
[info]   at org.scalatest.Transformer.apply(Transformer.scala:22)
[info]   at org.scalatest.Transformer.apply(Transformer.scala:20)
[info]   at org.scalatest.funsuite.AnyFunSuiteLike$$anon$1.apply(AnyFunSuiteLike.scala:226)
[info]   at org.scalatest.TestSuite.withFixture(TestSuite.scala:196)
[info]   at org.scalatest.TestSuite.withFixture$(TestSuite.scala:195)
[info]   at org.scalatest.funsuite.AnyFunSuite.withFixture(AnyFunSuite.scala:1564)
[info]   at org.scalatest.funsuite.AnyFunSuiteLike.invokeWithFixture$1(AnyFunSuiteLike.scala:224)
[info]   at org.scalatest.funsuite.AnyFunSuiteLike.$anonfun$runTest$1(AnyFunSuiteLike.scala:236)
[info]   at org.scalatest.SuperEngine.runTestImpl(Engine.scala:306)
[info]   at org.scalatest.funsuite.AnyFunSuiteLike.runTest(AnyFunSuiteLike.scala:236)
[info]   at org.scalatest.funsuite.AnyFunSuiteLike.runTest$(AnyFunSuiteLike.scala:218)
[info]   at org.scalatest.funsuite.AnyFunSuite.runTest(AnyFunSuite.scala:1564)
[info]   at org.scalatest.funsuite.AnyFunSuiteLike.$anonfun$runTests$1(AnyFunSuiteLike.scala:269)
[info]   at org.scalatest.SuperEngine.$anonfun$runTestsInBranch$1(Engine.scala:413)
[info]   at scala.collection.immutable.List.foreach(List.scala:334)
[info]   at org.scalatest.SuperEngine.traverseSubNodes$1(Engine.scala:401)
[info]   at org.scalatest.SuperEngine.runTestsInBranch(Engine.scala:396)
[info]   at org.scalatest.SuperEngine.runTestsImpl(Engine.scala:475)
[info]   at org.scalatest.funsuite.AnyFunSuiteLike.runTests(AnyFunSuiteLike.scala:269)
[info]   at org.scalatest.funsuite.AnyFunSuiteLike.runTests$(AnyFunSuiteLike.scala:268)
[info]   at org.scalatest.funsuite.AnyFunSuite.runTests(AnyFunSuite.scala:1564)
[info]   at org.scalatest.Suite.run(Suite.scala:1114)
[info]   at org.scalatest.Suite.run$(Suite.scala:1096)
[info]   at org.scalatest.funsuite.AnyFunSuite.org$scalatest$funsuite$AnyFunSuiteLike$$super$run(AnyFunSuite.scala:1564)
[info]   at org.scalatest.funsuite.AnyFunSuiteLike.$anonfun$run$1(AnyFunSuiteLike.scala:273)
[info]   at org.scalatest.SuperEngine.runImpl(Engine.scala:535)
[info]   at org.scalatest.funsuite.AnyFunSuiteLike.run(AnyFunSuiteLike.scala:273)
[info]   at org.scalatest.funsuite.AnyFunSuiteLike.run$(AnyFunSuiteLike.scala:272)
[info]   at frameless.TypedDatasetSuite.org$scalatest$BeforeAndAfterAll$$super$run(TypedDatasetSuite.scala:63)
[info]   at org.scalatest.BeforeAndAfterAll.liftedTree1$1(BeforeAndAfterAll.scala:213)
[info]   at org.scalatest.BeforeAndAfterAll.run(BeforeAndAfterAll.scala:210)
[info]   at org.scalatest.BeforeAndAfterAll.run$(BeforeAndAfterAll.scala:208)
[info]   at frameless.TypedDatasetSuite.run(TypedDatasetSuite.scala:63)
[info]   at org.scalatest.tools.Framework.org$scalatest$tools$Framework$$runSuite(Framework.scala:321)
[info]   at org.scalatest.tools.Framework$ScalaTestTask.execute(Framework.scala:517)
[info]   at sbt.ForkMain$Run.lambda$runTest$1(ForkMain.java:414)
[info]   at java.base/java.util.concurrent.FutureTask.run(FutureTask.java:317)
[info]   at java.base/java.util.concurrent.ThreadPoolExecutor.runWorker(ThreadPoolExecutor.java:1144)
[info]   at java.base/java.util.concurrent.ThreadPoolExecutor$Worker.run(ThreadPoolExecutor.java:642)
[info]   at java.base/java.lang.Thread.run(Thread.java:1583)
[info] - md5 *** FAILED *** (4 milliseconds)
[info]   IllegalArgumentException was thrown during property evaluation.
[info]     Message: argument type mismatch
[info]     Occurred when passed generated values (
[info]       arg0 = List()
[info]     )
[info]   org.scalatest.exceptions.GeneratorDrivenPropertyCheckFailedException:
[info]   at org.scalatestplus.scalacheck.CheckerAsserting$$anon$2.indicateFailure(CheckerAsserting.scala:251)
[info]   at org.scalatestplus.scalacheck.CheckerAsserting$$anon$2.indicateFailure(CheckerAsserting.scala:238)
[info]   at org.scalatestplus.scalacheck.UnitCheckerAsserting$CheckerAssertingImpl.check(CheckerAsserting.scala:160)
[info]   at org.scalatestplus.scalacheck.Checkers.check(Checkers.scala:371)
[info]   at org.scalatestplus.scalacheck.Checkers.check$(Checkers.scala:369)
[info]   at frameless.TypedDatasetSuite.check(TypedDatasetSuite.scala:63)
[info]   at frameless.functions.NonAggregateFunctionsTests.$anonfun$new$669(NonAggregateFunctionsTests.scala:1010)
[info]   at org.scalatest.OutcomeOf.outcomeOf(OutcomeOf.scala:85)
[info]   at org.scalatest.OutcomeOf.outcomeOf$(OutcomeOf.scala:83)
[info]   at org.scalatest.OutcomeOf$.outcomeOf(OutcomeOf.scala:104)
[info]   at org.scalatest.Transformer.apply(Transformer.scala:22)
[info]   at org.scalatest.Transformer.apply(Transformer.scala:20)
[info]   at org.scalatest.funsuite.AnyFunSuiteLike$$anon$1.apply(AnyFunSuiteLike.scala:226)
[info]   at org.scalatest.TestSuite.withFixture(TestSuite.scala:196)
[info]   at org.scalatest.TestSuite.withFixture$(TestSuite.scala:195)
[info]   at org.scalatest.funsuite.AnyFunSuite.withFixture(AnyFunSuite.scala:1564)
[info]   at org.scalatest.funsuite.AnyFunSuiteLike.invokeWithFixture$1(AnyFunSuiteLike.scala:224)
[info]   at org.scalatest.funsuite.AnyFunSuiteLike.$anonfun$runTest$1(AnyFunSuiteLike.scala:236)
[info]   at org.scalatest.SuperEngine.runTestImpl(Engine.scala:306)
[info]   at org.scalatest.funsuite.AnyFunSuiteLike.runTest(AnyFunSuiteLike.scala:236)
[info]   at org.scalatest.funsuite.AnyFunSuiteLike.runTest$(AnyFunSuiteLike.scala:218)
[info]   at org.scalatest.funsuite.AnyFunSuite.runTest(AnyFunSuite.scala:1564)
[info]   at org.scalatest.funsuite.AnyFunSuiteLike.$anonfun$runTests$1(AnyFunSuiteLike.scala:269)
[info]   at org.scalatest.SuperEngine.$anonfun$runTestsInBranch$1(Engine.scala:413)
[info]   at scala.collection.immutable.List.foreach(List.scala:334)
[info]   at org.scalatest.SuperEngine.traverseSubNodes$1(Engine.scala:401)
[info]   at org.scalatest.SuperEngine.runTestsInBranch(Engine.scala:396)
[info]   at org.scalatest.SuperEngine.runTestsImpl(Engine.scala:475)
[info]   at org.scalatest.funsuite.AnyFunSuiteLike.runTests(AnyFunSuiteLike.scala:269)
[info]   at org.scalatest.funsuite.AnyFunSuiteLike.runTests$(AnyFunSuiteLike.scala:268)
[info]   at org.scalatest.funsuite.AnyFunSuite.runTests(AnyFunSuite.scala:1564)
[info]   at org.scalatest.Suite.run(Suite.scala:1114)
[info]   at org.scalatest.Suite.run$(Suite.scala:1096)
[info]   at org.scalatest.funsuite.AnyFunSuite.org$scalatest$funsuite$AnyFunSuiteLike$$super$run(AnyFunSuite.scala:1564)
[info]   at org.scalatest.funsuite.AnyFunSuiteLike.$anonfun$run$1(AnyFunSuiteLike.scala:273)
[info]   at org.scalatest.SuperEngine.runImpl(Engine.scala:535)
[info]   at org.scalatest.funsuite.AnyFunSuiteLike.run(AnyFunSuiteLike.scala:273)
[info]   at org.scalatest.funsuite.AnyFunSuiteLike.run$(AnyFunSuiteLike.scala:272)
[info]   at frameless.TypedDatasetSuite.org$scalatest$BeforeAndAfterAll$$super$run(TypedDatasetSuite.scala:63)
[info]   at org.scalatest.BeforeAndAfterAll.liftedTree1$1(BeforeAndAfterAll.scala:213)
[info]   at org.scalatest.BeforeAndAfterAll.run(BeforeAndAfterAll.scala:210)
[info]   at org.scalatest.BeforeAndAfterAll.run$(BeforeAndAfterAll.scala:208)
[info]   at frameless.TypedDatasetSuite.run(TypedDatasetSuite.scala:63)
[info]   at org.scalatest.tools.Framework.org$scalatest$tools$Framework$$runSuite(Framework.scala:321)
[info]   at org.scalatest.tools.Framework$ScalaTestTask.execute(Framework.scala:517)
[info]   at sbt.ForkMain$Run.lambda$runTest$1(ForkMain.java:414)
[info]   at java.base/java.util.concurrent.FutureTask.run(FutureTask.java:317)
[info]   at java.base/java.util.concurrent.ThreadPoolExecutor.runWorker(ThreadPoolExecutor.java:1144)
[info]   at java.base/java.util.concurrent.ThreadPoolExecutor$Worker.run(ThreadPoolExecutor.java:642)
[info]   at java.base/java.lang.Thread.run(Thread.java:1583)
[info]   Cause: java.lang.IllegalArgumentException: argument type mismatch
[info]   at java.base/jdk.internal.reflect.DirectConstructorHandleAccessor.newInstance(DirectConstructorHandleAccessor.java:65)
[info]   at java.base/java.lang.reflect.Constructor.newInstanceWithCaller(Constructor.java:502)
[info]   at java.base/java.lang.reflect.Constructor.newInstance(Constructor.java:486)
[info]   at frameless.TypedExpressionEncoder$.$anonfun$apply$3(TypedExpressionEncoder.scala:55)
[info]   at scala.Option.map(Option.scala:242)
[info]   at frameless.TypedExpressionEncoder$.apply(TypedExpressionEncoder.scala:54)
[info]   at frameless.TypedDataset$.create(TypedDataset.scala:1325)
[info]   at frameless.functions.NonAggregateFunctionsTests.prop$32(NonAggregateFunctionsTests.scala:994)
[info]   at frameless.functions.NonAggregateFunctionsTests.$anonfun$new$679(NonAggregateFunctionsTests.scala:1010)
[info]   at scala.Function1.$anonfun$andThen$1(Function1.scala:87)
[info]   at org.scalacheck.Prop$.$anonfun$forAllShrink$2(Prop.scala:868)
[info]   at org.scalacheck.Prop$.secure(Prop.scala:484)
[info]   at org.scalacheck.Prop$.result$1(Prop.scala:868)
[info]   at org.scalacheck.Prop$.$anonfun$forAllShrink$1(Prop.scala:915)
[info]   at org.scalacheck.Prop$.$anonfun$apply$1(Prop.scala:305)
[info]   at org.scalacheck.PropFromFun.apply(Prop.scala:20)
[info]   at org.scalacheck.Test$.workerFun$1(Test.scala:486)
[info]   at org.scalacheck.Test$.$anonfun$check$4(Test.scala:518)
[info]   at org.scalacheck.Test$.$anonfun$check$4$adapted(Test.scala:518)
[info]   at org.scalacheck.Platform$.runWorkers(Platform.scala:42)
[info]   at org.scalacheck.Test$.check(Test.scala:518)
[info]   at org.scalatestplus.scalacheck.UnitCheckerAsserting$CheckerAssertingImpl.check(CheckerAsserting.scala:90)
[info]   at org.scalatestplus.scalacheck.Checkers.check(Checkers.scala:371)
[info]   at org.scalatestplus.scalacheck.Checkers.check$(Checkers.scala:369)
[info]   at frameless.TypedDatasetSuite.check(TypedDatasetSuite.scala:63)
[info]   at frameless.functions.NonAggregateFunctionsTests.$anonfun$new$669(NonAggregateFunctionsTests.scala:1010)
[info]   at org.scalatest.OutcomeOf.outcomeOf(OutcomeOf.scala:85)
[info]   at org.scalatest.OutcomeOf.outcomeOf$(OutcomeOf.scala:83)
[info]   at org.scalatest.OutcomeOf$.outcomeOf(OutcomeOf.scala:104)
[info]   at org.scalatest.Transformer.apply(Transformer.scala:22)
[info]   at org.scalatest.Transformer.apply(Transformer.scala:20)
[info]   at org.scalatest.funsuite.AnyFunSuiteLike$$anon$1.apply(AnyFunSuiteLike.scala:226)
[info]   at org.scalatest.TestSuite.withFixture(TestSuite.scala:196)
[info]   at org.scalatest.TestSuite.withFixture$(TestSuite.scala:195)
[info]   at org.scalatest.funsuite.AnyFunSuite.withFixture(AnyFunSuite.scala:1564)
[info]   at org.scalatest.funsuite.AnyFunSuiteLike.invokeWithFixture$1(AnyFunSuiteLike.scala:224)
[info]   at org.scalatest.funsuite.AnyFunSuiteLike.$anonfun$runTest$1(AnyFunSuiteLike.scala:236)
[info]   at org.scalatest.SuperEngine.runTestImpl(Engine.scala:306)
[info]   at org.scalatest.funsuite.AnyFunSuiteLike.runTest(AnyFunSuiteLike.scala:236)
[info]   at org.scalatest.funsuite.AnyFunSuiteLike.runTest$(AnyFunSuiteLike.scala:218)
[info]   at org.scalatest.funsuite.AnyFunSuite.runTest(AnyFunSuite.scala:1564)
[info]   at org.scalatest.funsuite.AnyFunSuiteLike.$anonfun$runTests$1(AnyFunSuiteLike.scala:269)
[info]   at org.scalatest.SuperEngine.$anonfun$runTestsInBranch$1(Engine.scala:413)
[info]   at scala.collection.immutable.List.foreach(List.scala:334)
[info]   at org.scalatest.SuperEngine.traverseSubNodes$1(Engine.scala:401)
[info]   at org.scalatest.SuperEngine.runTestsInBranch(Engine.scala:396)
[info]   at org.scalatest.SuperEngine.runTestsImpl(Engine.scala:475)
[info]   at org.scalatest.funsuite.AnyFunSuiteLike.runTests(AnyFunSuiteLike.scala:269)
[info]   at org.scalatest.funsuite.AnyFunSuiteLike.runTests$(AnyFunSuiteLike.scala:268)
[info]   at org.scalatest.funsuite.AnyFunSuite.runTests(AnyFunSuite.scala:1564)
[info]   at org.scalatest.Suite.run(Suite.scala:1114)
[info]   at org.scalatest.Suite.run$(Suite.scala:1096)
[info]   at org.scalatest.funsuite.AnyFunSuite.org$scalatest$funsuite$AnyFunSuiteLike$$super$run(AnyFunSuite.scala:1564)
[info]   at org.scalatest.funsuite.AnyFunSuiteLike.$anonfun$run$1(AnyFunSuiteLike.scala:273)
[info]   at org.scalatest.SuperEngine.runImpl(Engine.scala:535)
[info]   at org.scalatest.funsuite.AnyFunSuiteLike.run(AnyFunSuiteLike.scala:273)
[info]   at org.scalatest.funsuite.AnyFunSuiteLike.run$(AnyFunSuiteLike.scala:272)
[info]   at frameless.TypedDatasetSuite.org$scalatest$BeforeAndAfterAll$$super$run(TypedDatasetSuite.scala:63)
[info]   at org.scalatest.BeforeAndAfterAll.liftedTree1$1(BeforeAndAfterAll.scala:213)
[info]   at org.scalatest.BeforeAndAfterAll.run(BeforeAndAfterAll.scala:210)
[info]   at org.scalatest.BeforeAndAfterAll.run$(BeforeAndAfterAll.scala:208)
[info]   at frameless.TypedDatasetSuite.run(TypedDatasetSuite.scala:63)
[info]   at org.scalatest.tools.Framework.org$scalatest$tools$Framework$$runSuite(Framework.scala:321)
[info]   at org.scalatest.tools.Framework$ScalaTestTask.execute(Framework.scala:517)
[info]   at sbt.ForkMain$Run.lambda$runTest$1(ForkMain.java:414)
[info]   at java.base/java.util.concurrent.FutureTask.run(FutureTask.java:317)
[info]   at java.base/java.util.concurrent.ThreadPoolExecutor.runWorker(ThreadPoolExecutor.java:1144)
[info]   at java.base/java.util.concurrent.ThreadPoolExecutor$Worker.run(ThreadPoolExecutor.java:642)
[info]   at java.base/java.lang.Thread.run(Thread.java:1583)
[info]   Cause: java.lang.ClassCastException: Cannot cast scala.reflect.ClassTag$GenericClassTag to org.apache.spark.sql.catalyst.expressions.Expression
[info]   at java.base/java.lang.Class.cast(Class.java:4067)
[info]   at java.base/jdk.internal.reflect.DirectConstructorHandleAccessor.newInstance(DirectConstructorHandleAccessor.java:62)
[info]   at java.base/java.lang.reflect.Constructor.newInstanceWithCaller(Constructor.java:502)
[info]   at java.base/java.lang.reflect.Constructor.newInstance(Constructor.java:486)
[info]   at frameless.TypedExpressionEncoder$.$anonfun$apply$3(TypedExpressionEncoder.scala:55)
[info]   at scala.Option.map(Option.scala:242)
[info]   at frameless.TypedExpressionEncoder$.apply(TypedExpressionEncoder.scala:54)
[info]   at frameless.TypedDataset$.create(TypedDataset.scala:1325)
[info]   at frameless.functions.NonAggregateFunctionsTests.prop$32(NonAggregateFunctionsTests.scala:994)
[info]   at frameless.functions.NonAggregateFunctionsTests.$anonfun$new$679(NonAggregateFunctionsTests.scala:1010)
[info]   at scala.Function1.$anonfun$andThen$1(Function1.scala:87)
[info]   at org.scalacheck.Prop$.$anonfun$forAllShrink$2(Prop.scala:868)
[info]   at org.scalacheck.Prop$.secure(Prop.scala:484)
[info]   at org.scalacheck.Prop$.result$1(Prop.scala:868)
[info]   at org.scalacheck.Prop$.$anonfun$forAllShrink$1(Prop.scala:915)
[info]   at org.scalacheck.Prop$.$anonfun$apply$1(Prop.scala:305)
[info]   at org.scalacheck.PropFromFun.apply(Prop.scala:20)
[info]   at org.scalacheck.Test$.workerFun$1(Test.scala:486)
[info]   at org.scalacheck.Test$.$anonfun$check$4(Test.scala:518)
[info]   at org.scalacheck.Test$.$anonfun$check$4$adapted(Test.scala:518)
[info]   at org.scalacheck.Platform$.runWorkers(Platform.scala:42)
[info]   at org.scalacheck.Test$.check(Test.scala:518)
[info]   at org.scalatestplus.scalacheck.UnitCheckerAsserting$CheckerAssertingImpl.check(CheckerAsserting.scala:90)
[info]   at org.scalatestplus.scalacheck.Checkers.check(Checkers.scala:371)
[info]   at org.scalatestplus.scalacheck.Checkers.check$(Checkers.scala:369)
[info]   at frameless.TypedDatasetSuite.check(TypedDatasetSuite.scala:63)
[info]   at frameless.functions.NonAggregateFunctionsTests.$anonfun$new$669(NonAggregateFunctionsTests.scala:1010)
[info]   at org.scalatest.OutcomeOf.outcomeOf(OutcomeOf.scala:85)
[info]   at org.scalatest.OutcomeOf.outcomeOf$(OutcomeOf.scala:83)
[info]   at org.scalatest.OutcomeOf$.outcomeOf(OutcomeOf.scala:104)
[info]   at org.scalatest.Transformer.apply(Transformer.scala:22)
[info]   at org.scalatest.Transformer.apply(Transformer.scala:20)
[info]   at org.scalatest.funsuite.AnyFunSuiteLike$$anon$1.apply(AnyFunSuiteLike.scala:226)
[info]   at org.scalatest.TestSuite.withFixture(TestSuite.scala:196)
[info]   at org.scalatest.TestSuite.withFixture$(TestSuite.scala:195)
[info]   at org.scalatest.funsuite.AnyFunSuite.withFixture(AnyFunSuite.scala:1564)
[info]   at org.scalatest.funsuite.AnyFunSuiteLike.invokeWithFixture$1(AnyFunSuiteLike.scala:224)
[info]   at org.scalatest.funsuite.AnyFunSuiteLike.$anonfun$runTest$1(AnyFunSuiteLike.scala:236)
[info]   at org.scalatest.SuperEngine.runTestImpl(Engine.scala:306)
[info]   at org.scalatest.funsuite.AnyFunSuiteLike.runTest(AnyFunSuiteLike.scala:236)
[info]   at org.scalatest.funsuite.AnyFunSuiteLike.runTest$(AnyFunSuiteLike.scala:218)
[info]   at org.scalatest.funsuite.AnyFunSuite.runTest(AnyFunSuite.scala:1564)
[info]   at org.scalatest.funsuite.AnyFunSuiteLike.$anonfun$runTests$1(AnyFunSuiteLike.scala:269)
[info]   at org.scalatest.SuperEngine.$anonfun$runTestsInBranch$1(Engine.scala:413)
[info]   at scala.collection.immutable.List.foreach(List.scala:334)
[info]   at org.scalatest.SuperEngine.traverseSubNodes$1(Engine.scala:401)
[info]   at org.scalatest.SuperEngine.runTestsInBranch(Engine.scala:396)
[info]   at org.scalatest.SuperEngine.runTestsImpl(Engine.scala:475)
[info]   at org.scalatest.funsuite.AnyFunSuiteLike.runTests(AnyFunSuiteLike.scala:269)
[info]   at org.scalatest.funsuite.AnyFunSuiteLike.runTests$(AnyFunSuiteLike.scala:268)
[info]   at org.scalatest.funsuite.AnyFunSuite.runTests(AnyFunSuite.scala:1564)
[info]   at org.scalatest.Suite.run(Suite.scala:1114)
[info]   at org.scalatest.Suite.run$(Suite.scala:1096)
[info]   at org.scalatest.funsuite.AnyFunSuite.org$scalatest$funsuite$AnyFunSuiteLike$$super$run(AnyFunSuite.scala:1564)
[info]   at org.scalatest.funsuite.AnyFunSuiteLike.$anonfun$run$1(AnyFunSuiteLike.scala:273)
[info]   at org.scalatest.SuperEngine.runImpl(Engine.scala:535)
[info]   at org.scalatest.funsuite.AnyFunSuiteLike.run(AnyFunSuiteLike.scala:273)
[info]   at org.scalatest.funsuite.AnyFunSuiteLike.run$(AnyFunSuiteLike.scala:272)
[info]   at frameless.TypedDatasetSuite.org$scalatest$BeforeAndAfterAll$$super$run(TypedDatasetSuite.scala:63)
[info]   at org.scalatest.BeforeAndAfterAll.liftedTree1$1(BeforeAndAfterAll.scala:213)
[info]   at org.scalatest.BeforeAndAfterAll.run(BeforeAndAfterAll.scala:210)
[info]   at org.scalatest.BeforeAndAfterAll.run$(BeforeAndAfterAll.scala:208)
[info]   at frameless.TypedDatasetSuite.run(TypedDatasetSuite.scala:63)
[info]   at org.scalatest.tools.Framework.org$scalatest$tools$Framework$$runSuite(Framework.scala:321)
[info]   at org.scalatest.tools.Framework$ScalaTestTask.execute(Framework.scala:517)
[info]   at sbt.ForkMain$Run.lambda$runTest$1(ForkMain.java:414)
[info]   at java.base/java.util.concurrent.FutureTask.run(FutureTask.java:317)
[info]   at java.base/java.util.concurrent.ThreadPoolExecutor.runWorker(ThreadPoolExecutor.java:1144)
[info]   at java.base/java.util.concurrent.ThreadPoolExecutor$Worker.run(ThreadPoolExecutor.java:642)
[info]   at java.base/java.lang.Thread.run(Thread.java:1583)
[info] - factorial *** FAILED *** (3 milliseconds)
[info]   IllegalArgumentException was thrown during property evaluation.
[info]     Message: argument type mismatch
[info]     Occurred when passed generated values (
[info]       arg0 = List()
[info]     )
[info]   org.scalatest.exceptions.GeneratorDrivenPropertyCheckFailedException:
[info]   at org.scalatestplus.scalacheck.CheckerAsserting$$anon$2.indicateFailure(CheckerAsserting.scala:251)
[info]   at org.scalatestplus.scalacheck.CheckerAsserting$$anon$2.indicateFailure(CheckerAsserting.scala:238)
[info]   at org.scalatestplus.scalacheck.UnitCheckerAsserting$CheckerAssertingImpl.check(CheckerAsserting.scala:160)
[info]   at org.scalatestplus.scalacheck.Checkers.check(Checkers.scala:371)
[info]   at org.scalatestplus.scalacheck.Checkers.check$(Checkers.scala:369)
[info]   at frameless.TypedDatasetSuite.check(TypedDatasetSuite.scala:63)
[info]   at frameless.functions.NonAggregateFunctionsTests.$anonfun$new$681(NonAggregateFunctionsTests.scala:1036)
[info]   at org.scalatest.OutcomeOf.outcomeOf(OutcomeOf.scala:85)
[info]   at org.scalatest.OutcomeOf.outcomeOf$(OutcomeOf.scala:83)
[info]   at org.scalatest.OutcomeOf$.outcomeOf(OutcomeOf.scala:104)
[info]   at org.scalatest.Transformer.apply(Transformer.scala:22)
[info]   at org.scalatest.Transformer.apply(Transformer.scala:20)
[info]   at org.scalatest.funsuite.AnyFunSuiteLike$$anon$1.apply(AnyFunSuiteLike.scala:226)
[info]   at org.scalatest.TestSuite.withFixture(TestSuite.scala:196)
[info]   at org.scalatest.TestSuite.withFixture$(TestSuite.scala:195)
[info]   at org.scalatest.funsuite.AnyFunSuite.withFixture(AnyFunSuite.scala:1564)
[info]   at org.scalatest.funsuite.AnyFunSuiteLike.invokeWithFixture$1(AnyFunSuiteLike.scala:224)
[info]   at org.scalatest.funsuite.AnyFunSuiteLike.$anonfun$runTest$1(AnyFunSuiteLike.scala:236)
[info]   at org.scalatest.SuperEngine.runTestImpl(Engine.scala:306)
[info]   at org.scalatest.funsuite.AnyFunSuiteLike.runTest(AnyFunSuiteLike.scala:236)
[info]   at org.scalatest.funsuite.AnyFunSuiteLike.runTest$(AnyFunSuiteLike.scala:218)
[info]   at org.scalatest.funsuite.AnyFunSuite.runTest(AnyFunSuite.scala:1564)
[info]   at org.scalatest.funsuite.AnyFunSuiteLike.$anonfun$runTests$1(AnyFunSuiteLike.scala:269)
[info]   at org.scalatest.SuperEngine.$anonfun$runTestsInBranch$1(Engine.scala:413)
[info]   at scala.collection.immutable.List.foreach(List.scala:334)
[info]   at org.scalatest.SuperEngine.traverseSubNodes$1(Engine.scala:401)
[info]   at org.scalatest.SuperEngine.runTestsInBranch(Engine.scala:396)
[info]   at org.scalatest.SuperEngine.runTestsImpl(Engine.scala:475)
[info]   at org.scalatest.funsuite.AnyFunSuiteLike.runTests(AnyFunSuiteLike.scala:269)
[info]   at org.scalatest.funsuite.AnyFunSuiteLike.runTests$(AnyFunSuiteLike.scala:268)
[info]   at org.scalatest.funsuite.AnyFunSuite.runTests(AnyFunSuite.scala:1564)
[info]   at org.scalatest.Suite.run(Suite.scala:1114)
[info]   at org.scalatest.Suite.run$(Suite.scala:1096)
[info]   at org.scalatest.funsuite.AnyFunSuite.org$scalatest$funsuite$AnyFunSuiteLike$$super$run(AnyFunSuite.scala:1564)
[info]   at org.scalatest.funsuite.AnyFunSuiteLike.$anonfun$run$1(AnyFunSuiteLike.scala:273)
[info]   at org.scalatest.SuperEngine.runImpl(Engine.scala:535)
[info]   at org.scalatest.funsuite.AnyFunSuiteLike.run(AnyFunSuiteLike.scala:273)
[info]   at org.scalatest.funsuite.AnyFunSuiteLike.run$(AnyFunSuiteLike.scala:272)
[info]   at frameless.TypedDatasetSuite.org$scalatest$BeforeAndAfterAll$$super$run(TypedDatasetSuite.scala:63)
[info]   at org.scalatest.BeforeAndAfterAll.liftedTree1$1(BeforeAndAfterAll.scala:213)
[info]   at org.scalatest.BeforeAndAfterAll.run(BeforeAndAfterAll.scala:210)
[info]   at org.scalatest.BeforeAndAfterAll.run$(BeforeAndAfterAll.scala:208)
[info]   at frameless.TypedDatasetSuite.run(TypedDatasetSuite.scala:63)
[info]   at org.scalatest.tools.Framework.org$scalatest$tools$Framework$$runSuite(Framework.scala:321)
[info]   at org.scalatest.tools.Framework$ScalaTestTask.execute(Framework.scala:517)
[info]   at sbt.ForkMain$Run.lambda$runTest$1(ForkMain.java:414)
[info]   at java.base/java.util.concurrent.FutureTask.run(FutureTask.java:317)
[info]   at java.base/java.util.concurrent.ThreadPoolExecutor.runWorker(ThreadPoolExecutor.java:1144)
[info]   at java.base/java.util.concurrent.ThreadPoolExecutor$Worker.run(ThreadPoolExecutor.java:642)
[info]   at java.base/java.lang.Thread.run(Thread.java:1583)
[info]   Cause: java.lang.IllegalArgumentException: argument type mismatch
[info]   at java.base/jdk.internal.reflect.DirectConstructorHandleAccessor.newInstance(DirectConstructorHandleAccessor.java:65)
[info]   at java.base/java.lang.reflect.Constructor.newInstanceWithCaller(Constructor.java:502)
[info]   at java.base/java.lang.reflect.Constructor.newInstance(Constructor.java:486)
[info]   at frameless.TypedExpressionEncoder$.$anonfun$apply$3(TypedExpressionEncoder.scala:55)
[info]   at scala.Option.map(Option.scala:242)
[info]   at frameless.TypedExpressionEncoder$.apply(TypedExpressionEncoder.scala:54)
[info]   at frameless.TypedDataset$.create(TypedDataset.scala:1325)
[info]   at frameless.functions.NonAggregateFunctionsTests.prop$33(NonAggregateFunctionsTests.scala:1020)
[info]   at frameless.functions.NonAggregateFunctionsTests.$anonfun$new$691(NonAggregateFunctionsTests.scala:1036)
[info]   at scala.Function1.$anonfun$andThen$1(Function1.scala:87)
[info]   at org.scalacheck.Prop$.$anonfun$forAllShrink$2(Prop.scala:868)
[info]   at org.scalacheck.Prop$.secure(Prop.scala:484)
[info]   at org.scalacheck.Prop$.result$1(Prop.scala:868)
[info]   at org.scalacheck.Prop$.$anonfun$forAllShrink$1(Prop.scala:915)
[info]   at org.scalacheck.Prop$.$anonfun$apply$1(Prop.scala:305)
[info]   at org.scalacheck.PropFromFun.apply(Prop.scala:20)
[info]   at org.scalacheck.Test$.workerFun$1(Test.scala:486)
[info]   at org.scalacheck.Test$.$anonfun$check$4(Test.scala:518)
[info]   at org.scalacheck.Test$.$anonfun$check$4$adapted(Test.scala:518)
[info]   at org.scalacheck.Platform$.runWorkers(Platform.scala:42)
[info]   at org.scalacheck.Test$.check(Test.scala:518)
[info]   at org.scalatestplus.scalacheck.UnitCheckerAsserting$CheckerAssertingImpl.check(CheckerAsserting.scala:90)
[info]   at org.scalatestplus.scalacheck.Checkers.check(Checkers.scala:371)
[info]   at org.scalatestplus.scalacheck.Checkers.check$(Checkers.scala:369)
[info]   at frameless.TypedDatasetSuite.check(TypedDatasetSuite.scala:63)
[info]   at frameless.functions.NonAggregateFunctionsTests.$anonfun$new$681(NonAggregateFunctionsTests.scala:1036)
[info]   at org.scalatest.OutcomeOf.outcomeOf(OutcomeOf.scala:85)
[info]   at org.scalatest.OutcomeOf.outcomeOf$(OutcomeOf.scala:83)
[info]   at org.scalatest.OutcomeOf$.outcomeOf(OutcomeOf.scala:104)
[info]   at org.scalatest.Transformer.apply(Transformer.scala:22)
[info]   at org.scalatest.Transformer.apply(Transformer.scala:20)
[info]   at org.scalatest.funsuite.AnyFunSuiteLike$$anon$1.apply(AnyFunSuiteLike.scala:226)
[info]   at org.scalatest.TestSuite.withFixture(TestSuite.scala:196)
[info]   at org.scalatest.TestSuite.withFixture$(TestSuite.scala:195)
[info]   at org.scalatest.funsuite.AnyFunSuite.withFixture(AnyFunSuite.scala:1564)
[info]   at org.scalatest.funsuite.AnyFunSuiteLike.invokeWithFixture$1(AnyFunSuiteLike.scala:224)
[info]   at org.scalatest.funsuite.AnyFunSuiteLike.$anonfun$runTest$1(AnyFunSuiteLike.scala:236)
[info]   at org.scalatest.SuperEngine.runTestImpl(Engine.scala:306)
[info]   at org.scalatest.funsuite.AnyFunSuiteLike.runTest(AnyFunSuiteLike.scala:236)
[info]   at org.scalatest.funsuite.AnyFunSuiteLike.runTest$(AnyFunSuiteLike.scala:218)
[info]   at org.scalatest.funsuite.AnyFunSuite.runTest(AnyFunSuite.scala:1564)
[info]   at org.scalatest.funsuite.AnyFunSuiteLike.$anonfun$runTests$1(AnyFunSuiteLike.scala:269)
[info]   at org.scalatest.SuperEngine.$anonfun$runTestsInBranch$1(Engine.scala:413)
[info]   at scala.collection.immutable.List.foreach(List.scala:334)
[info]   at org.scalatest.SuperEngine.traverseSubNodes$1(Engine.scala:401)
[info]   at org.scalatest.SuperEngine.runTestsInBranch(Engine.scala:396)
[info]   at org.scalatest.SuperEngine.runTestsImpl(Engine.scala:475)
[info]   at org.scalatest.funsuite.AnyFunSuiteLike.runTests(AnyFunSuiteLike.scala:269)
[info]   at org.scalatest.funsuite.AnyFunSuiteLike.runTests$(AnyFunSuiteLike.scala:268)
[info]   at org.scalatest.funsuite.AnyFunSuite.runTests(AnyFunSuite.scala:1564)
[info]   at org.scalatest.Suite.run(Suite.scala:1114)
[info]   at org.scalatest.Suite.run$(Suite.scala:1096)
[info]   at org.scalatest.funsuite.AnyFunSuite.org$scalatest$funsuite$AnyFunSuiteLike$$super$run(AnyFunSuite.scala:1564)
[info]   at org.scalatest.funsuite.AnyFunSuiteLike.$anonfun$run$1(AnyFunSuiteLike.scala:273)
[info]   at org.scalatest.SuperEngine.runImpl(Engine.scala:535)
[info]   at org.scalatest.funsuite.AnyFunSuiteLike.run(AnyFunSuiteLike.scala:273)
[info]   at org.scalatest.funsuite.AnyFunSuiteLike.run$(AnyFunSuiteLike.scala:272)
[info]   at frameless.TypedDatasetSuite.org$scalatest$BeforeAndAfterAll$$super$run(TypedDatasetSuite.scala:63)
[info]   at org.scalatest.BeforeAndAfterAll.liftedTree1$1(BeforeAndAfterAll.scala:213)
[info]   at org.scalatest.BeforeAndAfterAll.run(BeforeAndAfterAll.scala:210)
[info]   at org.scalatest.BeforeAndAfterAll.run$(BeforeAndAfterAll.scala:208)
[info]   at frameless.TypedDatasetSuite.run(TypedDatasetSuite.scala:63)
[info]   at org.scalatest.tools.Framework.org$scalatest$tools$Framework$$runSuite(Framework.scala:321)
[info]   at org.scalatest.tools.Framework$ScalaTestTask.execute(Framework.scala:517)
[info]   at sbt.ForkMain$Run.lambda$runTest$1(ForkMain.java:414)
[info]   at java.base/java.util.concurrent.FutureTask.run(FutureTask.java:317)
[info]   at java.base/java.util.concurrent.ThreadPoolExecutor.runWorker(ThreadPoolExecutor.java:1144)
[info]   at java.base/java.util.concurrent.ThreadPoolExecutor$Worker.run(ThreadPoolExecutor.java:642)
[info]   at java.base/java.lang.Thread.run(Thread.java:1583)
[info]   Cause: java.lang.ClassCastException: Cannot cast scala.reflect.ClassTag$GenericClassTag to org.apache.spark.sql.catalyst.expressions.Expression
[info]   at java.base/java.lang.Class.cast(Class.java:4067)
[info]   at java.base/jdk.internal.reflect.DirectConstructorHandleAccessor.newInstance(DirectConstructorHandleAccessor.java:62)
[info]   at java.base/java.lang.reflect.Constructor.newInstanceWithCaller(Constructor.java:502)
[info]   at java.base/java.lang.reflect.Constructor.newInstance(Constructor.java:486)
[info]   at frameless.TypedExpressionEncoder$.$anonfun$apply$3(TypedExpressionEncoder.scala:55)
[info]   at scala.Option.map(Option.scala:242)
[info]   at frameless.TypedExpressionEncoder$.apply(TypedExpressionEncoder.scala:54)
[info]   at frameless.TypedDataset$.create(TypedDataset.scala:1325)
[info]   at frameless.functions.NonAggregateFunctionsTests.prop$33(NonAggregateFunctionsTests.scala:1020)
[info]   at frameless.functions.NonAggregateFunctionsTests.$anonfun$new$691(NonAggregateFunctionsTests.scala:1036)
[info]   at scala.Function1.$anonfun$andThen$1(Function1.scala:87)
[info]   at org.scalacheck.Prop$.$anonfun$forAllShrink$2(Prop.scala:868)
[info]   at org.scalacheck.Prop$.secure(Prop.scala:484)
[info]   at org.scalacheck.Prop$.result$1(Prop.scala:868)
[info]   at org.scalacheck.Prop$.$anonfun$forAllShrink$1(Prop.scala:915)
[info]   at org.scalacheck.Prop$.$anonfun$apply$1(Prop.scala:305)
[info]   at org.scalacheck.PropFromFun.apply(Prop.scala:20)
[info]   at org.scalacheck.Test$.workerFun$1(Test.scala:486)
[info]   at org.scalacheck.Test$.$anonfun$check$4(Test.scala:518)
[info]   at org.scalacheck.Test$.$anonfun$check$4$adapted(Test.scala:518)
[info]   at org.scalacheck.Platform$.runWorkers(Platform.scala:42)
[info]   at org.scalacheck.Test$.check(Test.scala:518)
[info]   at org.scalatestplus.scalacheck.UnitCheckerAsserting$CheckerAssertingImpl.check(CheckerAsserting.scala:90)
[info]   at org.scalatestplus.scalacheck.Checkers.check(Checkers.scala:371)
[info]   at org.scalatestplus.scalacheck.Checkers.check$(Checkers.scala:369)
[info]   at frameless.TypedDatasetSuite.check(TypedDatasetSuite.scala:63)
[info]   at frameless.functions.NonAggregateFunctionsTests.$anonfun$new$681(NonAggregateFunctionsTests.scala:1036)
[info]   at org.scalatest.OutcomeOf.outcomeOf(OutcomeOf.scala:85)
[info]   at org.scalatest.OutcomeOf.outcomeOf$(OutcomeOf.scala:83)
[info]   at org.scalatest.OutcomeOf$.outcomeOf(OutcomeOf.scala:104)
[info]   at org.scalatest.Transformer.apply(Transformer.scala:22)
[info]   at org.scalatest.Transformer.apply(Transformer.scala:20)
[info]   at org.scalatest.funsuite.AnyFunSuiteLike$$anon$1.apply(AnyFunSuiteLike.scala:226)
[info]   at org.scalatest.TestSuite.withFixture(TestSuite.scala:196)
[info]   at org.scalatest.TestSuite.withFixture$(TestSuite.scala:195)
[info]   at org.scalatest.funsuite.AnyFunSuite.withFixture(AnyFunSuite.scala:1564)
[info]   at org.scalatest.funsuite.AnyFunSuiteLike.invokeWithFixture$1(AnyFunSuiteLike.scala:224)
[info]   at org.scalatest.funsuite.AnyFunSuiteLike.$anonfun$runTest$1(AnyFunSuiteLike.scala:236)
[info]   at org.scalatest.SuperEngine.runTestImpl(Engine.scala:306)
[info]   at org.scalatest.funsuite.AnyFunSuiteLike.runTest(AnyFunSuiteLike.scala:236)
[info]   at org.scalatest.funsuite.AnyFunSuiteLike.runTest$(AnyFunSuiteLike.scala:218)
[info]   at org.scalatest.funsuite.AnyFunSuite.runTest(AnyFunSuite.scala:1564)
[info]   at org.scalatest.funsuite.AnyFunSuiteLike.$anonfun$runTests$1(AnyFunSuiteLike.scala:269)
[info]   at org.scalatest.SuperEngine.$anonfun$runTestsInBranch$1(Engine.scala:413)
[info]   at scala.collection.immutable.List.foreach(List.scala:334)
[info]   at org.scalatest.SuperEngine.traverseSubNodes$1(Engine.scala:401)
[info]   at org.scalatest.SuperEngine.runTestsInBranch(Engine.scala:396)
[info]   at org.scalatest.SuperEngine.runTestsImpl(Engine.scala:475)
[info]   at org.scalatest.funsuite.AnyFunSuiteLike.runTests(AnyFunSuiteLike.scala:269)
[info]   at org.scalatest.funsuite.AnyFunSuiteLike.runTests$(AnyFunSuiteLike.scala:268)
[info]   at org.scalatest.funsuite.AnyFunSuite.runTests(AnyFunSuite.scala:1564)
[info]   at org.scalatest.Suite.run(Suite.scala:1114)
[info]   at org.scalatest.Suite.run$(Suite.scala:1096)
[info]   at org.scalatest.funsuite.AnyFunSuite.org$scalatest$funsuite$AnyFunSuiteLike$$super$run(AnyFunSuite.scala:1564)
[info]   at org.scalatest.funsuite.AnyFunSuiteLike.$anonfun$run$1(AnyFunSuiteLike.scala:273)
[info]   at org.scalatest.SuperEngine.runImpl(Engine.scala:535)
[info]   at org.scalatest.funsuite.AnyFunSuiteLike.run(AnyFunSuiteLike.scala:273)
[info]   at org.scalatest.funsuite.AnyFunSuiteLike.run$(AnyFunSuiteLike.scala:272)
[info]   at frameless.TypedDatasetSuite.org$scalatest$BeforeAndAfterAll$$super$run(TypedDatasetSuite.scala:63)
[info]   at org.scalatest.BeforeAndAfterAll.liftedTree1$1(BeforeAndAfterAll.scala:213)
[info]   at org.scalatest.BeforeAndAfterAll.run(BeforeAndAfterAll.scala:210)
[info]   at org.scalatest.BeforeAndAfterAll.run$(BeforeAndAfterAll.scala:208)
[info]   at frameless.TypedDatasetSuite.run(TypedDatasetSuite.scala:63)
[info]   at org.scalatest.tools.Framework.org$scalatest$tools$Framework$$runSuite(Framework.scala:321)
[info]   at org.scalatest.tools.Framework$ScalaTestTask.execute(Framework.scala:517)
[info]   at sbt.ForkMain$Run.lambda$runTest$1(ForkMain.java:414)
[info]   at java.base/java.util.concurrent.FutureTask.run(FutureTask.java:317)
[info]   at java.base/java.util.concurrent.ThreadPoolExecutor.runWorker(ThreadPoolExecutor.java:1144)
[info]   at java.base/java.util.concurrent.ThreadPoolExecutor$Worker.run(ThreadPoolExecutor.java:642)
[info]   at java.base/java.lang.Thread.run(Thread.java:1583)
[info] - round *** FAILED *** (38 milliseconds)
[info]   IllegalArgumentException was thrown during property evaluation.
[info]     Message: argument type mismatch
[info]     Occurred when passed generated values (
[info]       arg0 = List()
[info]     )
[info]   org.scalatest.exceptions.GeneratorDrivenPropertyCheckFailedException:
[info]   at org.scalatestplus.scalacheck.CheckerAsserting$$anon$2.indicateFailure(CheckerAsserting.scala:251)
[info]   at org.scalatestplus.scalacheck.CheckerAsserting$$anon$2.indicateFailure(CheckerAsserting.scala:238)
[info]   at org.scalatestplus.scalacheck.UnitCheckerAsserting$CheckerAssertingImpl.check(CheckerAsserting.scala:160)
[info]   at org.scalatestplus.scalacheck.Checkers.check(Checkers.scala:371)
[info]   at org.scalatestplus.scalacheck.Checkers.check$(Checkers.scala:369)
[info]   at frameless.TypedDatasetSuite.check(TypedDatasetSuite.scala:63)
[info]   at frameless.functions.NonAggregateFunctionsTests.$anonfun$new$693(NonAggregateFunctionsTests.scala:1064)
[info]   at org.scalatest.OutcomeOf.outcomeOf(OutcomeOf.scala:85)
[info]   at org.scalatest.OutcomeOf.outcomeOf$(OutcomeOf.scala:83)
[info]   at org.scalatest.OutcomeOf$.outcomeOf(OutcomeOf.scala:104)
[info]   at org.scalatest.Transformer.apply(Transformer.scala:22)
[info]   at org.scalatest.Transformer.apply(Transformer.scala:20)
[info]   at org.scalatest.funsuite.AnyFunSuiteLike$$anon$1.apply(AnyFunSuiteLike.scala:226)
[info]   at org.scalatest.TestSuite.withFixture(TestSuite.scala:196)
[info]   at org.scalatest.TestSuite.withFixture$(TestSuite.scala:195)
[info]   at org.scalatest.funsuite.AnyFunSuite.withFixture(AnyFunSuite.scala:1564)
[info]   at org.scalatest.funsuite.AnyFunSuiteLike.invokeWithFixture$1(AnyFunSuiteLike.scala:224)
[info]   at org.scalatest.funsuite.AnyFunSuiteLike.$anonfun$runTest$1(AnyFunSuiteLike.scala:236)
[info]   at org.scalatest.SuperEngine.runTestImpl(Engine.scala:306)
[info]   at org.scalatest.funsuite.AnyFunSuiteLike.runTest(AnyFunSuiteLike.scala:236)
[info]   at org.scalatest.funsuite.AnyFunSuiteLike.runTest$(AnyFunSuiteLike.scala:218)
[info]   at org.scalatest.funsuite.AnyFunSuite.runTest(AnyFunSuite.scala:1564)
[info]   at org.scalatest.funsuite.AnyFunSuiteLike.$anonfun$runTests$1(AnyFunSuiteLike.scala:269)
[info]   at org.scalatest.SuperEngine.$anonfun$runTestsInBranch$1(Engine.scala:413)
[info]   at scala.collection.immutable.List.foreach(List.scala:334)
[info]   at org.scalatest.SuperEngine.traverseSubNodes$1(Engine.scala:401)
[info]   at org.scalatest.SuperEngine.runTestsInBranch(Engine.scala:396)
[info]   at org.scalatest.SuperEngine.runTestsImpl(Engine.scala:475)
[info]   at org.scalatest.funsuite.AnyFunSuiteLike.runTests(AnyFunSuiteLike.scala:269)
[info]   at org.scalatest.funsuite.AnyFunSuiteLike.runTests$(AnyFunSuiteLike.scala:268)
[info]   at org.scalatest.funsuite.AnyFunSuite.runTests(AnyFunSuite.scala:1564)
[info]   at org.scalatest.Suite.run(Suite.scala:1114)
[info]   at org.scalatest.Suite.run$(Suite.scala:1096)
[info]   at org.scalatest.funsuite.AnyFunSuite.org$scalatest$funsuite$AnyFunSuiteLike$$super$run(AnyFunSuite.scala:1564)
[info]   at org.scalatest.funsuite.AnyFunSuiteLike.$anonfun$run$1(AnyFunSuiteLike.scala:273)
[info]   at org.scalatest.SuperEngine.runImpl(Engine.scala:535)
[info]   at org.scalatest.funsuite.AnyFunSuiteLike.run(AnyFunSuiteLike.scala:273)
[info]   at org.scalatest.funsuite.AnyFunSuiteLike.run$(AnyFunSuiteLike.scala:272)
[info]   at frameless.TypedDatasetSuite.org$scalatest$BeforeAndAfterAll$$super$run(TypedDatasetSuite.scala:63)
[info]   at org.scalatest.BeforeAndAfterAll.liftedTree1$1(BeforeAndAfterAll.scala:213)
[info]   at org.scalatest.BeforeAndAfterAll.run(BeforeAndAfterAll.scala:210)
[info]   at org.scalatest.BeforeAndAfterAll.run$(BeforeAndAfterAll.scala:208)
[info]   at frameless.TypedDatasetSuite.run(TypedDatasetSuite.scala:63)
[info]   at org.scalatest.tools.Framework.org$scalatest$tools$Framework$$runSuite(Framework.scala:321)
[info]   at org.scalatest.tools.Framework$ScalaTestTask.execute(Framework.scala:517)
[info]   at sbt.ForkMain$Run.lambda$runTest$1(ForkMain.java:414)
[info]   at java.base/java.util.concurrent.FutureTask.run(FutureTask.java:317)
[info]   at java.base/java.util.concurrent.ThreadPoolExecutor.runWorker(ThreadPoolExecutor.java:1144)
[info]   at java.base/java.util.concurrent.ThreadPoolExecutor$Worker.run(ThreadPoolExecutor.java:642)
[info]   at java.base/java.lang.Thread.run(Thread.java:1583)
[info]   Cause: java.lang.IllegalArgumentException: argument type mismatch
[info]   at java.base/jdk.internal.reflect.DirectConstructorHandleAccessor.newInstance(DirectConstructorHandleAccessor.java:65)
[info]   at java.base/java.lang.reflect.Constructor.newInstanceWithCaller(Constructor.java:502)
[info]   at java.base/java.lang.reflect.Constructor.newInstance(Constructor.java:486)
[info]   at frameless.TypedExpressionEncoder$.$anonfun$apply$3(TypedExpressionEncoder.scala:55)
[info]   at scala.Option.map(Option.scala:242)
[info]   at frameless.TypedExpressionEncoder$.apply(TypedExpressionEncoder.scala:54)
[info]   at frameless.TypedDataset$.create(TypedDataset.scala:1325)
[info]   at frameless.functions.NonAggregateFunctionsTests.prop$34(NonAggregateFunctionsTests.scala:1054)
[info]   at frameless.functions.NonAggregateFunctionsTests.$anonfun$new$703(NonAggregateFunctionsTests.scala:1064)
[info]   at scala.Function1.$anonfun$andThen$1(Function1.scala:87)
[info]   at org.scalacheck.Prop$.$anonfun$forAllShrink$2(Prop.scala:868)
[info]   at org.scalacheck.Prop$.secure(Prop.scala:484)
[info]   at org.scalacheck.Prop$.result$1(Prop.scala:868)
[info]   at org.scalacheck.Prop$.$anonfun$forAllShrink$1(Prop.scala:915)
[info]   at org.scalacheck.Prop$.$anonfun$apply$1(Prop.scala:305)
[info]   at org.scalacheck.PropFromFun.apply(Prop.scala:20)
[info]   at org.scalacheck.Test$.workerFun$1(Test.scala:486)
[info]   at org.scalacheck.Test$.$anonfun$check$4(Test.scala:518)
[info]   at org.scalacheck.Test$.$anonfun$check$4$adapted(Test.scala:518)
[info]   at org.scalacheck.Platform$.runWorkers(Platform.scala:42)
[info]   at org.scalacheck.Test$.check(Test.scala:518)
[info]   at org.scalatestplus.scalacheck.UnitCheckerAsserting$CheckerAssertingImpl.check(CheckerAsserting.scala:90)
[info]   at org.scalatestplus.scalacheck.Checkers.check(Checkers.scala:371)
[info]   at org.scalatestplus.scalacheck.Checkers.check$(Checkers.scala:369)
[info]   at frameless.TypedDatasetSuite.check(TypedDatasetSuite.scala:63)
[info]   at frameless.functions.NonAggregateFunctionsTests.$anonfun$new$693(NonAggregateFunctionsTests.scala:1064)
[info]   at org.scalatest.OutcomeOf.outcomeOf(OutcomeOf.scala:85)
[info]   at org.scalatest.OutcomeOf.outcomeOf$(OutcomeOf.scala:83)
[info]   at org.scalatest.OutcomeOf$.outcomeOf(OutcomeOf.scala:104)
[info]   at org.scalatest.Transformer.apply(Transformer.scala:22)
[info]   at org.scalatest.Transformer.apply(Transformer.scala:20)
[info]   at org.scalatest.funsuite.AnyFunSuiteLike$$anon$1.apply(AnyFunSuiteLike.scala:226)
[info]   at org.scalatest.TestSuite.withFixture(TestSuite.scala:196)
[info]   at org.scalatest.TestSuite.withFixture$(TestSuite.scala:195)
[info]   at org.scalatest.funsuite.AnyFunSuite.withFixture(AnyFunSuite.scala:1564)
[info]   at org.scalatest.funsuite.AnyFunSuiteLike.invokeWithFixture$1(AnyFunSuiteLike.scala:224)
[info]   at org.scalatest.funsuite.AnyFunSuiteLike.$anonfun$runTest$1(AnyFunSuiteLike.scala:236)
[info]   at org.scalatest.SuperEngine.runTestImpl(Engine.scala:306)
[info]   at org.scalatest.funsuite.AnyFunSuiteLike.runTest(AnyFunSuiteLike.scala:236)
[info]   at org.scalatest.funsuite.AnyFunSuiteLike.runTest$(AnyFunSuiteLike.scala:218)
[info]   at org.scalatest.funsuite.AnyFunSuite.runTest(AnyFunSuite.scala:1564)
[info]   at org.scalatest.funsuite.AnyFunSuiteLike.$anonfun$runTests$1(AnyFunSuiteLike.scala:269)
[info]   at org.scalatest.SuperEngine.$anonfun$runTestsInBranch$1(Engine.scala:413)
[info]   at scala.collection.immutable.List.foreach(List.scala:334)
[info]   at org.scalatest.SuperEngine.traverseSubNodes$1(Engine.scala:401)
[info]   at org.scalatest.SuperEngine.runTestsInBranch(Engine.scala:396)
[info]   at org.scalatest.SuperEngine.runTestsImpl(Engine.scala:475)
[info]   at org.scalatest.funsuite.AnyFunSuiteLike.runTests(AnyFunSuiteLike.scala:269)
[info]   at org.scalatest.funsuite.AnyFunSuiteLike.runTests$(AnyFunSuiteLike.scala:268)
[info]   at org.scalatest.funsuite.AnyFunSuite.runTests(AnyFunSuite.scala:1564)
[info]   at org.scalatest.Suite.run(Suite.scala:1114)
[info]   at org.scalatest.Suite.run$(Suite.scala:1096)
[info]   at org.scalatest.funsuite.AnyFunSuite.org$scalatest$funsuite$AnyFunSuiteLike$$super$run(AnyFunSuite.scala:1564)
[info]   at org.scalatest.funsuite.AnyFunSuiteLike.$anonfun$run$1(AnyFunSuiteLike.scala:273)
[info]   at org.scalatest.SuperEngine.runImpl(Engine.scala:535)
[info]   at org.scalatest.funsuite.AnyFunSuiteLike.run(AnyFunSuiteLike.scala:273)
[info]   at org.scalatest.funsuite.AnyFunSuiteLike.run$(AnyFunSuiteLike.scala:272)
[info]   at frameless.TypedDatasetSuite.org$scalatest$BeforeAndAfterAll$$super$run(TypedDatasetSuite.scala:63)
[info]   at org.scalatest.BeforeAndAfterAll.liftedTree1$1(BeforeAndAfterAll.scala:213)
[info]   at org.scalatest.BeforeAndAfterAll.run(BeforeAndAfterAll.scala:210)
[info]   at org.scalatest.BeforeAndAfterAll.run$(BeforeAndAfterAll.scala:208)
[info]   at frameless.TypedDatasetSuite.run(TypedDatasetSuite.scala:63)
[info]   at org.scalatest.tools.Framework.org$scalatest$tools$Framework$$runSuite(Framework.scala:321)
[info]   at org.scalatest.tools.Framework$ScalaTestTask.execute(Framework.scala:517)
[info]   at sbt.ForkMain$Run.lambda$runTest$1(ForkMain.java:414)
[info]   at java.base/java.util.concurrent.FutureTask.run(FutureTask.java:317)
[info]   at java.base/java.util.concurrent.ThreadPoolExecutor.runWorker(ThreadPoolExecutor.java:1144)
[info]   at java.base/java.util.concurrent.ThreadPoolExecutor$Worker.run(ThreadPoolExecutor.java:642)
[info]   at java.base/java.lang.Thread.run(Thread.java:1583)
[info]   Cause: java.lang.ClassCastException: Cannot cast scala.reflect.ClassTag$GenericClassTag to org.apache.spark.sql.catalyst.expressions.Expression
[info]   at java.base/java.lang.Class.cast(Class.java:4067)
[info]   at java.base/jdk.internal.reflect.DirectConstructorHandleAccessor.newInstance(DirectConstructorHandleAccessor.java:62)
[info]   at java.base/java.lang.reflect.Constructor.newInstanceWithCaller(Constructor.java:502)
[info]   at java.base/java.lang.reflect.Constructor.newInstance(Constructor.java:486)
[info]   at frameless.TypedExpressionEncoder$.$anonfun$apply$3(TypedExpressionEncoder.scala:55)
[info]   at scala.Option.map(Option.scala:242)
[info]   at frameless.TypedExpressionEncoder$.apply(TypedExpressionEncoder.scala:54)
[info]   at frameless.TypedDataset$.create(TypedDataset.scala:1325)
[info]   at frameless.functions.NonAggregateFunctionsTests.prop$34(NonAggregateFunctionsTests.scala:1054)
[info]   at frameless.functions.NonAggregateFunctionsTests.$anonfun$new$703(NonAggregateFunctionsTests.scala:1064)
[info]   at scala.Function1.$anonfun$andThen$1(Function1.scala:87)
[info]   at org.scalacheck.Prop$.$anonfun$forAllShrink$2(Prop.scala:868)
[info]   at org.scalacheck.Prop$.secure(Prop.scala:484)
[info]   at org.scalacheck.Prop$.result$1(Prop.scala:868)
[info]   at org.scalacheck.Prop$.$anonfun$forAllShrink$1(Prop.scala:915)
[info]   at org.scalacheck.Prop$.$anonfun$apply$1(Prop.scala:305)
[info]   at org.scalacheck.PropFromFun.apply(Prop.scala:20)
[info]   at org.scalacheck.Test$.workerFun$1(Test.scala:486)
[info]   at org.scalacheck.Test$.$anonfun$check$4(Test.scala:518)
[info]   at org.scalacheck.Test$.$anonfun$check$4$adapted(Test.scala:518)
[info]   at org.scalacheck.Platform$.runWorkers(Platform.scala:42)
[info]   at org.scalacheck.Test$.check(Test.scala:518)
[info]   at org.scalatestplus.scalacheck.UnitCheckerAsserting$CheckerAssertingImpl.check(CheckerAsserting.scala:90)
[info]   at org.scalatestplus.scalacheck.Checkers.check(Checkers.scala:371)
[info]   at org.scalatestplus.scalacheck.Checkers.check$(Checkers.scala:369)
[info]   at frameless.TypedDatasetSuite.check(TypedDatasetSuite.scala:63)
[info]   at frameless.functions.NonAggregateFunctionsTests.$anonfun$new$693(NonAggregateFunctionsTests.scala:1064)
[info]   at org.scalatest.OutcomeOf.outcomeOf(OutcomeOf.scala:85)
[info]   at org.scalatest.OutcomeOf.outcomeOf$(OutcomeOf.scala:83)
[info]   at org.scalatest.OutcomeOf$.outcomeOf(OutcomeOf.scala:104)
[info]   at org.scalatest.Transformer.apply(Transformer.scala:22)
[info]   at org.scalatest.Transformer.apply(Transformer.scala:20)
[info]   at org.scalatest.funsuite.AnyFunSuiteLike$$anon$1.apply(AnyFunSuiteLike.scala:226)
[info]   at org.scalatest.TestSuite.withFixture(TestSuite.scala:196)
[info]   at org.scalatest.TestSuite.withFixture$(TestSuite.scala:195)
[info]   at org.scalatest.funsuite.AnyFunSuite.withFixture(AnyFunSuite.scala:1564)
[info]   at org.scalatest.funsuite.AnyFunSuiteLike.invokeWithFixture$1(AnyFunSuiteLike.scala:224)
[info]   at org.scalatest.funsuite.AnyFunSuiteLike.$anonfun$runTest$1(AnyFunSuiteLike.scala:236)
[info]   at org.scalatest.SuperEngine.runTestImpl(Engine.scala:306)
[info]   at org.scalatest.funsuite.AnyFunSuiteLike.runTest(AnyFunSuiteLike.scala:236)
[info]   at org.scalatest.funsuite.AnyFunSuiteLike.runTest$(AnyFunSuiteLike.scala:218)
[info]   at org.scalatest.funsuite.AnyFunSuite.runTest(AnyFunSuite.scala:1564)
[info]   at org.scalatest.funsuite.AnyFunSuiteLike.$anonfun$runTests$1(AnyFunSuiteLike.scala:269)
[info]   at org.scalatest.SuperEngine.$anonfun$runTestsInBranch$1(Engine.scala:413)
[info]   at scala.collection.immutable.List.foreach(List.scala:334)
[info]   at org.scalatest.SuperEngine.traverseSubNodes$1(Engine.scala:401)
[info]   at org.scalatest.SuperEngine.runTestsInBranch(Engine.scala:396)
[info]   at org.scalatest.SuperEngine.runTestsImpl(Engine.scala:475)
[info]   at org.scalatest.funsuite.AnyFunSuiteLike.runTests(AnyFunSuiteLike.scala:269)
[info]   at org.scalatest.funsuite.AnyFunSuiteLike.runTests$(AnyFunSuiteLike.scala:268)
[info]   at org.scalatest.funsuite.AnyFunSuite.runTests(AnyFunSuite.scala:1564)
[info]   at org.scalatest.Suite.run(Suite.scala:1114)
[info]   at org.scalatest.Suite.run$(Suite.scala:1096)
[info]   at org.scalatest.funsuite.AnyFunSuite.org$scalatest$funsuite$AnyFunSuiteLike$$super$run(AnyFunSuite.scala:1564)
[info]   at org.scalatest.funsuite.AnyFunSuiteLike.$anonfun$run$1(AnyFunSuiteLike.scala:273)
[info]   at org.scalatest.SuperEngine.runImpl(Engine.scala:535)
[info]   at org.scalatest.funsuite.AnyFunSuiteLike.run(AnyFunSuiteLike.scala:273)
[info]   at org.scalatest.funsuite.AnyFunSuiteLike.run$(AnyFunSuiteLike.scala:272)
[info]   at frameless.TypedDatasetSuite.org$scalatest$BeforeAndAfterAll$$super$run(TypedDatasetSuite.scala:63)
[info]   at org.scalatest.BeforeAndAfterAll.liftedTree1$1(BeforeAndAfterAll.scala:213)
[info]   at org.scalatest.BeforeAndAfterAll.run(BeforeAndAfterAll.scala:210)
[info]   at org.scalatest.BeforeAndAfterAll.run$(BeforeAndAfterAll.scala:208)
[info]   at frameless.TypedDatasetSuite.run(TypedDatasetSuite.scala:63)
[info]   at org.scalatest.tools.Framework.org$scalatest$tools$Framework$$runSuite(Framework.scala:321)
[info]   at org.scalatest.tools.Framework$ScalaTestTask.execute(Framework.scala:517)
[info]   at sbt.ForkMain$Run.lambda$runTest$1(ForkMain.java:414)
[info]   at java.base/java.util.concurrent.FutureTask.run(FutureTask.java:317)
[info]   at java.base/java.util.concurrent.ThreadPoolExecutor.runWorker(ThreadPoolExecutor.java:1144)
[info]   at java.base/java.util.concurrent.ThreadPoolExecutor$Worker.run(ThreadPoolExecutor.java:642)
[info]   at java.base/java.lang.Thread.run(Thread.java:1583)
[info] - round big decimal *** FAILED *** (39 milliseconds)
[info]   IllegalArgumentException was thrown during property evaluation.
[info]     Message: argument type mismatch
[info]     Occurred when passed generated values (
[info]       arg0 = List()
[info]     )
[info]   org.scalatest.exceptions.GeneratorDrivenPropertyCheckFailedException:
[info]   at org.scalatestplus.scalacheck.CheckerAsserting$$anon$2.indicateFailure(CheckerAsserting.scala:251)
[info]   at org.scalatestplus.scalacheck.CheckerAsserting$$anon$2.indicateFailure(CheckerAsserting.scala:238)
[info]   at org.scalatestplus.scalacheck.UnitCheckerAsserting$CheckerAssertingImpl.check(CheckerAsserting.scala:160)
[info]   at org.scalatestplus.scalacheck.Checkers.check(Checkers.scala:371)
[info]   at org.scalatestplus.scalacheck.Checkers.check$(Checkers.scala:369)
[info]   at frameless.TypedDatasetSuite.check(TypedDatasetSuite.scala:63)
[info]   at frameless.functions.NonAggregateFunctionsTests.$anonfun$new$711(NonAggregateFunctionsTests.scala:1097)
[info]   at org.scalatest.OutcomeOf.outcomeOf(OutcomeOf.scala:85)
[info]   at org.scalatest.OutcomeOf.outcomeOf$(OutcomeOf.scala:83)
[info]   at org.scalatest.OutcomeOf$.outcomeOf(OutcomeOf.scala:104)
[info]   at org.scalatest.Transformer.apply(Transformer.scala:22)
[info]   at org.scalatest.Transformer.apply(Transformer.scala:20)
[info]   at org.scalatest.funsuite.AnyFunSuiteLike$$anon$1.apply(AnyFunSuiteLike.scala:226)
[info]   at org.scalatest.TestSuite.withFixture(TestSuite.scala:196)
[info]   at org.scalatest.TestSuite.withFixture$(TestSuite.scala:195)
[info]   at org.scalatest.funsuite.AnyFunSuite.withFixture(AnyFunSuite.scala:1564)
[info]   at org.scalatest.funsuite.AnyFunSuiteLike.invokeWithFixture$1(AnyFunSuiteLike.scala:224)
[info]   at org.scalatest.funsuite.AnyFunSuiteLike.$anonfun$runTest$1(AnyFunSuiteLike.scala:236)
[info]   at org.scalatest.SuperEngine.runTestImpl(Engine.scala:306)
[info]   at org.scalatest.funsuite.AnyFunSuiteLike.runTest(AnyFunSuiteLike.scala:236)
[info]   at org.scalatest.funsuite.AnyFunSuiteLike.runTest$(AnyFunSuiteLike.scala:218)
[info]   at org.scalatest.funsuite.AnyFunSuite.runTest(AnyFunSuite.scala:1564)
[info]   at org.scalatest.funsuite.AnyFunSuiteLike.$anonfun$runTests$1(AnyFunSuiteLike.scala:269)
[info]   at org.scalatest.SuperEngine.$anonfun$runTestsInBranch$1(Engine.scala:413)
[info]   at scala.collection.immutable.List.foreach(List.scala:334)
[info]   at org.scalatest.SuperEngine.traverseSubNodes$1(Engine.scala:401)
[info]   at org.scalatest.SuperEngine.runTestsInBranch(Engine.scala:396)
[info]   at org.scalatest.SuperEngine.runTestsImpl(Engine.scala:475)
[info]   at org.scalatest.funsuite.AnyFunSuiteLike.runTests(AnyFunSuiteLike.scala:269)
[info]   at org.scalatest.funsuite.AnyFunSuiteLike.runTests$(AnyFunSuiteLike.scala:268)
[info]   at org.scalatest.funsuite.AnyFunSuite.runTests(AnyFunSuite.scala:1564)
[info]   at org.scalatest.Suite.run(Suite.scala:1114)
[info]   at org.scalatest.Suite.run$(Suite.scala:1096)
[info]   at org.scalatest.funsuite.AnyFunSuite.org$scalatest$funsuite$AnyFunSuiteLike$$super$run(AnyFunSuite.scala:1564)
[info]   at org.scalatest.funsuite.AnyFunSuiteLike.$anonfun$run$1(AnyFunSuiteLike.scala:273)
[info]   at org.scalatest.SuperEngine.runImpl(Engine.scala:535)
[info]   at org.scalatest.funsuite.AnyFunSuiteLike.run(AnyFunSuiteLike.scala:273)
[info]   at org.scalatest.funsuite.AnyFunSuiteLike.run$(AnyFunSuiteLike.scala:272)
[info]   at frameless.TypedDatasetSuite.org$scalatest$BeforeAndAfterAll$$super$run(TypedDatasetSuite.scala:63)
[info]   at org.scalatest.BeforeAndAfterAll.liftedTree1$1(BeforeAndAfterAll.scala:213)
[info]   at org.scalatest.BeforeAndAfterAll.run(BeforeAndAfterAll.scala:210)
[info]   at org.scalatest.BeforeAndAfterAll.run$(BeforeAndAfterAll.scala:208)
[info]   at frameless.TypedDatasetSuite.run(TypedDatasetSuite.scala:63)
[info]   at org.scalatest.tools.Framework.org$scalatest$tools$Framework$$runSuite(Framework.scala:321)
[info]   at org.scalatest.tools.Framework$ScalaTestTask.execute(Framework.scala:517)
[info]   at sbt.ForkMain$Run.lambda$runTest$1(ForkMain.java:414)
[info]   at java.base/java.util.concurrent.FutureTask.run(FutureTask.java:317)
[info]   at java.base/java.util.concurrent.ThreadPoolExecutor.runWorker(ThreadPoolExecutor.java:1144)
[info]   at java.base/java.util.concurrent.ThreadPoolExecutor$Worker.run(ThreadPoolExecutor.java:642)
[info]   at java.base/java.lang.Thread.run(Thread.java:1583)
[info]   Cause: java.lang.IllegalArgumentException: argument type mismatch
[info]   at java.base/jdk.internal.reflect.DirectConstructorHandleAccessor.newInstance(DirectConstructorHandleAccessor.java:65)
[info]   at java.base/java.lang.reflect.Constructor.newInstanceWithCaller(Constructor.java:502)
[info]   at java.base/java.lang.reflect.Constructor.newInstance(Constructor.java:486)
[info]   at frameless.TypedExpressionEncoder$.$anonfun$apply$3(TypedExpressionEncoder.scala:55)
[info]   at scala.Option.map(Option.scala:242)
[info]   at frameless.TypedExpressionEncoder$.apply(TypedExpressionEncoder.scala:54)
[info]   at frameless.TypedDataset$.create(TypedDataset.scala:1325)
[info]   at frameless.functions.NonAggregateFunctionsTests.prop$35(NonAggregateFunctionsTests.scala:1086)
[info]   at frameless.functions.NonAggregateFunctionsTests.$anonfun$new$722(NonAggregateFunctionsTests.scala:1097)
[info]   at scala.Function1.$anonfun$andThen$1(Function1.scala:87)
[info]   at org.scalacheck.Prop$.$anonfun$forAllShrink$2(Prop.scala:868)
[info]   at org.scalacheck.Prop$.secure(Prop.scala:484)
[info]   at org.scalacheck.Prop$.result$1(Prop.scala:868)
[info]   at org.scalacheck.Prop$.$anonfun$forAllShrink$1(Prop.scala:915)
[info]   at org.scalacheck.Prop$.$anonfun$apply$1(Prop.scala:305)
[info]   at org.scalacheck.PropFromFun.apply(Prop.scala:20)
[info]   at org.scalacheck.Test$.workerFun$1(Test.scala:486)
[info]   at org.scalacheck.Test$.$anonfun$check$4(Test.scala:518)
[info]   at org.scalacheck.Test$.$anonfun$check$4$adapted(Test.scala:518)
[info]   at org.scalacheck.Platform$.runWorkers(Platform.scala:42)
[info]   at org.scalacheck.Test$.check(Test.scala:518)
[info]   at org.scalatestplus.scalacheck.UnitCheckerAsserting$CheckerAssertingImpl.check(CheckerAsserting.scala:90)
[info]   at org.scalatestplus.scalacheck.Checkers.check(Checkers.scala:371)
[info]   at org.scalatestplus.scalacheck.Checkers.check$(Checkers.scala:369)
[info]   at frameless.TypedDatasetSuite.check(TypedDatasetSuite.scala:63)
[info]   at frameless.functions.NonAggregateFunctionsTests.$anonfun$new$711(NonAggregateFunctionsTests.scala:1097)
[info]   at org.scalatest.OutcomeOf.outcomeOf(OutcomeOf.scala:85)
[info]   at org.scalatest.OutcomeOf.outcomeOf$(OutcomeOf.scala:83)
[info]   at org.scalatest.OutcomeOf$.outcomeOf(OutcomeOf.scala:104)
[info]   at org.scalatest.Transformer.apply(Transformer.scala:22)
[info]   at org.scalatest.Transformer.apply(Transformer.scala:20)
[info]   at org.scalatest.funsuite.AnyFunSuiteLike$$anon$1.apply(AnyFunSuiteLike.scala:226)
[info]   at org.scalatest.TestSuite.withFixture(TestSuite.scala:196)
[info]   at org.scalatest.TestSuite.withFixture$(TestSuite.scala:195)
[info]   at org.scalatest.funsuite.AnyFunSuite.withFixture(AnyFunSuite.scala:1564)
[info]   at org.scalatest.funsuite.AnyFunSuiteLike.invokeWithFixture$1(AnyFunSuiteLike.scala:224)
[info]   at org.scalatest.funsuite.AnyFunSuiteLike.$anonfun$runTest$1(AnyFunSuiteLike.scala:236)
[info]   at org.scalatest.SuperEngine.runTestImpl(Engine.scala:306)
[info]   at org.scalatest.funsuite.AnyFunSuiteLike.runTest(AnyFunSuiteLike.scala:236)
[info]   at org.scalatest.funsuite.AnyFunSuiteLike.runTest$(AnyFunSuiteLike.scala:218)
[info]   at org.scalatest.funsuite.AnyFunSuite.runTest(AnyFunSuite.scala:1564)
[info]   at org.scalatest.funsuite.AnyFunSuiteLike.$anonfun$runTests$1(AnyFunSuiteLike.scala:269)
[info]   at org.scalatest.SuperEngine.$anonfun$runTestsInBranch$1(Engine.scala:413)
[info]   at scala.collection.immutable.List.foreach(List.scala:334)
[info]   at org.scalatest.SuperEngine.traverseSubNodes$1(Engine.scala:401)
[info]   at org.scalatest.SuperEngine.runTestsInBranch(Engine.scala:396)
[info]   at org.scalatest.SuperEngine.runTestsImpl(Engine.scala:475)
[info]   at org.scalatest.funsuite.AnyFunSuiteLike.runTests(AnyFunSuiteLike.scala:269)
[info]   at org.scalatest.funsuite.AnyFunSuiteLike.runTests$(AnyFunSuiteLike.scala:268)
[info]   at org.scalatest.funsuite.AnyFunSuite.runTests(AnyFunSuite.scala:1564)
[info]   at org.scalatest.Suite.run(Suite.scala:1114)
[info]   at org.scalatest.Suite.run$(Suite.scala:1096)
[info]   at org.scalatest.funsuite.AnyFunSuite.org$scalatest$funsuite$AnyFunSuiteLike$$super$run(AnyFunSuite.scala:1564)
[info]   at org.scalatest.funsuite.AnyFunSuiteLike.$anonfun$run$1(AnyFunSuiteLike.scala:273)
[info]   at org.scalatest.SuperEngine.runImpl(Engine.scala:535)
[info]   at org.scalatest.funsuite.AnyFunSuiteLike.run(AnyFunSuiteLike.scala:273)
[info]   at org.scalatest.funsuite.AnyFunSuiteLike.run$(AnyFunSuiteLike.scala:272)
[info]   at frameless.TypedDatasetSuite.org$scalatest$BeforeAndAfterAll$$super$run(TypedDatasetSuite.scala:63)
[info]   at org.scalatest.BeforeAndAfterAll.liftedTree1$1(BeforeAndAfterAll.scala:213)
[info]   at org.scalatest.BeforeAndAfterAll.run(BeforeAndAfterAll.scala:210)
[info]   at org.scalatest.BeforeAndAfterAll.run$(BeforeAndAfterAll.scala:208)
[info]   at frameless.TypedDatasetSuite.run(TypedDatasetSuite.scala:63)
[info]   at org.scalatest.tools.Framework.org$scalatest$tools$Framework$$runSuite(Framework.scala:321)
[info]   at org.scalatest.tools.Framework$ScalaTestTask.execute(Framework.scala:517)
[info]   at sbt.ForkMain$Run.lambda$runTest$1(ForkMain.java:414)
[info]   at java.base/java.util.concurrent.FutureTask.run(FutureTask.java:317)
[info]   at java.base/java.util.concurrent.ThreadPoolExecutor.runWorker(ThreadPoolExecutor.java:1144)
[info]   at java.base/java.util.concurrent.ThreadPoolExecutor$Worker.run(ThreadPoolExecutor.java:642)
[info]   at java.base/java.lang.Thread.run(Thread.java:1583)
[info]   Cause: java.lang.ClassCastException: Cannot cast scala.reflect.ClassTag$GenericClassTag to org.apache.spark.sql.catalyst.expressions.Expression
[info]   at java.base/java.lang.Class.cast(Class.java:4067)
[info]   at java.base/jdk.internal.reflect.DirectConstructorHandleAccessor.newInstance(DirectConstructorHandleAccessor.java:62)
[info]   at java.base/java.lang.reflect.Constructor.newInstanceWithCaller(Constructor.java:502)
[info]   at java.base/java.lang.reflect.Constructor.newInstance(Constructor.java:486)
[info]   at frameless.TypedExpressionEncoder$.$anonfun$apply$3(TypedExpressionEncoder.scala:55)
[info]   at scala.Option.map(Option.scala:242)
[info]   at frameless.TypedExpressionEncoder$.apply(TypedExpressionEncoder.scala:54)
[info]   at frameless.TypedDataset$.create(TypedDataset.scala:1325)
[info]   at frameless.functions.NonAggregateFunctionsTests.prop$35(NonAggregateFunctionsTests.scala:1086)
[info]   at frameless.functions.NonAggregateFunctionsTests.$anonfun$new$722(NonAggregateFunctionsTests.scala:1097)
[info]   at scala.Function1.$anonfun$andThen$1(Function1.scala:87)
[info]   at org.scalacheck.Prop$.$anonfun$forAllShrink$2(Prop.scala:868)
[info]   at org.scalacheck.Prop$.secure(Prop.scala:484)
[info]   at org.scalacheck.Prop$.result$1(Prop.scala:868)
[info]   at org.scalacheck.Prop$.$anonfun$forAllShrink$1(Prop.scala:915)
[info]   at org.scalacheck.Prop$.$anonfun$apply$1(Prop.scala:305)
[info]   at org.scalacheck.PropFromFun.apply(Prop.scala:20)
[info]   at org.scalacheck.Test$.workerFun$1(Test.scala:486)
[info]   at org.scalacheck.Test$.$anonfun$check$4(Test.scala:518)
[info]   at org.scalacheck.Test$.$anonfun$check$4$adapted(Test.scala:518)
[info]   at org.scalacheck.Platform$.runWorkers(Platform.scala:42)
[info]   at org.scalacheck.Test$.check(Test.scala:518)
[info]   at org.scalatestplus.scalacheck.UnitCheckerAsserting$CheckerAssertingImpl.check(CheckerAsserting.scala:90)
[info]   at org.scalatestplus.scalacheck.Checkers.check(Checkers.scala:371)
[info]   at org.scalatestplus.scalacheck.Checkers.check$(Checkers.scala:369)
[info]   at frameless.TypedDatasetSuite.check(TypedDatasetSuite.scala:63)
[info]   at frameless.functions.NonAggregateFunctionsTests.$anonfun$new$711(NonAggregateFunctionsTests.scala:1097)
[info]   at org.scalatest.OutcomeOf.outcomeOf(OutcomeOf.scala:85)
[info]   at org.scalatest.OutcomeOf.outcomeOf$(OutcomeOf.scala:83)
[info]   at org.scalatest.OutcomeOf$.outcomeOf(OutcomeOf.scala:104)
[info]   at org.scalatest.Transformer.apply(Transformer.scala:22)
[info]   at org.scalatest.Transformer.apply(Transformer.scala:20)
[info]   at org.scalatest.funsuite.AnyFunSuiteLike$$anon$1.apply(AnyFunSuiteLike.scala:226)
[info]   at org.scalatest.TestSuite.withFixture(TestSuite.scala:196)
[info]   at org.scalatest.TestSuite.withFixture$(TestSuite.scala:195)
[info]   at org.scalatest.funsuite.AnyFunSuite.withFixture(AnyFunSuite.scala:1564)
[info]   at org.scalatest.funsuite.AnyFunSuiteLike.invokeWithFixture$1(AnyFunSuiteLike.scala:224)
[info]   at org.scalatest.funsuite.AnyFunSuiteLike.$anonfun$runTest$1(AnyFunSuiteLike.scala:236)
[info]   at org.scalatest.SuperEngine.runTestImpl(Engine.scala:306)
[info]   at org.scalatest.funsuite.AnyFunSuiteLike.runTest(AnyFunSuiteLike.scala:236)
[info]   at org.scalatest.funsuite.AnyFunSuiteLike.runTest$(AnyFunSuiteLike.scala:218)
[info]   at org.scalatest.funsuite.AnyFunSuite.runTest(AnyFunSuite.scala:1564)
[info]   at org.scalatest.funsuite.AnyFunSuiteLike.$anonfun$runTests$1(AnyFunSuiteLike.scala:269)
[info]   at org.scalatest.SuperEngine.$anonfun$runTestsInBranch$1(Engine.scala:413)
[info]   at scala.collection.immutable.List.foreach(List.scala:334)
[info]   at org.scalatest.SuperEngine.traverseSubNodes$1(Engine.scala:401)
[info]   at org.scalatest.SuperEngine.runTestsInBranch(Engine.scala:396)
[info]   at org.scalatest.SuperEngine.runTestsImpl(Engine.scala:475)
[info]   at org.scalatest.funsuite.AnyFunSuiteLike.runTests(AnyFunSuiteLike.scala:269)
[info]   at org.scalatest.funsuite.AnyFunSuiteLike.runTests$(AnyFunSuiteLike.scala:268)
[info]   at org.scalatest.funsuite.AnyFunSuite.runTests(AnyFunSuite.scala:1564)
[info]   at org.scalatest.Suite.run(Suite.scala:1114)
[info]   at org.scalatest.Suite.run$(Suite.scala:1096)
[info]   at org.scalatest.funsuite.AnyFunSuite.org$scalatest$funsuite$AnyFunSuiteLike$$super$run(AnyFunSuite.scala:1564)
[info]   at org.scalatest.funsuite.AnyFunSuiteLike.$anonfun$run$1(AnyFunSuiteLike.scala:273)
[info]   at org.scalatest.SuperEngine.runImpl(Engine.scala:535)
[info]   at org.scalatest.funsuite.AnyFunSuiteLike.run(AnyFunSuiteLike.scala:273)
[info]   at org.scalatest.funsuite.AnyFunSuiteLike.run$(AnyFunSuiteLike.scala:272)
[info]   at frameless.TypedDatasetSuite.org$scalatest$BeforeAndAfterAll$$super$run(TypedDatasetSuite.scala:63)
[info]   at org.scalatest.BeforeAndAfterAll.liftedTree1$1(BeforeAndAfterAll.scala:213)
[info]   at org.scalatest.BeforeAndAfterAll.run(BeforeAndAfterAll.scala:210)
[info]   at org.scalatest.BeforeAndAfterAll.run$(BeforeAndAfterAll.scala:208)
[info]   at frameless.TypedDatasetSuite.run(TypedDatasetSuite.scala:63)
[info]   at org.scalatest.tools.Framework.org$scalatest$tools$Framework$$runSuite(Framework.scala:321)
[info]   at org.scalatest.tools.Framework$ScalaTestTask.execute(Framework.scala:517)
[info]   at sbt.ForkMain$Run.lambda$runTest$1(ForkMain.java:414)
[info]   at java.base/java.util.concurrent.FutureTask.run(FutureTask.java:317)
[info]   at java.base/java.util.concurrent.ThreadPoolExecutor.runWorker(ThreadPoolExecutor.java:1144)
[info]   at java.base/java.util.concurrent.ThreadPoolExecutor$Worker.run(ThreadPoolExecutor.java:642)
[info]   at java.base/java.lang.Thread.run(Thread.java:1583)
[info] - round with scale *** FAILED *** (28 milliseconds)
[info]   IllegalArgumentException was thrown during property evaluation.
[info]     Message: argument type mismatch
[info]     Occurred when passed generated values (
[info]       arg0 = List()
[info]     )
[info]   org.scalatest.exceptions.GeneratorDrivenPropertyCheckFailedException:
[info]   at org.scalatestplus.scalacheck.CheckerAsserting$$anon$2.indicateFailure(CheckerAsserting.scala:251)
[info]   at org.scalatestplus.scalacheck.CheckerAsserting$$anon$2.indicateFailure(CheckerAsserting.scala:238)
[info]   at org.scalatestplus.scalacheck.UnitCheckerAsserting$CheckerAssertingImpl.check(CheckerAsserting.scala:160)
[info]   at org.scalatestplus.scalacheck.Checkers.check(Checkers.scala:371)
[info]   at org.scalatestplus.scalacheck.Checkers.check$(Checkers.scala:369)
[info]   at frameless.TypedDatasetSuite.check(TypedDatasetSuite.scala:63)
[info]   at frameless.functions.NonAggregateFunctionsTests.$anonfun$new$724(NonAggregateFunctionsTests.scala:1125)
[info]   at org.scalatest.OutcomeOf.outcomeOf(OutcomeOf.scala:85)
[info]   at org.scalatest.OutcomeOf.outcomeOf$(OutcomeOf.scala:83)
[info]   at org.scalatest.OutcomeOf$.outcomeOf(OutcomeOf.scala:104)
[info]   at org.scalatest.Transformer.apply(Transformer.scala:22)
[info]   at org.scalatest.Transformer.apply(Transformer.scala:20)
[info]   at org.scalatest.funsuite.AnyFunSuiteLike$$anon$1.apply(AnyFunSuiteLike.scala:226)
[info]   at org.scalatest.TestSuite.withFixture(TestSuite.scala:196)
[info]   at org.scalatest.TestSuite.withFixture$(TestSuite.scala:195)
[info]   at org.scalatest.funsuite.AnyFunSuite.withFixture(AnyFunSuite.scala:1564)
[info]   at org.scalatest.funsuite.AnyFunSuiteLike.invokeWithFixture$1(AnyFunSuiteLike.scala:224)
[info]   at org.scalatest.funsuite.AnyFunSuiteLike.$anonfun$runTest$1(AnyFunSuiteLike.scala:236)
[info]   at org.scalatest.SuperEngine.runTestImpl(Engine.scala:306)
[info]   at org.scalatest.funsuite.AnyFunSuiteLike.runTest(AnyFunSuiteLike.scala:236)
[info]   at org.scalatest.funsuite.AnyFunSuiteLike.runTest$(AnyFunSuiteLike.scala:218)
[info]   at org.scalatest.funsuite.AnyFunSuite.runTest(AnyFunSuite.scala:1564)
[info]   at org.scalatest.funsuite.AnyFunSuiteLike.$anonfun$runTests$1(AnyFunSuiteLike.scala:269)
[info]   at org.scalatest.SuperEngine.$anonfun$runTestsInBranch$1(Engine.scala:413)
[info]   at scala.collection.immutable.List.foreach(List.scala:334)
[info]   at org.scalatest.SuperEngine.traverseSubNodes$1(Engine.scala:401)
[info]   at org.scalatest.SuperEngine.runTestsInBranch(Engine.scala:396)
[info]   at org.scalatest.SuperEngine.runTestsImpl(Engine.scala:475)
[info]   at org.scalatest.funsuite.AnyFunSuiteLike.runTests(AnyFunSuiteLike.scala:269)
[info]   at org.scalatest.funsuite.AnyFunSuiteLike.runTests$(AnyFunSuiteLike.scala:268)
[info]   at org.scalatest.funsuite.AnyFunSuite.runTests(AnyFunSuite.scala:1564)
[info]   at org.scalatest.Suite.run(Suite.scala:1114)
[info]   at org.scalatest.Suite.run$(Suite.scala:1096)
[info]   at org.scalatest.funsuite.AnyFunSuite.org$scalatest$funsuite$AnyFunSuiteLike$$super$run(AnyFunSuite.scala:1564)
[info]   at org.scalatest.funsuite.AnyFunSuiteLike.$anonfun$run$1(AnyFunSuiteLike.scala:273)
[info]   at org.scalatest.SuperEngine.runImpl(Engine.scala:535)
[info]   at org.scalatest.funsuite.AnyFunSuiteLike.run(AnyFunSuiteLike.scala:273)
[info]   at org.scalatest.funsuite.AnyFunSuiteLike.run$(AnyFunSuiteLike.scala:272)
[info]   at frameless.TypedDatasetSuite.org$scalatest$BeforeAndAfterAll$$super$run(TypedDatasetSuite.scala:63)
[info]   at org.scalatest.BeforeAndAfterAll.liftedTree1$1(BeforeAndAfterAll.scala:213)
[info]   at org.scalatest.BeforeAndAfterAll.run(BeforeAndAfterAll.scala:210)
[info]   at org.scalatest.BeforeAndAfterAll.run$(BeforeAndAfterAll.scala:208)
[info]   at frameless.TypedDatasetSuite.run(TypedDatasetSuite.scala:63)
[info]   at org.scalatest.tools.Framework.org$scalatest$tools$Framework$$runSuite(Framework.scala:321)
[info]   at org.scalatest.tools.Framework$ScalaTestTask.execute(Framework.scala:517)
[info]   at sbt.ForkMain$Run.lambda$runTest$1(ForkMain.java:414)
[info]   at java.base/java.util.concurrent.FutureTask.run(FutureTask.java:317)
[info]   at java.base/java.util.concurrent.ThreadPoolExecutor.runWorker(ThreadPoolExecutor.java:1144)
[info]   at java.base/java.util.concurrent.ThreadPoolExecutor$Worker.run(ThreadPoolExecutor.java:642)
[info]   at java.base/java.lang.Thread.run(Thread.java:1583)
[info]   Cause: java.lang.IllegalArgumentException: argument type mismatch
[info]   at java.base/jdk.internal.reflect.DirectConstructorHandleAccessor.newInstance(DirectConstructorHandleAccessor.java:65)
[info]   at java.base/java.lang.reflect.Constructor.newInstanceWithCaller(Constructor.java:502)
[info]   at java.base/java.lang.reflect.Constructor.newInstance(Constructor.java:486)
[info]   at frameless.TypedExpressionEncoder$.$anonfun$apply$3(TypedExpressionEncoder.scala:55)
[info]   at scala.Option.map(Option.scala:242)
[info]   at frameless.TypedExpressionEncoder$.apply(TypedExpressionEncoder.scala:54)
[info]   at frameless.TypedDataset$.create(TypedDataset.scala:1325)
[info]   at frameless.functions.NonAggregateFunctionsTests.prop$36(NonAggregateFunctionsTests.scala:1115)
[info]   at frameless.functions.NonAggregateFunctionsTests.$anonfun$new$734(NonAggregateFunctionsTests.scala:1125)
[info]   at scala.Function1.$anonfun$andThen$1(Function1.scala:87)
[info]   at org.scalacheck.Prop$.$anonfun$forAllShrink$2(Prop.scala:868)
[info]   at org.scalacheck.Prop$.secure(Prop.scala:484)
[info]   at org.scalacheck.Prop$.result$1(Prop.scala:868)
[info]   at org.scalacheck.Prop$.$anonfun$forAllShrink$1(Prop.scala:915)
[info]   at org.scalacheck.Prop$.$anonfun$apply$1(Prop.scala:305)
[info]   at org.scalacheck.PropFromFun.apply(Prop.scala:20)
[info]   at org.scalacheck.Test$.workerFun$1(Test.scala:486)
[info]   at org.scalacheck.Test$.$anonfun$check$4(Test.scala:518)
[info]   at org.scalacheck.Test$.$anonfun$check$4$adapted(Test.scala:518)
[info]   at org.scalacheck.Platform$.runWorkers(Platform.scala:42)
[info]   at org.scalacheck.Test$.check(Test.scala:518)
[info]   at org.scalatestplus.scalacheck.UnitCheckerAsserting$CheckerAssertingImpl.check(CheckerAsserting.scala:90)
[info]   at org.scalatestplus.scalacheck.Checkers.check(Checkers.scala:371)
[info]   at org.scalatestplus.scalacheck.Checkers.check$(Checkers.scala:369)
[info]   at frameless.TypedDatasetSuite.check(TypedDatasetSuite.scala:63)
[info]   at frameless.functions.NonAggregateFunctionsTests.$anonfun$new$724(NonAggregateFunctionsTests.scala:1125)
[info]   at org.scalatest.OutcomeOf.outcomeOf(OutcomeOf.scala:85)
[info]   at org.scalatest.OutcomeOf.outcomeOf$(OutcomeOf.scala:83)
[info]   at org.scalatest.OutcomeOf$.outcomeOf(OutcomeOf.scala:104)
[info]   at org.scalatest.Transformer.apply(Transformer.scala:22)
[info]   at org.scalatest.Transformer.apply(Transformer.scala:20)
[info]   at org.scalatest.funsuite.AnyFunSuiteLike$$anon$1.apply(AnyFunSuiteLike.scala:226)
[info]   at org.scalatest.TestSuite.withFixture(TestSuite.scala:196)
[info]   at org.scalatest.TestSuite.withFixture$(TestSuite.scala:195)
[info]   at org.scalatest.funsuite.AnyFunSuite.withFixture(AnyFunSuite.scala:1564)
[info]   at org.scalatest.funsuite.AnyFunSuiteLike.invokeWithFixture$1(AnyFunSuiteLike.scala:224)
[info]   at org.scalatest.funsuite.AnyFunSuiteLike.$anonfun$runTest$1(AnyFunSuiteLike.scala:236)
[info]   at org.scalatest.SuperEngine.runTestImpl(Engine.scala:306)
[info]   at org.scalatest.funsuite.AnyFunSuiteLike.runTest(AnyFunSuiteLike.scala:236)
[info]   at org.scalatest.funsuite.AnyFunSuiteLike.runTest$(AnyFunSuiteLike.scala:218)
[info]   at org.scalatest.funsuite.AnyFunSuite.runTest(AnyFunSuite.scala:1564)
[info]   at org.scalatest.funsuite.AnyFunSuiteLike.$anonfun$runTests$1(AnyFunSuiteLike.scala:269)
[info]   at org.scalatest.SuperEngine.$anonfun$runTestsInBranch$1(Engine.scala:413)
[info]   at scala.collection.immutable.List.foreach(List.scala:334)
[info]   at org.scalatest.SuperEngine.traverseSubNodes$1(Engine.scala:401)
[info]   at org.scalatest.SuperEngine.runTestsInBranch(Engine.scala:396)
[info]   at org.scalatest.SuperEngine.runTestsImpl(Engine.scala:475)
[info]   at org.scalatest.funsuite.AnyFunSuiteLike.runTests(AnyFunSuiteLike.scala:269)
[info]   at org.scalatest.funsuite.AnyFunSuiteLike.runTests$(AnyFunSuiteLike.scala:268)
[info]   at org.scalatest.funsuite.AnyFunSuite.runTests(AnyFunSuite.scala:1564)
[info]   at org.scalatest.Suite.run(Suite.scala:1114)
[info]   at org.scalatest.Suite.run$(Suite.scala:1096)
[info]   at org.scalatest.funsuite.AnyFunSuite.org$scalatest$funsuite$AnyFunSuiteLike$$super$run(AnyFunSuite.scala:1564)
[info]   at org.scalatest.funsuite.AnyFunSuiteLike.$anonfun$run$1(AnyFunSuiteLike.scala:273)
[info]   at org.scalatest.SuperEngine.runImpl(Engine.scala:535)
[info]   at org.scalatest.funsuite.AnyFunSuiteLike.run(AnyFunSuiteLike.scala:273)
[info]   at org.scalatest.funsuite.AnyFunSuiteLike.run$(AnyFunSuiteLike.scala:272)
[info]   at frameless.TypedDatasetSuite.org$scalatest$BeforeAndAfterAll$$super$run(TypedDatasetSuite.scala:63)
[info]   at org.scalatest.BeforeAndAfterAll.liftedTree1$1(BeforeAndAfterAll.scala:213)
[info]   at org.scalatest.BeforeAndAfterAll.run(BeforeAndAfterAll.scala:210)
[info]   at org.scalatest.BeforeAndAfterAll.run$(BeforeAndAfterAll.scala:208)
[info]   at frameless.TypedDatasetSuite.run(TypedDatasetSuite.scala:63)
[info]   at org.scalatest.tools.Framework.org$scalatest$tools$Framework$$runSuite(Framework.scala:321)
[info]   at org.scalatest.tools.Framework$ScalaTestTask.execute(Framework.scala:517)
[info]   at sbt.ForkMain$Run.lambda$runTest$1(ForkMain.java:414)
[info]   at java.base/java.util.concurrent.FutureTask.run(FutureTask.java:317)
[info]   at java.base/java.util.concurrent.ThreadPoolExecutor.runWorker(ThreadPoolExecutor.java:1144)
[info]   at java.base/java.util.concurrent.ThreadPoolExecutor$Worker.run(ThreadPoolExecutor.java:642)
[info]   at java.base/java.lang.Thread.run(Thread.java:1583)
[info]   Cause: java.lang.ClassCastException: Cannot cast scala.reflect.ClassTag$GenericClassTag to org.apache.spark.sql.catalyst.expressions.Expression
[info]   at java.base/java.lang.Class.cast(Class.java:4067)
[info]   at java.base/jdk.internal.reflect.DirectConstructorHandleAccessor.newInstance(DirectConstructorHandleAccessor.java:62)
[info]   at java.base/java.lang.reflect.Constructor.newInstanceWithCaller(Constructor.java:502)
[info]   at java.base/java.lang.reflect.Constructor.newInstance(Constructor.java:486)
[info]   at frameless.TypedExpressionEncoder$.$anonfun$apply$3(TypedExpressionEncoder.scala:55)
[info]   at scala.Option.map(Option.scala:242)
[info]   at frameless.TypedExpressionEncoder$.apply(TypedExpressionEncoder.scala:54)
[info]   at frameless.TypedDataset$.create(TypedDataset.scala:1325)
[info]   at frameless.functions.NonAggregateFunctionsTests.prop$36(NonAggregateFunctionsTests.scala:1115)
[info]   at frameless.functions.NonAggregateFunctionsTests.$anonfun$new$734(NonAggregateFunctionsTests.scala:1125)
[info]   at scala.Function1.$anonfun$andThen$1(Function1.scala:87)
[info]   at org.scalacheck.Prop$.$anonfun$forAllShrink$2(Prop.scala:868)
[info]   at org.scalacheck.Prop$.secure(Prop.scala:484)
[info]   at org.scalacheck.Prop$.result$1(Prop.scala:868)
[info]   at org.scalacheck.Prop$.$anonfun$forAllShrink$1(Prop.scala:915)
[info]   at org.scalacheck.Prop$.$anonfun$apply$1(Prop.scala:305)
[info]   at org.scalacheck.PropFromFun.apply(Prop.scala:20)
[info]   at org.scalacheck.Test$.workerFun$1(Test.scala:486)
[info]   at org.scalacheck.Test$.$anonfun$check$4(Test.scala:518)
[info]   at org.scalacheck.Test$.$anonfun$check$4$adapted(Test.scala:518)
[info]   at org.scalacheck.Platform$.runWorkers(Platform.scala:42)
[info]   at org.scalacheck.Test$.check(Test.scala:518)
[info]   at org.scalatestplus.scalacheck.UnitCheckerAsserting$CheckerAssertingImpl.check(CheckerAsserting.scala:90)
[info]   at org.scalatestplus.scalacheck.Checkers.check(Checkers.scala:371)
[info]   at org.scalatestplus.scalacheck.Checkers.check$(Checkers.scala:369)
[info]   at frameless.TypedDatasetSuite.check(TypedDatasetSuite.scala:63)
[info]   at frameless.functions.NonAggregateFunctionsTests.$anonfun$new$724(NonAggregateFunctionsTests.scala:1125)
[info]   at org.scalatest.OutcomeOf.outcomeOf(OutcomeOf.scala:85)
[info]   at org.scalatest.OutcomeOf.outcomeOf$(OutcomeOf.scala:83)
[info]   at org.scalatest.OutcomeOf$.outcomeOf(OutcomeOf.scala:104)
[info]   at org.scalatest.Transformer.apply(Transformer.scala:22)
[info]   at org.scalatest.Transformer.apply(Transformer.scala:20)
[info]   at org.scalatest.funsuite.AnyFunSuiteLike$$anon$1.apply(AnyFunSuiteLike.scala:226)
[info]   at org.scalatest.TestSuite.withFixture(TestSuite.scala:196)
[info]   at org.scalatest.TestSuite.withFixture$(TestSuite.scala:195)
[info]   at org.scalatest.funsuite.AnyFunSuite.withFixture(AnyFunSuite.scala:1564)
[info]   at org.scalatest.funsuite.AnyFunSuiteLike.invokeWithFixture$1(AnyFunSuiteLike.scala:224)
[info]   at org.scalatest.funsuite.AnyFunSuiteLike.$anonfun$runTest$1(AnyFunSuiteLike.scala:236)
[info]   at org.scalatest.SuperEngine.runTestImpl(Engine.scala:306)
[info]   at org.scalatest.funsuite.AnyFunSuiteLike.runTest(AnyFunSuiteLike.scala:236)
[info]   at org.scalatest.funsuite.AnyFunSuiteLike.runTest$(AnyFunSuiteLike.scala:218)
[info]   at org.scalatest.funsuite.AnyFunSuite.runTest(AnyFunSuite.scala:1564)
[info]   at org.scalatest.funsuite.AnyFunSuiteLike.$anonfun$runTests$1(AnyFunSuiteLike.scala:269)
[info]   at org.scalatest.SuperEngine.$anonfun$runTestsInBranch$1(Engine.scala:413)
[info]   at scala.collection.immutable.List.foreach(List.scala:334)
[info]   at org.scalatest.SuperEngine.traverseSubNodes$1(Engine.scala:401)
[info]   at org.scalatest.SuperEngine.runTestsInBranch(Engine.scala:396)
[info]   at org.scalatest.SuperEngine.runTestsImpl(Engine.scala:475)
[info]   at org.scalatest.funsuite.AnyFunSuiteLike.runTests(AnyFunSuiteLike.scala:269)
[info]   at org.scalatest.funsuite.AnyFunSuiteLike.runTests$(AnyFunSuiteLike.scala:268)
[info]   at org.scalatest.funsuite.AnyFunSuite.runTests(AnyFunSuite.scala:1564)
[info]   at org.scalatest.Suite.run(Suite.scala:1114)
[info]   at org.scalatest.Suite.run$(Suite.scala:1096)
[info]   at org.scalatest.funsuite.AnyFunSuite.org$scalatest$funsuite$AnyFunSuiteLike$$super$run(AnyFunSuite.scala:1564)
[info]   at org.scalatest.funsuite.AnyFunSuiteLike.$anonfun$run$1(AnyFunSuiteLike.scala:273)
[info]   at org.scalatest.SuperEngine.runImpl(Engine.scala:535)
[info]   at org.scalatest.funsuite.AnyFunSuiteLike.run(AnyFunSuiteLike.scala:273)
[info]   at org.scalatest.funsuite.AnyFunSuiteLike.run$(AnyFunSuiteLike.scala:272)
[info]   at frameless.TypedDatasetSuite.org$scalatest$BeforeAndAfterAll$$super$run(TypedDatasetSuite.scala:63)
[info]   at org.scalatest.BeforeAndAfterAll.liftedTree1$1(BeforeAndAfterAll.scala:213)
[info]   at org.scalatest.BeforeAndAfterAll.run(BeforeAndAfterAll.scala:210)
[info]   at org.scalatest.BeforeAndAfterAll.run$(BeforeAndAfterAll.scala:208)
[info]   at frameless.TypedDatasetSuite.run(TypedDatasetSuite.scala:63)
[info]   at org.scalatest.tools.Framework.org$scalatest$tools$Framework$$runSuite(Framework.scala:321)
[info]   at org.scalatest.tools.Framework$ScalaTestTask.execute(Framework.scala:517)
[info]   at sbt.ForkMain$Run.lambda$runTest$1(ForkMain.java:414)
[info]   at java.base/java.util.concurrent.FutureTask.run(FutureTask.java:317)
[info]   at java.base/java.util.concurrent.ThreadPoolExecutor.runWorker(ThreadPoolExecutor.java:1144)
[info]   at java.base/java.util.concurrent.ThreadPoolExecutor$Worker.run(ThreadPoolExecutor.java:642)
[info]   at java.base/java.lang.Thread.run(Thread.java:1583)
[info] - round big decimal with scale *** FAILED *** (31 milliseconds)
[info]   IllegalArgumentException was thrown during property evaluation.
[info]     Message: argument type mismatch
[info]     Occurred when passed generated values (
[info]       arg0 = List()
[info]     )
[info]   org.scalatest.exceptions.GeneratorDrivenPropertyCheckFailedException:
[info]   at org.scalatestplus.scalacheck.CheckerAsserting$$anon$2.indicateFailure(CheckerAsserting.scala:251)
[info]   at org.scalatestplus.scalacheck.CheckerAsserting$$anon$2.indicateFailure(CheckerAsserting.scala:238)
[info]   at org.scalatestplus.scalacheck.UnitCheckerAsserting$CheckerAssertingImpl.check(CheckerAsserting.scala:160)
[info]   at org.scalatestplus.scalacheck.Checkers.check(Checkers.scala:371)
[info]   at org.scalatestplus.scalacheck.Checkers.check$(Checkers.scala:369)
[info]   at frameless.TypedDatasetSuite.check(TypedDatasetSuite.scala:63)
[info]   at frameless.functions.NonAggregateFunctionsTests.$anonfun$new$742(NonAggregateFunctionsTests.scala:1158)
[info]   at org.scalatest.OutcomeOf.outcomeOf(OutcomeOf.scala:85)
[info]   at org.scalatest.OutcomeOf.outcomeOf$(OutcomeOf.scala:83)
[info]   at org.scalatest.OutcomeOf$.outcomeOf(OutcomeOf.scala:104)
[info]   at org.scalatest.Transformer.apply(Transformer.scala:22)
[info]   at org.scalatest.Transformer.apply(Transformer.scala:20)
[info]   at org.scalatest.funsuite.AnyFunSuiteLike$$anon$1.apply(AnyFunSuiteLike.scala:226)
[info]   at org.scalatest.TestSuite.withFixture(TestSuite.scala:196)
[info]   at org.scalatest.TestSuite.withFixture$(TestSuite.scala:195)
[info]   at org.scalatest.funsuite.AnyFunSuite.withFixture(AnyFunSuite.scala:1564)
[info]   at org.scalatest.funsuite.AnyFunSuiteLike.invokeWithFixture$1(AnyFunSuiteLike.scala:224)
[info]   at org.scalatest.funsuite.AnyFunSuiteLike.$anonfun$runTest$1(AnyFunSuiteLike.scala:236)
[info]   at org.scalatest.SuperEngine.runTestImpl(Engine.scala:306)
[info]   at org.scalatest.funsuite.AnyFunSuiteLike.runTest(AnyFunSuiteLike.scala:236)
[info]   at org.scalatest.funsuite.AnyFunSuiteLike.runTest$(AnyFunSuiteLike.scala:218)
[info]   at org.scalatest.funsuite.AnyFunSuite.runTest(AnyFunSuite.scala:1564)
[info]   at org.scalatest.funsuite.AnyFunSuiteLike.$anonfun$runTests$1(AnyFunSuiteLike.scala:269)
[info]   at org.scalatest.SuperEngine.$anonfun$runTestsInBranch$1(Engine.scala:413)
[info]   at scala.collection.immutable.List.foreach(List.scala:334)
[info]   at org.scalatest.SuperEngine.traverseSubNodes$1(Engine.scala:401)
[info]   at org.scalatest.SuperEngine.runTestsInBranch(Engine.scala:396)
[info]   at org.scalatest.SuperEngine.runTestsImpl(Engine.scala:475)
[info]   at org.scalatest.funsuite.AnyFunSuiteLike.runTests(AnyFunSuiteLike.scala:269)
[info]   at org.scalatest.funsuite.AnyFunSuiteLike.runTests$(AnyFunSuiteLike.scala:268)
[info]   at org.scalatest.funsuite.AnyFunSuite.runTests(AnyFunSuite.scala:1564)
[info]   at org.scalatest.Suite.run(Suite.scala:1114)
[info]   at org.scalatest.Suite.run$(Suite.scala:1096)
[info]   at org.scalatest.funsuite.AnyFunSuite.org$scalatest$funsuite$AnyFunSuiteLike$$super$run(AnyFunSuite.scala:1564)
[info]   at org.scalatest.funsuite.AnyFunSuiteLike.$anonfun$run$1(AnyFunSuiteLike.scala:273)
[info]   at org.scalatest.SuperEngine.runImpl(Engine.scala:535)
[info]   at org.scalatest.funsuite.AnyFunSuiteLike.run(AnyFunSuiteLike.scala:273)
[info]   at org.scalatest.funsuite.AnyFunSuiteLike.run$(AnyFunSuiteLike.scala:272)
[info]   at frameless.TypedDatasetSuite.org$scalatest$BeforeAndAfterAll$$super$run(TypedDatasetSuite.scala:63)
[info]   at org.scalatest.BeforeAndAfterAll.liftedTree1$1(BeforeAndAfterAll.scala:213)
[info]   at org.scalatest.BeforeAndAfterAll.run(BeforeAndAfterAll.scala:210)
[info]   at org.scalatest.BeforeAndAfterAll.run$(BeforeAndAfterAll.scala:208)
[info]   at frameless.TypedDatasetSuite.run(TypedDatasetSuite.scala:63)
[info]   at org.scalatest.tools.Framework.org$scalatest$tools$Framework$$runSuite(Framework.scala:321)
[info]   at org.scalatest.tools.Framework$ScalaTestTask.execute(Framework.scala:517)
[info]   at sbt.ForkMain$Run.lambda$runTest$1(ForkMain.java:414)
[info]   at java.base/java.util.concurrent.FutureTask.run(FutureTask.java:317)
[info]   at java.base/java.util.concurrent.ThreadPoolExecutor.runWorker(ThreadPoolExecutor.java:1144)
[info]   at java.base/java.util.concurrent.ThreadPoolExecutor$Worker.run(ThreadPoolExecutor.java:642)
[info]   at java.base/java.lang.Thread.run(Thread.java:1583)
[info]   Cause: java.lang.IllegalArgumentException: argument type mismatch
[info]   at java.base/jdk.internal.reflect.DirectConstructorHandleAccessor.newInstance(DirectConstructorHandleAccessor.java:65)
[info]   at java.base/java.lang.reflect.Constructor.newInstanceWithCaller(Constructor.java:502)
[info]   at java.base/java.lang.reflect.Constructor.newInstance(Constructor.java:486)
[info]   at frameless.TypedExpressionEncoder$.$anonfun$apply$3(TypedExpressionEncoder.scala:55)
[info]   at scala.Option.map(Option.scala:242)
[info]   at frameless.TypedExpressionEncoder$.apply(TypedExpressionEncoder.scala:54)
[info]   at frameless.TypedDataset$.create(TypedDataset.scala:1325)
[info]   at frameless.functions.NonAggregateFunctionsTests.prop$37(NonAggregateFunctionsTests.scala:1147)
[info]   at frameless.functions.NonAggregateFunctionsTests.$anonfun$new$753(NonAggregateFunctionsTests.scala:1158)
[info]   at scala.Function1.$anonfun$andThen$1(Function1.scala:87)
[info]   at org.scalacheck.Prop$.$anonfun$forAllShrink$2(Prop.scala:868)
[info]   at org.scalacheck.Prop$.secure(Prop.scala:484)
[info]   at org.scalacheck.Prop$.result$1(Prop.scala:868)
[info]   at org.scalacheck.Prop$.$anonfun$forAllShrink$1(Prop.scala:915)
[info]   at org.scalacheck.Prop$.$anonfun$apply$1(Prop.scala:305)
[info]   at org.scalacheck.PropFromFun.apply(Prop.scala:20)
[info]   at org.scalacheck.Test$.workerFun$1(Test.scala:486)
[info]   at org.scalacheck.Test$.$anonfun$check$4(Test.scala:518)
[info]   at org.scalacheck.Test$.$anonfun$check$4$adapted(Test.scala:518)
[info]   at org.scalacheck.Platform$.runWorkers(Platform.scala:42)
[info]   at org.scalacheck.Test$.check(Test.scala:518)
[info]   at org.scalatestplus.scalacheck.UnitCheckerAsserting$CheckerAssertingImpl.check(CheckerAsserting.scala:90)
[info]   at org.scalatestplus.scalacheck.Checkers.check(Checkers.scala:371)
[info]   at org.scalatestplus.scalacheck.Checkers.check$(Checkers.scala:369)
[info]   at frameless.TypedDatasetSuite.check(TypedDatasetSuite.scala:63)
[info]   at frameless.functions.NonAggregateFunctionsTests.$anonfun$new$742(NonAggregateFunctionsTests.scala:1158)
[info]   at org.scalatest.OutcomeOf.outcomeOf(OutcomeOf.scala:85)
[info]   at org.scalatest.OutcomeOf.outcomeOf$(OutcomeOf.scala:83)
[info]   at org.scalatest.OutcomeOf$.outcomeOf(OutcomeOf.scala:104)
[info]   at org.scalatest.Transformer.apply(Transformer.scala:22)
[info]   at org.scalatest.Transformer.apply(Transformer.scala:20)
[info]   at org.scalatest.funsuite.AnyFunSuiteLike$$anon$1.apply(AnyFunSuiteLike.scala:226)
[info]   at org.scalatest.TestSuite.withFixture(TestSuite.scala:196)
[info]   at org.scalatest.TestSuite.withFixture$(TestSuite.scala:195)
[info]   at org.scalatest.funsuite.AnyFunSuite.withFixture(AnyFunSuite.scala:1564)
[info]   at org.scalatest.funsuite.AnyFunSuiteLike.invokeWithFixture$1(AnyFunSuiteLike.scala:224)
[info]   at org.scalatest.funsuite.AnyFunSuiteLike.$anonfun$runTest$1(AnyFunSuiteLike.scala:236)
[info]   at org.scalatest.SuperEngine.runTestImpl(Engine.scala:306)
[info]   at org.scalatest.funsuite.AnyFunSuiteLike.runTest(AnyFunSuiteLike.scala:236)
[info]   at org.scalatest.funsuite.AnyFunSuiteLike.runTest$(AnyFunSuiteLike.scala:218)
[info]   at org.scalatest.funsuite.AnyFunSuite.runTest(AnyFunSuite.scala:1564)
[info]   at org.scalatest.funsuite.AnyFunSuiteLike.$anonfun$runTests$1(AnyFunSuiteLike.scala:269)
[info]   at org.scalatest.SuperEngine.$anonfun$runTestsInBranch$1(Engine.scala:413)
[info]   at scala.collection.immutable.List.foreach(List.scala:334)
[info]   at org.scalatest.SuperEngine.traverseSubNodes$1(Engine.scala:401)
[info]   at org.scalatest.SuperEngine.runTestsInBranch(Engine.scala:396)
[info]   at org.scalatest.SuperEngine.runTestsImpl(Engine.scala:475)
[info]   at org.scalatest.funsuite.AnyFunSuiteLike.runTests(AnyFunSuiteLike.scala:269)
[info]   at org.scalatest.funsuite.AnyFunSuiteLike.runTests$(AnyFunSuiteLike.scala:268)
[info]   at org.scalatest.funsuite.AnyFunSuite.runTests(AnyFunSuite.scala:1564)
[info]   at org.scalatest.Suite.run(Suite.scala:1114)
[info]   at org.scalatest.Suite.run$(Suite.scala:1096)
[info]   at org.scalatest.funsuite.AnyFunSuite.org$scalatest$funsuite$AnyFunSuiteLike$$super$run(AnyFunSuite.scala:1564)
[info]   at org.scalatest.funsuite.AnyFunSuiteLike.$anonfun$run$1(AnyFunSuiteLike.scala:273)
[info]   at org.scalatest.SuperEngine.runImpl(Engine.scala:535)
[info]   at org.scalatest.funsuite.AnyFunSuiteLike.run(AnyFunSuiteLike.scala:273)
[info]   at org.scalatest.funsuite.AnyFunSuiteLike.run$(AnyFunSuiteLike.scala:272)
[info]   at frameless.TypedDatasetSuite.org$scalatest$BeforeAndAfterAll$$super$run(TypedDatasetSuite.scala:63)
[info]   at org.scalatest.BeforeAndAfterAll.liftedTree1$1(BeforeAndAfterAll.scala:213)
[info]   at org.scalatest.BeforeAndAfterAll.run(BeforeAndAfterAll.scala:210)
[info]   at org.scalatest.BeforeAndAfterAll.run$(BeforeAndAfterAll.scala:208)
[info]   at frameless.TypedDatasetSuite.run(TypedDatasetSuite.scala:63)
[info]   at org.scalatest.tools.Framework.org$scalatest$tools$Framework$$runSuite(Framework.scala:321)
[info]   at org.scalatest.tools.Framework$ScalaTestTask.execute(Framework.scala:517)
[info]   at sbt.ForkMain$Run.lambda$runTest$1(ForkMain.java:414)
[info]   at java.base/java.util.concurrent.FutureTask.run(FutureTask.java:317)
[info]   at java.base/java.util.concurrent.ThreadPoolExecutor.runWorker(ThreadPoolExecutor.java:1144)
[info]   at java.base/java.util.concurrent.ThreadPoolExecutor$Worker.run(ThreadPoolExecutor.java:642)
[info]   at java.base/java.lang.Thread.run(Thread.java:1583)
[info]   Cause: java.lang.ClassCastException: Cannot cast scala.reflect.ClassTag$GenericClassTag to org.apache.spark.sql.catalyst.expressions.Expression
[info]   at java.base/java.lang.Class.cast(Class.java:4067)
[info]   at java.base/jdk.internal.reflect.DirectConstructorHandleAccessor.newInstance(DirectConstructorHandleAccessor.java:62)
[info]   at java.base/java.lang.reflect.Constructor.newInstanceWithCaller(Constructor.java:502)
[info]   at java.base/java.lang.reflect.Constructor.newInstance(Constructor.java:486)
[info]   at frameless.TypedExpressionEncoder$.$anonfun$apply$3(TypedExpressionEncoder.scala:55)
[info]   at scala.Option.map(Option.scala:242)
[info]   at frameless.TypedExpressionEncoder$.apply(TypedExpressionEncoder.scala:54)
[info]   at frameless.TypedDataset$.create(TypedDataset.scala:1325)
[info]   at frameless.functions.NonAggregateFunctionsTests.prop$37(NonAggregateFunctionsTests.scala:1147)
[info]   at frameless.functions.NonAggregateFunctionsTests.$anonfun$new$753(NonAggregateFunctionsTests.scala:1158)
[info]   at scala.Function1.$anonfun$andThen$1(Function1.scala:87)
[info]   at org.scalacheck.Prop$.$anonfun$forAllShrink$2(Prop.scala:868)
[info]   at org.scalacheck.Prop$.secure(Prop.scala:484)
[info]   at org.scalacheck.Prop$.result$1(Prop.scala:868)
[info]   at org.scalacheck.Prop$.$anonfun$forAllShrink$1(Prop.scala:915)
[info]   at org.scalacheck.Prop$.$anonfun$apply$1(Prop.scala:305)
[info]   at org.scalacheck.PropFromFun.apply(Prop.scala:20)
[info]   at org.scalacheck.Test$.workerFun$1(Test.scala:486)
[info]   at org.scalacheck.Test$.$anonfun$check$4(Test.scala:518)
[info]   at org.scalacheck.Test$.$anonfun$check$4$adapted(Test.scala:518)
[info]   at org.scalacheck.Platform$.runWorkers(Platform.scala:42)
[info]   at org.scalacheck.Test$.check(Test.scala:518)
[info]   at org.scalatestplus.scalacheck.UnitCheckerAsserting$CheckerAssertingImpl.check(CheckerAsserting.scala:90)
[info]   at org.scalatestplus.scalacheck.Checkers.check(Checkers.scala:371)
[info]   at org.scalatestplus.scalacheck.Checkers.check$(Checkers.scala:369)
[info]   at frameless.TypedDatasetSuite.check(TypedDatasetSuite.scala:63)
[info]   at frameless.functions.NonAggregateFunctionsTests.$anonfun$new$742(NonAggregateFunctionsTests.scala:1158)
[info]   at org.scalatest.OutcomeOf.outcomeOf(OutcomeOf.scala:85)
[info]   at org.scalatest.OutcomeOf.outcomeOf$(OutcomeOf.scala:83)
[info]   at org.scalatest.OutcomeOf$.outcomeOf(OutcomeOf.scala:104)
[info]   at org.scalatest.Transformer.apply(Transformer.scala:22)
[info]   at org.scalatest.Transformer.apply(Transformer.scala:20)
[info]   at org.scalatest.funsuite.AnyFunSuiteLike$$anon$1.apply(AnyFunSuiteLike.scala:226)
[info]   at org.scalatest.TestSuite.withFixture(TestSuite.scala:196)
[info]   at org.scalatest.TestSuite.withFixture$(TestSuite.scala:195)
[info]   at org.scalatest.funsuite.AnyFunSuite.withFixture(AnyFunSuite.scala:1564)
[info]   at org.scalatest.funsuite.AnyFunSuiteLike.invokeWithFixture$1(AnyFunSuiteLike.scala:224)
[info]   at org.scalatest.funsuite.AnyFunSuiteLike.$anonfun$runTest$1(AnyFunSuiteLike.scala:236)
[info]   at org.scalatest.SuperEngine.runTestImpl(Engine.scala:306)
[info]   at org.scalatest.funsuite.AnyFunSuiteLike.runTest(AnyFunSuiteLike.scala:236)
[info]   at org.scalatest.funsuite.AnyFunSuiteLike.runTest$(AnyFunSuiteLike.scala:218)
[info]   at org.scalatest.funsuite.AnyFunSuite.runTest(AnyFunSuite.scala:1564)
[info]   at org.scalatest.funsuite.AnyFunSuiteLike.$anonfun$runTests$1(AnyFunSuiteLike.scala:269)
[info]   at org.scalatest.SuperEngine.$anonfun$runTestsInBranch$1(Engine.scala:413)
[info]   at scala.collection.immutable.List.foreach(List.scala:334)
[info]   at org.scalatest.SuperEngine.traverseSubNodes$1(Engine.scala:401)
[info]   at org.scalatest.SuperEngine.runTestsInBranch(Engine.scala:396)
[info]   at org.scalatest.SuperEngine.runTestsImpl(Engine.scala:475)
[info]   at org.scalatest.funsuite.AnyFunSuiteLike.runTests(AnyFunSuiteLike.scala:269)
[info]   at org.scalatest.funsuite.AnyFunSuiteLike.runTests$(AnyFunSuiteLike.scala:268)
[info]   at org.scalatest.funsuite.AnyFunSuite.runTests(AnyFunSuite.scala:1564)
[info]   at org.scalatest.Suite.run(Suite.scala:1114)
[info]   at org.scalatest.Suite.run$(Suite.scala:1096)
[info]   at org.scalatest.funsuite.AnyFunSuite.org$scalatest$funsuite$AnyFunSuiteLike$$super$run(AnyFunSuite.scala:1564)
[info]   at org.scalatest.funsuite.AnyFunSuiteLike.$anonfun$run$1(AnyFunSuiteLike.scala:273)
[info]   at org.scalatest.SuperEngine.runImpl(Engine.scala:535)
[info]   at org.scalatest.funsuite.AnyFunSuiteLike.run(AnyFunSuiteLike.scala:273)
[info]   at org.scalatest.funsuite.AnyFunSuiteLike.run$(AnyFunSuiteLike.scala:272)
[info]   at frameless.TypedDatasetSuite.org$scalatest$BeforeAndAfterAll$$super$run(TypedDatasetSuite.scala:63)
[info]   at org.scalatest.BeforeAndAfterAll.liftedTree1$1(BeforeAndAfterAll.scala:213)
[info]   at org.scalatest.BeforeAndAfterAll.run(BeforeAndAfterAll.scala:210)
[info]   at org.scalatest.BeforeAndAfterAll.run$(BeforeAndAfterAll.scala:208)
[info]   at frameless.TypedDatasetSuite.run(TypedDatasetSuite.scala:63)
[info]   at org.scalatest.tools.Framework.org$scalatest$tools$Framework$$runSuite(Framework.scala:321)
[info]   at org.scalatest.tools.Framework$ScalaTestTask.execute(Framework.scala:517)
[info]   at sbt.ForkMain$Run.lambda$runTest$1(ForkMain.java:414)
[info]   at java.base/java.util.concurrent.FutureTask.run(FutureTask.java:317)
[info]   at java.base/java.util.concurrent.ThreadPoolExecutor.runWorker(ThreadPoolExecutor.java:1144)
[info]   at java.base/java.util.concurrent.ThreadPoolExecutor$Worker.run(ThreadPoolExecutor.java:642)
[info]   at java.base/java.lang.Thread.run(Thread.java:1583)
[info] - bround *** FAILED *** (29 milliseconds)
[info]   IllegalArgumentException was thrown during property evaluation.
[info]     Message: argument type mismatch
[info]     Occurred when passed generated values (
[info]       arg0 = List()
[info]     )
[info]   org.scalatest.exceptions.GeneratorDrivenPropertyCheckFailedException:
[info]   at org.scalatestplus.scalacheck.CheckerAsserting$$anon$2.indicateFailure(CheckerAsserting.scala:251)
[info]   at org.scalatestplus.scalacheck.CheckerAsserting$$anon$2.indicateFailure(CheckerAsserting.scala:238)
[info]   at org.scalatestplus.scalacheck.UnitCheckerAsserting$CheckerAssertingImpl.check(CheckerAsserting.scala:160)
[info]   at org.scalatestplus.scalacheck.Checkers.check(Checkers.scala:371)
[info]   at org.scalatestplus.scalacheck.Checkers.check$(Checkers.scala:369)
[info]   at frameless.TypedDatasetSuite.check(TypedDatasetSuite.scala:63)
[info]   at frameless.functions.NonAggregateFunctionsTests.$anonfun$new$755(NonAggregateFunctionsTests.scala:1186)
[info]   at org.scalatest.OutcomeOf.outcomeOf(OutcomeOf.scala:85)
[info]   at org.scalatest.OutcomeOf.outcomeOf$(OutcomeOf.scala:83)
[info]   at org.scalatest.OutcomeOf$.outcomeOf(OutcomeOf.scala:104)
[info]   at org.scalatest.Transformer.apply(Transformer.scala:22)
[info]   at org.scalatest.Transformer.apply(Transformer.scala:20)
[info]   at org.scalatest.funsuite.AnyFunSuiteLike$$anon$1.apply(AnyFunSuiteLike.scala:226)
[info]   at org.scalatest.TestSuite.withFixture(TestSuite.scala:196)
[info]   at org.scalatest.TestSuite.withFixture$(TestSuite.scala:195)
[info]   at org.scalatest.funsuite.AnyFunSuite.withFixture(AnyFunSuite.scala:1564)
[info]   at org.scalatest.funsuite.AnyFunSuiteLike.invokeWithFixture$1(AnyFunSuiteLike.scala:224)
[info]   at org.scalatest.funsuite.AnyFunSuiteLike.$anonfun$runTest$1(AnyFunSuiteLike.scala:236)
[info]   at org.scalatest.SuperEngine.runTestImpl(Engine.scala:306)
[info]   at org.scalatest.funsuite.AnyFunSuiteLike.runTest(AnyFunSuiteLike.scala:236)
[info]   at org.scalatest.funsuite.AnyFunSuiteLike.runTest$(AnyFunSuiteLike.scala:218)
[info]   at org.scalatest.funsuite.AnyFunSuite.runTest(AnyFunSuite.scala:1564)
[info]   at org.scalatest.funsuite.AnyFunSuiteLike.$anonfun$runTests$1(AnyFunSuiteLike.scala:269)
[info]   at org.scalatest.SuperEngine.$anonfun$runTestsInBranch$1(Engine.scala:413)
[info]   at scala.collection.immutable.List.foreach(List.scala:334)
[info]   at org.scalatest.SuperEngine.traverseSubNodes$1(Engine.scala:401)
[info]   at org.scalatest.SuperEngine.runTestsInBranch(Engine.scala:396)
[info]   at org.scalatest.SuperEngine.runTestsImpl(Engine.scala:475)
[info]   at org.scalatest.funsuite.AnyFunSuiteLike.runTests(AnyFunSuiteLike.scala:269)
[info]   at org.scalatest.funsuite.AnyFunSuiteLike.runTests$(AnyFunSuiteLike.scala:268)
[info]   at org.scalatest.funsuite.AnyFunSuite.runTests(AnyFunSuite.scala:1564)
[info]   at org.scalatest.Suite.run(Suite.scala:1114)
[info]   at org.scalatest.Suite.run$(Suite.scala:1096)
[info]   at org.scalatest.funsuite.AnyFunSuite.org$scalatest$funsuite$AnyFunSuiteLike$$super$run(AnyFunSuite.scala:1564)
[info]   at org.scalatest.funsuite.AnyFunSuiteLike.$anonfun$run$1(AnyFunSuiteLike.scala:273)
[info]   at org.scalatest.SuperEngine.runImpl(Engine.scala:535)
[info]   at org.scalatest.funsuite.AnyFunSuiteLike.run(AnyFunSuiteLike.scala:273)
[info]   at org.scalatest.funsuite.AnyFunSuiteLike.run$(AnyFunSuiteLike.scala:272)
[info]   at frameless.TypedDatasetSuite.org$scalatest$BeforeAndAfterAll$$super$run(TypedDatasetSuite.scala:63)
[info]   at org.scalatest.BeforeAndAfterAll.liftedTree1$1(BeforeAndAfterAll.scala:213)
[info]   at org.scalatest.BeforeAndAfterAll.run(BeforeAndAfterAll.scala:210)
[info]   at org.scalatest.BeforeAndAfterAll.run$(BeforeAndAfterAll.scala:208)
[info]   at frameless.TypedDatasetSuite.run(TypedDatasetSuite.scala:63)
[info]   at org.scalatest.tools.Framework.org$scalatest$tools$Framework$$runSuite(Framework.scala:321)
[info]   at org.scalatest.tools.Framework$ScalaTestTask.execute(Framework.scala:517)
[info]   at sbt.ForkMain$Run.lambda$runTest$1(ForkMain.java:414)
[info]   at java.base/java.util.concurrent.FutureTask.run(FutureTask.java:317)
[info]   at java.base/java.util.concurrent.ThreadPoolExecutor.runWorker(ThreadPoolExecutor.java:1144)
[info]   at java.base/java.util.concurrent.ThreadPoolExecutor$Worker.run(ThreadPoolExecutor.java:642)
[info]   at java.base/java.lang.Thread.run(Thread.java:1583)
[info]   Cause: java.lang.IllegalArgumentException: argument type mismatch
[info]   at java.base/jdk.internal.reflect.DirectConstructorHandleAccessor.newInstance(DirectConstructorHandleAccessor.java:65)
[info]   at java.base/java.lang.reflect.Constructor.newInstanceWithCaller(Constructor.java:502)
[info]   at java.base/java.lang.reflect.Constructor.newInstance(Constructor.java:486)
[info]   at frameless.TypedExpressionEncoder$.$anonfun$apply$3(TypedExpressionEncoder.scala:55)
[info]   at scala.Option.map(Option.scala:242)
[info]   at frameless.TypedExpressionEncoder$.apply(TypedExpressionEncoder.scala:54)
[info]   at frameless.TypedDataset$.create(TypedDataset.scala:1325)
[info]   at frameless.functions.NonAggregateFunctionsTests.prop$38(NonAggregateFunctionsTests.scala:1176)
[info]   at frameless.functions.NonAggregateFunctionsTests.$anonfun$new$765(NonAggregateFunctionsTests.scala:1186)
[info]   at scala.Function1.$anonfun$andThen$1(Function1.scala:87)
[info]   at org.scalacheck.Prop$.$anonfun$forAllShrink$2(Prop.scala:868)
[info]   at org.scalacheck.Prop$.secure(Prop.scala:484)
[info]   at org.scalacheck.Prop$.result$1(Prop.scala:868)
[info]   at org.scalacheck.Prop$.$anonfun$forAllShrink$1(Prop.scala:915)
[info]   at org.scalacheck.Prop$.$anonfun$apply$1(Prop.scala:305)
[info]   at org.scalacheck.PropFromFun.apply(Prop.scala:20)
[info]   at org.scalacheck.Test$.workerFun$1(Test.scala:486)
[info]   at org.scalacheck.Test$.$anonfun$check$4(Test.scala:518)
[info]   at org.scalacheck.Test$.$anonfun$check$4$adapted(Test.scala:518)
[info]   at org.scalacheck.Platform$.runWorkers(Platform.scala:42)
[info]   at org.scalacheck.Test$.check(Test.scala:518)
[info]   at org.scalatestplus.scalacheck.UnitCheckerAsserting$CheckerAssertingImpl.check(CheckerAsserting.scala:90)
[info]   at org.scalatestplus.scalacheck.Checkers.check(Checkers.scala:371)
[info]   at org.scalatestplus.scalacheck.Checkers.check$(Checkers.scala:369)
[info]   at frameless.TypedDatasetSuite.check(TypedDatasetSuite.scala:63)
[info]   at frameless.functions.NonAggregateFunctionsTests.$anonfun$new$755(NonAggregateFunctionsTests.scala:1186)
[info]   at org.scalatest.OutcomeOf.outcomeOf(OutcomeOf.scala:85)
[info]   at org.scalatest.OutcomeOf.outcomeOf$(OutcomeOf.scala:83)
[info]   at org.scalatest.OutcomeOf$.outcomeOf(OutcomeOf.scala:104)
[info]   at org.scalatest.Transformer.apply(Transformer.scala:22)
[info]   at org.scalatest.Transformer.apply(Transformer.scala:20)
[info]   at org.scalatest.funsuite.AnyFunSuiteLike$$anon$1.apply(AnyFunSuiteLike.scala:226)
[info]   at org.scalatest.TestSuite.withFixture(TestSuite.scala:196)
[info]   at org.scalatest.TestSuite.withFixture$(TestSuite.scala:195)
[info]   at org.scalatest.funsuite.AnyFunSuite.withFixture(AnyFunSuite.scala:1564)
[info]   at org.scalatest.funsuite.AnyFunSuiteLike.invokeWithFixture$1(AnyFunSuiteLike.scala:224)
[info]   at org.scalatest.funsuite.AnyFunSuiteLike.$anonfun$runTest$1(AnyFunSuiteLike.scala:236)
[info]   at org.scalatest.SuperEngine.runTestImpl(Engine.scala:306)
[info]   at org.scalatest.funsuite.AnyFunSuiteLike.runTest(AnyFunSuiteLike.scala:236)
[info]   at org.scalatest.funsuite.AnyFunSuiteLike.runTest$(AnyFunSuiteLike.scala:218)
[info]   at org.scalatest.funsuite.AnyFunSuite.runTest(AnyFunSuite.scala:1564)
[info]   at org.scalatest.funsuite.AnyFunSuiteLike.$anonfun$runTests$1(AnyFunSuiteLike.scala:269)
[info]   at org.scalatest.SuperEngine.$anonfun$runTestsInBranch$1(Engine.scala:413)
[info]   at scala.collection.immutable.List.foreach(List.scala:334)
[info]   at org.scalatest.SuperEngine.traverseSubNodes$1(Engine.scala:401)
[info]   at org.scalatest.SuperEngine.runTestsInBranch(Engine.scala:396)
[info]   at org.scalatest.SuperEngine.runTestsImpl(Engine.scala:475)
[info]   at org.scalatest.funsuite.AnyFunSuiteLike.runTests(AnyFunSuiteLike.scala:269)
[info]   at org.scalatest.funsuite.AnyFunSuiteLike.runTests$(AnyFunSuiteLike.scala:268)
[info]   at org.scalatest.funsuite.AnyFunSuite.runTests(AnyFunSuite.scala:1564)
[info]   at org.scalatest.Suite.run(Suite.scala:1114)
[info]   at org.scalatest.Suite.run$(Suite.scala:1096)
[info]   at org.scalatest.funsuite.AnyFunSuite.org$scalatest$funsuite$AnyFunSuiteLike$$super$run(AnyFunSuite.scala:1564)
[info]   at org.scalatest.funsuite.AnyFunSuiteLike.$anonfun$run$1(AnyFunSuiteLike.scala:273)
[info]   at org.scalatest.SuperEngine.runImpl(Engine.scala:535)
[info]   at org.scalatest.funsuite.AnyFunSuiteLike.run(AnyFunSuiteLike.scala:273)
[info]   at org.scalatest.funsuite.AnyFunSuiteLike.run$(AnyFunSuiteLike.scala:272)
[info]   at frameless.TypedDatasetSuite.org$scalatest$BeforeAndAfterAll$$super$run(TypedDatasetSuite.scala:63)
[info]   at org.scalatest.BeforeAndAfterAll.liftedTree1$1(BeforeAndAfterAll.scala:213)
[info]   at org.scalatest.BeforeAndAfterAll.run(BeforeAndAfterAll.scala:210)
[info]   at org.scalatest.BeforeAndAfterAll.run$(BeforeAndAfterAll.scala:208)
[info]   at frameless.TypedDatasetSuite.run(TypedDatasetSuite.scala:63)
[info]   at org.scalatest.tools.Framework.org$scalatest$tools$Framework$$runSuite(Framework.scala:321)
[info]   at org.scalatest.tools.Framework$ScalaTestTask.execute(Framework.scala:517)
[info]   at sbt.ForkMain$Run.lambda$runTest$1(ForkMain.java:414)
[info]   at java.base/java.util.concurrent.FutureTask.run(FutureTask.java:317)
[info]   at java.base/java.util.concurrent.ThreadPoolExecutor.runWorker(ThreadPoolExecutor.java:1144)
[info]   at java.base/java.util.concurrent.ThreadPoolExecutor$Worker.run(ThreadPoolExecutor.java:642)
[info]   at java.base/java.lang.Thread.run(Thread.java:1583)
[info]   Cause: java.lang.ClassCastException: Cannot cast scala.reflect.ClassTag$GenericClassTag to org.apache.spark.sql.catalyst.expressions.Expression
[info]   at java.base/java.lang.Class.cast(Class.java:4067)
[info]   at java.base/jdk.internal.reflect.DirectConstructorHandleAccessor.newInstance(DirectConstructorHandleAccessor.java:62)
[info]   at java.base/java.lang.reflect.Constructor.newInstanceWithCaller(Constructor.java:502)
[info]   at java.base/java.lang.reflect.Constructor.newInstance(Constructor.java:486)
[info]   at frameless.TypedExpressionEncoder$.$anonfun$apply$3(TypedExpressionEncoder.scala:55)
[info]   at scala.Option.map(Option.scala:242)
[info]   at frameless.TypedExpressionEncoder$.apply(TypedExpressionEncoder.scala:54)
[info]   at frameless.TypedDataset$.create(TypedDataset.scala:1325)
[info]   at frameless.functions.NonAggregateFunctionsTests.prop$38(NonAggregateFunctionsTests.scala:1176)
[info]   at frameless.functions.NonAggregateFunctionsTests.$anonfun$new$765(NonAggregateFunctionsTests.scala:1186)
[info]   at scala.Function1.$anonfun$andThen$1(Function1.scala:87)
[info]   at org.scalacheck.Prop$.$anonfun$forAllShrink$2(Prop.scala:868)
[info]   at org.scalacheck.Prop$.secure(Prop.scala:484)
[info]   at org.scalacheck.Prop$.result$1(Prop.scala:868)
[info]   at org.scalacheck.Prop$.$anonfun$forAllShrink$1(Prop.scala:915)
[info]   at org.scalacheck.Prop$.$anonfun$apply$1(Prop.scala:305)
[info]   at org.scalacheck.PropFromFun.apply(Prop.scala:20)
[info]   at org.scalacheck.Test$.workerFun$1(Test.scala:486)
[info]   at org.scalacheck.Test$.$anonfun$check$4(Test.scala:518)
[info]   at org.scalacheck.Test$.$anonfun$check$4$adapted(Test.scala:518)
[info]   at org.scalacheck.Platform$.runWorkers(Platform.scala:42)
[info]   at org.scalacheck.Test$.check(Test.scala:518)
[info]   at org.scalatestplus.scalacheck.UnitCheckerAsserting$CheckerAssertingImpl.check(CheckerAsserting.scala:90)
[info]   at org.scalatestplus.scalacheck.Checkers.check(Checkers.scala:371)
[info]   at org.scalatestplus.scalacheck.Checkers.check$(Checkers.scala:369)
[info]   at frameless.TypedDatasetSuite.check(TypedDatasetSuite.scala:63)
[info]   at frameless.functions.NonAggregateFunctionsTests.$anonfun$new$755(NonAggregateFunctionsTests.scala:1186)
[info]   at org.scalatest.OutcomeOf.outcomeOf(OutcomeOf.scala:85)
[info]   at org.scalatest.OutcomeOf.outcomeOf$(OutcomeOf.scala:83)
[info]   at org.scalatest.OutcomeOf$.outcomeOf(OutcomeOf.scala:104)
[info]   at org.scalatest.Transformer.apply(Transformer.scala:22)
[info]   at org.scalatest.Transformer.apply(Transformer.scala:20)
[info]   at org.scalatest.funsuite.AnyFunSuiteLike$$anon$1.apply(AnyFunSuiteLike.scala:226)
[info]   at org.scalatest.TestSuite.withFixture(TestSuite.scala:196)
[info]   at org.scalatest.TestSuite.withFixture$(TestSuite.scala:195)
[info]   at org.scalatest.funsuite.AnyFunSuite.withFixture(AnyFunSuite.scala:1564)
[info]   at org.scalatest.funsuite.AnyFunSuiteLike.invokeWithFixture$1(AnyFunSuiteLike.scala:224)
[info]   at org.scalatest.funsuite.AnyFunSuiteLike.$anonfun$runTest$1(AnyFunSuiteLike.scala:236)
[info]   at org.scalatest.SuperEngine.runTestImpl(Engine.scala:306)
[info]   at org.scalatest.funsuite.AnyFunSuiteLike.runTest(AnyFunSuiteLike.scala:236)
[info]   at org.scalatest.funsuite.AnyFunSuiteLike.runTest$(AnyFunSuiteLike.scala:218)
[info]   at org.scalatest.funsuite.AnyFunSuite.runTest(AnyFunSuite.scala:1564)
[info]   at org.scalatest.funsuite.AnyFunSuiteLike.$anonfun$runTests$1(AnyFunSuiteLike.scala:269)
[info]   at org.scalatest.SuperEngine.$anonfun$runTestsInBranch$1(Engine.scala:413)
[info]   at scala.collection.immutable.List.foreach(List.scala:334)
[info]   at org.scalatest.SuperEngine.traverseSubNodes$1(Engine.scala:401)
[info]   at org.scalatest.SuperEngine.runTestsInBranch(Engine.scala:396)
[info]   at org.scalatest.SuperEngine.runTestsImpl(Engine.scala:475)
[info]   at org.scalatest.funsuite.AnyFunSuiteLike.runTests(AnyFunSuiteLike.scala:269)
[info]   at org.scalatest.funsuite.AnyFunSuiteLike.runTests$(AnyFunSuiteLike.scala:268)
[info]   at org.scalatest.funsuite.AnyFunSuite.runTests(AnyFunSuite.scala:1564)
[info]   at org.scalatest.Suite.run(Suite.scala:1114)
[info]   at org.scalatest.Suite.run$(Suite.scala:1096)
[info]   at org.scalatest.funsuite.AnyFunSuite.org$scalatest$funsuite$AnyFunSuiteLike$$super$run(AnyFunSuite.scala:1564)
[info]   at org.scalatest.funsuite.AnyFunSuiteLike.$anonfun$run$1(AnyFunSuiteLike.scala:273)
[info]   at org.scalatest.SuperEngine.runImpl(Engine.scala:535)
[info]   at org.scalatest.funsuite.AnyFunSuiteLike.run(AnyFunSuiteLike.scala:273)
[info]   at org.scalatest.funsuite.AnyFunSuiteLike.run$(AnyFunSuiteLike.scala:272)
[info]   at frameless.TypedDatasetSuite.org$scalatest$BeforeAndAfterAll$$super$run(TypedDatasetSuite.scala:63)
[info]   at org.scalatest.BeforeAndAfterAll.liftedTree1$1(BeforeAndAfterAll.scala:213)
[info]   at org.scalatest.BeforeAndAfterAll.run(BeforeAndAfterAll.scala:210)
[info]   at org.scalatest.BeforeAndAfterAll.run$(BeforeAndAfterAll.scala:208)
[info]   at frameless.TypedDatasetSuite.run(TypedDatasetSuite.scala:63)
[info]   at org.scalatest.tools.Framework.org$scalatest$tools$Framework$$runSuite(Framework.scala:321)
[info]   at org.scalatest.tools.Framework$ScalaTestTask.execute(Framework.scala:517)
[info]   at sbt.ForkMain$Run.lambda$runTest$1(ForkMain.java:414)
[info]   at java.base/java.util.concurrent.FutureTask.run(FutureTask.java:317)
[info]   at java.base/java.util.concurrent.ThreadPoolExecutor.runWorker(ThreadPoolExecutor.java:1144)
[info]   at java.base/java.util.concurrent.ThreadPoolExecutor$Worker.run(ThreadPoolExecutor.java:642)
[info]   at java.base/java.lang.Thread.run(Thread.java:1583)
[info] - bround big decimal *** FAILED *** (45 milliseconds)
[info]   IllegalArgumentException was thrown during property evaluation.
[info]     Message: argument type mismatch
[info]     Occurred when passed generated values (
[info]       arg0 = List()
[info]     )
[info]   org.scalatest.exceptions.GeneratorDrivenPropertyCheckFailedException:
[info]   at org.scalatestplus.scalacheck.CheckerAsserting$$anon$2.indicateFailure(CheckerAsserting.scala:251)
[info]   at org.scalatestplus.scalacheck.CheckerAsserting$$anon$2.indicateFailure(CheckerAsserting.scala:238)
[info]   at org.scalatestplus.scalacheck.UnitCheckerAsserting$CheckerAssertingImpl.check(CheckerAsserting.scala:160)
[info]   at org.scalatestplus.scalacheck.Checkers.check(Checkers.scala:371)
[info]   at org.scalatestplus.scalacheck.Checkers.check$(Checkers.scala:369)
[info]   at frameless.TypedDatasetSuite.check(TypedDatasetSuite.scala:63)
[info]   at frameless.functions.NonAggregateFunctionsTests.$anonfun$new$773(NonAggregateFunctionsTests.scala:1219)
[info]   at org.scalatest.OutcomeOf.outcomeOf(OutcomeOf.scala:85)
[info]   at org.scalatest.OutcomeOf.outcomeOf$(OutcomeOf.scala:83)
[info]   at org.scalatest.OutcomeOf$.outcomeOf(OutcomeOf.scala:104)
[info]   at org.scalatest.Transformer.apply(Transformer.scala:22)
[info]   at org.scalatest.Transformer.apply(Transformer.scala:20)
[info]   at org.scalatest.funsuite.AnyFunSuiteLike$$anon$1.apply(AnyFunSuiteLike.scala:226)
[info]   at org.scalatest.TestSuite.withFixture(TestSuite.scala:196)
[info]   at org.scalatest.TestSuite.withFixture$(TestSuite.scala:195)
[info]   at org.scalatest.funsuite.AnyFunSuite.withFixture(AnyFunSuite.scala:1564)
[info]   at org.scalatest.funsuite.AnyFunSuiteLike.invokeWithFixture$1(AnyFunSuiteLike.scala:224)
[info]   at org.scalatest.funsuite.AnyFunSuiteLike.$anonfun$runTest$1(AnyFunSuiteLike.scala:236)
[info]   at org.scalatest.SuperEngine.runTestImpl(Engine.scala:306)
[info]   at org.scalatest.funsuite.AnyFunSuiteLike.runTest(AnyFunSuiteLike.scala:236)
[info]   at org.scalatest.funsuite.AnyFunSuiteLike.runTest$(AnyFunSuiteLike.scala:218)
[info]   at org.scalatest.funsuite.AnyFunSuite.runTest(AnyFunSuite.scala:1564)
[info]   at org.scalatest.funsuite.AnyFunSuiteLike.$anonfun$runTests$1(AnyFunSuiteLike.scala:269)
[info]   at org.scalatest.SuperEngine.$anonfun$runTestsInBranch$1(Engine.scala:413)
[info]   at scala.collection.immutable.List.foreach(List.scala:334)
[info]   at org.scalatest.SuperEngine.traverseSubNodes$1(Engine.scala:401)
[info]   at org.scalatest.SuperEngine.runTestsInBranch(Engine.scala:396)
[info]   at org.scalatest.SuperEngine.runTestsImpl(Engine.scala:475)
[info]   at org.scalatest.funsuite.AnyFunSuiteLike.runTests(AnyFunSuiteLike.scala:269)
[info]   at org.scalatest.funsuite.AnyFunSuiteLike.runTests$(AnyFunSuiteLike.scala:268)
[info]   at org.scalatest.funsuite.AnyFunSuite.runTests(AnyFunSuite.scala:1564)
[info]   at org.scalatest.Suite.run(Suite.scala:1114)
[info]   at org.scalatest.Suite.run$(Suite.scala:1096)
[info]   at org.scalatest.funsuite.AnyFunSuite.org$scalatest$funsuite$AnyFunSuiteLike$$super$run(AnyFunSuite.scala:1564)
[info]   at org.scalatest.funsuite.AnyFunSuiteLike.$anonfun$run$1(AnyFunSuiteLike.scala:273)
[info]   at org.scalatest.SuperEngine.runImpl(Engine.scala:535)
[info]   at org.scalatest.funsuite.AnyFunSuiteLike.run(AnyFunSuiteLike.scala:273)
[info]   at org.scalatest.funsuite.AnyFunSuiteLike.run$(AnyFunSuiteLike.scala:272)
[info]   at frameless.TypedDatasetSuite.org$scalatest$BeforeAndAfterAll$$super$run(TypedDatasetSuite.scala:63)
[info]   at org.scalatest.BeforeAndAfterAll.liftedTree1$1(BeforeAndAfterAll.scala:213)
[info]   at org.scalatest.BeforeAndAfterAll.run(BeforeAndAfterAll.scala:210)
[info]   at org.scalatest.BeforeAndAfterAll.run$(BeforeAndAfterAll.scala:208)
[info]   at frameless.TypedDatasetSuite.run(TypedDatasetSuite.scala:63)
[info]   at org.scalatest.tools.Framework.org$scalatest$tools$Framework$$runSuite(Framework.scala:321)
[info]   at org.scalatest.tools.Framework$ScalaTestTask.execute(Framework.scala:517)
[info]   at sbt.ForkMain$Run.lambda$runTest$1(ForkMain.java:414)
[info]   at java.base/java.util.concurrent.FutureTask.run(FutureTask.java:317)
[info]   at java.base/java.util.concurrent.ThreadPoolExecutor.runWorker(ThreadPoolExecutor.java:1144)
[info]   at java.base/java.util.concurrent.ThreadPoolExecutor$Worker.run(ThreadPoolExecutor.java:642)
[info]   at java.base/java.lang.Thread.run(Thread.java:1583)
[info]   Cause: java.lang.IllegalArgumentException: argument type mismatch
[info]   at java.base/jdk.internal.reflect.DirectConstructorHandleAccessor.newInstance(DirectConstructorHandleAccessor.java:65)
[info]   at java.base/java.lang.reflect.Constructor.newInstanceWithCaller(Constructor.java:502)
[info]   at java.base/java.lang.reflect.Constructor.newInstance(Constructor.java:486)
[info]   at frameless.TypedExpressionEncoder$.$anonfun$apply$3(TypedExpressionEncoder.scala:55)
[info]   at scala.Option.map(Option.scala:242)
[info]   at frameless.TypedExpressionEncoder$.apply(TypedExpressionEncoder.scala:54)
[info]   at frameless.TypedDataset$.create(TypedDataset.scala:1325)
[info]   at frameless.functions.NonAggregateFunctionsTests.prop$39(NonAggregateFunctionsTests.scala:1208)
[info]   at frameless.functions.NonAggregateFunctionsTests.$anonfun$new$784(NonAggregateFunctionsTests.scala:1219)
[info]   at scala.Function1.$anonfun$andThen$1(Function1.scala:87)
[info]   at org.scalacheck.Prop$.$anonfun$forAllShrink$2(Prop.scala:868)
[info]   at org.scalacheck.Prop$.secure(Prop.scala:484)
[info]   at org.scalacheck.Prop$.result$1(Prop.scala:868)
[info]   at org.scalacheck.Prop$.$anonfun$forAllShrink$1(Prop.scala:915)
[info]   at org.scalacheck.Prop$.$anonfun$apply$1(Prop.scala:305)
[info]   at org.scalacheck.PropFromFun.apply(Prop.scala:20)
[info]   at org.scalacheck.Test$.workerFun$1(Test.scala:486)
[info]   at org.scalacheck.Test$.$anonfun$check$4(Test.scala:518)
[info]   at org.scalacheck.Test$.$anonfun$check$4$adapted(Test.scala:518)
[info]   at org.scalacheck.Platform$.runWorkers(Platform.scala:42)
[info]   at org.scalacheck.Test$.check(Test.scala:518)
[info]   at org.scalatestplus.scalacheck.UnitCheckerAsserting$CheckerAssertingImpl.check(CheckerAsserting.scala:90)
[info]   at org.scalatestplus.scalacheck.Checkers.check(Checkers.scala:371)
[info]   at org.scalatestplus.scalacheck.Checkers.check$(Checkers.scala:369)
[info]   at frameless.TypedDatasetSuite.check(TypedDatasetSuite.scala:63)
[info]   at frameless.functions.NonAggregateFunctionsTests.$anonfun$new$773(NonAggregateFunctionsTests.scala:1219)
[info]   at org.scalatest.OutcomeOf.outcomeOf(OutcomeOf.scala:85)
[info]   at org.scalatest.OutcomeOf.outcomeOf$(OutcomeOf.scala:83)
[info]   at org.scalatest.OutcomeOf$.outcomeOf(OutcomeOf.scala:104)
[info]   at org.scalatest.Transformer.apply(Transformer.scala:22)
[info]   at org.scalatest.Transformer.apply(Transformer.scala:20)
[info]   at org.scalatest.funsuite.AnyFunSuiteLike$$anon$1.apply(AnyFunSuiteLike.scala:226)
[info]   at org.scalatest.TestSuite.withFixture(TestSuite.scala:196)
[info]   at org.scalatest.TestSuite.withFixture$(TestSuite.scala:195)
[info]   at org.scalatest.funsuite.AnyFunSuite.withFixture(AnyFunSuite.scala:1564)
[info]   at org.scalatest.funsuite.AnyFunSuiteLike.invokeWithFixture$1(AnyFunSuiteLike.scala:224)
[info]   at org.scalatest.funsuite.AnyFunSuiteLike.$anonfun$runTest$1(AnyFunSuiteLike.scala:236)
[info]   at org.scalatest.SuperEngine.runTestImpl(Engine.scala:306)
[info]   at org.scalatest.funsuite.AnyFunSuiteLike.runTest(AnyFunSuiteLike.scala:236)
[info]   at org.scalatest.funsuite.AnyFunSuiteLike.runTest$(AnyFunSuiteLike.scala:218)
[info]   at org.scalatest.funsuite.AnyFunSuite.runTest(AnyFunSuite.scala:1564)
[info]   at org.scalatest.funsuite.AnyFunSuiteLike.$anonfun$runTests$1(AnyFunSuiteLike.scala:269)
[info]   at org.scalatest.SuperEngine.$anonfun$runTestsInBranch$1(Engine.scala:413)
[info]   at scala.collection.immutable.List.foreach(List.scala:334)
[info]   at org.scalatest.SuperEngine.traverseSubNodes$1(Engine.scala:401)
[info]   at org.scalatest.SuperEngine.runTestsInBranch(Engine.scala:396)
[info]   at org.scalatest.SuperEngine.runTestsImpl(Engine.scala:475)
[info]   at org.scalatest.funsuite.AnyFunSuiteLike.runTests(AnyFunSuiteLike.scala:269)
[info]   at org.scalatest.funsuite.AnyFunSuiteLike.runTests$(AnyFunSuiteLike.scala:268)
[info]   at org.scalatest.funsuite.AnyFunSuite.runTests(AnyFunSuite.scala:1564)
[info]   at org.scalatest.Suite.run(Suite.scala:1114)
[info]   at org.scalatest.Suite.run$(Suite.scala:1096)
[info]   at org.scalatest.funsuite.AnyFunSuite.org$scalatest$funsuite$AnyFunSuiteLike$$super$run(AnyFunSuite.scala:1564)
[info]   at org.scalatest.funsuite.AnyFunSuiteLike.$anonfun$run$1(AnyFunSuiteLike.scala:273)
[info]   at org.scalatest.SuperEngine.runImpl(Engine.scala:535)
[info]   at org.scalatest.funsuite.AnyFunSuiteLike.run(AnyFunSuiteLike.scala:273)
[info]   at org.scalatest.funsuite.AnyFunSuiteLike.run$(AnyFunSuiteLike.scala:272)
[info]   at frameless.TypedDatasetSuite.org$scalatest$BeforeAndAfterAll$$super$run(TypedDatasetSuite.scala:63)
[info]   at org.scalatest.BeforeAndAfterAll.liftedTree1$1(BeforeAndAfterAll.scala:213)
[info]   at org.scalatest.BeforeAndAfterAll.run(BeforeAndAfterAll.scala:210)
[info]   at org.scalatest.BeforeAndAfterAll.run$(BeforeAndAfterAll.scala:208)
[info]   at frameless.TypedDatasetSuite.run(TypedDatasetSuite.scala:63)
[info]   at org.scalatest.tools.Framework.org$scalatest$tools$Framework$$runSuite(Framework.scala:321)
[info]   at org.scalatest.tools.Framework$ScalaTestTask.execute(Framework.scala:517)
[info]   at sbt.ForkMain$Run.lambda$runTest$1(ForkMain.java:414)
[info]   at java.base/java.util.concurrent.FutureTask.run(FutureTask.java:317)
[info]   at java.base/java.util.concurrent.ThreadPoolExecutor.runWorker(ThreadPoolExecutor.java:1144)
[info]   at java.base/java.util.concurrent.ThreadPoolExecutor$Worker.run(ThreadPoolExecutor.java:642)
[info]   at java.base/java.lang.Thread.run(Thread.java:1583)
[info]   Cause: java.lang.ClassCastException: Cannot cast scala.reflect.ClassTag$GenericClassTag to org.apache.spark.sql.catalyst.expressions.Expression
[info]   at java.base/java.lang.Class.cast(Class.java:4067)
[info]   at java.base/jdk.internal.reflect.DirectConstructorHandleAccessor.newInstance(DirectConstructorHandleAccessor.java:62)
[info]   at java.base/java.lang.reflect.Constructor.newInstanceWithCaller(Constructor.java:502)
[info]   at java.base/java.lang.reflect.Constructor.newInstance(Constructor.java:486)
[info]   at frameless.TypedExpressionEncoder$.$anonfun$apply$3(TypedExpressionEncoder.scala:55)
[info]   at scala.Option.map(Option.scala:242)
[info]   at frameless.TypedExpressionEncoder$.apply(TypedExpressionEncoder.scala:54)
[info]   at frameless.TypedDataset$.create(TypedDataset.scala:1325)
[info]   at frameless.functions.NonAggregateFunctionsTests.prop$39(NonAggregateFunctionsTests.scala:1208)
[info]   at frameless.functions.NonAggregateFunctionsTests.$anonfun$new$784(NonAggregateFunctionsTests.scala:1219)
[info]   at scala.Function1.$anonfun$andThen$1(Function1.scala:87)
[info]   at org.scalacheck.Prop$.$anonfun$forAllShrink$2(Prop.scala:868)
[info]   at org.scalacheck.Prop$.secure(Prop.scala:484)
[info]   at org.scalacheck.Prop$.result$1(Prop.scala:868)
[info]   at org.scalacheck.Prop$.$anonfun$forAllShrink$1(Prop.scala:915)
[info]   at org.scalacheck.Prop$.$anonfun$apply$1(Prop.scala:305)
[info]   at org.scalacheck.PropFromFun.apply(Prop.scala:20)
[info]   at org.scalacheck.Test$.workerFun$1(Test.scala:486)
[info]   at org.scalacheck.Test$.$anonfun$check$4(Test.scala:518)
[info]   at org.scalacheck.Test$.$anonfun$check$4$adapted(Test.scala:518)
[info]   at org.scalacheck.Platform$.runWorkers(Platform.scala:42)
[info]   at org.scalacheck.Test$.check(Test.scala:518)
[info]   at org.scalatestplus.scalacheck.UnitCheckerAsserting$CheckerAssertingImpl.check(CheckerAsserting.scala:90)
[info]   at org.scalatestplus.scalacheck.Checkers.check(Checkers.scala:371)
[info]   at org.scalatestplus.scalacheck.Checkers.check$(Checkers.scala:369)
[info]   at frameless.TypedDatasetSuite.check(TypedDatasetSuite.scala:63)
[info]   at frameless.functions.NonAggregateFunctionsTests.$anonfun$new$773(NonAggregateFunctionsTests.scala:1219)
[info]   at org.scalatest.OutcomeOf.outcomeOf(OutcomeOf.scala:85)
[info]   at org.scalatest.OutcomeOf.outcomeOf$(OutcomeOf.scala:83)
[info]   at org.scalatest.OutcomeOf$.outcomeOf(OutcomeOf.scala:104)
[info]   at org.scalatest.Transformer.apply(Transformer.scala:22)
[info]   at org.scalatest.Transformer.apply(Transformer.scala:20)
[info]   at org.scalatest.funsuite.AnyFunSuiteLike$$anon$1.apply(AnyFunSuiteLike.scala:226)
[info]   at org.scalatest.TestSuite.withFixture(TestSuite.scala:196)
[info]   at org.scalatest.TestSuite.withFixture$(TestSuite.scala:195)
[info]   at org.scalatest.funsuite.AnyFunSuite.withFixture(AnyFunSuite.scala:1564)
[info]   at org.scalatest.funsuite.AnyFunSuiteLike.invokeWithFixture$1(AnyFunSuiteLike.scala:224)
[info]   at org.scalatest.funsuite.AnyFunSuiteLike.$anonfun$runTest$1(AnyFunSuiteLike.scala:236)
[info]   at org.scalatest.SuperEngine.runTestImpl(Engine.scala:306)
[info]   at org.scalatest.funsuite.AnyFunSuiteLike.runTest(AnyFunSuiteLike.scala:236)
[info]   at org.scalatest.funsuite.AnyFunSuiteLike.runTest$(AnyFunSuiteLike.scala:218)
[info]   at org.scalatest.funsuite.AnyFunSuite.runTest(AnyFunSuite.scala:1564)
[info]   at org.scalatest.funsuite.AnyFunSuiteLike.$anonfun$runTests$1(AnyFunSuiteLike.scala:269)
[info]   at org.scalatest.SuperEngine.$anonfun$runTestsInBranch$1(Engine.scala:413)
[info]   at scala.collection.immutable.List.foreach(List.scala:334)
[info]   at org.scalatest.SuperEngine.traverseSubNodes$1(Engine.scala:401)
[info]   at org.scalatest.SuperEngine.runTestsInBranch(Engine.scala:396)
[info]   at org.scalatest.SuperEngine.runTestsImpl(Engine.scala:475)
[info]   at org.scalatest.funsuite.AnyFunSuiteLike.runTests(AnyFunSuiteLike.scala:269)
[info]   at org.scalatest.funsuite.AnyFunSuiteLike.runTests$(AnyFunSuiteLike.scala:268)
[info]   at org.scalatest.funsuite.AnyFunSuite.runTests(AnyFunSuite.scala:1564)
[info]   at org.scalatest.Suite.run(Suite.scala:1114)
[info]   at org.scalatest.Suite.run$(Suite.scala:1096)
[info]   at org.scalatest.funsuite.AnyFunSuite.org$scalatest$funsuite$AnyFunSuiteLike$$super$run(AnyFunSuite.scala:1564)
[info]   at org.scalatest.funsuite.AnyFunSuiteLike.$anonfun$run$1(AnyFunSuiteLike.scala:273)
[info]   at org.scalatest.SuperEngine.runImpl(Engine.scala:535)
[info]   at org.scalatest.funsuite.AnyFunSuiteLike.run(AnyFunSuiteLike.scala:273)
[info]   at org.scalatest.funsuite.AnyFunSuiteLike.run$(AnyFunSuiteLike.scala:272)
[info]   at frameless.TypedDatasetSuite.org$scalatest$BeforeAndAfterAll$$super$run(TypedDatasetSuite.scala:63)
[info]   at org.scalatest.BeforeAndAfterAll.liftedTree1$1(BeforeAndAfterAll.scala:213)
[info]   at org.scalatest.BeforeAndAfterAll.run(BeforeAndAfterAll.scala:210)
[info]   at org.scalatest.BeforeAndAfterAll.run$(BeforeAndAfterAll.scala:208)
[info]   at frameless.TypedDatasetSuite.run(TypedDatasetSuite.scala:63)
[info]   at org.scalatest.tools.Framework.org$scalatest$tools$Framework$$runSuite(Framework.scala:321)
[info]   at org.scalatest.tools.Framework$ScalaTestTask.execute(Framework.scala:517)
[info]   at sbt.ForkMain$Run.lambda$runTest$1(ForkMain.java:414)
[info]   at java.base/java.util.concurrent.FutureTask.run(FutureTask.java:317)
[info]   at java.base/java.util.concurrent.ThreadPoolExecutor.runWorker(ThreadPoolExecutor.java:1144)
[info]   at java.base/java.util.concurrent.ThreadPoolExecutor$Worker.run(ThreadPoolExecutor.java:642)
[info]   at java.base/java.lang.Thread.run(Thread.java:1583)
[info] - bround with scale *** FAILED *** (48 milliseconds)
[info]   IllegalArgumentException was thrown during property evaluation.
[info]     Message: argument type mismatch
[info]     Occurred when passed generated values (
[info]       arg0 = List()
[info]     )
[info]   org.scalatest.exceptions.GeneratorDrivenPropertyCheckFailedException:
[info]   at org.scalatestplus.scalacheck.CheckerAsserting$$anon$2.indicateFailure(CheckerAsserting.scala:251)
[info]   at org.scalatestplus.scalacheck.CheckerAsserting$$anon$2.indicateFailure(CheckerAsserting.scala:238)
[info]   at org.scalatestplus.scalacheck.UnitCheckerAsserting$CheckerAssertingImpl.check(CheckerAsserting.scala:160)
[info]   at org.scalatestplus.scalacheck.Checkers.check(Checkers.scala:371)
[info]   at org.scalatestplus.scalacheck.Checkers.check$(Checkers.scala:369)
[info]   at frameless.TypedDatasetSuite.check(TypedDatasetSuite.scala:63)
[info]   at frameless.functions.NonAggregateFunctionsTests.$anonfun$new$786(NonAggregateFunctionsTests.scala:1247)
[info]   at org.scalatest.OutcomeOf.outcomeOf(OutcomeOf.scala:85)
[info]   at org.scalatest.OutcomeOf.outcomeOf$(OutcomeOf.scala:83)
[info]   at org.scalatest.OutcomeOf$.outcomeOf(OutcomeOf.scala:104)
[info]   at org.scalatest.Transformer.apply(Transformer.scala:22)
[info]   at org.scalatest.Transformer.apply(Transformer.scala:20)
[info]   at org.scalatest.funsuite.AnyFunSuiteLike$$anon$1.apply(AnyFunSuiteLike.scala:226)
[info]   at org.scalatest.TestSuite.withFixture(TestSuite.scala:196)
[info]   at org.scalatest.TestSuite.withFixture$(TestSuite.scala:195)
[info]   at org.scalatest.funsuite.AnyFunSuite.withFixture(AnyFunSuite.scala:1564)
[info]   at org.scalatest.funsuite.AnyFunSuiteLike.invokeWithFixture$1(AnyFunSuiteLike.scala:224)
[info]   at org.scalatest.funsuite.AnyFunSuiteLike.$anonfun$runTest$1(AnyFunSuiteLike.scala:236)
[info]   at org.scalatest.SuperEngine.runTestImpl(Engine.scala:306)
[info]   at org.scalatest.funsuite.AnyFunSuiteLike.runTest(AnyFunSuiteLike.scala:236)
[info]   at org.scalatest.funsuite.AnyFunSuiteLike.runTest$(AnyFunSuiteLike.scala:218)
[info]   at org.scalatest.funsuite.AnyFunSuite.runTest(AnyFunSuite.scala:1564)
[info]   at org.scalatest.funsuite.AnyFunSuiteLike.$anonfun$runTests$1(AnyFunSuiteLike.scala:269)
[info]   at org.scalatest.SuperEngine.$anonfun$runTestsInBranch$1(Engine.scala:413)
[info]   at scala.collection.immutable.List.foreach(List.scala:334)
[info]   at org.scalatest.SuperEngine.traverseSubNodes$1(Engine.scala:401)
[info]   at org.scalatest.SuperEngine.runTestsInBranch(Engine.scala:396)
[info]   at org.scalatest.SuperEngine.runTestsImpl(Engine.scala:475)
[info]   at org.scalatest.funsuite.AnyFunSuiteLike.runTests(AnyFunSuiteLike.scala:269)
[info]   at org.scalatest.funsuite.AnyFunSuiteLike.runTests$(AnyFunSuiteLike.scala:268)
[info]   at org.scalatest.funsuite.AnyFunSuite.runTests(AnyFunSuite.scala:1564)
[info]   at org.scalatest.Suite.run(Suite.scala:1114)
[info]   at org.scalatest.Suite.run$(Suite.scala:1096)
[info]   at org.scalatest.funsuite.AnyFunSuite.org$scalatest$funsuite$AnyFunSuiteLike$$super$run(AnyFunSuite.scala:1564)
[info]   at org.scalatest.funsuite.AnyFunSuiteLike.$anonfun$run$1(AnyFunSuiteLike.scala:273)
[info]   at org.scalatest.SuperEngine.runImpl(Engine.scala:535)
[info]   at org.scalatest.funsuite.AnyFunSuiteLike.run(AnyFunSuiteLike.scala:273)
[info]   at org.scalatest.funsuite.AnyFunSuiteLike.run$(AnyFunSuiteLike.scala:272)
[info]   at frameless.TypedDatasetSuite.org$scalatest$BeforeAndAfterAll$$super$run(TypedDatasetSuite.scala:63)
[info]   at org.scalatest.BeforeAndAfterAll.liftedTree1$1(BeforeAndAfterAll.scala:213)
[info]   at org.scalatest.BeforeAndAfterAll.run(BeforeAndAfterAll.scala:210)
[info]   at org.scalatest.BeforeAndAfterAll.run$(BeforeAndAfterAll.scala:208)
[info]   at frameless.TypedDatasetSuite.run(TypedDatasetSuite.scala:63)
[info]   at org.scalatest.tools.Framework.org$scalatest$tools$Framework$$runSuite(Framework.scala:321)
[info]   at org.scalatest.tools.Framework$ScalaTestTask.execute(Framework.scala:517)
[info]   at sbt.ForkMain$Run.lambda$runTest$1(ForkMain.java:414)
[info]   at java.base/java.util.concurrent.FutureTask.run(FutureTask.java:317)
[info]   at java.base/java.util.concurrent.ThreadPoolExecutor.runWorker(ThreadPoolExecutor.java:1144)
[info]   at java.base/java.util.concurrent.ThreadPoolExecutor$Worker.run(ThreadPoolExecutor.java:642)
[info]   at java.base/java.lang.Thread.run(Thread.java:1583)
[info]   Cause: java.lang.IllegalArgumentException: argument type mismatch
[info]   at java.base/jdk.internal.reflect.DirectConstructorHandleAccessor.newInstance(DirectConstructorHandleAccessor.java:65)
[info]   at java.base/java.lang.reflect.Constructor.newInstanceWithCaller(Constructor.java:502)
[info]   at java.base/java.lang.reflect.Constructor.newInstance(Constructor.java:486)
[info]   at frameless.TypedExpressionEncoder$.$anonfun$apply$3(TypedExpressionEncoder.scala:55)
[info]   at scala.Option.map(Option.scala:242)
[info]   at frameless.TypedExpressionEncoder$.apply(TypedExpressionEncoder.scala:54)
[info]   at frameless.TypedDataset$.create(TypedDataset.scala:1325)
[info]   at frameless.functions.NonAggregateFunctionsTests.prop$40(NonAggregateFunctionsTests.scala:1237)
[info]   at frameless.functions.NonAggregateFunctionsTests.$anonfun$new$796(NonAggregateFunctionsTests.scala:1247)
[info]   at scala.Function1.$anonfun$andThen$1(Function1.scala:87)
[info]   at org.scalacheck.Prop$.$anonfun$forAllShrink$2(Prop.scala:868)
[info]   at org.scalacheck.Prop$.secure(Prop.scala:484)
[info]   at org.scalacheck.Prop$.result$1(Prop.scala:868)
[info]   at org.scalacheck.Prop$.$anonfun$forAllShrink$1(Prop.scala:915)
[info]   at org.scalacheck.Prop$.$anonfun$apply$1(Prop.scala:305)
[info]   at org.scalacheck.PropFromFun.apply(Prop.scala:20)
[info]   at org.scalacheck.Test$.workerFun$1(Test.scala:486)
[info]   at org.scalacheck.Test$.$anonfun$check$4(Test.scala:518)
[info]   at org.scalacheck.Test$.$anonfun$check$4$adapted(Test.scala:518)
[info]   at org.scalacheck.Platform$.runWorkers(Platform.scala:42)
[info]   at org.scalacheck.Test$.check(Test.scala:518)
[info]   at org.scalatestplus.scalacheck.UnitCheckerAsserting$CheckerAssertingImpl.check(CheckerAsserting.scala:90)
[info]   at org.scalatestplus.scalacheck.Checkers.check(Checkers.scala:371)
[info]   at org.scalatestplus.scalacheck.Checkers.check$(Checkers.scala:369)
[info]   at frameless.TypedDatasetSuite.check(TypedDatasetSuite.scala:63)
[info]   at frameless.functions.NonAggregateFunctionsTests.$anonfun$new$786(NonAggregateFunctionsTests.scala:1247)
[info]   at org.scalatest.OutcomeOf.outcomeOf(OutcomeOf.scala:85)
[info]   at org.scalatest.OutcomeOf.outcomeOf$(OutcomeOf.scala:83)
[info]   at org.scalatest.OutcomeOf$.outcomeOf(OutcomeOf.scala:104)
[info]   at org.scalatest.Transformer.apply(Transformer.scala:22)
[info]   at org.scalatest.Transformer.apply(Transformer.scala:20)
[info]   at org.scalatest.funsuite.AnyFunSuiteLike$$anon$1.apply(AnyFunSuiteLike.scala:226)
[info]   at org.scalatest.TestSuite.withFixture(TestSuite.scala:196)
[info]   at org.scalatest.TestSuite.withFixture$(TestSuite.scala:195)
[info]   at org.scalatest.funsuite.AnyFunSuite.withFixture(AnyFunSuite.scala:1564)
[info]   at org.scalatest.funsuite.AnyFunSuiteLike.invokeWithFixture$1(AnyFunSuiteLike.scala:224)
[info]   at org.scalatest.funsuite.AnyFunSuiteLike.$anonfun$runTest$1(AnyFunSuiteLike.scala:236)
[info]   at org.scalatest.SuperEngine.runTestImpl(Engine.scala:306)
[info]   at org.scalatest.funsuite.AnyFunSuiteLike.runTest(AnyFunSuiteLike.scala:236)
[info]   at org.scalatest.funsuite.AnyFunSuiteLike.runTest$(AnyFunSuiteLike.scala:218)
[info]   at org.scalatest.funsuite.AnyFunSuite.runTest(AnyFunSuite.scala:1564)
[info]   at org.scalatest.funsuite.AnyFunSuiteLike.$anonfun$runTests$1(AnyFunSuiteLike.scala:269)
[info]   at org.scalatest.SuperEngine.$anonfun$runTestsInBranch$1(Engine.scala:413)
[info]   at scala.collection.immutable.List.foreach(List.scala:334)
[info]   at org.scalatest.SuperEngine.traverseSubNodes$1(Engine.scala:401)
[info]   at org.scalatest.SuperEngine.runTestsInBranch(Engine.scala:396)
[info]   at org.scalatest.SuperEngine.runTestsImpl(Engine.scala:475)
[info]   at org.scalatest.funsuite.AnyFunSuiteLike.runTests(AnyFunSuiteLike.scala:269)
[info]   at org.scalatest.funsuite.AnyFunSuiteLike.runTests$(AnyFunSuiteLike.scala:268)
[info]   at org.scalatest.funsuite.AnyFunSuite.runTests(AnyFunSuite.scala:1564)
[info]   at org.scalatest.Suite.run(Suite.scala:1114)
[info]   at org.scalatest.Suite.run$(Suite.scala:1096)
[info]   at org.scalatest.funsuite.AnyFunSuite.org$scalatest$funsuite$AnyFunSuiteLike$$super$run(AnyFunSuite.scala:1564)
[info]   at org.scalatest.funsuite.AnyFunSuiteLike.$anonfun$run$1(AnyFunSuiteLike.scala:273)
[info]   at org.scalatest.SuperEngine.runImpl(Engine.scala:535)
[info]   at org.scalatest.funsuite.AnyFunSuiteLike.run(AnyFunSuiteLike.scala:273)
[info]   at org.scalatest.funsuite.AnyFunSuiteLike.run$(AnyFunSuiteLike.scala:272)
[info]   at frameless.TypedDatasetSuite.org$scalatest$BeforeAndAfterAll$$super$run(TypedDatasetSuite.scala:63)
[info]   at org.scalatest.BeforeAndAfterAll.liftedTree1$1(BeforeAndAfterAll.scala:213)
[info]   at org.scalatest.BeforeAndAfterAll.run(BeforeAndAfterAll.scala:210)
[info]   at org.scalatest.BeforeAndAfterAll.run$(BeforeAndAfterAll.scala:208)
[info]   at frameless.TypedDatasetSuite.run(TypedDatasetSuite.scala:63)
[info]   at org.scalatest.tools.Framework.org$scalatest$tools$Framework$$runSuite(Framework.scala:321)
[info]   at org.scalatest.tools.Framework$ScalaTestTask.execute(Framework.scala:517)
[info]   at sbt.ForkMain$Run.lambda$runTest$1(ForkMain.java:414)
[info]   at java.base/java.util.concurrent.FutureTask.run(FutureTask.java:317)
[info]   at java.base/java.util.concurrent.ThreadPoolExecutor.runWorker(ThreadPoolExecutor.java:1144)
[info]   at java.base/java.util.concurrent.ThreadPoolExecutor$Worker.run(ThreadPoolExecutor.java:642)
[info]   at java.base/java.lang.Thread.run(Thread.java:1583)
[info]   Cause: java.lang.ClassCastException: Cannot cast scala.reflect.ClassTag$GenericClassTag to org.apache.spark.sql.catalyst.expressions.Expression
[info]   at java.base/java.lang.Class.cast(Class.java:4067)
[info]   at java.base/jdk.internal.reflect.DirectConstructorHandleAccessor.newInstance(DirectConstructorHandleAccessor.java:62)
[info]   at java.base/java.lang.reflect.Constructor.newInstanceWithCaller(Constructor.java:502)
[info]   at java.base/java.lang.reflect.Constructor.newInstance(Constructor.java:486)
[info]   at frameless.TypedExpressionEncoder$.$anonfun$apply$3(TypedExpressionEncoder.scala:55)
[info]   at scala.Option.map(Option.scala:242)
[info]   at frameless.TypedExpressionEncoder$.apply(TypedExpressionEncoder.scala:54)
[info]   at frameless.TypedDataset$.create(TypedDataset.scala:1325)
[info]   at frameless.functions.NonAggregateFunctionsTests.prop$40(NonAggregateFunctionsTests.scala:1237)
[info]   at frameless.functions.NonAggregateFunctionsTests.$anonfun$new$796(NonAggregateFunctionsTests.scala:1247)
[info]   at scala.Function1.$anonfun$andThen$1(Function1.scala:87)
[info]   at org.scalacheck.Prop$.$anonfun$forAllShrink$2(Prop.scala:868)
[info]   at org.scalacheck.Prop$.secure(Prop.scala:484)
[info]   at org.scalacheck.Prop$.result$1(Prop.scala:868)
[info]   at org.scalacheck.Prop$.$anonfun$forAllShrink$1(Prop.scala:915)
[info]   at org.scalacheck.Prop$.$anonfun$apply$1(Prop.scala:305)
[info]   at org.scalacheck.PropFromFun.apply(Prop.scala:20)
[info]   at org.scalacheck.Test$.workerFun$1(Test.scala:486)
[info]   at org.scalacheck.Test$.$anonfun$check$4(Test.scala:518)
[info]   at org.scalacheck.Test$.$anonfun$check$4$adapted(Test.scala:518)
[info]   at org.scalacheck.Platform$.runWorkers(Platform.scala:42)
[info]   at org.scalacheck.Test$.check(Test.scala:518)
[info]   at org.scalatestplus.scalacheck.UnitCheckerAsserting$CheckerAssertingImpl.check(CheckerAsserting.scala:90)
[info]   at org.scalatestplus.scalacheck.Checkers.check(Checkers.scala:371)
[info]   at org.scalatestplus.scalacheck.Checkers.check$(Checkers.scala:369)
[info]   at frameless.TypedDatasetSuite.check(TypedDatasetSuite.scala:63)
[info]   at frameless.functions.NonAggregateFunctionsTests.$anonfun$new$786(NonAggregateFunctionsTests.scala:1247)
[info]   at org.scalatest.OutcomeOf.outcomeOf(OutcomeOf.scala:85)
[info]   at org.scalatest.OutcomeOf.outcomeOf$(OutcomeOf.scala:83)
[info]   at org.scalatest.OutcomeOf$.outcomeOf(OutcomeOf.scala:104)
[info]   at org.scalatest.Transformer.apply(Transformer.scala:22)
[info]   at org.scalatest.Transformer.apply(Transformer.scala:20)
[info]   at org.scalatest.funsuite.AnyFunSuiteLike$$anon$1.apply(AnyFunSuiteLike.scala:226)
[info]   at org.scalatest.TestSuite.withFixture(TestSuite.scala:196)
[info]   at org.scalatest.TestSuite.withFixture$(TestSuite.scala:195)
[info]   at org.scalatest.funsuite.AnyFunSuite.withFixture(AnyFunSuite.scala:1564)
[info]   at org.scalatest.funsuite.AnyFunSuiteLike.invokeWithFixture$1(AnyFunSuiteLike.scala:224)
[info]   at org.scalatest.funsuite.AnyFunSuiteLike.$anonfun$runTest$1(AnyFunSuiteLike.scala:236)
[info]   at org.scalatest.SuperEngine.runTestImpl(Engine.scala:306)
[info]   at org.scalatest.funsuite.AnyFunSuiteLike.runTest(AnyFunSuiteLike.scala:236)
[info]   at org.scalatest.funsuite.AnyFunSuiteLike.runTest$(AnyFunSuiteLike.scala:218)
[info]   at org.scalatest.funsuite.AnyFunSuite.runTest(AnyFunSuite.scala:1564)
[info]   at org.scalatest.funsuite.AnyFunSuiteLike.$anonfun$runTests$1(AnyFunSuiteLike.scala:269)
[info]   at org.scalatest.SuperEngine.$anonfun$runTestsInBranch$1(Engine.scala:413)
[info]   at scala.collection.immutable.List.foreach(List.scala:334)
[info]   at org.scalatest.SuperEngine.traverseSubNodes$1(Engine.scala:401)
[info]   at org.scalatest.SuperEngine.runTestsInBranch(Engine.scala:396)
[info]   at org.scalatest.SuperEngine.runTestsImpl(Engine.scala:475)
[info]   at org.scalatest.funsuite.AnyFunSuiteLike.runTests(AnyFunSuiteLike.scala:269)
[info]   at org.scalatest.funsuite.AnyFunSuiteLike.runTests$(AnyFunSuiteLike.scala:268)
[info]   at org.scalatest.funsuite.AnyFunSuite.runTests(AnyFunSuite.scala:1564)
[info]   at org.scalatest.Suite.run(Suite.scala:1114)
[info]   at org.scalatest.Suite.run$(Suite.scala:1096)
[info]   at org.scalatest.funsuite.AnyFunSuite.org$scalatest$funsuite$AnyFunSuiteLike$$super$run(AnyFunSuite.scala:1564)
[info]   at org.scalatest.funsuite.AnyFunSuiteLike.$anonfun$run$1(AnyFunSuiteLike.scala:273)
[info]   at org.scalatest.SuperEngine.runImpl(Engine.scala:535)
[info]   at org.scalatest.funsuite.AnyFunSuiteLike.run(AnyFunSuiteLike.scala:273)
[info]   at org.scalatest.funsuite.AnyFunSuiteLike.run$(AnyFunSuiteLike.scala:272)
[info]   at frameless.TypedDatasetSuite.org$scalatest$BeforeAndAfterAll$$super$run(TypedDatasetSuite.scala:63)
[info]   at org.scalatest.BeforeAndAfterAll.liftedTree1$1(BeforeAndAfterAll.scala:213)
[info]   at org.scalatest.BeforeAndAfterAll.run(BeforeAndAfterAll.scala:210)
[info]   at org.scalatest.BeforeAndAfterAll.run$(BeforeAndAfterAll.scala:208)
[info]   at frameless.TypedDatasetSuite.run(TypedDatasetSuite.scala:63)
[info]   at org.scalatest.tools.Framework.org$scalatest$tools$Framework$$runSuite(Framework.scala:321)
[info]   at org.scalatest.tools.Framework$ScalaTestTask.execute(Framework.scala:517)
[info]   at sbt.ForkMain$Run.lambda$runTest$1(ForkMain.java:414)
[info]   at java.base/java.util.concurrent.FutureTask.run(FutureTask.java:317)
[info]   at java.base/java.util.concurrent.ThreadPoolExecutor.runWorker(ThreadPoolExecutor.java:1144)
[info]   at java.base/java.util.concurrent.ThreadPoolExecutor$Worker.run(ThreadPoolExecutor.java:642)
[info]   at java.base/java.lang.Thread.run(Thread.java:1583)
[info] - bround big decimal with scale *** FAILED *** (61 milliseconds)
[info]   IllegalArgumentException was thrown during property evaluation.
[info]     Message: argument type mismatch
[info]     Occurred when passed generated values (
[info]       arg0 = List()
[info]     )
[info]   org.scalatest.exceptions.GeneratorDrivenPropertyCheckFailedException:
[info]   at org.scalatestplus.scalacheck.CheckerAsserting$$anon$2.indicateFailure(CheckerAsserting.scala:251)
[info]   at org.scalatestplus.scalacheck.CheckerAsserting$$anon$2.indicateFailure(CheckerAsserting.scala:238)
[info]   at org.scalatestplus.scalacheck.UnitCheckerAsserting$CheckerAssertingImpl.check(CheckerAsserting.scala:160)
[info]   at org.scalatestplus.scalacheck.Checkers.check(Checkers.scala:371)
[info]   at org.scalatestplus.scalacheck.Checkers.check$(Checkers.scala:369)
[info]   at frameless.TypedDatasetSuite.check(TypedDatasetSuite.scala:63)
[info]   at frameless.functions.NonAggregateFunctionsTests.$anonfun$new$804(NonAggregateFunctionsTests.scala:1280)
[info]   at org.scalatest.OutcomeOf.outcomeOf(OutcomeOf.scala:85)
[info]   at org.scalatest.OutcomeOf.outcomeOf$(OutcomeOf.scala:83)
[info]   at org.scalatest.OutcomeOf$.outcomeOf(OutcomeOf.scala:104)
[info]   at org.scalatest.Transformer.apply(Transformer.scala:22)
[info]   at org.scalatest.Transformer.apply(Transformer.scala:20)
[info]   at org.scalatest.funsuite.AnyFunSuiteLike$$anon$1.apply(AnyFunSuiteLike.scala:226)
[info]   at org.scalatest.TestSuite.withFixture(TestSuite.scala:196)
[info]   at org.scalatest.TestSuite.withFixture$(TestSuite.scala:195)
[info]   at org.scalatest.funsuite.AnyFunSuite.withFixture(AnyFunSuite.scala:1564)
[info]   at org.scalatest.funsuite.AnyFunSuiteLike.invokeWithFixture$1(AnyFunSuiteLike.scala:224)
[info]   at org.scalatest.funsuite.AnyFunSuiteLike.$anonfun$runTest$1(AnyFunSuiteLike.scala:236)
[info]   at org.scalatest.SuperEngine.runTestImpl(Engine.scala:306)
[info]   at org.scalatest.funsuite.AnyFunSuiteLike.runTest(AnyFunSuiteLike.scala:236)
[info]   at org.scalatest.funsuite.AnyFunSuiteLike.runTest$(AnyFunSuiteLike.scala:218)
[info]   at org.scalatest.funsuite.AnyFunSuite.runTest(AnyFunSuite.scala:1564)
[info]   at org.scalatest.funsuite.AnyFunSuiteLike.$anonfun$runTests$1(AnyFunSuiteLike.scala:269)
[info]   at org.scalatest.SuperEngine.$anonfun$runTestsInBranch$1(Engine.scala:413)
[info]   at scala.collection.immutable.List.foreach(List.scala:334)
[info]   at org.scalatest.SuperEngine.traverseSubNodes$1(Engine.scala:401)
[info]   at org.scalatest.SuperEngine.runTestsInBranch(Engine.scala:396)
[info]   at org.scalatest.SuperEngine.runTestsImpl(Engine.scala:475)
[info]   at org.scalatest.funsuite.AnyFunSuiteLike.runTests(AnyFunSuiteLike.scala:269)
[info]   at org.scalatest.funsuite.AnyFunSuiteLike.runTests$(AnyFunSuiteLike.scala:268)
[info]   at org.scalatest.funsuite.AnyFunSuite.runTests(AnyFunSuite.scala:1564)
[info]   at org.scalatest.Suite.run(Suite.scala:1114)
[info]   at org.scalatest.Suite.run$(Suite.scala:1096)
[info]   at org.scalatest.funsuite.AnyFunSuite.org$scalatest$funsuite$AnyFunSuiteLike$$super$run(AnyFunSuite.scala:1564)
[info]   at org.scalatest.funsuite.AnyFunSuiteLike.$anonfun$run$1(AnyFunSuiteLike.scala:273)
[info]   at org.scalatest.SuperEngine.runImpl(Engine.scala:535)
[info]   at org.scalatest.funsuite.AnyFunSuiteLike.run(AnyFunSuiteLike.scala:273)
[info]   at org.scalatest.funsuite.AnyFunSuiteLike.run$(AnyFunSuiteLike.scala:272)
[info]   at frameless.TypedDatasetSuite.org$scalatest$BeforeAndAfterAll$$super$run(TypedDatasetSuite.scala:63)
[info]   at org.scalatest.BeforeAndAfterAll.liftedTree1$1(BeforeAndAfterAll.scala:213)
[info]   at org.scalatest.BeforeAndAfterAll.run(BeforeAndAfterAll.scala:210)
[info]   at org.scalatest.BeforeAndAfterAll.run$(BeforeAndAfterAll.scala:208)
[info]   at frameless.TypedDatasetSuite.run(TypedDatasetSuite.scala:63)
[info]   at org.scalatest.tools.Framework.org$scalatest$tools$Framework$$runSuite(Framework.scala:321)
[info]   at org.scalatest.tools.Framework$ScalaTestTask.execute(Framework.scala:517)
[info]   at sbt.ForkMain$Run.lambda$runTest$1(ForkMain.java:414)
[info]   at java.base/java.util.concurrent.FutureTask.run(FutureTask.java:317)
[info]   at java.base/java.util.concurrent.ThreadPoolExecutor.runWorker(ThreadPoolExecutor.java:1144)
[info]   at java.base/java.util.concurrent.ThreadPoolExecutor$Worker.run(ThreadPoolExecutor.java:642)
[info]   at java.base/java.lang.Thread.run(Thread.java:1583)
[info]   Cause: java.lang.IllegalArgumentException: argument type mismatch
[info]   at java.base/jdk.internal.reflect.DirectConstructorHandleAccessor.newInstance(DirectConstructorHandleAccessor.java:65)
[info]   at java.base/java.lang.reflect.Constructor.newInstanceWithCaller(Constructor.java:502)
[info]   at java.base/java.lang.reflect.Constructor.newInstance(Constructor.java:486)
[info]   at frameless.TypedExpressionEncoder$.$anonfun$apply$3(TypedExpressionEncoder.scala:55)
[info]   at scala.Option.map(Option.scala:242)
[info]   at frameless.TypedExpressionEncoder$.apply(TypedExpressionEncoder.scala:54)
[info]   at frameless.TypedDataset$.create(TypedDataset.scala:1325)
[info]   at frameless.functions.NonAggregateFunctionsTests.prop$41(NonAggregateFunctionsTests.scala:1269)
[info]   at frameless.functions.NonAggregateFunctionsTests.$anonfun$new$815(NonAggregateFunctionsTests.scala:1280)
[info]   at scala.Function1.$anonfun$andThen$1(Function1.scala:87)
[info]   at org.scalacheck.Prop$.$anonfun$forAllShrink$2(Prop.scala:868)
[info]   at org.scalacheck.Prop$.secure(Prop.scala:484)
[info]   at org.scalacheck.Prop$.result$1(Prop.scala:868)
[info]   at org.scalacheck.Prop$.$anonfun$forAllShrink$1(Prop.scala:915)
[info]   at org.scalacheck.Prop$.$anonfun$apply$1(Prop.scala:305)
[info]   at org.scalacheck.PropFromFun.apply(Prop.scala:20)
[info]   at org.scalacheck.Test$.workerFun$1(Test.scala:486)
[info]   at org.scalacheck.Test$.$anonfun$check$4(Test.scala:518)
[info]   at org.scalacheck.Test$.$anonfun$check$4$adapted(Test.scala:518)
[info]   at org.scalacheck.Platform$.runWorkers(Platform.scala:42)
[info]   at org.scalacheck.Test$.check(Test.scala:518)
[info]   at org.scalatestplus.scalacheck.UnitCheckerAsserting$CheckerAssertingImpl.check(CheckerAsserting.scala:90)
[info]   at org.scalatestplus.scalacheck.Checkers.check(Checkers.scala:371)
[info]   at org.scalatestplus.scalacheck.Checkers.check$(Checkers.scala:369)
[info]   at frameless.TypedDatasetSuite.check(TypedDatasetSuite.scala:63)
[info]   at frameless.functions.NonAggregateFunctionsTests.$anonfun$new$804(NonAggregateFunctionsTests.scala:1280)
[info]   at org.scalatest.OutcomeOf.outcomeOf(OutcomeOf.scala:85)
[info]   at org.scalatest.OutcomeOf.outcomeOf$(OutcomeOf.scala:83)
[info]   at org.scalatest.OutcomeOf$.outcomeOf(OutcomeOf.scala:104)
[info]   at org.scalatest.Transformer.apply(Transformer.scala:22)
[info]   at org.scalatest.Transformer.apply(Transformer.scala:20)
[info]   at org.scalatest.funsuite.AnyFunSuiteLike$$anon$1.apply(AnyFunSuiteLike.scala:226)
[info]   at org.scalatest.TestSuite.withFixture(TestSuite.scala:196)
[info]   at org.scalatest.TestSuite.withFixture$(TestSuite.scala:195)
[info]   at org.scalatest.funsuite.AnyFunSuite.withFixture(AnyFunSuite.scala:1564)
[info]   at org.scalatest.funsuite.AnyFunSuiteLike.invokeWithFixture$1(AnyFunSuiteLike.scala:224)
[info]   at org.scalatest.funsuite.AnyFunSuiteLike.$anonfun$runTest$1(AnyFunSuiteLike.scala:236)
[info]   at org.scalatest.SuperEngine.runTestImpl(Engine.scala:306)
[info]   at org.scalatest.funsuite.AnyFunSuiteLike.runTest(AnyFunSuiteLike.scala:236)
[info]   at org.scalatest.funsuite.AnyFunSuiteLike.runTest$(AnyFunSuiteLike.scala:218)
[info]   at org.scalatest.funsuite.AnyFunSuite.runTest(AnyFunSuite.scala:1564)
[info]   at org.scalatest.funsuite.AnyFunSuiteLike.$anonfun$runTests$1(AnyFunSuiteLike.scala:269)
[info]   at org.scalatest.SuperEngine.$anonfun$runTestsInBranch$1(Engine.scala:413)
[info]   at scala.collection.immutable.List.foreach(List.scala:334)
[info]   at org.scalatest.SuperEngine.traverseSubNodes$1(Engine.scala:401)
[info]   at org.scalatest.SuperEngine.runTestsInBranch(Engine.scala:396)
[info]   at org.scalatest.SuperEngine.runTestsImpl(Engine.scala:475)
[info]   at org.scalatest.funsuite.AnyFunSuiteLike.runTests(AnyFunSuiteLike.scala:269)
[info]   at org.scalatest.funsuite.AnyFunSuiteLike.runTests$(AnyFunSuiteLike.scala:268)
[info]   at org.scalatest.funsuite.AnyFunSuite.runTests(AnyFunSuite.scala:1564)
[info]   at org.scalatest.Suite.run(Suite.scala:1114)
[info]   at org.scalatest.Suite.run$(Suite.scala:1096)
[info]   at org.scalatest.funsuite.AnyFunSuite.org$scalatest$funsuite$AnyFunSuiteLike$$super$run(AnyFunSuite.scala:1564)
[info]   at org.scalatest.funsuite.AnyFunSuiteLike.$anonfun$run$1(AnyFunSuiteLike.scala:273)
[info]   at org.scalatest.SuperEngine.runImpl(Engine.scala:535)
[info]   at org.scalatest.funsuite.AnyFunSuiteLike.run(AnyFunSuiteLike.scala:273)
[info]   at org.scalatest.funsuite.AnyFunSuiteLike.run$(AnyFunSuiteLike.scala:272)
[info]   at frameless.TypedDatasetSuite.org$scalatest$BeforeAndAfterAll$$super$run(TypedDatasetSuite.scala:63)
[info]   at org.scalatest.BeforeAndAfterAll.liftedTree1$1(BeforeAndAfterAll.scala:213)
[info]   at org.scalatest.BeforeAndAfterAll.run(BeforeAndAfterAll.scala:210)
[info]   at org.scalatest.BeforeAndAfterAll.run$(BeforeAndAfterAll.scala:208)
[info]   at frameless.TypedDatasetSuite.run(TypedDatasetSuite.scala:63)
[info]   at org.scalatest.tools.Framework.org$scalatest$tools$Framework$$runSuite(Framework.scala:321)
[info]   at org.scalatest.tools.Framework$ScalaTestTask.execute(Framework.scala:517)
[info]   at sbt.ForkMain$Run.lambda$runTest$1(ForkMain.java:414)
[info]   at java.base/java.util.concurrent.FutureTask.run(FutureTask.java:317)
[info]   at java.base/java.util.concurrent.ThreadPoolExecutor.runWorker(ThreadPoolExecutor.java:1144)
[info]   at java.base/java.util.concurrent.ThreadPoolExecutor$Worker.run(ThreadPoolExecutor.java:642)
[info]   at java.base/java.lang.Thread.run(Thread.java:1583)
[info]   Cause: java.lang.ClassCastException: Cannot cast scala.reflect.ClassTag$GenericClassTag to org.apache.spark.sql.catalyst.expressions.Expression
[info]   at java.base/java.lang.Class.cast(Class.java:4067)
[info]   at java.base/jdk.internal.reflect.DirectConstructorHandleAccessor.newInstance(DirectConstructorHandleAccessor.java:62)
[info]   at java.base/java.lang.reflect.Constructor.newInstanceWithCaller(Constructor.java:502)
[info]   at java.base/java.lang.reflect.Constructor.newInstance(Constructor.java:486)
[info]   at frameless.TypedExpressionEncoder$.$anonfun$apply$3(TypedExpressionEncoder.scala:55)
[info]   at scala.Option.map(Option.scala:242)
[info]   at frameless.TypedExpressionEncoder$.apply(TypedExpressionEncoder.scala:54)
[info]   at frameless.TypedDataset$.create(TypedDataset.scala:1325)
[info]   at frameless.functions.NonAggregateFunctionsTests.prop$41(NonAggregateFunctionsTests.scala:1269)
[info]   at frameless.functions.NonAggregateFunctionsTests.$anonfun$new$815(NonAggregateFunctionsTests.scala:1280)
[info]   at scala.Function1.$anonfun$andThen$1(Function1.scala:87)
[info]   at org.scalacheck.Prop$.$anonfun$forAllShrink$2(Prop.scala:868)
[info]   at org.scalacheck.Prop$.secure(Prop.scala:484)
[info]   at org.scalacheck.Prop$.result$1(Prop.scala:868)
[info]   at org.scalacheck.Prop$.$anonfun$forAllShrink$1(Prop.scala:915)
[info]   at org.scalacheck.Prop$.$anonfun$apply$1(Prop.scala:305)
[info]   at org.scalacheck.PropFromFun.apply(Prop.scala:20)
[info]   at org.scalacheck.Test$.workerFun$1(Test.scala:486)
[info]   at org.scalacheck.Test$.$anonfun$check$4(Test.scala:518)
[info]   at org.scalacheck.Test$.$anonfun$check$4$adapted(Test.scala:518)
[info]   at org.scalacheck.Platform$.runWorkers(Platform.scala:42)
[info]   at org.scalacheck.Test$.check(Test.scala:518)
[info]   at org.scalatestplus.scalacheck.UnitCheckerAsserting$CheckerAssertingImpl.check(CheckerAsserting.scala:90)
[info]   at org.scalatestplus.scalacheck.Checkers.check(Checkers.scala:371)
[info]   at org.scalatestplus.scalacheck.Checkers.check$(Checkers.scala:369)
[info]   at frameless.TypedDatasetSuite.check(TypedDatasetSuite.scala:63)
[info]   at frameless.functions.NonAggregateFunctionsTests.$anonfun$new$804(NonAggregateFunctionsTests.scala:1280)
[info]   at org.scalatest.OutcomeOf.outcomeOf(OutcomeOf.scala:85)
[info]   at org.scalatest.OutcomeOf.outcomeOf$(OutcomeOf.scala:83)
[info]   at org.scalatest.OutcomeOf$.outcomeOf(OutcomeOf.scala:104)
[info]   at org.scalatest.Transformer.apply(Transformer.scala:22)
[info]   at org.scalatest.Transformer.apply(Transformer.scala:20)
[info]   at org.scalatest.funsuite.AnyFunSuiteLike$$anon$1.apply(AnyFunSuiteLike.scala:226)
[info]   at org.scalatest.TestSuite.withFixture(TestSuite.scala:196)
[info]   at org.scalatest.TestSuite.withFixture$(TestSuite.scala:195)
[info]   at org.scalatest.funsuite.AnyFunSuite.withFixture(AnyFunSuite.scala:1564)
[info]   at org.scalatest.funsuite.AnyFunSuiteLike.invokeWithFixture$1(AnyFunSuiteLike.scala:224)
[info]   at org.scalatest.funsuite.AnyFunSuiteLike.$anonfun$runTest$1(AnyFunSuiteLike.scala:236)
[info]   at org.scalatest.SuperEngine.runTestImpl(Engine.scala:306)
[info]   at org.scalatest.funsuite.AnyFunSuiteLike.runTest(AnyFunSuiteLike.scala:236)
[info]   at org.scalatest.funsuite.AnyFunSuiteLike.runTest$(AnyFunSuiteLike.scala:218)
[info]   at org.scalatest.funsuite.AnyFunSuite.runTest(AnyFunSuite.scala:1564)
[info]   at org.scalatest.funsuite.AnyFunSuiteLike.$anonfun$runTests$1(AnyFunSuiteLike.scala:269)
[info]   at org.scalatest.SuperEngine.$anonfun$runTestsInBranch$1(Engine.scala:413)
[info]   at scala.collection.immutable.List.foreach(List.scala:334)
[info]   at org.scalatest.SuperEngine.traverseSubNodes$1(Engine.scala:401)
[info]   at org.scalatest.SuperEngine.runTestsInBranch(Engine.scala:396)
[info]   at org.scalatest.SuperEngine.runTestsImpl(Engine.scala:475)
[info]   at org.scalatest.funsuite.AnyFunSuiteLike.runTests(AnyFunSuiteLike.scala:269)
[info]   at org.scalatest.funsuite.AnyFunSuiteLike.runTests$(AnyFunSuiteLike.scala:268)
[info]   at org.scalatest.funsuite.AnyFunSuite.runTests(AnyFunSuite.scala:1564)
[info]   at org.scalatest.Suite.run(Suite.scala:1114)
[info]   at org.scalatest.Suite.run$(Suite.scala:1096)
[info]   at org.scalatest.funsuite.AnyFunSuite.org$scalatest$funsuite$AnyFunSuiteLike$$super$run(AnyFunSuite.scala:1564)
[info]   at org.scalatest.funsuite.AnyFunSuiteLike.$anonfun$run$1(AnyFunSuiteLike.scala:273)
[info]   at org.scalatest.SuperEngine.runImpl(Engine.scala:535)
[info]   at org.scalatest.funsuite.AnyFunSuiteLike.run(AnyFunSuiteLike.scala:273)
[info]   at org.scalatest.funsuite.AnyFunSuiteLike.run$(AnyFunSuiteLike.scala:272)
[info]   at frameless.TypedDatasetSuite.org$scalatest$BeforeAndAfterAll$$super$run(TypedDatasetSuite.scala:63)
[info]   at org.scalatest.BeforeAndAfterAll.liftedTree1$1(BeforeAndAfterAll.scala:213)
[info]   at org.scalatest.BeforeAndAfterAll.run(BeforeAndAfterAll.scala:210)
[info]   at org.scalatest.BeforeAndAfterAll.run$(BeforeAndAfterAll.scala:208)
[info]   at frameless.TypedDatasetSuite.run(TypedDatasetSuite.scala:63)
[info]   at org.scalatest.tools.Framework.org$scalatest$tools$Framework$$runSuite(Framework.scala:321)
[info]   at org.scalatest.tools.Framework$ScalaTestTask.execute(Framework.scala:517)
[info]   at sbt.ForkMain$Run.lambda$runTest$1(ForkMain.java:414)
[info]   at java.base/java.util.concurrent.FutureTask.run(FutureTask.java:317)
[info]   at java.base/java.util.concurrent.ThreadPoolExecutor.runWorker(ThreadPoolExecutor.java:1144)
[info]   at java.base/java.util.concurrent.ThreadPoolExecutor$Worker.run(ThreadPoolExecutor.java:642)
[info]   at java.base/java.lang.Thread.run(Thread.java:1583)
[info] - log with base *** FAILED *** (8 milliseconds)
[info]   IllegalArgumentException was thrown during property evaluation.
[info]     Message: argument type mismatch
[info]     Occurred when passed generated values (
[info]       arg0 = List(),
[info]       arg1 = 7.627370733841649E-10
[info]     )
[info]   org.scalatest.exceptions.GeneratorDrivenPropertyCheckFailedException:
[info]   at org.scalatestplus.scalacheck.CheckerAsserting$$anon$2.indicateFailure(CheckerAsserting.scala:251)
[info]   at org.scalatestplus.scalacheck.CheckerAsserting$$anon$2.indicateFailure(CheckerAsserting.scala:238)
[info]   at org.scalatestplus.scalacheck.UnitCheckerAsserting$CheckerAssertingImpl.check(CheckerAsserting.scala:160)
[info]   at org.scalatestplus.scalacheck.Checkers.check(Checkers.scala:371)
[info]   at org.scalatestplus.scalacheck.Checkers.check$(Checkers.scala:369)
[info]   at frameless.TypedDatasetSuite.check(TypedDatasetSuite.scala:63)
[info]   at frameless.functions.NonAggregateFunctionsTests.$anonfun$new$817(NonAggregateFunctionsTests.scala:1313)
[info]   at org.scalatest.OutcomeOf.outcomeOf(OutcomeOf.scala:85)
[info]   at org.scalatest.OutcomeOf.outcomeOf$(OutcomeOf.scala:83)
[info]   at org.scalatest.OutcomeOf$.outcomeOf(OutcomeOf.scala:104)
[info]   at org.scalatest.Transformer.apply(Transformer.scala:22)
[info]   at org.scalatest.Transformer.apply(Transformer.scala:20)
[info]   at org.scalatest.funsuite.AnyFunSuiteLike$$anon$1.apply(AnyFunSuiteLike.scala:226)
[info]   at org.scalatest.TestSuite.withFixture(TestSuite.scala:196)
[info]   at org.scalatest.TestSuite.withFixture$(TestSuite.scala:195)
[info]   at org.scalatest.funsuite.AnyFunSuite.withFixture(AnyFunSuite.scala:1564)
[info]   at org.scalatest.funsuite.AnyFunSuiteLike.invokeWithFixture$1(AnyFunSuiteLike.scala:224)
[info]   at org.scalatest.funsuite.AnyFunSuiteLike.$anonfun$runTest$1(AnyFunSuiteLike.scala:236)
[info]   at org.scalatest.SuperEngine.runTestImpl(Engine.scala:306)
[info]   at org.scalatest.funsuite.AnyFunSuiteLike.runTest(AnyFunSuiteLike.scala:236)
[info]   at org.scalatest.funsuite.AnyFunSuiteLike.runTest$(AnyFunSuiteLike.scala:218)
[info]   at org.scalatest.funsuite.AnyFunSuite.runTest(AnyFunSuite.scala:1564)
[info]   at org.scalatest.funsuite.AnyFunSuiteLike.$anonfun$runTests$1(AnyFunSuiteLike.scala:269)
[info]   at org.scalatest.SuperEngine.$anonfun$runTestsInBranch$1(Engine.scala:413)
[info]   at scala.collection.immutable.List.foreach(List.scala:334)
[info]   at org.scalatest.SuperEngine.traverseSubNodes$1(Engine.scala:401)
[info]   at org.scalatest.SuperEngine.runTestsInBranch(Engine.scala:396)
[info]   at org.scalatest.SuperEngine.runTestsImpl(Engine.scala:475)
[info]   at org.scalatest.funsuite.AnyFunSuiteLike.runTests(AnyFunSuiteLike.scala:269)
[info]   at org.scalatest.funsuite.AnyFunSuiteLike.runTests$(AnyFunSuiteLike.scala:268)
[info]   at org.scalatest.funsuite.AnyFunSuite.runTests(AnyFunSuite.scala:1564)
[info]   at org.scalatest.Suite.run(Suite.scala:1114)
[info]   at org.scalatest.Suite.run$(Suite.scala:1096)
[info]   at org.scalatest.funsuite.AnyFunSuite.org$scalatest$funsuite$AnyFunSuiteLike$$super$run(AnyFunSuite.scala:1564)
[info]   at org.scalatest.funsuite.AnyFunSuiteLike.$anonfun$run$1(AnyFunSuiteLike.scala:273)
[info]   at org.scalatest.SuperEngine.runImpl(Engine.scala:535)
[info]   at org.scalatest.funsuite.AnyFunSuiteLike.run(AnyFunSuiteLike.scala:273)
[info]   at org.scalatest.funsuite.AnyFunSuiteLike.run$(AnyFunSuiteLike.scala:272)
[info]   at frameless.TypedDatasetSuite.org$scalatest$BeforeAndAfterAll$$super$run(TypedDatasetSuite.scala:63)
[info]   at org.scalatest.BeforeAndAfterAll.liftedTree1$1(BeforeAndAfterAll.scala:213)
[info]   at org.scalatest.BeforeAndAfterAll.run(BeforeAndAfterAll.scala:210)
[info]   at org.scalatest.BeforeAndAfterAll.run$(BeforeAndAfterAll.scala:208)
[info]   at frameless.TypedDatasetSuite.run(TypedDatasetSuite.scala:63)
[info]   at org.scalatest.tools.Framework.org$scalatest$tools$Framework$$runSuite(Framework.scala:321)
[info]   at org.scalatest.tools.Framework$ScalaTestTask.execute(Framework.scala:517)
[info]   at sbt.ForkMain$Run.lambda$runTest$1(ForkMain.java:414)
[info]   at java.base/java.util.concurrent.FutureTask.run(FutureTask.java:317)
[info]   at java.base/java.util.concurrent.ThreadPoolExecutor.runWorker(ThreadPoolExecutor.java:1144)
[info]   at java.base/java.util.concurrent.ThreadPoolExecutor$Worker.run(ThreadPoolExecutor.java:642)
[info]   at java.base/java.lang.Thread.run(Thread.java:1583)
[info]   Cause: java.lang.IllegalArgumentException: argument type mismatch
[info]   at java.base/jdk.internal.reflect.DirectConstructorHandleAccessor.newInstance(DirectConstructorHandleAccessor.java:65)
[info]   at java.base/java.lang.reflect.Constructor.newInstanceWithCaller(Constructor.java:502)
[info]   at java.base/java.lang.reflect.Constructor.newInstance(Constructor.java:486)
[info]   at frameless.TypedExpressionEncoder$.$anonfun$apply$3(TypedExpressionEncoder.scala:55)
[info]   at scala.Option.map(Option.scala:242)
[info]   at frameless.TypedExpressionEncoder$.apply(TypedExpressionEncoder.scala:54)
[info]   at frameless.TypedDataset$.create(TypedDataset.scala:1325)
[info]   at frameless.functions.NonAggregateFunctionsTests.prop$42(NonAggregateFunctionsTests.scala:1294)
[info]   at frameless.functions.NonAggregateFunctionsTests.$anonfun$new$827(NonAggregateFunctionsTests.scala:1313)
[info]   at frameless.functions.NonAggregateFunctionsTests.$anonfun$new$827$adapted(NonAggregateFunctionsTests.scala:1313)
[info]   at org.scalacheck.Prop$.$anonfun$forAll$18(Prop.scala:1131)
[info]   at scala.Function1.$anonfun$andThen$1(Function1.scala:87)
[info]   at org.scalacheck.Prop$.$anonfun$forAllShrink$2(Prop.scala:868)
[info]   at org.scalacheck.Prop$.secure(Prop.scala:484)
[info]   at org.scalacheck.Prop$.result$1(Prop.scala:868)
[info]   at org.scalacheck.Prop$.$anonfun$forAllShrink$1(Prop.scala:915)
[info]   at org.scalacheck.Prop$.$anonfun$apply$1(Prop.scala:305)
[info]   at org.scalacheck.PropFromFun.apply(Prop.scala:20)
[info]   at org.scalacheck.Prop$.result$1(Prop.scala:869)
[info]   at org.scalacheck.Prop$.$anonfun$forAllShrink$1(Prop.scala:915)
[info]   at org.scalacheck.Prop$.$anonfun$apply$1(Prop.scala:305)
[info]   at org.scalacheck.PropFromFun.apply(Prop.scala:20)
[info]   at org.scalacheck.Test$.workerFun$1(Test.scala:486)
[info]   at org.scalacheck.Test$.$anonfun$check$4(Test.scala:518)
[info]   at org.scalacheck.Test$.$anonfun$check$4$adapted(Test.scala:518)
[info]   at org.scalacheck.Platform$.runWorkers(Platform.scala:42)
[info]   at org.scalacheck.Test$.check(Test.scala:518)
[info]   at org.scalatestplus.scalacheck.UnitCheckerAsserting$CheckerAssertingImpl.check(CheckerAsserting.scala:90)
[info]   at org.scalatestplus.scalacheck.Checkers.check(Checkers.scala:371)
[info]   at org.scalatestplus.scalacheck.Checkers.check$(Checkers.scala:369)
[info]   at frameless.TypedDatasetSuite.check(TypedDatasetSuite.scala:63)
[info]   at frameless.functions.NonAggregateFunctionsTests.$anonfun$new$817(NonAggregateFunctionsTests.scala:1313)
[info]   at org.scalatest.OutcomeOf.outcomeOf(OutcomeOf.scala:85)
[info]   at org.scalatest.OutcomeOf.outcomeOf$(OutcomeOf.scala:83)
[info]   at org.scalatest.OutcomeOf$.outcomeOf(OutcomeOf.scala:104)
[info]   at org.scalatest.Transformer.apply(Transformer.scala:22)
[info]   at org.scalatest.Transformer.apply(Transformer.scala:20)
[info]   at org.scalatest.funsuite.AnyFunSuiteLike$$anon$1.apply(AnyFunSuiteLike.scala:226)
[info]   at org.scalatest.TestSuite.withFixture(TestSuite.scala:196)
[info]   at org.scalatest.TestSuite.withFixture$(TestSuite.scala:195)
[info]   at org.scalatest.funsuite.AnyFunSuite.withFixture(AnyFunSuite.scala:1564)
[info]   at org.scalatest.funsuite.AnyFunSuiteLike.invokeWithFixture$1(AnyFunSuiteLike.scala:224)
[info]   at org.scalatest.funsuite.AnyFunSuiteLike.$anonfun$runTest$1(AnyFunSuiteLike.scala:236)
[info]   at org.scalatest.SuperEngine.runTestImpl(Engine.scala:306)
[info]   at org.scalatest.funsuite.AnyFunSuiteLike.runTest(AnyFunSuiteLike.scala:236)
[info]   at org.scalatest.funsuite.AnyFunSuiteLike.runTest$(AnyFunSuiteLike.scala:218)
[info]   at org.scalatest.funsuite.AnyFunSuite.runTest(AnyFunSuite.scala:1564)
[info]   at org.scalatest.funsuite.AnyFunSuiteLike.$anonfun$runTests$1(AnyFunSuiteLike.scala:269)
[info]   at org.scalatest.SuperEngine.$anonfun$runTestsInBranch$1(Engine.scala:413)
[info]   at scala.collection.immutable.List.foreach(List.scala:334)
[info]   at org.scalatest.SuperEngine.traverseSubNodes$1(Engine.scala:401)
[info]   at org.scalatest.SuperEngine.runTestsInBranch(Engine.scala:396)
[info]   at org.scalatest.SuperEngine.runTestsImpl(Engine.scala:475)
[info]   at org.scalatest.funsuite.AnyFunSuiteLike.runTests(AnyFunSuiteLike.scala:269)
[info]   at org.scalatest.funsuite.AnyFunSuiteLike.runTests$(AnyFunSuiteLike.scala:268)
[info]   at org.scalatest.funsuite.AnyFunSuite.runTests(AnyFunSuite.scala:1564)
[info]   at org.scalatest.Suite.run(Suite.scala:1114)
[info]   at org.scalatest.Suite.run$(Suite.scala:1096)
[info]   at org.scalatest.funsuite.AnyFunSuite.org$scalatest$funsuite$AnyFunSuiteLike$$super$run(AnyFunSuite.scala:1564)
[info]   at org.scalatest.funsuite.AnyFunSuiteLike.$anonfun$run$1(AnyFunSuiteLike.scala:273)
[info]   at org.scalatest.SuperEngine.runImpl(Engine.scala:535)
[info]   at org.scalatest.funsuite.AnyFunSuiteLike.run(AnyFunSuiteLike.scala:273)
[info]   at org.scalatest.funsuite.AnyFunSuiteLike.run$(AnyFunSuiteLike.scala:272)
[info]   at frameless.TypedDatasetSuite.org$scalatest$BeforeAndAfterAll$$super$run(TypedDatasetSuite.scala:63)
[info]   at org.scalatest.BeforeAndAfterAll.liftedTree1$1(BeforeAndAfterAll.scala:213)
[info]   at org.scalatest.BeforeAndAfterAll.run(BeforeAndAfterAll.scala:210)
[info]   at org.scalatest.BeforeAndAfterAll.run$(BeforeAndAfterAll.scala:208)
[info]   at frameless.TypedDatasetSuite.run(TypedDatasetSuite.scala:63)
[info]   at org.scalatest.tools.Framework.org$scalatest$tools$Framework$$runSuite(Framework.scala:321)
[info]   at org.scalatest.tools.Framework$ScalaTestTask.execute(Framework.scala:517)
[info]   at sbt.ForkMain$Run.lambda$runTest$1(ForkMain.java:414)
[info]   at java.base/java.util.concurrent.FutureTask.run(FutureTask.java:317)
[info]   at java.base/java.util.concurrent.ThreadPoolExecutor.runWorker(ThreadPoolExecutor.java:1144)
[info]   at java.base/java.util.concurrent.ThreadPoolExecutor$Worker.run(ThreadPoolExecutor.java:642)
[info]   at java.base/java.lang.Thread.run(Thread.java:1583)
[info]   Cause: java.lang.ClassCastException: Cannot cast scala.reflect.ClassTag$GenericClassTag to org.apache.spark.sql.catalyst.expressions.Expression
[info]   at java.base/java.lang.Class.cast(Class.java:4067)
[info]   at java.base/jdk.internal.reflect.DirectConstructorHandleAccessor.newInstance(DirectConstructorHandleAccessor.java:62)
[info]   at java.base/java.lang.reflect.Constructor.newInstanceWithCaller(Constructor.java:502)
[info]   at java.base/java.lang.reflect.Constructor.newInstance(Constructor.java:486)
[info]   at frameless.TypedExpressionEncoder$.$anonfun$apply$3(TypedExpressionEncoder.scala:55)
[info]   at scala.Option.map(Option.scala:242)
[info]   at frameless.TypedExpressionEncoder$.apply(TypedExpressionEncoder.scala:54)
[info]   at frameless.TypedDataset$.create(TypedDataset.scala:1325)
[info]   at frameless.functions.NonAggregateFunctionsTests.prop$42(NonAggregateFunctionsTests.scala:1294)
[info]   at frameless.functions.NonAggregateFunctionsTests.$anonfun$new$827(NonAggregateFunctionsTests.scala:1313)
[info]   at frameless.functions.NonAggregateFunctionsTests.$anonfun$new$827$adapted(NonAggregateFunctionsTests.scala:1313)
[info]   at org.scalacheck.Prop$.$anonfun$forAll$18(Prop.scala:1131)
[info]   at scala.Function1.$anonfun$andThen$1(Function1.scala:87)
[info]   at org.scalacheck.Prop$.$anonfun$forAllShrink$2(Prop.scala:868)
[info]   at org.scalacheck.Prop$.secure(Prop.scala:484)
[info]   at org.scalacheck.Prop$.result$1(Prop.scala:868)
[info]   at org.scalacheck.Prop$.$anonfun$forAllShrink$1(Prop.scala:915)
[info]   at org.scalacheck.Prop$.$anonfun$apply$1(Prop.scala:305)
[info]   at org.scalacheck.PropFromFun.apply(Prop.scala:20)
[info]   at org.scalacheck.Prop$.result$1(Prop.scala:869)
[info]   at org.scalacheck.Prop$.$anonfun$forAllShrink$1(Prop.scala:915)
[info]   at org.scalacheck.Prop$.$anonfun$apply$1(Prop.scala:305)
[info]   at org.scalacheck.PropFromFun.apply(Prop.scala:20)
[info]   at org.scalacheck.Test$.workerFun$1(Test.scala:486)
[info]   at org.scalacheck.Test$.$anonfun$check$4(Test.scala:518)
[info]   at org.scalacheck.Test$.$anonfun$check$4$adapted(Test.scala:518)
[info]   at org.scalacheck.Platform$.runWorkers(Platform.scala:42)
[info]   at org.scalacheck.Test$.check(Test.scala:518)
[info]   at org.scalatestplus.scalacheck.UnitCheckerAsserting$CheckerAssertingImpl.check(CheckerAsserting.scala:90)
[info]   at org.scalatestplus.scalacheck.Checkers.check(Checkers.scala:371)
[info]   at org.scalatestplus.scalacheck.Checkers.check$(Checkers.scala:369)
[info]   at frameless.TypedDatasetSuite.check(TypedDatasetSuite.scala:63)
[info]   at frameless.functions.NonAggregateFunctionsTests.$anonfun$new$817(NonAggregateFunctionsTests.scala:1313)
[info]   at org.scalatest.OutcomeOf.outcomeOf(OutcomeOf.scala:85)
[info]   at org.scalatest.OutcomeOf.outcomeOf$(OutcomeOf.scala:83)
[info]   at org.scalatest.OutcomeOf$.outcomeOf(OutcomeOf.scala:104)
[info]   at org.scalatest.Transformer.apply(Transformer.scala:22)
[info]   at org.scalatest.Transformer.apply(Transformer.scala:20)
[info]   at org.scalatest.funsuite.AnyFunSuiteLike$$anon$1.apply(AnyFunSuiteLike.scala:226)
[info]   at org.scalatest.TestSuite.withFixture(TestSuite.scala:196)
[info]   at org.scalatest.TestSuite.withFixture$(TestSuite.scala:195)
[info]   at org.scalatest.funsuite.AnyFunSuite.withFixture(AnyFunSuite.scala:1564)
[info]   at org.scalatest.funsuite.AnyFunSuiteLike.invokeWithFixture$1(AnyFunSuiteLike.scala:224)
[info]   at org.scalatest.funsuite.AnyFunSuiteLike.$anonfun$runTest$1(AnyFunSuiteLike.scala:236)
[info]   at org.scalatest.SuperEngine.runTestImpl(Engine.scala:306)
[info]   at org.scalatest.funsuite.AnyFunSuiteLike.runTest(AnyFunSuiteLike.scala:236)
[info]   at org.scalatest.funsuite.AnyFunSuiteLike.runTest$(AnyFunSuiteLike.scala:218)
[info]   at org.scalatest.funsuite.AnyFunSuite.runTest(AnyFunSuite.scala:1564)
[info]   at org.scalatest.funsuite.AnyFunSuiteLike.$anonfun$runTests$1(AnyFunSuiteLike.scala:269)
[info]   at org.scalatest.SuperEngine.$anonfun$runTestsInBranch$1(Engine.scala:413)
[info]   at scala.collection.immutable.List.foreach(List.scala:334)
[info]   at org.scalatest.SuperEngine.traverseSubNodes$1(Engine.scala:401)
[info]   at org.scalatest.SuperEngine.runTestsInBranch(Engine.scala:396)
[info]   at org.scalatest.SuperEngine.runTestsImpl(Engine.scala:475)
[info]   at org.scalatest.funsuite.AnyFunSuiteLike.runTests(AnyFunSuiteLike.scala:269)
[info]   at org.scalatest.funsuite.AnyFunSuiteLike.runTests$(AnyFunSuiteLike.scala:268)
[info]   at org.scalatest.funsuite.AnyFunSuite.runTests(AnyFunSuite.scala:1564)
[info]   at org.scalatest.Suite.run(Suite.scala:1114)
[info]   at org.scalatest.Suite.run$(Suite.scala:1096)
[info]   at org.scalatest.funsuite.AnyFunSuite.org$scalatest$funsuite$AnyFunSuiteLike$$super$run(AnyFunSuite.scala:1564)
[info]   at org.scalatest.funsuite.AnyFunSuiteLike.$anonfun$run$1(AnyFunSuiteLike.scala:273)
[info]   at org.scalatest.SuperEngine.runImpl(Engine.scala:535)
[info]   at org.scalatest.funsuite.AnyFunSuiteLike.run(AnyFunSuiteLike.scala:273)
[info]   at org.scalatest.funsuite.AnyFunSuiteLike.run$(AnyFunSuiteLike.scala:272)
[info]   at frameless.TypedDatasetSuite.org$scalatest$BeforeAndAfterAll$$super$run(TypedDatasetSuite.scala:63)
[info]   at org.scalatest.BeforeAndAfterAll.liftedTree1$1(BeforeAndAfterAll.scala:213)
[info]   at org.scalatest.BeforeAndAfterAll.run(BeforeAndAfterAll.scala:210)
[info]   at org.scalatest.BeforeAndAfterAll.run$(BeforeAndAfterAll.scala:208)
[info]   at frameless.TypedDatasetSuite.run(TypedDatasetSuite.scala:63)
[info]   at org.scalatest.tools.Framework.org$scalatest$tools$Framework$$runSuite(Framework.scala:321)
[info]   at org.scalatest.tools.Framework$ScalaTestTask.execute(Framework.scala:517)
[info]   at sbt.ForkMain$Run.lambda$runTest$1(ForkMain.java:414)
[info]   at java.base/java.util.concurrent.FutureTask.run(FutureTask.java:317)
[info]   at java.base/java.util.concurrent.ThreadPoolExecutor.runWorker(ThreadPoolExecutor.java:1144)
[info]   at java.base/java.util.concurrent.ThreadPoolExecutor$Worker.run(ThreadPoolExecutor.java:642)
[info]   at java.base/java.lang.Thread.run(Thread.java:1583)
[info] - log *** FAILED *** (5 milliseconds)
[info]   IllegalArgumentException was thrown during property evaluation.
[info]     Message: argument type mismatch
[info]     Occurred when passed generated values (
[info]       arg0 = List()
[info]     )
[info]   org.scalatest.exceptions.GeneratorDrivenPropertyCheckFailedException:
[info]   at org.scalatestplus.scalacheck.CheckerAsserting$$anon$2.indicateFailure(CheckerAsserting.scala:251)
[info]   at org.scalatestplus.scalacheck.CheckerAsserting$$anon$2.indicateFailure(CheckerAsserting.scala:238)
[info]   at org.scalatestplus.scalacheck.UnitCheckerAsserting$CheckerAssertingImpl.check(CheckerAsserting.scala:160)
[info]   at org.scalatestplus.scalacheck.Checkers.check(Checkers.scala:371)
[info]   at org.scalatestplus.scalacheck.Checkers.check$(Checkers.scala:369)
[info]   at frameless.TypedDatasetSuite.check(TypedDatasetSuite.scala:63)
[info]   at frameless.functions.NonAggregateFunctionsTests.$anonfun$new$842(NonAggregateFunctionsTests.scala:1330)
[info]   at org.scalatest.OutcomeOf.outcomeOf(OutcomeOf.scala:85)
[info]   at org.scalatest.OutcomeOf.outcomeOf$(OutcomeOf.scala:83)
[info]   at org.scalatest.OutcomeOf$.outcomeOf(OutcomeOf.scala:104)
[info]   at org.scalatest.Transformer.apply(Transformer.scala:22)
[info]   at org.scalatest.Transformer.apply(Transformer.scala:20)
[info]   at org.scalatest.funsuite.AnyFunSuiteLike$$anon$1.apply(AnyFunSuiteLike.scala:226)
[info]   at org.scalatest.TestSuite.withFixture(TestSuite.scala:196)
[info]   at org.scalatest.TestSuite.withFixture$(TestSuite.scala:195)
[info]   at org.scalatest.funsuite.AnyFunSuite.withFixture(AnyFunSuite.scala:1564)
[info]   at org.scalatest.funsuite.AnyFunSuiteLike.invokeWithFixture$1(AnyFunSuiteLike.scala:224)
[info]   at org.scalatest.funsuite.AnyFunSuiteLike.$anonfun$runTest$1(AnyFunSuiteLike.scala:236)
[info]   at org.scalatest.SuperEngine.runTestImpl(Engine.scala:306)
[info]   at org.scalatest.funsuite.AnyFunSuiteLike.runTest(AnyFunSuiteLike.scala:236)
[info]   at org.scalatest.funsuite.AnyFunSuiteLike.runTest$(AnyFunSuiteLike.scala:218)
[info]   at org.scalatest.funsuite.AnyFunSuite.runTest(AnyFunSuite.scala:1564)
[info]   at org.scalatest.funsuite.AnyFunSuiteLike.$anonfun$runTests$1(AnyFunSuiteLike.scala:269)
[info]   at org.scalatest.SuperEngine.$anonfun$runTestsInBranch$1(Engine.scala:413)
[info]   at scala.collection.immutable.List.foreach(List.scala:334)
[info]   at org.scalatest.SuperEngine.traverseSubNodes$1(Engine.scala:401)
[info]   at org.scalatest.SuperEngine.runTestsInBranch(Engine.scala:396)
[info]   at org.scalatest.SuperEngine.runTestsImpl(Engine.scala:475)
[info]   at org.scalatest.funsuite.AnyFunSuiteLike.runTests(AnyFunSuiteLike.scala:269)
[info]   at org.scalatest.funsuite.AnyFunSuiteLike.runTests$(AnyFunSuiteLike.scala:268)
[info]   at org.scalatest.funsuite.AnyFunSuite.runTests(AnyFunSuite.scala:1564)
[info]   at org.scalatest.Suite.run(Suite.scala:1114)
[info]   at org.scalatest.Suite.run$(Suite.scala:1096)
[info]   at org.scalatest.funsuite.AnyFunSuite.org$scalatest$funsuite$AnyFunSuiteLike$$super$run(AnyFunSuite.scala:1564)
[info]   at org.scalatest.funsuite.AnyFunSuiteLike.$anonfun$run$1(AnyFunSuiteLike.scala:273)
[info]   at org.scalatest.SuperEngine.runImpl(Engine.scala:535)
[info]   at org.scalatest.funsuite.AnyFunSuiteLike.run(AnyFunSuiteLike.scala:273)
[info]   at org.scalatest.funsuite.AnyFunSuiteLike.run$(AnyFunSuiteLike.scala:272)
[info]   at frameless.TypedDatasetSuite.org$scalatest$BeforeAndAfterAll$$super$run(TypedDatasetSuite.scala:63)
[info]   at org.scalatest.BeforeAndAfterAll.liftedTree1$1(BeforeAndAfterAll.scala:213)
[info]   at org.scalatest.BeforeAndAfterAll.run(BeforeAndAfterAll.scala:210)
[info]   at org.scalatest.BeforeAndAfterAll.run$(BeforeAndAfterAll.scala:208)
[info]   at frameless.TypedDatasetSuite.run(TypedDatasetSuite.scala:63)
[info]   at org.scalatest.tools.Framework.org$scalatest$tools$Framework$$runSuite(Framework.scala:321)
[info]   at org.scalatest.tools.Framework$ScalaTestTask.execute(Framework.scala:517)
[info]   at sbt.ForkMain$Run.lambda$runTest$1(ForkMain.java:414)
[info]   at java.base/java.util.concurrent.FutureTask.run(FutureTask.java:317)
[info]   at java.base/java.util.concurrent.ThreadPoolExecutor.runWorker(ThreadPoolExecutor.java:1144)
[info]   at java.base/java.util.concurrent.ThreadPoolExecutor$Worker.run(ThreadPoolExecutor.java:642)
[info]   at java.base/java.lang.Thread.run(Thread.java:1583)
[info]   Cause: java.lang.IllegalArgumentException: argument type mismatch
[info]   at java.base/jdk.internal.reflect.DirectConstructorHandleAccessor.newInstance(DirectConstructorHandleAccessor.java:65)
[info]   at java.base/java.lang.reflect.Constructor.newInstanceWithCaller(Constructor.java:502)
[info]   at java.base/java.lang.reflect.Constructor.newInstance(Constructor.java:486)
[info]   at frameless.TypedExpressionEncoder$.$anonfun$apply$3(TypedExpressionEncoder.scala:55)
[info]   at scala.Option.map(Option.scala:242)
[info]   at frameless.TypedExpressionEncoder$.apply(TypedExpressionEncoder.scala:54)
[info]   at frameless.TypedDataset$.create(TypedDataset.scala:1325)
[info]   at frameless.functions.NonAggregateFunctionsTests.prop$43(NonAggregateFunctionsTests.scala:1326)
[info]   at frameless.functions.NonAggregateFunctionsTests.$anonfun$new$850(NonAggregateFunctionsTests.scala:1330)
[info]   at scala.Function1.$anonfun$andThen$1(Function1.scala:87)
[info]   at org.scalacheck.Prop$.$anonfun$forAllShrink$2(Prop.scala:868)
[info]   at org.scalacheck.Prop$.secure(Prop.scala:484)
[info]   at org.scalacheck.Prop$.result$1(Prop.scala:868)
[info]   at org.scalacheck.Prop$.$anonfun$forAllShrink$1(Prop.scala:915)
[info]   at org.scalacheck.Prop$.$anonfun$apply$1(Prop.scala:305)
[info]   at org.scalacheck.PropFromFun.apply(Prop.scala:20)
[info]   at org.scalacheck.Test$.workerFun$1(Test.scala:486)
[info]   at org.scalacheck.Test$.$anonfun$check$4(Test.scala:518)
[info]   at org.scalacheck.Test$.$anonfun$check$4$adapted(Test.scala:518)
[info]   at org.scalacheck.Platform$.runWorkers(Platform.scala:42)
[info]   at org.scalacheck.Test$.check(Test.scala:518)
[info]   at org.scalatestplus.scalacheck.UnitCheckerAsserting$CheckerAssertingImpl.check(CheckerAsserting.scala:90)
[info]   at org.scalatestplus.scalacheck.Checkers.check(Checkers.scala:371)
[info]   at org.scalatestplus.scalacheck.Checkers.check$(Checkers.scala:369)
[info]   at frameless.TypedDatasetSuite.check(TypedDatasetSuite.scala:63)
[info]   at frameless.functions.NonAggregateFunctionsTests.$anonfun$new$842(NonAggregateFunctionsTests.scala:1330)
[info]   at org.scalatest.OutcomeOf.outcomeOf(OutcomeOf.scala:85)
[info]   at org.scalatest.OutcomeOf.outcomeOf$(OutcomeOf.scala:83)
[info]   at org.scalatest.OutcomeOf$.outcomeOf(OutcomeOf.scala:104)
[info]   at org.scalatest.Transformer.apply(Transformer.scala:22)
[info]   at org.scalatest.Transformer.apply(Transformer.scala:20)
[info]   at org.scalatest.funsuite.AnyFunSuiteLike$$anon$1.apply(AnyFunSuiteLike.scala:226)
[info]   at org.scalatest.TestSuite.withFixture(TestSuite.scala:196)
[info]   at org.scalatest.TestSuite.withFixture$(TestSuite.scala:195)
[info]   at org.scalatest.funsuite.AnyFunSuite.withFixture(AnyFunSuite.scala:1564)
[info]   at org.scalatest.funsuite.AnyFunSuiteLike.invokeWithFixture$1(AnyFunSuiteLike.scala:224)
[info]   at org.scalatest.funsuite.AnyFunSuiteLike.$anonfun$runTest$1(AnyFunSuiteLike.scala:236)
[info]   at org.scalatest.SuperEngine.runTestImpl(Engine.scala:306)
[info]   at org.scalatest.funsuite.AnyFunSuiteLike.runTest(AnyFunSuiteLike.scala:236)
[info]   at org.scalatest.funsuite.AnyFunSuiteLike.runTest$(AnyFunSuiteLike.scala:218)
[info]   at org.scalatest.funsuite.AnyFunSuite.runTest(AnyFunSuite.scala:1564)
[info]   at org.scalatest.funsuite.AnyFunSuiteLike.$anonfun$runTests$1(AnyFunSuiteLike.scala:269)
[info]   at org.scalatest.SuperEngine.$anonfun$runTestsInBranch$1(Engine.scala:413)
[info]   at scala.collection.immutable.List.foreach(List.scala:334)
[info]   at org.scalatest.SuperEngine.traverseSubNodes$1(Engine.scala:401)
[info]   at org.scalatest.SuperEngine.runTestsInBranch(Engine.scala:396)
[info]   at org.scalatest.SuperEngine.runTestsImpl(Engine.scala:475)
[info]   at org.scalatest.funsuite.AnyFunSuiteLike.runTests(AnyFunSuiteLike.scala:269)
[info]   at org.scalatest.funsuite.AnyFunSuiteLike.runTests$(AnyFunSuiteLike.scala:268)
[info]   at org.scalatest.funsuite.AnyFunSuite.runTests(AnyFunSuite.scala:1564)
[info]   at org.scalatest.Suite.run(Suite.scala:1114)
[info]   at org.scalatest.Suite.run$(Suite.scala:1096)
[info]   at org.scalatest.funsuite.AnyFunSuite.org$scalatest$funsuite$AnyFunSuiteLike$$super$run(AnyFunSuite.scala:1564)
[info]   at org.scalatest.funsuite.AnyFunSuiteLike.$anonfun$run$1(AnyFunSuiteLike.scala:273)
[info]   at org.scalatest.SuperEngine.runImpl(Engine.scala:535)
[info]   at org.scalatest.funsuite.AnyFunSuiteLike.run(AnyFunSuiteLike.scala:273)
[info]   at org.scalatest.funsuite.AnyFunSuiteLike.run$(AnyFunSuiteLike.scala:272)
[info]   at frameless.TypedDatasetSuite.org$scalatest$BeforeAndAfterAll$$super$run(TypedDatasetSuite.scala:63)
[info]   at org.scalatest.BeforeAndAfterAll.liftedTree1$1(BeforeAndAfterAll.scala:213)
[info]   at org.scalatest.BeforeAndAfterAll.run(BeforeAndAfterAll.scala:210)
[info]   at org.scalatest.BeforeAndAfterAll.run$(BeforeAndAfterAll.scala:208)
[info]   at frameless.TypedDatasetSuite.run(TypedDatasetSuite.scala:63)
[info]   at org.scalatest.tools.Framework.org$scalatest$tools$Framework$$runSuite(Framework.scala:321)
[info]   at org.scalatest.tools.Framework$ScalaTestTask.execute(Framework.scala:517)
[info]   at sbt.ForkMain$Run.lambda$runTest$1(ForkMain.java:414)
[info]   at java.base/java.util.concurrent.FutureTask.run(FutureTask.java:317)
[info]   at java.base/java.util.concurrent.ThreadPoolExecutor.runWorker(ThreadPoolExecutor.java:1144)
[info]   at java.base/java.util.concurrent.ThreadPoolExecutor$Worker.run(ThreadPoolExecutor.java:642)
[info]   at java.base/java.lang.Thread.run(Thread.java:1583)
[info]   Cause: java.lang.ClassCastException: Cannot cast scala.reflect.ClassTag$GenericClassTag to org.apache.spark.sql.catalyst.expressions.Expression
[info]   at java.base/java.lang.Class.cast(Class.java:4067)
[info]   at java.base/jdk.internal.reflect.DirectConstructorHandleAccessor.newInstance(DirectConstructorHandleAccessor.java:62)
[info]   at java.base/java.lang.reflect.Constructor.newInstanceWithCaller(Constructor.java:502)
[info]   at java.base/java.lang.reflect.Constructor.newInstance(Constructor.java:486)
[info]   at frameless.TypedExpressionEncoder$.$anonfun$apply$3(TypedExpressionEncoder.scala:55)
[info]   at scala.Option.map(Option.scala:242)
[info]   at frameless.TypedExpressionEncoder$.apply(TypedExpressionEncoder.scala:54)
[info]   at frameless.TypedDataset$.create(TypedDataset.scala:1325)
[info]   at frameless.functions.NonAggregateFunctionsTests.prop$43(NonAggregateFunctionsTests.scala:1326)
[info]   at frameless.functions.NonAggregateFunctionsTests.$anonfun$new$850(NonAggregateFunctionsTests.scala:1330)
[info]   at scala.Function1.$anonfun$andThen$1(Function1.scala:87)
[info]   at org.scalacheck.Prop$.$anonfun$forAllShrink$2(Prop.scala:868)
[info]   at org.scalacheck.Prop$.secure(Prop.scala:484)
[info]   at org.scalacheck.Prop$.result$1(Prop.scala:868)
[info]   at org.scalacheck.Prop$.$anonfun$forAllShrink$1(Prop.scala:915)
[info]   at org.scalacheck.Prop$.$anonfun$apply$1(Prop.scala:305)
[info]   at org.scalacheck.PropFromFun.apply(Prop.scala:20)
[info]   at org.scalacheck.Test$.workerFun$1(Test.scala:486)
[info]   at org.scalacheck.Test$.$anonfun$check$4(Test.scala:518)
[info]   at org.scalacheck.Test$.$anonfun$check$4$adapted(Test.scala:518)
[info]   at org.scalacheck.Platform$.runWorkers(Platform.scala:42)
[info]   at org.scalacheck.Test$.check(Test.scala:518)
[info]   at org.scalatestplus.scalacheck.UnitCheckerAsserting$CheckerAssertingImpl.check(CheckerAsserting.scala:90)
[info]   at org.scalatestplus.scalacheck.Checkers.check(Checkers.scala:371)
[info]   at org.scalatestplus.scalacheck.Checkers.check$(Checkers.scala:369)
[info]   at frameless.TypedDatasetSuite.check(TypedDatasetSuite.scala:63)
[info]   at frameless.functions.NonAggregateFunctionsTests.$anonfun$new$842(NonAggregateFunctionsTests.scala:1330)
[info]   at org.scalatest.OutcomeOf.outcomeOf(OutcomeOf.scala:85)
[info]   at org.scalatest.OutcomeOf.outcomeOf$(OutcomeOf.scala:83)
[info]   at org.scalatest.OutcomeOf$.outcomeOf(OutcomeOf.scala:104)
[info]   at org.scalatest.Transformer.apply(Transformer.scala:22)
[info]   at org.scalatest.Transformer.apply(Transformer.scala:20)
[info]   at org.scalatest.funsuite.AnyFunSuiteLike$$anon$1.apply(AnyFunSuiteLike.scala:226)
[info]   at org.scalatest.TestSuite.withFixture(TestSuite.scala:196)
[info]   at org.scalatest.TestSuite.withFixture$(TestSuite.scala:195)
[info]   at org.scalatest.funsuite.AnyFunSuite.withFixture(AnyFunSuite.scala:1564)
[info]   at org.scalatest.funsuite.AnyFunSuiteLike.invokeWithFixture$1(AnyFunSuiteLike.scala:224)
[info]   at org.scalatest.funsuite.AnyFunSuiteLike.$anonfun$runTest$1(AnyFunSuiteLike.scala:236)
[info]   at org.scalatest.SuperEngine.runTestImpl(Engine.scala:306)
[info]   at org.scalatest.funsuite.AnyFunSuiteLike.runTest(AnyFunSuiteLike.scala:236)
[info]   at org.scalatest.funsuite.AnyFunSuiteLike.runTest$(AnyFunSuiteLike.scala:218)
[info]   at org.scalatest.funsuite.AnyFunSuite.runTest(AnyFunSuite.scala:1564)
[info]   at org.scalatest.funsuite.AnyFunSuiteLike.$anonfun$runTests$1(AnyFunSuiteLike.scala:269)
[info]   at org.scalatest.SuperEngine.$anonfun$runTestsInBranch$1(Engine.scala:413)
[info]   at scala.collection.immutable.List.foreach(List.scala:334)
[info]   at org.scalatest.SuperEngine.traverseSubNodes$1(Engine.scala:401)
[info]   at org.scalatest.SuperEngine.runTestsInBranch(Engine.scala:396)
[info]   at org.scalatest.SuperEngine.runTestsImpl(Engine.scala:475)
[info]   at org.scalatest.funsuite.AnyFunSuiteLike.runTests(AnyFunSuiteLike.scala:269)
[info]   at org.scalatest.funsuite.AnyFunSuiteLike.runTests$(AnyFunSuiteLike.scala:268)
[info]   at org.scalatest.funsuite.AnyFunSuite.runTests(AnyFunSuite.scala:1564)
[info]   at org.scalatest.Suite.run(Suite.scala:1114)
[info]   at org.scalatest.Suite.run$(Suite.scala:1096)
[info]   at org.scalatest.funsuite.AnyFunSuite.org$scalatest$funsuite$AnyFunSuiteLike$$super$run(AnyFunSuite.scala:1564)
[info]   at org.scalatest.funsuite.AnyFunSuiteLike.$anonfun$run$1(AnyFunSuiteLike.scala:273)
[info]   at org.scalatest.SuperEngine.runImpl(Engine.scala:535)
[info]   at org.scalatest.funsuite.AnyFunSuiteLike.run(AnyFunSuiteLike.scala:273)
[info]   at org.scalatest.funsuite.AnyFunSuiteLike.run$(AnyFunSuiteLike.scala:272)
[info]   at frameless.TypedDatasetSuite.org$scalatest$BeforeAndAfterAll$$super$run(TypedDatasetSuite.scala:63)
[info]   at org.scalatest.BeforeAndAfterAll.liftedTree1$1(BeforeAndAfterAll.scala:213)
[info]   at org.scalatest.BeforeAndAfterAll.run(BeforeAndAfterAll.scala:210)
[info]   at org.scalatest.BeforeAndAfterAll.run$(BeforeAndAfterAll.scala:208)
[info]   at frameless.TypedDatasetSuite.run(TypedDatasetSuite.scala:63)
[info]   at org.scalatest.tools.Framework.org$scalatest$tools$Framework$$runSuite(Framework.scala:321)
[info]   at org.scalatest.tools.Framework$ScalaTestTask.execute(Framework.scala:517)
[info]   at sbt.ForkMain$Run.lambda$runTest$1(ForkMain.java:414)
[info]   at java.base/java.util.concurrent.FutureTask.run(FutureTask.java:317)
[info]   at java.base/java.util.concurrent.ThreadPoolExecutor.runWorker(ThreadPoolExecutor.java:1144)
[info]   at java.base/java.util.concurrent.ThreadPoolExecutor$Worker.run(ThreadPoolExecutor.java:642)
[info]   at java.base/java.lang.Thread.run(Thread.java:1583)
[info] - log2 *** FAILED *** (4 milliseconds)
[info]   IllegalArgumentException was thrown during property evaluation.
[info]     Message: argument type mismatch
[info]     Occurred when passed generated values (
[info]       arg0 = List()
[info]     )
[info]   org.scalatest.exceptions.GeneratorDrivenPropertyCheckFailedException:
[info]   at org.scalatestplus.scalacheck.CheckerAsserting$$anon$2.indicateFailure(CheckerAsserting.scala:251)
[info]   at org.scalatestplus.scalacheck.CheckerAsserting$$anon$2.indicateFailure(CheckerAsserting.scala:238)
[info]   at org.scalatestplus.scalacheck.UnitCheckerAsserting$CheckerAssertingImpl.check(CheckerAsserting.scala:160)
[info]   at org.scalatestplus.scalacheck.Checkers.check(Checkers.scala:371)
[info]   at org.scalatestplus.scalacheck.Checkers.check$(Checkers.scala:369)
[info]   at frameless.TypedDatasetSuite.check(TypedDatasetSuite.scala:63)
[info]   at frameless.functions.NonAggregateFunctionsTests.$anonfun$new$860(NonAggregateFunctionsTests.scala:1347)
[info]   at org.scalatest.OutcomeOf.outcomeOf(OutcomeOf.scala:85)
[info]   at org.scalatest.OutcomeOf.outcomeOf$(OutcomeOf.scala:83)
[info]   at org.scalatest.OutcomeOf$.outcomeOf(OutcomeOf.scala:104)
[info]   at org.scalatest.Transformer.apply(Transformer.scala:22)
[info]   at org.scalatest.Transformer.apply(Transformer.scala:20)
[info]   at org.scalatest.funsuite.AnyFunSuiteLike$$anon$1.apply(AnyFunSuiteLike.scala:226)
[info]   at org.scalatest.TestSuite.withFixture(TestSuite.scala:196)
[info]   at org.scalatest.TestSuite.withFixture$(TestSuite.scala:195)
[info]   at org.scalatest.funsuite.AnyFunSuite.withFixture(AnyFunSuite.scala:1564)
[info]   at org.scalatest.funsuite.AnyFunSuiteLike.invokeWithFixture$1(AnyFunSuiteLike.scala:224)
[info]   at org.scalatest.funsuite.AnyFunSuiteLike.$anonfun$runTest$1(AnyFunSuiteLike.scala:236)
[info]   at org.scalatest.SuperEngine.runTestImpl(Engine.scala:306)
[info]   at org.scalatest.funsuite.AnyFunSuiteLike.runTest(AnyFunSuiteLike.scala:236)
[info]   at org.scalatest.funsuite.AnyFunSuiteLike.runTest$(AnyFunSuiteLike.scala:218)
[info]   at org.scalatest.funsuite.AnyFunSuite.runTest(AnyFunSuite.scala:1564)
[info]   at org.scalatest.funsuite.AnyFunSuiteLike.$anonfun$runTests$1(AnyFunSuiteLike.scala:269)
[info]   at org.scalatest.SuperEngine.$anonfun$runTestsInBranch$1(Engine.scala:413)
[info]   at scala.collection.immutable.List.foreach(List.scala:334)
[info]   at org.scalatest.SuperEngine.traverseSubNodes$1(Engine.scala:401)
[info]   at org.scalatest.SuperEngine.runTestsInBranch(Engine.scala:396)
[info]   at org.scalatest.SuperEngine.runTestsImpl(Engine.scala:475)
[info]   at org.scalatest.funsuite.AnyFunSuiteLike.runTests(AnyFunSuiteLike.scala:269)
[info]   at org.scalatest.funsuite.AnyFunSuiteLike.runTests$(AnyFunSuiteLike.scala:268)
[info]   at org.scalatest.funsuite.AnyFunSuite.runTests(AnyFunSuite.scala:1564)
[info]   at org.scalatest.Suite.run(Suite.scala:1114)
[info]   at org.scalatest.Suite.run$(Suite.scala:1096)
[info]   at org.scalatest.funsuite.AnyFunSuite.org$scalatest$funsuite$AnyFunSuiteLike$$super$run(AnyFunSuite.scala:1564)
[info]   at org.scalatest.funsuite.AnyFunSuiteLike.$anonfun$run$1(AnyFunSuiteLike.scala:273)
[info]   at org.scalatest.SuperEngine.runImpl(Engine.scala:535)
[info]   at org.scalatest.funsuite.AnyFunSuiteLike.run(AnyFunSuiteLike.scala:273)
[info]   at org.scalatest.funsuite.AnyFunSuiteLike.run$(AnyFunSuiteLike.scala:272)
[info]   at frameless.TypedDatasetSuite.org$scalatest$BeforeAndAfterAll$$super$run(TypedDatasetSuite.scala:63)
[info]   at org.scalatest.BeforeAndAfterAll.liftedTree1$1(BeforeAndAfterAll.scala:213)
[info]   at org.scalatest.BeforeAndAfterAll.run(BeforeAndAfterAll.scala:210)
[info]   at org.scalatest.BeforeAndAfterAll.run$(BeforeAndAfterAll.scala:208)
[info]   at frameless.TypedDatasetSuite.run(TypedDatasetSuite.scala:63)
[info]   at org.scalatest.tools.Framework.org$scalatest$tools$Framework$$runSuite(Framework.scala:321)
[info]   at org.scalatest.tools.Framework$ScalaTestTask.execute(Framework.scala:517)
[info]   at sbt.ForkMain$Run.lambda$runTest$1(ForkMain.java:414)
[info]   at java.base/java.util.concurrent.FutureTask.run(FutureTask.java:317)
[info]   at java.base/java.util.concurrent.ThreadPoolExecutor.runWorker(ThreadPoolExecutor.java:1144)
[info]   at java.base/java.util.concurrent.ThreadPoolExecutor$Worker.run(ThreadPoolExecutor.java:642)
[info]   at java.base/java.lang.Thread.run(Thread.java:1583)
[info]   Cause: java.lang.IllegalArgumentException: argument type mismatch
[info]   at java.base/jdk.internal.reflect.DirectConstructorHandleAccessor.newInstance(DirectConstructorHandleAccessor.java:65)
[info]   at java.base/java.lang.reflect.Constructor.newInstanceWithCaller(Constructor.java:502)
[info]   at java.base/java.lang.reflect.Constructor.newInstance(Constructor.java:486)
[info]   at frameless.TypedExpressionEncoder$.$anonfun$apply$3(TypedExpressionEncoder.scala:55)
[info]   at scala.Option.map(Option.scala:242)
[info]   at frameless.TypedExpressionEncoder$.apply(TypedExpressionEncoder.scala:54)
[info]   at frameless.TypedDataset$.create(TypedDataset.scala:1325)
[info]   at frameless.functions.NonAggregateFunctionsTests.prop$44(NonAggregateFunctionsTests.scala:1343)
[info]   at frameless.functions.NonAggregateFunctionsTests.$anonfun$new$868(NonAggregateFunctionsTests.scala:1347)
[info]   at scala.Function1.$anonfun$andThen$1(Function1.scala:87)
[info]   at org.scalacheck.Prop$.$anonfun$forAllShrink$2(Prop.scala:868)
[info]   at org.scalacheck.Prop$.secure(Prop.scala:484)
[info]   at org.scalacheck.Prop$.result$1(Prop.scala:868)
[info]   at org.scalacheck.Prop$.$anonfun$forAllShrink$1(Prop.scala:915)
[info]   at org.scalacheck.Prop$.$anonfun$apply$1(Prop.scala:305)
[info]   at org.scalacheck.PropFromFun.apply(Prop.scala:20)
[info]   at org.scalacheck.Test$.workerFun$1(Test.scala:486)
[info]   at org.scalacheck.Test$.$anonfun$check$4(Test.scala:518)
[info]   at org.scalacheck.Test$.$anonfun$check$4$adapted(Test.scala:518)
[info]   at org.scalacheck.Platform$.runWorkers(Platform.scala:42)
[info]   at org.scalacheck.Test$.check(Test.scala:518)
[info]   at org.scalatestplus.scalacheck.UnitCheckerAsserting$CheckerAssertingImpl.check(CheckerAsserting.scala:90)
[info]   at org.scalatestplus.scalacheck.Checkers.check(Checkers.scala:371)
[info]   at org.scalatestplus.scalacheck.Checkers.check$(Checkers.scala:369)
[info]   at frameless.TypedDatasetSuite.check(TypedDatasetSuite.scala:63)
[info]   at frameless.functions.NonAggregateFunctionsTests.$anonfun$new$860(NonAggregateFunctionsTests.scala:1347)
[info]   at org.scalatest.OutcomeOf.outcomeOf(OutcomeOf.scala:85)
[info]   at org.scalatest.OutcomeOf.outcomeOf$(OutcomeOf.scala:83)
[info]   at org.scalatest.OutcomeOf$.outcomeOf(OutcomeOf.scala:104)
[info]   at org.scalatest.Transformer.apply(Transformer.scala:22)
[info]   at org.scalatest.Transformer.apply(Transformer.scala:20)
[info]   at org.scalatest.funsuite.AnyFunSuiteLike$$anon$1.apply(AnyFunSuiteLike.scala:226)
[info]   at org.scalatest.TestSuite.withFixture(TestSuite.scala:196)
[info]   at org.scalatest.TestSuite.withFixture$(TestSuite.scala:195)
[info]   at org.scalatest.funsuite.AnyFunSuite.withFixture(AnyFunSuite.scala:1564)
[info]   at org.scalatest.funsuite.AnyFunSuiteLike.invokeWithFixture$1(AnyFunSuiteLike.scala:224)
[info]   at org.scalatest.funsuite.AnyFunSuiteLike.$anonfun$runTest$1(AnyFunSuiteLike.scala:236)
[info]   at org.scalatest.SuperEngine.runTestImpl(Engine.scala:306)
[info]   at org.scalatest.funsuite.AnyFunSuiteLike.runTest(AnyFunSuiteLike.scala:236)
[info]   at org.scalatest.funsuite.AnyFunSuiteLike.runTest$(AnyFunSuiteLike.scala:218)
[info]   at org.scalatest.funsuite.AnyFunSuite.runTest(AnyFunSuite.scala:1564)
[info]   at org.scalatest.funsuite.AnyFunSuiteLike.$anonfun$runTests$1(AnyFunSuiteLike.scala:269)
[info]   at org.scalatest.SuperEngine.$anonfun$runTestsInBranch$1(Engine.scala:413)
[info]   at scala.collection.immutable.List.foreach(List.scala:334)
[info]   at org.scalatest.SuperEngine.traverseSubNodes$1(Engine.scala:401)
[info]   at org.scalatest.SuperEngine.runTestsInBranch(Engine.scala:396)
[info]   at org.scalatest.SuperEngine.runTestsImpl(Engine.scala:475)
[info]   at org.scalatest.funsuite.AnyFunSuiteLike.runTests(AnyFunSuiteLike.scala:269)
[info]   at org.scalatest.funsuite.AnyFunSuiteLike.runTests$(AnyFunSuiteLike.scala:268)
[info]   at org.scalatest.funsuite.AnyFunSuite.runTests(AnyFunSuite.scala:1564)
[info]   at org.scalatest.Suite.run(Suite.scala:1114)
[info]   at org.scalatest.Suite.run$(Suite.scala:1096)
[info]   at org.scalatest.funsuite.AnyFunSuite.org$scalatest$funsuite$AnyFunSuiteLike$$super$run(AnyFunSuite.scala:1564)
[info]   at org.scalatest.funsuite.AnyFunSuiteLike.$anonfun$run$1(AnyFunSuiteLike.scala:273)
[info]   at org.scalatest.SuperEngine.runImpl(Engine.scala:535)
[info]   at org.scalatest.funsuite.AnyFunSuiteLike.run(AnyFunSuiteLike.scala:273)
[info]   at org.scalatest.funsuite.AnyFunSuiteLike.run$(AnyFunSuiteLike.scala:272)
[info]   at frameless.TypedDatasetSuite.org$scalatest$BeforeAndAfterAll$$super$run(TypedDatasetSuite.scala:63)
[info]   at org.scalatest.BeforeAndAfterAll.liftedTree1$1(BeforeAndAfterAll.scala:213)
[info]   at org.scalatest.BeforeAndAfterAll.run(BeforeAndAfterAll.scala:210)
[info]   at org.scalatest.BeforeAndAfterAll.run$(BeforeAndAfterAll.scala:208)
[info]   at frameless.TypedDatasetSuite.run(TypedDatasetSuite.scala:63)
[info]   at org.scalatest.tools.Framework.org$scalatest$tools$Framework$$runSuite(Framework.scala:321)
[info]   at org.scalatest.tools.Framework$ScalaTestTask.execute(Framework.scala:517)
[info]   at sbt.ForkMain$Run.lambda$runTest$1(ForkMain.java:414)
[info]   at java.base/java.util.concurrent.FutureTask.run(FutureTask.java:317)
[info]   at java.base/java.util.concurrent.ThreadPoolExecutor.runWorker(ThreadPoolExecutor.java:1144)
[info]   at java.base/java.util.concurrent.ThreadPoolExecutor$Worker.run(ThreadPoolExecutor.java:642)
[info]   at java.base/java.lang.Thread.run(Thread.java:1583)
[info]   Cause: java.lang.ClassCastException: Cannot cast scala.reflect.ClassTag$GenericClassTag to org.apache.spark.sql.catalyst.expressions.Expression
[info]   at java.base/java.lang.Class.cast(Class.java:4067)
[info]   at java.base/jdk.internal.reflect.DirectConstructorHandleAccessor.newInstance(DirectConstructorHandleAccessor.java:62)
[info]   at java.base/java.lang.reflect.Constructor.newInstanceWithCaller(Constructor.java:502)
[info]   at java.base/java.lang.reflect.Constructor.newInstance(Constructor.java:486)
[info]   at frameless.TypedExpressionEncoder$.$anonfun$apply$3(TypedExpressionEncoder.scala:55)
[info]   at scala.Option.map(Option.scala:242)
[info]   at frameless.TypedExpressionEncoder$.apply(TypedExpressionEncoder.scala:54)
[info]   at frameless.TypedDataset$.create(TypedDataset.scala:1325)
[info]   at frameless.functions.NonAggregateFunctionsTests.prop$44(NonAggregateFunctionsTests.scala:1343)
[info]   at frameless.functions.NonAggregateFunctionsTests.$anonfun$new$868(NonAggregateFunctionsTests.scala:1347)
[info]   at scala.Function1.$anonfun$andThen$1(Function1.scala:87)
[info]   at org.scalacheck.Prop$.$anonfun$forAllShrink$2(Prop.scala:868)
[info]   at org.scalacheck.Prop$.secure(Prop.scala:484)
[info]   at org.scalacheck.Prop$.result$1(Prop.scala:868)
[info]   at org.scalacheck.Prop$.$anonfun$forAllShrink$1(Prop.scala:915)
[info]   at org.scalacheck.Prop$.$anonfun$apply$1(Prop.scala:305)
[info]   at org.scalacheck.PropFromFun.apply(Prop.scala:20)
[info]   at org.scalacheck.Test$.workerFun$1(Test.scala:486)
[info]   at org.scalacheck.Test$.$anonfun$check$4(Test.scala:518)
[info]   at org.scalacheck.Test$.$anonfun$check$4$adapted(Test.scala:518)
[info]   at org.scalacheck.Platform$.runWorkers(Platform.scala:42)
[info]   at org.scalacheck.Test$.check(Test.scala:518)
[info]   at org.scalatestplus.scalacheck.UnitCheckerAsserting$CheckerAssertingImpl.check(CheckerAsserting.scala:90)
[info]   at org.scalatestplus.scalacheck.Checkers.check(Checkers.scala:371)
[info]   at org.scalatestplus.scalacheck.Checkers.check$(Checkers.scala:369)
[info]   at frameless.TypedDatasetSuite.check(TypedDatasetSuite.scala:63)
[info]   at frameless.functions.NonAggregateFunctionsTests.$anonfun$new$860(NonAggregateFunctionsTests.scala:1347)
[info]   at org.scalatest.OutcomeOf.outcomeOf(OutcomeOf.scala:85)
[info]   at org.scalatest.OutcomeOf.outcomeOf$(OutcomeOf.scala:83)
[info]   at org.scalatest.OutcomeOf$.outcomeOf(OutcomeOf.scala:104)
[info]   at org.scalatest.Transformer.apply(Transformer.scala:22)
[info]   at org.scalatest.Transformer.apply(Transformer.scala:20)
[info]   at org.scalatest.funsuite.AnyFunSuiteLike$$anon$1.apply(AnyFunSuiteLike.scala:226)
[info]   at org.scalatest.TestSuite.withFixture(TestSuite.scala:196)
[info]   at org.scalatest.TestSuite.withFixture$(TestSuite.scala:195)
[info]   at org.scalatest.funsuite.AnyFunSuite.withFixture(AnyFunSuite.scala:1564)
[info]   at org.scalatest.funsuite.AnyFunSuiteLike.invokeWithFixture$1(AnyFunSuiteLike.scala:224)
[info]   at org.scalatest.funsuite.AnyFunSuiteLike.$anonfun$runTest$1(AnyFunSuiteLike.scala:236)
[info]   at org.scalatest.SuperEngine.runTestImpl(Engine.scala:306)
[info]   at org.scalatest.funsuite.AnyFunSuiteLike.runTest(AnyFunSuiteLike.scala:236)
[info]   at org.scalatest.funsuite.AnyFunSuiteLike.runTest$(AnyFunSuiteLike.scala:218)
[info]   at org.scalatest.funsuite.AnyFunSuite.runTest(AnyFunSuite.scala:1564)
[info]   at org.scalatest.funsuite.AnyFunSuiteLike.$anonfun$runTests$1(AnyFunSuiteLike.scala:269)
[info]   at org.scalatest.SuperEngine.$anonfun$runTestsInBranch$1(Engine.scala:413)
[info]   at scala.collection.immutable.List.foreach(List.scala:334)
[info]   at org.scalatest.SuperEngine.traverseSubNodes$1(Engine.scala:401)
[info]   at org.scalatest.SuperEngine.runTestsInBranch(Engine.scala:396)
[info]   at org.scalatest.SuperEngine.runTestsImpl(Engine.scala:475)
[info]   at org.scalatest.funsuite.AnyFunSuiteLike.runTests(AnyFunSuiteLike.scala:269)
[info]   at org.scalatest.funsuite.AnyFunSuiteLike.runTests$(AnyFunSuiteLike.scala:268)
[info]   at org.scalatest.funsuite.AnyFunSuite.runTests(AnyFunSuite.scala:1564)
[info]   at org.scalatest.Suite.run(Suite.scala:1114)
[info]   at org.scalatest.Suite.run$(Suite.scala:1096)
[info]   at org.scalatest.funsuite.AnyFunSuite.org$scalatest$funsuite$AnyFunSuiteLike$$super$run(AnyFunSuite.scala:1564)
[info]   at org.scalatest.funsuite.AnyFunSuiteLike.$anonfun$run$1(AnyFunSuiteLike.scala:273)
[info]   at org.scalatest.SuperEngine.runImpl(Engine.scala:535)
[info]   at org.scalatest.funsuite.AnyFunSuiteLike.run(AnyFunSuiteLike.scala:273)
[info]   at org.scalatest.funsuite.AnyFunSuiteLike.run$(AnyFunSuiteLike.scala:272)
[info]   at frameless.TypedDatasetSuite.org$scalatest$BeforeAndAfterAll$$super$run(TypedDatasetSuite.scala:63)
[info]   at org.scalatest.BeforeAndAfterAll.liftedTree1$1(BeforeAndAfterAll.scala:213)
[info]   at org.scalatest.BeforeAndAfterAll.run(BeforeAndAfterAll.scala:210)
[info]   at org.scalatest.BeforeAndAfterAll.run$(BeforeAndAfterAll.scala:208)
[info]   at frameless.TypedDatasetSuite.run(TypedDatasetSuite.scala:63)
[info]   at org.scalatest.tools.Framework.org$scalatest$tools$Framework$$runSuite(Framework.scala:321)
[info]   at org.scalatest.tools.Framework$ScalaTestTask.execute(Framework.scala:517)
[info]   at sbt.ForkMain$Run.lambda$runTest$1(ForkMain.java:414)
[info]   at java.base/java.util.concurrent.FutureTask.run(FutureTask.java:317)
[info]   at java.base/java.util.concurrent.ThreadPoolExecutor.runWorker(ThreadPoolExecutor.java:1144)
[info]   at java.base/java.util.concurrent.ThreadPoolExecutor$Worker.run(ThreadPoolExecutor.java:642)
[info]   at java.base/java.lang.Thread.run(Thread.java:1583)
[info] - log1p *** FAILED *** (3 milliseconds)
[info]   IllegalArgumentException was thrown during property evaluation.
[info]     Message: argument type mismatch
[info]     Occurred when passed generated values (
[info]       arg0 = List()
[info]     )
[info]   org.scalatest.exceptions.GeneratorDrivenPropertyCheckFailedException:
[info]   at org.scalatestplus.scalacheck.CheckerAsserting$$anon$2.indicateFailure(CheckerAsserting.scala:251)
[info]   at org.scalatestplus.scalacheck.CheckerAsserting$$anon$2.indicateFailure(CheckerAsserting.scala:238)
[info]   at org.scalatestplus.scalacheck.UnitCheckerAsserting$CheckerAssertingImpl.check(CheckerAsserting.scala:160)
[info]   at org.scalatestplus.scalacheck.Checkers.check(Checkers.scala:371)
[info]   at org.scalatestplus.scalacheck.Checkers.check$(Checkers.scala:369)
[info]   at frameless.TypedDatasetSuite.check(TypedDatasetSuite.scala:63)
[info]   at frameless.functions.NonAggregateFunctionsTests.$anonfun$new$878(NonAggregateFunctionsTests.scala:1364)
[info]   at org.scalatest.OutcomeOf.outcomeOf(OutcomeOf.scala:85)
[info]   at org.scalatest.OutcomeOf.outcomeOf$(OutcomeOf.scala:83)
[info]   at org.scalatest.OutcomeOf$.outcomeOf(OutcomeOf.scala:104)
[info]   at org.scalatest.Transformer.apply(Transformer.scala:22)
[info]   at org.scalatest.Transformer.apply(Transformer.scala:20)
[info]   at org.scalatest.funsuite.AnyFunSuiteLike$$anon$1.apply(AnyFunSuiteLike.scala:226)
[info]   at org.scalatest.TestSuite.withFixture(TestSuite.scala:196)
[info]   at org.scalatest.TestSuite.withFixture$(TestSuite.scala:195)
[info]   at org.scalatest.funsuite.AnyFunSuite.withFixture(AnyFunSuite.scala:1564)
[info]   at org.scalatest.funsuite.AnyFunSuiteLike.invokeWithFixture$1(AnyFunSuiteLike.scala:224)
[info]   at org.scalatest.funsuite.AnyFunSuiteLike.$anonfun$runTest$1(AnyFunSuiteLike.scala:236)
[info]   at org.scalatest.SuperEngine.runTestImpl(Engine.scala:306)
[info]   at org.scalatest.funsuite.AnyFunSuiteLike.runTest(AnyFunSuiteLike.scala:236)
[info]   at org.scalatest.funsuite.AnyFunSuiteLike.runTest$(AnyFunSuiteLike.scala:218)
[info]   at org.scalatest.funsuite.AnyFunSuite.runTest(AnyFunSuite.scala:1564)
[info]   at org.scalatest.funsuite.AnyFunSuiteLike.$anonfun$runTests$1(AnyFunSuiteLike.scala:269)
[info]   at org.scalatest.SuperEngine.$anonfun$runTestsInBranch$1(Engine.scala:413)
[info]   at scala.collection.immutable.List.foreach(List.scala:334)
[info]   at org.scalatest.SuperEngine.traverseSubNodes$1(Engine.scala:401)
[info]   at org.scalatest.SuperEngine.runTestsInBranch(Engine.scala:396)
[info]   at org.scalatest.SuperEngine.runTestsImpl(Engine.scala:475)
[info]   at org.scalatest.funsuite.AnyFunSuiteLike.runTests(AnyFunSuiteLike.scala:269)
[info]   at org.scalatest.funsuite.AnyFunSuiteLike.runTests$(AnyFunSuiteLike.scala:268)
[info]   at org.scalatest.funsuite.AnyFunSuite.runTests(AnyFunSuite.scala:1564)
[info]   at org.scalatest.Suite.run(Suite.scala:1114)
[info]   at org.scalatest.Suite.run$(Suite.scala:1096)
[info]   at org.scalatest.funsuite.AnyFunSuite.org$scalatest$funsuite$AnyFunSuiteLike$$super$run(AnyFunSuite.scala:1564)
[info]   at org.scalatest.funsuite.AnyFunSuiteLike.$anonfun$run$1(AnyFunSuiteLike.scala:273)
[info]   at org.scalatest.SuperEngine.runImpl(Engine.scala:535)
[info]   at org.scalatest.funsuite.AnyFunSuiteLike.run(AnyFunSuiteLike.scala:273)
[info]   at org.scalatest.funsuite.AnyFunSuiteLike.run$(AnyFunSuiteLike.scala:272)
[info]   at frameless.TypedDatasetSuite.org$scalatest$BeforeAndAfterAll$$super$run(TypedDatasetSuite.scala:63)
[info]   at org.scalatest.BeforeAndAfterAll.liftedTree1$1(BeforeAndAfterAll.scala:213)
[info]   at org.scalatest.BeforeAndAfterAll.run(BeforeAndAfterAll.scala:210)
[info]   at org.scalatest.BeforeAndAfterAll.run$(BeforeAndAfterAll.scala:208)
[info]   at frameless.TypedDatasetSuite.run(TypedDatasetSuite.scala:63)
[info]   at org.scalatest.tools.Framework.org$scalatest$tools$Framework$$runSuite(Framework.scala:321)
[info]   at org.scalatest.tools.Framework$ScalaTestTask.execute(Framework.scala:517)
[info]   at sbt.ForkMain$Run.lambda$runTest$1(ForkMain.java:414)
[info]   at java.base/java.util.concurrent.FutureTask.run(FutureTask.java:317)
[info]   at java.base/java.util.concurrent.ThreadPoolExecutor.runWorker(ThreadPoolExecutor.java:1144)
[info]   at java.base/java.util.concurrent.ThreadPoolExecutor$Worker.run(ThreadPoolExecutor.java:642)
[info]   at java.base/java.lang.Thread.run(Thread.java:1583)
[info]   Cause: java.lang.IllegalArgumentException: argument type mismatch
[info]   at java.base/jdk.internal.reflect.DirectConstructorHandleAccessor.newInstance(DirectConstructorHandleAccessor.java:65)
[info]   at java.base/java.lang.reflect.Constructor.newInstanceWithCaller(Constructor.java:502)
[info]   at java.base/java.lang.reflect.Constructor.newInstance(Constructor.java:486)
[info]   at frameless.TypedExpressionEncoder$.$anonfun$apply$3(TypedExpressionEncoder.scala:55)
[info]   at scala.Option.map(Option.scala:242)
[info]   at frameless.TypedExpressionEncoder$.apply(TypedExpressionEncoder.scala:54)
[info]   at frameless.TypedDataset$.create(TypedDataset.scala:1325)
[info]   at frameless.functions.NonAggregateFunctionsTests.prop$45(NonAggregateFunctionsTests.scala:1360)
[info]   at frameless.functions.NonAggregateFunctionsTests.$anonfun$new$886(NonAggregateFunctionsTests.scala:1364)
[info]   at scala.Function1.$anonfun$andThen$1(Function1.scala:87)
[info]   at org.scalacheck.Prop$.$anonfun$forAllShrink$2(Prop.scala:868)
[info]   at org.scalacheck.Prop$.secure(Prop.scala:484)
[info]   at org.scalacheck.Prop$.result$1(Prop.scala:868)
[info]   at org.scalacheck.Prop$.$anonfun$forAllShrink$1(Prop.scala:915)
[info]   at org.scalacheck.Prop$.$anonfun$apply$1(Prop.scala:305)
[info]   at org.scalacheck.PropFromFun.apply(Prop.scala:20)
[info]   at org.scalacheck.Test$.workerFun$1(Test.scala:486)
[info]   at org.scalacheck.Test$.$anonfun$check$4(Test.scala:518)
[info]   at org.scalacheck.Test$.$anonfun$check$4$adapted(Test.scala:518)
[info]   at org.scalacheck.Platform$.runWorkers(Platform.scala:42)
[info]   at org.scalacheck.Test$.check(Test.scala:518)
[info]   at org.scalatestplus.scalacheck.UnitCheckerAsserting$CheckerAssertingImpl.check(CheckerAsserting.scala:90)
[info]   at org.scalatestplus.scalacheck.Checkers.check(Checkers.scala:371)
[info]   at org.scalatestplus.scalacheck.Checkers.check$(Checkers.scala:369)
[info]   at frameless.TypedDatasetSuite.check(TypedDatasetSuite.scala:63)
[info]   at frameless.functions.NonAggregateFunctionsTests.$anonfun$new$878(NonAggregateFunctionsTests.scala:1364)
[info]   at org.scalatest.OutcomeOf.outcomeOf(OutcomeOf.scala:85)
[info]   at org.scalatest.OutcomeOf.outcomeOf$(OutcomeOf.scala:83)
[info]   at org.scalatest.OutcomeOf$.outcomeOf(OutcomeOf.scala:104)
[info]   at org.scalatest.Transformer.apply(Transformer.scala:22)
[info]   at org.scalatest.Transformer.apply(Transformer.scala:20)
[info]   at org.scalatest.funsuite.AnyFunSuiteLike$$anon$1.apply(AnyFunSuiteLike.scala:226)
[info]   at org.scalatest.TestSuite.withFixture(TestSuite.scala:196)
[info]   at org.scalatest.TestSuite.withFixture$(TestSuite.scala:195)
[info]   at org.scalatest.funsuite.AnyFunSuite.withFixture(AnyFunSuite.scala:1564)
[info]   at org.scalatest.funsuite.AnyFunSuiteLike.invokeWithFixture$1(AnyFunSuiteLike.scala:224)
[info]   at org.scalatest.funsuite.AnyFunSuiteLike.$anonfun$runTest$1(AnyFunSuiteLike.scala:236)
[info]   at org.scalatest.SuperEngine.runTestImpl(Engine.scala:306)
[info]   at org.scalatest.funsuite.AnyFunSuiteLike.runTest(AnyFunSuiteLike.scala:236)
[info]   at org.scalatest.funsuite.AnyFunSuiteLike.runTest$(AnyFunSuiteLike.scala:218)
[info]   at org.scalatest.funsuite.AnyFunSuite.runTest(AnyFunSuite.scala:1564)
[info]   at org.scalatest.funsuite.AnyFunSuiteLike.$anonfun$runTests$1(AnyFunSuiteLike.scala:269)
[info]   at org.scalatest.SuperEngine.$anonfun$runTestsInBranch$1(Engine.scala:413)
[info]   at scala.collection.immutable.List.foreach(List.scala:334)
[info]   at org.scalatest.SuperEngine.traverseSubNodes$1(Engine.scala:401)
[info]   at org.scalatest.SuperEngine.runTestsInBranch(Engine.scala:396)
[info]   at org.scalatest.SuperEngine.runTestsImpl(Engine.scala:475)
[info]   at org.scalatest.funsuite.AnyFunSuiteLike.runTests(AnyFunSuiteLike.scala:269)
[info]   at org.scalatest.funsuite.AnyFunSuiteLike.runTests$(AnyFunSuiteLike.scala:268)
[info]   at org.scalatest.funsuite.AnyFunSuite.runTests(AnyFunSuite.scala:1564)
[info]   at org.scalatest.Suite.run(Suite.scala:1114)
[info]   at org.scalatest.Suite.run$(Suite.scala:1096)
[info]   at org.scalatest.funsuite.AnyFunSuite.org$scalatest$funsuite$AnyFunSuiteLike$$super$run(AnyFunSuite.scala:1564)
[info]   at org.scalatest.funsuite.AnyFunSuiteLike.$anonfun$run$1(AnyFunSuiteLike.scala:273)
[info]   at org.scalatest.SuperEngine.runImpl(Engine.scala:535)
[info]   at org.scalatest.funsuite.AnyFunSuiteLike.run(AnyFunSuiteLike.scala:273)
[info]   at org.scalatest.funsuite.AnyFunSuiteLike.run$(AnyFunSuiteLike.scala:272)
[info]   at frameless.TypedDatasetSuite.org$scalatest$BeforeAndAfterAll$$super$run(TypedDatasetSuite.scala:63)
[info]   at org.scalatest.BeforeAndAfterAll.liftedTree1$1(BeforeAndAfterAll.scala:213)
[info]   at org.scalatest.BeforeAndAfterAll.run(BeforeAndAfterAll.scala:210)
[info]   at org.scalatest.BeforeAndAfterAll.run$(BeforeAndAfterAll.scala:208)
[info]   at frameless.TypedDatasetSuite.run(TypedDatasetSuite.scala:63)
[info]   at org.scalatest.tools.Framework.org$scalatest$tools$Framework$$runSuite(Framework.scala:321)
[info]   at org.scalatest.tools.Framework$ScalaTestTask.execute(Framework.scala:517)
[info]   at sbt.ForkMain$Run.lambda$runTest$1(ForkMain.java:414)
[info]   at java.base/java.util.concurrent.FutureTask.run(FutureTask.java:317)
[info]   at java.base/java.util.concurrent.ThreadPoolExecutor.runWorker(ThreadPoolExecutor.java:1144)
[info]   at java.base/java.util.concurrent.ThreadPoolExecutor$Worker.run(ThreadPoolExecutor.java:642)
[info]   at java.base/java.lang.Thread.run(Thread.java:1583)
[info]   Cause: java.lang.ClassCastException: Cannot cast scala.reflect.ClassTag$GenericClassTag to org.apache.spark.sql.catalyst.expressions.Expression
[info]   at java.base/java.lang.Class.cast(Class.java:4067)
[info]   at java.base/jdk.internal.reflect.DirectConstructorHandleAccessor.newInstance(DirectConstructorHandleAccessor.java:62)
[info]   at java.base/java.lang.reflect.Constructor.newInstanceWithCaller(Constructor.java:502)
[info]   at java.base/java.lang.reflect.Constructor.newInstance(Constructor.java:486)
[info]   at frameless.TypedExpressionEncoder$.$anonfun$apply$3(TypedExpressionEncoder.scala:55)
[info]   at scala.Option.map(Option.scala:242)
[info]   at frameless.TypedExpressionEncoder$.apply(TypedExpressionEncoder.scala:54)
[info]   at frameless.TypedDataset$.create(TypedDataset.scala:1325)
[info]   at frameless.functions.NonAggregateFunctionsTests.prop$45(NonAggregateFunctionsTests.scala:1360)
[info]   at frameless.functions.NonAggregateFunctionsTests.$anonfun$new$886(NonAggregateFunctionsTests.scala:1364)
[info]   at scala.Function1.$anonfun$andThen$1(Function1.scala:87)
[info]   at org.scalacheck.Prop$.$anonfun$forAllShrink$2(Prop.scala:868)
[info]   at org.scalacheck.Prop$.secure(Prop.scala:484)
[info]   at org.scalacheck.Prop$.result$1(Prop.scala:868)
[info]   at org.scalacheck.Prop$.$anonfun$forAllShrink$1(Prop.scala:915)
[info]   at org.scalacheck.Prop$.$anonfun$apply$1(Prop.scala:305)
[info]   at org.scalacheck.PropFromFun.apply(Prop.scala:20)
[info]   at org.scalacheck.Test$.workerFun$1(Test.scala:486)
[info]   at org.scalacheck.Test$.$anonfun$check$4(Test.scala:518)
[info]   at org.scalacheck.Test$.$anonfun$check$4$adapted(Test.scala:518)
[info]   at org.scalacheck.Platform$.runWorkers(Platform.scala:42)
[info]   at org.scalacheck.Test$.check(Test.scala:518)
[info]   at org.scalatestplus.scalacheck.UnitCheckerAsserting$CheckerAssertingImpl.check(CheckerAsserting.scala:90)
[info]   at org.scalatestplus.scalacheck.Checkers.check(Checkers.scala:371)
[info]   at org.scalatestplus.scalacheck.Checkers.check$(Checkers.scala:369)
[info]   at frameless.TypedDatasetSuite.check(TypedDatasetSuite.scala:63)
[info]   at frameless.functions.NonAggregateFunctionsTests.$anonfun$new$878(NonAggregateFunctionsTests.scala:1364)
[info]   at org.scalatest.OutcomeOf.outcomeOf(OutcomeOf.scala:85)
[info]   at org.scalatest.OutcomeOf.outcomeOf$(OutcomeOf.scala:83)
[info]   at org.scalatest.OutcomeOf$.outcomeOf(OutcomeOf.scala:104)
[info]   at org.scalatest.Transformer.apply(Transformer.scala:22)
[info]   at org.scalatest.Transformer.apply(Transformer.scala:20)
[info]   at org.scalatest.funsuite.AnyFunSuiteLike$$anon$1.apply(AnyFunSuiteLike.scala:226)
[info]   at org.scalatest.TestSuite.withFixture(TestSuite.scala:196)
[info]   at org.scalatest.TestSuite.withFixture$(TestSuite.scala:195)
[info]   at org.scalatest.funsuite.AnyFunSuite.withFixture(AnyFunSuite.scala:1564)
[info]   at org.scalatest.funsuite.AnyFunSuiteLike.invokeWithFixture$1(AnyFunSuiteLike.scala:224)
[info]   at org.scalatest.funsuite.AnyFunSuiteLike.$anonfun$runTest$1(AnyFunSuiteLike.scala:236)
[info]   at org.scalatest.SuperEngine.runTestImpl(Engine.scala:306)
[info]   at org.scalatest.funsuite.AnyFunSuiteLike.runTest(AnyFunSuiteLike.scala:236)
[info]   at org.scalatest.funsuite.AnyFunSuiteLike.runTest$(AnyFunSuiteLike.scala:218)
[info]   at org.scalatest.funsuite.AnyFunSuite.runTest(AnyFunSuite.scala:1564)
[info]   at org.scalatest.funsuite.AnyFunSuiteLike.$anonfun$runTests$1(AnyFunSuiteLike.scala:269)
[info]   at org.scalatest.SuperEngine.$anonfun$runTestsInBranch$1(Engine.scala:413)
[info]   at scala.collection.immutable.List.foreach(List.scala:334)
[info]   at org.scalatest.SuperEngine.traverseSubNodes$1(Engine.scala:401)
[info]   at org.scalatest.SuperEngine.runTestsInBranch(Engine.scala:396)
[info]   at org.scalatest.SuperEngine.runTestsImpl(Engine.scala:475)
[info]   at org.scalatest.funsuite.AnyFunSuiteLike.runTests(AnyFunSuiteLike.scala:269)
[info]   at org.scalatest.funsuite.AnyFunSuiteLike.runTests$(AnyFunSuiteLike.scala:268)
[info]   at org.scalatest.funsuite.AnyFunSuite.runTests(AnyFunSuite.scala:1564)
[info]   at org.scalatest.Suite.run(Suite.scala:1114)
[info]   at org.scalatest.Suite.run$(Suite.scala:1096)
[info]   at org.scalatest.funsuite.AnyFunSuite.org$scalatest$funsuite$AnyFunSuiteLike$$super$run(AnyFunSuite.scala:1564)
[info]   at org.scalatest.funsuite.AnyFunSuiteLike.$anonfun$run$1(AnyFunSuiteLike.scala:273)
[info]   at org.scalatest.SuperEngine.runImpl(Engine.scala:535)
[info]   at org.scalatest.funsuite.AnyFunSuiteLike.run(AnyFunSuiteLike.scala:273)
[info]   at org.scalatest.funsuite.AnyFunSuiteLike.run$(AnyFunSuiteLike.scala:272)
[info]   at frameless.TypedDatasetSuite.org$scalatest$BeforeAndAfterAll$$super$run(TypedDatasetSuite.scala:63)
[info]   at org.scalatest.BeforeAndAfterAll.liftedTree1$1(BeforeAndAfterAll.scala:213)
[info]   at org.scalatest.BeforeAndAfterAll.run(BeforeAndAfterAll.scala:210)
[info]   at org.scalatest.BeforeAndAfterAll.run$(BeforeAndAfterAll.scala:208)
[info]   at frameless.TypedDatasetSuite.run(TypedDatasetSuite.scala:63)
[info]   at org.scalatest.tools.Framework.org$scalatest$tools$Framework$$runSuite(Framework.scala:321)
[info]   at org.scalatest.tools.Framework$ScalaTestTask.execute(Framework.scala:517)
[info]   at sbt.ForkMain$Run.lambda$runTest$1(ForkMain.java:414)
[info]   at java.base/java.util.concurrent.FutureTask.run(FutureTask.java:317)
[info]   at java.base/java.util.concurrent.ThreadPoolExecutor.runWorker(ThreadPoolExecutor.java:1144)
[info]   at java.base/java.util.concurrent.ThreadPoolExecutor$Worker.run(ThreadPoolExecutor.java:642)
[info]   at java.base/java.lang.Thread.run(Thread.java:1583)
[info] - log10 *** FAILED *** (3 milliseconds)
[info]   IllegalArgumentException was thrown during property evaluation.
[info]     Message: argument type mismatch
[info]     Occurred when passed generated values (
[info]       arg0 = List()
[info]     )
[info]   org.scalatest.exceptions.GeneratorDrivenPropertyCheckFailedException:
[info]   at org.scalatestplus.scalacheck.CheckerAsserting$$anon$2.indicateFailure(CheckerAsserting.scala:251)
[info]   at org.scalatestplus.scalacheck.CheckerAsserting$$anon$2.indicateFailure(CheckerAsserting.scala:238)
[info]   at org.scalatestplus.scalacheck.UnitCheckerAsserting$CheckerAssertingImpl.check(CheckerAsserting.scala:160)
[info]   at org.scalatestplus.scalacheck.Checkers.check(Checkers.scala:371)
[info]   at org.scalatestplus.scalacheck.Checkers.check$(Checkers.scala:369)
[info]   at frameless.TypedDatasetSuite.check(TypedDatasetSuite.scala:63)
[info]   at frameless.functions.NonAggregateFunctionsTests.$anonfun$new$896(NonAggregateFunctionsTests.scala:1381)
[info]   at org.scalatest.OutcomeOf.outcomeOf(OutcomeOf.scala:85)
[info]   at org.scalatest.OutcomeOf.outcomeOf$(OutcomeOf.scala:83)
[info]   at org.scalatest.OutcomeOf$.outcomeOf(OutcomeOf.scala:104)
[info]   at org.scalatest.Transformer.apply(Transformer.scala:22)
[info]   at org.scalatest.Transformer.apply(Transformer.scala:20)
[info]   at org.scalatest.funsuite.AnyFunSuiteLike$$anon$1.apply(AnyFunSuiteLike.scala:226)
[info]   at org.scalatest.TestSuite.withFixture(TestSuite.scala:196)
[info]   at org.scalatest.TestSuite.withFixture$(TestSuite.scala:195)
[info]   at org.scalatest.funsuite.AnyFunSuite.withFixture(AnyFunSuite.scala:1564)
[info]   at org.scalatest.funsuite.AnyFunSuiteLike.invokeWithFixture$1(AnyFunSuiteLike.scala:224)
[info]   at org.scalatest.funsuite.AnyFunSuiteLike.$anonfun$runTest$1(AnyFunSuiteLike.scala:236)
[info]   at org.scalatest.SuperEngine.runTestImpl(Engine.scala:306)
[info]   at org.scalatest.funsuite.AnyFunSuiteLike.runTest(AnyFunSuiteLike.scala:236)
[info]   at org.scalatest.funsuite.AnyFunSuiteLike.runTest$(AnyFunSuiteLike.scala:218)
[info]   at org.scalatest.funsuite.AnyFunSuite.runTest(AnyFunSuite.scala:1564)
[info]   at org.scalatest.funsuite.AnyFunSuiteLike.$anonfun$runTests$1(AnyFunSuiteLike.scala:269)
[info]   at org.scalatest.SuperEngine.$anonfun$runTestsInBranch$1(Engine.scala:413)
[info]   at scala.collection.immutable.List.foreach(List.scala:334)
[info]   at org.scalatest.SuperEngine.traverseSubNodes$1(Engine.scala:401)
[info]   at org.scalatest.SuperEngine.runTestsInBranch(Engine.scala:396)
[info]   at org.scalatest.SuperEngine.runTestsImpl(Engine.scala:475)
[info]   at org.scalatest.funsuite.AnyFunSuiteLike.runTests(AnyFunSuiteLike.scala:269)
[info]   at org.scalatest.funsuite.AnyFunSuiteLike.runTests$(AnyFunSuiteLike.scala:268)
[info]   at org.scalatest.funsuite.AnyFunSuite.runTests(AnyFunSuite.scala:1564)
[info]   at org.scalatest.Suite.run(Suite.scala:1114)
[info]   at org.scalatest.Suite.run$(Suite.scala:1096)
[info]   at org.scalatest.funsuite.AnyFunSuite.org$scalatest$funsuite$AnyFunSuiteLike$$super$run(AnyFunSuite.scala:1564)
[info]   at org.scalatest.funsuite.AnyFunSuiteLike.$anonfun$run$1(AnyFunSuiteLike.scala:273)
[info]   at org.scalatest.SuperEngine.runImpl(Engine.scala:535)
[info]   at org.scalatest.funsuite.AnyFunSuiteLike.run(AnyFunSuiteLike.scala:273)
[info]   at org.scalatest.funsuite.AnyFunSuiteLike.run$(AnyFunSuiteLike.scala:272)
[info]   at frameless.TypedDatasetSuite.org$scalatest$BeforeAndAfterAll$$super$run(TypedDatasetSuite.scala:63)
[info]   at org.scalatest.BeforeAndAfterAll.liftedTree1$1(BeforeAndAfterAll.scala:213)
[info]   at org.scalatest.BeforeAndAfterAll.run(BeforeAndAfterAll.scala:210)
[info]   at org.scalatest.BeforeAndAfterAll.run$(BeforeAndAfterAll.scala:208)
[info]   at frameless.TypedDatasetSuite.run(TypedDatasetSuite.scala:63)
[info]   at org.scalatest.tools.Framework.org$scalatest$tools$Framework$$runSuite(Framework.scala:321)
[info]   at org.scalatest.tools.Framework$ScalaTestTask.execute(Framework.scala:517)
[info]   at sbt.ForkMain$Run.lambda$runTest$1(ForkMain.java:414)
[info]   at java.base/java.util.concurrent.FutureTask.run(FutureTask.java:317)
[info]   at java.base/java.util.concurrent.ThreadPoolExecutor.runWorker(ThreadPoolExecutor.java:1144)
[info]   at java.base/java.util.concurrent.ThreadPoolExecutor$Worker.run(ThreadPoolExecutor.java:642)
[info]   at java.base/java.lang.Thread.run(Thread.java:1583)
[info]   Cause: java.lang.IllegalArgumentException: argument type mismatch
[info]   at java.base/jdk.internal.reflect.DirectConstructorHandleAccessor.newInstance(DirectConstructorHandleAccessor.java:65)
[info]   at java.base/java.lang.reflect.Constructor.newInstanceWithCaller(Constructor.java:502)
[info]   at java.base/java.lang.reflect.Constructor.newInstance(Constructor.java:486)
[info]   at frameless.TypedExpressionEncoder$.$anonfun$apply$3(TypedExpressionEncoder.scala:55)
[info]   at scala.Option.map(Option.scala:242)
[info]   at frameless.TypedExpressionEncoder$.apply(TypedExpressionEncoder.scala:54)
[info]   at frameless.TypedDataset$.create(TypedDataset.scala:1325)
[info]   at frameless.functions.NonAggregateFunctionsTests.prop$46(NonAggregateFunctionsTests.scala:1377)
[info]   at frameless.functions.NonAggregateFunctionsTests.$anonfun$new$904(NonAggregateFunctionsTests.scala:1381)
[info]   at scala.Function1.$anonfun$andThen$1(Function1.scala:87)
[info]   at org.scalacheck.Prop$.$anonfun$forAllShrink$2(Prop.scala:868)
[info]   at org.scalacheck.Prop$.secure(Prop.scala:484)
[info]   at org.scalacheck.Prop$.result$1(Prop.scala:868)
[info]   at org.scalacheck.Prop$.$anonfun$forAllShrink$1(Prop.scala:915)
[info]   at org.scalacheck.Prop$.$anonfun$apply$1(Prop.scala:305)
[info]   at org.scalacheck.PropFromFun.apply(Prop.scala:20)
[info]   at org.scalacheck.Test$.workerFun$1(Test.scala:486)
[info]   at org.scalacheck.Test$.$anonfun$check$4(Test.scala:518)
[info]   at org.scalacheck.Test$.$anonfun$check$4$adapted(Test.scala:518)
[info]   at org.scalacheck.Platform$.runWorkers(Platform.scala:42)
[info]   at org.scalacheck.Test$.check(Test.scala:518)
[info]   at org.scalatestplus.scalacheck.UnitCheckerAsserting$CheckerAssertingImpl.check(CheckerAsserting.scala:90)
[info]   at org.scalatestplus.scalacheck.Checkers.check(Checkers.scala:371)
[info]   at org.scalatestplus.scalacheck.Checkers.check$(Checkers.scala:369)
[info]   at frameless.TypedDatasetSuite.check(TypedDatasetSuite.scala:63)
[info]   at frameless.functions.NonAggregateFunctionsTests.$anonfun$new$896(NonAggregateFunctionsTests.scala:1381)
[info]   at org.scalatest.OutcomeOf.outcomeOf(OutcomeOf.scala:85)
[info]   at org.scalatest.OutcomeOf.outcomeOf$(OutcomeOf.scala:83)
[info]   at org.scalatest.OutcomeOf$.outcomeOf(OutcomeOf.scala:104)
[info]   at org.scalatest.Transformer.apply(Transformer.scala:22)
[info]   at org.scalatest.Transformer.apply(Transformer.scala:20)
[info]   at org.scalatest.funsuite.AnyFunSuiteLike$$anon$1.apply(AnyFunSuiteLike.scala:226)
[info]   at org.scalatest.TestSuite.withFixture(TestSuite.scala:196)
[info]   at org.scalatest.TestSuite.withFixture$(TestSuite.scala:195)
[info]   at org.scalatest.funsuite.AnyFunSuite.withFixture(AnyFunSuite.scala:1564)
[info]   at org.scalatest.funsuite.AnyFunSuiteLike.invokeWithFixture$1(AnyFunSuiteLike.scala:224)
[info]   at org.scalatest.funsuite.AnyFunSuiteLike.$anonfun$runTest$1(AnyFunSuiteLike.scala:236)
[info]   at org.scalatest.SuperEngine.runTestImpl(Engine.scala:306)
[info]   at org.scalatest.funsuite.AnyFunSuiteLike.runTest(AnyFunSuiteLike.scala:236)
[info]   at org.scalatest.funsuite.AnyFunSuiteLike.runTest$(AnyFunSuiteLike.scala:218)
[info]   at org.scalatest.funsuite.AnyFunSuite.runTest(AnyFunSuite.scala:1564)
[info]   at org.scalatest.funsuite.AnyFunSuiteLike.$anonfun$runTests$1(AnyFunSuiteLike.scala:269)
[info]   at org.scalatest.SuperEngine.$anonfun$runTestsInBranch$1(Engine.scala:413)
[info]   at scala.collection.immutable.List.foreach(List.scala:334)
[info]   at org.scalatest.SuperEngine.traverseSubNodes$1(Engine.scala:401)
[info]   at org.scalatest.SuperEngine.runTestsInBranch(Engine.scala:396)
[info]   at org.scalatest.SuperEngine.runTestsImpl(Engine.scala:475)
[info]   at org.scalatest.funsuite.AnyFunSuiteLike.runTests(AnyFunSuiteLike.scala:269)
[info]   at org.scalatest.funsuite.AnyFunSuiteLike.runTests$(AnyFunSuiteLike.scala:268)
[info]   at org.scalatest.funsuite.AnyFunSuite.runTests(AnyFunSuite.scala:1564)
[info]   at org.scalatest.Suite.run(Suite.scala:1114)
[info]   at org.scalatest.Suite.run$(Suite.scala:1096)
[info]   at org.scalatest.funsuite.AnyFunSuite.org$scalatest$funsuite$AnyFunSuiteLike$$super$run(AnyFunSuite.scala:1564)
[info]   at org.scalatest.funsuite.AnyFunSuiteLike.$anonfun$run$1(AnyFunSuiteLike.scala:273)
[info]   at org.scalatest.SuperEngine.runImpl(Engine.scala:535)
[info]   at org.scalatest.funsuite.AnyFunSuiteLike.run(AnyFunSuiteLike.scala:273)
[info]   at org.scalatest.funsuite.AnyFunSuiteLike.run$(AnyFunSuiteLike.scala:272)
[info]   at frameless.TypedDatasetSuite.org$scalatest$BeforeAndAfterAll$$super$run(TypedDatasetSuite.scala:63)
[info]   at org.scalatest.BeforeAndAfterAll.liftedTree1$1(BeforeAndAfterAll.scala:213)
[info]   at org.scalatest.BeforeAndAfterAll.run(BeforeAndAfterAll.scala:210)
[info]   at org.scalatest.BeforeAndAfterAll.run$(BeforeAndAfterAll.scala:208)
[info]   at frameless.TypedDatasetSuite.run(TypedDatasetSuite.scala:63)
[info]   at org.scalatest.tools.Framework.org$scalatest$tools$Framework$$runSuite(Framework.scala:321)
[info]   at org.scalatest.tools.Framework$ScalaTestTask.execute(Framework.scala:517)
[info]   at sbt.ForkMain$Run.lambda$runTest$1(ForkMain.java:414)
[info]   at java.base/java.util.concurrent.FutureTask.run(FutureTask.java:317)
[info]   at java.base/java.util.concurrent.ThreadPoolExecutor.runWorker(ThreadPoolExecutor.java:1144)
[info]   at java.base/java.util.concurrent.ThreadPoolExecutor$Worker.run(ThreadPoolExecutor.java:642)
[info]   at java.base/java.lang.Thread.run(Thread.java:1583)
[info]   Cause: java.lang.ClassCastException: Cannot cast scala.reflect.ClassTag$GenericClassTag to org.apache.spark.sql.catalyst.expressions.Expression
[info]   at java.base/java.lang.Class.cast(Class.java:4067)
[info]   at java.base/jdk.internal.reflect.DirectConstructorHandleAccessor.newInstance(DirectConstructorHandleAccessor.java:62)
[info]   at java.base/java.lang.reflect.Constructor.newInstanceWithCaller(Constructor.java:502)
[info]   at java.base/java.lang.reflect.Constructor.newInstance(Constructor.java:486)
[info]   at frameless.TypedExpressionEncoder$.$anonfun$apply$3(TypedExpressionEncoder.scala:55)
[info]   at scala.Option.map(Option.scala:242)
[info]   at frameless.TypedExpressionEncoder$.apply(TypedExpressionEncoder.scala:54)
[info]   at frameless.TypedDataset$.create(TypedDataset.scala:1325)
[info]   at frameless.functions.NonAggregateFunctionsTests.prop$46(NonAggregateFunctionsTests.scala:1377)
[info]   at frameless.functions.NonAggregateFunctionsTests.$anonfun$new$904(NonAggregateFunctionsTests.scala:1381)
[info]   at scala.Function1.$anonfun$andThen$1(Function1.scala:87)
[info]   at org.scalacheck.Prop$.$anonfun$forAllShrink$2(Prop.scala:868)
[info]   at org.scalacheck.Prop$.secure(Prop.scala:484)
[info]   at org.scalacheck.Prop$.result$1(Prop.scala:868)
[info]   at org.scalacheck.Prop$.$anonfun$forAllShrink$1(Prop.scala:915)
[info]   at org.scalacheck.Prop$.$anonfun$apply$1(Prop.scala:305)
[info]   at org.scalacheck.PropFromFun.apply(Prop.scala:20)
[info]   at org.scalacheck.Test$.workerFun$1(Test.scala:486)
[info]   at org.scalacheck.Test$.$anonfun$check$4(Test.scala:518)
[info]   at org.scalacheck.Test$.$anonfun$check$4$adapted(Test.scala:518)
[info]   at org.scalacheck.Platform$.runWorkers(Platform.scala:42)
[info]   at org.scalacheck.Test$.check(Test.scala:518)
[info]   at org.scalatestplus.scalacheck.UnitCheckerAsserting$CheckerAssertingImpl.check(CheckerAsserting.scala:90)
[info]   at org.scalatestplus.scalacheck.Checkers.check(Checkers.scala:371)
[info]   at org.scalatestplus.scalacheck.Checkers.check$(Checkers.scala:369)
[info]   at frameless.TypedDatasetSuite.check(TypedDatasetSuite.scala:63)
[info]   at frameless.functions.NonAggregateFunctionsTests.$anonfun$new$896(NonAggregateFunctionsTests.scala:1381)
[info]   at org.scalatest.OutcomeOf.outcomeOf(OutcomeOf.scala:85)
[info]   at org.scalatest.OutcomeOf.outcomeOf$(OutcomeOf.scala:83)
[info]   at org.scalatest.OutcomeOf$.outcomeOf(OutcomeOf.scala:104)
[info]   at org.scalatest.Transformer.apply(Transformer.scala:22)
[info]   at org.scalatest.Transformer.apply(Transformer.scala:20)
[info]   at org.scalatest.funsuite.AnyFunSuiteLike$$anon$1.apply(AnyFunSuiteLike.scala:226)
[info]   at org.scalatest.TestSuite.withFixture(TestSuite.scala:196)
[info]   at org.scalatest.TestSuite.withFixture$(TestSuite.scala:195)
[info]   at org.scalatest.funsuite.AnyFunSuite.withFixture(AnyFunSuite.scala:1564)
[info]   at org.scalatest.funsuite.AnyFunSuiteLike.invokeWithFixture$1(AnyFunSuiteLike.scala:224)
[info]   at org.scalatest.funsuite.AnyFunSuiteLike.$anonfun$runTest$1(AnyFunSuiteLike.scala:236)
[info]   at org.scalatest.SuperEngine.runTestImpl(Engine.scala:306)
[info]   at org.scalatest.funsuite.AnyFunSuiteLike.runTest(AnyFunSuiteLike.scala:236)
[info]   at org.scalatest.funsuite.AnyFunSuiteLike.runTest$(AnyFunSuiteLike.scala:218)
[info]   at org.scalatest.funsuite.AnyFunSuite.runTest(AnyFunSuite.scala:1564)
[info]   at org.scalatest.funsuite.AnyFunSuiteLike.$anonfun$runTests$1(AnyFunSuiteLike.scala:269)
[info]   at org.scalatest.SuperEngine.$anonfun$runTestsInBranch$1(Engine.scala:413)
[info]   at scala.collection.immutable.List.foreach(List.scala:334)
[info]   at org.scalatest.SuperEngine.traverseSubNodes$1(Engine.scala:401)
[info]   at org.scalatest.SuperEngine.runTestsInBranch(Engine.scala:396)
[info]   at org.scalatest.SuperEngine.runTestsImpl(Engine.scala:475)
[info]   at org.scalatest.funsuite.AnyFunSuiteLike.runTests(AnyFunSuiteLike.scala:269)
[info]   at org.scalatest.funsuite.AnyFunSuiteLike.runTests$(AnyFunSuiteLike.scala:268)
[info]   at org.scalatest.funsuite.AnyFunSuite.runTests(AnyFunSuite.scala:1564)
[info]   at org.scalatest.Suite.run(Suite.scala:1114)
[info]   at org.scalatest.Suite.run$(Suite.scala:1096)
[info]   at org.scalatest.funsuite.AnyFunSuite.org$scalatest$funsuite$AnyFunSuiteLike$$super$run(AnyFunSuite.scala:1564)
[info]   at org.scalatest.funsuite.AnyFunSuiteLike.$anonfun$run$1(AnyFunSuiteLike.scala:273)
[info]   at org.scalatest.SuperEngine.runImpl(Engine.scala:535)
[info]   at org.scalatest.funsuite.AnyFunSuiteLike.run(AnyFunSuiteLike.scala:273)
[info]   at org.scalatest.funsuite.AnyFunSuiteLike.run$(AnyFunSuiteLike.scala:272)
[info]   at frameless.TypedDatasetSuite.org$scalatest$BeforeAndAfterAll$$super$run(TypedDatasetSuite.scala:63)
[info]   at org.scalatest.BeforeAndAfterAll.liftedTree1$1(BeforeAndAfterAll.scala:213)
[info]   at org.scalatest.BeforeAndAfterAll.run(BeforeAndAfterAll.scala:210)
[info]   at org.scalatest.BeforeAndAfterAll.run$(BeforeAndAfterAll.scala:208)
[info]   at frameless.TypedDatasetSuite.run(TypedDatasetSuite.scala:63)
[info]   at org.scalatest.tools.Framework.org$scalatest$tools$Framework$$runSuite(Framework.scala:321)
[info]   at org.scalatest.tools.Framework$ScalaTestTask.execute(Framework.scala:517)
[info]   at sbt.ForkMain$Run.lambda$runTest$1(ForkMain.java:414)
[info]   at java.base/java.util.concurrent.FutureTask.run(FutureTask.java:317)
[info]   at java.base/java.util.concurrent.ThreadPoolExecutor.runWorker(ThreadPoolExecutor.java:1144)
[info]   at java.base/java.util.concurrent.ThreadPoolExecutor$Worker.run(ThreadPoolExecutor.java:642)
[info]   at java.base/java.lang.Thread.run(Thread.java:1583)
[info] - base64 *** FAILED *** (32 milliseconds)
[info]   IllegalArgumentException was thrown during property evaluation.
[info]     Message: argument type mismatch
[info]     Occurred when passed generated values (
[info]       arg0 = List()
[info]     )
[info]   org.scalatest.exceptions.GeneratorDrivenPropertyCheckFailedException:
[info]   at org.scalatestplus.scalacheck.CheckerAsserting$$anon$2.indicateFailure(CheckerAsserting.scala:251)
[info]   at org.scalatestplus.scalacheck.CheckerAsserting$$anon$2.indicateFailure(CheckerAsserting.scala:238)
[info]   at org.scalatestplus.scalacheck.UnitCheckerAsserting$CheckerAssertingImpl.check(CheckerAsserting.scala:160)
[info]   at org.scalatestplus.scalacheck.Checkers.check(Checkers.scala:371)
[info]   at org.scalatestplus.scalacheck.Checkers.check$(Checkers.scala:369)
[info]   at frameless.TypedDatasetSuite.check(TypedDatasetSuite.scala:63)
[info]   at frameless.functions.NonAggregateFunctionsTests.$anonfun$new$914(NonAggregateFunctionsTests.scala:1415)
[info]   at org.scalatest.OutcomeOf.outcomeOf(OutcomeOf.scala:85)
[info]   at org.scalatest.OutcomeOf.outcomeOf$(OutcomeOf.scala:83)
[info]   at org.scalatest.OutcomeOf$.outcomeOf(OutcomeOf.scala:104)
[info]   at org.scalatest.Transformer.apply(Transformer.scala:22)
[info]   at org.scalatest.Transformer.apply(Transformer.scala:20)
[info]   at org.scalatest.funsuite.AnyFunSuiteLike$$anon$1.apply(AnyFunSuiteLike.scala:226)
[info]   at org.scalatest.TestSuite.withFixture(TestSuite.scala:196)
[info]   at org.scalatest.TestSuite.withFixture$(TestSuite.scala:195)
[info]   at org.scalatest.funsuite.AnyFunSuite.withFixture(AnyFunSuite.scala:1564)
[info]   at org.scalatest.funsuite.AnyFunSuiteLike.invokeWithFixture$1(AnyFunSuiteLike.scala:224)
[info]   at org.scalatest.funsuite.AnyFunSuiteLike.$anonfun$runTest$1(AnyFunSuiteLike.scala:236)
[info]   at org.scalatest.SuperEngine.runTestImpl(Engine.scala:306)
[info]   at org.scalatest.funsuite.AnyFunSuiteLike.runTest(AnyFunSuiteLike.scala:236)
[info]   at org.scalatest.funsuite.AnyFunSuiteLike.runTest$(AnyFunSuiteLike.scala:218)
[info]   at org.scalatest.funsuite.AnyFunSuite.runTest(AnyFunSuite.scala:1564)
[info]   at org.scalatest.funsuite.AnyFunSuiteLike.$anonfun$runTests$1(AnyFunSuiteLike.scala:269)
[info]   at org.scalatest.SuperEngine.$anonfun$runTestsInBranch$1(Engine.scala:413)
[info]   at scala.collection.immutable.List.foreach(List.scala:334)
[info]   at org.scalatest.SuperEngine.traverseSubNodes$1(Engine.scala:401)
[info]   at org.scalatest.SuperEngine.runTestsInBranch(Engine.scala:396)
[info]   at org.scalatest.SuperEngine.runTestsImpl(Engine.scala:475)
[info]   at org.scalatest.funsuite.AnyFunSuiteLike.runTests(AnyFunSuiteLike.scala:269)
[info]   at org.scalatest.funsuite.AnyFunSuiteLike.runTests$(AnyFunSuiteLike.scala:268)
[info]   at org.scalatest.funsuite.AnyFunSuite.runTests(AnyFunSuite.scala:1564)
[info]   at org.scalatest.Suite.run(Suite.scala:1114)
[info]   at org.scalatest.Suite.run$(Suite.scala:1096)
[info]   at org.scalatest.funsuite.AnyFunSuite.org$scalatest$funsuite$AnyFunSuiteLike$$super$run(AnyFunSuite.scala:1564)
[info]   at org.scalatest.funsuite.AnyFunSuiteLike.$anonfun$run$1(AnyFunSuiteLike.scala:273)
[info]   at org.scalatest.SuperEngine.runImpl(Engine.scala:535)
[info]   at org.scalatest.funsuite.AnyFunSuiteLike.run(AnyFunSuiteLike.scala:273)
[info]   at org.scalatest.funsuite.AnyFunSuiteLike.run$(AnyFunSuiteLike.scala:272)
[info]   at frameless.TypedDatasetSuite.org$scalatest$BeforeAndAfterAll$$super$run(TypedDatasetSuite.scala:63)
[info]   at org.scalatest.BeforeAndAfterAll.liftedTree1$1(BeforeAndAfterAll.scala:213)
[info]   at org.scalatest.BeforeAndAfterAll.run(BeforeAndAfterAll.scala:210)
[info]   at org.scalatest.BeforeAndAfterAll.run$(BeforeAndAfterAll.scala:208)
[info]   at frameless.TypedDatasetSuite.run(TypedDatasetSuite.scala:63)
[info]   at org.scalatest.tools.Framework.org$scalatest$tools$Framework$$runSuite(Framework.scala:321)
[info]   at org.scalatest.tools.Framework$ScalaTestTask.execute(Framework.scala:517)
[info]   at sbt.ForkMain$Run.lambda$runTest$1(ForkMain.java:414)
[info]   at java.base/java.util.concurrent.FutureTask.run(FutureTask.java:317)
[info]   at java.base/java.util.concurrent.ThreadPoolExecutor.runWorker(ThreadPoolExecutor.java:1144)
[info]   at java.base/java.util.concurrent.ThreadPoolExecutor$Worker.run(ThreadPoolExecutor.java:642)
[info]   at java.base/java.lang.Thread.run(Thread.java:1583)
[info]   Cause: java.lang.IllegalArgumentException: argument type mismatch
[info]   at java.base/jdk.internal.reflect.DirectConstructorHandleAccessor.newInstance(DirectConstructorHandleAccessor.java:65)
[info]   at java.base/java.lang.reflect.Constructor.newInstanceWithCaller(Constructor.java:502)
[info]   at java.base/java.lang.reflect.Constructor.newInstance(Constructor.java:486)
[info]   at frameless.TypedExpressionEncoder$.$anonfun$apply$3(TypedExpressionEncoder.scala:55)
[info]   at scala.Option.map(Option.scala:242)
[info]   at frameless.TypedExpressionEncoder$.apply(TypedExpressionEncoder.scala:54)
[info]   at frameless.TypedDataset$.create(TypedDataset.scala:1325)
[info]   at frameless.functions.NonAggregateFunctionsTests.prop$47(NonAggregateFunctionsTests.scala:1399)
[info]   at frameless.functions.NonAggregateFunctionsTests.$anonfun$new$931(NonAggregateFunctionsTests.scala:1415)
[info]   at scala.Function1.$anonfun$andThen$1(Function1.scala:87)
[info]   at org.scalacheck.Prop$.$anonfun$forAllShrink$2(Prop.scala:868)
[info]   at org.scalacheck.Prop$.secure(Prop.scala:484)
[info]   at org.scalacheck.Prop$.result$1(Prop.scala:868)
[info]   at org.scalacheck.Prop$.$anonfun$forAllShrink$1(Prop.scala:915)
[info]   at org.scalacheck.Prop$.$anonfun$apply$1(Prop.scala:305)
[info]   at org.scalacheck.PropFromFun.apply(Prop.scala:20)
[info]   at org.scalacheck.Test$.workerFun$1(Test.scala:486)
[info]   at org.scalacheck.Test$.$anonfun$check$4(Test.scala:518)
[info]   at org.scalacheck.Test$.$anonfun$check$4$adapted(Test.scala:518)
[info]   at org.scalacheck.Platform$.runWorkers(Platform.scala:42)
[info]   at org.scalacheck.Test$.check(Test.scala:518)
[info]   at org.scalatestplus.scalacheck.UnitCheckerAsserting$CheckerAssertingImpl.check(CheckerAsserting.scala:90)
[info]   at org.scalatestplus.scalacheck.Checkers.check(Checkers.scala:371)
[info]   at org.scalatestplus.scalacheck.Checkers.check$(Checkers.scala:369)
[info]   at frameless.TypedDatasetSuite.check(TypedDatasetSuite.scala:63)
[info]   at frameless.functions.NonAggregateFunctionsTests.$anonfun$new$914(NonAggregateFunctionsTests.scala:1415)
[info]   at org.scalatest.OutcomeOf.outcomeOf(OutcomeOf.scala:85)
[info]   at org.scalatest.OutcomeOf.outcomeOf$(OutcomeOf.scala:83)
[info]   at org.scalatest.OutcomeOf$.outcomeOf(OutcomeOf.scala:104)
[info]   at org.scalatest.Transformer.apply(Transformer.scala:22)
[info]   at org.scalatest.Transformer.apply(Transformer.scala:20)
[info]   at org.scalatest.funsuite.AnyFunSuiteLike$$anon$1.apply(AnyFunSuiteLike.scala:226)
[info]   at org.scalatest.TestSuite.withFixture(TestSuite.scala:196)
[info]   at org.scalatest.TestSuite.withFixture$(TestSuite.scala:195)
[info]   at org.scalatest.funsuite.AnyFunSuite.withFixture(AnyFunSuite.scala:1564)
[info]   at org.scalatest.funsuite.AnyFunSuiteLike.invokeWithFixture$1(AnyFunSuiteLike.scala:224)
[info]   at org.scalatest.funsuite.AnyFunSuiteLike.$anonfun$runTest$1(AnyFunSuiteLike.scala:236)
[info]   at org.scalatest.SuperEngine.runTestImpl(Engine.scala:306)
[info]   at org.scalatest.funsuite.AnyFunSuiteLike.runTest(AnyFunSuiteLike.scala:236)
[info]   at org.scalatest.funsuite.AnyFunSuiteLike.runTest$(AnyFunSuiteLike.scala:218)
[info]   at org.scalatest.funsuite.AnyFunSuite.runTest(AnyFunSuite.scala:1564)
[info]   at org.scalatest.funsuite.AnyFunSuiteLike.$anonfun$runTests$1(AnyFunSuiteLike.scala:269)
[info]   at org.scalatest.SuperEngine.$anonfun$runTestsInBranch$1(Engine.scala:413)
[info]   at scala.collection.immutable.List.foreach(List.scala:334)
[info]   at org.scalatest.SuperEngine.traverseSubNodes$1(Engine.scala:401)
[info]   at org.scalatest.SuperEngine.runTestsInBranch(Engine.scala:396)
[info]   at org.scalatest.SuperEngine.runTestsImpl(Engine.scala:475)
[info]   at org.scalatest.funsuite.AnyFunSuiteLike.runTests(AnyFunSuiteLike.scala:269)
[info]   at org.scalatest.funsuite.AnyFunSuiteLike.runTests$(AnyFunSuiteLike.scala:268)
[info]   at org.scalatest.funsuite.AnyFunSuite.runTests(AnyFunSuite.scala:1564)
[info]   at org.scalatest.Suite.run(Suite.scala:1114)
[info]   at org.scalatest.Suite.run$(Suite.scala:1096)
[info]   at org.scalatest.funsuite.AnyFunSuite.org$scalatest$funsuite$AnyFunSuiteLike$$super$run(AnyFunSuite.scala:1564)
[info]   at org.scalatest.funsuite.AnyFunSuiteLike.$anonfun$run$1(AnyFunSuiteLike.scala:273)
[info]   at org.scalatest.SuperEngine.runImpl(Engine.scala:535)
[info]   at org.scalatest.funsuite.AnyFunSuiteLike.run(AnyFunSuiteLike.scala:273)
[info]   at org.scalatest.funsuite.AnyFunSuiteLike.run$(AnyFunSuiteLike.scala:272)
[info]   at frameless.TypedDatasetSuite.org$scalatest$BeforeAndAfterAll$$super$run(TypedDatasetSuite.scala:63)
[info]   at org.scalatest.BeforeAndAfterAll.liftedTree1$1(BeforeAndAfterAll.scala:213)
[info]   at org.scalatest.BeforeAndAfterAll.run(BeforeAndAfterAll.scala:210)
[info]   at org.scalatest.BeforeAndAfterAll.run$(BeforeAndAfterAll.scala:208)
[info]   at frameless.TypedDatasetSuite.run(TypedDatasetSuite.scala:63)
[info]   at org.scalatest.tools.Framework.org$scalatest$tools$Framework$$runSuite(Framework.scala:321)
[info]   at org.scalatest.tools.Framework$ScalaTestTask.execute(Framework.scala:517)
[info]   at sbt.ForkMain$Run.lambda$runTest$1(ForkMain.java:414)
[info]   at java.base/java.util.concurrent.FutureTask.run(FutureTask.java:317)
[info]   at java.base/java.util.concurrent.ThreadPoolExecutor.runWorker(ThreadPoolExecutor.java:1144)
[info]   at java.base/java.util.concurrent.ThreadPoolExecutor$Worker.run(ThreadPoolExecutor.java:642)
[info]   at java.base/java.lang.Thread.run(Thread.java:1583)
[info]   Cause: java.lang.ClassCastException: Cannot cast scala.reflect.ClassTag$GenericClassTag to org.apache.spark.sql.catalyst.expressions.Expression
[info]   at java.base/java.lang.Class.cast(Class.java:4067)
[info]   at java.base/jdk.internal.reflect.DirectConstructorHandleAccessor.newInstance(DirectConstructorHandleAccessor.java:62)
[info]   at java.base/java.lang.reflect.Constructor.newInstanceWithCaller(Constructor.java:502)
[info]   at java.base/java.lang.reflect.Constructor.newInstance(Constructor.java:486)
[info]   at frameless.TypedExpressionEncoder$.$anonfun$apply$3(TypedExpressionEncoder.scala:55)
[info]   at scala.Option.map(Option.scala:242)
[info]   at frameless.TypedExpressionEncoder$.apply(TypedExpressionEncoder.scala:54)
[info]   at frameless.TypedDataset$.create(TypedDataset.scala:1325)
[info]   at frameless.functions.NonAggregateFunctionsTests.prop$47(NonAggregateFunctionsTests.scala:1399)
[info]   at frameless.functions.NonAggregateFunctionsTests.$anonfun$new$931(NonAggregateFunctionsTests.scala:1415)
[info]   at scala.Function1.$anonfun$andThen$1(Function1.scala:87)
[info]   at org.scalacheck.Prop$.$anonfun$forAllShrink$2(Prop.scala:868)
[info]   at org.scalacheck.Prop$.secure(Prop.scala:484)
[info]   at org.scalacheck.Prop$.result$1(Prop.scala:868)
[info]   at org.scalacheck.Prop$.$anonfun$forAllShrink$1(Prop.scala:915)
[info]   at org.scalacheck.Prop$.$anonfun$apply$1(Prop.scala:305)
[info]   at org.scalacheck.PropFromFun.apply(Prop.scala:20)
[info]   at org.scalacheck.Test$.workerFun$1(Test.scala:486)
[info]   at org.scalacheck.Test$.$anonfun$check$4(Test.scala:518)
[info]   at org.scalacheck.Test$.$anonfun$check$4$adapted(Test.scala:518)
[info]   at org.scalacheck.Platform$.runWorkers(Platform.scala:42)
[info]   at org.scalacheck.Test$.check(Test.scala:518)
[info]   at org.scalatestplus.scalacheck.UnitCheckerAsserting$CheckerAssertingImpl.check(CheckerAsserting.scala:90)
[info]   at org.scalatestplus.scalacheck.Checkers.check(Checkers.scala:371)
[info]   at org.scalatestplus.scalacheck.Checkers.check$(Checkers.scala:369)
[info]   at frameless.TypedDatasetSuite.check(TypedDatasetSuite.scala:63)
[info]   at frameless.functions.NonAggregateFunctionsTests.$anonfun$new$914(NonAggregateFunctionsTests.scala:1415)
[info]   at org.scalatest.OutcomeOf.outcomeOf(OutcomeOf.scala:85)
[info]   at org.scalatest.OutcomeOf.outcomeOf$(OutcomeOf.scala:83)
[info]   at org.scalatest.OutcomeOf$.outcomeOf(OutcomeOf.scala:104)
[info]   at org.scalatest.Transformer.apply(Transformer.scala:22)
[info]   at org.scalatest.Transformer.apply(Transformer.scala:20)
[info]   at org.scalatest.funsuite.AnyFunSuiteLike$$anon$1.apply(AnyFunSuiteLike.scala:226)
[info]   at org.scalatest.TestSuite.withFixture(TestSuite.scala:196)
[info]   at org.scalatest.TestSuite.withFixture$(TestSuite.scala:195)
[info]   at org.scalatest.funsuite.AnyFunSuite.withFixture(AnyFunSuite.scala:1564)
[info]   at org.scalatest.funsuite.AnyFunSuiteLike.invokeWithFixture$1(AnyFunSuiteLike.scala:224)
[info]   at org.scalatest.funsuite.AnyFunSuiteLike.$anonfun$runTest$1(AnyFunSuiteLike.scala:236)
[info]   at org.scalatest.SuperEngine.runTestImpl(Engine.scala:306)
[info]   at org.scalatest.funsuite.AnyFunSuiteLike.runTest(AnyFunSuiteLike.scala:236)
[info]   at org.scalatest.funsuite.AnyFunSuiteLike.runTest$(AnyFunSuiteLike.scala:218)
[info]   at org.scalatest.funsuite.AnyFunSuite.runTest(AnyFunSuite.scala:1564)
[info]   at org.scalatest.funsuite.AnyFunSuiteLike.$anonfun$runTests$1(AnyFunSuiteLike.scala:269)
[info]   at org.scalatest.SuperEngine.$anonfun$runTestsInBranch$1(Engine.scala:413)
[info]   at scala.collection.immutable.List.foreach(List.scala:334)
[info]   at org.scalatest.SuperEngine.traverseSubNodes$1(Engine.scala:401)
[info]   at org.scalatest.SuperEngine.runTestsInBranch(Engine.scala:396)
[info]   at org.scalatest.SuperEngine.runTestsImpl(Engine.scala:475)
[info]   at org.scalatest.funsuite.AnyFunSuiteLike.runTests(AnyFunSuiteLike.scala:269)
[info]   at org.scalatest.funsuite.AnyFunSuiteLike.runTests$(AnyFunSuiteLike.scala:268)
[info]   at org.scalatest.funsuite.AnyFunSuite.runTests(AnyFunSuite.scala:1564)
[info]   at org.scalatest.Suite.run(Suite.scala:1114)
[info]   at org.scalatest.Suite.run$(Suite.scala:1096)
[info]   at org.scalatest.funsuite.AnyFunSuite.org$scalatest$funsuite$AnyFunSuiteLike$$super$run(AnyFunSuite.scala:1564)
[info]   at org.scalatest.funsuite.AnyFunSuiteLike.$anonfun$run$1(AnyFunSuiteLike.scala:273)
[info]   at org.scalatest.SuperEngine.runImpl(Engine.scala:535)
[info]   at org.scalatest.funsuite.AnyFunSuiteLike.run(AnyFunSuiteLike.scala:273)
[info]   at org.scalatest.funsuite.AnyFunSuiteLike.run$(AnyFunSuiteLike.scala:272)
[info]   at frameless.TypedDatasetSuite.org$scalatest$BeforeAndAfterAll$$super$run(TypedDatasetSuite.scala:63)
[info]   at org.scalatest.BeforeAndAfterAll.liftedTree1$1(BeforeAndAfterAll.scala:213)
[info]   at org.scalatest.BeforeAndAfterAll.run(BeforeAndAfterAll.scala:210)
[info]   at org.scalatest.BeforeAndAfterAll.run$(BeforeAndAfterAll.scala:208)
[info]   at frameless.TypedDatasetSuite.run(TypedDatasetSuite.scala:63)
[info]   at org.scalatest.tools.Framework.org$scalatest$tools$Framework$$runSuite(Framework.scala:321)
[info]   at org.scalatest.tools.Framework$ScalaTestTask.execute(Framework.scala:517)
[info]   at sbt.ForkMain$Run.lambda$runTest$1(ForkMain.java:414)
[info]   at java.base/java.util.concurrent.FutureTask.run(FutureTask.java:317)
[info]   at java.base/java.util.concurrent.ThreadPoolExecutor.runWorker(ThreadPoolExecutor.java:1144)
[info]   at java.base/java.util.concurrent.ThreadPoolExecutor$Worker.run(ThreadPoolExecutor.java:642)
[info]   at java.base/java.lang.Thread.run(Thread.java:1583)
[info] - hypot with double *** FAILED *** (6 milliseconds)
[info]   IllegalArgumentException was thrown during property evaluation.
[info]     Message: argument type mismatch
[info]     Occurred when passed generated values (
[info]       arg0 = List(),
[info]       arg1 = 0.0 // 27 shrinks
[info]     )
[info]   org.scalatest.exceptions.GeneratorDrivenPropertyCheckFailedException:
[info]   at org.scalatestplus.scalacheck.CheckerAsserting$$anon$2.indicateFailure(CheckerAsserting.scala:251)
[info]   at org.scalatestplus.scalacheck.CheckerAsserting$$anon$2.indicateFailure(CheckerAsserting.scala:238)
[info]   at org.scalatestplus.scalacheck.UnitCheckerAsserting$CheckerAssertingImpl.check(CheckerAsserting.scala:160)
[info]   at org.scalatestplus.scalacheck.Checkers.check(Checkers.scala:371)
[info]   at org.scalatestplus.scalacheck.Checkers.check$(Checkers.scala:369)
[info]   at frameless.TypedDatasetSuite.check(TypedDatasetSuite.scala:63)
[info]   at frameless.functions.NonAggregateFunctionsTests.$anonfun$new$934(NonAggregateFunctionsTests.scala:1455)
[info]   at org.scalatest.OutcomeOf.outcomeOf(OutcomeOf.scala:85)
[info]   at org.scalatest.OutcomeOf.outcomeOf$(OutcomeOf.scala:83)
[info]   at org.scalatest.OutcomeOf$.outcomeOf(OutcomeOf.scala:104)
[info]   at org.scalatest.Transformer.apply(Transformer.scala:22)
[info]   at org.scalatest.Transformer.apply(Transformer.scala:20)
[info]   at org.scalatest.funsuite.AnyFunSuiteLike$$anon$1.apply(AnyFunSuiteLike.scala:226)
[info]   at org.scalatest.TestSuite.withFixture(TestSuite.scala:196)
[info]   at org.scalatest.TestSuite.withFixture$(TestSuite.scala:195)
[info]   at org.scalatest.funsuite.AnyFunSuite.withFixture(AnyFunSuite.scala:1564)
[info]   at org.scalatest.funsuite.AnyFunSuiteLike.invokeWithFixture$1(AnyFunSuiteLike.scala:224)
[info]   at org.scalatest.funsuite.AnyFunSuiteLike.$anonfun$runTest$1(AnyFunSuiteLike.scala:236)
[info]   at org.scalatest.SuperEngine.runTestImpl(Engine.scala:306)
[info]   at org.scalatest.funsuite.AnyFunSuiteLike.runTest(AnyFunSuiteLike.scala:236)
[info]   at org.scalatest.funsuite.AnyFunSuiteLike.runTest$(AnyFunSuiteLike.scala:218)
[info]   at org.scalatest.funsuite.AnyFunSuite.runTest(AnyFunSuite.scala:1564)
[info]   at org.scalatest.funsuite.AnyFunSuiteLike.$anonfun$runTests$1(AnyFunSuiteLike.scala:269)
[info]   at org.scalatest.SuperEngine.$anonfun$runTestsInBranch$1(Engine.scala:413)
[info]   at scala.collection.immutable.List.foreach(List.scala:334)
[info]   at org.scalatest.SuperEngine.traverseSubNodes$1(Engine.scala:401)
[info]   at org.scalatest.SuperEngine.runTestsInBranch(Engine.scala:396)
[info]   at org.scalatest.SuperEngine.runTestsImpl(Engine.scala:475)
[info]   at org.scalatest.funsuite.AnyFunSuiteLike.runTests(AnyFunSuiteLike.scala:269)
[info]   at org.scalatest.funsuite.AnyFunSuiteLike.runTests$(AnyFunSuiteLike.scala:268)
[info]   at org.scalatest.funsuite.AnyFunSuite.runTests(AnyFunSuite.scala:1564)
[info]   at org.scalatest.Suite.run(Suite.scala:1114)
[info]   at org.scalatest.Suite.run$(Suite.scala:1096)
[info]   at org.scalatest.funsuite.AnyFunSuite.org$scalatest$funsuite$AnyFunSuiteLike$$super$run(AnyFunSuite.scala:1564)
[info]   at org.scalatest.funsuite.AnyFunSuiteLike.$anonfun$run$1(AnyFunSuiteLike.scala:273)
[info]   at org.scalatest.SuperEngine.runImpl(Engine.scala:535)
[info]   at org.scalatest.funsuite.AnyFunSuiteLike.run(AnyFunSuiteLike.scala:273)
[info]   at org.scalatest.funsuite.AnyFunSuiteLike.run$(AnyFunSuiteLike.scala:272)
[info]   at frameless.TypedDatasetSuite.org$scalatest$BeforeAndAfterAll$$super$run(TypedDatasetSuite.scala:63)
[info]   at org.scalatest.BeforeAndAfterAll.liftedTree1$1(BeforeAndAfterAll.scala:213)
[info]   at org.scalatest.BeforeAndAfterAll.run(BeforeAndAfterAll.scala:210)
[info]   at org.scalatest.BeforeAndAfterAll.run$(BeforeAndAfterAll.scala:208)
[info]   at frameless.TypedDatasetSuite.run(TypedDatasetSuite.scala:63)
[info]   at org.scalatest.tools.Framework.org$scalatest$tools$Framework$$runSuite(Framework.scala:321)
[info]   at org.scalatest.tools.Framework$ScalaTestTask.execute(Framework.scala:517)
[info]   at sbt.ForkMain$Run.lambda$runTest$1(ForkMain.java:414)
[info]   at java.base/java.util.concurrent.FutureTask.run(FutureTask.java:317)
[info]   at java.base/java.util.concurrent.ThreadPoolExecutor.runWorker(ThreadPoolExecutor.java:1144)
[info]   at java.base/java.util.concurrent.ThreadPoolExecutor$Worker.run(ThreadPoolExecutor.java:642)
[info]   at java.base/java.lang.Thread.run(Thread.java:1583)
[info]   Cause: java.lang.IllegalArgumentException: argument type mismatch
[info]   at java.base/jdk.internal.reflect.DirectConstructorHandleAccessor.newInstance(DirectConstructorHandleAccessor.java:65)
[info]   at java.base/java.lang.reflect.Constructor.newInstanceWithCaller(Constructor.java:502)
[info]   at java.base/java.lang.reflect.Constructor.newInstance(Constructor.java:486)
[info]   at frameless.TypedExpressionEncoder$.$anonfun$apply$3(TypedExpressionEncoder.scala:55)
[info]   at scala.Option.map(Option.scala:242)
[info]   at frameless.TypedExpressionEncoder$.apply(TypedExpressionEncoder.scala:54)
[info]   at frameless.TypedDataset$.create(TypedDataset.scala:1325)
[info]   at frameless.functions.NonAggregateFunctionsTests.prop$48(NonAggregateFunctionsTests.scala:1428)
[info]   at frameless.functions.NonAggregateFunctionsTests.$anonfun$new$949(NonAggregateFunctionsTests.scala:1455)
[info]   at frameless.functions.NonAggregateFunctionsTests.$anonfun$new$949$adapted(NonAggregateFunctionsTests.scala:1455)
[info]   at org.scalacheck.Prop$.$anonfun$forAll$18(Prop.scala:1131)
[info]   at scala.Function1.$anonfun$andThen$1(Function1.scala:87)
[info]   at org.scalacheck.Prop$.$anonfun$forAllShrink$2(Prop.scala:868)
[info]   at org.scalacheck.Prop$.secure(Prop.scala:484)
[info]   at org.scalacheck.Prop$.result$1(Prop.scala:868)
[info]   at org.scalacheck.Prop$.$anonfun$forAllShrink$4(Prop.scala:880)
[info]   at scala.collection.immutable.Stream.map(Stream.scala:173)
[info]   at org.scalacheck.Prop$.getFirstFailure$1(Prop.scala:880)
[info]   at org.scalacheck.Prop$.shrinker$1(Prop.scala:895)
[info]   at org.scalacheck.Prop$.$anonfun$forAllShrink$1(Prop.scala:916)
[info]   at org.scalacheck.Prop$.$anonfun$apply$1(Prop.scala:305)
[info]   at org.scalacheck.PropFromFun.apply(Prop.scala:20)
[info]   at org.scalacheck.Prop$.result$1(Prop.scala:869)
[info]   at org.scalacheck.Prop$.$anonfun$forAllShrink$1(Prop.scala:915)
[info]   at org.scalacheck.Prop$.$anonfun$apply$1(Prop.scala:305)
[info]   at org.scalacheck.PropFromFun.apply(Prop.scala:20)
[info]   at org.scalacheck.Test$.workerFun$1(Test.scala:486)
[info]   at org.scalacheck.Test$.$anonfun$check$4(Test.scala:518)
[info]   at org.scalacheck.Test$.$anonfun$check$4$adapted(Test.scala:518)
[info]   at org.scalacheck.Platform$.runWorkers(Platform.scala:42)
[info]   at org.scalacheck.Test$.check(Test.scala:518)
[info]   at org.scalatestplus.scalacheck.UnitCheckerAsserting$CheckerAssertingImpl.check(CheckerAsserting.scala:90)
[info]   at org.scalatestplus.scalacheck.Checkers.check(Checkers.scala:371)
[info]   at org.scalatestplus.scalacheck.Checkers.check$(Checkers.scala:369)
[info]   at frameless.TypedDatasetSuite.check(TypedDatasetSuite.scala:63)
[info]   at frameless.functions.NonAggregateFunctionsTests.$anonfun$new$934(NonAggregateFunctionsTests.scala:1455)
[info]   at org.scalatest.OutcomeOf.outcomeOf(OutcomeOf.scala:85)
[info]   at org.scalatest.OutcomeOf.outcomeOf$(OutcomeOf.scala:83)
[info]   at org.scalatest.OutcomeOf$.outcomeOf(OutcomeOf.scala:104)
[info]   at org.scalatest.Transformer.apply(Transformer.scala:22)
[info]   at org.scalatest.Transformer.apply(Transformer.scala:20)
[info]   at org.scalatest.funsuite.AnyFunSuiteLike$$anon$1.apply(AnyFunSuiteLike.scala:226)
[info]   at org.scalatest.TestSuite.withFixture(TestSuite.scala:196)
[info]   at org.scalatest.TestSuite.withFixture$(TestSuite.scala:195)
[info]   at org.scalatest.funsuite.AnyFunSuite.withFixture(AnyFunSuite.scala:1564)
[info]   at org.scalatest.funsuite.AnyFunSuiteLike.invokeWithFixture$1(AnyFunSuiteLike.scala:224)
[info]   at org.scalatest.funsuite.AnyFunSuiteLike.$anonfun$runTest$1(AnyFunSuiteLike.scala:236)
[info]   at org.scalatest.SuperEngine.runTestImpl(Engine.scala:306)
[info]   at org.scalatest.funsuite.AnyFunSuiteLike.runTest(AnyFunSuiteLike.scala:236)
[info]   at org.scalatest.funsuite.AnyFunSuiteLike.runTest$(AnyFunSuiteLike.scala:218)
[info]   at org.scalatest.funsuite.AnyFunSuite.runTest(AnyFunSuite.scala:1564)
[info]   at org.scalatest.funsuite.AnyFunSuiteLike.$anonfun$runTests$1(AnyFunSuiteLike.scala:269)
[info]   at org.scalatest.SuperEngine.$anonfun$runTestsInBranch$1(Engine.scala:413)
[info]   at scala.collection.immutable.List.foreach(List.scala:334)
[info]   at org.scalatest.SuperEngine.traverseSubNodes$1(Engine.scala:401)
[info]   at org.scalatest.SuperEngine.runTestsInBranch(Engine.scala:396)
[info]   at org.scalatest.SuperEngine.runTestsImpl(Engine.scala:475)
[info]   at org.scalatest.funsuite.AnyFunSuiteLike.runTests(AnyFunSuiteLike.scala:269)
[info]   at org.scalatest.funsuite.AnyFunSuiteLike.runTests$(AnyFunSuiteLike.scala:268)
[info]   at org.scalatest.funsuite.AnyFunSuite.runTests(AnyFunSuite.scala:1564)
[info]   at org.scalatest.Suite.run(Suite.scala:1114)
[info]   at org.scalatest.Suite.run$(Suite.scala:1096)
[info]   at org.scalatest.funsuite.AnyFunSuite.org$scalatest$funsuite$AnyFunSuiteLike$$super$run(AnyFunSuite.scala:1564)
[info]   at org.scalatest.funsuite.AnyFunSuiteLike.$anonfun$run$1(AnyFunSuiteLike.scala:273)
[info]   at org.scalatest.SuperEngine.runImpl(Engine.scala:535)
[info]   at org.scalatest.funsuite.AnyFunSuiteLike.run(AnyFunSuiteLike.scala:273)
[info]   at org.scalatest.funsuite.AnyFunSuiteLike.run$(AnyFunSuiteLike.scala:272)
[info]   at frameless.TypedDatasetSuite.org$scalatest$BeforeAndAfterAll$$super$run(TypedDatasetSuite.scala:63)
[info]   at org.scalatest.BeforeAndAfterAll.liftedTree1$1(BeforeAndAfterAll.scala:213)
[info]   at org.scalatest.BeforeAndAfterAll.run(BeforeAndAfterAll.scala:210)
[info]   at org.scalatest.BeforeAndAfterAll.run$(BeforeAndAfterAll.scala:208)
[info]   at frameless.TypedDatasetSuite.run(TypedDatasetSuite.scala:63)
[info]   at org.scalatest.tools.Framework.org$scalatest$tools$Framework$$runSuite(Framework.scala:321)
[info]   at org.scalatest.tools.Framework$ScalaTestTask.execute(Framework.scala:517)
[info]   at sbt.ForkMain$Run.lambda$runTest$1(ForkMain.java:414)
[info]   at java.base/java.util.concurrent.FutureTask.run(FutureTask.java:317)
[info]   at java.base/java.util.concurrent.ThreadPoolExecutor.runWorker(ThreadPoolExecutor.java:1144)
[info]   at java.base/java.util.concurrent.ThreadPoolExecutor$Worker.run(ThreadPoolExecutor.java:642)
[info]   at java.base/java.lang.Thread.run(Thread.java:1583)
[info]   Cause: java.lang.ClassCastException: Cannot cast scala.reflect.ClassTag$GenericClassTag to org.apache.spark.sql.catalyst.expressions.Expression
[info]   at java.base/java.lang.Class.cast(Class.java:4067)
[info]   at java.base/jdk.internal.reflect.DirectConstructorHandleAccessor.newInstance(DirectConstructorHandleAccessor.java:62)
[info]   at java.base/java.lang.reflect.Constructor.newInstanceWithCaller(Constructor.java:502)
[info]   at java.base/java.lang.reflect.Constructor.newInstance(Constructor.java:486)
[info]   at frameless.TypedExpressionEncoder$.$anonfun$apply$3(TypedExpressionEncoder.scala:55)
[info]   at scala.Option.map(Option.scala:242)
[info]   at frameless.TypedExpressionEncoder$.apply(TypedExpressionEncoder.scala:54)
[info]   at frameless.TypedDataset$.create(TypedDataset.scala:1325)
[info]   at frameless.functions.NonAggregateFunctionsTests.prop$48(NonAggregateFunctionsTests.scala:1428)
[info]   at frameless.functions.NonAggregateFunctionsTests.$anonfun$new$949(NonAggregateFunctionsTests.scala:1455)
[info]   at frameless.functions.NonAggregateFunctionsTests.$anonfun$new$949$adapted(NonAggregateFunctionsTests.scala:1455)
[info]   at org.scalacheck.Prop$.$anonfun$forAll$18(Prop.scala:1131)
[info]   at scala.Function1.$anonfun$andThen$1(Function1.scala:87)
[info]   at org.scalacheck.Prop$.$anonfun$forAllShrink$2(Prop.scala:868)
[info]   at org.scalacheck.Prop$.secure(Prop.scala:484)
[info]   at org.scalacheck.Prop$.result$1(Prop.scala:868)
[info]   at org.scalacheck.Prop$.$anonfun$forAllShrink$4(Prop.scala:880)
[info]   at scala.collection.immutable.Stream.map(Stream.scala:173)
[info]   at org.scalacheck.Prop$.getFirstFailure$1(Prop.scala:880)
[info]   at org.scalacheck.Prop$.shrinker$1(Prop.scala:895)
[info]   at org.scalacheck.Prop$.$anonfun$forAllShrink$1(Prop.scala:916)
[info]   at org.scalacheck.Prop$.$anonfun$apply$1(Prop.scala:305)
[info]   at org.scalacheck.PropFromFun.apply(Prop.scala:20)
[info]   at org.scalacheck.Prop$.result$1(Prop.scala:869)
[info]   at org.scalacheck.Prop$.$anonfun$forAllShrink$1(Prop.scala:915)
[info]   at org.scalacheck.Prop$.$anonfun$apply$1(Prop.scala:305)
[info]   at org.scalacheck.PropFromFun.apply(Prop.scala:20)
[info]   at org.scalacheck.Test$.workerFun$1(Test.scala:486)
[info]   at org.scalacheck.Test$.$anonfun$check$4(Test.scala:518)
[info]   at org.scalacheck.Test$.$anonfun$check$4$adapted(Test.scala:518)
[info]   at org.scalacheck.Platform$.runWorkers(Platform.scala:42)
[info]   at org.scalacheck.Test$.check(Test.scala:518)
[info]   at org.scalatestplus.scalacheck.UnitCheckerAsserting$CheckerAssertingImpl.check(CheckerAsserting.scala:90)
[info]   at org.scalatestplus.scalacheck.Checkers.check(Checkers.scala:371)
[info]   at org.scalatestplus.scalacheck.Checkers.check$(Checkers.scala:369)
[info]   at frameless.TypedDatasetSuite.check(TypedDatasetSuite.scala:63)
[info]   at frameless.functions.NonAggregateFunctionsTests.$anonfun$new$934(NonAggregateFunctionsTests.scala:1455)
[info]   at org.scalatest.OutcomeOf.outcomeOf(OutcomeOf.scala:85)
[info]   at org.scalatest.OutcomeOf.outcomeOf$(OutcomeOf.scala:83)
[info]   at org.scalatest.OutcomeOf$.outcomeOf(OutcomeOf.scala:104)
[info]   at org.scalatest.Transformer.apply(Transformer.scala:22)
[info]   at org.scalatest.Transformer.apply(Transformer.scala:20)
[info]   at org.scalatest.funsuite.AnyFunSuiteLike$$anon$1.apply(AnyFunSuiteLike.scala:226)
[info]   at org.scalatest.TestSuite.withFixture(TestSuite.scala:196)
[info]   at org.scalatest.TestSuite.withFixture$(TestSuite.scala:195)
[info]   at org.scalatest.funsuite.AnyFunSuite.withFixture(AnyFunSuite.scala:1564)
[info]   at org.scalatest.funsuite.AnyFunSuiteLike.invokeWithFixture$1(AnyFunSuiteLike.scala:224)
[info]   at org.scalatest.funsuite.AnyFunSuiteLike.$anonfun$runTest$1(AnyFunSuiteLike.scala:236)
[info]   at org.scalatest.SuperEngine.runTestImpl(Engine.scala:306)
[info]   at org.scalatest.funsuite.AnyFunSuiteLike.runTest(AnyFunSuiteLike.scala:236)
[info]   at org.scalatest.funsuite.AnyFunSuiteLike.runTest$(AnyFunSuiteLike.scala:218)
[info]   at org.scalatest.funsuite.AnyFunSuite.runTest(AnyFunSuite.scala:1564)
[info]   at org.scalatest.funsuite.AnyFunSuiteLike.$anonfun$runTests$1(AnyFunSuiteLike.scala:269)
[info]   at org.scalatest.SuperEngine.$anonfun$runTestsInBranch$1(Engine.scala:413)
[info]   at scala.collection.immutable.List.foreach(List.scala:334)
[info]   at org.scalatest.SuperEngine.traverseSubNodes$1(Engine.scala:401)
[info]   at org.scalatest.SuperEngine.runTestsInBranch(Engine.scala:396)
[info]   at org.scalatest.SuperEngine.runTestsImpl(Engine.scala:475)
[info]   at org.scalatest.funsuite.AnyFunSuiteLike.runTests(AnyFunSuiteLike.scala:269)
[info]   at org.scalatest.funsuite.AnyFunSuiteLike.runTests$(AnyFunSuiteLike.scala:268)
[info]   at org.scalatest.funsuite.AnyFunSuite.runTests(AnyFunSuite.scala:1564)
[info]   at org.scalatest.Suite.run(Suite.scala:1114)
[info]   at org.scalatest.Suite.run$(Suite.scala:1096)
[info]   at org.scalatest.funsuite.AnyFunSuite.org$scalatest$funsuite$AnyFunSuiteLike$$super$run(AnyFunSuite.scala:1564)
[info]   at org.scalatest.funsuite.AnyFunSuiteLike.$anonfun$run$1(AnyFunSuiteLike.scala:273)
[info]   at org.scalatest.SuperEngine.runImpl(Engine.scala:535)
[info]   at org.scalatest.funsuite.AnyFunSuiteLike.run(AnyFunSuiteLike.scala:273)
[info]   at org.scalatest.funsuite.AnyFunSuiteLike.run$(AnyFunSuiteLike.scala:272)
[info]   at frameless.TypedDatasetSuite.org$scalatest$BeforeAndAfterAll$$super$run(TypedDatasetSuite.scala:63)
[info]   at org.scalatest.BeforeAndAfterAll.liftedTree1$1(BeforeAndAfterAll.scala:213)
[info]   at org.scalatest.BeforeAndAfterAll.run(BeforeAndAfterAll.scala:210)
[info]   at org.scalatest.BeforeAndAfterAll.run$(BeforeAndAfterAll.scala:208)
[info]   at frameless.TypedDatasetSuite.run(TypedDatasetSuite.scala:63)
[info]   at org.scalatest.tools.Framework.org$scalatest$tools$Framework$$runSuite(Framework.scala:321)
[info]   at org.scalatest.tools.Framework$ScalaTestTask.execute(Framework.scala:517)
[info]   at sbt.ForkMain$Run.lambda$runTest$1(ForkMain.java:414)
[info]   at java.base/java.util.concurrent.FutureTask.run(FutureTask.java:317)
[info]   at java.base/java.util.concurrent.ThreadPoolExecutor.runWorker(ThreadPoolExecutor.java:1144)
[info]   at java.base/java.util.concurrent.ThreadPoolExecutor$Worker.run(ThreadPoolExecutor.java:642)
[info]   at java.base/java.lang.Thread.run(Thread.java:1583)
[info] - hypot with two columns *** FAILED *** (2 milliseconds)
[info]   IllegalArgumentException was thrown during property evaluation.
[info]     Message: argument type mismatch
[info]     Occurred when passed generated values (
[info]       arg0 = List()
[info]     )
[info]   org.scalatest.exceptions.GeneratorDrivenPropertyCheckFailedException:
[info]   at org.scalatestplus.scalacheck.CheckerAsserting$$anon$2.indicateFailure(CheckerAsserting.scala:251)
[info]   at org.scalatestplus.scalacheck.CheckerAsserting$$anon$2.indicateFailure(CheckerAsserting.scala:238)
[info]   at org.scalatestplus.scalacheck.UnitCheckerAsserting$CheckerAssertingImpl.check(CheckerAsserting.scala:160)
[info]   at org.scalatestplus.scalacheck.Checkers.check(Checkers.scala:371)
[info]   at org.scalatestplus.scalacheck.Checkers.check$(Checkers.scala:369)
[info]   at frameless.TypedDatasetSuite.check(TypedDatasetSuite.scala:63)
[info]   at frameless.functions.NonAggregateFunctionsTests.$anonfun$new$964(NonAggregateFunctionsTests.scala:1490)
[info]   at org.scalatest.OutcomeOf.outcomeOf(OutcomeOf.scala:85)
[info]   at org.scalatest.OutcomeOf.outcomeOf$(OutcomeOf.scala:83)
[info]   at org.scalatest.OutcomeOf$.outcomeOf(OutcomeOf.scala:104)
[info]   at org.scalatest.Transformer.apply(Transformer.scala:22)
[info]   at org.scalatest.Transformer.apply(Transformer.scala:20)
[info]   at org.scalatest.funsuite.AnyFunSuiteLike$$anon$1.apply(AnyFunSuiteLike.scala:226)
[info]   at org.scalatest.TestSuite.withFixture(TestSuite.scala:196)
[info]   at org.scalatest.TestSuite.withFixture$(TestSuite.scala:195)
[info]   at org.scalatest.funsuite.AnyFunSuite.withFixture(AnyFunSuite.scala:1564)
[info]   at org.scalatest.funsuite.AnyFunSuiteLike.invokeWithFixture$1(AnyFunSuiteLike.scala:224)
[info]   at org.scalatest.funsuite.AnyFunSuiteLike.$anonfun$runTest$1(AnyFunSuiteLike.scala:236)
[info]   at org.scalatest.SuperEngine.runTestImpl(Engine.scala:306)
[info]   at org.scalatest.funsuite.AnyFunSuiteLike.runTest(AnyFunSuiteLike.scala:236)
[info]   at org.scalatest.funsuite.AnyFunSuiteLike.runTest$(AnyFunSuiteLike.scala:218)
[info]   at org.scalatest.funsuite.AnyFunSuite.runTest(AnyFunSuite.scala:1564)
[info]   at org.scalatest.funsuite.AnyFunSuiteLike.$anonfun$runTests$1(AnyFunSuiteLike.scala:269)
[info]   at org.scalatest.SuperEngine.$anonfun$runTestsInBranch$1(Engine.scala:413)
[info]   at scala.collection.immutable.List.foreach(List.scala:334)
[info]   at org.scalatest.SuperEngine.traverseSubNodes$1(Engine.scala:401)
[info]   at org.scalatest.SuperEngine.runTestsInBranch(Engine.scala:396)
[info]   at org.scalatest.SuperEngine.runTestsImpl(Engine.scala:475)
[info]   at org.scalatest.funsuite.AnyFunSuiteLike.runTests(AnyFunSuiteLike.scala:269)
[info]   at org.scalatest.funsuite.AnyFunSuiteLike.runTests$(AnyFunSuiteLike.scala:268)
[info]   at org.scalatest.funsuite.AnyFunSuite.runTests(AnyFunSuite.scala:1564)
[info]   at org.scalatest.Suite.run(Suite.scala:1114)
[info]   at org.scalatest.Suite.run$(Suite.scala:1096)
[info]   at org.scalatest.funsuite.AnyFunSuite.org$scalatest$funsuite$AnyFunSuiteLike$$super$run(AnyFunSuite.scala:1564)
[info]   at org.scalatest.funsuite.AnyFunSuiteLike.$anonfun$run$1(AnyFunSuiteLike.scala:273)
[info]   at org.scalatest.SuperEngine.runImpl(Engine.scala:535)
[info]   at org.scalatest.funsuite.AnyFunSuiteLike.run(AnyFunSuiteLike.scala:273)
[info]   at org.scalatest.funsuite.AnyFunSuiteLike.run$(AnyFunSuiteLike.scala:272)
[info]   at frameless.TypedDatasetSuite.org$scalatest$BeforeAndAfterAll$$super$run(TypedDatasetSuite.scala:63)
[info]   at org.scalatest.BeforeAndAfterAll.liftedTree1$1(BeforeAndAfterAll.scala:213)
[info]   at org.scalatest.BeforeAndAfterAll.run(BeforeAndAfterAll.scala:210)
[info]   at org.scalatest.BeforeAndAfterAll.run$(BeforeAndAfterAll.scala:208)
[info]   at frameless.TypedDatasetSuite.run(TypedDatasetSuite.scala:63)
[info]   at org.scalatest.tools.Framework.org$scalatest$tools$Framework$$runSuite(Framework.scala:321)
[info]   at org.scalatest.tools.Framework$ScalaTestTask.execute(Framework.scala:517)
[info]   at sbt.ForkMain$Run.lambda$runTest$1(ForkMain.java:414)
[info]   at java.base/java.util.concurrent.FutureTask.run(FutureTask.java:317)
[info]   at java.base/java.util.concurrent.ThreadPoolExecutor.runWorker(ThreadPoolExecutor.java:1144)
[info]   at java.base/java.util.concurrent.ThreadPoolExecutor$Worker.run(ThreadPoolExecutor.java:642)
[info]   at java.base/java.lang.Thread.run(Thread.java:1583)
[info]   Cause: java.lang.IllegalArgumentException: argument type mismatch
[info]   at java.base/jdk.internal.reflect.DirectConstructorHandleAccessor.newInstance(DirectConstructorHandleAccessor.java:65)
[info]   at java.base/java.lang.reflect.Constructor.newInstanceWithCaller(Constructor.java:502)
[info]   at java.base/java.lang.reflect.Constructor.newInstance(Constructor.java:486)
[info]   at frameless.TypedExpressionEncoder$.$anonfun$apply$3(TypedExpressionEncoder.scala:55)
[info]   at scala.Option.map(Option.scala:242)
[info]   at frameless.TypedExpressionEncoder$.apply(TypedExpressionEncoder.scala:54)
[info]   at frameless.TypedDataset$.create(TypedDataset.scala:1325)
[info]   at frameless.functions.NonAggregateFunctionsTests.prop$49(NonAggregateFunctionsTests.scala:1471)
[info]   at frameless.functions.NonAggregateFunctionsTests.$anonfun$new$976(NonAggregateFunctionsTests.scala:1490)
[info]   at scala.Function1.$anonfun$andThen$1(Function1.scala:87)
[info]   at org.scalacheck.Prop$.$anonfun$forAllShrink$2(Prop.scala:868)
[info]   at org.scalacheck.Prop$.secure(Prop.scala:484)
[info]   at org.scalacheck.Prop$.result$1(Prop.scala:868)
[info]   at org.scalacheck.Prop$.$anonfun$forAllShrink$1(Prop.scala:915)
[info]   at org.scalacheck.Prop$.$anonfun$apply$1(Prop.scala:305)
[info]   at org.scalacheck.PropFromFun.apply(Prop.scala:20)
[info]   at org.scalacheck.Test$.workerFun$1(Test.scala:486)
[info]   at org.scalacheck.Test$.$anonfun$check$4(Test.scala:518)
[info]   at org.scalacheck.Test$.$anonfun$check$4$adapted(Test.scala:518)
[info]   at org.scalacheck.Platform$.runWorkers(Platform.scala:42)
[info]   at org.scalacheck.Test$.check(Test.scala:518)
[info]   at org.scalatestplus.scalacheck.UnitCheckerAsserting$CheckerAssertingImpl.check(CheckerAsserting.scala:90)
[info]   at org.scalatestplus.scalacheck.Checkers.check(Checkers.scala:371)
[info]   at org.scalatestplus.scalacheck.Checkers.check$(Checkers.scala:369)
[info]   at frameless.TypedDatasetSuite.check(TypedDatasetSuite.scala:63)
[info]   at frameless.functions.NonAggregateFunctionsTests.$anonfun$new$964(NonAggregateFunctionsTests.scala:1490)
[info]   at org.scalatest.OutcomeOf.outcomeOf(OutcomeOf.scala:85)
[info]   at org.scalatest.OutcomeOf.outcomeOf$(OutcomeOf.scala:83)
[info]   at org.scalatest.OutcomeOf$.outcomeOf(OutcomeOf.scala:104)
[info]   at org.scalatest.Transformer.apply(Transformer.scala:22)
[info]   at org.scalatest.Transformer.apply(Transformer.scala:20)
[info]   at org.scalatest.funsuite.AnyFunSuiteLike$$anon$1.apply(AnyFunSuiteLike.scala:226)
[info]   at org.scalatest.TestSuite.withFixture(TestSuite.scala:196)
[info]   at org.scalatest.TestSuite.withFixture$(TestSuite.scala:195)
[info]   at org.scalatest.funsuite.AnyFunSuite.withFixture(AnyFunSuite.scala:1564)
[info]   at org.scalatest.funsuite.AnyFunSuiteLike.invokeWithFixture$1(AnyFunSuiteLike.scala:224)
[info]   at org.scalatest.funsuite.AnyFunSuiteLike.$anonfun$runTest$1(AnyFunSuiteLike.scala:236)
[info]   at org.scalatest.SuperEngine.runTestImpl(Engine.scala:306)
[info]   at org.scalatest.funsuite.AnyFunSuiteLike.runTest(AnyFunSuiteLike.scala:236)
[info]   at org.scalatest.funsuite.AnyFunSuiteLike.runTest$(AnyFunSuiteLike.scala:218)
[info]   at org.scalatest.funsuite.AnyFunSuite.runTest(AnyFunSuite.scala:1564)
[info]   at org.scalatest.funsuite.AnyFunSuiteLike.$anonfun$runTests$1(AnyFunSuiteLike.scala:269)
[info]   at org.scalatest.SuperEngine.$anonfun$runTestsInBranch$1(Engine.scala:413)
[info]   at scala.collection.immutable.List.foreach(List.scala:334)
[info]   at org.scalatest.SuperEngine.traverseSubNodes$1(Engine.scala:401)
[info]   at org.scalatest.SuperEngine.runTestsInBranch(Engine.scala:396)
[info]   at org.scalatest.SuperEngine.runTestsImpl(Engine.scala:475)
[info]   at org.scalatest.funsuite.AnyFunSuiteLike.runTests(AnyFunSuiteLike.scala:269)
[info]   at org.scalatest.funsuite.AnyFunSuiteLike.runTests$(AnyFunSuiteLike.scala:268)
[info]   at org.scalatest.funsuite.AnyFunSuite.runTests(AnyFunSuite.scala:1564)
[info]   at org.scalatest.Suite.run(Suite.scala:1114)
[info]   at org.scalatest.Suite.run$(Suite.scala:1096)
[info]   at org.scalatest.funsuite.AnyFunSuite.org$scalatest$funsuite$AnyFunSuiteLike$$super$run(AnyFunSuite.scala:1564)
[info]   at org.scalatest.funsuite.AnyFunSuiteLike.$anonfun$run$1(AnyFunSuiteLike.scala:273)
[info]   at org.scalatest.SuperEngine.runImpl(Engine.scala:535)
[info]   at org.scalatest.funsuite.AnyFunSuiteLike.run(AnyFunSuiteLike.scala:273)
[info]   at org.scalatest.funsuite.AnyFunSuiteLike.run$(AnyFunSuiteLike.scala:272)
[info]   at frameless.TypedDatasetSuite.org$scalatest$BeforeAndAfterAll$$super$run(TypedDatasetSuite.scala:63)
[info]   at org.scalatest.BeforeAndAfterAll.liftedTree1$1(BeforeAndAfterAll.scala:213)
[info]   at org.scalatest.BeforeAndAfterAll.run(BeforeAndAfterAll.scala:210)
[info]   at org.scalatest.BeforeAndAfterAll.run$(BeforeAndAfterAll.scala:208)
[info]   at frameless.TypedDatasetSuite.run(TypedDatasetSuite.scala:63)
[info]   at org.scalatest.tools.Framework.org$scalatest$tools$Framework$$runSuite(Framework.scala:321)
[info]   at org.scalatest.tools.Framework$ScalaTestTask.execute(Framework.scala:517)
[info]   at sbt.ForkMain$Run.lambda$runTest$1(ForkMain.java:414)
[info]   at java.base/java.util.concurrent.FutureTask.run(FutureTask.java:317)
[info]   at java.base/java.util.concurrent.ThreadPoolExecutor.runWorker(ThreadPoolExecutor.java:1144)
[info]   at java.base/java.util.concurrent.ThreadPoolExecutor$Worker.run(ThreadPoolExecutor.java:642)
[info]   at java.base/java.lang.Thread.run(Thread.java:1583)
[info]   Cause: java.lang.ClassCastException: Cannot cast scala.reflect.ClassTag$GenericClassTag to org.apache.spark.sql.catalyst.expressions.Expression
[info]   at java.base/java.lang.Class.cast(Class.java:4067)
[info]   at java.base/jdk.internal.reflect.DirectConstructorHandleAccessor.newInstance(DirectConstructorHandleAccessor.java:62)
[info]   at java.base/java.lang.reflect.Constructor.newInstanceWithCaller(Constructor.java:502)
[info]   at java.base/java.lang.reflect.Constructor.newInstance(Constructor.java:486)
[info]   at frameless.TypedExpressionEncoder$.$anonfun$apply$3(TypedExpressionEncoder.scala:55)
[info]   at scala.Option.map(Option.scala:242)
[info]   at frameless.TypedExpressionEncoder$.apply(TypedExpressionEncoder.scala:54)
[info]   at frameless.TypedDataset$.create(TypedDataset.scala:1325)
[info]   at frameless.functions.NonAggregateFunctionsTests.prop$49(NonAggregateFunctionsTests.scala:1471)
[info]   at frameless.functions.NonAggregateFunctionsTests.$anonfun$new$976(NonAggregateFunctionsTests.scala:1490)
[info]   at scala.Function1.$anonfun$andThen$1(Function1.scala:87)
[info]   at org.scalacheck.Prop$.$anonfun$forAllShrink$2(Prop.scala:868)
[info]   at org.scalacheck.Prop$.secure(Prop.scala:484)
[info]   at org.scalacheck.Prop$.result$1(Prop.scala:868)
[info]   at org.scalacheck.Prop$.$anonfun$forAllShrink$1(Prop.scala:915)
[info]   at org.scalacheck.Prop$.$anonfun$apply$1(Prop.scala:305)
[info]   at org.scalacheck.PropFromFun.apply(Prop.scala:20)
[info]   at org.scalacheck.Test$.workerFun$1(Test.scala:486)
[info]   at org.scalacheck.Test$.$anonfun$check$4(Test.scala:518)
[info]   at org.scalacheck.Test$.$anonfun$check$4$adapted(Test.scala:518)
[info]   at org.scalacheck.Platform$.runWorkers(Platform.scala:42)
[info]   at org.scalacheck.Test$.check(Test.scala:518)
[info]   at org.scalatestplus.scalacheck.UnitCheckerAsserting$CheckerAssertingImpl.check(CheckerAsserting.scala:90)
[info]   at org.scalatestplus.scalacheck.Checkers.check(Checkers.scala:371)
[info]   at org.scalatestplus.scalacheck.Checkers.check$(Checkers.scala:369)
[info]   at frameless.TypedDatasetSuite.check(TypedDatasetSuite.scala:63)
[info]   at frameless.functions.NonAggregateFunctionsTests.$anonfun$new$964(NonAggregateFunctionsTests.scala:1490)
[info]   at org.scalatest.OutcomeOf.outcomeOf(OutcomeOf.scala:85)
[info]   at org.scalatest.OutcomeOf.outcomeOf$(OutcomeOf.scala:83)
[info]   at org.scalatest.OutcomeOf$.outcomeOf(OutcomeOf.scala:104)
[info]   at org.scalatest.Transformer.apply(Transformer.scala:22)
[info]   at org.scalatest.Transformer.apply(Transformer.scala:20)
[info]   at org.scalatest.funsuite.AnyFunSuiteLike$$anon$1.apply(AnyFunSuiteLike.scala:226)
[info]   at org.scalatest.TestSuite.withFixture(TestSuite.scala:196)
[info]   at org.scalatest.TestSuite.withFixture$(TestSuite.scala:195)
[info]   at org.scalatest.funsuite.AnyFunSuite.withFixture(AnyFunSuite.scala:1564)
[info]   at org.scalatest.funsuite.AnyFunSuiteLike.invokeWithFixture$1(AnyFunSuiteLike.scala:224)
[info]   at org.scalatest.funsuite.AnyFunSuiteLike.$anonfun$runTest$1(AnyFunSuiteLike.scala:236)
[info]   at org.scalatest.SuperEngine.runTestImpl(Engine.scala:306)
[info]   at org.scalatest.funsuite.AnyFunSuiteLike.runTest(AnyFunSuiteLike.scala:236)
[info]   at org.scalatest.funsuite.AnyFunSuiteLike.runTest$(AnyFunSuiteLike.scala:218)
[info]   at org.scalatest.funsuite.AnyFunSuite.runTest(AnyFunSuite.scala:1564)
[info]   at org.scalatest.funsuite.AnyFunSuiteLike.$anonfun$runTests$1(AnyFunSuiteLike.scala:269)
[info]   at org.scalatest.SuperEngine.$anonfun$runTestsInBranch$1(Engine.scala:413)
[info]   at scala.collection.immutable.List.foreach(List.scala:334)
[info]   at org.scalatest.SuperEngine.traverseSubNodes$1(Engine.scala:401)
[info]   at org.scalatest.SuperEngine.runTestsInBranch(Engine.scala:396)
[info]   at org.scalatest.SuperEngine.runTestsImpl(Engine.scala:475)
[info]   at org.scalatest.funsuite.AnyFunSuiteLike.runTests(AnyFunSuiteLike.scala:269)
[info]   at org.scalatest.funsuite.AnyFunSuiteLike.runTests$(AnyFunSuiteLike.scala:268)
[info]   at org.scalatest.funsuite.AnyFunSuite.runTests(AnyFunSuite.scala:1564)
[info]   at org.scalatest.Suite.run(Suite.scala:1114)
[info]   at org.scalatest.Suite.run$(Suite.scala:1096)
[info]   at org.scalatest.funsuite.AnyFunSuite.org$scalatest$funsuite$AnyFunSuiteLike$$super$run(AnyFunSuite.scala:1564)
[info]   at org.scalatest.funsuite.AnyFunSuiteLike.$anonfun$run$1(AnyFunSuiteLike.scala:273)
[info]   at org.scalatest.SuperEngine.runImpl(Engine.scala:535)
[info]   at org.scalatest.funsuite.AnyFunSuiteLike.run(AnyFunSuiteLike.scala:273)
[info]   at org.scalatest.funsuite.AnyFunSuiteLike.run$(AnyFunSuiteLike.scala:272)
[info]   at frameless.TypedDatasetSuite.org$scalatest$BeforeAndAfterAll$$super$run(TypedDatasetSuite.scala:63)
[info]   at org.scalatest.BeforeAndAfterAll.liftedTree1$1(BeforeAndAfterAll.scala:213)
[info]   at org.scalatest.BeforeAndAfterAll.run(BeforeAndAfterAll.scala:210)
[info]   at org.scalatest.BeforeAndAfterAll.run$(BeforeAndAfterAll.scala:208)
[info]   at frameless.TypedDatasetSuite.run(TypedDatasetSuite.scala:63)
[info]   at org.scalatest.tools.Framework.org$scalatest$tools$Framework$$runSuite(Framework.scala:321)
[info]   at org.scalatest.tools.Framework$ScalaTestTask.execute(Framework.scala:517)
[info]   at sbt.ForkMain$Run.lambda$runTest$1(ForkMain.java:414)
[info]   at java.base/java.util.concurrent.FutureTask.run(FutureTask.java:317)
[info]   at java.base/java.util.concurrent.ThreadPoolExecutor.runWorker(ThreadPoolExecutor.java:1144)
[info]   at java.base/java.util.concurrent.ThreadPoolExecutor$Worker.run(ThreadPoolExecutor.java:642)
[info]   at java.base/java.lang.Thread.run(Thread.java:1583)
[info] - pow with double *** FAILED *** (4 milliseconds)
[info]   IllegalArgumentException was thrown during property evaluation.
[info]     Message: argument type mismatch
[info]     Occurred when passed generated values (
[info]       arg0 = List(),
[info]       arg1 = 0.0 // 26 shrinks
[info]     )
[info]   org.scalatest.exceptions.GeneratorDrivenPropertyCheckFailedException:
[info]   at org.scalatestplus.scalacheck.CheckerAsserting$$anon$2.indicateFailure(CheckerAsserting.scala:251)
[info]   at org.scalatestplus.scalacheck.CheckerAsserting$$anon$2.indicateFailure(CheckerAsserting.scala:238)
[info]   at org.scalatestplus.scalacheck.UnitCheckerAsserting$CheckerAssertingImpl.check(CheckerAsserting.scala:160)
[info]   at org.scalatestplus.scalacheck.Checkers.check(Checkers.scala:371)
[info]   at org.scalatestplus.scalacheck.Checkers.check$(Checkers.scala:369)
[info]   at frameless.TypedDatasetSuite.check(TypedDatasetSuite.scala:63)
[info]   at frameless.functions.NonAggregateFunctionsTests.$anonfun$new$986(NonAggregateFunctionsTests.scala:1540)
[info]   at org.scalatest.OutcomeOf.outcomeOf(OutcomeOf.scala:85)
[info]   at org.scalatest.OutcomeOf.outcomeOf$(OutcomeOf.scala:83)
[info]   at org.scalatest.OutcomeOf$.outcomeOf(OutcomeOf.scala:104)
[info]   at org.scalatest.Transformer.apply(Transformer.scala:22)
[info]   at org.scalatest.Transformer.apply(Transformer.scala:20)
[info]   at org.scalatest.funsuite.AnyFunSuiteLike$$anon$1.apply(AnyFunSuiteLike.scala:226)
[info]   at org.scalatest.TestSuite.withFixture(TestSuite.scala:196)
[info]   at org.scalatest.TestSuite.withFixture$(TestSuite.scala:195)
[info]   at org.scalatest.funsuite.AnyFunSuite.withFixture(AnyFunSuite.scala:1564)
[info]   at org.scalatest.funsuite.AnyFunSuiteLike.invokeWithFixture$1(AnyFunSuiteLike.scala:224)
[info]   at org.scalatest.funsuite.AnyFunSuiteLike.$anonfun$runTest$1(AnyFunSuiteLike.scala:236)
[info]   at org.scalatest.SuperEngine.runTestImpl(Engine.scala:306)
[info]   at org.scalatest.funsuite.AnyFunSuiteLike.runTest(AnyFunSuiteLike.scala:236)
[info]   at org.scalatest.funsuite.AnyFunSuiteLike.runTest$(AnyFunSuiteLike.scala:218)
[info]   at org.scalatest.funsuite.AnyFunSuite.runTest(AnyFunSuite.scala:1564)
[info]   at org.scalatest.funsuite.AnyFunSuiteLike.$anonfun$runTests$1(AnyFunSuiteLike.scala:269)
[info]   at org.scalatest.SuperEngine.$anonfun$runTestsInBranch$1(Engine.scala:413)
[info]   at scala.collection.immutable.List.foreach(List.scala:334)
[info]   at org.scalatest.SuperEngine.traverseSubNodes$1(Engine.scala:401)
[info]   at org.scalatest.SuperEngine.runTestsInBranch(Engine.scala:396)
[info]   at org.scalatest.SuperEngine.runTestsImpl(Engine.scala:475)
[info]   at org.scalatest.funsuite.AnyFunSuiteLike.runTests(AnyFunSuiteLike.scala:269)
[info]   at org.scalatest.funsuite.AnyFunSuiteLike.runTests$(AnyFunSuiteLike.scala:268)
[info]   at org.scalatest.funsuite.AnyFunSuite.runTests(AnyFunSuite.scala:1564)
[info]   at org.scalatest.Suite.run(Suite.scala:1114)
[info]   at org.scalatest.Suite.run$(Suite.scala:1096)
[info]   at org.scalatest.funsuite.AnyFunSuite.org$scalatest$funsuite$AnyFunSuiteLike$$super$run(AnyFunSuite.scala:1564)
[info]   at org.scalatest.funsuite.AnyFunSuiteLike.$anonfun$run$1(AnyFunSuiteLike.scala:273)
[info]   at org.scalatest.SuperEngine.runImpl(Engine.scala:535)
[info]   at org.scalatest.funsuite.AnyFunSuiteLike.run(AnyFunSuiteLike.scala:273)
[info]   at org.scalatest.funsuite.AnyFunSuiteLike.run$(AnyFunSuiteLike.scala:272)
[info]   at frameless.TypedDatasetSuite.org$scalatest$BeforeAndAfterAll$$super$run(TypedDatasetSuite.scala:63)
[info]   at org.scalatest.BeforeAndAfterAll.liftedTree1$1(BeforeAndAfterAll.scala:213)
[info]   at org.scalatest.BeforeAndAfterAll.run(BeforeAndAfterAll.scala:210)
[info]   at org.scalatest.BeforeAndAfterAll.run$(BeforeAndAfterAll.scala:208)
[info]   at frameless.TypedDatasetSuite.run(TypedDatasetSuite.scala:63)
[info]   at org.scalatest.tools.Framework.org$scalatest$tools$Framework$$runSuite(Framework.scala:321)
[info]   at org.scalatest.tools.Framework$ScalaTestTask.execute(Framework.scala:517)
[info]   at sbt.ForkMain$Run.lambda$runTest$1(ForkMain.java:414)
[info]   at java.base/java.util.concurrent.FutureTask.run(FutureTask.java:317)
[info]   at java.base/java.util.concurrent.ThreadPoolExecutor.runWorker(ThreadPoolExecutor.java:1144)
[info]   at java.base/java.util.concurrent.ThreadPoolExecutor$Worker.run(ThreadPoolExecutor.java:642)
[info]   at java.base/java.lang.Thread.run(Thread.java:1583)
[info]   Cause: java.lang.IllegalArgumentException: argument type mismatch
[info]   at java.base/jdk.internal.reflect.DirectConstructorHandleAccessor.newInstance(DirectConstructorHandleAccessor.java:65)
[info]   at java.base/java.lang.reflect.Constructor.newInstanceWithCaller(Constructor.java:502)
[info]   at java.base/java.lang.reflect.Constructor.newInstance(Constructor.java:486)
[info]   at frameless.TypedExpressionEncoder$.$anonfun$apply$3(TypedExpressionEncoder.scala:55)
[info]   at scala.Option.map(Option.scala:242)
[info]   at frameless.TypedExpressionEncoder$.apply(TypedExpressionEncoder.scala:54)
[info]   at frameless.TypedDataset$.create(TypedDataset.scala:1325)
[info]   at frameless.functions.NonAggregateFunctionsTests.prop$50(NonAggregateFunctionsTests.scala:1507)
[info]   at frameless.functions.NonAggregateFunctionsTests.$anonfun$new$1002(NonAggregateFunctionsTests.scala:1540)
[info]   at frameless.functions.NonAggregateFunctionsTests.$anonfun$new$1002$adapted(NonAggregateFunctionsTests.scala:1540)
[info]   at org.scalacheck.Prop$.$anonfun$forAll$18(Prop.scala:1131)
[info]   at scala.Function1.$anonfun$andThen$1(Function1.scala:87)
[info]   at org.scalacheck.Prop$.$anonfun$forAllShrink$2(Prop.scala:868)
[info]   at org.scalacheck.Prop$.secure(Prop.scala:484)
[info]   at org.scalacheck.Prop$.result$1(Prop.scala:868)
[info]   at org.scalacheck.Prop$.$anonfun$forAllShrink$4(Prop.scala:880)
[info]   at scala.collection.immutable.Stream.map(Stream.scala:173)
[info]   at org.scalacheck.Prop$.getFirstFailure$1(Prop.scala:880)
[info]   at org.scalacheck.Prop$.shrinker$1(Prop.scala:895)
[info]   at org.scalacheck.Prop$.$anonfun$forAllShrink$1(Prop.scala:916)
[info]   at org.scalacheck.Prop$.$anonfun$apply$1(Prop.scala:305)
[info]   at org.scalacheck.PropFromFun.apply(Prop.scala:20)
[info]   at org.scalacheck.Prop$.result$1(Prop.scala:869)
[info]   at org.scalacheck.Prop$.$anonfun$forAllShrink$1(Prop.scala:915)
[info]   at org.scalacheck.Prop$.$anonfun$apply$1(Prop.scala:305)
[info]   at org.scalacheck.PropFromFun.apply(Prop.scala:20)
[info]   at org.scalacheck.Test$.workerFun$1(Test.scala:486)
[info]   at org.scalacheck.Test$.$anonfun$check$4(Test.scala:518)
[info]   at org.scalacheck.Test$.$anonfun$check$4$adapted(Test.scala:518)
[info]   at org.scalacheck.Platform$.runWorkers(Platform.scala:42)
[info]   at org.scalacheck.Test$.check(Test.scala:518)
[info]   at org.scalatestplus.scalacheck.UnitCheckerAsserting$CheckerAssertingImpl.check(CheckerAsserting.scala:90)
[info]   at org.scalatestplus.scalacheck.Checkers.check(Checkers.scala:371)
[info]   at org.scalatestplus.scalacheck.Checkers.check$(Checkers.scala:369)
[info]   at frameless.TypedDatasetSuite.check(TypedDatasetSuite.scala:63)
[info]   at frameless.functions.NonAggregateFunctionsTests.$anonfun$new$986(NonAggregateFunctionsTests.scala:1540)
[info]   at org.scalatest.OutcomeOf.outcomeOf(OutcomeOf.scala:85)
[info]   at org.scalatest.OutcomeOf.outcomeOf$(OutcomeOf.scala:83)
[info]   at org.scalatest.OutcomeOf$.outcomeOf(OutcomeOf.scala:104)
[info]   at org.scalatest.Transformer.apply(Transformer.scala:22)
[info]   at org.scalatest.Transformer.apply(Transformer.scala:20)
[info]   at org.scalatest.funsuite.AnyFunSuiteLike$$anon$1.apply(AnyFunSuiteLike.scala:226)
[info]   at org.scalatest.TestSuite.withFixture(TestSuite.scala:196)
[info]   at org.scalatest.TestSuite.withFixture$(TestSuite.scala:195)
[info]   at org.scalatest.funsuite.AnyFunSuite.withFixture(AnyFunSuite.scala:1564)
[info]   at org.scalatest.funsuite.AnyFunSuiteLike.invokeWithFixture$1(AnyFunSuiteLike.scala:224)
[info]   at org.scalatest.funsuite.AnyFunSuiteLike.$anonfun$runTest$1(AnyFunSuiteLike.scala:236)
[info]   at org.scalatest.SuperEngine.runTestImpl(Engine.scala:306)
[info]   at org.scalatest.funsuite.AnyFunSuiteLike.runTest(AnyFunSuiteLike.scala:236)
[info]   at org.scalatest.funsuite.AnyFunSuiteLike.runTest$(AnyFunSuiteLike.scala:218)
[info]   at org.scalatest.funsuite.AnyFunSuite.runTest(AnyFunSuite.scala:1564)
[info]   at org.scalatest.funsuite.AnyFunSuiteLike.$anonfun$runTests$1(AnyFunSuiteLike.scala:269)
[info]   at org.scalatest.SuperEngine.$anonfun$runTestsInBranch$1(Engine.scala:413)
[info]   at scala.collection.immutable.List.foreach(List.scala:334)
[info]   at org.scalatest.SuperEngine.traverseSubNodes$1(Engine.scala:401)
[info]   at org.scalatest.SuperEngine.runTestsInBranch(Engine.scala:396)
[info]   at org.scalatest.SuperEngine.runTestsImpl(Engine.scala:475)
[info]   at org.scalatest.funsuite.AnyFunSuiteLike.runTests(AnyFunSuiteLike.scala:269)
[info]   at org.scalatest.funsuite.AnyFunSuiteLike.runTests$(AnyFunSuiteLike.scala:268)
[info]   at org.scalatest.funsuite.AnyFunSuite.runTests(AnyFunSuite.scala:1564)
[info]   at org.scalatest.Suite.run(Suite.scala:1114)
[info]   at org.scalatest.Suite.run$(Suite.scala:1096)
[info]   at org.scalatest.funsuite.AnyFunSuite.org$scalatest$funsuite$AnyFunSuiteLike$$super$run(AnyFunSuite.scala:1564)
[info]   at org.scalatest.funsuite.AnyFunSuiteLike.$anonfun$run$1(AnyFunSuiteLike.scala:273)
[info]   at org.scalatest.SuperEngine.runImpl(Engine.scala:535)
[info]   at org.scalatest.funsuite.AnyFunSuiteLike.run(AnyFunSuiteLike.scala:273)
[info]   at org.scalatest.funsuite.AnyFunSuiteLike.run$(AnyFunSuiteLike.scala:272)
[info]   at frameless.TypedDatasetSuite.org$scalatest$BeforeAndAfterAll$$super$run(TypedDatasetSuite.scala:63)
[info]   at org.scalatest.BeforeAndAfterAll.liftedTree1$1(BeforeAndAfterAll.scala:213)
[info]   at org.scalatest.BeforeAndAfterAll.run(BeforeAndAfterAll.scala:210)
[info]   at org.scalatest.BeforeAndAfterAll.run$(BeforeAndAfterAll.scala:208)
[info]   at frameless.TypedDatasetSuite.run(TypedDatasetSuite.scala:63)
[info]   at org.scalatest.tools.Framework.org$scalatest$tools$Framework$$runSuite(Framework.scala:321)
[info]   at org.scalatest.tools.Framework$ScalaTestTask.execute(Framework.scala:517)
[info]   at sbt.ForkMain$Run.lambda$runTest$1(ForkMain.java:414)
[info]   at java.base/java.util.concurrent.FutureTask.run(FutureTask.java:317)
[info]   at java.base/java.util.concurrent.ThreadPoolExecutor.runWorker(ThreadPoolExecutor.java:1144)
[info]   at java.base/java.util.concurrent.ThreadPoolExecutor$Worker.run(ThreadPoolExecutor.java:642)
[info]   at java.base/java.lang.Thread.run(Thread.java:1583)
[info]   Cause: java.lang.ClassCastException: Cannot cast scala.reflect.ClassTag$GenericClassTag to org.apache.spark.sql.catalyst.expressions.Expression
[info]   at java.base/java.lang.Class.cast(Class.java:4067)
[info]   at java.base/jdk.internal.reflect.DirectConstructorHandleAccessor.newInstance(DirectConstructorHandleAccessor.java:62)
[info]   at java.base/java.lang.reflect.Constructor.newInstanceWithCaller(Constructor.java:502)
[info]   at java.base/java.lang.reflect.Constructor.newInstance(Constructor.java:486)
[info]   at frameless.TypedExpressionEncoder$.$anonfun$apply$3(TypedExpressionEncoder.scala:55)
[info]   at scala.Option.map(Option.scala:242)
[info]   at frameless.TypedExpressionEncoder$.apply(TypedExpressionEncoder.scala:54)
[info]   at frameless.TypedDataset$.create(TypedDataset.scala:1325)
[info]   at frameless.functions.NonAggregateFunctionsTests.prop$50(NonAggregateFunctionsTests.scala:1507)
[info]   at frameless.functions.NonAggregateFunctionsTests.$anonfun$new$1002(NonAggregateFunctionsTests.scala:1540)
[info]   at frameless.functions.NonAggregateFunctionsTests.$anonfun$new$1002$adapted(NonAggregateFunctionsTests.scala:1540)
[info]   at org.scalacheck.Prop$.$anonfun$forAll$18(Prop.scala:1131)
[info]   at scala.Function1.$anonfun$andThen$1(Function1.scala:87)
[info]   at org.scalacheck.Prop$.$anonfun$forAllShrink$2(Prop.scala:868)
[info]   at org.scalacheck.Prop$.secure(Prop.scala:484)
[info]   at org.scalacheck.Prop$.result$1(Prop.scala:868)
[info]   at org.scalacheck.Prop$.$anonfun$forAllShrink$4(Prop.scala:880)
[info]   at scala.collection.immutable.Stream.map(Stream.scala:173)
[info]   at org.scalacheck.Prop$.getFirstFailure$1(Prop.scala:880)
[info]   at org.scalacheck.Prop$.shrinker$1(Prop.scala:895)
[info]   at org.scalacheck.Prop$.$anonfun$forAllShrink$1(Prop.scala:916)
[info]   at org.scalacheck.Prop$.$anonfun$apply$1(Prop.scala:305)
[info]   at org.scalacheck.PropFromFun.apply(Prop.scala:20)
[info]   at org.scalacheck.Prop$.result$1(Prop.scala:869)
[info]   at org.scalacheck.Prop$.$anonfun$forAllShrink$1(Prop.scala:915)
[info]   at org.scalacheck.Prop$.$anonfun$apply$1(Prop.scala:305)
[info]   at org.scalacheck.PropFromFun.apply(Prop.scala:20)
[info]   at org.scalacheck.Test$.workerFun$1(Test.scala:486)
[info]   at org.scalacheck.Test$.$anonfun$check$4(Test.scala:518)
[info]   at org.scalacheck.Test$.$anonfun$check$4$adapted(Test.scala:518)
[info]   at org.scalacheck.Platform$.runWorkers(Platform.scala:42)
[info]   at org.scalacheck.Test$.check(Test.scala:518)
[info]   at org.scalatestplus.scalacheck.UnitCheckerAsserting$CheckerAssertingImpl.check(CheckerAsserting.scala:90)
[info]   at org.scalatestplus.scalacheck.Checkers.check(Checkers.scala:371)
[info]   at org.scalatestplus.scalacheck.Checkers.check$(Checkers.scala:369)
[info]   at frameless.TypedDatasetSuite.check(TypedDatasetSuite.scala:63)
[info]   at frameless.functions.NonAggregateFunctionsTests.$anonfun$new$986(NonAggregateFunctionsTests.scala:1540)
[info]   at org.scalatest.OutcomeOf.outcomeOf(OutcomeOf.scala:85)
[info]   at org.scalatest.OutcomeOf.outcomeOf$(OutcomeOf.scala:83)
[info]   at org.scalatest.OutcomeOf$.outcomeOf(OutcomeOf.scala:104)
[info]   at org.scalatest.Transformer.apply(Transformer.scala:22)
[info]   at org.scalatest.Transformer.apply(Transformer.scala:20)
[info]   at org.scalatest.funsuite.AnyFunSuiteLike$$anon$1.apply(AnyFunSuiteLike.scala:226)
[info]   at org.scalatest.TestSuite.withFixture(TestSuite.scala:196)
[info]   at org.scalatest.TestSuite.withFixture$(TestSuite.scala:195)
[info]   at org.scalatest.funsuite.AnyFunSuite.withFixture(AnyFunSuite.scala:1564)
[info]   at org.scalatest.funsuite.AnyFunSuiteLike.invokeWithFixture$1(AnyFunSuiteLike.scala:224)
[info]   at org.scalatest.funsuite.AnyFunSuiteLike.$anonfun$runTest$1(AnyFunSuiteLike.scala:236)
[info]   at org.scalatest.SuperEngine.runTestImpl(Engine.scala:306)
[info]   at org.scalatest.funsuite.AnyFunSuiteLike.runTest(AnyFunSuiteLike.scala:236)
[info]   at org.scalatest.funsuite.AnyFunSuiteLike.runTest$(AnyFunSuiteLike.scala:218)
[info]   at org.scalatest.funsuite.AnyFunSuite.runTest(AnyFunSuite.scala:1564)
[info]   at org.scalatest.funsuite.AnyFunSuiteLike.$anonfun$runTests$1(AnyFunSuiteLike.scala:269)
[info]   at org.scalatest.SuperEngine.$anonfun$runTestsInBranch$1(Engine.scala:413)
[info]   at scala.collection.immutable.List.foreach(List.scala:334)
[info]   at org.scalatest.SuperEngine.traverseSubNodes$1(Engine.scala:401)
[info]   at org.scalatest.SuperEngine.runTestsInBranch(Engine.scala:396)
[info]   at org.scalatest.SuperEngine.runTestsImpl(Engine.scala:475)
[info]   at org.scalatest.funsuite.AnyFunSuiteLike.runTests(AnyFunSuiteLike.scala:269)
[info]   at org.scalatest.funsuite.AnyFunSuiteLike.runTests$(AnyFunSuiteLike.scala:268)
[info]   at org.scalatest.funsuite.AnyFunSuite.runTests(AnyFunSuite.scala:1564)
[info]   at org.scalatest.Suite.run(Suite.scala:1114)
[info]   at org.scalatest.Suite.run$(Suite.scala:1096)
[info]   at org.scalatest.funsuite.AnyFunSuite.org$scalatest$funsuite$AnyFunSuiteLike$$super$run(AnyFunSuite.scala:1564)
[info]   at org.scalatest.funsuite.AnyFunSuiteLike.$anonfun$run$1(AnyFunSuiteLike.scala:273)
[info]   at org.scalatest.SuperEngine.runImpl(Engine.scala:535)
[info]   at org.scalatest.funsuite.AnyFunSuiteLike.run(AnyFunSuiteLike.scala:273)
[info]   at org.scalatest.funsuite.AnyFunSuiteLike.run$(AnyFunSuiteLike.scala:272)
[info]   at frameless.TypedDatasetSuite.org$scalatest$BeforeAndAfterAll$$super$run(TypedDatasetSuite.scala:63)
[info]   at org.scalatest.BeforeAndAfterAll.liftedTree1$1(BeforeAndAfterAll.scala:213)
[info]   at org.scalatest.BeforeAndAfterAll.run(BeforeAndAfterAll.scala:210)
[info]   at org.scalatest.BeforeAndAfterAll.run$(BeforeAndAfterAll.scala:208)
[info]   at frameless.TypedDatasetSuite.run(TypedDatasetSuite.scala:63)
[info]   at org.scalatest.tools.Framework.org$scalatest$tools$Framework$$runSuite(Framework.scala:321)
[info]   at org.scalatest.tools.Framework$ScalaTestTask.execute(Framework.scala:517)
[info]   at sbt.ForkMain$Run.lambda$runTest$1(ForkMain.java:414)
[info]   at java.base/java.util.concurrent.FutureTask.run(FutureTask.java:317)
[info]   at java.base/java.util.concurrent.ThreadPoolExecutor.runWorker(ThreadPoolExecutor.java:1144)
[info]   at java.base/java.util.concurrent.ThreadPoolExecutor$Worker.run(ThreadPoolExecutor.java:642)
[info]   at java.base/java.lang.Thread.run(Thread.java:1583)
[info] - pow with two columns *** FAILED *** (4 milliseconds)
[info]   IllegalArgumentException was thrown during property evaluation.
[info]     Message: argument type mismatch
[info]     Occurred when passed generated values (
[info]       arg0 = List()
[info]     )
[info]   org.scalatest.exceptions.GeneratorDrivenPropertyCheckFailedException:
[info]   at org.scalatestplus.scalacheck.CheckerAsserting$$anon$2.indicateFailure(CheckerAsserting.scala:251)
[info]   at org.scalatestplus.scalacheck.CheckerAsserting$$anon$2.indicateFailure(CheckerAsserting.scala:238)
[info]   at org.scalatestplus.scalacheck.UnitCheckerAsserting$CheckerAssertingImpl.check(CheckerAsserting.scala:160)
[info]   at org.scalatestplus.scalacheck.Checkers.check(Checkers.scala:371)
[info]   at org.scalatestplus.scalacheck.Checkers.check$(Checkers.scala:369)
[info]   at frameless.TypedDatasetSuite.check(TypedDatasetSuite.scala:63)
[info]   at frameless.functions.NonAggregateFunctionsTests.$anonfun$new$1017(NonAggregateFunctionsTests.scala:1575)
[info]   at org.scalatest.OutcomeOf.outcomeOf(OutcomeOf.scala:85)
[info]   at org.scalatest.OutcomeOf.outcomeOf$(OutcomeOf.scala:83)
[info]   at org.scalatest.OutcomeOf$.outcomeOf(OutcomeOf.scala:104)
[info]   at org.scalatest.Transformer.apply(Transformer.scala:22)
[info]   at org.scalatest.Transformer.apply(Transformer.scala:20)
[info]   at org.scalatest.funsuite.AnyFunSuiteLike$$anon$1.apply(AnyFunSuiteLike.scala:226)
[info]   at org.scalatest.TestSuite.withFixture(TestSuite.scala:196)
[info]   at org.scalatest.TestSuite.withFixture$(TestSuite.scala:195)
[info]   at org.scalatest.funsuite.AnyFunSuite.withFixture(AnyFunSuite.scala:1564)
[info]   at org.scalatest.funsuite.AnyFunSuiteLike.invokeWithFixture$1(AnyFunSuiteLike.scala:224)
[info]   at org.scalatest.funsuite.AnyFunSuiteLike.$anonfun$runTest$1(AnyFunSuiteLike.scala:236)
[info]   at org.scalatest.SuperEngine.runTestImpl(Engine.scala:306)
[info]   at org.scalatest.funsuite.AnyFunSuiteLike.runTest(AnyFunSuiteLike.scala:236)
[info]   at org.scalatest.funsuite.AnyFunSuiteLike.runTest$(AnyFunSuiteLike.scala:218)
[info]   at org.scalatest.funsuite.AnyFunSuite.runTest(AnyFunSuite.scala:1564)
[info]   at org.scalatest.funsuite.AnyFunSuiteLike.$anonfun$runTests$1(AnyFunSuiteLike.scala:269)
[info]   at org.scalatest.SuperEngine.$anonfun$runTestsInBranch$1(Engine.scala:413)
[info]   at scala.collection.immutable.List.foreach(List.scala:334)
[info]   at org.scalatest.SuperEngine.traverseSubNodes$1(Engine.scala:401)
[info]   at org.scalatest.SuperEngine.runTestsInBranch(Engine.scala:396)
[info]   at org.scalatest.SuperEngine.runTestsImpl(Engine.scala:475)
[info]   at org.scalatest.funsuite.AnyFunSuiteLike.runTests(AnyFunSuiteLike.scala:269)
[info]   at org.scalatest.funsuite.AnyFunSuiteLike.runTests$(AnyFunSuiteLike.scala:268)
[info]   at org.scalatest.funsuite.AnyFunSuite.runTests(AnyFunSuite.scala:1564)
[info]   at org.scalatest.Suite.run(Suite.scala:1114)
[info]   at org.scalatest.Suite.run$(Suite.scala:1096)
[info]   at org.scalatest.funsuite.AnyFunSuite.org$scalatest$funsuite$AnyFunSuiteLike$$super$run(AnyFunSuite.scala:1564)
[info]   at org.scalatest.funsuite.AnyFunSuiteLike.$anonfun$run$1(AnyFunSuiteLike.scala:273)
[info]   at org.scalatest.SuperEngine.runImpl(Engine.scala:535)
[info]   at org.scalatest.funsuite.AnyFunSuiteLike.run(AnyFunSuiteLike.scala:273)
[info]   at org.scalatest.funsuite.AnyFunSuiteLike.run$(AnyFunSuiteLike.scala:272)
[info]   at frameless.TypedDatasetSuite.org$scalatest$BeforeAndAfterAll$$super$run(TypedDatasetSuite.scala:63)
[info]   at org.scalatest.BeforeAndAfterAll.liftedTree1$1(BeforeAndAfterAll.scala:213)
[info]   at org.scalatest.BeforeAndAfterAll.run(BeforeAndAfterAll.scala:210)
[info]   at org.scalatest.BeforeAndAfterAll.run$(BeforeAndAfterAll.scala:208)
[info]   at frameless.TypedDatasetSuite.run(TypedDatasetSuite.scala:63)
[info]   at org.scalatest.tools.Framework.org$scalatest$tools$Framework$$runSuite(Framework.scala:321)
[info]   at org.scalatest.tools.Framework$ScalaTestTask.execute(Framework.scala:517)
[info]   at sbt.ForkMain$Run.lambda$runTest$1(ForkMain.java:414)
[info]   at java.base/java.util.concurrent.FutureTask.run(FutureTask.java:317)
[info]   at java.base/java.util.concurrent.ThreadPoolExecutor.runWorker(ThreadPoolExecutor.java:1144)
[info]   at java.base/java.util.concurrent.ThreadPoolExecutor$Worker.run(ThreadPoolExecutor.java:642)
[info]   at java.base/java.lang.Thread.run(Thread.java:1583)
[info]   Cause: java.lang.IllegalArgumentException: argument type mismatch
[info]   at java.base/jdk.internal.reflect.DirectConstructorHandleAccessor.newInstance(DirectConstructorHandleAccessor.java:65)
[info]   at java.base/java.lang.reflect.Constructor.newInstanceWithCaller(Constructor.java:502)
[info]   at java.base/java.lang.reflect.Constructor.newInstance(Constructor.java:486)
[info]   at frameless.TypedExpressionEncoder$.$anonfun$apply$3(TypedExpressionEncoder.scala:55)
[info]   at scala.Option.map(Option.scala:242)
[info]   at frameless.TypedExpressionEncoder$.apply(TypedExpressionEncoder.scala:54)
[info]   at frameless.TypedDataset$.create(TypedDataset.scala:1325)
[info]   at frameless.functions.NonAggregateFunctionsTests.prop$51(NonAggregateFunctionsTests.scala:1556)
[info]   at frameless.functions.NonAggregateFunctionsTests.$anonfun$new$1029(NonAggregateFunctionsTests.scala:1575)
[info]   at scala.Function1.$anonfun$andThen$1(Function1.scala:87)
[info]   at org.scalacheck.Prop$.$anonfun$forAllShrink$2(Prop.scala:868)
[info]   at org.scalacheck.Prop$.secure(Prop.scala:484)
[info]   at org.scalacheck.Prop$.result$1(Prop.scala:868)
[info]   at org.scalacheck.Prop$.$anonfun$forAllShrink$1(Prop.scala:915)
[info]   at org.scalacheck.Prop$.$anonfun$apply$1(Prop.scala:305)
[info]   at org.scalacheck.PropFromFun.apply(Prop.scala:20)
[info]   at org.scalacheck.Test$.workerFun$1(Test.scala:486)
[info]   at org.scalacheck.Test$.$anonfun$check$4(Test.scala:518)
[info]   at org.scalacheck.Test$.$anonfun$check$4$adapted(Test.scala:518)
[info]   at org.scalacheck.Platform$.runWorkers(Platform.scala:42)
[info]   at org.scalacheck.Test$.check(Test.scala:518)
[info]   at org.scalatestplus.scalacheck.UnitCheckerAsserting$CheckerAssertingImpl.check(CheckerAsserting.scala:90)
[info]   at org.scalatestplus.scalacheck.Checkers.check(Checkers.scala:371)
[info]   at org.scalatestplus.scalacheck.Checkers.check$(Checkers.scala:369)
[info]   at frameless.TypedDatasetSuite.check(TypedDatasetSuite.scala:63)
[info]   at frameless.functions.NonAggregateFunctionsTests.$anonfun$new$1017(NonAggregateFunctionsTests.scala:1575)
[info]   at org.scalatest.OutcomeOf.outcomeOf(OutcomeOf.scala:85)
[info]   at org.scalatest.OutcomeOf.outcomeOf$(OutcomeOf.scala:83)
[info]   at org.scalatest.OutcomeOf$.outcomeOf(OutcomeOf.scala:104)
[info]   at org.scalatest.Transformer.apply(Transformer.scala:22)
[info]   at org.scalatest.Transformer.apply(Transformer.scala:20)
[info]   at org.scalatest.funsuite.AnyFunSuiteLike$$anon$1.apply(AnyFunSuiteLike.scala:226)
[info]   at org.scalatest.TestSuite.withFixture(TestSuite.scala:196)
[info]   at org.scalatest.TestSuite.withFixture$(TestSuite.scala:195)
[info]   at org.scalatest.funsuite.AnyFunSuite.withFixture(AnyFunSuite.scala:1564)
[info]   at org.scalatest.funsuite.AnyFunSuiteLike.invokeWithFixture$1(AnyFunSuiteLike.scala:224)
[info]   at org.scalatest.funsuite.AnyFunSuiteLike.$anonfun$runTest$1(AnyFunSuiteLike.scala:236)
[info]   at org.scalatest.SuperEngine.runTestImpl(Engine.scala:306)
[info]   at org.scalatest.funsuite.AnyFunSuiteLike.runTest(AnyFunSuiteLike.scala:236)
[info]   at org.scalatest.funsuite.AnyFunSuiteLike.runTest$(AnyFunSuiteLike.scala:218)
[info]   at org.scalatest.funsuite.AnyFunSuite.runTest(AnyFunSuite.scala:1564)
[info]   at org.scalatest.funsuite.AnyFunSuiteLike.$anonfun$runTests$1(AnyFunSuiteLike.scala:269)
[info]   at org.scalatest.SuperEngine.$anonfun$runTestsInBranch$1(Engine.scala:413)
[info]   at scala.collection.immutable.List.foreach(List.scala:334)
[info]   at org.scalatest.SuperEngine.traverseSubNodes$1(Engine.scala:401)
[info]   at org.scalatest.SuperEngine.runTestsInBranch(Engine.scala:396)
[info]   at org.scalatest.SuperEngine.runTestsImpl(Engine.scala:475)
[info]   at org.scalatest.funsuite.AnyFunSuiteLike.runTests(AnyFunSuiteLike.scala:269)
[info]   at org.scalatest.funsuite.AnyFunSuiteLike.runTests$(AnyFunSuiteLike.scala:268)
[info]   at org.scalatest.funsuite.AnyFunSuite.runTests(AnyFunSuite.scala:1564)
[info]   at org.scalatest.Suite.run(Suite.scala:1114)
[info]   at org.scalatest.Suite.run$(Suite.scala:1096)
[info]   at org.scalatest.funsuite.AnyFunSuite.org$scalatest$funsuite$AnyFunSuiteLike$$super$run(AnyFunSuite.scala:1564)
[info]   at org.scalatest.funsuite.AnyFunSuiteLike.$anonfun$run$1(AnyFunSuiteLike.scala:273)
[info]   at org.scalatest.SuperEngine.runImpl(Engine.scala:535)
[info]   at org.scalatest.funsuite.AnyFunSuiteLike.run(AnyFunSuiteLike.scala:273)
[info]   at org.scalatest.funsuite.AnyFunSuiteLike.run$(AnyFunSuiteLike.scala:272)
[info]   at frameless.TypedDatasetSuite.org$scalatest$BeforeAndAfterAll$$super$run(TypedDatasetSuite.scala:63)
[info]   at org.scalatest.BeforeAndAfterAll.liftedTree1$1(BeforeAndAfterAll.scala:213)
[info]   at org.scalatest.BeforeAndAfterAll.run(BeforeAndAfterAll.scala:210)
[info]   at org.scalatest.BeforeAndAfterAll.run$(BeforeAndAfterAll.scala:208)
[info]   at frameless.TypedDatasetSuite.run(TypedDatasetSuite.scala:63)
[info]   at org.scalatest.tools.Framework.org$scalatest$tools$Framework$$runSuite(Framework.scala:321)
[info]   at org.scalatest.tools.Framework$ScalaTestTask.execute(Framework.scala:517)
[info]   at sbt.ForkMain$Run.lambda$runTest$1(ForkMain.java:414)
[info]   at java.base/java.util.concurrent.FutureTask.run(FutureTask.java:317)
[info]   at java.base/java.util.concurrent.ThreadPoolExecutor.runWorker(ThreadPoolExecutor.java:1144)
[info]   at java.base/java.util.concurrent.ThreadPoolExecutor$Worker.run(ThreadPoolExecutor.java:642)
[info]   at java.base/java.lang.Thread.run(Thread.java:1583)
[info]   Cause: java.lang.ClassCastException: Cannot cast scala.reflect.ClassTag$GenericClassTag to org.apache.spark.sql.catalyst.expressions.Expression
[info]   at java.base/java.lang.Class.cast(Class.java:4067)
[info]   at java.base/jdk.internal.reflect.DirectConstructorHandleAccessor.newInstance(DirectConstructorHandleAccessor.java:62)
[info]   at java.base/java.lang.reflect.Constructor.newInstanceWithCaller(Constructor.java:502)
[info]   at java.base/java.lang.reflect.Constructor.newInstance(Constructor.java:486)
[info]   at frameless.TypedExpressionEncoder$.$anonfun$apply$3(TypedExpressionEncoder.scala:55)
[info]   at scala.Option.map(Option.scala:242)
[info]   at frameless.TypedExpressionEncoder$.apply(TypedExpressionEncoder.scala:54)
[info]   at frameless.TypedDataset$.create(TypedDataset.scala:1325)
[info]   at frameless.functions.NonAggregateFunctionsTests.prop$51(NonAggregateFunctionsTests.scala:1556)
[info]   at frameless.functions.NonAggregateFunctionsTests.$anonfun$new$1029(NonAggregateFunctionsTests.scala:1575)
[info]   at scala.Function1.$anonfun$andThen$1(Function1.scala:87)
[info]   at org.scalacheck.Prop$.$anonfun$forAllShrink$2(Prop.scala:868)
[info]   at org.scalacheck.Prop$.secure(Prop.scala:484)
[info]   at org.scalacheck.Prop$.result$1(Prop.scala:868)
[info]   at org.scalacheck.Prop$.$anonfun$forAllShrink$1(Prop.scala:915)
[info]   at org.scalacheck.Prop$.$anonfun$apply$1(Prop.scala:305)
[info]   at org.scalacheck.PropFromFun.apply(Prop.scala:20)
[info]   at org.scalacheck.Test$.workerFun$1(Test.scala:486)
[info]   at org.scalacheck.Test$.$anonfun$check$4(Test.scala:518)
[info]   at org.scalacheck.Test$.$anonfun$check$4$adapted(Test.scala:518)
[info]   at org.scalacheck.Platform$.runWorkers(Platform.scala:42)
[info]   at org.scalacheck.Test$.check(Test.scala:518)
[info]   at org.scalatestplus.scalacheck.UnitCheckerAsserting$CheckerAssertingImpl.check(CheckerAsserting.scala:90)
[info]   at org.scalatestplus.scalacheck.Checkers.check(Checkers.scala:371)
[info]   at org.scalatestplus.scalacheck.Checkers.check$(Checkers.scala:369)
[info]   at frameless.TypedDatasetSuite.check(TypedDatasetSuite.scala:63)
[info]   at frameless.functions.NonAggregateFunctionsTests.$anonfun$new$1017(NonAggregateFunctionsTests.scala:1575)
[info]   at org.scalatest.OutcomeOf.outcomeOf(OutcomeOf.scala:85)
[info]   at org.scalatest.OutcomeOf.outcomeOf$(OutcomeOf.scala:83)
[info]   at org.scalatest.OutcomeOf$.outcomeOf(OutcomeOf.scala:104)
[info]   at org.scalatest.Transformer.apply(Transformer.scala:22)
[info]   at org.scalatest.Transformer.apply(Transformer.scala:20)
[info]   at org.scalatest.funsuite.AnyFunSuiteLike$$anon$1.apply(AnyFunSuiteLike.scala:226)
[info]   at org.scalatest.TestSuite.withFixture(TestSuite.scala:196)
[info]   at org.scalatest.TestSuite.withFixture$(TestSuite.scala:195)
[info]   at org.scalatest.funsuite.AnyFunSuite.withFixture(AnyFunSuite.scala:1564)
[info]   at org.scalatest.funsuite.AnyFunSuiteLike.invokeWithFixture$1(AnyFunSuiteLike.scala:224)
[info]   at org.scalatest.funsuite.AnyFunSuiteLike.$anonfun$runTest$1(AnyFunSuiteLike.scala:236)
[info]   at org.scalatest.SuperEngine.runTestImpl(Engine.scala:306)
[info]   at org.scalatest.funsuite.AnyFunSuiteLike.runTest(AnyFunSuiteLike.scala:236)
[info]   at org.scalatest.funsuite.AnyFunSuiteLike.runTest$(AnyFunSuiteLike.scala:218)
[info]   at org.scalatest.funsuite.AnyFunSuite.runTest(AnyFunSuite.scala:1564)
[info]   at org.scalatest.funsuite.AnyFunSuiteLike.$anonfun$runTests$1(AnyFunSuiteLike.scala:269)
[info]   at org.scalatest.SuperEngine.$anonfun$runTestsInBranch$1(Engine.scala:413)
[info]   at scala.collection.immutable.List.foreach(List.scala:334)
[info]   at org.scalatest.SuperEngine.traverseSubNodes$1(Engine.scala:401)
[info]   at org.scalatest.SuperEngine.runTestsInBranch(Engine.scala:396)
[info]   at org.scalatest.SuperEngine.runTestsImpl(Engine.scala:475)
[info]   at org.scalatest.funsuite.AnyFunSuiteLike.runTests(AnyFunSuiteLike.scala:269)
[info]   at org.scalatest.funsuite.AnyFunSuiteLike.runTests$(AnyFunSuiteLike.scala:268)
[info]   at org.scalatest.funsuite.AnyFunSuite.runTests(AnyFunSuite.scala:1564)
[info]   at org.scalatest.Suite.run(Suite.scala:1114)
[info]   at org.scalatest.Suite.run$(Suite.scala:1096)
[info]   at org.scalatest.funsuite.AnyFunSuite.org$scalatest$funsuite$AnyFunSuiteLike$$super$run(AnyFunSuite.scala:1564)
[info]   at org.scalatest.funsuite.AnyFunSuiteLike.$anonfun$run$1(AnyFunSuiteLike.scala:273)
[info]   at org.scalatest.SuperEngine.runImpl(Engine.scala:535)
[info]   at org.scalatest.funsuite.AnyFunSuiteLike.run(AnyFunSuiteLike.scala:273)
[info]   at org.scalatest.funsuite.AnyFunSuiteLike.run$(AnyFunSuiteLike.scala:272)
[info]   at frameless.TypedDatasetSuite.org$scalatest$BeforeAndAfterAll$$super$run(TypedDatasetSuite.scala:63)
[info]   at org.scalatest.BeforeAndAfterAll.liftedTree1$1(BeforeAndAfterAll.scala:213)
[info]   at org.scalatest.BeforeAndAfterAll.run(BeforeAndAfterAll.scala:210)
[info]   at org.scalatest.BeforeAndAfterAll.run$(BeforeAndAfterAll.scala:208)
[info]   at frameless.TypedDatasetSuite.run(TypedDatasetSuite.scala:63)
[info]   at org.scalatest.tools.Framework.org$scalatest$tools$Framework$$runSuite(Framework.scala:321)
[info]   at org.scalatest.tools.Framework$ScalaTestTask.execute(Framework.scala:517)
[info]   at sbt.ForkMain$Run.lambda$runTest$1(ForkMain.java:414)
[info]   at java.base/java.util.concurrent.FutureTask.run(FutureTask.java:317)
[info]   at java.base/java.util.concurrent.ThreadPoolExecutor.runWorker(ThreadPoolExecutor.java:1144)
[info]   at java.base/java.util.concurrent.ThreadPoolExecutor$Worker.run(ThreadPoolExecutor.java:642)
[info]   at java.base/java.lang.Thread.run(Thread.java:1583)
[info] - pmod *** FAILED *** (2 milliseconds)
[info]   IllegalArgumentException was thrown during property evaluation.
[info]     Message: argument type mismatch
[info]     Occurred when passed generated values (
[info]       arg0 = List()
[info]     )
[info]   org.scalatest.exceptions.GeneratorDrivenPropertyCheckFailedException:
[info]   at org.scalatestplus.scalacheck.CheckerAsserting$$anon$2.indicateFailure(CheckerAsserting.scala:251)
[info]   at org.scalatestplus.scalacheck.CheckerAsserting$$anon$2.indicateFailure(CheckerAsserting.scala:238)
[info]   at org.scalatestplus.scalacheck.UnitCheckerAsserting$CheckerAssertingImpl.check(CheckerAsserting.scala:160)
[info]   at org.scalatestplus.scalacheck.Checkers.check(Checkers.scala:371)
[info]   at org.scalatestplus.scalacheck.Checkers.check$(Checkers.scala:369)
[info]   at frameless.TypedDatasetSuite.check(TypedDatasetSuite.scala:63)
[info]   at frameless.functions.NonAggregateFunctionsTests.$anonfun$new$1039(NonAggregateFunctionsTests.scala:1608)
[info]   at org.scalatest.OutcomeOf.outcomeOf(OutcomeOf.scala:85)
[info]   at org.scalatest.OutcomeOf.outcomeOf$(OutcomeOf.scala:83)
[info]   at org.scalatest.OutcomeOf$.outcomeOf(OutcomeOf.scala:104)
[info]   at org.scalatest.Transformer.apply(Transformer.scala:22)
[info]   at org.scalatest.Transformer.apply(Transformer.scala:20)
[info]   at org.scalatest.funsuite.AnyFunSuiteLike$$anon$1.apply(AnyFunSuiteLike.scala:226)
[info]   at org.scalatest.TestSuite.withFixture(TestSuite.scala:196)
[info]   at org.scalatest.TestSuite.withFixture$(TestSuite.scala:195)
[info]   at org.scalatest.funsuite.AnyFunSuite.withFixture(AnyFunSuite.scala:1564)
[info]   at org.scalatest.funsuite.AnyFunSuiteLike.invokeWithFixture$1(AnyFunSuiteLike.scala:224)
[info]   at org.scalatest.funsuite.AnyFunSuiteLike.$anonfun$runTest$1(AnyFunSuiteLike.scala:236)
[info]   at org.scalatest.SuperEngine.runTestImpl(Engine.scala:306)
[info]   at org.scalatest.funsuite.AnyFunSuiteLike.runTest(AnyFunSuiteLike.scala:236)
[info]   at org.scalatest.funsuite.AnyFunSuiteLike.runTest$(AnyFunSuiteLike.scala:218)
[info]   at org.scalatest.funsuite.AnyFunSuite.runTest(AnyFunSuite.scala:1564)
[info]   at org.scalatest.funsuite.AnyFunSuiteLike.$anonfun$runTests$1(AnyFunSuiteLike.scala:269)
[info]   at org.scalatest.SuperEngine.$anonfun$runTestsInBranch$1(Engine.scala:413)
[info]   at scala.collection.immutable.List.foreach(List.scala:334)
[info]   at org.scalatest.SuperEngine.traverseSubNodes$1(Engine.scala:401)
[info]   at org.scalatest.SuperEngine.runTestsInBranch(Engine.scala:396)
[info]   at org.scalatest.SuperEngine.runTestsImpl(Engine.scala:475)
[info]   at org.scalatest.funsuite.AnyFunSuiteLike.runTests(AnyFunSuiteLike.scala:269)
[info]   at org.scalatest.funsuite.AnyFunSuiteLike.runTests$(AnyFunSuiteLike.scala:268)
[info]   at org.scalatest.funsuite.AnyFunSuite.runTests(AnyFunSuite.scala:1564)
[info]   at org.scalatest.Suite.run(Suite.scala:1114)
[info]   at org.scalatest.Suite.run$(Suite.scala:1096)
[info]   at org.scalatest.funsuite.AnyFunSuite.org$scalatest$funsuite$AnyFunSuiteLike$$super$run(AnyFunSuite.scala:1564)
[info]   at org.scalatest.funsuite.AnyFunSuiteLike.$anonfun$run$1(AnyFunSuiteLike.scala:273)
[info]   at org.scalatest.SuperEngine.runImpl(Engine.scala:535)
[info]   at org.scalatest.funsuite.AnyFunSuiteLike.run(AnyFunSuiteLike.scala:273)
[info]   at org.scalatest.funsuite.AnyFunSuiteLike.run$(AnyFunSuiteLike.scala:272)
[info]   at frameless.TypedDatasetSuite.org$scalatest$BeforeAndAfterAll$$super$run(TypedDatasetSuite.scala:63)
[info]   at org.scalatest.BeforeAndAfterAll.liftedTree1$1(BeforeAndAfterAll.scala:213)
[info]   at org.scalatest.BeforeAndAfterAll.run(BeforeAndAfterAll.scala:210)
[info]   at org.scalatest.BeforeAndAfterAll.run$(BeforeAndAfterAll.scala:208)
[info]   at frameless.TypedDatasetSuite.run(TypedDatasetSuite.scala:63)
[info]   at org.scalatest.tools.Framework.org$scalatest$tools$Framework$$runSuite(Framework.scala:321)
[info]   at org.scalatest.tools.Framework$ScalaTestTask.execute(Framework.scala:517)
[info]   at sbt.ForkMain$Run.lambda$runTest$1(ForkMain.java:414)
[info]   at java.base/java.util.concurrent.FutureTask.run(FutureTask.java:317)
[info]   at java.base/java.util.concurrent.ThreadPoolExecutor.runWorker(ThreadPoolExecutor.java:1144)
[info]   at java.base/java.util.concurrent.ThreadPoolExecutor$Worker.run(ThreadPoolExecutor.java:642)
[info]   at java.base/java.lang.Thread.run(Thread.java:1583)
[info]   Cause: java.lang.IllegalArgumentException: argument type mismatch
[info]   at java.base/jdk.internal.reflect.DirectConstructorHandleAccessor.newInstance(DirectConstructorHandleAccessor.java:65)
[info]   at java.base/java.lang.reflect.Constructor.newInstanceWithCaller(Constructor.java:502)
[info]   at java.base/java.lang.reflect.Constructor.newInstance(Constructor.java:486)
[info]   at frameless.TypedExpressionEncoder$.$anonfun$apply$3(TypedExpressionEncoder.scala:55)
[info]   at scala.Option.map(Option.scala:242)
[info]   at frameless.TypedExpressionEncoder$.apply(TypedExpressionEncoder.scala:54)
[info]   at frameless.TypedDataset$.create(TypedDataset.scala:1325)
[info]   at frameless.functions.NonAggregateFunctionsTests.prop$52(NonAggregateFunctionsTests.scala:1592)
[info]   at frameless.functions.NonAggregateFunctionsTests.$anonfun$new$1051(NonAggregateFunctionsTests.scala:1608)
[info]   at scala.Function1.$anonfun$andThen$1(Function1.scala:87)
[info]   at org.scalacheck.Prop$.$anonfun$forAllShrink$2(Prop.scala:868)
[info]   at org.scalacheck.Prop$.secure(Prop.scala:484)
[info]   at org.scalacheck.Prop$.result$1(Prop.scala:868)
[info]   at org.scalacheck.Prop$.$anonfun$forAllShrink$1(Prop.scala:915)
[info]   at org.scalacheck.Prop$.$anonfun$apply$1(Prop.scala:305)
[info]   at org.scalacheck.PropFromFun.apply(Prop.scala:20)
[info]   at org.scalacheck.Test$.workerFun$1(Test.scala:486)
[info]   at org.scalacheck.Test$.$anonfun$check$4(Test.scala:518)
[info]   at org.scalacheck.Test$.$anonfun$check$4$adapted(Test.scala:518)
[info]   at org.scalacheck.Platform$.runWorkers(Platform.scala:42)
[info]   at org.scalacheck.Test$.check(Test.scala:518)
[info]   at org.scalatestplus.scalacheck.UnitCheckerAsserting$CheckerAssertingImpl.check(CheckerAsserting.scala:90)
[info]   at org.scalatestplus.scalacheck.Checkers.check(Checkers.scala:371)
[info]   at org.scalatestplus.scalacheck.Checkers.check$(Checkers.scala:369)
[info]   at frameless.TypedDatasetSuite.check(TypedDatasetSuite.scala:63)
[info]   at frameless.functions.NonAggregateFunctionsTests.$anonfun$new$1039(NonAggregateFunctionsTests.scala:1608)
[info]   at org.scalatest.OutcomeOf.outcomeOf(OutcomeOf.scala:85)
[info]   at org.scalatest.OutcomeOf.outcomeOf$(OutcomeOf.scala:83)
[info]   at org.scalatest.OutcomeOf$.outcomeOf(OutcomeOf.scala:104)
[info]   at org.scalatest.Transformer.apply(Transformer.scala:22)
[info]   at org.scalatest.Transformer.apply(Transformer.scala:20)
[info]   at org.scalatest.funsuite.AnyFunSuiteLike$$anon$1.apply(AnyFunSuiteLike.scala:226)
[info]   at org.scalatest.TestSuite.withFixture(TestSuite.scala:196)
[info]   at org.scalatest.TestSuite.withFixture$(TestSuite.scala:195)
[info]   at org.scalatest.funsuite.AnyFunSuite.withFixture(AnyFunSuite.scala:1564)
[info]   at org.scalatest.funsuite.AnyFunSuiteLike.invokeWithFixture$1(AnyFunSuiteLike.scala:224)
[info]   at org.scalatest.funsuite.AnyFunSuiteLike.$anonfun$runTest$1(AnyFunSuiteLike.scala:236)
[info]   at org.scalatest.SuperEngine.runTestImpl(Engine.scala:306)
[info]   at org.scalatest.funsuite.AnyFunSuiteLike.runTest(AnyFunSuiteLike.scala:236)
[info]   at org.scalatest.funsuite.AnyFunSuiteLike.runTest$(AnyFunSuiteLike.scala:218)
[info]   at org.scalatest.funsuite.AnyFunSuite.runTest(AnyFunSuite.scala:1564)
[info]   at org.scalatest.funsuite.AnyFunSuiteLike.$anonfun$runTests$1(AnyFunSuiteLike.scala:269)
[info]   at org.scalatest.SuperEngine.$anonfun$runTestsInBranch$1(Engine.scala:413)
[info]   at scala.collection.immutable.List.foreach(List.scala:334)
[info]   at org.scalatest.SuperEngine.traverseSubNodes$1(Engine.scala:401)
[info]   at org.scalatest.SuperEngine.runTestsInBranch(Engine.scala:396)
[info]   at org.scalatest.SuperEngine.runTestsImpl(Engine.scala:475)
[info]   at org.scalatest.funsuite.AnyFunSuiteLike.runTests(AnyFunSuiteLike.scala:269)
[info]   at org.scalatest.funsuite.AnyFunSuiteLike.runTests$(AnyFunSuiteLike.scala:268)
[info]   at org.scalatest.funsuite.AnyFunSuite.runTests(AnyFunSuite.scala:1564)
[info]   at org.scalatest.Suite.run(Suite.scala:1114)
[info]   at org.scalatest.Suite.run$(Suite.scala:1096)
[info]   at org.scalatest.funsuite.AnyFunSuite.org$scalatest$funsuite$AnyFunSuiteLike$$super$run(AnyFunSuite.scala:1564)
[info]   at org.scalatest.funsuite.AnyFunSuiteLike.$anonfun$run$1(AnyFunSuiteLike.scala:273)
[info]   at org.scalatest.SuperEngine.runImpl(Engine.scala:535)
[info]   at org.scalatest.funsuite.AnyFunSuiteLike.run(AnyFunSuiteLike.scala:273)
[info]   at org.scalatest.funsuite.AnyFunSuiteLike.run$(AnyFunSuiteLike.scala:272)
[info]   at frameless.TypedDatasetSuite.org$scalatest$BeforeAndAfterAll$$super$run(TypedDatasetSuite.scala:63)
[info]   at org.scalatest.BeforeAndAfterAll.liftedTree1$1(BeforeAndAfterAll.scala:213)
[info]   at org.scalatest.BeforeAndAfterAll.run(BeforeAndAfterAll.scala:210)
[info]   at org.scalatest.BeforeAndAfterAll.run$(BeforeAndAfterAll.scala:208)
[info]   at frameless.TypedDatasetSuite.run(TypedDatasetSuite.scala:63)
[info]   at org.scalatest.tools.Framework.org$scalatest$tools$Framework$$runSuite(Framework.scala:321)
[info]   at org.scalatest.tools.Framework$ScalaTestTask.execute(Framework.scala:517)
[info]   at sbt.ForkMain$Run.lambda$runTest$1(ForkMain.java:414)
[info]   at java.base/java.util.concurrent.FutureTask.run(FutureTask.java:317)
[info]   at java.base/java.util.concurrent.ThreadPoolExecutor.runWorker(ThreadPoolExecutor.java:1144)
[info]   at java.base/java.util.concurrent.ThreadPoolExecutor$Worker.run(ThreadPoolExecutor.java:642)
[info]   at java.base/java.lang.Thread.run(Thread.java:1583)
[info]   Cause: java.lang.ClassCastException: Cannot cast scala.reflect.ClassTag$GenericClassTag to org.apache.spark.sql.catalyst.expressions.Expression
[info]   at java.base/java.lang.Class.cast(Class.java:4067)
[info]   at java.base/jdk.internal.reflect.DirectConstructorHandleAccessor.newInstance(DirectConstructorHandleAccessor.java:62)
[info]   at java.base/java.lang.reflect.Constructor.newInstanceWithCaller(Constructor.java:502)
[info]   at java.base/java.lang.reflect.Constructor.newInstance(Constructor.java:486)
[info]   at frameless.TypedExpressionEncoder$.$anonfun$apply$3(TypedExpressionEncoder.scala:55)
[info]   at scala.Option.map(Option.scala:242)
[info]   at frameless.TypedExpressionEncoder$.apply(TypedExpressionEncoder.scala:54)
[info]   at frameless.TypedDataset$.create(TypedDataset.scala:1325)
[info]   at frameless.functions.NonAggregateFunctionsTests.prop$52(NonAggregateFunctionsTests.scala:1592)
[info]   at frameless.functions.NonAggregateFunctionsTests.$anonfun$new$1051(NonAggregateFunctionsTests.scala:1608)
[info]   at scala.Function1.$anonfun$andThen$1(Function1.scala:87)
[info]   at org.scalacheck.Prop$.$anonfun$forAllShrink$2(Prop.scala:868)
[info]   at org.scalacheck.Prop$.secure(Prop.scala:484)
[info]   at org.scalacheck.Prop$.result$1(Prop.scala:868)
[info]   at org.scalacheck.Prop$.$anonfun$forAllShrink$1(Prop.scala:915)
[info]   at org.scalacheck.Prop$.$anonfun$apply$1(Prop.scala:305)
[info]   at org.scalacheck.PropFromFun.apply(Prop.scala:20)
[info]   at org.scalacheck.Test$.workerFun$1(Test.scala:486)
[info]   at org.scalacheck.Test$.$anonfun$check$4(Test.scala:518)
[info]   at org.scalacheck.Test$.$anonfun$check$4$adapted(Test.scala:518)
[info]   at org.scalacheck.Platform$.runWorkers(Platform.scala:42)
[info]   at org.scalacheck.Test$.check(Test.scala:518)
[info]   at org.scalatestplus.scalacheck.UnitCheckerAsserting$CheckerAssertingImpl.check(CheckerAsserting.scala:90)
[info]   at org.scalatestplus.scalacheck.Checkers.check(Checkers.scala:371)
[info]   at org.scalatestplus.scalacheck.Checkers.check$(Checkers.scala:369)
[info]   at frameless.TypedDatasetSuite.check(TypedDatasetSuite.scala:63)
[info]   at frameless.functions.NonAggregateFunctionsTests.$anonfun$new$1039(NonAggregateFunctionsTests.scala:1608)
[info]   at org.scalatest.OutcomeOf.outcomeOf(OutcomeOf.scala:85)
[info]   at org.scalatest.OutcomeOf.outcomeOf$(OutcomeOf.scala:83)
[info]   at org.scalatest.OutcomeOf$.outcomeOf(OutcomeOf.scala:104)
[info]   at org.scalatest.Transformer.apply(Transformer.scala:22)
[info]   at org.scalatest.Transformer.apply(Transformer.scala:20)
[info]   at org.scalatest.funsuite.AnyFunSuiteLike$$anon$1.apply(AnyFunSuiteLike.scala:226)
[info]   at org.scalatest.TestSuite.withFixture(TestSuite.scala:196)
[info]   at org.scalatest.TestSuite.withFixture$(TestSuite.scala:195)
[info]   at org.scalatest.funsuite.AnyFunSuite.withFixture(AnyFunSuite.scala:1564)
[info]   at org.scalatest.funsuite.AnyFunSuiteLike.invokeWithFixture$1(AnyFunSuiteLike.scala:224)
[info]   at org.scalatest.funsuite.AnyFunSuiteLike.$anonfun$runTest$1(AnyFunSuiteLike.scala:236)
[info]   at org.scalatest.SuperEngine.runTestImpl(Engine.scala:306)
[info]   at org.scalatest.funsuite.AnyFunSuiteLike.runTest(AnyFunSuiteLike.scala:236)
[info]   at org.scalatest.funsuite.AnyFunSuiteLike.runTest$(AnyFunSuiteLike.scala:218)
[info]   at org.scalatest.funsuite.AnyFunSuite.runTest(AnyFunSuite.scala:1564)
[info]   at org.scalatest.funsuite.AnyFunSuiteLike.$anonfun$runTests$1(AnyFunSuiteLike.scala:269)
[info]   at org.scalatest.SuperEngine.$anonfun$runTestsInBranch$1(Engine.scala:413)
[info]   at scala.collection.immutable.List.foreach(List.scala:334)
[info]   at org.scalatest.SuperEngine.traverseSubNodes$1(Engine.scala:401)
[info]   at org.scalatest.SuperEngine.runTestsInBranch(Engine.scala:396)
[info]   at org.scalatest.SuperEngine.runTestsImpl(Engine.scala:475)
[info]   at org.scalatest.funsuite.AnyFunSuiteLike.runTests(AnyFunSuiteLike.scala:269)
[info]   at org.scalatest.funsuite.AnyFunSuiteLike.runTests$(AnyFunSuiteLike.scala:268)
[info]   at org.scalatest.funsuite.AnyFunSuite.runTests(AnyFunSuite.scala:1564)
[info]   at org.scalatest.Suite.run(Suite.scala:1114)
[info]   at org.scalatest.Suite.run$(Suite.scala:1096)
[info]   at org.scalatest.funsuite.AnyFunSuite.org$scalatest$funsuite$AnyFunSuiteLike$$super$run(AnyFunSuite.scala:1564)
[info]   at org.scalatest.funsuite.AnyFunSuiteLike.$anonfun$run$1(AnyFunSuiteLike.scala:273)
[info]   at org.scalatest.SuperEngine.runImpl(Engine.scala:535)
[info]   at org.scalatest.funsuite.AnyFunSuiteLike.run(AnyFunSuiteLike.scala:273)
[info]   at org.scalatest.funsuite.AnyFunSuiteLike.run$(AnyFunSuiteLike.scala:272)
[info]   at frameless.TypedDatasetSuite.org$scalatest$BeforeAndAfterAll$$super$run(TypedDatasetSuite.scala:63)
[info]   at org.scalatest.BeforeAndAfterAll.liftedTree1$1(BeforeAndAfterAll.scala:213)
[info]   at org.scalatest.BeforeAndAfterAll.run(BeforeAndAfterAll.scala:210)
[info]   at org.scalatest.BeforeAndAfterAll.run$(BeforeAndAfterAll.scala:208)
[info]   at frameless.TypedDatasetSuite.run(TypedDatasetSuite.scala:63)
[info]   at org.scalatest.tools.Framework.org$scalatest$tools$Framework$$runSuite(Framework.scala:321)
[info]   at org.scalatest.tools.Framework$ScalaTestTask.execute(Framework.scala:517)
[info]   at sbt.ForkMain$Run.lambda$runTest$1(ForkMain.java:414)
[info]   at java.base/java.util.concurrent.FutureTask.run(FutureTask.java:317)
[info]   at java.base/java.util.concurrent.ThreadPoolExecutor.runWorker(ThreadPoolExecutor.java:1144)
[info]   at java.base/java.util.concurrent.ThreadPoolExecutor$Worker.run(ThreadPoolExecutor.java:642)
[info]   at java.base/java.lang.Thread.run(Thread.java:1583)
[info] - unbase64 *** FAILED *** (42 milliseconds)
[info]   IllegalArgumentException was thrown during property evaluation.
[info]     Message: argument type mismatch
[info]     Occurred when passed generated values (
[info]       arg0 = List()
[info]     )
[info]   org.scalatest.exceptions.GeneratorDrivenPropertyCheckFailedException:
[info]   at org.scalatestplus.scalacheck.CheckerAsserting$$anon$2.indicateFailure(CheckerAsserting.scala:251)
[info]   at org.scalatestplus.scalacheck.CheckerAsserting$$anon$2.indicateFailure(CheckerAsserting.scala:238)
[info]   at org.scalatestplus.scalacheck.UnitCheckerAsserting$CheckerAssertingImpl.check(CheckerAsserting.scala:160)
[info]   at org.scalatestplus.scalacheck.Checkers.check(Checkers.scala:371)
[info]   at org.scalatestplus.scalacheck.Checkers.check$(Checkers.scala:369)
[info]   at frameless.TypedDatasetSuite.check(TypedDatasetSuite.scala:63)
[info]   at frameless.functions.NonAggregateFunctionsTests.$anonfun$new$1061(NonAggregateFunctionsTests.scala:1637)
[info]   at org.scalatest.OutcomeOf.outcomeOf(OutcomeOf.scala:85)
[info]   at org.scalatest.OutcomeOf.outcomeOf$(OutcomeOf.scala:83)
[info]   at org.scalatest.OutcomeOf$.outcomeOf(OutcomeOf.scala:104)
[info]   at org.scalatest.Transformer.apply(Transformer.scala:22)
[info]   at org.scalatest.Transformer.apply(Transformer.scala:20)
[info]   at org.scalatest.funsuite.AnyFunSuiteLike$$anon$1.apply(AnyFunSuiteLike.scala:226)
[info]   at org.scalatest.TestSuite.withFixture(TestSuite.scala:196)
[info]   at org.scalatest.TestSuite.withFixture$(TestSuite.scala:195)
[info]   at org.scalatest.funsuite.AnyFunSuite.withFixture(AnyFunSuite.scala:1564)
[info]   at org.scalatest.funsuite.AnyFunSuiteLike.invokeWithFixture$1(AnyFunSuiteLike.scala:224)
[info]   at org.scalatest.funsuite.AnyFunSuiteLike.$anonfun$runTest$1(AnyFunSuiteLike.scala:236)
[info]   at org.scalatest.SuperEngine.runTestImpl(Engine.scala:306)
[info]   at org.scalatest.funsuite.AnyFunSuiteLike.runTest(AnyFunSuiteLike.scala:236)
[info]   at org.scalatest.funsuite.AnyFunSuiteLike.runTest$(AnyFunSuiteLike.scala:218)
[info]   at org.scalatest.funsuite.AnyFunSuite.runTest(AnyFunSuite.scala:1564)
[info]   at org.scalatest.funsuite.AnyFunSuiteLike.$anonfun$runTests$1(AnyFunSuiteLike.scala:269)
[info]   at org.scalatest.SuperEngine.$anonfun$runTestsInBranch$1(Engine.scala:413)
[info]   at scala.collection.immutable.List.foreach(List.scala:334)
[info]   at org.scalatest.SuperEngine.traverseSubNodes$1(Engine.scala:401)
[info]   at org.scalatest.SuperEngine.runTestsInBranch(Engine.scala:396)
[info]   at org.scalatest.SuperEngine.runTestsImpl(Engine.scala:475)
[info]   at org.scalatest.funsuite.AnyFunSuiteLike.runTests(AnyFunSuiteLike.scala:269)
[info]   at org.scalatest.funsuite.AnyFunSuiteLike.runTests$(AnyFunSuiteLike.scala:268)
[info]   at org.scalatest.funsuite.AnyFunSuite.runTests(AnyFunSuite.scala:1564)
[info]   at org.scalatest.Suite.run(Suite.scala:1114)
[info]   at org.scalatest.Suite.run$(Suite.scala:1096)
[info]   at org.scalatest.funsuite.AnyFunSuite.org$scalatest$funsuite$AnyFunSuiteLike$$super$run(AnyFunSuite.scala:1564)
[info]   at org.scalatest.funsuite.AnyFunSuiteLike.$anonfun$run$1(AnyFunSuiteLike.scala:273)
[info]   at org.scalatest.SuperEngine.runImpl(Engine.scala:535)
[info]   at org.scalatest.funsuite.AnyFunSuiteLike.run(AnyFunSuiteLike.scala:273)
[info]   at org.scalatest.funsuite.AnyFunSuiteLike.run$(AnyFunSuiteLike.scala:272)
[info]   at frameless.TypedDatasetSuite.org$scalatest$BeforeAndAfterAll$$super$run(TypedDatasetSuite.scala:63)
[info]   at org.scalatest.BeforeAndAfterAll.liftedTree1$1(BeforeAndAfterAll.scala:213)
[info]   at org.scalatest.BeforeAndAfterAll.run(BeforeAndAfterAll.scala:210)
[info]   at org.scalatest.BeforeAndAfterAll.run$(BeforeAndAfterAll.scala:208)
[info]   at frameless.TypedDatasetSuite.run(TypedDatasetSuite.scala:63)
[info]   at org.scalatest.tools.Framework.org$scalatest$tools$Framework$$runSuite(Framework.scala:321)
[info]   at org.scalatest.tools.Framework$ScalaTestTask.execute(Framework.scala:517)
[info]   at sbt.ForkMain$Run.lambda$runTest$1(ForkMain.java:414)
[info]   at java.base/java.util.concurrent.FutureTask.run(FutureTask.java:317)
[info]   at java.base/java.util.concurrent.ThreadPoolExecutor.runWorker(ThreadPoolExecutor.java:1144)
[info]   at java.base/java.util.concurrent.ThreadPoolExecutor$Worker.run(ThreadPoolExecutor.java:642)
[info]   at java.base/java.lang.Thread.run(Thread.java:1583)
[info]   Cause: java.lang.IllegalArgumentException: argument type mismatch
[info]   at java.base/jdk.internal.reflect.DirectConstructorHandleAccessor.newInstance(DirectConstructorHandleAccessor.java:65)
[info]   at java.base/java.lang.reflect.Constructor.newInstanceWithCaller(Constructor.java:502)
[info]   at java.base/java.lang.reflect.Constructor.newInstance(Constructor.java:486)
[info]   at frameless.TypedExpressionEncoder$.$anonfun$apply$3(TypedExpressionEncoder.scala:55)
[info]   at scala.Option.map(Option.scala:242)
[info]   at frameless.TypedExpressionEncoder$.apply(TypedExpressionEncoder.scala:54)
[info]   at frameless.TypedDataset$.create(TypedDataset.scala:1325)
[info]   at frameless.functions.NonAggregateFunctionsTests.prop$53(NonAggregateFunctionsTests.scala:1627)
[info]   at frameless.functions.NonAggregateFunctionsTests.$anonfun$new$1074(NonAggregateFunctionsTests.scala:1637)
[info]   at scala.Function1.$anonfun$andThen$1(Function1.scala:87)
[info]   at org.scalacheck.Prop$.$anonfun$forAllShrink$2(Prop.scala:868)
[info]   at org.scalacheck.Prop$.secure(Prop.scala:484)
[info]   at org.scalacheck.Prop$.result$1(Prop.scala:868)
[info]   at org.scalacheck.Prop$.$anonfun$forAllShrink$1(Prop.scala:915)
[info]   at org.scalacheck.Prop$.$anonfun$apply$1(Prop.scala:305)
[info]   at org.scalacheck.PropFromFun.apply(Prop.scala:20)
[info]   at org.scalacheck.Test$.workerFun$1(Test.scala:486)
[info]   at org.scalacheck.Test$.$anonfun$check$4(Test.scala:518)
[info]   at org.scalacheck.Test$.$anonfun$check$4$adapted(Test.scala:518)
[info]   at org.scalacheck.Platform$.runWorkers(Platform.scala:42)
[info]   at org.scalacheck.Test$.check(Test.scala:518)
[info]   at org.scalatestplus.scalacheck.UnitCheckerAsserting$CheckerAssertingImpl.check(CheckerAsserting.scala:90)
[info]   at org.scalatestplus.scalacheck.Checkers.check(Checkers.scala:371)
[info]   at org.scalatestplus.scalacheck.Checkers.check$(Checkers.scala:369)
[info]   at frameless.TypedDatasetSuite.check(TypedDatasetSuite.scala:63)
[info]   at frameless.functions.NonAggregateFunctionsTests.$anonfun$new$1061(NonAggregateFunctionsTests.scala:1637)
[info]   at org.scalatest.OutcomeOf.outcomeOf(OutcomeOf.scala:85)
[info]   at org.scalatest.OutcomeOf.outcomeOf$(OutcomeOf.scala:83)
[info]   at org.scalatest.OutcomeOf$.outcomeOf(OutcomeOf.scala:104)
[info]   at org.scalatest.Transformer.apply(Transformer.scala:22)
[info]   at org.scalatest.Transformer.apply(Transformer.scala:20)
[info]   at org.scalatest.funsuite.AnyFunSuiteLike$$anon$1.apply(AnyFunSuiteLike.scala:226)
[info]   at org.scalatest.TestSuite.withFixture(TestSuite.scala:196)
[info]   at org.scalatest.TestSuite.withFixture$(TestSuite.scala:195)
[info]   at org.scalatest.funsuite.AnyFunSuite.withFixture(AnyFunSuite.scala:1564)
[info]   at org.scalatest.funsuite.AnyFunSuiteLike.invokeWithFixture$1(AnyFunSuiteLike.scala:224)
[info]   at org.scalatest.funsuite.AnyFunSuiteLike.$anonfun$runTest$1(AnyFunSuiteLike.scala:236)
[info]   at org.scalatest.SuperEngine.runTestImpl(Engine.scala:306)
[info]   at org.scalatest.funsuite.AnyFunSuiteLike.runTest(AnyFunSuiteLike.scala:236)
[info]   at org.scalatest.funsuite.AnyFunSuiteLike.runTest$(AnyFunSuiteLike.scala:218)
[info]   at org.scalatest.funsuite.AnyFunSuite.runTest(AnyFunSuite.scala:1564)
[info]   at org.scalatest.funsuite.AnyFunSuiteLike.$anonfun$runTests$1(AnyFunSuiteLike.scala:269)
[info]   at org.scalatest.SuperEngine.$anonfun$runTestsInBranch$1(Engine.scala:413)
[info]   at scala.collection.immutable.List.foreach(List.scala:334)
[info]   at org.scalatest.SuperEngine.traverseSubNodes$1(Engine.scala:401)
[info]   at org.scalatest.SuperEngine.runTestsInBranch(Engine.scala:396)
[info]   at org.scalatest.SuperEngine.runTestsImpl(Engine.scala:475)
[info]   at org.scalatest.funsuite.AnyFunSuiteLike.runTests(AnyFunSuiteLike.scala:269)
[info]   at org.scalatest.funsuite.AnyFunSuiteLike.runTests$(AnyFunSuiteLike.scala:268)
[info]   at org.scalatest.funsuite.AnyFunSuite.runTests(AnyFunSuite.scala:1564)
[info]   at org.scalatest.Suite.run(Suite.scala:1114)
[info]   at org.scalatest.Suite.run$(Suite.scala:1096)
[info]   at org.scalatest.funsuite.AnyFunSuite.org$scalatest$funsuite$AnyFunSuiteLike$$super$run(AnyFunSuite.scala:1564)
[info]   at org.scalatest.funsuite.AnyFunSuiteLike.$anonfun$run$1(AnyFunSuiteLike.scala:273)
[info]   at org.scalatest.SuperEngine.runImpl(Engine.scala:535)
[info]   at org.scalatest.funsuite.AnyFunSuiteLike.run(AnyFunSuiteLike.scala:273)
[info]   at org.scalatest.funsuite.AnyFunSuiteLike.run$(AnyFunSuiteLike.scala:272)
[info]   at frameless.TypedDatasetSuite.org$scalatest$BeforeAndAfterAll$$super$run(TypedDatasetSuite.scala:63)
[info]   at org.scalatest.BeforeAndAfterAll.liftedTree1$1(BeforeAndAfterAll.scala:213)
[info]   at org.scalatest.BeforeAndAfterAll.run(BeforeAndAfterAll.scala:210)
[info]   at org.scalatest.BeforeAndAfterAll.run$(BeforeAndAfterAll.scala:208)
[info]   at frameless.TypedDatasetSuite.run(TypedDatasetSuite.scala:63)
[info]   at org.scalatest.tools.Framework.org$scalatest$tools$Framework$$runSuite(Framework.scala:321)
[info]   at org.scalatest.tools.Framework$ScalaTestTask.execute(Framework.scala:517)
[info]   at sbt.ForkMain$Run.lambda$runTest$1(ForkMain.java:414)
[info]   at java.base/java.util.concurrent.FutureTask.run(FutureTask.java:317)
[info]   at java.base/java.util.concurrent.ThreadPoolExecutor.runWorker(ThreadPoolExecutor.java:1144)
[info]   at java.base/java.util.concurrent.ThreadPoolExecutor$Worker.run(ThreadPoolExecutor.java:642)
[info]   at java.base/java.lang.Thread.run(Thread.java:1583)
[info]   Cause: java.lang.ClassCastException: Cannot cast scala.reflect.ClassTag$GenericClassTag to org.apache.spark.sql.catalyst.expressions.Expression
[info]   at java.base/java.lang.Class.cast(Class.java:4067)
[info]   at java.base/jdk.internal.reflect.DirectConstructorHandleAccessor.newInstance(DirectConstructorHandleAccessor.java:62)
[info]   at java.base/java.lang.reflect.Constructor.newInstanceWithCaller(Constructor.java:502)
[info]   at java.base/java.lang.reflect.Constructor.newInstance(Constructor.java:486)
[info]   at frameless.TypedExpressionEncoder$.$anonfun$apply$3(TypedExpressionEncoder.scala:55)
[info]   at scala.Option.map(Option.scala:242)
[info]   at frameless.TypedExpressionEncoder$.apply(TypedExpressionEncoder.scala:54)
[info]   at frameless.TypedDataset$.create(TypedDataset.scala:1325)
[info]   at frameless.functions.NonAggregateFunctionsTests.prop$53(NonAggregateFunctionsTests.scala:1627)
[info]   at frameless.functions.NonAggregateFunctionsTests.$anonfun$new$1074(NonAggregateFunctionsTests.scala:1637)
[info]   at scala.Function1.$anonfun$andThen$1(Function1.scala:87)
[info]   at org.scalacheck.Prop$.$anonfun$forAllShrink$2(Prop.scala:868)
[info]   at org.scalacheck.Prop$.secure(Prop.scala:484)
[info]   at org.scalacheck.Prop$.result$1(Prop.scala:868)
[info]   at org.scalacheck.Prop$.$anonfun$forAllShrink$1(Prop.scala:915)
[info]   at org.scalacheck.Prop$.$anonfun$apply$1(Prop.scala:305)
[info]   at org.scalacheck.PropFromFun.apply(Prop.scala:20)
[info]   at org.scalacheck.Test$.workerFun$1(Test.scala:486)
[info]   at org.scalacheck.Test$.$anonfun$check$4(Test.scala:518)
[info]   at org.scalacheck.Test$.$anonfun$check$4$adapted(Test.scala:518)
[info]   at org.scalacheck.Platform$.runWorkers(Platform.scala:42)
[info]   at org.scalacheck.Test$.check(Test.scala:518)
[info]   at org.scalatestplus.scalacheck.UnitCheckerAsserting$CheckerAssertingImpl.check(CheckerAsserting.scala:90)
[info]   at org.scalatestplus.scalacheck.Checkers.check(Checkers.scala:371)
[info]   at org.scalatestplus.scalacheck.Checkers.check$(Checkers.scala:369)
[info]   at frameless.TypedDatasetSuite.check(TypedDatasetSuite.scala:63)
[info]   at frameless.functions.NonAggregateFunctionsTests.$anonfun$new$1061(NonAggregateFunctionsTests.scala:1637)
[info]   at org.scalatest.OutcomeOf.outcomeOf(OutcomeOf.scala:85)
[info]   at org.scalatest.OutcomeOf.outcomeOf$(OutcomeOf.scala:83)
[info]   at org.scalatest.OutcomeOf$.outcomeOf(OutcomeOf.scala:104)
[info]   at org.scalatest.Transformer.apply(Transformer.scala:22)
[info]   at org.scalatest.Transformer.apply(Transformer.scala:20)
[info]   at org.scalatest.funsuite.AnyFunSuiteLike$$anon$1.apply(AnyFunSuiteLike.scala:226)
[info]   at org.scalatest.TestSuite.withFixture(TestSuite.scala:196)
[info]   at org.scalatest.TestSuite.withFixture$(TestSuite.scala:195)
[info]   at org.scalatest.funsuite.AnyFunSuite.withFixture(AnyFunSuite.scala:1564)
[info]   at org.scalatest.funsuite.AnyFunSuiteLike.invokeWithFixture$1(AnyFunSuiteLike.scala:224)
[info]   at org.scalatest.funsuite.AnyFunSuiteLike.$anonfun$runTest$1(AnyFunSuiteLike.scala:236)
[info]   at org.scalatest.SuperEngine.runTestImpl(Engine.scala:306)
[info]   at org.scalatest.funsuite.AnyFunSuiteLike.runTest(AnyFunSuiteLike.scala:236)
[info]   at org.scalatest.funsuite.AnyFunSuiteLike.runTest$(AnyFunSuiteLike.scala:218)
[info]   at org.scalatest.funsuite.AnyFunSuite.runTest(AnyFunSuite.scala:1564)
[info]   at org.scalatest.funsuite.AnyFunSuiteLike.$anonfun$runTests$1(AnyFunSuiteLike.scala:269)
[info]   at org.scalatest.SuperEngine.$anonfun$runTestsInBranch$1(Engine.scala:413)
[info]   at scala.collection.immutable.List.foreach(List.scala:334)
[info]   at org.scalatest.SuperEngine.traverseSubNodes$1(Engine.scala:401)
[info]   at org.scalatest.SuperEngine.runTestsInBranch(Engine.scala:396)
[info]   at org.scalatest.SuperEngine.runTestsImpl(Engine.scala:475)
[info]   at org.scalatest.funsuite.AnyFunSuiteLike.runTests(AnyFunSuiteLike.scala:269)
[info]   at org.scalatest.funsuite.AnyFunSuiteLike.runTests$(AnyFunSuiteLike.scala:268)
[info]   at org.scalatest.funsuite.AnyFunSuite.runTests(AnyFunSuite.scala:1564)
[info]   at org.scalatest.Suite.run(Suite.scala:1114)
[info]   at org.scalatest.Suite.run$(Suite.scala:1096)
[info]   at org.scalatest.funsuite.AnyFunSuite.org$scalatest$funsuite$AnyFunSuiteLike$$super$run(AnyFunSuite.scala:1564)
[info]   at org.scalatest.funsuite.AnyFunSuiteLike.$anonfun$run$1(AnyFunSuiteLike.scala:273)
[info]   at org.scalatest.SuperEngine.runImpl(Engine.scala:535)
[info]   at org.scalatest.funsuite.AnyFunSuiteLike.run(AnyFunSuiteLike.scala:273)
[info]   at org.scalatest.funsuite.AnyFunSuiteLike.run$(AnyFunSuiteLike.scala:272)
[info]   at frameless.TypedDatasetSuite.org$scalatest$BeforeAndAfterAll$$super$run(TypedDatasetSuite.scala:63)
[info]   at org.scalatest.BeforeAndAfterAll.liftedTree1$1(BeforeAndAfterAll.scala:213)
[info]   at org.scalatest.BeforeAndAfterAll.run(BeforeAndAfterAll.scala:210)
[info]   at org.scalatest.BeforeAndAfterAll.run$(BeforeAndAfterAll.scala:208)
[info]   at frameless.TypedDatasetSuite.run(TypedDatasetSuite.scala:63)
[info]   at org.scalatest.tools.Framework.org$scalatest$tools$Framework$$runSuite(Framework.scala:321)
[info]   at org.scalatest.tools.Framework$ScalaTestTask.execute(Framework.scala:517)
[info]   at sbt.ForkMain$Run.lambda$runTest$1(ForkMain.java:414)
[info]   at java.base/java.util.concurrent.FutureTask.run(FutureTask.java:317)
[info]   at java.base/java.util.concurrent.ThreadPoolExecutor.runWorker(ThreadPoolExecutor.java:1144)
[info]   at java.base/java.util.concurrent.ThreadPoolExecutor$Worker.run(ThreadPoolExecutor.java:642)
[info]   at java.base/java.lang.Thread.run(Thread.java:1583)
[info] - bin *** FAILED *** (46 milliseconds)
[info]   IllegalArgumentException was thrown during property evaluation.
[info]     Message: argument type mismatch
[info]     Occurred when passed generated values (
[info]       arg0 = List()
[info]     )
[info]   org.scalatest.exceptions.GeneratorDrivenPropertyCheckFailedException:
[info]   at org.scalatestplus.scalacheck.CheckerAsserting$$anon$2.indicateFailure(CheckerAsserting.scala:251)
[info]   at org.scalatestplus.scalacheck.CheckerAsserting$$anon$2.indicateFailure(CheckerAsserting.scala:238)
[info]   at org.scalatestplus.scalacheck.UnitCheckerAsserting$CheckerAssertingImpl.check(CheckerAsserting.scala:160)
[info]   at org.scalatestplus.scalacheck.Checkers.check(Checkers.scala:371)
[info]   at org.scalatestplus.scalacheck.Checkers.check$(Checkers.scala:369)
[info]   at frameless.TypedDatasetSuite.check(TypedDatasetSuite.scala:63)
[info]   at frameless.functions.NonAggregateFunctionsTests.$anonfun$new$1076(NonAggregateFunctionsTests.scala:1661)
[info]   at org.scalatest.OutcomeOf.outcomeOf(OutcomeOf.scala:85)
[info]   at org.scalatest.OutcomeOf.outcomeOf$(OutcomeOf.scala:83)
[info]   at org.scalatest.OutcomeOf$.outcomeOf(OutcomeOf.scala:104)
[info]   at org.scalatest.Transformer.apply(Transformer.scala:22)
[info]   at org.scalatest.Transformer.apply(Transformer.scala:20)
[info]   at org.scalatest.funsuite.AnyFunSuiteLike$$anon$1.apply(AnyFunSuiteLike.scala:226)
[info]   at org.scalatest.TestSuite.withFixture(TestSuite.scala:196)
[info]   at org.scalatest.TestSuite.withFixture$(TestSuite.scala:195)
[info]   at org.scalatest.funsuite.AnyFunSuite.withFixture(AnyFunSuite.scala:1564)
[info]   at org.scalatest.funsuite.AnyFunSuiteLike.invokeWithFixture$1(AnyFunSuiteLike.scala:224)
[info]   at org.scalatest.funsuite.AnyFunSuiteLike.$anonfun$runTest$1(AnyFunSuiteLike.scala:236)
[info]   at org.scalatest.SuperEngine.runTestImpl(Engine.scala:306)
[info]   at org.scalatest.funsuite.AnyFunSuiteLike.runTest(AnyFunSuiteLike.scala:236)
[info]   at org.scalatest.funsuite.AnyFunSuiteLike.runTest$(AnyFunSuiteLike.scala:218)
[info]   at org.scalatest.funsuite.AnyFunSuite.runTest(AnyFunSuite.scala:1564)
[info]   at org.scalatest.funsuite.AnyFunSuiteLike.$anonfun$runTests$1(AnyFunSuiteLike.scala:269)
[info]   at org.scalatest.SuperEngine.$anonfun$runTestsInBranch$1(Engine.scala:413)
[info]   at scala.collection.immutable.List.foreach(List.scala:334)
[info]   at org.scalatest.SuperEngine.traverseSubNodes$1(Engine.scala:401)
[info]   at org.scalatest.SuperEngine.runTestsInBranch(Engine.scala:396)
[info]   at org.scalatest.SuperEngine.runTestsImpl(Engine.scala:475)
[info]   at org.scalatest.funsuite.AnyFunSuiteLike.runTests(AnyFunSuiteLike.scala:269)
[info]   at org.scalatest.funsuite.AnyFunSuiteLike.runTests$(AnyFunSuiteLike.scala:268)
[info]   at org.scalatest.funsuite.AnyFunSuite.runTests(AnyFunSuite.scala:1564)
[info]   at org.scalatest.Suite.run(Suite.scala:1114)
[info]   at org.scalatest.Suite.run$(Suite.scala:1096)
[info]   at org.scalatest.funsuite.AnyFunSuite.org$scalatest$funsuite$AnyFunSuiteLike$$super$run(AnyFunSuite.scala:1564)
[info]   at org.scalatest.funsuite.AnyFunSuiteLike.$anonfun$run$1(AnyFunSuiteLike.scala:273)
[info]   at org.scalatest.SuperEngine.runImpl(Engine.scala:535)
[info]   at org.scalatest.funsuite.AnyFunSuiteLike.run(AnyFunSuiteLike.scala:273)
[info]   at org.scalatest.funsuite.AnyFunSuiteLike.run$(AnyFunSuiteLike.scala:272)
[info]   at frameless.TypedDatasetSuite.org$scalatest$BeforeAndAfterAll$$super$run(TypedDatasetSuite.scala:63)
[info]   at org.scalatest.BeforeAndAfterAll.liftedTree1$1(BeforeAndAfterAll.scala:213)
[info]   at org.scalatest.BeforeAndAfterAll.run(BeforeAndAfterAll.scala:210)
[info]   at org.scalatest.BeforeAndAfterAll.run$(BeforeAndAfterAll.scala:208)
[info]   at frameless.TypedDatasetSuite.run(TypedDatasetSuite.scala:63)
[info]   at org.scalatest.tools.Framework.org$scalatest$tools$Framework$$runSuite(Framework.scala:321)
[info]   at org.scalatest.tools.Framework$ScalaTestTask.execute(Framework.scala:517)
[info]   at sbt.ForkMain$Run.lambda$runTest$1(ForkMain.java:414)
[info]   at java.base/java.util.concurrent.FutureTask.run(FutureTask.java:317)
[info]   at java.base/java.util.concurrent.ThreadPoolExecutor.runWorker(ThreadPoolExecutor.java:1144)
[info]   at java.base/java.util.concurrent.ThreadPoolExecutor$Worker.run(ThreadPoolExecutor.java:642)
[info]   at java.base/java.lang.Thread.run(Thread.java:1583)
[info]   Cause: java.lang.IllegalArgumentException: argument type mismatch
[info]   at java.base/jdk.internal.reflect.DirectConstructorHandleAccessor.newInstance(DirectConstructorHandleAccessor.java:65)
[info]   at java.base/java.lang.reflect.Constructor.newInstanceWithCaller(Constructor.java:502)
[info]   at java.base/java.lang.reflect.Constructor.newInstance(Constructor.java:486)
[info]   at frameless.TypedExpressionEncoder$.$anonfun$apply$3(TypedExpressionEncoder.scala:55)
[info]   at scala.Option.map(Option.scala:242)
[info]   at frameless.TypedExpressionEncoder$.apply(TypedExpressionEncoder.scala:54)
[info]   at frameless.TypedDataset$.create(TypedDataset.scala:1325)
[info]   at frameless.functions.NonAggregateFunctionsTests.prop$54(NonAggregateFunctionsTests.scala:1651)
[info]   at frameless.functions.NonAggregateFunctionsTests.$anonfun$new$1086(NonAggregateFunctionsTests.scala:1661)
[info]   at scala.Function1.$anonfun$andThen$1(Function1.scala:87)
[info]   at org.scalacheck.Prop$.$anonfun$forAllShrink$2(Prop.scala:868)
[info]   at org.scalacheck.Prop$.secure(Prop.scala:484)
[info]   at org.scalacheck.Prop$.result$1(Prop.scala:868)
[info]   at org.scalacheck.Prop$.$anonfun$forAllShrink$1(Prop.scala:915)
[info]   at org.scalacheck.Prop$.$anonfun$apply$1(Prop.scala:305)
[info]   at org.scalacheck.PropFromFun.apply(Prop.scala:20)
[info]   at org.scalacheck.Test$.workerFun$1(Test.scala:486)
[info]   at org.scalacheck.Test$.$anonfun$check$4(Test.scala:518)
[info]   at org.scalacheck.Test$.$anonfun$check$4$adapted(Test.scala:518)
[info]   at org.scalacheck.Platform$.runWorkers(Platform.scala:42)
[info]   at org.scalacheck.Test$.check(Test.scala:518)
[info]   at org.scalatestplus.scalacheck.UnitCheckerAsserting$CheckerAssertingImpl.check(CheckerAsserting.scala:90)
[info]   at org.scalatestplus.scalacheck.Checkers.check(Checkers.scala:371)
[info]   at org.scalatestplus.scalacheck.Checkers.check$(Checkers.scala:369)
[info]   at frameless.TypedDatasetSuite.check(TypedDatasetSuite.scala:63)
[info]   at frameless.functions.NonAggregateFunctionsTests.$anonfun$new$1076(NonAggregateFunctionsTests.scala:1661)
[info]   at org.scalatest.OutcomeOf.outcomeOf(OutcomeOf.scala:85)
[info]   at org.scalatest.OutcomeOf.outcomeOf$(OutcomeOf.scala:83)
[info]   at org.scalatest.OutcomeOf$.outcomeOf(OutcomeOf.scala:104)
[info]   at org.scalatest.Transformer.apply(Transformer.scala:22)
[info]   at org.scalatest.Transformer.apply(Transformer.scala:20)
[info]   at org.scalatest.funsuite.AnyFunSuiteLike$$anon$1.apply(AnyFunSuiteLike.scala:226)
[info]   at org.scalatest.TestSuite.withFixture(TestSuite.scala:196)
[info]   at org.scalatest.TestSuite.withFixture$(TestSuite.scala:195)
[info]   at org.scalatest.funsuite.AnyFunSuite.withFixture(AnyFunSuite.scala:1564)
[info]   at org.scalatest.funsuite.AnyFunSuiteLike.invokeWithFixture$1(AnyFunSuiteLike.scala:224)
[info]   at org.scalatest.funsuite.AnyFunSuiteLike.$anonfun$runTest$1(AnyFunSuiteLike.scala:236)
[info]   at org.scalatest.SuperEngine.runTestImpl(Engine.scala:306)
[info]   at org.scalatest.funsuite.AnyFunSuiteLike.runTest(AnyFunSuiteLike.scala:236)
[info]   at org.scalatest.funsuite.AnyFunSuiteLike.runTest$(AnyFunSuiteLike.scala:218)
[info]   at org.scalatest.funsuite.AnyFunSuite.runTest(AnyFunSuite.scala:1564)
[info]   at org.scalatest.funsuite.AnyFunSuiteLike.$anonfun$runTests$1(AnyFunSuiteLike.scala:269)
[info]   at org.scalatest.SuperEngine.$anonfun$runTestsInBranch$1(Engine.scala:413)
[info]   at scala.collection.immutable.List.foreach(List.scala:334)
[info]   at org.scalatest.SuperEngine.traverseSubNodes$1(Engine.scala:401)
[info]   at org.scalatest.SuperEngine.runTestsInBranch(Engine.scala:396)
[info]   at org.scalatest.SuperEngine.runTestsImpl(Engine.scala:475)
[info]   at org.scalatest.funsuite.AnyFunSuiteLike.runTests(AnyFunSuiteLike.scala:269)
[info]   at org.scalatest.funsuite.AnyFunSuiteLike.runTests$(AnyFunSuiteLike.scala:268)
[info]   at org.scalatest.funsuite.AnyFunSuite.runTests(AnyFunSuite.scala:1564)
[info]   at org.scalatest.Suite.run(Suite.scala:1114)
[info]   at org.scalatest.Suite.run$(Suite.scala:1096)
[info]   at org.scalatest.funsuite.AnyFunSuite.org$scalatest$funsuite$AnyFunSuiteLike$$super$run(AnyFunSuite.scala:1564)
[info]   at org.scalatest.funsuite.AnyFunSuiteLike.$anonfun$run$1(AnyFunSuiteLike.scala:273)
[info]   at org.scalatest.SuperEngine.runImpl(Engine.scala:535)
[info]   at org.scalatest.funsuite.AnyFunSuiteLike.run(AnyFunSuiteLike.scala:273)
[info]   at org.scalatest.funsuite.AnyFunSuiteLike.run$(AnyFunSuiteLike.scala:272)
[info]   at frameless.TypedDatasetSuite.org$scalatest$BeforeAndAfterAll$$super$run(TypedDatasetSuite.scala:63)
[info]   at org.scalatest.BeforeAndAfterAll.liftedTree1$1(BeforeAndAfterAll.scala:213)
[info]   at org.scalatest.BeforeAndAfterAll.run(BeforeAndAfterAll.scala:210)
[info]   at org.scalatest.BeforeAndAfterAll.run$(BeforeAndAfterAll.scala:208)
[info]   at frameless.TypedDatasetSuite.run(TypedDatasetSuite.scala:63)
[info]   at org.scalatest.tools.Framework.org$scalatest$tools$Framework$$runSuite(Framework.scala:321)
[info]   at org.scalatest.tools.Framework$ScalaTestTask.execute(Framework.scala:517)
[info]   at sbt.ForkMain$Run.lambda$runTest$1(ForkMain.java:414)
[info]   at java.base/java.util.concurrent.FutureTask.run(FutureTask.java:317)
[info]   at java.base/java.util.concurrent.ThreadPoolExecutor.runWorker(ThreadPoolExecutor.java:1144)
[info]   at java.base/java.util.concurrent.ThreadPoolExecutor$Worker.run(ThreadPoolExecutor.java:642)
[info]   at java.base/java.lang.Thread.run(Thread.java:1583)
[info]   Cause: java.lang.ClassCastException: Cannot cast scala.reflect.ClassTag$GenericClassTag to org.apache.spark.sql.catalyst.expressions.Expression
[info]   at java.base/java.lang.Class.cast(Class.java:4067)
[info]   at java.base/jdk.internal.reflect.DirectConstructorHandleAccessor.newInstance(DirectConstructorHandleAccessor.java:62)
[info]   at java.base/java.lang.reflect.Constructor.newInstanceWithCaller(Constructor.java:502)
[info]   at java.base/java.lang.reflect.Constructor.newInstance(Constructor.java:486)
[info]   at frameless.TypedExpressionEncoder$.$anonfun$apply$3(TypedExpressionEncoder.scala:55)
[info]   at scala.Option.map(Option.scala:242)
[info]   at frameless.TypedExpressionEncoder$.apply(TypedExpressionEncoder.scala:54)
[info]   at frameless.TypedDataset$.create(TypedDataset.scala:1325)
[info]   at frameless.functions.NonAggregateFunctionsTests.prop$54(NonAggregateFunctionsTests.scala:1651)
[info]   at frameless.functions.NonAggregateFunctionsTests.$anonfun$new$1086(NonAggregateFunctionsTests.scala:1661)
[info]   at scala.Function1.$anonfun$andThen$1(Function1.scala:87)
[info]   at org.scalacheck.Prop$.$anonfun$forAllShrink$2(Prop.scala:868)
[info]   at org.scalacheck.Prop$.secure(Prop.scala:484)
[info]   at org.scalacheck.Prop$.result$1(Prop.scala:868)
[info]   at org.scalacheck.Prop$.$anonfun$forAllShrink$1(Prop.scala:915)
[info]   at org.scalacheck.Prop$.$anonfun$apply$1(Prop.scala:305)
[info]   at org.scalacheck.PropFromFun.apply(Prop.scala:20)
[info]   at org.scalacheck.Test$.workerFun$1(Test.scala:486)
[info]   at org.scalacheck.Test$.$anonfun$check$4(Test.scala:518)
[info]   at org.scalacheck.Test$.$anonfun$check$4$adapted(Test.scala:518)
[info]   at org.scalacheck.Platform$.runWorkers(Platform.scala:42)
[info]   at org.scalacheck.Test$.check(Test.scala:518)
[info]   at org.scalatestplus.scalacheck.UnitCheckerAsserting$CheckerAssertingImpl.check(CheckerAsserting.scala:90)
[info]   at org.scalatestplus.scalacheck.Checkers.check(Checkers.scala:371)
[info]   at org.scalatestplus.scalacheck.Checkers.check$(Checkers.scala:369)
[info]   at frameless.TypedDatasetSuite.check(TypedDatasetSuite.scala:63)
[info]   at frameless.functions.NonAggregateFunctionsTests.$anonfun$new$1076(NonAggregateFunctionsTests.scala:1661)
[info]   at org.scalatest.OutcomeOf.outcomeOf(OutcomeOf.scala:85)
[info]   at org.scalatest.OutcomeOf.outcomeOf$(OutcomeOf.scala:83)
[info]   at org.scalatest.OutcomeOf$.outcomeOf(OutcomeOf.scala:104)
[info]   at org.scalatest.Transformer.apply(Transformer.scala:22)
[info]   at org.scalatest.Transformer.apply(Transformer.scala:20)
[info]   at org.scalatest.funsuite.AnyFunSuiteLike$$anon$1.apply(AnyFunSuiteLike.scala:226)
[info]   at org.scalatest.TestSuite.withFixture(TestSuite.scala:196)
[info]   at org.scalatest.TestSuite.withFixture$(TestSuite.scala:195)
[info]   at org.scalatest.funsuite.AnyFunSuite.withFixture(AnyFunSuite.scala:1564)
[info]   at org.scalatest.funsuite.AnyFunSuiteLike.invokeWithFixture$1(AnyFunSuiteLike.scala:224)
[info]   at org.scalatest.funsuite.AnyFunSuiteLike.$anonfun$runTest$1(AnyFunSuiteLike.scala:236)
[info]   at org.scalatest.SuperEngine.runTestImpl(Engine.scala:306)
[info]   at org.scalatest.funsuite.AnyFunSuiteLike.runTest(AnyFunSuiteLike.scala:236)
[info]   at org.scalatest.funsuite.AnyFunSuiteLike.runTest$(AnyFunSuiteLike.scala:218)
[info]   at org.scalatest.funsuite.AnyFunSuite.runTest(AnyFunSuite.scala:1564)
[info]   at org.scalatest.funsuite.AnyFunSuiteLike.$anonfun$runTests$1(AnyFunSuiteLike.scala:269)
[info]   at org.scalatest.SuperEngine.$anonfun$runTestsInBranch$1(Engine.scala:413)
[info]   at scala.collection.immutable.List.foreach(List.scala:334)
[info]   at org.scalatest.SuperEngine.traverseSubNodes$1(Engine.scala:401)
[info]   at org.scalatest.SuperEngine.runTestsInBranch(Engine.scala:396)
[info]   at org.scalatest.SuperEngine.runTestsImpl(Engine.scala:475)
[info]   at org.scalatest.funsuite.AnyFunSuiteLike.runTests(AnyFunSuiteLike.scala:269)
[info]   at org.scalatest.funsuite.AnyFunSuiteLike.runTests$(AnyFunSuiteLike.scala:268)
[info]   at org.scalatest.funsuite.AnyFunSuite.runTests(AnyFunSuite.scala:1564)
[info]   at org.scalatest.Suite.run(Suite.scala:1114)
[info]   at org.scalatest.Suite.run$(Suite.scala:1096)
[info]   at org.scalatest.funsuite.AnyFunSuite.org$scalatest$funsuite$AnyFunSuiteLike$$super$run(AnyFunSuite.scala:1564)
[info]   at org.scalatest.funsuite.AnyFunSuiteLike.$anonfun$run$1(AnyFunSuiteLike.scala:273)
[info]   at org.scalatest.SuperEngine.runImpl(Engine.scala:535)
[info]   at org.scalatest.funsuite.AnyFunSuiteLike.run(AnyFunSuiteLike.scala:273)
[info]   at org.scalatest.funsuite.AnyFunSuiteLike.run$(AnyFunSuiteLike.scala:272)
[info]   at frameless.TypedDatasetSuite.org$scalatest$BeforeAndAfterAll$$super$run(TypedDatasetSuite.scala:63)
[info]   at org.scalatest.BeforeAndAfterAll.liftedTree1$1(BeforeAndAfterAll.scala:213)
[info]   at org.scalatest.BeforeAndAfterAll.run(BeforeAndAfterAll.scala:210)
[info]   at org.scalatest.BeforeAndAfterAll.run$(BeforeAndAfterAll.scala:208)
[info]   at frameless.TypedDatasetSuite.run(TypedDatasetSuite.scala:63)
[info]   at org.scalatest.tools.Framework.org$scalatest$tools$Framework$$runSuite(Framework.scala:321)
[info]   at org.scalatest.tools.Framework$ScalaTestTask.execute(Framework.scala:517)
[info]   at sbt.ForkMain$Run.lambda$runTest$1(ForkMain.java:414)
[info]   at java.base/java.util.concurrent.FutureTask.run(FutureTask.java:317)
[info]   at java.base/java.util.concurrent.ThreadPoolExecutor.runWorker(ThreadPoolExecutor.java:1144)
[info]   at java.base/java.util.concurrent.ThreadPoolExecutor$Worker.run(ThreadPoolExecutor.java:642)
[info]   at java.base/java.lang.Thread.run(Thread.java:1583)
[info] - bitwiseNOT *** FAILED *** (32 milliseconds)
[info]   IllegalArgumentException was thrown during property evaluation.
[info]     Message: argument type mismatch
[info]     Occurred when passed generated values (
[info]       arg0 = List()
[info]     )
[info]   org.scalatest.exceptions.GeneratorDrivenPropertyCheckFailedException:
[info]   at org.scalatestplus.scalacheck.CheckerAsserting$$anon$2.indicateFailure(CheckerAsserting.scala:251)
[info]   at org.scalatestplus.scalacheck.CheckerAsserting$$anon$2.indicateFailure(CheckerAsserting.scala:238)
[info]   at org.scalatestplus.scalacheck.UnitCheckerAsserting$CheckerAssertingImpl.check(CheckerAsserting.scala:160)
[info]   at org.scalatestplus.scalacheck.Checkers.check(Checkers.scala:371)
[info]   at org.scalatestplus.scalacheck.Checkers.check$(Checkers.scala:369)
[info]   at frameless.TypedDatasetSuite.check(TypedDatasetSuite.scala:63)
[info]   at frameless.functions.NonAggregateFunctionsTests.$anonfun$new$1088(NonAggregateFunctionsTests.scala:1687)
[info]   at org.scalatest.OutcomeOf.outcomeOf(OutcomeOf.scala:85)
[info]   at org.scalatest.OutcomeOf.outcomeOf$(OutcomeOf.scala:83)
[info]   at org.scalatest.OutcomeOf$.outcomeOf(OutcomeOf.scala:104)
[info]   at org.scalatest.Transformer.apply(Transformer.scala:22)
[info]   at org.scalatest.Transformer.apply(Transformer.scala:20)
[info]   at org.scalatest.funsuite.AnyFunSuiteLike$$anon$1.apply(AnyFunSuiteLike.scala:226)
[info]   at org.scalatest.TestSuite.withFixture(TestSuite.scala:196)
[info]   at org.scalatest.TestSuite.withFixture$(TestSuite.scala:195)
[info]   at org.scalatest.funsuite.AnyFunSuite.withFixture(AnyFunSuite.scala:1564)
[info]   at org.scalatest.funsuite.AnyFunSuiteLike.invokeWithFixture$1(AnyFunSuiteLike.scala:224)
[info]   at org.scalatest.funsuite.AnyFunSuiteLike.$anonfun$runTest$1(AnyFunSuiteLike.scala:236)
[info]   at org.scalatest.SuperEngine.runTestImpl(Engine.scala:306)
[info]   at org.scalatest.funsuite.AnyFunSuiteLike.runTest(AnyFunSuiteLike.scala:236)
[info]   at org.scalatest.funsuite.AnyFunSuiteLike.runTest$(AnyFunSuiteLike.scala:218)
[info]   at org.scalatest.funsuite.AnyFunSuite.runTest(AnyFunSuite.scala:1564)
[info]   at org.scalatest.funsuite.AnyFunSuiteLike.$anonfun$runTests$1(AnyFunSuiteLike.scala:269)
[info]   at org.scalatest.SuperEngine.$anonfun$runTestsInBranch$1(Engine.scala:413)
[info]   at scala.collection.immutable.List.foreach(List.scala:334)
[info]   at org.scalatest.SuperEngine.traverseSubNodes$1(Engine.scala:401)
[info]   at org.scalatest.SuperEngine.runTestsInBranch(Engine.scala:396)
[info]   at org.scalatest.SuperEngine.runTestsImpl(Engine.scala:475)
[info]   at org.scalatest.funsuite.AnyFunSuiteLike.runTests(AnyFunSuiteLike.scala:269)
[info]   at org.scalatest.funsuite.AnyFunSuiteLike.runTests$(AnyFunSuiteLike.scala:268)
[info]   at org.scalatest.funsuite.AnyFunSuite.runTests(AnyFunSuite.scala:1564)
[info]   at org.scalatest.Suite.run(Suite.scala:1114)
[info]   at org.scalatest.Suite.run$(Suite.scala:1096)
[info]   at org.scalatest.funsuite.AnyFunSuite.org$scalatest$funsuite$AnyFunSuiteLike$$super$run(AnyFunSuite.scala:1564)
[info]   at org.scalatest.funsuite.AnyFunSuiteLike.$anonfun$run$1(AnyFunSuiteLike.scala:273)
[info]   at org.scalatest.SuperEngine.runImpl(Engine.scala:535)
[info]   at org.scalatest.funsuite.AnyFunSuiteLike.run(AnyFunSuiteLike.scala:273)
[info]   at org.scalatest.funsuite.AnyFunSuiteLike.run$(AnyFunSuiteLike.scala:272)
[info]   at frameless.TypedDatasetSuite.org$scalatest$BeforeAndAfterAll$$super$run(TypedDatasetSuite.scala:63)
[info]   at org.scalatest.BeforeAndAfterAll.liftedTree1$1(BeforeAndAfterAll.scala:213)
[info]   at org.scalatest.BeforeAndAfterAll.run(BeforeAndAfterAll.scala:210)
[info]   at org.scalatest.BeforeAndAfterAll.run$(BeforeAndAfterAll.scala:208)
[info]   at frameless.TypedDatasetSuite.run(TypedDatasetSuite.scala:63)
[info]   at org.scalatest.tools.Framework.org$scalatest$tools$Framework$$runSuite(Framework.scala:321)
[info]   at org.scalatest.tools.Framework$ScalaTestTask.execute(Framework.scala:517)
[info]   at sbt.ForkMain$Run.lambda$runTest$1(ForkMain.java:414)
[info]   at java.base/java.util.concurrent.FutureTask.run(FutureTask.java:317)
[info]   at java.base/java.util.concurrent.ThreadPoolExecutor.runWorker(ThreadPoolExecutor.java:1144)
[info]   at java.base/java.util.concurrent.ThreadPoolExecutor$Worker.run(ThreadPoolExecutor.java:642)
[info]   at java.base/java.lang.Thread.run(Thread.java:1583)
[info]   Cause: java.lang.IllegalArgumentException: argument type mismatch
[info]   at java.base/jdk.internal.reflect.DirectConstructorHandleAccessor.newInstance(DirectConstructorHandleAccessor.java:65)
[info]   at java.base/java.lang.reflect.Constructor.newInstanceWithCaller(Constructor.java:502)
[info]   at java.base/java.lang.reflect.Constructor.newInstance(Constructor.java:486)
[info]   at frameless.TypedExpressionEncoder$.$anonfun$apply$3(TypedExpressionEncoder.scala:55)
[info]   at scala.Option.map(Option.scala:242)
[info]   at frameless.TypedExpressionEncoder$.apply(TypedExpressionEncoder.scala:54)
[info]   at frameless.TypedDataset$.create(TypedDataset.scala:1325)
[info]   at frameless.functions.NonAggregateFunctionsTests.prop$55(NonAggregateFunctionsTests.scala:1677)
[info]   at frameless.functions.NonAggregateFunctionsTests.$anonfun$new$1098(NonAggregateFunctionsTests.scala:1687)
[info]   at scala.Function1.$anonfun$andThen$1(Function1.scala:87)
[info]   at org.scalacheck.Prop$.$anonfun$forAllShrink$2(Prop.scala:868)
[info]   at org.scalacheck.Prop$.secure(Prop.scala:484)
[info]   at org.scalacheck.Prop$.result$1(Prop.scala:868)
[info]   at org.scalacheck.Prop$.$anonfun$forAllShrink$1(Prop.scala:915)
[info]   at org.scalacheck.Prop$.$anonfun$apply$1(Prop.scala:305)
[info]   at org.scalacheck.PropFromFun.apply(Prop.scala:20)
[info]   at org.scalacheck.Test$.workerFun$1(Test.scala:486)
[info]   at org.scalacheck.Test$.$anonfun$check$4(Test.scala:518)
[info]   at org.scalacheck.Test$.$anonfun$check$4$adapted(Test.scala:518)
[info]   at org.scalacheck.Platform$.runWorkers(Platform.scala:42)
[info]   at org.scalacheck.Test$.check(Test.scala:518)
[info]   at org.scalatestplus.scalacheck.UnitCheckerAsserting$CheckerAssertingImpl.check(CheckerAsserting.scala:90)
[info]   at org.scalatestplus.scalacheck.Checkers.check(Checkers.scala:371)
[info]   at org.scalatestplus.scalacheck.Checkers.check$(Checkers.scala:369)
[info]   at frameless.TypedDatasetSuite.check(TypedDatasetSuite.scala:63)
[info]   at frameless.functions.NonAggregateFunctionsTests.$anonfun$new$1088(NonAggregateFunctionsTests.scala:1687)
[info]   at org.scalatest.OutcomeOf.outcomeOf(OutcomeOf.scala:85)
[info]   at org.scalatest.OutcomeOf.outcomeOf$(OutcomeOf.scala:83)
[info]   at org.scalatest.OutcomeOf$.outcomeOf(OutcomeOf.scala:104)
[info]   at org.scalatest.Transformer.apply(Transformer.scala:22)
[info]   at org.scalatest.Transformer.apply(Transformer.scala:20)
[info]   at org.scalatest.funsuite.AnyFunSuiteLike$$anon$1.apply(AnyFunSuiteLike.scala:226)
[info]   at org.scalatest.TestSuite.withFixture(TestSuite.scala:196)
[info]   at org.scalatest.TestSuite.withFixture$(TestSuite.scala:195)
[info]   at org.scalatest.funsuite.AnyFunSuite.withFixture(AnyFunSuite.scala:1564)
[info]   at org.scalatest.funsuite.AnyFunSuiteLike.invokeWithFixture$1(AnyFunSuiteLike.scala:224)
[info]   at org.scalatest.funsuite.AnyFunSuiteLike.$anonfun$runTest$1(AnyFunSuiteLike.scala:236)
[info]   at org.scalatest.SuperEngine.runTestImpl(Engine.scala:306)
[info]   at org.scalatest.funsuite.AnyFunSuiteLike.runTest(AnyFunSuiteLike.scala:236)
[info]   at org.scalatest.funsuite.AnyFunSuiteLike.runTest$(AnyFunSuiteLike.scala:218)
[info]   at org.scalatest.funsuite.AnyFunSuite.runTest(AnyFunSuite.scala:1564)
[info]   at org.scalatest.funsuite.AnyFunSuiteLike.$anonfun$runTests$1(AnyFunSuiteLike.scala:269)
[info]   at org.scalatest.SuperEngine.$anonfun$runTestsInBranch$1(Engine.scala:413)
[info]   at scala.collection.immutable.List.foreach(List.scala:334)
[info]   at org.scalatest.SuperEngine.traverseSubNodes$1(Engine.scala:401)
[info]   at org.scalatest.SuperEngine.runTestsInBranch(Engine.scala:396)
[info]   at org.scalatest.SuperEngine.runTestsImpl(Engine.scala:475)
[info]   at org.scalatest.funsuite.AnyFunSuiteLike.runTests(AnyFunSuiteLike.scala:269)
[info]   at org.scalatest.funsuite.AnyFunSuiteLike.runTests$(AnyFunSuiteLike.scala:268)
[info]   at org.scalatest.funsuite.AnyFunSuite.runTests(AnyFunSuite.scala:1564)
[info]   at org.scalatest.Suite.run(Suite.scala:1114)
[info]   at org.scalatest.Suite.run$(Suite.scala:1096)
[info]   at org.scalatest.funsuite.AnyFunSuite.org$scalatest$funsuite$AnyFunSuiteLike$$super$run(AnyFunSuite.scala:1564)
[info]   at org.scalatest.funsuite.AnyFunSuiteLike.$anonfun$run$1(AnyFunSuiteLike.scala:273)
[info]   at org.scalatest.SuperEngine.runImpl(Engine.scala:535)
[info]   at org.scalatest.funsuite.AnyFunSuiteLike.run(AnyFunSuiteLike.scala:273)
[info]   at org.scalatest.funsuite.AnyFunSuiteLike.run$(AnyFunSuiteLike.scala:272)
[info]   at frameless.TypedDatasetSuite.org$scalatest$BeforeAndAfterAll$$super$run(TypedDatasetSuite.scala:63)
[info]   at org.scalatest.BeforeAndAfterAll.liftedTree1$1(BeforeAndAfterAll.scala:213)
[info]   at org.scalatest.BeforeAndAfterAll.run(BeforeAndAfterAll.scala:210)
[info]   at org.scalatest.BeforeAndAfterAll.run$(BeforeAndAfterAll.scala:208)
[info]   at frameless.TypedDatasetSuite.run(TypedDatasetSuite.scala:63)
[info]   at org.scalatest.tools.Framework.org$scalatest$tools$Framework$$runSuite(Framework.scala:321)
[info]   at org.scalatest.tools.Framework$ScalaTestTask.execute(Framework.scala:517)
[info]   at sbt.ForkMain$Run.lambda$runTest$1(ForkMain.java:414)
[info]   at java.base/java.util.concurrent.FutureTask.run(FutureTask.java:317)
[info]   at java.base/java.util.concurrent.ThreadPoolExecutor.runWorker(ThreadPoolExecutor.java:1144)
[info]   at java.base/java.util.concurrent.ThreadPoolExecutor$Worker.run(ThreadPoolExecutor.java:642)
[info]   at java.base/java.lang.Thread.run(Thread.java:1583)
[info]   Cause: java.lang.ClassCastException: Cannot cast scala.reflect.ClassTag$GenericClassTag to org.apache.spark.sql.catalyst.expressions.Expression
[info]   at java.base/java.lang.Class.cast(Class.java:4067)
[info]   at java.base/jdk.internal.reflect.DirectConstructorHandleAccessor.newInstance(DirectConstructorHandleAccessor.java:62)
[info]   at java.base/java.lang.reflect.Constructor.newInstanceWithCaller(Constructor.java:502)
[info]   at java.base/java.lang.reflect.Constructor.newInstance(Constructor.java:486)
[info]   at frameless.TypedExpressionEncoder$.$anonfun$apply$3(TypedExpressionEncoder.scala:55)
[info]   at scala.Option.map(Option.scala:242)
[info]   at frameless.TypedExpressionEncoder$.apply(TypedExpressionEncoder.scala:54)
[info]   at frameless.TypedDataset$.create(TypedDataset.scala:1325)
[info]   at frameless.functions.NonAggregateFunctionsTests.prop$55(NonAggregateFunctionsTests.scala:1677)
[info]   at frameless.functions.NonAggregateFunctionsTests.$anonfun$new$1098(NonAggregateFunctionsTests.scala:1687)
[info]   at scala.Function1.$anonfun$andThen$1(Function1.scala:87)
[info]   at org.scalacheck.Prop$.$anonfun$forAllShrink$2(Prop.scala:868)
[info]   at org.scalacheck.Prop$.secure(Prop.scala:484)
[info]   at org.scalacheck.Prop$.result$1(Prop.scala:868)
[info]   at org.scalacheck.Prop$.$anonfun$forAllShrink$1(Prop.scala:915)
[info]   at org.scalacheck.Prop$.$anonfun$apply$1(Prop.scala:305)
[info]   at org.scalacheck.PropFromFun.apply(Prop.scala:20)
[info]   at org.scalacheck.Test$.workerFun$1(Test.scala:486)
[info]   at org.scalacheck.Test$.$anonfun$check$4(Test.scala:518)
[info]   at org.scalacheck.Test$.$anonfun$check$4$adapted(Test.scala:518)
[info]   at org.scalacheck.Platform$.runWorkers(Platform.scala:42)
[info]   at org.scalacheck.Test$.check(Test.scala:518)
[info]   at org.scalatestplus.scalacheck.UnitCheckerAsserting$CheckerAssertingImpl.check(CheckerAsserting.scala:90)
[info]   at org.scalatestplus.scalacheck.Checkers.check(Checkers.scala:371)
[info]   at org.scalatestplus.scalacheck.Checkers.check$(Checkers.scala:369)
[info]   at frameless.TypedDatasetSuite.check(TypedDatasetSuite.scala:63)
[info]   at frameless.functions.NonAggregateFunctionsTests.$anonfun$new$1088(NonAggregateFunctionsTests.scala:1687)
[info]   at org.scalatest.OutcomeOf.outcomeOf(OutcomeOf.scala:85)
[info]   at org.scalatest.OutcomeOf.outcomeOf$(OutcomeOf.scala:83)
[info]   at org.scalatest.OutcomeOf$.outcomeOf(OutcomeOf.scala:104)
[info]   at org.scalatest.Transformer.apply(Transformer.scala:22)
[info]   at org.scalatest.Transformer.apply(Transformer.scala:20)
[info]   at org.scalatest.funsuite.AnyFunSuiteLike$$anon$1.apply(AnyFunSuiteLike.scala:226)
[info]   at org.scalatest.TestSuite.withFixture(TestSuite.scala:196)
[info]   at org.scalatest.TestSuite.withFixture$(TestSuite.scala:195)
[info]   at org.scalatest.funsuite.AnyFunSuite.withFixture(AnyFunSuite.scala:1564)
[info]   at org.scalatest.funsuite.AnyFunSuiteLike.invokeWithFixture$1(AnyFunSuiteLike.scala:224)
[info]   at org.scalatest.funsuite.AnyFunSuiteLike.$anonfun$runTest$1(AnyFunSuiteLike.scala:236)
[info]   at org.scalatest.SuperEngine.runTestImpl(Engine.scala:306)
[info]   at org.scalatest.funsuite.AnyFunSuiteLike.runTest(AnyFunSuiteLike.scala:236)
[info]   at org.scalatest.funsuite.AnyFunSuiteLike.runTest$(AnyFunSuiteLike.scala:218)
[info]   at org.scalatest.funsuite.AnyFunSuite.runTest(AnyFunSuite.scala:1564)
[info]   at org.scalatest.funsuite.AnyFunSuiteLike.$anonfun$runTests$1(AnyFunSuiteLike.scala:269)
[info]   at org.scalatest.SuperEngine.$anonfun$runTestsInBranch$1(Engine.scala:413)
[info]   at scala.collection.immutable.List.foreach(List.scala:334)
[info]   at org.scalatest.SuperEngine.traverseSubNodes$1(Engine.scala:401)
[info]   at org.scalatest.SuperEngine.runTestsInBranch(Engine.scala:396)
[info]   at org.scalatest.SuperEngine.runTestsImpl(Engine.scala:475)
[info]   at org.scalatest.funsuite.AnyFunSuiteLike.runTests(AnyFunSuiteLike.scala:269)
[info]   at org.scalatest.funsuite.AnyFunSuiteLike.runTests$(AnyFunSuiteLike.scala:268)
[info]   at org.scalatest.funsuite.AnyFunSuite.runTests(AnyFunSuite.scala:1564)
[info]   at org.scalatest.Suite.run(Suite.scala:1114)
[info]   at org.scalatest.Suite.run$(Suite.scala:1096)
[info]   at org.scalatest.funsuite.AnyFunSuite.org$scalatest$funsuite$AnyFunSuiteLike$$super$run(AnyFunSuite.scala:1564)
[info]   at org.scalatest.funsuite.AnyFunSuiteLike.$anonfun$run$1(AnyFunSuiteLike.scala:273)
[info]   at org.scalatest.SuperEngine.runImpl(Engine.scala:535)
[info]   at org.scalatest.funsuite.AnyFunSuiteLike.run(AnyFunSuiteLike.scala:273)
[info]   at org.scalatest.funsuite.AnyFunSuiteLike.run$(AnyFunSuiteLike.scala:272)
[info]   at frameless.TypedDatasetSuite.org$scalatest$BeforeAndAfterAll$$super$run(TypedDatasetSuite.scala:63)
[info]   at org.scalatest.BeforeAndAfterAll.liftedTree1$1(BeforeAndAfterAll.scala:213)
[info]   at org.scalatest.BeforeAndAfterAll.run(BeforeAndAfterAll.scala:210)
[info]   at org.scalatest.BeforeAndAfterAll.run$(BeforeAndAfterAll.scala:208)
[info]   at frameless.TypedDatasetSuite.run(TypedDatasetSuite.scala:63)
[info]   at org.scalatest.tools.Framework.org$scalatest$tools$Framework$$runSuite(Framework.scala:321)
[info]   at org.scalatest.tools.Framework$ScalaTestTask.execute(Framework.scala:517)
[info]   at sbt.ForkMain$Run.lambda$runTest$1(ForkMain.java:414)
[info]   at java.base/java.util.concurrent.FutureTask.run(FutureTask.java:317)
[info]   at java.base/java.util.concurrent.ThreadPoolExecutor.runWorker(ThreadPoolExecutor.java:1144)
[info]   at java.base/java.util.concurrent.ThreadPoolExecutor$Worker.run(ThreadPoolExecutor.java:642)
[info]   at java.base/java.lang.Thread.run(Thread.java:1583)
[info] - inputFileName *** FAILED *** (1 second, 504 milliseconds)
[info]   IllegalArgumentException was thrown during property evaluation.
[info]     Message: argument type mismatch
[info]     Occurred when passed generated values (
[info]       arg0 = List(),
[info]       arg1 = List(),
[info]       arg2 = List()
[info]     )
[info]   org.scalatest.exceptions.GeneratorDrivenPropertyCheckFailedException:
[info]   at org.scalatestplus.scalacheck.CheckerAsserting$$anon$2.indicateFailure(CheckerAsserting.scala:251)
[info]   at org.scalatestplus.scalacheck.CheckerAsserting$$anon$2.indicateFailure(CheckerAsserting.scala:238)
[info]   at org.scalatestplus.scalacheck.UnitCheckerAsserting$CheckerAssertingImpl.check(CheckerAsserting.scala:160)
[info]   at org.scalatestplus.scalacheck.Checkers.check(Checkers.scala:371)
[info]   at org.scalatestplus.scalacheck.Checkers.check$(Checkers.scala:369)
[info]   at frameless.TypedDatasetSuite.check(TypedDatasetSuite.scala:63)
[info]   at frameless.functions.NonAggregateFunctionsTests.$anonfun$new$1106(NonAggregateFunctionsTests.scala:1736)
[info]   at org.scalatest.OutcomeOf.outcomeOf(OutcomeOf.scala:85)
[info]   at org.scalatest.OutcomeOf.outcomeOf$(OutcomeOf.scala:83)
[info]   at org.scalatest.OutcomeOf$.outcomeOf(OutcomeOf.scala:104)
[info]   at org.scalatest.Transformer.apply(Transformer.scala:22)
[info]   at org.scalatest.Transformer.apply(Transformer.scala:20)
[info]   at org.scalatest.funsuite.AnyFunSuiteLike$$anon$1.apply(AnyFunSuiteLike.scala:226)
[info]   at org.scalatest.TestSuite.withFixture(TestSuite.scala:196)
[info]   at org.scalatest.TestSuite.withFixture$(TestSuite.scala:195)
[info]   at org.scalatest.funsuite.AnyFunSuite.withFixture(AnyFunSuite.scala:1564)
[info]   at org.scalatest.funsuite.AnyFunSuiteLike.invokeWithFixture$1(AnyFunSuiteLike.scala:224)
[info]   at org.scalatest.funsuite.AnyFunSuiteLike.$anonfun$runTest$1(AnyFunSuiteLike.scala:236)
[info]   at org.scalatest.SuperEngine.runTestImpl(Engine.scala:306)
[info]   at org.scalatest.funsuite.AnyFunSuiteLike.runTest(AnyFunSuiteLike.scala:236)
[info]   at org.scalatest.funsuite.AnyFunSuiteLike.runTest$(AnyFunSuiteLike.scala:218)
[info]   at org.scalatest.funsuite.AnyFunSuite.runTest(AnyFunSuite.scala:1564)
[info]   at org.scalatest.funsuite.AnyFunSuiteLike.$anonfun$runTests$1(AnyFunSuiteLike.scala:269)
[info]   at org.scalatest.SuperEngine.$anonfun$runTestsInBranch$1(Engine.scala:413)
[info]   at scala.collection.immutable.List.foreach(List.scala:334)
[info]   at org.scalatest.SuperEngine.traverseSubNodes$1(Engine.scala:401)
[info]   at org.scalatest.SuperEngine.runTestsInBranch(Engine.scala:396)
[info]   at org.scalatest.SuperEngine.runTestsImpl(Engine.scala:475)
[info]   at org.scalatest.funsuite.AnyFunSuiteLike.runTests(AnyFunSuiteLike.scala:269)
[info]   at org.scalatest.funsuite.AnyFunSuiteLike.runTests$(AnyFunSuiteLike.scala:268)
[info]   at org.scalatest.funsuite.AnyFunSuite.runTests(AnyFunSuite.scala:1564)
[info]   at org.scalatest.Suite.run(Suite.scala:1114)
[info]   at org.scalatest.Suite.run$(Suite.scala:1096)
[info]   at org.scalatest.funsuite.AnyFunSuite.org$scalatest$funsuite$AnyFunSuiteLike$$super$run(AnyFunSuite.scala:1564)
[info]   at org.scalatest.funsuite.AnyFunSuiteLike.$anonfun$run$1(AnyFunSuiteLike.scala:273)
[info]   at org.scalatest.SuperEngine.runImpl(Engine.scala:535)
[info]   at org.scalatest.funsuite.AnyFunSuiteLike.run(AnyFunSuiteLike.scala:273)
[info]   at org.scalatest.funsuite.AnyFunSuiteLike.run$(AnyFunSuiteLike.scala:272)
[info]   at frameless.TypedDatasetSuite.org$scalatest$BeforeAndAfterAll$$super$run(TypedDatasetSuite.scala:63)
[info]   at org.scalatest.BeforeAndAfterAll.liftedTree1$1(BeforeAndAfterAll.scala:213)
[info]   at org.scalatest.BeforeAndAfterAll.run(BeforeAndAfterAll.scala:210)
[info]   at org.scalatest.BeforeAndAfterAll.run$(BeforeAndAfterAll.scala:208)
[info]   at frameless.TypedDatasetSuite.run(TypedDatasetSuite.scala:63)
[info]   at org.scalatest.tools.Framework.org$scalatest$tools$Framework$$runSuite(Framework.scala:321)
[info]   at org.scalatest.tools.Framework$ScalaTestTask.execute(Framework.scala:517)
[info]   at sbt.ForkMain$Run.lambda$runTest$1(ForkMain.java:414)
[info]   at java.base/java.util.concurrent.FutureTask.run(FutureTask.java:317)
[info]   at java.base/java.util.concurrent.ThreadPoolExecutor.runWorker(ThreadPoolExecutor.java:1144)
[info]   at java.base/java.util.concurrent.ThreadPoolExecutor$Worker.run(ThreadPoolExecutor.java:642)
[info]   at java.base/java.lang.Thread.run(Thread.java:1583)
[info]   Cause: java.lang.IllegalArgumentException: argument type mismatch
[info]   at java.base/jdk.internal.reflect.DirectConstructorHandleAccessor.newInstance(DirectConstructorHandleAccessor.java:65)
[info]   at java.base/java.lang.reflect.Constructor.newInstanceWithCaller(Constructor.java:502)
[info]   at java.base/java.lang.reflect.Constructor.newInstance(Constructor.java:486)
[info]   at frameless.TypedExpressionEncoder$.$anonfun$apply$3(TypedExpressionEncoder.scala:55)
[info]   at scala.Option.map(Option.scala:242)
[info]   at frameless.TypedExpressionEncoder$.apply(TypedExpressionEncoder.scala:54)
[info]   at frameless.TypedDataset$.createUnsafe(TypedDataset.scala:1378)
[info]   at frameless.TypedDataset$.create(TypedDataset.scala:1341)
[info]   at frameless.functions.NonAggregateFunctionsTests.prop$56(NonAggregateFunctionsTests.scala:1716)
[info]   at frameless.functions.NonAggregateFunctionsTests.$anonfun$new$1138(NonAggregateFunctionsTests.scala:1736)
[info]   at org.scalacheck.Prop$.$anonfun$forAll$20(Prop.scala:1147)
[info]   at org.scalacheck.Prop$.$anonfun$forAll$18(Prop.scala:1131)
[info]   at scala.Function1.$anonfun$andThen$1(Function1.scala:87)
[info]   at org.scalacheck.Prop$.$anonfun$forAllShrink$2(Prop.scala:868)
[info]   at org.scalacheck.Prop$.secure(Prop.scala:484)
[info]   at org.scalacheck.Prop$.result$1(Prop.scala:868)
[info]   at org.scalacheck.Prop$.$anonfun$forAllShrink$1(Prop.scala:915)
[info]   at org.scalacheck.Prop$.$anonfun$apply$1(Prop.scala:305)
[info]   at org.scalacheck.PropFromFun.apply(Prop.scala:20)
[info]   at org.scalacheck.Prop$.result$1(Prop.scala:869)
[info]   at org.scalacheck.Prop$.$anonfun$forAllShrink$1(Prop.scala:915)
[info]   at org.scalacheck.Prop$.$anonfun$apply$1(Prop.scala:305)
[info]   at org.scalacheck.PropFromFun.apply(Prop.scala:20)
[info]   at org.scalacheck.Prop$.result$1(Prop.scala:869)
[info]   at org.scalacheck.Prop$.$anonfun$forAllShrink$1(Prop.scala:915)
[info]   at org.scalacheck.Prop$.$anonfun$apply$1(Prop.scala:305)
[info]   at org.scalacheck.PropFromFun.apply(Prop.scala:20)
[info]   at org.scalacheck.Test$.workerFun$1(Test.scala:486)
[info]   at org.scalacheck.Test$.$anonfun$check$4(Test.scala:518)
[info]   at org.scalacheck.Test$.$anonfun$check$4$adapted(Test.scala:518)
[info]   at org.scalacheck.Platform$.runWorkers(Platform.scala:42)
[info]   at org.scalacheck.Test$.check(Test.scala:518)
[info]   at org.scalatestplus.scalacheck.UnitCheckerAsserting$CheckerAssertingImpl.check(CheckerAsserting.scala:90)
[info]   at org.scalatestplus.scalacheck.Checkers.check(Checkers.scala:371)
[info]   at org.scalatestplus.scalacheck.Checkers.check$(Checkers.scala:369)
[info]   at frameless.TypedDatasetSuite.check(TypedDatasetSuite.scala:63)
[info]   at frameless.functions.NonAggregateFunctionsTests.$anonfun$new$1106(NonAggregateFunctionsTests.scala:1736)
[info]   at org.scalatest.OutcomeOf.outcomeOf(OutcomeOf.scala:85)
[info]   at org.scalatest.OutcomeOf.outcomeOf$(OutcomeOf.scala:83)
[info]   at org.scalatest.OutcomeOf$.outcomeOf(OutcomeOf.scala:104)
[info]   at org.scalatest.Transformer.apply(Transformer.scala:22)
[info]   at org.scalatest.Transformer.apply(Transformer.scala:20)
[info]   at org.scalatest.funsuite.AnyFunSuiteLike$$anon$1.apply(AnyFunSuiteLike.scala:226)
[info]   at org.scalatest.TestSuite.withFixture(TestSuite.scala:196)
[info]   at org.scalatest.TestSuite.withFixture$(TestSuite.scala:195)
[info]   at org.scalatest.funsuite.AnyFunSuite.withFixture(AnyFunSuite.scala:1564)
[info]   at org.scalatest.funsuite.AnyFunSuiteLike.invokeWithFixture$1(AnyFunSuiteLike.scala:224)
[info]   at org.scalatest.funsuite.AnyFunSuiteLike.$anonfun$runTest$1(AnyFunSuiteLike.scala:236)
[info]   at org.scalatest.SuperEngine.runTestImpl(Engine.scala:306)
[info]   at org.scalatest.funsuite.AnyFunSuiteLike.runTest(AnyFunSuiteLike.scala:236)
[info]   at org.scalatest.funsuite.AnyFunSuiteLike.runTest$(AnyFunSuiteLike.scala:218)
[info]   at org.scalatest.funsuite.AnyFunSuite.runTest(AnyFunSuite.scala:1564)
[info]   at org.scalatest.funsuite.AnyFunSuiteLike.$anonfun$runTests$1(AnyFunSuiteLike.scala:269)
[info]   at org.scalatest.SuperEngine.$anonfun$runTestsInBranch$1(Engine.scala:413)
[info]   at scala.collection.immutable.List.foreach(List.scala:334)
[info]   at org.scalatest.SuperEngine.traverseSubNodes$1(Engine.scala:401)
[info]   at org.scalatest.SuperEngine.runTestsInBranch(Engine.scala:396)
[info]   at org.scalatest.SuperEngine.runTestsImpl(Engine.scala:475)
[info]   at org.scalatest.funsuite.AnyFunSuiteLike.runTests(AnyFunSuiteLike.scala:269)
[info]   at org.scalatest.funsuite.AnyFunSuiteLike.runTests$(AnyFunSuiteLike.scala:268)
[info]   at org.scalatest.funsuite.AnyFunSuite.runTests(AnyFunSuite.scala:1564)
[info]   at org.scalatest.Suite.run(Suite.scala:1114)
[info]   at org.scalatest.Suite.run$(Suite.scala:1096)
[info]   at org.scalatest.funsuite.AnyFunSuite.org$scalatest$funsuite$AnyFunSuiteLike$$super$run(AnyFunSuite.scala:1564)
[info]   at org.scalatest.funsuite.AnyFunSuiteLike.$anonfun$run$1(AnyFunSuiteLike.scala:273)
[info]   at org.scalatest.SuperEngine.runImpl(Engine.scala:535)
[info]   at org.scalatest.funsuite.AnyFunSuiteLike.run(AnyFunSuiteLike.scala:273)
[info]   at org.scalatest.funsuite.AnyFunSuiteLike.run$(AnyFunSuiteLike.scala:272)
[info]   at frameless.TypedDatasetSuite.org$scalatest$BeforeAndAfterAll$$super$run(TypedDatasetSuite.scala:63)
[info]   at org.scalatest.BeforeAndAfterAll.liftedTree1$1(BeforeAndAfterAll.scala:213)
[info]   at org.scalatest.BeforeAndAfterAll.run(BeforeAndAfterAll.scala:210)
[info]   at org.scalatest.BeforeAndAfterAll.run$(BeforeAndAfterAll.scala:208)
[info]   at frameless.TypedDatasetSuite.run(TypedDatasetSuite.scala:63)
[info]   at org.scalatest.tools.Framework.org$scalatest$tools$Framework$$runSuite(Framework.scala:321)
[info]   at org.scalatest.tools.Framework$ScalaTestTask.execute(Framework.scala:517)
[info]   at sbt.ForkMain$Run.lambda$runTest$1(ForkMain.java:414)
[info]   at java.base/java.util.concurrent.FutureTask.run(FutureTask.java:317)
[info]   at java.base/java.util.concurrent.ThreadPoolExecutor.runWorker(ThreadPoolExecutor.java:1144)
[info]   at java.base/java.util.concurrent.ThreadPoolExecutor$Worker.run(ThreadPoolExecutor.java:642)
[info]   at java.base/java.lang.Thread.run(Thread.java:1583)
[info]   Cause: java.lang.ClassCastException: Cannot cast scala.reflect.ClassTag$GenericClassTag to org.apache.spark.sql.catalyst.expressions.Expression
[info]   at java.base/java.lang.Class.cast(Class.java:4067)
[info]   at java.base/jdk.internal.reflect.DirectConstructorHandleAccessor.newInstance(DirectConstructorHandleAccessor.java:62)
[info]   at java.base/java.lang.reflect.Constructor.newInstanceWithCaller(Constructor.java:502)
[info]   at java.base/java.lang.reflect.Constructor.newInstance(Constructor.java:486)
[info]   at frameless.TypedExpressionEncoder$.$anonfun$apply$3(TypedExpressionEncoder.scala:55)
[info]   at scala.Option.map(Option.scala:242)
[info]   at frameless.TypedExpressionEncoder$.apply(TypedExpressionEncoder.scala:54)
[info]   at frameless.TypedDataset$.createUnsafe(TypedDataset.scala:1378)
[info]   at frameless.TypedDataset$.create(TypedDataset.scala:1341)
[info]   at frameless.functions.NonAggregateFunctionsTests.prop$56(NonAggregateFunctionsTests.scala:1716)
[info]   at frameless.functions.NonAggregateFunctionsTests.$anonfun$new$1138(NonAggregateFunctionsTests.scala:1736)
[info]   at org.scalacheck.Prop$.$anonfun$forAll$20(Prop.scala:1147)
[info]   at org.scalacheck.Prop$.$anonfun$forAll$18(Prop.scala:1131)
[info]   at scala.Function1.$anonfun$andThen$1(Function1.scala:87)
[info]   at org.scalacheck.Prop$.$anonfun$forAllShrink$2(Prop.scala:868)
[info]   at org.scalacheck.Prop$.secure(Prop.scala:484)
[info]   at org.scalacheck.Prop$.result$1(Prop.scala:868)
[info]   at org.scalacheck.Prop$.$anonfun$forAllShrink$1(Prop.scala:915)
[info]   at org.scalacheck.Prop$.$anonfun$apply$1(Prop.scala:305)
[info]   at org.scalacheck.PropFromFun.apply(Prop.scala:20)
[info]   at org.scalacheck.Prop$.result$1(Prop.scala:869)
[info]   at org.scalacheck.Prop$.$anonfun$forAllShrink$1(Prop.scala:915)
[info]   at org.scalacheck.Prop$.$anonfun$apply$1(Prop.scala:305)
[info]   at org.scalacheck.PropFromFun.apply(Prop.scala:20)
[info]   at org.scalacheck.Prop$.result$1(Prop.scala:869)
[info]   at org.scalacheck.Prop$.$anonfun$forAllShrink$1(Prop.scala:915)
[info]   at org.scalacheck.Prop$.$anonfun$apply$1(Prop.scala:305)
[info]   at org.scalacheck.PropFromFun.apply(Prop.scala:20)
[info]   at org.scalacheck.Test$.workerFun$1(Test.scala:486)
[info]   at org.scalacheck.Test$.$anonfun$check$4(Test.scala:518)
[info]   at org.scalacheck.Test$.$anonfun$check$4$adapted(Test.scala:518)
[info]   at org.scalacheck.Platform$.runWorkers(Platform.scala:42)
[info]   at org.scalacheck.Test$.check(Test.scala:518)
[info]   at org.scalatestplus.scalacheck.UnitCheckerAsserting$CheckerAssertingImpl.check(CheckerAsserting.scala:90)
[info]   at org.scalatestplus.scalacheck.Checkers.check(Checkers.scala:371)
[info]   at org.scalatestplus.scalacheck.Checkers.check$(Checkers.scala:369)
[info]   at frameless.TypedDatasetSuite.check(TypedDatasetSuite.scala:63)
[info]   at frameless.functions.NonAggregateFunctionsTests.$anonfun$new$1106(NonAggregateFunctionsTests.scala:1736)
[info]   at org.scalatest.OutcomeOf.outcomeOf(OutcomeOf.scala:85)
[info]   at org.scalatest.OutcomeOf.outcomeOf$(OutcomeOf.scala:83)
[info]   at org.scalatest.OutcomeOf$.outcomeOf(OutcomeOf.scala:104)
[info]   at org.scalatest.Transformer.apply(Transformer.scala:22)
[info]   at org.scalatest.Transformer.apply(Transformer.scala:20)
[info]   at org.scalatest.funsuite.AnyFunSuiteLike$$anon$1.apply(AnyFunSuiteLike.scala:226)
[info]   at org.scalatest.TestSuite.withFixture(TestSuite.scala:196)
[info]   at org.scalatest.TestSuite.withFixture$(TestSuite.scala:195)
[info]   at org.scalatest.funsuite.AnyFunSuite.withFixture(AnyFunSuite.scala:1564)
[info]   at org.scalatest.funsuite.AnyFunSuiteLike.invokeWithFixture$1(AnyFunSuiteLike.scala:224)
[info]   at org.scalatest.funsuite.AnyFunSuiteLike.$anonfun$runTest$1(AnyFunSuiteLike.scala:236)
[info]   at org.scalatest.SuperEngine.runTestImpl(Engine.scala:306)
[info]   at org.scalatest.funsuite.AnyFunSuiteLike.runTest(AnyFunSuiteLike.scala:236)
[info]   at org.scalatest.funsuite.AnyFunSuiteLike.runTest$(AnyFunSuiteLike.scala:218)
[info]   at org.scalatest.funsuite.AnyFunSuite.runTest(AnyFunSuite.scala:1564)
[info]   at org.scalatest.funsuite.AnyFunSuiteLike.$anonfun$runTests$1(AnyFunSuiteLike.scala:269)
[info]   at org.scalatest.SuperEngine.$anonfun$runTestsInBranch$1(Engine.scala:413)
[info]   at scala.collection.immutable.List.foreach(List.scala:334)
[info]   at org.scalatest.SuperEngine.traverseSubNodes$1(Engine.scala:401)
[info]   at org.scalatest.SuperEngine.runTestsInBranch(Engine.scala:396)
[info]   at org.scalatest.SuperEngine.runTestsImpl(Engine.scala:475)
[info]   at org.scalatest.funsuite.AnyFunSuiteLike.runTests(AnyFunSuiteLike.scala:269)
[info]   at org.scalatest.funsuite.AnyFunSuiteLike.runTests$(AnyFunSuiteLike.scala:268)
[info]   at org.scalatest.funsuite.AnyFunSuite.runTests(AnyFunSuite.scala:1564)
[info]   at org.scalatest.Suite.run(Suite.scala:1114)
[info]   at org.scalatest.Suite.run$(Suite.scala:1096)
[info]   at org.scalatest.funsuite.AnyFunSuite.org$scalatest$funsuite$AnyFunSuiteLike$$super$run(AnyFunSuite.scala:1564)
[info]   at org.scalatest.funsuite.AnyFunSuiteLike.$anonfun$run$1(AnyFunSuiteLike.scala:273)
[info]   at org.scalatest.SuperEngine.runImpl(Engine.scala:535)
[info]   at org.scalatest.funsuite.AnyFunSuiteLike.run(AnyFunSuiteLike.scala:273)
[info]   at org.scalatest.funsuite.AnyFunSuiteLike.run$(AnyFunSuiteLike.scala:272)
[info]   at frameless.TypedDatasetSuite.org$scalatest$BeforeAndAfterAll$$super$run(TypedDatasetSuite.scala:63)
[info]   at org.scalatest.BeforeAndAfterAll.liftedTree1$1(BeforeAndAfterAll.scala:213)
[info]   at org.scalatest.BeforeAndAfterAll.run(BeforeAndAfterAll.scala:210)
[info]   at org.scalatest.BeforeAndAfterAll.run$(BeforeAndAfterAll.scala:208)
[info]   at frameless.TypedDatasetSuite.run(TypedDatasetSuite.scala:63)
[info]   at org.scalatest.tools.Framework.org$scalatest$tools$Framework$$runSuite(Framework.scala:321)
[info]   at org.scalatest.tools.Framework$ScalaTestTask.execute(Framework.scala:517)
[info]   at sbt.ForkMain$Run.lambda$runTest$1(ForkMain.java:414)
[info]   at java.base/java.util.concurrent.FutureTask.run(FutureTask.java:317)
[info]   at java.base/java.util.concurrent.ThreadPoolExecutor.runWorker(ThreadPoolExecutor.java:1144)
[info]   at java.base/java.util.concurrent.ThreadPoolExecutor$Worker.run(ThreadPoolExecutor.java:642)
[info]   at java.base/java.lang.Thread.run(Thread.java:1583)
[info] - monotonic id *** FAILED *** (6 milliseconds)
[info]   IllegalArgumentException was thrown during property evaluation.
[info]     Message: argument type mismatch
[info]     Occurred when passed generated values (
[info]       arg0 = List()
[info]     )
[info]   org.scalatest.exceptions.GeneratorDrivenPropertyCheckFailedException:
[info]   at org.scalatestplus.scalacheck.CheckerAsserting$$anon$2.indicateFailure(CheckerAsserting.scala:251)
[info]   at org.scalatestplus.scalacheck.CheckerAsserting$$anon$2.indicateFailure(CheckerAsserting.scala:238)
[info]   at org.scalatestplus.scalacheck.UnitCheckerAsserting$CheckerAssertingImpl.check(CheckerAsserting.scala:160)
[info]   at org.scalatestplus.scalacheck.Checkers.check(Checkers.scala:371)
[info]   at org.scalatestplus.scalacheck.Checkers.check$(Checkers.scala:369)
[info]   at frameless.TypedDatasetSuite.check(TypedDatasetSuite.scala:63)
[info]   at frameless.functions.NonAggregateFunctionsTests.$anonfun$new$1142(NonAggregateFunctionsTests.scala:1756)
[info]   at org.scalatest.OutcomeOf.outcomeOf(OutcomeOf.scala:85)
[info]   at org.scalatest.OutcomeOf.outcomeOf$(OutcomeOf.scala:83)
[info]   at org.scalatest.OutcomeOf$.outcomeOf(OutcomeOf.scala:104)
[info]   at org.scalatest.Transformer.apply(Transformer.scala:22)
[info]   at org.scalatest.Transformer.apply(Transformer.scala:20)
[info]   at org.scalatest.funsuite.AnyFunSuiteLike$$anon$1.apply(AnyFunSuiteLike.scala:226)
[info]   at org.scalatest.TestSuite.withFixture(TestSuite.scala:196)
[info]   at org.scalatest.TestSuite.withFixture$(TestSuite.scala:195)
[info]   at org.scalatest.funsuite.AnyFunSuite.withFixture(AnyFunSuite.scala:1564)
[info]   at org.scalatest.funsuite.AnyFunSuiteLike.invokeWithFixture$1(AnyFunSuiteLike.scala:224)
[info]   at org.scalatest.funsuite.AnyFunSuiteLike.$anonfun$runTest$1(AnyFunSuiteLike.scala:236)
[info]   at org.scalatest.SuperEngine.runTestImpl(Engine.scala:306)
[info]   at org.scalatest.funsuite.AnyFunSuiteLike.runTest(AnyFunSuiteLike.scala:236)
[info]   at org.scalatest.funsuite.AnyFunSuiteLike.runTest$(AnyFunSuiteLike.scala:218)
[info]   at org.scalatest.funsuite.AnyFunSuite.runTest(AnyFunSuite.scala:1564)
[info]   at org.scalatest.funsuite.AnyFunSuiteLike.$anonfun$runTests$1(AnyFunSuiteLike.scala:269)
[info]   at org.scalatest.SuperEngine.$anonfun$runTestsInBranch$1(Engine.scala:413)
[info]   at scala.collection.immutable.List.foreach(List.scala:334)
[info]   at org.scalatest.SuperEngine.traverseSubNodes$1(Engine.scala:401)
[info]   at org.scalatest.SuperEngine.runTestsInBranch(Engine.scala:396)
[info]   at org.scalatest.SuperEngine.runTestsImpl(Engine.scala:475)
[info]   at org.scalatest.funsuite.AnyFunSuiteLike.runTests(AnyFunSuiteLike.scala:269)
[info]   at org.scalatest.funsuite.AnyFunSuiteLike.runTests$(AnyFunSuiteLike.scala:268)
[info]   at org.scalatest.funsuite.AnyFunSuite.runTests(AnyFunSuite.scala:1564)
[info]   at org.scalatest.Suite.run(Suite.scala:1114)
[info]   at org.scalatest.Suite.run$(Suite.scala:1096)
[info]   at org.scalatest.funsuite.AnyFunSuite.org$scalatest$funsuite$AnyFunSuiteLike$$super$run(AnyFunSuite.scala:1564)
[info]   at org.scalatest.funsuite.AnyFunSuiteLike.$anonfun$run$1(AnyFunSuiteLike.scala:273)
[info]   at org.scalatest.SuperEngine.runImpl(Engine.scala:535)
[info]   at org.scalatest.funsuite.AnyFunSuiteLike.run(AnyFunSuiteLike.scala:273)
[info]   at org.scalatest.funsuite.AnyFunSuiteLike.run$(AnyFunSuiteLike.scala:272)
[info]   at frameless.TypedDatasetSuite.org$scalatest$BeforeAndAfterAll$$super$run(TypedDatasetSuite.scala:63)
[info]   at org.scalatest.BeforeAndAfterAll.liftedTree1$1(BeforeAndAfterAll.scala:213)
[info]   at org.scalatest.BeforeAndAfterAll.run(BeforeAndAfterAll.scala:210)
[info]   at org.scalatest.BeforeAndAfterAll.run$(BeforeAndAfterAll.scala:208)
[info]   at frameless.TypedDatasetSuite.run(TypedDatasetSuite.scala:63)
[info]   at org.scalatest.tools.Framework.org$scalatest$tools$Framework$$runSuite(Framework.scala:321)
[info]   at org.scalatest.tools.Framework$ScalaTestTask.execute(Framework.scala:517)
[info]   at sbt.ForkMain$Run.lambda$runTest$1(ForkMain.java:414)
[info]   at java.base/java.util.concurrent.FutureTask.run(FutureTask.java:317)
[info]   at java.base/java.util.concurrent.ThreadPoolExecutor.runWorker(ThreadPoolExecutor.java:1144)
[info]   at java.base/java.util.concurrent.ThreadPoolExecutor$Worker.run(ThreadPoolExecutor.java:642)
[info]   at java.base/java.lang.Thread.run(Thread.java:1583)
[info]   Cause: java.lang.IllegalArgumentException: argument type mismatch
[info]   at java.base/jdk.internal.reflect.DirectConstructorHandleAccessor.newInstance(DirectConstructorHandleAccessor.java:65)
[info]   at java.base/java.lang.reflect.Constructor.newInstanceWithCaller(Constructor.java:502)
[info]   at java.base/java.lang.reflect.Constructor.newInstance(Constructor.java:486)
[info]   at frameless.TypedExpressionEncoder$.$anonfun$apply$3(TypedExpressionEncoder.scala:55)
[info]   at scala.Option.map(Option.scala:242)
[info]   at frameless.TypedExpressionEncoder$.apply(TypedExpressionEncoder.scala:54)
[info]   at frameless.TypedDataset$.create(TypedDataset.scala:1325)
[info]   at frameless.functions.NonAggregateFunctionsTests.prop$57(NonAggregateFunctionsTests.scala:1744)
[info]   at frameless.functions.NonAggregateFunctionsTests.$anonfun$new$1161(NonAggregateFunctionsTests.scala:1756)
[info]   at scala.Function1.$anonfun$andThen$1(Function1.scala:87)
[info]   at org.scalacheck.Prop$.$anonfun$forAllShrink$2(Prop.scala:868)
[info]   at org.scalacheck.Prop$.secure(Prop.scala:484)
[info]   at org.scalacheck.Prop$.result$1(Prop.scala:868)
[info]   at org.scalacheck.Prop$.$anonfun$forAllShrink$1(Prop.scala:915)
[info]   at org.scalacheck.Prop$.$anonfun$apply$1(Prop.scala:305)
[info]   at org.scalacheck.PropFromFun.apply(Prop.scala:20)
[info]   at org.scalacheck.Test$.workerFun$1(Test.scala:486)
[info]   at org.scalacheck.Test$.$anonfun$check$4(Test.scala:518)
[info]   at org.scalacheck.Test$.$anonfun$check$4$adapted(Test.scala:518)
[info]   at org.scalacheck.Platform$.runWorkers(Platform.scala:42)
[info]   at org.scalacheck.Test$.check(Test.scala:518)
[info]   at org.scalatestplus.scalacheck.UnitCheckerAsserting$CheckerAssertingImpl.check(CheckerAsserting.scala:90)
[info]   at org.scalatestplus.scalacheck.Checkers.check(Checkers.scala:371)
[info]   at org.scalatestplus.scalacheck.Checkers.check$(Checkers.scala:369)
[info]   at frameless.TypedDatasetSuite.check(TypedDatasetSuite.scala:63)
[info]   at frameless.functions.NonAggregateFunctionsTests.$anonfun$new$1142(NonAggregateFunctionsTests.scala:1756)
[info]   at org.scalatest.OutcomeOf.outcomeOf(OutcomeOf.scala:85)
[info]   at org.scalatest.OutcomeOf.outcomeOf$(OutcomeOf.scala:83)
[info]   at org.scalatest.OutcomeOf$.outcomeOf(OutcomeOf.scala:104)
[info]   at org.scalatest.Transformer.apply(Transformer.scala:22)
[info]   at org.scalatest.Transformer.apply(Transformer.scala:20)
[info]   at org.scalatest.funsuite.AnyFunSuiteLike$$anon$1.apply(AnyFunSuiteLike.scala:226)
[info]   at org.scalatest.TestSuite.withFixture(TestSuite.scala:196)
[info]   at org.scalatest.TestSuite.withFixture$(TestSuite.scala:195)
[info]   at org.scalatest.funsuite.AnyFunSuite.withFixture(AnyFunSuite.scala:1564)
[info]   at org.scalatest.funsuite.AnyFunSuiteLike.invokeWithFixture$1(AnyFunSuiteLike.scala:224)
[info]   at org.scalatest.funsuite.AnyFunSuiteLike.$anonfun$runTest$1(AnyFunSuiteLike.scala:236)
[info]   at org.scalatest.SuperEngine.runTestImpl(Engine.scala:306)
[info]   at org.scalatest.funsuite.AnyFunSuiteLike.runTest(AnyFunSuiteLike.scala:236)
[info]   at org.scalatest.funsuite.AnyFunSuiteLike.runTest$(AnyFunSuiteLike.scala:218)
[info]   at org.scalatest.funsuite.AnyFunSuite.runTest(AnyFunSuite.scala:1564)
[info]   at org.scalatest.funsuite.AnyFunSuiteLike.$anonfun$runTests$1(AnyFunSuiteLike.scala:269)
[info]   at org.scalatest.SuperEngine.$anonfun$runTestsInBranch$1(Engine.scala:413)
[info]   at scala.collection.immutable.List.foreach(List.scala:334)
[info]   at org.scalatest.SuperEngine.traverseSubNodes$1(Engine.scala:401)
[info]   at org.scalatest.SuperEngine.runTestsInBranch(Engine.scala:396)
[info]   at org.scalatest.SuperEngine.runTestsImpl(Engine.scala:475)
[info]   at org.scalatest.funsuite.AnyFunSuiteLike.runTests(AnyFunSuiteLike.scala:269)
[info]   at org.scalatest.funsuite.AnyFunSuiteLike.runTests$(AnyFunSuiteLike.scala:268)
[info]   at org.scalatest.funsuite.AnyFunSuite.runTests(AnyFunSuite.scala:1564)
[info]   at org.scalatest.Suite.run(Suite.scala:1114)
[info]   at org.scalatest.Suite.run$(Suite.scala:1096)
[info]   at org.scalatest.funsuite.AnyFunSuite.org$scalatest$funsuite$AnyFunSuiteLike$$super$run(AnyFunSuite.scala:1564)
[info]   at org.scalatest.funsuite.AnyFunSuiteLike.$anonfun$run$1(AnyFunSuiteLike.scala:273)
[info]   at org.scalatest.SuperEngine.runImpl(Engine.scala:535)
[info]   at org.scalatest.funsuite.AnyFunSuiteLike.run(AnyFunSuiteLike.scala:273)
[info]   at org.scalatest.funsuite.AnyFunSuiteLike.run$(AnyFunSuiteLike.scala:272)
[info]   at frameless.TypedDatasetSuite.org$scalatest$BeforeAndAfterAll$$super$run(TypedDatasetSuite.scala:63)
[info]   at org.scalatest.BeforeAndAfterAll.liftedTree1$1(BeforeAndAfterAll.scala:213)
[info]   at org.scalatest.BeforeAndAfterAll.run(BeforeAndAfterAll.scala:210)
[info]   at org.scalatest.BeforeAndAfterAll.run$(BeforeAndAfterAll.scala:208)
[info]   at frameless.TypedDatasetSuite.run(TypedDatasetSuite.scala:63)
[info]   at org.scalatest.tools.Framework.org$scalatest$tools$Framework$$runSuite(Framework.scala:321)
[info]   at org.scalatest.tools.Framework$ScalaTestTask.execute(Framework.scala:517)
[info]   at sbt.ForkMain$Run.lambda$runTest$1(ForkMain.java:414)
[info]   at java.base/java.util.concurrent.FutureTask.run(FutureTask.java:317)
[info]   at java.base/java.util.concurrent.ThreadPoolExecutor.runWorker(ThreadPoolExecutor.java:1144)
[info]   at java.base/java.util.concurrent.ThreadPoolExecutor$Worker.run(ThreadPoolExecutor.java:642)
[info]   at java.base/java.lang.Thread.run(Thread.java:1583)
[info]   Cause: java.lang.ClassCastException: Cannot cast scala.reflect.ClassTag$GenericClassTag to org.apache.spark.sql.catalyst.expressions.Expression
[info]   at java.base/java.lang.Class.cast(Class.java:4067)
[info]   at java.base/jdk.internal.reflect.DirectConstructorHandleAccessor.newInstance(DirectConstructorHandleAccessor.java:62)
[info]   at java.base/java.lang.reflect.Constructor.newInstanceWithCaller(Constructor.java:502)
[info]   at java.base/java.lang.reflect.Constructor.newInstance(Constructor.java:486)
[info]   at frameless.TypedExpressionEncoder$.$anonfun$apply$3(TypedExpressionEncoder.scala:55)
[info]   at scala.Option.map(Option.scala:242)
[info]   at frameless.TypedExpressionEncoder$.apply(TypedExpressionEncoder.scala:54)
[info]   at frameless.TypedDataset$.create(TypedDataset.scala:1325)
[info]   at frameless.functions.NonAggregateFunctionsTests.prop$57(NonAggregateFunctionsTests.scala:1744)
[info]   at frameless.functions.NonAggregateFunctionsTests.$anonfun$new$1161(NonAggregateFunctionsTests.scala:1756)
[info]   at scala.Function1.$anonfun$andThen$1(Function1.scala:87)
[info]   at org.scalacheck.Prop$.$anonfun$forAllShrink$2(Prop.scala:868)
[info]   at org.scalacheck.Prop$.secure(Prop.scala:484)
[info]   at org.scalacheck.Prop$.result$1(Prop.scala:868)
[info]   at org.scalacheck.Prop$.$anonfun$forAllShrink$1(Prop.scala:915)
[info]   at org.scalacheck.Prop$.$anonfun$apply$1(Prop.scala:305)
[info]   at org.scalacheck.PropFromFun.apply(Prop.scala:20)
[info]   at org.scalacheck.Test$.workerFun$1(Test.scala:486)
[info]   at org.scalacheck.Test$.$anonfun$check$4(Test.scala:518)
[info]   at org.scalacheck.Test$.$anonfun$check$4$adapted(Test.scala:518)
[info]   at org.scalacheck.Platform$.runWorkers(Platform.scala:42)
[info]   at org.scalacheck.Test$.check(Test.scala:518)
[info]   at org.scalatestplus.scalacheck.UnitCheckerAsserting$CheckerAssertingImpl.check(CheckerAsserting.scala:90)
[info]   at org.scalatestplus.scalacheck.Checkers.check(Checkers.scala:371)
[info]   at org.scalatestplus.scalacheck.Checkers.check$(Checkers.scala:369)
[info]   at frameless.TypedDatasetSuite.check(TypedDatasetSuite.scala:63)
[info]   at frameless.functions.NonAggregateFunctionsTests.$anonfun$new$1142(NonAggregateFunctionsTests.scala:1756)
[info]   at org.scalatest.OutcomeOf.outcomeOf(OutcomeOf.scala:85)
[info]   at org.scalatest.OutcomeOf.outcomeOf$(OutcomeOf.scala:83)
[info]   at org.scalatest.OutcomeOf$.outcomeOf(OutcomeOf.scala:104)
[info]   at org.scalatest.Transformer.apply(Transformer.scala:22)
[info]   at org.scalatest.Transformer.apply(Transformer.scala:20)
[info]   at org.scalatest.funsuite.AnyFunSuiteLike$$anon$1.apply(AnyFunSuiteLike.scala:226)
[info]   at org.scalatest.TestSuite.withFixture(TestSuite.scala:196)
[info]   at org.scalatest.TestSuite.withFixture$(TestSuite.scala:195)
[info]   at org.scalatest.funsuite.AnyFunSuite.withFixture(AnyFunSuite.scala:1564)
[info]   at org.scalatest.funsuite.AnyFunSuiteLike.invokeWithFixture$1(AnyFunSuiteLike.scala:224)
[info]   at org.scalatest.funsuite.AnyFunSuiteLike.$anonfun$runTest$1(AnyFunSuiteLike.scala:236)
[info]   at org.scalatest.SuperEngine.runTestImpl(Engine.scala:306)
[info]   at org.scalatest.funsuite.AnyFunSuiteLike.runTest(AnyFunSuiteLike.scala:236)
[info]   at org.scalatest.funsuite.AnyFunSuiteLike.runTest$(AnyFunSuiteLike.scala:218)
[info]   at org.scalatest.funsuite.AnyFunSuite.runTest(AnyFunSuite.scala:1564)
[info]   at org.scalatest.funsuite.AnyFunSuiteLike.$anonfun$runTests$1(AnyFunSuiteLike.scala:269)
[info]   at org.scalatest.SuperEngine.$anonfun$runTestsInBranch$1(Engine.scala:413)
[info]   at scala.collection.immutable.List.foreach(List.scala:334)
[info]   at org.scalatest.SuperEngine.traverseSubNodes$1(Engine.scala:401)
[info]   at org.scalatest.SuperEngine.runTestsInBranch(Engine.scala:396)
[info]   at org.scalatest.SuperEngine.runTestsImpl(Engine.scala:475)
[info]   at org.scalatest.funsuite.AnyFunSuiteLike.runTests(AnyFunSuiteLike.scala:269)
[info]   at org.scalatest.funsuite.AnyFunSuiteLike.runTests$(AnyFunSuiteLike.scala:268)
[info]   at org.scalatest.funsuite.AnyFunSuite.runTests(AnyFunSuite.scala:1564)
[info]   at org.scalatest.Suite.run(Suite.scala:1114)
[info]   at org.scalatest.Suite.run$(Suite.scala:1096)
[info]   at org.scalatest.funsuite.AnyFunSuite.org$scalatest$funsuite$AnyFunSuiteLike$$super$run(AnyFunSuite.scala:1564)
[info]   at org.scalatest.funsuite.AnyFunSuiteLike.$anonfun$run$1(AnyFunSuiteLike.scala:273)
[info]   at org.scalatest.SuperEngine.runImpl(Engine.scala:535)
[info]   at org.scalatest.funsuite.AnyFunSuiteLike.run(AnyFunSuiteLike.scala:273)
[info]   at org.scalatest.funsuite.AnyFunSuiteLike.run$(AnyFunSuiteLike.scala:272)
[info]   at frameless.TypedDatasetSuite.org$scalatest$BeforeAndAfterAll$$super$run(TypedDatasetSuite.scala:63)
[info]   at org.scalatest.BeforeAndAfterAll.liftedTree1$1(BeforeAndAfterAll.scala:213)
[info]   at org.scalatest.BeforeAndAfterAll.run(BeforeAndAfterAll.scala:210)
[info]   at org.scalatest.BeforeAndAfterAll.run$(BeforeAndAfterAll.scala:208)
[info]   at frameless.TypedDatasetSuite.run(TypedDatasetSuite.scala:63)
[info]   at org.scalatest.tools.Framework.org$scalatest$tools$Framework$$runSuite(Framework.scala:321)
[info]   at org.scalatest.tools.Framework$ScalaTestTask.execute(Framework.scala:517)
[info]   at sbt.ForkMain$Run.lambda$runTest$1(ForkMain.java:414)
[info]   at java.base/java.util.concurrent.FutureTask.run(FutureTask.java:317)
[info]   at java.base/java.util.concurrent.ThreadPoolExecutor.runWorker(ThreadPoolExecutor.java:1144)
[info]   at java.base/java.util.concurrent.ThreadPoolExecutor$Worker.run(ThreadPoolExecutor.java:642)
[info]   at java.base/java.lang.Thread.run(Thread.java:1583)
[info] - when *** FAILED *** (720 milliseconds)
[info]   IllegalArgumentException was thrown during property evaluation.
[info]     Message: argument type mismatch
[info]     Occurred when passed generated values (
[info]       arg0 = false,
[info]       arg1 = true,
[info]       arg2 = 0, // 1 shrink
[info]       arg3 = 0, // 64 shrinks
[info]       arg4 = 0 // 63 shrinks
[info]     )
[info]   org.scalatest.exceptions.GeneratorDrivenPropertyCheckFailedException:
[info]   at org.scalatestplus.scalacheck.CheckerAsserting$$anon$2.indicateFailure(CheckerAsserting.scala:251)
[info]   at org.scalatestplus.scalacheck.CheckerAsserting$$anon$2.indicateFailure(CheckerAsserting.scala:238)
[info]   at org.scalatestplus.scalacheck.UnitCheckerAsserting$CheckerAssertingImpl.check(CheckerAsserting.scala:160)
[info]   at org.scalatestplus.scalacheck.Checkers.check(Checkers.scala:371)
[info]   at org.scalatestplus.scalacheck.Checkers.check$(Checkers.scala:369)
[info]   at frameless.TypedDatasetSuite.check(TypedDatasetSuite.scala:63)
[info]   at frameless.functions.NonAggregateFunctionsTests.$anonfun$new$1163(NonAggregateFunctionsTests.scala:1790)
[info]   at org.scalatest.OutcomeOf.outcomeOf(OutcomeOf.scala:85)
[info]   at org.scalatest.OutcomeOf.outcomeOf$(OutcomeOf.scala:83)
[info]   at org.scalatest.OutcomeOf$.outcomeOf(OutcomeOf.scala:104)
[info]   at org.scalatest.Transformer.apply(Transformer.scala:22)
[info]   at org.scalatest.Transformer.apply(Transformer.scala:20)
[info]   at org.scalatest.funsuite.AnyFunSuiteLike$$anon$1.apply(AnyFunSuiteLike.scala:226)
[info]   at org.scalatest.TestSuite.withFixture(TestSuite.scala:196)
[info]   at org.scalatest.TestSuite.withFixture$(TestSuite.scala:195)
[info]   at org.scalatest.funsuite.AnyFunSuite.withFixture(AnyFunSuite.scala:1564)
[info]   at org.scalatest.funsuite.AnyFunSuiteLike.invokeWithFixture$1(AnyFunSuiteLike.scala:224)
[info]   at org.scalatest.funsuite.AnyFunSuiteLike.$anonfun$runTest$1(AnyFunSuiteLike.scala:236)
[info]   at org.scalatest.SuperEngine.runTestImpl(Engine.scala:306)
[info]   at org.scalatest.funsuite.AnyFunSuiteLike.runTest(AnyFunSuiteLike.scala:236)
[info]   at org.scalatest.funsuite.AnyFunSuiteLike.runTest$(AnyFunSuiteLike.scala:218)
[info]   at org.scalatest.funsuite.AnyFunSuite.runTest(AnyFunSuite.scala:1564)
[info]   at org.scalatest.funsuite.AnyFunSuiteLike.$anonfun$runTests$1(AnyFunSuiteLike.scala:269)
[info]   at org.scalatest.SuperEngine.$anonfun$runTestsInBranch$1(Engine.scala:413)
[info]   at scala.collection.immutable.List.foreach(List.scala:334)
[info]   at org.scalatest.SuperEngine.traverseSubNodes$1(Engine.scala:401)
[info]   at org.scalatest.SuperEngine.runTestsInBranch(Engine.scala:396)
[info]   at org.scalatest.SuperEngine.runTestsImpl(Engine.scala:475)
[info]   at org.scalatest.funsuite.AnyFunSuiteLike.runTests(AnyFunSuiteLike.scala:269)
[info]   at org.scalatest.funsuite.AnyFunSuiteLike.runTests$(AnyFunSuiteLike.scala:268)
[info]   at org.scalatest.funsuite.AnyFunSuite.runTests(AnyFunSuite.scala:1564)
[info]   at org.scalatest.Suite.run(Suite.scala:1114)
[info]   at org.scalatest.Suite.run$(Suite.scala:1096)
[info]   at org.scalatest.funsuite.AnyFunSuite.org$scalatest$funsuite$AnyFunSuiteLike$$super$run(AnyFunSuite.scala:1564)
[info]   at org.scalatest.funsuite.AnyFunSuiteLike.$anonfun$run$1(AnyFunSuiteLike.scala:273)
[info]   at org.scalatest.SuperEngine.runImpl(Engine.scala:535)
[info]   at org.scalatest.funsuite.AnyFunSuiteLike.run(AnyFunSuiteLike.scala:273)
[info]   at org.scalatest.funsuite.AnyFunSuiteLike.run$(AnyFunSuiteLike.scala:272)
[info]   at frameless.TypedDatasetSuite.org$scalatest$BeforeAndAfterAll$$super$run(TypedDatasetSuite.scala:63)
[info]   at org.scalatest.BeforeAndAfterAll.liftedTree1$1(BeforeAndAfterAll.scala:213)
[info]   at org.scalatest.BeforeAndAfterAll.run(BeforeAndAfterAll.scala:210)
[info]   at org.scalatest.BeforeAndAfterAll.run$(BeforeAndAfterAll.scala:208)
[info]   at frameless.TypedDatasetSuite.run(TypedDatasetSuite.scala:63)
[info]   at org.scalatest.tools.Framework.org$scalatest$tools$Framework$$runSuite(Framework.scala:321)
[info]   at org.scalatest.tools.Framework$ScalaTestTask.execute(Framework.scala:517)
[info]   at sbt.ForkMain$Run.lambda$runTest$1(ForkMain.java:414)
[info]   at java.base/java.util.concurrent.FutureTask.run(FutureTask.java:317)
[info]   at java.base/java.util.concurrent.ThreadPoolExecutor.runWorker(ThreadPoolExecutor.java:1144)
[info]   at java.base/java.util.concurrent.ThreadPoolExecutor$Worker.run(ThreadPoolExecutor.java:642)
[info]   at java.base/java.lang.Thread.run(Thread.java:1583)
[info]   Cause: java.lang.IllegalArgumentException: argument type mismatch
[info]   at java.base/jdk.internal.reflect.DirectConstructorHandleAccessor.newInstance(DirectConstructorHandleAccessor.java:65)
[info]   at java.base/java.lang.reflect.Constructor.newInstanceWithCaller(Constructor.java:502)
[info]   at java.base/java.lang.reflect.Constructor.newInstance(Constructor.java:486)
[info]   at frameless.TypedExpressionEncoder$.$anonfun$apply$3(TypedExpressionEncoder.scala:55)
[info]   at scala.Option.map(Option.scala:242)
[info]   at frameless.TypedExpressionEncoder$.apply(TypedExpressionEncoder.scala:54)
[info]   at frameless.TypedDataset$.create(TypedDataset.scala:1325)
[info]   at frameless.functions.NonAggregateFunctionsTests.prop$58(NonAggregateFunctionsTests.scala:1765)
[info]   at frameless.functions.NonAggregateFunctionsTests.$anonfun$new$1180(NonAggregateFunctionsTests.scala:1790)
[info]   at frameless.functions.NonAggregateFunctionsTests.$anonfun$new$1180$adapted(NonAggregateFunctionsTests.scala:1790)
[info]   at org.scalacheck.Prop$.$anonfun$forAll$24(Prop.scala:1188)
[info]   at org.scalacheck.Prop$.$anonfun$forAll$22(Prop.scala:1166)
[info]   at org.scalacheck.Prop$.$anonfun$forAll$20(Prop.scala:1147)
[info]   at org.scalacheck.Prop$.$anonfun$forAll$18(Prop.scala:1131)
[info]   at scala.Function1.$anonfun$andThen$1(Function1.scala:87)
[info]   at org.scalacheck.Prop$.$anonfun$forAllShrink$2(Prop.scala:868)
[info]   at org.scalacheck.Prop$.secure(Prop.scala:484)
[info]   at org.scalacheck.Prop$.result$1(Prop.scala:868)
[info]   at org.scalacheck.Prop$.$anonfun$forAllShrink$4(Prop.scala:880)
[info]   at scala.collection.immutable.Stream.map(Stream.scala:173)
[info]   at org.scalacheck.Prop$.getFirstFailure$1(Prop.scala:880)
[info]   at org.scalacheck.Prop$.shrinker$1(Prop.scala:895)
[info]   at org.scalacheck.Prop$.$anonfun$forAllShrink$1(Prop.scala:916)
[info]   at org.scalacheck.Prop$.$anonfun$apply$1(Prop.scala:305)
[info]   at org.scalacheck.PropFromFun.apply(Prop.scala:20)
[info]   at org.scalacheck.Prop$.result$1(Prop.scala:869)
[info]   at org.scalacheck.Prop$.$anonfun$forAllShrink$4(Prop.scala:880)
[info]   at scala.collection.immutable.Stream.map(Stream.scala:173)
[info]   at org.scalacheck.Prop$.getFirstFailure$1(Prop.scala:880)
[info]   at org.scalacheck.Prop$.shrinker$1(Prop.scala:895)
[info]   at org.scalacheck.Prop$.$anonfun$forAllShrink$1(Prop.scala:916)
[info]   at org.scalacheck.Prop$.$anonfun$apply$1(Prop.scala:305)
[info]   at org.scalacheck.PropFromFun.apply(Prop.scala:20)
[info]   at org.scalacheck.Prop$.result$1(Prop.scala:869)
[info]   at org.scalacheck.Prop$.$anonfun$forAllShrink$4(Prop.scala:880)
[info]   at scala.collection.immutable.Stream.map(Stream.scala:173)
[info]   at org.scalacheck.Prop$.getFirstFailure$1(Prop.scala:880)
[info]   at org.scalacheck.Prop$.shrinker$1(Prop.scala:895)
[info]   at org.scalacheck.Prop$.$anonfun$forAllShrink$1(Prop.scala:916)
[info]   at org.scalacheck.Prop$.$anonfun$apply$1(Prop.scala:305)
[info]   at org.scalacheck.PropFromFun.apply(Prop.scala:20)
[info]   at org.scalacheck.Prop$.result$1(Prop.scala:869)
[info]   at org.scalacheck.Prop$.$anonfun$forAllShrink$1(Prop.scala:915)
[info]   at org.scalacheck.Prop$.$anonfun$apply$1(Prop.scala:305)
[info]   at org.scalacheck.PropFromFun.apply(Prop.scala:20)
[info]   at org.scalacheck.Prop$.result$1(Prop.scala:869)
[info]   at org.scalacheck.Prop$.$anonfun$forAllShrink$1(Prop.scala:915)
[info]   at org.scalacheck.Prop$.$anonfun$apply$1(Prop.scala:305)
[info]   at org.scalacheck.PropFromFun.apply(Prop.scala:20)
[info]   at org.scalacheck.Test$.workerFun$1(Test.scala:486)
[info]   at org.scalacheck.Test$.$anonfun$check$4(Test.scala:518)
[info]   at org.scalacheck.Test$.$anonfun$check$4$adapted(Test.scala:518)
[info]   at org.scalacheck.Platform$.runWorkers(Platform.scala:42)
[info]   at org.scalacheck.Test$.check(Test.scala:518)
[info]   at org.scalatestplus.scalacheck.UnitCheckerAsserting$CheckerAssertingImpl.check(CheckerAsserting.scala:90)
[info]   at org.scalatestplus.scalacheck.Checkers.check(Checkers.scala:371)
[info]   at org.scalatestplus.scalacheck.Checkers.check$(Checkers.scala:369)
[info]   at frameless.TypedDatasetSuite.check(TypedDatasetSuite.scala:63)
[info]   at frameless.functions.NonAggregateFunctionsTests.$anonfun$new$1163(NonAggregateFunctionsTests.scala:1790)
[info]   at org.scalatest.OutcomeOf.outcomeOf(OutcomeOf.scala:85)
[info]   at org.scalatest.OutcomeOf.outcomeOf$(OutcomeOf.scala:83)
[info]   at org.scalatest.OutcomeOf$.outcomeOf(OutcomeOf.scala:104)
[info]   at org.scalatest.Transformer.apply(Transformer.scala:22)
[info]   at org.scalatest.Transformer.apply(Transformer.scala:20)
[info]   at org.scalatest.funsuite.AnyFunSuiteLike$$anon$1.apply(AnyFunSuiteLike.scala:226)
[info]   at org.scalatest.TestSuite.withFixture(TestSuite.scala:196)
[info]   at org.scalatest.TestSuite.withFixture$(TestSuite.scala:195)
[info]   at org.scalatest.funsuite.AnyFunSuite.withFixture(AnyFunSuite.scala:1564)
[info]   at org.scalatest.funsuite.AnyFunSuiteLike.invokeWithFixture$1(AnyFunSuiteLike.scala:224)
[info]   at org.scalatest.funsuite.AnyFunSuiteLike.$anonfun$runTest$1(AnyFunSuiteLike.scala:236)
[info]   at org.scalatest.SuperEngine.runTestImpl(Engine.scala:306)
[info]   at org.scalatest.funsuite.AnyFunSuiteLike.runTest(AnyFunSuiteLike.scala:236)
[info]   at org.scalatest.funsuite.AnyFunSuiteLike.runTest$(AnyFunSuiteLike.scala:218)
[info]   at org.scalatest.funsuite.AnyFunSuite.runTest(AnyFunSuite.scala:1564)
[info]   at org.scalatest.funsuite.AnyFunSuiteLike.$anonfun$runTests$1(AnyFunSuiteLike.scala:269)
[info]   at org.scalatest.SuperEngine.$anonfun$runTestsInBranch$1(Engine.scala:413)
[info]   at scala.collection.immutable.List.foreach(List.scala:334)
[info]   at org.scalatest.SuperEngine.traverseSubNodes$1(Engine.scala:401)
[info]   at org.scalatest.SuperEngine.runTestsInBranch(Engine.scala:396)
[info]   at org.scalatest.SuperEngine.runTestsImpl(Engine.scala:475)
[info]   at org.scalatest.funsuite.AnyFunSuiteLike.runTests(AnyFunSuiteLike.scala:269)
[info]   at org.scalatest.funsuite.AnyFunSuiteLike.runTests$(AnyFunSuiteLike.scala:268)
[info]   at org.scalatest.funsuite.AnyFunSuite.runTests(AnyFunSuite.scala:1564)
[info]   at org.scalatest.Suite.run(Suite.scala:1114)
[info]   at org.scalatest.Suite.run$(Suite.scala:1096)
[info]   at org.scalatest.funsuite.AnyFunSuite.org$scalatest$funsuite$AnyFunSuiteLike$$super$run(AnyFunSuite.scala:1564)
[info]   at org.scalatest.funsuite.AnyFunSuiteLike.$anonfun$run$1(AnyFunSuiteLike.scala:273)
[info]   at org.scalatest.SuperEngine.runImpl(Engine.scala:535)
[info]   at org.scalatest.funsuite.AnyFunSuiteLike.run(AnyFunSuiteLike.scala:273)
[info]   at org.scalatest.funsuite.AnyFunSuiteLike.run$(AnyFunSuiteLike.scala:272)
[info]   at frameless.TypedDatasetSuite.org$scalatest$BeforeAndAfterAll$$super$run(TypedDatasetSuite.scala:63)
[info]   at org.scalatest.BeforeAndAfterAll.liftedTree1$1(BeforeAndAfterAll.scala:213)
[info]   at org.scalatest.BeforeAndAfterAll.run(BeforeAndAfterAll.scala:210)
[info]   at org.scalatest.BeforeAndAfterAll.run$(BeforeAndAfterAll.scala:208)
[info]   at frameless.TypedDatasetSuite.run(TypedDatasetSuite.scala:63)
[info]   at org.scalatest.tools.Framework.org$scalatest$tools$Framework$$runSuite(Framework.scala:321)
[info]   at org.scalatest.tools.Framework$ScalaTestTask.execute(Framework.scala:517)
[info]   at sbt.ForkMain$Run.lambda$runTest$1(ForkMain.java:414)
[info]   at java.base/java.util.concurrent.FutureTask.run(FutureTask.java:317)
[info]   at java.base/java.util.concurrent.ThreadPoolExecutor.runWorker(ThreadPoolExecutor.java:1144)
[info]   at java.base/java.util.concurrent.ThreadPoolExecutor$Worker.run(ThreadPoolExecutor.java:642)
[info]   at java.base/java.lang.Thread.run(Thread.java:1583)
[info]   Cause: java.lang.ClassCastException: Cannot cast scala.reflect.ClassTag$GenericClassTag to org.apache.spark.sql.catalyst.expressions.Expression
[info]   at java.base/java.lang.Class.cast(Class.java:4067)
[info]   at java.base/jdk.internal.reflect.DirectConstructorHandleAccessor.newInstance(DirectConstructorHandleAccessor.java:62)
[info]   at java.base/java.lang.reflect.Constructor.newInstanceWithCaller(Constructor.java:502)
[info]   at java.base/java.lang.reflect.Constructor.newInstance(Constructor.java:486)
[info]   at frameless.TypedExpressionEncoder$.$anonfun$apply$3(TypedExpressionEncoder.scala:55)
[info]   at scala.Option.map(Option.scala:242)
[info]   at frameless.TypedExpressionEncoder$.apply(TypedExpressionEncoder.scala:54)
[info]   at frameless.TypedDataset$.create(TypedDataset.scala:1325)
[info]   at frameless.functions.NonAggregateFunctionsTests.prop$58(NonAggregateFunctionsTests.scala:1765)
[info]   at frameless.functions.NonAggregateFunctionsTests.$anonfun$new$1180(NonAggregateFunctionsTests.scala:1790)
[info]   at frameless.functions.NonAggregateFunctionsTests.$anonfun$new$1180$adapted(NonAggregateFunctionsTests.scala:1790)
[info]   at org.scalacheck.Prop$.$anonfun$forAll$24(Prop.scala:1188)
[info]   at org.scalacheck.Prop$.$anonfun$forAll$22(Prop.scala:1166)
[info]   at org.scalacheck.Prop$.$anonfun$forAll$20(Prop.scala:1147)
[info]   at org.scalacheck.Prop$.$anonfun$forAll$18(Prop.scala:1131)
[info]   at scala.Function1.$anonfun$andThen$1(Function1.scala:87)
[info]   at org.scalacheck.Prop$.$anonfun$forAllShrink$2(Prop.scala:868)
[info]   at org.scalacheck.Prop$.secure(Prop.scala:484)
[info]   at org.scalacheck.Prop$.result$1(Prop.scala:868)
[info]   at org.scalacheck.Prop$.$anonfun$forAllShrink$4(Prop.scala:880)
[info]   at scala.collection.immutable.Stream.map(Stream.scala:173)
[info]   at org.scalacheck.Prop$.getFirstFailure$1(Prop.scala:880)
[info]   at org.scalacheck.Prop$.shrinker$1(Prop.scala:895)
[info]   at org.scalacheck.Prop$.$anonfun$forAllShrink$1(Prop.scala:916)
[info]   at org.scalacheck.Prop$.$anonfun$apply$1(Prop.scala:305)
[info]   at org.scalacheck.PropFromFun.apply(Prop.scala:20)
[info]   at org.scalacheck.Prop$.result$1(Prop.scala:869)
[info]   at org.scalacheck.Prop$.$anonfun$forAllShrink$4(Prop.scala:880)
[info]   at scala.collection.immutable.Stream.map(Stream.scala:173)
[info]   at org.scalacheck.Prop$.getFirstFailure$1(Prop.scala:880)
[info]   at org.scalacheck.Prop$.shrinker$1(Prop.scala:895)
[info]   at org.scalacheck.Prop$.$anonfun$forAllShrink$1(Prop.scala:916)
[info]   at org.scalacheck.Prop$.$anonfun$apply$1(Prop.scala:305)
[info]   at org.scalacheck.PropFromFun.apply(Prop.scala:20)
[info]   at org.scalacheck.Prop$.result$1(Prop.scala:869)
[info]   at org.scalacheck.Prop$.$anonfun$forAllShrink$4(Prop.scala:880)
[info]   at scala.collection.immutable.Stream.map(Stream.scala:173)
[info]   at org.scalacheck.Prop$.getFirstFailure$1(Prop.scala:880)
[info]   at org.scalacheck.Prop$.shrinker$1(Prop.scala:895)
[info]   at org.scalacheck.Prop$.$anonfun$forAllShrink$1(Prop.scala:916)
[info]   at org.scalacheck.Prop$.$anonfun$apply$1(Prop.scala:305)
[info]   at org.scalacheck.PropFromFun.apply(Prop.scala:20)
[info]   at org.scalacheck.Prop$.result$1(Prop.scala:869)
[info]   at org.scalacheck.Prop$.$anonfun$forAllShrink$1(Prop.scala:915)
[info]   at org.scalacheck.Prop$.$anonfun$apply$1(Prop.scala:305)
[info]   at org.scalacheck.PropFromFun.apply(Prop.scala:20)
[info]   at org.scalacheck.Prop$.result$1(Prop.scala:869)
[info]   at org.scalacheck.Prop$.$anonfun$forAllShrink$1(Prop.scala:915)
[info]   at org.scalacheck.Prop$.$anonfun$apply$1(Prop.scala:305)
[info]   at org.scalacheck.PropFromFun.apply(Prop.scala:20)
[info]   at org.scalacheck.Test$.workerFun$1(Test.scala:486)
[info]   at org.scalacheck.Test$.$anonfun$check$4(Test.scala:518)
[info]   at org.scalacheck.Test$.$anonfun$check$4$adapted(Test.scala:518)
[info]   at org.scalacheck.Platform$.runWorkers(Platform.scala:42)
[info]   at org.scalacheck.Test$.check(Test.scala:518)
[info]   at org.scalatestplus.scalacheck.UnitCheckerAsserting$CheckerAssertingImpl.check(CheckerAsserting.scala:90)
[info]   at org.scalatestplus.scalacheck.Checkers.check(Checkers.scala:371)
[info]   at org.scalatestplus.scalacheck.Checkers.check$(Checkers.scala:369)
[info]   at frameless.TypedDatasetSuite.check(TypedDatasetSuite.scala:63)
[info]   at frameless.functions.NonAggregateFunctionsTests.$anonfun$new$1163(NonAggregateFunctionsTests.scala:1790)
[info]   at org.scalatest.OutcomeOf.outcomeOf(OutcomeOf.scala:85)
[info]   at org.scalatest.OutcomeOf.outcomeOf$(OutcomeOf.scala:83)
[info]   at org.scalatest.OutcomeOf$.outcomeOf(OutcomeOf.scala:104)
[info]   at org.scalatest.Transformer.apply(Transformer.scala:22)
[info]   at org.scalatest.Transformer.apply(Transformer.scala:20)
[info]   at org.scalatest.funsuite.AnyFunSuiteLike$$anon$1.apply(AnyFunSuiteLike.scala:226)
[info]   at org.scalatest.TestSuite.withFixture(TestSuite.scala:196)
[info]   at org.scalatest.TestSuite.withFixture$(TestSuite.scala:195)
[info]   at org.scalatest.funsuite.AnyFunSuite.withFixture(AnyFunSuite.scala:1564)
[info]   at org.scalatest.funsuite.AnyFunSuiteLike.invokeWithFixture$1(AnyFunSuiteLike.scala:224)
[info]   at org.scalatest.funsuite.AnyFunSuiteLike.$anonfun$runTest$1(AnyFunSuiteLike.scala:236)
[info]   at org.scalatest.SuperEngine.runTestImpl(Engine.scala:306)
[info]   at org.scalatest.funsuite.AnyFunSuiteLike.runTest(AnyFunSuiteLike.scala:236)
[info]   at org.scalatest.funsuite.AnyFunSuiteLike.runTest$(AnyFunSuiteLike.scala:218)
[info]   at org.scalatest.funsuite.AnyFunSuite.runTest(AnyFunSuite.scala:1564)
[info]   at org.scalatest.funsuite.AnyFunSuiteLike.$anonfun$runTests$1(AnyFunSuiteLike.scala:269)
[info]   at org.scalatest.SuperEngine.$anonfun$runTestsInBranch$1(Engine.scala:413)
[info]   at scala.collection.immutable.List.foreach(List.scala:334)
[info]   at org.scalatest.SuperEngine.traverseSubNodes$1(Engine.scala:401)
[info]   at org.scalatest.SuperEngine.runTestsInBranch(Engine.scala:396)
[info]   at org.scalatest.SuperEngine.runTestsImpl(Engine.scala:475)
[info]   at org.scalatest.funsuite.AnyFunSuiteLike.runTests(AnyFunSuiteLike.scala:269)
[info]   at org.scalatest.funsuite.AnyFunSuiteLike.runTests$(AnyFunSuiteLike.scala:268)
[info]   at org.scalatest.funsuite.AnyFunSuite.runTests(AnyFunSuite.scala:1564)
[info]   at org.scalatest.Suite.run(Suite.scala:1114)
[info]   at org.scalatest.Suite.run$(Suite.scala:1096)
[info]   at org.scalatest.funsuite.AnyFunSuite.org$scalatest$funsuite$AnyFunSuiteLike$$super$run(AnyFunSuite.scala:1564)
[info]   at org.scalatest.funsuite.AnyFunSuiteLike.$anonfun$run$1(AnyFunSuiteLike.scala:273)
[info]   at org.scalatest.SuperEngine.runImpl(Engine.scala:535)
[info]   at org.scalatest.funsuite.AnyFunSuiteLike.run(AnyFunSuiteLike.scala:273)
[info]   at org.scalatest.funsuite.AnyFunSuiteLike.run$(AnyFunSuiteLike.scala:272)
[info]   at frameless.TypedDatasetSuite.org$scalatest$BeforeAndAfterAll$$super$run(TypedDatasetSuite.scala:63)
[info]   at org.scalatest.BeforeAndAfterAll.liftedTree1$1(BeforeAndAfterAll.scala:213)
[info]   at org.scalatest.BeforeAndAfterAll.run(BeforeAndAfterAll.scala:210)
[info]   at org.scalatest.BeforeAndAfterAll.run$(BeforeAndAfterAll.scala:208)
[info]   at frameless.TypedDatasetSuite.run(TypedDatasetSuite.scala:63)
[info]   at org.scalatest.tools.Framework.org$scalatest$tools$Framework$$runSuite(Framework.scala:321)
[info]   at org.scalatest.tools.Framework$ScalaTestTask.execute(Framework.scala:517)
[info]   at sbt.ForkMain$Run.lambda$runTest$1(ForkMain.java:414)
[info]   at java.base/java.util.concurrent.FutureTask.run(FutureTask.java:317)
[info]   at java.base/java.util.concurrent.ThreadPoolExecutor.runWorker(ThreadPoolExecutor.java:1144)
[info]   at java.base/java.util.concurrent.ThreadPoolExecutor$Worker.run(ThreadPoolExecutor.java:642)
[info]   at java.base/java.lang.Thread.run(Thread.java:1583)
[info] - ascii *** FAILED *** (4 milliseconds)
[info]   IllegalArgumentException was thrown during property evaluation.
[info]     Message: argument type mismatch
[info]     Occurred when passed generated values (
[info]       arg0 = List()
[info]     )
[info]   org.scalatest.exceptions.GeneratorDrivenPropertyCheckFailedException:
[info]   at org.scalatestplus.scalacheck.CheckerAsserting$$anon$2.indicateFailure(CheckerAsserting.scala:251)
[info]   at org.scalatestplus.scalacheck.CheckerAsserting$$anon$2.indicateFailure(CheckerAsserting.scala:238)
[info]   at org.scalatestplus.scalacheck.UnitCheckerAsserting$CheckerAssertingImpl.check(CheckerAsserting.scala:160)
[info]   at org.scalatestplus.scalacheck.Checkers.check(Checkers.scala:371)
[info]   at org.scalatestplus.scalacheck.Checkers.check$(Checkers.scala:369)
[info]   at frameless.TypedDatasetSuite.check(TypedDatasetSuite.scala:63)
[info]   at frameless.functions.NonAggregateFunctionsTests.$anonfun$new$1210(NonAggregateFunctionsTests.scala:1800)
[info]   at org.scalatest.OutcomeOf.outcomeOf(OutcomeOf.scala:85)
[info]   at org.scalatest.OutcomeOf.outcomeOf$(OutcomeOf.scala:83)
[info]   at org.scalatest.OutcomeOf$.outcomeOf(OutcomeOf.scala:104)
[info]   at org.scalatest.Transformer.apply(Transformer.scala:22)
[info]   at org.scalatest.Transformer.apply(Transformer.scala:20)
[info]   at org.scalatest.funsuite.AnyFunSuiteLike$$anon$1.apply(AnyFunSuiteLike.scala:226)
[info]   at org.scalatest.TestSuite.withFixture(TestSuite.scala:196)
[info]   at org.scalatest.TestSuite.withFixture$(TestSuite.scala:195)
[info]   at org.scalatest.funsuite.AnyFunSuite.withFixture(AnyFunSuite.scala:1564)
[info]   at org.scalatest.funsuite.AnyFunSuiteLike.invokeWithFixture$1(AnyFunSuiteLike.scala:224)
[info]   at org.scalatest.funsuite.AnyFunSuiteLike.$anonfun$runTest$1(AnyFunSuiteLike.scala:236)
[info]   at org.scalatest.SuperEngine.runTestImpl(Engine.scala:306)
[info]   at org.scalatest.funsuite.AnyFunSuiteLike.runTest(AnyFunSuiteLike.scala:236)
[info]   at org.scalatest.funsuite.AnyFunSuiteLike.runTest$(AnyFunSuiteLike.scala:218)
[info]   at org.scalatest.funsuite.AnyFunSuite.runTest(AnyFunSuite.scala:1564)
[info]   at org.scalatest.funsuite.AnyFunSuiteLike.$anonfun$runTests$1(AnyFunSuiteLike.scala:269)
[info]   at org.scalatest.SuperEngine.$anonfun$runTestsInBranch$1(Engine.scala:413)
[info]   at scala.collection.immutable.List.foreach(List.scala:334)
[info]   at org.scalatest.SuperEngine.traverseSubNodes$1(Engine.scala:401)
[info]   at org.scalatest.SuperEngine.runTestsInBranch(Engine.scala:396)
[info]   at org.scalatest.SuperEngine.runTestsImpl(Engine.scala:475)
[info]   at org.scalatest.funsuite.AnyFunSuiteLike.runTests(AnyFunSuiteLike.scala:269)
[info]   at org.scalatest.funsuite.AnyFunSuiteLike.runTests$(AnyFunSuiteLike.scala:268)
[info]   at org.scalatest.funsuite.AnyFunSuite.runTests(AnyFunSuite.scala:1564)
[info]   at org.scalatest.Suite.run(Suite.scala:1114)
[info]   at org.scalatest.Suite.run$(Suite.scala:1096)
[info]   at org.scalatest.funsuite.AnyFunSuite.org$scalatest$funsuite$AnyFunSuiteLike$$super$run(AnyFunSuite.scala:1564)
[info]   at org.scalatest.funsuite.AnyFunSuiteLike.$anonfun$run$1(AnyFunSuiteLike.scala:273)
[info]   at org.scalatest.SuperEngine.runImpl(Engine.scala:535)
[info]   at org.scalatest.funsuite.AnyFunSuiteLike.run(AnyFunSuiteLike.scala:273)
[info]   at org.scalatest.funsuite.AnyFunSuiteLike.run$(AnyFunSuiteLike.scala:272)
[info]   at frameless.TypedDatasetSuite.org$scalatest$BeforeAndAfterAll$$super$run(TypedDatasetSuite.scala:63)
[info]   at org.scalatest.BeforeAndAfterAll.liftedTree1$1(BeforeAndAfterAll.scala:213)
[info]   at org.scalatest.BeforeAndAfterAll.run(BeforeAndAfterAll.scala:210)
[info]   at org.scalatest.BeforeAndAfterAll.run$(BeforeAndAfterAll.scala:208)
[info]   at frameless.TypedDatasetSuite.run(TypedDatasetSuite.scala:63)
[info]   at org.scalatest.tools.Framework.org$scalatest$tools$Framework$$runSuite(Framework.scala:321)
[info]   at org.scalatest.tools.Framework$ScalaTestTask.execute(Framework.scala:517)
[info]   at sbt.ForkMain$Run.lambda$runTest$1(ForkMain.java:414)
[info]   at java.base/java.util.concurrent.FutureTask.run(FutureTask.java:317)
[info]   at java.base/java.util.concurrent.ThreadPoolExecutor.runWorker(ThreadPoolExecutor.java:1144)
[info]   at java.base/java.util.concurrent.ThreadPoolExecutor$Worker.run(ThreadPoolExecutor.java:642)
[info]   at java.base/java.lang.Thread.run(Thread.java:1583)
[info]   Cause: java.lang.IllegalArgumentException: argument type mismatch
[info]   at java.base/jdk.internal.reflect.DirectConstructorHandleAccessor.newInstance(DirectConstructorHandleAccessor.java:65)
[info]   at java.base/java.lang.reflect.Constructor.newInstanceWithCaller(Constructor.java:502)
[info]   at java.base/java.lang.reflect.Constructor.newInstance(Constructor.java:486)
[info]   at frameless.TypedExpressionEncoder$.$anonfun$apply$3(TypedExpressionEncoder.scala:55)
[info]   at scala.Option.map(Option.scala:242)
[info]   at frameless.TypedExpressionEncoder$.apply(TypedExpressionEncoder.scala:54)
[info]   at frameless.TypedDataset$.create(TypedDataset.scala:1325)
[info]   at frameless.functions.NonAggregateFunctionsTests.$anonfun$new$1211(NonAggregateFunctionsTests.scala:1801)
[info]   at scala.Function1.$anonfun$andThen$1(Function1.scala:87)
[info]   at org.scalacheck.Prop$.$anonfun$forAllShrink$2(Prop.scala:868)
[info]   at org.scalacheck.Prop$.secure(Prop.scala:484)
[info]   at org.scalacheck.Prop$.result$1(Prop.scala:868)
[info]   at org.scalacheck.Prop$.$anonfun$forAllShrink$1(Prop.scala:915)
[info]   at org.scalacheck.Prop$.$anonfun$apply$1(Prop.scala:305)
[info]   at org.scalacheck.PropFromFun.apply(Prop.scala:20)
[info]   at org.scalacheck.Test$.workerFun$1(Test.scala:486)
[info]   at org.scalacheck.Test$.$anonfun$check$4(Test.scala:518)
[info]   at org.scalacheck.Test$.$anonfun$check$4$adapted(Test.scala:518)
[info]   at org.scalacheck.Platform$.runWorkers(Platform.scala:42)
[info]   at org.scalacheck.Test$.check(Test.scala:518)
[info]   at org.scalatestplus.scalacheck.UnitCheckerAsserting$CheckerAssertingImpl.check(CheckerAsserting.scala:90)
[info]   at org.scalatestplus.scalacheck.Checkers.check(Checkers.scala:371)
[info]   at org.scalatestplus.scalacheck.Checkers.check$(Checkers.scala:369)
[info]   at frameless.TypedDatasetSuite.check(TypedDatasetSuite.scala:63)
[info]   at frameless.functions.NonAggregateFunctionsTests.$anonfun$new$1210(NonAggregateFunctionsTests.scala:1800)
[info]   at org.scalatest.OutcomeOf.outcomeOf(OutcomeOf.scala:85)
[info]   at org.scalatest.OutcomeOf.outcomeOf$(OutcomeOf.scala:83)
[info]   at org.scalatest.OutcomeOf$.outcomeOf(OutcomeOf.scala:104)
[info]   at org.scalatest.Transformer.apply(Transformer.scala:22)
[info]   at org.scalatest.Transformer.apply(Transformer.scala:20)
[info]   at org.scalatest.funsuite.AnyFunSuiteLike$$anon$1.apply(AnyFunSuiteLike.scala:226)
[info]   at org.scalatest.TestSuite.withFixture(TestSuite.scala:196)
[info]   at org.scalatest.TestSuite.withFixture$(TestSuite.scala:195)
[info]   at org.scalatest.funsuite.AnyFunSuite.withFixture(AnyFunSuite.scala:1564)
[info]   at org.scalatest.funsuite.AnyFunSuiteLike.invokeWithFixture$1(AnyFunSuiteLike.scala:224)
[info]   at org.scalatest.funsuite.AnyFunSuiteLike.$anonfun$runTest$1(AnyFunSuiteLike.scala:236)
[info]   at org.scalatest.SuperEngine.runTestImpl(Engine.scala:306)
[info]   at org.scalatest.funsuite.AnyFunSuiteLike.runTest(AnyFunSuiteLike.scala:236)
[info]   at org.scalatest.funsuite.AnyFunSuiteLike.runTest$(AnyFunSuiteLike.scala:218)
[info]   at org.scalatest.funsuite.AnyFunSuite.runTest(AnyFunSuite.scala:1564)
[info]   at org.scalatest.funsuite.AnyFunSuiteLike.$anonfun$runTests$1(AnyFunSuiteLike.scala:269)
[info]   at org.scalatest.SuperEngine.$anonfun$runTestsInBranch$1(Engine.scala:413)
[info]   at scala.collection.immutable.List.foreach(List.scala:334)
[info]   at org.scalatest.SuperEngine.traverseSubNodes$1(Engine.scala:401)
[info]   at org.scalatest.SuperEngine.runTestsInBranch(Engine.scala:396)
[info]   at org.scalatest.SuperEngine.runTestsImpl(Engine.scala:475)
[info]   at org.scalatest.funsuite.AnyFunSuiteLike.runTests(AnyFunSuiteLike.scala:269)
[info]   at org.scalatest.funsuite.AnyFunSuiteLike.runTests$(AnyFunSuiteLike.scala:268)
[info]   at org.scalatest.funsuite.AnyFunSuite.runTests(AnyFunSuite.scala:1564)
[info]   at org.scalatest.Suite.run(Suite.scala:1114)
[info]   at org.scalatest.Suite.run$(Suite.scala:1096)
[info]   at org.scalatest.funsuite.AnyFunSuite.org$scalatest$funsuite$AnyFunSuiteLike$$super$run(AnyFunSuite.scala:1564)
[info]   at org.scalatest.funsuite.AnyFunSuiteLike.$anonfun$run$1(AnyFunSuiteLike.scala:273)
[info]   at org.scalatest.SuperEngine.runImpl(Engine.scala:535)
[info]   at org.scalatest.funsuite.AnyFunSuiteLike.run(AnyFunSuiteLike.scala:273)
[info]   at org.scalatest.funsuite.AnyFunSuiteLike.run$(AnyFunSuiteLike.scala:272)
[info]   at frameless.TypedDatasetSuite.org$scalatest$BeforeAndAfterAll$$super$run(TypedDatasetSuite.scala:63)
[info]   at org.scalatest.BeforeAndAfterAll.liftedTree1$1(BeforeAndAfterAll.scala:213)
[info]   at org.scalatest.BeforeAndAfterAll.run(BeforeAndAfterAll.scala:210)
[info]   at org.scalatest.BeforeAndAfterAll.run$(BeforeAndAfterAll.scala:208)
[info]   at frameless.TypedDatasetSuite.run(TypedDatasetSuite.scala:63)
[info]   at org.scalatest.tools.Framework.org$scalatest$tools$Framework$$runSuite(Framework.scala:321)
[info]   at org.scalatest.tools.Framework$ScalaTestTask.execute(Framework.scala:517)
[info]   at sbt.ForkMain$Run.lambda$runTest$1(ForkMain.java:414)
[info]   at java.base/java.util.concurrent.FutureTask.run(FutureTask.java:317)
[info]   at java.base/java.util.concurrent.ThreadPoolExecutor.runWorker(ThreadPoolExecutor.java:1144)
[info]   at java.base/java.util.concurrent.ThreadPoolExecutor$Worker.run(ThreadPoolExecutor.java:642)
[info]   at java.base/java.lang.Thread.run(Thread.java:1583)
[info]   Cause: java.lang.ClassCastException: Cannot cast scala.reflect.ClassTag$GenericClassTag to org.apache.spark.sql.catalyst.expressions.Expression
[info]   at java.base/java.lang.Class.cast(Class.java:4067)
[info]   at java.base/jdk.internal.reflect.DirectConstructorHandleAccessor.newInstance(DirectConstructorHandleAccessor.java:62)
[info]   at java.base/java.lang.reflect.Constructor.newInstanceWithCaller(Constructor.java:502)
[info]   at java.base/java.lang.reflect.Constructor.newInstance(Constructor.java:486)
[info]   at frameless.TypedExpressionEncoder$.$anonfun$apply$3(TypedExpressionEncoder.scala:55)
[info]   at scala.Option.map(Option.scala:242)
[info]   at frameless.TypedExpressionEncoder$.apply(TypedExpressionEncoder.scala:54)
[info]   at frameless.TypedDataset$.create(TypedDataset.scala:1325)
[info]   at frameless.functions.NonAggregateFunctionsTests.$anonfun$new$1211(NonAggregateFunctionsTests.scala:1801)
[info]   at scala.Function1.$anonfun$andThen$1(Function1.scala:87)
[info]   at org.scalacheck.Prop$.$anonfun$forAllShrink$2(Prop.scala:868)
[info]   at org.scalacheck.Prop$.secure(Prop.scala:484)
[info]   at org.scalacheck.Prop$.result$1(Prop.scala:868)
[info]   at org.scalacheck.Prop$.$anonfun$forAllShrink$1(Prop.scala:915)
[info]   at org.scalacheck.Prop$.$anonfun$apply$1(Prop.scala:305)
[info]   at org.scalacheck.PropFromFun.apply(Prop.scala:20)
[info]   at org.scalacheck.Test$.workerFun$1(Test.scala:486)
[info]   at org.scalacheck.Test$.$anonfun$check$4(Test.scala:518)
[info]   at org.scalacheck.Test$.$anonfun$check$4$adapted(Test.scala:518)
[info]   at org.scalacheck.Platform$.runWorkers(Platform.scala:42)
[info]   at org.scalacheck.Test$.check(Test.scala:518)
[info]   at org.scalatestplus.scalacheck.UnitCheckerAsserting$CheckerAssertingImpl.check(CheckerAsserting.scala:90)
[info]   at org.scalatestplus.scalacheck.Checkers.check(Checkers.scala:371)
[info]   at org.scalatestplus.scalacheck.Checkers.check$(Checkers.scala:369)
[info]   at frameless.TypedDatasetSuite.check(TypedDatasetSuite.scala:63)
[info]   at frameless.functions.NonAggregateFunctionsTests.$anonfun$new$1210(NonAggregateFunctionsTests.scala:1800)
[info]   at org.scalatest.OutcomeOf.outcomeOf(OutcomeOf.scala:85)
[info]   at org.scalatest.OutcomeOf.outcomeOf$(OutcomeOf.scala:83)
[info]   at org.scalatest.OutcomeOf$.outcomeOf(OutcomeOf.scala:104)
[info]   at org.scalatest.Transformer.apply(Transformer.scala:22)
[info]   at org.scalatest.Transformer.apply(Transformer.scala:20)
[info]   at org.scalatest.funsuite.AnyFunSuiteLike$$anon$1.apply(AnyFunSuiteLike.scala:226)
[info]   at org.scalatest.TestSuite.withFixture(TestSuite.scala:196)
[info]   at org.scalatest.TestSuite.withFixture$(TestSuite.scala:195)
[info]   at org.scalatest.funsuite.AnyFunSuite.withFixture(AnyFunSuite.scala:1564)
[info]   at org.scalatest.funsuite.AnyFunSuiteLike.invokeWithFixture$1(AnyFunSuiteLike.scala:224)
[info]   at org.scalatest.funsuite.AnyFunSuiteLike.$anonfun$runTest$1(AnyFunSuiteLike.scala:236)
[info]   at org.scalatest.SuperEngine.runTestImpl(Engine.scala:306)
[info]   at org.scalatest.funsuite.AnyFunSuiteLike.runTest(AnyFunSuiteLike.scala:236)
[info]   at org.scalatest.funsuite.AnyFunSuiteLike.runTest$(AnyFunSuiteLike.scala:218)
[info]   at org.scalatest.funsuite.AnyFunSuite.runTest(AnyFunSuite.scala:1564)
[info]   at org.scalatest.funsuite.AnyFunSuiteLike.$anonfun$runTests$1(AnyFunSuiteLike.scala:269)
[info]   at org.scalatest.SuperEngine.$anonfun$runTestsInBranch$1(Engine.scala:413)
[info]   at scala.collection.immutable.List.foreach(List.scala:334)
[info]   at org.scalatest.SuperEngine.traverseSubNodes$1(Engine.scala:401)
[info]   at org.scalatest.SuperEngine.runTestsInBranch(Engine.scala:396)
[info]   at org.scalatest.SuperEngine.runTestsImpl(Engine.scala:475)
[info]   at org.scalatest.funsuite.AnyFunSuiteLike.runTests(AnyFunSuiteLike.scala:269)
[info]   at org.scalatest.funsuite.AnyFunSuiteLike.runTests$(AnyFunSuiteLike.scala:268)
[info]   at org.scalatest.funsuite.AnyFunSuite.runTests(AnyFunSuite.scala:1564)
[info]   at org.scalatest.Suite.run(Suite.scala:1114)
[info]   at org.scalatest.Suite.run$(Suite.scala:1096)
[info]   at org.scalatest.funsuite.AnyFunSuite.org$scalatest$funsuite$AnyFunSuiteLike$$super$run(AnyFunSuite.scala:1564)
[info]   at org.scalatest.funsuite.AnyFunSuiteLike.$anonfun$run$1(AnyFunSuiteLike.scala:273)
[info]   at org.scalatest.SuperEngine.runImpl(Engine.scala:535)
[info]   at org.scalatest.funsuite.AnyFunSuiteLike.run(AnyFunSuiteLike.scala:273)
[info]   at org.scalatest.funsuite.AnyFunSuiteLike.run$(AnyFunSuiteLike.scala:272)
[info]   at frameless.TypedDatasetSuite.org$scalatest$BeforeAndAfterAll$$super$run(TypedDatasetSuite.scala:63)
[info]   at org.scalatest.BeforeAndAfterAll.liftedTree1$1(BeforeAndAfterAll.scala:213)
[info]   at org.scalatest.BeforeAndAfterAll.run(BeforeAndAfterAll.scala:210)
[info]   at org.scalatest.BeforeAndAfterAll.run$(BeforeAndAfterAll.scala:208)
[info]   at frameless.TypedDatasetSuite.run(TypedDatasetSuite.scala:63)
[info]   at org.scalatest.tools.Framework.org$scalatest$tools$Framework$$runSuite(Framework.scala:321)
[info]   at org.scalatest.tools.Framework$ScalaTestTask.execute(Framework.scala:517)
[info]   at sbt.ForkMain$Run.lambda$runTest$1(ForkMain.java:414)
[info]   at java.base/java.util.concurrent.FutureTask.run(FutureTask.java:317)
[info]   at java.base/java.util.concurrent.ThreadPoolExecutor.runWorker(ThreadPoolExecutor.java:1144)
[info]   at java.base/java.util.concurrent.ThreadPoolExecutor$Worker.run(ThreadPoolExecutor.java:642)
[info]   at java.base/java.lang.Thread.run(Thread.java:1583)
[info] - concat *** FAILED *** (12 milliseconds)
[info]   IllegalArgumentException was thrown during property evaluation.
[info]     Message: argument type mismatch
[info]     Occurred when passed generated values (
[info]       arg0 = List() // 1 shrink
[info]     )
[info]   org.scalatest.exceptions.GeneratorDrivenPropertyCheckFailedException:
[info]   at org.scalatestplus.scalacheck.CheckerAsserting$$anon$2.indicateFailure(CheckerAsserting.scala:251)
[info]   at org.scalatestplus.scalacheck.CheckerAsserting$$anon$2.indicateFailure(CheckerAsserting.scala:238)
[info]   at org.scalatestplus.scalacheck.UnitCheckerAsserting$CheckerAssertingImpl.check(CheckerAsserting.scala:160)
[info]   at org.scalatestplus.scalacheck.Checkers.check(Checkers.scala:371)
[info]   at org.scalatestplus.scalacheck.Checkers.check$(Checkers.scala:369)
[info]   at frameless.TypedDatasetSuite.check(TypedDatasetSuite.scala:63)
[info]   at frameless.functions.NonAggregateFunctionsTests.$anonfun$new$1222(NonAggregateFunctionsTests.scala:1828)
[info]   at org.scalatest.OutcomeOf.outcomeOf(OutcomeOf.scala:85)
[info]   at org.scalatest.OutcomeOf.outcomeOf$(OutcomeOf.scala:83)
[info]   at org.scalatest.OutcomeOf$.outcomeOf(OutcomeOf.scala:104)
[info]   at org.scalatest.Transformer.apply(Transformer.scala:22)
[info]   at org.scalatest.Transformer.apply(Transformer.scala:20)
[info]   at org.scalatest.funsuite.AnyFunSuiteLike$$anon$1.apply(AnyFunSuiteLike.scala:226)
[info]   at org.scalatest.TestSuite.withFixture(TestSuite.scala:196)
[info]   at org.scalatest.TestSuite.withFixture$(TestSuite.scala:195)
[info]   at org.scalatest.funsuite.AnyFunSuite.withFixture(AnyFunSuite.scala:1564)
[info]   at org.scalatest.funsuite.AnyFunSuiteLike.invokeWithFixture$1(AnyFunSuiteLike.scala:224)
[info]   at org.scalatest.funsuite.AnyFunSuiteLike.$anonfun$runTest$1(AnyFunSuiteLike.scala:236)
[info]   at org.scalatest.SuperEngine.runTestImpl(Engine.scala:306)
[info]   at org.scalatest.funsuite.AnyFunSuiteLike.runTest(AnyFunSuiteLike.scala:236)
[info]   at org.scalatest.funsuite.AnyFunSuiteLike.runTest$(AnyFunSuiteLike.scala:218)
[info]   at org.scalatest.funsuite.AnyFunSuite.runTest(AnyFunSuite.scala:1564)
[info]   at org.scalatest.funsuite.AnyFunSuiteLike.$anonfun$runTests$1(AnyFunSuiteLike.scala:269)
[info]   at org.scalatest.SuperEngine.$anonfun$runTestsInBranch$1(Engine.scala:413)
[info]   at scala.collection.immutable.List.foreach(List.scala:334)
[info]   at org.scalatest.SuperEngine.traverseSubNodes$1(Engine.scala:401)
[info]   at org.scalatest.SuperEngine.runTestsInBranch(Engine.scala:396)
[info]   at org.scalatest.SuperEngine.runTestsImpl(Engine.scala:475)
[info]   at org.scalatest.funsuite.AnyFunSuiteLike.runTests(AnyFunSuiteLike.scala:269)
[info]   at org.scalatest.funsuite.AnyFunSuiteLike.runTests$(AnyFunSuiteLike.scala:268)
[info]   at org.scalatest.funsuite.AnyFunSuite.runTests(AnyFunSuite.scala:1564)
[info]   at org.scalatest.Suite.run(Suite.scala:1114)
[info]   at org.scalatest.Suite.run$(Suite.scala:1096)
[info]   at org.scalatest.funsuite.AnyFunSuite.org$scalatest$funsuite$AnyFunSuiteLike$$super$run(AnyFunSuite.scala:1564)
[info]   at org.scalatest.funsuite.AnyFunSuiteLike.$anonfun$run$1(AnyFunSuiteLike.scala:273)
[info]   at org.scalatest.SuperEngine.runImpl(Engine.scala:535)
[info]   at org.scalatest.funsuite.AnyFunSuiteLike.run(AnyFunSuiteLike.scala:273)
[info]   at org.scalatest.funsuite.AnyFunSuiteLike.run$(AnyFunSuiteLike.scala:272)
[info]   at frameless.TypedDatasetSuite.org$scalatest$BeforeAndAfterAll$$super$run(TypedDatasetSuite.scala:63)
[info]   at org.scalatest.BeforeAndAfterAll.liftedTree1$1(BeforeAndAfterAll.scala:213)
[info]   at org.scalatest.BeforeAndAfterAll.run(BeforeAndAfterAll.scala:210)
[info]   at org.scalatest.BeforeAndAfterAll.run$(BeforeAndAfterAll.scala:208)
[info]   at frameless.TypedDatasetSuite.run(TypedDatasetSuite.scala:63)
[info]   at org.scalatest.tools.Framework.org$scalatest$tools$Framework$$runSuite(Framework.scala:321)
[info]   at org.scalatest.tools.Framework$ScalaTestTask.execute(Framework.scala:517)
[info]   at sbt.ForkMain$Run.lambda$runTest$1(ForkMain.java:414)
[info]   at java.base/java.util.concurrent.FutureTask.run(FutureTask.java:317)
[info]   at java.base/java.util.concurrent.ThreadPoolExecutor.runWorker(ThreadPoolExecutor.java:1144)
[info]   at java.base/java.util.concurrent.ThreadPoolExecutor$Worker.run(ThreadPoolExecutor.java:642)
[info]   at java.base/java.lang.Thread.run(Thread.java:1583)
[info]   Cause: java.lang.IllegalArgumentException: argument type mismatch
[info]   at java.base/jdk.internal.reflect.DirectConstructorHandleAccessor.newInstance(DirectConstructorHandleAccessor.java:65)
[info]   at java.base/java.lang.reflect.Constructor.newInstanceWithCaller(Constructor.java:502)
[info]   at java.base/java.lang.reflect.Constructor.newInstance(Constructor.java:486)
[info]   at frameless.TypedExpressionEncoder$.$anonfun$apply$3(TypedExpressionEncoder.scala:55)
[info]   at scala.Option.map(Option.scala:242)
[info]   at frameless.TypedExpressionEncoder$.apply(TypedExpressionEncoder.scala:54)
[info]   at frameless.TypedDataset$.create(TypedDataset.scala:1325)
[info]   at frameless.functions.NonAggregateFunctionsTests.$anonfun$new$1226(NonAggregateFunctionsTests.scala:1829)
[info]   at org.scalacheck.Prop$.$anonfun$forAllShrink$2(Prop.scala:868)
[info]   at org.scalacheck.Prop$.secure(Prop.scala:484)
[info]   at org.scalacheck.Prop$.result$1(Prop.scala:868)
[info]   at org.scalacheck.Prop$.$anonfun$forAllShrink$4(Prop.scala:880)
[info]   at scala.collection.immutable.Stream.map(Stream.scala:173)
[info]   at org.scalacheck.Prop$.getFirstFailure$1(Prop.scala:880)
[info]   at org.scalacheck.Prop$.shrinker$1(Prop.scala:895)
[info]   at org.scalacheck.Prop$.$anonfun$forAllShrink$1(Prop.scala:916)
[info]   at org.scalacheck.Prop$.$anonfun$apply$1(Prop.scala:305)
[info]   at org.scalacheck.PropFromFun.apply(Prop.scala:20)
[info]   at org.scalacheck.Test$.workerFun$1(Test.scala:486)
[info]   at org.scalacheck.Test$.$anonfun$check$4(Test.scala:518)
[info]   at org.scalacheck.Test$.$anonfun$check$4$adapted(Test.scala:518)
[info]   at org.scalacheck.Platform$.runWorkers(Platform.scala:42)
[info]   at org.scalacheck.Test$.check(Test.scala:518)
[info]   at org.scalatestplus.scalacheck.UnitCheckerAsserting$CheckerAssertingImpl.check(CheckerAsserting.scala:90)
[info]   at org.scalatestplus.scalacheck.Checkers.check(Checkers.scala:371)
[info]   at org.scalatestplus.scalacheck.Checkers.check$(Checkers.scala:369)
[info]   at frameless.TypedDatasetSuite.check(TypedDatasetSuite.scala:63)
[info]   at frameless.functions.NonAggregateFunctionsTests.$anonfun$new$1222(NonAggregateFunctionsTests.scala:1828)
[info]   at org.scalatest.OutcomeOf.outcomeOf(OutcomeOf.scala:85)
[info]   at org.scalatest.OutcomeOf.outcomeOf$(OutcomeOf.scala:83)
[info]   at org.scalatest.OutcomeOf$.outcomeOf(OutcomeOf.scala:104)
[info]   at org.scalatest.Transformer.apply(Transformer.scala:22)
[info]   at org.scalatest.Transformer.apply(Transformer.scala:20)
[info]   at org.scalatest.funsuite.AnyFunSuiteLike$$anon$1.apply(AnyFunSuiteLike.scala:226)
[info]   at org.scalatest.TestSuite.withFixture(TestSuite.scala:196)
[info]   at org.scalatest.TestSuite.withFixture$(TestSuite.scala:195)
[info]   at org.scalatest.funsuite.AnyFunSuite.withFixture(AnyFunSuite.scala:1564)
[info]   at org.scalatest.funsuite.AnyFunSuiteLike.invokeWithFixture$1(AnyFunSuiteLike.scala:224)
[info]   at org.scalatest.funsuite.AnyFunSuiteLike.$anonfun$runTest$1(AnyFunSuiteLike.scala:236)
[info]   at org.scalatest.SuperEngine.runTestImpl(Engine.scala:306)
[info]   at org.scalatest.funsuite.AnyFunSuiteLike.runTest(AnyFunSuiteLike.scala:236)
[info]   at org.scalatest.funsuite.AnyFunSuiteLike.runTest$(AnyFunSuiteLike.scala:218)
[info]   at org.scalatest.funsuite.AnyFunSuite.runTest(AnyFunSuite.scala:1564)
[info]   at org.scalatest.funsuite.AnyFunSuiteLike.$anonfun$runTests$1(AnyFunSuiteLike.scala:269)
[info]   at org.scalatest.SuperEngine.$anonfun$runTestsInBranch$1(Engine.scala:413)
[info]   at scala.collection.immutable.List.foreach(List.scala:334)
[info]   at org.scalatest.SuperEngine.traverseSubNodes$1(Engine.scala:401)
[info]   at org.scalatest.SuperEngine.runTestsInBranch(Engine.scala:396)
[info]   at org.scalatest.SuperEngine.runTestsImpl(Engine.scala:475)
[info]   at org.scalatest.funsuite.AnyFunSuiteLike.runTests(AnyFunSuiteLike.scala:269)
[info]   at org.scalatest.funsuite.AnyFunSuiteLike.runTests$(AnyFunSuiteLike.scala:268)
[info]   at org.scalatest.funsuite.AnyFunSuite.runTests(AnyFunSuite.scala:1564)
[info]   at org.scalatest.Suite.run(Suite.scala:1114)
[info]   at org.scalatest.Suite.run$(Suite.scala:1096)
[info]   at org.scalatest.funsuite.AnyFunSuite.org$scalatest$funsuite$AnyFunSuiteLike$$super$run(AnyFunSuite.scala:1564)
[info]   at org.scalatest.funsuite.AnyFunSuiteLike.$anonfun$run$1(AnyFunSuiteLike.scala:273)
[info]   at org.scalatest.SuperEngine.runImpl(Engine.scala:535)
[info]   at org.scalatest.funsuite.AnyFunSuiteLike.run(AnyFunSuiteLike.scala:273)
[info]   at org.scalatest.funsuite.AnyFunSuiteLike.run$(AnyFunSuiteLike.scala:272)
[info]   at frameless.TypedDatasetSuite.org$scalatest$BeforeAndAfterAll$$super$run(TypedDatasetSuite.scala:63)
[info]   at org.scalatest.BeforeAndAfterAll.liftedTree1$1(BeforeAndAfterAll.scala:213)
[info]   at org.scalatest.BeforeAndAfterAll.run(BeforeAndAfterAll.scala:210)
[info]   at org.scalatest.BeforeAndAfterAll.run$(BeforeAndAfterAll.scala:208)
[info]   at frameless.TypedDatasetSuite.run(TypedDatasetSuite.scala:63)
[info]   at org.scalatest.tools.Framework.org$scalatest$tools$Framework$$runSuite(Framework.scala:321)
[info]   at org.scalatest.tools.Framework$ScalaTestTask.execute(Framework.scala:517)
[info]   at sbt.ForkMain$Run.lambda$runTest$1(ForkMain.java:414)
[info]   at java.base/java.util.concurrent.FutureTask.run(FutureTask.java:317)
[info]   at java.base/java.util.concurrent.ThreadPoolExecutor.runWorker(ThreadPoolExecutor.java:1144)
[info]   at java.base/java.util.concurrent.ThreadPoolExecutor$Worker.run(ThreadPoolExecutor.java:642)
[info]   at java.base/java.lang.Thread.run(Thread.java:1583)
[info]   Cause: java.lang.ClassCastException: Cannot cast scala.reflect.ClassTag$GenericClassTag to org.apache.spark.sql.catalyst.expressions.Expression
[info]   at java.base/java.lang.Class.cast(Class.java:4067)
[info]   at java.base/jdk.internal.reflect.DirectConstructorHandleAccessor.newInstance(DirectConstructorHandleAccessor.java:62)
[info]   at java.base/java.lang.reflect.Constructor.newInstanceWithCaller(Constructor.java:502)
[info]   at java.base/java.lang.reflect.Constructor.newInstance(Constructor.java:486)
[info]   at frameless.TypedExpressionEncoder$.$anonfun$apply$3(TypedExpressionEncoder.scala:55)
[info]   at scala.Option.map(Option.scala:242)
[info]   at frameless.TypedExpressionEncoder$.apply(TypedExpressionEncoder.scala:54)
[info]   at frameless.TypedDataset$.create(TypedDataset.scala:1325)
[info]   at frameless.functions.NonAggregateFunctionsTests.$anonfun$new$1226(NonAggregateFunctionsTests.scala:1829)
[info]   at org.scalacheck.Prop$.$anonfun$forAllShrink$2(Prop.scala:868)
[info]   at org.scalacheck.Prop$.secure(Prop.scala:484)
[info]   at org.scalacheck.Prop$.result$1(Prop.scala:868)
[info]   at org.scalacheck.Prop$.$anonfun$forAllShrink$4(Prop.scala:880)
[info]   at scala.collection.immutable.Stream.map(Stream.scala:173)
[info]   at org.scalacheck.Prop$.getFirstFailure$1(Prop.scala:880)
[info]   at org.scalacheck.Prop$.shrinker$1(Prop.scala:895)
[info]   at org.scalacheck.Prop$.$anonfun$forAllShrink$1(Prop.scala:916)
[info]   at org.scalacheck.Prop$.$anonfun$apply$1(Prop.scala:305)
[info]   at org.scalacheck.PropFromFun.apply(Prop.scala:20)
[info]   at org.scalacheck.Test$.workerFun$1(Test.scala:486)
[info]   at org.scalacheck.Test$.$anonfun$check$4(Test.scala:518)
[info]   at org.scalacheck.Test$.$anonfun$check$4$adapted(Test.scala:518)
[info]   at org.scalacheck.Platform$.runWorkers(Platform.scala:42)
[info]   at org.scalacheck.Test$.check(Test.scala:518)
[info]   at org.scalatestplus.scalacheck.UnitCheckerAsserting$CheckerAssertingImpl.check(CheckerAsserting.scala:90)
[info]   at org.scalatestplus.scalacheck.Checkers.check(Checkers.scala:371)
[info]   at org.scalatestplus.scalacheck.Checkers.check$(Checkers.scala:369)
[info]   at frameless.TypedDatasetSuite.check(TypedDatasetSuite.scala:63)
[info]   at frameless.functions.NonAggregateFunctionsTests.$anonfun$new$1222(NonAggregateFunctionsTests.scala:1828)
[info]   at org.scalatest.OutcomeOf.outcomeOf(OutcomeOf.scala:85)
[info]   at org.scalatest.OutcomeOf.outcomeOf$(OutcomeOf.scala:83)
[info]   at org.scalatest.OutcomeOf$.outcomeOf(OutcomeOf.scala:104)
[info]   at org.scalatest.Transformer.apply(Transformer.scala:22)
[info]   at org.scalatest.Transformer.apply(Transformer.scala:20)
[info]   at org.scalatest.funsuite.AnyFunSuiteLike$$anon$1.apply(AnyFunSuiteLike.scala:226)
[info]   at org.scalatest.TestSuite.withFixture(TestSuite.scala:196)
[info]   at org.scalatest.TestSuite.withFixture$(TestSuite.scala:195)
[info]   at org.scalatest.funsuite.AnyFunSuite.withFixture(AnyFunSuite.scala:1564)
[info]   at org.scalatest.funsuite.AnyFunSuiteLike.invokeWithFixture$1(AnyFunSuiteLike.scala:224)
[info]   at org.scalatest.funsuite.AnyFunSuiteLike.$anonfun$runTest$1(AnyFunSuiteLike.scala:236)
[info]   at org.scalatest.SuperEngine.runTestImpl(Engine.scala:306)
[info]   at org.scalatest.funsuite.AnyFunSuiteLike.runTest(AnyFunSuiteLike.scala:236)
[info]   at org.scalatest.funsuite.AnyFunSuiteLike.runTest$(AnyFunSuiteLike.scala:218)
[info]   at org.scalatest.funsuite.AnyFunSuite.runTest(AnyFunSuite.scala:1564)
[info]   at org.scalatest.funsuite.AnyFunSuiteLike.$anonfun$runTests$1(AnyFunSuiteLike.scala:269)
[info]   at org.scalatest.SuperEngine.$anonfun$runTestsInBranch$1(Engine.scala:413)
[info]   at scala.collection.immutable.List.foreach(List.scala:334)
[info]   at org.scalatest.SuperEngine.traverseSubNodes$1(Engine.scala:401)
[info]   at org.scalatest.SuperEngine.runTestsInBranch(Engine.scala:396)
[info]   at org.scalatest.SuperEngine.runTestsImpl(Engine.scala:475)
[info]   at org.scalatest.funsuite.AnyFunSuiteLike.runTests(AnyFunSuiteLike.scala:269)
[info]   at org.scalatest.funsuite.AnyFunSuiteLike.runTests$(AnyFunSuiteLike.scala:268)
[info]   at org.scalatest.funsuite.AnyFunSuite.runTests(AnyFunSuite.scala:1564)
[info]   at org.scalatest.Suite.run(Suite.scala:1114)
[info]   at org.scalatest.Suite.run$(Suite.scala:1096)
[info]   at org.scalatest.funsuite.AnyFunSuite.org$scalatest$funsuite$AnyFunSuiteLike$$super$run(AnyFunSuite.scala:1564)
[info]   at org.scalatest.funsuite.AnyFunSuiteLike.$anonfun$run$1(AnyFunSuiteLike.scala:273)
[info]   at org.scalatest.SuperEngine.runImpl(Engine.scala:535)
[info]   at org.scalatest.funsuite.AnyFunSuiteLike.run(AnyFunSuiteLike.scala:273)
[info]   at org.scalatest.funsuite.AnyFunSuiteLike.run$(AnyFunSuiteLike.scala:272)
[info]   at frameless.TypedDatasetSuite.org$scalatest$BeforeAndAfterAll$$super$run(TypedDatasetSuite.scala:63)
[info]   at org.scalatest.BeforeAndAfterAll.liftedTree1$1(BeforeAndAfterAll.scala:213)
[info]   at org.scalatest.BeforeAndAfterAll.run(BeforeAndAfterAll.scala:210)
[info]   at org.scalatest.BeforeAndAfterAll.run$(BeforeAndAfterAll.scala:208)
[info]   at frameless.TypedDatasetSuite.run(TypedDatasetSuite.scala:63)
[info]   at org.scalatest.tools.Framework.org$scalatest$tools$Framework$$runSuite(Framework.scala:321)
[info]   at org.scalatest.tools.Framework$ScalaTestTask.execute(Framework.scala:517)
[info]   at sbt.ForkMain$Run.lambda$runTest$1(ForkMain.java:414)
[info]   at java.base/java.util.concurrent.FutureTask.run(FutureTask.java:317)
[info]   at java.base/java.util.concurrent.ThreadPoolExecutor.runWorker(ThreadPoolExecutor.java:1144)
[info]   at java.base/java.util.concurrent.ThreadPoolExecutor$Worker.run(ThreadPoolExecutor.java:642)
[info]   at java.base/java.lang.Thread.run(Thread.java:1583)
[info] - concat for TypedAggregate *** FAILED *** (4 milliseconds)
[info]   IllegalArgumentException was thrown during property evaluation.
[info]     Message: argument type mismatch
[info]     Occurred when passed generated values (
[info]       arg0 = List() // 1 shrink
[info]     )
[info]   org.scalatest.exceptions.GeneratorDrivenPropertyCheckFailedException:
[info]   at org.scalatestplus.scalacheck.CheckerAsserting$$anon$2.indicateFailure(CheckerAsserting.scala:251)
[info]   at org.scalatestplus.scalacheck.CheckerAsserting$$anon$2.indicateFailure(CheckerAsserting.scala:238)
[info]   at org.scalatestplus.scalacheck.UnitCheckerAsserting$CheckerAssertingImpl.check(CheckerAsserting.scala:160)
[info]   at org.scalatestplus.scalacheck.Checkers.check(Checkers.scala:371)
[info]   at org.scalatestplus.scalacheck.Checkers.check$(Checkers.scala:369)
[info]   at frameless.TypedDatasetSuite.check(TypedDatasetSuite.scala:63)
[info]   at frameless.functions.NonAggregateFunctionsTests.$anonfun$new$1243(NonAggregateFunctionsTests.scala:1856)
[info]   at org.scalatest.OutcomeOf.outcomeOf(OutcomeOf.scala:85)
[info]   at org.scalatest.OutcomeOf.outcomeOf$(OutcomeOf.scala:83)
[info]   at org.scalatest.OutcomeOf$.outcomeOf(OutcomeOf.scala:104)
[info]   at org.scalatest.Transformer.apply(Transformer.scala:22)
[info]   at org.scalatest.Transformer.apply(Transformer.scala:20)
[info]   at org.scalatest.funsuite.AnyFunSuiteLike$$anon$1.apply(AnyFunSuiteLike.scala:226)
[info]   at org.scalatest.TestSuite.withFixture(TestSuite.scala:196)
[info]   at org.scalatest.TestSuite.withFixture$(TestSuite.scala:195)
[info]   at org.scalatest.funsuite.AnyFunSuite.withFixture(AnyFunSuite.scala:1564)
[info]   at org.scalatest.funsuite.AnyFunSuiteLike.invokeWithFixture$1(AnyFunSuiteLike.scala:224)
[info]   at org.scalatest.funsuite.AnyFunSuiteLike.$anonfun$runTest$1(AnyFunSuiteLike.scala:236)
[info]   at org.scalatest.SuperEngine.runTestImpl(Engine.scala:306)
[info]   at org.scalatest.funsuite.AnyFunSuiteLike.runTest(AnyFunSuiteLike.scala:236)
[info]   at org.scalatest.funsuite.AnyFunSuiteLike.runTest$(AnyFunSuiteLike.scala:218)
[info]   at org.scalatest.funsuite.AnyFunSuite.runTest(AnyFunSuite.scala:1564)
[info]   at org.scalatest.funsuite.AnyFunSuiteLike.$anonfun$runTests$1(AnyFunSuiteLike.scala:269)
[info]   at org.scalatest.SuperEngine.$anonfun$runTestsInBranch$1(Engine.scala:413)
[info]   at scala.collection.immutable.List.foreach(List.scala:334)
[info]   at org.scalatest.SuperEngine.traverseSubNodes$1(Engine.scala:401)
[info]   at org.scalatest.SuperEngine.runTestsInBranch(Engine.scala:396)
[info]   at org.scalatest.SuperEngine.runTestsImpl(Engine.scala:475)
[info]   at org.scalatest.funsuite.AnyFunSuiteLike.runTests(AnyFunSuiteLike.scala:269)
[info]   at org.scalatest.funsuite.AnyFunSuiteLike.runTests$(AnyFunSuiteLike.scala:268)
[info]   at org.scalatest.funsuite.AnyFunSuite.runTests(AnyFunSuite.scala:1564)
[info]   at org.scalatest.Suite.run(Suite.scala:1114)
[info]   at org.scalatest.Suite.run$(Suite.scala:1096)
[info]   at org.scalatest.funsuite.AnyFunSuite.org$scalatest$funsuite$AnyFunSuiteLike$$super$run(AnyFunSuite.scala:1564)
[info]   at org.scalatest.funsuite.AnyFunSuiteLike.$anonfun$run$1(AnyFunSuiteLike.scala:273)
[info]   at org.scalatest.SuperEngine.runImpl(Engine.scala:535)
[info]   at org.scalatest.funsuite.AnyFunSuiteLike.run(AnyFunSuiteLike.scala:273)
[info]   at org.scalatest.funsuite.AnyFunSuiteLike.run$(AnyFunSuiteLike.scala:272)
[info]   at frameless.TypedDatasetSuite.org$scalatest$BeforeAndAfterAll$$super$run(TypedDatasetSuite.scala:63)
[info]   at org.scalatest.BeforeAndAfterAll.liftedTree1$1(BeforeAndAfterAll.scala:213)
[info]   at org.scalatest.BeforeAndAfterAll.run(BeforeAndAfterAll.scala:210)
[info]   at org.scalatest.BeforeAndAfterAll.run$(BeforeAndAfterAll.scala:208)
[info]   at frameless.TypedDatasetSuite.run(TypedDatasetSuite.scala:63)
[info]   at org.scalatest.tools.Framework.org$scalatest$tools$Framework$$runSuite(Framework.scala:321)
[info]   at org.scalatest.tools.Framework$ScalaTestTask.execute(Framework.scala:517)
[info]   at sbt.ForkMain$Run.lambda$runTest$1(ForkMain.java:414)
[info]   at java.base/java.util.concurrent.FutureTask.run(FutureTask.java:317)
[info]   at java.base/java.util.concurrent.ThreadPoolExecutor.runWorker(ThreadPoolExecutor.java:1144)
[info]   at java.base/java.util.concurrent.ThreadPoolExecutor$Worker.run(ThreadPoolExecutor.java:642)
[info]   at java.base/java.lang.Thread.run(Thread.java:1583)
[info]   Cause: java.lang.IllegalArgumentException: argument type mismatch
[info]   at java.base/jdk.internal.reflect.DirectConstructorHandleAccessor.newInstance(DirectConstructorHandleAccessor.java:65)
[info]   at java.base/java.lang.reflect.Constructor.newInstanceWithCaller(Constructor.java:502)
[info]   at java.base/java.lang.reflect.Constructor.newInstance(Constructor.java:486)
[info]   at frameless.TypedExpressionEncoder$.$anonfun$apply$3(TypedExpressionEncoder.scala:55)
[info]   at scala.Option.map(Option.scala:242)
[info]   at frameless.TypedExpressionEncoder$.apply(TypedExpressionEncoder.scala:54)
[info]   at frameless.TypedDataset$.create(TypedDataset.scala:1325)
[info]   at frameless.functions.NonAggregateFunctionsTests.$anonfun$new$1247(NonAggregateFunctionsTests.scala:1857)
[info]   at org.scalacheck.Prop$.$anonfun$forAllShrink$2(Prop.scala:868)
[info]   at org.scalacheck.Prop$.secure(Prop.scala:484)
[info]   at org.scalacheck.Prop$.result$1(Prop.scala:868)
[info]   at org.scalacheck.Prop$.$anonfun$forAllShrink$4(Prop.scala:880)
[info]   at scala.collection.immutable.Stream.map(Stream.scala:173)
[info]   at org.scalacheck.Prop$.getFirstFailure$1(Prop.scala:880)
[info]   at org.scalacheck.Prop$.shrinker$1(Prop.scala:895)
[info]   at org.scalacheck.Prop$.$anonfun$forAllShrink$1(Prop.scala:916)
[info]   at org.scalacheck.Prop$.$anonfun$apply$1(Prop.scala:305)
[info]   at org.scalacheck.PropFromFun.apply(Prop.scala:20)
[info]   at org.scalacheck.Test$.workerFun$1(Test.scala:486)
[info]   at org.scalacheck.Test$.$anonfun$check$4(Test.scala:518)
[info]   at org.scalacheck.Test$.$anonfun$check$4$adapted(Test.scala:518)
[info]   at org.scalacheck.Platform$.runWorkers(Platform.scala:42)
[info]   at org.scalacheck.Test$.check(Test.scala:518)
[info]   at org.scalatestplus.scalacheck.UnitCheckerAsserting$CheckerAssertingImpl.check(CheckerAsserting.scala:90)
[info]   at org.scalatestplus.scalacheck.Checkers.check(Checkers.scala:371)
[info]   at org.scalatestplus.scalacheck.Checkers.check$(Checkers.scala:369)
[info]   at frameless.TypedDatasetSuite.check(TypedDatasetSuite.scala:63)
[info]   at frameless.functions.NonAggregateFunctionsTests.$anonfun$new$1243(NonAggregateFunctionsTests.scala:1856)
[info]   at org.scalatest.OutcomeOf.outcomeOf(OutcomeOf.scala:85)
[info]   at org.scalatest.OutcomeOf.outcomeOf$(OutcomeOf.scala:83)
[info]   at org.scalatest.OutcomeOf$.outcomeOf(OutcomeOf.scala:104)
[info]   at org.scalatest.Transformer.apply(Transformer.scala:22)
[info]   at org.scalatest.Transformer.apply(Transformer.scala:20)
[info]   at org.scalatest.funsuite.AnyFunSuiteLike$$anon$1.apply(AnyFunSuiteLike.scala:226)
[info]   at org.scalatest.TestSuite.withFixture(TestSuite.scala:196)
[info]   at org.scalatest.TestSuite.withFixture$(TestSuite.scala:195)
[info]   at org.scalatest.funsuite.AnyFunSuite.withFixture(AnyFunSuite.scala:1564)
[info]   at org.scalatest.funsuite.AnyFunSuiteLike.invokeWithFixture$1(AnyFunSuiteLike.scala:224)
[info]   at org.scalatest.funsuite.AnyFunSuiteLike.$anonfun$runTest$1(AnyFunSuiteLike.scala:236)
[info]   at org.scalatest.SuperEngine.runTestImpl(Engine.scala:306)
[info]   at org.scalatest.funsuite.AnyFunSuiteLike.runTest(AnyFunSuiteLike.scala:236)
[info]   at org.scalatest.funsuite.AnyFunSuiteLike.runTest$(AnyFunSuiteLike.scala:218)
[info]   at org.scalatest.funsuite.AnyFunSuite.runTest(AnyFunSuite.scala:1564)
[info]   at org.scalatest.funsuite.AnyFunSuiteLike.$anonfun$runTests$1(AnyFunSuiteLike.scala:269)
[info]   at org.scalatest.SuperEngine.$anonfun$runTestsInBranch$1(Engine.scala:413)
[info]   at scala.collection.immutable.List.foreach(List.scala:334)
[info]   at org.scalatest.SuperEngine.traverseSubNodes$1(Engine.scala:401)
[info]   at org.scalatest.SuperEngine.runTestsInBranch(Engine.scala:396)
[info]   at org.scalatest.SuperEngine.runTestsImpl(Engine.scala:475)
[info]   at org.scalatest.funsuite.AnyFunSuiteLike.runTests(AnyFunSuiteLike.scala:269)
[info]   at org.scalatest.funsuite.AnyFunSuiteLike.runTests$(AnyFunSuiteLike.scala:268)
[info]   at org.scalatest.funsuite.AnyFunSuite.runTests(AnyFunSuite.scala:1564)
[info]   at org.scalatest.Suite.run(Suite.scala:1114)
[info]   at org.scalatest.Suite.run$(Suite.scala:1096)
[info]   at org.scalatest.funsuite.AnyFunSuite.org$scalatest$funsuite$AnyFunSuiteLike$$super$run(AnyFunSuite.scala:1564)
[info]   at org.scalatest.funsuite.AnyFunSuiteLike.$anonfun$run$1(AnyFunSuiteLike.scala:273)
[info]   at org.scalatest.SuperEngine.runImpl(Engine.scala:535)
[info]   at org.scalatest.funsuite.AnyFunSuiteLike.run(AnyFunSuiteLike.scala:273)
[info]   at org.scalatest.funsuite.AnyFunSuiteLike.run$(AnyFunSuiteLike.scala:272)
[info]   at frameless.TypedDatasetSuite.org$scalatest$BeforeAndAfterAll$$super$run(TypedDatasetSuite.scala:63)
[info]   at org.scalatest.BeforeAndAfterAll.liftedTree1$1(BeforeAndAfterAll.scala:213)
[info]   at org.scalatest.BeforeAndAfterAll.run(BeforeAndAfterAll.scala:210)
[info]   at org.scalatest.BeforeAndAfterAll.run$(BeforeAndAfterAll.scala:208)
[info]   at frameless.TypedDatasetSuite.run(TypedDatasetSuite.scala:63)
[info]   at org.scalatest.tools.Framework.org$scalatest$tools$Framework$$runSuite(Framework.scala:321)
[info]   at org.scalatest.tools.Framework$ScalaTestTask.execute(Framework.scala:517)
[info]   at sbt.ForkMain$Run.lambda$runTest$1(ForkMain.java:414)
[info]   at java.base/java.util.concurrent.FutureTask.run(FutureTask.java:317)
[info]   at java.base/java.util.concurrent.ThreadPoolExecutor.runWorker(ThreadPoolExecutor.java:1144)
[info]   at java.base/java.util.concurrent.ThreadPoolExecutor$Worker.run(ThreadPoolExecutor.java:642)
[info]   at java.base/java.lang.Thread.run(Thread.java:1583)
[info]   Cause: java.lang.ClassCastException: Cannot cast scala.reflect.ClassTag$GenericClassTag to org.apache.spark.sql.catalyst.expressions.Expression
[info]   at java.base/java.lang.Class.cast(Class.java:4067)
[info]   at java.base/jdk.internal.reflect.DirectConstructorHandleAccessor.newInstance(DirectConstructorHandleAccessor.java:62)
[info]   at java.base/java.lang.reflect.Constructor.newInstanceWithCaller(Constructor.java:502)
[info]   at java.base/java.lang.reflect.Constructor.newInstance(Constructor.java:486)
[info]   at frameless.TypedExpressionEncoder$.$anonfun$apply$3(TypedExpressionEncoder.scala:55)
[info]   at scala.Option.map(Option.scala:242)
[info]   at frameless.TypedExpressionEncoder$.apply(TypedExpressionEncoder.scala:54)
[info]   at frameless.TypedDataset$.create(TypedDataset.scala:1325)
[info]   at frameless.functions.NonAggregateFunctionsTests.$anonfun$new$1247(NonAggregateFunctionsTests.scala:1857)
[info]   at org.scalacheck.Prop$.$anonfun$forAllShrink$2(Prop.scala:868)
[info]   at org.scalacheck.Prop$.secure(Prop.scala:484)
[info]   at org.scalacheck.Prop$.result$1(Prop.scala:868)
[info]   at org.scalacheck.Prop$.$anonfun$forAllShrink$4(Prop.scala:880)
[info]   at scala.collection.immutable.Stream.map(Stream.scala:173)
[info]   at org.scalacheck.Prop$.getFirstFailure$1(Prop.scala:880)
[info]   at org.scalacheck.Prop$.shrinker$1(Prop.scala:895)
[info]   at org.scalacheck.Prop$.$anonfun$forAllShrink$1(Prop.scala:916)
[info]   at org.scalacheck.Prop$.$anonfun$apply$1(Prop.scala:305)
[info]   at org.scalacheck.PropFromFun.apply(Prop.scala:20)
[info]   at org.scalacheck.Test$.workerFun$1(Test.scala:486)
[info]   at org.scalacheck.Test$.$anonfun$check$4(Test.scala:518)
[info]   at org.scalacheck.Test$.$anonfun$check$4$adapted(Test.scala:518)
[info]   at org.scalacheck.Platform$.runWorkers(Platform.scala:42)
[info]   at org.scalacheck.Test$.check(Test.scala:518)
[info]   at org.scalatestplus.scalacheck.UnitCheckerAsserting$CheckerAssertingImpl.check(CheckerAsserting.scala:90)
[info]   at org.scalatestplus.scalacheck.Checkers.check(Checkers.scala:371)
[info]   at org.scalatestplus.scalacheck.Checkers.check$(Checkers.scala:369)
[info]   at frameless.TypedDatasetSuite.check(TypedDatasetSuite.scala:63)
[info]   at frameless.functions.NonAggregateFunctionsTests.$anonfun$new$1243(NonAggregateFunctionsTests.scala:1856)
[info]   at org.scalatest.OutcomeOf.outcomeOf(OutcomeOf.scala:85)
[info]   at org.scalatest.OutcomeOf.outcomeOf$(OutcomeOf.scala:83)
[info]   at org.scalatest.OutcomeOf$.outcomeOf(OutcomeOf.scala:104)
[info]   at org.scalatest.Transformer.apply(Transformer.scala:22)
[info]   at org.scalatest.Transformer.apply(Transformer.scala:20)
[info]   at org.scalatest.funsuite.AnyFunSuiteLike$$anon$1.apply(AnyFunSuiteLike.scala:226)
[info]   at org.scalatest.TestSuite.withFixture(TestSuite.scala:196)
[info]   at org.scalatest.TestSuite.withFixture$(TestSuite.scala:195)
[info]   at org.scalatest.funsuite.AnyFunSuite.withFixture(AnyFunSuite.scala:1564)
[info]   at org.scalatest.funsuite.AnyFunSuiteLike.invokeWithFixture$1(AnyFunSuiteLike.scala:224)
[info]   at org.scalatest.funsuite.AnyFunSuiteLike.$anonfun$runTest$1(AnyFunSuiteLike.scala:236)
[info]   at org.scalatest.SuperEngine.runTestImpl(Engine.scala:306)
[info]   at org.scalatest.funsuite.AnyFunSuiteLike.runTest(AnyFunSuiteLike.scala:236)
[info]   at org.scalatest.funsuite.AnyFunSuiteLike.runTest$(AnyFunSuiteLike.scala:218)
[info]   at org.scalatest.funsuite.AnyFunSuite.runTest(AnyFunSuite.scala:1564)
[info]   at org.scalatest.funsuite.AnyFunSuiteLike.$anonfun$runTests$1(AnyFunSuiteLike.scala:269)
[info]   at org.scalatest.SuperEngine.$anonfun$runTestsInBranch$1(Engine.scala:413)
[info]   at scala.collection.immutable.List.foreach(List.scala:334)
[info]   at org.scalatest.SuperEngine.traverseSubNodes$1(Engine.scala:401)
[info]   at org.scalatest.SuperEngine.runTestsInBranch(Engine.scala:396)
[info]   at org.scalatest.SuperEngine.runTestsImpl(Engine.scala:475)
[info]   at org.scalatest.funsuite.AnyFunSuiteLike.runTests(AnyFunSuiteLike.scala:269)
[info]   at org.scalatest.funsuite.AnyFunSuiteLike.runTests$(AnyFunSuiteLike.scala:268)
[info]   at org.scalatest.funsuite.AnyFunSuite.runTests(AnyFunSuite.scala:1564)
[info]   at org.scalatest.Suite.run(Suite.scala:1114)
[info]   at org.scalatest.Suite.run$(Suite.scala:1096)
[info]   at org.scalatest.funsuite.AnyFunSuite.org$scalatest$funsuite$AnyFunSuiteLike$$super$run(AnyFunSuite.scala:1564)
[info]   at org.scalatest.funsuite.AnyFunSuiteLike.$anonfun$run$1(AnyFunSuiteLike.scala:273)
[info]   at org.scalatest.SuperEngine.runImpl(Engine.scala:535)
[info]   at org.scalatest.funsuite.AnyFunSuiteLike.run(AnyFunSuiteLike.scala:273)
[info]   at org.scalatest.funsuite.AnyFunSuiteLike.run$(AnyFunSuiteLike.scala:272)
[info]   at frameless.TypedDatasetSuite.org$scalatest$BeforeAndAfterAll$$super$run(TypedDatasetSuite.scala:63)
[info]   at org.scalatest.BeforeAndAfterAll.liftedTree1$1(BeforeAndAfterAll.scala:213)
[info]   at org.scalatest.BeforeAndAfterAll.run(BeforeAndAfterAll.scala:210)
[info]   at org.scalatest.BeforeAndAfterAll.run$(BeforeAndAfterAll.scala:208)
[info]   at frameless.TypedDatasetSuite.run(TypedDatasetSuite.scala:63)
[info]   at org.scalatest.tools.Framework.org$scalatest$tools$Framework$$runSuite(Framework.scala:321)
[info]   at org.scalatest.tools.Framework$ScalaTestTask.execute(Framework.scala:517)
[info]   at sbt.ForkMain$Run.lambda$runTest$1(ForkMain.java:414)
[info]   at java.base/java.util.concurrent.FutureTask.run(FutureTask.java:317)
[info]   at java.base/java.util.concurrent.ThreadPoolExecutor.runWorker(ThreadPoolExecutor.java:1144)
[info]   at java.base/java.util.concurrent.ThreadPoolExecutor$Worker.run(ThreadPoolExecutor.java:642)
[info]   at java.base/java.lang.Thread.run(Thread.java:1583)
[info] - concat_ws *** FAILED *** (6 milliseconds)
[info]   IllegalArgumentException was thrown during property evaluation.
[info]     Message: argument type mismatch
[info]     Occurred when passed generated values (
[info]       arg0 = List() // 1 shrink
[info]     )
[info]   org.scalatest.exceptions.GeneratorDrivenPropertyCheckFailedException:
[info]   at org.scalatestplus.scalacheck.CheckerAsserting$$anon$2.indicateFailure(CheckerAsserting.scala:251)
[info]   at org.scalatestplus.scalacheck.CheckerAsserting$$anon$2.indicateFailure(CheckerAsserting.scala:238)
[info]   at org.scalatestplus.scalacheck.UnitCheckerAsserting$CheckerAssertingImpl.check(CheckerAsserting.scala:160)
[info]   at org.scalatestplus.scalacheck.Checkers.check(Checkers.scala:371)
[info]   at org.scalatestplus.scalacheck.Checkers.check$(Checkers.scala:369)
[info]   at frameless.TypedDatasetSuite.check(TypedDatasetSuite.scala:63)
[info]   at frameless.functions.NonAggregateFunctionsTests.$anonfun$new$1259(NonAggregateFunctionsTests.scala:1875)
[info]   at org.scalatest.OutcomeOf.outcomeOf(OutcomeOf.scala:85)
[info]   at org.scalatest.OutcomeOf.outcomeOf$(OutcomeOf.scala:83)
[info]   at org.scalatest.OutcomeOf$.outcomeOf(OutcomeOf.scala:104)
[info]   at org.scalatest.Transformer.apply(Transformer.scala:22)
[info]   at org.scalatest.Transformer.apply(Transformer.scala:20)
[info]   at org.scalatest.funsuite.AnyFunSuiteLike$$anon$1.apply(AnyFunSuiteLike.scala:226)
[info]   at org.scalatest.TestSuite.withFixture(TestSuite.scala:196)
[info]   at org.scalatest.TestSuite.withFixture$(TestSuite.scala:195)
[info]   at org.scalatest.funsuite.AnyFunSuite.withFixture(AnyFunSuite.scala:1564)
[info]   at org.scalatest.funsuite.AnyFunSuiteLike.invokeWithFixture$1(AnyFunSuiteLike.scala:224)
[info]   at org.scalatest.funsuite.AnyFunSuiteLike.$anonfun$runTest$1(AnyFunSuiteLike.scala:236)
[info]   at org.scalatest.SuperEngine.runTestImpl(Engine.scala:306)
[info]   at org.scalatest.funsuite.AnyFunSuiteLike.runTest(AnyFunSuiteLike.scala:236)
[info]   at org.scalatest.funsuite.AnyFunSuiteLike.runTest$(AnyFunSuiteLike.scala:218)
[info]   at org.scalatest.funsuite.AnyFunSuite.runTest(AnyFunSuite.scala:1564)
[info]   at org.scalatest.funsuite.AnyFunSuiteLike.$anonfun$runTests$1(AnyFunSuiteLike.scala:269)
[info]   at org.scalatest.SuperEngine.$anonfun$runTestsInBranch$1(Engine.scala:413)
[info]   at scala.collection.immutable.List.foreach(List.scala:334)
[info]   at org.scalatest.SuperEngine.traverseSubNodes$1(Engine.scala:401)
[info]   at org.scalatest.SuperEngine.runTestsInBranch(Engine.scala:396)
[info]   at org.scalatest.SuperEngine.runTestsImpl(Engine.scala:475)
[info]   at org.scalatest.funsuite.AnyFunSuiteLike.runTests(AnyFunSuiteLike.scala:269)
[info]   at org.scalatest.funsuite.AnyFunSuiteLike.runTests$(AnyFunSuiteLike.scala:268)
[info]   at org.scalatest.funsuite.AnyFunSuite.runTests(AnyFunSuite.scala:1564)
[info]   at org.scalatest.Suite.run(Suite.scala:1114)
[info]   at org.scalatest.Suite.run$(Suite.scala:1096)
[info]   at org.scalatest.funsuite.AnyFunSuite.org$scalatest$funsuite$AnyFunSuiteLike$$super$run(AnyFunSuite.scala:1564)
[info]   at org.scalatest.funsuite.AnyFunSuiteLike.$anonfun$run$1(AnyFunSuiteLike.scala:273)
[info]   at org.scalatest.SuperEngine.runImpl(Engine.scala:535)
[info]   at org.scalatest.funsuite.AnyFunSuiteLike.run(AnyFunSuiteLike.scala:273)
[info]   at org.scalatest.funsuite.AnyFunSuiteLike.run$(AnyFunSuiteLike.scala:272)
[info]   at frameless.TypedDatasetSuite.org$scalatest$BeforeAndAfterAll$$super$run(TypedDatasetSuite.scala:63)
[info]   at org.scalatest.BeforeAndAfterAll.liftedTree1$1(BeforeAndAfterAll.scala:213)
[info]   at org.scalatest.BeforeAndAfterAll.run(BeforeAndAfterAll.scala:210)
[info]   at org.scalatest.BeforeAndAfterAll.run$(BeforeAndAfterAll.scala:208)
[info]   at frameless.TypedDatasetSuite.run(TypedDatasetSuite.scala:63)
[info]   at org.scalatest.tools.Framework.org$scalatest$tools$Framework$$runSuite(Framework.scala:321)
[info]   at org.scalatest.tools.Framework$ScalaTestTask.execute(Framework.scala:517)
[info]   at sbt.ForkMain$Run.lambda$runTest$1(ForkMain.java:414)
[info]   at java.base/java.util.concurrent.FutureTask.run(FutureTask.java:317)
[info]   at java.base/java.util.concurrent.ThreadPoolExecutor.runWorker(ThreadPoolExecutor.java:1144)
[info]   at java.base/java.util.concurrent.ThreadPoolExecutor$Worker.run(ThreadPoolExecutor.java:642)
[info]   at java.base/java.lang.Thread.run(Thread.java:1583)
[info]   Cause: java.lang.IllegalArgumentException: argument type mismatch
[info]   at java.base/jdk.internal.reflect.DirectConstructorHandleAccessor.newInstance(DirectConstructorHandleAccessor.java:65)
[info]   at java.base/java.lang.reflect.Constructor.newInstanceWithCaller(Constructor.java:502)
[info]   at java.base/java.lang.reflect.Constructor.newInstance(Constructor.java:486)
[info]   at frameless.TypedExpressionEncoder$.$anonfun$apply$3(TypedExpressionEncoder.scala:55)
[info]   at scala.Option.map(Option.scala:242)
[info]   at frameless.TypedExpressionEncoder$.apply(TypedExpressionEncoder.scala:54)
[info]   at frameless.TypedDataset$.create(TypedDataset.scala:1325)
[info]   at frameless.functions.NonAggregateFunctionsTests.$anonfun$new$1263(NonAggregateFunctionsTests.scala:1876)
[info]   at org.scalacheck.Prop$.$anonfun$forAllShrink$2(Prop.scala:868)
[info]   at org.scalacheck.Prop$.secure(Prop.scala:484)
[info]   at org.scalacheck.Prop$.result$1(Prop.scala:868)
[info]   at org.scalacheck.Prop$.$anonfun$forAllShrink$4(Prop.scala:880)
[info]   at scala.collection.immutable.Stream.map(Stream.scala:173)
[info]   at org.scalacheck.Prop$.getFirstFailure$1(Prop.scala:880)
[info]   at org.scalacheck.Prop$.shrinker$1(Prop.scala:895)
[info]   at org.scalacheck.Prop$.$anonfun$forAllShrink$1(Prop.scala:916)
[info]   at org.scalacheck.Prop$.$anonfun$apply$1(Prop.scala:305)
[info]   at org.scalacheck.PropFromFun.apply(Prop.scala:20)
[info]   at org.scalacheck.Test$.workerFun$1(Test.scala:486)
[info]   at org.scalacheck.Test$.$anonfun$check$4(Test.scala:518)
[info]   at org.scalacheck.Test$.$anonfun$check$4$adapted(Test.scala:518)
[info]   at org.scalacheck.Platform$.runWorkers(Platform.scala:42)
[info]   at org.scalacheck.Test$.check(Test.scala:518)
[info]   at org.scalatestplus.scalacheck.UnitCheckerAsserting$CheckerAssertingImpl.check(CheckerAsserting.scala:90)
[info]   at org.scalatestplus.scalacheck.Checkers.check(Checkers.scala:371)
[info]   at org.scalatestplus.scalacheck.Checkers.check$(Checkers.scala:369)
[info]   at frameless.TypedDatasetSuite.check(TypedDatasetSuite.scala:63)
[info]   at frameless.functions.NonAggregateFunctionsTests.$anonfun$new$1259(NonAggregateFunctionsTests.scala:1875)
[info]   at org.scalatest.OutcomeOf.outcomeOf(OutcomeOf.scala:85)
[info]   at org.scalatest.OutcomeOf.outcomeOf$(OutcomeOf.scala:83)
[info]   at org.scalatest.OutcomeOf$.outcomeOf(OutcomeOf.scala:104)
[info]   at org.scalatest.Transformer.apply(Transformer.scala:22)
[info]   at org.scalatest.Transformer.apply(Transformer.scala:20)
[info]   at org.scalatest.funsuite.AnyFunSuiteLike$$anon$1.apply(AnyFunSuiteLike.scala:226)
[info]   at org.scalatest.TestSuite.withFixture(TestSuite.scala:196)
[info]   at org.scalatest.TestSuite.withFixture$(TestSuite.scala:195)
[info]   at org.scalatest.funsuite.AnyFunSuite.withFixture(AnyFunSuite.scala:1564)
[info]   at org.scalatest.funsuite.AnyFunSuiteLike.invokeWithFixture$1(AnyFunSuiteLike.scala:224)
[info]   at org.scalatest.funsuite.AnyFunSuiteLike.$anonfun$runTest$1(AnyFunSuiteLike.scala:236)
[info]   at org.scalatest.SuperEngine.runTestImpl(Engine.scala:306)
[info]   at org.scalatest.funsuite.AnyFunSuiteLike.runTest(AnyFunSuiteLike.scala:236)
[info]   at org.scalatest.funsuite.AnyFunSuiteLike.runTest$(AnyFunSuiteLike.scala:218)
[info]   at org.scalatest.funsuite.AnyFunSuite.runTest(AnyFunSuite.scala:1564)
[info]   at org.scalatest.funsuite.AnyFunSuiteLike.$anonfun$runTests$1(AnyFunSuiteLike.scala:269)
[info]   at org.scalatest.SuperEngine.$anonfun$runTestsInBranch$1(Engine.scala:413)
[info]   at scala.collection.immutable.List.foreach(List.scala:334)
[info]   at org.scalatest.SuperEngine.traverseSubNodes$1(Engine.scala:401)
[info]   at org.scalatest.SuperEngine.runTestsInBranch(Engine.scala:396)
[info]   at org.scalatest.SuperEngine.runTestsImpl(Engine.scala:475)
[info]   at org.scalatest.funsuite.AnyFunSuiteLike.runTests(AnyFunSuiteLike.scala:269)
[info]   at org.scalatest.funsuite.AnyFunSuiteLike.runTests$(AnyFunSuiteLike.scala:268)
[info]   at org.scalatest.funsuite.AnyFunSuite.runTests(AnyFunSuite.scala:1564)
[info]   at org.scalatest.Suite.run(Suite.scala:1114)
[info]   at org.scalatest.Suite.run$(Suite.scala:1096)
[info]   at org.scalatest.funsuite.AnyFunSuite.org$scalatest$funsuite$AnyFunSuiteLike$$super$run(AnyFunSuite.scala:1564)
[info]   at org.scalatest.funsuite.AnyFunSuiteLike.$anonfun$run$1(AnyFunSuiteLike.scala:273)
[info]   at org.scalatest.SuperEngine.runImpl(Engine.scala:535)
[info]   at org.scalatest.funsuite.AnyFunSuiteLike.run(AnyFunSuiteLike.scala:273)
[info]   at org.scalatest.funsuite.AnyFunSuiteLike.run$(AnyFunSuiteLike.scala:272)
[info]   at frameless.TypedDatasetSuite.org$scalatest$BeforeAndAfterAll$$super$run(TypedDatasetSuite.scala:63)
[info]   at org.scalatest.BeforeAndAfterAll.liftedTree1$1(BeforeAndAfterAll.scala:213)
[info]   at org.scalatest.BeforeAndAfterAll.run(BeforeAndAfterAll.scala:210)
[info]   at org.scalatest.BeforeAndAfterAll.run$(BeforeAndAfterAll.scala:208)
[info]   at frameless.TypedDatasetSuite.run(TypedDatasetSuite.scala:63)
[info]   at org.scalatest.tools.Framework.org$scalatest$tools$Framework$$runSuite(Framework.scala:321)
[info]   at org.scalatest.tools.Framework$ScalaTestTask.execute(Framework.scala:517)
[info]   at sbt.ForkMain$Run.lambda$runTest$1(ForkMain.java:414)
[info]   at java.base/java.util.concurrent.FutureTask.run(FutureTask.java:317)
[info]   at java.base/java.util.concurrent.ThreadPoolExecutor.runWorker(ThreadPoolExecutor.java:1144)
[info]   at java.base/java.util.concurrent.ThreadPoolExecutor$Worker.run(ThreadPoolExecutor.java:642)
[info]   at java.base/java.lang.Thread.run(Thread.java:1583)
[info]   Cause: java.lang.ClassCastException: Cannot cast scala.reflect.ClassTag$GenericClassTag to org.apache.spark.sql.catalyst.expressions.Expression
[info]   at java.base/java.lang.Class.cast(Class.java:4067)
[info]   at java.base/jdk.internal.reflect.DirectConstructorHandleAccessor.newInstance(DirectConstructorHandleAccessor.java:62)
[info]   at java.base/java.lang.reflect.Constructor.newInstanceWithCaller(Constructor.java:502)
[info]   at java.base/java.lang.reflect.Constructor.newInstance(Constructor.java:486)
[info]   at frameless.TypedExpressionEncoder$.$anonfun$apply$3(TypedExpressionEncoder.scala:55)
[info]   at scala.Option.map(Option.scala:242)
[info]   at frameless.TypedExpressionEncoder$.apply(TypedExpressionEncoder.scala:54)
[info]   at frameless.TypedDataset$.create(TypedDataset.scala:1325)
[info]   at frameless.functions.NonAggregateFunctionsTests.$anonfun$new$1263(NonAggregateFunctionsTests.scala:1876)
[info]   at org.scalacheck.Prop$.$anonfun$forAllShrink$2(Prop.scala:868)
[info]   at org.scalacheck.Prop$.secure(Prop.scala:484)
[info]   at org.scalacheck.Prop$.result$1(Prop.scala:868)
[info]   at org.scalacheck.Prop$.$anonfun$forAllShrink$4(Prop.scala:880)
[info]   at scala.collection.immutable.Stream.map(Stream.scala:173)
[info]   at org.scalacheck.Prop$.getFirstFailure$1(Prop.scala:880)
[info]   at org.scalacheck.Prop$.shrinker$1(Prop.scala:895)
[info]   at org.scalacheck.Prop$.$anonfun$forAllShrink$1(Prop.scala:916)
[info]   at org.scalacheck.Prop$.$anonfun$apply$1(Prop.scala:305)
[info]   at org.scalacheck.PropFromFun.apply(Prop.scala:20)
[info]   at org.scalacheck.Test$.workerFun$1(Test.scala:486)
[info]   at org.scalacheck.Test$.$anonfun$check$4(Test.scala:518)
[info]   at org.scalacheck.Test$.$anonfun$check$4$adapted(Test.scala:518)
[info]   at org.scalacheck.Platform$.runWorkers(Platform.scala:42)
[info]   at org.scalacheck.Test$.check(Test.scala:518)
[info]   at org.scalatestplus.scalacheck.UnitCheckerAsserting$CheckerAssertingImpl.check(CheckerAsserting.scala:90)
[info]   at org.scalatestplus.scalacheck.Checkers.check(Checkers.scala:371)
[info]   at org.scalatestplus.scalacheck.Checkers.check$(Checkers.scala:369)
[info]   at frameless.TypedDatasetSuite.check(TypedDatasetSuite.scala:63)
[info]   at frameless.functions.NonAggregateFunctionsTests.$anonfun$new$1259(NonAggregateFunctionsTests.scala:1875)
[info]   at org.scalatest.OutcomeOf.outcomeOf(OutcomeOf.scala:85)
[info]   at org.scalatest.OutcomeOf.outcomeOf$(OutcomeOf.scala:83)
[info]   at org.scalatest.OutcomeOf$.outcomeOf(OutcomeOf.scala:104)
[info]   at org.scalatest.Transformer.apply(Transformer.scala:22)
[info]   at org.scalatest.Transformer.apply(Transformer.scala:20)
[info]   at org.scalatest.funsuite.AnyFunSuiteLike$$anon$1.apply(AnyFunSuiteLike.scala:226)
[info]   at org.scalatest.TestSuite.withFixture(TestSuite.scala:196)
[info]   at org.scalatest.TestSuite.withFixture$(TestSuite.scala:195)
[info]   at org.scalatest.funsuite.AnyFunSuite.withFixture(AnyFunSuite.scala:1564)
[info]   at org.scalatest.funsuite.AnyFunSuiteLike.invokeWithFixture$1(AnyFunSuiteLike.scala:224)
[info]   at org.scalatest.funsuite.AnyFunSuiteLike.$anonfun$runTest$1(AnyFunSuiteLike.scala:236)
[info]   at org.scalatest.SuperEngine.runTestImpl(Engine.scala:306)
[info]   at org.scalatest.funsuite.AnyFunSuiteLike.runTest(AnyFunSuiteLike.scala:236)
[info]   at org.scalatest.funsuite.AnyFunSuiteLike.runTest$(AnyFunSuiteLike.scala:218)
[info]   at org.scalatest.funsuite.AnyFunSuite.runTest(AnyFunSuite.scala:1564)
[info]   at org.scalatest.funsuite.AnyFunSuiteLike.$anonfun$runTests$1(AnyFunSuiteLike.scala:269)
[info]   at org.scalatest.SuperEngine.$anonfun$runTestsInBranch$1(Engine.scala:413)
[info]   at scala.collection.immutable.List.foreach(List.scala:334)
[info]   at org.scalatest.SuperEngine.traverseSubNodes$1(Engine.scala:401)
[info]   at org.scalatest.SuperEngine.runTestsInBranch(Engine.scala:396)
[info]   at org.scalatest.SuperEngine.runTestsImpl(Engine.scala:475)
[info]   at org.scalatest.funsuite.AnyFunSuiteLike.runTests(AnyFunSuiteLike.scala:269)
[info]   at org.scalatest.funsuite.AnyFunSuiteLike.runTests$(AnyFunSuiteLike.scala:268)
[info]   at org.scalatest.funsuite.AnyFunSuite.runTests(AnyFunSuite.scala:1564)
[info]   at org.scalatest.Suite.run(Suite.scala:1114)
[info]   at org.scalatest.Suite.run$(Suite.scala:1096)
[info]   at org.scalatest.funsuite.AnyFunSuite.org$scalatest$funsuite$AnyFunSuiteLike$$super$run(AnyFunSuite.scala:1564)
[info]   at org.scalatest.funsuite.AnyFunSuiteLike.$anonfun$run$1(AnyFunSuiteLike.scala:273)
[info]   at org.scalatest.SuperEngine.runImpl(Engine.scala:535)
[info]   at org.scalatest.funsuite.AnyFunSuiteLike.run(AnyFunSuiteLike.scala:273)
[info]   at org.scalatest.funsuite.AnyFunSuiteLike.run$(AnyFunSuiteLike.scala:272)
[info]   at frameless.TypedDatasetSuite.org$scalatest$BeforeAndAfterAll$$super$run(TypedDatasetSuite.scala:63)
[info]   at org.scalatest.BeforeAndAfterAll.liftedTree1$1(BeforeAndAfterAll.scala:213)
[info]   at org.scalatest.BeforeAndAfterAll.run(BeforeAndAfterAll.scala:210)
[info]   at org.scalatest.BeforeAndAfterAll.run$(BeforeAndAfterAll.scala:208)
[info]   at frameless.TypedDatasetSuite.run(TypedDatasetSuite.scala:63)
[info]   at org.scalatest.tools.Framework.org$scalatest$tools$Framework$$runSuite(Framework.scala:321)
[info]   at org.scalatest.tools.Framework$ScalaTestTask.execute(Framework.scala:517)
[info]   at sbt.ForkMain$Run.lambda$runTest$1(ForkMain.java:414)
[info]   at java.base/java.util.concurrent.FutureTask.run(FutureTask.java:317)
[info]   at java.base/java.util.concurrent.ThreadPoolExecutor.runWorker(ThreadPoolExecutor.java:1144)
[info]   at java.base/java.util.concurrent.ThreadPoolExecutor$Worker.run(ThreadPoolExecutor.java:642)
[info]   at java.base/java.lang.Thread.run(Thread.java:1583)
[info] - concat_ws for TypedAggregate *** FAILED *** (6 milliseconds)
[info]   IllegalArgumentException was thrown during property evaluation.
[info]     Message: argument type mismatch
[info]     Occurred when passed generated values (
[info]       arg0 = List() // 4 shrinks
[info]     )
[info]   org.scalatest.exceptions.GeneratorDrivenPropertyCheckFailedException:
[info]   at org.scalatestplus.scalacheck.CheckerAsserting$$anon$2.indicateFailure(CheckerAsserting.scala:251)
[info]   at org.scalatestplus.scalacheck.CheckerAsserting$$anon$2.indicateFailure(CheckerAsserting.scala:238)
[info]   at org.scalatestplus.scalacheck.UnitCheckerAsserting$CheckerAssertingImpl.check(CheckerAsserting.scala:160)
[info]   at org.scalatestplus.scalacheck.Checkers.check(Checkers.scala:371)
[info]   at org.scalatestplus.scalacheck.Checkers.check$(Checkers.scala:369)
[info]   at frameless.TypedDatasetSuite.check(TypedDatasetSuite.scala:63)
[info]   at frameless.functions.NonAggregateFunctionsTests.$anonfun$new$1276(NonAggregateFunctionsTests.scala:1903)
[info]   at org.scalatest.OutcomeOf.outcomeOf(OutcomeOf.scala:85)
[info]   at org.scalatest.OutcomeOf.outcomeOf$(OutcomeOf.scala:83)
[info]   at org.scalatest.OutcomeOf$.outcomeOf(OutcomeOf.scala:104)
[info]   at org.scalatest.Transformer.apply(Transformer.scala:22)
[info]   at org.scalatest.Transformer.apply(Transformer.scala:20)
[info]   at org.scalatest.funsuite.AnyFunSuiteLike$$anon$1.apply(AnyFunSuiteLike.scala:226)
[info]   at org.scalatest.TestSuite.withFixture(TestSuite.scala:196)
[info]   at org.scalatest.TestSuite.withFixture$(TestSuite.scala:195)
[info]   at org.scalatest.funsuite.AnyFunSuite.withFixture(AnyFunSuite.scala:1564)
[info]   at org.scalatest.funsuite.AnyFunSuiteLike.invokeWithFixture$1(AnyFunSuiteLike.scala:224)
[info]   at org.scalatest.funsuite.AnyFunSuiteLike.$anonfun$runTest$1(AnyFunSuiteLike.scala:236)
[info]   at org.scalatest.SuperEngine.runTestImpl(Engine.scala:306)
[info]   at org.scalatest.funsuite.AnyFunSuiteLike.runTest(AnyFunSuiteLike.scala:236)
[info]   at org.scalatest.funsuite.AnyFunSuiteLike.runTest$(AnyFunSuiteLike.scala:218)
[info]   at org.scalatest.funsuite.AnyFunSuite.runTest(AnyFunSuite.scala:1564)
[info]   at org.scalatest.funsuite.AnyFunSuiteLike.$anonfun$runTests$1(AnyFunSuiteLike.scala:269)
[info]   at org.scalatest.SuperEngine.$anonfun$runTestsInBranch$1(Engine.scala:413)
[info]   at scala.collection.immutable.List.foreach(List.scala:334)
[info]   at org.scalatest.SuperEngine.traverseSubNodes$1(Engine.scala:401)
[info]   at org.scalatest.SuperEngine.runTestsInBranch(Engine.scala:396)
[info]   at org.scalatest.SuperEngine.runTestsImpl(Engine.scala:475)
[info]   at org.scalatest.funsuite.AnyFunSuiteLike.runTests(AnyFunSuiteLike.scala:269)
[info]   at org.scalatest.funsuite.AnyFunSuiteLike.runTests$(AnyFunSuiteLike.scala:268)
[info]   at org.scalatest.funsuite.AnyFunSuite.runTests(AnyFunSuite.scala:1564)
[info]   at org.scalatest.Suite.run(Suite.scala:1114)
[info]   at org.scalatest.Suite.run$(Suite.scala:1096)
[info]   at org.scalatest.funsuite.AnyFunSuite.org$scalatest$funsuite$AnyFunSuiteLike$$super$run(AnyFunSuite.scala:1564)
[info]   at org.scalatest.funsuite.AnyFunSuiteLike.$anonfun$run$1(AnyFunSuiteLike.scala:273)
[info]   at org.scalatest.SuperEngine.runImpl(Engine.scala:535)
[info]   at org.scalatest.funsuite.AnyFunSuiteLike.run(AnyFunSuiteLike.scala:273)
[info]   at org.scalatest.funsuite.AnyFunSuiteLike.run$(AnyFunSuiteLike.scala:272)
[info]   at frameless.TypedDatasetSuite.org$scalatest$BeforeAndAfterAll$$super$run(TypedDatasetSuite.scala:63)
[info]   at org.scalatest.BeforeAndAfterAll.liftedTree1$1(BeforeAndAfterAll.scala:213)
[info]   at org.scalatest.BeforeAndAfterAll.run(BeforeAndAfterAll.scala:210)
[info]   at org.scalatest.BeforeAndAfterAll.run$(BeforeAndAfterAll.scala:208)
[info]   at frameless.TypedDatasetSuite.run(TypedDatasetSuite.scala:63)
[info]   at org.scalatest.tools.Framework.org$scalatest$tools$Framework$$runSuite(Framework.scala:321)
[info]   at org.scalatest.tools.Framework$ScalaTestTask.execute(Framework.scala:517)
[info]   at sbt.ForkMain$Run.lambda$runTest$1(ForkMain.java:414)
[info]   at java.base/java.util.concurrent.FutureTask.run(FutureTask.java:317)
[info]   at java.base/java.util.concurrent.ThreadPoolExecutor.runWorker(ThreadPoolExecutor.java:1144)
[info]   at java.base/java.util.concurrent.ThreadPoolExecutor$Worker.run(ThreadPoolExecutor.java:642)
[info]   at java.base/java.lang.Thread.run(Thread.java:1583)
[info]   Cause: java.lang.IllegalArgumentException: argument type mismatch
[info]   at java.base/jdk.internal.reflect.DirectConstructorHandleAccessor.newInstance(DirectConstructorHandleAccessor.java:65)
[info]   at java.base/java.lang.reflect.Constructor.newInstanceWithCaller(Constructor.java:502)
[info]   at java.base/java.lang.reflect.Constructor.newInstance(Constructor.java:486)
[info]   at frameless.TypedExpressionEncoder$.$anonfun$apply$3(TypedExpressionEncoder.scala:55)
[info]   at scala.Option.map(Option.scala:242)
[info]   at frameless.TypedExpressionEncoder$.apply(TypedExpressionEncoder.scala:54)
[info]   at frameless.TypedDataset$.create(TypedDataset.scala:1325)
[info]   at frameless.functions.NonAggregateFunctionsTests.$anonfun$new$1279(NonAggregateFunctionsTests.scala:1904)
[info]   at org.scalacheck.Prop$.$anonfun$forAllShrink$2(Prop.scala:868)
[info]   at org.scalacheck.Prop$.secure(Prop.scala:484)
[info]   at org.scalacheck.Prop$.result$1(Prop.scala:868)
[info]   at org.scalacheck.Prop$.$anonfun$forAllShrink$4(Prop.scala:880)
[info]   at scala.collection.immutable.Stream.map(Stream.scala:173)
[info]   at org.scalacheck.Prop$.getFirstFailure$1(Prop.scala:880)
[info]   at org.scalacheck.Prop$.shrinker$1(Prop.scala:895)
[info]   at org.scalacheck.Prop$.$anonfun$forAllShrink$1(Prop.scala:916)
[info]   at org.scalacheck.Prop$.$anonfun$apply$1(Prop.scala:305)
[info]   at org.scalacheck.PropFromFun.apply(Prop.scala:20)
[info]   at org.scalacheck.Test$.workerFun$1(Test.scala:486)
[info]   at org.scalacheck.Test$.$anonfun$check$4(Test.scala:518)
[info]   at org.scalacheck.Test$.$anonfun$check$4$adapted(Test.scala:518)
[info]   at org.scalacheck.Platform$.runWorkers(Platform.scala:42)
[info]   at org.scalacheck.Test$.check(Test.scala:518)
[info]   at org.scalatestplus.scalacheck.UnitCheckerAsserting$CheckerAssertingImpl.check(CheckerAsserting.scala:90)
[info]   at org.scalatestplus.scalacheck.Checkers.check(Checkers.scala:371)
[info]   at org.scalatestplus.scalacheck.Checkers.check$(Checkers.scala:369)
[info]   at frameless.TypedDatasetSuite.check(TypedDatasetSuite.scala:63)
[info]   at frameless.functions.NonAggregateFunctionsTests.$anonfun$new$1276(NonAggregateFunctionsTests.scala:1903)
[info]   at org.scalatest.OutcomeOf.outcomeOf(OutcomeOf.scala:85)
[info]   at org.scalatest.OutcomeOf.outcomeOf$(OutcomeOf.scala:83)
[info]   at org.scalatest.OutcomeOf$.outcomeOf(OutcomeOf.scala:104)
[info]   at org.scalatest.Transformer.apply(Transformer.scala:22)
[info]   at org.scalatest.Transformer.apply(Transformer.scala:20)
[info]   at org.scalatest.funsuite.AnyFunSuiteLike$$anon$1.apply(AnyFunSuiteLike.scala:226)
[info]   at org.scalatest.TestSuite.withFixture(TestSuite.scala:196)
[info]   at org.scalatest.TestSuite.withFixture$(TestSuite.scala:195)
[info]   at org.scalatest.funsuite.AnyFunSuite.withFixture(AnyFunSuite.scala:1564)
[info]   at org.scalatest.funsuite.AnyFunSuiteLike.invokeWithFixture$1(AnyFunSuiteLike.scala:224)
[info]   at org.scalatest.funsuite.AnyFunSuiteLike.$anonfun$runTest$1(AnyFunSuiteLike.scala:236)
[info]   at org.scalatest.SuperEngine.runTestImpl(Engine.scala:306)
[info]   at org.scalatest.funsuite.AnyFunSuiteLike.runTest(AnyFunSuiteLike.scala:236)
[info]   at org.scalatest.funsuite.AnyFunSuiteLike.runTest$(AnyFunSuiteLike.scala:218)
[info]   at org.scalatest.funsuite.AnyFunSuite.runTest(AnyFunSuite.scala:1564)
[info]   at org.scalatest.funsuite.AnyFunSuiteLike.$anonfun$runTests$1(AnyFunSuiteLike.scala:269)
[info]   at org.scalatest.SuperEngine.$anonfun$runTestsInBranch$1(Engine.scala:413)
[info]   at scala.collection.immutable.List.foreach(List.scala:334)
[info]   at org.scalatest.SuperEngine.traverseSubNodes$1(Engine.scala:401)
[info]   at org.scalatest.SuperEngine.runTestsInBranch(Engine.scala:396)
[info]   at org.scalatest.SuperEngine.runTestsImpl(Engine.scala:475)
[info]   at org.scalatest.funsuite.AnyFunSuiteLike.runTests(AnyFunSuiteLike.scala:269)
[info]   at org.scalatest.funsuite.AnyFunSuiteLike.runTests$(AnyFunSuiteLike.scala:268)
[info]   at org.scalatest.funsuite.AnyFunSuite.runTests(AnyFunSuite.scala:1564)
[info]   at org.scalatest.Suite.run(Suite.scala:1114)
[info]   at org.scalatest.Suite.run$(Suite.scala:1096)
[info]   at org.scalatest.funsuite.AnyFunSuite.org$scalatest$funsuite$AnyFunSuiteLike$$super$run(AnyFunSuite.scala:1564)
[info]   at org.scalatest.funsuite.AnyFunSuiteLike.$anonfun$run$1(AnyFunSuiteLike.scala:273)
[info]   at org.scalatest.SuperEngine.runImpl(Engine.scala:535)
[info]   at org.scalatest.funsuite.AnyFunSuiteLike.run(AnyFunSuiteLike.scala:273)
[info]   at org.scalatest.funsuite.AnyFunSuiteLike.run$(AnyFunSuiteLike.scala:272)
[info]   at frameless.TypedDatasetSuite.org$scalatest$BeforeAndAfterAll$$super$run(TypedDatasetSuite.scala:63)
[info]   at org.scalatest.BeforeAndAfterAll.liftedTree1$1(BeforeAndAfterAll.scala:213)
[info]   at org.scalatest.BeforeAndAfterAll.run(BeforeAndAfterAll.scala:210)
[info]   at org.scalatest.BeforeAndAfterAll.run$(BeforeAndAfterAll.scala:208)
[info]   at frameless.TypedDatasetSuite.run(TypedDatasetSuite.scala:63)
[info]   at org.scalatest.tools.Framework.org$scalatest$tools$Framework$$runSuite(Framework.scala:321)
[info]   at org.scalatest.tools.Framework$ScalaTestTask.execute(Framework.scala:517)
[info]   at sbt.ForkMain$Run.lambda$runTest$1(ForkMain.java:414)
[info]   at java.base/java.util.concurrent.FutureTask.run(FutureTask.java:317)
[info]   at java.base/java.util.concurrent.ThreadPoolExecutor.runWorker(ThreadPoolExecutor.java:1144)
[info]   at java.base/java.util.concurrent.ThreadPoolExecutor$Worker.run(ThreadPoolExecutor.java:642)
[info]   at java.base/java.lang.Thread.run(Thread.java:1583)
[info]   Cause: java.lang.ClassCastException: Cannot cast scala.reflect.ClassTag$GenericClassTag to org.apache.spark.sql.catalyst.expressions.Expression
[info]   at java.base/java.lang.Class.cast(Class.java:4067)
[info]   at java.base/jdk.internal.reflect.DirectConstructorHandleAccessor.newInstance(DirectConstructorHandleAccessor.java:62)
[info]   at java.base/java.lang.reflect.Constructor.newInstanceWithCaller(Constructor.java:502)
[info]   at java.base/java.lang.reflect.Constructor.newInstance(Constructor.java:486)
[info]   at frameless.TypedExpressionEncoder$.$anonfun$apply$3(TypedExpressionEncoder.scala:55)
[info]   at scala.Option.map(Option.scala:242)
[info]   at frameless.TypedExpressionEncoder$.apply(TypedExpressionEncoder.scala:54)
[info]   at frameless.TypedDataset$.create(TypedDataset.scala:1325)
[info]   at frameless.functions.NonAggregateFunctionsTests.$anonfun$new$1279(NonAggregateFunctionsTests.scala:1904)
[info]   at org.scalacheck.Prop$.$anonfun$forAllShrink$2(Prop.scala:868)
[info]   at org.scalacheck.Prop$.secure(Prop.scala:484)
[info]   at org.scalacheck.Prop$.result$1(Prop.scala:868)
[info]   at org.scalacheck.Prop$.$anonfun$forAllShrink$4(Prop.scala:880)
[info]   at scala.collection.immutable.Stream.map(Stream.scala:173)
[info]   at org.scalacheck.Prop$.getFirstFailure$1(Prop.scala:880)
[info]   at org.scalacheck.Prop$.shrinker$1(Prop.scala:895)
[info]   at org.scalacheck.Prop$.$anonfun$forAllShrink$1(Prop.scala:916)
[info]   at org.scalacheck.Prop$.$anonfun$apply$1(Prop.scala:305)
[info]   at org.scalacheck.PropFromFun.apply(Prop.scala:20)
[info]   at org.scalacheck.Test$.workerFun$1(Test.scala:486)
[info]   at org.scalacheck.Test$.$anonfun$check$4(Test.scala:518)
[info]   at org.scalacheck.Test$.$anonfun$check$4$adapted(Test.scala:518)
[info]   at org.scalacheck.Platform$.runWorkers(Platform.scala:42)
[info]   at org.scalacheck.Test$.check(Test.scala:518)
[info]   at org.scalatestplus.scalacheck.UnitCheckerAsserting$CheckerAssertingImpl.check(CheckerAsserting.scala:90)
[info]   at org.scalatestplus.scalacheck.Checkers.check(Checkers.scala:371)
[info]   at org.scalatestplus.scalacheck.Checkers.check$(Checkers.scala:369)
[info]   at frameless.TypedDatasetSuite.check(TypedDatasetSuite.scala:63)
[info]   at frameless.functions.NonAggregateFunctionsTests.$anonfun$new$1276(NonAggregateFunctionsTests.scala:1903)
[info]   at org.scalatest.OutcomeOf.outcomeOf(OutcomeOf.scala:85)
[info]   at org.scalatest.OutcomeOf.outcomeOf$(OutcomeOf.scala:83)
[info]   at org.scalatest.OutcomeOf$.outcomeOf(OutcomeOf.scala:104)
[info]   at org.scalatest.Transformer.apply(Transformer.scala:22)
[info]   at org.scalatest.Transformer.apply(Transformer.scala:20)
[info]   at org.scalatest.funsuite.AnyFunSuiteLike$$anon$1.apply(AnyFunSuiteLike.scala:226)
[info]   at org.scalatest.TestSuite.withFixture(TestSuite.scala:196)
[info]   at org.scalatest.TestSuite.withFixture$(TestSuite.scala:195)
[info]   at org.scalatest.funsuite.AnyFunSuite.withFixture(AnyFunSuite.scala:1564)
[info]   at org.scalatest.funsuite.AnyFunSuiteLike.invokeWithFixture$1(AnyFunSuiteLike.scala:224)
[info]   at org.scalatest.funsuite.AnyFunSuiteLike.$anonfun$runTest$1(AnyFunSuiteLike.scala:236)
[info]   at org.scalatest.SuperEngine.runTestImpl(Engine.scala:306)
[info]   at org.scalatest.funsuite.AnyFunSuiteLike.runTest(AnyFunSuiteLike.scala:236)
[info]   at org.scalatest.funsuite.AnyFunSuiteLike.runTest$(AnyFunSuiteLike.scala:218)
[info]   at org.scalatest.funsuite.AnyFunSuite.runTest(AnyFunSuite.scala:1564)
[info]   at org.scalatest.funsuite.AnyFunSuiteLike.$anonfun$runTests$1(AnyFunSuiteLike.scala:269)
[info]   at org.scalatest.SuperEngine.$anonfun$runTestsInBranch$1(Engine.scala:413)
[info]   at scala.collection.immutable.List.foreach(List.scala:334)
[info]   at org.scalatest.SuperEngine.traverseSubNodes$1(Engine.scala:401)
[info]   at org.scalatest.SuperEngine.runTestsInBranch(Engine.scala:396)
[info]   at org.scalatest.SuperEngine.runTestsImpl(Engine.scala:475)
[info]   at org.scalatest.funsuite.AnyFunSuiteLike.runTests(AnyFunSuiteLike.scala:269)
[info]   at org.scalatest.funsuite.AnyFunSuiteLike.runTests$(AnyFunSuiteLike.scala:268)
[info]   at org.scalatest.funsuite.AnyFunSuite.runTests(AnyFunSuite.scala:1564)
[info]   at org.scalatest.Suite.run(Suite.scala:1114)
[info]   at org.scalatest.Suite.run$(Suite.scala:1096)
[info]   at org.scalatest.funsuite.AnyFunSuite.org$scalatest$funsuite$AnyFunSuiteLike$$super$run(AnyFunSuite.scala:1564)
[info]   at org.scalatest.funsuite.AnyFunSuiteLike.$anonfun$run$1(AnyFunSuiteLike.scala:273)
[info]   at org.scalatest.SuperEngine.runImpl(Engine.scala:535)
[info]   at org.scalatest.funsuite.AnyFunSuiteLike.run(AnyFunSuiteLike.scala:273)
[info]   at org.scalatest.funsuite.AnyFunSuiteLike.run$(AnyFunSuiteLike.scala:272)
[info]   at frameless.TypedDatasetSuite.org$scalatest$BeforeAndAfterAll$$super$run(TypedDatasetSuite.scala:63)
[info]   at org.scalatest.BeforeAndAfterAll.liftedTree1$1(BeforeAndAfterAll.scala:213)
[info]   at org.scalatest.BeforeAndAfterAll.run(BeforeAndAfterAll.scala:210)
[info]   at org.scalatest.BeforeAndAfterAll.run$(BeforeAndAfterAll.scala:208)
[info]   at frameless.TypedDatasetSuite.run(TypedDatasetSuite.scala:63)
[info]   at org.scalatest.tools.Framework.org$scalatest$tools$Framework$$runSuite(Framework.scala:321)
[info]   at org.scalatest.tools.Framework$ScalaTestTask.execute(Framework.scala:517)
[info]   at sbt.ForkMain$Run.lambda$runTest$1(ForkMain.java:414)
[info]   at java.base/java.util.concurrent.FutureTask.run(FutureTask.java:317)
[info]   at java.base/java.util.concurrent.ThreadPoolExecutor.runWorker(ThreadPoolExecutor.java:1144)
[info]   at java.base/java.util.concurrent.ThreadPoolExecutor$Worker.run(ThreadPoolExecutor.java:642)
[info]   at java.base/java.lang.Thread.run(Thread.java:1583)
[info] - instr *** FAILED *** (2 milliseconds)
[info]   IllegalArgumentException was thrown during property evaluation.
[info]     Message: argument type mismatch
[info]     Occurred when passed generated values (
[info]       arg0 = List() // 1 shrink
[info]     )
[info]   org.scalatest.exceptions.GeneratorDrivenPropertyCheckFailedException:
[info]   at org.scalatestplus.scalacheck.CheckerAsserting$$anon$2.indicateFailure(CheckerAsserting.scala:251)
[info]   at org.scalatestplus.scalacheck.CheckerAsserting$$anon$2.indicateFailure(CheckerAsserting.scala:238)
[info]   at org.scalatestplus.scalacheck.UnitCheckerAsserting$CheckerAssertingImpl.check(CheckerAsserting.scala:160)
[info]   at org.scalatestplus.scalacheck.Checkers.check(Checkers.scala:371)
[info]   at org.scalatestplus.scalacheck.Checkers.check$(Checkers.scala:369)
[info]   at frameless.TypedDatasetSuite.check(TypedDatasetSuite.scala:63)
[info]   at frameless.functions.NonAggregateFunctionsTests.$anonfun$new$1293(NonAggregateFunctionsTests.scala:1917)
[info]   at org.scalatest.OutcomeOf.outcomeOf(OutcomeOf.scala:85)
[info]   at org.scalatest.OutcomeOf.outcomeOf$(OutcomeOf.scala:83)
[info]   at org.scalatest.OutcomeOf$.outcomeOf(OutcomeOf.scala:104)
[info]   at org.scalatest.Transformer.apply(Transformer.scala:22)
[info]   at org.scalatest.Transformer.apply(Transformer.scala:20)
[info]   at org.scalatest.funsuite.AnyFunSuiteLike$$anon$1.apply(AnyFunSuiteLike.scala:226)
[info]   at org.scalatest.TestSuite.withFixture(TestSuite.scala:196)
[info]   at org.scalatest.TestSuite.withFixture$(TestSuite.scala:195)
[info]   at org.scalatest.funsuite.AnyFunSuite.withFixture(AnyFunSuite.scala:1564)
[info]   at org.scalatest.funsuite.AnyFunSuiteLike.invokeWithFixture$1(AnyFunSuiteLike.scala:224)
[info]   at org.scalatest.funsuite.AnyFunSuiteLike.$anonfun$runTest$1(AnyFunSuiteLike.scala:236)
[info]   at org.scalatest.SuperEngine.runTestImpl(Engine.scala:306)
[info]   at org.scalatest.funsuite.AnyFunSuiteLike.runTest(AnyFunSuiteLike.scala:236)
[info]   at org.scalatest.funsuite.AnyFunSuiteLike.runTest$(AnyFunSuiteLike.scala:218)
[info]   at org.scalatest.funsuite.AnyFunSuite.runTest(AnyFunSuite.scala:1564)
[info]   at org.scalatest.funsuite.AnyFunSuiteLike.$anonfun$runTests$1(AnyFunSuiteLike.scala:269)
[info]   at org.scalatest.SuperEngine.$anonfun$runTestsInBranch$1(Engine.scala:413)
[info]   at scala.collection.immutable.List.foreach(List.scala:334)
[info]   at org.scalatest.SuperEngine.traverseSubNodes$1(Engine.scala:401)
[info]   at org.scalatest.SuperEngine.runTestsInBranch(Engine.scala:396)
[info]   at org.scalatest.SuperEngine.runTestsImpl(Engine.scala:475)
[info]   at org.scalatest.funsuite.AnyFunSuiteLike.runTests(AnyFunSuiteLike.scala:269)
[info]   at org.scalatest.funsuite.AnyFunSuiteLike.runTests$(AnyFunSuiteLike.scala:268)
[info]   at org.scalatest.funsuite.AnyFunSuite.runTests(AnyFunSuite.scala:1564)
[info]   at org.scalatest.Suite.run(Suite.scala:1114)
[info]   at org.scalatest.Suite.run$(Suite.scala:1096)
[info]   at org.scalatest.funsuite.AnyFunSuite.org$scalatest$funsuite$AnyFunSuiteLike$$super$run(AnyFunSuite.scala:1564)
[info]   at org.scalatest.funsuite.AnyFunSuiteLike.$anonfun$run$1(AnyFunSuiteLike.scala:273)
[info]   at org.scalatest.SuperEngine.runImpl(Engine.scala:535)
[info]   at org.scalatest.funsuite.AnyFunSuiteLike.run(AnyFunSuiteLike.scala:273)
[info]   at org.scalatest.funsuite.AnyFunSuiteLike.run$(AnyFunSuiteLike.scala:272)
[info]   at frameless.TypedDatasetSuite.org$scalatest$BeforeAndAfterAll$$super$run(TypedDatasetSuite.scala:63)
[info]   at org.scalatest.BeforeAndAfterAll.liftedTree1$1(BeforeAndAfterAll.scala:213)
[info]   at org.scalatest.BeforeAndAfterAll.run(BeforeAndAfterAll.scala:210)
[info]   at org.scalatest.BeforeAndAfterAll.run$(BeforeAndAfterAll.scala:208)
[info]   at frameless.TypedDatasetSuite.run(TypedDatasetSuite.scala:63)
[info]   at org.scalatest.tools.Framework.org$scalatest$tools$Framework$$runSuite(Framework.scala:321)
[info]   at org.scalatest.tools.Framework$ScalaTestTask.execute(Framework.scala:517)
[info]   at sbt.ForkMain$Run.lambda$runTest$1(ForkMain.java:414)
[info]   at java.base/java.util.concurrent.FutureTask.run(FutureTask.java:317)
[info]   at java.base/java.util.concurrent.ThreadPoolExecutor.runWorker(ThreadPoolExecutor.java:1144)
[info]   at java.base/java.util.concurrent.ThreadPoolExecutor$Worker.run(ThreadPoolExecutor.java:642)
[info]   at java.base/java.lang.Thread.run(Thread.java:1583)
[info]   Cause: java.lang.IllegalArgumentException: argument type mismatch
[info]   at java.base/jdk.internal.reflect.DirectConstructorHandleAccessor.newInstance(DirectConstructorHandleAccessor.java:65)
[info]   at java.base/java.lang.reflect.Constructor.newInstanceWithCaller(Constructor.java:502)
[info]   at java.base/java.lang.reflect.Constructor.newInstance(Constructor.java:486)
[info]   at frameless.TypedExpressionEncoder$.$anonfun$apply$3(TypedExpressionEncoder.scala:55)
[info]   at scala.Option.map(Option.scala:242)
[info]   at frameless.TypedExpressionEncoder$.apply(TypedExpressionEncoder.scala:54)
[info]   at frameless.TypedDataset$.create(TypedDataset.scala:1325)
[info]   at frameless.functions.NonAggregateFunctionsTests.$anonfun$new$1295(NonAggregateFunctionsTests.scala:1918)
[info]   at org.scalacheck.Prop$.$anonfun$forAllShrink$2(Prop.scala:868)
[info]   at org.scalacheck.Prop$.secure(Prop.scala:484)
[info]   at org.scalacheck.Prop$.result$1(Prop.scala:868)
[info]   at org.scalacheck.Prop$.$anonfun$forAllShrink$4(Prop.scala:880)
[info]   at scala.collection.immutable.Stream.map(Stream.scala:173)
[info]   at org.scalacheck.Prop$.getFirstFailure$1(Prop.scala:880)
[info]   at org.scalacheck.Prop$.shrinker$1(Prop.scala:895)
[info]   at org.scalacheck.Prop$.$anonfun$forAllShrink$1(Prop.scala:916)
[info]   at org.scalacheck.Prop$.$anonfun$apply$1(Prop.scala:305)
[info]   at org.scalacheck.PropFromFun.apply(Prop.scala:20)
[info]   at org.scalacheck.Test$.workerFun$1(Test.scala:486)
[info]   at org.scalacheck.Test$.$anonfun$check$4(Test.scala:518)
[info]   at org.scalacheck.Test$.$anonfun$check$4$adapted(Test.scala:518)
[info]   at org.scalacheck.Platform$.runWorkers(Platform.scala:42)
[info]   at org.scalacheck.Test$.check(Test.scala:518)
[info]   at org.scalatestplus.scalacheck.UnitCheckerAsserting$CheckerAssertingImpl.check(CheckerAsserting.scala:90)
[info]   at org.scalatestplus.scalacheck.Checkers.check(Checkers.scala:371)
[info]   at org.scalatestplus.scalacheck.Checkers.check$(Checkers.scala:369)
[info]   at frameless.TypedDatasetSuite.check(TypedDatasetSuite.scala:63)
[info]   at frameless.functions.NonAggregateFunctionsTests.$anonfun$new$1293(NonAggregateFunctionsTests.scala:1917)
[info]   at org.scalatest.OutcomeOf.outcomeOf(OutcomeOf.scala:85)
[info]   at org.scalatest.OutcomeOf.outcomeOf$(OutcomeOf.scala:83)
[info]   at org.scalatest.OutcomeOf$.outcomeOf(OutcomeOf.scala:104)
[info]   at org.scalatest.Transformer.apply(Transformer.scala:22)
[info]   at org.scalatest.Transformer.apply(Transformer.scala:20)
[info]   at org.scalatest.funsuite.AnyFunSuiteLike$$anon$1.apply(AnyFunSuiteLike.scala:226)
[info]   at org.scalatest.TestSuite.withFixture(TestSuite.scala:196)
[info]   at org.scalatest.TestSuite.withFixture$(TestSuite.scala:195)
[info]   at org.scalatest.funsuite.AnyFunSuite.withFixture(AnyFunSuite.scala:1564)
[info]   at org.scalatest.funsuite.AnyFunSuiteLike.invokeWithFixture$1(AnyFunSuiteLike.scala:224)
[info]   at org.scalatest.funsuite.AnyFunSuiteLike.$anonfun$runTest$1(AnyFunSuiteLike.scala:236)
[info]   at org.scalatest.SuperEngine.runTestImpl(Engine.scala:306)
[info]   at org.scalatest.funsuite.AnyFunSuiteLike.runTest(AnyFunSuiteLike.scala:236)
[info]   at org.scalatest.funsuite.AnyFunSuiteLike.runTest$(AnyFunSuiteLike.scala:218)
[info]   at org.scalatest.funsuite.AnyFunSuite.runTest(AnyFunSuite.scala:1564)
[info]   at org.scalatest.funsuite.AnyFunSuiteLike.$anonfun$runTests$1(AnyFunSuiteLike.scala:269)
[info]   at org.scalatest.SuperEngine.$anonfun$runTestsInBranch$1(Engine.scala:413)
[info]   at scala.collection.immutable.List.foreach(List.scala:334)
[info]   at org.scalatest.SuperEngine.traverseSubNodes$1(Engine.scala:401)
[info]   at org.scalatest.SuperEngine.runTestsInBranch(Engine.scala:396)
[info]   at org.scalatest.SuperEngine.runTestsImpl(Engine.scala:475)
[info]   at org.scalatest.funsuite.AnyFunSuiteLike.runTests(AnyFunSuiteLike.scala:269)
[info]   at org.scalatest.funsuite.AnyFunSuiteLike.runTests$(AnyFunSuiteLike.scala:268)
[info]   at org.scalatest.funsuite.AnyFunSuite.runTests(AnyFunSuite.scala:1564)
[info]   at org.scalatest.Suite.run(Suite.scala:1114)
[info]   at org.scalatest.Suite.run$(Suite.scala:1096)
[info]   at org.scalatest.funsuite.AnyFunSuite.org$scalatest$funsuite$AnyFunSuiteLike$$super$run(AnyFunSuite.scala:1564)
[info]   at org.scalatest.funsuite.AnyFunSuiteLike.$anonfun$run$1(AnyFunSuiteLike.scala:273)
[info]   at org.scalatest.SuperEngine.runImpl(Engine.scala:535)
[info]   at org.scalatest.funsuite.AnyFunSuiteLike.run(AnyFunSuiteLike.scala:273)
[info]   at org.scalatest.funsuite.AnyFunSuiteLike.run$(AnyFunSuiteLike.scala:272)
[info]   at frameless.TypedDatasetSuite.org$scalatest$BeforeAndAfterAll$$super$run(TypedDatasetSuite.scala:63)
[info]   at org.scalatest.BeforeAndAfterAll.liftedTree1$1(BeforeAndAfterAll.scala:213)
[info]   at org.scalatest.BeforeAndAfterAll.run(BeforeAndAfterAll.scala:210)
[info]   at org.scalatest.BeforeAndAfterAll.run$(BeforeAndAfterAll.scala:208)
[info]   at frameless.TypedDatasetSuite.run(TypedDatasetSuite.scala:63)
[info]   at org.scalatest.tools.Framework.org$scalatest$tools$Framework$$runSuite(Framework.scala:321)
[info]   at org.scalatest.tools.Framework$ScalaTestTask.execute(Framework.scala:517)
[info]   at sbt.ForkMain$Run.lambda$runTest$1(ForkMain.java:414)
[info]   at java.base/java.util.concurrent.FutureTask.run(FutureTask.java:317)
[info]   at java.base/java.util.concurrent.ThreadPoolExecutor.runWorker(ThreadPoolExecutor.java:1144)
[info]   at java.base/java.util.concurrent.ThreadPoolExecutor$Worker.run(ThreadPoolExecutor.java:642)
[info]   at java.base/java.lang.Thread.run(Thread.java:1583)
[info]   Cause: java.lang.ClassCastException: Cannot cast scala.reflect.ClassTag$GenericClassTag to org.apache.spark.sql.catalyst.expressions.Expression
[info]   at java.base/java.lang.Class.cast(Class.java:4067)
[info]   at java.base/jdk.internal.reflect.DirectConstructorHandleAccessor.newInstance(DirectConstructorHandleAccessor.java:62)
[info]   at java.base/java.lang.reflect.Constructor.newInstanceWithCaller(Constructor.java:502)
[info]   at java.base/java.lang.reflect.Constructor.newInstance(Constructor.java:486)
[info]   at frameless.TypedExpressionEncoder$.$anonfun$apply$3(TypedExpressionEncoder.scala:55)
[info]   at scala.Option.map(Option.scala:242)
[info]   at frameless.TypedExpressionEncoder$.apply(TypedExpressionEncoder.scala:54)
[info]   at frameless.TypedDataset$.create(TypedDataset.scala:1325)
[info]   at frameless.functions.NonAggregateFunctionsTests.$anonfun$new$1295(NonAggregateFunctionsTests.scala:1918)
[info]   at org.scalacheck.Prop$.$anonfun$forAllShrink$2(Prop.scala:868)
[info]   at org.scalacheck.Prop$.secure(Prop.scala:484)
[info]   at org.scalacheck.Prop$.result$1(Prop.scala:868)
[info]   at org.scalacheck.Prop$.$anonfun$forAllShrink$4(Prop.scala:880)
[info]   at scala.collection.immutable.Stream.map(Stream.scala:173)
[info]   at org.scalacheck.Prop$.getFirstFailure$1(Prop.scala:880)
[info]   at org.scalacheck.Prop$.shrinker$1(Prop.scala:895)
[info]   at org.scalacheck.Prop$.$anonfun$forAllShrink$1(Prop.scala:916)
[info]   at org.scalacheck.Prop$.$anonfun$apply$1(Prop.scala:305)
[info]   at org.scalacheck.PropFromFun.apply(Prop.scala:20)
[info]   at org.scalacheck.Test$.workerFun$1(Test.scala:486)
[info]   at org.scalacheck.Test$.$anonfun$check$4(Test.scala:518)
[info]   at org.scalacheck.Test$.$anonfun$check$4$adapted(Test.scala:518)
[info]   at org.scalacheck.Platform$.runWorkers(Platform.scala:42)
[info]   at org.scalacheck.Test$.check(Test.scala:518)
[info]   at org.scalatestplus.scalacheck.UnitCheckerAsserting$CheckerAssertingImpl.check(CheckerAsserting.scala:90)
[info]   at org.scalatestplus.scalacheck.Checkers.check(Checkers.scala:371)
[info]   at org.scalatestplus.scalacheck.Checkers.check$(Checkers.scala:369)
[info]   at frameless.TypedDatasetSuite.check(TypedDatasetSuite.scala:63)
[info]   at frameless.functions.NonAggregateFunctionsTests.$anonfun$new$1293(NonAggregateFunctionsTests.scala:1917)
[info]   at org.scalatest.OutcomeOf.outcomeOf(OutcomeOf.scala:85)
[info]   at org.scalatest.OutcomeOf.outcomeOf$(OutcomeOf.scala:83)
[info]   at org.scalatest.OutcomeOf$.outcomeOf(OutcomeOf.scala:104)
[info]   at org.scalatest.Transformer.apply(Transformer.scala:22)
[info]   at org.scalatest.Transformer.apply(Transformer.scala:20)
[info]   at org.scalatest.funsuite.AnyFunSuiteLike$$anon$1.apply(AnyFunSuiteLike.scala:226)
[info]   at org.scalatest.TestSuite.withFixture(TestSuite.scala:196)
[info]   at org.scalatest.TestSuite.withFixture$(TestSuite.scala:195)
[info]   at org.scalatest.funsuite.AnyFunSuite.withFixture(AnyFunSuite.scala:1564)
[info]   at org.scalatest.funsuite.AnyFunSuiteLike.invokeWithFixture$1(AnyFunSuiteLike.scala:224)
[info]   at org.scalatest.funsuite.AnyFunSuiteLike.$anonfun$runTest$1(AnyFunSuiteLike.scala:236)
[info]   at org.scalatest.SuperEngine.runTestImpl(Engine.scala:306)
[info]   at org.scalatest.funsuite.AnyFunSuiteLike.runTest(AnyFunSuiteLike.scala:236)
[info]   at org.scalatest.funsuite.AnyFunSuiteLike.runTest$(AnyFunSuiteLike.scala:218)
[info]   at org.scalatest.funsuite.AnyFunSuite.runTest(AnyFunSuite.scala:1564)
[info]   at org.scalatest.funsuite.AnyFunSuiteLike.$anonfun$runTests$1(AnyFunSuiteLike.scala:269)
[info]   at org.scalatest.SuperEngine.$anonfun$runTestsInBranch$1(Engine.scala:413)
[info]   at scala.collection.immutable.List.foreach(List.scala:334)
[info]   at org.scalatest.SuperEngine.traverseSubNodes$1(Engine.scala:401)
[info]   at org.scalatest.SuperEngine.runTestsInBranch(Engine.scala:396)
[info]   at org.scalatest.SuperEngine.runTestsImpl(Engine.scala:475)
[info]   at org.scalatest.funsuite.AnyFunSuiteLike.runTests(AnyFunSuiteLike.scala:269)
[info]   at org.scalatest.funsuite.AnyFunSuiteLike.runTests$(AnyFunSuiteLike.scala:268)
[info]   at org.scalatest.funsuite.AnyFunSuite.runTests(AnyFunSuite.scala:1564)
[info]   at org.scalatest.Suite.run(Suite.scala:1114)
[info]   at org.scalatest.Suite.run$(Suite.scala:1096)
[info]   at org.scalatest.funsuite.AnyFunSuite.org$scalatest$funsuite$AnyFunSuiteLike$$super$run(AnyFunSuite.scala:1564)
[info]   at org.scalatest.funsuite.AnyFunSuiteLike.$anonfun$run$1(AnyFunSuiteLike.scala:273)
[info]   at org.scalatest.SuperEngine.runImpl(Engine.scala:535)
[info]   at org.scalatest.funsuite.AnyFunSuiteLike.run(AnyFunSuiteLike.scala:273)
[info]   at org.scalatest.funsuite.AnyFunSuiteLike.run$(AnyFunSuiteLike.scala:272)
[info]   at frameless.TypedDatasetSuite.org$scalatest$BeforeAndAfterAll$$super$run(TypedDatasetSuite.scala:63)
[info]   at org.scalatest.BeforeAndAfterAll.liftedTree1$1(BeforeAndAfterAll.scala:213)
[info]   at org.scalatest.BeforeAndAfterAll.run(BeforeAndAfterAll.scala:210)
[info]   at org.scalatest.BeforeAndAfterAll.run$(BeforeAndAfterAll.scala:208)
[info]   at frameless.TypedDatasetSuite.run(TypedDatasetSuite.scala:63)
[info]   at org.scalatest.tools.Framework.org$scalatest$tools$Framework$$runSuite(Framework.scala:321)
[info]   at org.scalatest.tools.Framework$ScalaTestTask.execute(Framework.scala:517)
[info]   at sbt.ForkMain$Run.lambda$runTest$1(ForkMain.java:414)
[info]   at java.base/java.util.concurrent.FutureTask.run(FutureTask.java:317)
[info]   at java.base/java.util.concurrent.ThreadPoolExecutor.runWorker(ThreadPoolExecutor.java:1144)
[info]   at java.base/java.util.concurrent.ThreadPoolExecutor$Worker.run(ThreadPoolExecutor.java:642)
[info]   at java.base/java.lang.Thread.run(Thread.java:1583)
[info] - length *** FAILED *** (3 milliseconds)
[info]   IllegalArgumentException was thrown during property evaluation.
[info]     Message: argument type mismatch
[info]     Occurred when passed generated values (
[info]       arg0 = List()
[info]     )
[info]   org.scalatest.exceptions.GeneratorDrivenPropertyCheckFailedException:
[info]   at org.scalatestplus.scalacheck.CheckerAsserting$$anon$2.indicateFailure(CheckerAsserting.scala:251)
[info]   at org.scalatestplus.scalacheck.CheckerAsserting$$anon$2.indicateFailure(CheckerAsserting.scala:238)
[info]   at org.scalatestplus.scalacheck.UnitCheckerAsserting$CheckerAssertingImpl.check(CheckerAsserting.scala:160)
[info]   at org.scalatestplus.scalacheck.Checkers.check(Checkers.scala:371)
[info]   at org.scalatestplus.scalacheck.Checkers.check$(Checkers.scala:369)
[info]   at frameless.TypedDatasetSuite.check(TypedDatasetSuite.scala:63)
[info]   at frameless.functions.NonAggregateFunctionsTests.$anonfun$new$1307(NonAggregateFunctionsTests.scala:1939)
[info]   at org.scalatest.OutcomeOf.outcomeOf(OutcomeOf.scala:85)
[info]   at org.scalatest.OutcomeOf.outcomeOf$(OutcomeOf.scala:83)
[info]   at org.scalatest.OutcomeOf$.outcomeOf(OutcomeOf.scala:104)
[info]   at org.scalatest.Transformer.apply(Transformer.scala:22)
[info]   at org.scalatest.Transformer.apply(Transformer.scala:20)
[info]   at org.scalatest.funsuite.AnyFunSuiteLike$$anon$1.apply(AnyFunSuiteLike.scala:226)
[info]   at org.scalatest.TestSuite.withFixture(TestSuite.scala:196)
[info]   at org.scalatest.TestSuite.withFixture$(TestSuite.scala:195)
[info]   at org.scalatest.funsuite.AnyFunSuite.withFixture(AnyFunSuite.scala:1564)
[info]   at org.scalatest.funsuite.AnyFunSuiteLike.invokeWithFixture$1(AnyFunSuiteLike.scala:224)
[info]   at org.scalatest.funsuite.AnyFunSuiteLike.$anonfun$runTest$1(AnyFunSuiteLike.scala:236)
[info]   at org.scalatest.SuperEngine.runTestImpl(Engine.scala:306)
[info]   at org.scalatest.funsuite.AnyFunSuiteLike.runTest(AnyFunSuiteLike.scala:236)
[info]   at org.scalatest.funsuite.AnyFunSuiteLike.runTest$(AnyFunSuiteLike.scala:218)
[info]   at org.scalatest.funsuite.AnyFunSuite.runTest(AnyFunSuite.scala:1564)
[info]   at org.scalatest.funsuite.AnyFunSuiteLike.$anonfun$runTests$1(AnyFunSuiteLike.scala:269)
[info]   at org.scalatest.SuperEngine.$anonfun$runTestsInBranch$1(Engine.scala:413)
[info]   at scala.collection.immutable.List.foreach(List.scala:334)
[info]   at org.scalatest.SuperEngine.traverseSubNodes$1(Engine.scala:401)
[info]   at org.scalatest.SuperEngine.runTestsInBranch(Engine.scala:396)
[info]   at org.scalatest.SuperEngine.runTestsImpl(Engine.scala:475)
[info]   at org.scalatest.funsuite.AnyFunSuiteLike.runTests(AnyFunSuiteLike.scala:269)
[info]   at org.scalatest.funsuite.AnyFunSuiteLike.runTests$(AnyFunSuiteLike.scala:268)
[info]   at org.scalatest.funsuite.AnyFunSuite.runTests(AnyFunSuite.scala:1564)
[info]   at org.scalatest.Suite.run(Suite.scala:1114)
[info]   at org.scalatest.Suite.run$(Suite.scala:1096)
[info]   at org.scalatest.funsuite.AnyFunSuite.org$scalatest$funsuite$AnyFunSuiteLike$$super$run(AnyFunSuite.scala:1564)
[info]   at org.scalatest.funsuite.AnyFunSuiteLike.$anonfun$run$1(AnyFunSuiteLike.scala:273)
[info]   at org.scalatest.SuperEngine.runImpl(Engine.scala:535)
[info]   at org.scalatest.funsuite.AnyFunSuiteLike.run(AnyFunSuiteLike.scala:273)
[info]   at org.scalatest.funsuite.AnyFunSuiteLike.run$(AnyFunSuiteLike.scala:272)
[info]   at frameless.TypedDatasetSuite.org$scalatest$BeforeAndAfterAll$$super$run(TypedDatasetSuite.scala:63)
[info]   at org.scalatest.BeforeAndAfterAll.liftedTree1$1(BeforeAndAfterAll.scala:213)
[info]   at org.scalatest.BeforeAndAfterAll.run(BeforeAndAfterAll.scala:210)
[info]   at org.scalatest.BeforeAndAfterAll.run$(BeforeAndAfterAll.scala:208)
[info]   at frameless.TypedDatasetSuite.run(TypedDatasetSuite.scala:63)
[info]   at org.scalatest.tools.Framework.org$scalatest$tools$Framework$$runSuite(Framework.scala:321)
[info]   at org.scalatest.tools.Framework$ScalaTestTask.execute(Framework.scala:517)
[info]   at sbt.ForkMain$Run.lambda$runTest$1(ForkMain.java:414)
[info]   at java.base/java.util.concurrent.FutureTask.run(FutureTask.java:317)
[info]   at java.base/java.util.concurrent.ThreadPoolExecutor.runWorker(ThreadPoolExecutor.java:1144)
[info]   at java.base/java.util.concurrent.ThreadPoolExecutor$Worker.run(ThreadPoolExecutor.java:642)
[info]   at java.base/java.lang.Thread.run(Thread.java:1583)
[info]   Cause: java.lang.IllegalArgumentException: argument type mismatch
[info]   at java.base/jdk.internal.reflect.DirectConstructorHandleAccessor.newInstance(DirectConstructorHandleAccessor.java:65)
[info]   at java.base/java.lang.reflect.Constructor.newInstanceWithCaller(Constructor.java:502)
[info]   at java.base/java.lang.reflect.Constructor.newInstance(Constructor.java:486)
[info]   at frameless.TypedExpressionEncoder$.$anonfun$apply$3(TypedExpressionEncoder.scala:55)
[info]   at scala.Option.map(Option.scala:242)
[info]   at frameless.TypedExpressionEncoder$.apply(TypedExpressionEncoder.scala:54)
[info]   at frameless.TypedDataset$.create(TypedDataset.scala:1325)
[info]   at frameless.functions.NonAggregateFunctionsTests.$anonfun$new$1308(NonAggregateFunctionsTests.scala:1940)
[info]   at scala.Function1.$anonfun$andThen$1(Function1.scala:87)
[info]   at org.scalacheck.Prop$.$anonfun$forAllShrink$2(Prop.scala:868)
[info]   at org.scalacheck.Prop$.secure(Prop.scala:484)
[info]   at org.scalacheck.Prop$.result$1(Prop.scala:868)
[info]   at org.scalacheck.Prop$.$anonfun$forAllShrink$1(Prop.scala:915)
[info]   at org.scalacheck.Prop$.$anonfun$apply$1(Prop.scala:305)
[info]   at org.scalacheck.PropFromFun.apply(Prop.scala:20)
[info]   at org.scalacheck.Test$.workerFun$1(Test.scala:486)
[info]   at org.scalacheck.Test$.$anonfun$check$4(Test.scala:518)
[info]   at org.scalacheck.Test$.$anonfun$check$4$adapted(Test.scala:518)
[info]   at org.scalacheck.Platform$.runWorkers(Platform.scala:42)
[info]   at org.scalacheck.Test$.check(Test.scala:518)
[info]   at org.scalatestplus.scalacheck.UnitCheckerAsserting$CheckerAssertingImpl.check(CheckerAsserting.scala:90)
[info]   at org.scalatestplus.scalacheck.Checkers.check(Checkers.scala:371)
[info]   at org.scalatestplus.scalacheck.Checkers.check$(Checkers.scala:369)
[info]   at frameless.TypedDatasetSuite.check(TypedDatasetSuite.scala:63)
[info]   at frameless.functions.NonAggregateFunctionsTests.$anonfun$new$1307(NonAggregateFunctionsTests.scala:1939)
[info]   at org.scalatest.OutcomeOf.outcomeOf(OutcomeOf.scala:85)
[info]   at org.scalatest.OutcomeOf.outcomeOf$(OutcomeOf.scala:83)
[info]   at org.scalatest.OutcomeOf$.outcomeOf(OutcomeOf.scala:104)
[info]   at org.scalatest.Transformer.apply(Transformer.scala:22)
[info]   at org.scalatest.Transformer.apply(Transformer.scala:20)
[info]   at org.scalatest.funsuite.AnyFunSuiteLike$$anon$1.apply(AnyFunSuiteLike.scala:226)
[info]   at org.scalatest.TestSuite.withFixture(TestSuite.scala:196)
[info]   at org.scalatest.TestSuite.withFixture$(TestSuite.scala:195)
[info]   at org.scalatest.funsuite.AnyFunSuite.withFixture(AnyFunSuite.scala:1564)
[info]   at org.scalatest.funsuite.AnyFunSuiteLike.invokeWithFixture$1(AnyFunSuiteLike.scala:224)
[info]   at org.scalatest.funsuite.AnyFunSuiteLike.$anonfun$runTest$1(AnyFunSuiteLike.scala:236)
[info]   at org.scalatest.SuperEngine.runTestImpl(Engine.scala:306)
[info]   at org.scalatest.funsuite.AnyFunSuiteLike.runTest(AnyFunSuiteLike.scala:236)
[info]   at org.scalatest.funsuite.AnyFunSuiteLike.runTest$(AnyFunSuiteLike.scala:218)
[info]   at org.scalatest.funsuite.AnyFunSuite.runTest(AnyFunSuite.scala:1564)
[info]   at org.scalatest.funsuite.AnyFunSuiteLike.$anonfun$runTests$1(AnyFunSuiteLike.scala:269)
[info]   at org.scalatest.SuperEngine.$anonfun$runTestsInBranch$1(Engine.scala:413)
[info]   at scala.collection.immutable.List.foreach(List.scala:334)
[info]   at org.scalatest.SuperEngine.traverseSubNodes$1(Engine.scala:401)
[info]   at org.scalatest.SuperEngine.runTestsInBranch(Engine.scala:396)
[info]   at org.scalatest.SuperEngine.runTestsImpl(Engine.scala:475)
[info]   at org.scalatest.funsuite.AnyFunSuiteLike.runTests(AnyFunSuiteLike.scala:269)
[info]   at org.scalatest.funsuite.AnyFunSuiteLike.runTests$(AnyFunSuiteLike.scala:268)
[info]   at org.scalatest.funsuite.AnyFunSuite.runTests(AnyFunSuite.scala:1564)
[info]   at org.scalatest.Suite.run(Suite.scala:1114)
[info]   at org.scalatest.Suite.run$(Suite.scala:1096)
[info]   at org.scalatest.funsuite.AnyFunSuite.org$scalatest$funsuite$AnyFunSuiteLike$$super$run(AnyFunSuite.scala:1564)
[info]   at org.scalatest.funsuite.AnyFunSuiteLike.$anonfun$run$1(AnyFunSuiteLike.scala:273)
[info]   at org.scalatest.SuperEngine.runImpl(Engine.scala:535)
[info]   at org.scalatest.funsuite.AnyFunSuiteLike.run(AnyFunSuiteLike.scala:273)
[info]   at org.scalatest.funsuite.AnyFunSuiteLike.run$(AnyFunSuiteLike.scala:272)
[info]   at frameless.TypedDatasetSuite.org$scalatest$BeforeAndAfterAll$$super$run(TypedDatasetSuite.scala:63)
[info]   at org.scalatest.BeforeAndAfterAll.liftedTree1$1(BeforeAndAfterAll.scala:213)
[info]   at org.scalatest.BeforeAndAfterAll.run(BeforeAndAfterAll.scala:210)
[info]   at org.scalatest.BeforeAndAfterAll.run$(BeforeAndAfterAll.scala:208)
[info]   at frameless.TypedDatasetSuite.run(TypedDatasetSuite.scala:63)
[info]   at org.scalatest.tools.Framework.org$scalatest$tools$Framework$$runSuite(Framework.scala:321)
[info]   at org.scalatest.tools.Framework$ScalaTestTask.execute(Framework.scala:517)
[info]   at sbt.ForkMain$Run.lambda$runTest$1(ForkMain.java:414)
[info]   at java.base/java.util.concurrent.FutureTask.run(FutureTask.java:317)
[info]   at java.base/java.util.concurrent.ThreadPoolExecutor.runWorker(ThreadPoolExecutor.java:1144)
[info]   at java.base/java.util.concurrent.ThreadPoolExecutor$Worker.run(ThreadPoolExecutor.java:642)
[info]   at java.base/java.lang.Thread.run(Thread.java:1583)
[info]   Cause: java.lang.ClassCastException: Cannot cast scala.reflect.ClassTag$GenericClassTag to org.apache.spark.sql.catalyst.expressions.Expression
[info]   at java.base/java.lang.Class.cast(Class.java:4067)
[info]   at java.base/jdk.internal.reflect.DirectConstructorHandleAccessor.newInstance(DirectConstructorHandleAccessor.java:62)
[info]   at java.base/java.lang.reflect.Constructor.newInstanceWithCaller(Constructor.java:502)
[info]   at java.base/java.lang.reflect.Constructor.newInstance(Constructor.java:486)
[info]   at frameless.TypedExpressionEncoder$.$anonfun$apply$3(TypedExpressionEncoder.scala:55)
[info]   at scala.Option.map(Option.scala:242)
[info]   at frameless.TypedExpressionEncoder$.apply(TypedExpressionEncoder.scala:54)
[info]   at frameless.TypedDataset$.create(TypedDataset.scala:1325)
[info]   at frameless.functions.NonAggregateFunctionsTests.$anonfun$new$1308(NonAggregateFunctionsTests.scala:1940)
[info]   at scala.Function1.$anonfun$andThen$1(Function1.scala:87)
[info]   at org.scalacheck.Prop$.$anonfun$forAllShrink$2(Prop.scala:868)
[info]   at org.scalacheck.Prop$.secure(Prop.scala:484)
[info]   at org.scalacheck.Prop$.result$1(Prop.scala:868)
[info]   at org.scalacheck.Prop$.$anonfun$forAllShrink$1(Prop.scala:915)
[info]   at org.scalacheck.Prop$.$anonfun$apply$1(Prop.scala:305)
[info]   at org.scalacheck.PropFromFun.apply(Prop.scala:20)
[info]   at org.scalacheck.Test$.workerFun$1(Test.scala:486)
[info]   at org.scalacheck.Test$.$anonfun$check$4(Test.scala:518)
[info]   at org.scalacheck.Test$.$anonfun$check$4$adapted(Test.scala:518)
[info]   at org.scalacheck.Platform$.runWorkers(Platform.scala:42)
[info]   at org.scalacheck.Test$.check(Test.scala:518)
[info]   at org.scalatestplus.scalacheck.UnitCheckerAsserting$CheckerAssertingImpl.check(CheckerAsserting.scala:90)
[info]   at org.scalatestplus.scalacheck.Checkers.check(Checkers.scala:371)
[info]   at org.scalatestplus.scalacheck.Checkers.check$(Checkers.scala:369)
[info]   at frameless.TypedDatasetSuite.check(TypedDatasetSuite.scala:63)
[info]   at frameless.functions.NonAggregateFunctionsTests.$anonfun$new$1307(NonAggregateFunctionsTests.scala:1939)
[info]   at org.scalatest.OutcomeOf.outcomeOf(OutcomeOf.scala:85)
[info]   at org.scalatest.OutcomeOf.outcomeOf$(OutcomeOf.scala:83)
[info]   at org.scalatest.OutcomeOf$.outcomeOf(OutcomeOf.scala:104)
[info]   at org.scalatest.Transformer.apply(Transformer.scala:22)
[info]   at org.scalatest.Transformer.apply(Transformer.scala:20)
[info]   at org.scalatest.funsuite.AnyFunSuiteLike$$anon$1.apply(AnyFunSuiteLike.scala:226)
[info]   at org.scalatest.TestSuite.withFixture(TestSuite.scala:196)
[info]   at org.scalatest.TestSuite.withFixture$(TestSuite.scala:195)
[info]   at org.scalatest.funsuite.AnyFunSuite.withFixture(AnyFunSuite.scala:1564)
[info]   at org.scalatest.funsuite.AnyFunSuiteLike.invokeWithFixture$1(AnyFunSuiteLike.scala:224)
[info]   at org.scalatest.funsuite.AnyFunSuiteLike.$anonfun$runTest$1(AnyFunSuiteLike.scala:236)
[info]   at org.scalatest.SuperEngine.runTestImpl(Engine.scala:306)
[info]   at org.scalatest.funsuite.AnyFunSuiteLike.runTest(AnyFunSuiteLike.scala:236)
[info]   at org.scalatest.funsuite.AnyFunSuiteLike.runTest$(AnyFunSuiteLike.scala:218)
[info]   at org.scalatest.funsuite.AnyFunSuite.runTest(AnyFunSuite.scala:1564)
[info]   at org.scalatest.funsuite.AnyFunSuiteLike.$anonfun$runTests$1(AnyFunSuiteLike.scala:269)
[info]   at org.scalatest.SuperEngine.$anonfun$runTestsInBranch$1(Engine.scala:413)
[info]   at scala.collection.immutable.List.foreach(List.scala:334)
[info]   at org.scalatest.SuperEngine.traverseSubNodes$1(Engine.scala:401)
[info]   at org.scalatest.SuperEngine.runTestsInBranch(Engine.scala:396)
[info]   at org.scalatest.SuperEngine.runTestsImpl(Engine.scala:475)
[info]   at org.scalatest.funsuite.AnyFunSuiteLike.runTests(AnyFunSuiteLike.scala:269)
[info]   at org.scalatest.funsuite.AnyFunSuiteLike.runTests$(AnyFunSuiteLike.scala:268)
[info]   at org.scalatest.funsuite.AnyFunSuite.runTests(AnyFunSuite.scala:1564)
[info]   at org.scalatest.Suite.run(Suite.scala:1114)
[info]   at org.scalatest.Suite.run$(Suite.scala:1096)
[info]   at org.scalatest.funsuite.AnyFunSuite.org$scalatest$funsuite$AnyFunSuiteLike$$super$run(AnyFunSuite.scala:1564)
[info]   at org.scalatest.funsuite.AnyFunSuiteLike.$anonfun$run$1(AnyFunSuiteLike.scala:273)
[info]   at org.scalatest.SuperEngine.runImpl(Engine.scala:535)
[info]   at org.scalatest.funsuite.AnyFunSuiteLike.run(AnyFunSuiteLike.scala:273)
[info]   at org.scalatest.funsuite.AnyFunSuiteLike.run$(AnyFunSuiteLike.scala:272)
[info]   at frameless.TypedDatasetSuite.org$scalatest$BeforeAndAfterAll$$super$run(TypedDatasetSuite.scala:63)
[info]   at org.scalatest.BeforeAndAfterAll.liftedTree1$1(BeforeAndAfterAll.scala:213)
[info]   at org.scalatest.BeforeAndAfterAll.run(BeforeAndAfterAll.scala:210)
[info]   at org.scalatest.BeforeAndAfterAll.run$(BeforeAndAfterAll.scala:208)
[info]   at frameless.TypedDatasetSuite.run(TypedDatasetSuite.scala:63)
[info]   at org.scalatest.tools.Framework.org$scalatest$tools$Framework$$runSuite(Framework.scala:321)
[info]   at org.scalatest.tools.Framework$ScalaTestTask.execute(Framework.scala:517)
[info]   at sbt.ForkMain$Run.lambda$runTest$1(ForkMain.java:414)
[info]   at java.base/java.util.concurrent.FutureTask.run(FutureTask.java:317)
[info]   at java.base/java.util.concurrent.ThreadPoolExecutor.runWorker(ThreadPoolExecutor.java:1144)
[info]   at java.base/java.util.concurrent.ThreadPoolExecutor$Worker.run(ThreadPoolExecutor.java:642)
[info]   at java.base/java.lang.Thread.run(Thread.java:1583)
[info] - levenshtein *** FAILED *** (3 milliseconds)
[info]   IllegalArgumentException was thrown during property evaluation.
[info]     Message: argument type mismatch
[info]     Occurred when passed generated values (
[info]       arg0 = X1(),
[info]       arg1 = List()
[info]     )
[info]   org.scalatest.exceptions.GeneratorDrivenPropertyCheckFailedException:
[info]   at org.scalatestplus.scalacheck.CheckerAsserting$$anon$2.indicateFailure(CheckerAsserting.scala:251)
[info]   at org.scalatestplus.scalacheck.CheckerAsserting$$anon$2.indicateFailure(CheckerAsserting.scala:238)
[info]   at org.scalatestplus.scalacheck.UnitCheckerAsserting$CheckerAssertingImpl.check(CheckerAsserting.scala:160)
[info]   at org.scalatestplus.scalacheck.Checkers.check(Checkers.scala:371)
[info]   at org.scalatestplus.scalacheck.Checkers.check$(Checkers.scala:369)
[info]   at frameless.TypedDatasetSuite.check(TypedDatasetSuite.scala:63)
[info]   at frameless.functions.NonAggregateFunctionsTests.$anonfun$new$1323(NonAggregateFunctionsTests.scala:1961)
[info]   at org.scalatest.OutcomeOf.outcomeOf(OutcomeOf.scala:85)
[info]   at org.scalatest.OutcomeOf.outcomeOf$(OutcomeOf.scala:83)
[info]   at org.scalatest.OutcomeOf$.outcomeOf(OutcomeOf.scala:104)
[info]   at org.scalatest.Transformer.apply(Transformer.scala:22)
[info]   at org.scalatest.Transformer.apply(Transformer.scala:20)
[info]   at org.scalatest.funsuite.AnyFunSuiteLike$$anon$1.apply(AnyFunSuiteLike.scala:226)
[info]   at org.scalatest.TestSuite.withFixture(TestSuite.scala:196)
[info]   at org.scalatest.TestSuite.withFixture$(TestSuite.scala:195)
[info]   at org.scalatest.funsuite.AnyFunSuite.withFixture(AnyFunSuite.scala:1564)
[info]   at org.scalatest.funsuite.AnyFunSuiteLike.invokeWithFixture$1(AnyFunSuiteLike.scala:224)
[info]   at org.scalatest.funsuite.AnyFunSuiteLike.$anonfun$runTest$1(AnyFunSuiteLike.scala:236)
[info]   at org.scalatest.SuperEngine.runTestImpl(Engine.scala:306)
[info]   at org.scalatest.funsuite.AnyFunSuiteLike.runTest(AnyFunSuiteLike.scala:236)
[info]   at org.scalatest.funsuite.AnyFunSuiteLike.runTest$(AnyFunSuiteLike.scala:218)
[info]   at org.scalatest.funsuite.AnyFunSuite.runTest(AnyFunSuite.scala:1564)
[info]   at org.scalatest.funsuite.AnyFunSuiteLike.$anonfun$runTests$1(AnyFunSuiteLike.scala:269)
[info]   at org.scalatest.SuperEngine.$anonfun$runTestsInBranch$1(Engine.scala:413)
[info]   at scala.collection.immutable.List.foreach(List.scala:334)
[info]   at org.scalatest.SuperEngine.traverseSubNodes$1(Engine.scala:401)
[info]   at org.scalatest.SuperEngine.runTestsInBranch(Engine.scala:396)
[info]   at org.scalatest.SuperEngine.runTestsImpl(Engine.scala:475)
[info]   at org.scalatest.funsuite.AnyFunSuiteLike.runTests(AnyFunSuiteLike.scala:269)
[info]   at org.scalatest.funsuite.AnyFunSuiteLike.runTests$(AnyFunSuiteLike.scala:268)
[info]   at org.scalatest.funsuite.AnyFunSuite.runTests(AnyFunSuite.scala:1564)
[info]   at org.scalatest.Suite.run(Suite.scala:1114)
[info]   at org.scalatest.Suite.run$(Suite.scala:1096)
[info]   at org.scalatest.funsuite.AnyFunSuite.org$scalatest$funsuite$AnyFunSuiteLike$$super$run(AnyFunSuite.scala:1564)
[info]   at org.scalatest.funsuite.AnyFunSuiteLike.$anonfun$run$1(AnyFunSuiteLike.scala:273)
[info]   at org.scalatest.SuperEngine.runImpl(Engine.scala:535)
[info]   at org.scalatest.funsuite.AnyFunSuiteLike.run(AnyFunSuiteLike.scala:273)
[info]   at org.scalatest.funsuite.AnyFunSuiteLike.run$(AnyFunSuiteLike.scala:272)
[info]   at frameless.TypedDatasetSuite.org$scalatest$BeforeAndAfterAll$$super$run(TypedDatasetSuite.scala:63)
[info]   at org.scalatest.BeforeAndAfterAll.liftedTree1$1(BeforeAndAfterAll.scala:213)
[info]   at org.scalatest.BeforeAndAfterAll.run(BeforeAndAfterAll.scala:210)
[info]   at org.scalatest.BeforeAndAfterAll.run$(BeforeAndAfterAll.scala:208)
[info]   at frameless.TypedDatasetSuite.run(TypedDatasetSuite.scala:63)
[info]   at org.scalatest.tools.Framework.org$scalatest$tools$Framework$$runSuite(Framework.scala:321)
[info]   at org.scalatest.tools.Framework$ScalaTestTask.execute(Framework.scala:517)
[info]   at sbt.ForkMain$Run.lambda$runTest$1(ForkMain.java:414)
[info]   at java.base/java.util.concurrent.FutureTask.run(FutureTask.java:317)
[info]   at java.base/java.util.concurrent.ThreadPoolExecutor.runWorker(ThreadPoolExecutor.java:1144)
[info]   at java.base/java.util.concurrent.ThreadPoolExecutor$Worker.run(ThreadPoolExecutor.java:642)
[info]   at java.base/java.lang.Thread.run(Thread.java:1583)
[info]   Cause: java.lang.IllegalArgumentException: argument type mismatch
[info]   at java.base/jdk.internal.reflect.DirectConstructorHandleAccessor.newInstance(DirectConstructorHandleAccessor.java:65)
[info]   at java.base/java.lang.reflect.Constructor.newInstanceWithCaller(Constructor.java:502)
[info]   at java.base/java.lang.reflect.Constructor.newInstance(Constructor.java:486)
[info]   at frameless.TypedExpressionEncoder$.$anonfun$apply$3(TypedExpressionEncoder.scala:55)
[info]   at scala.Option.map(Option.scala:242)
[info]   at frameless.TypedExpressionEncoder$.apply(TypedExpressionEncoder.scala:54)
[info]   at frameless.TypedDataset$.create(TypedDataset.scala:1325)
[info]   at frameless.functions.NonAggregateFunctionsTests.$anonfun$new$1324(NonAggregateFunctionsTests.scala:1962)
[info]   at org.scalacheck.Prop$.$anonfun$forAll$18(Prop.scala:1131)
[info]   at scala.Function1.$anonfun$andThen$1(Function1.scala:87)
[info]   at org.scalacheck.Prop$.$anonfun$forAllShrink$2(Prop.scala:868)
[info]   at org.scalacheck.Prop$.secure(Prop.scala:484)
[info]   at org.scalacheck.Prop$.result$1(Prop.scala:868)
[info]   at org.scalacheck.Prop$.$anonfun$forAllShrink$1(Prop.scala:915)
[info]   at org.scalacheck.Prop$.$anonfun$apply$1(Prop.scala:305)
[info]   at org.scalacheck.PropFromFun.apply(Prop.scala:20)
[info]   at org.scalacheck.Prop$.result$1(Prop.scala:869)
[info]   at org.scalacheck.Prop$.$anonfun$forAllShrink$1(Prop.scala:915)
[info]   at org.scalacheck.Prop$.$anonfun$apply$1(Prop.scala:305)
[info]   at org.scalacheck.PropFromFun.apply(Prop.scala:20)
[info]   at org.scalacheck.Test$.workerFun$1(Test.scala:486)
[info]   at org.scalacheck.Test$.$anonfun$check$4(Test.scala:518)
[info]   at org.scalacheck.Test$.$anonfun$check$4$adapted(Test.scala:518)
[info]   at org.scalacheck.Platform$.runWorkers(Platform.scala:42)
[info]   at org.scalacheck.Test$.check(Test.scala:518)
[info]   at org.scalatestplus.scalacheck.UnitCheckerAsserting$CheckerAssertingImpl.check(CheckerAsserting.scala:90)
[info]   at org.scalatestplus.scalacheck.Checkers.check(Checkers.scala:371)
[info]   at org.scalatestplus.scalacheck.Checkers.check$(Checkers.scala:369)
[info]   at frameless.TypedDatasetSuite.check(TypedDatasetSuite.scala:63)
[info]   at frameless.functions.NonAggregateFunctionsTests.$anonfun$new$1323(NonAggregateFunctionsTests.scala:1961)
[info]   at org.scalatest.OutcomeOf.outcomeOf(OutcomeOf.scala:85)
[info]   at org.scalatest.OutcomeOf.outcomeOf$(OutcomeOf.scala:83)
[info]   at org.scalatest.OutcomeOf$.outcomeOf(OutcomeOf.scala:104)
[info]   at org.scalatest.Transformer.apply(Transformer.scala:22)
[info]   at org.scalatest.Transformer.apply(Transformer.scala:20)
[info]   at org.scalatest.funsuite.AnyFunSuiteLike$$anon$1.apply(AnyFunSuiteLike.scala:226)
[info]   at org.scalatest.TestSuite.withFixture(TestSuite.scala:196)
[info]   at org.scalatest.TestSuite.withFixture$(TestSuite.scala:195)
[info]   at org.scalatest.funsuite.AnyFunSuite.withFixture(AnyFunSuite.scala:1564)
[info]   at org.scalatest.funsuite.AnyFunSuiteLike.invokeWithFixture$1(AnyFunSuiteLike.scala:224)
[info]   at org.scalatest.funsuite.AnyFunSuiteLike.$anonfun$runTest$1(AnyFunSuiteLike.scala:236)
[info]   at org.scalatest.SuperEngine.runTestImpl(Engine.scala:306)
[info]   at org.scalatest.funsuite.AnyFunSuiteLike.runTest(AnyFunSuiteLike.scala:236)
[info]   at org.scalatest.funsuite.AnyFunSuiteLike.runTest$(AnyFunSuiteLike.scala:218)
[info]   at org.scalatest.funsuite.AnyFunSuite.runTest(AnyFunSuite.scala:1564)
[info]   at org.scalatest.funsuite.AnyFunSuiteLike.$anonfun$runTests$1(AnyFunSuiteLike.scala:269)
[info]   at org.scalatest.SuperEngine.$anonfun$runTestsInBranch$1(Engine.scala:413)
[info]   at scala.collection.immutable.List.foreach(List.scala:334)
[info]   at org.scalatest.SuperEngine.traverseSubNodes$1(Engine.scala:401)
[info]   at org.scalatest.SuperEngine.runTestsInBranch(Engine.scala:396)
[info]   at org.scalatest.SuperEngine.runTestsImpl(Engine.scala:475)
[info]   at org.scalatest.funsuite.AnyFunSuiteLike.runTests(AnyFunSuiteLike.scala:269)
[info]   at org.scalatest.funsuite.AnyFunSuiteLike.runTests$(AnyFunSuiteLike.scala:268)
[info]   at org.scalatest.funsuite.AnyFunSuite.runTests(AnyFunSuite.scala:1564)
[info]   at org.scalatest.Suite.run(Suite.scala:1114)
[info]   at org.scalatest.Suite.run$(Suite.scala:1096)
[info]   at org.scalatest.funsuite.AnyFunSuite.org$scalatest$funsuite$AnyFunSuiteLike$$super$run(AnyFunSuite.scala:1564)
[info]   at org.scalatest.funsuite.AnyFunSuiteLike.$anonfun$run$1(AnyFunSuiteLike.scala:273)
[info]   at org.scalatest.SuperEngine.runImpl(Engine.scala:535)
[info]   at org.scalatest.funsuite.AnyFunSuiteLike.run(AnyFunSuiteLike.scala:273)
[info]   at org.scalatest.funsuite.AnyFunSuiteLike.run$(AnyFunSuiteLike.scala:272)
[info]   at frameless.TypedDatasetSuite.org$scalatest$BeforeAndAfterAll$$super$run(TypedDatasetSuite.scala:63)
[info]   at org.scalatest.BeforeAndAfterAll.liftedTree1$1(BeforeAndAfterAll.scala:213)
[info]   at org.scalatest.BeforeAndAfterAll.run(BeforeAndAfterAll.scala:210)
[info]   at org.scalatest.BeforeAndAfterAll.run$(BeforeAndAfterAll.scala:208)
[info]   at frameless.TypedDatasetSuite.run(TypedDatasetSuite.scala:63)
[info]   at org.scalatest.tools.Framework.org$scalatest$tools$Framework$$runSuite(Framework.scala:321)
[info]   at org.scalatest.tools.Framework$ScalaTestTask.execute(Framework.scala:517)
[info]   at sbt.ForkMain$Run.lambda$runTest$1(ForkMain.java:414)
[info]   at java.base/java.util.concurrent.FutureTask.run(FutureTask.java:317)
[info]   at java.base/java.util.concurrent.ThreadPoolExecutor.runWorker(ThreadPoolExecutor.java:1144)
[info]   at java.base/java.util.concurrent.ThreadPoolExecutor$Worker.run(ThreadPoolExecutor.java:642)
[info]   at java.base/java.lang.Thread.run(Thread.java:1583)
[info]   Cause: java.lang.ClassCastException: Cannot cast scala.reflect.ClassTag$GenericClassTag to org.apache.spark.sql.catalyst.expressions.Expression
[info]   at java.base/java.lang.Class.cast(Class.java:4067)
[info]   at java.base/jdk.internal.reflect.DirectConstructorHandleAccessor.newInstance(DirectConstructorHandleAccessor.java:62)
[info]   at java.base/java.lang.reflect.Constructor.newInstanceWithCaller(Constructor.java:502)
[info]   at java.base/java.lang.reflect.Constructor.newInstance(Constructor.java:486)
[info]   at frameless.TypedExpressionEncoder$.$anonfun$apply$3(TypedExpressionEncoder.scala:55)
[info]   at scala.Option.map(Option.scala:242)
[info]   at frameless.TypedExpressionEncoder$.apply(TypedExpressionEncoder.scala:54)
[info]   at frameless.TypedDataset$.create(TypedDataset.scala:1325)
[info]   at frameless.functions.NonAggregateFunctionsTests.$anonfun$new$1324(NonAggregateFunctionsTests.scala:1962)
[info]   at org.scalacheck.Prop$.$anonfun$forAll$18(Prop.scala:1131)
[info]   at scala.Function1.$anonfun$andThen$1(Function1.scala:87)
[info]   at org.scalacheck.Prop$.$anonfun$forAllShrink$2(Prop.scala:868)
[info]   at org.scalacheck.Prop$.secure(Prop.scala:484)
[info]   at org.scalacheck.Prop$.result$1(Prop.scala:868)
[info]   at org.scalacheck.Prop$.$anonfun$forAllShrink$1(Prop.scala:915)
[info]   at org.scalacheck.Prop$.$anonfun$apply$1(Prop.scala:305)
[info]   at org.scalacheck.PropFromFun.apply(Prop.scala:20)
[info]   at org.scalacheck.Prop$.result$1(Prop.scala:869)
[info]   at org.scalacheck.Prop$.$anonfun$forAllShrink$1(Prop.scala:915)
[info]   at org.scalacheck.Prop$.$anonfun$apply$1(Prop.scala:305)
[info]   at org.scalacheck.PropFromFun.apply(Prop.scala:20)
[info]   at org.scalacheck.Test$.workerFun$1(Test.scala:486)
[info]   at org.scalacheck.Test$.$anonfun$check$4(Test.scala:518)
[info]   at org.scalacheck.Test$.$anonfun$check$4$adapted(Test.scala:518)
[info]   at org.scalacheck.Platform$.runWorkers(Platform.scala:42)
[info]   at org.scalacheck.Test$.check(Test.scala:518)
[info]   at org.scalatestplus.scalacheck.UnitCheckerAsserting$CheckerAssertingImpl.check(CheckerAsserting.scala:90)
[info]   at org.scalatestplus.scalacheck.Checkers.check(Checkers.scala:371)
[info]   at org.scalatestplus.scalacheck.Checkers.check$(Checkers.scala:369)
[info]   at frameless.TypedDatasetSuite.check(TypedDatasetSuite.scala:63)
[info]   at frameless.functions.NonAggregateFunctionsTests.$anonfun$new$1323(NonAggregateFunctionsTests.scala:1961)
[info]   at org.scalatest.OutcomeOf.outcomeOf(OutcomeOf.scala:85)
[info]   at org.scalatest.OutcomeOf.outcomeOf$(OutcomeOf.scala:83)
[info]   at org.scalatest.OutcomeOf$.outcomeOf(OutcomeOf.scala:104)
[info]   at org.scalatest.Transformer.apply(Transformer.scala:22)
[info]   at org.scalatest.Transformer.apply(Transformer.scala:20)
[info]   at org.scalatest.funsuite.AnyFunSuiteLike$$anon$1.apply(AnyFunSuiteLike.scala:226)
[info]   at org.scalatest.TestSuite.withFixture(TestSuite.scala:196)
[info]   at org.scalatest.TestSuite.withFixture$(TestSuite.scala:195)
[info]   at org.scalatest.funsuite.AnyFunSuite.withFixture(AnyFunSuite.scala:1564)
[info]   at org.scalatest.funsuite.AnyFunSuiteLike.invokeWithFixture$1(AnyFunSuiteLike.scala:224)
[info]   at org.scalatest.funsuite.AnyFunSuiteLike.$anonfun$runTest$1(AnyFunSuiteLike.scala:236)
[info]   at org.scalatest.SuperEngine.runTestImpl(Engine.scala:306)
[info]   at org.scalatest.funsuite.AnyFunSuiteLike.runTest(AnyFunSuiteLike.scala:236)
[info]   at org.scalatest.funsuite.AnyFunSuiteLike.runTest$(AnyFunSuiteLike.scala:218)
[info]   at org.scalatest.funsuite.AnyFunSuite.runTest(AnyFunSuite.scala:1564)
[info]   at org.scalatest.funsuite.AnyFunSuiteLike.$anonfun$runTests$1(AnyFunSuiteLike.scala:269)
[info]   at org.scalatest.SuperEngine.$anonfun$runTestsInBranch$1(Engine.scala:413)
[info]   at scala.collection.immutable.List.foreach(List.scala:334)
[info]   at org.scalatest.SuperEngine.traverseSubNodes$1(Engine.scala:401)
[info]   at org.scalatest.SuperEngine.runTestsInBranch(Engine.scala:396)
[info]   at org.scalatest.SuperEngine.runTestsImpl(Engine.scala:475)
[info]   at org.scalatest.funsuite.AnyFunSuiteLike.runTests(AnyFunSuiteLike.scala:269)
[info]   at org.scalatest.funsuite.AnyFunSuiteLike.runTests$(AnyFunSuiteLike.scala:268)
[info]   at org.scalatest.funsuite.AnyFunSuite.runTests(AnyFunSuite.scala:1564)
[info]   at org.scalatest.Suite.run(Suite.scala:1114)
[info]   at org.scalatest.Suite.run$(Suite.scala:1096)
[info]   at org.scalatest.funsuite.AnyFunSuite.org$scalatest$funsuite$AnyFunSuiteLike$$super$run(AnyFunSuite.scala:1564)
[info]   at org.scalatest.funsuite.AnyFunSuiteLike.$anonfun$run$1(AnyFunSuiteLike.scala:273)
[info]   at org.scalatest.SuperEngine.runImpl(Engine.scala:535)
[info]   at org.scalatest.funsuite.AnyFunSuiteLike.run(AnyFunSuiteLike.scala:273)
[info]   at org.scalatest.funsuite.AnyFunSuiteLike.run$(AnyFunSuiteLike.scala:272)
[info]   at frameless.TypedDatasetSuite.org$scalatest$BeforeAndAfterAll$$super$run(TypedDatasetSuite.scala:63)
[info]   at org.scalatest.BeforeAndAfterAll.liftedTree1$1(BeforeAndAfterAll.scala:213)
[info]   at org.scalatest.BeforeAndAfterAll.run(BeforeAndAfterAll.scala:210)
[info]   at org.scalatest.BeforeAndAfterAll.run$(BeforeAndAfterAll.scala:208)
[info]   at frameless.TypedDatasetSuite.run(TypedDatasetSuite.scala:63)
[info]   at org.scalatest.tools.Framework.org$scalatest$tools$Framework$$runSuite(Framework.scala:321)
[info]   at org.scalatest.tools.Framework$ScalaTestTask.execute(Framework.scala:517)
[info]   at sbt.ForkMain$Run.lambda$runTest$1(ForkMain.java:414)
[info]   at java.base/java.util.concurrent.FutureTask.run(FutureTask.java:317)
[info]   at java.base/java.util.concurrent.ThreadPoolExecutor.runWorker(ThreadPoolExecutor.java:1144)
[info]   at java.base/java.util.concurrent.ThreadPoolExecutor$Worker.run(ThreadPoolExecutor.java:642)
[info]   at java.base/java.lang.Thread.run(Thread.java:1583)
[info] - regexp_replace *** FAILED *** (5 milliseconds)
[info]   IllegalArgumentException was thrown during property evaluation.
[info]     Message: argument type mismatch
[info]     Occurred when passed generated values (
[info]       arg0 = List(),
[info]       arg1 = 0 // 29 shrinks
[info]     )
[info]   org.scalatest.exceptions.GeneratorDrivenPropertyCheckFailedException:
[info]   at org.scalatestplus.scalacheck.CheckerAsserting$$anon$2.indicateFailure(CheckerAsserting.scala:251)
[info]   at org.scalatestplus.scalacheck.CheckerAsserting$$anon$2.indicateFailure(CheckerAsserting.scala:238)
[info]   at org.scalatestplus.scalacheck.UnitCheckerAsserting$CheckerAssertingImpl.check(CheckerAsserting.scala:160)
[info]   at org.scalatestplus.scalacheck.Checkers.check(Checkers.scala:371)
[info]   at org.scalatestplus.scalacheck.Checkers.check$(Checkers.scala:369)
[info]   at frameless.TypedDatasetSuite.check(TypedDatasetSuite.scala:63)
[info]   at frameless.functions.NonAggregateFunctionsTests.$anonfun$new$1343(NonAggregateFunctionsTests.scala:1992)
[info]   at org.scalatest.OutcomeOf.outcomeOf(OutcomeOf.scala:85)
[info]   at org.scalatest.OutcomeOf.outcomeOf$(OutcomeOf.scala:83)
[info]   at org.scalatest.OutcomeOf$.outcomeOf(OutcomeOf.scala:104)
[info]   at org.scalatest.Transformer.apply(Transformer.scala:22)
[info]   at org.scalatest.Transformer.apply(Transformer.scala:20)
[info]   at org.scalatest.funsuite.AnyFunSuiteLike$$anon$1.apply(AnyFunSuiteLike.scala:226)
[info]   at org.scalatest.TestSuite.withFixture(TestSuite.scala:196)
[info]   at org.scalatest.TestSuite.withFixture$(TestSuite.scala:195)
[info]   at org.scalatest.funsuite.AnyFunSuite.withFixture(AnyFunSuite.scala:1564)
[info]   at org.scalatest.funsuite.AnyFunSuiteLike.invokeWithFixture$1(AnyFunSuiteLike.scala:224)
[info]   at org.scalatest.funsuite.AnyFunSuiteLike.$anonfun$runTest$1(AnyFunSuiteLike.scala:236)
[info]   at org.scalatest.SuperEngine.runTestImpl(Engine.scala:306)
[info]   at org.scalatest.funsuite.AnyFunSuiteLike.runTest(AnyFunSuiteLike.scala:236)
[info]   at org.scalatest.funsuite.AnyFunSuiteLike.runTest$(AnyFunSuiteLike.scala:218)
[info]   at org.scalatest.funsuite.AnyFunSuite.runTest(AnyFunSuite.scala:1564)
[info]   at org.scalatest.funsuite.AnyFunSuiteLike.$anonfun$runTests$1(AnyFunSuiteLike.scala:269)
[info]   at org.scalatest.SuperEngine.$anonfun$runTestsInBranch$1(Engine.scala:413)
[info]   at scala.collection.immutable.List.foreach(List.scala:334)
[info]   at org.scalatest.SuperEngine.traverseSubNodes$1(Engine.scala:401)
[info]   at org.scalatest.SuperEngine.runTestsInBranch(Engine.scala:396)
[info]   at org.scalatest.SuperEngine.runTestsImpl(Engine.scala:475)
[info]   at org.scalatest.funsuite.AnyFunSuiteLike.runTests(AnyFunSuiteLike.scala:269)
[info]   at org.scalatest.funsuite.AnyFunSuiteLike.runTests$(AnyFunSuiteLike.scala:268)
[info]   at org.scalatest.funsuite.AnyFunSuite.runTests(AnyFunSuite.scala:1564)
[info]   at org.scalatest.Suite.run(Suite.scala:1114)
[info]   at org.scalatest.Suite.run$(Suite.scala:1096)
[info]   at org.scalatest.funsuite.AnyFunSuite.org$scalatest$funsuite$AnyFunSuiteLike$$super$run(AnyFunSuite.scala:1564)
[info]   at org.scalatest.funsuite.AnyFunSuiteLike.$anonfun$run$1(AnyFunSuiteLike.scala:273)
[info]   at org.scalatest.SuperEngine.runImpl(Engine.scala:535)
[info]   at org.scalatest.funsuite.AnyFunSuiteLike.run(AnyFunSuiteLike.scala:273)
[info]   at org.scalatest.funsuite.AnyFunSuiteLike.run$(AnyFunSuiteLike.scala:272)
[info]   at frameless.TypedDatasetSuite.org$scalatest$BeforeAndAfterAll$$super$run(TypedDatasetSuite.scala:63)
[info]   at org.scalatest.BeforeAndAfterAll.liftedTree1$1(BeforeAndAfterAll.scala:213)
[info]   at org.scalatest.BeforeAndAfterAll.run(BeforeAndAfterAll.scala:210)
[info]   at org.scalatest.BeforeAndAfterAll.run$(BeforeAndAfterAll.scala:208)
[info]   at frameless.TypedDatasetSuite.run(TypedDatasetSuite.scala:63)
[info]   at org.scalatest.tools.Framework.org$scalatest$tools$Framework$$runSuite(Framework.scala:321)
[info]   at org.scalatest.tools.Framework$ScalaTestTask.execute(Framework.scala:517)
[info]   at sbt.ForkMain$Run.lambda$runTest$1(ForkMain.java:414)
[info]   at java.base/java.util.concurrent.FutureTask.run(FutureTask.java:317)
[info]   at java.base/java.util.concurrent.ThreadPoolExecutor.runWorker(ThreadPoolExecutor.java:1144)
[info]   at java.base/java.util.concurrent.ThreadPoolExecutor$Worker.run(ThreadPoolExecutor.java:642)
[info]   at java.base/java.lang.Thread.run(Thread.java:1583)
[info]   Cause: java.lang.IllegalArgumentException: argument type mismatch
[info]   at java.base/jdk.internal.reflect.DirectConstructorHandleAccessor.newInstance(DirectConstructorHandleAccessor.java:65)
[info]   at java.base/java.lang.reflect.Constructor.newInstanceWithCaller(Constructor.java:502)
[info]   at java.base/java.lang.reflect.Constructor.newInstance(Constructor.java:486)
[info]   at frameless.TypedExpressionEncoder$.$anonfun$apply$3(TypedExpressionEncoder.scala:55)
[info]   at scala.Option.map(Option.scala:242)
[info]   at frameless.TypedExpressionEncoder$.apply(TypedExpressionEncoder.scala:54)
[info]   at frameless.TypedDataset$.create(TypedDataset.scala:1325)
[info]   at frameless.functions.NonAggregateFunctionsTests.$anonfun$new$1344(NonAggregateFunctionsTests.scala:1993)
[info]   at frameless.functions.NonAggregateFunctionsTests.$anonfun$new$1344$adapted(NonAggregateFunctionsTests.scala:1992)
[info]   at org.scalacheck.Prop$.$anonfun$forAll$18(Prop.scala:1131)
[info]   at scala.Function1.$anonfun$andThen$1(Function1.scala:87)
[info]   at org.scalacheck.Prop$.$anonfun$forAllShrink$2(Prop.scala:868)
[info]   at org.scalacheck.Prop$.secure(Prop.scala:484)
[info]   at org.scalacheck.Prop$.result$1(Prop.scala:868)
[info]   at org.scalacheck.Prop$.$anonfun$forAllShrink$4(Prop.scala:880)
[info]   at scala.collection.immutable.Stream.map(Stream.scala:173)
[info]   at org.scalacheck.Prop$.getFirstFailure$1(Prop.scala:880)
[info]   at org.scalacheck.Prop$.shrinker$1(Prop.scala:895)
[info]   at org.scalacheck.Prop$.$anonfun$forAllShrink$1(Prop.scala:916)
[info]   at org.scalacheck.Prop$.$anonfun$apply$1(Prop.scala:305)
[info]   at org.scalacheck.PropFromFun.apply(Prop.scala:20)
[info]   at org.scalacheck.Prop$.result$1(Prop.scala:869)
[info]   at org.scalacheck.Prop$.$anonfun$forAllShrink$1(Prop.scala:915)
[info]   at org.scalacheck.Prop$.$anonfun$apply$1(Prop.scala:305)
[info]   at org.scalacheck.PropFromFun.apply(Prop.scala:20)
[info]   at org.scalacheck.Test$.workerFun$1(Test.scala:486)
[info]   at org.scalacheck.Test$.$anonfun$check$4(Test.scala:518)
[info]   at org.scalacheck.Test$.$anonfun$check$4$adapted(Test.scala:518)
[info]   at org.scalacheck.Platform$.runWorkers(Platform.scala:42)
[info]   at org.scalacheck.Test$.check(Test.scala:518)
[info]   at org.scalatestplus.scalacheck.UnitCheckerAsserting$CheckerAssertingImpl.check(CheckerAsserting.scala:90)
[info]   at org.scalatestplus.scalacheck.Checkers.check(Checkers.scala:371)
[info]   at org.scalatestplus.scalacheck.Checkers.check$(Checkers.scala:369)
[info]   at frameless.TypedDatasetSuite.check(TypedDatasetSuite.scala:63)
[info]   at frameless.functions.NonAggregateFunctionsTests.$anonfun$new$1343(NonAggregateFunctionsTests.scala:1992)
[info]   at org.scalatest.OutcomeOf.outcomeOf(OutcomeOf.scala:85)
[info]   at org.scalatest.OutcomeOf.outcomeOf$(OutcomeOf.scala:83)
[info]   at org.scalatest.OutcomeOf$.outcomeOf(OutcomeOf.scala:104)
[info]   at org.scalatest.Transformer.apply(Transformer.scala:22)
[info]   at org.scalatest.Transformer.apply(Transformer.scala:20)
[info]   at org.scalatest.funsuite.AnyFunSuiteLike$$anon$1.apply(AnyFunSuiteLike.scala:226)
[info]   at org.scalatest.TestSuite.withFixture(TestSuite.scala:196)
[info]   at org.scalatest.TestSuite.withFixture$(TestSuite.scala:195)
[info]   at org.scalatest.funsuite.AnyFunSuite.withFixture(AnyFunSuite.scala:1564)
[info]   at org.scalatest.funsuite.AnyFunSuiteLike.invokeWithFixture$1(AnyFunSuiteLike.scala:224)
[info]   at org.scalatest.funsuite.AnyFunSuiteLike.$anonfun$runTest$1(AnyFunSuiteLike.scala:236)
[info]   at org.scalatest.SuperEngine.runTestImpl(Engine.scala:306)
[info]   at org.scalatest.funsuite.AnyFunSuiteLike.runTest(AnyFunSuiteLike.scala:236)
[info]   at org.scalatest.funsuite.AnyFunSuiteLike.runTest$(AnyFunSuiteLike.scala:218)
[info]   at org.scalatest.funsuite.AnyFunSuite.runTest(AnyFunSuite.scala:1564)
[info]   at org.scalatest.funsuite.AnyFunSuiteLike.$anonfun$runTests$1(AnyFunSuiteLike.scala:269)
[info]   at org.scalatest.SuperEngine.$anonfun$runTestsInBranch$1(Engine.scala:413)
[info]   at scala.collection.immutable.List.foreach(List.scala:334)
[info]   at org.scalatest.SuperEngine.traverseSubNodes$1(Engine.scala:401)
[info]   at org.scalatest.SuperEngine.runTestsInBranch(Engine.scala:396)
[info]   at org.scalatest.SuperEngine.runTestsImpl(Engine.scala:475)
[info]   at org.scalatest.funsuite.AnyFunSuiteLike.runTests(AnyFunSuiteLike.scala:269)
[info]   at org.scalatest.funsuite.AnyFunSuiteLike.runTests$(AnyFunSuiteLike.scala:268)
[info]   at org.scalatest.funsuite.AnyFunSuite.runTests(AnyFunSuite.scala:1564)
[info]   at org.scalatest.Suite.run(Suite.scala:1114)
[info]   at org.scalatest.Suite.run$(Suite.scala:1096)
[info]   at org.scalatest.funsuite.AnyFunSuite.org$scalatest$funsuite$AnyFunSuiteLike$$super$run(AnyFunSuite.scala:1564)
[info]   at org.scalatest.funsuite.AnyFunSuiteLike.$anonfun$run$1(AnyFunSuiteLike.scala:273)
[info]   at org.scalatest.SuperEngine.runImpl(Engine.scala:535)
[info]   at org.scalatest.funsuite.AnyFunSuiteLike.run(AnyFunSuiteLike.scala:273)
[info]   at org.scalatest.funsuite.AnyFunSuiteLike.run$(AnyFunSuiteLike.scala:272)
[info]   at frameless.TypedDatasetSuite.org$scalatest$BeforeAndAfterAll$$super$run(TypedDatasetSuite.scala:63)
[info]   at org.scalatest.BeforeAndAfterAll.liftedTree1$1(BeforeAndAfterAll.scala:213)
[info]   at org.scalatest.BeforeAndAfterAll.run(BeforeAndAfterAll.scala:210)
[info]   at org.scalatest.BeforeAndAfterAll.run$(BeforeAndAfterAll.scala:208)
[info]   at frameless.TypedDatasetSuite.run(TypedDatasetSuite.scala:63)
[info]   at org.scalatest.tools.Framework.org$scalatest$tools$Framework$$runSuite(Framework.scala:321)
[info]   at org.scalatest.tools.Framework$ScalaTestTask.execute(Framework.scala:517)
[info]   at sbt.ForkMain$Run.lambda$runTest$1(ForkMain.java:414)
[info]   at java.base/java.util.concurrent.FutureTask.run(FutureTask.java:317)
[info]   at java.base/java.util.concurrent.ThreadPoolExecutor.runWorker(ThreadPoolExecutor.java:1144)
[info]   at java.base/java.util.concurrent.ThreadPoolExecutor$Worker.run(ThreadPoolExecutor.java:642)
[info]   at java.base/java.lang.Thread.run(Thread.java:1583)
[info]   Cause: java.lang.ClassCastException: Cannot cast scala.reflect.ClassTag$GenericClassTag to org.apache.spark.sql.catalyst.expressions.Expression
[info]   at java.base/java.lang.Class.cast(Class.java:4067)
[info]   at java.base/jdk.internal.reflect.DirectConstructorHandleAccessor.newInstance(DirectConstructorHandleAccessor.java:62)
[info]   at java.base/java.lang.reflect.Constructor.newInstanceWithCaller(Constructor.java:502)
[info]   at java.base/java.lang.reflect.Constructor.newInstance(Constructor.java:486)
[info]   at frameless.TypedExpressionEncoder$.$anonfun$apply$3(TypedExpressionEncoder.scala:55)
[info]   at scala.Option.map(Option.scala:242)
[info]   at frameless.TypedExpressionEncoder$.apply(TypedExpressionEncoder.scala:54)
[info]   at frameless.TypedDataset$.create(TypedDataset.scala:1325)
[info]   at frameless.functions.NonAggregateFunctionsTests.$anonfun$new$1344(NonAggregateFunctionsTests.scala:1993)
[info]   at frameless.functions.NonAggregateFunctionsTests.$anonfun$new$1344$adapted(NonAggregateFunctionsTests.scala:1992)
[info]   at org.scalacheck.Prop$.$anonfun$forAll$18(Prop.scala:1131)
[info]   at scala.Function1.$anonfun$andThen$1(Function1.scala:87)
[info]   at org.scalacheck.Prop$.$anonfun$forAllShrink$2(Prop.scala:868)
[info]   at org.scalacheck.Prop$.secure(Prop.scala:484)
[info]   at org.scalacheck.Prop$.result$1(Prop.scala:868)
[info]   at org.scalacheck.Prop$.$anonfun$forAllShrink$4(Prop.scala:880)
[info]   at scala.collection.immutable.Stream.map(Stream.scala:173)
[info]   at org.scalacheck.Prop$.getFirstFailure$1(Prop.scala:880)
[info]   at org.scalacheck.Prop$.shrinker$1(Prop.scala:895)
[info]   at org.scalacheck.Prop$.$anonfun$forAllShrink$1(Prop.scala:916)
[info]   at org.scalacheck.Prop$.$anonfun$apply$1(Prop.scala:305)
[info]   at org.scalacheck.PropFromFun.apply(Prop.scala:20)
[info]   at org.scalacheck.Prop$.result$1(Prop.scala:869)
[info]   at org.scalacheck.Prop$.$anonfun$forAllShrink$1(Prop.scala:915)
[info]   at org.scalacheck.Prop$.$anonfun$apply$1(Prop.scala:305)
[info]   at org.scalacheck.PropFromFun.apply(Prop.scala:20)
[info]   at org.scalacheck.Test$.workerFun$1(Test.scala:486)
[info]   at org.scalacheck.Test$.$anonfun$check$4(Test.scala:518)
[info]   at org.scalacheck.Test$.$anonfun$check$4$adapted(Test.scala:518)
[info]   at org.scalacheck.Platform$.runWorkers(Platform.scala:42)
[info]   at org.scalacheck.Test$.check(Test.scala:518)
[info]   at org.scalatestplus.scalacheck.UnitCheckerAsserting$CheckerAssertingImpl.check(CheckerAsserting.scala:90)
[info]   at org.scalatestplus.scalacheck.Checkers.check(Checkers.scala:371)
[info]   at org.scalatestplus.scalacheck.Checkers.check$(Checkers.scala:369)
[info]   at frameless.TypedDatasetSuite.check(TypedDatasetSuite.scala:63)
[info]   at frameless.functions.NonAggregateFunctionsTests.$anonfun$new$1343(NonAggregateFunctionsTests.scala:1992)
[info]   at org.scalatest.OutcomeOf.outcomeOf(OutcomeOf.scala:85)
[info]   at org.scalatest.OutcomeOf.outcomeOf$(OutcomeOf.scala:83)
[info]   at org.scalatest.OutcomeOf$.outcomeOf(OutcomeOf.scala:104)
[info]   at org.scalatest.Transformer.apply(Transformer.scala:22)
[info]   at org.scalatest.Transformer.apply(Transformer.scala:20)
[info]   at org.scalatest.funsuite.AnyFunSuiteLike$$anon$1.apply(AnyFunSuiteLike.scala:226)
[info]   at org.scalatest.TestSuite.withFixture(TestSuite.scala:196)
[info]   at org.scalatest.TestSuite.withFixture$(TestSuite.scala:195)
[info]   at org.scalatest.funsuite.AnyFunSuite.withFixture(AnyFunSuite.scala:1564)
[info]   at org.scalatest.funsuite.AnyFunSuiteLike.invokeWithFixture$1(AnyFunSuiteLike.scala:224)
[info]   at org.scalatest.funsuite.AnyFunSuiteLike.$anonfun$runTest$1(AnyFunSuiteLike.scala:236)
[info]   at org.scalatest.SuperEngine.runTestImpl(Engine.scala:306)
[info]   at org.scalatest.funsuite.AnyFunSuiteLike.runTest(AnyFunSuiteLike.scala:236)
[info]   at org.scalatest.funsuite.AnyFunSuiteLike.runTest$(AnyFunSuiteLike.scala:218)
[info]   at org.scalatest.funsuite.AnyFunSuite.runTest(AnyFunSuite.scala:1564)
[info]   at org.scalatest.funsuite.AnyFunSuiteLike.$anonfun$runTests$1(AnyFunSuiteLike.scala:269)
[info]   at org.scalatest.SuperEngine.$anonfun$runTestsInBranch$1(Engine.scala:413)
[info]   at scala.collection.immutable.List.foreach(List.scala:334)
[info]   at org.scalatest.SuperEngine.traverseSubNodes$1(Engine.scala:401)
[info]   at org.scalatest.SuperEngine.runTestsInBranch(Engine.scala:396)
[info]   at org.scalatest.SuperEngine.runTestsImpl(Engine.scala:475)
[info]   at org.scalatest.funsuite.AnyFunSuiteLike.runTests(AnyFunSuiteLike.scala:269)
[info]   at org.scalatest.funsuite.AnyFunSuiteLike.runTests$(AnyFunSuiteLike.scala:268)
[info]   at org.scalatest.funsuite.AnyFunSuite.runTests(AnyFunSuite.scala:1564)
[info]   at org.scalatest.Suite.run(Suite.scala:1114)
[info]   at org.scalatest.Suite.run$(Suite.scala:1096)
[info]   at org.scalatest.funsuite.AnyFunSuite.org$scalatest$funsuite$AnyFunSuiteLike$$super$run(AnyFunSuite.scala:1564)
[info]   at org.scalatest.funsuite.AnyFunSuiteLike.$anonfun$run$1(AnyFunSuiteLike.scala:273)
[info]   at org.scalatest.SuperEngine.runImpl(Engine.scala:535)
[info]   at org.scalatest.funsuite.AnyFunSuiteLike.run(AnyFunSuiteLike.scala:273)
[info]   at org.scalatest.funsuite.AnyFunSuiteLike.run$(AnyFunSuiteLike.scala:272)
[info]   at frameless.TypedDatasetSuite.org$scalatest$BeforeAndAfterAll$$super$run(TypedDatasetSuite.scala:63)
[info]   at org.scalatest.BeforeAndAfterAll.liftedTree1$1(BeforeAndAfterAll.scala:213)
[info]   at org.scalatest.BeforeAndAfterAll.run(BeforeAndAfterAll.scala:210)
[info]   at org.scalatest.BeforeAndAfterAll.run$(BeforeAndAfterAll.scala:208)
[info]   at frameless.TypedDatasetSuite.run(TypedDatasetSuite.scala:63)
[info]   at org.scalatest.tools.Framework.org$scalatest$tools$Framework$$runSuite(Framework.scala:321)
[info]   at org.scalatest.tools.Framework$ScalaTestTask.execute(Framework.scala:517)
[info]   at sbt.ForkMain$Run.lambda$runTest$1(ForkMain.java:414)
[info]   at java.base/java.util.concurrent.FutureTask.run(FutureTask.java:317)
[info]   at java.base/java.util.concurrent.ThreadPoolExecutor.runWorker(ThreadPoolExecutor.java:1144)
[info]   at java.base/java.util.concurrent.ThreadPoolExecutor$Worker.run(ThreadPoolExecutor.java:642)
[info]   at java.base/java.lang.Thread.run(Thread.java:1583)
[info] - reverse *** FAILED *** (2 milliseconds)
[info]   IllegalArgumentException was thrown during property evaluation.
[info]     Message: argument type mismatch
[info]     Occurred when passed generated values (
[info]       arg0 = List()
[info]     )
[info]   org.scalatest.exceptions.GeneratorDrivenPropertyCheckFailedException:
[info]   at org.scalatestplus.scalacheck.CheckerAsserting$$anon$2.indicateFailure(CheckerAsserting.scala:251)
[info]   at org.scalatestplus.scalacheck.CheckerAsserting$$anon$2.indicateFailure(CheckerAsserting.scala:238)
[info]   at org.scalatestplus.scalacheck.UnitCheckerAsserting$CheckerAssertingImpl.check(CheckerAsserting.scala:160)
[info]   at org.scalatestplus.scalacheck.Checkers.check(Checkers.scala:371)
[info]   at org.scalatestplus.scalacheck.Checkers.check$(Checkers.scala:369)
[info]   at frameless.TypedDatasetSuite.check(TypedDatasetSuite.scala:63)
[info]   at frameless.functions.NonAggregateFunctionsTests.$anonfun$new$1357(NonAggregateFunctionsTests.scala:2014)
[info]   at org.scalatest.OutcomeOf.outcomeOf(OutcomeOf.scala:85)
[info]   at org.scalatest.OutcomeOf.outcomeOf$(OutcomeOf.scala:83)
[info]   at org.scalatest.OutcomeOf$.outcomeOf(OutcomeOf.scala:104)
[info]   at org.scalatest.Transformer.apply(Transformer.scala:22)
[info]   at org.scalatest.Transformer.apply(Transformer.scala:20)
[info]   at org.scalatest.funsuite.AnyFunSuiteLike$$anon$1.apply(AnyFunSuiteLike.scala:226)
[info]   at org.scalatest.TestSuite.withFixture(TestSuite.scala:196)
[info]   at org.scalatest.TestSuite.withFixture$(TestSuite.scala:195)
[info]   at org.scalatest.funsuite.AnyFunSuite.withFixture(AnyFunSuite.scala:1564)
[info]   at org.scalatest.funsuite.AnyFunSuiteLike.invokeWithFixture$1(AnyFunSuiteLike.scala:224)
[info]   at org.scalatest.funsuite.AnyFunSuiteLike.$anonfun$runTest$1(AnyFunSuiteLike.scala:236)
[info]   at org.scalatest.SuperEngine.runTestImpl(Engine.scala:306)
[info]   at org.scalatest.funsuite.AnyFunSuiteLike.runTest(AnyFunSuiteLike.scala:236)
[info]   at org.scalatest.funsuite.AnyFunSuiteLike.runTest$(AnyFunSuiteLike.scala:218)
[info]   at org.scalatest.funsuite.AnyFunSuite.runTest(AnyFunSuite.scala:1564)
[info]   at org.scalatest.funsuite.AnyFunSuiteLike.$anonfun$runTests$1(AnyFunSuiteLike.scala:269)
[info]   at org.scalatest.SuperEngine.$anonfun$runTestsInBranch$1(Engine.scala:413)
[info]   at scala.collection.immutable.List.foreach(List.scala:334)
[info]   at org.scalatest.SuperEngine.traverseSubNodes$1(Engine.scala:401)
[info]   at org.scalatest.SuperEngine.runTestsInBranch(Engine.scala:396)
[info]   at org.scalatest.SuperEngine.runTestsImpl(Engine.scala:475)
[info]   at org.scalatest.funsuite.AnyFunSuiteLike.runTests(AnyFunSuiteLike.scala:269)
[info]   at org.scalatest.funsuite.AnyFunSuiteLike.runTests$(AnyFunSuiteLike.scala:268)
[info]   at org.scalatest.funsuite.AnyFunSuite.runTests(AnyFunSuite.scala:1564)
[info]   at org.scalatest.Suite.run(Suite.scala:1114)
[info]   at org.scalatest.Suite.run$(Suite.scala:1096)
[info]   at org.scalatest.funsuite.AnyFunSuite.org$scalatest$funsuite$AnyFunSuiteLike$$super$run(AnyFunSuite.scala:1564)
[info]   at org.scalatest.funsuite.AnyFunSuiteLike.$anonfun$run$1(AnyFunSuiteLike.scala:273)
[info]   at org.scalatest.SuperEngine.runImpl(Engine.scala:535)
[info]   at org.scalatest.funsuite.AnyFunSuiteLike.run(AnyFunSuiteLike.scala:273)
[info]   at org.scalatest.funsuite.AnyFunSuiteLike.run$(AnyFunSuiteLike.scala:272)
[info]   at frameless.TypedDatasetSuite.org$scalatest$BeforeAndAfterAll$$super$run(TypedDatasetSuite.scala:63)
[info]   at org.scalatest.BeforeAndAfterAll.liftedTree1$1(BeforeAndAfterAll.scala:213)
[info]   at org.scalatest.BeforeAndAfterAll.run(BeforeAndAfterAll.scala:210)
[info]   at org.scalatest.BeforeAndAfterAll.run$(BeforeAndAfterAll.scala:208)
[info]   at frameless.TypedDatasetSuite.run(TypedDatasetSuite.scala:63)
[info]   at org.scalatest.tools.Framework.org$scalatest$tools$Framework$$runSuite(Framework.scala:321)
[info]   at org.scalatest.tools.Framework$ScalaTestTask.execute(Framework.scala:517)
[info]   at sbt.ForkMain$Run.lambda$runTest$1(ForkMain.java:414)
[info]   at java.base/java.util.concurrent.FutureTask.run(FutureTask.java:317)
[info]   at java.base/java.util.concurrent.ThreadPoolExecutor.runWorker(ThreadPoolExecutor.java:1144)
[info]   at java.base/java.util.concurrent.ThreadPoolExecutor$Worker.run(ThreadPoolExecutor.java:642)
[info]   at java.base/java.lang.Thread.run(Thread.java:1583)
[info]   Cause: java.lang.IllegalArgumentException: argument type mismatch
[info]   at java.base/jdk.internal.reflect.DirectConstructorHandleAccessor.newInstance(DirectConstructorHandleAccessor.java:65)
[info]   at java.base/java.lang.reflect.Constructor.newInstanceWithCaller(Constructor.java:502)
[info]   at java.base/java.lang.reflect.Constructor.newInstance(Constructor.java:486)
[info]   at frameless.TypedExpressionEncoder$.$anonfun$apply$3(TypedExpressionEncoder.scala:55)
[info]   at scala.Option.map(Option.scala:242)
[info]   at frameless.TypedExpressionEncoder$.apply(TypedExpressionEncoder.scala:54)
[info]   at frameless.TypedDataset$.create(TypedDataset.scala:1325)
[info]   at frameless.functions.NonAggregateFunctionsTests.$anonfun$new$1358(NonAggregateFunctionsTests.scala:2015)
[info]   at scala.Function1.$anonfun$andThen$1(Function1.scala:87)
[info]   at org.scalacheck.Prop$.$anonfun$forAllShrink$2(Prop.scala:868)
[info]   at org.scalacheck.Prop$.secure(Prop.scala:484)
[info]   at org.scalacheck.Prop$.result$1(Prop.scala:868)
[info]   at org.scalacheck.Prop$.$anonfun$forAllShrink$1(Prop.scala:915)
[info]   at org.scalacheck.Prop$.$anonfun$apply$1(Prop.scala:305)
[info]   at org.scalacheck.PropFromFun.apply(Prop.scala:20)
[info]   at org.scalacheck.Test$.workerFun$1(Test.scala:486)
[info]   at org.scalacheck.Test$.$anonfun$check$4(Test.scala:518)
[info]   at org.scalacheck.Test$.$anonfun$check$4$adapted(Test.scala:518)
[info]   at org.scalacheck.Platform$.runWorkers(Platform.scala:42)
[info]   at org.scalacheck.Test$.check(Test.scala:518)
[info]   at org.scalatestplus.scalacheck.UnitCheckerAsserting$CheckerAssertingImpl.check(CheckerAsserting.scala:90)
[info]   at org.scalatestplus.scalacheck.Checkers.check(Checkers.scala:371)
[info]   at org.scalatestplus.scalacheck.Checkers.check$(Checkers.scala:369)
[info]   at frameless.TypedDatasetSuite.check(TypedDatasetSuite.scala:63)
[info]   at frameless.functions.NonAggregateFunctionsTests.$anonfun$new$1357(NonAggregateFunctionsTests.scala:2014)
[info]   at org.scalatest.OutcomeOf.outcomeOf(OutcomeOf.scala:85)
[info]   at org.scalatest.OutcomeOf.outcomeOf$(OutcomeOf.scala:83)
[info]   at org.scalatest.OutcomeOf$.outcomeOf(OutcomeOf.scala:104)
[info]   at org.scalatest.Transformer.apply(Transformer.scala:22)
[info]   at org.scalatest.Transformer.apply(Transformer.scala:20)
[info]   at org.scalatest.funsuite.AnyFunSuiteLike$$anon$1.apply(AnyFunSuiteLike.scala:226)
[info]   at org.scalatest.TestSuite.withFixture(TestSuite.scala:196)
[info]   at org.scalatest.TestSuite.withFixture$(TestSuite.scala:195)
[info]   at org.scalatest.funsuite.AnyFunSuite.withFixture(AnyFunSuite.scala:1564)
[info]   at org.scalatest.funsuite.AnyFunSuiteLike.invokeWithFixture$1(AnyFunSuiteLike.scala:224)
[info]   at org.scalatest.funsuite.AnyFunSuiteLike.$anonfun$runTest$1(AnyFunSuiteLike.scala:236)
[info]   at org.scalatest.SuperEngine.runTestImpl(Engine.scala:306)
[info]   at org.scalatest.funsuite.AnyFunSuiteLike.runTest(AnyFunSuiteLike.scala:236)
[info]   at org.scalatest.funsuite.AnyFunSuiteLike.runTest$(AnyFunSuiteLike.scala:218)
[info]   at org.scalatest.funsuite.AnyFunSuite.runTest(AnyFunSuite.scala:1564)
[info]   at org.scalatest.funsuite.AnyFunSuiteLike.$anonfun$runTests$1(AnyFunSuiteLike.scala:269)
[info]   at org.scalatest.SuperEngine.$anonfun$runTestsInBranch$1(Engine.scala:413)
[info]   at scala.collection.immutable.List.foreach(List.scala:334)
[info]   at org.scalatest.SuperEngine.traverseSubNodes$1(Engine.scala:401)
[info]   at org.scalatest.SuperEngine.runTestsInBranch(Engine.scala:396)
[info]   at org.scalatest.SuperEngine.runTestsImpl(Engine.scala:475)
[info]   at org.scalatest.funsuite.AnyFunSuiteLike.runTests(AnyFunSuiteLike.scala:269)
[info]   at org.scalatest.funsuite.AnyFunSuiteLike.runTests$(AnyFunSuiteLike.scala:268)
[info]   at org.scalatest.funsuite.AnyFunSuite.runTests(AnyFunSuite.scala:1564)
[info]   at org.scalatest.Suite.run(Suite.scala:1114)
[info]   at org.scalatest.Suite.run$(Suite.scala:1096)
[info]   at org.scalatest.funsuite.AnyFunSuite.org$scalatest$funsuite$AnyFunSuiteLike$$super$run(AnyFunSuite.scala:1564)
[info]   at org.scalatest.funsuite.AnyFunSuiteLike.$anonfun$run$1(AnyFunSuiteLike.scala:273)
[info]   at org.scalatest.SuperEngine.runImpl(Engine.scala:535)
[info]   at org.scalatest.funsuite.AnyFunSuiteLike.run(AnyFunSuiteLike.scala:273)
[info]   at org.scalatest.funsuite.AnyFunSuiteLike.run$(AnyFunSuiteLike.scala:272)
[info]   at frameless.TypedDatasetSuite.org$scalatest$BeforeAndAfterAll$$super$run(TypedDatasetSuite.scala:63)
[info]   at org.scalatest.BeforeAndAfterAll.liftedTree1$1(BeforeAndAfterAll.scala:213)
[info]   at org.scalatest.BeforeAndAfterAll.run(BeforeAndAfterAll.scala:210)
[info]   at org.scalatest.BeforeAndAfterAll.run$(BeforeAndAfterAll.scala:208)
[info]   at frameless.TypedDatasetSuite.run(TypedDatasetSuite.scala:63)
[info]   at org.scalatest.tools.Framework.org$scalatest$tools$Framework$$runSuite(Framework.scala:321)
[info]   at org.scalatest.tools.Framework$ScalaTestTask.execute(Framework.scala:517)
[info]   at sbt.ForkMain$Run.lambda$runTest$1(ForkMain.java:414)
[info]   at java.base/java.util.concurrent.FutureTask.run(FutureTask.java:317)
[info]   at java.base/java.util.concurrent.ThreadPoolExecutor.runWorker(ThreadPoolExecutor.java:1144)
[info]   at java.base/java.util.concurrent.ThreadPoolExecutor$Worker.run(ThreadPoolExecutor.java:642)
[info]   at java.base/java.lang.Thread.run(Thread.java:1583)
[info]   Cause: java.lang.ClassCastException: Cannot cast scala.reflect.ClassTag$GenericClassTag to org.apache.spark.sql.catalyst.expressions.Expression
[info]   at java.base/java.lang.Class.cast(Class.java:4067)
[info]   at java.base/jdk.internal.reflect.DirectConstructorHandleAccessor.newInstance(DirectConstructorHandleAccessor.java:62)
[info]   at java.base/java.lang.reflect.Constructor.newInstanceWithCaller(Constructor.java:502)
[info]   at java.base/java.lang.reflect.Constructor.newInstance(Constructor.java:486)
[info]   at frameless.TypedExpressionEncoder$.$anonfun$apply$3(TypedExpressionEncoder.scala:55)
[info]   at scala.Option.map(Option.scala:242)
[info]   at frameless.TypedExpressionEncoder$.apply(TypedExpressionEncoder.scala:54)
[info]   at frameless.TypedDataset$.create(TypedDataset.scala:1325)
[info]   at frameless.functions.NonAggregateFunctionsTests.$anonfun$new$1358(NonAggregateFunctionsTests.scala:2015)
[info]   at scala.Function1.$anonfun$andThen$1(Function1.scala:87)
[info]   at org.scalacheck.Prop$.$anonfun$forAllShrink$2(Prop.scala:868)
[info]   at org.scalacheck.Prop$.secure(Prop.scala:484)
[info]   at org.scalacheck.Prop$.result$1(Prop.scala:868)
[info]   at org.scalacheck.Prop$.$anonfun$forAllShrink$1(Prop.scala:915)
[info]   at org.scalacheck.Prop$.$anonfun$apply$1(Prop.scala:305)
[info]   at org.scalacheck.PropFromFun.apply(Prop.scala:20)
[info]   at org.scalacheck.Test$.workerFun$1(Test.scala:486)
[info]   at org.scalacheck.Test$.$anonfun$check$4(Test.scala:518)
[info]   at org.scalacheck.Test$.$anonfun$check$4$adapted(Test.scala:518)
[info]   at org.scalacheck.Platform$.runWorkers(Platform.scala:42)
[info]   at org.scalacheck.Test$.check(Test.scala:518)
[info]   at org.scalatestplus.scalacheck.UnitCheckerAsserting$CheckerAssertingImpl.check(CheckerAsserting.scala:90)
[info]   at org.scalatestplus.scalacheck.Checkers.check(Checkers.scala:371)
[info]   at org.scalatestplus.scalacheck.Checkers.check$(Checkers.scala:369)
[info]   at frameless.TypedDatasetSuite.check(TypedDatasetSuite.scala:63)
[info]   at frameless.functions.NonAggregateFunctionsTests.$anonfun$new$1357(NonAggregateFunctionsTests.scala:2014)
[info]   at org.scalatest.OutcomeOf.outcomeOf(OutcomeOf.scala:85)
[info]   at org.scalatest.OutcomeOf.outcomeOf$(OutcomeOf.scala:83)
[info]   at org.scalatest.OutcomeOf$.outcomeOf(OutcomeOf.scala:104)
[info]   at org.scalatest.Transformer.apply(Transformer.scala:22)
[info]   at org.scalatest.Transformer.apply(Transformer.scala:20)
[info]   at org.scalatest.funsuite.AnyFunSuiteLike$$anon$1.apply(AnyFunSuiteLike.scala:226)
[info]   at org.scalatest.TestSuite.withFixture(TestSuite.scala:196)
[info]   at org.scalatest.TestSuite.withFixture$(TestSuite.scala:195)
[info]   at org.scalatest.funsuite.AnyFunSuite.withFixture(AnyFunSuite.scala:1564)
[info]   at org.scalatest.funsuite.AnyFunSuiteLike.invokeWithFixture$1(AnyFunSuiteLike.scala:224)
[info]   at org.scalatest.funsuite.AnyFunSuiteLike.$anonfun$runTest$1(AnyFunSuiteLike.scala:236)
[info]   at org.scalatest.SuperEngine.runTestImpl(Engine.scala:306)
[info]   at org.scalatest.funsuite.AnyFunSuiteLike.runTest(AnyFunSuiteLike.scala:236)
[info]   at org.scalatest.funsuite.AnyFunSuiteLike.runTest$(AnyFunSuiteLike.scala:218)
[info]   at org.scalatest.funsuite.AnyFunSuite.runTest(AnyFunSuite.scala:1564)
[info]   at org.scalatest.funsuite.AnyFunSuiteLike.$anonfun$runTests$1(AnyFunSuiteLike.scala:269)
[info]   at org.scalatest.SuperEngine.$anonfun$runTestsInBranch$1(Engine.scala:413)
[info]   at scala.collection.immutable.List.foreach(List.scala:334)
[info]   at org.scalatest.SuperEngine.traverseSubNodes$1(Engine.scala:401)
[info]   at org.scalatest.SuperEngine.runTestsInBranch(Engine.scala:396)
[info]   at org.scalatest.SuperEngine.runTestsImpl(Engine.scala:475)
[info]   at org.scalatest.funsuite.AnyFunSuiteLike.runTests(AnyFunSuiteLike.scala:269)
[info]   at org.scalatest.funsuite.AnyFunSuiteLike.runTests$(AnyFunSuiteLike.scala:268)
[info]   at org.scalatest.funsuite.AnyFunSuite.runTests(AnyFunSuite.scala:1564)
[info]   at org.scalatest.Suite.run(Suite.scala:1114)
[info]   at org.scalatest.Suite.run$(Suite.scala:1096)
[info]   at org.scalatest.funsuite.AnyFunSuite.org$scalatest$funsuite$AnyFunSuiteLike$$super$run(AnyFunSuite.scala:1564)
[info]   at org.scalatest.funsuite.AnyFunSuiteLike.$anonfun$run$1(AnyFunSuiteLike.scala:273)
[info]   at org.scalatest.SuperEngine.runImpl(Engine.scala:535)
[info]   at org.scalatest.funsuite.AnyFunSuiteLike.run(AnyFunSuiteLike.scala:273)
[info]   at org.scalatest.funsuite.AnyFunSuiteLike.run$(AnyFunSuiteLike.scala:272)
[info]   at frameless.TypedDatasetSuite.org$scalatest$BeforeAndAfterAll$$super$run(TypedDatasetSuite.scala:63)
[info]   at org.scalatest.BeforeAndAfterAll.liftedTree1$1(BeforeAndAfterAll.scala:213)
[info]   at org.scalatest.BeforeAndAfterAll.run(BeforeAndAfterAll.scala:210)
[info]   at org.scalatest.BeforeAndAfterAll.run$(BeforeAndAfterAll.scala:208)
[info]   at frameless.TypedDatasetSuite.run(TypedDatasetSuite.scala:63)
[info]   at org.scalatest.tools.Framework.org$scalatest$tools$Framework$$runSuite(Framework.scala:321)
[info]   at org.scalatest.tools.Framework$ScalaTestTask.execute(Framework.scala:517)
[info]   at sbt.ForkMain$Run.lambda$runTest$1(ForkMain.java:414)
[info]   at java.base/java.util.concurrent.FutureTask.run(FutureTask.java:317)
[info]   at java.base/java.util.concurrent.ThreadPoolExecutor.runWorker(ThreadPoolExecutor.java:1144)
[info]   at java.base/java.util.concurrent.ThreadPoolExecutor$Worker.run(ThreadPoolExecutor.java:642)
[info]   at java.base/java.lang.Thread.run(Thread.java:1583)
[info] - rpad *** FAILED *** (1 millisecond)
[info]   IllegalArgumentException was thrown during property evaluation.
[info]     Message: argument type mismatch
[info]     Occurred when passed generated values (
[info]       arg0 = List()
[info]     )
[info]   org.scalatest.exceptions.GeneratorDrivenPropertyCheckFailedException:
[info]   at org.scalatestplus.scalacheck.CheckerAsserting$$anon$2.indicateFailure(CheckerAsserting.scala:251)
[info]   at org.scalatestplus.scalacheck.CheckerAsserting$$anon$2.indicateFailure(CheckerAsserting.scala:238)
[info]   at org.scalatestplus.scalacheck.UnitCheckerAsserting$CheckerAssertingImpl.check(CheckerAsserting.scala:160)
[info]   at org.scalatestplus.scalacheck.Checkers.check(Checkers.scala:371)
[info]   at org.scalatestplus.scalacheck.Checkers.check$(Checkers.scala:369)
[info]   at frameless.TypedDatasetSuite.check(TypedDatasetSuite.scala:63)
[info]   at frameless.functions.NonAggregateFunctionsTests.$anonfun$new$1373(NonAggregateFunctionsTests.scala:2036)
[info]   at org.scalatest.OutcomeOf.outcomeOf(OutcomeOf.scala:85)
[info]   at org.scalatest.OutcomeOf.outcomeOf$(OutcomeOf.scala:83)
[info]   at org.scalatest.OutcomeOf$.outcomeOf(OutcomeOf.scala:104)
[info]   at org.scalatest.Transformer.apply(Transformer.scala:22)
[info]   at org.scalatest.Transformer.apply(Transformer.scala:20)
[info]   at org.scalatest.funsuite.AnyFunSuiteLike$$anon$1.apply(AnyFunSuiteLike.scala:226)
[info]   at org.scalatest.TestSuite.withFixture(TestSuite.scala:196)
[info]   at org.scalatest.TestSuite.withFixture$(TestSuite.scala:195)
[info]   at org.scalatest.funsuite.AnyFunSuite.withFixture(AnyFunSuite.scala:1564)
[info]   at org.scalatest.funsuite.AnyFunSuiteLike.invokeWithFixture$1(AnyFunSuiteLike.scala:224)
[info]   at org.scalatest.funsuite.AnyFunSuiteLike.$anonfun$runTest$1(AnyFunSuiteLike.scala:236)
[info]   at org.scalatest.SuperEngine.runTestImpl(Engine.scala:306)
[info]   at org.scalatest.funsuite.AnyFunSuiteLike.runTest(AnyFunSuiteLike.scala:236)
[info]   at org.scalatest.funsuite.AnyFunSuiteLike.runTest$(AnyFunSuiteLike.scala:218)
[info]   at org.scalatest.funsuite.AnyFunSuite.runTest(AnyFunSuite.scala:1564)
[info]   at org.scalatest.funsuite.AnyFunSuiteLike.$anonfun$runTests$1(AnyFunSuiteLike.scala:269)
[info]   at org.scalatest.SuperEngine.$anonfun$runTestsInBranch$1(Engine.scala:413)
[info]   at scala.collection.immutable.List.foreach(List.scala:334)
[info]   at org.scalatest.SuperEngine.traverseSubNodes$1(Engine.scala:401)
[info]   at org.scalatest.SuperEngine.runTestsInBranch(Engine.scala:396)
[info]   at org.scalatest.SuperEngine.runTestsImpl(Engine.scala:475)
[info]   at org.scalatest.funsuite.AnyFunSuiteLike.runTests(AnyFunSuiteLike.scala:269)
[info]   at org.scalatest.funsuite.AnyFunSuiteLike.runTests$(AnyFunSuiteLike.scala:268)
[info]   at org.scalatest.funsuite.AnyFunSuite.runTests(AnyFunSuite.scala:1564)
[info]   at org.scalatest.Suite.run(Suite.scala:1114)
[info]   at org.scalatest.Suite.run$(Suite.scala:1096)
[info]   at org.scalatest.funsuite.AnyFunSuite.org$scalatest$funsuite$AnyFunSuiteLike$$super$run(AnyFunSuite.scala:1564)
[info]   at org.scalatest.funsuite.AnyFunSuiteLike.$anonfun$run$1(AnyFunSuiteLike.scala:273)
[info]   at org.scalatest.SuperEngine.runImpl(Engine.scala:535)
[info]   at org.scalatest.funsuite.AnyFunSuiteLike.run(AnyFunSuiteLike.scala:273)
[info]   at org.scalatest.funsuite.AnyFunSuiteLike.run$(AnyFunSuiteLike.scala:272)
[info]   at frameless.TypedDatasetSuite.org$scalatest$BeforeAndAfterAll$$super$run(TypedDatasetSuite.scala:63)
[info]   at org.scalatest.BeforeAndAfterAll.liftedTree1$1(BeforeAndAfterAll.scala:213)
[info]   at org.scalatest.BeforeAndAfterAll.run(BeforeAndAfterAll.scala:210)
[info]   at org.scalatest.BeforeAndAfterAll.run$(BeforeAndAfterAll.scala:208)
[info]   at frameless.TypedDatasetSuite.run(TypedDatasetSuite.scala:63)
[info]   at org.scalatest.tools.Framework.org$scalatest$tools$Framework$$runSuite(Framework.scala:321)
[info]   at org.scalatest.tools.Framework$ScalaTestTask.execute(Framework.scala:517)
[info]   at sbt.ForkMain$Run.lambda$runTest$1(ForkMain.java:414)
[info]   at java.base/java.util.concurrent.FutureTask.run(FutureTask.java:317)
[info]   at java.base/java.util.concurrent.ThreadPoolExecutor.runWorker(ThreadPoolExecutor.java:1144)
[info]   at java.base/java.util.concurrent.ThreadPoolExecutor$Worker.run(ThreadPoolExecutor.java:642)
[info]   at java.base/java.lang.Thread.run(Thread.java:1583)
[info]   Cause: java.lang.IllegalArgumentException: argument type mismatch
[info]   at java.base/jdk.internal.reflect.DirectConstructorHandleAccessor.newInstance(DirectConstructorHandleAccessor.java:65)
[info]   at java.base/java.lang.reflect.Constructor.newInstanceWithCaller(Constructor.java:502)
[info]   at java.base/java.lang.reflect.Constructor.newInstance(Constructor.java:486)
[info]   at frameless.TypedExpressionEncoder$.$anonfun$apply$3(TypedExpressionEncoder.scala:55)
[info]   at scala.Option.map(Option.scala:242)
[info]   at frameless.TypedExpressionEncoder$.apply(TypedExpressionEncoder.scala:54)
[info]   at frameless.TypedDataset$.create(TypedDataset.scala:1325)
[info]   at frameless.functions.NonAggregateFunctionsTests.$anonfun$new$1374(NonAggregateFunctionsTests.scala:2037)
[info]   at scala.Function1.$anonfun$andThen$1(Function1.scala:87)
[info]   at org.scalacheck.Prop$.$anonfun$forAllShrink$2(Prop.scala:868)
[info]   at org.scalacheck.Prop$.secure(Prop.scala:484)
[info]   at org.scalacheck.Prop$.result$1(Prop.scala:868)
[info]   at org.scalacheck.Prop$.$anonfun$forAllShrink$1(Prop.scala:915)
[info]   at org.scalacheck.Prop$.$anonfun$apply$1(Prop.scala:305)
[info]   at org.scalacheck.PropFromFun.apply(Prop.scala:20)
[info]   at org.scalacheck.Test$.workerFun$1(Test.scala:486)
[info]   at org.scalacheck.Test$.$anonfun$check$4(Test.scala:518)
[info]   at org.scalacheck.Test$.$anonfun$check$4$adapted(Test.scala:518)
[info]   at org.scalacheck.Platform$.runWorkers(Platform.scala:42)
[info]   at org.scalacheck.Test$.check(Test.scala:518)
[info]   at org.scalatestplus.scalacheck.UnitCheckerAsserting$CheckerAssertingImpl.check(CheckerAsserting.scala:90)
[info]   at org.scalatestplus.scalacheck.Checkers.check(Checkers.scala:371)
[info]   at org.scalatestplus.scalacheck.Checkers.check$(Checkers.scala:369)
[info]   at frameless.TypedDatasetSuite.check(TypedDatasetSuite.scala:63)
[info]   at frameless.functions.NonAggregateFunctionsTests.$anonfun$new$1373(NonAggregateFunctionsTests.scala:2036)
[info]   at org.scalatest.OutcomeOf.outcomeOf(OutcomeOf.scala:85)
[info]   at org.scalatest.OutcomeOf.outcomeOf$(OutcomeOf.scala:83)
[info]   at org.scalatest.OutcomeOf$.outcomeOf(OutcomeOf.scala:104)
[info]   at org.scalatest.Transformer.apply(Transformer.scala:22)
[info]   at org.scalatest.Transformer.apply(Transformer.scala:20)
[info]   at org.scalatest.funsuite.AnyFunSuiteLike$$anon$1.apply(AnyFunSuiteLike.scala:226)
[info]   at org.scalatest.TestSuite.withFixture(TestSuite.scala:196)
[info]   at org.scalatest.TestSuite.withFixture$(TestSuite.scala:195)
[info]   at org.scalatest.funsuite.AnyFunSuite.withFixture(AnyFunSuite.scala:1564)
[info]   at org.scalatest.funsuite.AnyFunSuiteLike.invokeWithFixture$1(AnyFunSuiteLike.scala:224)
[info]   at org.scalatest.funsuite.AnyFunSuiteLike.$anonfun$runTest$1(AnyFunSuiteLike.scala:236)
[info]   at org.scalatest.SuperEngine.runTestImpl(Engine.scala:306)
[info]   at org.scalatest.funsuite.AnyFunSuiteLike.runTest(AnyFunSuiteLike.scala:236)
[info]   at org.scalatest.funsuite.AnyFunSuiteLike.runTest$(AnyFunSuiteLike.scala:218)
[info]   at org.scalatest.funsuite.AnyFunSuite.runTest(AnyFunSuite.scala:1564)
[info]   at org.scalatest.funsuite.AnyFunSuiteLike.$anonfun$runTests$1(AnyFunSuiteLike.scala:269)
[info]   at org.scalatest.SuperEngine.$anonfun$runTestsInBranch$1(Engine.scala:413)
[info]   at scala.collection.immutable.List.foreach(List.scala:334)
[info]   at org.scalatest.SuperEngine.traverseSubNodes$1(Engine.scala:401)
[info]   at org.scalatest.SuperEngine.runTestsInBranch(Engine.scala:396)
[info]   at org.scalatest.SuperEngine.runTestsImpl(Engine.scala:475)
[info]   at org.scalatest.funsuite.AnyFunSuiteLike.runTests(AnyFunSuiteLike.scala:269)
[info]   at org.scalatest.funsuite.AnyFunSuiteLike.runTests$(AnyFunSuiteLike.scala:268)
[info]   at org.scalatest.funsuite.AnyFunSuite.runTests(AnyFunSuite.scala:1564)
[info]   at org.scalatest.Suite.run(Suite.scala:1114)
[info]   at org.scalatest.Suite.run$(Suite.scala:1096)
[info]   at org.scalatest.funsuite.AnyFunSuite.org$scalatest$funsuite$AnyFunSuiteLike$$super$run(AnyFunSuite.scala:1564)
[info]   at org.scalatest.funsuite.AnyFunSuiteLike.$anonfun$run$1(AnyFunSuiteLike.scala:273)
[info]   at org.scalatest.SuperEngine.runImpl(Engine.scala:535)
[info]   at org.scalatest.funsuite.AnyFunSuiteLike.run(AnyFunSuiteLike.scala:273)
[info]   at org.scalatest.funsuite.AnyFunSuiteLike.run$(AnyFunSuiteLike.scala:272)
[info]   at frameless.TypedDatasetSuite.org$scalatest$BeforeAndAfterAll$$super$run(TypedDatasetSuite.scala:63)
[info]   at org.scalatest.BeforeAndAfterAll.liftedTree1$1(BeforeAndAfterAll.scala:213)
[info]   at org.scalatest.BeforeAndAfterAll.run(BeforeAndAfterAll.scala:210)
[info]   at org.scalatest.BeforeAndAfterAll.run$(BeforeAndAfterAll.scala:208)
[info]   at frameless.TypedDatasetSuite.run(TypedDatasetSuite.scala:63)
[info]   at org.scalatest.tools.Framework.org$scalatest$tools$Framework$$runSuite(Framework.scala:321)
[info]   at org.scalatest.tools.Framework$ScalaTestTask.execute(Framework.scala:517)
[info]   at sbt.ForkMain$Run.lambda$runTest$1(ForkMain.java:414)
[info]   at java.base/java.util.concurrent.FutureTask.run(FutureTask.java:317)
[info]   at java.base/java.util.concurrent.ThreadPoolExecutor.runWorker(ThreadPoolExecutor.java:1144)
[info]   at java.base/java.util.concurrent.ThreadPoolExecutor$Worker.run(ThreadPoolExecutor.java:642)
[info]   at java.base/java.lang.Thread.run(Thread.java:1583)
[info]   Cause: java.lang.ClassCastException: Cannot cast scala.reflect.ClassTag$GenericClassTag to org.apache.spark.sql.catalyst.expressions.Expression
[info]   at java.base/java.lang.Class.cast(Class.java:4067)
[info]   at java.base/jdk.internal.reflect.DirectConstructorHandleAccessor.newInstance(DirectConstructorHandleAccessor.java:62)
[info]   at java.base/java.lang.reflect.Constructor.newInstanceWithCaller(Constructor.java:502)
[info]   at java.base/java.lang.reflect.Constructor.newInstance(Constructor.java:486)
[info]   at frameless.TypedExpressionEncoder$.$anonfun$apply$3(TypedExpressionEncoder.scala:55)
[info]   at scala.Option.map(Option.scala:242)
[info]   at frameless.TypedExpressionEncoder$.apply(TypedExpressionEncoder.scala:54)
[info]   at frameless.TypedDataset$.create(TypedDataset.scala:1325)
[info]   at frameless.functions.NonAggregateFunctionsTests.$anonfun$new$1374(NonAggregateFunctionsTests.scala:2037)
[info]   at scala.Function1.$anonfun$andThen$1(Function1.scala:87)
[info]   at org.scalacheck.Prop$.$anonfun$forAllShrink$2(Prop.scala:868)
[info]   at org.scalacheck.Prop$.secure(Prop.scala:484)
[info]   at org.scalacheck.Prop$.result$1(Prop.scala:868)
[info]   at org.scalacheck.Prop$.$anonfun$forAllShrink$1(Prop.scala:915)
[info]   at org.scalacheck.Prop$.$anonfun$apply$1(Prop.scala:305)
[info]   at org.scalacheck.PropFromFun.apply(Prop.scala:20)
[info]   at org.scalacheck.Test$.workerFun$1(Test.scala:486)
[info]   at org.scalacheck.Test$.$anonfun$check$4(Test.scala:518)
[info]   at org.scalacheck.Test$.$anonfun$check$4$adapted(Test.scala:518)
[info]   at org.scalacheck.Platform$.runWorkers(Platform.scala:42)
[info]   at org.scalacheck.Test$.check(Test.scala:518)
[info]   at org.scalatestplus.scalacheck.UnitCheckerAsserting$CheckerAssertingImpl.check(CheckerAsserting.scala:90)
[info]   at org.scalatestplus.scalacheck.Checkers.check(Checkers.scala:371)
[info]   at org.scalatestplus.scalacheck.Checkers.check$(Checkers.scala:369)
[info]   at frameless.TypedDatasetSuite.check(TypedDatasetSuite.scala:63)
[info]   at frameless.functions.NonAggregateFunctionsTests.$anonfun$new$1373(NonAggregateFunctionsTests.scala:2036)
[info]   at org.scalatest.OutcomeOf.outcomeOf(OutcomeOf.scala:85)
[info]   at org.scalatest.OutcomeOf.outcomeOf$(OutcomeOf.scala:83)
[info]   at org.scalatest.OutcomeOf$.outcomeOf(OutcomeOf.scala:104)
[info]   at org.scalatest.Transformer.apply(Transformer.scala:22)
[info]   at org.scalatest.Transformer.apply(Transformer.scala:20)
[info]   at org.scalatest.funsuite.AnyFunSuiteLike$$anon$1.apply(AnyFunSuiteLike.scala:226)
[info]   at org.scalatest.TestSuite.withFixture(TestSuite.scala:196)
[info]   at org.scalatest.TestSuite.withFixture$(TestSuite.scala:195)
[info]   at org.scalatest.funsuite.AnyFunSuite.withFixture(AnyFunSuite.scala:1564)
[info]   at org.scalatest.funsuite.AnyFunSuiteLike.invokeWithFixture$1(AnyFunSuiteLike.scala:224)
[info]   at org.scalatest.funsuite.AnyFunSuiteLike.$anonfun$runTest$1(AnyFunSuiteLike.scala:236)
[info]   at org.scalatest.SuperEngine.runTestImpl(Engine.scala:306)
[info]   at org.scalatest.funsuite.AnyFunSuiteLike.runTest(AnyFunSuiteLike.scala:236)
[info]   at org.scalatest.funsuite.AnyFunSuiteLike.runTest$(AnyFunSuiteLike.scala:218)
[info]   at org.scalatest.funsuite.AnyFunSuite.runTest(AnyFunSuite.scala:1564)
[info]   at org.scalatest.funsuite.AnyFunSuiteLike.$anonfun$runTests$1(AnyFunSuiteLike.scala:269)
[info]   at org.scalatest.SuperEngine.$anonfun$runTestsInBranch$1(Engine.scala:413)
[info]   at scala.collection.immutable.List.foreach(List.scala:334)
[info]   at org.scalatest.SuperEngine.traverseSubNodes$1(Engine.scala:401)
[info]   at org.scalatest.SuperEngine.runTestsInBranch(Engine.scala:396)
[info]   at org.scalatest.SuperEngine.runTestsImpl(Engine.scala:475)
[info]   at org.scalatest.funsuite.AnyFunSuiteLike.runTests(AnyFunSuiteLike.scala:269)
[info]   at org.scalatest.funsuite.AnyFunSuiteLike.runTests$(AnyFunSuiteLike.scala:268)
[info]   at org.scalatest.funsuite.AnyFunSuite.runTests(AnyFunSuite.scala:1564)
[info]   at org.scalatest.Suite.run(Suite.scala:1114)
[info]   at org.scalatest.Suite.run$(Suite.scala:1096)
[info]   at org.scalatest.funsuite.AnyFunSuite.org$scalatest$funsuite$AnyFunSuiteLike$$super$run(AnyFunSuite.scala:1564)
[info]   at org.scalatest.funsuite.AnyFunSuiteLike.$anonfun$run$1(AnyFunSuiteLike.scala:273)
[info]   at org.scalatest.SuperEngine.runImpl(Engine.scala:535)
[info]   at org.scalatest.funsuite.AnyFunSuiteLike.run(AnyFunSuiteLike.scala:273)
[info]   at org.scalatest.funsuite.AnyFunSuiteLike.run$(AnyFunSuiteLike.scala:272)
[info]   at frameless.TypedDatasetSuite.org$scalatest$BeforeAndAfterAll$$super$run(TypedDatasetSuite.scala:63)
[info]   at org.scalatest.BeforeAndAfterAll.liftedTree1$1(BeforeAndAfterAll.scala:213)
[info]   at org.scalatest.BeforeAndAfterAll.run(BeforeAndAfterAll.scala:210)
[info]   at org.scalatest.BeforeAndAfterAll.run$(BeforeAndAfterAll.scala:208)
[info]   at frameless.TypedDatasetSuite.run(TypedDatasetSuite.scala:63)
[info]   at org.scalatest.tools.Framework.org$scalatest$tools$Framework$$runSuite(Framework.scala:321)
[info]   at org.scalatest.tools.Framework$ScalaTestTask.execute(Framework.scala:517)
[info]   at sbt.ForkMain$Run.lambda$runTest$1(ForkMain.java:414)
[info]   at java.base/java.util.concurrent.FutureTask.run(FutureTask.java:317)
[info]   at java.base/java.util.concurrent.ThreadPoolExecutor.runWorker(ThreadPoolExecutor.java:1144)
[info]   at java.base/java.util.concurrent.ThreadPoolExecutor$Worker.run(ThreadPoolExecutor.java:642)
[info]   at java.base/java.lang.Thread.run(Thread.java:1583)
[info] - lpad *** FAILED *** (3 milliseconds)
[info]   IllegalArgumentException was thrown during property evaluation.
[info]     Message: argument type mismatch
[info]     Occurred when passed generated values (
[info]       arg0 = List()
[info]     )
[info]   org.scalatest.exceptions.GeneratorDrivenPropertyCheckFailedException:
[info]   at org.scalatestplus.scalacheck.CheckerAsserting$$anon$2.indicateFailure(CheckerAsserting.scala:251)
[info]   at org.scalatestplus.scalacheck.CheckerAsserting$$anon$2.indicateFailure(CheckerAsserting.scala:238)
[info]   at org.scalatestplus.scalacheck.UnitCheckerAsserting$CheckerAssertingImpl.check(CheckerAsserting.scala:160)
[info]   at org.scalatestplus.scalacheck.Checkers.check(Checkers.scala:371)
[info]   at org.scalatestplus.scalacheck.Checkers.check$(Checkers.scala:369)
[info]   at frameless.TypedDatasetSuite.check(TypedDatasetSuite.scala:63)
[info]   at frameless.functions.NonAggregateFunctionsTests.$anonfun$new$1385(NonAggregateFunctionsTests.scala:2058)
[info]   at org.scalatest.OutcomeOf.outcomeOf(OutcomeOf.scala:85)
[info]   at org.scalatest.OutcomeOf.outcomeOf$(OutcomeOf.scala:83)
[info]   at org.scalatest.OutcomeOf$.outcomeOf(OutcomeOf.scala:104)
[info]   at org.scalatest.Transformer.apply(Transformer.scala:22)
[info]   at org.scalatest.Transformer.apply(Transformer.scala:20)
[info]   at org.scalatest.funsuite.AnyFunSuiteLike$$anon$1.apply(AnyFunSuiteLike.scala:226)
[info]   at org.scalatest.TestSuite.withFixture(TestSuite.scala:196)
[info]   at org.scalatest.TestSuite.withFixture$(TestSuite.scala:195)
[info]   at org.scalatest.funsuite.AnyFunSuite.withFixture(AnyFunSuite.scala:1564)
[info]   at org.scalatest.funsuite.AnyFunSuiteLike.invokeWithFixture$1(AnyFunSuiteLike.scala:224)
[info]   at org.scalatest.funsuite.AnyFunSuiteLike.$anonfun$runTest$1(AnyFunSuiteLike.scala:236)
[info]   at org.scalatest.SuperEngine.runTestImpl(Engine.scala:306)
[info]   at org.scalatest.funsuite.AnyFunSuiteLike.runTest(AnyFunSuiteLike.scala:236)
[info]   at org.scalatest.funsuite.AnyFunSuiteLike.runTest$(AnyFunSuiteLike.scala:218)
[info]   at org.scalatest.funsuite.AnyFunSuite.runTest(AnyFunSuite.scala:1564)
[info]   at org.scalatest.funsuite.AnyFunSuiteLike.$anonfun$runTests$1(AnyFunSuiteLike.scala:269)
[info]   at org.scalatest.SuperEngine.$anonfun$runTestsInBranch$1(Engine.scala:413)
[info]   at scala.collection.immutable.List.foreach(List.scala:334)
[info]   at org.scalatest.SuperEngine.traverseSubNodes$1(Engine.scala:401)
[info]   at org.scalatest.SuperEngine.runTestsInBranch(Engine.scala:396)
[info]   at org.scalatest.SuperEngine.runTestsImpl(Engine.scala:475)
[info]   at org.scalatest.funsuite.AnyFunSuiteLike.runTests(AnyFunSuiteLike.scala:269)
[info]   at org.scalatest.funsuite.AnyFunSuiteLike.runTests$(AnyFunSuiteLike.scala:268)
[info]   at org.scalatest.funsuite.AnyFunSuite.runTests(AnyFunSuite.scala:1564)
[info]   at org.scalatest.Suite.run(Suite.scala:1114)
[info]   at org.scalatest.Suite.run$(Suite.scala:1096)
[info]   at org.scalatest.funsuite.AnyFunSuite.org$scalatest$funsuite$AnyFunSuiteLike$$super$run(AnyFunSuite.scala:1564)
[info]   at org.scalatest.funsuite.AnyFunSuiteLike.$anonfun$run$1(AnyFunSuiteLike.scala:273)
[info]   at org.scalatest.SuperEngine.runImpl(Engine.scala:535)
[info]   at org.scalatest.funsuite.AnyFunSuiteLike.run(AnyFunSuiteLike.scala:273)
[info]   at org.scalatest.funsuite.AnyFunSuiteLike.run$(AnyFunSuiteLike.scala:272)
[info]   at frameless.TypedDatasetSuite.org$scalatest$BeforeAndAfterAll$$super$run(TypedDatasetSuite.scala:63)
[info]   at org.scalatest.BeforeAndAfterAll.liftedTree1$1(BeforeAndAfterAll.scala:213)
[info]   at org.scalatest.BeforeAndAfterAll.run(BeforeAndAfterAll.scala:210)
[info]   at org.scalatest.BeforeAndAfterAll.run$(BeforeAndAfterAll.scala:208)
[info]   at frameless.TypedDatasetSuite.run(TypedDatasetSuite.scala:63)
[info]   at org.scalatest.tools.Framework.org$scalatest$tools$Framework$$runSuite(Framework.scala:321)
[info]   at org.scalatest.tools.Framework$ScalaTestTask.execute(Framework.scala:517)
[info]   at sbt.ForkMain$Run.lambda$runTest$1(ForkMain.java:414)
[info]   at java.base/java.util.concurrent.FutureTask.run(FutureTask.java:317)
[info]   at java.base/java.util.concurrent.ThreadPoolExecutor.runWorker(ThreadPoolExecutor.java:1144)
[info]   at java.base/java.util.concurrent.ThreadPoolExecutor$Worker.run(ThreadPoolExecutor.java:642)
[info]   at java.base/java.lang.Thread.run(Thread.java:1583)
[info]   Cause: java.lang.IllegalArgumentException: argument type mismatch
[info]   at java.base/jdk.internal.reflect.DirectConstructorHandleAccessor.newInstance(DirectConstructorHandleAccessor.java:65)
[info]   at java.base/java.lang.reflect.Constructor.newInstanceWithCaller(Constructor.java:502)
[info]   at java.base/java.lang.reflect.Constructor.newInstance(Constructor.java:486)
[info]   at frameless.TypedExpressionEncoder$.$anonfun$apply$3(TypedExpressionEncoder.scala:55)
[info]   at scala.Option.map(Option.scala:242)
[info]   at frameless.TypedExpressionEncoder$.apply(TypedExpressionEncoder.scala:54)
[info]   at frameless.TypedDataset$.create(TypedDataset.scala:1325)
[info]   at frameless.functions.NonAggregateFunctionsTests.$anonfun$new$1386(NonAggregateFunctionsTests.scala:2059)
[info]   at scala.Function1.$anonfun$andThen$1(Function1.scala:87)
[info]   at org.scalacheck.Prop$.$anonfun$forAllShrink$2(Prop.scala:868)
[info]   at org.scalacheck.Prop$.secure(Prop.scala:484)
[info]   at org.scalacheck.Prop$.result$1(Prop.scala:868)
[info]   at org.scalacheck.Prop$.$anonfun$forAllShrink$1(Prop.scala:915)
[info]   at org.scalacheck.Prop$.$anonfun$apply$1(Prop.scala:305)
[info]   at org.scalacheck.PropFromFun.apply(Prop.scala:20)
[info]   at org.scalacheck.Test$.workerFun$1(Test.scala:486)
[info]   at org.scalacheck.Test$.$anonfun$check$4(Test.scala:518)
[info]   at org.scalacheck.Test$.$anonfun$check$4$adapted(Test.scala:518)
[info]   at org.scalacheck.Platform$.runWorkers(Platform.scala:42)
[info]   at org.scalacheck.Test$.check(Test.scala:518)
[info]   at org.scalatestplus.scalacheck.UnitCheckerAsserting$CheckerAssertingImpl.check(CheckerAsserting.scala:90)
[info]   at org.scalatestplus.scalacheck.Checkers.check(Checkers.scala:371)
[info]   at org.scalatestplus.scalacheck.Checkers.check$(Checkers.scala:369)
[info]   at frameless.TypedDatasetSuite.check(TypedDatasetSuite.scala:63)
[info]   at frameless.functions.NonAggregateFunctionsTests.$anonfun$new$1385(NonAggregateFunctionsTests.scala:2058)
[info]   at org.scalatest.OutcomeOf.outcomeOf(OutcomeOf.scala:85)
[info]   at org.scalatest.OutcomeOf.outcomeOf$(OutcomeOf.scala:83)
[info]   at org.scalatest.OutcomeOf$.outcomeOf(OutcomeOf.scala:104)
[info]   at org.scalatest.Transformer.apply(Transformer.scala:22)
[info]   at org.scalatest.Transformer.apply(Transformer.scala:20)
[info]   at org.scalatest.funsuite.AnyFunSuiteLike$$anon$1.apply(AnyFunSuiteLike.scala:226)
[info]   at org.scalatest.TestSuite.withFixture(TestSuite.scala:196)
[info]   at org.scalatest.TestSuite.withFixture$(TestSuite.scala:195)
[info]   at org.scalatest.funsuite.AnyFunSuite.withFixture(AnyFunSuite.scala:1564)
[info]   at org.scalatest.funsuite.AnyFunSuiteLike.invokeWithFixture$1(AnyFunSuiteLike.scala:224)
[info]   at org.scalatest.funsuite.AnyFunSuiteLike.$anonfun$runTest$1(AnyFunSuiteLike.scala:236)
[info]   at org.scalatest.SuperEngine.runTestImpl(Engine.scala:306)
[info]   at org.scalatest.funsuite.AnyFunSuiteLike.runTest(AnyFunSuiteLike.scala:236)
[info]   at org.scalatest.funsuite.AnyFunSuiteLike.runTest$(AnyFunSuiteLike.scala:218)
[info]   at org.scalatest.funsuite.AnyFunSuite.runTest(AnyFunSuite.scala:1564)
[info]   at org.scalatest.funsuite.AnyFunSuiteLike.$anonfun$runTests$1(AnyFunSuiteLike.scala:269)
[info]   at org.scalatest.SuperEngine.$anonfun$runTestsInBranch$1(Engine.scala:413)
[info]   at scala.collection.immutable.List.foreach(List.scala:334)
[info]   at org.scalatest.SuperEngine.traverseSubNodes$1(Engine.scala:401)
[info]   at org.scalatest.SuperEngine.runTestsInBranch(Engine.scala:396)
[info]   at org.scalatest.SuperEngine.runTestsImpl(Engine.scala:475)
[info]   at org.scalatest.funsuite.AnyFunSuiteLike.runTests(AnyFunSuiteLike.scala:269)
[info]   at org.scalatest.funsuite.AnyFunSuiteLike.runTests$(AnyFunSuiteLike.scala:268)
[info]   at org.scalatest.funsuite.AnyFunSuite.runTests(AnyFunSuite.scala:1564)
[info]   at org.scalatest.Suite.run(Suite.scala:1114)
[info]   at org.scalatest.Suite.run$(Suite.scala:1096)
[info]   at org.scalatest.funsuite.AnyFunSuite.org$scalatest$funsuite$AnyFunSuiteLike$$super$run(AnyFunSuite.scala:1564)
[info]   at org.scalatest.funsuite.AnyFunSuiteLike.$anonfun$run$1(AnyFunSuiteLike.scala:273)
[info]   at org.scalatest.SuperEngine.runImpl(Engine.scala:535)
[info]   at org.scalatest.funsuite.AnyFunSuiteLike.run(AnyFunSuiteLike.scala:273)
[info]   at org.scalatest.funsuite.AnyFunSuiteLike.run$(AnyFunSuiteLike.scala:272)
[info]   at frameless.TypedDatasetSuite.org$scalatest$BeforeAndAfterAll$$super$run(TypedDatasetSuite.scala:63)
[info]   at org.scalatest.BeforeAndAfterAll.liftedTree1$1(BeforeAndAfterAll.scala:213)
[info]   at org.scalatest.BeforeAndAfterAll.run(BeforeAndAfterAll.scala:210)
[info]   at org.scalatest.BeforeAndAfterAll.run$(BeforeAndAfterAll.scala:208)
[info]   at frameless.TypedDatasetSuite.run(TypedDatasetSuite.scala:63)
[info]   at org.scalatest.tools.Framework.org$scalatest$tools$Framework$$runSuite(Framework.scala:321)
[info]   at org.scalatest.tools.Framework$ScalaTestTask.execute(Framework.scala:517)
[info]   at sbt.ForkMain$Run.lambda$runTest$1(ForkMain.java:414)
[info]   at java.base/java.util.concurrent.FutureTask.run(FutureTask.java:317)
[info]   at java.base/java.util.concurrent.ThreadPoolExecutor.runWorker(ThreadPoolExecutor.java:1144)
[info]   at java.base/java.util.concurrent.ThreadPoolExecutor$Worker.run(ThreadPoolExecutor.java:642)
[info]   at java.base/java.lang.Thread.run(Thread.java:1583)
[info]   Cause: java.lang.ClassCastException: Cannot cast scala.reflect.ClassTag$GenericClassTag to org.apache.spark.sql.catalyst.expressions.Expression
[info]   at java.base/java.lang.Class.cast(Class.java:4067)
[info]   at java.base/jdk.internal.reflect.DirectConstructorHandleAccessor.newInstance(DirectConstructorHandleAccessor.java:62)
[info]   at java.base/java.lang.reflect.Constructor.newInstanceWithCaller(Constructor.java:502)
[info]   at java.base/java.lang.reflect.Constructor.newInstance(Constructor.java:486)
[info]   at frameless.TypedExpressionEncoder$.$anonfun$apply$3(TypedExpressionEncoder.scala:55)
[info]   at scala.Option.map(Option.scala:242)
[info]   at frameless.TypedExpressionEncoder$.apply(TypedExpressionEncoder.scala:54)
[info]   at frameless.TypedDataset$.create(TypedDataset.scala:1325)
[info]   at frameless.functions.NonAggregateFunctionsTests.$anonfun$new$1386(NonAggregateFunctionsTests.scala:2059)
[info]   at scala.Function1.$anonfun$andThen$1(Function1.scala:87)
[info]   at org.scalacheck.Prop$.$anonfun$forAllShrink$2(Prop.scala:868)
[info]   at org.scalacheck.Prop$.secure(Prop.scala:484)
[info]   at org.scalacheck.Prop$.result$1(Prop.scala:868)
[info]   at org.scalacheck.Prop$.$anonfun$forAllShrink$1(Prop.scala:915)
[info]   at org.scalacheck.Prop$.$anonfun$apply$1(Prop.scala:305)
[info]   at org.scalacheck.PropFromFun.apply(Prop.scala:20)
[info]   at org.scalacheck.Test$.workerFun$1(Test.scala:486)
[info]   at org.scalacheck.Test$.$anonfun$check$4(Test.scala:518)
[info]   at org.scalacheck.Test$.$anonfun$check$4$adapted(Test.scala:518)
[info]   at org.scalacheck.Platform$.runWorkers(Platform.scala:42)
[info]   at org.scalacheck.Test$.check(Test.scala:518)
[info]   at org.scalatestplus.scalacheck.UnitCheckerAsserting$CheckerAssertingImpl.check(CheckerAsserting.scala:90)
[info]   at org.scalatestplus.scalacheck.Checkers.check(Checkers.scala:371)
[info]   at org.scalatestplus.scalacheck.Checkers.check$(Checkers.scala:369)
[info]   at frameless.TypedDatasetSuite.check(TypedDatasetSuite.scala:63)
[info]   at frameless.functions.NonAggregateFunctionsTests.$anonfun$new$1385(NonAggregateFunctionsTests.scala:2058)
[info]   at org.scalatest.OutcomeOf.outcomeOf(OutcomeOf.scala:85)
[info]   at org.scalatest.OutcomeOf.outcomeOf$(OutcomeOf.scala:83)
[info]   at org.scalatest.OutcomeOf$.outcomeOf(OutcomeOf.scala:104)
[info]   at org.scalatest.Transformer.apply(Transformer.scala:22)
[info]   at org.scalatest.Transformer.apply(Transformer.scala:20)
[info]   at org.scalatest.funsuite.AnyFunSuiteLike$$anon$1.apply(AnyFunSuiteLike.scala:226)
[info]   at org.scalatest.TestSuite.withFixture(TestSuite.scala:196)
[info]   at org.scalatest.TestSuite.withFixture$(TestSuite.scala:195)
[info]   at org.scalatest.funsuite.AnyFunSuite.withFixture(AnyFunSuite.scala:1564)
[info]   at org.scalatest.funsuite.AnyFunSuiteLike.invokeWithFixture$1(AnyFunSuiteLike.scala:224)
[info]   at org.scalatest.funsuite.AnyFunSuiteLike.$anonfun$runTest$1(AnyFunSuiteLike.scala:236)
[info]   at org.scalatest.SuperEngine.runTestImpl(Engine.scala:306)
[info]   at org.scalatest.funsuite.AnyFunSuiteLike.runTest(AnyFunSuiteLike.scala:236)
[info]   at org.scalatest.funsuite.AnyFunSuiteLike.runTest$(AnyFunSuiteLike.scala:218)
[info]   at org.scalatest.funsuite.AnyFunSuite.runTest(AnyFunSuite.scala:1564)
[info]   at org.scalatest.funsuite.AnyFunSuiteLike.$anonfun$runTests$1(AnyFunSuiteLike.scala:269)
[info]   at org.scalatest.SuperEngine.$anonfun$runTestsInBranch$1(Engine.scala:413)
[info]   at scala.collection.immutable.List.foreach(List.scala:334)
[info]   at org.scalatest.SuperEngine.traverseSubNodes$1(Engine.scala:401)
[info]   at org.scalatest.SuperEngine.runTestsInBranch(Engine.scala:396)
[info]   at org.scalatest.SuperEngine.runTestsImpl(Engine.scala:475)
[info]   at org.scalatest.funsuite.AnyFunSuiteLike.runTests(AnyFunSuiteLike.scala:269)
[info]   at org.scalatest.funsuite.AnyFunSuiteLike.runTests$(AnyFunSuiteLike.scala:268)
[info]   at org.scalatest.funsuite.AnyFunSuite.runTests(AnyFunSuite.scala:1564)
[info]   at org.scalatest.Suite.run(Suite.scala:1114)
[info]   at org.scalatest.Suite.run$(Suite.scala:1096)
[info]   at org.scalatest.funsuite.AnyFunSuite.org$scalatest$funsuite$AnyFunSuiteLike$$super$run(AnyFunSuite.scala:1564)
[info]   at org.scalatest.funsuite.AnyFunSuiteLike.$anonfun$run$1(AnyFunSuiteLike.scala:273)
[info]   at org.scalatest.SuperEngine.runImpl(Engine.scala:535)
[info]   at org.scalatest.funsuite.AnyFunSuiteLike.run(AnyFunSuiteLike.scala:273)
[info]   at org.scalatest.funsuite.AnyFunSuiteLike.run$(AnyFunSuiteLike.scala:272)
[info]   at frameless.TypedDatasetSuite.org$scalatest$BeforeAndAfterAll$$super$run(TypedDatasetSuite.scala:63)
[info]   at org.scalatest.BeforeAndAfterAll.liftedTree1$1(BeforeAndAfterAll.scala:213)
[info]   at org.scalatest.BeforeAndAfterAll.run(BeforeAndAfterAll.scala:210)
[info]   at org.scalatest.BeforeAndAfterAll.run$(BeforeAndAfterAll.scala:208)
[info]   at frameless.TypedDatasetSuite.run(TypedDatasetSuite.scala:63)
[info]   at org.scalatest.tools.Framework.org$scalatest$tools$Framework$$runSuite(Framework.scala:321)
[info]   at org.scalatest.tools.Framework$ScalaTestTask.execute(Framework.scala:517)
[info]   at sbt.ForkMain$Run.lambda$runTest$1(ForkMain.java:414)
[info]   at java.base/java.util.concurrent.FutureTask.run(FutureTask.java:317)
[info]   at java.base/java.util.concurrent.ThreadPoolExecutor.runWorker(ThreadPoolExecutor.java:1144)
[info]   at java.base/java.util.concurrent.ThreadPoolExecutor$Worker.run(ThreadPoolExecutor.java:642)
[info]   at java.base/java.lang.Thread.run(Thread.java:1583)
[info] - rtrim *** FAILED *** (3 milliseconds)
[info]   IllegalArgumentException was thrown during property evaluation.
[info]     Message: argument type mismatch
[info]     Occurred when passed generated values (
[info]       arg0 = List()
[info]     )
[info]   org.scalatest.exceptions.GeneratorDrivenPropertyCheckFailedException:
[info]   at org.scalatestplus.scalacheck.CheckerAsserting$$anon$2.indicateFailure(CheckerAsserting.scala:251)
[info]   at org.scalatestplus.scalacheck.CheckerAsserting$$anon$2.indicateFailure(CheckerAsserting.scala:238)
[info]   at org.scalatestplus.scalacheck.UnitCheckerAsserting$CheckerAssertingImpl.check(CheckerAsserting.scala:160)
[info]   at org.scalatestplus.scalacheck.Checkers.check(Checkers.scala:371)
[info]   at org.scalatestplus.scalacheck.Checkers.check$(Checkers.scala:369)
[info]   at frameless.TypedDatasetSuite.check(TypedDatasetSuite.scala:63)
[info]   at frameless.functions.NonAggregateFunctionsTests.$anonfun$new$1397(NonAggregateFunctionsTests.scala:2080)
[info]   at org.scalatest.OutcomeOf.outcomeOf(OutcomeOf.scala:85)
[info]   at org.scalatest.OutcomeOf.outcomeOf$(OutcomeOf.scala:83)
[info]   at org.scalatest.OutcomeOf$.outcomeOf(OutcomeOf.scala:104)
[info]   at org.scalatest.Transformer.apply(Transformer.scala:22)
[info]   at org.scalatest.Transformer.apply(Transformer.scala:20)
[info]   at org.scalatest.funsuite.AnyFunSuiteLike$$anon$1.apply(AnyFunSuiteLike.scala:226)
[info]   at org.scalatest.TestSuite.withFixture(TestSuite.scala:196)
[info]   at org.scalatest.TestSuite.withFixture$(TestSuite.scala:195)
[info]   at org.scalatest.funsuite.AnyFunSuite.withFixture(AnyFunSuite.scala:1564)
[info]   at org.scalatest.funsuite.AnyFunSuiteLike.invokeWithFixture$1(AnyFunSuiteLike.scala:224)
[info]   at org.scalatest.funsuite.AnyFunSuiteLike.$anonfun$runTest$1(AnyFunSuiteLike.scala:236)
[info]   at org.scalatest.SuperEngine.runTestImpl(Engine.scala:306)
[info]   at org.scalatest.funsuite.AnyFunSuiteLike.runTest(AnyFunSuiteLike.scala:236)
[info]   at org.scalatest.funsuite.AnyFunSuiteLike.runTest$(AnyFunSuiteLike.scala:218)
[info]   at org.scalatest.funsuite.AnyFunSuite.runTest(AnyFunSuite.scala:1564)
[info]   at org.scalatest.funsuite.AnyFunSuiteLike.$anonfun$runTests$1(AnyFunSuiteLike.scala:269)
[info]   at org.scalatest.SuperEngine.$anonfun$runTestsInBranch$1(Engine.scala:413)
[info]   at scala.collection.immutable.List.foreach(List.scala:334)
[info]   at org.scalatest.SuperEngine.traverseSubNodes$1(Engine.scala:401)
[info]   at org.scalatest.SuperEngine.runTestsInBranch(Engine.scala:396)
[info]   at org.scalatest.SuperEngine.runTestsImpl(Engine.scala:475)
[info]   at org.scalatest.funsuite.AnyFunSuiteLike.runTests(AnyFunSuiteLike.scala:269)
[info]   at org.scalatest.funsuite.AnyFunSuiteLike.runTests$(AnyFunSuiteLike.scala:268)
[info]   at org.scalatest.funsuite.AnyFunSuite.runTests(AnyFunSuite.scala:1564)
[info]   at org.scalatest.Suite.run(Suite.scala:1114)
[info]   at org.scalatest.Suite.run$(Suite.scala:1096)
[info]   at org.scalatest.funsuite.AnyFunSuite.org$scalatest$funsuite$AnyFunSuiteLike$$super$run(AnyFunSuite.scala:1564)
[info]   at org.scalatest.funsuite.AnyFunSuiteLike.$anonfun$run$1(AnyFunSuiteLike.scala:273)
[info]   at org.scalatest.SuperEngine.runImpl(Engine.scala:535)
[info]   at org.scalatest.funsuite.AnyFunSuiteLike.run(AnyFunSuiteLike.scala:273)
[info]   at org.scalatest.funsuite.AnyFunSuiteLike.run$(AnyFunSuiteLike.scala:272)
[info]   at frameless.TypedDatasetSuite.org$scalatest$BeforeAndAfterAll$$super$run(TypedDatasetSuite.scala:63)
[info]   at org.scalatest.BeforeAndAfterAll.liftedTree1$1(BeforeAndAfterAll.scala:213)
[info]   at org.scalatest.BeforeAndAfterAll.run(BeforeAndAfterAll.scala:210)
[info]   at org.scalatest.BeforeAndAfterAll.run$(BeforeAndAfterAll.scala:208)
[info]   at frameless.TypedDatasetSuite.run(TypedDatasetSuite.scala:63)
[info]   at org.scalatest.tools.Framework.org$scalatest$tools$Framework$$runSuite(Framework.scala:321)
[info]   at org.scalatest.tools.Framework$ScalaTestTask.execute(Framework.scala:517)
[info]   at sbt.ForkMain$Run.lambda$runTest$1(ForkMain.java:414)
[info]   at java.base/java.util.concurrent.FutureTask.run(FutureTask.java:317)
[info]   at java.base/java.util.concurrent.ThreadPoolExecutor.runWorker(ThreadPoolExecutor.java:1144)
[info]   at java.base/java.util.concurrent.ThreadPoolExecutor$Worker.run(ThreadPoolExecutor.java:642)
[info]   at java.base/java.lang.Thread.run(Thread.java:1583)
[info]   Cause: java.lang.IllegalArgumentException: argument type mismatch
[info]   at java.base/jdk.internal.reflect.DirectConstructorHandleAccessor.newInstance(DirectConstructorHandleAccessor.java:65)
[info]   at java.base/java.lang.reflect.Constructor.newInstanceWithCaller(Constructor.java:502)
[info]   at java.base/java.lang.reflect.Constructor.newInstance(Constructor.java:486)
[info]   at frameless.TypedExpressionEncoder$.$anonfun$apply$3(TypedExpressionEncoder.scala:55)
[info]   at scala.Option.map(Option.scala:242)
[info]   at frameless.TypedExpressionEncoder$.apply(TypedExpressionEncoder.scala:54)
[info]   at frameless.TypedDataset$.create(TypedDataset.scala:1325)
[info]   at frameless.functions.NonAggregateFunctionsTests.$anonfun$new$1398(NonAggregateFunctionsTests.scala:2081)
[info]   at scala.Function1.$anonfun$andThen$1(Function1.scala:87)
[info]   at org.scalacheck.Prop$.$anonfun$forAllShrink$2(Prop.scala:868)
[info]   at org.scalacheck.Prop$.secure(Prop.scala:484)
[info]   at org.scalacheck.Prop$.result$1(Prop.scala:868)
[info]   at org.scalacheck.Prop$.$anonfun$forAllShrink$1(Prop.scala:915)
[info]   at org.scalacheck.Prop$.$anonfun$apply$1(Prop.scala:305)
[info]   at org.scalacheck.PropFromFun.apply(Prop.scala:20)
[info]   at org.scalacheck.Test$.workerFun$1(Test.scala:486)
[info]   at org.scalacheck.Test$.$anonfun$check$4(Test.scala:518)
[info]   at org.scalacheck.Test$.$anonfun$check$4$adapted(Test.scala:518)
[info]   at org.scalacheck.Platform$.runWorkers(Platform.scala:42)
[info]   at org.scalacheck.Test$.check(Test.scala:518)
[info]   at org.scalatestplus.scalacheck.UnitCheckerAsserting$CheckerAssertingImpl.check(CheckerAsserting.scala:90)
[info]   at org.scalatestplus.scalacheck.Checkers.check(Checkers.scala:371)
[info]   at org.scalatestplus.scalacheck.Checkers.check$(Checkers.scala:369)
[info]   at frameless.TypedDatasetSuite.check(TypedDatasetSuite.scala:63)
[info]   at frameless.functions.NonAggregateFunctionsTests.$anonfun$new$1397(NonAggregateFunctionsTests.scala:2080)
[info]   at org.scalatest.OutcomeOf.outcomeOf(OutcomeOf.scala:85)
[info]   at org.scalatest.OutcomeOf.outcomeOf$(OutcomeOf.scala:83)
[info]   at org.scalatest.OutcomeOf$.outcomeOf(OutcomeOf.scala:104)
[info]   at org.scalatest.Transformer.apply(Transformer.scala:22)
[info]   at org.scalatest.Transformer.apply(Transformer.scala:20)
[info]   at org.scalatest.funsuite.AnyFunSuiteLike$$anon$1.apply(AnyFunSuiteLike.scala:226)
[info]   at org.scalatest.TestSuite.withFixture(TestSuite.scala:196)
[info]   at org.scalatest.TestSuite.withFixture$(TestSuite.scala:195)
[info]   at org.scalatest.funsuite.AnyFunSuite.withFixture(AnyFunSuite.scala:1564)
[info]   at org.scalatest.funsuite.AnyFunSuiteLike.invokeWithFixture$1(AnyFunSuiteLike.scala:224)
[info]   at org.scalatest.funsuite.AnyFunSuiteLike.$anonfun$runTest$1(AnyFunSuiteLike.scala:236)
[info]   at org.scalatest.SuperEngine.runTestImpl(Engine.scala:306)
[info]   at org.scalatest.funsuite.AnyFunSuiteLike.runTest(AnyFunSuiteLike.scala:236)
[info]   at org.scalatest.funsuite.AnyFunSuiteLike.runTest$(AnyFunSuiteLike.scala:218)
[info]   at org.scalatest.funsuite.AnyFunSuite.runTest(AnyFunSuite.scala:1564)
[info]   at org.scalatest.funsuite.AnyFunSuiteLike.$anonfun$runTests$1(AnyFunSuiteLike.scala:269)
[info]   at org.scalatest.SuperEngine.$anonfun$runTestsInBranch$1(Engine.scala:413)
[info]   at scala.collection.immutable.List.foreach(List.scala:334)
[info]   at org.scalatest.SuperEngine.traverseSubNodes$1(Engine.scala:401)
[info]   at org.scalatest.SuperEngine.runTestsInBranch(Engine.scala:396)
[info]   at org.scalatest.SuperEngine.runTestsImpl(Engine.scala:475)
[info]   at org.scalatest.funsuite.AnyFunSuiteLike.runTests(AnyFunSuiteLike.scala:269)
[info]   at org.scalatest.funsuite.AnyFunSuiteLike.runTests$(AnyFunSuiteLike.scala:268)
[info]   at org.scalatest.funsuite.AnyFunSuite.runTests(AnyFunSuite.scala:1564)
[info]   at org.scalatest.Suite.run(Suite.scala:1114)
[info]   at org.scalatest.Suite.run$(Suite.scala:1096)
[info]   at org.scalatest.funsuite.AnyFunSuite.org$scalatest$funsuite$AnyFunSuiteLike$$super$run(AnyFunSuite.scala:1564)
[info]   at org.scalatest.funsuite.AnyFunSuiteLike.$anonfun$run$1(AnyFunSuiteLike.scala:273)
[info]   at org.scalatest.SuperEngine.runImpl(Engine.scala:535)
[info]   at org.scalatest.funsuite.AnyFunSuiteLike.run(AnyFunSuiteLike.scala:273)
[info]   at org.scalatest.funsuite.AnyFunSuiteLike.run$(AnyFunSuiteLike.scala:272)
[info]   at frameless.TypedDatasetSuite.org$scalatest$BeforeAndAfterAll$$super$run(TypedDatasetSuite.scala:63)
[info]   at org.scalatest.BeforeAndAfterAll.liftedTree1$1(BeforeAndAfterAll.scala:213)
[info]   at org.scalatest.BeforeAndAfterAll.run(BeforeAndAfterAll.scala:210)
[info]   at org.scalatest.BeforeAndAfterAll.run$(BeforeAndAfterAll.scala:208)
[info]   at frameless.TypedDatasetSuite.run(TypedDatasetSuite.scala:63)
[info]   at org.scalatest.tools.Framework.org$scalatest$tools$Framework$$runSuite(Framework.scala:321)
[info]   at org.scalatest.tools.Framework$ScalaTestTask.execute(Framework.scala:517)
[info]   at sbt.ForkMain$Run.lambda$runTest$1(ForkMain.java:414)
[info]   at java.base/java.util.concurrent.FutureTask.run(FutureTask.java:317)
[info]   at java.base/java.util.concurrent.ThreadPoolExecutor.runWorker(ThreadPoolExecutor.java:1144)
[info]   at java.base/java.util.concurrent.ThreadPoolExecutor$Worker.run(ThreadPoolExecutor.java:642)
[info]   at java.base/java.lang.Thread.run(Thread.java:1583)
[info]   Cause: java.lang.ClassCastException: Cannot cast scala.reflect.ClassTag$GenericClassTag to org.apache.spark.sql.catalyst.expressions.Expression
[info]   at java.base/java.lang.Class.cast(Class.java:4067)
[info]   at java.base/jdk.internal.reflect.DirectConstructorHandleAccessor.newInstance(DirectConstructorHandleAccessor.java:62)
[info]   at java.base/java.lang.reflect.Constructor.newInstanceWithCaller(Constructor.java:502)
[info]   at java.base/java.lang.reflect.Constructor.newInstance(Constructor.java:486)
[info]   at frameless.TypedExpressionEncoder$.$anonfun$apply$3(TypedExpressionEncoder.scala:55)
[info]   at scala.Option.map(Option.scala:242)
[info]   at frameless.TypedExpressionEncoder$.apply(TypedExpressionEncoder.scala:54)
[info]   at frameless.TypedDataset$.create(TypedDataset.scala:1325)
[info]   at frameless.functions.NonAggregateFunctionsTests.$anonfun$new$1398(NonAggregateFunctionsTests.scala:2081)
[info]   at scala.Function1.$anonfun$andThen$1(Function1.scala:87)
[info]   at org.scalacheck.Prop$.$anonfun$forAllShrink$2(Prop.scala:868)
[info]   at org.scalacheck.Prop$.secure(Prop.scala:484)
[info]   at org.scalacheck.Prop$.result$1(Prop.scala:868)
[info]   at org.scalacheck.Prop$.$anonfun$forAllShrink$1(Prop.scala:915)
[info]   at org.scalacheck.Prop$.$anonfun$apply$1(Prop.scala:305)
[info]   at org.scalacheck.PropFromFun.apply(Prop.scala:20)
[info]   at org.scalacheck.Test$.workerFun$1(Test.scala:486)
[info]   at org.scalacheck.Test$.$anonfun$check$4(Test.scala:518)
[info]   at org.scalacheck.Test$.$anonfun$check$4$adapted(Test.scala:518)
[info]   at org.scalacheck.Platform$.runWorkers(Platform.scala:42)
[info]   at org.scalacheck.Test$.check(Test.scala:518)
[info]   at org.scalatestplus.scalacheck.UnitCheckerAsserting$CheckerAssertingImpl.check(CheckerAsserting.scala:90)
[info]   at org.scalatestplus.scalacheck.Checkers.check(Checkers.scala:371)
[info]   at org.scalatestplus.scalacheck.Checkers.check$(Checkers.scala:369)
[info]   at frameless.TypedDatasetSuite.check(TypedDatasetSuite.scala:63)
[info]   at frameless.functions.NonAggregateFunctionsTests.$anonfun$new$1397(NonAggregateFunctionsTests.scala:2080)
[info]   at org.scalatest.OutcomeOf.outcomeOf(OutcomeOf.scala:85)
[info]   at org.scalatest.OutcomeOf.outcomeOf$(OutcomeOf.scala:83)
[info]   at org.scalatest.OutcomeOf$.outcomeOf(OutcomeOf.scala:104)
[info]   at org.scalatest.Transformer.apply(Transformer.scala:22)
[info]   at org.scalatest.Transformer.apply(Transformer.scala:20)
[info]   at org.scalatest.funsuite.AnyFunSuiteLike$$anon$1.apply(AnyFunSuiteLike.scala:226)
[info]   at org.scalatest.TestSuite.withFixture(TestSuite.scala:196)
[info]   at org.scalatest.TestSuite.withFixture$(TestSuite.scala:195)
[info]   at org.scalatest.funsuite.AnyFunSuite.withFixture(AnyFunSuite.scala:1564)
[info]   at org.scalatest.funsuite.AnyFunSuiteLike.invokeWithFixture$1(AnyFunSuiteLike.scala:224)
[info]   at org.scalatest.funsuite.AnyFunSuiteLike.$anonfun$runTest$1(AnyFunSuiteLike.scala:236)
[info]   at org.scalatest.SuperEngine.runTestImpl(Engine.scala:306)
[info]   at org.scalatest.funsuite.AnyFunSuiteLike.runTest(AnyFunSuiteLike.scala:236)
[info]   at org.scalatest.funsuite.AnyFunSuiteLike.runTest$(AnyFunSuiteLike.scala:218)
[info]   at org.scalatest.funsuite.AnyFunSuite.runTest(AnyFunSuite.scala:1564)
[info]   at org.scalatest.funsuite.AnyFunSuiteLike.$anonfun$runTests$1(AnyFunSuiteLike.scala:269)
[info]   at org.scalatest.SuperEngine.$anonfun$runTestsInBranch$1(Engine.scala:413)
[info]   at scala.collection.immutable.List.foreach(List.scala:334)
[info]   at org.scalatest.SuperEngine.traverseSubNodes$1(Engine.scala:401)
[info]   at org.scalatest.SuperEngine.runTestsInBranch(Engine.scala:396)
[info]   at org.scalatest.SuperEngine.runTestsImpl(Engine.scala:475)
[info]   at org.scalatest.funsuite.AnyFunSuiteLike.runTests(AnyFunSuiteLike.scala:269)
[info]   at org.scalatest.funsuite.AnyFunSuiteLike.runTests$(AnyFunSuiteLike.scala:268)
[info]   at org.scalatest.funsuite.AnyFunSuite.runTests(AnyFunSuite.scala:1564)
[info]   at org.scalatest.Suite.run(Suite.scala:1114)
[info]   at org.scalatest.Suite.run$(Suite.scala:1096)
[info]   at org.scalatest.funsuite.AnyFunSuite.org$scalatest$funsuite$AnyFunSuiteLike$$super$run(AnyFunSuite.scala:1564)
[info]   at org.scalatest.funsuite.AnyFunSuiteLike.$anonfun$run$1(AnyFunSuiteLike.scala:273)
[info]   at org.scalatest.SuperEngine.runImpl(Engine.scala:535)
[info]   at org.scalatest.funsuite.AnyFunSuiteLike.run(AnyFunSuiteLike.scala:273)
[info]   at org.scalatest.funsuite.AnyFunSuiteLike.run$(AnyFunSuiteLike.scala:272)
[info]   at frameless.TypedDatasetSuite.org$scalatest$BeforeAndAfterAll$$super$run(TypedDatasetSuite.scala:63)
[info]   at org.scalatest.BeforeAndAfterAll.liftedTree1$1(BeforeAndAfterAll.scala:213)
[info]   at org.scalatest.BeforeAndAfterAll.run(BeforeAndAfterAll.scala:210)
[info]   at org.scalatest.BeforeAndAfterAll.run$(BeforeAndAfterAll.scala:208)
[info]   at frameless.TypedDatasetSuite.run(TypedDatasetSuite.scala:63)
[info]   at org.scalatest.tools.Framework.org$scalatest$tools$Framework$$runSuite(Framework.scala:321)
[info]   at org.scalatest.tools.Framework$ScalaTestTask.execute(Framework.scala:517)
[info]   at sbt.ForkMain$Run.lambda$runTest$1(ForkMain.java:414)
[info]   at java.base/java.util.concurrent.FutureTask.run(FutureTask.java:317)
[info]   at java.base/java.util.concurrent.ThreadPoolExecutor.runWorker(ThreadPoolExecutor.java:1144)
[info]   at java.base/java.util.concurrent.ThreadPoolExecutor$Worker.run(ThreadPoolExecutor.java:642)
[info]   at java.base/java.lang.Thread.run(Thread.java:1583)
[info] - ltrim *** FAILED *** (1 millisecond)
[info]   IllegalArgumentException was thrown during property evaluation.
[info]     Message: argument type mismatch
[info]     Occurred when passed generated values (
[info]       arg0 = List()
[info]     )
[info]   org.scalatest.exceptions.GeneratorDrivenPropertyCheckFailedException:
[info]   at org.scalatestplus.scalacheck.CheckerAsserting$$anon$2.indicateFailure(CheckerAsserting.scala:251)
[info]   at org.scalatestplus.scalacheck.CheckerAsserting$$anon$2.indicateFailure(CheckerAsserting.scala:238)
[info]   at org.scalatestplus.scalacheck.UnitCheckerAsserting$CheckerAssertingImpl.check(CheckerAsserting.scala:160)
[info]   at org.scalatestplus.scalacheck.Checkers.check(Checkers.scala:371)
[info]   at org.scalatestplus.scalacheck.Checkers.check$(Checkers.scala:369)
[info]   at frameless.TypedDatasetSuite.check(TypedDatasetSuite.scala:63)
[info]   at frameless.functions.NonAggregateFunctionsTests.$anonfun$new$1410(NonAggregateFunctionsTests.scala:2102)
[info]   at org.scalatest.OutcomeOf.outcomeOf(OutcomeOf.scala:85)
[info]   at org.scalatest.OutcomeOf.outcomeOf$(OutcomeOf.scala:83)
[info]   at org.scalatest.OutcomeOf$.outcomeOf(OutcomeOf.scala:104)
[info]   at org.scalatest.Transformer.apply(Transformer.scala:22)
[info]   at org.scalatest.Transformer.apply(Transformer.scala:20)
[info]   at org.scalatest.funsuite.AnyFunSuiteLike$$anon$1.apply(AnyFunSuiteLike.scala:226)
[info]   at org.scalatest.TestSuite.withFixture(TestSuite.scala:196)
[info]   at org.scalatest.TestSuite.withFixture$(TestSuite.scala:195)
[info]   at org.scalatest.funsuite.AnyFunSuite.withFixture(AnyFunSuite.scala:1564)
[info]   at org.scalatest.funsuite.AnyFunSuiteLike.invokeWithFixture$1(AnyFunSuiteLike.scala:224)
[info]   at org.scalatest.funsuite.AnyFunSuiteLike.$anonfun$runTest$1(AnyFunSuiteLike.scala:236)
[info]   at org.scalatest.SuperEngine.runTestImpl(Engine.scala:306)
[info]   at org.scalatest.funsuite.AnyFunSuiteLike.runTest(AnyFunSuiteLike.scala:236)
[info]   at org.scalatest.funsuite.AnyFunSuiteLike.runTest$(AnyFunSuiteLike.scala:218)
[info]   at org.scalatest.funsuite.AnyFunSuite.runTest(AnyFunSuite.scala:1564)
[info]   at org.scalatest.funsuite.AnyFunSuiteLike.$anonfun$runTests$1(AnyFunSuiteLike.scala:269)
[info]   at org.scalatest.SuperEngine.$anonfun$runTestsInBranch$1(Engine.scala:413)
[info]   at scala.collection.immutable.List.foreach(List.scala:334)
[info]   at org.scalatest.SuperEngine.traverseSubNodes$1(Engine.scala:401)
[info]   at org.scalatest.SuperEngine.runTestsInBranch(Engine.scala:396)
[info]   at org.scalatest.SuperEngine.runTestsImpl(Engine.scala:475)
[info]   at org.scalatest.funsuite.AnyFunSuiteLike.runTests(AnyFunSuiteLike.scala:269)
[info]   at org.scalatest.funsuite.AnyFunSuiteLike.runTests$(AnyFunSuiteLike.scala:268)
[info]   at org.scalatest.funsuite.AnyFunSuite.runTests(AnyFunSuite.scala:1564)
[info]   at org.scalatest.Suite.run(Suite.scala:1114)
[info]   at org.scalatest.Suite.run$(Suite.scala:1096)
[info]   at org.scalatest.funsuite.AnyFunSuite.org$scalatest$funsuite$AnyFunSuiteLike$$super$run(AnyFunSuite.scala:1564)
[info]   at org.scalatest.funsuite.AnyFunSuiteLike.$anonfun$run$1(AnyFunSuiteLike.scala:273)
[info]   at org.scalatest.SuperEngine.runImpl(Engine.scala:535)
[info]   at org.scalatest.funsuite.AnyFunSuiteLike.run(AnyFunSuiteLike.scala:273)
[info]   at org.scalatest.funsuite.AnyFunSuiteLike.run$(AnyFunSuiteLike.scala:272)
[info]   at frameless.TypedDatasetSuite.org$scalatest$BeforeAndAfterAll$$super$run(TypedDatasetSuite.scala:63)
[info]   at org.scalatest.BeforeAndAfterAll.liftedTree1$1(BeforeAndAfterAll.scala:213)
[info]   at org.scalatest.BeforeAndAfterAll.run(BeforeAndAfterAll.scala:210)
[info]   at org.scalatest.BeforeAndAfterAll.run$(BeforeAndAfterAll.scala:208)
[info]   at frameless.TypedDatasetSuite.run(TypedDatasetSuite.scala:63)
[info]   at org.scalatest.tools.Framework.org$scalatest$tools$Framework$$runSuite(Framework.scala:321)
[info]   at org.scalatest.tools.Framework$ScalaTestTask.execute(Framework.scala:517)
[info]   at sbt.ForkMain$Run.lambda$runTest$1(ForkMain.java:414)
[info]   at java.base/java.util.concurrent.FutureTask.run(FutureTask.java:317)
[info]   at java.base/java.util.concurrent.ThreadPoolExecutor.runWorker(ThreadPoolExecutor.java:1144)
[info]   at java.base/java.util.concurrent.ThreadPoolExecutor$Worker.run(ThreadPoolExecutor.java:642)
[info]   at java.base/java.lang.Thread.run(Thread.java:1583)
[info]   Cause: java.lang.IllegalArgumentException: argument type mismatch
[info]   at java.base/jdk.internal.reflect.DirectConstructorHandleAccessor.newInstance(DirectConstructorHandleAccessor.java:65)
[info]   at java.base/java.lang.reflect.Constructor.newInstanceWithCaller(Constructor.java:502)
[info]   at java.base/java.lang.reflect.Constructor.newInstance(Constructor.java:486)
[info]   at frameless.TypedExpressionEncoder$.$anonfun$apply$3(TypedExpressionEncoder.scala:55)
[info]   at scala.Option.map(Option.scala:242)
[info]   at frameless.TypedExpressionEncoder$.apply(TypedExpressionEncoder.scala:54)
[info]   at frameless.TypedDataset$.create(TypedDataset.scala:1325)
[info]   at frameless.functions.NonAggregateFunctionsTests.$anonfun$new$1411(NonAggregateFunctionsTests.scala:2103)
[info]   at scala.Function1.$anonfun$andThen$1(Function1.scala:87)
[info]   at org.scalacheck.Prop$.$anonfun$forAllShrink$2(Prop.scala:868)
[info]   at org.scalacheck.Prop$.secure(Prop.scala:484)
[info]   at org.scalacheck.Prop$.result$1(Prop.scala:868)
[info]   at org.scalacheck.Prop$.$anonfun$forAllShrink$1(Prop.scala:915)
[info]   at org.scalacheck.Prop$.$anonfun$apply$1(Prop.scala:305)
[info]   at org.scalacheck.PropFromFun.apply(Prop.scala:20)
[info]   at org.scalacheck.Test$.workerFun$1(Test.scala:486)
[info]   at org.scalacheck.Test$.$anonfun$check$4(Test.scala:518)
[info]   at org.scalacheck.Test$.$anonfun$check$4$adapted(Test.scala:518)
[info]   at org.scalacheck.Platform$.runWorkers(Platform.scala:42)
[info]   at org.scalacheck.Test$.check(Test.scala:518)
[info]   at org.scalatestplus.scalacheck.UnitCheckerAsserting$CheckerAssertingImpl.check(CheckerAsserting.scala:90)
[info]   at org.scalatestplus.scalacheck.Checkers.check(Checkers.scala:371)
[info]   at org.scalatestplus.scalacheck.Checkers.check$(Checkers.scala:369)
[info]   at frameless.TypedDatasetSuite.check(TypedDatasetSuite.scala:63)
[info]   at frameless.functions.NonAggregateFunctionsTests.$anonfun$new$1410(NonAggregateFunctionsTests.scala:2102)
[info]   at org.scalatest.OutcomeOf.outcomeOf(OutcomeOf.scala:85)
[info]   at org.scalatest.OutcomeOf.outcomeOf$(OutcomeOf.scala:83)
[info]   at org.scalatest.OutcomeOf$.outcomeOf(OutcomeOf.scala:104)
[info]   at org.scalatest.Transformer.apply(Transformer.scala:22)
[info]   at org.scalatest.Transformer.apply(Transformer.scala:20)
[info]   at org.scalatest.funsuite.AnyFunSuiteLike$$anon$1.apply(AnyFunSuiteLike.scala:226)
[info]   at org.scalatest.TestSuite.withFixture(TestSuite.scala:196)
[info]   at org.scalatest.TestSuite.withFixture$(TestSuite.scala:195)
[info]   at org.scalatest.funsuite.AnyFunSuite.withFixture(AnyFunSuite.scala:1564)
[info]   at org.scalatest.funsuite.AnyFunSuiteLike.invokeWithFixture$1(AnyFunSuiteLike.scala:224)
[info]   at org.scalatest.funsuite.AnyFunSuiteLike.$anonfun$runTest$1(AnyFunSuiteLike.scala:236)
[info]   at org.scalatest.SuperEngine.runTestImpl(Engine.scala:306)
[info]   at org.scalatest.funsuite.AnyFunSuiteLike.runTest(AnyFunSuiteLike.scala:236)
[info]   at org.scalatest.funsuite.AnyFunSuiteLike.runTest$(AnyFunSuiteLike.scala:218)
[info]   at org.scalatest.funsuite.AnyFunSuite.runTest(AnyFunSuite.scala:1564)
[info]   at org.scalatest.funsuite.AnyFunSuiteLike.$anonfun$runTests$1(AnyFunSuiteLike.scala:269)
[info]   at org.scalatest.SuperEngine.$anonfun$runTestsInBranch$1(Engine.scala:413)
[info]   at scala.collection.immutable.List.foreach(List.scala:334)
[info]   at org.scalatest.SuperEngine.traverseSubNodes$1(Engine.scala:401)
[info]   at org.scalatest.SuperEngine.runTestsInBranch(Engine.scala:396)
[info]   at org.scalatest.SuperEngine.runTestsImpl(Engine.scala:475)
[info]   at org.scalatest.funsuite.AnyFunSuiteLike.runTests(AnyFunSuiteLike.scala:269)
[info]   at org.scalatest.funsuite.AnyFunSuiteLike.runTests$(AnyFunSuiteLike.scala:268)
[info]   at org.scalatest.funsuite.AnyFunSuite.runTests(AnyFunSuite.scala:1564)
[info]   at org.scalatest.Suite.run(Suite.scala:1114)
[info]   at org.scalatest.Suite.run$(Suite.scala:1096)
[info]   at org.scalatest.funsuite.AnyFunSuite.org$scalatest$funsuite$AnyFunSuiteLike$$super$run(AnyFunSuite.scala:1564)
[info]   at org.scalatest.funsuite.AnyFunSuiteLike.$anonfun$run$1(AnyFunSuiteLike.scala:273)
[info]   at org.scalatest.SuperEngine.runImpl(Engine.scala:535)
[info]   at org.scalatest.funsuite.AnyFunSuiteLike.run(AnyFunSuiteLike.scala:273)
[info]   at org.scalatest.funsuite.AnyFunSuiteLike.run$(AnyFunSuiteLike.scala:272)
[info]   at frameless.TypedDatasetSuite.org$scalatest$BeforeAndAfterAll$$super$run(TypedDatasetSuite.scala:63)
[info]   at org.scalatest.BeforeAndAfterAll.liftedTree1$1(BeforeAndAfterAll.scala:213)
[info]   at org.scalatest.BeforeAndAfterAll.run(BeforeAndAfterAll.scala:210)
[info]   at org.scalatest.BeforeAndAfterAll.run$(BeforeAndAfterAll.scala:208)
[info]   at frameless.TypedDatasetSuite.run(TypedDatasetSuite.scala:63)
[info]   at org.scalatest.tools.Framework.org$scalatest$tools$Framework$$runSuite(Framework.scala:321)
[info]   at org.scalatest.tools.Framework$ScalaTestTask.execute(Framework.scala:517)
[info]   at sbt.ForkMain$Run.lambda$runTest$1(ForkMain.java:414)
[info]   at java.base/java.util.concurrent.FutureTask.run(FutureTask.java:317)
[info]   at java.base/java.util.concurrent.ThreadPoolExecutor.runWorker(ThreadPoolExecutor.java:1144)
[info]   at java.base/java.util.concurrent.ThreadPoolExecutor$Worker.run(ThreadPoolExecutor.java:642)
[info]   at java.base/java.lang.Thread.run(Thread.java:1583)
[info]   Cause: java.lang.ClassCastException: Cannot cast scala.reflect.ClassTag$GenericClassTag to org.apache.spark.sql.catalyst.expressions.Expression
[info]   at java.base/java.lang.Class.cast(Class.java:4067)
[info]   at java.base/jdk.internal.reflect.DirectConstructorHandleAccessor.newInstance(DirectConstructorHandleAccessor.java:62)
[info]   at java.base/java.lang.reflect.Constructor.newInstanceWithCaller(Constructor.java:502)
[info]   at java.base/java.lang.reflect.Constructor.newInstance(Constructor.java:486)
[info]   at frameless.TypedExpressionEncoder$.$anonfun$apply$3(TypedExpressionEncoder.scala:55)
[info]   at scala.Option.map(Option.scala:242)
[info]   at frameless.TypedExpressionEncoder$.apply(TypedExpressionEncoder.scala:54)
[info]   at frameless.TypedDataset$.create(TypedDataset.scala:1325)
[info]   at frameless.functions.NonAggregateFunctionsTests.$anonfun$new$1411(NonAggregateFunctionsTests.scala:2103)
[info]   at scala.Function1.$anonfun$andThen$1(Function1.scala:87)
[info]   at org.scalacheck.Prop$.$anonfun$forAllShrink$2(Prop.scala:868)
[info]   at org.scalacheck.Prop$.secure(Prop.scala:484)
[info]   at org.scalacheck.Prop$.result$1(Prop.scala:868)
[info]   at org.scalacheck.Prop$.$anonfun$forAllShrink$1(Prop.scala:915)
[info]   at org.scalacheck.Prop$.$anonfun$apply$1(Prop.scala:305)
[info]   at org.scalacheck.PropFromFun.apply(Prop.scala:20)
[info]   at org.scalacheck.Test$.workerFun$1(Test.scala:486)
[info]   at org.scalacheck.Test$.$anonfun$check$4(Test.scala:518)
[info]   at org.scalacheck.Test$.$anonfun$check$4$adapted(Test.scala:518)
[info]   at org.scalacheck.Platform$.runWorkers(Platform.scala:42)
[info]   at org.scalacheck.Test$.check(Test.scala:518)
[info]   at org.scalatestplus.scalacheck.UnitCheckerAsserting$CheckerAssertingImpl.check(CheckerAsserting.scala:90)
[info]   at org.scalatestplus.scalacheck.Checkers.check(Checkers.scala:371)
[info]   at org.scalatestplus.scalacheck.Checkers.check$(Checkers.scala:369)
[info]   at frameless.TypedDatasetSuite.check(TypedDatasetSuite.scala:63)
[info]   at frameless.functions.NonAggregateFunctionsTests.$anonfun$new$1410(NonAggregateFunctionsTests.scala:2102)
[info]   at org.scalatest.OutcomeOf.outcomeOf(OutcomeOf.scala:85)
[info]   at org.scalatest.OutcomeOf.outcomeOf$(OutcomeOf.scala:83)
[info]   at org.scalatest.OutcomeOf$.outcomeOf(OutcomeOf.scala:104)
[info]   at org.scalatest.Transformer.apply(Transformer.scala:22)
[info]   at org.scalatest.Transformer.apply(Transformer.scala:20)
[info]   at org.scalatest.funsuite.AnyFunSuiteLike$$anon$1.apply(AnyFunSuiteLike.scala:226)
[info]   at org.scalatest.TestSuite.withFixture(TestSuite.scala:196)
[info]   at org.scalatest.TestSuite.withFixture$(TestSuite.scala:195)
[info]   at org.scalatest.funsuite.AnyFunSuite.withFixture(AnyFunSuite.scala:1564)
[info]   at org.scalatest.funsuite.AnyFunSuiteLike.invokeWithFixture$1(AnyFunSuiteLike.scala:224)
[info]   at org.scalatest.funsuite.AnyFunSuiteLike.$anonfun$runTest$1(AnyFunSuiteLike.scala:236)
[info]   at org.scalatest.SuperEngine.runTestImpl(Engine.scala:306)
[info]   at org.scalatest.funsuite.AnyFunSuiteLike.runTest(AnyFunSuiteLike.scala:236)
[info]   at org.scalatest.funsuite.AnyFunSuiteLike.runTest$(AnyFunSuiteLike.scala:218)
[info]   at org.scalatest.funsuite.AnyFunSuite.runTest(AnyFunSuite.scala:1564)
[info]   at org.scalatest.funsuite.AnyFunSuiteLike.$anonfun$runTests$1(AnyFunSuiteLike.scala:269)
[info]   at org.scalatest.SuperEngine.$anonfun$runTestsInBranch$1(Engine.scala:413)
[info]   at scala.collection.immutable.List.foreach(List.scala:334)
[info]   at org.scalatest.SuperEngine.traverseSubNodes$1(Engine.scala:401)
[info]   at org.scalatest.SuperEngine.runTestsInBranch(Engine.scala:396)
[info]   at org.scalatest.SuperEngine.runTestsImpl(Engine.scala:475)
[info]   at org.scalatest.funsuite.AnyFunSuiteLike.runTests(AnyFunSuiteLike.scala:269)
[info]   at org.scalatest.funsuite.AnyFunSuiteLike.runTests$(AnyFunSuiteLike.scala:268)
[info]   at org.scalatest.funsuite.AnyFunSuite.runTests(AnyFunSuite.scala:1564)
[info]   at org.scalatest.Suite.run(Suite.scala:1114)
[info]   at org.scalatest.Suite.run$(Suite.scala:1096)
[info]   at org.scalatest.funsuite.AnyFunSuite.org$scalatest$funsuite$AnyFunSuiteLike$$super$run(AnyFunSuite.scala:1564)
[info]   at org.scalatest.funsuite.AnyFunSuiteLike.$anonfun$run$1(AnyFunSuiteLike.scala:273)
[info]   at org.scalatest.SuperEngine.runImpl(Engine.scala:535)
[info]   at org.scalatest.funsuite.AnyFunSuiteLike.run(AnyFunSuiteLike.scala:273)
[info]   at org.scalatest.funsuite.AnyFunSuiteLike.run$(AnyFunSuiteLike.scala:272)
[info]   at frameless.TypedDatasetSuite.org$scalatest$BeforeAndAfterAll$$super$run(TypedDatasetSuite.scala:63)
[info]   at org.scalatest.BeforeAndAfterAll.liftedTree1$1(BeforeAndAfterAll.scala:213)
[info]   at org.scalatest.BeforeAndAfterAll.run(BeforeAndAfterAll.scala:210)
[info]   at org.scalatest.BeforeAndAfterAll.run$(BeforeAndAfterAll.scala:208)
[info]   at frameless.TypedDatasetSuite.run(TypedDatasetSuite.scala:63)
[info]   at org.scalatest.tools.Framework.org$scalatest$tools$Framework$$runSuite(Framework.scala:321)
[info]   at org.scalatest.tools.Framework$ScalaTestTask.execute(Framework.scala:517)
[info]   at sbt.ForkMain$Run.lambda$runTest$1(ForkMain.java:414)
[info]   at java.base/java.util.concurrent.FutureTask.run(FutureTask.java:317)
[info]   at java.base/java.util.concurrent.ThreadPoolExecutor.runWorker(ThreadPoolExecutor.java:1144)
[info]   at java.base/java.util.concurrent.ThreadPoolExecutor$Worker.run(ThreadPoolExecutor.java:642)
[info]   at java.base/java.lang.Thread.run(Thread.java:1583)
[info] - substring *** FAILED *** (2 milliseconds)
[info]   IllegalArgumentException was thrown during property evaluation.
[info]     Message: argument type mismatch
[info]     Occurred when passed generated values (
[info]       arg0 = List()
[info]     )
[info]   org.scalatest.exceptions.GeneratorDrivenPropertyCheckFailedException:
[info]   at org.scalatestplus.scalacheck.CheckerAsserting$$anon$2.indicateFailure(CheckerAsserting.scala:251)
[info]   at org.scalatestplus.scalacheck.CheckerAsserting$$anon$2.indicateFailure(CheckerAsserting.scala:238)
[info]   at org.scalatestplus.scalacheck.UnitCheckerAsserting$CheckerAssertingImpl.check(CheckerAsserting.scala:160)
[info]   at org.scalatestplus.scalacheck.Checkers.check(Checkers.scala:371)
[info]   at org.scalatestplus.scalacheck.Checkers.check$(Checkers.scala:369)
[info]   at frameless.TypedDatasetSuite.check(TypedDatasetSuite.scala:63)
[info]   at frameless.functions.NonAggregateFunctionsTests.$anonfun$new$1423(NonAggregateFunctionsTests.scala:2124)
[info]   at org.scalatest.OutcomeOf.outcomeOf(OutcomeOf.scala:85)
[info]   at org.scalatest.OutcomeOf.outcomeOf$(OutcomeOf.scala:83)
[info]   at org.scalatest.OutcomeOf$.outcomeOf(OutcomeOf.scala:104)
[info]   at org.scalatest.Transformer.apply(Transformer.scala:22)
[info]   at org.scalatest.Transformer.apply(Transformer.scala:20)
[info]   at org.scalatest.funsuite.AnyFunSuiteLike$$anon$1.apply(AnyFunSuiteLike.scala:226)
[info]   at org.scalatest.TestSuite.withFixture(TestSuite.scala:196)
[info]   at org.scalatest.TestSuite.withFixture$(TestSuite.scala:195)
[info]   at org.scalatest.funsuite.AnyFunSuite.withFixture(AnyFunSuite.scala:1564)
[info]   at org.scalatest.funsuite.AnyFunSuiteLike.invokeWithFixture$1(AnyFunSuiteLike.scala:224)
[info]   at org.scalatest.funsuite.AnyFunSuiteLike.$anonfun$runTest$1(AnyFunSuiteLike.scala:236)
[info]   at org.scalatest.SuperEngine.runTestImpl(Engine.scala:306)
[info]   at org.scalatest.funsuite.AnyFunSuiteLike.runTest(AnyFunSuiteLike.scala:236)
[info]   at org.scalatest.funsuite.AnyFunSuiteLike.runTest$(AnyFunSuiteLike.scala:218)
[info]   at org.scalatest.funsuite.AnyFunSuite.runTest(AnyFunSuite.scala:1564)
[info]   at org.scalatest.funsuite.AnyFunSuiteLike.$anonfun$runTests$1(AnyFunSuiteLike.scala:269)
[info]   at org.scalatest.SuperEngine.$anonfun$runTestsInBranch$1(Engine.scala:413)
[info]   at scala.collection.immutable.List.foreach(List.scala:334)
[info]   at org.scalatest.SuperEngine.traverseSubNodes$1(Engine.scala:401)
[info]   at org.scalatest.SuperEngine.runTestsInBranch(Engine.scala:396)
[info]   at org.scalatest.SuperEngine.runTestsImpl(Engine.scala:475)
[info]   at org.scalatest.funsuite.AnyFunSuiteLike.runTests(AnyFunSuiteLike.scala:269)
[info]   at org.scalatest.funsuite.AnyFunSuiteLike.runTests$(AnyFunSuiteLike.scala:268)
[info]   at org.scalatest.funsuite.AnyFunSuite.runTests(AnyFunSuite.scala:1564)
[info]   at org.scalatest.Suite.run(Suite.scala:1114)
[info]   at org.scalatest.Suite.run$(Suite.scala:1096)
[info]   at org.scalatest.funsuite.AnyFunSuite.org$scalatest$funsuite$AnyFunSuiteLike$$super$run(AnyFunSuite.scala:1564)
[info]   at org.scalatest.funsuite.AnyFunSuiteLike.$anonfun$run$1(AnyFunSuiteLike.scala:273)
[info]   at org.scalatest.SuperEngine.runImpl(Engine.scala:535)
[info]   at org.scalatest.funsuite.AnyFunSuiteLike.run(AnyFunSuiteLike.scala:273)
[info]   at org.scalatest.funsuite.AnyFunSuiteLike.run$(AnyFunSuiteLike.scala:272)
[info]   at frameless.TypedDatasetSuite.org$scalatest$BeforeAndAfterAll$$super$run(TypedDatasetSuite.scala:63)
[info]   at org.scalatest.BeforeAndAfterAll.liftedTree1$1(BeforeAndAfterAll.scala:213)
[info]   at org.scalatest.BeforeAndAfterAll.run(BeforeAndAfterAll.scala:210)
[info]   at org.scalatest.BeforeAndAfterAll.run$(BeforeAndAfterAll.scala:208)
[info]   at frameless.TypedDatasetSuite.run(TypedDatasetSuite.scala:63)
[info]   at org.scalatest.tools.Framework.org$scalatest$tools$Framework$$runSuite(Framework.scala:321)
[info]   at org.scalatest.tools.Framework$ScalaTestTask.execute(Framework.scala:517)
[info]   at sbt.ForkMain$Run.lambda$runTest$1(ForkMain.java:414)
[info]   at java.base/java.util.concurrent.FutureTask.run(FutureTask.java:317)
[info]   at java.base/java.util.concurrent.ThreadPoolExecutor.runWorker(ThreadPoolExecutor.java:1144)
[info]   at java.base/java.util.concurrent.ThreadPoolExecutor$Worker.run(ThreadPoolExecutor.java:642)
[info]   at java.base/java.lang.Thread.run(Thread.java:1583)
[info]   Cause: java.lang.IllegalArgumentException: argument type mismatch
[info]   at java.base/jdk.internal.reflect.DirectConstructorHandleAccessor.newInstance(DirectConstructorHandleAccessor.java:65)
[info]   at java.base/java.lang.reflect.Constructor.newInstanceWithCaller(Constructor.java:502)
[info]   at java.base/java.lang.reflect.Constructor.newInstance(Constructor.java:486)
[info]   at frameless.TypedExpressionEncoder$.$anonfun$apply$3(TypedExpressionEncoder.scala:55)
[info]   at scala.Option.map(Option.scala:242)
[info]   at frameless.TypedExpressionEncoder$.apply(TypedExpressionEncoder.scala:54)
[info]   at frameless.TypedDataset$.create(TypedDataset.scala:1325)
[info]   at frameless.functions.NonAggregateFunctionsTests.$anonfun$new$1424(NonAggregateFunctionsTests.scala:2125)
[info]   at scala.Function1.$anonfun$andThen$1(Function1.scala:87)
[info]   at org.scalacheck.Prop$.$anonfun$forAllShrink$2(Prop.scala:868)
[info]   at org.scalacheck.Prop$.secure(Prop.scala:484)
[info]   at org.scalacheck.Prop$.result$1(Prop.scala:868)
[info]   at org.scalacheck.Prop$.$anonfun$forAllShrink$1(Prop.scala:915)
[info]   at org.scalacheck.Prop$.$anonfun$apply$1(Prop.scala:305)
[info]   at org.scalacheck.PropFromFun.apply(Prop.scala:20)
[info]   at org.scalacheck.Test$.workerFun$1(Test.scala:486)
[info]   at org.scalacheck.Test$.$anonfun$check$4(Test.scala:518)
[info]   at org.scalacheck.Test$.$anonfun$check$4$adapted(Test.scala:518)
[info]   at org.scalacheck.Platform$.runWorkers(Platform.scala:42)
[info]   at org.scalacheck.Test$.check(Test.scala:518)
[info]   at org.scalatestplus.scalacheck.UnitCheckerAsserting$CheckerAssertingImpl.check(CheckerAsserting.scala:90)
[info]   at org.scalatestplus.scalacheck.Checkers.check(Checkers.scala:371)
[info]   at org.scalatestplus.scalacheck.Checkers.check$(Checkers.scala:369)
[info]   at frameless.TypedDatasetSuite.check(TypedDatasetSuite.scala:63)
[info]   at frameless.functions.NonAggregateFunctionsTests.$anonfun$new$1423(NonAggregateFunctionsTests.scala:2124)
[info]   at org.scalatest.OutcomeOf.outcomeOf(OutcomeOf.scala:85)
[info]   at org.scalatest.OutcomeOf.outcomeOf$(OutcomeOf.scala:83)
[info]   at org.scalatest.OutcomeOf$.outcomeOf(OutcomeOf.scala:104)
[info]   at org.scalatest.Transformer.apply(Transformer.scala:22)
[info]   at org.scalatest.Transformer.apply(Transformer.scala:20)
[info]   at org.scalatest.funsuite.AnyFunSuiteLike$$anon$1.apply(AnyFunSuiteLike.scala:226)
[info]   at org.scalatest.TestSuite.withFixture(TestSuite.scala:196)
[info]   at org.scalatest.TestSuite.withFixture$(TestSuite.scala:195)
[info]   at org.scalatest.funsuite.AnyFunSuite.withFixture(AnyFunSuite.scala:1564)
[info]   at org.scalatest.funsuite.AnyFunSuiteLike.invokeWithFixture$1(AnyFunSuiteLike.scala:224)
[info]   at org.scalatest.funsuite.AnyFunSuiteLike.$anonfun$runTest$1(AnyFunSuiteLike.scala:236)
[info]   at org.scalatest.SuperEngine.runTestImpl(Engine.scala:306)
[info]   at org.scalatest.funsuite.AnyFunSuiteLike.runTest(AnyFunSuiteLike.scala:236)
[info]   at org.scalatest.funsuite.AnyFunSuiteLike.runTest$(AnyFunSuiteLike.scala:218)
[info]   at org.scalatest.funsuite.AnyFunSuite.runTest(AnyFunSuite.scala:1564)
[info]   at org.scalatest.funsuite.AnyFunSuiteLike.$anonfun$runTests$1(AnyFunSuiteLike.scala:269)
[info]   at org.scalatest.SuperEngine.$anonfun$runTestsInBranch$1(Engine.scala:413)
[info]   at scala.collection.immutable.List.foreach(List.scala:334)
[info]   at org.scalatest.SuperEngine.traverseSubNodes$1(Engine.scala:401)
[info]   at org.scalatest.SuperEngine.runTestsInBranch(Engine.scala:396)
[info]   at org.scalatest.SuperEngine.runTestsImpl(Engine.scala:475)
[info]   at org.scalatest.funsuite.AnyFunSuiteLike.runTests(AnyFunSuiteLike.scala:269)
[info]   at org.scalatest.funsuite.AnyFunSuiteLike.runTests$(AnyFunSuiteLike.scala:268)
[info]   at org.scalatest.funsuite.AnyFunSuite.runTests(AnyFunSuite.scala:1564)
[info]   at org.scalatest.Suite.run(Suite.scala:1114)
[info]   at org.scalatest.Suite.run$(Suite.scala:1096)
[info]   at org.scalatest.funsuite.AnyFunSuite.org$scalatest$funsuite$AnyFunSuiteLike$$super$run(AnyFunSuite.scala:1564)
[info]   at org.scalatest.funsuite.AnyFunSuiteLike.$anonfun$run$1(AnyFunSuiteLike.scala:273)
[info]   at org.scalatest.SuperEngine.runImpl(Engine.scala:535)
[info]   at org.scalatest.funsuite.AnyFunSuiteLike.run(AnyFunSuiteLike.scala:273)
[info]   at org.scalatest.funsuite.AnyFunSuiteLike.run$(AnyFunSuiteLike.scala:272)
[info]   at frameless.TypedDatasetSuite.org$scalatest$BeforeAndAfterAll$$super$run(TypedDatasetSuite.scala:63)
[info]   at org.scalatest.BeforeAndAfterAll.liftedTree1$1(BeforeAndAfterAll.scala:213)
[info]   at org.scalatest.BeforeAndAfterAll.run(BeforeAndAfterAll.scala:210)
[info]   at org.scalatest.BeforeAndAfterAll.run$(BeforeAndAfterAll.scala:208)
[info]   at frameless.TypedDatasetSuite.run(TypedDatasetSuite.scala:63)
[info]   at org.scalatest.tools.Framework.org$scalatest$tools$Framework$$runSuite(Framework.scala:321)
[info]   at org.scalatest.tools.Framework$ScalaTestTask.execute(Framework.scala:517)
[info]   at sbt.ForkMain$Run.lambda$runTest$1(ForkMain.java:414)
[info]   at java.base/java.util.concurrent.FutureTask.run(FutureTask.java:317)
[info]   at java.base/java.util.concurrent.ThreadPoolExecutor.runWorker(ThreadPoolExecutor.java:1144)
[info]   at java.base/java.util.concurrent.ThreadPoolExecutor$Worker.run(ThreadPoolExecutor.java:642)
[info]   at java.base/java.lang.Thread.run(Thread.java:1583)
[info]   Cause: java.lang.ClassCastException: Cannot cast scala.reflect.ClassTag$GenericClassTag to org.apache.spark.sql.catalyst.expressions.Expression
[info]   at java.base/java.lang.Class.cast(Class.java:4067)
[info]   at java.base/jdk.internal.reflect.DirectConstructorHandleAccessor.newInstance(DirectConstructorHandleAccessor.java:62)
[info]   at java.base/java.lang.reflect.Constructor.newInstanceWithCaller(Constructor.java:502)
[info]   at java.base/java.lang.reflect.Constructor.newInstance(Constructor.java:486)
[info]   at frameless.TypedExpressionEncoder$.$anonfun$apply$3(TypedExpressionEncoder.scala:55)
[info]   at scala.Option.map(Option.scala:242)
[info]   at frameless.TypedExpressionEncoder$.apply(TypedExpressionEncoder.scala:54)
[info]   at frameless.TypedDataset$.create(TypedDataset.scala:1325)
[info]   at frameless.functions.NonAggregateFunctionsTests.$anonfun$new$1424(NonAggregateFunctionsTests.scala:2125)
[info]   at scala.Function1.$anonfun$andThen$1(Function1.scala:87)
[info]   at org.scalacheck.Prop$.$anonfun$forAllShrink$2(Prop.scala:868)
[info]   at org.scalacheck.Prop$.secure(Prop.scala:484)
[info]   at org.scalacheck.Prop$.result$1(Prop.scala:868)
[info]   at org.scalacheck.Prop$.$anonfun$forAllShrink$1(Prop.scala:915)
[info]   at org.scalacheck.Prop$.$anonfun$apply$1(Prop.scala:305)
[info]   at org.scalacheck.PropFromFun.apply(Prop.scala:20)
[info]   at org.scalacheck.Test$.workerFun$1(Test.scala:486)
[info]   at org.scalacheck.Test$.$anonfun$check$4(Test.scala:518)
[info]   at org.scalacheck.Test$.$anonfun$check$4$adapted(Test.scala:518)
[info]   at org.scalacheck.Platform$.runWorkers(Platform.scala:42)
[info]   at org.scalacheck.Test$.check(Test.scala:518)
[info]   at org.scalatestplus.scalacheck.UnitCheckerAsserting$CheckerAssertingImpl.check(CheckerAsserting.scala:90)
[info]   at org.scalatestplus.scalacheck.Checkers.check(Checkers.scala:371)
[info]   at org.scalatestplus.scalacheck.Checkers.check$(Checkers.scala:369)
[info]   at frameless.TypedDatasetSuite.check(TypedDatasetSuite.scala:63)
[info]   at frameless.functions.NonAggregateFunctionsTests.$anonfun$new$1423(NonAggregateFunctionsTests.scala:2124)
[info]   at org.scalatest.OutcomeOf.outcomeOf(OutcomeOf.scala:85)
[info]   at org.scalatest.OutcomeOf.outcomeOf$(OutcomeOf.scala:83)
[info]   at org.scalatest.OutcomeOf$.outcomeOf(OutcomeOf.scala:104)
[info]   at org.scalatest.Transformer.apply(Transformer.scala:22)
[info]   at org.scalatest.Transformer.apply(Transformer.scala:20)
[info]   at org.scalatest.funsuite.AnyFunSuiteLike$$anon$1.apply(AnyFunSuiteLike.scala:226)
[info]   at org.scalatest.TestSuite.withFixture(TestSuite.scala:196)
[info]   at org.scalatest.TestSuite.withFixture$(TestSuite.scala:195)
[info]   at org.scalatest.funsuite.AnyFunSuite.withFixture(AnyFunSuite.scala:1564)
[info]   at org.scalatest.funsuite.AnyFunSuiteLike.invokeWithFixture$1(AnyFunSuiteLike.scala:224)
[info]   at org.scalatest.funsuite.AnyFunSuiteLike.$anonfun$runTest$1(AnyFunSuiteLike.scala:236)
[info]   at org.scalatest.SuperEngine.runTestImpl(Engine.scala:306)
[info]   at org.scalatest.funsuite.AnyFunSuiteLike.runTest(AnyFunSuiteLike.scala:236)
[info]   at org.scalatest.funsuite.AnyFunSuiteLike.runTest$(AnyFunSuiteLike.scala:218)
[info]   at org.scalatest.funsuite.AnyFunSuite.runTest(AnyFunSuite.scala:1564)
[info]   at org.scalatest.funsuite.AnyFunSuiteLike.$anonfun$runTests$1(AnyFunSuiteLike.scala:269)
[info]   at org.scalatest.SuperEngine.$anonfun$runTestsInBranch$1(Engine.scala:413)
[info]   at scala.collection.immutable.List.foreach(List.scala:334)
[info]   at org.scalatest.SuperEngine.traverseSubNodes$1(Engine.scala:401)
[info]   at org.scalatest.SuperEngine.runTestsInBranch(Engine.scala:396)
[info]   at org.scalatest.SuperEngine.runTestsImpl(Engine.scala:475)
[info]   at org.scalatest.funsuite.AnyFunSuiteLike.runTests(AnyFunSuiteLike.scala:269)
[info]   at org.scalatest.funsuite.AnyFunSuiteLike.runTests$(AnyFunSuiteLike.scala:268)
[info]   at org.scalatest.funsuite.AnyFunSuite.runTests(AnyFunSuite.scala:1564)
[info]   at org.scalatest.Suite.run(Suite.scala:1114)
[info]   at org.scalatest.Suite.run$(Suite.scala:1096)
[info]   at org.scalatest.funsuite.AnyFunSuite.org$scalatest$funsuite$AnyFunSuiteLike$$super$run(AnyFunSuite.scala:1564)
[info]   at org.scalatest.funsuite.AnyFunSuiteLike.$anonfun$run$1(AnyFunSuiteLike.scala:273)
[info]   at org.scalatest.SuperEngine.runImpl(Engine.scala:535)
[info]   at org.scalatest.funsuite.AnyFunSuiteLike.run(AnyFunSuiteLike.scala:273)
[info]   at org.scalatest.funsuite.AnyFunSuiteLike.run$(AnyFunSuiteLike.scala:272)
[info]   at frameless.TypedDatasetSuite.org$scalatest$BeforeAndAfterAll$$super$run(TypedDatasetSuite.scala:63)
[info]   at org.scalatest.BeforeAndAfterAll.liftedTree1$1(BeforeAndAfterAll.scala:213)
[info]   at org.scalatest.BeforeAndAfterAll.run(BeforeAndAfterAll.scala:210)
[info]   at org.scalatest.BeforeAndAfterAll.run$(BeforeAndAfterAll.scala:208)
[info]   at frameless.TypedDatasetSuite.run(TypedDatasetSuite.scala:63)
[info]   at org.scalatest.tools.Framework.org$scalatest$tools$Framework$$runSuite(Framework.scala:321)
[info]   at org.scalatest.tools.Framework$ScalaTestTask.execute(Framework.scala:517)
[info]   at sbt.ForkMain$Run.lambda$runTest$1(ForkMain.java:414)
[info]   at java.base/java.util.concurrent.FutureTask.run(FutureTask.java:317)
[info]   at java.base/java.util.concurrent.ThreadPoolExecutor.runWorker(ThreadPoolExecutor.java:1144)
[info]   at java.base/java.util.concurrent.ThreadPoolExecutor$Worker.run(ThreadPoolExecutor.java:642)
[info]   at java.base/java.lang.Thread.run(Thread.java:1583)
[info] - trim *** FAILED *** (3 milliseconds)
[info]   IllegalArgumentException was thrown during property evaluation.
[info]     Message: argument type mismatch
[info]     Occurred when passed generated values (
[info]       arg0 = List()
[info]     )
[info]   org.scalatest.exceptions.GeneratorDrivenPropertyCheckFailedException:
[info]   at org.scalatestplus.scalacheck.CheckerAsserting$$anon$2.indicateFailure(CheckerAsserting.scala:251)
[info]   at org.scalatestplus.scalacheck.CheckerAsserting$$anon$2.indicateFailure(CheckerAsserting.scala:238)
[info]   at org.scalatestplus.scalacheck.UnitCheckerAsserting$CheckerAssertingImpl.check(CheckerAsserting.scala:160)
[info]   at org.scalatestplus.scalacheck.Checkers.check(Checkers.scala:371)
[info]   at org.scalatestplus.scalacheck.Checkers.check$(Checkers.scala:369)
[info]   at frameless.TypedDatasetSuite.check(TypedDatasetSuite.scala:63)
[info]   at frameless.functions.NonAggregateFunctionsTests.$anonfun$new$1435(NonAggregateFunctionsTests.scala:2146)
[info]   at org.scalatest.OutcomeOf.outcomeOf(OutcomeOf.scala:85)
[info]   at org.scalatest.OutcomeOf.outcomeOf$(OutcomeOf.scala:83)
[info]   at org.scalatest.OutcomeOf$.outcomeOf(OutcomeOf.scala:104)
[info]   at org.scalatest.Transformer.apply(Transformer.scala:22)
[info]   at org.scalatest.Transformer.apply(Transformer.scala:20)
[info]   at org.scalatest.funsuite.AnyFunSuiteLike$$anon$1.apply(AnyFunSuiteLike.scala:226)
[info]   at org.scalatest.TestSuite.withFixture(TestSuite.scala:196)
[info]   at org.scalatest.TestSuite.withFixture$(TestSuite.scala:195)
[info]   at org.scalatest.funsuite.AnyFunSuite.withFixture(AnyFunSuite.scala:1564)
[info]   at org.scalatest.funsuite.AnyFunSuiteLike.invokeWithFixture$1(AnyFunSuiteLike.scala:224)
[info]   at org.scalatest.funsuite.AnyFunSuiteLike.$anonfun$runTest$1(AnyFunSuiteLike.scala:236)
[info]   at org.scalatest.SuperEngine.runTestImpl(Engine.scala:306)
[info]   at org.scalatest.funsuite.AnyFunSuiteLike.runTest(AnyFunSuiteLike.scala:236)
[info]   at org.scalatest.funsuite.AnyFunSuiteLike.runTest$(AnyFunSuiteLike.scala:218)
[info]   at org.scalatest.funsuite.AnyFunSuite.runTest(AnyFunSuite.scala:1564)
[info]   at org.scalatest.funsuite.AnyFunSuiteLike.$anonfun$runTests$1(AnyFunSuiteLike.scala:269)
[info]   at org.scalatest.SuperEngine.$anonfun$runTestsInBranch$1(Engine.scala:413)
[info]   at scala.collection.immutable.List.foreach(List.scala:334)
[info]   at org.scalatest.SuperEngine.traverseSubNodes$1(Engine.scala:401)
[info]   at org.scalatest.SuperEngine.runTestsInBranch(Engine.scala:396)
[info]   at org.scalatest.SuperEngine.runTestsImpl(Engine.scala:475)
[info]   at org.scalatest.funsuite.AnyFunSuiteLike.runTests(AnyFunSuiteLike.scala:269)
[info]   at org.scalatest.funsuite.AnyFunSuiteLike.runTests$(AnyFunSuiteLike.scala:268)
[info]   at org.scalatest.funsuite.AnyFunSuite.runTests(AnyFunSuite.scala:1564)
[info]   at org.scalatest.Suite.run(Suite.scala:1114)
[info]   at org.scalatest.Suite.run$(Suite.scala:1096)
[info]   at org.scalatest.funsuite.AnyFunSuite.org$scalatest$funsuite$AnyFunSuiteLike$$super$run(AnyFunSuite.scala:1564)
[info]   at org.scalatest.funsuite.AnyFunSuiteLike.$anonfun$run$1(AnyFunSuiteLike.scala:273)
[info]   at org.scalatest.SuperEngine.runImpl(Engine.scala:535)
[info]   at org.scalatest.funsuite.AnyFunSuiteLike.run(AnyFunSuiteLike.scala:273)
[info]   at org.scalatest.funsuite.AnyFunSuiteLike.run$(AnyFunSuiteLike.scala:272)
[info]   at frameless.TypedDatasetSuite.org$scalatest$BeforeAndAfterAll$$super$run(TypedDatasetSuite.scala:63)
[info]   at org.scalatest.BeforeAndAfterAll.liftedTree1$1(BeforeAndAfterAll.scala:213)
[info]   at org.scalatest.BeforeAndAfterAll.run(BeforeAndAfterAll.scala:210)
[info]   at org.scalatest.BeforeAndAfterAll.run$(BeforeAndAfterAll.scala:208)
[info]   at frameless.TypedDatasetSuite.run(TypedDatasetSuite.scala:63)
[info]   at org.scalatest.tools.Framework.org$scalatest$tools$Framework$$runSuite(Framework.scala:321)
[info]   at org.scalatest.tools.Framework$ScalaTestTask.execute(Framework.scala:517)
[info]   at sbt.ForkMain$Run.lambda$runTest$1(ForkMain.java:414)
[info]   at java.base/java.util.concurrent.FutureTask.run(FutureTask.java:317)
[info]   at java.base/java.util.concurrent.ThreadPoolExecutor.runWorker(ThreadPoolExecutor.java:1144)
[info]   at java.base/java.util.concurrent.ThreadPoolExecutor$Worker.run(ThreadPoolExecutor.java:642)
[info]   at java.base/java.lang.Thread.run(Thread.java:1583)
[info]   Cause: java.lang.IllegalArgumentException: argument type mismatch
[info]   at java.base/jdk.internal.reflect.DirectConstructorHandleAccessor.newInstance(DirectConstructorHandleAccessor.java:65)
[info]   at java.base/java.lang.reflect.Constructor.newInstanceWithCaller(Constructor.java:502)
[info]   at java.base/java.lang.reflect.Constructor.newInstance(Constructor.java:486)
[info]   at frameless.TypedExpressionEncoder$.$anonfun$apply$3(TypedExpressionEncoder.scala:55)
[info]   at scala.Option.map(Option.scala:242)
[info]   at frameless.TypedExpressionEncoder$.apply(TypedExpressionEncoder.scala:54)
[info]   at frameless.TypedDataset$.create(TypedDataset.scala:1325)
[info]   at frameless.functions.NonAggregateFunctionsTests.$anonfun$new$1436(NonAggregateFunctionsTests.scala:2147)
[info]   at scala.Function1.$anonfun$andThen$1(Function1.scala:87)
[info]   at org.scalacheck.Prop$.$anonfun$forAllShrink$2(Prop.scala:868)
[info]   at org.scalacheck.Prop$.secure(Prop.scala:484)
[info]   at org.scalacheck.Prop$.result$1(Prop.scala:868)
[info]   at org.scalacheck.Prop$.$anonfun$forAllShrink$1(Prop.scala:915)
[info]   at org.scalacheck.Prop$.$anonfun$apply$1(Prop.scala:305)
[info]   at org.scalacheck.PropFromFun.apply(Prop.scala:20)
[info]   at org.scalacheck.Test$.workerFun$1(Test.scala:486)
[info]   at org.scalacheck.Test$.$anonfun$check$4(Test.scala:518)
[info]   at org.scalacheck.Test$.$anonfun$check$4$adapted(Test.scala:518)
[info]   at org.scalacheck.Platform$.runWorkers(Platform.scala:42)
[info]   at org.scalacheck.Test$.check(Test.scala:518)
[info]   at org.scalatestplus.scalacheck.UnitCheckerAsserting$CheckerAssertingImpl.check(CheckerAsserting.scala:90)
[info]   at org.scalatestplus.scalacheck.Checkers.check(Checkers.scala:371)
[info]   at org.scalatestplus.scalacheck.Checkers.check$(Checkers.scala:369)
[info]   at frameless.TypedDatasetSuite.check(TypedDatasetSuite.scala:63)
[info]   at frameless.functions.NonAggregateFunctionsTests.$anonfun$new$1435(NonAggregateFunctionsTests.scala:2146)
[info]   at org.scalatest.OutcomeOf.outcomeOf(OutcomeOf.scala:85)
[info]   at org.scalatest.OutcomeOf.outcomeOf$(OutcomeOf.scala:83)
[info]   at org.scalatest.OutcomeOf$.outcomeOf(OutcomeOf.scala:104)
[info]   at org.scalatest.Transformer.apply(Transformer.scala:22)
[info]   at org.scalatest.Transformer.apply(Transformer.scala:20)
[info]   at org.scalatest.funsuite.AnyFunSuiteLike$$anon$1.apply(AnyFunSuiteLike.scala:226)
[info]   at org.scalatest.TestSuite.withFixture(TestSuite.scala:196)
[info]   at org.scalatest.TestSuite.withFixture$(TestSuite.scala:195)
[info]   at org.scalatest.funsuite.AnyFunSuite.withFixture(AnyFunSuite.scala:1564)
[info]   at org.scalatest.funsuite.AnyFunSuiteLike.invokeWithFixture$1(AnyFunSuiteLike.scala:224)
[info]   at org.scalatest.funsuite.AnyFunSuiteLike.$anonfun$runTest$1(AnyFunSuiteLike.scala:236)
[info]   at org.scalatest.SuperEngine.runTestImpl(Engine.scala:306)
[info]   at org.scalatest.funsuite.AnyFunSuiteLike.runTest(AnyFunSuiteLike.scala:236)
[info]   at org.scalatest.funsuite.AnyFunSuiteLike.runTest$(AnyFunSuiteLike.scala:218)
[info]   at org.scalatest.funsuite.AnyFunSuite.runTest(AnyFunSuite.scala:1564)
[info]   at org.scalatest.funsuite.AnyFunSuiteLike.$anonfun$runTests$1(AnyFunSuiteLike.scala:269)
[info]   at org.scalatest.SuperEngine.$anonfun$runTestsInBranch$1(Engine.scala:413)
[info]   at scala.collection.immutable.List.foreach(List.scala:334)
[info]   at org.scalatest.SuperEngine.traverseSubNodes$1(Engine.scala:401)
[info]   at org.scalatest.SuperEngine.runTestsInBranch(Engine.scala:396)
[info]   at org.scalatest.SuperEngine.runTestsImpl(Engine.scala:475)
[info]   at org.scalatest.funsuite.AnyFunSuiteLike.runTests(AnyFunSuiteLike.scala:269)
[info]   at org.scalatest.funsuite.AnyFunSuiteLike.runTests$(AnyFunSuiteLike.scala:268)
[info]   at org.scalatest.funsuite.AnyFunSuite.runTests(AnyFunSuite.scala:1564)
[info]   at org.scalatest.Suite.run(Suite.scala:1114)
[info]   at org.scalatest.Suite.run$(Suite.scala:1096)
[info]   at org.scalatest.funsuite.AnyFunSuite.org$scalatest$funsuite$AnyFunSuiteLike$$super$run(AnyFunSuite.scala:1564)
[info]   at org.scalatest.funsuite.AnyFunSuiteLike.$anonfun$run$1(AnyFunSuiteLike.scala:273)
[info]   at org.scalatest.SuperEngine.runImpl(Engine.scala:535)
[info]   at org.scalatest.funsuite.AnyFunSuiteLike.run(AnyFunSuiteLike.scala:273)
[info]   at org.scalatest.funsuite.AnyFunSuiteLike.run$(AnyFunSuiteLike.scala:272)
[info]   at frameless.TypedDatasetSuite.org$scalatest$BeforeAndAfterAll$$super$run(TypedDatasetSuite.scala:63)
[info]   at org.scalatest.BeforeAndAfterAll.liftedTree1$1(BeforeAndAfterAll.scala:213)
[info]   at org.scalatest.BeforeAndAfterAll.run(BeforeAndAfterAll.scala:210)
[info]   at org.scalatest.BeforeAndAfterAll.run$(BeforeAndAfterAll.scala:208)
[info]   at frameless.TypedDatasetSuite.run(TypedDatasetSuite.scala:63)
[info]   at org.scalatest.tools.Framework.org$scalatest$tools$Framework$$runSuite(Framework.scala:321)
[info]   at org.scalatest.tools.Framework$ScalaTestTask.execute(Framework.scala:517)
[info]   at sbt.ForkMain$Run.lambda$runTest$1(ForkMain.java:414)
[info]   at java.base/java.util.concurrent.FutureTask.run(FutureTask.java:317)
[info]   at java.base/java.util.concurrent.ThreadPoolExecutor.runWorker(ThreadPoolExecutor.java:1144)
[info]   at java.base/java.util.concurrent.ThreadPoolExecutor$Worker.run(ThreadPoolExecutor.java:642)
[info]   at java.base/java.lang.Thread.run(Thread.java:1583)
[info]   Cause: java.lang.ClassCastException: Cannot cast scala.reflect.ClassTag$GenericClassTag to org.apache.spark.sql.catalyst.expressions.Expression
[info]   at java.base/java.lang.Class.cast(Class.java:4067)
[info]   at java.base/jdk.internal.reflect.DirectConstructorHandleAccessor.newInstance(DirectConstructorHandleAccessor.java:62)
[info]   at java.base/java.lang.reflect.Constructor.newInstanceWithCaller(Constructor.java:502)
[info]   at java.base/java.lang.reflect.Constructor.newInstance(Constructor.java:486)
[info]   at frameless.TypedExpressionEncoder$.$anonfun$apply$3(TypedExpressionEncoder.scala:55)
[info]   at scala.Option.map(Option.scala:242)
[info]   at frameless.TypedExpressionEncoder$.apply(TypedExpressionEncoder.scala:54)
[info]   at frameless.TypedDataset$.create(TypedDataset.scala:1325)
[info]   at frameless.functions.NonAggregateFunctionsTests.$anonfun$new$1436(NonAggregateFunctionsTests.scala:2147)
[info]   at scala.Function1.$anonfun$andThen$1(Function1.scala:87)
[info]   at org.scalacheck.Prop$.$anonfun$forAllShrink$2(Prop.scala:868)
[info]   at org.scalacheck.Prop$.secure(Prop.scala:484)
[info]   at org.scalacheck.Prop$.result$1(Prop.scala:868)
[info]   at org.scalacheck.Prop$.$anonfun$forAllShrink$1(Prop.scala:915)
[info]   at org.scalacheck.Prop$.$anonfun$apply$1(Prop.scala:305)
[info]   at org.scalacheck.PropFromFun.apply(Prop.scala:20)
[info]   at org.scalacheck.Test$.workerFun$1(Test.scala:486)
[info]   at org.scalacheck.Test$.$anonfun$check$4(Test.scala:518)
[info]   at org.scalacheck.Test$.$anonfun$check$4$adapted(Test.scala:518)
[info]   at org.scalacheck.Platform$.runWorkers(Platform.scala:42)
[info]   at org.scalacheck.Test$.check(Test.scala:518)
[info]   at org.scalatestplus.scalacheck.UnitCheckerAsserting$CheckerAssertingImpl.check(CheckerAsserting.scala:90)
[info]   at org.scalatestplus.scalacheck.Checkers.check(Checkers.scala:371)
[info]   at org.scalatestplus.scalacheck.Checkers.check$(Checkers.scala:369)
[info]   at frameless.TypedDatasetSuite.check(TypedDatasetSuite.scala:63)
[info]   at frameless.functions.NonAggregateFunctionsTests.$anonfun$new$1435(NonAggregateFunctionsTests.scala:2146)
[info]   at org.scalatest.OutcomeOf.outcomeOf(OutcomeOf.scala:85)
[info]   at org.scalatest.OutcomeOf.outcomeOf$(OutcomeOf.scala:83)
[info]   at org.scalatest.OutcomeOf$.outcomeOf(OutcomeOf.scala:104)
[info]   at org.scalatest.Transformer.apply(Transformer.scala:22)
[info]   at org.scalatest.Transformer.apply(Transformer.scala:20)
[info]   at org.scalatest.funsuite.AnyFunSuiteLike$$anon$1.apply(AnyFunSuiteLike.scala:226)
[info]   at org.scalatest.TestSuite.withFixture(TestSuite.scala:196)
[info]   at org.scalatest.TestSuite.withFixture$(TestSuite.scala:195)
[info]   at org.scalatest.funsuite.AnyFunSuite.withFixture(AnyFunSuite.scala:1564)
[info]   at org.scalatest.funsuite.AnyFunSuiteLike.invokeWithFixture$1(AnyFunSuiteLike.scala:224)
[info]   at org.scalatest.funsuite.AnyFunSuiteLike.$anonfun$runTest$1(AnyFunSuiteLike.scala:236)
[info]   at org.scalatest.SuperEngine.runTestImpl(Engine.scala:306)
[info]   at org.scalatest.funsuite.AnyFunSuiteLike.runTest(AnyFunSuiteLike.scala:236)
[info]   at org.scalatest.funsuite.AnyFunSuiteLike.runTest$(AnyFunSuiteLike.scala:218)
[info]   at org.scalatest.funsuite.AnyFunSuite.runTest(AnyFunSuite.scala:1564)
[info]   at org.scalatest.funsuite.AnyFunSuiteLike.$anonfun$runTests$1(AnyFunSuiteLike.scala:269)
[info]   at org.scalatest.SuperEngine.$anonfun$runTestsInBranch$1(Engine.scala:413)
[info]   at scala.collection.immutable.List.foreach(List.scala:334)
[info]   at org.scalatest.SuperEngine.traverseSubNodes$1(Engine.scala:401)
[info]   at org.scalatest.SuperEngine.runTestsInBranch(Engine.scala:396)
[info]   at org.scalatest.SuperEngine.runTestsImpl(Engine.scala:475)
[info]   at org.scalatest.funsuite.AnyFunSuiteLike.runTests(AnyFunSuiteLike.scala:269)
[info]   at org.scalatest.funsuite.AnyFunSuiteLike.runTests$(AnyFunSuiteLike.scala:268)
[info]   at org.scalatest.funsuite.AnyFunSuite.runTests(AnyFunSuite.scala:1564)
[info]   at org.scalatest.Suite.run(Suite.scala:1114)
[info]   at org.scalatest.Suite.run$(Suite.scala:1096)
[info]   at org.scalatest.funsuite.AnyFunSuite.org$scalatest$funsuite$AnyFunSuiteLike$$super$run(AnyFunSuite.scala:1564)
[info]   at org.scalatest.funsuite.AnyFunSuiteLike.$anonfun$run$1(AnyFunSuiteLike.scala:273)
[info]   at org.scalatest.SuperEngine.runImpl(Engine.scala:535)
[info]   at org.scalatest.funsuite.AnyFunSuiteLike.run(AnyFunSuiteLike.scala:273)
[info]   at org.scalatest.funsuite.AnyFunSuiteLike.run$(AnyFunSuiteLike.scala:272)
[info]   at frameless.TypedDatasetSuite.org$scalatest$BeforeAndAfterAll$$super$run(TypedDatasetSuite.scala:63)
[info]   at org.scalatest.BeforeAndAfterAll.liftedTree1$1(BeforeAndAfterAll.scala:213)
[info]   at org.scalatest.BeforeAndAfterAll.run(BeforeAndAfterAll.scala:210)
[info]   at org.scalatest.BeforeAndAfterAll.run$(BeforeAndAfterAll.scala:208)
[info]   at frameless.TypedDatasetSuite.run(TypedDatasetSuite.scala:63)
[info]   at org.scalatest.tools.Framework.org$scalatest$tools$Framework$$runSuite(Framework.scala:321)
[info]   at org.scalatest.tools.Framework$ScalaTestTask.execute(Framework.scala:517)
[info]   at sbt.ForkMain$Run.lambda$runTest$1(ForkMain.java:414)
[info]   at java.base/java.util.concurrent.FutureTask.run(FutureTask.java:317)
[info]   at java.base/java.util.concurrent.ThreadPoolExecutor.runWorker(ThreadPoolExecutor.java:1144)
[info]   at java.base/java.util.concurrent.ThreadPoolExecutor$Worker.run(ThreadPoolExecutor.java:642)
[info]   at java.base/java.lang.Thread.run(Thread.java:1583)
[info] - upper *** FAILED *** (4 milliseconds)
[info]   IllegalArgumentException was thrown during property evaluation.
[info]     Message: argument type mismatch
[info]     Occurred when passed generated values (
[info]       arg0 = List()
[info]     )
[info]   org.scalatest.exceptions.GeneratorDrivenPropertyCheckFailedException:
[info]   at org.scalatestplus.scalacheck.CheckerAsserting$$anon$2.indicateFailure(CheckerAsserting.scala:251)
[info]   at org.scalatestplus.scalacheck.CheckerAsserting$$anon$2.indicateFailure(CheckerAsserting.scala:238)
[info]   at org.scalatestplus.scalacheck.UnitCheckerAsserting$CheckerAssertingImpl.check(CheckerAsserting.scala:160)
[info]   at org.scalatestplus.scalacheck.Checkers.check(Checkers.scala:371)
[info]   at org.scalatestplus.scalacheck.Checkers.check$(Checkers.scala:369)
[info]   at frameless.TypedDatasetSuite.check(TypedDatasetSuite.scala:63)
[info]   at frameless.functions.NonAggregateFunctionsTests.$anonfun$new$1448(NonAggregateFunctionsTests.scala:2168)
[info]   at org.scalatest.OutcomeOf.outcomeOf(OutcomeOf.scala:85)
[info]   at org.scalatest.OutcomeOf.outcomeOf$(OutcomeOf.scala:83)
[info]   at org.scalatest.OutcomeOf$.outcomeOf(OutcomeOf.scala:104)
[info]   at org.scalatest.Transformer.apply(Transformer.scala:22)
[info]   at org.scalatest.Transformer.apply(Transformer.scala:20)
[info]   at org.scalatest.funsuite.AnyFunSuiteLike$$anon$1.apply(AnyFunSuiteLike.scala:226)
[info]   at org.scalatest.TestSuite.withFixture(TestSuite.scala:196)
[info]   at org.scalatest.TestSuite.withFixture$(TestSuite.scala:195)
[info]   at org.scalatest.funsuite.AnyFunSuite.withFixture(AnyFunSuite.scala:1564)
[info]   at org.scalatest.funsuite.AnyFunSuiteLike.invokeWithFixture$1(AnyFunSuiteLike.scala:224)
[info]   at org.scalatest.funsuite.AnyFunSuiteLike.$anonfun$runTest$1(AnyFunSuiteLike.scala:236)
[info]   at org.scalatest.SuperEngine.runTestImpl(Engine.scala:306)
[info]   at org.scalatest.funsuite.AnyFunSuiteLike.runTest(AnyFunSuiteLike.scala:236)
[info]   at org.scalatest.funsuite.AnyFunSuiteLike.runTest$(AnyFunSuiteLike.scala:218)
[info]   at org.scalatest.funsuite.AnyFunSuite.runTest(AnyFunSuite.scala:1564)
[info]   at org.scalatest.funsuite.AnyFunSuiteLike.$anonfun$runTests$1(AnyFunSuiteLike.scala:269)
[info]   at org.scalatest.SuperEngine.$anonfun$runTestsInBranch$1(Engine.scala:413)
[info]   at scala.collection.immutable.List.foreach(List.scala:334)
[info]   at org.scalatest.SuperEngine.traverseSubNodes$1(Engine.scala:401)
[info]   at org.scalatest.SuperEngine.runTestsInBranch(Engine.scala:396)
[info]   at org.scalatest.SuperEngine.runTestsImpl(Engine.scala:475)
[info]   at org.scalatest.funsuite.AnyFunSuiteLike.runTests(AnyFunSuiteLike.scala:269)
[info]   at org.scalatest.funsuite.AnyFunSuiteLike.runTests$(AnyFunSuiteLike.scala:268)
[info]   at org.scalatest.funsuite.AnyFunSuite.runTests(AnyFunSuite.scala:1564)
[info]   at org.scalatest.Suite.run(Suite.scala:1114)
[info]   at org.scalatest.Suite.run$(Suite.scala:1096)
[info]   at org.scalatest.funsuite.AnyFunSuite.org$scalatest$funsuite$AnyFunSuiteLike$$super$run(AnyFunSuite.scala:1564)
[info]   at org.scalatest.funsuite.AnyFunSuiteLike.$anonfun$run$1(AnyFunSuiteLike.scala:273)
[info]   at org.scalatest.SuperEngine.runImpl(Engine.scala:535)
[info]   at org.scalatest.funsuite.AnyFunSuiteLike.run(AnyFunSuiteLike.scala:273)
[info]   at org.scalatest.funsuite.AnyFunSuiteLike.run$(AnyFunSuiteLike.scala:272)
[info]   at frameless.TypedDatasetSuite.org$scalatest$BeforeAndAfterAll$$super$run(TypedDatasetSuite.scala:63)
[info]   at org.scalatest.BeforeAndAfterAll.liftedTree1$1(BeforeAndAfterAll.scala:213)
[info]   at org.scalatest.BeforeAndAfterAll.run(BeforeAndAfterAll.scala:210)
[info]   at org.scalatest.BeforeAndAfterAll.run$(BeforeAndAfterAll.scala:208)
[info]   at frameless.TypedDatasetSuite.run(TypedDatasetSuite.scala:63)
[info]   at org.scalatest.tools.Framework.org$scalatest$tools$Framework$$runSuite(Framework.scala:321)
[info]   at org.scalatest.tools.Framework$ScalaTestTask.execute(Framework.scala:517)
[info]   at sbt.ForkMain$Run.lambda$runTest$1(ForkMain.java:414)
[info]   at java.base/java.util.concurrent.FutureTask.run(FutureTask.java:317)
[info]   at java.base/java.util.concurrent.ThreadPoolExecutor.runWorker(ThreadPoolExecutor.java:1144)
[info]   at java.base/java.util.concurrent.ThreadPoolExecutor$Worker.run(ThreadPoolExecutor.java:642)
[info]   at java.base/java.lang.Thread.run(Thread.java:1583)
[info]   Cause: java.lang.IllegalArgumentException: argument type mismatch
[info]   at java.base/jdk.internal.reflect.DirectConstructorHandleAccessor.newInstance(DirectConstructorHandleAccessor.java:65)
[info]   at java.base/java.lang.reflect.Constructor.newInstanceWithCaller(Constructor.java:502)
[info]   at java.base/java.lang.reflect.Constructor.newInstance(Constructor.java:486)
[info]   at frameless.TypedExpressionEncoder$.$anonfun$apply$3(TypedExpressionEncoder.scala:55)
[info]   at scala.Option.map(Option.scala:242)
[info]   at frameless.TypedExpressionEncoder$.apply(TypedExpressionEncoder.scala:54)
[info]   at frameless.TypedDataset$.create(TypedDataset.scala:1325)
[info]   at frameless.functions.NonAggregateFunctionsTests.$anonfun$new$1450(NonAggregateFunctionsTests.scala:2169)
[info]   at org.scalacheck.Prop$.$anonfun$forAllShrink$2(Prop.scala:868)
[info]   at org.scalacheck.Prop$.secure(Prop.scala:484)
[info]   at org.scalacheck.Prop$.result$1(Prop.scala:868)
[info]   at org.scalacheck.Prop$.$anonfun$forAllShrink$1(Prop.scala:915)
[info]   at org.scalacheck.Prop$.$anonfun$apply$1(Prop.scala:305)
[info]   at org.scalacheck.PropFromFun.apply(Prop.scala:20)
[info]   at org.scalacheck.Test$.workerFun$1(Test.scala:486)
[info]   at org.scalacheck.Test$.$anonfun$check$4(Test.scala:518)
[info]   at org.scalacheck.Test$.$anonfun$check$4$adapted(Test.scala:518)
[info]   at org.scalacheck.Platform$.runWorkers(Platform.scala:42)
[info]   at org.scalacheck.Test$.check(Test.scala:518)
[info]   at org.scalatestplus.scalacheck.UnitCheckerAsserting$CheckerAssertingImpl.check(CheckerAsserting.scala:90)
[info]   at org.scalatestplus.scalacheck.Checkers.check(Checkers.scala:371)
[info]   at org.scalatestplus.scalacheck.Checkers.check$(Checkers.scala:369)
[info]   at frameless.TypedDatasetSuite.check(TypedDatasetSuite.scala:63)
[info]   at frameless.functions.NonAggregateFunctionsTests.$anonfun$new$1448(NonAggregateFunctionsTests.scala:2168)
[info]   at org.scalatest.OutcomeOf.outcomeOf(OutcomeOf.scala:85)
[info]   at org.scalatest.OutcomeOf.outcomeOf$(OutcomeOf.scala:83)
[info]   at org.scalatest.OutcomeOf$.outcomeOf(OutcomeOf.scala:104)
[info]   at org.scalatest.Transformer.apply(Transformer.scala:22)
[info]   at org.scalatest.Transformer.apply(Transformer.scala:20)
[info]   at org.scalatest.funsuite.AnyFunSuiteLike$$anon$1.apply(AnyFunSuiteLike.scala:226)
[info]   at org.scalatest.TestSuite.withFixture(TestSuite.scala:196)
[info]   at org.scalatest.TestSuite.withFixture$(TestSuite.scala:195)
[info]   at org.scalatest.funsuite.AnyFunSuite.withFixture(AnyFunSuite.scala:1564)
[info]   at org.scalatest.funsuite.AnyFunSuiteLike.invokeWithFixture$1(AnyFunSuiteLike.scala:224)
[info]   at org.scalatest.funsuite.AnyFunSuiteLike.$anonfun$runTest$1(AnyFunSuiteLike.scala:236)
[info]   at org.scalatest.SuperEngine.runTestImpl(Engine.scala:306)
[info]   at org.scalatest.funsuite.AnyFunSuiteLike.runTest(AnyFunSuiteLike.scala:236)
[info]   at org.scalatest.funsuite.AnyFunSuiteLike.runTest$(AnyFunSuiteLike.scala:218)
[info]   at org.scalatest.funsuite.AnyFunSuite.runTest(AnyFunSuite.scala:1564)
[info]   at org.scalatest.funsuite.AnyFunSuiteLike.$anonfun$runTests$1(AnyFunSuiteLike.scala:269)
[info]   at org.scalatest.SuperEngine.$anonfun$runTestsInBranch$1(Engine.scala:413)
[info]   at scala.collection.immutable.List.foreach(List.scala:334)
[info]   at org.scalatest.SuperEngine.traverseSubNodes$1(Engine.scala:401)
[info]   at org.scalatest.SuperEngine.runTestsInBranch(Engine.scala:396)
[info]   at org.scalatest.SuperEngine.runTestsImpl(Engine.scala:475)
[info]   at org.scalatest.funsuite.AnyFunSuiteLike.runTests(AnyFunSuiteLike.scala:269)
[info]   at org.scalatest.funsuite.AnyFunSuiteLike.runTests$(AnyFunSuiteLike.scala:268)
[info]   at org.scalatest.funsuite.AnyFunSuite.runTests(AnyFunSuite.scala:1564)
[info]   at org.scalatest.Suite.run(Suite.scala:1114)
[info]   at org.scalatest.Suite.run$(Suite.scala:1096)
[info]   at org.scalatest.funsuite.AnyFunSuite.org$scalatest$funsuite$AnyFunSuiteLike$$super$run(AnyFunSuite.scala:1564)
[info]   at org.scalatest.funsuite.AnyFunSuiteLike.$anonfun$run$1(AnyFunSuiteLike.scala:273)
[info]   at org.scalatest.SuperEngine.runImpl(Engine.scala:535)
[info]   at org.scalatest.funsuite.AnyFunSuiteLike.run(AnyFunSuiteLike.scala:273)
[info]   at org.scalatest.funsuite.AnyFunSuiteLike.run$(AnyFunSuiteLike.scala:272)
[info]   at frameless.TypedDatasetSuite.org$scalatest$BeforeAndAfterAll$$super$run(TypedDatasetSuite.scala:63)
[info]   at org.scalatest.BeforeAndAfterAll.liftedTree1$1(BeforeAndAfterAll.scala:213)
[info]   at org.scalatest.BeforeAndAfterAll.run(BeforeAndAfterAll.scala:210)
[info]   at org.scalatest.BeforeAndAfterAll.run$(BeforeAndAfterAll.scala:208)
[info]   at frameless.TypedDatasetSuite.run(TypedDatasetSuite.scala:63)
[info]   at org.scalatest.tools.Framework.org$scalatest$tools$Framework$$runSuite(Framework.scala:321)
[info]   at org.scalatest.tools.Framework$ScalaTestTask.execute(Framework.scala:517)
[info]   at sbt.ForkMain$Run.lambda$runTest$1(ForkMain.java:414)
[info]   at java.base/java.util.concurrent.FutureTask.run(FutureTask.java:317)
[info]   at java.base/java.util.concurrent.ThreadPoolExecutor.runWorker(ThreadPoolExecutor.java:1144)
[info]   at java.base/java.util.concurrent.ThreadPoolExecutor$Worker.run(ThreadPoolExecutor.java:642)
[info]   at java.base/java.lang.Thread.run(Thread.java:1583)
[info]   Cause: java.lang.ClassCastException: Cannot cast scala.reflect.ClassTag$GenericClassTag to org.apache.spark.sql.catalyst.expressions.Expression
[info]   at java.base/java.lang.Class.cast(Class.java:4067)
[info]   at java.base/jdk.internal.reflect.DirectConstructorHandleAccessor.newInstance(DirectConstructorHandleAccessor.java:62)
[info]   at java.base/java.lang.reflect.Constructor.newInstanceWithCaller(Constructor.java:502)
[info]   at java.base/java.lang.reflect.Constructor.newInstance(Constructor.java:486)
[info]   at frameless.TypedExpressionEncoder$.$anonfun$apply$3(TypedExpressionEncoder.scala:55)
[info]   at scala.Option.map(Option.scala:242)
[info]   at frameless.TypedExpressionEncoder$.apply(TypedExpressionEncoder.scala:54)
[info]   at frameless.TypedDataset$.create(TypedDataset.scala:1325)
[info]   at frameless.functions.NonAggregateFunctionsTests.$anonfun$new$1450(NonAggregateFunctionsTests.scala:2169)
[info]   at org.scalacheck.Prop$.$anonfun$forAllShrink$2(Prop.scala:868)
[info]   at org.scalacheck.Prop$.secure(Prop.scala:484)
[info]   at org.scalacheck.Prop$.result$1(Prop.scala:868)
[info]   at org.scalacheck.Prop$.$anonfun$forAllShrink$1(Prop.scala:915)
[info]   at org.scalacheck.Prop$.$anonfun$apply$1(Prop.scala:305)
[info]   at org.scalacheck.PropFromFun.apply(Prop.scala:20)
[info]   at org.scalacheck.Test$.workerFun$1(Test.scala:486)
[info]   at org.scalacheck.Test$.$anonfun$check$4(Test.scala:518)
[info]   at org.scalacheck.Test$.$anonfun$check$4$adapted(Test.scala:518)
[info]   at org.scalacheck.Platform$.runWorkers(Platform.scala:42)
[info]   at org.scalacheck.Test$.check(Test.scala:518)
[info]   at org.scalatestplus.scalacheck.UnitCheckerAsserting$CheckerAssertingImpl.check(CheckerAsserting.scala:90)
[info]   at org.scalatestplus.scalacheck.Checkers.check(Checkers.scala:371)
[info]   at org.scalatestplus.scalacheck.Checkers.check$(Checkers.scala:369)
[info]   at frameless.TypedDatasetSuite.check(TypedDatasetSuite.scala:63)
[info]   at frameless.functions.NonAggregateFunctionsTests.$anonfun$new$1448(NonAggregateFunctionsTests.scala:2168)
[info]   at org.scalatest.OutcomeOf.outcomeOf(OutcomeOf.scala:85)
[info]   at org.scalatest.OutcomeOf.outcomeOf$(OutcomeOf.scala:83)
[info]   at org.scalatest.OutcomeOf$.outcomeOf(OutcomeOf.scala:104)
[info]   at org.scalatest.Transformer.apply(Transformer.scala:22)
[info]   at org.scalatest.Transformer.apply(Transformer.scala:20)
[info]   at org.scalatest.funsuite.AnyFunSuiteLike$$anon$1.apply(AnyFunSuiteLike.scala:226)
[info]   at org.scalatest.TestSuite.withFixture(TestSuite.scala:196)
[info]   at org.scalatest.TestSuite.withFixture$(TestSuite.scala:195)
[info]   at org.scalatest.funsuite.AnyFunSuite.withFixture(AnyFunSuite.scala:1564)
[info]   at org.scalatest.funsuite.AnyFunSuiteLike.invokeWithFixture$1(AnyFunSuiteLike.scala:224)
[info]   at org.scalatest.funsuite.AnyFunSuiteLike.$anonfun$runTest$1(AnyFunSuiteLike.scala:236)
[info]   at org.scalatest.SuperEngine.runTestImpl(Engine.scala:306)
[info]   at org.scalatest.funsuite.AnyFunSuiteLike.runTest(AnyFunSuiteLike.scala:236)
[info]   at org.scalatest.funsuite.AnyFunSuiteLike.runTest$(AnyFunSuiteLike.scala:218)
[info]   at org.scalatest.funsuite.AnyFunSuite.runTest(AnyFunSuite.scala:1564)
[info]   at org.scalatest.funsuite.AnyFunSuiteLike.$anonfun$runTests$1(AnyFunSuiteLike.scala:269)
[info]   at org.scalatest.SuperEngine.$anonfun$runTestsInBranch$1(Engine.scala:413)
[info]   at scala.collection.immutable.List.foreach(List.scala:334)
[info]   at org.scalatest.SuperEngine.traverseSubNodes$1(Engine.scala:401)
[info]   at org.scalatest.SuperEngine.runTestsInBranch(Engine.scala:396)
[info]   at org.scalatest.SuperEngine.runTestsImpl(Engine.scala:475)
[info]   at org.scalatest.funsuite.AnyFunSuiteLike.runTests(AnyFunSuiteLike.scala:269)
[info]   at org.scalatest.funsuite.AnyFunSuiteLike.runTests$(AnyFunSuiteLike.scala:268)
[info]   at org.scalatest.funsuite.AnyFunSuite.runTests(AnyFunSuite.scala:1564)
[info]   at org.scalatest.Suite.run(Suite.scala:1114)
[info]   at org.scalatest.Suite.run$(Suite.scala:1096)
[info]   at org.scalatest.funsuite.AnyFunSuite.org$scalatest$funsuite$AnyFunSuiteLike$$super$run(AnyFunSuite.scala:1564)
[info]   at org.scalatest.funsuite.AnyFunSuiteLike.$anonfun$run$1(AnyFunSuiteLike.scala:273)
[info]   at org.scalatest.SuperEngine.runImpl(Engine.scala:535)
[info]   at org.scalatest.funsuite.AnyFunSuiteLike.run(AnyFunSuiteLike.scala:273)
[info]   at org.scalatest.funsuite.AnyFunSuiteLike.run$(AnyFunSuiteLike.scala:272)
[info]   at frameless.TypedDatasetSuite.org$scalatest$BeforeAndAfterAll$$super$run(TypedDatasetSuite.scala:63)
[info]   at org.scalatest.BeforeAndAfterAll.liftedTree1$1(BeforeAndAfterAll.scala:213)
[info]   at org.scalatest.BeforeAndAfterAll.run(BeforeAndAfterAll.scala:210)
[info]   at org.scalatest.BeforeAndAfterAll.run$(BeforeAndAfterAll.scala:208)
[info]   at frameless.TypedDatasetSuite.run(TypedDatasetSuite.scala:63)
[info]   at org.scalatest.tools.Framework.org$scalatest$tools$Framework$$runSuite(Framework.scala:321)
[info]   at org.scalatest.tools.Framework$ScalaTestTask.execute(Framework.scala:517)
[info]   at sbt.ForkMain$Run.lambda$runTest$1(ForkMain.java:414)
[info]   at java.base/java.util.concurrent.FutureTask.run(FutureTask.java:317)
[info]   at java.base/java.util.concurrent.ThreadPoolExecutor.runWorker(ThreadPoolExecutor.java:1144)
[info]   at java.base/java.util.concurrent.ThreadPoolExecutor$Worker.run(ThreadPoolExecutor.java:642)
[info]   at java.base/java.lang.Thread.run(Thread.java:1583)
[info] - lower *** FAILED *** (4 milliseconds)
[info]   IllegalArgumentException was thrown during property evaluation.
[info]     Message: argument type mismatch
[info]     Occurred when passed generated values (
[info]       arg0 = List()
[info]     )
[info]   org.scalatest.exceptions.GeneratorDrivenPropertyCheckFailedException:
[info]   at org.scalatestplus.scalacheck.CheckerAsserting$$anon$2.indicateFailure(CheckerAsserting.scala:251)
[info]   at org.scalatestplus.scalacheck.CheckerAsserting$$anon$2.indicateFailure(CheckerAsserting.scala:238)
[info]   at org.scalatestplus.scalacheck.UnitCheckerAsserting$CheckerAssertingImpl.check(CheckerAsserting.scala:160)
[info]   at org.scalatestplus.scalacheck.Checkers.check(Checkers.scala:371)
[info]   at org.scalatestplus.scalacheck.Checkers.check$(Checkers.scala:369)
[info]   at frameless.TypedDatasetSuite.check(TypedDatasetSuite.scala:63)
[info]   at frameless.functions.NonAggregateFunctionsTests.$anonfun$new$1462(NonAggregateFunctionsTests.scala:2190)
[info]   at org.scalatest.OutcomeOf.outcomeOf(OutcomeOf.scala:85)
[info]   at org.scalatest.OutcomeOf.outcomeOf$(OutcomeOf.scala:83)
[info]   at org.scalatest.OutcomeOf$.outcomeOf(OutcomeOf.scala:104)
[info]   at org.scalatest.Transformer.apply(Transformer.scala:22)
[info]   at org.scalatest.Transformer.apply(Transformer.scala:20)
[info]   at org.scalatest.funsuite.AnyFunSuiteLike$$anon$1.apply(AnyFunSuiteLike.scala:226)
[info]   at org.scalatest.TestSuite.withFixture(TestSuite.scala:196)
[info]   at org.scalatest.TestSuite.withFixture$(TestSuite.scala:195)
[info]   at org.scalatest.funsuite.AnyFunSuite.withFixture(AnyFunSuite.scala:1564)
[info]   at org.scalatest.funsuite.AnyFunSuiteLike.invokeWithFixture$1(AnyFunSuiteLike.scala:224)
[info]   at org.scalatest.funsuite.AnyFunSuiteLike.$anonfun$runTest$1(AnyFunSuiteLike.scala:236)
[info]   at org.scalatest.SuperEngine.runTestImpl(Engine.scala:306)
[info]   at org.scalatest.funsuite.AnyFunSuiteLike.runTest(AnyFunSuiteLike.scala:236)
[info]   at org.scalatest.funsuite.AnyFunSuiteLike.runTest$(AnyFunSuiteLike.scala:218)
[info]   at org.scalatest.funsuite.AnyFunSuite.runTest(AnyFunSuite.scala:1564)
[info]   at org.scalatest.funsuite.AnyFunSuiteLike.$anonfun$runTests$1(AnyFunSuiteLike.scala:269)
[info]   at org.scalatest.SuperEngine.$anonfun$runTestsInBranch$1(Engine.scala:413)
[info]   at scala.collection.immutable.List.foreach(List.scala:334)
[info]   at org.scalatest.SuperEngine.traverseSubNodes$1(Engine.scala:401)
[info]   at org.scalatest.SuperEngine.runTestsInBranch(Engine.scala:396)
[info]   at org.scalatest.SuperEngine.runTestsImpl(Engine.scala:475)
[info]   at org.scalatest.funsuite.AnyFunSuiteLike.runTests(AnyFunSuiteLike.scala:269)
[info]   at org.scalatest.funsuite.AnyFunSuiteLike.runTests$(AnyFunSuiteLike.scala:268)
[info]   at org.scalatest.funsuite.AnyFunSuite.runTests(AnyFunSuite.scala:1564)
[info]   at org.scalatest.Suite.run(Suite.scala:1114)
[info]   at org.scalatest.Suite.run$(Suite.scala:1096)
[info]   at org.scalatest.funsuite.AnyFunSuite.org$scalatest$funsuite$AnyFunSuiteLike$$super$run(AnyFunSuite.scala:1564)
[info]   at org.scalatest.funsuite.AnyFunSuiteLike.$anonfun$run$1(AnyFunSuiteLike.scala:273)
[info]   at org.scalatest.SuperEngine.runImpl(Engine.scala:535)
[info]   at org.scalatest.funsuite.AnyFunSuiteLike.run(AnyFunSuiteLike.scala:273)
[info]   at org.scalatest.funsuite.AnyFunSuiteLike.run$(AnyFunSuiteLike.scala:272)
[info]   at frameless.TypedDatasetSuite.org$scalatest$BeforeAndAfterAll$$super$run(TypedDatasetSuite.scala:63)
[info]   at org.scalatest.BeforeAndAfterAll.liftedTree1$1(BeforeAndAfterAll.scala:213)
[info]   at org.scalatest.BeforeAndAfterAll.run(BeforeAndAfterAll.scala:210)
[info]   at org.scalatest.BeforeAndAfterAll.run$(BeforeAndAfterAll.scala:208)
[info]   at frameless.TypedDatasetSuite.run(TypedDatasetSuite.scala:63)
[info]   at org.scalatest.tools.Framework.org$scalatest$tools$Framework$$runSuite(Framework.scala:321)
[info]   at org.scalatest.tools.Framework$ScalaTestTask.execute(Framework.scala:517)
[info]   at sbt.ForkMain$Run.lambda$runTest$1(ForkMain.java:414)
[info]   at java.base/java.util.concurrent.FutureTask.run(FutureTask.java:317)
[info]   at java.base/java.util.concurrent.ThreadPoolExecutor.runWorker(ThreadPoolExecutor.java:1144)
[info]   at java.base/java.util.concurrent.ThreadPoolExecutor$Worker.run(ThreadPoolExecutor.java:642)
[info]   at java.base/java.lang.Thread.run(Thread.java:1583)
[info]   Cause: java.lang.IllegalArgumentException: argument type mismatch
[info]   at java.base/jdk.internal.reflect.DirectConstructorHandleAccessor.newInstance(DirectConstructorHandleAccessor.java:65)
[info]   at java.base/java.lang.reflect.Constructor.newInstanceWithCaller(Constructor.java:502)
[info]   at java.base/java.lang.reflect.Constructor.newInstance(Constructor.java:486)
[info]   at frameless.TypedExpressionEncoder$.$anonfun$apply$3(TypedExpressionEncoder.scala:55)
[info]   at scala.Option.map(Option.scala:242)
[info]   at frameless.TypedExpressionEncoder$.apply(TypedExpressionEncoder.scala:54)
[info]   at frameless.TypedDataset$.create(TypedDataset.scala:1325)
[info]   at frameless.functions.NonAggregateFunctionsTests.$anonfun$new$1464(NonAggregateFunctionsTests.scala:2191)
[info]   at org.scalacheck.Prop$.$anonfun$forAllShrink$2(Prop.scala:868)
[info]   at org.scalacheck.Prop$.secure(Prop.scala:484)
[info]   at org.scalacheck.Prop$.result$1(Prop.scala:868)
[info]   at org.scalacheck.Prop$.$anonfun$forAllShrink$1(Prop.scala:915)
[info]   at org.scalacheck.Prop$.$anonfun$apply$1(Prop.scala:305)
[info]   at org.scalacheck.PropFromFun.apply(Prop.scala:20)
[info]   at org.scalacheck.Test$.workerFun$1(Test.scala:486)
[info]   at org.scalacheck.Test$.$anonfun$check$4(Test.scala:518)
[info]   at org.scalacheck.Test$.$anonfun$check$4$adapted(Test.scala:518)
[info]   at org.scalacheck.Platform$.runWorkers(Platform.scala:42)
[info]   at org.scalacheck.Test$.check(Test.scala:518)
[info]   at org.scalatestplus.scalacheck.UnitCheckerAsserting$CheckerAssertingImpl.check(CheckerAsserting.scala:90)
[info]   at org.scalatestplus.scalacheck.Checkers.check(Checkers.scala:371)
[info]   at org.scalatestplus.scalacheck.Checkers.check$(Checkers.scala:369)
[info]   at frameless.TypedDatasetSuite.check(TypedDatasetSuite.scala:63)
[info]   at frameless.functions.NonAggregateFunctionsTests.$anonfun$new$1462(NonAggregateFunctionsTests.scala:2190)
[info]   at org.scalatest.OutcomeOf.outcomeOf(OutcomeOf.scala:85)
[info]   at org.scalatest.OutcomeOf.outcomeOf$(OutcomeOf.scala:83)
[info]   at org.scalatest.OutcomeOf$.outcomeOf(OutcomeOf.scala:104)
[info]   at org.scalatest.Transformer.apply(Transformer.scala:22)
[info]   at org.scalatest.Transformer.apply(Transformer.scala:20)
[info]   at org.scalatest.funsuite.AnyFunSuiteLike$$anon$1.apply(AnyFunSuiteLike.scala:226)
[info]   at org.scalatest.TestSuite.withFixture(TestSuite.scala:196)
[info]   at org.scalatest.TestSuite.withFixture$(TestSuite.scala:195)
[info]   at org.scalatest.funsuite.AnyFunSuite.withFixture(AnyFunSuite.scala:1564)
[info]   at org.scalatest.funsuite.AnyFunSuiteLike.invokeWithFixture$1(AnyFunSuiteLike.scala:224)
[info]   at org.scalatest.funsuite.AnyFunSuiteLike.$anonfun$runTest$1(AnyFunSuiteLike.scala:236)
[info]   at org.scalatest.SuperEngine.runTestImpl(Engine.scala:306)
[info]   at org.scalatest.funsuite.AnyFunSuiteLike.runTest(AnyFunSuiteLike.scala:236)
[info]   at org.scalatest.funsuite.AnyFunSuiteLike.runTest$(AnyFunSuiteLike.scala:218)
[info]   at org.scalatest.funsuite.AnyFunSuite.runTest(AnyFunSuite.scala:1564)
[info]   at org.scalatest.funsuite.AnyFunSuiteLike.$anonfun$runTests$1(AnyFunSuiteLike.scala:269)
[info]   at org.scalatest.SuperEngine.$anonfun$runTestsInBranch$1(Engine.scala:413)
[info]   at scala.collection.immutable.List.foreach(List.scala:334)
[info]   at org.scalatest.SuperEngine.traverseSubNodes$1(Engine.scala:401)
[info]   at org.scalatest.SuperEngine.runTestsInBranch(Engine.scala:396)
[info]   at org.scalatest.SuperEngine.runTestsImpl(Engine.scala:475)
[info]   at org.scalatest.funsuite.AnyFunSuiteLike.runTests(AnyFunSuiteLike.scala:269)
[info]   at org.scalatest.funsuite.AnyFunSuiteLike.runTests$(AnyFunSuiteLike.scala:268)
[info]   at org.scalatest.funsuite.AnyFunSuite.runTests(AnyFunSuite.scala:1564)
[info]   at org.scalatest.Suite.run(Suite.scala:1114)
[info]   at org.scalatest.Suite.run$(Suite.scala:1096)
[info]   at org.scalatest.funsuite.AnyFunSuite.org$scalatest$funsuite$AnyFunSuiteLike$$super$run(AnyFunSuite.scala:1564)
[info]   at org.scalatest.funsuite.AnyFunSuiteLike.$anonfun$run$1(AnyFunSuiteLike.scala:273)
[info]   at org.scalatest.SuperEngine.runImpl(Engine.scala:535)
[info]   at org.scalatest.funsuite.AnyFunSuiteLike.run(AnyFunSuiteLike.scala:273)
[info]   at org.scalatest.funsuite.AnyFunSuiteLike.run$(AnyFunSuiteLike.scala:272)
[info]   at frameless.TypedDatasetSuite.org$scalatest$BeforeAndAfterAll$$super$run(TypedDatasetSuite.scala:63)
[info]   at org.scalatest.BeforeAndAfterAll.liftedTree1$1(BeforeAndAfterAll.scala:213)
[info]   at org.scalatest.BeforeAndAfterAll.run(BeforeAndAfterAll.scala:210)
[info]   at org.scalatest.BeforeAndAfterAll.run$(BeforeAndAfterAll.scala:208)
[info]   at frameless.TypedDatasetSuite.run(TypedDatasetSuite.scala:63)
[info]   at org.scalatest.tools.Framework.org$scalatest$tools$Framework$$runSuite(Framework.scala:321)
[info]   at org.scalatest.tools.Framework$ScalaTestTask.execute(Framework.scala:517)
[info]   at sbt.ForkMain$Run.lambda$runTest$1(ForkMain.java:414)
[info]   at java.base/java.util.concurrent.FutureTask.run(FutureTask.java:317)
[info]   at java.base/java.util.concurrent.ThreadPoolExecutor.runWorker(ThreadPoolExecutor.java:1144)
[info]   at java.base/java.util.concurrent.ThreadPoolExecutor$Worker.run(ThreadPoolExecutor.java:642)
[info]   at java.base/java.lang.Thread.run(Thread.java:1583)
[info]   Cause: java.lang.ClassCastException: Cannot cast scala.reflect.ClassTag$GenericClassTag to org.apache.spark.sql.catalyst.expressions.Expression
[info]   at java.base/java.lang.Class.cast(Class.java:4067)
[info]   at java.base/jdk.internal.reflect.DirectConstructorHandleAccessor.newInstance(DirectConstructorHandleAccessor.java:62)
[info]   at java.base/java.lang.reflect.Constructor.newInstanceWithCaller(Constructor.java:502)
[info]   at java.base/java.lang.reflect.Constructor.newInstance(Constructor.java:486)
[info]   at frameless.TypedExpressionEncoder$.$anonfun$apply$3(TypedExpressionEncoder.scala:55)
[info]   at scala.Option.map(Option.scala:242)
[info]   at frameless.TypedExpressionEncoder$.apply(TypedExpressionEncoder.scala:54)
[info]   at frameless.TypedDataset$.create(TypedDataset.scala:1325)
[info]   at frameless.functions.NonAggregateFunctionsTests.$anonfun$new$1464(NonAggregateFunctionsTests.scala:2191)
[info]   at org.scalacheck.Prop$.$anonfun$forAllShrink$2(Prop.scala:868)
[info]   at org.scalacheck.Prop$.secure(Prop.scala:484)
[info]   at org.scalacheck.Prop$.result$1(Prop.scala:868)
[info]   at org.scalacheck.Prop$.$anonfun$forAllShrink$1(Prop.scala:915)
[info]   at org.scalacheck.Prop$.$anonfun$apply$1(Prop.scala:305)
[info]   at org.scalacheck.PropFromFun.apply(Prop.scala:20)
[info]   at org.scalacheck.Test$.workerFun$1(Test.scala:486)
[info]   at org.scalacheck.Test$.$anonfun$check$4(Test.scala:518)
[info]   at org.scalacheck.Test$.$anonfun$check$4$adapted(Test.scala:518)
[info]   at org.scalacheck.Platform$.runWorkers(Platform.scala:42)
[info]   at org.scalacheck.Test$.check(Test.scala:518)
[info]   at org.scalatestplus.scalacheck.UnitCheckerAsserting$CheckerAssertingImpl.check(CheckerAsserting.scala:90)
[info]   at org.scalatestplus.scalacheck.Checkers.check(Checkers.scala:371)
[info]   at org.scalatestplus.scalacheck.Checkers.check$(Checkers.scala:369)
[info]   at frameless.TypedDatasetSuite.check(TypedDatasetSuite.scala:63)
[info]   at frameless.functions.NonAggregateFunctionsTests.$anonfun$new$1462(NonAggregateFunctionsTests.scala:2190)
[info]   at org.scalatest.OutcomeOf.outcomeOf(OutcomeOf.scala:85)
[info]   at org.scalatest.OutcomeOf.outcomeOf$(OutcomeOf.scala:83)
[info]   at org.scalatest.OutcomeOf$.outcomeOf(OutcomeOf.scala:104)
[info]   at org.scalatest.Transformer.apply(Transformer.scala:22)
[info]   at org.scalatest.Transformer.apply(Transformer.scala:20)
[info]   at org.scalatest.funsuite.AnyFunSuiteLike$$anon$1.apply(AnyFunSuiteLike.scala:226)
[info]   at org.scalatest.TestSuite.withFixture(TestSuite.scala:196)
[info]   at org.scalatest.TestSuite.withFixture$(TestSuite.scala:195)
[info]   at org.scalatest.funsuite.AnyFunSuite.withFixture(AnyFunSuite.scala:1564)
[info]   at org.scalatest.funsuite.AnyFunSuiteLike.invokeWithFixture$1(AnyFunSuiteLike.scala:224)
[info]   at org.scalatest.funsuite.AnyFunSuiteLike.$anonfun$runTest$1(AnyFunSuiteLike.scala:236)
[info]   at org.scalatest.SuperEngine.runTestImpl(Engine.scala:306)
[info]   at org.scalatest.funsuite.AnyFunSuiteLike.runTest(AnyFunSuiteLike.scala:236)
[info]   at org.scalatest.funsuite.AnyFunSuiteLike.runTest$(AnyFunSuiteLike.scala:218)
[info]   at org.scalatest.funsuite.AnyFunSuite.runTest(AnyFunSuite.scala:1564)
[info]   at org.scalatest.funsuite.AnyFunSuiteLike.$anonfun$runTests$1(AnyFunSuiteLike.scala:269)
[info]   at org.scalatest.SuperEngine.$anonfun$runTestsInBranch$1(Engine.scala:413)
[info]   at scala.collection.immutable.List.foreach(List.scala:334)
[info]   at org.scalatest.SuperEngine.traverseSubNodes$1(Engine.scala:401)
[info]   at org.scalatest.SuperEngine.runTestsInBranch(Engine.scala:396)
[info]   at org.scalatest.SuperEngine.runTestsImpl(Engine.scala:475)
[info]   at org.scalatest.funsuite.AnyFunSuiteLike.runTests(AnyFunSuiteLike.scala:269)
[info]   at org.scalatest.funsuite.AnyFunSuiteLike.runTests$(AnyFunSuiteLike.scala:268)
[info]   at org.scalatest.funsuite.AnyFunSuite.runTests(AnyFunSuite.scala:1564)
[info]   at org.scalatest.Suite.run(Suite.scala:1114)
[info]   at org.scalatest.Suite.run$(Suite.scala:1096)
[info]   at org.scalatest.funsuite.AnyFunSuite.org$scalatest$funsuite$AnyFunSuiteLike$$super$run(AnyFunSuite.scala:1564)
[info]   at org.scalatest.funsuite.AnyFunSuiteLike.$anonfun$run$1(AnyFunSuiteLike.scala:273)
[info]   at org.scalatest.SuperEngine.runImpl(Engine.scala:535)
[info]   at org.scalatest.funsuite.AnyFunSuiteLike.run(AnyFunSuiteLike.scala:273)
[info]   at org.scalatest.funsuite.AnyFunSuiteLike.run$(AnyFunSuiteLike.scala:272)
[info]   at frameless.TypedDatasetSuite.org$scalatest$BeforeAndAfterAll$$super$run(TypedDatasetSuite.scala:63)
[info]   at org.scalatest.BeforeAndAfterAll.liftedTree1$1(BeforeAndAfterAll.scala:213)
[info]   at org.scalatest.BeforeAndAfterAll.run(BeforeAndAfterAll.scala:210)
[info]   at org.scalatest.BeforeAndAfterAll.run$(BeforeAndAfterAll.scala:208)
[info]   at frameless.TypedDatasetSuite.run(TypedDatasetSuite.scala:63)
[info]   at org.scalatest.tools.Framework.org$scalatest$tools$Framework$$runSuite(Framework.scala:321)
[info]   at org.scalatest.tools.Framework$ScalaTestTask.execute(Framework.scala:517)
[info]   at sbt.ForkMain$Run.lambda$runTest$1(ForkMain.java:414)
[info]   at java.base/java.util.concurrent.FutureTask.run(FutureTask.java:317)
[info]   at java.base/java.util.concurrent.ThreadPoolExecutor.runWorker(ThreadPoolExecutor.java:1144)
[info]   at java.base/java.util.concurrent.ThreadPoolExecutor$Worker.run(ThreadPoolExecutor.java:642)
[info]   at java.base/java.lang.Thread.run(Thread.java:1583)
[info] - Empty vararg tests *** FAILED *** (2 milliseconds)
[info]   IllegalArgumentException was thrown during property evaluation.
[info]     Message: argument type mismatch
[info]     Occurred when passed generated values (
[info]       arg0 = Vector()
[info]     )
[info]   org.scalatest.exceptions.GeneratorDrivenPropertyCheckFailedException:
[info]   at org.scalatestplus.scalacheck.CheckerAsserting$$anon$2.indicateFailure(CheckerAsserting.scala:251)
[info]   at org.scalatestplus.scalacheck.CheckerAsserting$$anon$2.indicateFailure(CheckerAsserting.scala:238)
[info]   at org.scalatestplus.scalacheck.UnitCheckerAsserting$CheckerAssertingImpl.check(CheckerAsserting.scala:160)
[info]   at org.scalatestplus.scalacheck.Checkers.check(Checkers.scala:371)
[info]   at org.scalatestplus.scalacheck.Checkers.check$(Checkers.scala:369)
[info]   at frameless.TypedDatasetSuite.check(TypedDatasetSuite.scala:63)
[info]   at frameless.functions.NonAggregateFunctionsTests.$anonfun$new$1476(NonAggregateFunctionsTests.scala:2219)
[info]   at org.scalatest.OutcomeOf.outcomeOf(OutcomeOf.scala:85)
[info]   at org.scalatest.OutcomeOf.outcomeOf$(OutcomeOf.scala:83)
[info]   at org.scalatest.OutcomeOf$.outcomeOf(OutcomeOf.scala:104)
[info]   at org.scalatest.Transformer.apply(Transformer.scala:22)
[info]   at org.scalatest.Transformer.apply(Transformer.scala:20)
[info]   at org.scalatest.funsuite.AnyFunSuiteLike$$anon$1.apply(AnyFunSuiteLike.scala:226)
[info]   at org.scalatest.TestSuite.withFixture(TestSuite.scala:196)
[info]   at org.scalatest.TestSuite.withFixture$(TestSuite.scala:195)
[info]   at org.scalatest.funsuite.AnyFunSuite.withFixture(AnyFunSuite.scala:1564)
[info]   at org.scalatest.funsuite.AnyFunSuiteLike.invokeWithFixture$1(AnyFunSuiteLike.scala:224)
[info]   at org.scalatest.funsuite.AnyFunSuiteLike.$anonfun$runTest$1(AnyFunSuiteLike.scala:236)
[info]   at org.scalatest.SuperEngine.runTestImpl(Engine.scala:306)
[info]   at org.scalatest.funsuite.AnyFunSuiteLike.runTest(AnyFunSuiteLike.scala:236)
[info]   at org.scalatest.funsuite.AnyFunSuiteLike.runTest$(AnyFunSuiteLike.scala:218)
[info]   at org.scalatest.funsuite.AnyFunSuite.runTest(AnyFunSuite.scala:1564)
[info]   at org.scalatest.funsuite.AnyFunSuiteLike.$anonfun$runTests$1(AnyFunSuiteLike.scala:269)
[info]   at org.scalatest.SuperEngine.$anonfun$runTestsInBranch$1(Engine.scala:413)
[info]   at scala.collection.immutable.List.foreach(List.scala:334)
[info]   at org.scalatest.SuperEngine.traverseSubNodes$1(Engine.scala:401)
[info]   at org.scalatest.SuperEngine.runTestsInBranch(Engine.scala:396)
[info]   at org.scalatest.SuperEngine.runTestsImpl(Engine.scala:475)
[info]   at org.scalatest.funsuite.AnyFunSuiteLike.runTests(AnyFunSuiteLike.scala:269)
[info]   at org.scalatest.funsuite.AnyFunSuiteLike.runTests$(AnyFunSuiteLike.scala:268)
[info]   at org.scalatest.funsuite.AnyFunSuite.runTests(AnyFunSuite.scala:1564)
[info]   at org.scalatest.Suite.run(Suite.scala:1114)
[info]   at org.scalatest.Suite.run$(Suite.scala:1096)
[info]   at org.scalatest.funsuite.AnyFunSuite.org$scalatest$funsuite$AnyFunSuiteLike$$super$run(AnyFunSuite.scala:1564)
[info]   at org.scalatest.funsuite.AnyFunSuiteLike.$anonfun$run$1(AnyFunSuiteLike.scala:273)
[info]   at org.scalatest.SuperEngine.runImpl(Engine.scala:535)
[info]   at org.scalatest.funsuite.AnyFunSuiteLike.run(AnyFunSuiteLike.scala:273)
[info]   at org.scalatest.funsuite.AnyFunSuiteLike.run$(AnyFunSuiteLike.scala:272)
[info]   at frameless.TypedDatasetSuite.org$scalatest$BeforeAndAfterAll$$super$run(TypedDatasetSuite.scala:63)
[info]   at org.scalatest.BeforeAndAfterAll.liftedTree1$1(BeforeAndAfterAll.scala:213)
[info]   at org.scalatest.BeforeAndAfterAll.run(BeforeAndAfterAll.scala:210)
[info]   at org.scalatest.BeforeAndAfterAll.run$(BeforeAndAfterAll.scala:208)
[info]   at frameless.TypedDatasetSuite.run(TypedDatasetSuite.scala:63)
[info]   at org.scalatest.tools.Framework.org$scalatest$tools$Framework$$runSuite(Framework.scala:321)
[info]   at org.scalatest.tools.Framework$ScalaTestTask.execute(Framework.scala:517)
[info]   at sbt.ForkMain$Run.lambda$runTest$1(ForkMain.java:414)
[info]   at java.base/java.util.concurrent.FutureTask.run(FutureTask.java:317)
[info]   at java.base/java.util.concurrent.ThreadPoolExecutor.runWorker(ThreadPoolExecutor.java:1144)
[info]   at java.base/java.util.concurrent.ThreadPoolExecutor$Worker.run(ThreadPoolExecutor.java:642)
[info]   at java.base/java.lang.Thread.run(Thread.java:1583)
[info]   Cause: java.lang.IllegalArgumentException: argument type mismatch
[info]   at java.base/jdk.internal.reflect.DirectConstructorHandleAccessor.newInstance(DirectConstructorHandleAccessor.java:65)
[info]   at java.base/java.lang.reflect.Constructor.newInstanceWithCaller(Constructor.java:502)
[info]   at java.base/java.lang.reflect.Constructor.newInstance(Constructor.java:486)
[info]   at frameless.TypedExpressionEncoder$.$anonfun$apply$3(TypedExpressionEncoder.scala:55)
[info]   at scala.Option.map(Option.scala:242)
[info]   at frameless.TypedExpressionEncoder$.apply(TypedExpressionEncoder.scala:54)
[info]   at frameless.TypedDataset$.create(TypedDataset.scala:1325)
[info]   at frameless.functions.NonAggregateFunctionsTests.prop$59(NonAggregateFunctionsTests.scala:2211)
[info]   at frameless.functions.NonAggregateFunctionsTests.$anonfun$new$1491(NonAggregateFunctionsTests.scala:2219)
[info]   at scala.Function1.$anonfun$andThen$1(Function1.scala:87)
[info]   at org.scalacheck.Prop$.$anonfun$forAllShrink$2(Prop.scala:868)
[info]   at org.scalacheck.Prop$.secure(Prop.scala:484)
[info]   at org.scalacheck.Prop$.result$1(Prop.scala:868)
[info]   at org.scalacheck.Prop$.$anonfun$forAllShrink$1(Prop.scala:915)
[info]   at org.scalacheck.Prop$.$anonfun$apply$1(Prop.scala:305)
[info]   at org.scalacheck.PropFromFun.apply(Prop.scala:20)
[info]   at org.scalacheck.Test$.workerFun$1(Test.scala:486)
[info]   at org.scalacheck.Test$.$anonfun$check$4(Test.scala:518)
[info]   at org.scalacheck.Test$.$anonfun$check$4$adapted(Test.scala:518)
[info]   at org.scalacheck.Platform$.runWorkers(Platform.scala:42)
[info]   at org.scalacheck.Test$.check(Test.scala:518)
[info]   at org.scalatestplus.scalacheck.UnitCheckerAsserting$CheckerAssertingImpl.check(CheckerAsserting.scala:90)
[info]   at org.scalatestplus.scalacheck.Checkers.check(Checkers.scala:371)
[info]   at org.scalatestplus.scalacheck.Checkers.check$(Checkers.scala:369)
[info]   at frameless.TypedDatasetSuite.check(TypedDatasetSuite.scala:63)
[info]   at frameless.functions.NonAggregateFunctionsTests.$anonfun$new$1476(NonAggregateFunctionsTests.scala:2219)
[info]   at org.scalatest.OutcomeOf.outcomeOf(OutcomeOf.scala:85)
[info]   at org.scalatest.OutcomeOf.outcomeOf$(OutcomeOf.scala:83)
[info]   at org.scalatest.OutcomeOf$.outcomeOf(OutcomeOf.scala:104)
[info]   at org.scalatest.Transformer.apply(Transformer.scala:22)
[info]   at org.scalatest.Transformer.apply(Transformer.scala:20)
[info]   at org.scalatest.funsuite.AnyFunSuiteLike$$anon$1.apply(AnyFunSuiteLike.scala:226)
[info]   at org.scalatest.TestSuite.withFixture(TestSuite.scala:196)
[info]   at org.scalatest.TestSuite.withFixture$(TestSuite.scala:195)
[info]   at org.scalatest.funsuite.AnyFunSuite.withFixture(AnyFunSuite.scala:1564)
[info]   at org.scalatest.funsuite.AnyFunSuiteLike.invokeWithFixture$1(AnyFunSuiteLike.scala:224)
[info]   at org.scalatest.funsuite.AnyFunSuiteLike.$anonfun$runTest$1(AnyFunSuiteLike.scala:236)
[info]   at org.scalatest.SuperEngine.runTestImpl(Engine.scala:306)
[info]   at org.scalatest.funsuite.AnyFunSuiteLike.runTest(AnyFunSuiteLike.scala:236)
[info]   at org.scalatest.funsuite.AnyFunSuiteLike.runTest$(AnyFunSuiteLike.scala:218)
[info]   at org.scalatest.funsuite.AnyFunSuite.runTest(AnyFunSuite.scala:1564)
[info]   at org.scalatest.funsuite.AnyFunSuiteLike.$anonfun$runTests$1(AnyFunSuiteLike.scala:269)
[info]   at org.scalatest.SuperEngine.$anonfun$runTestsInBranch$1(Engine.scala:413)
[info]   at scala.collection.immutable.List.foreach(List.scala:334)
[info]   at org.scalatest.SuperEngine.traverseSubNodes$1(Engine.scala:401)
[info]   at org.scalatest.SuperEngine.runTestsInBranch(Engine.scala:396)
[info]   at org.scalatest.SuperEngine.runTestsImpl(Engine.scala:475)
[info]   at org.scalatest.funsuite.AnyFunSuiteLike.runTests(AnyFunSuiteLike.scala:269)
[info]   at org.scalatest.funsuite.AnyFunSuiteLike.runTests$(AnyFunSuiteLike.scala:268)
[info]   at org.scalatest.funsuite.AnyFunSuite.runTests(AnyFunSuite.scala:1564)
[info]   at org.scalatest.Suite.run(Suite.scala:1114)
[info]   at org.scalatest.Suite.run$(Suite.scala:1096)
[info]   at org.scalatest.funsuite.AnyFunSuite.org$scalatest$funsuite$AnyFunSuiteLike$$super$run(AnyFunSuite.scala:1564)
[info]   at org.scalatest.funsuite.AnyFunSuiteLike.$anonfun$run$1(AnyFunSuiteLike.scala:273)
[info]   at org.scalatest.SuperEngine.runImpl(Engine.scala:535)
[info]   at org.scalatest.funsuite.AnyFunSuiteLike.run(AnyFunSuiteLike.scala:273)
[info]   at org.scalatest.funsuite.AnyFunSuiteLike.run$(AnyFunSuiteLike.scala:272)
[info]   at frameless.TypedDatasetSuite.org$scalatest$BeforeAndAfterAll$$super$run(TypedDatasetSuite.scala:63)
[info]   at org.scalatest.BeforeAndAfterAll.liftedTree1$1(BeforeAndAfterAll.scala:213)
[info]   at org.scalatest.BeforeAndAfterAll.run(BeforeAndAfterAll.scala:210)
[info]   at org.scalatest.BeforeAndAfterAll.run$(BeforeAndAfterAll.scala:208)
[info]   at frameless.TypedDatasetSuite.run(TypedDatasetSuite.scala:63)
[info]   at org.scalatest.tools.Framework.org$scalatest$tools$Framework$$runSuite(Framework.scala:321)
[info]   at org.scalatest.tools.Framework$ScalaTestTask.execute(Framework.scala:517)
[info]   at sbt.ForkMain$Run.lambda$runTest$1(ForkMain.java:414)
[info]   at java.base/java.util.concurrent.FutureTask.run(FutureTask.java:317)
[info]   at java.base/java.util.concurrent.ThreadPoolExecutor.runWorker(ThreadPoolExecutor.java:1144)
[info]   at java.base/java.util.concurrent.ThreadPoolExecutor$Worker.run(ThreadPoolExecutor.java:642)
[info]   at java.base/java.lang.Thread.run(Thread.java:1583)
[info]   Cause: java.lang.ClassCastException: Cannot cast scala.reflect.ClassTag$GenericClassTag to org.apache.spark.sql.catalyst.expressions.Expression
[info]   at java.base/java.lang.Class.cast(Class.java:4067)
[info]   at java.base/jdk.internal.reflect.DirectConstructorHandleAccessor.newInstance(DirectConstructorHandleAccessor.java:62)
[info]   at java.base/java.lang.reflect.Constructor.newInstanceWithCaller(Constructor.java:502)
[info]   at java.base/java.lang.reflect.Constructor.newInstance(Constructor.java:486)
[info]   at frameless.TypedExpressionEncoder$.$anonfun$apply$3(TypedExpressionEncoder.scala:55)
[info]   at scala.Option.map(Option.scala:242)
[info]   at frameless.TypedExpressionEncoder$.apply(TypedExpressionEncoder.scala:54)
[info]   at frameless.TypedDataset$.create(TypedDataset.scala:1325)
[info]   at frameless.functions.NonAggregateFunctionsTests.prop$59(NonAggregateFunctionsTests.scala:2211)
[info]   at frameless.functions.NonAggregateFunctionsTests.$anonfun$new$1491(NonAggregateFunctionsTests.scala:2219)
[info]   at scala.Function1.$anonfun$andThen$1(Function1.scala:87)
[info]   at org.scalacheck.Prop$.$anonfun$forAllShrink$2(Prop.scala:868)
[info]   at org.scalacheck.Prop$.secure(Prop.scala:484)
[info]   at org.scalacheck.Prop$.result$1(Prop.scala:868)
[info]   at org.scalacheck.Prop$.$anonfun$forAllShrink$1(Prop.scala:915)
[info]   at org.scalacheck.Prop$.$anonfun$apply$1(Prop.scala:305)
[info]   at org.scalacheck.PropFromFun.apply(Prop.scala:20)
[info]   at org.scalacheck.Test$.workerFun$1(Test.scala:486)
[info]   at org.scalacheck.Test$.$anonfun$check$4(Test.scala:518)
[info]   at org.scalacheck.Test$.$anonfun$check$4$adapted(Test.scala:518)
[info]   at org.scalacheck.Platform$.runWorkers(Platform.scala:42)
[info]   at org.scalacheck.Test$.check(Test.scala:518)
[info]   at org.scalatestplus.scalacheck.UnitCheckerAsserting$CheckerAssertingImpl.check(CheckerAsserting.scala:90)
[info]   at org.scalatestplus.scalacheck.Checkers.check(Checkers.scala:371)
[info]   at org.scalatestplus.scalacheck.Checkers.check$(Checkers.scala:369)
[info]   at frameless.TypedDatasetSuite.check(TypedDatasetSuite.scala:63)
[info]   at frameless.functions.NonAggregateFunctionsTests.$anonfun$new$1476(NonAggregateFunctionsTests.scala:2219)
[info]   at org.scalatest.OutcomeOf.outcomeOf(OutcomeOf.scala:85)
[info]   at org.scalatest.OutcomeOf.outcomeOf$(OutcomeOf.scala:83)
[info]   at org.scalatest.OutcomeOf$.outcomeOf(OutcomeOf.scala:104)
[info]   at org.scalatest.Transformer.apply(Transformer.scala:22)
[info]   at org.scalatest.Transformer.apply(Transformer.scala:20)
[info]   at org.scalatest.funsuite.AnyFunSuiteLike$$anon$1.apply(AnyFunSuiteLike.scala:226)
[info]   at org.scalatest.TestSuite.withFixture(TestSuite.scala:196)
[info]   at org.scalatest.TestSuite.withFixture$(TestSuite.scala:195)
[info]   at org.scalatest.funsuite.AnyFunSuite.withFixture(AnyFunSuite.scala:1564)
[info]   at org.scalatest.funsuite.AnyFunSuiteLike.invokeWithFixture$1(AnyFunSuiteLike.scala:224)
[info]   at org.scalatest.funsuite.AnyFunSuiteLike.$anonfun$runTest$1(AnyFunSuiteLike.scala:236)
[info]   at org.scalatest.SuperEngine.runTestImpl(Engine.scala:306)
[info]   at org.scalatest.funsuite.AnyFunSuiteLike.runTest(AnyFunSuiteLike.scala:236)
[info]   at org.scalatest.funsuite.AnyFunSuiteLike.runTest$(AnyFunSuiteLike.scala:218)
[info]   at org.scalatest.funsuite.AnyFunSuite.runTest(AnyFunSuite.scala:1564)
[info]   at org.scalatest.funsuite.AnyFunSuiteLike.$anonfun$runTests$1(AnyFunSuiteLike.scala:269)
[info]   at org.scalatest.SuperEngine.$anonfun$runTestsInBranch$1(Engine.scala:413)
[info]   at scala.collection.immutable.List.foreach(List.scala:334)
[info]   at org.scalatest.SuperEngine.traverseSubNodes$1(Engine.scala:401)
[info]   at org.scalatest.SuperEngine.runTestsInBranch(Engine.scala:396)
[info]   at org.scalatest.SuperEngine.runTestsImpl(Engine.scala:475)
[info]   at org.scalatest.funsuite.AnyFunSuiteLike.runTests(AnyFunSuiteLike.scala:269)
[info]   at org.scalatest.funsuite.AnyFunSuiteLike.runTests$(AnyFunSuiteLike.scala:268)
[info]   at org.scalatest.funsuite.AnyFunSuite.runTests(AnyFunSuite.scala:1564)
[info]   at org.scalatest.Suite.run(Suite.scala:1114)
[info]   at org.scalatest.Suite.run$(Suite.scala:1096)
[info]   at org.scalatest.funsuite.AnyFunSuite.org$scalatest$funsuite$AnyFunSuiteLike$$super$run(AnyFunSuite.scala:1564)
[info]   at org.scalatest.funsuite.AnyFunSuiteLike.$anonfun$run$1(AnyFunSuiteLike.scala:273)
[info]   at org.scalatest.SuperEngine.runImpl(Engine.scala:535)
[info]   at org.scalatest.funsuite.AnyFunSuiteLike.run(AnyFunSuiteLike.scala:273)
[info]   at org.scalatest.funsuite.AnyFunSuiteLike.run$(AnyFunSuiteLike.scala:272)
[info]   at frameless.TypedDatasetSuite.org$scalatest$BeforeAndAfterAll$$super$run(TypedDatasetSuite.scala:63)
[info]   at org.scalatest.BeforeAndAfterAll.liftedTree1$1(BeforeAndAfterAll.scala:213)
[info]   at org.scalatest.BeforeAndAfterAll.run(BeforeAndAfterAll.scala:210)
[info]   at org.scalatest.BeforeAndAfterAll.run$(BeforeAndAfterAll.scala:208)
[info]   at frameless.TypedDatasetSuite.run(TypedDatasetSuite.scala:63)
[info]   at org.scalatest.tools.Framework.org$scalatest$tools$Framework$$runSuite(Framework.scala:321)
[info]   at org.scalatest.tools.Framework$ScalaTestTask.execute(Framework.scala:517)
[info]   at sbt.ForkMain$Run.lambda$runTest$1(ForkMain.java:414)
[info]   at java.base/java.util.concurrent.FutureTask.run(FutureTask.java:317)
[info]   at java.base/java.util.concurrent.ThreadPoolExecutor.runWorker(ThreadPoolExecutor.java:1144)
[info]   at java.base/java.util.concurrent.ThreadPoolExecutor$Worker.run(ThreadPoolExecutor.java:642)
[info]   at java.base/java.lang.Thread.run(Thread.java:1583)
[info] - year *** FAILED *** (5 milliseconds)
[info]   IllegalArgumentException was thrown during property evaluation.
[info]     Message: argument type mismatch
[info]     Occurred when passed generated values (
[info]       arg0 = List()
[info]     )
[info]   org.scalatest.exceptions.GeneratorDrivenPropertyCheckFailedException:
[info]   at org.scalatestplus.scalacheck.CheckerAsserting$$anon$2.indicateFailure(CheckerAsserting.scala:251)
[info]   at org.scalatestplus.scalacheck.CheckerAsserting$$anon$2.indicateFailure(CheckerAsserting.scala:238)
[info]   at org.scalatestplus.scalacheck.UnitCheckerAsserting$CheckerAssertingImpl.check(CheckerAsserting.scala:160)
[info]   at org.scalatestplus.scalacheck.Checkers.check(Checkers.scala:371)
[info]   at org.scalatestplus.scalacheck.Checkers.check$(Checkers.scala:369)
[info]   at frameless.TypedDatasetSuite.check(TypedDatasetSuite.scala:63)
[info]   at frameless.functions.NonAggregateFunctionsTests.$anonfun$new$1495(NonAggregateFunctionsTests.scala:2252)
[info]   at org.scalatest.OutcomeOf.outcomeOf(OutcomeOf.scala:85)
[info]   at org.scalatest.OutcomeOf.outcomeOf$(OutcomeOf.scala:83)
[info]   at org.scalatest.OutcomeOf$.outcomeOf(OutcomeOf.scala:104)
[info]   at org.scalatest.Transformer.apply(Transformer.scala:22)
[info]   at org.scalatest.Transformer.apply(Transformer.scala:20)
[info]   at org.scalatest.funsuite.AnyFunSuiteLike$$anon$1.apply(AnyFunSuiteLike.scala:226)
[info]   at org.scalatest.TestSuite.withFixture(TestSuite.scala:196)
[info]   at org.scalatest.TestSuite.withFixture$(TestSuite.scala:195)
[info]   at org.scalatest.funsuite.AnyFunSuite.withFixture(AnyFunSuite.scala:1564)
[info]   at org.scalatest.funsuite.AnyFunSuiteLike.invokeWithFixture$1(AnyFunSuiteLike.scala:224)
[info]   at org.scalatest.funsuite.AnyFunSuiteLike.$anonfun$runTest$1(AnyFunSuiteLike.scala:236)
[info]   at org.scalatest.SuperEngine.runTestImpl(Engine.scala:306)
[info]   at org.scalatest.funsuite.AnyFunSuiteLike.runTest(AnyFunSuiteLike.scala:236)
[info]   at org.scalatest.funsuite.AnyFunSuiteLike.runTest$(AnyFunSuiteLike.scala:218)
[info]   at org.scalatest.funsuite.AnyFunSuite.runTest(AnyFunSuite.scala:1564)
[info]   at org.scalatest.funsuite.AnyFunSuiteLike.$anonfun$runTests$1(AnyFunSuiteLike.scala:269)
[info]   at org.scalatest.SuperEngine.$anonfun$runTestsInBranch$1(Engine.scala:413)
[info]   at scala.collection.immutable.List.foreach(List.scala:334)
[info]   at org.scalatest.SuperEngine.traverseSubNodes$1(Engine.scala:401)
[info]   at org.scalatest.SuperEngine.runTestsInBranch(Engine.scala:396)
[info]   at org.scalatest.SuperEngine.runTestsImpl(Engine.scala:475)
[info]   at org.scalatest.funsuite.AnyFunSuiteLike.runTests(AnyFunSuiteLike.scala:269)
[info]   at org.scalatest.funsuite.AnyFunSuiteLike.runTests$(AnyFunSuiteLike.scala:268)
[info]   at org.scalatest.funsuite.AnyFunSuite.runTests(AnyFunSuite.scala:1564)
[info]   at org.scalatest.Suite.run(Suite.scala:1114)
[info]   at org.scalatest.Suite.run$(Suite.scala:1096)
[info]   at org.scalatest.funsuite.AnyFunSuite.org$scalatest$funsuite$AnyFunSuiteLike$$super$run(AnyFunSuite.scala:1564)
[info]   at org.scalatest.funsuite.AnyFunSuiteLike.$anonfun$run$1(AnyFunSuiteLike.scala:273)
[info]   at org.scalatest.SuperEngine.runImpl(Engine.scala:535)
[info]   at org.scalatest.funsuite.AnyFunSuiteLike.run(AnyFunSuiteLike.scala:273)
[info]   at org.scalatest.funsuite.AnyFunSuiteLike.run$(AnyFunSuiteLike.scala:272)
[info]   at frameless.TypedDatasetSuite.org$scalatest$BeforeAndAfterAll$$super$run(TypedDatasetSuite.scala:63)
[info]   at org.scalatest.BeforeAndAfterAll.liftedTree1$1(BeforeAndAfterAll.scala:213)
[info]   at org.scalatest.BeforeAndAfterAll.run(BeforeAndAfterAll.scala:210)
[info]   at org.scalatest.BeforeAndAfterAll.run$(BeforeAndAfterAll.scala:208)
[info]   at frameless.TypedDatasetSuite.run(TypedDatasetSuite.scala:63)
[info]   at org.scalatest.tools.Framework.org$scalatest$tools$Framework$$runSuite(Framework.scala:321)
[info]   at org.scalatest.tools.Framework$ScalaTestTask.execute(Framework.scala:517)
[info]   at sbt.ForkMain$Run.lambda$runTest$1(ForkMain.java:414)
[info]   at java.base/java.util.concurrent.FutureTask.run(FutureTask.java:317)
[info]   at java.base/java.util.concurrent.ThreadPoolExecutor.runWorker(ThreadPoolExecutor.java:1144)
[info]   at java.base/java.util.concurrent.ThreadPoolExecutor$Worker.run(ThreadPoolExecutor.java:642)
[info]   at java.base/java.lang.Thread.run(Thread.java:1583)
[info]   Cause: java.lang.IllegalArgumentException: argument type mismatch
[info]   at java.base/jdk.internal.reflect.DirectConstructorHandleAccessor.newInstance(DirectConstructorHandleAccessor.java:65)
[info]   at java.base/java.lang.reflect.Constructor.newInstanceWithCaller(Constructor.java:502)
[info]   at java.base/java.lang.reflect.Constructor.newInstance(Constructor.java:486)
[info]   at frameless.TypedExpressionEncoder$.$anonfun$apply$3(TypedExpressionEncoder.scala:55)
[info]   at scala.Option.map(Option.scala:242)
[info]   at frameless.TypedExpressionEncoder$.apply(TypedExpressionEncoder.scala:54)
[info]   at frameless.TypedDataset$.create(TypedDataset.scala:1325)
[info]   at frameless.functions.NonAggregateFunctionsTests.prop$60(NonAggregateFunctionsTests.scala:2248)
[info]   at frameless.functions.NonAggregateFunctionsTests.$anonfun$new$1503(NonAggregateFunctionsTests.scala:2252)
[info]   at org.scalacheck.Prop$.$anonfun$forAllShrink$2(Prop.scala:868)
[info]   at org.scalacheck.Prop$.secure(Prop.scala:484)
[info]   at org.scalacheck.Prop$.result$1(Prop.scala:868)
[info]   at org.scalacheck.Prop$.$anonfun$forAllShrink$1(Prop.scala:915)
[info]   at org.scalacheck.Prop$.$anonfun$apply$1(Prop.scala:305)
[info]   at org.scalacheck.PropFromFun.apply(Prop.scala:20)
[info]   at org.scalacheck.Test$.workerFun$1(Test.scala:486)
[info]   at org.scalacheck.Test$.$anonfun$check$4(Test.scala:518)
[info]   at org.scalacheck.Test$.$anonfun$check$4$adapted(Test.scala:518)
[info]   at org.scalacheck.Platform$.runWorkers(Platform.scala:42)
[info]   at org.scalacheck.Test$.check(Test.scala:518)
[info]   at org.scalatestplus.scalacheck.UnitCheckerAsserting$CheckerAssertingImpl.check(CheckerAsserting.scala:90)
[info]   at org.scalatestplus.scalacheck.Checkers.check(Checkers.scala:371)
[info]   at org.scalatestplus.scalacheck.Checkers.check$(Checkers.scala:369)
[info]   at frameless.TypedDatasetSuite.check(TypedDatasetSuite.scala:63)
[info]   at frameless.functions.NonAggregateFunctionsTests.$anonfun$new$1495(NonAggregateFunctionsTests.scala:2252)
[info]   at org.scalatest.OutcomeOf.outcomeOf(OutcomeOf.scala:85)
[info]   at org.scalatest.OutcomeOf.outcomeOf$(OutcomeOf.scala:83)
[info]   at org.scalatest.OutcomeOf$.outcomeOf(OutcomeOf.scala:104)
[info]   at org.scalatest.Transformer.apply(Transformer.scala:22)
[info]   at org.scalatest.Transformer.apply(Transformer.scala:20)
[info]   at org.scalatest.funsuite.AnyFunSuiteLike$$anon$1.apply(AnyFunSuiteLike.scala:226)
[info]   at org.scalatest.TestSuite.withFixture(TestSuite.scala:196)
[info]   at org.scalatest.TestSuite.withFixture$(TestSuite.scala:195)
[info]   at org.scalatest.funsuite.AnyFunSuite.withFixture(AnyFunSuite.scala:1564)
[info]   at org.scalatest.funsuite.AnyFunSuiteLike.invokeWithFixture$1(AnyFunSuiteLike.scala:224)
[info]   at org.scalatest.funsuite.AnyFunSuiteLike.$anonfun$runTest$1(AnyFunSuiteLike.scala:236)
[info]   at org.scalatest.SuperEngine.runTestImpl(Engine.scala:306)
[info]   at org.scalatest.funsuite.AnyFunSuiteLike.runTest(AnyFunSuiteLike.scala:236)
[info]   at org.scalatest.funsuite.AnyFunSuiteLike.runTest$(AnyFunSuiteLike.scala:218)
[info]   at org.scalatest.funsuite.AnyFunSuite.runTest(AnyFunSuite.scala:1564)
[info]   at org.scalatest.funsuite.AnyFunSuiteLike.$anonfun$runTests$1(AnyFunSuiteLike.scala:269)
[info]   at org.scalatest.SuperEngine.$anonfun$runTestsInBranch$1(Engine.scala:413)
[info]   at scala.collection.immutable.List.foreach(List.scala:334)
[info]   at org.scalatest.SuperEngine.traverseSubNodes$1(Engine.scala:401)
[info]   at org.scalatest.SuperEngine.runTestsInBranch(Engine.scala:396)
[info]   at org.scalatest.SuperEngine.runTestsImpl(Engine.scala:475)
[info]   at org.scalatest.funsuite.AnyFunSuiteLike.runTests(AnyFunSuiteLike.scala:269)
[info]   at org.scalatest.funsuite.AnyFunSuiteLike.runTests$(AnyFunSuiteLike.scala:268)
[info]   at org.scalatest.funsuite.AnyFunSuite.runTests(AnyFunSuite.scala:1564)
[info]   at org.scalatest.Suite.run(Suite.scala:1114)
[info]   at org.scalatest.Suite.run$(Suite.scala:1096)
[info]   at org.scalatest.funsuite.AnyFunSuite.org$scalatest$funsuite$AnyFunSuiteLike$$super$run(AnyFunSuite.scala:1564)
[info]   at org.scalatest.funsuite.AnyFunSuiteLike.$anonfun$run$1(AnyFunSuiteLike.scala:273)
[info]   at org.scalatest.SuperEngine.runImpl(Engine.scala:535)
[info]   at org.scalatest.funsuite.AnyFunSuiteLike.run(AnyFunSuiteLike.scala:273)
[info]   at org.scalatest.funsuite.AnyFunSuiteLike.run$(AnyFunSuiteLike.scala:272)
[info]   at frameless.TypedDatasetSuite.org$scalatest$BeforeAndAfterAll$$super$run(TypedDatasetSuite.scala:63)
[info]   at org.scalatest.BeforeAndAfterAll.liftedTree1$1(BeforeAndAfterAll.scala:213)
[info]   at org.scalatest.BeforeAndAfterAll.run(BeforeAndAfterAll.scala:210)
[info]   at org.scalatest.BeforeAndAfterAll.run$(BeforeAndAfterAll.scala:208)
[info]   at frameless.TypedDatasetSuite.run(TypedDatasetSuite.scala:63)
[info]   at org.scalatest.tools.Framework.org$scalatest$tools$Framework$$runSuite(Framework.scala:321)
[info]   at org.scalatest.tools.Framework$ScalaTestTask.execute(Framework.scala:517)
[info]   at sbt.ForkMain$Run.lambda$runTest$1(ForkMain.java:414)
[info]   at java.base/java.util.concurrent.FutureTask.run(FutureTask.java:317)
[info]   at java.base/java.util.concurrent.ThreadPoolExecutor.runWorker(ThreadPoolExecutor.java:1144)
[info]   at java.base/java.util.concurrent.ThreadPoolExecutor$Worker.run(ThreadPoolExecutor.java:642)
[info]   at java.base/java.lang.Thread.run(Thread.java:1583)
[info]   Cause: java.lang.ClassCastException: Cannot cast scala.reflect.ClassTag$GenericClassTag to org.apache.spark.sql.catalyst.expressions.Expression
[info]   at java.base/java.lang.Class.cast(Class.java:4067)
[info]   at java.base/jdk.internal.reflect.DirectConstructorHandleAccessor.newInstance(DirectConstructorHandleAccessor.java:62)
[info]   at java.base/java.lang.reflect.Constructor.newInstanceWithCaller(Constructor.java:502)
[info]   at java.base/java.lang.reflect.Constructor.newInstance(Constructor.java:486)
[info]   at frameless.TypedExpressionEncoder$.$anonfun$apply$3(TypedExpressionEncoder.scala:55)
[info]   at scala.Option.map(Option.scala:242)
[info]   at frameless.TypedExpressionEncoder$.apply(TypedExpressionEncoder.scala:54)
[info]   at frameless.TypedDataset$.create(TypedDataset.scala:1325)
[info]   at frameless.functions.NonAggregateFunctionsTests.prop$60(NonAggregateFunctionsTests.scala:2248)
[info]   at frameless.functions.NonAggregateFunctionsTests.$anonfun$new$1503(NonAggregateFunctionsTests.scala:2252)
[info]   at org.scalacheck.Prop$.$anonfun$forAllShrink$2(Prop.scala:868)
[info]   at org.scalacheck.Prop$.secure(Prop.scala:484)
[info]   at org.scalacheck.Prop$.result$1(Prop.scala:868)
[info]   at org.scalacheck.Prop$.$anonfun$forAllShrink$1(Prop.scala:915)
[info]   at org.scalacheck.Prop$.$anonfun$apply$1(Prop.scala:305)
[info]   at org.scalacheck.PropFromFun.apply(Prop.scala:20)
[info]   at org.scalacheck.Test$.workerFun$1(Test.scala:486)
[info]   at org.scalacheck.Test$.$anonfun$check$4(Test.scala:518)
[info]   at org.scalacheck.Test$.$anonfun$check$4$adapted(Test.scala:518)
[info]   at org.scalacheck.Platform$.runWorkers(Platform.scala:42)
[info]   at org.scalacheck.Test$.check(Test.scala:518)
[info]   at org.scalatestplus.scalacheck.UnitCheckerAsserting$CheckerAssertingImpl.check(CheckerAsserting.scala:90)
[info]   at org.scalatestplus.scalacheck.Checkers.check(Checkers.scala:371)
[info]   at org.scalatestplus.scalacheck.Checkers.check$(Checkers.scala:369)
[info]   at frameless.TypedDatasetSuite.check(TypedDatasetSuite.scala:63)
[info]   at frameless.functions.NonAggregateFunctionsTests.$anonfun$new$1495(NonAggregateFunctionsTests.scala:2252)
[info]   at org.scalatest.OutcomeOf.outcomeOf(OutcomeOf.scala:85)
[info]   at org.scalatest.OutcomeOf.outcomeOf$(OutcomeOf.scala:83)
[info]   at org.scalatest.OutcomeOf$.outcomeOf(OutcomeOf.scala:104)
[info]   at org.scalatest.Transformer.apply(Transformer.scala:22)
[info]   at org.scalatest.Transformer.apply(Transformer.scala:20)
[info]   at org.scalatest.funsuite.AnyFunSuiteLike$$anon$1.apply(AnyFunSuiteLike.scala:226)
[info]   at org.scalatest.TestSuite.withFixture(TestSuite.scala:196)
[info]   at org.scalatest.TestSuite.withFixture$(TestSuite.scala:195)
[info]   at org.scalatest.funsuite.AnyFunSuite.withFixture(AnyFunSuite.scala:1564)
[info]   at org.scalatest.funsuite.AnyFunSuiteLike.invokeWithFixture$1(AnyFunSuiteLike.scala:224)
[info]   at org.scalatest.funsuite.AnyFunSuiteLike.$anonfun$runTest$1(AnyFunSuiteLike.scala:236)
[info]   at org.scalatest.SuperEngine.runTestImpl(Engine.scala:306)
[info]   at org.scalatest.funsuite.AnyFunSuiteLike.runTest(AnyFunSuiteLike.scala:236)
[info]   at org.scalatest.funsuite.AnyFunSuiteLike.runTest$(AnyFunSuiteLike.scala:218)
[info]   at org.scalatest.funsuite.AnyFunSuite.runTest(AnyFunSuite.scala:1564)
[info]   at org.scalatest.funsuite.AnyFunSuiteLike.$anonfun$runTests$1(AnyFunSuiteLike.scala:269)
[info]   at org.scalatest.SuperEngine.$anonfun$runTestsInBranch$1(Engine.scala:413)
[info]   at scala.collection.immutable.List.foreach(List.scala:334)
[info]   at org.scalatest.SuperEngine.traverseSubNodes$1(Engine.scala:401)
[info]   at org.scalatest.SuperEngine.runTestsInBranch(Engine.scala:396)
[info]   at org.scalatest.SuperEngine.runTestsImpl(Engine.scala:475)
[info]   at org.scalatest.funsuite.AnyFunSuiteLike.runTests(AnyFunSuiteLike.scala:269)
[info]   at org.scalatest.funsuite.AnyFunSuiteLike.runTests$(AnyFunSuiteLike.scala:268)
[info]   at org.scalatest.funsuite.AnyFunSuite.runTests(AnyFunSuite.scala:1564)
[info]   at org.scalatest.Suite.run(Suite.scala:1114)
[info]   at org.scalatest.Suite.run$(Suite.scala:1096)
[info]   at org.scalatest.funsuite.AnyFunSuite.org$scalatest$funsuite$AnyFunSuiteLike$$super$run(AnyFunSuite.scala:1564)
[info]   at org.scalatest.funsuite.AnyFunSuiteLike.$anonfun$run$1(AnyFunSuiteLike.scala:273)
[info]   at org.scalatest.SuperEngine.runImpl(Engine.scala:535)
[info]   at org.scalatest.funsuite.AnyFunSuiteLike.run(AnyFunSuiteLike.scala:273)
[info]   at org.scalatest.funsuite.AnyFunSuiteLike.run$(AnyFunSuiteLike.scala:272)
[info]   at frameless.TypedDatasetSuite.org$scalatest$BeforeAndAfterAll$$super$run(TypedDatasetSuite.scala:63)
[info]   at org.scalatest.BeforeAndAfterAll.liftedTree1$1(BeforeAndAfterAll.scala:213)
[info]   at org.scalatest.BeforeAndAfterAll.run(BeforeAndAfterAll.scala:210)
[info]   at org.scalatest.BeforeAndAfterAll.run$(BeforeAndAfterAll.scala:208)
[info]   at frameless.TypedDatasetSuite.run(TypedDatasetSuite.scala:63)
[info]   at org.scalatest.tools.Framework.org$scalatest$tools$Framework$$runSuite(Framework.scala:321)
[info]   at org.scalatest.tools.Framework$ScalaTestTask.execute(Framework.scala:517)
[info]   at sbt.ForkMain$Run.lambda$runTest$1(ForkMain.java:414)
[info]   at java.base/java.util.concurrent.FutureTask.run(FutureTask.java:317)
[info]   at java.base/java.util.concurrent.ThreadPoolExecutor.runWorker(ThreadPoolExecutor.java:1144)
[info]   at java.base/java.util.concurrent.ThreadPoolExecutor$Worker.run(ThreadPoolExecutor.java:642)
[info]   at java.base/java.lang.Thread.run(Thread.java:1583)
[info] - quarter *** FAILED *** (4 milliseconds)
[info]   IllegalArgumentException was thrown during property evaluation.
[info]     Message: argument type mismatch
[info]     Occurred when passed generated values (
[info]       arg0 = List()
[info]     )
[info]   org.scalatest.exceptions.GeneratorDrivenPropertyCheckFailedException:
[info]   at org.scalatestplus.scalacheck.CheckerAsserting$$anon$2.indicateFailure(CheckerAsserting.scala:251)
[info]   at org.scalatestplus.scalacheck.CheckerAsserting$$anon$2.indicateFailure(CheckerAsserting.scala:238)
[info]   at org.scalatestplus.scalacheck.UnitCheckerAsserting$CheckerAssertingImpl.check(CheckerAsserting.scala:160)
[info]   at org.scalatestplus.scalacheck.Checkers.check(Checkers.scala:371)
[info]   at org.scalatestplus.scalacheck.Checkers.check$(Checkers.scala:369)
[info]   at frameless.TypedDatasetSuite.check(TypedDatasetSuite.scala:63)
[info]   at frameless.functions.NonAggregateFunctionsTests.$anonfun$new$1508(NonAggregateFunctionsTests.scala:2265)
[info]   at org.scalatest.OutcomeOf.outcomeOf(OutcomeOf.scala:85)
[info]   at org.scalatest.OutcomeOf.outcomeOf$(OutcomeOf.scala:83)
[info]   at org.scalatest.OutcomeOf$.outcomeOf(OutcomeOf.scala:104)
[info]   at org.scalatest.Transformer.apply(Transformer.scala:22)
[info]   at org.scalatest.Transformer.apply(Transformer.scala:20)
[info]   at org.scalatest.funsuite.AnyFunSuiteLike$$anon$1.apply(AnyFunSuiteLike.scala:226)
[info]   at org.scalatest.TestSuite.withFixture(TestSuite.scala:196)
[info]   at org.scalatest.TestSuite.withFixture$(TestSuite.scala:195)
[info]   at org.scalatest.funsuite.AnyFunSuite.withFixture(AnyFunSuite.scala:1564)
[info]   at org.scalatest.funsuite.AnyFunSuiteLike.invokeWithFixture$1(AnyFunSuiteLike.scala:224)
[info]   at org.scalatest.funsuite.AnyFunSuiteLike.$anonfun$runTest$1(AnyFunSuiteLike.scala:236)
[info]   at org.scalatest.SuperEngine.runTestImpl(Engine.scala:306)
[info]   at org.scalatest.funsuite.AnyFunSuiteLike.runTest(AnyFunSuiteLike.scala:236)
[info]   at org.scalatest.funsuite.AnyFunSuiteLike.runTest$(AnyFunSuiteLike.scala:218)
[info]   at org.scalatest.funsuite.AnyFunSuite.runTest(AnyFunSuite.scala:1564)
[info]   at org.scalatest.funsuite.AnyFunSuiteLike.$anonfun$runTests$1(AnyFunSuiteLike.scala:269)
[info]   at org.scalatest.SuperEngine.$anonfun$runTestsInBranch$1(Engine.scala:413)
[info]   at scala.collection.immutable.List.foreach(List.scala:334)
[info]   at org.scalatest.SuperEngine.traverseSubNodes$1(Engine.scala:401)
[info]   at org.scalatest.SuperEngine.runTestsInBranch(Engine.scala:396)
[info]   at org.scalatest.SuperEngine.runTestsImpl(Engine.scala:475)
[info]   at org.scalatest.funsuite.AnyFunSuiteLike.runTests(AnyFunSuiteLike.scala:269)
[info]   at org.scalatest.funsuite.AnyFunSuiteLike.runTests$(AnyFunSuiteLike.scala:268)
[info]   at org.scalatest.funsuite.AnyFunSuite.runTests(AnyFunSuite.scala:1564)
[info]   at org.scalatest.Suite.run(Suite.scala:1114)
[info]   at org.scalatest.Suite.run$(Suite.scala:1096)
[info]   at org.scalatest.funsuite.AnyFunSuite.org$scalatest$funsuite$AnyFunSuiteLike$$super$run(AnyFunSuite.scala:1564)
[info]   at org.scalatest.funsuite.AnyFunSuiteLike.$anonfun$run$1(AnyFunSuiteLike.scala:273)
[info]   at org.scalatest.SuperEngine.runImpl(Engine.scala:535)
[info]   at org.scalatest.funsuite.AnyFunSuiteLike.run(AnyFunSuiteLike.scala:273)
[info]   at org.scalatest.funsuite.AnyFunSuiteLike.run$(AnyFunSuiteLike.scala:272)
[info]   at frameless.TypedDatasetSuite.org$scalatest$BeforeAndAfterAll$$super$run(TypedDatasetSuite.scala:63)
[info]   at org.scalatest.BeforeAndAfterAll.liftedTree1$1(BeforeAndAfterAll.scala:213)
[info]   at org.scalatest.BeforeAndAfterAll.run(BeforeAndAfterAll.scala:210)
[info]   at org.scalatest.BeforeAndAfterAll.run$(BeforeAndAfterAll.scala:208)
[info]   at frameless.TypedDatasetSuite.run(TypedDatasetSuite.scala:63)
[info]   at org.scalatest.tools.Framework.org$scalatest$tools$Framework$$runSuite(Framework.scala:321)
[info]   at org.scalatest.tools.Framework$ScalaTestTask.execute(Framework.scala:517)
[info]   at sbt.ForkMain$Run.lambda$runTest$1(ForkMain.java:414)
[info]   at java.base/java.util.concurrent.FutureTask.run(FutureTask.java:317)
[info]   at java.base/java.util.concurrent.ThreadPoolExecutor.runWorker(ThreadPoolExecutor.java:1144)
[info]   at java.base/java.util.concurrent.ThreadPoolExecutor$Worker.run(ThreadPoolExecutor.java:642)
[info]   at java.base/java.lang.Thread.run(Thread.java:1583)
[info]   Cause: java.lang.IllegalArgumentException: argument type mismatch
[info]   at java.base/jdk.internal.reflect.DirectConstructorHandleAccessor.newInstance(DirectConstructorHandleAccessor.java:65)
[info]   at java.base/java.lang.reflect.Constructor.newInstanceWithCaller(Constructor.java:502)
[info]   at java.base/java.lang.reflect.Constructor.newInstance(Constructor.java:486)
[info]   at frameless.TypedExpressionEncoder$.$anonfun$apply$3(TypedExpressionEncoder.scala:55)
[info]   at scala.Option.map(Option.scala:242)
[info]   at frameless.TypedExpressionEncoder$.apply(TypedExpressionEncoder.scala:54)
[info]   at frameless.TypedDataset$.create(TypedDataset.scala:1325)
[info]   at frameless.functions.NonAggregateFunctionsTests.prop$61(NonAggregateFunctionsTests.scala:2261)
[info]   at frameless.functions.NonAggregateFunctionsTests.$anonfun$new$1516(NonAggregateFunctionsTests.scala:2265)
[info]   at org.scalacheck.Prop$.$anonfun$forAllShrink$2(Prop.scala:868)
[info]   at org.scalacheck.Prop$.secure(Prop.scala:484)
[info]   at org.scalacheck.Prop$.result$1(Prop.scala:868)
[info]   at org.scalacheck.Prop$.$anonfun$forAllShrink$1(Prop.scala:915)
[info]   at org.scalacheck.Prop$.$anonfun$apply$1(Prop.scala:305)
[info]   at org.scalacheck.PropFromFun.apply(Prop.scala:20)
[info]   at org.scalacheck.Test$.workerFun$1(Test.scala:486)
[info]   at org.scalacheck.Test$.$anonfun$check$4(Test.scala:518)
[info]   at org.scalacheck.Test$.$anonfun$check$4$adapted(Test.scala:518)
[info]   at org.scalacheck.Platform$.runWorkers(Platform.scala:42)
[info]   at org.scalacheck.Test$.check(Test.scala:518)
[info]   at org.scalatestplus.scalacheck.UnitCheckerAsserting$CheckerAssertingImpl.check(CheckerAsserting.scala:90)
[info]   at org.scalatestplus.scalacheck.Checkers.check(Checkers.scala:371)
[info]   at org.scalatestplus.scalacheck.Checkers.check$(Checkers.scala:369)
[info]   at frameless.TypedDatasetSuite.check(TypedDatasetSuite.scala:63)
[info]   at frameless.functions.NonAggregateFunctionsTests.$anonfun$new$1508(NonAggregateFunctionsTests.scala:2265)
[info]   at org.scalatest.OutcomeOf.outcomeOf(OutcomeOf.scala:85)
[info]   at org.scalatest.OutcomeOf.outcomeOf$(OutcomeOf.scala:83)
[info]   at org.scalatest.OutcomeOf$.outcomeOf(OutcomeOf.scala:104)
[info]   at org.scalatest.Transformer.apply(Transformer.scala:22)
[info]   at org.scalatest.Transformer.apply(Transformer.scala:20)
[info]   at org.scalatest.funsuite.AnyFunSuiteLike$$anon$1.apply(AnyFunSuiteLike.scala:226)
[info]   at org.scalatest.TestSuite.withFixture(TestSuite.scala:196)
[info]   at org.scalatest.TestSuite.withFixture$(TestSuite.scala:195)
[info]   at org.scalatest.funsuite.AnyFunSuite.withFixture(AnyFunSuite.scala:1564)
[info]   at org.scalatest.funsuite.AnyFunSuiteLike.invokeWithFixture$1(AnyFunSuiteLike.scala:224)
[info]   at org.scalatest.funsuite.AnyFunSuiteLike.$anonfun$runTest$1(AnyFunSuiteLike.scala:236)
[info]   at org.scalatest.SuperEngine.runTestImpl(Engine.scala:306)
[info]   at org.scalatest.funsuite.AnyFunSuiteLike.runTest(AnyFunSuiteLike.scala:236)
[info]   at org.scalatest.funsuite.AnyFunSuiteLike.runTest$(AnyFunSuiteLike.scala:218)
[info]   at org.scalatest.funsuite.AnyFunSuite.runTest(AnyFunSuite.scala:1564)
[info]   at org.scalatest.funsuite.AnyFunSuiteLike.$anonfun$runTests$1(AnyFunSuiteLike.scala:269)
[info]   at org.scalatest.SuperEngine.$anonfun$runTestsInBranch$1(Engine.scala:413)
[info]   at scala.collection.immutable.List.foreach(List.scala:334)
[info]   at org.scalatest.SuperEngine.traverseSubNodes$1(Engine.scala:401)
[info]   at org.scalatest.SuperEngine.runTestsInBranch(Engine.scala:396)
[info]   at org.scalatest.SuperEngine.runTestsImpl(Engine.scala:475)
[info]   at org.scalatest.funsuite.AnyFunSuiteLike.runTests(AnyFunSuiteLike.scala:269)
[info]   at org.scalatest.funsuite.AnyFunSuiteLike.runTests$(AnyFunSuiteLike.scala:268)
[info]   at org.scalatest.funsuite.AnyFunSuite.runTests(AnyFunSuite.scala:1564)
[info]   at org.scalatest.Suite.run(Suite.scala:1114)
[info]   at org.scalatest.Suite.run$(Suite.scala:1096)
[info]   at org.scalatest.funsuite.AnyFunSuite.org$scalatest$funsuite$AnyFunSuiteLike$$super$run(AnyFunSuite.scala:1564)
[info]   at org.scalatest.funsuite.AnyFunSuiteLike.$anonfun$run$1(AnyFunSuiteLike.scala:273)
[info]   at org.scalatest.SuperEngine.runImpl(Engine.scala:535)
[info]   at org.scalatest.funsuite.AnyFunSuiteLike.run(AnyFunSuiteLike.scala:273)
[info]   at org.scalatest.funsuite.AnyFunSuiteLike.run$(AnyFunSuiteLike.scala:272)
[info]   at frameless.TypedDatasetSuite.org$scalatest$BeforeAndAfterAll$$super$run(TypedDatasetSuite.scala:63)
[info]   at org.scalatest.BeforeAndAfterAll.liftedTree1$1(BeforeAndAfterAll.scala:213)
[info]   at org.scalatest.BeforeAndAfterAll.run(BeforeAndAfterAll.scala:210)
[info]   at org.scalatest.BeforeAndAfterAll.run$(BeforeAndAfterAll.scala:208)
[info]   at frameless.TypedDatasetSuite.run(TypedDatasetSuite.scala:63)
[info]   at org.scalatest.tools.Framework.org$scalatest$tools$Framework$$runSuite(Framework.scala:321)
[info]   at org.scalatest.tools.Framework$ScalaTestTask.execute(Framework.scala:517)
[info]   at sbt.ForkMain$Run.lambda$runTest$1(ForkMain.java:414)
[info]   at java.base/java.util.concurrent.FutureTask.run(FutureTask.java:317)
[info]   at java.base/java.util.concurrent.ThreadPoolExecutor.runWorker(ThreadPoolExecutor.java:1144)
[info]   at java.base/java.util.concurrent.ThreadPoolExecutor$Worker.run(ThreadPoolExecutor.java:642)
[info]   at java.base/java.lang.Thread.run(Thread.java:1583)
[info]   Cause: java.lang.ClassCastException: Cannot cast scala.reflect.ClassTag$GenericClassTag to org.apache.spark.sql.catalyst.expressions.Expression
[info]   at java.base/java.lang.Class.cast(Class.java:4067)
[info]   at java.base/jdk.internal.reflect.DirectConstructorHandleAccessor.newInstance(DirectConstructorHandleAccessor.java:62)
[info]   at java.base/java.lang.reflect.Constructor.newInstanceWithCaller(Constructor.java:502)
[info]   at java.base/java.lang.reflect.Constructor.newInstance(Constructor.java:486)
[info]   at frameless.TypedExpressionEncoder$.$anonfun$apply$3(TypedExpressionEncoder.scala:55)
[info]   at scala.Option.map(Option.scala:242)
[info]   at frameless.TypedExpressionEncoder$.apply(TypedExpressionEncoder.scala:54)
[info]   at frameless.TypedDataset$.create(TypedDataset.scala:1325)
[info]   at frameless.functions.NonAggregateFunctionsTests.prop$61(NonAggregateFunctionsTests.scala:2261)
[info]   at frameless.functions.NonAggregateFunctionsTests.$anonfun$new$1516(NonAggregateFunctionsTests.scala:2265)
[info]   at org.scalacheck.Prop$.$anonfun$forAllShrink$2(Prop.scala:868)
[info]   at org.scalacheck.Prop$.secure(Prop.scala:484)
[info]   at org.scalacheck.Prop$.result$1(Prop.scala:868)
[info]   at org.scalacheck.Prop$.$anonfun$forAllShrink$1(Prop.scala:915)
[info]   at org.scalacheck.Prop$.$anonfun$apply$1(Prop.scala:305)
[info]   at org.scalacheck.PropFromFun.apply(Prop.scala:20)
[info]   at org.scalacheck.Test$.workerFun$1(Test.scala:486)
[info]   at org.scalacheck.Test$.$anonfun$check$4(Test.scala:518)
[info]   at org.scalacheck.Test$.$anonfun$check$4$adapted(Test.scala:518)
[info]   at org.scalacheck.Platform$.runWorkers(Platform.scala:42)
[info]   at org.scalacheck.Test$.check(Test.scala:518)
[info]   at org.scalatestplus.scalacheck.UnitCheckerAsserting$CheckerAssertingImpl.check(CheckerAsserting.scala:90)
[info]   at org.scalatestplus.scalacheck.Checkers.check(Checkers.scala:371)
[info]   at org.scalatestplus.scalacheck.Checkers.check$(Checkers.scala:369)
[info]   at frameless.TypedDatasetSuite.check(TypedDatasetSuite.scala:63)
[info]   at frameless.functions.NonAggregateFunctionsTests.$anonfun$new$1508(NonAggregateFunctionsTests.scala:2265)
[info]   at org.scalatest.OutcomeOf.outcomeOf(OutcomeOf.scala:85)
[info]   at org.scalatest.OutcomeOf.outcomeOf$(OutcomeOf.scala:83)
[info]   at org.scalatest.OutcomeOf$.outcomeOf(OutcomeOf.scala:104)
[info]   at org.scalatest.Transformer.apply(Transformer.scala:22)
[info]   at org.scalatest.Transformer.apply(Transformer.scala:20)
[info]   at org.scalatest.funsuite.AnyFunSuiteLike$$anon$1.apply(AnyFunSuiteLike.scala:226)
[info]   at org.scalatest.TestSuite.withFixture(TestSuite.scala:196)
[info]   at org.scalatest.TestSuite.withFixture$(TestSuite.scala:195)
[info]   at org.scalatest.funsuite.AnyFunSuite.withFixture(AnyFunSuite.scala:1564)
[info]   at org.scalatest.funsuite.AnyFunSuiteLike.invokeWithFixture$1(AnyFunSuiteLike.scala:224)
[info]   at org.scalatest.funsuite.AnyFunSuiteLike.$anonfun$runTest$1(AnyFunSuiteLike.scala:236)
[info]   at org.scalatest.SuperEngine.runTestImpl(Engine.scala:306)
[info]   at org.scalatest.funsuite.AnyFunSuiteLike.runTest(AnyFunSuiteLike.scala:236)
[info]   at org.scalatest.funsuite.AnyFunSuiteLike.runTest$(AnyFunSuiteLike.scala:218)
[info]   at org.scalatest.funsuite.AnyFunSuite.runTest(AnyFunSuite.scala:1564)
[info]   at org.scalatest.funsuite.AnyFunSuiteLike.$anonfun$runTests$1(AnyFunSuiteLike.scala:269)
[info]   at org.scalatest.SuperEngine.$anonfun$runTestsInBranch$1(Engine.scala:413)
[info]   at scala.collection.immutable.List.foreach(List.scala:334)
[info]   at org.scalatest.SuperEngine.traverseSubNodes$1(Engine.scala:401)
[info]   at org.scalatest.SuperEngine.runTestsInBranch(Engine.scala:396)
[info]   at org.scalatest.SuperEngine.runTestsImpl(Engine.scala:475)
[info]   at org.scalatest.funsuite.AnyFunSuiteLike.runTests(AnyFunSuiteLike.scala:269)
[info]   at org.scalatest.funsuite.AnyFunSuiteLike.runTests$(AnyFunSuiteLike.scala:268)
[info]   at org.scalatest.funsuite.AnyFunSuite.runTests(AnyFunSuite.scala:1564)
[info]   at org.scalatest.Suite.run(Suite.scala:1114)
[info]   at org.scalatest.Suite.run$(Suite.scala:1096)
[info]   at org.scalatest.funsuite.AnyFunSuite.org$scalatest$funsuite$AnyFunSuiteLike$$super$run(AnyFunSuite.scala:1564)
[info]   at org.scalatest.funsuite.AnyFunSuiteLike.$anonfun$run$1(AnyFunSuiteLike.scala:273)
[info]   at org.scalatest.SuperEngine.runImpl(Engine.scala:535)
[info]   at org.scalatest.funsuite.AnyFunSuiteLike.run(AnyFunSuiteLike.scala:273)
[info]   at org.scalatest.funsuite.AnyFunSuiteLike.run$(AnyFunSuiteLike.scala:272)
[info]   at frameless.TypedDatasetSuite.org$scalatest$BeforeAndAfterAll$$super$run(TypedDatasetSuite.scala:63)
[info]   at org.scalatest.BeforeAndAfterAll.liftedTree1$1(BeforeAndAfterAll.scala:213)
[info]   at org.scalatest.BeforeAndAfterAll.run(BeforeAndAfterAll.scala:210)
[info]   at org.scalatest.BeforeAndAfterAll.run$(BeforeAndAfterAll.scala:208)
[info]   at frameless.TypedDatasetSuite.run(TypedDatasetSuite.scala:63)
[info]   at org.scalatest.tools.Framework.org$scalatest$tools$Framework$$runSuite(Framework.scala:321)
[info]   at org.scalatest.tools.Framework$ScalaTestTask.execute(Framework.scala:517)
[info]   at sbt.ForkMain$Run.lambda$runTest$1(ForkMain.java:414)
[info]   at java.base/java.util.concurrent.FutureTask.run(FutureTask.java:317)
[info]   at java.base/java.util.concurrent.ThreadPoolExecutor.runWorker(ThreadPoolExecutor.java:1144)
[info]   at java.base/java.util.concurrent.ThreadPoolExecutor$Worker.run(ThreadPoolExecutor.java:642)
[info]   at java.base/java.lang.Thread.run(Thread.java:1583)
[info] - month *** FAILED *** (3 milliseconds)
[info]   IllegalArgumentException was thrown during property evaluation.
[info]     Message: argument type mismatch
[info]     Occurred when passed generated values (
[info]       arg0 = List()
[info]     )
[info]   org.scalatest.exceptions.GeneratorDrivenPropertyCheckFailedException:
[info]   at org.scalatestplus.scalacheck.CheckerAsserting$$anon$2.indicateFailure(CheckerAsserting.scala:251)
[info]   at org.scalatestplus.scalacheck.CheckerAsserting$$anon$2.indicateFailure(CheckerAsserting.scala:238)
[info]   at org.scalatestplus.scalacheck.UnitCheckerAsserting$CheckerAssertingImpl.check(CheckerAsserting.scala:160)
[info]   at org.scalatestplus.scalacheck.Checkers.check(Checkers.scala:371)
[info]   at org.scalatestplus.scalacheck.Checkers.check$(Checkers.scala:369)
[info]   at frameless.TypedDatasetSuite.check(TypedDatasetSuite.scala:63)
[info]   at frameless.functions.NonAggregateFunctionsTests.$anonfun$new$1521(NonAggregateFunctionsTests.scala:2278)
[info]   at org.scalatest.OutcomeOf.outcomeOf(OutcomeOf.scala:85)
[info]   at org.scalatest.OutcomeOf.outcomeOf$(OutcomeOf.scala:83)
[info]   at org.scalatest.OutcomeOf$.outcomeOf(OutcomeOf.scala:104)
[info]   at org.scalatest.Transformer.apply(Transformer.scala:22)
[info]   at org.scalatest.Transformer.apply(Transformer.scala:20)
[info]   at org.scalatest.funsuite.AnyFunSuiteLike$$anon$1.apply(AnyFunSuiteLike.scala:226)
[info]   at org.scalatest.TestSuite.withFixture(TestSuite.scala:196)
[info]   at org.scalatest.TestSuite.withFixture$(TestSuite.scala:195)
[info]   at org.scalatest.funsuite.AnyFunSuite.withFixture(AnyFunSuite.scala:1564)
[info]   at org.scalatest.funsuite.AnyFunSuiteLike.invokeWithFixture$1(AnyFunSuiteLike.scala:224)
[info]   at org.scalatest.funsuite.AnyFunSuiteLike.$anonfun$runTest$1(AnyFunSuiteLike.scala:236)
[info]   at org.scalatest.SuperEngine.runTestImpl(Engine.scala:306)
[info]   at org.scalatest.funsuite.AnyFunSuiteLike.runTest(AnyFunSuiteLike.scala:236)
[info]   at org.scalatest.funsuite.AnyFunSuiteLike.runTest$(AnyFunSuiteLike.scala:218)
[info]   at org.scalatest.funsuite.AnyFunSuite.runTest(AnyFunSuite.scala:1564)
[info]   at org.scalatest.funsuite.AnyFunSuiteLike.$anonfun$runTests$1(AnyFunSuiteLike.scala:269)
[info]   at org.scalatest.SuperEngine.$anonfun$runTestsInBranch$1(Engine.scala:413)
[info]   at scala.collection.immutable.List.foreach(List.scala:334)
[info]   at org.scalatest.SuperEngine.traverseSubNodes$1(Engine.scala:401)
[info]   at org.scalatest.SuperEngine.runTestsInBranch(Engine.scala:396)
[info]   at org.scalatest.SuperEngine.runTestsImpl(Engine.scala:475)
[info]   at org.scalatest.funsuite.AnyFunSuiteLike.runTests(AnyFunSuiteLike.scala:269)
[info]   at org.scalatest.funsuite.AnyFunSuiteLike.runTests$(AnyFunSuiteLike.scala:268)
[info]   at org.scalatest.funsuite.AnyFunSuite.runTests(AnyFunSuite.scala:1564)
[info]   at org.scalatest.Suite.run(Suite.scala:1114)
[info]   at org.scalatest.Suite.run$(Suite.scala:1096)
[info]   at org.scalatest.funsuite.AnyFunSuite.org$scalatest$funsuite$AnyFunSuiteLike$$super$run(AnyFunSuite.scala:1564)
[info]   at org.scalatest.funsuite.AnyFunSuiteLike.$anonfun$run$1(AnyFunSuiteLike.scala:273)
[info]   at org.scalatest.SuperEngine.runImpl(Engine.scala:535)
[info]   at org.scalatest.funsuite.AnyFunSuiteLike.run(AnyFunSuiteLike.scala:273)
[info]   at org.scalatest.funsuite.AnyFunSuiteLike.run$(AnyFunSuiteLike.scala:272)
[info]   at frameless.TypedDatasetSuite.org$scalatest$BeforeAndAfterAll$$super$run(TypedDatasetSuite.scala:63)
[info]   at org.scalatest.BeforeAndAfterAll.liftedTree1$1(BeforeAndAfterAll.scala:213)
[info]   at org.scalatest.BeforeAndAfterAll.run(BeforeAndAfterAll.scala:210)
[info]   at org.scalatest.BeforeAndAfterAll.run$(BeforeAndAfterAll.scala:208)
[info]   at frameless.TypedDatasetSuite.run(TypedDatasetSuite.scala:63)
[info]   at org.scalatest.tools.Framework.org$scalatest$tools$Framework$$runSuite(Framework.scala:321)
[info]   at org.scalatest.tools.Framework$ScalaTestTask.execute(Framework.scala:517)
[info]   at sbt.ForkMain$Run.lambda$runTest$1(ForkMain.java:414)
[info]   at java.base/java.util.concurrent.FutureTask.run(FutureTask.java:317)
[info]   at java.base/java.util.concurrent.ThreadPoolExecutor.runWorker(ThreadPoolExecutor.java:1144)
[info]   at java.base/java.util.concurrent.ThreadPoolExecutor$Worker.run(ThreadPoolExecutor.java:642)
[info]   at java.base/java.lang.Thread.run(Thread.java:1583)
[info]   Cause: java.lang.IllegalArgumentException: argument type mismatch
[info]   at java.base/jdk.internal.reflect.DirectConstructorHandleAccessor.newInstance(DirectConstructorHandleAccessor.java:65)
[info]   at java.base/java.lang.reflect.Constructor.newInstanceWithCaller(Constructor.java:502)
[info]   at java.base/java.lang.reflect.Constructor.newInstance(Constructor.java:486)
[info]   at frameless.TypedExpressionEncoder$.$anonfun$apply$3(TypedExpressionEncoder.scala:55)
[info]   at scala.Option.map(Option.scala:242)
[info]   at frameless.TypedExpressionEncoder$.apply(TypedExpressionEncoder.scala:54)
[info]   at frameless.TypedDataset$.create(TypedDataset.scala:1325)
[info]   at frameless.functions.NonAggregateFunctionsTests.prop$62(NonAggregateFunctionsTests.scala:2274)
[info]   at frameless.functions.NonAggregateFunctionsTests.$anonfun$new$1529(NonAggregateFunctionsTests.scala:2278)
[info]   at org.scalacheck.Prop$.$anonfun$forAllShrink$2(Prop.scala:868)
[info]   at org.scalacheck.Prop$.secure(Prop.scala:484)
[info]   at org.scalacheck.Prop$.result$1(Prop.scala:868)
[info]   at org.scalacheck.Prop$.$anonfun$forAllShrink$1(Prop.scala:915)
[info]   at org.scalacheck.Prop$.$anonfun$apply$1(Prop.scala:305)
[info]   at org.scalacheck.PropFromFun.apply(Prop.scala:20)
[info]   at org.scalacheck.Test$.workerFun$1(Test.scala:486)
[info]   at org.scalacheck.Test$.$anonfun$check$4(Test.scala:518)
[info]   at org.scalacheck.Test$.$anonfun$check$4$adapted(Test.scala:518)
[info]   at org.scalacheck.Platform$.runWorkers(Platform.scala:42)
[info]   at org.scalacheck.Test$.check(Test.scala:518)
[info]   at org.scalatestplus.scalacheck.UnitCheckerAsserting$CheckerAssertingImpl.check(CheckerAsserting.scala:90)
[info]   at org.scalatestplus.scalacheck.Checkers.check(Checkers.scala:371)
[info]   at org.scalatestplus.scalacheck.Checkers.check$(Checkers.scala:369)
[info]   at frameless.TypedDatasetSuite.check(TypedDatasetSuite.scala:63)
[info]   at frameless.functions.NonAggregateFunctionsTests.$anonfun$new$1521(NonAggregateFunctionsTests.scala:2278)
[info]   at org.scalatest.OutcomeOf.outcomeOf(OutcomeOf.scala:85)
[info]   at org.scalatest.OutcomeOf.outcomeOf$(OutcomeOf.scala:83)
[info]   at org.scalatest.OutcomeOf$.outcomeOf(OutcomeOf.scala:104)
[info]   at org.scalatest.Transformer.apply(Transformer.scala:22)
[info]   at org.scalatest.Transformer.apply(Transformer.scala:20)
[info]   at org.scalatest.funsuite.AnyFunSuiteLike$$anon$1.apply(AnyFunSuiteLike.scala:226)
[info]   at org.scalatest.TestSuite.withFixture(TestSuite.scala:196)
[info]   at org.scalatest.TestSuite.withFixture$(TestSuite.scala:195)
[info]   at org.scalatest.funsuite.AnyFunSuite.withFixture(AnyFunSuite.scala:1564)
[info]   at org.scalatest.funsuite.AnyFunSuiteLike.invokeWithFixture$1(AnyFunSuiteLike.scala:224)
[info]   at org.scalatest.funsuite.AnyFunSuiteLike.$anonfun$runTest$1(AnyFunSuiteLike.scala:236)
[info]   at org.scalatest.SuperEngine.runTestImpl(Engine.scala:306)
[info]   at org.scalatest.funsuite.AnyFunSuiteLike.runTest(AnyFunSuiteLike.scala:236)
[info]   at org.scalatest.funsuite.AnyFunSuiteLike.runTest$(AnyFunSuiteLike.scala:218)
[info]   at org.scalatest.funsuite.AnyFunSuite.runTest(AnyFunSuite.scala:1564)
[info]   at org.scalatest.funsuite.AnyFunSuiteLike.$anonfun$runTests$1(AnyFunSuiteLike.scala:269)
[info]   at org.scalatest.SuperEngine.$anonfun$runTestsInBranch$1(Engine.scala:413)
[info]   at scala.collection.immutable.List.foreach(List.scala:334)
[info]   at org.scalatest.SuperEngine.traverseSubNodes$1(Engine.scala:401)
[info]   at org.scalatest.SuperEngine.runTestsInBranch(Engine.scala:396)
[info]   at org.scalatest.SuperEngine.runTestsImpl(Engine.scala:475)
[info]   at org.scalatest.funsuite.AnyFunSuiteLike.runTests(AnyFunSuiteLike.scala:269)
[info]   at org.scalatest.funsuite.AnyFunSuiteLike.runTests$(AnyFunSuiteLike.scala:268)
[info]   at org.scalatest.funsuite.AnyFunSuite.runTests(AnyFunSuite.scala:1564)
[info]   at org.scalatest.Suite.run(Suite.scala:1114)
[info]   at org.scalatest.Suite.run$(Suite.scala:1096)
[info]   at org.scalatest.funsuite.AnyFunSuite.org$scalatest$funsuite$AnyFunSuiteLike$$super$run(AnyFunSuite.scala:1564)
[info]   at org.scalatest.funsuite.AnyFunSuiteLike.$anonfun$run$1(AnyFunSuiteLike.scala:273)
[info]   at org.scalatest.SuperEngine.runImpl(Engine.scala:535)
[info]   at org.scalatest.funsuite.AnyFunSuiteLike.run(AnyFunSuiteLike.scala:273)
[info]   at org.scalatest.funsuite.AnyFunSuiteLike.run$(AnyFunSuiteLike.scala:272)
[info]   at frameless.TypedDatasetSuite.org$scalatest$BeforeAndAfterAll$$super$run(TypedDatasetSuite.scala:63)
[info]   at org.scalatest.BeforeAndAfterAll.liftedTree1$1(BeforeAndAfterAll.scala:213)
[info]   at org.scalatest.BeforeAndAfterAll.run(BeforeAndAfterAll.scala:210)
[info]   at org.scalatest.BeforeAndAfterAll.run$(BeforeAndAfterAll.scala:208)
[info]   at frameless.TypedDatasetSuite.run(TypedDatasetSuite.scala:63)
[info]   at org.scalatest.tools.Framework.org$scalatest$tools$Framework$$runSuite(Framework.scala:321)
[info]   at org.scalatest.tools.Framework$ScalaTestTask.execute(Framework.scala:517)
[info]   at sbt.ForkMain$Run.lambda$runTest$1(ForkMain.java:414)
[info]   at java.base/java.util.concurrent.FutureTask.run(FutureTask.java:317)
[info]   at java.base/java.util.concurrent.ThreadPoolExecutor.runWorker(ThreadPoolExecutor.java:1144)
[info]   at java.base/java.util.concurrent.ThreadPoolExecutor$Worker.run(ThreadPoolExecutor.java:642)
[info]   at java.base/java.lang.Thread.run(Thread.java:1583)
[info]   Cause: java.lang.ClassCastException: Cannot cast scala.reflect.ClassTag$GenericClassTag to org.apache.spark.sql.catalyst.expressions.Expression
[info]   at java.base/java.lang.Class.cast(Class.java:4067)
[info]   at java.base/jdk.internal.reflect.DirectConstructorHandleAccessor.newInstance(DirectConstructorHandleAccessor.java:62)
[info]   at java.base/java.lang.reflect.Constructor.newInstanceWithCaller(Constructor.java:502)
[info]   at java.base/java.lang.reflect.Constructor.newInstance(Constructor.java:486)
[info]   at frameless.TypedExpressionEncoder$.$anonfun$apply$3(TypedExpressionEncoder.scala:55)
[info]   at scala.Option.map(Option.scala:242)
[info]   at frameless.TypedExpressionEncoder$.apply(TypedExpressionEncoder.scala:54)
[info]   at frameless.TypedDataset$.create(TypedDataset.scala:1325)
[info]   at frameless.functions.NonAggregateFunctionsTests.prop$62(NonAggregateFunctionsTests.scala:2274)
[info]   at frameless.functions.NonAggregateFunctionsTests.$anonfun$new$1529(NonAggregateFunctionsTests.scala:2278)
[info]   at org.scalacheck.Prop$.$anonfun$forAllShrink$2(Prop.scala:868)
[info]   at org.scalacheck.Prop$.secure(Prop.scala:484)
[info]   at org.scalacheck.Prop$.result$1(Prop.scala:868)
[info]   at org.scalacheck.Prop$.$anonfun$forAllShrink$1(Prop.scala:915)
[info]   at org.scalacheck.Prop$.$anonfun$apply$1(Prop.scala:305)
[info]   at org.scalacheck.PropFromFun.apply(Prop.scala:20)
[info]   at org.scalacheck.Test$.workerFun$1(Test.scala:486)
[info]   at org.scalacheck.Test$.$anonfun$check$4(Test.scala:518)
[info]   at org.scalacheck.Test$.$anonfun$check$4$adapted(Test.scala:518)
[info]   at org.scalacheck.Platform$.runWorkers(Platform.scala:42)
[info]   at org.scalacheck.Test$.check(Test.scala:518)
[info]   at org.scalatestplus.scalacheck.UnitCheckerAsserting$CheckerAssertingImpl.check(CheckerAsserting.scala:90)
[info]   at org.scalatestplus.scalacheck.Checkers.check(Checkers.scala:371)
[info]   at org.scalatestplus.scalacheck.Checkers.check$(Checkers.scala:369)
[info]   at frameless.TypedDatasetSuite.check(TypedDatasetSuite.scala:63)
[info]   at frameless.functions.NonAggregateFunctionsTests.$anonfun$new$1521(NonAggregateFunctionsTests.scala:2278)
[info]   at org.scalatest.OutcomeOf.outcomeOf(OutcomeOf.scala:85)
[info]   at org.scalatest.OutcomeOf.outcomeOf$(OutcomeOf.scala:83)
[info]   at org.scalatest.OutcomeOf$.outcomeOf(OutcomeOf.scala:104)
[info]   at org.scalatest.Transformer.apply(Transformer.scala:22)
[info]   at org.scalatest.Transformer.apply(Transformer.scala:20)
[info]   at org.scalatest.funsuite.AnyFunSuiteLike$$anon$1.apply(AnyFunSuiteLike.scala:226)
[info]   at org.scalatest.TestSuite.withFixture(TestSuite.scala:196)
[info]   at org.scalatest.TestSuite.withFixture$(TestSuite.scala:195)
[info]   at org.scalatest.funsuite.AnyFunSuite.withFixture(AnyFunSuite.scala:1564)
[info]   at org.scalatest.funsuite.AnyFunSuiteLike.invokeWithFixture$1(AnyFunSuiteLike.scala:224)
[info]   at org.scalatest.funsuite.AnyFunSuiteLike.$anonfun$runTest$1(AnyFunSuiteLike.scala:236)
[info]   at org.scalatest.SuperEngine.runTestImpl(Engine.scala:306)
[info]   at org.scalatest.funsuite.AnyFunSuiteLike.runTest(AnyFunSuiteLike.scala:236)
[info]   at org.scalatest.funsuite.AnyFunSuiteLike.runTest$(AnyFunSuiteLike.scala:218)
[info]   at org.scalatest.funsuite.AnyFunSuite.runTest(AnyFunSuite.scala:1564)
[info]   at org.scalatest.funsuite.AnyFunSuiteLike.$anonfun$runTests$1(AnyFunSuiteLike.scala:269)
[info]   at org.scalatest.SuperEngine.$anonfun$runTestsInBranch$1(Engine.scala:413)
[info]   at scala.collection.immutable.List.foreach(List.scala:334)
[info]   at org.scalatest.SuperEngine.traverseSubNodes$1(Engine.scala:401)
[info]   at org.scalatest.SuperEngine.runTestsInBranch(Engine.scala:396)
[info]   at org.scalatest.SuperEngine.runTestsImpl(Engine.scala:475)
[info]   at org.scalatest.funsuite.AnyFunSuiteLike.runTests(AnyFunSuiteLike.scala:269)
[info]   at org.scalatest.funsuite.AnyFunSuiteLike.runTests$(AnyFunSuiteLike.scala:268)
[info]   at org.scalatest.funsuite.AnyFunSuite.runTests(AnyFunSuite.scala:1564)
[info]   at org.scalatest.Suite.run(Suite.scala:1114)
[info]   at org.scalatest.Suite.run$(Suite.scala:1096)
[info]   at org.scalatest.funsuite.AnyFunSuite.org$scalatest$funsuite$AnyFunSuiteLike$$super$run(AnyFunSuite.scala:1564)
[info]   at org.scalatest.funsuite.AnyFunSuiteLike.$anonfun$run$1(AnyFunSuiteLike.scala:273)
[info]   at org.scalatest.SuperEngine.runImpl(Engine.scala:535)
[info]   at org.scalatest.funsuite.AnyFunSuiteLike.run(AnyFunSuiteLike.scala:273)
[info]   at org.scalatest.funsuite.AnyFunSuiteLike.run$(AnyFunSuiteLike.scala:272)
[info]   at frameless.TypedDatasetSuite.org$scalatest$BeforeAndAfterAll$$super$run(TypedDatasetSuite.scala:63)
[info]   at org.scalatest.BeforeAndAfterAll.liftedTree1$1(BeforeAndAfterAll.scala:213)
[info]   at org.scalatest.BeforeAndAfterAll.run(BeforeAndAfterAll.scala:210)
[info]   at org.scalatest.BeforeAndAfterAll.run$(BeforeAndAfterAll.scala:208)
[info]   at frameless.TypedDatasetSuite.run(TypedDatasetSuite.scala:63)
[info]   at org.scalatest.tools.Framework.org$scalatest$tools$Framework$$runSuite(Framework.scala:321)
[info]   at org.scalatest.tools.Framework$ScalaTestTask.execute(Framework.scala:517)
[info]   at sbt.ForkMain$Run.lambda$runTest$1(ForkMain.java:414)
[info]   at java.base/java.util.concurrent.FutureTask.run(FutureTask.java:317)
[info]   at java.base/java.util.concurrent.ThreadPoolExecutor.runWorker(ThreadPoolExecutor.java:1144)
[info]   at java.base/java.util.concurrent.ThreadPoolExecutor$Worker.run(ThreadPoolExecutor.java:642)
[info]   at java.base/java.lang.Thread.run(Thread.java:1583)
[info] - dayofweek *** FAILED *** (2 milliseconds)
[info]   IllegalArgumentException was thrown during property evaluation.
[info]     Message: argument type mismatch
[info]     Occurred when passed generated values (
[info]       arg0 = List()
[info]     )
[info]   org.scalatest.exceptions.GeneratorDrivenPropertyCheckFailedException:
[info]   at org.scalatestplus.scalacheck.CheckerAsserting$$anon$2.indicateFailure(CheckerAsserting.scala:251)
[info]   at org.scalatestplus.scalacheck.CheckerAsserting$$anon$2.indicateFailure(CheckerAsserting.scala:238)
[info]   at org.scalatestplus.scalacheck.UnitCheckerAsserting$CheckerAssertingImpl.check(CheckerAsserting.scala:160)
[info]   at org.scalatestplus.scalacheck.Checkers.check(Checkers.scala:371)
[info]   at org.scalatestplus.scalacheck.Checkers.check$(Checkers.scala:369)
[info]   at frameless.TypedDatasetSuite.check(TypedDatasetSuite.scala:63)
[info]   at frameless.functions.NonAggregateFunctionsTests.$anonfun$new$1534(NonAggregateFunctionsTests.scala:2291)
[info]   at org.scalatest.OutcomeOf.outcomeOf(OutcomeOf.scala:85)
[info]   at org.scalatest.OutcomeOf.outcomeOf$(OutcomeOf.scala:83)
[info]   at org.scalatest.OutcomeOf$.outcomeOf(OutcomeOf.scala:104)
[info]   at org.scalatest.Transformer.apply(Transformer.scala:22)
[info]   at org.scalatest.Transformer.apply(Transformer.scala:20)
[info]   at org.scalatest.funsuite.AnyFunSuiteLike$$anon$1.apply(AnyFunSuiteLike.scala:226)
[info]   at org.scalatest.TestSuite.withFixture(TestSuite.scala:196)
[info]   at org.scalatest.TestSuite.withFixture$(TestSuite.scala:195)
[info]   at org.scalatest.funsuite.AnyFunSuite.withFixture(AnyFunSuite.scala:1564)
[info]   at org.scalatest.funsuite.AnyFunSuiteLike.invokeWithFixture$1(AnyFunSuiteLike.scala:224)
[info]   at org.scalatest.funsuite.AnyFunSuiteLike.$anonfun$runTest$1(AnyFunSuiteLike.scala:236)
[info]   at org.scalatest.SuperEngine.runTestImpl(Engine.scala:306)
[info]   at org.scalatest.funsuite.AnyFunSuiteLike.runTest(AnyFunSuiteLike.scala:236)
[info]   at org.scalatest.funsuite.AnyFunSuiteLike.runTest$(AnyFunSuiteLike.scala:218)
[info]   at org.scalatest.funsuite.AnyFunSuite.runTest(AnyFunSuite.scala:1564)
[info]   at org.scalatest.funsuite.AnyFunSuiteLike.$anonfun$runTests$1(AnyFunSuiteLike.scala:269)
[info]   at org.scalatest.SuperEngine.$anonfun$runTestsInBranch$1(Engine.scala:413)
[info]   at scala.collection.immutable.List.foreach(List.scala:334)
[info]   at org.scalatest.SuperEngine.traverseSubNodes$1(Engine.scala:401)
[info]   at org.scalatest.SuperEngine.runTestsInBranch(Engine.scala:396)
[info]   at org.scalatest.SuperEngine.runTestsImpl(Engine.scala:475)
[info]   at org.scalatest.funsuite.AnyFunSuiteLike.runTests(AnyFunSuiteLike.scala:269)
[info]   at org.scalatest.funsuite.AnyFunSuiteLike.runTests$(AnyFunSuiteLike.scala:268)
[info]   at org.scalatest.funsuite.AnyFunSuite.runTests(AnyFunSuite.scala:1564)
[info]   at org.scalatest.Suite.run(Suite.scala:1114)
[info]   at org.scalatest.Suite.run$(Suite.scala:1096)
[info]   at org.scalatest.funsuite.AnyFunSuite.org$scalatest$funsuite$AnyFunSuiteLike$$super$run(AnyFunSuite.scala:1564)
[info]   at org.scalatest.funsuite.AnyFunSuiteLike.$anonfun$run$1(AnyFunSuiteLike.scala:273)
[info]   at org.scalatest.SuperEngine.runImpl(Engine.scala:535)
[info]   at org.scalatest.funsuite.AnyFunSuiteLike.run(AnyFunSuiteLike.scala:273)
[info]   at org.scalatest.funsuite.AnyFunSuiteLike.run$(AnyFunSuiteLike.scala:272)
[info]   at frameless.TypedDatasetSuite.org$scalatest$BeforeAndAfterAll$$super$run(TypedDatasetSuite.scala:63)
[info]   at org.scalatest.BeforeAndAfterAll.liftedTree1$1(BeforeAndAfterAll.scala:213)
[info]   at org.scalatest.BeforeAndAfterAll.run(BeforeAndAfterAll.scala:210)
[info]   at org.scalatest.BeforeAndAfterAll.run$(BeforeAndAfterAll.scala:208)
[info]   at frameless.TypedDatasetSuite.run(TypedDatasetSuite.scala:63)
[info]   at org.scalatest.tools.Framework.org$scalatest$tools$Framework$$runSuite(Framework.scala:321)
[info]   at org.scalatest.tools.Framework$ScalaTestTask.execute(Framework.scala:517)
[info]   at sbt.ForkMain$Run.lambda$runTest$1(ForkMain.java:414)
[info]   at java.base/java.util.concurrent.FutureTask.run(FutureTask.java:317)
[info]   at java.base/java.util.concurrent.ThreadPoolExecutor.runWorker(ThreadPoolExecutor.java:1144)
[info]   at java.base/java.util.concurrent.ThreadPoolExecutor$Worker.run(ThreadPoolExecutor.java:642)
[info]   at java.base/java.lang.Thread.run(Thread.java:1583)
[info]   Cause: java.lang.IllegalArgumentException: argument type mismatch
[info]   at java.base/jdk.internal.reflect.DirectConstructorHandleAccessor.newInstance(DirectConstructorHandleAccessor.java:65)
[info]   at java.base/java.lang.reflect.Constructor.newInstanceWithCaller(Constructor.java:502)
[info]   at java.base/java.lang.reflect.Constructor.newInstance(Constructor.java:486)
[info]   at frameless.TypedExpressionEncoder$.$anonfun$apply$3(TypedExpressionEncoder.scala:55)
[info]   at scala.Option.map(Option.scala:242)
[info]   at frameless.TypedExpressionEncoder$.apply(TypedExpressionEncoder.scala:54)
[info]   at frameless.TypedDataset$.create(TypedDataset.scala:1325)
[info]   at frameless.functions.NonAggregateFunctionsTests.prop$63(NonAggregateFunctionsTests.scala:2287)
[info]   at frameless.functions.NonAggregateFunctionsTests.$anonfun$new$1542(NonAggregateFunctionsTests.scala:2291)
[info]   at org.scalacheck.Prop$.$anonfun$forAllShrink$2(Prop.scala:868)
[info]   at org.scalacheck.Prop$.secure(Prop.scala:484)
[info]   at org.scalacheck.Prop$.result$1(Prop.scala:868)
[info]   at org.scalacheck.Prop$.$anonfun$forAllShrink$1(Prop.scala:915)
[info]   at org.scalacheck.Prop$.$anonfun$apply$1(Prop.scala:305)
[info]   at org.scalacheck.PropFromFun.apply(Prop.scala:20)
[info]   at org.scalacheck.Test$.workerFun$1(Test.scala:486)
[info]   at org.scalacheck.Test$.$anonfun$check$4(Test.scala:518)
[info]   at org.scalacheck.Test$.$anonfun$check$4$adapted(Test.scala:518)
[info]   at org.scalacheck.Platform$.runWorkers(Platform.scala:42)
[info]   at org.scalacheck.Test$.check(Test.scala:518)
[info]   at org.scalatestplus.scalacheck.UnitCheckerAsserting$CheckerAssertingImpl.check(CheckerAsserting.scala:90)
[info]   at org.scalatestplus.scalacheck.Checkers.check(Checkers.scala:371)
[info]   at org.scalatestplus.scalacheck.Checkers.check$(Checkers.scala:369)
[info]   at frameless.TypedDatasetSuite.check(TypedDatasetSuite.scala:63)
[info]   at frameless.functions.NonAggregateFunctionsTests.$anonfun$new$1534(NonAggregateFunctionsTests.scala:2291)
[info]   at org.scalatest.OutcomeOf.outcomeOf(OutcomeOf.scala:85)
[info]   at org.scalatest.OutcomeOf.outcomeOf$(OutcomeOf.scala:83)
[info]   at org.scalatest.OutcomeOf$.outcomeOf(OutcomeOf.scala:104)
[info]   at org.scalatest.Transformer.apply(Transformer.scala:22)
[info]   at org.scalatest.Transformer.apply(Transformer.scala:20)
[info]   at org.scalatest.funsuite.AnyFunSuiteLike$$anon$1.apply(AnyFunSuiteLike.scala:226)
[info]   at org.scalatest.TestSuite.withFixture(TestSuite.scala:196)
[info]   at org.scalatest.TestSuite.withFixture$(TestSuite.scala:195)
[info]   at org.scalatest.funsuite.AnyFunSuite.withFixture(AnyFunSuite.scala:1564)
[info]   at org.scalatest.funsuite.AnyFunSuiteLike.invokeWithFixture$1(AnyFunSuiteLike.scala:224)
[info]   at org.scalatest.funsuite.AnyFunSuiteLike.$anonfun$runTest$1(AnyFunSuiteLike.scala:236)
[info]   at org.scalatest.SuperEngine.runTestImpl(Engine.scala:306)
[info]   at org.scalatest.funsuite.AnyFunSuiteLike.runTest(AnyFunSuiteLike.scala:236)
[info]   at org.scalatest.funsuite.AnyFunSuiteLike.runTest$(AnyFunSuiteLike.scala:218)
[info]   at org.scalatest.funsuite.AnyFunSuite.runTest(AnyFunSuite.scala:1564)
[info]   at org.scalatest.funsuite.AnyFunSuiteLike.$anonfun$runTests$1(AnyFunSuiteLike.scala:269)
[info]   at org.scalatest.SuperEngine.$anonfun$runTestsInBranch$1(Engine.scala:413)
[info]   at scala.collection.immutable.List.foreach(List.scala:334)
[info]   at org.scalatest.SuperEngine.traverseSubNodes$1(Engine.scala:401)
[info]   at org.scalatest.SuperEngine.runTestsInBranch(Engine.scala:396)
[info]   at org.scalatest.SuperEngine.runTestsImpl(Engine.scala:475)
[info]   at org.scalatest.funsuite.AnyFunSuiteLike.runTests(AnyFunSuiteLike.scala:269)
[info]   at org.scalatest.funsuite.AnyFunSuiteLike.runTests$(AnyFunSuiteLike.scala:268)
[info]   at org.scalatest.funsuite.AnyFunSuite.runTests(AnyFunSuite.scala:1564)
[info]   at org.scalatest.Suite.run(Suite.scala:1114)
[info]   at org.scalatest.Suite.run$(Suite.scala:1096)
[info]   at org.scalatest.funsuite.AnyFunSuite.org$scalatest$funsuite$AnyFunSuiteLike$$super$run(AnyFunSuite.scala:1564)
[info]   at org.scalatest.funsuite.AnyFunSuiteLike.$anonfun$run$1(AnyFunSuiteLike.scala:273)
[info]   at org.scalatest.SuperEngine.runImpl(Engine.scala:535)
[info]   at org.scalatest.funsuite.AnyFunSuiteLike.run(AnyFunSuiteLike.scala:273)
[info]   at org.scalatest.funsuite.AnyFunSuiteLike.run$(AnyFunSuiteLike.scala:272)
[info]   at frameless.TypedDatasetSuite.org$scalatest$BeforeAndAfterAll$$super$run(TypedDatasetSuite.scala:63)
[info]   at org.scalatest.BeforeAndAfterAll.liftedTree1$1(BeforeAndAfterAll.scala:213)
[info]   at org.scalatest.BeforeAndAfterAll.run(BeforeAndAfterAll.scala:210)
[info]   at org.scalatest.BeforeAndAfterAll.run$(BeforeAndAfterAll.scala:208)
[info]   at frameless.TypedDatasetSuite.run(TypedDatasetSuite.scala:63)
[info]   at org.scalatest.tools.Framework.org$scalatest$tools$Framework$$runSuite(Framework.scala:321)
[info]   at org.scalatest.tools.Framework$ScalaTestTask.execute(Framework.scala:517)
[info]   at sbt.ForkMain$Run.lambda$runTest$1(ForkMain.java:414)
[info]   at java.base/java.util.concurrent.FutureTask.run(FutureTask.java:317)
[info]   at java.base/java.util.concurrent.ThreadPoolExecutor.runWorker(ThreadPoolExecutor.java:1144)
[info]   at java.base/java.util.concurrent.ThreadPoolExecutor$Worker.run(ThreadPoolExecutor.java:642)
[info]   at java.base/java.lang.Thread.run(Thread.java:1583)
[info]   Cause: java.lang.ClassCastException: Cannot cast scala.reflect.ClassTag$GenericClassTag to org.apache.spark.sql.catalyst.expressions.Expression
[info]   at java.base/java.lang.Class.cast(Class.java:4067)
[info]   at java.base/jdk.internal.reflect.DirectConstructorHandleAccessor.newInstance(DirectConstructorHandleAccessor.java:62)
[info]   at java.base/java.lang.reflect.Constructor.newInstanceWithCaller(Constructor.java:502)
[info]   at java.base/java.lang.reflect.Constructor.newInstance(Constructor.java:486)
[info]   at frameless.TypedExpressionEncoder$.$anonfun$apply$3(TypedExpressionEncoder.scala:55)
[info]   at scala.Option.map(Option.scala:242)
[info]   at frameless.TypedExpressionEncoder$.apply(TypedExpressionEncoder.scala:54)
[info]   at frameless.TypedDataset$.create(TypedDataset.scala:1325)
[info]   at frameless.functions.NonAggregateFunctionsTests.prop$63(NonAggregateFunctionsTests.scala:2287)
[info]   at frameless.functions.NonAggregateFunctionsTests.$anonfun$new$1542(NonAggregateFunctionsTests.scala:2291)
[info]   at org.scalacheck.Prop$.$anonfun$forAllShrink$2(Prop.scala:868)
[info]   at org.scalacheck.Prop$.secure(Prop.scala:484)
[info]   at org.scalacheck.Prop$.result$1(Prop.scala:868)
[info]   at org.scalacheck.Prop$.$anonfun$forAllShrink$1(Prop.scala:915)
[info]   at org.scalacheck.Prop$.$anonfun$apply$1(Prop.scala:305)
[info]   at org.scalacheck.PropFromFun.apply(Prop.scala:20)
[info]   at org.scalacheck.Test$.workerFun$1(Test.scala:486)
[info]   at org.scalacheck.Test$.$anonfun$check$4(Test.scala:518)
[info]   at org.scalacheck.Test$.$anonfun$check$4$adapted(Test.scala:518)
[info]   at org.scalacheck.Platform$.runWorkers(Platform.scala:42)
[info]   at org.scalacheck.Test$.check(Test.scala:518)
[info]   at org.scalatestplus.scalacheck.UnitCheckerAsserting$CheckerAssertingImpl.check(CheckerAsserting.scala:90)
[info]   at org.scalatestplus.scalacheck.Checkers.check(Checkers.scala:371)
[info]   at org.scalatestplus.scalacheck.Checkers.check$(Checkers.scala:369)
[info]   at frameless.TypedDatasetSuite.check(TypedDatasetSuite.scala:63)
[info]   at frameless.functions.NonAggregateFunctionsTests.$anonfun$new$1534(NonAggregateFunctionsTests.scala:2291)
[info]   at org.scalatest.OutcomeOf.outcomeOf(OutcomeOf.scala:85)
[info]   at org.scalatest.OutcomeOf.outcomeOf$(OutcomeOf.scala:83)
[info]   at org.scalatest.OutcomeOf$.outcomeOf(OutcomeOf.scala:104)
[info]   at org.scalatest.Transformer.apply(Transformer.scala:22)
[info]   at org.scalatest.Transformer.apply(Transformer.scala:20)
[info]   at org.scalatest.funsuite.AnyFunSuiteLike$$anon$1.apply(AnyFunSuiteLike.scala:226)
[info]   at org.scalatest.TestSuite.withFixture(TestSuite.scala:196)
[info]   at org.scalatest.TestSuite.withFixture$(TestSuite.scala:195)
[info]   at org.scalatest.funsuite.AnyFunSuite.withFixture(AnyFunSuite.scala:1564)
[info]   at org.scalatest.funsuite.AnyFunSuiteLike.invokeWithFixture$1(AnyFunSuiteLike.scala:224)
[info]   at org.scalatest.funsuite.AnyFunSuiteLike.$anonfun$runTest$1(AnyFunSuiteLike.scala:236)
[info]   at org.scalatest.SuperEngine.runTestImpl(Engine.scala:306)
[info]   at org.scalatest.funsuite.AnyFunSuiteLike.runTest(AnyFunSuiteLike.scala:236)
[info]   at org.scalatest.funsuite.AnyFunSuiteLike.runTest$(AnyFunSuiteLike.scala:218)
[info]   at org.scalatest.funsuite.AnyFunSuite.runTest(AnyFunSuite.scala:1564)
[info]   at org.scalatest.funsuite.AnyFunSuiteLike.$anonfun$runTests$1(AnyFunSuiteLike.scala:269)
[info]   at org.scalatest.SuperEngine.$anonfun$runTestsInBranch$1(Engine.scala:413)
[info]   at scala.collection.immutable.List.foreach(List.scala:334)
[info]   at org.scalatest.SuperEngine.traverseSubNodes$1(Engine.scala:401)
[info]   at org.scalatest.SuperEngine.runTestsInBranch(Engine.scala:396)
[info]   at org.scalatest.SuperEngine.runTestsImpl(Engine.scala:475)
[info]   at org.scalatest.funsuite.AnyFunSuiteLike.runTests(AnyFunSuiteLike.scala:269)
[info]   at org.scalatest.funsuite.AnyFunSuiteLike.runTests$(AnyFunSuiteLike.scala:268)
[info]   at org.scalatest.funsuite.AnyFunSuite.runTests(AnyFunSuite.scala:1564)
[info]   at org.scalatest.Suite.run(Suite.scala:1114)
[info]   at org.scalatest.Suite.run$(Suite.scala:1096)
[info]   at org.scalatest.funsuite.AnyFunSuite.org$scalatest$funsuite$AnyFunSuiteLike$$super$run(AnyFunSuite.scala:1564)
[info]   at org.scalatest.funsuite.AnyFunSuiteLike.$anonfun$run$1(AnyFunSuiteLike.scala:273)
[info]   at org.scalatest.SuperEngine.runImpl(Engine.scala:535)
[info]   at org.scalatest.funsuite.AnyFunSuiteLike.run(AnyFunSuiteLike.scala:273)
[info]   at org.scalatest.funsuite.AnyFunSuiteLike.run$(AnyFunSuiteLike.scala:272)
[info]   at frameless.TypedDatasetSuite.org$scalatest$BeforeAndAfterAll$$super$run(TypedDatasetSuite.scala:63)
[info]   at org.scalatest.BeforeAndAfterAll.liftedTree1$1(BeforeAndAfterAll.scala:213)
[info]   at org.scalatest.BeforeAndAfterAll.run(BeforeAndAfterAll.scala:210)
[info]   at org.scalatest.BeforeAndAfterAll.run$(BeforeAndAfterAll.scala:208)
[info]   at frameless.TypedDatasetSuite.run(TypedDatasetSuite.scala:63)
[info]   at org.scalatest.tools.Framework.org$scalatest$tools$Framework$$runSuite(Framework.scala:321)
[info]   at org.scalatest.tools.Framework$ScalaTestTask.execute(Framework.scala:517)
[info]   at sbt.ForkMain$Run.lambda$runTest$1(ForkMain.java:414)
[info]   at java.base/java.util.concurrent.FutureTask.run(FutureTask.java:317)
[info]   at java.base/java.util.concurrent.ThreadPoolExecutor.runWorker(ThreadPoolExecutor.java:1144)
[info]   at java.base/java.util.concurrent.ThreadPoolExecutor$Worker.run(ThreadPoolExecutor.java:642)
[info]   at java.base/java.lang.Thread.run(Thread.java:1583)
[info] - dayofmonth *** FAILED *** (3 milliseconds)
[info]   IllegalArgumentException was thrown during property evaluation.
[info]     Message: argument type mismatch
[info]     Occurred when passed generated values (
[info]       arg0 = List()
[info]     )
[info]   org.scalatest.exceptions.GeneratorDrivenPropertyCheckFailedException:
[info]   at org.scalatestplus.scalacheck.CheckerAsserting$$anon$2.indicateFailure(CheckerAsserting.scala:251)
[info]   at org.scalatestplus.scalacheck.CheckerAsserting$$anon$2.indicateFailure(CheckerAsserting.scala:238)
[info]   at org.scalatestplus.scalacheck.UnitCheckerAsserting$CheckerAssertingImpl.check(CheckerAsserting.scala:160)
[info]   at org.scalatestplus.scalacheck.Checkers.check(Checkers.scala:371)
[info]   at org.scalatestplus.scalacheck.Checkers.check$(Checkers.scala:369)
[info]   at frameless.TypedDatasetSuite.check(TypedDatasetSuite.scala:63)
[info]   at frameless.functions.NonAggregateFunctionsTests.$anonfun$new$1547(NonAggregateFunctionsTests.scala:2304)
[info]   at org.scalatest.OutcomeOf.outcomeOf(OutcomeOf.scala:85)
[info]   at org.scalatest.OutcomeOf.outcomeOf$(OutcomeOf.scala:83)
[info]   at org.scalatest.OutcomeOf$.outcomeOf(OutcomeOf.scala:104)
[info]   at org.scalatest.Transformer.apply(Transformer.scala:22)
[info]   at org.scalatest.Transformer.apply(Transformer.scala:20)
[info]   at org.scalatest.funsuite.AnyFunSuiteLike$$anon$1.apply(AnyFunSuiteLike.scala:226)
[info]   at org.scalatest.TestSuite.withFixture(TestSuite.scala:196)
[info]   at org.scalatest.TestSuite.withFixture$(TestSuite.scala:195)
[info]   at org.scalatest.funsuite.AnyFunSuite.withFixture(AnyFunSuite.scala:1564)
[info]   at org.scalatest.funsuite.AnyFunSuiteLike.invokeWithFixture$1(AnyFunSuiteLike.scala:224)
[info]   at org.scalatest.funsuite.AnyFunSuiteLike.$anonfun$runTest$1(AnyFunSuiteLike.scala:236)
[info]   at org.scalatest.SuperEngine.runTestImpl(Engine.scala:306)
[info]   at org.scalatest.funsuite.AnyFunSuiteLike.runTest(AnyFunSuiteLike.scala:236)
[info]   at org.scalatest.funsuite.AnyFunSuiteLike.runTest$(AnyFunSuiteLike.scala:218)
[info]   at org.scalatest.funsuite.AnyFunSuite.runTest(AnyFunSuite.scala:1564)
[info]   at org.scalatest.funsuite.AnyFunSuiteLike.$anonfun$runTests$1(AnyFunSuiteLike.scala:269)
[info]   at org.scalatest.SuperEngine.$anonfun$runTestsInBranch$1(Engine.scala:413)
[info]   at scala.collection.immutable.List.foreach(List.scala:334)
[info]   at org.scalatest.SuperEngine.traverseSubNodes$1(Engine.scala:401)
[info]   at org.scalatest.SuperEngine.runTestsInBranch(Engine.scala:396)
[info]   at org.scalatest.SuperEngine.runTestsImpl(Engine.scala:475)
[info]   at org.scalatest.funsuite.AnyFunSuiteLike.runTests(AnyFunSuiteLike.scala:269)
[info]   at org.scalatest.funsuite.AnyFunSuiteLike.runTests$(AnyFunSuiteLike.scala:268)
[info]   at org.scalatest.funsuite.AnyFunSuite.runTests(AnyFunSuite.scala:1564)
[info]   at org.scalatest.Suite.run(Suite.scala:1114)
[info]   at org.scalatest.Suite.run$(Suite.scala:1096)
[info]   at org.scalatest.funsuite.AnyFunSuite.org$scalatest$funsuite$AnyFunSuiteLike$$super$run(AnyFunSuite.scala:1564)
[info]   at org.scalatest.funsuite.AnyFunSuiteLike.$anonfun$run$1(AnyFunSuiteLike.scala:273)
[info]   at org.scalatest.SuperEngine.runImpl(Engine.scala:535)
[info]   at org.scalatest.funsuite.AnyFunSuiteLike.run(AnyFunSuiteLike.scala:273)
[info]   at org.scalatest.funsuite.AnyFunSuiteLike.run$(AnyFunSuiteLike.scala:272)
[info]   at frameless.TypedDatasetSuite.org$scalatest$BeforeAndAfterAll$$super$run(TypedDatasetSuite.scala:63)
[info]   at org.scalatest.BeforeAndAfterAll.liftedTree1$1(BeforeAndAfterAll.scala:213)
[info]   at org.scalatest.BeforeAndAfterAll.run(BeforeAndAfterAll.scala:210)
[info]   at org.scalatest.BeforeAndAfterAll.run$(BeforeAndAfterAll.scala:208)
[info]   at frameless.TypedDatasetSuite.run(TypedDatasetSuite.scala:63)
[info]   at org.scalatest.tools.Framework.org$scalatest$tools$Framework$$runSuite(Framework.scala:321)
[info]   at org.scalatest.tools.Framework$ScalaTestTask.execute(Framework.scala:517)
[info]   at sbt.ForkMain$Run.lambda$runTest$1(ForkMain.java:414)
[info]   at java.base/java.util.concurrent.FutureTask.run(FutureTask.java:317)
[info]   at java.base/java.util.concurrent.ThreadPoolExecutor.runWorker(ThreadPoolExecutor.java:1144)
[info]   at java.base/java.util.concurrent.ThreadPoolExecutor$Worker.run(ThreadPoolExecutor.java:642)
[info]   at java.base/java.lang.Thread.run(Thread.java:1583)
[info]   Cause: java.lang.IllegalArgumentException: argument type mismatch
[info]   at java.base/jdk.internal.reflect.DirectConstructorHandleAccessor.newInstance(DirectConstructorHandleAccessor.java:65)
[info]   at java.base/java.lang.reflect.Constructor.newInstanceWithCaller(Constructor.java:502)
[info]   at java.base/java.lang.reflect.Constructor.newInstance(Constructor.java:486)
[info]   at frameless.TypedExpressionEncoder$.$anonfun$apply$3(TypedExpressionEncoder.scala:55)
[info]   at scala.Option.map(Option.scala:242)
[info]   at frameless.TypedExpressionEncoder$.apply(TypedExpressionEncoder.scala:54)
[info]   at frameless.TypedDataset$.create(TypedDataset.scala:1325)
[info]   at frameless.functions.NonAggregateFunctionsTests.prop$64(NonAggregateFunctionsTests.scala:2300)
[info]   at frameless.functions.NonAggregateFunctionsTests.$anonfun$new$1555(NonAggregateFunctionsTests.scala:2304)
[info]   at org.scalacheck.Prop$.$anonfun$forAllShrink$2(Prop.scala:868)
[info]   at org.scalacheck.Prop$.secure(Prop.scala:484)
[info]   at org.scalacheck.Prop$.result$1(Prop.scala:868)
[info]   at org.scalacheck.Prop$.$anonfun$forAllShrink$1(Prop.scala:915)
[info]   at org.scalacheck.Prop$.$anonfun$apply$1(Prop.scala:305)
[info]   at org.scalacheck.PropFromFun.apply(Prop.scala:20)
[info]   at org.scalacheck.Test$.workerFun$1(Test.scala:486)
[info]   at org.scalacheck.Test$.$anonfun$check$4(Test.scala:518)
[info]   at org.scalacheck.Test$.$anonfun$check$4$adapted(Test.scala:518)
[info]   at org.scalacheck.Platform$.runWorkers(Platform.scala:42)
[info]   at org.scalacheck.Test$.check(Test.scala:518)
[info]   at org.scalatestplus.scalacheck.UnitCheckerAsserting$CheckerAssertingImpl.check(CheckerAsserting.scala:90)
[info]   at org.scalatestplus.scalacheck.Checkers.check(Checkers.scala:371)
[info]   at org.scalatestplus.scalacheck.Checkers.check$(Checkers.scala:369)
[info]   at frameless.TypedDatasetSuite.check(TypedDatasetSuite.scala:63)
[info]   at frameless.functions.NonAggregateFunctionsTests.$anonfun$new$1547(NonAggregateFunctionsTests.scala:2304)
[info]   at org.scalatest.OutcomeOf.outcomeOf(OutcomeOf.scala:85)
[info]   at org.scalatest.OutcomeOf.outcomeOf$(OutcomeOf.scala:83)
[info]   at org.scalatest.OutcomeOf$.outcomeOf(OutcomeOf.scala:104)
[info]   at org.scalatest.Transformer.apply(Transformer.scala:22)
[info]   at org.scalatest.Transformer.apply(Transformer.scala:20)
[info]   at org.scalatest.funsuite.AnyFunSuiteLike$$anon$1.apply(AnyFunSuiteLike.scala:226)
[info]   at org.scalatest.TestSuite.withFixture(TestSuite.scala:196)
[info]   at org.scalatest.TestSuite.withFixture$(TestSuite.scala:195)
[info]   at org.scalatest.funsuite.AnyFunSuite.withFixture(AnyFunSuite.scala:1564)
[info]   at org.scalatest.funsuite.AnyFunSuiteLike.invokeWithFixture$1(AnyFunSuiteLike.scala:224)
[info]   at org.scalatest.funsuite.AnyFunSuiteLike.$anonfun$runTest$1(AnyFunSuiteLike.scala:236)
[info]   at org.scalatest.SuperEngine.runTestImpl(Engine.scala:306)
[info]   at org.scalatest.funsuite.AnyFunSuiteLike.runTest(AnyFunSuiteLike.scala:236)
[info]   at org.scalatest.funsuite.AnyFunSuiteLike.runTest$(AnyFunSuiteLike.scala:218)
[info]   at org.scalatest.funsuite.AnyFunSuite.runTest(AnyFunSuite.scala:1564)
[info]   at org.scalatest.funsuite.AnyFunSuiteLike.$anonfun$runTests$1(AnyFunSuiteLike.scala:269)
[info]   at org.scalatest.SuperEngine.$anonfun$runTestsInBranch$1(Engine.scala:413)
[info]   at scala.collection.immutable.List.foreach(List.scala:334)
[info]   at org.scalatest.SuperEngine.traverseSubNodes$1(Engine.scala:401)
[info]   at org.scalatest.SuperEngine.runTestsInBranch(Engine.scala:396)
[info]   at org.scalatest.SuperEngine.runTestsImpl(Engine.scala:475)
[info]   at org.scalatest.funsuite.AnyFunSuiteLike.runTests(AnyFunSuiteLike.scala:269)
[info]   at org.scalatest.funsuite.AnyFunSuiteLike.runTests$(AnyFunSuiteLike.scala:268)
[info]   at org.scalatest.funsuite.AnyFunSuite.runTests(AnyFunSuite.scala:1564)
[info]   at org.scalatest.Suite.run(Suite.scala:1114)
[info]   at org.scalatest.Suite.run$(Suite.scala:1096)
[info]   at org.scalatest.funsuite.AnyFunSuite.org$scalatest$funsuite$AnyFunSuiteLike$$super$run(AnyFunSuite.scala:1564)
[info]   at org.scalatest.funsuite.AnyFunSuiteLike.$anonfun$run$1(AnyFunSuiteLike.scala:273)
[info]   at org.scalatest.SuperEngine.runImpl(Engine.scala:535)
[info]   at org.scalatest.funsuite.AnyFunSuiteLike.run(AnyFunSuiteLike.scala:273)
[info]   at org.scalatest.funsuite.AnyFunSuiteLike.run$(AnyFunSuiteLike.scala:272)
[info]   at frameless.TypedDatasetSuite.org$scalatest$BeforeAndAfterAll$$super$run(TypedDatasetSuite.scala:63)
[info]   at org.scalatest.BeforeAndAfterAll.liftedTree1$1(BeforeAndAfterAll.scala:213)
[info]   at org.scalatest.BeforeAndAfterAll.run(BeforeAndAfterAll.scala:210)
[info]   at org.scalatest.BeforeAndAfterAll.run$(BeforeAndAfterAll.scala:208)
[info]   at frameless.TypedDatasetSuite.run(TypedDatasetSuite.scala:63)
[info]   at org.scalatest.tools.Framework.org$scalatest$tools$Framework$$runSuite(Framework.scala:321)
[info]   at org.scalatest.tools.Framework$ScalaTestTask.execute(Framework.scala:517)
[info]   at sbt.ForkMain$Run.lambda$runTest$1(ForkMain.java:414)
[info]   at java.base/java.util.concurrent.FutureTask.run(FutureTask.java:317)
[info]   at java.base/java.util.concurrent.ThreadPoolExecutor.runWorker(ThreadPoolExecutor.java:1144)
[info]   at java.base/java.util.concurrent.ThreadPoolExecutor$Worker.run(ThreadPoolExecutor.java:642)
[info]   at java.base/java.lang.Thread.run(Thread.java:1583)
[info]   Cause: java.lang.ClassCastException: Cannot cast scala.reflect.ClassTag$GenericClassTag to org.apache.spark.sql.catalyst.expressions.Expression
[info]   at java.base/java.lang.Class.cast(Class.java:4067)
[info]   at java.base/jdk.internal.reflect.DirectConstructorHandleAccessor.newInstance(DirectConstructorHandleAccessor.java:62)
[info]   at java.base/java.lang.reflect.Constructor.newInstanceWithCaller(Constructor.java:502)
[info]   at java.base/java.lang.reflect.Constructor.newInstance(Constructor.java:486)
[info]   at frameless.TypedExpressionEncoder$.$anonfun$apply$3(TypedExpressionEncoder.scala:55)
[info]   at scala.Option.map(Option.scala:242)
[info]   at frameless.TypedExpressionEncoder$.apply(TypedExpressionEncoder.scala:54)
[info]   at frameless.TypedDataset$.create(TypedDataset.scala:1325)
[info]   at frameless.functions.NonAggregateFunctionsTests.prop$64(NonAggregateFunctionsTests.scala:2300)
[info]   at frameless.functions.NonAggregateFunctionsTests.$anonfun$new$1555(NonAggregateFunctionsTests.scala:2304)
[info]   at org.scalacheck.Prop$.$anonfun$forAllShrink$2(Prop.scala:868)
[info]   at org.scalacheck.Prop$.secure(Prop.scala:484)
[info]   at org.scalacheck.Prop$.result$1(Prop.scala:868)
[info]   at org.scalacheck.Prop$.$anonfun$forAllShrink$1(Prop.scala:915)
[info]   at org.scalacheck.Prop$.$anonfun$apply$1(Prop.scala:305)
[info]   at org.scalacheck.PropFromFun.apply(Prop.scala:20)
[info]   at org.scalacheck.Test$.workerFun$1(Test.scala:486)
[info]   at org.scalacheck.Test$.$anonfun$check$4(Test.scala:518)
[info]   at org.scalacheck.Test$.$anonfun$check$4$adapted(Test.scala:518)
[info]   at org.scalacheck.Platform$.runWorkers(Platform.scala:42)
[info]   at org.scalacheck.Test$.check(Test.scala:518)
[info]   at org.scalatestplus.scalacheck.UnitCheckerAsserting$CheckerAssertingImpl.check(CheckerAsserting.scala:90)
[info]   at org.scalatestplus.scalacheck.Checkers.check(Checkers.scala:371)
[info]   at org.scalatestplus.scalacheck.Checkers.check$(Checkers.scala:369)
[info]   at frameless.TypedDatasetSuite.check(TypedDatasetSuite.scala:63)
[info]   at frameless.functions.NonAggregateFunctionsTests.$anonfun$new$1547(NonAggregateFunctionsTests.scala:2304)
[info]   at org.scalatest.OutcomeOf.outcomeOf(OutcomeOf.scala:85)
[info]   at org.scalatest.OutcomeOf.outcomeOf$(OutcomeOf.scala:83)
[info]   at org.scalatest.OutcomeOf$.outcomeOf(OutcomeOf.scala:104)
[info]   at org.scalatest.Transformer.apply(Transformer.scala:22)
[info]   at org.scalatest.Transformer.apply(Transformer.scala:20)
[info]   at org.scalatest.funsuite.AnyFunSuiteLike$$anon$1.apply(AnyFunSuiteLike.scala:226)
[info]   at org.scalatest.TestSuite.withFixture(TestSuite.scala:196)
[info]   at org.scalatest.TestSuite.withFixture$(TestSuite.scala:195)
[info]   at org.scalatest.funsuite.AnyFunSuite.withFixture(AnyFunSuite.scala:1564)
[info]   at org.scalatest.funsuite.AnyFunSuiteLike.invokeWithFixture$1(AnyFunSuiteLike.scala:224)
[info]   at org.scalatest.funsuite.AnyFunSuiteLike.$anonfun$runTest$1(AnyFunSuiteLike.scala:236)
[info]   at org.scalatest.SuperEngine.runTestImpl(Engine.scala:306)
[info]   at org.scalatest.funsuite.AnyFunSuiteLike.runTest(AnyFunSuiteLike.scala:236)
[info]   at org.scalatest.funsuite.AnyFunSuiteLike.runTest$(AnyFunSuiteLike.scala:218)
[info]   at org.scalatest.funsuite.AnyFunSuite.runTest(AnyFunSuite.scala:1564)
[info]   at org.scalatest.funsuite.AnyFunSuiteLike.$anonfun$runTests$1(AnyFunSuiteLike.scala:269)
[info]   at org.scalatest.SuperEngine.$anonfun$runTestsInBranch$1(Engine.scala:413)
[info]   at scala.collection.immutable.List.foreach(List.scala:334)
[info]   at org.scalatest.SuperEngine.traverseSubNodes$1(Engine.scala:401)
[info]   at org.scalatest.SuperEngine.runTestsInBranch(Engine.scala:396)
[info]   at org.scalatest.SuperEngine.runTestsImpl(Engine.scala:475)
[info]   at org.scalatest.funsuite.AnyFunSuiteLike.runTests(AnyFunSuiteLike.scala:269)
[info]   at org.scalatest.funsuite.AnyFunSuiteLike.runTests$(AnyFunSuiteLike.scala:268)
[info]   at org.scalatest.funsuite.AnyFunSuite.runTests(AnyFunSuite.scala:1564)
[info]   at org.scalatest.Suite.run(Suite.scala:1114)
[info]   at org.scalatest.Suite.run$(Suite.scala:1096)
[info]   at org.scalatest.funsuite.AnyFunSuite.org$scalatest$funsuite$AnyFunSuiteLike$$super$run(AnyFunSuite.scala:1564)
[info]   at org.scalatest.funsuite.AnyFunSuiteLike.$anonfun$run$1(AnyFunSuiteLike.scala:273)
[info]   at org.scalatest.SuperEngine.runImpl(Engine.scala:535)
[info]   at org.scalatest.funsuite.AnyFunSuiteLike.run(AnyFunSuiteLike.scala:273)
[info]   at org.scalatest.funsuite.AnyFunSuiteLike.run$(AnyFunSuiteLike.scala:272)
[info]   at frameless.TypedDatasetSuite.org$scalatest$BeforeAndAfterAll$$super$run(TypedDatasetSuite.scala:63)
[info]   at org.scalatest.BeforeAndAfterAll.liftedTree1$1(BeforeAndAfterAll.scala:213)
[info]   at org.scalatest.BeforeAndAfterAll.run(BeforeAndAfterAll.scala:210)
[info]   at org.scalatest.BeforeAndAfterAll.run$(BeforeAndAfterAll.scala:208)
[info]   at frameless.TypedDatasetSuite.run(TypedDatasetSuite.scala:63)
[info]   at org.scalatest.tools.Framework.org$scalatest$tools$Framework$$runSuite(Framework.scala:321)
[info]   at org.scalatest.tools.Framework$ScalaTestTask.execute(Framework.scala:517)
[info]   at sbt.ForkMain$Run.lambda$runTest$1(ForkMain.java:414)
[info]   at java.base/java.util.concurrent.FutureTask.run(FutureTask.java:317)
[info]   at java.base/java.util.concurrent.ThreadPoolExecutor.runWorker(ThreadPoolExecutor.java:1144)
[info]   at java.base/java.util.concurrent.ThreadPoolExecutor$Worker.run(ThreadPoolExecutor.java:642)
[info]   at java.base/java.lang.Thread.run(Thread.java:1583)
[info] - dayofyear *** FAILED *** (1 millisecond)
[info]   IllegalArgumentException was thrown during property evaluation.
[info]     Message: argument type mismatch
[info]     Occurred when passed generated values (
[info]       arg0 = List()
[info]     )
[info]   org.scalatest.exceptions.GeneratorDrivenPropertyCheckFailedException:
[info]   at org.scalatestplus.scalacheck.CheckerAsserting$$anon$2.indicateFailure(CheckerAsserting.scala:251)
[info]   at org.scalatestplus.scalacheck.CheckerAsserting$$anon$2.indicateFailure(CheckerAsserting.scala:238)
[info]   at org.scalatestplus.scalacheck.UnitCheckerAsserting$CheckerAssertingImpl.check(CheckerAsserting.scala:160)
[info]   at org.scalatestplus.scalacheck.Checkers.check(Checkers.scala:371)
[info]   at org.scalatestplus.scalacheck.Checkers.check$(Checkers.scala:369)
[info]   at frameless.TypedDatasetSuite.check(TypedDatasetSuite.scala:63)
[info]   at frameless.functions.NonAggregateFunctionsTests.$anonfun$new$1560(NonAggregateFunctionsTests.scala:2317)
[info]   at org.scalatest.OutcomeOf.outcomeOf(OutcomeOf.scala:85)
[info]   at org.scalatest.OutcomeOf.outcomeOf$(OutcomeOf.scala:83)
[info]   at org.scalatest.OutcomeOf$.outcomeOf(OutcomeOf.scala:104)
[info]   at org.scalatest.Transformer.apply(Transformer.scala:22)
[info]   at org.scalatest.Transformer.apply(Transformer.scala:20)
[info]   at org.scalatest.funsuite.AnyFunSuiteLike$$anon$1.apply(AnyFunSuiteLike.scala:226)
[info]   at org.scalatest.TestSuite.withFixture(TestSuite.scala:196)
[info]   at org.scalatest.TestSuite.withFixture$(TestSuite.scala:195)
[info]   at org.scalatest.funsuite.AnyFunSuite.withFixture(AnyFunSuite.scala:1564)
[info]   at org.scalatest.funsuite.AnyFunSuiteLike.invokeWithFixture$1(AnyFunSuiteLike.scala:224)
[info]   at org.scalatest.funsuite.AnyFunSuiteLike.$anonfun$runTest$1(AnyFunSuiteLike.scala:236)
[info]   at org.scalatest.SuperEngine.runTestImpl(Engine.scala:306)
[info]   at org.scalatest.funsuite.AnyFunSuiteLike.runTest(AnyFunSuiteLike.scala:236)
[info]   at org.scalatest.funsuite.AnyFunSuiteLike.runTest$(AnyFunSuiteLike.scala:218)
[info]   at org.scalatest.funsuite.AnyFunSuite.runTest(AnyFunSuite.scala:1564)
[info]   at org.scalatest.funsuite.AnyFunSuiteLike.$anonfun$runTests$1(AnyFunSuiteLike.scala:269)
[info]   at org.scalatest.SuperEngine.$anonfun$runTestsInBranch$1(Engine.scala:413)
[info]   at scala.collection.immutable.List.foreach(List.scala:334)
[info]   at org.scalatest.SuperEngine.traverseSubNodes$1(Engine.scala:401)
[info]   at org.scalatest.SuperEngine.runTestsInBranch(Engine.scala:396)
[info]   at org.scalatest.SuperEngine.runTestsImpl(Engine.scala:475)
[info]   at org.scalatest.funsuite.AnyFunSuiteLike.runTests(AnyFunSuiteLike.scala:269)
[info]   at org.scalatest.funsuite.AnyFunSuiteLike.runTests$(AnyFunSuiteLike.scala:268)
[info]   at org.scalatest.funsuite.AnyFunSuite.runTests(AnyFunSuite.scala:1564)
[info]   at org.scalatest.Suite.run(Suite.scala:1114)
[info]   at org.scalatest.Suite.run$(Suite.scala:1096)
[info]   at org.scalatest.funsuite.AnyFunSuite.org$scalatest$funsuite$AnyFunSuiteLike$$super$run(AnyFunSuite.scala:1564)
[info]   at org.scalatest.funsuite.AnyFunSuiteLike.$anonfun$run$1(AnyFunSuiteLike.scala:273)
[info]   at org.scalatest.SuperEngine.runImpl(Engine.scala:535)
[info]   at org.scalatest.funsuite.AnyFunSuiteLike.run(AnyFunSuiteLike.scala:273)
[info]   at org.scalatest.funsuite.AnyFunSuiteLike.run$(AnyFunSuiteLike.scala:272)
[info]   at frameless.TypedDatasetSuite.org$scalatest$BeforeAndAfterAll$$super$run(TypedDatasetSuite.scala:63)
[info]   at org.scalatest.BeforeAndAfterAll.liftedTree1$1(BeforeAndAfterAll.scala:213)
[info]   at org.scalatest.BeforeAndAfterAll.run(BeforeAndAfterAll.scala:210)
[info]   at org.scalatest.BeforeAndAfterAll.run$(BeforeAndAfterAll.scala:208)
[info]   at frameless.TypedDatasetSuite.run(TypedDatasetSuite.scala:63)
[info]   at org.scalatest.tools.Framework.org$scalatest$tools$Framework$$runSuite(Framework.scala:321)
[info]   at org.scalatest.tools.Framework$ScalaTestTask.execute(Framework.scala:517)
[info]   at sbt.ForkMain$Run.lambda$runTest$1(ForkMain.java:414)
[info]   at java.base/java.util.concurrent.FutureTask.run(FutureTask.java:317)
[info]   at java.base/java.util.concurrent.ThreadPoolExecutor.runWorker(ThreadPoolExecutor.java:1144)
[info]   at java.base/java.util.concurrent.ThreadPoolExecutor$Worker.run(ThreadPoolExecutor.java:642)
[info]   at java.base/java.lang.Thread.run(Thread.java:1583)
[info]   Cause: java.lang.IllegalArgumentException: argument type mismatch
[info]   at java.base/jdk.internal.reflect.DirectConstructorHandleAccessor.newInstance(DirectConstructorHandleAccessor.java:65)
[info]   at java.base/java.lang.reflect.Constructor.newInstanceWithCaller(Constructor.java:502)
[info]   at java.base/java.lang.reflect.Constructor.newInstance(Constructor.java:486)
[info]   at frameless.TypedExpressionEncoder$.$anonfun$apply$3(TypedExpressionEncoder.scala:55)
[info]   at scala.Option.map(Option.scala:242)
[info]   at frameless.TypedExpressionEncoder$.apply(TypedExpressionEncoder.scala:54)
[info]   at frameless.TypedDataset$.create(TypedDataset.scala:1325)
[info]   at frameless.functions.NonAggregateFunctionsTests.prop$65(NonAggregateFunctionsTests.scala:2313)
[info]   at frameless.functions.NonAggregateFunctionsTests.$anonfun$new$1568(NonAggregateFunctionsTests.scala:2317)
[info]   at org.scalacheck.Prop$.$anonfun$forAllShrink$2(Prop.scala:868)
[info]   at org.scalacheck.Prop$.secure(Prop.scala:484)
[info]   at org.scalacheck.Prop$.result$1(Prop.scala:868)
[info]   at org.scalacheck.Prop$.$anonfun$forAllShrink$1(Prop.scala:915)
[info]   at org.scalacheck.Prop$.$anonfun$apply$1(Prop.scala:305)
[info]   at org.scalacheck.PropFromFun.apply(Prop.scala:20)
[info]   at org.scalacheck.Test$.workerFun$1(Test.scala:486)
[info]   at org.scalacheck.Test$.$anonfun$check$4(Test.scala:518)
[info]   at org.scalacheck.Test$.$anonfun$check$4$adapted(Test.scala:518)
[info]   at org.scalacheck.Platform$.runWorkers(Platform.scala:42)
[info]   at org.scalacheck.Test$.check(Test.scala:518)
[info]   at org.scalatestplus.scalacheck.UnitCheckerAsserting$CheckerAssertingImpl.check(CheckerAsserting.scala:90)
[info]   at org.scalatestplus.scalacheck.Checkers.check(Checkers.scala:371)
[info]   at org.scalatestplus.scalacheck.Checkers.check$(Checkers.scala:369)
[info]   at frameless.TypedDatasetSuite.check(TypedDatasetSuite.scala:63)
[info]   at frameless.functions.NonAggregateFunctionsTests.$anonfun$new$1560(NonAggregateFunctionsTests.scala:2317)
[info]   at org.scalatest.OutcomeOf.outcomeOf(OutcomeOf.scala:85)
[info]   at org.scalatest.OutcomeOf.outcomeOf$(OutcomeOf.scala:83)
[info]   at org.scalatest.OutcomeOf$.outcomeOf(OutcomeOf.scala:104)
[info]   at org.scalatest.Transformer.apply(Transformer.scala:22)
[info]   at org.scalatest.Transformer.apply(Transformer.scala:20)
[info]   at org.scalatest.funsuite.AnyFunSuiteLike$$anon$1.apply(AnyFunSuiteLike.scala:226)
[info]   at org.scalatest.TestSuite.withFixture(TestSuite.scala:196)
[info]   at org.scalatest.TestSuite.withFixture$(TestSuite.scala:195)
[info]   at org.scalatest.funsuite.AnyFunSuite.withFixture(AnyFunSuite.scala:1564)
[info]   at org.scalatest.funsuite.AnyFunSuiteLike.invokeWithFixture$1(AnyFunSuiteLike.scala:224)
[info]   at org.scalatest.funsuite.AnyFunSuiteLike.$anonfun$runTest$1(AnyFunSuiteLike.scala:236)
[info]   at org.scalatest.SuperEngine.runTestImpl(Engine.scala:306)
[info]   at org.scalatest.funsuite.AnyFunSuiteLike.runTest(AnyFunSuiteLike.scala:236)
[info]   at org.scalatest.funsuite.AnyFunSuiteLike.runTest$(AnyFunSuiteLike.scala:218)
[info]   at org.scalatest.funsuite.AnyFunSuite.runTest(AnyFunSuite.scala:1564)
[info]   at org.scalatest.funsuite.AnyFunSuiteLike.$anonfun$runTests$1(AnyFunSuiteLike.scala:269)
[info]   at org.scalatest.SuperEngine.$anonfun$runTestsInBranch$1(Engine.scala:413)
[info]   at scala.collection.immutable.List.foreach(List.scala:334)
[info]   at org.scalatest.SuperEngine.traverseSubNodes$1(Engine.scala:401)
[info]   at org.scalatest.SuperEngine.runTestsInBranch(Engine.scala:396)
[info]   at org.scalatest.SuperEngine.runTestsImpl(Engine.scala:475)
[info]   at org.scalatest.funsuite.AnyFunSuiteLike.runTests(AnyFunSuiteLike.scala:269)
[info]   at org.scalatest.funsuite.AnyFunSuiteLike.runTests$(AnyFunSuiteLike.scala:268)
[info]   at org.scalatest.funsuite.AnyFunSuite.runTests(AnyFunSuite.scala:1564)
[info]   at org.scalatest.Suite.run(Suite.scala:1114)
[info]   at org.scalatest.Suite.run$(Suite.scala:1096)
[info]   at org.scalatest.funsuite.AnyFunSuite.org$scalatest$funsuite$AnyFunSuiteLike$$super$run(AnyFunSuite.scala:1564)
[info]   at org.scalatest.funsuite.AnyFunSuiteLike.$anonfun$run$1(AnyFunSuiteLike.scala:273)
[info]   at org.scalatest.SuperEngine.runImpl(Engine.scala:535)
[info]   at org.scalatest.funsuite.AnyFunSuiteLike.run(AnyFunSuiteLike.scala:273)
[info]   at org.scalatest.funsuite.AnyFunSuiteLike.run$(AnyFunSuiteLike.scala:272)
[info]   at frameless.TypedDatasetSuite.org$scalatest$BeforeAndAfterAll$$super$run(TypedDatasetSuite.scala:63)
[info]   at org.scalatest.BeforeAndAfterAll.liftedTree1$1(BeforeAndAfterAll.scala:213)
[info]   at org.scalatest.BeforeAndAfterAll.run(BeforeAndAfterAll.scala:210)
[info]   at org.scalatest.BeforeAndAfterAll.run$(BeforeAndAfterAll.scala:208)
[info]   at frameless.TypedDatasetSuite.run(TypedDatasetSuite.scala:63)
[info]   at org.scalatest.tools.Framework.org$scalatest$tools$Framework$$runSuite(Framework.scala:321)
[info]   at org.scalatest.tools.Framework$ScalaTestTask.execute(Framework.scala:517)
[info]   at sbt.ForkMain$Run.lambda$runTest$1(ForkMain.java:414)
[info]   at java.base/java.util.concurrent.FutureTask.run(FutureTask.java:317)
[info]   at java.base/java.util.concurrent.ThreadPoolExecutor.runWorker(ThreadPoolExecutor.java:1144)
[info]   at java.base/java.util.concurrent.ThreadPoolExecutor$Worker.run(ThreadPoolExecutor.java:642)
[info]   at java.base/java.lang.Thread.run(Thread.java:1583)
[info]   Cause: java.lang.ClassCastException: Cannot cast scala.reflect.ClassTag$GenericClassTag to org.apache.spark.sql.catalyst.expressions.Expression
[info]   at java.base/java.lang.Class.cast(Class.java:4067)
[info]   at java.base/jdk.internal.reflect.DirectConstructorHandleAccessor.newInstance(DirectConstructorHandleAccessor.java:62)
[info]   at java.base/java.lang.reflect.Constructor.newInstanceWithCaller(Constructor.java:502)
[info]   at java.base/java.lang.reflect.Constructor.newInstance(Constructor.java:486)
[info]   at frameless.TypedExpressionEncoder$.$anonfun$apply$3(TypedExpressionEncoder.scala:55)
[info]   at scala.Option.map(Option.scala:242)
[info]   at frameless.TypedExpressionEncoder$.apply(TypedExpressionEncoder.scala:54)
[info]   at frameless.TypedDataset$.create(TypedDataset.scala:1325)
[info]   at frameless.functions.NonAggregateFunctionsTests.prop$65(NonAggregateFunctionsTests.scala:2313)
[info]   at frameless.functions.NonAggregateFunctionsTests.$anonfun$new$1568(NonAggregateFunctionsTests.scala:2317)
[info]   at org.scalacheck.Prop$.$anonfun$forAllShrink$2(Prop.scala:868)
[info]   at org.scalacheck.Prop$.secure(Prop.scala:484)
[info]   at org.scalacheck.Prop$.result$1(Prop.scala:868)
[info]   at org.scalacheck.Prop$.$anonfun$forAllShrink$1(Prop.scala:915)
[info]   at org.scalacheck.Prop$.$anonfun$apply$1(Prop.scala:305)
[info]   at org.scalacheck.PropFromFun.apply(Prop.scala:20)
[info]   at org.scalacheck.Test$.workerFun$1(Test.scala:486)
[info]   at org.scalacheck.Test$.$anonfun$check$4(Test.scala:518)
[info]   at org.scalacheck.Test$.$anonfun$check$4$adapted(Test.scala:518)
[info]   at org.scalacheck.Platform$.runWorkers(Platform.scala:42)
[info]   at org.scalacheck.Test$.check(Test.scala:518)
[info]   at org.scalatestplus.scalacheck.UnitCheckerAsserting$CheckerAssertingImpl.check(CheckerAsserting.scala:90)
[info]   at org.scalatestplus.scalacheck.Checkers.check(Checkers.scala:371)
[info]   at org.scalatestplus.scalacheck.Checkers.check$(Checkers.scala:369)
[info]   at frameless.TypedDatasetSuite.check(TypedDatasetSuite.scala:63)
[info]   at frameless.functions.NonAggregateFunctionsTests.$anonfun$new$1560(NonAggregateFunctionsTests.scala:2317)
[info]   at org.scalatest.OutcomeOf.outcomeOf(OutcomeOf.scala:85)
[info]   at org.scalatest.OutcomeOf.outcomeOf$(OutcomeOf.scala:83)
[info]   at org.scalatest.OutcomeOf$.outcomeOf(OutcomeOf.scala:104)
[info]   at org.scalatest.Transformer.apply(Transformer.scala:22)
[info]   at org.scalatest.Transformer.apply(Transformer.scala:20)
[info]   at org.scalatest.funsuite.AnyFunSuiteLike$$anon$1.apply(AnyFunSuiteLike.scala:226)
[info]   at org.scalatest.TestSuite.withFixture(TestSuite.scala:196)
[info]   at org.scalatest.TestSuite.withFixture$(TestSuite.scala:195)
[info]   at org.scalatest.funsuite.AnyFunSuite.withFixture(AnyFunSuite.scala:1564)
[info]   at org.scalatest.funsuite.AnyFunSuiteLike.invokeWithFixture$1(AnyFunSuiteLike.scala:224)
[info]   at org.scalatest.funsuite.AnyFunSuiteLike.$anonfun$runTest$1(AnyFunSuiteLike.scala:236)
[info]   at org.scalatest.SuperEngine.runTestImpl(Engine.scala:306)
[info]   at org.scalatest.funsuite.AnyFunSuiteLike.runTest(AnyFunSuiteLike.scala:236)
[info]   at org.scalatest.funsuite.AnyFunSuiteLike.runTest$(AnyFunSuiteLike.scala:218)
[info]   at org.scalatest.funsuite.AnyFunSuite.runTest(AnyFunSuite.scala:1564)
[info]   at org.scalatest.funsuite.AnyFunSuiteLike.$anonfun$runTests$1(AnyFunSuiteLike.scala:269)
[info]   at org.scalatest.SuperEngine.$anonfun$runTestsInBranch$1(Engine.scala:413)
[info]   at scala.collection.immutable.List.foreach(List.scala:334)
[info]   at org.scalatest.SuperEngine.traverseSubNodes$1(Engine.scala:401)
[info]   at org.scalatest.SuperEngine.runTestsInBranch(Engine.scala:396)
[info]   at org.scalatest.SuperEngine.runTestsImpl(Engine.scala:475)
[info]   at org.scalatest.funsuite.AnyFunSuiteLike.runTests(AnyFunSuiteLike.scala:269)
[info]   at org.scalatest.funsuite.AnyFunSuiteLike.runTests$(AnyFunSuiteLike.scala:268)
[info]   at org.scalatest.funsuite.AnyFunSuite.runTests(AnyFunSuite.scala:1564)
[info]   at org.scalatest.Suite.run(Suite.scala:1114)
[info]   at org.scalatest.Suite.run$(Suite.scala:1096)
[info]   at org.scalatest.funsuite.AnyFunSuite.org$scalatest$funsuite$AnyFunSuiteLike$$super$run(AnyFunSuite.scala:1564)
[info]   at org.scalatest.funsuite.AnyFunSuiteLike.$anonfun$run$1(AnyFunSuiteLike.scala:273)
[info]   at org.scalatest.SuperEngine.runImpl(Engine.scala:535)
[info]   at org.scalatest.funsuite.AnyFunSuiteLike.run(AnyFunSuiteLike.scala:273)
[info]   at org.scalatest.funsuite.AnyFunSuiteLike.run$(AnyFunSuiteLike.scala:272)
[info]   at frameless.TypedDatasetSuite.org$scalatest$BeforeAndAfterAll$$super$run(TypedDatasetSuite.scala:63)
[info]   at org.scalatest.BeforeAndAfterAll.liftedTree1$1(BeforeAndAfterAll.scala:213)
[info]   at org.scalatest.BeforeAndAfterAll.run(BeforeAndAfterAll.scala:210)
[info]   at org.scalatest.BeforeAndAfterAll.run$(BeforeAndAfterAll.scala:208)
[info]   at frameless.TypedDatasetSuite.run(TypedDatasetSuite.scala:63)
[info]   at org.scalatest.tools.Framework.org$scalatest$tools$Framework$$runSuite(Framework.scala:321)
[info]   at org.scalatest.tools.Framework$ScalaTestTask.execute(Framework.scala:517)
[info]   at sbt.ForkMain$Run.lambda$runTest$1(ForkMain.java:414)
[info]   at java.base/java.util.concurrent.FutureTask.run(FutureTask.java:317)
[info]   at java.base/java.util.concurrent.ThreadPoolExecutor.runWorker(ThreadPoolExecutor.java:1144)
[info]   at java.base/java.util.concurrent.ThreadPoolExecutor$Worker.run(ThreadPoolExecutor.java:642)
[info]   at java.base/java.lang.Thread.run(Thread.java:1583)
[info] - hour *** FAILED *** (3 milliseconds)
[info]   IllegalArgumentException was thrown during property evaluation.
[info]     Message: argument type mismatch
[info]     Occurred when passed generated values (
[info]       arg0 = List()
[info]     )
[info]   org.scalatest.exceptions.GeneratorDrivenPropertyCheckFailedException:
[info]   at org.scalatestplus.scalacheck.CheckerAsserting$$anon$2.indicateFailure(CheckerAsserting.scala:251)
[info]   at org.scalatestplus.scalacheck.CheckerAsserting$$anon$2.indicateFailure(CheckerAsserting.scala:238)
[info]   at org.scalatestplus.scalacheck.UnitCheckerAsserting$CheckerAssertingImpl.check(CheckerAsserting.scala:160)
[info]   at org.scalatestplus.scalacheck.Checkers.check(Checkers.scala:371)
[info]   at org.scalatestplus.scalacheck.Checkers.check$(Checkers.scala:369)
[info]   at frameless.TypedDatasetSuite.check(TypedDatasetSuite.scala:63)
[info]   at frameless.functions.NonAggregateFunctionsTests.$anonfun$new$1573(NonAggregateFunctionsTests.scala:2330)
[info]   at org.scalatest.OutcomeOf.outcomeOf(OutcomeOf.scala:85)
[info]   at org.scalatest.OutcomeOf.outcomeOf$(OutcomeOf.scala:83)
[info]   at org.scalatest.OutcomeOf$.outcomeOf(OutcomeOf.scala:104)
[info]   at org.scalatest.Transformer.apply(Transformer.scala:22)
[info]   at org.scalatest.Transformer.apply(Transformer.scala:20)
[info]   at org.scalatest.funsuite.AnyFunSuiteLike$$anon$1.apply(AnyFunSuiteLike.scala:226)
[info]   at org.scalatest.TestSuite.withFixture(TestSuite.scala:196)
[info]   at org.scalatest.TestSuite.withFixture$(TestSuite.scala:195)
[info]   at org.scalatest.funsuite.AnyFunSuite.withFixture(AnyFunSuite.scala:1564)
[info]   at org.scalatest.funsuite.AnyFunSuiteLike.invokeWithFixture$1(AnyFunSuiteLike.scala:224)
[info]   at org.scalatest.funsuite.AnyFunSuiteLike.$anonfun$runTest$1(AnyFunSuiteLike.scala:236)
[info]   at org.scalatest.SuperEngine.runTestImpl(Engine.scala:306)
[info]   at org.scalatest.funsuite.AnyFunSuiteLike.runTest(AnyFunSuiteLike.scala:236)
[info]   at org.scalatest.funsuite.AnyFunSuiteLike.runTest$(AnyFunSuiteLike.scala:218)
[info]   at org.scalatest.funsuite.AnyFunSuite.runTest(AnyFunSuite.scala:1564)
[info]   at org.scalatest.funsuite.AnyFunSuiteLike.$anonfun$runTests$1(AnyFunSuiteLike.scala:269)
[info]   at org.scalatest.SuperEngine.$anonfun$runTestsInBranch$1(Engine.scala:413)
[info]   at scala.collection.immutable.List.foreach(List.scala:334)
[info]   at org.scalatest.SuperEngine.traverseSubNodes$1(Engine.scala:401)
[info]   at org.scalatest.SuperEngine.runTestsInBranch(Engine.scala:396)
[info]   at org.scalatest.SuperEngine.runTestsImpl(Engine.scala:475)
[info]   at org.scalatest.funsuite.AnyFunSuiteLike.runTests(AnyFunSuiteLike.scala:269)
[info]   at org.scalatest.funsuite.AnyFunSuiteLike.runTests$(AnyFunSuiteLike.scala:268)
[info]   at org.scalatest.funsuite.AnyFunSuite.runTests(AnyFunSuite.scala:1564)
[info]   at org.scalatest.Suite.run(Suite.scala:1114)
[info]   at org.scalatest.Suite.run$(Suite.scala:1096)
[info]   at org.scalatest.funsuite.AnyFunSuite.org$scalatest$funsuite$AnyFunSuiteLike$$super$run(AnyFunSuite.scala:1564)
[info]   at org.scalatest.funsuite.AnyFunSuiteLike.$anonfun$run$1(AnyFunSuiteLike.scala:273)
[info]   at org.scalatest.SuperEngine.runImpl(Engine.scala:535)
[info]   at org.scalatest.funsuite.AnyFunSuiteLike.run(AnyFunSuiteLike.scala:273)
[info]   at org.scalatest.funsuite.AnyFunSuiteLike.run$(AnyFunSuiteLike.scala:272)
[info]   at frameless.TypedDatasetSuite.org$scalatest$BeforeAndAfterAll$$super$run(TypedDatasetSuite.scala:63)
[info]   at org.scalatest.BeforeAndAfterAll.liftedTree1$1(BeforeAndAfterAll.scala:213)
[info]   at org.scalatest.BeforeAndAfterAll.run(BeforeAndAfterAll.scala:210)
[info]   at org.scalatest.BeforeAndAfterAll.run$(BeforeAndAfterAll.scala:208)
[info]   at frameless.TypedDatasetSuite.run(TypedDatasetSuite.scala:63)
[info]   at org.scalatest.tools.Framework.org$scalatest$tools$Framework$$runSuite(Framework.scala:321)
[info]   at org.scalatest.tools.Framework$ScalaTestTask.execute(Framework.scala:517)
[info]   at sbt.ForkMain$Run.lambda$runTest$1(ForkMain.java:414)
[info]   at java.base/java.util.concurrent.FutureTask.run(FutureTask.java:317)
[info]   at java.base/java.util.concurrent.ThreadPoolExecutor.runWorker(ThreadPoolExecutor.java:1144)
[info]   at java.base/java.util.concurrent.ThreadPoolExecutor$Worker.run(ThreadPoolExecutor.java:642)
[info]   at java.base/java.lang.Thread.run(Thread.java:1583)
[info]   Cause: java.lang.IllegalArgumentException: argument type mismatch
[info]   at java.base/jdk.internal.reflect.DirectConstructorHandleAccessor.newInstance(DirectConstructorHandleAccessor.java:65)
[info]   at java.base/java.lang.reflect.Constructor.newInstanceWithCaller(Constructor.java:502)
[info]   at java.base/java.lang.reflect.Constructor.newInstance(Constructor.java:486)
[info]   at frameless.TypedExpressionEncoder$.$anonfun$apply$3(TypedExpressionEncoder.scala:55)
[info]   at scala.Option.map(Option.scala:242)
[info]   at frameless.TypedExpressionEncoder$.apply(TypedExpressionEncoder.scala:54)
[info]   at frameless.TypedDataset$.create(TypedDataset.scala:1325)
[info]   at frameless.functions.NonAggregateFunctionsTests.prop$66(NonAggregateFunctionsTests.scala:2326)
[info]   at frameless.functions.NonAggregateFunctionsTests.$anonfun$new$1581(NonAggregateFunctionsTests.scala:2330)
[info]   at org.scalacheck.Prop$.$anonfun$forAllShrink$2(Prop.scala:868)
[info]   at org.scalacheck.Prop$.secure(Prop.scala:484)
[info]   at org.scalacheck.Prop$.result$1(Prop.scala:868)
[info]   at org.scalacheck.Prop$.$anonfun$forAllShrink$1(Prop.scala:915)
[info]   at org.scalacheck.Prop$.$anonfun$apply$1(Prop.scala:305)
[info]   at org.scalacheck.PropFromFun.apply(Prop.scala:20)
[info]   at org.scalacheck.Test$.workerFun$1(Test.scala:486)
[info]   at org.scalacheck.Test$.$anonfun$check$4(Test.scala:518)
[info]   at org.scalacheck.Test$.$anonfun$check$4$adapted(Test.scala:518)
[info]   at org.scalacheck.Platform$.runWorkers(Platform.scala:42)
[info]   at org.scalacheck.Test$.check(Test.scala:518)
[info]   at org.scalatestplus.scalacheck.UnitCheckerAsserting$CheckerAssertingImpl.check(CheckerAsserting.scala:90)
[info]   at org.scalatestplus.scalacheck.Checkers.check(Checkers.scala:371)
[info]   at org.scalatestplus.scalacheck.Checkers.check$(Checkers.scala:369)
[info]   at frameless.TypedDatasetSuite.check(TypedDatasetSuite.scala:63)
[info]   at frameless.functions.NonAggregateFunctionsTests.$anonfun$new$1573(NonAggregateFunctionsTests.scala:2330)
[info]   at org.scalatest.OutcomeOf.outcomeOf(OutcomeOf.scala:85)
[info]   at org.scalatest.OutcomeOf.outcomeOf$(OutcomeOf.scala:83)
[info]   at org.scalatest.OutcomeOf$.outcomeOf(OutcomeOf.scala:104)
[info]   at org.scalatest.Transformer.apply(Transformer.scala:22)
[info]   at org.scalatest.Transformer.apply(Transformer.scala:20)
[info]   at org.scalatest.funsuite.AnyFunSuiteLike$$anon$1.apply(AnyFunSuiteLike.scala:226)
[info]   at org.scalatest.TestSuite.withFixture(TestSuite.scala:196)
[info]   at org.scalatest.TestSuite.withFixture$(TestSuite.scala:195)
[info]   at org.scalatest.funsuite.AnyFunSuite.withFixture(AnyFunSuite.scala:1564)
[info]   at org.scalatest.funsuite.AnyFunSuiteLike.invokeWithFixture$1(AnyFunSuiteLike.scala:224)
[info]   at org.scalatest.funsuite.AnyFunSuiteLike.$anonfun$runTest$1(AnyFunSuiteLike.scala:236)
[info]   at org.scalatest.SuperEngine.runTestImpl(Engine.scala:306)
[info]   at org.scalatest.funsuite.AnyFunSuiteLike.runTest(AnyFunSuiteLike.scala:236)
[info]   at org.scalatest.funsuite.AnyFunSuiteLike.runTest$(AnyFunSuiteLike.scala:218)
[info]   at org.scalatest.funsuite.AnyFunSuite.runTest(AnyFunSuite.scala:1564)
[info]   at org.scalatest.funsuite.AnyFunSuiteLike.$anonfun$runTests$1(AnyFunSuiteLike.scala:269)
[info]   at org.scalatest.SuperEngine.$anonfun$runTestsInBranch$1(Engine.scala:413)
[info]   at scala.collection.immutable.List.foreach(List.scala:334)
[info]   at org.scalatest.SuperEngine.traverseSubNodes$1(Engine.scala:401)
[info]   at org.scalatest.SuperEngine.runTestsInBranch(Engine.scala:396)
[info]   at org.scalatest.SuperEngine.runTestsImpl(Engine.scala:475)
[info]   at org.scalatest.funsuite.AnyFunSuiteLike.runTests(AnyFunSuiteLike.scala:269)
[info]   at org.scalatest.funsuite.AnyFunSuiteLike.runTests$(AnyFunSuiteLike.scala:268)
[info]   at org.scalatest.funsuite.AnyFunSuite.runTests(AnyFunSuite.scala:1564)
[info]   at org.scalatest.Suite.run(Suite.scala:1114)
[info]   at org.scalatest.Suite.run$(Suite.scala:1096)
[info]   at org.scalatest.funsuite.AnyFunSuite.org$scalatest$funsuite$AnyFunSuiteLike$$super$run(AnyFunSuite.scala:1564)
[info]   at org.scalatest.funsuite.AnyFunSuiteLike.$anonfun$run$1(AnyFunSuiteLike.scala:273)
[info]   at org.scalatest.SuperEngine.runImpl(Engine.scala:535)
[info]   at org.scalatest.funsuite.AnyFunSuiteLike.run(AnyFunSuiteLike.scala:273)
[info]   at org.scalatest.funsuite.AnyFunSuiteLike.run$(AnyFunSuiteLike.scala:272)
[info]   at frameless.TypedDatasetSuite.org$scalatest$BeforeAndAfterAll$$super$run(TypedDatasetSuite.scala:63)
[info]   at org.scalatest.BeforeAndAfterAll.liftedTree1$1(BeforeAndAfterAll.scala:213)
[info]   at org.scalatest.BeforeAndAfterAll.run(BeforeAndAfterAll.scala:210)
[info]   at org.scalatest.BeforeAndAfterAll.run$(BeforeAndAfterAll.scala:208)
[info]   at frameless.TypedDatasetSuite.run(TypedDatasetSuite.scala:63)
[info]   at org.scalatest.tools.Framework.org$scalatest$tools$Framework$$runSuite(Framework.scala:321)
[info]   at org.scalatest.tools.Framework$ScalaTestTask.execute(Framework.scala:517)
[info]   at sbt.ForkMain$Run.lambda$runTest$1(ForkMain.java:414)
[info]   at java.base/java.util.concurrent.FutureTask.run(FutureTask.java:317)
[info]   at java.base/java.util.concurrent.ThreadPoolExecutor.runWorker(ThreadPoolExecutor.java:1144)
[info]   at java.base/java.util.concurrent.ThreadPoolExecutor$Worker.run(ThreadPoolExecutor.java:642)
[info]   at java.base/java.lang.Thread.run(Thread.java:1583)
[info]   Cause: java.lang.ClassCastException: Cannot cast scala.reflect.ClassTag$GenericClassTag to org.apache.spark.sql.catalyst.expressions.Expression
[info]   at java.base/java.lang.Class.cast(Class.java:4067)
[info]   at java.base/jdk.internal.reflect.DirectConstructorHandleAccessor.newInstance(DirectConstructorHandleAccessor.java:62)
[info]   at java.base/java.lang.reflect.Constructor.newInstanceWithCaller(Constructor.java:502)
[info]   at java.base/java.lang.reflect.Constructor.newInstance(Constructor.java:486)
[info]   at frameless.TypedExpressionEncoder$.$anonfun$apply$3(TypedExpressionEncoder.scala:55)
[info]   at scala.Option.map(Option.scala:242)
[info]   at frameless.TypedExpressionEncoder$.apply(TypedExpressionEncoder.scala:54)
[info]   at frameless.TypedDataset$.create(TypedDataset.scala:1325)
[info]   at frameless.functions.NonAggregateFunctionsTests.prop$66(NonAggregateFunctionsTests.scala:2326)
[info]   at frameless.functions.NonAggregateFunctionsTests.$anonfun$new$1581(NonAggregateFunctionsTests.scala:2330)
[info]   at org.scalacheck.Prop$.$anonfun$forAllShrink$2(Prop.scala:868)
[info]   at org.scalacheck.Prop$.secure(Prop.scala:484)
[info]   at org.scalacheck.Prop$.result$1(Prop.scala:868)
[info]   at org.scalacheck.Prop$.$anonfun$forAllShrink$1(Prop.scala:915)
[info]   at org.scalacheck.Prop$.$anonfun$apply$1(Prop.scala:305)
[info]   at org.scalacheck.PropFromFun.apply(Prop.scala:20)
[info]   at org.scalacheck.Test$.workerFun$1(Test.scala:486)
[info]   at org.scalacheck.Test$.$anonfun$check$4(Test.scala:518)
[info]   at org.scalacheck.Test$.$anonfun$check$4$adapted(Test.scala:518)
[info]   at org.scalacheck.Platform$.runWorkers(Platform.scala:42)
[info]   at org.scalacheck.Test$.check(Test.scala:518)
[info]   at org.scalatestplus.scalacheck.UnitCheckerAsserting$CheckerAssertingImpl.check(CheckerAsserting.scala:90)
[info]   at org.scalatestplus.scalacheck.Checkers.check(Checkers.scala:371)
[info]   at org.scalatestplus.scalacheck.Checkers.check$(Checkers.scala:369)
[info]   at frameless.TypedDatasetSuite.check(TypedDatasetSuite.scala:63)
[info]   at frameless.functions.NonAggregateFunctionsTests.$anonfun$new$1573(NonAggregateFunctionsTests.scala:2330)
[info]   at org.scalatest.OutcomeOf.outcomeOf(OutcomeOf.scala:85)
[info]   at org.scalatest.OutcomeOf.outcomeOf$(OutcomeOf.scala:83)
[info]   at org.scalatest.OutcomeOf$.outcomeOf(OutcomeOf.scala:104)
[info]   at org.scalatest.Transformer.apply(Transformer.scala:22)
[info]   at org.scalatest.Transformer.apply(Transformer.scala:20)
[info]   at org.scalatest.funsuite.AnyFunSuiteLike$$anon$1.apply(AnyFunSuiteLike.scala:226)
[info]   at org.scalatest.TestSuite.withFixture(TestSuite.scala:196)
[info]   at org.scalatest.TestSuite.withFixture$(TestSuite.scala:195)
[info]   at org.scalatest.funsuite.AnyFunSuite.withFixture(AnyFunSuite.scala:1564)
[info]   at org.scalatest.funsuite.AnyFunSuiteLike.invokeWithFixture$1(AnyFunSuiteLike.scala:224)
[info]   at org.scalatest.funsuite.AnyFunSuiteLike.$anonfun$runTest$1(AnyFunSuiteLike.scala:236)
[info]   at org.scalatest.SuperEngine.runTestImpl(Engine.scala:306)
[info]   at org.scalatest.funsuite.AnyFunSuiteLike.runTest(AnyFunSuiteLike.scala:236)
[info]   at org.scalatest.funsuite.AnyFunSuiteLike.runTest$(AnyFunSuiteLike.scala:218)
[info]   at org.scalatest.funsuite.AnyFunSuite.runTest(AnyFunSuite.scala:1564)
[info]   at org.scalatest.funsuite.AnyFunSuiteLike.$anonfun$runTests$1(AnyFunSuiteLike.scala:269)
[info]   at org.scalatest.SuperEngine.$anonfun$runTestsInBranch$1(Engine.scala:413)
[info]   at scala.collection.immutable.List.foreach(List.scala:334)
[info]   at org.scalatest.SuperEngine.traverseSubNodes$1(Engine.scala:401)
[info]   at org.scalatest.SuperEngine.runTestsInBranch(Engine.scala:396)
[info]   at org.scalatest.SuperEngine.runTestsImpl(Engine.scala:475)
[info]   at org.scalatest.funsuite.AnyFunSuiteLike.runTests(AnyFunSuiteLike.scala:269)
[info]   at org.scalatest.funsuite.AnyFunSuiteLike.runTests$(AnyFunSuiteLike.scala:268)
[info]   at org.scalatest.funsuite.AnyFunSuite.runTests(AnyFunSuite.scala:1564)
[info]   at org.scalatest.Suite.run(Suite.scala:1114)
[info]   at org.scalatest.Suite.run$(Suite.scala:1096)
[info]   at org.scalatest.funsuite.AnyFunSuite.org$scalatest$funsuite$AnyFunSuiteLike$$super$run(AnyFunSuite.scala:1564)
[info]   at org.scalatest.funsuite.AnyFunSuiteLike.$anonfun$run$1(AnyFunSuiteLike.scala:273)
[info]   at org.scalatest.SuperEngine.runImpl(Engine.scala:535)
[info]   at org.scalatest.funsuite.AnyFunSuiteLike.run(AnyFunSuiteLike.scala:273)
[info]   at org.scalatest.funsuite.AnyFunSuiteLike.run$(AnyFunSuiteLike.scala:272)
[info]   at frameless.TypedDatasetSuite.org$scalatest$BeforeAndAfterAll$$super$run(TypedDatasetSuite.scala:63)
[info]   at org.scalatest.BeforeAndAfterAll.liftedTree1$1(BeforeAndAfterAll.scala:213)
[info]   at org.scalatest.BeforeAndAfterAll.run(BeforeAndAfterAll.scala:210)
[info]   at org.scalatest.BeforeAndAfterAll.run$(BeforeAndAfterAll.scala:208)
[info]   at frameless.TypedDatasetSuite.run(TypedDatasetSuite.scala:63)
[info]   at org.scalatest.tools.Framework.org$scalatest$tools$Framework$$runSuite(Framework.scala:321)
[info]   at org.scalatest.tools.Framework$ScalaTestTask.execute(Framework.scala:517)
[info]   at sbt.ForkMain$Run.lambda$runTest$1(ForkMain.java:414)
[info]   at java.base/java.util.concurrent.FutureTask.run(FutureTask.java:317)
[info]   at java.base/java.util.concurrent.ThreadPoolExecutor.runWorker(ThreadPoolExecutor.java:1144)
[info]   at java.base/java.util.concurrent.ThreadPoolExecutor$Worker.run(ThreadPoolExecutor.java:642)
[info]   at java.base/java.lang.Thread.run(Thread.java:1583)
[info] - minute *** FAILED *** (2 milliseconds)
[info]   IllegalArgumentException was thrown during property evaluation.
[info]     Message: argument type mismatch
[info]     Occurred when passed generated values (
[info]       arg0 = List()
[info]     )
[info]   org.scalatest.exceptions.GeneratorDrivenPropertyCheckFailedException:
[info]   at org.scalatestplus.scalacheck.CheckerAsserting$$anon$2.indicateFailure(CheckerAsserting.scala:251)
[info]   at org.scalatestplus.scalacheck.CheckerAsserting$$anon$2.indicateFailure(CheckerAsserting.scala:238)
[info]   at org.scalatestplus.scalacheck.UnitCheckerAsserting$CheckerAssertingImpl.check(CheckerAsserting.scala:160)
[info]   at org.scalatestplus.scalacheck.Checkers.check(Checkers.scala:371)
[info]   at org.scalatestplus.scalacheck.Checkers.check$(Checkers.scala:369)
[info]   at frameless.TypedDatasetSuite.check(TypedDatasetSuite.scala:63)
[info]   at frameless.functions.NonAggregateFunctionsTests.$anonfun$new$1586(NonAggregateFunctionsTests.scala:2343)
[info]   at org.scalatest.OutcomeOf.outcomeOf(OutcomeOf.scala:85)
[info]   at org.scalatest.OutcomeOf.outcomeOf$(OutcomeOf.scala:83)
[info]   at org.scalatest.OutcomeOf$.outcomeOf(OutcomeOf.scala:104)
[info]   at org.scalatest.Transformer.apply(Transformer.scala:22)
[info]   at org.scalatest.Transformer.apply(Transformer.scala:20)
[info]   at org.scalatest.funsuite.AnyFunSuiteLike$$anon$1.apply(AnyFunSuiteLike.scala:226)
[info]   at org.scalatest.TestSuite.withFixture(TestSuite.scala:196)
[info]   at org.scalatest.TestSuite.withFixture$(TestSuite.scala:195)
[info]   at org.scalatest.funsuite.AnyFunSuite.withFixture(AnyFunSuite.scala:1564)
[info]   at org.scalatest.funsuite.AnyFunSuiteLike.invokeWithFixture$1(AnyFunSuiteLike.scala:224)
[info]   at org.scalatest.funsuite.AnyFunSuiteLike.$anonfun$runTest$1(AnyFunSuiteLike.scala:236)
[info]   at org.scalatest.SuperEngine.runTestImpl(Engine.scala:306)
[info]   at org.scalatest.funsuite.AnyFunSuiteLike.runTest(AnyFunSuiteLike.scala:236)
[info]   at org.scalatest.funsuite.AnyFunSuiteLike.runTest$(AnyFunSuiteLike.scala:218)
[info]   at org.scalatest.funsuite.AnyFunSuite.runTest(AnyFunSuite.scala:1564)
[info]   at org.scalatest.funsuite.AnyFunSuiteLike.$anonfun$runTests$1(AnyFunSuiteLike.scala:269)
[info]   at org.scalatest.SuperEngine.$anonfun$runTestsInBranch$1(Engine.scala:413)
[info]   at scala.collection.immutable.List.foreach(List.scala:334)
[info]   at org.scalatest.SuperEngine.traverseSubNodes$1(Engine.scala:401)
[info]   at org.scalatest.SuperEngine.runTestsInBranch(Engine.scala:396)
[info]   at org.scalatest.SuperEngine.runTestsImpl(Engine.scala:475)
[info]   at org.scalatest.funsuite.AnyFunSuiteLike.runTests(AnyFunSuiteLike.scala:269)
[info]   at org.scalatest.funsuite.AnyFunSuiteLike.runTests$(AnyFunSuiteLike.scala:268)
[info]   at org.scalatest.funsuite.AnyFunSuite.runTests(AnyFunSuite.scala:1564)
[info]   at org.scalatest.Suite.run(Suite.scala:1114)
[info]   at org.scalatest.Suite.run$(Suite.scala:1096)
[info]   at org.scalatest.funsuite.AnyFunSuite.org$scalatest$funsuite$AnyFunSuiteLike$$super$run(AnyFunSuite.scala:1564)
[info]   at org.scalatest.funsuite.AnyFunSuiteLike.$anonfun$run$1(AnyFunSuiteLike.scala:273)
[info]   at org.scalatest.SuperEngine.runImpl(Engine.scala:535)
[info]   at org.scalatest.funsuite.AnyFunSuiteLike.run(AnyFunSuiteLike.scala:273)
[info]   at org.scalatest.funsuite.AnyFunSuiteLike.run$(AnyFunSuiteLike.scala:272)
[info]   at frameless.TypedDatasetSuite.org$scalatest$BeforeAndAfterAll$$super$run(TypedDatasetSuite.scala:63)
[info]   at org.scalatest.BeforeAndAfterAll.liftedTree1$1(BeforeAndAfterAll.scala:213)
[info]   at org.scalatest.BeforeAndAfterAll.run(BeforeAndAfterAll.scala:210)
[info]   at org.scalatest.BeforeAndAfterAll.run$(BeforeAndAfterAll.scala:208)
[info]   at frameless.TypedDatasetSuite.run(TypedDatasetSuite.scala:63)
[info]   at org.scalatest.tools.Framework.org$scalatest$tools$Framework$$runSuite(Framework.scala:321)
[info]   at org.scalatest.tools.Framework$ScalaTestTask.execute(Framework.scala:517)
[info]   at sbt.ForkMain$Run.lambda$runTest$1(ForkMain.java:414)
[info]   at java.base/java.util.concurrent.FutureTask.run(FutureTask.java:317)
[info]   at java.base/java.util.concurrent.ThreadPoolExecutor.runWorker(ThreadPoolExecutor.java:1144)
[info]   at java.base/java.util.concurrent.ThreadPoolExecutor$Worker.run(ThreadPoolExecutor.java:642)
[info]   at java.base/java.lang.Thread.run(Thread.java:1583)
[info]   Cause: java.lang.IllegalArgumentException: argument type mismatch
[info]   at java.base/jdk.internal.reflect.DirectConstructorHandleAccessor.newInstance(DirectConstructorHandleAccessor.java:65)
[info]   at java.base/java.lang.reflect.Constructor.newInstanceWithCaller(Constructor.java:502)
[info]   at java.base/java.lang.reflect.Constructor.newInstance(Constructor.java:486)
[info]   at frameless.TypedExpressionEncoder$.$anonfun$apply$3(TypedExpressionEncoder.scala:55)
[info]   at scala.Option.map(Option.scala:242)
[info]   at frameless.TypedExpressionEncoder$.apply(TypedExpressionEncoder.scala:54)
[info]   at frameless.TypedDataset$.create(TypedDataset.scala:1325)
[info]   at frameless.functions.NonAggregateFunctionsTests.prop$67(NonAggregateFunctionsTests.scala:2339)
[info]   at frameless.functions.NonAggregateFunctionsTests.$anonfun$new$1594(NonAggregateFunctionsTests.scala:2343)
[info]   at org.scalacheck.Prop$.$anonfun$forAllShrink$2(Prop.scala:868)
[info]   at org.scalacheck.Prop$.secure(Prop.scala:484)
[info]   at org.scalacheck.Prop$.result$1(Prop.scala:868)
[info]   at org.scalacheck.Prop$.$anonfun$forAllShrink$1(Prop.scala:915)
[info]   at org.scalacheck.Prop$.$anonfun$apply$1(Prop.scala:305)
[info]   at org.scalacheck.PropFromFun.apply(Prop.scala:20)
[info]   at org.scalacheck.Test$.workerFun$1(Test.scala:486)
[info]   at org.scalacheck.Test$.$anonfun$check$4(Test.scala:518)
[info]   at org.scalacheck.Test$.$anonfun$check$4$adapted(Test.scala:518)
[info]   at org.scalacheck.Platform$.runWorkers(Platform.scala:42)
[info]   at org.scalacheck.Test$.check(Test.scala:518)
[info]   at org.scalatestplus.scalacheck.UnitCheckerAsserting$CheckerAssertingImpl.check(CheckerAsserting.scala:90)
[info]   at org.scalatestplus.scalacheck.Checkers.check(Checkers.scala:371)
[info]   at org.scalatestplus.scalacheck.Checkers.check$(Checkers.scala:369)
[info]   at frameless.TypedDatasetSuite.check(TypedDatasetSuite.scala:63)
[info]   at frameless.functions.NonAggregateFunctionsTests.$anonfun$new$1586(NonAggregateFunctionsTests.scala:2343)
[info]   at org.scalatest.OutcomeOf.outcomeOf(OutcomeOf.scala:85)
[info]   at org.scalatest.OutcomeOf.outcomeOf$(OutcomeOf.scala:83)
[info]   at org.scalatest.OutcomeOf$.outcomeOf(OutcomeOf.scala:104)
[info]   at org.scalatest.Transformer.apply(Transformer.scala:22)
[info]   at org.scalatest.Transformer.apply(Transformer.scala:20)
[info]   at org.scalatest.funsuite.AnyFunSuiteLike$$anon$1.apply(AnyFunSuiteLike.scala:226)
[info]   at org.scalatest.TestSuite.withFixture(TestSuite.scala:196)
[info]   at org.scalatest.TestSuite.withFixture$(TestSuite.scala:195)
[info]   at org.scalatest.funsuite.AnyFunSuite.withFixture(AnyFunSuite.scala:1564)
[info]   at org.scalatest.funsuite.AnyFunSuiteLike.invokeWithFixture$1(AnyFunSuiteLike.scala:224)
[info]   at org.scalatest.funsuite.AnyFunSuiteLike.$anonfun$runTest$1(AnyFunSuiteLike.scala:236)
[info]   at org.scalatest.SuperEngine.runTestImpl(Engine.scala:306)
[info]   at org.scalatest.funsuite.AnyFunSuiteLike.runTest(AnyFunSuiteLike.scala:236)
[info]   at org.scalatest.funsuite.AnyFunSuiteLike.runTest$(AnyFunSuiteLike.scala:218)
[info]   at org.scalatest.funsuite.AnyFunSuite.runTest(AnyFunSuite.scala:1564)
[info]   at org.scalatest.funsuite.AnyFunSuiteLike.$anonfun$runTests$1(AnyFunSuiteLike.scala:269)
[info]   at org.scalatest.SuperEngine.$anonfun$runTestsInBranch$1(Engine.scala:413)
[info]   at scala.collection.immutable.List.foreach(List.scala:334)
[info]   at org.scalatest.SuperEngine.traverseSubNodes$1(Engine.scala:401)
[info]   at org.scalatest.SuperEngine.runTestsInBranch(Engine.scala:396)
[info]   at org.scalatest.SuperEngine.runTestsImpl(Engine.scala:475)
[info]   at org.scalatest.funsuite.AnyFunSuiteLike.runTests(AnyFunSuiteLike.scala:269)
[info]   at org.scalatest.funsuite.AnyFunSuiteLike.runTests$(AnyFunSuiteLike.scala:268)
[info]   at org.scalatest.funsuite.AnyFunSuite.runTests(AnyFunSuite.scala:1564)
[info]   at org.scalatest.Suite.run(Suite.scala:1114)
[info]   at org.scalatest.Suite.run$(Suite.scala:1096)
[info]   at org.scalatest.funsuite.AnyFunSuite.org$scalatest$funsuite$AnyFunSuiteLike$$super$run(AnyFunSuite.scala:1564)
[info]   at org.scalatest.funsuite.AnyFunSuiteLike.$anonfun$run$1(AnyFunSuiteLike.scala:273)
[info]   at org.scalatest.SuperEngine.runImpl(Engine.scala:535)
[info]   at org.scalatest.funsuite.AnyFunSuiteLike.run(AnyFunSuiteLike.scala:273)
[info]   at org.scalatest.funsuite.AnyFunSuiteLike.run$(AnyFunSuiteLike.scala:272)
[info]   at frameless.TypedDatasetSuite.org$scalatest$BeforeAndAfterAll$$super$run(TypedDatasetSuite.scala:63)
[info]   at org.scalatest.BeforeAndAfterAll.liftedTree1$1(BeforeAndAfterAll.scala:213)
[info]   at org.scalatest.BeforeAndAfterAll.run(BeforeAndAfterAll.scala:210)
[info]   at org.scalatest.BeforeAndAfterAll.run$(BeforeAndAfterAll.scala:208)
[info]   at frameless.TypedDatasetSuite.run(TypedDatasetSuite.scala:63)
[info]   at org.scalatest.tools.Framework.org$scalatest$tools$Framework$$runSuite(Framework.scala:321)
[info]   at org.scalatest.tools.Framework$ScalaTestTask.execute(Framework.scala:517)
[info]   at sbt.ForkMain$Run.lambda$runTest$1(ForkMain.java:414)
[info]   at java.base/java.util.concurrent.FutureTask.run(FutureTask.java:317)
[info]   at java.base/java.util.concurrent.ThreadPoolExecutor.runWorker(ThreadPoolExecutor.java:1144)
[info]   at java.base/java.util.concurrent.ThreadPoolExecutor$Worker.run(ThreadPoolExecutor.java:642)
[info]   at java.base/java.lang.Thread.run(Thread.java:1583)
[info]   Cause: java.lang.ClassCastException: Cannot cast scala.reflect.ClassTag$GenericClassTag to org.apache.spark.sql.catalyst.expressions.Expression
[info]   at java.base/java.lang.Class.cast(Class.java:4067)
[info]   at java.base/jdk.internal.reflect.DirectConstructorHandleAccessor.newInstance(DirectConstructorHandleAccessor.java:62)
[info]   at java.base/java.lang.reflect.Constructor.newInstanceWithCaller(Constructor.java:502)
[info]   at java.base/java.lang.reflect.Constructor.newInstance(Constructor.java:486)
[info]   at frameless.TypedExpressionEncoder$.$anonfun$apply$3(TypedExpressionEncoder.scala:55)
[info]   at scala.Option.map(Option.scala:242)
[info]   at frameless.TypedExpressionEncoder$.apply(TypedExpressionEncoder.scala:54)
[info]   at frameless.TypedDataset$.create(TypedDataset.scala:1325)
[info]   at frameless.functions.NonAggregateFunctionsTests.prop$67(NonAggregateFunctionsTests.scala:2339)
[info]   at frameless.functions.NonAggregateFunctionsTests.$anonfun$new$1594(NonAggregateFunctionsTests.scala:2343)
[info]   at org.scalacheck.Prop$.$anonfun$forAllShrink$2(Prop.scala:868)
[info]   at org.scalacheck.Prop$.secure(Prop.scala:484)
[info]   at org.scalacheck.Prop$.result$1(Prop.scala:868)
[info]   at org.scalacheck.Prop$.$anonfun$forAllShrink$1(Prop.scala:915)
[info]   at org.scalacheck.Prop$.$anonfun$apply$1(Prop.scala:305)
[info]   at org.scalacheck.PropFromFun.apply(Prop.scala:20)
[info]   at org.scalacheck.Test$.workerFun$1(Test.scala:486)
[info]   at org.scalacheck.Test$.$anonfun$check$4(Test.scala:518)
[info]   at org.scalacheck.Test$.$anonfun$check$4$adapted(Test.scala:518)
[info]   at org.scalacheck.Platform$.runWorkers(Platform.scala:42)
[info]   at org.scalacheck.Test$.check(Test.scala:518)
[info]   at org.scalatestplus.scalacheck.UnitCheckerAsserting$CheckerAssertingImpl.check(CheckerAsserting.scala:90)
[info]   at org.scalatestplus.scalacheck.Checkers.check(Checkers.scala:371)
[info]   at org.scalatestplus.scalacheck.Checkers.check$(Checkers.scala:369)
[info]   at frameless.TypedDatasetSuite.check(TypedDatasetSuite.scala:63)
[info]   at frameless.functions.NonAggregateFunctionsTests.$anonfun$new$1586(NonAggregateFunctionsTests.scala:2343)
[info]   at org.scalatest.OutcomeOf.outcomeOf(OutcomeOf.scala:85)
[info]   at org.scalatest.OutcomeOf.outcomeOf$(OutcomeOf.scala:83)
[info]   at org.scalatest.OutcomeOf$.outcomeOf(OutcomeOf.scala:104)
[info]   at org.scalatest.Transformer.apply(Transformer.scala:22)
[info]   at org.scalatest.Transformer.apply(Transformer.scala:20)
[info]   at org.scalatest.funsuite.AnyFunSuiteLike$$anon$1.apply(AnyFunSuiteLike.scala:226)
[info]   at org.scalatest.TestSuite.withFixture(TestSuite.scala:196)
[info]   at org.scalatest.TestSuite.withFixture$(TestSuite.scala:195)
[info]   at org.scalatest.funsuite.AnyFunSuite.withFixture(AnyFunSuite.scala:1564)
[info]   at org.scalatest.funsuite.AnyFunSuiteLike.invokeWithFixture$1(AnyFunSuiteLike.scala:224)
[info]   at org.scalatest.funsuite.AnyFunSuiteLike.$anonfun$runTest$1(AnyFunSuiteLike.scala:236)
[info]   at org.scalatest.SuperEngine.runTestImpl(Engine.scala:306)
[info]   at org.scalatest.funsuite.AnyFunSuiteLike.runTest(AnyFunSuiteLike.scala:236)
[info]   at org.scalatest.funsuite.AnyFunSuiteLike.runTest$(AnyFunSuiteLike.scala:218)
[info]   at org.scalatest.funsuite.AnyFunSuite.runTest(AnyFunSuite.scala:1564)
[info]   at org.scalatest.funsuite.AnyFunSuiteLike.$anonfun$runTests$1(AnyFunSuiteLike.scala:269)
[info]   at org.scalatest.SuperEngine.$anonfun$runTestsInBranch$1(Engine.scala:413)
[info]   at scala.collection.immutable.List.foreach(List.scala:334)
[info]   at org.scalatest.SuperEngine.traverseSubNodes$1(Engine.scala:401)
[info]   at org.scalatest.SuperEngine.runTestsInBranch(Engine.scala:396)
[info]   at org.scalatest.SuperEngine.runTestsImpl(Engine.scala:475)
[info]   at org.scalatest.funsuite.AnyFunSuiteLike.runTests(AnyFunSuiteLike.scala:269)
[info]   at org.scalatest.funsuite.AnyFunSuiteLike.runTests$(AnyFunSuiteLike.scala:268)
[info]   at org.scalatest.funsuite.AnyFunSuite.runTests(AnyFunSuite.scala:1564)
[info]   at org.scalatest.Suite.run(Suite.scala:1114)
[info]   at org.scalatest.Suite.run$(Suite.scala:1096)
[info]   at org.scalatest.funsuite.AnyFunSuite.org$scalatest$funsuite$AnyFunSuiteLike$$super$run(AnyFunSuite.scala:1564)
[info]   at org.scalatest.funsuite.AnyFunSuiteLike.$anonfun$run$1(AnyFunSuiteLike.scala:273)
[info]   at org.scalatest.SuperEngine.runImpl(Engine.scala:535)
[info]   at org.scalatest.funsuite.AnyFunSuiteLike.run(AnyFunSuiteLike.scala:273)
[info]   at org.scalatest.funsuite.AnyFunSuiteLike.run$(AnyFunSuiteLike.scala:272)
[info]   at frameless.TypedDatasetSuite.org$scalatest$BeforeAndAfterAll$$super$run(TypedDatasetSuite.scala:63)
[info]   at org.scalatest.BeforeAndAfterAll.liftedTree1$1(BeforeAndAfterAll.scala:213)
[info]   at org.scalatest.BeforeAndAfterAll.run(BeforeAndAfterAll.scala:210)
[info]   at org.scalatest.BeforeAndAfterAll.run$(BeforeAndAfterAll.scala:208)
[info]   at frameless.TypedDatasetSuite.run(TypedDatasetSuite.scala:63)
[info]   at org.scalatest.tools.Framework.org$scalatest$tools$Framework$$runSuite(Framework.scala:321)
[info]   at org.scalatest.tools.Framework$ScalaTestTask.execute(Framework.scala:517)
[info]   at sbt.ForkMain$Run.lambda$runTest$1(ForkMain.java:414)
[info]   at java.base/java.util.concurrent.FutureTask.run(FutureTask.java:317)
[info]   at java.base/java.util.concurrent.ThreadPoolExecutor.runWorker(ThreadPoolExecutor.java:1144)
[info]   at java.base/java.util.concurrent.ThreadPoolExecutor$Worker.run(ThreadPoolExecutor.java:642)
[info]   at java.base/java.lang.Thread.run(Thread.java:1583)
[info] - second *** FAILED *** (3 milliseconds)
[info]   IllegalArgumentException was thrown during property evaluation.
[info]     Message: argument type mismatch
[info]     Occurred when passed generated values (
[info]       arg0 = List()
[info]     )
[info]   org.scalatest.exceptions.GeneratorDrivenPropertyCheckFailedException:
[info]   at org.scalatestplus.scalacheck.CheckerAsserting$$anon$2.indicateFailure(CheckerAsserting.scala:251)
[info]   at org.scalatestplus.scalacheck.CheckerAsserting$$anon$2.indicateFailure(CheckerAsserting.scala:238)
[info]   at org.scalatestplus.scalacheck.UnitCheckerAsserting$CheckerAssertingImpl.check(CheckerAsserting.scala:160)
[info]   at org.scalatestplus.scalacheck.Checkers.check(Checkers.scala:371)
[info]   at org.scalatestplus.scalacheck.Checkers.check$(Checkers.scala:369)
[info]   at frameless.TypedDatasetSuite.check(TypedDatasetSuite.scala:63)
[info]   at frameless.functions.NonAggregateFunctionsTests.$anonfun$new$1599(NonAggregateFunctionsTests.scala:2356)
[info]   at org.scalatest.OutcomeOf.outcomeOf(OutcomeOf.scala:85)
[info]   at org.scalatest.OutcomeOf.outcomeOf$(OutcomeOf.scala:83)
[info]   at org.scalatest.OutcomeOf$.outcomeOf(OutcomeOf.scala:104)
[info]   at org.scalatest.Transformer.apply(Transformer.scala:22)
[info]   at org.scalatest.Transformer.apply(Transformer.scala:20)
[info]   at org.scalatest.funsuite.AnyFunSuiteLike$$anon$1.apply(AnyFunSuiteLike.scala:226)
[info]   at org.scalatest.TestSuite.withFixture(TestSuite.scala:196)
[info]   at org.scalatest.TestSuite.withFixture$(TestSuite.scala:195)
[info]   at org.scalatest.funsuite.AnyFunSuite.withFixture(AnyFunSuite.scala:1564)
[info]   at org.scalatest.funsuite.AnyFunSuiteLike.invokeWithFixture$1(AnyFunSuiteLike.scala:224)
[info]   at org.scalatest.funsuite.AnyFunSuiteLike.$anonfun$runTest$1(AnyFunSuiteLike.scala:236)
[info]   at org.scalatest.SuperEngine.runTestImpl(Engine.scala:306)
[info]   at org.scalatest.funsuite.AnyFunSuiteLike.runTest(AnyFunSuiteLike.scala:236)
[info]   at org.scalatest.funsuite.AnyFunSuiteLike.runTest$(AnyFunSuiteLike.scala:218)
[info]   at org.scalatest.funsuite.AnyFunSuite.runTest(AnyFunSuite.scala:1564)
[info]   at org.scalatest.funsuite.AnyFunSuiteLike.$anonfun$runTests$1(AnyFunSuiteLike.scala:269)
[info]   at org.scalatest.SuperEngine.$anonfun$runTestsInBranch$1(Engine.scala:413)
[info]   at scala.collection.immutable.List.foreach(List.scala:334)
[info]   at org.scalatest.SuperEngine.traverseSubNodes$1(Engine.scala:401)
[info]   at org.scalatest.SuperEngine.runTestsInBranch(Engine.scala:396)
[info]   at org.scalatest.SuperEngine.runTestsImpl(Engine.scala:475)
[info]   at org.scalatest.funsuite.AnyFunSuiteLike.runTests(AnyFunSuiteLike.scala:269)
[info]   at org.scalatest.funsuite.AnyFunSuiteLike.runTests$(AnyFunSuiteLike.scala:268)
[info]   at org.scalatest.funsuite.AnyFunSuite.runTests(AnyFunSuite.scala:1564)
[info]   at org.scalatest.Suite.run(Suite.scala:1114)
[info]   at org.scalatest.Suite.run$(Suite.scala:1096)
[info]   at org.scalatest.funsuite.AnyFunSuite.org$scalatest$funsuite$AnyFunSuiteLike$$super$run(AnyFunSuite.scala:1564)
[info]   at org.scalatest.funsuite.AnyFunSuiteLike.$anonfun$run$1(AnyFunSuiteLike.scala:273)
[info]   at org.scalatest.SuperEngine.runImpl(Engine.scala:535)
[info]   at org.scalatest.funsuite.AnyFunSuiteLike.run(AnyFunSuiteLike.scala:273)
[info]   at org.scalatest.funsuite.AnyFunSuiteLike.run$(AnyFunSuiteLike.scala:272)
[info]   at frameless.TypedDatasetSuite.org$scalatest$BeforeAndAfterAll$$super$run(TypedDatasetSuite.scala:63)
[info]   at org.scalatest.BeforeAndAfterAll.liftedTree1$1(BeforeAndAfterAll.scala:213)
[info]   at org.scalatest.BeforeAndAfterAll.run(BeforeAndAfterAll.scala:210)
[info]   at org.scalatest.BeforeAndAfterAll.run$(BeforeAndAfterAll.scala:208)
[info]   at frameless.TypedDatasetSuite.run(TypedDatasetSuite.scala:63)
[info]   at org.scalatest.tools.Framework.org$scalatest$tools$Framework$$runSuite(Framework.scala:321)
[info]   at org.scalatest.tools.Framework$ScalaTestTask.execute(Framework.scala:517)
[info]   at sbt.ForkMain$Run.lambda$runTest$1(ForkMain.java:414)
[info]   at java.base/java.util.concurrent.FutureTask.run(FutureTask.java:317)
[info]   at java.base/java.util.concurrent.ThreadPoolExecutor.runWorker(ThreadPoolExecutor.java:1144)
[info]   at java.base/java.util.concurrent.ThreadPoolExecutor$Worker.run(ThreadPoolExecutor.java:642)
[info]   at java.base/java.lang.Thread.run(Thread.java:1583)
[info]   Cause: java.lang.IllegalArgumentException: argument type mismatch
[info]   at java.base/jdk.internal.reflect.DirectConstructorHandleAccessor.newInstance(DirectConstructorHandleAccessor.java:65)
[info]   at java.base/java.lang.reflect.Constructor.newInstanceWithCaller(Constructor.java:502)
[info]   at java.base/java.lang.reflect.Constructor.newInstance(Constructor.java:486)
[info]   at frameless.TypedExpressionEncoder$.$anonfun$apply$3(TypedExpressionEncoder.scala:55)
[info]   at scala.Option.map(Option.scala:242)
[info]   at frameless.TypedExpressionEncoder$.apply(TypedExpressionEncoder.scala:54)
[info]   at frameless.TypedDataset$.create(TypedDataset.scala:1325)
[info]   at frameless.functions.NonAggregateFunctionsTests.prop$68(NonAggregateFunctionsTests.scala:2352)
[info]   at frameless.functions.NonAggregateFunctionsTests.$anonfun$new$1607(NonAggregateFunctionsTests.scala:2356)
[info]   at org.scalacheck.Prop$.$anonfun$forAllShrink$2(Prop.scala:868)
[info]   at org.scalacheck.Prop$.secure(Prop.scala:484)
[info]   at org.scalacheck.Prop$.result$1(Prop.scala:868)
[info]   at org.scalacheck.Prop$.$anonfun$forAllShrink$1(Prop.scala:915)
[info]   at org.scalacheck.Prop$.$anonfun$apply$1(Prop.scala:305)
[info]   at org.scalacheck.PropFromFun.apply(Prop.scala:20)
[info]   at org.scalacheck.Test$.workerFun$1(Test.scala:486)
[info]   at org.scalacheck.Test$.$anonfun$check$4(Test.scala:518)
[info]   at org.scalacheck.Test$.$anonfun$check$4$adapted(Test.scala:518)
[info]   at org.scalacheck.Platform$.runWorkers(Platform.scala:42)
[info]   at org.scalacheck.Test$.check(Test.scala:518)
[info]   at org.scalatestplus.scalacheck.UnitCheckerAsserting$CheckerAssertingImpl.check(CheckerAsserting.scala:90)
[info]   at org.scalatestplus.scalacheck.Checkers.check(Checkers.scala:371)
[info]   at org.scalatestplus.scalacheck.Checkers.check$(Checkers.scala:369)
[info]   at frameless.TypedDatasetSuite.check(TypedDatasetSuite.scala:63)
[info]   at frameless.functions.NonAggregateFunctionsTests.$anonfun$new$1599(NonAggregateFunctionsTests.scala:2356)
[info]   at org.scalatest.OutcomeOf.outcomeOf(OutcomeOf.scala:85)
[info]   at org.scalatest.OutcomeOf.outcomeOf$(OutcomeOf.scala:83)
[info]   at org.scalatest.OutcomeOf$.outcomeOf(OutcomeOf.scala:104)
[info]   at org.scalatest.Transformer.apply(Transformer.scala:22)
[info]   at org.scalatest.Transformer.apply(Transformer.scala:20)
[info]   at org.scalatest.funsuite.AnyFunSuiteLike$$anon$1.apply(AnyFunSuiteLike.scala:226)
[info]   at org.scalatest.TestSuite.withFixture(TestSuite.scala:196)
[info]   at org.scalatest.TestSuite.withFixture$(TestSuite.scala:195)
[info]   at org.scalatest.funsuite.AnyFunSuite.withFixture(AnyFunSuite.scala:1564)
[info]   at org.scalatest.funsuite.AnyFunSuiteLike.invokeWithFixture$1(AnyFunSuiteLike.scala:224)
[info]   at org.scalatest.funsuite.AnyFunSuiteLike.$anonfun$runTest$1(AnyFunSuiteLike.scala:236)
[info]   at org.scalatest.SuperEngine.runTestImpl(Engine.scala:306)
[info]   at org.scalatest.funsuite.AnyFunSuiteLike.runTest(AnyFunSuiteLike.scala:236)
[info]   at org.scalatest.funsuite.AnyFunSuiteLike.runTest$(AnyFunSuiteLike.scala:218)
[info]   at org.scalatest.funsuite.AnyFunSuite.runTest(AnyFunSuite.scala:1564)
[info]   at org.scalatest.funsuite.AnyFunSuiteLike.$anonfun$runTests$1(AnyFunSuiteLike.scala:269)
[info]   at org.scalatest.SuperEngine.$anonfun$runTestsInBranch$1(Engine.scala:413)
[info]   at scala.collection.immutable.List.foreach(List.scala:334)
[info]   at org.scalatest.SuperEngine.traverseSubNodes$1(Engine.scala:401)
[info]   at org.scalatest.SuperEngine.runTestsInBranch(Engine.scala:396)
[info]   at org.scalatest.SuperEngine.runTestsImpl(Engine.scala:475)
[info]   at org.scalatest.funsuite.AnyFunSuiteLike.runTests(AnyFunSuiteLike.scala:269)
[info]   at org.scalatest.funsuite.AnyFunSuiteLike.runTests$(AnyFunSuiteLike.scala:268)
[info]   at org.scalatest.funsuite.AnyFunSuite.runTests(AnyFunSuite.scala:1564)
[info]   at org.scalatest.Suite.run(Suite.scala:1114)
[info]   at org.scalatest.Suite.run$(Suite.scala:1096)
[info]   at org.scalatest.funsuite.AnyFunSuite.org$scalatest$funsuite$AnyFunSuiteLike$$super$run(AnyFunSuite.scala:1564)
[info]   at org.scalatest.funsuite.AnyFunSuiteLike.$anonfun$run$1(AnyFunSuiteLike.scala:273)
[info]   at org.scalatest.SuperEngine.runImpl(Engine.scala:535)
[info]   at org.scalatest.funsuite.AnyFunSuiteLike.run(AnyFunSuiteLike.scala:273)
[info]   at org.scalatest.funsuite.AnyFunSuiteLike.run$(AnyFunSuiteLike.scala:272)
[info]   at frameless.TypedDatasetSuite.org$scalatest$BeforeAndAfterAll$$super$run(TypedDatasetSuite.scala:63)
[info]   at org.scalatest.BeforeAndAfterAll.liftedTree1$1(BeforeAndAfterAll.scala:213)
[info]   at org.scalatest.BeforeAndAfterAll.run(BeforeAndAfterAll.scala:210)
[info]   at org.scalatest.BeforeAndAfterAll.run$(BeforeAndAfterAll.scala:208)
[info]   at frameless.TypedDatasetSuite.run(TypedDatasetSuite.scala:63)
[info]   at org.scalatest.tools.Framework.org$scalatest$tools$Framework$$runSuite(Framework.scala:321)
[info]   at org.scalatest.tools.Framework$ScalaTestTask.execute(Framework.scala:517)
[info]   at sbt.ForkMain$Run.lambda$runTest$1(ForkMain.java:414)
[info]   at java.base/java.util.concurrent.FutureTask.run(FutureTask.java:317)
[info]   at java.base/java.util.concurrent.ThreadPoolExecutor.runWorker(ThreadPoolExecutor.java:1144)
[info]   at java.base/java.util.concurrent.ThreadPoolExecutor$Worker.run(ThreadPoolExecutor.java:642)
[info]   at java.base/java.lang.Thread.run(Thread.java:1583)
[info]   Cause: java.lang.ClassCastException: Cannot cast scala.reflect.ClassTag$GenericClassTag to org.apache.spark.sql.catalyst.expressions.Expression
[info]   at java.base/java.lang.Class.cast(Class.java:4067)
[info]   at java.base/jdk.internal.reflect.DirectConstructorHandleAccessor.newInstance(DirectConstructorHandleAccessor.java:62)
[info]   at java.base/java.lang.reflect.Constructor.newInstanceWithCaller(Constructor.java:502)
[info]   at java.base/java.lang.reflect.Constructor.newInstance(Constructor.java:486)
[info]   at frameless.TypedExpressionEncoder$.$anonfun$apply$3(TypedExpressionEncoder.scala:55)
[info]   at scala.Option.map(Option.scala:242)
[info]   at frameless.TypedExpressionEncoder$.apply(TypedExpressionEncoder.scala:54)
[info]   at frameless.TypedDataset$.create(TypedDataset.scala:1325)
[info]   at frameless.functions.NonAggregateFunctionsTests.prop$68(NonAggregateFunctionsTests.scala:2352)
[info]   at frameless.functions.NonAggregateFunctionsTests.$anonfun$new$1607(NonAggregateFunctionsTests.scala:2356)
[info]   at org.scalacheck.Prop$.$anonfun$forAllShrink$2(Prop.scala:868)
[info]   at org.scalacheck.Prop$.secure(Prop.scala:484)
[info]   at org.scalacheck.Prop$.result$1(Prop.scala:868)
[info]   at org.scalacheck.Prop$.$anonfun$forAllShrink$1(Prop.scala:915)
[info]   at org.scalacheck.Prop$.$anonfun$apply$1(Prop.scala:305)
[info]   at org.scalacheck.PropFromFun.apply(Prop.scala:20)
[info]   at org.scalacheck.Test$.workerFun$1(Test.scala:486)
[info]   at org.scalacheck.Test$.$anonfun$check$4(Test.scala:518)
[info]   at org.scalacheck.Test$.$anonfun$check$4$adapted(Test.scala:518)
[info]   at org.scalacheck.Platform$.runWorkers(Platform.scala:42)
[info]   at org.scalacheck.Test$.check(Test.scala:518)
[info]   at org.scalatestplus.scalacheck.UnitCheckerAsserting$CheckerAssertingImpl.check(CheckerAsserting.scala:90)
[info]   at org.scalatestplus.scalacheck.Checkers.check(Checkers.scala:371)
[info]   at org.scalatestplus.scalacheck.Checkers.check$(Checkers.scala:369)
[info]   at frameless.TypedDatasetSuite.check(TypedDatasetSuite.scala:63)
[info]   at frameless.functions.NonAggregateFunctionsTests.$anonfun$new$1599(NonAggregateFunctionsTests.scala:2356)
[info]   at org.scalatest.OutcomeOf.outcomeOf(OutcomeOf.scala:85)
[info]   at org.scalatest.OutcomeOf.outcomeOf$(OutcomeOf.scala:83)
[info]   at org.scalatest.OutcomeOf$.outcomeOf(OutcomeOf.scala:104)
[info]   at org.scalatest.Transformer.apply(Transformer.scala:22)
[info]   at org.scalatest.Transformer.apply(Transformer.scala:20)
[info]   at org.scalatest.funsuite.AnyFunSuiteLike$$anon$1.apply(AnyFunSuiteLike.scala:226)
[info]   at org.scalatest.TestSuite.withFixture(TestSuite.scala:196)
[info]   at org.scalatest.TestSuite.withFixture$(TestSuite.scala:195)
[info]   at org.scalatest.funsuite.AnyFunSuite.withFixture(AnyFunSuite.scala:1564)
[info]   at org.scalatest.funsuite.AnyFunSuiteLike.invokeWithFixture$1(AnyFunSuiteLike.scala:224)
[info]   at org.scalatest.funsuite.AnyFunSuiteLike.$anonfun$runTest$1(AnyFunSuiteLike.scala:236)
[info]   at org.scalatest.SuperEngine.runTestImpl(Engine.scala:306)
[info]   at org.scalatest.funsuite.AnyFunSuiteLike.runTest(AnyFunSuiteLike.scala:236)
[info]   at org.scalatest.funsuite.AnyFunSuiteLike.runTest$(AnyFunSuiteLike.scala:218)
[info]   at org.scalatest.funsuite.AnyFunSuite.runTest(AnyFunSuite.scala:1564)
[info]   at org.scalatest.funsuite.AnyFunSuiteLike.$anonfun$runTests$1(AnyFunSuiteLike.scala:269)
[info]   at org.scalatest.SuperEngine.$anonfun$runTestsInBranch$1(Engine.scala:413)
[info]   at scala.collection.immutable.List.foreach(List.scala:334)
[info]   at org.scalatest.SuperEngine.traverseSubNodes$1(Engine.scala:401)
[info]   at org.scalatest.SuperEngine.runTestsInBranch(Engine.scala:396)
[info]   at org.scalatest.SuperEngine.runTestsImpl(Engine.scala:475)
[info]   at org.scalatest.funsuite.AnyFunSuiteLike.runTests(AnyFunSuiteLike.scala:269)
[info]   at org.scalatest.funsuite.AnyFunSuiteLike.runTests$(AnyFunSuiteLike.scala:268)
[info]   at org.scalatest.funsuite.AnyFunSuite.runTests(AnyFunSuite.scala:1564)
[info]   at org.scalatest.Suite.run(Suite.scala:1114)
[info]   at org.scalatest.Suite.run$(Suite.scala:1096)
[info]   at org.scalatest.funsuite.AnyFunSuite.org$scalatest$funsuite$AnyFunSuiteLike$$super$run(AnyFunSuite.scala:1564)
[info]   at org.scalatest.funsuite.AnyFunSuiteLike.$anonfun$run$1(AnyFunSuiteLike.scala:273)
[info]   at org.scalatest.SuperEngine.runImpl(Engine.scala:535)
[info]   at org.scalatest.funsuite.AnyFunSuiteLike.run(AnyFunSuiteLike.scala:273)
[info]   at org.scalatest.funsuite.AnyFunSuiteLike.run$(AnyFunSuiteLike.scala:272)
[info]   at frameless.TypedDatasetSuite.org$scalatest$BeforeAndAfterAll$$super$run(TypedDatasetSuite.scala:63)
[info]   at org.scalatest.BeforeAndAfterAll.liftedTree1$1(BeforeAndAfterAll.scala:213)
[info]   at org.scalatest.BeforeAndAfterAll.run(BeforeAndAfterAll.scala:210)
[info]   at org.scalatest.BeforeAndAfterAll.run$(BeforeAndAfterAll.scala:208)
[info]   at frameless.TypedDatasetSuite.run(TypedDatasetSuite.scala:63)
[info]   at org.scalatest.tools.Framework.org$scalatest$tools$Framework$$runSuite(Framework.scala:321)
[info]   at org.scalatest.tools.Framework$ScalaTestTask.execute(Framework.scala:517)
[info]   at sbt.ForkMain$Run.lambda$runTest$1(ForkMain.java:414)
[info]   at java.base/java.util.concurrent.FutureTask.run(FutureTask.java:317)
[info]   at java.base/java.util.concurrent.ThreadPoolExecutor.runWorker(ThreadPoolExecutor.java:1144)
[info]   at java.base/java.util.concurrent.ThreadPoolExecutor$Worker.run(ThreadPoolExecutor.java:642)
[info]   at java.base/java.lang.Thread.run(Thread.java:1583)
[info] - weekofyear *** FAILED *** (4 milliseconds)
[info]   IllegalArgumentException was thrown during property evaluation.
[info]     Message: argument type mismatch
[info]     Occurred when passed generated values (
[info]       arg0 = List()
[info]     )
[info]   org.scalatest.exceptions.GeneratorDrivenPropertyCheckFailedException:
[info]   at org.scalatestplus.scalacheck.CheckerAsserting$$anon$2.indicateFailure(CheckerAsserting.scala:251)
[info]   at org.scalatestplus.scalacheck.CheckerAsserting$$anon$2.indicateFailure(CheckerAsserting.scala:238)
[info]   at org.scalatestplus.scalacheck.UnitCheckerAsserting$CheckerAssertingImpl.check(CheckerAsserting.scala:160)
[info]   at org.scalatestplus.scalacheck.Checkers.check(Checkers.scala:371)
[info]   at org.scalatestplus.scalacheck.Checkers.check$(Checkers.scala:369)
[info]   at frameless.TypedDatasetSuite.check(TypedDatasetSuite.scala:63)
[info]   at frameless.functions.NonAggregateFunctionsTests.$anonfun$new$1612(NonAggregateFunctionsTests.scala:2369)
[info]   at org.scalatest.OutcomeOf.outcomeOf(OutcomeOf.scala:85)
[info]   at org.scalatest.OutcomeOf.outcomeOf$(OutcomeOf.scala:83)
[info]   at org.scalatest.OutcomeOf$.outcomeOf(OutcomeOf.scala:104)
[info]   at org.scalatest.Transformer.apply(Transformer.scala:22)
[info]   at org.scalatest.Transformer.apply(Transformer.scala:20)
[info]   at org.scalatest.funsuite.AnyFunSuiteLike$$anon$1.apply(AnyFunSuiteLike.scala:226)
[info]   at org.scalatest.TestSuite.withFixture(TestSuite.scala:196)
[info]   at org.scalatest.TestSuite.withFixture$(TestSuite.scala:195)
[info]   at org.scalatest.funsuite.AnyFunSuite.withFixture(AnyFunSuite.scala:1564)
[info]   at org.scalatest.funsuite.AnyFunSuiteLike.invokeWithFixture$1(AnyFunSuiteLike.scala:224)
[info]   at org.scalatest.funsuite.AnyFunSuiteLike.$anonfun$runTest$1(AnyFunSuiteLike.scala:236)
[info]   at org.scalatest.SuperEngine.runTestImpl(Engine.scala:306)
[info]   at org.scalatest.funsuite.AnyFunSuiteLike.runTest(AnyFunSuiteLike.scala:236)
[info]   at org.scalatest.funsuite.AnyFunSuiteLike.runTest$(AnyFunSuiteLike.scala:218)
[info]   at org.scalatest.funsuite.AnyFunSuite.runTest(AnyFunSuite.scala:1564)
[info]   at org.scalatest.funsuite.AnyFunSuiteLike.$anonfun$runTests$1(AnyFunSuiteLike.scala:269)
[info]   at org.scalatest.SuperEngine.$anonfun$runTestsInBranch$1(Engine.scala:413)
[info]   at scala.collection.immutable.List.foreach(List.scala:334)
[info]   at org.scalatest.SuperEngine.traverseSubNodes$1(Engine.scala:401)
[info]   at org.scalatest.SuperEngine.runTestsInBranch(Engine.scala:396)
[info]   at org.scalatest.SuperEngine.runTestsImpl(Engine.scala:475)
[info]   at org.scalatest.funsuite.AnyFunSuiteLike.runTests(AnyFunSuiteLike.scala:269)
[info]   at org.scalatest.funsuite.AnyFunSuiteLike.runTests$(AnyFunSuiteLike.scala:268)
[info]   at org.scalatest.funsuite.AnyFunSuite.runTests(AnyFunSuite.scala:1564)
[info]   at org.scalatest.Suite.run(Suite.scala:1114)
[info]   at org.scalatest.Suite.run$(Suite.scala:1096)
[info]   at org.scalatest.funsuite.AnyFunSuite.org$scalatest$funsuite$AnyFunSuiteLike$$super$run(AnyFunSuite.scala:1564)
[info]   at org.scalatest.funsuite.AnyFunSuiteLike.$anonfun$run$1(AnyFunSuiteLike.scala:273)
[info]   at org.scalatest.SuperEngine.runImpl(Engine.scala:535)
[info]   at org.scalatest.funsuite.AnyFunSuiteLike.run(AnyFunSuiteLike.scala:273)
[info]   at org.scalatest.funsuite.AnyFunSuiteLike.run$(AnyFunSuiteLike.scala:272)
[info]   at frameless.TypedDatasetSuite.org$scalatest$BeforeAndAfterAll$$super$run(TypedDatasetSuite.scala:63)
[info]   at org.scalatest.BeforeAndAfterAll.liftedTree1$1(BeforeAndAfterAll.scala:213)
[info]   at org.scalatest.BeforeAndAfterAll.run(BeforeAndAfterAll.scala:210)
[info]   at org.scalatest.BeforeAndAfterAll.run$(BeforeAndAfterAll.scala:208)
[info]   at frameless.TypedDatasetSuite.run(TypedDatasetSuite.scala:63)
[info]   at org.scalatest.tools.Framework.org$scalatest$tools$Framework$$runSuite(Framework.scala:321)
[info]   at org.scalatest.tools.Framework$ScalaTestTask.execute(Framework.scala:517)
[info]   at sbt.ForkMain$Run.lambda$runTest$1(ForkMain.java:414)
[info]   at java.base/java.util.concurrent.FutureTask.run(FutureTask.java:317)
[info]   at java.base/java.util.concurrent.ThreadPoolExecutor.runWorker(ThreadPoolExecutor.java:1144)
[info]   at java.base/java.util.concurrent.ThreadPoolExecutor$Worker.run(ThreadPoolExecutor.java:642)
[info]   at java.base/java.lang.Thread.run(Thread.java:1583)
[info]   Cause: java.lang.IllegalArgumentException: argument type mismatch
[info]   at java.base/jdk.internal.reflect.DirectConstructorHandleAccessor.newInstance(DirectConstructorHandleAccessor.java:65)
[info]   at java.base/java.lang.reflect.Constructor.newInstanceWithCaller(Constructor.java:502)
[info]   at java.base/java.lang.reflect.Constructor.newInstance(Constructor.java:486)
[info]   at frameless.TypedExpressionEncoder$.$anonfun$apply$3(TypedExpressionEncoder.scala:55)
[info]   at scala.Option.map(Option.scala:242)
[info]   at frameless.TypedExpressionEncoder$.apply(TypedExpressionEncoder.scala:54)
[info]   at frameless.TypedDataset$.create(TypedDataset.scala:1325)
[info]   at frameless.functions.NonAggregateFunctionsTests.prop$69(NonAggregateFunctionsTests.scala:2365)
[info]   at frameless.functions.NonAggregateFunctionsTests.$anonfun$new$1620(NonAggregateFunctionsTests.scala:2369)
[info]   at org.scalacheck.Prop$.$anonfun$forAllShrink$2(Prop.scala:868)
[info]   at org.scalacheck.Prop$.secure(Prop.scala:484)
[info]   at org.scalacheck.Prop$.result$1(Prop.scala:868)
[info]   at org.scalacheck.Prop$.$anonfun$forAllShrink$1(Prop.scala:915)
[info]   at org.scalacheck.Prop$.$anonfun$apply$1(Prop.scala:305)
[info]   at org.scalacheck.PropFromFun.apply(Prop.scala:20)
[info]   at org.scalacheck.Test$.workerFun$1(Test.scala:486)
[info]   at org.scalacheck.Test$.$anonfun$check$4(Test.scala:518)
[info]   at org.scalacheck.Test$.$anonfun$check$4$adapted(Test.scala:518)
[info]   at org.scalacheck.Platform$.runWorkers(Platform.scala:42)
[info]   at org.scalacheck.Test$.check(Test.scala:518)
[info]   at org.scalatestplus.scalacheck.UnitCheckerAsserting$CheckerAssertingImpl.check(CheckerAsserting.scala:90)
[info]   at org.scalatestplus.scalacheck.Checkers.check(Checkers.scala:371)
[info]   at org.scalatestplus.scalacheck.Checkers.check$(Checkers.scala:369)
[info]   at frameless.TypedDatasetSuite.check(TypedDatasetSuite.scala:63)
[info]   at frameless.functions.NonAggregateFunctionsTests.$anonfun$new$1612(NonAggregateFunctionsTests.scala:2369)
[info]   at org.scalatest.OutcomeOf.outcomeOf(OutcomeOf.scala:85)
[info]   at org.scalatest.OutcomeOf.outcomeOf$(OutcomeOf.scala:83)
[info]   at org.scalatest.OutcomeOf$.outcomeOf(OutcomeOf.scala:104)
[info]   at org.scalatest.Transformer.apply(Transformer.scala:22)
[info]   at org.scalatest.Transformer.apply(Transformer.scala:20)
[info]   at org.scalatest.funsuite.AnyFunSuiteLike$$anon$1.apply(AnyFunSuiteLike.scala:226)
[info]   at org.scalatest.TestSuite.withFixture(TestSuite.scala:196)
[info]   at org.scalatest.TestSuite.withFixture$(TestSuite.scala:195)
[info]   at org.scalatest.funsuite.AnyFunSuite.withFixture(AnyFunSuite.scala:1564)
[info]   at org.scalatest.funsuite.AnyFunSuiteLike.invokeWithFixture$1(AnyFunSuiteLike.scala:224)
[info]   at org.scalatest.funsuite.AnyFunSuiteLike.$anonfun$runTest$1(AnyFunSuiteLike.scala:236)
[info]   at org.scalatest.SuperEngine.runTestImpl(Engine.scala:306)
[info]   at org.scalatest.funsuite.AnyFunSuiteLike.runTest(AnyFunSuiteLike.scala:236)
[info]   at org.scalatest.funsuite.AnyFunSuiteLike.runTest$(AnyFunSuiteLike.scala:218)
[info]   at org.scalatest.funsuite.AnyFunSuite.runTest(AnyFunSuite.scala:1564)
[info]   at org.scalatest.funsuite.AnyFunSuiteLike.$anonfun$runTests$1(AnyFunSuiteLike.scala:269)
[info]   at org.scalatest.SuperEngine.$anonfun$runTestsInBranch$1(Engine.scala:413)
[info]   at scala.collection.immutable.List.foreach(List.scala:334)
[info]   at org.scalatest.SuperEngine.traverseSubNodes$1(Engine.scala:401)
[info]   at org.scalatest.SuperEngine.runTestsInBranch(Engine.scala:396)
[info]   at org.scalatest.SuperEngine.runTestsImpl(Engine.scala:475)
[info]   at org.scalatest.funsuite.AnyFunSuiteLike.runTests(AnyFunSuiteLike.scala:269)
[info]   at org.scalatest.funsuite.AnyFunSuiteLike.runTests$(AnyFunSuiteLike.scala:268)
[info]   at org.scalatest.funsuite.AnyFunSuite.runTests(AnyFunSuite.scala:1564)
[info]   at org.scalatest.Suite.run(Suite.scala:1114)
[info]   at org.scalatest.Suite.run$(Suite.scala:1096)
[info]   at org.scalatest.funsuite.AnyFunSuite.org$scalatest$funsuite$AnyFunSuiteLike$$super$run(AnyFunSuite.scala:1564)
[info]   at org.scalatest.funsuite.AnyFunSuiteLike.$anonfun$run$1(AnyFunSuiteLike.scala:273)
[info]   at org.scalatest.SuperEngine.runImpl(Engine.scala:535)
[info]   at org.scalatest.funsuite.AnyFunSuiteLike.run(AnyFunSuiteLike.scala:273)
[info]   at org.scalatest.funsuite.AnyFunSuiteLike.run$(AnyFunSuiteLike.scala:272)
[info]   at frameless.TypedDatasetSuite.org$scalatest$BeforeAndAfterAll$$super$run(TypedDatasetSuite.scala:63)
[info]   at org.scalatest.BeforeAndAfterAll.liftedTree1$1(BeforeAndAfterAll.scala:213)
[info]   at org.scalatest.BeforeAndAfterAll.run(BeforeAndAfterAll.scala:210)
[info]   at org.scalatest.BeforeAndAfterAll.run$(BeforeAndAfterAll.scala:208)
[info]   at frameless.TypedDatasetSuite.run(TypedDatasetSuite.scala:63)
[info]   at org.scalatest.tools.Framework.org$scalatest$tools$Framework$$runSuite(Framework.scala:321)
[info]   at org.scalatest.tools.Framework$ScalaTestTask.execute(Framework.scala:517)
[info]   at sbt.ForkMain$Run.lambda$runTest$1(ForkMain.java:414)
[info]   at java.base/java.util.concurrent.FutureTask.run(FutureTask.java:317)
[info]   at java.base/java.util.concurrent.ThreadPoolExecutor.runWorker(ThreadPoolExecutor.java:1144)
[info]   at java.base/java.util.concurrent.ThreadPoolExecutor$Worker.run(ThreadPoolExecutor.java:642)
[info]   at java.base/java.lang.Thread.run(Thread.java:1583)
[info]   Cause: java.lang.ClassCastException: Cannot cast scala.reflect.ClassTag$GenericClassTag to org.apache.spark.sql.catalyst.expressions.Expression
[info]   at java.base/java.lang.Class.cast(Class.java:4067)
[info]   at java.base/jdk.internal.reflect.DirectConstructorHandleAccessor.newInstance(DirectConstructorHandleAccessor.java:62)
[info]   at java.base/java.lang.reflect.Constructor.newInstanceWithCaller(Constructor.java:502)
[info]   at java.base/java.lang.reflect.Constructor.newInstance(Constructor.java:486)
[info]   at frameless.TypedExpressionEncoder$.$anonfun$apply$3(TypedExpressionEncoder.scala:55)
[info]   at scala.Option.map(Option.scala:242)
[info]   at frameless.TypedExpressionEncoder$.apply(TypedExpressionEncoder.scala:54)
[info]   at frameless.TypedDataset$.create(TypedDataset.scala:1325)
[info]   at frameless.functions.NonAggregateFunctionsTests.prop$69(NonAggregateFunctionsTests.scala:2365)
[info]   at frameless.functions.NonAggregateFunctionsTests.$anonfun$new$1620(NonAggregateFunctionsTests.scala:2369)
[info]   at org.scalacheck.Prop$.$anonfun$forAllShrink$2(Prop.scala:868)
[info]   at org.scalacheck.Prop$.secure(Prop.scala:484)
[info]   at org.scalacheck.Prop$.result$1(Prop.scala:868)
[info]   at org.scalacheck.Prop$.$anonfun$forAllShrink$1(Prop.scala:915)
[info]   at org.scalacheck.Prop$.$anonfun$apply$1(Prop.scala:305)
[info]   at org.scalacheck.PropFromFun.apply(Prop.scala:20)
[info]   at org.scalacheck.Test$.workerFun$1(Test.scala:486)
[info]   at org.scalacheck.Test$.$anonfun$check$4(Test.scala:518)
[info]   at org.scalacheck.Test$.$anonfun$check$4$adapted(Test.scala:518)
[info]   at org.scalacheck.Platform$.runWorkers(Platform.scala:42)
[info]   at org.scalacheck.Test$.check(Test.scala:518)
[info]   at org.scalatestplus.scalacheck.UnitCheckerAsserting$CheckerAssertingImpl.check(CheckerAsserting.scala:90)
[info]   at org.scalatestplus.scalacheck.Checkers.check(Checkers.scala:371)
[info]   at org.scalatestplus.scalacheck.Checkers.check$(Checkers.scala:369)
[info]   at frameless.TypedDatasetSuite.check(TypedDatasetSuite.scala:63)
[info]   at frameless.functions.NonAggregateFunctionsTests.$anonfun$new$1612(NonAggregateFunctionsTests.scala:2369)
[info]   at org.scalatest.OutcomeOf.outcomeOf(OutcomeOf.scala:85)
[info]   at org.scalatest.OutcomeOf.outcomeOf$(OutcomeOf.scala:83)
[info]   at org.scalatest.OutcomeOf$.outcomeOf(OutcomeOf.scala:104)
[info]   at org.scalatest.Transformer.apply(Transformer.scala:22)
[info]   at org.scalatest.Transformer.apply(Transformer.scala:20)
[info]   at org.scalatest.funsuite.AnyFunSuiteLike$$anon$1.apply(AnyFunSuiteLike.scala:226)
[info]   at org.scalatest.TestSuite.withFixture(TestSuite.scala:196)
[info]   at org.scalatest.TestSuite.withFixture$(TestSuite.scala:195)
[info]   at org.scalatest.funsuite.AnyFunSuite.withFixture(AnyFunSuite.scala:1564)
[info]   at org.scalatest.funsuite.AnyFunSuiteLike.invokeWithFixture$1(AnyFunSuiteLike.scala:224)
[info]   at org.scalatest.funsuite.AnyFunSuiteLike.$anonfun$runTest$1(AnyFunSuiteLike.scala:236)
[info]   at org.scalatest.SuperEngine.runTestImpl(Engine.scala:306)
[info]   at org.scalatest.funsuite.AnyFunSuiteLike.runTest(AnyFunSuiteLike.scala:236)
[info]   at org.scalatest.funsuite.AnyFunSuiteLike.runTest$(AnyFunSuiteLike.scala:218)
[info]   at org.scalatest.funsuite.AnyFunSuite.runTest(AnyFunSuite.scala:1564)
[info]   at org.scalatest.funsuite.AnyFunSuiteLike.$anonfun$runTests$1(AnyFunSuiteLike.scala:269)
[info]   at org.scalatest.SuperEngine.$anonfun$runTestsInBranch$1(Engine.scala:413)
[info]   at scala.collection.immutable.List.foreach(List.scala:334)
[info]   at org.scalatest.SuperEngine.traverseSubNodes$1(Engine.scala:401)
[info]   at org.scalatest.SuperEngine.runTestsInBranch(Engine.scala:396)
[info]   at org.scalatest.SuperEngine.runTestsImpl(Engine.scala:475)
[info]   at org.scalatest.funsuite.AnyFunSuiteLike.runTests(AnyFunSuiteLike.scala:269)
[info]   at org.scalatest.funsuite.AnyFunSuiteLike.runTests$(AnyFunSuiteLike.scala:268)
[info]   at org.scalatest.funsuite.AnyFunSuite.runTests(AnyFunSuite.scala:1564)
[info]   at org.scalatest.Suite.run(Suite.scala:1114)
[info]   at org.scalatest.Suite.run$(Suite.scala:1096)
[info]   at org.scalatest.funsuite.AnyFunSuite.org$scalatest$funsuite$AnyFunSuiteLike$$super$run(AnyFunSuite.scala:1564)
[info]   at org.scalatest.funsuite.AnyFunSuiteLike.$anonfun$run$1(AnyFunSuiteLike.scala:273)
[info]   at org.scalatest.SuperEngine.runImpl(Engine.scala:535)
[info]   at org.scalatest.funsuite.AnyFunSuiteLike.run(AnyFunSuiteLike.scala:273)
[info]   at org.scalatest.funsuite.AnyFunSuiteLike.run$(AnyFunSuiteLike.scala:272)
[info]   at frameless.TypedDatasetSuite.org$scalatest$BeforeAndAfterAll$$super$run(TypedDatasetSuite.scala:63)
[info]   at org.scalatest.BeforeAndAfterAll.liftedTree1$1(BeforeAndAfterAll.scala:213)
[info]   at org.scalatest.BeforeAndAfterAll.run(BeforeAndAfterAll.scala:210)
[info]   at org.scalatest.BeforeAndAfterAll.run$(BeforeAndAfterAll.scala:208)
[info]   at frameless.TypedDatasetSuite.run(TypedDatasetSuite.scala:63)
[info]   at org.scalatest.tools.Framework.org$scalatest$tools$Framework$$runSuite(Framework.scala:321)
[info]   at org.scalatest.tools.Framework$ScalaTestTask.execute(Framework.scala:517)
[info]   at sbt.ForkMain$Run.lambda$runTest$1(ForkMain.java:414)
[info]   at java.base/java.util.concurrent.FutureTask.run(FutureTask.java:317)
[info]   at java.base/java.util.concurrent.ThreadPoolExecutor.runWorker(ThreadPoolExecutor.java:1144)
[info]   at java.base/java.util.concurrent.ThreadPoolExecutor$Worker.run(ThreadPoolExecutor.java:642)
[info]   at java.base/java.lang.Thread.run(Thread.java:1583)
[info] JoinTests:
[info] - ab.joinCross(ac) *** FAILED *** (5 milliseconds)
[info]   IllegalArgumentException was thrown during property evaluation.
[info]     Message: argument type mismatch
[info]     Occurred when passed generated values (
[info]       arg0 = List(),
[info]       arg1 = List()
[info]     )
[info]   org.scalatest.exceptions.GeneratorDrivenPropertyCheckFailedException:
[info]   at org.scalatestplus.scalacheck.CheckerAsserting$$anon$2.indicateFailure(CheckerAsserting.scala:251)
[info]   at org.scalatestplus.scalacheck.CheckerAsserting$$anon$2.indicateFailure(CheckerAsserting.scala:238)
[info]   at org.scalatestplus.scalacheck.UnitCheckerAsserting$CheckerAssertingImpl.check(CheckerAsserting.scala:160)
[info]   at org.scalatestplus.scalacheck.Checkers.check(Checkers.scala:371)
[info]   at org.scalatestplus.scalacheck.Checkers.check$(Checkers.scala:369)
[info]   at frameless.TypedDatasetSuite.check(TypedDatasetSuite.scala:63)
[info]   at frameless.JoinTests.$anonfun$new$1(JoinTests.scala:35)
[info]   at org.scalatest.OutcomeOf.outcomeOf(OutcomeOf.scala:85)
[info]   at org.scalatest.OutcomeOf.outcomeOf$(OutcomeOf.scala:83)
[info]   at org.scalatest.OutcomeOf$.outcomeOf(OutcomeOf.scala:104)
[info]   at org.scalatest.Transformer.apply(Transformer.scala:22)
[info]   at org.scalatest.Transformer.apply(Transformer.scala:20)
[info]   at org.scalatest.funsuite.AnyFunSuiteLike$$anon$1.apply(AnyFunSuiteLike.scala:226)
[info]   at org.scalatest.TestSuite.withFixture(TestSuite.scala:196)
[info]   at org.scalatest.TestSuite.withFixture$(TestSuite.scala:195)
[info]   at org.scalatest.funsuite.AnyFunSuite.withFixture(AnyFunSuite.scala:1564)
[info]   at org.scalatest.funsuite.AnyFunSuiteLike.invokeWithFixture$1(AnyFunSuiteLike.scala:224)
[info]   at org.scalatest.funsuite.AnyFunSuiteLike.$anonfun$runTest$1(AnyFunSuiteLike.scala:236)
[info]   at org.scalatest.SuperEngine.runTestImpl(Engine.scala:306)
[info]   at org.scalatest.funsuite.AnyFunSuiteLike.runTest(AnyFunSuiteLike.scala:236)
[info]   at org.scalatest.funsuite.AnyFunSuiteLike.runTest$(AnyFunSuiteLike.scala:218)
[info]   at org.scalatest.funsuite.AnyFunSuite.runTest(AnyFunSuite.scala:1564)
[info]   at org.scalatest.funsuite.AnyFunSuiteLike.$anonfun$runTests$1(AnyFunSuiteLike.scala:269)
[info]   at org.scalatest.SuperEngine.$anonfun$runTestsInBranch$1(Engine.scala:413)
[info]   at scala.collection.immutable.List.foreach(List.scala:334)
[info]   at org.scalatest.SuperEngine.traverseSubNodes$1(Engine.scala:401)
[info]   at org.scalatest.SuperEngine.runTestsInBranch(Engine.scala:396)
[info]   at org.scalatest.SuperEngine.runTestsImpl(Engine.scala:475)
[info]   at org.scalatest.funsuite.AnyFunSuiteLike.runTests(AnyFunSuiteLike.scala:269)
[info]   at org.scalatest.funsuite.AnyFunSuiteLike.runTests$(AnyFunSuiteLike.scala:268)
[info]   at org.scalatest.funsuite.AnyFunSuite.runTests(AnyFunSuite.scala:1564)
[info]   at org.scalatest.Suite.run(Suite.scala:1114)
[info]   at org.scalatest.Suite.run$(Suite.scala:1096)
[info]   at org.scalatest.funsuite.AnyFunSuite.org$scalatest$funsuite$AnyFunSuiteLike$$super$run(AnyFunSuite.scala:1564)
[info]   at org.scalatest.funsuite.AnyFunSuiteLike.$anonfun$run$1(AnyFunSuiteLike.scala:273)
[info]   at org.scalatest.SuperEngine.runImpl(Engine.scala:535)
[info]   at org.scalatest.funsuite.AnyFunSuiteLike.run(AnyFunSuiteLike.scala:273)
[info]   at org.scalatest.funsuite.AnyFunSuiteLike.run$(AnyFunSuiteLike.scala:272)
[info]   at frameless.TypedDatasetSuite.org$scalatest$BeforeAndAfterAll$$super$run(TypedDatasetSuite.scala:63)
[info]   at org.scalatest.BeforeAndAfterAll.liftedTree1$1(BeforeAndAfterAll.scala:213)
[info]   at org.scalatest.BeforeAndAfterAll.run(BeforeAndAfterAll.scala:210)
[info]   at org.scalatest.BeforeAndAfterAll.run$(BeforeAndAfterAll.scala:208)
[info]   at frameless.TypedDatasetSuite.run(TypedDatasetSuite.scala:63)
[info]   at org.scalatest.tools.Framework.org$scalatest$tools$Framework$$runSuite(Framework.scala:321)
[info]   at org.scalatest.tools.Framework$ScalaTestTask.execute(Framework.scala:517)
[info]   at sbt.ForkMain$Run.lambda$runTest$1(ForkMain.java:414)
[info]   at java.base/java.util.concurrent.FutureTask.run(FutureTask.java:317)
[info]   at java.base/java.util.concurrent.ThreadPoolExecutor.runWorker(ThreadPoolExecutor.java:1144)
[info]   at java.base/java.util.concurrent.ThreadPoolExecutor$Worker.run(ThreadPoolExecutor.java:642)
[info]   at java.base/java.lang.Thread.run(Thread.java:1583)
[info]   Cause: java.lang.IllegalArgumentException: argument type mismatch
[info]   at java.base/jdk.internal.reflect.DirectConstructorHandleAccessor.newInstance(DirectConstructorHandleAccessor.java:65)
[info]   at java.base/java.lang.reflect.Constructor.newInstanceWithCaller(Constructor.java:502)
[info]   at java.base/java.lang.reflect.Constructor.newInstance(Constructor.java:486)
[info]   at frameless.TypedExpressionEncoder$.$anonfun$apply$3(TypedExpressionEncoder.scala:55)
[info]   at scala.Option.map(Option.scala:242)
[info]   at frameless.TypedExpressionEncoder$.apply(TypedExpressionEncoder.scala:54)
[info]   at frameless.TypedDataset$.create(TypedDataset.scala:1325)
[info]   at frameless.JoinTests.prop$1(JoinTests.scala:14)
[info]   at frameless.JoinTests.$anonfun$new$21(JoinTests.scala:35)
[info]   at org.scalacheck.Prop$.$anonfun$forAll$18(Prop.scala:1131)
[info]   at scala.Function1.$anonfun$andThen$1(Function1.scala:87)
[info]   at org.scalacheck.Prop$.$anonfun$forAllShrink$2(Prop.scala:868)
[info]   at org.scalacheck.Prop$.secure(Prop.scala:484)
[info]   at org.scalacheck.Prop$.result$1(Prop.scala:868)
[info]   at org.scalacheck.Prop$.$anonfun$forAllShrink$1(Prop.scala:915)
[info]   at org.scalacheck.Prop$.$anonfun$apply$1(Prop.scala:305)
[info]   at org.scalacheck.PropFromFun.apply(Prop.scala:20)
[info]   at org.scalacheck.Prop$.result$1(Prop.scala:869)
[info]   at org.scalacheck.Prop$.$anonfun$forAllShrink$1(Prop.scala:915)
[info]   at org.scalacheck.Prop$.$anonfun$apply$1(Prop.scala:305)
[info]   at org.scalacheck.PropFromFun.apply(Prop.scala:20)
[info]   at org.scalacheck.Test$.workerFun$1(Test.scala:486)
[info]   at org.scalacheck.Test$.$anonfun$check$4(Test.scala:518)
[info]   at org.scalacheck.Test$.$anonfun$check$4$adapted(Test.scala:518)
[info]   at org.scalacheck.Platform$.runWorkers(Platform.scala:42)
[info]   at org.scalacheck.Test$.check(Test.scala:518)
[info]   at org.scalatestplus.scalacheck.UnitCheckerAsserting$CheckerAssertingImpl.check(CheckerAsserting.scala:90)
[info]   at org.scalatestplus.scalacheck.Checkers.check(Checkers.scala:371)
[info]   at org.scalatestplus.scalacheck.Checkers.check$(Checkers.scala:369)
[info]   at frameless.TypedDatasetSuite.check(TypedDatasetSuite.scala:63)
[info]   at frameless.JoinTests.$anonfun$new$1(JoinTests.scala:35)
[info]   at org.scalatest.OutcomeOf.outcomeOf(OutcomeOf.scala:85)
[info]   at org.scalatest.OutcomeOf.outcomeOf$(OutcomeOf.scala:83)
[info]   at org.scalatest.OutcomeOf$.outcomeOf(OutcomeOf.scala:104)
[info]   at org.scalatest.Transformer.apply(Transformer.scala:22)
[info]   at org.scalatest.Transformer.apply(Transformer.scala:20)
[info]   at org.scalatest.funsuite.AnyFunSuiteLike$$anon$1.apply(AnyFunSuiteLike.scala:226)
[info]   at org.scalatest.TestSuite.withFixture(TestSuite.scala:196)
[info]   at org.scalatest.TestSuite.withFixture$(TestSuite.scala:195)
[info]   at org.scalatest.funsuite.AnyFunSuite.withFixture(AnyFunSuite.scala:1564)
[info]   at org.scalatest.funsuite.AnyFunSuiteLike.invokeWithFixture$1(AnyFunSuiteLike.scala:224)
[info]   at org.scalatest.funsuite.AnyFunSuiteLike.$anonfun$runTest$1(AnyFunSuiteLike.scala:236)
[info]   at org.scalatest.SuperEngine.runTestImpl(Engine.scala:306)
[info]   at org.scalatest.funsuite.AnyFunSuiteLike.runTest(AnyFunSuiteLike.scala:236)
[info]   at org.scalatest.funsuite.AnyFunSuiteLike.runTest$(AnyFunSuiteLike.scala:218)
[info]   at org.scalatest.funsuite.AnyFunSuite.runTest(AnyFunSuite.scala:1564)
[info]   at org.scalatest.funsuite.AnyFunSuiteLike.$anonfun$runTests$1(AnyFunSuiteLike.scala:269)
[info]   at org.scalatest.SuperEngine.$anonfun$runTestsInBranch$1(Engine.scala:413)
[info]   at scala.collection.immutable.List.foreach(List.scala:334)
[info]   at org.scalatest.SuperEngine.traverseSubNodes$1(Engine.scala:401)
[info]   at org.scalatest.SuperEngine.runTestsInBranch(Engine.scala:396)
[info]   at org.scalatest.SuperEngine.runTestsImpl(Engine.scala:475)
[info]   at org.scalatest.funsuite.AnyFunSuiteLike.runTests(AnyFunSuiteLike.scala:269)
[info]   at org.scalatest.funsuite.AnyFunSuiteLike.runTests$(AnyFunSuiteLike.scala:268)
[info]   at org.scalatest.funsuite.AnyFunSuite.runTests(AnyFunSuite.scala:1564)
[info]   at org.scalatest.Suite.run(Suite.scala:1114)
[info]   at org.scalatest.Suite.run$(Suite.scala:1096)
[info]   at org.scalatest.funsuite.AnyFunSuite.org$scalatest$funsuite$AnyFunSuiteLike$$super$run(AnyFunSuite.scala:1564)
[info]   at org.scalatest.funsuite.AnyFunSuiteLike.$anonfun$run$1(AnyFunSuiteLike.scala:273)
[info]   at org.scalatest.SuperEngine.runImpl(Engine.scala:535)
[info]   at org.scalatest.funsuite.AnyFunSuiteLike.run(AnyFunSuiteLike.scala:273)
[info]   at org.scalatest.funsuite.AnyFunSuiteLike.run$(AnyFunSuiteLike.scala:272)
[info]   at frameless.TypedDatasetSuite.org$scalatest$BeforeAndAfterAll$$super$run(TypedDatasetSuite.scala:63)
[info]   at org.scalatest.BeforeAndAfterAll.liftedTree1$1(BeforeAndAfterAll.scala:213)
[info]   at org.scalatest.BeforeAndAfterAll.run(BeforeAndAfterAll.scala:210)
[info]   at org.scalatest.BeforeAndAfterAll.run$(BeforeAndAfterAll.scala:208)
[info]   at frameless.TypedDatasetSuite.run(TypedDatasetSuite.scala:63)
[info]   at org.scalatest.tools.Framework.org$scalatest$tools$Framework$$runSuite(Framework.scala:321)
[info]   at org.scalatest.tools.Framework$ScalaTestTask.execute(Framework.scala:517)
[info]   at sbt.ForkMain$Run.lambda$runTest$1(ForkMain.java:414)
[info]   at java.base/java.util.concurrent.FutureTask.run(FutureTask.java:317)
[info]   at java.base/java.util.concurrent.ThreadPoolExecutor.runWorker(ThreadPoolExecutor.java:1144)
[info]   at java.base/java.util.concurrent.ThreadPoolExecutor$Worker.run(ThreadPoolExecutor.java:642)
[info]   at java.base/java.lang.Thread.run(Thread.java:1583)
[info]   Cause: java.lang.ClassCastException: Cannot cast scala.reflect.ClassTag$GenericClassTag to org.apache.spark.sql.catalyst.expressions.Expression
[info]   at java.base/java.lang.Class.cast(Class.java:4067)
[info]   at java.base/jdk.internal.reflect.DirectConstructorHandleAccessor.newInstance(DirectConstructorHandleAccessor.java:62)
[info]   at java.base/java.lang.reflect.Constructor.newInstanceWithCaller(Constructor.java:502)
[info]   at java.base/java.lang.reflect.Constructor.newInstance(Constructor.java:486)
[info]   at frameless.TypedExpressionEncoder$.$anonfun$apply$3(TypedExpressionEncoder.scala:55)
[info]   at scala.Option.map(Option.scala:242)
[info]   at frameless.TypedExpressionEncoder$.apply(TypedExpressionEncoder.scala:54)
[info]   at frameless.TypedDataset$.create(TypedDataset.scala:1325)
[info]   at frameless.JoinTests.prop$1(JoinTests.scala:14)
[info]   at frameless.JoinTests.$anonfun$new$21(JoinTests.scala:35)
[info]   at org.scalacheck.Prop$.$anonfun$forAll$18(Prop.scala:1131)
[info]   at scala.Function1.$anonfun$andThen$1(Function1.scala:87)
[info]   at org.scalacheck.Prop$.$anonfun$forAllShrink$2(Prop.scala:868)
[info]   at org.scalacheck.Prop$.secure(Prop.scala:484)
[info]   at org.scalacheck.Prop$.result$1(Prop.scala:868)
[info]   at org.scalacheck.Prop$.$anonfun$forAllShrink$1(Prop.scala:915)
[info]   at org.scalacheck.Prop$.$anonfun$apply$1(Prop.scala:305)
[info]   at org.scalacheck.PropFromFun.apply(Prop.scala:20)
[info]   at org.scalacheck.Prop$.result$1(Prop.scala:869)
[info]   at org.scalacheck.Prop$.$anonfun$forAllShrink$1(Prop.scala:915)
[info]   at org.scalacheck.Prop$.$anonfun$apply$1(Prop.scala:305)
[info]   at org.scalacheck.PropFromFun.apply(Prop.scala:20)
[info]   at org.scalacheck.Test$.workerFun$1(Test.scala:486)
[info]   at org.scalacheck.Test$.$anonfun$check$4(Test.scala:518)
[info]   at org.scalacheck.Test$.$anonfun$check$4$adapted(Test.scala:518)
[info]   at org.scalacheck.Platform$.runWorkers(Platform.scala:42)
[info]   at org.scalacheck.Test$.check(Test.scala:518)
[info]   at org.scalatestplus.scalacheck.UnitCheckerAsserting$CheckerAssertingImpl.check(CheckerAsserting.scala:90)
[info]   at org.scalatestplus.scalacheck.Checkers.check(Checkers.scala:371)
[info]   at org.scalatestplus.scalacheck.Checkers.check$(Checkers.scala:369)
[info]   at frameless.TypedDatasetSuite.check(TypedDatasetSuite.scala:63)
[info]   at frameless.JoinTests.$anonfun$new$1(JoinTests.scala:35)
[info]   at org.scalatest.OutcomeOf.outcomeOf(OutcomeOf.scala:85)
[info]   at org.scalatest.OutcomeOf.outcomeOf$(OutcomeOf.scala:83)
[info]   at org.scalatest.OutcomeOf$.outcomeOf(OutcomeOf.scala:104)
[info]   at org.scalatest.Transformer.apply(Transformer.scala:22)
[info]   at org.scalatest.Transformer.apply(Transformer.scala:20)
[info]   at org.scalatest.funsuite.AnyFunSuiteLike$$anon$1.apply(AnyFunSuiteLike.scala:226)
[info]   at org.scalatest.TestSuite.withFixture(TestSuite.scala:196)
[info]   at org.scalatest.TestSuite.withFixture$(TestSuite.scala:195)
[info]   at org.scalatest.funsuite.AnyFunSuite.withFixture(AnyFunSuite.scala:1564)
[info]   at org.scalatest.funsuite.AnyFunSuiteLike.invokeWithFixture$1(AnyFunSuiteLike.scala:224)
[info]   at org.scalatest.funsuite.AnyFunSuiteLike.$anonfun$runTest$1(AnyFunSuiteLike.scala:236)
[info]   at org.scalatest.SuperEngine.runTestImpl(Engine.scala:306)
[info]   at org.scalatest.funsuite.AnyFunSuiteLike.runTest(AnyFunSuiteLike.scala:236)
[info]   at org.scalatest.funsuite.AnyFunSuiteLike.runTest$(AnyFunSuiteLike.scala:218)
[info]   at org.scalatest.funsuite.AnyFunSuite.runTest(AnyFunSuite.scala:1564)
[info]   at org.scalatest.funsuite.AnyFunSuiteLike.$anonfun$runTests$1(AnyFunSuiteLike.scala:269)
[info]   at org.scalatest.SuperEngine.$anonfun$runTestsInBranch$1(Engine.scala:413)
[info]   at scala.collection.immutable.List.foreach(List.scala:334)
[info]   at org.scalatest.SuperEngine.traverseSubNodes$1(Engine.scala:401)
[info]   at org.scalatest.SuperEngine.runTestsInBranch(Engine.scala:396)
[info]   at org.scalatest.SuperEngine.runTestsImpl(Engine.scala:475)
[info]   at org.scalatest.funsuite.AnyFunSuiteLike.runTests(AnyFunSuiteLike.scala:269)
[info]   at org.scalatest.funsuite.AnyFunSuiteLike.runTests$(AnyFunSuiteLike.scala:268)
[info]   at org.scalatest.funsuite.AnyFunSuite.runTests(AnyFunSuite.scala:1564)
[info]   at org.scalatest.Suite.run(Suite.scala:1114)
[info]   at org.scalatest.Suite.run$(Suite.scala:1096)
[info]   at org.scalatest.funsuite.AnyFunSuite.org$scalatest$funsuite$AnyFunSuiteLike$$super$run(AnyFunSuite.scala:1564)
[info]   at org.scalatest.funsuite.AnyFunSuiteLike.$anonfun$run$1(AnyFunSuiteLike.scala:273)
[info]   at org.scalatest.SuperEngine.runImpl(Engine.scala:535)
[info]   at org.scalatest.funsuite.AnyFunSuiteLike.run(AnyFunSuiteLike.scala:273)
[info]   at org.scalatest.funsuite.AnyFunSuiteLike.run$(AnyFunSuiteLike.scala:272)
[info]   at frameless.TypedDatasetSuite.org$scalatest$BeforeAndAfterAll$$super$run(TypedDatasetSuite.scala:63)
[info]   at org.scalatest.BeforeAndAfterAll.liftedTree1$1(BeforeAndAfterAll.scala:213)
[info]   at org.scalatest.BeforeAndAfterAll.run(BeforeAndAfterAll.scala:210)
[info]   at org.scalatest.BeforeAndAfterAll.run$(BeforeAndAfterAll.scala:208)
[info]   at frameless.TypedDatasetSuite.run(TypedDatasetSuite.scala:63)
[info]   at org.scalatest.tools.Framework.org$scalatest$tools$Framework$$runSuite(Framework.scala:321)
[info]   at org.scalatest.tools.Framework$ScalaTestTask.execute(Framework.scala:517)
[info]   at sbt.ForkMain$Run.lambda$runTest$1(ForkMain.java:414)
[info]   at java.base/java.util.concurrent.FutureTask.run(FutureTask.java:317)
[info]   at java.base/java.util.concurrent.ThreadPoolExecutor.runWorker(ThreadPoolExecutor.java:1144)
[info]   at java.base/java.util.concurrent.ThreadPoolExecutor$Worker.run(ThreadPoolExecutor.java:642)
[info]   at java.base/java.lang.Thread.run(Thread.java:1583)
[info] - ab.joinFull(ac)(ab.a == ac.a) *** FAILED *** (5 milliseconds)
[info]   IllegalArgumentException was thrown during property evaluation.
[info]     Message: argument type mismatch
[info]     Occurred when passed generated values (
[info]       arg0 = List(),
[info]       arg1 = List()
[info]     )
[info]   org.scalatest.exceptions.GeneratorDrivenPropertyCheckFailedException:
[info]   at org.scalatestplus.scalacheck.CheckerAsserting$$anon$2.indicateFailure(CheckerAsserting.scala:251)
[info]   at org.scalatestplus.scalacheck.CheckerAsserting$$anon$2.indicateFailure(CheckerAsserting.scala:238)
[info]   at org.scalatestplus.scalacheck.UnitCheckerAsserting$CheckerAssertingImpl.check(CheckerAsserting.scala:160)
[info]   at org.scalatestplus.scalacheck.Checkers.check(Checkers.scala:371)
[info]   at org.scalatestplus.scalacheck.Checkers.check$(Checkers.scala:369)
[info]   at frameless.TypedDatasetSuite.check(TypedDatasetSuite.scala:63)
[info]   at frameless.JoinTests.$anonfun$new$24(JoinTests.scala:75)
[info]   at org.scalatest.OutcomeOf.outcomeOf(OutcomeOf.scala:85)
[info]   at org.scalatest.OutcomeOf.outcomeOf$(OutcomeOf.scala:83)
[info]   at org.scalatest.OutcomeOf$.outcomeOf(OutcomeOf.scala:104)
[info]   at org.scalatest.Transformer.apply(Transformer.scala:22)
[info]   at org.scalatest.Transformer.apply(Transformer.scala:20)
[info]   at org.scalatest.funsuite.AnyFunSuiteLike$$anon$1.apply(AnyFunSuiteLike.scala:226)
[info]   at org.scalatest.TestSuite.withFixture(TestSuite.scala:196)
[info]   at org.scalatest.TestSuite.withFixture$(TestSuite.scala:195)
[info]   at org.scalatest.funsuite.AnyFunSuite.withFixture(AnyFunSuite.scala:1564)
[info]   at org.scalatest.funsuite.AnyFunSuiteLike.invokeWithFixture$1(AnyFunSuiteLike.scala:224)
[info]   at org.scalatest.funsuite.AnyFunSuiteLike.$anonfun$runTest$1(AnyFunSuiteLike.scala:236)
[info]   at org.scalatest.SuperEngine.runTestImpl(Engine.scala:306)
[info]   at org.scalatest.funsuite.AnyFunSuiteLike.runTest(AnyFunSuiteLike.scala:236)
[info]   at org.scalatest.funsuite.AnyFunSuiteLike.runTest$(AnyFunSuiteLike.scala:218)
[info]   at org.scalatest.funsuite.AnyFunSuite.runTest(AnyFunSuite.scala:1564)
[info]   at org.scalatest.funsuite.AnyFunSuiteLike.$anonfun$runTests$1(AnyFunSuiteLike.scala:269)
[info]   at org.scalatest.SuperEngine.$anonfun$runTestsInBranch$1(Engine.scala:413)
[info]   at scala.collection.immutable.List.foreach(List.scala:334)
[info]   at org.scalatest.SuperEngine.traverseSubNodes$1(Engine.scala:401)
[info]   at org.scalatest.SuperEngine.runTestsInBranch(Engine.scala:396)
[info]   at org.scalatest.SuperEngine.runTestsImpl(Engine.scala:475)
[info]   at org.scalatest.funsuite.AnyFunSuiteLike.runTests(AnyFunSuiteLike.scala:269)
[info]   at org.scalatest.funsuite.AnyFunSuiteLike.runTests$(AnyFunSuiteLike.scala:268)
[info]   at org.scalatest.funsuite.AnyFunSuite.runTests(AnyFunSuite.scala:1564)
[info]   at org.scalatest.Suite.run(Suite.scala:1114)
[info]   at org.scalatest.Suite.run$(Suite.scala:1096)
[info]   at org.scalatest.funsuite.AnyFunSuite.org$scalatest$funsuite$AnyFunSuiteLike$$super$run(AnyFunSuite.scala:1564)
[info]   at org.scalatest.funsuite.AnyFunSuiteLike.$anonfun$run$1(AnyFunSuiteLike.scala:273)
[info]   at org.scalatest.SuperEngine.runImpl(Engine.scala:535)
[info]   at org.scalatest.funsuite.AnyFunSuiteLike.run(AnyFunSuiteLike.scala:273)
[info]   at org.scalatest.funsuite.AnyFunSuiteLike.run$(AnyFunSuiteLike.scala:272)
[info]   at frameless.TypedDatasetSuite.org$scalatest$BeforeAndAfterAll$$super$run(TypedDatasetSuite.scala:63)
[info]   at org.scalatest.BeforeAndAfterAll.liftedTree1$1(BeforeAndAfterAll.scala:213)
[info]   at org.scalatest.BeforeAndAfterAll.run(BeforeAndAfterAll.scala:210)
[info]   at org.scalatest.BeforeAndAfterAll.run$(BeforeAndAfterAll.scala:208)
[info]   at frameless.TypedDatasetSuite.run(TypedDatasetSuite.scala:63)
[info]   at org.scalatest.tools.Framework.org$scalatest$tools$Framework$$runSuite(Framework.scala:321)
[info]   at org.scalatest.tools.Framework$ScalaTestTask.execute(Framework.scala:517)
[info]   at sbt.ForkMain$Run.lambda$runTest$1(ForkMain.java:414)
[info]   at java.base/java.util.concurrent.FutureTask.run(FutureTask.java:317)
[info]   at java.base/java.util.concurrent.ThreadPoolExecutor.runWorker(ThreadPoolExecutor.java:1144)
[info]   at java.base/java.util.concurrent.ThreadPoolExecutor$Worker.run(ThreadPoolExecutor.java:642)
[info]   at java.base/java.lang.Thread.run(Thread.java:1583)
[info]   Cause: java.lang.IllegalArgumentException: argument type mismatch
[info]   at java.base/jdk.internal.reflect.DirectConstructorHandleAccessor.newInstance(DirectConstructorHandleAccessor.java:65)
[info]   at java.base/java.lang.reflect.Constructor.newInstanceWithCaller(Constructor.java:502)
[info]   at java.base/java.lang.reflect.Constructor.newInstance(Constructor.java:486)
[info]   at frameless.TypedExpressionEncoder$.$anonfun$apply$3(TypedExpressionEncoder.scala:55)
[info]   at scala.Option.map(Option.scala:242)
[info]   at frameless.TypedExpressionEncoder$.apply(TypedExpressionEncoder.scala:54)
[info]   at frameless.TypedDataset$.create(TypedDataset.scala:1325)
[info]   at frameless.JoinTests.prop$2(JoinTests.scala:44)
[info]   at frameless.JoinTests.$anonfun$new$55(JoinTests.scala:75)
[info]   at org.scalacheck.Prop$.$anonfun$forAll$18(Prop.scala:1131)
[info]   at scala.Function1.$anonfun$andThen$1(Function1.scala:87)
[info]   at org.scalacheck.Prop$.$anonfun$forAllShrink$2(Prop.scala:868)
[info]   at org.scalacheck.Prop$.secure(Prop.scala:484)
[info]   at org.scalacheck.Prop$.result$1(Prop.scala:868)
[info]   at org.scalacheck.Prop$.$anonfun$forAllShrink$1(Prop.scala:915)
[info]   at org.scalacheck.Prop$.$anonfun$apply$1(Prop.scala:305)
[info]   at org.scalacheck.PropFromFun.apply(Prop.scala:20)
[info]   at org.scalacheck.Prop$.result$1(Prop.scala:869)
[info]   at org.scalacheck.Prop$.$anonfun$forAllShrink$1(Prop.scala:915)
[info]   at org.scalacheck.Prop$.$anonfun$apply$1(Prop.scala:305)
[info]   at org.scalacheck.PropFromFun.apply(Prop.scala:20)
[info]   at org.scalacheck.Test$.workerFun$1(Test.scala:486)
[info]   at org.scalacheck.Test$.$anonfun$check$4(Test.scala:518)
[info]   at org.scalacheck.Test$.$anonfun$check$4$adapted(Test.scala:518)
[info]   at org.scalacheck.Platform$.runWorkers(Platform.scala:42)
[info]   at org.scalacheck.Test$.check(Test.scala:518)
[info]   at org.scalatestplus.scalacheck.UnitCheckerAsserting$CheckerAssertingImpl.check(CheckerAsserting.scala:90)
[info]   at org.scalatestplus.scalacheck.Checkers.check(Checkers.scala:371)
[info]   at org.scalatestplus.scalacheck.Checkers.check$(Checkers.scala:369)
[info]   at frameless.TypedDatasetSuite.check(TypedDatasetSuite.scala:63)
[info]   at frameless.JoinTests.$anonfun$new$24(JoinTests.scala:75)
[info]   at org.scalatest.OutcomeOf.outcomeOf(OutcomeOf.scala:85)
[info]   at org.scalatest.OutcomeOf.outcomeOf$(OutcomeOf.scala:83)
[info]   at org.scalatest.OutcomeOf$.outcomeOf(OutcomeOf.scala:104)
[info]   at org.scalatest.Transformer.apply(Transformer.scala:22)
[info]   at org.scalatest.Transformer.apply(Transformer.scala:20)
[info]   at org.scalatest.funsuite.AnyFunSuiteLike$$anon$1.apply(AnyFunSuiteLike.scala:226)
[info]   at org.scalatest.TestSuite.withFixture(TestSuite.scala:196)
[info]   at org.scalatest.TestSuite.withFixture$(TestSuite.scala:195)
[info]   at org.scalatest.funsuite.AnyFunSuite.withFixture(AnyFunSuite.scala:1564)
[info]   at org.scalatest.funsuite.AnyFunSuiteLike.invokeWithFixture$1(AnyFunSuiteLike.scala:224)
[info]   at org.scalatest.funsuite.AnyFunSuiteLike.$anonfun$runTest$1(AnyFunSuiteLike.scala:236)
[info]   at org.scalatest.SuperEngine.runTestImpl(Engine.scala:306)
[info]   at org.scalatest.funsuite.AnyFunSuiteLike.runTest(AnyFunSuiteLike.scala:236)
[info]   at org.scalatest.funsuite.AnyFunSuiteLike.runTest$(AnyFunSuiteLike.scala:218)
[info]   at org.scalatest.funsuite.AnyFunSuite.runTest(AnyFunSuite.scala:1564)
[info]   at org.scalatest.funsuite.AnyFunSuiteLike.$anonfun$runTests$1(AnyFunSuiteLike.scala:269)
[info]   at org.scalatest.SuperEngine.$anonfun$runTestsInBranch$1(Engine.scala:413)
[info]   at scala.collection.immutable.List.foreach(List.scala:334)
[info]   at org.scalatest.SuperEngine.traverseSubNodes$1(Engine.scala:401)
[info]   at org.scalatest.SuperEngine.runTestsInBranch(Engine.scala:396)
[info]   at org.scalatest.SuperEngine.runTestsImpl(Engine.scala:475)
[info]   at org.scalatest.funsuite.AnyFunSuiteLike.runTests(AnyFunSuiteLike.scala:269)
[info]   at org.scalatest.funsuite.AnyFunSuiteLike.runTests$(AnyFunSuiteLike.scala:268)
[info]   at org.scalatest.funsuite.AnyFunSuite.runTests(AnyFunSuite.scala:1564)
[info]   at org.scalatest.Suite.run(Suite.scala:1114)
[info]   at org.scalatest.Suite.run$(Suite.scala:1096)
[info]   at org.scalatest.funsuite.AnyFunSuite.org$scalatest$funsuite$AnyFunSuiteLike$$super$run(AnyFunSuite.scala:1564)
[info]   at org.scalatest.funsuite.AnyFunSuiteLike.$anonfun$run$1(AnyFunSuiteLike.scala:273)
[info]   at org.scalatest.SuperEngine.runImpl(Engine.scala:535)
[info]   at org.scalatest.funsuite.AnyFunSuiteLike.run(AnyFunSuiteLike.scala:273)
[info]   at org.scalatest.funsuite.AnyFunSuiteLike.run$(AnyFunSuiteLike.scala:272)
[info]   at frameless.TypedDatasetSuite.org$scalatest$BeforeAndAfterAll$$super$run(TypedDatasetSuite.scala:63)
[info]   at org.scalatest.BeforeAndAfterAll.liftedTree1$1(BeforeAndAfterAll.scala:213)
[info]   at org.scalatest.BeforeAndAfterAll.run(BeforeAndAfterAll.scala:210)
[info]   at org.scalatest.BeforeAndAfterAll.run$(BeforeAndAfterAll.scala:208)
[info]   at frameless.TypedDatasetSuite.run(TypedDatasetSuite.scala:63)
[info]   at org.scalatest.tools.Framework.org$scalatest$tools$Framework$$runSuite(Framework.scala:321)
[info]   at org.scalatest.tools.Framework$ScalaTestTask.execute(Framework.scala:517)
[info]   at sbt.ForkMain$Run.lambda$runTest$1(ForkMain.java:414)
[info]   at java.base/java.util.concurrent.FutureTask.run(FutureTask.java:317)
[info]   at java.base/java.util.concurrent.ThreadPoolExecutor.runWorker(ThreadPoolExecutor.java:1144)
[info]   at java.base/java.util.concurrent.ThreadPoolExecutor$Worker.run(ThreadPoolExecutor.java:642)
[info]   at java.base/java.lang.Thread.run(Thread.java:1583)
[info]   Cause: java.lang.ClassCastException: Cannot cast scala.reflect.ClassTag$GenericClassTag to org.apache.spark.sql.catalyst.expressions.Expression
[info]   at java.base/java.lang.Class.cast(Class.java:4067)
[info]   at java.base/jdk.internal.reflect.DirectConstructorHandleAccessor.newInstance(DirectConstructorHandleAccessor.java:62)
[info]   at java.base/java.lang.reflect.Constructor.newInstanceWithCaller(Constructor.java:502)
[info]   at java.base/java.lang.reflect.Constructor.newInstance(Constructor.java:486)
[info]   at frameless.TypedExpressionEncoder$.$anonfun$apply$3(TypedExpressionEncoder.scala:55)
[info]   at scala.Option.map(Option.scala:242)
[info]   at frameless.TypedExpressionEncoder$.apply(TypedExpressionEncoder.scala:54)
[info]   at frameless.TypedDataset$.create(TypedDataset.scala:1325)
[info]   at frameless.JoinTests.prop$2(JoinTests.scala:44)
[info]   at frameless.JoinTests.$anonfun$new$55(JoinTests.scala:75)
[info]   at org.scalacheck.Prop$.$anonfun$forAll$18(Prop.scala:1131)
[info]   at scala.Function1.$anonfun$andThen$1(Function1.scala:87)
[info]   at org.scalacheck.Prop$.$anonfun$forAllShrink$2(Prop.scala:868)
[info]   at org.scalacheck.Prop$.secure(Prop.scala:484)
[info]   at org.scalacheck.Prop$.result$1(Prop.scala:868)
[info]   at org.scalacheck.Prop$.$anonfun$forAllShrink$1(Prop.scala:915)
[info]   at org.scalacheck.Prop$.$anonfun$apply$1(Prop.scala:305)
[info]   at org.scalacheck.PropFromFun.apply(Prop.scala:20)
[info]   at org.scalacheck.Prop$.result$1(Prop.scala:869)
[info]   at org.scalacheck.Prop$.$anonfun$forAllShrink$1(Prop.scala:915)
[info]   at org.scalacheck.Prop$.$anonfun$apply$1(Prop.scala:305)
[info]   at org.scalacheck.PropFromFun.apply(Prop.scala:20)
[info]   at org.scalacheck.Test$.workerFun$1(Test.scala:486)
[info]   at org.scalacheck.Test$.$anonfun$check$4(Test.scala:518)
[info]   at org.scalacheck.Test$.$anonfun$check$4$adapted(Test.scala:518)
[info]   at org.scalacheck.Platform$.runWorkers(Platform.scala:42)
[info]   at org.scalacheck.Test$.check(Test.scala:518)
[info]   at org.scalatestplus.scalacheck.UnitCheckerAsserting$CheckerAssertingImpl.check(CheckerAsserting.scala:90)
[info]   at org.scalatestplus.scalacheck.Checkers.check(Checkers.scala:371)
[info]   at org.scalatestplus.scalacheck.Checkers.check$(Checkers.scala:369)
[info]   at frameless.TypedDatasetSuite.check(TypedDatasetSuite.scala:63)
[info]   at frameless.JoinTests.$anonfun$new$24(JoinTests.scala:75)
[info]   at org.scalatest.OutcomeOf.outcomeOf(OutcomeOf.scala:85)
[info]   at org.scalatest.OutcomeOf.outcomeOf$(OutcomeOf.scala:83)
[info]   at org.scalatest.OutcomeOf$.outcomeOf(OutcomeOf.scala:104)
[info]   at org.scalatest.Transformer.apply(Transformer.scala:22)
[info]   at org.scalatest.Transformer.apply(Transformer.scala:20)
[info]   at org.scalatest.funsuite.AnyFunSuiteLike$$anon$1.apply(AnyFunSuiteLike.scala:226)
[info]   at org.scalatest.TestSuite.withFixture(TestSuite.scala:196)
[info]   at org.scalatest.TestSuite.withFixture$(TestSuite.scala:195)
[info]   at org.scalatest.funsuite.AnyFunSuite.withFixture(AnyFunSuite.scala:1564)
[info]   at org.scalatest.funsuite.AnyFunSuiteLike.invokeWithFixture$1(AnyFunSuiteLike.scala:224)
[info]   at org.scalatest.funsuite.AnyFunSuiteLike.$anonfun$runTest$1(AnyFunSuiteLike.scala:236)
[info]   at org.scalatest.SuperEngine.runTestImpl(Engine.scala:306)
[info]   at org.scalatest.funsuite.AnyFunSuiteLike.runTest(AnyFunSuiteLike.scala:236)
[info]   at org.scalatest.funsuite.AnyFunSuiteLike.runTest$(AnyFunSuiteLike.scala:218)
[info]   at org.scalatest.funsuite.AnyFunSuite.runTest(AnyFunSuite.scala:1564)
[info]   at org.scalatest.funsuite.AnyFunSuiteLike.$anonfun$runTests$1(AnyFunSuiteLike.scala:269)
[info]   at org.scalatest.SuperEngine.$anonfun$runTestsInBranch$1(Engine.scala:413)
[info]   at scala.collection.immutable.List.foreach(List.scala:334)
[info]   at org.scalatest.SuperEngine.traverseSubNodes$1(Engine.scala:401)
[info]   at org.scalatest.SuperEngine.runTestsInBranch(Engine.scala:396)
[info]   at org.scalatest.SuperEngine.runTestsImpl(Engine.scala:475)
[info]   at org.scalatest.funsuite.AnyFunSuiteLike.runTests(AnyFunSuiteLike.scala:269)
[info]   at org.scalatest.funsuite.AnyFunSuiteLike.runTests$(AnyFunSuiteLike.scala:268)
[info]   at org.scalatest.funsuite.AnyFunSuite.runTests(AnyFunSuite.scala:1564)
[info]   at org.scalatest.Suite.run(Suite.scala:1114)
[info]   at org.scalatest.Suite.run$(Suite.scala:1096)
[info]   at org.scalatest.funsuite.AnyFunSuite.org$scalatest$funsuite$AnyFunSuiteLike$$super$run(AnyFunSuite.scala:1564)
[info]   at org.scalatest.funsuite.AnyFunSuiteLike.$anonfun$run$1(AnyFunSuiteLike.scala:273)
[info]   at org.scalatest.SuperEngine.runImpl(Engine.scala:535)
[info]   at org.scalatest.funsuite.AnyFunSuiteLike.run(AnyFunSuiteLike.scala:273)
[info]   at org.scalatest.funsuite.AnyFunSuiteLike.run$(AnyFunSuiteLike.scala:272)
[info]   at frameless.TypedDatasetSuite.org$scalatest$BeforeAndAfterAll$$super$run(TypedDatasetSuite.scala:63)
[info]   at org.scalatest.BeforeAndAfterAll.liftedTree1$1(BeforeAndAfterAll.scala:213)
[info]   at org.scalatest.BeforeAndAfterAll.run(BeforeAndAfterAll.scala:210)
[info]   at org.scalatest.BeforeAndAfterAll.run$(BeforeAndAfterAll.scala:208)
[info]   at frameless.TypedDatasetSuite.run(TypedDatasetSuite.scala:63)
[info]   at org.scalatest.tools.Framework.org$scalatest$tools$Framework$$runSuite(Framework.scala:321)
[info]   at org.scalatest.tools.Framework$ScalaTestTask.execute(Framework.scala:517)
[info]   at sbt.ForkMain$Run.lambda$runTest$1(ForkMain.java:414)
[info]   at java.base/java.util.concurrent.FutureTask.run(FutureTask.java:317)
[info]   at java.base/java.util.concurrent.ThreadPoolExecutor.runWorker(ThreadPoolExecutor.java:1144)
[info]   at java.base/java.util.concurrent.ThreadPoolExecutor$Worker.run(ThreadPoolExecutor.java:642)
[info]   at java.base/java.lang.Thread.run(Thread.java:1583)
[info] - ab.joinInner(ac)(ab.a == ac.a) *** FAILED *** (4 milliseconds)
[info]   IllegalArgumentException was thrown during property evaluation.
[info]     Message: argument type mismatch
[info]     Occurred when passed generated values (
[info]       arg0 = List(),
[info]       arg1 = List()
[info]     )
[info]   org.scalatest.exceptions.GeneratorDrivenPropertyCheckFailedException:
[info]   at org.scalatestplus.scalacheck.CheckerAsserting$$anon$2.indicateFailure(CheckerAsserting.scala:251)
[info]   at org.scalatestplus.scalacheck.CheckerAsserting$$anon$2.indicateFailure(CheckerAsserting.scala:238)
[info]   at org.scalatestplus.scalacheck.UnitCheckerAsserting$CheckerAssertingImpl.check(CheckerAsserting.scala:160)
[info]   at org.scalatestplus.scalacheck.Checkers.check(Checkers.scala:371)
[info]   at org.scalatestplus.scalacheck.Checkers.check$(Checkers.scala:369)
[info]   at frameless.TypedDatasetSuite.check(TypedDatasetSuite.scala:63)
[info]   at frameless.JoinTests.$anonfun$new$58(JoinTests.scala:105)
[info]   at org.scalatest.OutcomeOf.outcomeOf(OutcomeOf.scala:85)
[info]   at org.scalatest.OutcomeOf.outcomeOf$(OutcomeOf.scala:83)
[info]   at org.scalatest.OutcomeOf$.outcomeOf(OutcomeOf.scala:104)
[info]   at org.scalatest.Transformer.apply(Transformer.scala:22)
[info]   at org.scalatest.Transformer.apply(Transformer.scala:20)
[info]   at org.scalatest.funsuite.AnyFunSuiteLike$$anon$1.apply(AnyFunSuiteLike.scala:226)
[info]   at org.scalatest.TestSuite.withFixture(TestSuite.scala:196)
[info]   at org.scalatest.TestSuite.withFixture$(TestSuite.scala:195)
[info]   at org.scalatest.funsuite.AnyFunSuite.withFixture(AnyFunSuite.scala:1564)
[info]   at org.scalatest.funsuite.AnyFunSuiteLike.invokeWithFixture$1(AnyFunSuiteLike.scala:224)
[info]   at org.scalatest.funsuite.AnyFunSuiteLike.$anonfun$runTest$1(AnyFunSuiteLike.scala:236)
[info]   at org.scalatest.SuperEngine.runTestImpl(Engine.scala:306)
[info]   at org.scalatest.funsuite.AnyFunSuiteLike.runTest(AnyFunSuiteLike.scala:236)
[info]   at org.scalatest.funsuite.AnyFunSuiteLike.runTest$(AnyFunSuiteLike.scala:218)
[info]   at org.scalatest.funsuite.AnyFunSuite.runTest(AnyFunSuite.scala:1564)
[info]   at org.scalatest.funsuite.AnyFunSuiteLike.$anonfun$runTests$1(AnyFunSuiteLike.scala:269)
[info]   at org.scalatest.SuperEngine.$anonfun$runTestsInBranch$1(Engine.scala:413)
[info]   at scala.collection.immutable.List.foreach(List.scala:334)
[info]   at org.scalatest.SuperEngine.traverseSubNodes$1(Engine.scala:401)
[info]   at org.scalatest.SuperEngine.runTestsInBranch(Engine.scala:396)
[info]   at org.scalatest.SuperEngine.runTestsImpl(Engine.scala:475)
[info]   at org.scalatest.funsuite.AnyFunSuiteLike.runTests(AnyFunSuiteLike.scala:269)
[info]   at org.scalatest.funsuite.AnyFunSuiteLike.runTests$(AnyFunSuiteLike.scala:268)
[info]   at org.scalatest.funsuite.AnyFunSuite.runTests(AnyFunSuite.scala:1564)
[info]   at org.scalatest.Suite.run(Suite.scala:1114)
[info]   at org.scalatest.Suite.run$(Suite.scala:1096)
[info]   at org.scalatest.funsuite.AnyFunSuite.org$scalatest$funsuite$AnyFunSuiteLike$$super$run(AnyFunSuite.scala:1564)
[info]   at org.scalatest.funsuite.AnyFunSuiteLike.$anonfun$run$1(AnyFunSuiteLike.scala:273)
[info]   at org.scalatest.SuperEngine.runImpl(Engine.scala:535)
[info]   at org.scalatest.funsuite.AnyFunSuiteLike.run(AnyFunSuiteLike.scala:273)
[info]   at org.scalatest.funsuite.AnyFunSuiteLike.run$(AnyFunSuiteLike.scala:272)
[info]   at frameless.TypedDatasetSuite.org$scalatest$BeforeAndAfterAll$$super$run(TypedDatasetSuite.scala:63)
[info]   at org.scalatest.BeforeAndAfterAll.liftedTree1$1(BeforeAndAfterAll.scala:213)
[info]   at org.scalatest.BeforeAndAfterAll.run(BeforeAndAfterAll.scala:210)
[info]   at org.scalatest.BeforeAndAfterAll.run$(BeforeAndAfterAll.scala:208)
[info]   at frameless.TypedDatasetSuite.run(TypedDatasetSuite.scala:63)
[info]   at org.scalatest.tools.Framework.org$scalatest$tools$Framework$$runSuite(Framework.scala:321)
[info]   at org.scalatest.tools.Framework$ScalaTestTask.execute(Framework.scala:517)
[info]   at sbt.ForkMain$Run.lambda$runTest$1(ForkMain.java:414)
[info]   at java.base/java.util.concurrent.FutureTask.run(FutureTask.java:317)
[info]   at java.base/java.util.concurrent.ThreadPoolExecutor.runWorker(ThreadPoolExecutor.java:1144)
[info]   at java.base/java.util.concurrent.ThreadPoolExecutor$Worker.run(ThreadPoolExecutor.java:642)
[info]   at java.base/java.lang.Thread.run(Thread.java:1583)
[info]   Cause: java.lang.IllegalArgumentException: argument type mismatch
[info]   at java.base/jdk.internal.reflect.DirectConstructorHandleAccessor.newInstance(DirectConstructorHandleAccessor.java:65)
[info]   at java.base/java.lang.reflect.Constructor.newInstanceWithCaller(Constructor.java:502)
[info]   at java.base/java.lang.reflect.Constructor.newInstance(Constructor.java:486)
[info]   at frameless.TypedExpressionEncoder$.$anonfun$apply$3(TypedExpressionEncoder.scala:55)
[info]   at scala.Option.map(Option.scala:242)
[info]   at frameless.TypedExpressionEncoder$.apply(TypedExpressionEncoder.scala:54)
[info]   at frameless.TypedDataset$.create(TypedDataset.scala:1325)
[info]   at frameless.JoinTests.prop$3(JoinTests.scala:84)
[info]   at frameless.JoinTests.$anonfun$new$83(JoinTests.scala:105)
[info]   at org.scalacheck.Prop$.$anonfun$forAll$18(Prop.scala:1131)
[info]   at scala.Function1.$anonfun$andThen$1(Function1.scala:87)
[info]   at org.scalacheck.Prop$.$anonfun$forAllShrink$2(Prop.scala:868)
[info]   at org.scalacheck.Prop$.secure(Prop.scala:484)
[info]   at org.scalacheck.Prop$.result$1(Prop.scala:868)
[info]   at org.scalacheck.Prop$.$anonfun$forAllShrink$1(Prop.scala:915)
[info]   at org.scalacheck.Prop$.$anonfun$apply$1(Prop.scala:305)
[info]   at org.scalacheck.PropFromFun.apply(Prop.scala:20)
[info]   at org.scalacheck.Prop$.result$1(Prop.scala:869)
[info]   at org.scalacheck.Prop$.$anonfun$forAllShrink$1(Prop.scala:915)
[info]   at org.scalacheck.Prop$.$anonfun$apply$1(Prop.scala:305)
[info]   at org.scalacheck.PropFromFun.apply(Prop.scala:20)
[info]   at org.scalacheck.Test$.workerFun$1(Test.scala:486)
[info]   at org.scalacheck.Test$.$anonfun$check$4(Test.scala:518)
[info]   at org.scalacheck.Test$.$anonfun$check$4$adapted(Test.scala:518)
[info]   at org.scalacheck.Platform$.runWorkers(Platform.scala:42)
[info]   at org.scalacheck.Test$.check(Test.scala:518)
[info]   at org.scalatestplus.scalacheck.UnitCheckerAsserting$CheckerAssertingImpl.check(CheckerAsserting.scala:90)
[info]   at org.scalatestplus.scalacheck.Checkers.check(Checkers.scala:371)
[info]   at org.scalatestplus.scalacheck.Checkers.check$(Checkers.scala:369)
[info]   at frameless.TypedDatasetSuite.check(TypedDatasetSuite.scala:63)
[info]   at frameless.JoinTests.$anonfun$new$58(JoinTests.scala:105)
[info]   at org.scalatest.OutcomeOf.outcomeOf(OutcomeOf.scala:85)
[info]   at org.scalatest.OutcomeOf.outcomeOf$(OutcomeOf.scala:83)
[info]   at org.scalatest.OutcomeOf$.outcomeOf(OutcomeOf.scala:104)
[info]   at org.scalatest.Transformer.apply(Transformer.scala:22)
[info]   at org.scalatest.Transformer.apply(Transformer.scala:20)
[info]   at org.scalatest.funsuite.AnyFunSuiteLike$$anon$1.apply(AnyFunSuiteLike.scala:226)
[info]   at org.scalatest.TestSuite.withFixture(TestSuite.scala:196)
[info]   at org.scalatest.TestSuite.withFixture$(TestSuite.scala:195)
[info]   at org.scalatest.funsuite.AnyFunSuite.withFixture(AnyFunSuite.scala:1564)
[info]   at org.scalatest.funsuite.AnyFunSuiteLike.invokeWithFixture$1(AnyFunSuiteLike.scala:224)
[info]   at org.scalatest.funsuite.AnyFunSuiteLike.$anonfun$runTest$1(AnyFunSuiteLike.scala:236)
[info]   at org.scalatest.SuperEngine.runTestImpl(Engine.scala:306)
[info]   at org.scalatest.funsuite.AnyFunSuiteLike.runTest(AnyFunSuiteLike.scala:236)
[info]   at org.scalatest.funsuite.AnyFunSuiteLike.runTest$(AnyFunSuiteLike.scala:218)
[info]   at org.scalatest.funsuite.AnyFunSuite.runTest(AnyFunSuite.scala:1564)
[info]   at org.scalatest.funsuite.AnyFunSuiteLike.$anonfun$runTests$1(AnyFunSuiteLike.scala:269)
[info]   at org.scalatest.SuperEngine.$anonfun$runTestsInBranch$1(Engine.scala:413)
[info]   at scala.collection.immutable.List.foreach(List.scala:334)
[info]   at org.scalatest.SuperEngine.traverseSubNodes$1(Engine.scala:401)
[info]   at org.scalatest.SuperEngine.runTestsInBranch(Engine.scala:396)
[info]   at org.scalatest.SuperEngine.runTestsImpl(Engine.scala:475)
[info]   at org.scalatest.funsuite.AnyFunSuiteLike.runTests(AnyFunSuiteLike.scala:269)
[info]   at org.scalatest.funsuite.AnyFunSuiteLike.runTests$(AnyFunSuiteLike.scala:268)
[info]   at org.scalatest.funsuite.AnyFunSuite.runTests(AnyFunSuite.scala:1564)
[info]   at org.scalatest.Suite.run(Suite.scala:1114)
[info]   at org.scalatest.Suite.run$(Suite.scala:1096)
[info]   at org.scalatest.funsuite.AnyFunSuite.org$scalatest$funsuite$AnyFunSuiteLike$$super$run(AnyFunSuite.scala:1564)
[info]   at org.scalatest.funsuite.AnyFunSuiteLike.$anonfun$run$1(AnyFunSuiteLike.scala:273)
[info]   at org.scalatest.SuperEngine.runImpl(Engine.scala:535)
[info]   at org.scalatest.funsuite.AnyFunSuiteLike.run(AnyFunSuiteLike.scala:273)
[info]   at org.scalatest.funsuite.AnyFunSuiteLike.run$(AnyFunSuiteLike.scala:272)
[info]   at frameless.TypedDatasetSuite.org$scalatest$BeforeAndAfterAll$$super$run(TypedDatasetSuite.scala:63)
[info]   at org.scalatest.BeforeAndAfterAll.liftedTree1$1(BeforeAndAfterAll.scala:213)
[info]   at org.scalatest.BeforeAndAfterAll.run(BeforeAndAfterAll.scala:210)
[info]   at org.scalatest.BeforeAndAfterAll.run$(BeforeAndAfterAll.scala:208)
[info]   at frameless.TypedDatasetSuite.run(TypedDatasetSuite.scala:63)
[info]   at org.scalatest.tools.Framework.org$scalatest$tools$Framework$$runSuite(Framework.scala:321)
[info]   at org.scalatest.tools.Framework$ScalaTestTask.execute(Framework.scala:517)
[info]   at sbt.ForkMain$Run.lambda$runTest$1(ForkMain.java:414)
[info]   at java.base/java.util.concurrent.FutureTask.run(FutureTask.java:317)
[info]   at java.base/java.util.concurrent.ThreadPoolExecutor.runWorker(ThreadPoolExecutor.java:1144)
[info]   at java.base/java.util.concurrent.ThreadPoolExecutor$Worker.run(ThreadPoolExecutor.java:642)
[info]   at java.base/java.lang.Thread.run(Thread.java:1583)
[info]   Cause: java.lang.ClassCastException: Cannot cast scala.reflect.ClassTag$GenericClassTag to org.apache.spark.sql.catalyst.expressions.Expression
[info]   at java.base/java.lang.Class.cast(Class.java:4067)
[info]   at java.base/jdk.internal.reflect.DirectConstructorHandleAccessor.newInstance(DirectConstructorHandleAccessor.java:62)
[info]   at java.base/java.lang.reflect.Constructor.newInstanceWithCaller(Constructor.java:502)
[info]   at java.base/java.lang.reflect.Constructor.newInstance(Constructor.java:486)
[info]   at frameless.TypedExpressionEncoder$.$anonfun$apply$3(TypedExpressionEncoder.scala:55)
[info]   at scala.Option.map(Option.scala:242)
[info]   at frameless.TypedExpressionEncoder$.apply(TypedExpressionEncoder.scala:54)
[info]   at frameless.TypedDataset$.create(TypedDataset.scala:1325)
[info]   at frameless.JoinTests.prop$3(JoinTests.scala:84)
[info]   at frameless.JoinTests.$anonfun$new$83(JoinTests.scala:105)
[info]   at org.scalacheck.Prop$.$anonfun$forAll$18(Prop.scala:1131)
[info]   at scala.Function1.$anonfun$andThen$1(Function1.scala:87)
[info]   at org.scalacheck.Prop$.$anonfun$forAllShrink$2(Prop.scala:868)
[info]   at org.scalacheck.Prop$.secure(Prop.scala:484)
[info]   at org.scalacheck.Prop$.result$1(Prop.scala:868)
[info]   at org.scalacheck.Prop$.$anonfun$forAllShrink$1(Prop.scala:915)
[info]   at org.scalacheck.Prop$.$anonfun$apply$1(Prop.scala:305)
[info]   at org.scalacheck.PropFromFun.apply(Prop.scala:20)
[info]   at org.scalacheck.Prop$.result$1(Prop.scala:869)
[info]   at org.scalacheck.Prop$.$anonfun$forAllShrink$1(Prop.scala:915)
[info]   at org.scalacheck.Prop$.$anonfun$apply$1(Prop.scala:305)
[info]   at org.scalacheck.PropFromFun.apply(Prop.scala:20)
[info]   at org.scalacheck.Test$.workerFun$1(Test.scala:486)
[info]   at org.scalacheck.Test$.$anonfun$check$4(Test.scala:518)
[info]   at org.scalacheck.Test$.$anonfun$check$4$adapted(Test.scala:518)
[info]   at org.scalacheck.Platform$.runWorkers(Platform.scala:42)
[info]   at org.scalacheck.Test$.check(Test.scala:518)
[info]   at org.scalatestplus.scalacheck.UnitCheckerAsserting$CheckerAssertingImpl.check(CheckerAsserting.scala:90)
[info]   at org.scalatestplus.scalacheck.Checkers.check(Checkers.scala:371)
[info]   at org.scalatestplus.scalacheck.Checkers.check$(Checkers.scala:369)
[info]   at frameless.TypedDatasetSuite.check(TypedDatasetSuite.scala:63)
[info]   at frameless.JoinTests.$anonfun$new$58(JoinTests.scala:105)
[info]   at org.scalatest.OutcomeOf.outcomeOf(OutcomeOf.scala:85)
[info]   at org.scalatest.OutcomeOf.outcomeOf$(OutcomeOf.scala:83)
[info]   at org.scalatest.OutcomeOf$.outcomeOf(OutcomeOf.scala:104)
[info]   at org.scalatest.Transformer.apply(Transformer.scala:22)
[info]   at org.scalatest.Transformer.apply(Transformer.scala:20)
[info]   at org.scalatest.funsuite.AnyFunSuiteLike$$anon$1.apply(AnyFunSuiteLike.scala:226)
[info]   at org.scalatest.TestSuite.withFixture(TestSuite.scala:196)
[info]   at org.scalatest.TestSuite.withFixture$(TestSuite.scala:195)
[info]   at org.scalatest.funsuite.AnyFunSuite.withFixture(AnyFunSuite.scala:1564)
[info]   at org.scalatest.funsuite.AnyFunSuiteLike.invokeWithFixture$1(AnyFunSuiteLike.scala:224)
[info]   at org.scalatest.funsuite.AnyFunSuiteLike.$anonfun$runTest$1(AnyFunSuiteLike.scala:236)
[info]   at org.scalatest.SuperEngine.runTestImpl(Engine.scala:306)
[info]   at org.scalatest.funsuite.AnyFunSuiteLike.runTest(AnyFunSuiteLike.scala:236)
[info]   at org.scalatest.funsuite.AnyFunSuiteLike.runTest$(AnyFunSuiteLike.scala:218)
[info]   at org.scalatest.funsuite.AnyFunSuite.runTest(AnyFunSuite.scala:1564)
[info]   at org.scalatest.funsuite.AnyFunSuiteLike.$anonfun$runTests$1(AnyFunSuiteLike.scala:269)
[info]   at org.scalatest.SuperEngine.$anonfun$runTestsInBranch$1(Engine.scala:413)
[info]   at scala.collection.immutable.List.foreach(List.scala:334)
[info]   at org.scalatest.SuperEngine.traverseSubNodes$1(Engine.scala:401)
[info]   at org.scalatest.SuperEngine.runTestsInBranch(Engine.scala:396)
[info]   at org.scalatest.SuperEngine.runTestsImpl(Engine.scala:475)
[info]   at org.scalatest.funsuite.AnyFunSuiteLike.runTests(AnyFunSuiteLike.scala:269)
[info]   at org.scalatest.funsuite.AnyFunSuiteLike.runTests$(AnyFunSuiteLike.scala:268)
[info]   at org.scalatest.funsuite.AnyFunSuite.runTests(AnyFunSuite.scala:1564)
[info]   at org.scalatest.Suite.run(Suite.scala:1114)
[info]   at org.scalatest.Suite.run$(Suite.scala:1096)
[info]   at org.scalatest.funsuite.AnyFunSuite.org$scalatest$funsuite$AnyFunSuiteLike$$super$run(AnyFunSuite.scala:1564)
[info]   at org.scalatest.funsuite.AnyFunSuiteLike.$anonfun$run$1(AnyFunSuiteLike.scala:273)
[info]   at org.scalatest.SuperEngine.runImpl(Engine.scala:535)
[info]   at org.scalatest.funsuite.AnyFunSuiteLike.run(AnyFunSuiteLike.scala:273)
[info]   at org.scalatest.funsuite.AnyFunSuiteLike.run$(AnyFunSuiteLike.scala:272)
[info]   at frameless.TypedDatasetSuite.org$scalatest$BeforeAndAfterAll$$super$run(TypedDatasetSuite.scala:63)
[info]   at org.scalatest.BeforeAndAfterAll.liftedTree1$1(BeforeAndAfterAll.scala:213)
[info]   at org.scalatest.BeforeAndAfterAll.run(BeforeAndAfterAll.scala:210)
[info]   at org.scalatest.BeforeAndAfterAll.run$(BeforeAndAfterAll.scala:208)
[info]   at frameless.TypedDatasetSuite.run(TypedDatasetSuite.scala:63)
[info]   at org.scalatest.tools.Framework.org$scalatest$tools$Framework$$runSuite(Framework.scala:321)
[info]   at org.scalatest.tools.Framework$ScalaTestTask.execute(Framework.scala:517)
[info]   at sbt.ForkMain$Run.lambda$runTest$1(ForkMain.java:414)
[info]   at java.base/java.util.concurrent.FutureTask.run(FutureTask.java:317)
[info]   at java.base/java.util.concurrent.ThreadPoolExecutor.runWorker(ThreadPoolExecutor.java:1144)
[info]   at java.base/java.util.concurrent.ThreadPoolExecutor$Worker.run(ThreadPoolExecutor.java:642)
[info]   at java.base/java.lang.Thread.run(Thread.java:1583)
[info] - ab.joinLeft(ac)(ab.a == ac.a) *** FAILED *** (7 milliseconds)
[info]   IllegalArgumentException was thrown during property evaluation.
[info]     Message: argument type mismatch
[info]     Occurred when passed generated values (
[info]       arg0 = List(),
[info]       arg1 = List()
[info]     )
[info]   org.scalatest.exceptions.GeneratorDrivenPropertyCheckFailedException:
[info]   at org.scalatestplus.scalacheck.CheckerAsserting$$anon$2.indicateFailure(CheckerAsserting.scala:251)
[info]   at org.scalatestplus.scalacheck.CheckerAsserting$$anon$2.indicateFailure(CheckerAsserting.scala:238)
[info]   at org.scalatestplus.scalacheck.UnitCheckerAsserting$CheckerAssertingImpl.check(CheckerAsserting.scala:160)
[info]   at org.scalatestplus.scalacheck.Checkers.check(Checkers.scala:371)
[info]   at org.scalatestplus.scalacheck.Checkers.check$(Checkers.scala:369)
[info]   at frameless.TypedDatasetSuite.check(TypedDatasetSuite.scala:63)
[info]   at frameless.JoinTests.$anonfun$new$86(JoinTests.scala:140)
[info]   at org.scalatest.OutcomeOf.outcomeOf(OutcomeOf.scala:85)
[info]   at org.scalatest.OutcomeOf.outcomeOf$(OutcomeOf.scala:83)
[info]   at org.scalatest.OutcomeOf$.outcomeOf(OutcomeOf.scala:104)
[info]   at org.scalatest.Transformer.apply(Transformer.scala:22)
[info]   at org.scalatest.Transformer.apply(Transformer.scala:20)
[info]   at org.scalatest.funsuite.AnyFunSuiteLike$$anon$1.apply(AnyFunSuiteLike.scala:226)
[info]   at org.scalatest.TestSuite.withFixture(TestSuite.scala:196)
[info]   at org.scalatest.TestSuite.withFixture$(TestSuite.scala:195)
[info]   at org.scalatest.funsuite.AnyFunSuite.withFixture(AnyFunSuite.scala:1564)
[info]   at org.scalatest.funsuite.AnyFunSuiteLike.invokeWithFixture$1(AnyFunSuiteLike.scala:224)
[info]   at org.scalatest.funsuite.AnyFunSuiteLike.$anonfun$runTest$1(AnyFunSuiteLike.scala:236)
[info]   at org.scalatest.SuperEngine.runTestImpl(Engine.scala:306)
[info]   at org.scalatest.funsuite.AnyFunSuiteLike.runTest(AnyFunSuiteLike.scala:236)
[info]   at org.scalatest.funsuite.AnyFunSuiteLike.runTest$(AnyFunSuiteLike.scala:218)
[info]   at org.scalatest.funsuite.AnyFunSuite.runTest(AnyFunSuite.scala:1564)
[info]   at org.scalatest.funsuite.AnyFunSuiteLike.$anonfun$runTests$1(AnyFunSuiteLike.scala:269)
[info]   at org.scalatest.SuperEngine.$anonfun$runTestsInBranch$1(Engine.scala:413)
[info]   at scala.collection.immutable.List.foreach(List.scala:334)
[info]   at org.scalatest.SuperEngine.traverseSubNodes$1(Engine.scala:401)
[info]   at org.scalatest.SuperEngine.runTestsInBranch(Engine.scala:396)
[info]   at org.scalatest.SuperEngine.runTestsImpl(Engine.scala:475)
[info]   at org.scalatest.funsuite.AnyFunSuiteLike.runTests(AnyFunSuiteLike.scala:269)
[info]   at org.scalatest.funsuite.AnyFunSuiteLike.runTests$(AnyFunSuiteLike.scala:268)
[info]   at org.scalatest.funsuite.AnyFunSuite.runTests(AnyFunSuite.scala:1564)
[info]   at org.scalatest.Suite.run(Suite.scala:1114)
[info]   at org.scalatest.Suite.run$(Suite.scala:1096)
[info]   at org.scalatest.funsuite.AnyFunSuite.org$scalatest$funsuite$AnyFunSuiteLike$$super$run(AnyFunSuite.scala:1564)
[info]   at org.scalatest.funsuite.AnyFunSuiteLike.$anonfun$run$1(AnyFunSuiteLike.scala:273)
[info]   at org.scalatest.SuperEngine.runImpl(Engine.scala:535)
[info]   at org.scalatest.funsuite.AnyFunSuiteLike.run(AnyFunSuiteLike.scala:273)
[info]   at org.scalatest.funsuite.AnyFunSuiteLike.run$(AnyFunSuiteLike.scala:272)
[info]   at frameless.TypedDatasetSuite.org$scalatest$BeforeAndAfterAll$$super$run(TypedDatasetSuite.scala:63)
[info]   at org.scalatest.BeforeAndAfterAll.liftedTree1$1(BeforeAndAfterAll.scala:213)
[info]   at org.scalatest.BeforeAndAfterAll.run(BeforeAndAfterAll.scala:210)
[info]   at org.scalatest.BeforeAndAfterAll.run$(BeforeAndAfterAll.scala:208)
[info]   at frameless.TypedDatasetSuite.run(TypedDatasetSuite.scala:63)
[info]   at org.scalatest.tools.Framework.org$scalatest$tools$Framework$$runSuite(Framework.scala:321)
[info]   at org.scalatest.tools.Framework$ScalaTestTask.execute(Framework.scala:517)
[info]   at sbt.ForkMain$Run.lambda$runTest$1(ForkMain.java:414)
[info]   at java.base/java.util.concurrent.FutureTask.run(FutureTask.java:317)
[info]   at java.base/java.util.concurrent.ThreadPoolExecutor.runWorker(ThreadPoolExecutor.java:1144)
[info]   at java.base/java.util.concurrent.ThreadPoolExecutor$Worker.run(ThreadPoolExecutor.java:642)
[info]   at java.base/java.lang.Thread.run(Thread.java:1583)
[info]   Cause: java.lang.IllegalArgumentException: argument type mismatch
[info]   at java.base/jdk.internal.reflect.DirectConstructorHandleAccessor.newInstance(DirectConstructorHandleAccessor.java:65)
[info]   at java.base/java.lang.reflect.Constructor.newInstanceWithCaller(Constructor.java:502)
[info]   at java.base/java.lang.reflect.Constructor.newInstance(Constructor.java:486)
[info]   at frameless.TypedExpressionEncoder$.$anonfun$apply$3(TypedExpressionEncoder.scala:55)
[info]   at scala.Option.map(Option.scala:242)
[info]   at frameless.TypedExpressionEncoder$.apply(TypedExpressionEncoder.scala:54)
[info]   at frameless.TypedDataset$.create(TypedDataset.scala:1325)
[info]   at frameless.JoinTests.prop$4(JoinTests.scala:114)
[info]   at frameless.JoinTests.$anonfun$new$118(JoinTests.scala:140)
[info]   at org.scalacheck.Prop$.$anonfun$forAll$18(Prop.scala:1131)
[info]   at scala.Function1.$anonfun$andThen$1(Function1.scala:87)
[info]   at org.scalacheck.Prop$.$anonfun$forAllShrink$2(Prop.scala:868)
[info]   at org.scalacheck.Prop$.secure(Prop.scala:484)
[info]   at org.scalacheck.Prop$.result$1(Prop.scala:868)
[info]   at org.scalacheck.Prop$.$anonfun$forAllShrink$1(Prop.scala:915)
[info]   at org.scalacheck.Prop$.$anonfun$apply$1(Prop.scala:305)
[info]   at org.scalacheck.PropFromFun.apply(Prop.scala:20)
[info]   at org.scalacheck.Prop$.result$1(Prop.scala:869)
[info]   at org.scalacheck.Prop$.$anonfun$forAllShrink$1(Prop.scala:915)
[info]   at org.scalacheck.Prop$.$anonfun$apply$1(Prop.scala:305)
[info]   at org.scalacheck.PropFromFun.apply(Prop.scala:20)
[info]   at org.scalacheck.Test$.workerFun$1(Test.scala:486)
[info]   at org.scalacheck.Test$.$anonfun$check$4(Test.scala:518)
[info]   at org.scalacheck.Test$.$anonfun$check$4$adapted(Test.scala:518)
[info]   at org.scalacheck.Platform$.runWorkers(Platform.scala:42)
[info]   at org.scalacheck.Test$.check(Test.scala:518)
[info]   at org.scalatestplus.scalacheck.UnitCheckerAsserting$CheckerAssertingImpl.check(CheckerAsserting.scala:90)
[info]   at org.scalatestplus.scalacheck.Checkers.check(Checkers.scala:371)
[info]   at org.scalatestplus.scalacheck.Checkers.check$(Checkers.scala:369)
[info]   at frameless.TypedDatasetSuite.check(TypedDatasetSuite.scala:63)
[info]   at frameless.JoinTests.$anonfun$new$86(JoinTests.scala:140)
[info]   at org.scalatest.OutcomeOf.outcomeOf(OutcomeOf.scala:85)
[info]   at org.scalatest.OutcomeOf.outcomeOf$(OutcomeOf.scala:83)
[info]   at org.scalatest.OutcomeOf$.outcomeOf(OutcomeOf.scala:104)
[info]   at org.scalatest.Transformer.apply(Transformer.scala:22)
[info]   at org.scalatest.Transformer.apply(Transformer.scala:20)
[info]   at org.scalatest.funsuite.AnyFunSuiteLike$$anon$1.apply(AnyFunSuiteLike.scala:226)
[info]   at org.scalatest.TestSuite.withFixture(TestSuite.scala:196)
[info]   at org.scalatest.TestSuite.withFixture$(TestSuite.scala:195)
[info]   at org.scalatest.funsuite.AnyFunSuite.withFixture(AnyFunSuite.scala:1564)
[info]   at org.scalatest.funsuite.AnyFunSuiteLike.invokeWithFixture$1(AnyFunSuiteLike.scala:224)
[info]   at org.scalatest.funsuite.AnyFunSuiteLike.$anonfun$runTest$1(AnyFunSuiteLike.scala:236)
[info]   at org.scalatest.SuperEngine.runTestImpl(Engine.scala:306)
[info]   at org.scalatest.funsuite.AnyFunSuiteLike.runTest(AnyFunSuiteLike.scala:236)
[info]   at org.scalatest.funsuite.AnyFunSuiteLike.runTest$(AnyFunSuiteLike.scala:218)
[info]   at org.scalatest.funsuite.AnyFunSuite.runTest(AnyFunSuite.scala:1564)
[info]   at org.scalatest.funsuite.AnyFunSuiteLike.$anonfun$runTests$1(AnyFunSuiteLike.scala:269)
[info]   at org.scalatest.SuperEngine.$anonfun$runTestsInBranch$1(Engine.scala:413)
[info]   at scala.collection.immutable.List.foreach(List.scala:334)
[info]   at org.scalatest.SuperEngine.traverseSubNodes$1(Engine.scala:401)
[info]   at org.scalatest.SuperEngine.runTestsInBranch(Engine.scala:396)
[info]   at org.scalatest.SuperEngine.runTestsImpl(Engine.scala:475)
[info]   at org.scalatest.funsuite.AnyFunSuiteLike.runTests(AnyFunSuiteLike.scala:269)
[info]   at org.scalatest.funsuite.AnyFunSuiteLike.runTests$(AnyFunSuiteLike.scala:268)
[info]   at org.scalatest.funsuite.AnyFunSuite.runTests(AnyFunSuite.scala:1564)
[info]   at org.scalatest.Suite.run(Suite.scala:1114)
[info]   at org.scalatest.Suite.run$(Suite.scala:1096)
[info]   at org.scalatest.funsuite.AnyFunSuite.org$scalatest$funsuite$AnyFunSuiteLike$$super$run(AnyFunSuite.scala:1564)
[info]   at org.scalatest.funsuite.AnyFunSuiteLike.$anonfun$run$1(AnyFunSuiteLike.scala:273)
[info]   at org.scalatest.SuperEngine.runImpl(Engine.scala:535)
[info]   at org.scalatest.funsuite.AnyFunSuiteLike.run(AnyFunSuiteLike.scala:273)
[info]   at org.scalatest.funsuite.AnyFunSuiteLike.run$(AnyFunSuiteLike.scala:272)
[info]   at frameless.TypedDatasetSuite.org$scalatest$BeforeAndAfterAll$$super$run(TypedDatasetSuite.scala:63)
[info]   at org.scalatest.BeforeAndAfterAll.liftedTree1$1(BeforeAndAfterAll.scala:213)
[info]   at org.scalatest.BeforeAndAfterAll.run(BeforeAndAfterAll.scala:210)
[info]   at org.scalatest.BeforeAndAfterAll.run$(BeforeAndAfterAll.scala:208)
[info]   at frameless.TypedDatasetSuite.run(TypedDatasetSuite.scala:63)
[info]   at org.scalatest.tools.Framework.org$scalatest$tools$Framework$$runSuite(Framework.scala:321)
[info]   at org.scalatest.tools.Framework$ScalaTestTask.execute(Framework.scala:517)
[info]   at sbt.ForkMain$Run.lambda$runTest$1(ForkMain.java:414)
[info]   at java.base/java.util.concurrent.FutureTask.run(FutureTask.java:317)
[info]   at java.base/java.util.concurrent.ThreadPoolExecutor.runWorker(ThreadPoolExecutor.java:1144)
[info]   at java.base/java.util.concurrent.ThreadPoolExecutor$Worker.run(ThreadPoolExecutor.java:642)
[info]   at java.base/java.lang.Thread.run(Thread.java:1583)
[info]   Cause: java.lang.ClassCastException: Cannot cast scala.reflect.ClassTag$GenericClassTag to org.apache.spark.sql.catalyst.expressions.Expression
[info]   at java.base/java.lang.Class.cast(Class.java:4067)
[info]   at java.base/jdk.internal.reflect.DirectConstructorHandleAccessor.newInstance(DirectConstructorHandleAccessor.java:62)
[info]   at java.base/java.lang.reflect.Constructor.newInstanceWithCaller(Constructor.java:502)
[info]   at java.base/java.lang.reflect.Constructor.newInstance(Constructor.java:486)
[info]   at frameless.TypedExpressionEncoder$.$anonfun$apply$3(TypedExpressionEncoder.scala:55)
[info]   at scala.Option.map(Option.scala:242)
[info]   at frameless.TypedExpressionEncoder$.apply(TypedExpressionEncoder.scala:54)
[info]   at frameless.TypedDataset$.create(TypedDataset.scala:1325)
[info]   at frameless.JoinTests.prop$4(JoinTests.scala:114)
[info]   at frameless.JoinTests.$anonfun$new$118(JoinTests.scala:140)
[info]   at org.scalacheck.Prop$.$anonfun$forAll$18(Prop.scala:1131)
[info]   at scala.Function1.$anonfun$andThen$1(Function1.scala:87)
[info]   at org.scalacheck.Prop$.$anonfun$forAllShrink$2(Prop.scala:868)
[info]   at org.scalacheck.Prop$.secure(Prop.scala:484)
[info]   at org.scalacheck.Prop$.result$1(Prop.scala:868)
[info]   at org.scalacheck.Prop$.$anonfun$forAllShrink$1(Prop.scala:915)
[info]   at org.scalacheck.Prop$.$anonfun$apply$1(Prop.scala:305)
[info]   at org.scalacheck.PropFromFun.apply(Prop.scala:20)
[info]   at org.scalacheck.Prop$.result$1(Prop.scala:869)
[info]   at org.scalacheck.Prop$.$anonfun$forAllShrink$1(Prop.scala:915)
[info]   at org.scalacheck.Prop$.$anonfun$apply$1(Prop.scala:305)
[info]   at org.scalacheck.PropFromFun.apply(Prop.scala:20)
[info]   at org.scalacheck.Test$.workerFun$1(Test.scala:486)
[info]   at org.scalacheck.Test$.$anonfun$check$4(Test.scala:518)
[info]   at org.scalacheck.Test$.$anonfun$check$4$adapted(Test.scala:518)
[info]   at org.scalacheck.Platform$.runWorkers(Platform.scala:42)
[info]   at org.scalacheck.Test$.check(Test.scala:518)
[info]   at org.scalatestplus.scalacheck.UnitCheckerAsserting$CheckerAssertingImpl.check(CheckerAsserting.scala:90)
[info]   at org.scalatestplus.scalacheck.Checkers.check(Checkers.scala:371)
[info]   at org.scalatestplus.scalacheck.Checkers.check$(Checkers.scala:369)
[info]   at frameless.TypedDatasetSuite.check(TypedDatasetSuite.scala:63)
[info]   at frameless.JoinTests.$anonfun$new$86(JoinTests.scala:140)
[info]   at org.scalatest.OutcomeOf.outcomeOf(OutcomeOf.scala:85)
[info]   at org.scalatest.OutcomeOf.outcomeOf$(OutcomeOf.scala:83)
[info]   at org.scalatest.OutcomeOf$.outcomeOf(OutcomeOf.scala:104)
[info]   at org.scalatest.Transformer.apply(Transformer.scala:22)
[info]   at org.scalatest.Transformer.apply(Transformer.scala:20)
[info]   at org.scalatest.funsuite.AnyFunSuiteLike$$anon$1.apply(AnyFunSuiteLike.scala:226)
[info]   at org.scalatest.TestSuite.withFixture(TestSuite.scala:196)
[info]   at org.scalatest.TestSuite.withFixture$(TestSuite.scala:195)
[info]   at org.scalatest.funsuite.AnyFunSuite.withFixture(AnyFunSuite.scala:1564)
[info]   at org.scalatest.funsuite.AnyFunSuiteLike.invokeWithFixture$1(AnyFunSuiteLike.scala:224)
[info]   at org.scalatest.funsuite.AnyFunSuiteLike.$anonfun$runTest$1(AnyFunSuiteLike.scala:236)
[info]   at org.scalatest.SuperEngine.runTestImpl(Engine.scala:306)
[info]   at org.scalatest.funsuite.AnyFunSuiteLike.runTest(AnyFunSuiteLike.scala:236)
[info]   at org.scalatest.funsuite.AnyFunSuiteLike.runTest$(AnyFunSuiteLike.scala:218)
[info]   at org.scalatest.funsuite.AnyFunSuite.runTest(AnyFunSuite.scala:1564)
[info]   at org.scalatest.funsuite.AnyFunSuiteLike.$anonfun$runTests$1(AnyFunSuiteLike.scala:269)
[info]   at org.scalatest.SuperEngine.$anonfun$runTestsInBranch$1(Engine.scala:413)
[info]   at scala.collection.immutable.List.foreach(List.scala:334)
[info]   at org.scalatest.SuperEngine.traverseSubNodes$1(Engine.scala:401)
[info]   at org.scalatest.SuperEngine.runTestsInBranch(Engine.scala:396)
[info]   at org.scalatest.SuperEngine.runTestsImpl(Engine.scala:475)
[info]   at org.scalatest.funsuite.AnyFunSuiteLike.runTests(AnyFunSuiteLike.scala:269)
[info]   at org.scalatest.funsuite.AnyFunSuiteLike.runTests$(AnyFunSuiteLike.scala:268)
[info]   at org.scalatest.funsuite.AnyFunSuite.runTests(AnyFunSuite.scala:1564)
[info]   at org.scalatest.Suite.run(Suite.scala:1114)
[info]   at org.scalatest.Suite.run$(Suite.scala:1096)
[info]   at org.scalatest.funsuite.AnyFunSuite.org$scalatest$funsuite$AnyFunSuiteLike$$super$run(AnyFunSuite.scala:1564)
[info]   at org.scalatest.funsuite.AnyFunSuiteLike.$anonfun$run$1(AnyFunSuiteLike.scala:273)
[info]   at org.scalatest.SuperEngine.runImpl(Engine.scala:535)
[info]   at org.scalatest.funsuite.AnyFunSuiteLike.run(AnyFunSuiteLike.scala:273)
[info]   at org.scalatest.funsuite.AnyFunSuiteLike.run$(AnyFunSuiteLike.scala:272)
[info]   at frameless.TypedDatasetSuite.org$scalatest$BeforeAndAfterAll$$super$run(TypedDatasetSuite.scala:63)
[info]   at org.scalatest.BeforeAndAfterAll.liftedTree1$1(BeforeAndAfterAll.scala:213)
[info]   at org.scalatest.BeforeAndAfterAll.run(BeforeAndAfterAll.scala:210)
[info]   at org.scalatest.BeforeAndAfterAll.run$(BeforeAndAfterAll.scala:208)
[info]   at frameless.TypedDatasetSuite.run(TypedDatasetSuite.scala:63)
[info]   at org.scalatest.tools.Framework.org$scalatest$tools$Framework$$runSuite(Framework.scala:321)
[info]   at org.scalatest.tools.Framework$ScalaTestTask.execute(Framework.scala:517)
[info]   at sbt.ForkMain$Run.lambda$runTest$1(ForkMain.java:414)
[info]   at java.base/java.util.concurrent.FutureTask.run(FutureTask.java:317)
[info]   at java.base/java.util.concurrent.ThreadPoolExecutor.runWorker(ThreadPoolExecutor.java:1144)
[info]   at java.base/java.util.concurrent.ThreadPoolExecutor$Worker.run(ThreadPoolExecutor.java:642)
[info]   at java.base/java.lang.Thread.run(Thread.java:1583)
[info] - ab.joinLeftAnti(ac)(ab.a == ac.a) *** FAILED *** (4 milliseconds)
[info]   IllegalArgumentException was thrown during property evaluation.
[info]     Message: argument type mismatch
[info]     Occurred when passed generated values (
[info]       arg0 = List(),
[info]       arg1 = List()
[info]     )
[info]   org.scalatest.exceptions.GeneratorDrivenPropertyCheckFailedException:
[info]   at org.scalatestplus.scalacheck.CheckerAsserting$$anon$2.indicateFailure(CheckerAsserting.scala:251)
[info]   at org.scalatestplus.scalacheck.CheckerAsserting$$anon$2.indicateFailure(CheckerAsserting.scala:238)
[info]   at org.scalatestplus.scalacheck.UnitCheckerAsserting$CheckerAssertingImpl.check(CheckerAsserting.scala:160)
[info]   at org.scalatestplus.scalacheck.Checkers.check(Checkers.scala:371)
[info]   at org.scalatestplus.scalacheck.Checkers.check$(Checkers.scala:369)
[info]   at frameless.TypedDatasetSuite.check(TypedDatasetSuite.scala:63)
[info]   at frameless.JoinTests.$anonfun$new$121(JoinTests.scala:168)
[info]   at org.scalatest.OutcomeOf.outcomeOf(OutcomeOf.scala:85)
[info]   at org.scalatest.OutcomeOf.outcomeOf$(OutcomeOf.scala:83)
[info]   at org.scalatest.OutcomeOf$.outcomeOf(OutcomeOf.scala:104)
[info]   at org.scalatest.Transformer.apply(Transformer.scala:22)
[info]   at org.scalatest.Transformer.apply(Transformer.scala:20)
[info]   at org.scalatest.funsuite.AnyFunSuiteLike$$anon$1.apply(AnyFunSuiteLike.scala:226)
[info]   at org.scalatest.TestSuite.withFixture(TestSuite.scala:196)
[info]   at org.scalatest.TestSuite.withFixture$(TestSuite.scala:195)
[info]   at org.scalatest.funsuite.AnyFunSuite.withFixture(AnyFunSuite.scala:1564)
[info]   at org.scalatest.funsuite.AnyFunSuiteLike.invokeWithFixture$1(AnyFunSuiteLike.scala:224)
[info]   at org.scalatest.funsuite.AnyFunSuiteLike.$anonfun$runTest$1(AnyFunSuiteLike.scala:236)
[info]   at org.scalatest.SuperEngine.runTestImpl(Engine.scala:306)
[info]   at org.scalatest.funsuite.AnyFunSuiteLike.runTest(AnyFunSuiteLike.scala:236)
[info]   at org.scalatest.funsuite.AnyFunSuiteLike.runTest$(AnyFunSuiteLike.scala:218)
[info]   at org.scalatest.funsuite.AnyFunSuite.runTest(AnyFunSuite.scala:1564)
[info]   at org.scalatest.funsuite.AnyFunSuiteLike.$anonfun$runTests$1(AnyFunSuiteLike.scala:269)
[info]   at org.scalatest.SuperEngine.$anonfun$runTestsInBranch$1(Engine.scala:413)
[info]   at scala.collection.immutable.List.foreach(List.scala:334)
[info]   at org.scalatest.SuperEngine.traverseSubNodes$1(Engine.scala:401)
[info]   at org.scalatest.SuperEngine.runTestsInBranch(Engine.scala:396)
[info]   at org.scalatest.SuperEngine.runTestsImpl(Engine.scala:475)
[info]   at org.scalatest.funsuite.AnyFunSuiteLike.runTests(AnyFunSuiteLike.scala:269)
[info]   at org.scalatest.funsuite.AnyFunSuiteLike.runTests$(AnyFunSuiteLike.scala:268)
[info]   at org.scalatest.funsuite.AnyFunSuite.runTests(AnyFunSuite.scala:1564)
[info]   at org.scalatest.Suite.run(Suite.scala:1114)
[info]   at org.scalatest.Suite.run$(Suite.scala:1096)
[info]   at org.scalatest.funsuite.AnyFunSuite.org$scalatest$funsuite$AnyFunSuiteLike$$super$run(AnyFunSuite.scala:1564)
[info]   at org.scalatest.funsuite.AnyFunSuiteLike.$anonfun$run$1(AnyFunSuiteLike.scala:273)
[info]   at org.scalatest.SuperEngine.runImpl(Engine.scala:535)
[info]   at org.scalatest.funsuite.AnyFunSuiteLike.run(AnyFunSuiteLike.scala:273)
[info]   at org.scalatest.funsuite.AnyFunSuiteLike.run$(AnyFunSuiteLike.scala:272)
[info]   at frameless.TypedDatasetSuite.org$scalatest$BeforeAndAfterAll$$super$run(TypedDatasetSuite.scala:63)
[info]   at org.scalatest.BeforeAndAfterAll.liftedTree1$1(BeforeAndAfterAll.scala:213)
[info]   at org.scalatest.BeforeAndAfterAll.run(BeforeAndAfterAll.scala:210)
[info]   at org.scalatest.BeforeAndAfterAll.run$(BeforeAndAfterAll.scala:208)
[info]   at frameless.TypedDatasetSuite.run(TypedDatasetSuite.scala:63)
[info]   at org.scalatest.tools.Framework.org$scalatest$tools$Framework$$runSuite(Framework.scala:321)
[info]   at org.scalatest.tools.Framework$ScalaTestTask.execute(Framework.scala:517)
[info]   at sbt.ForkMain$Run.lambda$runTest$1(ForkMain.java:414)
[info]   at java.base/java.util.concurrent.FutureTask.run(FutureTask.java:317)
[info]   at java.base/java.util.concurrent.ThreadPoolExecutor.runWorker(ThreadPoolExecutor.java:1144)
[info]   at java.base/java.util.concurrent.ThreadPoolExecutor$Worker.run(ThreadPoolExecutor.java:642)
[info]   at java.base/java.lang.Thread.run(Thread.java:1583)
[info]   Cause: java.lang.IllegalArgumentException: argument type mismatch
[info]   at java.base/jdk.internal.reflect.DirectConstructorHandleAccessor.newInstance(DirectConstructorHandleAccessor.java:65)
[info]   at java.base/java.lang.reflect.Constructor.newInstanceWithCaller(Constructor.java:502)
[info]   at java.base/java.lang.reflect.Constructor.newInstance(Constructor.java:486)
[info]   at frameless.TypedExpressionEncoder$.$anonfun$apply$3(TypedExpressionEncoder.scala:55)
[info]   at scala.Option.map(Option.scala:242)
[info]   at frameless.TypedExpressionEncoder$.apply(TypedExpressionEncoder.scala:54)
[info]   at frameless.TypedDataset$.create(TypedDataset.scala:1325)
[info]   at frameless.JoinTests.prop$5(JoinTests.scala:149)
[info]   at frameless.JoinTests.$anonfun$new$142(JoinTests.scala:168)
[info]   at org.scalacheck.Prop$.$anonfun$forAll$18(Prop.scala:1131)
[info]   at scala.Function1.$anonfun$andThen$1(Function1.scala:87)
[info]   at org.scalacheck.Prop$.$anonfun$forAllShrink$2(Prop.scala:868)
[info]   at org.scalacheck.Prop$.secure(Prop.scala:484)
[info]   at org.scalacheck.Prop$.result$1(Prop.scala:868)
[info]   at org.scalacheck.Prop$.$anonfun$forAllShrink$1(Prop.scala:915)
[info]   at org.scalacheck.Prop$.$anonfun$apply$1(Prop.scala:305)
[info]   at org.scalacheck.PropFromFun.apply(Prop.scala:20)
[info]   at org.scalacheck.Prop$.result$1(Prop.scala:869)
[info]   at org.scalacheck.Prop$.$anonfun$forAllShrink$1(Prop.scala:915)
[info]   at org.scalacheck.Prop$.$anonfun$apply$1(Prop.scala:305)
[info]   at org.scalacheck.PropFromFun.apply(Prop.scala:20)
[info]   at org.scalacheck.Test$.workerFun$1(Test.scala:486)
[info]   at org.scalacheck.Test$.$anonfun$check$4(Test.scala:518)
[info]   at org.scalacheck.Test$.$anonfun$check$4$adapted(Test.scala:518)
[info]   at org.scalacheck.Platform$.runWorkers(Platform.scala:42)
[info]   at org.scalacheck.Test$.check(Test.scala:518)
[info]   at org.scalatestplus.scalacheck.UnitCheckerAsserting$CheckerAssertingImpl.check(CheckerAsserting.scala:90)
[info]   at org.scalatestplus.scalacheck.Checkers.check(Checkers.scala:371)
[info]   at org.scalatestplus.scalacheck.Checkers.check$(Checkers.scala:369)
[info]   at frameless.TypedDatasetSuite.check(TypedDatasetSuite.scala:63)
[info]   at frameless.JoinTests.$anonfun$new$121(JoinTests.scala:168)
[info]   at org.scalatest.OutcomeOf.outcomeOf(OutcomeOf.scala:85)
[info]   at org.scalatest.OutcomeOf.outcomeOf$(OutcomeOf.scala:83)
[info]   at org.scalatest.OutcomeOf$.outcomeOf(OutcomeOf.scala:104)
[info]   at org.scalatest.Transformer.apply(Transformer.scala:22)
[info]   at org.scalatest.Transformer.apply(Transformer.scala:20)
[info]   at org.scalatest.funsuite.AnyFunSuiteLike$$anon$1.apply(AnyFunSuiteLike.scala:226)
[info]   at org.scalatest.TestSuite.withFixture(TestSuite.scala:196)
[info]   at org.scalatest.TestSuite.withFixture$(TestSuite.scala:195)
[info]   at org.scalatest.funsuite.AnyFunSuite.withFixture(AnyFunSuite.scala:1564)
[info]   at org.scalatest.funsuite.AnyFunSuiteLike.invokeWithFixture$1(AnyFunSuiteLike.scala:224)
[info]   at org.scalatest.funsuite.AnyFunSuiteLike.$anonfun$runTest$1(AnyFunSuiteLike.scala:236)
[info]   at org.scalatest.SuperEngine.runTestImpl(Engine.scala:306)
[info]   at org.scalatest.funsuite.AnyFunSuiteLike.runTest(AnyFunSuiteLike.scala:236)
[info]   at org.scalatest.funsuite.AnyFunSuiteLike.runTest$(AnyFunSuiteLike.scala:218)
[info]   at org.scalatest.funsuite.AnyFunSuite.runTest(AnyFunSuite.scala:1564)
[info]   at org.scalatest.funsuite.AnyFunSuiteLike.$anonfun$runTests$1(AnyFunSuiteLike.scala:269)
[info]   at org.scalatest.SuperEngine.$anonfun$runTestsInBranch$1(Engine.scala:413)
[info]   at scala.collection.immutable.List.foreach(List.scala:334)
[info]   at org.scalatest.SuperEngine.traverseSubNodes$1(Engine.scala:401)
[info]   at org.scalatest.SuperEngine.runTestsInBranch(Engine.scala:396)
[info]   at org.scalatest.SuperEngine.runTestsImpl(Engine.scala:475)
[info]   at org.scalatest.funsuite.AnyFunSuiteLike.runTests(AnyFunSuiteLike.scala:269)
[info]   at org.scalatest.funsuite.AnyFunSuiteLike.runTests$(AnyFunSuiteLike.scala:268)
[info]   at org.scalatest.funsuite.AnyFunSuite.runTests(AnyFunSuite.scala:1564)
[info]   at org.scalatest.Suite.run(Suite.scala:1114)
[info]   at org.scalatest.Suite.run$(Suite.scala:1096)
[info]   at org.scalatest.funsuite.AnyFunSuite.org$scalatest$funsuite$AnyFunSuiteLike$$super$run(AnyFunSuite.scala:1564)
[info]   at org.scalatest.funsuite.AnyFunSuiteLike.$anonfun$run$1(AnyFunSuiteLike.scala:273)
[info]   at org.scalatest.SuperEngine.runImpl(Engine.scala:535)
[info]   at org.scalatest.funsuite.AnyFunSuiteLike.run(AnyFunSuiteLike.scala:273)
[info]   at org.scalatest.funsuite.AnyFunSuiteLike.run$(AnyFunSuiteLike.scala:272)
[info]   at frameless.TypedDatasetSuite.org$scalatest$BeforeAndAfterAll$$super$run(TypedDatasetSuite.scala:63)
[info]   at org.scalatest.BeforeAndAfterAll.liftedTree1$1(BeforeAndAfterAll.scala:213)
[info]   at org.scalatest.BeforeAndAfterAll.run(BeforeAndAfterAll.scala:210)
[info]   at org.scalatest.BeforeAndAfterAll.run$(BeforeAndAfterAll.scala:208)
[info]   at frameless.TypedDatasetSuite.run(TypedDatasetSuite.scala:63)
[info]   at org.scalatest.tools.Framework.org$scalatest$tools$Framework$$runSuite(Framework.scala:321)
[info]   at org.scalatest.tools.Framework$ScalaTestTask.execute(Framework.scala:517)
[info]   at sbt.ForkMain$Run.lambda$runTest$1(ForkMain.java:414)
[info]   at java.base/java.util.concurrent.FutureTask.run(FutureTask.java:317)
[info]   at java.base/java.util.concurrent.ThreadPoolExecutor.runWorker(ThreadPoolExecutor.java:1144)
[info]   at java.base/java.util.concurrent.ThreadPoolExecutor$Worker.run(ThreadPoolExecutor.java:642)
[info]   at java.base/java.lang.Thread.run(Thread.java:1583)
[info]   Cause: java.lang.ClassCastException: Cannot cast scala.reflect.ClassTag$GenericClassTag to org.apache.spark.sql.catalyst.expressions.Expression
[info]   at java.base/java.lang.Class.cast(Class.java:4067)
[info]   at java.base/jdk.internal.reflect.DirectConstructorHandleAccessor.newInstance(DirectConstructorHandleAccessor.java:62)
[info]   at java.base/java.lang.reflect.Constructor.newInstanceWithCaller(Constructor.java:502)
[info]   at java.base/java.lang.reflect.Constructor.newInstance(Constructor.java:486)
[info]   at frameless.TypedExpressionEncoder$.$anonfun$apply$3(TypedExpressionEncoder.scala:55)
[info]   at scala.Option.map(Option.scala:242)
[info]   at frameless.TypedExpressionEncoder$.apply(TypedExpressionEncoder.scala:54)
[info]   at frameless.TypedDataset$.create(TypedDataset.scala:1325)
[info]   at frameless.JoinTests.prop$5(JoinTests.scala:149)
[info]   at frameless.JoinTests.$anonfun$new$142(JoinTests.scala:168)
[info]   at org.scalacheck.Prop$.$anonfun$forAll$18(Prop.scala:1131)
[info]   at scala.Function1.$anonfun$andThen$1(Function1.scala:87)
[info]   at org.scalacheck.Prop$.$anonfun$forAllShrink$2(Prop.scala:868)
[info]   at org.scalacheck.Prop$.secure(Prop.scala:484)
[info]   at org.scalacheck.Prop$.result$1(Prop.scala:868)
[info]   at org.scalacheck.Prop$.$anonfun$forAllShrink$1(Prop.scala:915)
[info]   at org.scalacheck.Prop$.$anonfun$apply$1(Prop.scala:305)
[info]   at org.scalacheck.PropFromFun.apply(Prop.scala:20)
[info]   at org.scalacheck.Prop$.result$1(Prop.scala:869)
[info]   at org.scalacheck.Prop$.$anonfun$forAllShrink$1(Prop.scala:915)
[info]   at org.scalacheck.Prop$.$anonfun$apply$1(Prop.scala:305)
[info]   at org.scalacheck.PropFromFun.apply(Prop.scala:20)
[info]   at org.scalacheck.Test$.workerFun$1(Test.scala:486)
[info]   at org.scalacheck.Test$.$anonfun$check$4(Test.scala:518)
[info]   at org.scalacheck.Test$.$anonfun$check$4$adapted(Test.scala:518)
[info]   at org.scalacheck.Platform$.runWorkers(Platform.scala:42)
[info]   at org.scalacheck.Test$.check(Test.scala:518)
[info]   at org.scalatestplus.scalacheck.UnitCheckerAsserting$CheckerAssertingImpl.check(CheckerAsserting.scala:90)
[info]   at org.scalatestplus.scalacheck.Checkers.check(Checkers.scala:371)
[info]   at org.scalatestplus.scalacheck.Checkers.check$(Checkers.scala:369)
[info]   at frameless.TypedDatasetSuite.check(TypedDatasetSuite.scala:63)
[info]   at frameless.JoinTests.$anonfun$new$121(JoinTests.scala:168)
[info]   at org.scalatest.OutcomeOf.outcomeOf(OutcomeOf.scala:85)
[info]   at org.scalatest.OutcomeOf.outcomeOf$(OutcomeOf.scala:83)
[info]   at org.scalatest.OutcomeOf$.outcomeOf(OutcomeOf.scala:104)
[info]   at org.scalatest.Transformer.apply(Transformer.scala:22)
[info]   at org.scalatest.Transformer.apply(Transformer.scala:20)
[info]   at org.scalatest.funsuite.AnyFunSuiteLike$$anon$1.apply(AnyFunSuiteLike.scala:226)
[info]   at org.scalatest.TestSuite.withFixture(TestSuite.scala:196)
[info]   at org.scalatest.TestSuite.withFixture$(TestSuite.scala:195)
[info]   at org.scalatest.funsuite.AnyFunSuite.withFixture(AnyFunSuite.scala:1564)
[info]   at org.scalatest.funsuite.AnyFunSuiteLike.invokeWithFixture$1(AnyFunSuiteLike.scala:224)
[info]   at org.scalatest.funsuite.AnyFunSuiteLike.$anonfun$runTest$1(AnyFunSuiteLike.scala:236)
[info]   at org.scalatest.SuperEngine.runTestImpl(Engine.scala:306)
[info]   at org.scalatest.funsuite.AnyFunSuiteLike.runTest(AnyFunSuiteLike.scala:236)
[info]   at org.scalatest.funsuite.AnyFunSuiteLike.runTest$(AnyFunSuiteLike.scala:218)
[info]   at org.scalatest.funsuite.AnyFunSuite.runTest(AnyFunSuite.scala:1564)
[info]   at org.scalatest.funsuite.AnyFunSuiteLike.$anonfun$runTests$1(AnyFunSuiteLike.scala:269)
[info]   at org.scalatest.SuperEngine.$anonfun$runTestsInBranch$1(Engine.scala:413)
[info]   at scala.collection.immutable.List.foreach(List.scala:334)
[info]   at org.scalatest.SuperEngine.traverseSubNodes$1(Engine.scala:401)
[info]   at org.scalatest.SuperEngine.runTestsInBranch(Engine.scala:396)
[info]   at org.scalatest.SuperEngine.runTestsImpl(Engine.scala:475)
[info]   at org.scalatest.funsuite.AnyFunSuiteLike.runTests(AnyFunSuiteLike.scala:269)
[info]   at org.scalatest.funsuite.AnyFunSuiteLike.runTests$(AnyFunSuiteLike.scala:268)
[info]   at org.scalatest.funsuite.AnyFunSuite.runTests(AnyFunSuite.scala:1564)
[info]   at org.scalatest.Suite.run(Suite.scala:1114)
[info]   at org.scalatest.Suite.run$(Suite.scala:1096)
[info]   at org.scalatest.funsuite.AnyFunSuite.org$scalatest$funsuite$AnyFunSuiteLike$$super$run(AnyFunSuite.scala:1564)
[info]   at org.scalatest.funsuite.AnyFunSuiteLike.$anonfun$run$1(AnyFunSuiteLike.scala:273)
[info]   at org.scalatest.SuperEngine.runImpl(Engine.scala:535)
[info]   at org.scalatest.funsuite.AnyFunSuiteLike.run(AnyFunSuiteLike.scala:273)
[info]   at org.scalatest.funsuite.AnyFunSuiteLike.run$(AnyFunSuiteLike.scala:272)
[info]   at frameless.TypedDatasetSuite.org$scalatest$BeforeAndAfterAll$$super$run(TypedDatasetSuite.scala:63)
[info]   at org.scalatest.BeforeAndAfterAll.liftedTree1$1(BeforeAndAfterAll.scala:213)
[info]   at org.scalatest.BeforeAndAfterAll.run(BeforeAndAfterAll.scala:210)
[info]   at org.scalatest.BeforeAndAfterAll.run$(BeforeAndAfterAll.scala:208)
[info]   at frameless.TypedDatasetSuite.run(TypedDatasetSuite.scala:63)
[info]   at org.scalatest.tools.Framework.org$scalatest$tools$Framework$$runSuite(Framework.scala:321)
[info]   at org.scalatest.tools.Framework$ScalaTestTask.execute(Framework.scala:517)
[info]   at sbt.ForkMain$Run.lambda$runTest$1(ForkMain.java:414)
[info]   at java.base/java.util.concurrent.FutureTask.run(FutureTask.java:317)
[info]   at java.base/java.util.concurrent.ThreadPoolExecutor.runWorker(ThreadPoolExecutor.java:1144)
[info]   at java.base/java.util.concurrent.ThreadPoolExecutor$Worker.run(ThreadPoolExecutor.java:642)
[info]   at java.base/java.lang.Thread.run(Thread.java:1583)
[info] - ab.joinLeftSemi(ac)(ab.a == ac.a) *** FAILED *** (7 milliseconds)
[info]   IllegalArgumentException was thrown during property evaluation.
[info]     Message: argument type mismatch
[info]     Occurred when passed generated values (
[info]       arg0 = List(),
[info]       arg1 = List()
[info]     )
[info]   org.scalatest.exceptions.GeneratorDrivenPropertyCheckFailedException:
[info]   at org.scalatestplus.scalacheck.CheckerAsserting$$anon$2.indicateFailure(CheckerAsserting.scala:251)
[info]   at org.scalatestplus.scalacheck.CheckerAsserting$$anon$2.indicateFailure(CheckerAsserting.scala:238)
[info]   at org.scalatestplus.scalacheck.UnitCheckerAsserting$CheckerAssertingImpl.check(CheckerAsserting.scala:160)
[info]   at org.scalatestplus.scalacheck.Checkers.check(Checkers.scala:371)
[info]   at org.scalatestplus.scalacheck.Checkers.check$(Checkers.scala:369)
[info]   at frameless.TypedDatasetSuite.check(TypedDatasetSuite.scala:63)
[info]   at frameless.JoinTests.$anonfun$new$145(JoinTests.scala:196)
[info]   at org.scalatest.OutcomeOf.outcomeOf(OutcomeOf.scala:85)
[info]   at org.scalatest.OutcomeOf.outcomeOf$(OutcomeOf.scala:83)
[info]   at org.scalatest.OutcomeOf$.outcomeOf(OutcomeOf.scala:104)
[info]   at org.scalatest.Transformer.apply(Transformer.scala:22)
[info]   at org.scalatest.Transformer.apply(Transformer.scala:20)
[info]   at org.scalatest.funsuite.AnyFunSuiteLike$$anon$1.apply(AnyFunSuiteLike.scala:226)
[info]   at org.scalatest.TestSuite.withFixture(TestSuite.scala:196)
[info]   at org.scalatest.TestSuite.withFixture$(TestSuite.scala:195)
[info]   at org.scalatest.funsuite.AnyFunSuite.withFixture(AnyFunSuite.scala:1564)
[info]   at org.scalatest.funsuite.AnyFunSuiteLike.invokeWithFixture$1(AnyFunSuiteLike.scala:224)
[info]   at org.scalatest.funsuite.AnyFunSuiteLike.$anonfun$runTest$1(AnyFunSuiteLike.scala:236)
[info]   at org.scalatest.SuperEngine.runTestImpl(Engine.scala:306)
[info]   at org.scalatest.funsuite.AnyFunSuiteLike.runTest(AnyFunSuiteLike.scala:236)
[info]   at org.scalatest.funsuite.AnyFunSuiteLike.runTest$(AnyFunSuiteLike.scala:218)
[info]   at org.scalatest.funsuite.AnyFunSuite.runTest(AnyFunSuite.scala:1564)
[info]   at org.scalatest.funsuite.AnyFunSuiteLike.$anonfun$runTests$1(AnyFunSuiteLike.scala:269)
[info]   at org.scalatest.SuperEngine.$anonfun$runTestsInBranch$1(Engine.scala:413)
[info]   at scala.collection.immutable.List.foreach(List.scala:334)
[info]   at org.scalatest.SuperEngine.traverseSubNodes$1(Engine.scala:401)
[info]   at org.scalatest.SuperEngine.runTestsInBranch(Engine.scala:396)
[info]   at org.scalatest.SuperEngine.runTestsImpl(Engine.scala:475)
[info]   at org.scalatest.funsuite.AnyFunSuiteLike.runTests(AnyFunSuiteLike.scala:269)
[info]   at org.scalatest.funsuite.AnyFunSuiteLike.runTests$(AnyFunSuiteLike.scala:268)
[info]   at org.scalatest.funsuite.AnyFunSuite.runTests(AnyFunSuite.scala:1564)
[info]   at org.scalatest.Suite.run(Suite.scala:1114)
[info]   at org.scalatest.Suite.run$(Suite.scala:1096)
[info]   at org.scalatest.funsuite.AnyFunSuite.org$scalatest$funsuite$AnyFunSuiteLike$$super$run(AnyFunSuite.scala:1564)
[info]   at org.scalatest.funsuite.AnyFunSuiteLike.$anonfun$run$1(AnyFunSuiteLike.scala:273)
[info]   at org.scalatest.SuperEngine.runImpl(Engine.scala:535)
[info]   at org.scalatest.funsuite.AnyFunSuiteLike.run(AnyFunSuiteLike.scala:273)
[info]   at org.scalatest.funsuite.AnyFunSuiteLike.run$(AnyFunSuiteLike.scala:272)
[info]   at frameless.TypedDatasetSuite.org$scalatest$BeforeAndAfterAll$$super$run(TypedDatasetSuite.scala:63)
[info]   at org.scalatest.BeforeAndAfterAll.liftedTree1$1(BeforeAndAfterAll.scala:213)
[info]   at org.scalatest.BeforeAndAfterAll.run(BeforeAndAfterAll.scala:210)
[info]   at org.scalatest.BeforeAndAfterAll.run$(BeforeAndAfterAll.scala:208)
[info]   at frameless.TypedDatasetSuite.run(TypedDatasetSuite.scala:63)
[info]   at org.scalatest.tools.Framework.org$scalatest$tools$Framework$$runSuite(Framework.scala:321)
[info]   at org.scalatest.tools.Framework$ScalaTestTask.execute(Framework.scala:517)
[info]   at sbt.ForkMain$Run.lambda$runTest$1(ForkMain.java:414)
[info]   at java.base/java.util.concurrent.FutureTask.run(FutureTask.java:317)
[info]   at java.base/java.util.concurrent.ThreadPoolExecutor.runWorker(ThreadPoolExecutor.java:1144)
[info]   at java.base/java.util.concurrent.ThreadPoolExecutor$Worker.run(ThreadPoolExecutor.java:642)
[info]   at java.base/java.lang.Thread.run(Thread.java:1583)
[info]   Cause: java.lang.IllegalArgumentException: argument type mismatch
[info]   at java.base/jdk.internal.reflect.DirectConstructorHandleAccessor.newInstance(DirectConstructorHandleAccessor.java:65)
[info]   at java.base/java.lang.reflect.Constructor.newInstanceWithCaller(Constructor.java:502)
[info]   at java.base/java.lang.reflect.Constructor.newInstance(Constructor.java:486)
[info]   at frameless.TypedExpressionEncoder$.$anonfun$apply$3(TypedExpressionEncoder.scala:55)
[info]   at scala.Option.map(Option.scala:242)
[info]   at frameless.TypedExpressionEncoder$.apply(TypedExpressionEncoder.scala:54)
[info]   at frameless.TypedDataset$.create(TypedDataset.scala:1325)
[info]   at frameless.JoinTests.prop$6(JoinTests.scala:177)
[info]   at frameless.JoinTests.$anonfun$new$166(JoinTests.scala:196)
[info]   at org.scalacheck.Prop$.$anonfun$forAll$18(Prop.scala:1131)
[info]   at scala.Function1.$anonfun$andThen$1(Function1.scala:87)
[info]   at org.scalacheck.Prop$.$anonfun$forAllShrink$2(Prop.scala:868)
[info]   at org.scalacheck.Prop$.secure(Prop.scala:484)
[info]   at org.scalacheck.Prop$.result$1(Prop.scala:868)
[info]   at org.scalacheck.Prop$.$anonfun$forAllShrink$1(Prop.scala:915)
[info]   at org.scalacheck.Prop$.$anonfun$apply$1(Prop.scala:305)
[info]   at org.scalacheck.PropFromFun.apply(Prop.scala:20)
[info]   at org.scalacheck.Prop$.result$1(Prop.scala:869)
[info]   at org.scalacheck.Prop$.$anonfun$forAllShrink$1(Prop.scala:915)
[info]   at org.scalacheck.Prop$.$anonfun$apply$1(Prop.scala:305)
[info]   at org.scalacheck.PropFromFun.apply(Prop.scala:20)
[info]   at org.scalacheck.Test$.workerFun$1(Test.scala:486)
[info]   at org.scalacheck.Test$.$anonfun$check$4(Test.scala:518)
[info]   at org.scalacheck.Test$.$anonfun$check$4$adapted(Test.scala:518)
[info]   at org.scalacheck.Platform$.runWorkers(Platform.scala:42)
[info]   at org.scalacheck.Test$.check(Test.scala:518)
[info]   at org.scalatestplus.scalacheck.UnitCheckerAsserting$CheckerAssertingImpl.check(CheckerAsserting.scala:90)
[info]   at org.scalatestplus.scalacheck.Checkers.check(Checkers.scala:371)
[info]   at org.scalatestplus.scalacheck.Checkers.check$(Checkers.scala:369)
[info]   at frameless.TypedDatasetSuite.check(TypedDatasetSuite.scala:63)
[info]   at frameless.JoinTests.$anonfun$new$145(JoinTests.scala:196)
[info]   at org.scalatest.OutcomeOf.outcomeOf(OutcomeOf.scala:85)
[info]   at org.scalatest.OutcomeOf.outcomeOf$(OutcomeOf.scala:83)
[info]   at org.scalatest.OutcomeOf$.outcomeOf(OutcomeOf.scala:104)
[info]   at org.scalatest.Transformer.apply(Transformer.scala:22)
[info]   at org.scalatest.Transformer.apply(Transformer.scala:20)
[info]   at org.scalatest.funsuite.AnyFunSuiteLike$$anon$1.apply(AnyFunSuiteLike.scala:226)
[info]   at org.scalatest.TestSuite.withFixture(TestSuite.scala:196)
[info]   at org.scalatest.TestSuite.withFixture$(TestSuite.scala:195)
[info]   at org.scalatest.funsuite.AnyFunSuite.withFixture(AnyFunSuite.scala:1564)
[info]   at org.scalatest.funsuite.AnyFunSuiteLike.invokeWithFixture$1(AnyFunSuiteLike.scala:224)
[info]   at org.scalatest.funsuite.AnyFunSuiteLike.$anonfun$runTest$1(AnyFunSuiteLike.scala:236)
[info]   at org.scalatest.SuperEngine.runTestImpl(Engine.scala:306)
[info]   at org.scalatest.funsuite.AnyFunSuiteLike.runTest(AnyFunSuiteLike.scala:236)
[info]   at org.scalatest.funsuite.AnyFunSuiteLike.runTest$(AnyFunSuiteLike.scala:218)
[info]   at org.scalatest.funsuite.AnyFunSuite.runTest(AnyFunSuite.scala:1564)
[info]   at org.scalatest.funsuite.AnyFunSuiteLike.$anonfun$runTests$1(AnyFunSuiteLike.scala:269)
[info]   at org.scalatest.SuperEngine.$anonfun$runTestsInBranch$1(Engine.scala:413)
[info]   at scala.collection.immutable.List.foreach(List.scala:334)
[info]   at org.scalatest.SuperEngine.traverseSubNodes$1(Engine.scala:401)
[info]   at org.scalatest.SuperEngine.runTestsInBranch(Engine.scala:396)
[info]   at org.scalatest.SuperEngine.runTestsImpl(Engine.scala:475)
[info]   at org.scalatest.funsuite.AnyFunSuiteLike.runTests(AnyFunSuiteLike.scala:269)
[info]   at org.scalatest.funsuite.AnyFunSuiteLike.runTests$(AnyFunSuiteLike.scala:268)
[info]   at org.scalatest.funsuite.AnyFunSuite.runTests(AnyFunSuite.scala:1564)
[info]   at org.scalatest.Suite.run(Suite.scala:1114)
[info]   at org.scalatest.Suite.run$(Suite.scala:1096)
[info]   at org.scalatest.funsuite.AnyFunSuite.org$scalatest$funsuite$AnyFunSuiteLike$$super$run(AnyFunSuite.scala:1564)
[info]   at org.scalatest.funsuite.AnyFunSuiteLike.$anonfun$run$1(AnyFunSuiteLike.scala:273)
[info]   at org.scalatest.SuperEngine.runImpl(Engine.scala:535)
[info]   at org.scalatest.funsuite.AnyFunSuiteLike.run(AnyFunSuiteLike.scala:273)
[info]   at org.scalatest.funsuite.AnyFunSuiteLike.run$(AnyFunSuiteLike.scala:272)
[info]   at frameless.TypedDatasetSuite.org$scalatest$BeforeAndAfterAll$$super$run(TypedDatasetSuite.scala:63)
[info]   at org.scalatest.BeforeAndAfterAll.liftedTree1$1(BeforeAndAfterAll.scala:213)
[info]   at org.scalatest.BeforeAndAfterAll.run(BeforeAndAfterAll.scala:210)
[info]   at org.scalatest.BeforeAndAfterAll.run$(BeforeAndAfterAll.scala:208)
[info]   at frameless.TypedDatasetSuite.run(TypedDatasetSuite.scala:63)
[info]   at org.scalatest.tools.Framework.org$scalatest$tools$Framework$$runSuite(Framework.scala:321)
[info]   at org.scalatest.tools.Framework$ScalaTestTask.execute(Framework.scala:517)
[info]   at sbt.ForkMain$Run.lambda$runTest$1(ForkMain.java:414)
[info]   at java.base/java.util.concurrent.FutureTask.run(FutureTask.java:317)
[info]   at java.base/java.util.concurrent.ThreadPoolExecutor.runWorker(ThreadPoolExecutor.java:1144)
[info]   at java.base/java.util.concurrent.ThreadPoolExecutor$Worker.run(ThreadPoolExecutor.java:642)
[info]   at java.base/java.lang.Thread.run(Thread.java:1583)
[info]   Cause: java.lang.ClassCastException: Cannot cast scala.reflect.ClassTag$GenericClassTag to org.apache.spark.sql.catalyst.expressions.Expression
[info]   at java.base/java.lang.Class.cast(Class.java:4067)
[info]   at java.base/jdk.internal.reflect.DirectConstructorHandleAccessor.newInstance(DirectConstructorHandleAccessor.java:62)
[info]   at java.base/java.lang.reflect.Constructor.newInstanceWithCaller(Constructor.java:502)
[info]   at java.base/java.lang.reflect.Constructor.newInstance(Constructor.java:486)
[info]   at frameless.TypedExpressionEncoder$.$anonfun$apply$3(TypedExpressionEncoder.scala:55)
[info]   at scala.Option.map(Option.scala:242)
[info]   at frameless.TypedExpressionEncoder$.apply(TypedExpressionEncoder.scala:54)
[info]   at frameless.TypedDataset$.create(TypedDataset.scala:1325)
[info]   at frameless.JoinTests.prop$6(JoinTests.scala:177)
[info]   at frameless.JoinTests.$anonfun$new$166(JoinTests.scala:196)
[info]   at org.scalacheck.Prop$.$anonfun$forAll$18(Prop.scala:1131)
[info]   at scala.Function1.$anonfun$andThen$1(Function1.scala:87)
[info]   at org.scalacheck.Prop$.$anonfun$forAllShrink$2(Prop.scala:868)
[info]   at org.scalacheck.Prop$.secure(Prop.scala:484)
[info]   at org.scalacheck.Prop$.result$1(Prop.scala:868)
[info]   at org.scalacheck.Prop$.$anonfun$forAllShrink$1(Prop.scala:915)
[info]   at org.scalacheck.Prop$.$anonfun$apply$1(Prop.scala:305)
[info]   at org.scalacheck.PropFromFun.apply(Prop.scala:20)
[info]   at org.scalacheck.Prop$.result$1(Prop.scala:869)
[info]   at org.scalacheck.Prop$.$anonfun$forAllShrink$1(Prop.scala:915)
[info]   at org.scalacheck.Prop$.$anonfun$apply$1(Prop.scala:305)
[info]   at org.scalacheck.PropFromFun.apply(Prop.scala:20)
[info]   at org.scalacheck.Test$.workerFun$1(Test.scala:486)
[info]   at org.scalacheck.Test$.$anonfun$check$4(Test.scala:518)
[info]   at org.scalacheck.Test$.$anonfun$check$4$adapted(Test.scala:518)
[info]   at org.scalacheck.Platform$.runWorkers(Platform.scala:42)
[info]   at org.scalacheck.Test$.check(Test.scala:518)
[info]   at org.scalatestplus.scalacheck.UnitCheckerAsserting$CheckerAssertingImpl.check(CheckerAsserting.scala:90)
[info]   at org.scalatestplus.scalacheck.Checkers.check(Checkers.scala:371)
[info]   at org.scalatestplus.scalacheck.Checkers.check$(Checkers.scala:369)
[info]   at frameless.TypedDatasetSuite.check(TypedDatasetSuite.scala:63)
[info]   at frameless.JoinTests.$anonfun$new$145(JoinTests.scala:196)
[info]   at org.scalatest.OutcomeOf.outcomeOf(OutcomeOf.scala:85)
[info]   at org.scalatest.OutcomeOf.outcomeOf$(OutcomeOf.scala:83)
[info]   at org.scalatest.OutcomeOf$.outcomeOf(OutcomeOf.scala:104)
[info]   at org.scalatest.Transformer.apply(Transformer.scala:22)
[info]   at org.scalatest.Transformer.apply(Transformer.scala:20)
[info]   at org.scalatest.funsuite.AnyFunSuiteLike$$anon$1.apply(AnyFunSuiteLike.scala:226)
[info]   at org.scalatest.TestSuite.withFixture(TestSuite.scala:196)
[info]   at org.scalatest.TestSuite.withFixture$(TestSuite.scala:195)
[info]   at org.scalatest.funsuite.AnyFunSuite.withFixture(AnyFunSuite.scala:1564)
[info]   at org.scalatest.funsuite.AnyFunSuiteLike.invokeWithFixture$1(AnyFunSuiteLike.scala:224)
[info]   at org.scalatest.funsuite.AnyFunSuiteLike.$anonfun$runTest$1(AnyFunSuiteLike.scala:236)
[info]   at org.scalatest.SuperEngine.runTestImpl(Engine.scala:306)
[info]   at org.scalatest.funsuite.AnyFunSuiteLike.runTest(AnyFunSuiteLike.scala:236)
[info]   at org.scalatest.funsuite.AnyFunSuiteLike.runTest$(AnyFunSuiteLike.scala:218)
[info]   at org.scalatest.funsuite.AnyFunSuite.runTest(AnyFunSuite.scala:1564)
[info]   at org.scalatest.funsuite.AnyFunSuiteLike.$anonfun$runTests$1(AnyFunSuiteLike.scala:269)
[info]   at org.scalatest.SuperEngine.$anonfun$runTestsInBranch$1(Engine.scala:413)
[info]   at scala.collection.immutable.List.foreach(List.scala:334)
[info]   at org.scalatest.SuperEngine.traverseSubNodes$1(Engine.scala:401)
[info]   at org.scalatest.SuperEngine.runTestsInBranch(Engine.scala:396)
[info]   at org.scalatest.SuperEngine.runTestsImpl(Engine.scala:475)
[info]   at org.scalatest.funsuite.AnyFunSuiteLike.runTests(AnyFunSuiteLike.scala:269)
[info]   at org.scalatest.funsuite.AnyFunSuiteLike.runTests$(AnyFunSuiteLike.scala:268)
[info]   at org.scalatest.funsuite.AnyFunSuite.runTests(AnyFunSuite.scala:1564)
[info]   at org.scalatest.Suite.run(Suite.scala:1114)
[info]   at org.scalatest.Suite.run$(Suite.scala:1096)
[info]   at org.scalatest.funsuite.AnyFunSuite.org$scalatest$funsuite$AnyFunSuiteLike$$super$run(AnyFunSuite.scala:1564)
[info]   at org.scalatest.funsuite.AnyFunSuiteLike.$anonfun$run$1(AnyFunSuiteLike.scala:273)
[info]   at org.scalatest.SuperEngine.runImpl(Engine.scala:535)
[info]   at org.scalatest.funsuite.AnyFunSuiteLike.run(AnyFunSuiteLike.scala:273)
[info]   at org.scalatest.funsuite.AnyFunSuiteLike.run$(AnyFunSuiteLike.scala:272)
[info]   at frameless.TypedDatasetSuite.org$scalatest$BeforeAndAfterAll$$super$run(TypedDatasetSuite.scala:63)
[info]   at org.scalatest.BeforeAndAfterAll.liftedTree1$1(BeforeAndAfterAll.scala:213)
[info]   at org.scalatest.BeforeAndAfterAll.run(BeforeAndAfterAll.scala:210)
[info]   at org.scalatest.BeforeAndAfterAll.run$(BeforeAndAfterAll.scala:208)
[info]   at frameless.TypedDatasetSuite.run(TypedDatasetSuite.scala:63)
[info]   at org.scalatest.tools.Framework.org$scalatest$tools$Framework$$runSuite(Framework.scala:321)
[info]   at org.scalatest.tools.Framework$ScalaTestTask.execute(Framework.scala:517)
[info]   at sbt.ForkMain$Run.lambda$runTest$1(ForkMain.java:414)
[info]   at java.base/java.util.concurrent.FutureTask.run(FutureTask.java:317)
[info]   at java.base/java.util.concurrent.ThreadPoolExecutor.runWorker(ThreadPoolExecutor.java:1144)
[info]   at java.base/java.util.concurrent.ThreadPoolExecutor$Worker.run(ThreadPoolExecutor.java:642)
[info]   at java.base/java.lang.Thread.run(Thread.java:1583)
[info] - ab.joinRight(ac)(ab.a == ac.a) *** FAILED *** (4 milliseconds)
[info]   IllegalArgumentException was thrown during property evaluation.
[info]     Message: argument type mismatch
[info]     Occurred when passed generated values (
[info]       arg0 = List(),
[info]       arg1 = List()
[info]     )
[info]   org.scalatest.exceptions.GeneratorDrivenPropertyCheckFailedException:
[info]   at org.scalatestplus.scalacheck.CheckerAsserting$$anon$2.indicateFailure(CheckerAsserting.scala:251)
[info]   at org.scalatestplus.scalacheck.CheckerAsserting$$anon$2.indicateFailure(CheckerAsserting.scala:238)
[info]   at org.scalatestplus.scalacheck.UnitCheckerAsserting$CheckerAssertingImpl.check(CheckerAsserting.scala:160)
[info]   at org.scalatestplus.scalacheck.Checkers.check(Checkers.scala:371)
[info]   at org.scalatestplus.scalacheck.Checkers.check$(Checkers.scala:369)
[info]   at frameless.TypedDatasetSuite.check(TypedDatasetSuite.scala:63)
[info]   at frameless.JoinTests.$anonfun$new$169(JoinTests.scala:231)
[info]   at org.scalatest.OutcomeOf.outcomeOf(OutcomeOf.scala:85)
[info]   at org.scalatest.OutcomeOf.outcomeOf$(OutcomeOf.scala:83)
[info]   at org.scalatest.OutcomeOf$.outcomeOf(OutcomeOf.scala:104)
[info]   at org.scalatest.Transformer.apply(Transformer.scala:22)
[info]   at org.scalatest.Transformer.apply(Transformer.scala:20)
[info]   at org.scalatest.funsuite.AnyFunSuiteLike$$anon$1.apply(AnyFunSuiteLike.scala:226)
[info]   at org.scalatest.TestSuite.withFixture(TestSuite.scala:196)
[info]   at org.scalatest.TestSuite.withFixture$(TestSuite.scala:195)
[info]   at org.scalatest.funsuite.AnyFunSuite.withFixture(AnyFunSuite.scala:1564)
[info]   at org.scalatest.funsuite.AnyFunSuiteLike.invokeWithFixture$1(AnyFunSuiteLike.scala:224)
[info]   at org.scalatest.funsuite.AnyFunSuiteLike.$anonfun$runTest$1(AnyFunSuiteLike.scala:236)
[info]   at org.scalatest.SuperEngine.runTestImpl(Engine.scala:306)
[info]   at org.scalatest.funsuite.AnyFunSuiteLike.runTest(AnyFunSuiteLike.scala:236)
[info]   at org.scalatest.funsuite.AnyFunSuiteLike.runTest$(AnyFunSuiteLike.scala:218)
[info]   at org.scalatest.funsuite.AnyFunSuite.runTest(AnyFunSuite.scala:1564)
[info]   at org.scalatest.funsuite.AnyFunSuiteLike.$anonfun$runTests$1(AnyFunSuiteLike.scala:269)
[info]   at org.scalatest.SuperEngine.$anonfun$runTestsInBranch$1(Engine.scala:413)
[info]   at scala.collection.immutable.List.foreach(List.scala:334)
[info]   at org.scalatest.SuperEngine.traverseSubNodes$1(Engine.scala:401)
[info]   at org.scalatest.SuperEngine.runTestsInBranch(Engine.scala:396)
[info]   at org.scalatest.SuperEngine.runTestsImpl(Engine.scala:475)
[info]   at org.scalatest.funsuite.AnyFunSuiteLike.runTests(AnyFunSuiteLike.scala:269)
[info]   at org.scalatest.funsuite.AnyFunSuiteLike.runTests$(AnyFunSuiteLike.scala:268)
[info]   at org.scalatest.funsuite.AnyFunSuite.runTests(AnyFunSuite.scala:1564)
[info]   at org.scalatest.Suite.run(Suite.scala:1114)
[info]   at org.scalatest.Suite.run$(Suite.scala:1096)
[info]   at org.scalatest.funsuite.AnyFunSuite.org$scalatest$funsuite$AnyFunSuiteLike$$super$run(AnyFunSuite.scala:1564)
[info]   at org.scalatest.funsuite.AnyFunSuiteLike.$anonfun$run$1(AnyFunSuiteLike.scala:273)
[info]   at org.scalatest.SuperEngine.runImpl(Engine.scala:535)
[info]   at org.scalatest.funsuite.AnyFunSuiteLike.run(AnyFunSuiteLike.scala:273)
[info]   at org.scalatest.funsuite.AnyFunSuiteLike.run$(AnyFunSuiteLike.scala:272)
[info]   at frameless.TypedDatasetSuite.org$scalatest$BeforeAndAfterAll$$super$run(TypedDatasetSuite.scala:63)
[info]   at org.scalatest.BeforeAndAfterAll.liftedTree1$1(BeforeAndAfterAll.scala:213)
[info]   at org.scalatest.BeforeAndAfterAll.run(BeforeAndAfterAll.scala:210)
[info]   at org.scalatest.BeforeAndAfterAll.run$(BeforeAndAfterAll.scala:208)
[info]   at frameless.TypedDatasetSuite.run(TypedDatasetSuite.scala:63)
[info]   at org.scalatest.tools.Framework.org$scalatest$tools$Framework$$runSuite(Framework.scala:321)
[info]   at org.scalatest.tools.Framework$ScalaTestTask.execute(Framework.scala:517)
[info]   at sbt.ForkMain$Run.lambda$runTest$1(ForkMain.java:414)
[info]   at java.base/java.util.concurrent.FutureTask.run(FutureTask.java:317)
[info]   at java.base/java.util.concurrent.ThreadPoolExecutor.runWorker(ThreadPoolExecutor.java:1144)
[info]   at java.base/java.util.concurrent.ThreadPoolExecutor$Worker.run(ThreadPoolExecutor.java:642)
[info]   at java.base/java.lang.Thread.run(Thread.java:1583)
[info]   Cause: java.lang.IllegalArgumentException: argument type mismatch
[info]   at java.base/jdk.internal.reflect.DirectConstructorHandleAccessor.newInstance(DirectConstructorHandleAccessor.java:65)
[info]   at java.base/java.lang.reflect.Constructor.newInstanceWithCaller(Constructor.java:502)
[info]   at java.base/java.lang.reflect.Constructor.newInstance(Constructor.java:486)
[info]   at frameless.TypedExpressionEncoder$.$anonfun$apply$3(TypedExpressionEncoder.scala:55)
[info]   at scala.Option.map(Option.scala:242)
[info]   at frameless.TypedExpressionEncoder$.apply(TypedExpressionEncoder.scala:54)
[info]   at frameless.TypedDataset$.create(TypedDataset.scala:1325)
[info]   at frameless.JoinTests.prop$7(JoinTests.scala:205)
[info]   at frameless.JoinTests.$anonfun$new$201(JoinTests.scala:231)
[info]   at org.scalacheck.Prop$.$anonfun$forAll$18(Prop.scala:1131)
[info]   at scala.Function1.$anonfun$andThen$1(Function1.scala:87)
[info]   at org.scalacheck.Prop$.$anonfun$forAllShrink$2(Prop.scala:868)
[info]   at org.scalacheck.Prop$.secure(Prop.scala:484)
[info]   at org.scalacheck.Prop$.result$1(Prop.scala:868)
[info]   at org.scalacheck.Prop$.$anonfun$forAllShrink$1(Prop.scala:915)
[info]   at org.scalacheck.Prop$.$anonfun$apply$1(Prop.scala:305)
[info]   at org.scalacheck.PropFromFun.apply(Prop.scala:20)
[info]   at org.scalacheck.Prop$.result$1(Prop.scala:869)
[info]   at org.scalacheck.Prop$.$anonfun$forAllShrink$1(Prop.scala:915)
[info]   at org.scalacheck.Prop$.$anonfun$apply$1(Prop.scala:305)
[info]   at org.scalacheck.PropFromFun.apply(Prop.scala:20)
[info]   at org.scalacheck.Test$.workerFun$1(Test.scala:486)
[info]   at org.scalacheck.Test$.$anonfun$check$4(Test.scala:518)
[info]   at org.scalacheck.Test$.$anonfun$check$4$adapted(Test.scala:518)
[info]   at org.scalacheck.Platform$.runWorkers(Platform.scala:42)
[info]   at org.scalacheck.Test$.check(Test.scala:518)
[info]   at org.scalatestplus.scalacheck.UnitCheckerAsserting$CheckerAssertingImpl.check(CheckerAsserting.scala:90)
[info]   at org.scalatestplus.scalacheck.Checkers.check(Checkers.scala:371)
[info]   at org.scalatestplus.scalacheck.Checkers.check$(Checkers.scala:369)
[info]   at frameless.TypedDatasetSuite.check(TypedDatasetSuite.scala:63)
[info]   at frameless.JoinTests.$anonfun$new$169(JoinTests.scala:231)
[info]   at org.scalatest.OutcomeOf.outcomeOf(OutcomeOf.scala:85)
[info]   at org.scalatest.OutcomeOf.outcomeOf$(OutcomeOf.scala:83)
[info]   at org.scalatest.OutcomeOf$.outcomeOf(OutcomeOf.scala:104)
[info]   at org.scalatest.Transformer.apply(Transformer.scala:22)
[info]   at org.scalatest.Transformer.apply(Transformer.scala:20)
[info]   at org.scalatest.funsuite.AnyFunSuiteLike$$anon$1.apply(AnyFunSuiteLike.scala:226)
[info]   at org.scalatest.TestSuite.withFixture(TestSuite.scala:196)
[info]   at org.scalatest.TestSuite.withFixture$(TestSuite.scala:195)
[info]   at org.scalatest.funsuite.AnyFunSuite.withFixture(AnyFunSuite.scala:1564)
[info]   at org.scalatest.funsuite.AnyFunSuiteLike.invokeWithFixture$1(AnyFunSuiteLike.scala:224)
[info]   at org.scalatest.funsuite.AnyFunSuiteLike.$anonfun$runTest$1(AnyFunSuiteLike.scala:236)
[info]   at org.scalatest.SuperEngine.runTestImpl(Engine.scala:306)
[info]   at org.scalatest.funsuite.AnyFunSuiteLike.runTest(AnyFunSuiteLike.scala:236)
[info]   at org.scalatest.funsuite.AnyFunSuiteLike.runTest$(AnyFunSuiteLike.scala:218)
[info]   at org.scalatest.funsuite.AnyFunSuite.runTest(AnyFunSuite.scala:1564)
[info]   at org.scalatest.funsuite.AnyFunSuiteLike.$anonfun$runTests$1(AnyFunSuiteLike.scala:269)
[info]   at org.scalatest.SuperEngine.$anonfun$runTestsInBranch$1(Engine.scala:413)
[info]   at scala.collection.immutable.List.foreach(List.scala:334)
[info]   at org.scalatest.SuperEngine.traverseSubNodes$1(Engine.scala:401)
[info]   at org.scalatest.SuperEngine.runTestsInBranch(Engine.scala:396)
[info]   at org.scalatest.SuperEngine.runTestsImpl(Engine.scala:475)
[info]   at org.scalatest.funsuite.AnyFunSuiteLike.runTests(AnyFunSuiteLike.scala:269)
[info]   at org.scalatest.funsuite.AnyFunSuiteLike.runTests$(AnyFunSuiteLike.scala:268)
[info]   at org.scalatest.funsuite.AnyFunSuite.runTests(AnyFunSuite.scala:1564)
[info]   at org.scalatest.Suite.run(Suite.scala:1114)
[info]   at org.scalatest.Suite.run$(Suite.scala:1096)
[info]   at org.scalatest.funsuite.AnyFunSuite.org$scalatest$funsuite$AnyFunSuiteLike$$super$run(AnyFunSuite.scala:1564)
[info]   at org.scalatest.funsuite.AnyFunSuiteLike.$anonfun$run$1(AnyFunSuiteLike.scala:273)
[info]   at org.scalatest.SuperEngine.runImpl(Engine.scala:535)
[info]   at org.scalatest.funsuite.AnyFunSuiteLike.run(AnyFunSuiteLike.scala:273)
[info]   at org.scalatest.funsuite.AnyFunSuiteLike.run$(AnyFunSuiteLike.scala:272)
[info]   at frameless.TypedDatasetSuite.org$scalatest$BeforeAndAfterAll$$super$run(TypedDatasetSuite.scala:63)
[info]   at org.scalatest.BeforeAndAfterAll.liftedTree1$1(BeforeAndAfterAll.scala:213)
[info]   at org.scalatest.BeforeAndAfterAll.run(BeforeAndAfterAll.scala:210)
[info]   at org.scalatest.BeforeAndAfterAll.run$(BeforeAndAfterAll.scala:208)
[info]   at frameless.TypedDatasetSuite.run(TypedDatasetSuite.scala:63)
[info]   at org.scalatest.tools.Framework.org$scalatest$tools$Framework$$runSuite(Framework.scala:321)
[info]   at org.scalatest.tools.Framework$ScalaTestTask.execute(Framework.scala:517)
[info]   at sbt.ForkMain$Run.lambda$runTest$1(ForkMain.java:414)
[info]   at java.base/java.util.concurrent.FutureTask.run(FutureTask.java:317)
[info]   at java.base/java.util.concurrent.ThreadPoolExecutor.runWorker(ThreadPoolExecutor.java:1144)
[info]   at java.base/java.util.concurrent.ThreadPoolExecutor$Worker.run(ThreadPoolExecutor.java:642)
[info]   at java.base/java.lang.Thread.run(Thread.java:1583)
[info]   Cause: java.lang.ClassCastException: Cannot cast scala.reflect.ClassTag$GenericClassTag to org.apache.spark.sql.catalyst.expressions.Expression
[info]   at java.base/java.lang.Class.cast(Class.java:4067)
[info]   at java.base/jdk.internal.reflect.DirectConstructorHandleAccessor.newInstance(DirectConstructorHandleAccessor.java:62)
[info]   at java.base/java.lang.reflect.Constructor.newInstanceWithCaller(Constructor.java:502)
[info]   at java.base/java.lang.reflect.Constructor.newInstance(Constructor.java:486)
[info]   at frameless.TypedExpressionEncoder$.$anonfun$apply$3(TypedExpressionEncoder.scala:55)
[info]   at scala.Option.map(Option.scala:242)
[info]   at frameless.TypedExpressionEncoder$.apply(TypedExpressionEncoder.scala:54)
[info]   at frameless.TypedDataset$.create(TypedDataset.scala:1325)
[info]   at frameless.JoinTests.prop$7(JoinTests.scala:205)
[info]   at frameless.JoinTests.$anonfun$new$201(JoinTests.scala:231)
[info]   at org.scalacheck.Prop$.$anonfun$forAll$18(Prop.scala:1131)
[info]   at scala.Function1.$anonfun$andThen$1(Function1.scala:87)
[info]   at org.scalacheck.Prop$.$anonfun$forAllShrink$2(Prop.scala:868)
[info]   at org.scalacheck.Prop$.secure(Prop.scala:484)
[info]   at org.scalacheck.Prop$.result$1(Prop.scala:868)
[info]   at org.scalacheck.Prop$.$anonfun$forAllShrink$1(Prop.scala:915)
[info]   at org.scalacheck.Prop$.$anonfun$apply$1(Prop.scala:305)
[info]   at org.scalacheck.PropFromFun.apply(Prop.scala:20)
[info]   at org.scalacheck.Prop$.result$1(Prop.scala:869)
[info]   at org.scalacheck.Prop$.$anonfun$forAllShrink$1(Prop.scala:915)
[info]   at org.scalacheck.Prop$.$anonfun$apply$1(Prop.scala:305)
[info]   at org.scalacheck.PropFromFun.apply(Prop.scala:20)
[info]   at org.scalacheck.Test$.workerFun$1(Test.scala:486)
[info]   at org.scalacheck.Test$.$anonfun$check$4(Test.scala:518)
[info]   at org.scalacheck.Test$.$anonfun$check$4$adapted(Test.scala:518)
[info]   at org.scalacheck.Platform$.runWorkers(Platform.scala:42)
[info]   at org.scalacheck.Test$.check(Test.scala:518)
[info]   at org.scalatestplus.scalacheck.UnitCheckerAsserting$CheckerAssertingImpl.check(CheckerAsserting.scala:90)
[info]   at org.scalatestplus.scalacheck.Checkers.check(Checkers.scala:371)
[info]   at org.scalatestplus.scalacheck.Checkers.check$(Checkers.scala:369)
[info]   at frameless.TypedDatasetSuite.check(TypedDatasetSuite.scala:63)
[info]   at frameless.JoinTests.$anonfun$new$169(JoinTests.scala:231)
[info]   at org.scalatest.OutcomeOf.outcomeOf(OutcomeOf.scala:85)
[info]   at org.scalatest.OutcomeOf.outcomeOf$(OutcomeOf.scala:83)
[info]   at org.scalatest.OutcomeOf$.outcomeOf(OutcomeOf.scala:104)
[info]   at org.scalatest.Transformer.apply(Transformer.scala:22)
[info]   at org.scalatest.Transformer.apply(Transformer.scala:20)
[info]   at org.scalatest.funsuite.AnyFunSuiteLike$$anon$1.apply(AnyFunSuiteLike.scala:226)
[info]   at org.scalatest.TestSuite.withFixture(TestSuite.scala:196)
[info]   at org.scalatest.TestSuite.withFixture$(TestSuite.scala:195)
[info]   at org.scalatest.funsuite.AnyFunSuite.withFixture(AnyFunSuite.scala:1564)
[info]   at org.scalatest.funsuite.AnyFunSuiteLike.invokeWithFixture$1(AnyFunSuiteLike.scala:224)
[info]   at org.scalatest.funsuite.AnyFunSuiteLike.$anonfun$runTest$1(AnyFunSuiteLike.scala:236)
[info]   at org.scalatest.SuperEngine.runTestImpl(Engine.scala:306)
[info]   at org.scalatest.funsuite.AnyFunSuiteLike.runTest(AnyFunSuiteLike.scala:236)
[info]   at org.scalatest.funsuite.AnyFunSuiteLike.runTest$(AnyFunSuiteLike.scala:218)
[info]   at org.scalatest.funsuite.AnyFunSuite.runTest(AnyFunSuite.scala:1564)
[info]   at org.scalatest.funsuite.AnyFunSuiteLike.$anonfun$runTests$1(AnyFunSuiteLike.scala:269)
[info]   at org.scalatest.SuperEngine.$anonfun$runTestsInBranch$1(Engine.scala:413)
[info]   at scala.collection.immutable.List.foreach(List.scala:334)
[info]   at org.scalatest.SuperEngine.traverseSubNodes$1(Engine.scala:401)
[info]   at org.scalatest.SuperEngine.runTestsInBranch(Engine.scala:396)
[info]   at org.scalatest.SuperEngine.runTestsImpl(Engine.scala:475)
[info]   at org.scalatest.funsuite.AnyFunSuiteLike.runTests(AnyFunSuiteLike.scala:269)
[info]   at org.scalatest.funsuite.AnyFunSuiteLike.runTests$(AnyFunSuiteLike.scala:268)
[info]   at org.scalatest.funsuite.AnyFunSuite.runTests(AnyFunSuite.scala:1564)
[info]   at org.scalatest.Suite.run(Suite.scala:1114)
[info]   at org.scalatest.Suite.run$(Suite.scala:1096)
[info]   at org.scalatest.funsuite.AnyFunSuite.org$scalatest$funsuite$AnyFunSuiteLike$$super$run(AnyFunSuite.scala:1564)
[info]   at org.scalatest.funsuite.AnyFunSuiteLike.$anonfun$run$1(AnyFunSuiteLike.scala:273)
[info]   at org.scalatest.SuperEngine.runImpl(Engine.scala:535)
[info]   at org.scalatest.funsuite.AnyFunSuiteLike.run(AnyFunSuiteLike.scala:273)
[info]   at org.scalatest.funsuite.AnyFunSuiteLike.run$(AnyFunSuiteLike.scala:272)
[info]   at frameless.TypedDatasetSuite.org$scalatest$BeforeAndAfterAll$$super$run(TypedDatasetSuite.scala:63)
[info]   at org.scalatest.BeforeAndAfterAll.liftedTree1$1(BeforeAndAfterAll.scala:213)
[info]   at org.scalatest.BeforeAndAfterAll.run(BeforeAndAfterAll.scala:210)
[info]   at org.scalatest.BeforeAndAfterAll.run$(BeforeAndAfterAll.scala:208)
[info]   at frameless.TypedDatasetSuite.run(TypedDatasetSuite.scala:63)
[info]   at org.scalatest.tools.Framework.org$scalatest$tools$Framework$$runSuite(Framework.scala:321)
[info]   at org.scalatest.tools.Framework$ScalaTestTask.execute(Framework.scala:517)
[info]   at sbt.ForkMain$Run.lambda$runTest$1(ForkMain.java:414)
[info]   at java.base/java.util.concurrent.FutureTask.run(FutureTask.java:317)
[info]   at java.base/java.util.concurrent.ThreadPoolExecutor.runWorker(ThreadPoolExecutor.java:1144)
[info]   at java.base/java.util.concurrent.ThreadPoolExecutor$Worker.run(ThreadPoolExecutor.java:642)
[info]   at java.base/java.lang.Thread.run(Thread.java:1583)
[info] IsValueClassTests:
[info] - Case class is not Value class (0 milliseconds)
[info] - Scala value type is not Value class (excluded) (0 milliseconds)
[info] - Value class evidence (2 milliseconds)
[info] DropTupledTest:
[info] - drop five columns *** FAILED *** (4 milliseconds)
[info]   IllegalArgumentException was thrown during property evaluation.
[info]     Message: argument type mismatch
[info]     Occurred when passed generated values (
[info]       arg0 = 0 // 31 shrinks
[info]     )
[info]   org.scalatest.exceptions.GeneratorDrivenPropertyCheckFailedException:
[info]   at org.scalatestplus.scalacheck.CheckerAsserting$$anon$2.indicateFailure(CheckerAsserting.scala:251)
[info]   at org.scalatestplus.scalacheck.CheckerAsserting$$anon$2.indicateFailure(CheckerAsserting.scala:238)
[info]   at org.scalatestplus.scalacheck.UnitCheckerAsserting$CheckerAssertingImpl.check(CheckerAsserting.scala:160)
[info]   at org.scalatestplus.scalacheck.Checkers.check(Checkers.scala:244)
[info]   at org.scalatestplus.scalacheck.Checkers.check$(Checkers.scala:235)
[info]   at frameless.TypedDatasetSuite.check(TypedDatasetSuite.scala:63)
[info]   at frameless.DropTupledTest.$anonfun$new$1(DropTupledTest.scala:18)
[info]   at org.scalatest.OutcomeOf.outcomeOf(OutcomeOf.scala:85)
[info]   at org.scalatest.OutcomeOf.outcomeOf$(OutcomeOf.scala:83)
[info]   at org.scalatest.OutcomeOf$.outcomeOf(OutcomeOf.scala:104)
[info]   at org.scalatest.Transformer.apply(Transformer.scala:22)
[info]   at org.scalatest.Transformer.apply(Transformer.scala:20)
[info]   at org.scalatest.funsuite.AnyFunSuiteLike$$anon$1.apply(AnyFunSuiteLike.scala:226)
[info]   at org.scalatest.TestSuite.withFixture(TestSuite.scala:196)
[info]   at org.scalatest.TestSuite.withFixture$(TestSuite.scala:195)
[info]   at org.scalatest.funsuite.AnyFunSuite.withFixture(AnyFunSuite.scala:1564)
[info]   at org.scalatest.funsuite.AnyFunSuiteLike.invokeWithFixture$1(AnyFunSuiteLike.scala:224)
[info]   at org.scalatest.funsuite.AnyFunSuiteLike.$anonfun$runTest$1(AnyFunSuiteLike.scala:236)
[info]   at org.scalatest.SuperEngine.runTestImpl(Engine.scala:306)
[info]   at org.scalatest.funsuite.AnyFunSuiteLike.runTest(AnyFunSuiteLike.scala:236)
[info]   at org.scalatest.funsuite.AnyFunSuiteLike.runTest$(AnyFunSuiteLike.scala:218)
[info]   at org.scalatest.funsuite.AnyFunSuite.runTest(AnyFunSuite.scala:1564)
[info]   at org.scalatest.funsuite.AnyFunSuiteLike.$anonfun$runTests$1(AnyFunSuiteLike.scala:269)
[info]   at org.scalatest.SuperEngine.$anonfun$runTestsInBranch$1(Engine.scala:413)
[info]   at scala.collection.immutable.List.foreach(List.scala:334)
[info]   at org.scalatest.SuperEngine.traverseSubNodes$1(Engine.scala:401)
[info]   at org.scalatest.SuperEngine.runTestsInBranch(Engine.scala:396)
[info]   at org.scalatest.SuperEngine.runTestsImpl(Engine.scala:475)
[info]   at org.scalatest.funsuite.AnyFunSuiteLike.runTests(AnyFunSuiteLike.scala:269)
[info]   at org.scalatest.funsuite.AnyFunSuiteLike.runTests$(AnyFunSuiteLike.scala:268)
[info]   at org.scalatest.funsuite.AnyFunSuite.runTests(AnyFunSuite.scala:1564)
[info]   at org.scalatest.Suite.run(Suite.scala:1114)
[info]   at org.scalatest.Suite.run$(Suite.scala:1096)
[info]   at org.scalatest.funsuite.AnyFunSuite.org$scalatest$funsuite$AnyFunSuiteLike$$super$run(AnyFunSuite.scala:1564)
[info]   at org.scalatest.funsuite.AnyFunSuiteLike.$anonfun$run$1(AnyFunSuiteLike.scala:273)
[info]   at org.scalatest.SuperEngine.runImpl(Engine.scala:535)
[info]   at org.scalatest.funsuite.AnyFunSuiteLike.run(AnyFunSuiteLike.scala:273)
[info]   at org.scalatest.funsuite.AnyFunSuiteLike.run$(AnyFunSuiteLike.scala:272)
[info]   at frameless.TypedDatasetSuite.org$scalatest$BeforeAndAfterAll$$super$run(TypedDatasetSuite.scala:63)
[info]   at org.scalatest.BeforeAndAfterAll.liftedTree1$1(BeforeAndAfterAll.scala:213)
[info]   at org.scalatest.BeforeAndAfterAll.run(BeforeAndAfterAll.scala:210)
[info]   at org.scalatest.BeforeAndAfterAll.run$(BeforeAndAfterAll.scala:208)
[info]   at frameless.TypedDatasetSuite.run(TypedDatasetSuite.scala:63)
[info]   at org.scalatest.tools.Framework.org$scalatest$tools$Framework$$runSuite(Framework.scala:321)
[info]   at org.scalatest.tools.Framework$ScalaTestTask.execute(Framework.scala:517)
[info]   at sbt.ForkMain$Run.lambda$runTest$1(ForkMain.java:414)
[info]   at java.base/java.util.concurrent.FutureTask.run(FutureTask.java:317)
[info]   at java.base/java.util.concurrent.ThreadPoolExecutor.runWorker(ThreadPoolExecutor.java:1144)
[info]   at java.base/java.util.concurrent.ThreadPoolExecutor$Worker.run(ThreadPoolExecutor.java:642)
[info]   at java.base/java.lang.Thread.run(Thread.java:1583)
[info]   Cause: java.lang.IllegalArgumentException: argument type mismatch
[info]   at java.base/jdk.internal.reflect.DirectConstructorHandleAccessor.newInstance(DirectConstructorHandleAccessor.java:65)
[info]   at java.base/java.lang.reflect.Constructor.newInstanceWithCaller(Constructor.java:502)
[info]   at java.base/java.lang.reflect.Constructor.newInstance(Constructor.java:486)
[info]   at frameless.TypedExpressionEncoder$.$anonfun$apply$3(TypedExpressionEncoder.scala:55)
[info]   at scala.Option.map(Option.scala:242)
[info]   at frameless.TypedExpressionEncoder$.apply(TypedExpressionEncoder.scala:54)
[info]   at frameless.TypedDataset$.create(TypedDataset.scala:1325)
[info]   at frameless.DropTupledTest.prop$1(DropTupledTest.scala:9)
[info]   at frameless.DropTupledTest.$anonfun$new$32(DropTupledTest.scala:18)
[info]   at frameless.DropTupledTest.$anonfun$new$32$adapted(DropTupledTest.scala:18)
[info]   at scala.Function1.$anonfun$andThen$1(Function1.scala:87)
[info]   at org.scalacheck.Prop$.$anonfun$forAllShrink$2(Prop.scala:868)
[info]   at org.scalacheck.Prop$.secure(Prop.scala:484)
[info]   at org.scalacheck.Prop$.result$1(Prop.scala:868)
[info]   at org.scalacheck.Prop$.$anonfun$forAllShrink$4(Prop.scala:880)
[info]   at scala.collection.immutable.Stream.map(Stream.scala:173)
[info]   at org.scalacheck.Prop$.getFirstFailure$1(Prop.scala:880)
[info]   at org.scalacheck.Prop$.shrinker$1(Prop.scala:895)
[info]   at org.scalacheck.Prop$.$anonfun$forAllShrink$1(Prop.scala:916)
[info]   at org.scalacheck.Prop$.$anonfun$apply$1(Prop.scala:305)
[info]   at org.scalacheck.PropFromFun.apply(Prop.scala:20)
[info]   at org.scalacheck.Test$.workerFun$1(Test.scala:486)
[info]   at org.scalacheck.Test$.$anonfun$check$4(Test.scala:518)
[info]   at org.scalacheck.Test$.$anonfun$check$4$adapted(Test.scala:518)
[info]   at org.scalacheck.Platform$.runWorkers(Platform.scala:42)
[info]   at org.scalacheck.Test$.check(Test.scala:518)
[info]   at org.scalatestplus.scalacheck.UnitCheckerAsserting$CheckerAssertingImpl.check(CheckerAsserting.scala:90)
[info]   at org.scalatestplus.scalacheck.Checkers.check(Checkers.scala:244)
[info]   at org.scalatestplus.scalacheck.Checkers.check$(Checkers.scala:235)
[info]   at frameless.TypedDatasetSuite.check(TypedDatasetSuite.scala:63)
[info]   at frameless.DropTupledTest.$anonfun$new$1(DropTupledTest.scala:18)
[info]   at org.scalatest.OutcomeOf.outcomeOf(OutcomeOf.scala:85)
[info]   at org.scalatest.OutcomeOf.outcomeOf$(OutcomeOf.scala:83)
[info]   at org.scalatest.OutcomeOf$.outcomeOf(OutcomeOf.scala:104)
[info]   at org.scalatest.Transformer.apply(Transformer.scala:22)
[info]   at org.scalatest.Transformer.apply(Transformer.scala:20)
[info]   at org.scalatest.funsuite.AnyFunSuiteLike$$anon$1.apply(AnyFunSuiteLike.scala:226)
[info]   at org.scalatest.TestSuite.withFixture(TestSuite.scala:196)
[info]   at org.scalatest.TestSuite.withFixture$(TestSuite.scala:195)
[info]   at org.scalatest.funsuite.AnyFunSuite.withFixture(AnyFunSuite.scala:1564)
[info]   at org.scalatest.funsuite.AnyFunSuiteLike.invokeWithFixture$1(AnyFunSuiteLike.scala:224)
[info]   at org.scalatest.funsuite.AnyFunSuiteLike.$anonfun$runTest$1(AnyFunSuiteLike.scala:236)
[info]   at org.scalatest.SuperEngine.runTestImpl(Engine.scala:306)
[info]   at org.scalatest.funsuite.AnyFunSuiteLike.runTest(AnyFunSuiteLike.scala:236)
[info]   at org.scalatest.funsuite.AnyFunSuiteLike.runTest$(AnyFunSuiteLike.scala:218)
[info]   at org.scalatest.funsuite.AnyFunSuite.runTest(AnyFunSuite.scala:1564)
[info]   at org.scalatest.funsuite.AnyFunSuiteLike.$anonfun$runTests$1(AnyFunSuiteLike.scala:269)
[info]   at org.scalatest.SuperEngine.$anonfun$runTestsInBranch$1(Engine.scala:413)
[info]   at scala.collection.immutable.List.foreach(List.scala:334)
[info]   at org.scalatest.SuperEngine.traverseSubNodes$1(Engine.scala:401)
[info]   at org.scalatest.SuperEngine.runTestsInBranch(Engine.scala:396)
[info]   at org.scalatest.SuperEngine.runTestsImpl(Engine.scala:475)
[info]   at org.scalatest.funsuite.AnyFunSuiteLike.runTests(AnyFunSuiteLike.scala:269)
[info]   at org.scalatest.funsuite.AnyFunSuiteLike.runTests$(AnyFunSuiteLike.scala:268)
[info]   at org.scalatest.funsuite.AnyFunSuite.runTests(AnyFunSuite.scala:1564)
[info]   at org.scalatest.Suite.run(Suite.scala:1114)
[info]   at org.scalatest.Suite.run$(Suite.scala:1096)
[info]   at org.scalatest.funsuite.AnyFunSuite.org$scalatest$funsuite$AnyFunSuiteLike$$super$run(AnyFunSuite.scala:1564)
[info]   at org.scalatest.funsuite.AnyFunSuiteLike.$anonfun$run$1(AnyFunSuiteLike.scala:273)
[info]   at org.scalatest.SuperEngine.runImpl(Engine.scala:535)
[info]   at org.scalatest.funsuite.AnyFunSuiteLike.run(AnyFunSuiteLike.scala:273)
[info]   at org.scalatest.funsuite.AnyFunSuiteLike.run$(AnyFunSuiteLike.scala:272)
[info]   at frameless.TypedDatasetSuite.org$scalatest$BeforeAndAfterAll$$super$run(TypedDatasetSuite.scala:63)
[info]   at org.scalatest.BeforeAndAfterAll.liftedTree1$1(BeforeAndAfterAll.scala:213)
[info]   at org.scalatest.BeforeAndAfterAll.run(BeforeAndAfterAll.scala:210)
[info]   at org.scalatest.BeforeAndAfterAll.run$(BeforeAndAfterAll.scala:208)
[info]   at frameless.TypedDatasetSuite.run(TypedDatasetSuite.scala:63)
[info]   at org.scalatest.tools.Framework.org$scalatest$tools$Framework$$runSuite(Framework.scala:321)
[info]   at org.scalatest.tools.Framework$ScalaTestTask.execute(Framework.scala:517)
[info]   at sbt.ForkMain$Run.lambda$runTest$1(ForkMain.java:414)
[info]   at java.base/java.util.concurrent.FutureTask.run(FutureTask.java:317)
[info]   at java.base/java.util.concurrent.ThreadPoolExecutor.runWorker(ThreadPoolExecutor.java:1144)
[info]   at java.base/java.util.concurrent.ThreadPoolExecutor$Worker.run(ThreadPoolExecutor.java:642)
[info]   at java.base/java.lang.Thread.run(Thread.java:1583)
[info]   Cause: java.lang.ClassCastException: Cannot cast scala.reflect.ClassTag$GenericClassTag to org.apache.spark.sql.catalyst.expressions.Expression
[info]   at java.base/java.lang.Class.cast(Class.java:4067)
[info]   at java.base/jdk.internal.reflect.DirectConstructorHandleAccessor.newInstance(DirectConstructorHandleAccessor.java:62)
[info]   at java.base/java.lang.reflect.Constructor.newInstanceWithCaller(Constructor.java:502)
[info]   at java.base/java.lang.reflect.Constructor.newInstance(Constructor.java:486)
[info]   at frameless.TypedExpressionEncoder$.$anonfun$apply$3(TypedExpressionEncoder.scala:55)
[info]   at scala.Option.map(Option.scala:242)
[info]   at frameless.TypedExpressionEncoder$.apply(TypedExpressionEncoder.scala:54)
[info]   at frameless.TypedDataset$.create(TypedDataset.scala:1325)
[info]   at frameless.DropTupledTest.prop$1(DropTupledTest.scala:9)
[info]   at frameless.DropTupledTest.$anonfun$new$32(DropTupledTest.scala:18)
[info]   at frameless.DropTupledTest.$anonfun$new$32$adapted(DropTupledTest.scala:18)
[info]   at scala.Function1.$anonfun$andThen$1(Function1.scala:87)
[info]   at org.scalacheck.Prop$.$anonfun$forAllShrink$2(Prop.scala:868)
[info]   at org.scalacheck.Prop$.secure(Prop.scala:484)
[info]   at org.scalacheck.Prop$.result$1(Prop.scala:868)
[info]   at org.scalacheck.Prop$.$anonfun$forAllShrink$4(Prop.scala:880)
[info]   at scala.collection.immutable.Stream.map(Stream.scala:173)
[info]   at org.scalacheck.Prop$.getFirstFailure$1(Prop.scala:880)
[info]   at org.scalacheck.Prop$.shrinker$1(Prop.scala:895)
[info]   at org.scalacheck.Prop$.$anonfun$forAllShrink$1(Prop.scala:916)
[info]   at org.scalacheck.Prop$.$anonfun$apply$1(Prop.scala:305)
[info]   at org.scalacheck.PropFromFun.apply(Prop.scala:20)
[info]   at org.scalacheck.Test$.workerFun$1(Test.scala:486)
[info]   at org.scalacheck.Test$.$anonfun$check$4(Test.scala:518)
[info]   at org.scalacheck.Test$.$anonfun$check$4$adapted(Test.scala:518)
[info]   at org.scalacheck.Platform$.runWorkers(Platform.scala:42)
[info]   at org.scalacheck.Test$.check(Test.scala:518)
[info]   at org.scalatestplus.scalacheck.UnitCheckerAsserting$CheckerAssertingImpl.check(CheckerAsserting.scala:90)
[info]   at org.scalatestplus.scalacheck.Checkers.check(Checkers.scala:244)
[info]   at org.scalatestplus.scalacheck.Checkers.check$(Checkers.scala:235)
[info]   at frameless.TypedDatasetSuite.check(TypedDatasetSuite.scala:63)
[info]   at frameless.DropTupledTest.$anonfun$new$1(DropTupledTest.scala:18)
[info]   at org.scalatest.OutcomeOf.outcomeOf(OutcomeOf.scala:85)
[info]   at org.scalatest.OutcomeOf.outcomeOf$(OutcomeOf.scala:83)
[info]   at org.scalatest.OutcomeOf$.outcomeOf(OutcomeOf.scala:104)
[info]   at org.scalatest.Transformer.apply(Transformer.scala:22)
[info]   at org.scalatest.Transformer.apply(Transformer.scala:20)
[info]   at org.scalatest.funsuite.AnyFunSuiteLike$$anon$1.apply(AnyFunSuiteLike.scala:226)
[info]   at org.scalatest.TestSuite.withFixture(TestSuite.scala:196)
[info]   at org.scalatest.TestSuite.withFixture$(TestSuite.scala:195)
[info]   at org.scalatest.funsuite.AnyFunSuite.withFixture(AnyFunSuite.scala:1564)
[info]   at org.scalatest.funsuite.AnyFunSuiteLike.invokeWithFixture$1(AnyFunSuiteLike.scala:224)
[info]   at org.scalatest.funsuite.AnyFunSuiteLike.$anonfun$runTest$1(AnyFunSuiteLike.scala:236)
[info]   at org.scalatest.SuperEngine.runTestImpl(Engine.scala:306)
[info]   at org.scalatest.funsuite.AnyFunSuiteLike.runTest(AnyFunSuiteLike.scala:236)
[info]   at org.scalatest.funsuite.AnyFunSuiteLike.runTest$(AnyFunSuiteLike.scala:218)
[info]   at org.scalatest.funsuite.AnyFunSuite.runTest(AnyFunSuite.scala:1564)
[info]   at org.scalatest.funsuite.AnyFunSuiteLike.$anonfun$runTests$1(AnyFunSuiteLike.scala:269)
[info]   at org.scalatest.SuperEngine.$anonfun$runTestsInBranch$1(Engine.scala:413)
[info]   at scala.collection.immutable.List.foreach(List.scala:334)
[info]   at org.scalatest.SuperEngine.traverseSubNodes$1(Engine.scala:401)
[info]   at org.scalatest.SuperEngine.runTestsInBranch(Engine.scala:396)
[info]   at org.scalatest.SuperEngine.runTestsImpl(Engine.scala:475)
[info]   at org.scalatest.funsuite.AnyFunSuiteLike.runTests(AnyFunSuiteLike.scala:269)
[info]   at org.scalatest.funsuite.AnyFunSuiteLike.runTests$(AnyFunSuiteLike.scala:268)
[info]   at org.scalatest.funsuite.AnyFunSuite.runTests(AnyFunSuite.scala:1564)
[info]   at org.scalatest.Suite.run(Suite.scala:1114)
[info]   at org.scalatest.Suite.run$(Suite.scala:1096)
[info]   at org.scalatest.funsuite.AnyFunSuite.org$scalatest$funsuite$AnyFunSuiteLike$$super$run(AnyFunSuite.scala:1564)
[info]   at org.scalatest.funsuite.AnyFunSuiteLike.$anonfun$run$1(AnyFunSuiteLike.scala:273)
[info]   at org.scalatest.SuperEngine.runImpl(Engine.scala:535)
[info]   at org.scalatest.funsuite.AnyFunSuiteLike.run(AnyFunSuiteLike.scala:273)
[info]   at org.scalatest.funsuite.AnyFunSuiteLike.run$(AnyFunSuiteLike.scala:272)
[info]   at frameless.TypedDatasetSuite.org$scalatest$BeforeAndAfterAll$$super$run(TypedDatasetSuite.scala:63)
[info]   at org.scalatest.BeforeAndAfterAll.liftedTree1$1(BeforeAndAfterAll.scala:213)
[info]   at org.scalatest.BeforeAndAfterAll.run(BeforeAndAfterAll.scala:210)
[info]   at org.scalatest.BeforeAndAfterAll.run$(BeforeAndAfterAll.scala:208)
[info]   at frameless.TypedDatasetSuite.run(TypedDatasetSuite.scala:63)
[info]   at org.scalatest.tools.Framework.org$scalatest$tools$Framework$$runSuite(Framework.scala:321)
[info]   at org.scalatest.tools.Framework$ScalaTestTask.execute(Framework.scala:517)
[info]   at sbt.ForkMain$Run.lambda$runTest$1(ForkMain.java:414)
[info]   at java.base/java.util.concurrent.FutureTask.run(FutureTask.java:317)
[info]   at java.base/java.util.concurrent.ThreadPoolExecutor.runWorker(ThreadPoolExecutor.java:1144)
[info]   at java.base/java.util.concurrent.ThreadPoolExecutor$Worker.run(ThreadPoolExecutor.java:642)
[info]   at java.base/java.lang.Thread.run(Thread.java:1583)
[info] - drop first column *** FAILED *** (5 milliseconds)
[info]   IllegalArgumentException was thrown during property evaluation.
[info]     Message: argument type mismatch
[info]     Occurred when passed generated values (
[info]       arg0 = 0 // 32 shrinks
[info]     )
[info]   org.scalatest.exceptions.GeneratorDrivenPropertyCheckFailedException:
[info]   at org.scalatestplus.scalacheck.CheckerAsserting$$anon$2.indicateFailure(CheckerAsserting.scala:251)
[info]   at org.scalatestplus.scalacheck.CheckerAsserting$$anon$2.indicateFailure(CheckerAsserting.scala:238)
[info]   at org.scalatestplus.scalacheck.UnitCheckerAsserting$CheckerAssertingImpl.check(CheckerAsserting.scala:160)
[info]   at org.scalatestplus.scalacheck.Checkers.check(Checkers.scala:244)
[info]   at org.scalatestplus.scalacheck.Checkers.check$(Checkers.scala:235)
[info]   at frameless.TypedDatasetSuite.check(TypedDatasetSuite.scala:63)
[info]   at frameless.DropTupledTest.$anonfun$new$46(DropTupledTest.scala:33)
[info]   at org.scalatest.OutcomeOf.outcomeOf(OutcomeOf.scala:85)
[info]   at org.scalatest.OutcomeOf.outcomeOf$(OutcomeOf.scala:83)
[info]   at org.scalatest.OutcomeOf$.outcomeOf(OutcomeOf.scala:104)
[info]   at org.scalatest.Transformer.apply(Transformer.scala:22)
[info]   at org.scalatest.Transformer.apply(Transformer.scala:20)
[info]   at org.scalatest.funsuite.AnyFunSuiteLike$$anon$1.apply(AnyFunSuiteLike.scala:226)
[info]   at org.scalatest.TestSuite.withFixture(TestSuite.scala:196)
[info]   at org.scalatest.TestSuite.withFixture$(TestSuite.scala:195)
[info]   at org.scalatest.funsuite.AnyFunSuite.withFixture(AnyFunSuite.scala:1564)
[info]   at org.scalatest.funsuite.AnyFunSuiteLike.invokeWithFixture$1(AnyFunSuiteLike.scala:224)
[info]   at org.scalatest.funsuite.AnyFunSuiteLike.$anonfun$runTest$1(AnyFunSuiteLike.scala:236)
[info]   at org.scalatest.SuperEngine.runTestImpl(Engine.scala:306)
[info]   at org.scalatest.funsuite.AnyFunSuiteLike.runTest(AnyFunSuiteLike.scala:236)
[info]   at org.scalatest.funsuite.AnyFunSuiteLike.runTest$(AnyFunSuiteLike.scala:218)
[info]   at org.scalatest.funsuite.AnyFunSuite.runTest(AnyFunSuite.scala:1564)
[info]   at org.scalatest.funsuite.AnyFunSuiteLike.$anonfun$runTests$1(AnyFunSuiteLike.scala:269)
[info]   at org.scalatest.SuperEngine.$anonfun$runTestsInBranch$1(Engine.scala:413)
[info]   at scala.collection.immutable.List.foreach(List.scala:334)
[info]   at org.scalatest.SuperEngine.traverseSubNodes$1(Engine.scala:401)
[info]   at org.scalatest.SuperEngine.runTestsInBranch(Engine.scala:396)
[info]   at org.scalatest.SuperEngine.runTestsImpl(Engine.scala:475)
[info]   at org.scalatest.funsuite.AnyFunSuiteLike.runTests(AnyFunSuiteLike.scala:269)
[info]   at org.scalatest.funsuite.AnyFunSuiteLike.runTests$(AnyFunSuiteLike.scala:268)
[info]   at org.scalatest.funsuite.AnyFunSuite.runTests(AnyFunSuite.scala:1564)
[info]   at org.scalatest.Suite.run(Suite.scala:1114)
[info]   at org.scalatest.Suite.run$(Suite.scala:1096)
[info]   at org.scalatest.funsuite.AnyFunSuite.org$scalatest$funsuite$AnyFunSuiteLike$$super$run(AnyFunSuite.scala:1564)
[info]   at org.scalatest.funsuite.AnyFunSuiteLike.$anonfun$run$1(AnyFunSuiteLike.scala:273)
[info]   at org.scalatest.SuperEngine.runImpl(Engine.scala:535)
[info]   at org.scalatest.funsuite.AnyFunSuiteLike.run(AnyFunSuiteLike.scala:273)
[info]   at org.scalatest.funsuite.AnyFunSuiteLike.run$(AnyFunSuiteLike.scala:272)
[info]   at frameless.TypedDatasetSuite.org$scalatest$BeforeAndAfterAll$$super$run(TypedDatasetSuite.scala:63)
[info]   at org.scalatest.BeforeAndAfterAll.liftedTree1$1(BeforeAndAfterAll.scala:213)
[info]   at org.scalatest.BeforeAndAfterAll.run(BeforeAndAfterAll.scala:210)
[info]   at org.scalatest.BeforeAndAfterAll.run$(BeforeAndAfterAll.scala:208)
[info]   at frameless.TypedDatasetSuite.run(TypedDatasetSuite.scala:63)
[info]   at org.scalatest.tools.Framework.org$scalatest$tools$Framework$$runSuite(Framework.scala:321)
[info]   at org.scalatest.tools.Framework$ScalaTestTask.execute(Framework.scala:517)
[info]   at sbt.ForkMain$Run.lambda$runTest$1(ForkMain.java:414)
[info]   at java.base/java.util.concurrent.FutureTask.run(FutureTask.java:317)
[info]   at java.base/java.util.concurrent.ThreadPoolExecutor.runWorker(ThreadPoolExecutor.java:1144)
[info]   at java.base/java.util.concurrent.ThreadPoolExecutor$Worker.run(ThreadPoolExecutor.java:642)
[info]   at java.base/java.lang.Thread.run(Thread.java:1583)
[info]   Cause: java.lang.IllegalArgumentException: argument type mismatch
[info]   at java.base/jdk.internal.reflect.DirectConstructorHandleAccessor.newInstance(DirectConstructorHandleAccessor.java:65)
[info]   at java.base/java.lang.reflect.Constructor.newInstanceWithCaller(Constructor.java:502)
[info]   at java.base/java.lang.reflect.Constructor.newInstance(Constructor.java:486)
[info]   at frameless.TypedExpressionEncoder$.$anonfun$apply$3(TypedExpressionEncoder.scala:55)
[info]   at scala.Option.map(Option.scala:242)
[info]   at frameless.TypedExpressionEncoder$.apply(TypedExpressionEncoder.scala:54)
[info]   at frameless.TypedDataset$.create(TypedDataset.scala:1325)
[info]   at frameless.DropTupledTest.prop$2(DropTupledTest.scala:27)
[info]   at frameless.DropTupledTest.$anonfun$new$59(DropTupledTest.scala:33)
[info]   at frameless.DropTupledTest.$anonfun$new$59$adapted(DropTupledTest.scala:33)
[info]   at scala.Function1.$anonfun$andThen$1(Function1.scala:87)
[info]   at org.scalacheck.Prop$.$anonfun$forAllShrink$2(Prop.scala:868)
[info]   at org.scalacheck.Prop$.secure(Prop.scala:484)
[info]   at org.scalacheck.Prop$.result$1(Prop.scala:868)
[info]   at org.scalacheck.Prop$.$anonfun$forAllShrink$4(Prop.scala:880)
[info]   at scala.collection.immutable.Stream.map(Stream.scala:173)
[info]   at org.scalacheck.Prop$.getFirstFailure$1(Prop.scala:880)
[info]   at org.scalacheck.Prop$.shrinker$1(Prop.scala:895)
[info]   at org.scalacheck.Prop$.$anonfun$forAllShrink$1(Prop.scala:916)
[info]   at org.scalacheck.Prop$.$anonfun$apply$1(Prop.scala:305)
[info]   at org.scalacheck.PropFromFun.apply(Prop.scala:20)
[info]   at org.scalacheck.Test$.workerFun$1(Test.scala:486)
[info]   at org.scalacheck.Test$.$anonfun$check$4(Test.scala:518)
[info]   at org.scalacheck.Test$.$anonfun$check$4$adapted(Test.scala:518)
[info]   at org.scalacheck.Platform$.runWorkers(Platform.scala:42)
[info]   at org.scalacheck.Test$.check(Test.scala:518)
[info]   at org.scalatestplus.scalacheck.UnitCheckerAsserting$CheckerAssertingImpl.check(CheckerAsserting.scala:90)
[info]   at org.scalatestplus.scalacheck.Checkers.check(Checkers.scala:244)
[info]   at org.scalatestplus.scalacheck.Checkers.check$(Checkers.scala:235)
[info]   at frameless.TypedDatasetSuite.check(TypedDatasetSuite.scala:63)
[info]   at frameless.DropTupledTest.$anonfun$new$46(DropTupledTest.scala:33)
[info]   at org.scalatest.OutcomeOf.outcomeOf(OutcomeOf.scala:85)
[info]   at org.scalatest.OutcomeOf.outcomeOf$(OutcomeOf.scala:83)
[info]   at org.scalatest.OutcomeOf$.outcomeOf(OutcomeOf.scala:104)
[info]   at org.scalatest.Transformer.apply(Transformer.scala:22)
[info]   at org.scalatest.Transformer.apply(Transformer.scala:20)
[info]   at org.scalatest.funsuite.AnyFunSuiteLike$$anon$1.apply(AnyFunSuiteLike.scala:226)
[info]   at org.scalatest.TestSuite.withFixture(TestSuite.scala:196)
[info]   at org.scalatest.TestSuite.withFixture$(TestSuite.scala:195)
[info]   at org.scalatest.funsuite.AnyFunSuite.withFixture(AnyFunSuite.scala:1564)
[info]   at org.scalatest.funsuite.AnyFunSuiteLike.invokeWithFixture$1(AnyFunSuiteLike.scala:224)
[info]   at org.scalatest.funsuite.AnyFunSuiteLike.$anonfun$runTest$1(AnyFunSuiteLike.scala:236)
[info]   at org.scalatest.SuperEngine.runTestImpl(Engine.scala:306)
[info]   at org.scalatest.funsuite.AnyFunSuiteLike.runTest(AnyFunSuiteLike.scala:236)
[info]   at org.scalatest.funsuite.AnyFunSuiteLike.runTest$(AnyFunSuiteLike.scala:218)
[info]   at org.scalatest.funsuite.AnyFunSuite.runTest(AnyFunSuite.scala:1564)
[info]   at org.scalatest.funsuite.AnyFunSuiteLike.$anonfun$runTests$1(AnyFunSuiteLike.scala:269)
[info]   at org.scalatest.SuperEngine.$anonfun$runTestsInBranch$1(Engine.scala:413)
[info]   at scala.collection.immutable.List.foreach(List.scala:334)
[info]   at org.scalatest.SuperEngine.traverseSubNodes$1(Engine.scala:401)
[info]   at org.scalatest.SuperEngine.runTestsInBranch(Engine.scala:396)
[info]   at org.scalatest.SuperEngine.runTestsImpl(Engine.scala:475)
[info]   at org.scalatest.funsuite.AnyFunSuiteLike.runTests(AnyFunSuiteLike.scala:269)
[info]   at org.scalatest.funsuite.AnyFunSuiteLike.runTests$(AnyFunSuiteLike.scala:268)
[info]   at org.scalatest.funsuite.AnyFunSuite.runTests(AnyFunSuite.scala:1564)
[info]   at org.scalatest.Suite.run(Suite.scala:1114)
[info]   at org.scalatest.Suite.run$(Suite.scala:1096)
[info]   at org.scalatest.funsuite.AnyFunSuite.org$scalatest$funsuite$AnyFunSuiteLike$$super$run(AnyFunSuite.scala:1564)
[info]   at org.scalatest.funsuite.AnyFunSuiteLike.$anonfun$run$1(AnyFunSuiteLike.scala:273)
[info]   at org.scalatest.SuperEngine.runImpl(Engine.scala:535)
[info]   at org.scalatest.funsuite.AnyFunSuiteLike.run(AnyFunSuiteLike.scala:273)
[info]   at org.scalatest.funsuite.AnyFunSuiteLike.run$(AnyFunSuiteLike.scala:272)
[info]   at frameless.TypedDatasetSuite.org$scalatest$BeforeAndAfterAll$$super$run(TypedDatasetSuite.scala:63)
[info]   at org.scalatest.BeforeAndAfterAll.liftedTree1$1(BeforeAndAfterAll.scala:213)
[info]   at org.scalatest.BeforeAndAfterAll.run(BeforeAndAfterAll.scala:210)
[info]   at org.scalatest.BeforeAndAfterAll.run$(BeforeAndAfterAll.scala:208)
[info]   at frameless.TypedDatasetSuite.run(TypedDatasetSuite.scala:63)
[info]   at org.scalatest.tools.Framework.org$scalatest$tools$Framework$$runSuite(Framework.scala:321)
[info]   at org.scalatest.tools.Framework$ScalaTestTask.execute(Framework.scala:517)
[info]   at sbt.ForkMain$Run.lambda$runTest$1(ForkMain.java:414)
[info]   at java.base/java.util.concurrent.FutureTask.run(FutureTask.java:317)
[info]   at java.base/java.util.concurrent.ThreadPoolExecutor.runWorker(ThreadPoolExecutor.java:1144)
[info]   at java.base/java.util.concurrent.ThreadPoolExecutor$Worker.run(ThreadPoolExecutor.java:642)
[info]   at java.base/java.lang.Thread.run(Thread.java:1583)
[info]   Cause: java.lang.ClassCastException: Cannot cast scala.reflect.ClassTag$GenericClassTag to org.apache.spark.sql.catalyst.expressions.Expression
[info]   at java.base/java.lang.Class.cast(Class.java:4067)
[info]   at java.base/jdk.internal.reflect.DirectConstructorHandleAccessor.newInstance(DirectConstructorHandleAccessor.java:62)
[info]   at java.base/java.lang.reflect.Constructor.newInstanceWithCaller(Constructor.java:502)
[info]   at java.base/java.lang.reflect.Constructor.newInstance(Constructor.java:486)
[info]   at frameless.TypedExpressionEncoder$.$anonfun$apply$3(TypedExpressionEncoder.scala:55)
[info]   at scala.Option.map(Option.scala:242)
[info]   at frameless.TypedExpressionEncoder$.apply(TypedExpressionEncoder.scala:54)
[info]   at frameless.TypedDataset$.create(TypedDataset.scala:1325)
[info]   at frameless.DropTupledTest.prop$2(DropTupledTest.scala:27)
[info]   at frameless.DropTupledTest.$anonfun$new$59(DropTupledTest.scala:33)
[info]   at frameless.DropTupledTest.$anonfun$new$59$adapted(DropTupledTest.scala:33)
[info]   at scala.Function1.$anonfun$andThen$1(Function1.scala:87)
[info]   at org.scalacheck.Prop$.$anonfun$forAllShrink$2(Prop.scala:868)
[info]   at org.scalacheck.Prop$.secure(Prop.scala:484)
[info]   at org.scalacheck.Prop$.result$1(Prop.scala:868)
[info]   at org.scalacheck.Prop$.$anonfun$forAllShrink$4(Prop.scala:880)
[info]   at scala.collection.immutable.Stream.map(Stream.scala:173)
[info]   at org.scalacheck.Prop$.getFirstFailure$1(Prop.scala:880)
[info]   at org.scalacheck.Prop$.shrinker$1(Prop.scala:895)
[info]   at org.scalacheck.Prop$.$anonfun$forAllShrink$1(Prop.scala:916)
[info]   at org.scalacheck.Prop$.$anonfun$apply$1(Prop.scala:305)
[info]   at org.scalacheck.PropFromFun.apply(Prop.scala:20)
[info]   at org.scalacheck.Test$.workerFun$1(Test.scala:486)
[info]   at org.scalacheck.Test$.$anonfun$check$4(Test.scala:518)
[info]   at org.scalacheck.Test$.$anonfun$check$4$adapted(Test.scala:518)
[info]   at org.scalacheck.Platform$.runWorkers(Platform.scala:42)
[info]   at org.scalacheck.Test$.check(Test.scala:518)
[info]   at org.scalatestplus.scalacheck.UnitCheckerAsserting$CheckerAssertingImpl.check(CheckerAsserting.scala:90)
[info]   at org.scalatestplus.scalacheck.Checkers.check(Checkers.scala:244)
[info]   at org.scalatestplus.scalacheck.Checkers.check$(Checkers.scala:235)
[info]   at frameless.TypedDatasetSuite.check(TypedDatasetSuite.scala:63)
[info]   at frameless.DropTupledTest.$anonfun$new$46(DropTupledTest.scala:33)
[info]   at org.scalatest.OutcomeOf.outcomeOf(OutcomeOf.scala:85)
[info]   at org.scalatest.OutcomeOf.outcomeOf$(OutcomeOf.scala:83)
[info]   at org.scalatest.OutcomeOf$.outcomeOf(OutcomeOf.scala:104)
[info]   at org.scalatest.Transformer.apply(Transformer.scala:22)
[info]   at org.scalatest.Transformer.apply(Transformer.scala:20)
[info]   at org.scalatest.funsuite.AnyFunSuiteLike$$anon$1.apply(AnyFunSuiteLike.scala:226)
[info]   at org.scalatest.TestSuite.withFixture(TestSuite.scala:196)
[info]   at org.scalatest.TestSuite.withFixture$(TestSuite.scala:195)
[info]   at org.scalatest.funsuite.AnyFunSuite.withFixture(AnyFunSuite.scala:1564)
[info]   at org.scalatest.funsuite.AnyFunSuiteLike.invokeWithFixture$1(AnyFunSuiteLike.scala:224)
[info]   at org.scalatest.funsuite.AnyFunSuiteLike.$anonfun$runTest$1(AnyFunSuiteLike.scala:236)
[info]   at org.scalatest.SuperEngine.runTestImpl(Engine.scala:306)
[info]   at org.scalatest.funsuite.AnyFunSuiteLike.runTest(AnyFunSuiteLike.scala:236)
[info]   at org.scalatest.funsuite.AnyFunSuiteLike.runTest$(AnyFunSuiteLike.scala:218)
[info]   at org.scalatest.funsuite.AnyFunSuite.runTest(AnyFunSuite.scala:1564)
[info]   at org.scalatest.funsuite.AnyFunSuiteLike.$anonfun$runTests$1(AnyFunSuiteLike.scala:269)
[info]   at org.scalatest.SuperEngine.$anonfun$runTestsInBranch$1(Engine.scala:413)
[info]   at scala.collection.immutable.List.foreach(List.scala:334)
[info]   at org.scalatest.SuperEngine.traverseSubNodes$1(Engine.scala:401)
[info]   at org.scalatest.SuperEngine.runTestsInBranch(Engine.scala:396)
[info]   at org.scalatest.SuperEngine.runTestsImpl(Engine.scala:475)
[info]   at org.scalatest.funsuite.AnyFunSuiteLike.runTests(AnyFunSuiteLike.scala:269)
[info]   at org.scalatest.funsuite.AnyFunSuiteLike.runTests$(AnyFunSuiteLike.scala:268)
[info]   at org.scalatest.funsuite.AnyFunSuite.runTests(AnyFunSuite.scala:1564)
[info]   at org.scalatest.Suite.run(Suite.scala:1114)
[info]   at org.scalatest.Suite.run$(Suite.scala:1096)
[info]   at org.scalatest.funsuite.AnyFunSuite.org$scalatest$funsuite$AnyFunSuiteLike$$super$run(AnyFunSuite.scala:1564)
[info]   at org.scalatest.funsuite.AnyFunSuiteLike.$anonfun$run$1(AnyFunSuiteLike.scala:273)
[info]   at org.scalatest.SuperEngine.runImpl(Engine.scala:535)
[info]   at org.scalatest.funsuite.AnyFunSuiteLike.run(AnyFunSuiteLike.scala:273)
[info]   at org.scalatest.funsuite.AnyFunSuiteLike.run$(AnyFunSuiteLike.scala:272)
[info]   at frameless.TypedDatasetSuite.org$scalatest$BeforeAndAfterAll$$super$run(TypedDatasetSuite.scala:63)
[info]   at org.scalatest.BeforeAndAfterAll.liftedTree1$1(BeforeAndAfterAll.scala:213)
[info]   at org.scalatest.BeforeAndAfterAll.run(BeforeAndAfterAll.scala:210)
[info]   at org.scalatest.BeforeAndAfterAll.run$(BeforeAndAfterAll.scala:208)
[info]   at frameless.TypedDatasetSuite.run(TypedDatasetSuite.scala:63)
[info]   at org.scalatest.tools.Framework.org$scalatest$tools$Framework$$runSuite(Framework.scala:321)
[info]   at org.scalatest.tools.Framework$ScalaTestTask.execute(Framework.scala:517)
[info]   at sbt.ForkMain$Run.lambda$runTest$1(ForkMain.java:414)
[info]   at java.base/java.util.concurrent.FutureTask.run(FutureTask.java:317)
[info]   at java.base/java.util.concurrent.ThreadPoolExecutor.runWorker(ThreadPoolExecutor.java:1144)
[info]   at java.base/java.util.concurrent.ThreadPoolExecutor$Worker.run(ThreadPoolExecutor.java:642)
[info]   at java.base/java.lang.Thread.run(Thread.java:1583)
[info] - drop middle column *** FAILED *** (2 milliseconds)
[info]   IllegalArgumentException was thrown during property evaluation.
[info]     Message: argument type mismatch
[info]     Occurred when passed generated values (
[info]       arg0 = 0
[info]     )
[info]   org.scalatest.exceptions.GeneratorDrivenPropertyCheckFailedException:
[info]   at org.scalatestplus.scalacheck.CheckerAsserting$$anon$2.indicateFailure(CheckerAsserting.scala:251)
[info]   at org.scalatestplus.scalacheck.CheckerAsserting$$anon$2.indicateFailure(CheckerAsserting.scala:238)
[info]   at org.scalatestplus.scalacheck.UnitCheckerAsserting$CheckerAssertingImpl.check(CheckerAsserting.scala:160)
[info]   at org.scalatestplus.scalacheck.Checkers.check(Checkers.scala:244)
[info]   at org.scalatestplus.scalacheck.Checkers.check$(Checkers.scala:235)
[info]   at frameless.TypedDatasetSuite.check(TypedDatasetSuite.scala:63)
[info]   at frameless.DropTupledTest.$anonfun$new$73(DropTupledTest.scala:48)
[info]   at org.scalatest.OutcomeOf.outcomeOf(OutcomeOf.scala:85)
[info]   at org.scalatest.OutcomeOf.outcomeOf$(OutcomeOf.scala:83)
[info]   at org.scalatest.OutcomeOf$.outcomeOf(OutcomeOf.scala:104)
[info]   at org.scalatest.Transformer.apply(Transformer.scala:22)
[info]   at org.scalatest.Transformer.apply(Transformer.scala:20)
[info]   at org.scalatest.funsuite.AnyFunSuiteLike$$anon$1.apply(AnyFunSuiteLike.scala:226)
[info]   at org.scalatest.TestSuite.withFixture(TestSuite.scala:196)
[info]   at org.scalatest.TestSuite.withFixture$(TestSuite.scala:195)
[info]   at org.scalatest.funsuite.AnyFunSuite.withFixture(AnyFunSuite.scala:1564)
[info]   at org.scalatest.funsuite.AnyFunSuiteLike.invokeWithFixture$1(AnyFunSuiteLike.scala:224)
[info]   at org.scalatest.funsuite.AnyFunSuiteLike.$anonfun$runTest$1(AnyFunSuiteLike.scala:236)
[info]   at org.scalatest.SuperEngine.runTestImpl(Engine.scala:306)
[info]   at org.scalatest.funsuite.AnyFunSuiteLike.runTest(AnyFunSuiteLike.scala:236)
[info]   at org.scalatest.funsuite.AnyFunSuiteLike.runTest$(AnyFunSuiteLike.scala:218)
[info]   at org.scalatest.funsuite.AnyFunSuite.runTest(AnyFunSuite.scala:1564)
[info]   at org.scalatest.funsuite.AnyFunSuiteLike.$anonfun$runTests$1(AnyFunSuiteLike.scala:269)
[info]   at org.scalatest.SuperEngine.$anonfun$runTestsInBranch$1(Engine.scala:413)
[info]   at scala.collection.immutable.List.foreach(List.scala:334)
[info]   at org.scalatest.SuperEngine.traverseSubNodes$1(Engine.scala:401)
[info]   at org.scalatest.SuperEngine.runTestsInBranch(Engine.scala:396)
[info]   at org.scalatest.SuperEngine.runTestsImpl(Engine.scala:475)
[info]   at org.scalatest.funsuite.AnyFunSuiteLike.runTests(AnyFunSuiteLike.scala:269)
[info]   at org.scalatest.funsuite.AnyFunSuiteLike.runTests$(AnyFunSuiteLike.scala:268)
[info]   at org.scalatest.funsuite.AnyFunSuite.runTests(AnyFunSuite.scala:1564)
[info]   at org.scalatest.Suite.run(Suite.scala:1114)
[info]   at org.scalatest.Suite.run$(Suite.scala:1096)
[info]   at org.scalatest.funsuite.AnyFunSuite.org$scalatest$funsuite$AnyFunSuiteLike$$super$run(AnyFunSuite.scala:1564)
[info]   at org.scalatest.funsuite.AnyFunSuiteLike.$anonfun$run$1(AnyFunSuiteLike.scala:273)
[info]   at org.scalatest.SuperEngine.runImpl(Engine.scala:535)
[info]   at org.scalatest.funsuite.AnyFunSuiteLike.run(AnyFunSuiteLike.scala:273)
[info]   at org.scalatest.funsuite.AnyFunSuiteLike.run$(AnyFunSuiteLike.scala:272)
[info]   at frameless.TypedDatasetSuite.org$scalatest$BeforeAndAfterAll$$super$run(TypedDatasetSuite.scala:63)
[info]   at org.scalatest.BeforeAndAfterAll.liftedTree1$1(BeforeAndAfterAll.scala:213)
[info]   at org.scalatest.BeforeAndAfterAll.run(BeforeAndAfterAll.scala:210)
[info]   at org.scalatest.BeforeAndAfterAll.run$(BeforeAndAfterAll.scala:208)
[info]   at frameless.TypedDatasetSuite.run(TypedDatasetSuite.scala:63)
[info]   at org.scalatest.tools.Framework.org$scalatest$tools$Framework$$runSuite(Framework.scala:321)
[info]   at org.scalatest.tools.Framework$ScalaTestTask.execute(Framework.scala:517)
[info]   at sbt.ForkMain$Run.lambda$runTest$1(ForkMain.java:414)
[info]   at java.base/java.util.concurrent.FutureTask.run(FutureTask.java:317)
[info]   at java.base/java.util.concurrent.ThreadPoolExecutor.runWorker(ThreadPoolExecutor.java:1144)
[info]   at java.base/java.util.concurrent.ThreadPoolExecutor$Worker.run(ThreadPoolExecutor.java:642)
[info]   at java.base/java.lang.Thread.run(Thread.java:1583)
[info]   Cause: java.lang.IllegalArgumentException: argument type mismatch
[info]   at java.base/jdk.internal.reflect.DirectConstructorHandleAccessor.newInstance(DirectConstructorHandleAccessor.java:65)
[info]   at java.base/java.lang.reflect.Constructor.newInstanceWithCaller(Constructor.java:502)
[info]   at java.base/java.lang.reflect.Constructor.newInstance(Constructor.java:486)
[info]   at frameless.TypedExpressionEncoder$.$anonfun$apply$3(TypedExpressionEncoder.scala:55)
[info]   at scala.Option.map(Option.scala:242)
[info]   at frameless.TypedExpressionEncoder$.apply(TypedExpressionEncoder.scala:54)
[info]   at frameless.TypedDataset$.create(TypedDataset.scala:1325)
[info]   at frameless.DropTupledTest.prop$3(DropTupledTest.scala:42)
[info]   at frameless.DropTupledTest.$anonfun$new$86(DropTupledTest.scala:48)
[info]   at frameless.DropTupledTest.$anonfun$new$86$adapted(DropTupledTest.scala:48)
[info]   at scala.Function1.$anonfun$andThen$1(Function1.scala:87)
[info]   at org.scalacheck.Prop$.$anonfun$forAllShrink$2(Prop.scala:868)
[info]   at org.scalacheck.Prop$.secure(Prop.scala:484)
[info]   at org.scalacheck.Prop$.result$1(Prop.scala:868)
[info]   at org.scalacheck.Prop$.$anonfun$forAllShrink$1(Prop.scala:915)
[info]   at org.scalacheck.Prop$.$anonfun$apply$1(Prop.scala:305)
[info]   at org.scalacheck.PropFromFun.apply(Prop.scala:20)
[info]   at org.scalacheck.Test$.workerFun$1(Test.scala:486)
[info]   at org.scalacheck.Test$.$anonfun$check$4(Test.scala:518)
[info]   at org.scalacheck.Test$.$anonfun$check$4$adapted(Test.scala:518)
[info]   at org.scalacheck.Platform$.runWorkers(Platform.scala:42)
[info]   at org.scalacheck.Test$.check(Test.scala:518)
[info]   at org.scalatestplus.scalacheck.UnitCheckerAsserting$CheckerAssertingImpl.check(CheckerAsserting.scala:90)
[info]   at org.scalatestplus.scalacheck.Checkers.check(Checkers.scala:244)
[info]   at org.scalatestplus.scalacheck.Checkers.check$(Checkers.scala:235)
[info]   at frameless.TypedDatasetSuite.check(TypedDatasetSuite.scala:63)
[info]   at frameless.DropTupledTest.$anonfun$new$73(DropTupledTest.scala:48)
[info]   at org.scalatest.OutcomeOf.outcomeOf(OutcomeOf.scala:85)
[info]   at org.scalatest.OutcomeOf.outcomeOf$(OutcomeOf.scala:83)
[info]   at org.scalatest.OutcomeOf$.outcomeOf(OutcomeOf.scala:104)
[info]   at org.scalatest.Transformer.apply(Transformer.scala:22)
[info]   at org.scalatest.Transformer.apply(Transformer.scala:20)
[info]   at org.scalatest.funsuite.AnyFunSuiteLike$$anon$1.apply(AnyFunSuiteLike.scala:226)
[info]   at org.scalatest.TestSuite.withFixture(TestSuite.scala:196)
[info]   at org.scalatest.TestSuite.withFixture$(TestSuite.scala:195)
[info]   at org.scalatest.funsuite.AnyFunSuite.withFixture(AnyFunSuite.scala:1564)
[info]   at org.scalatest.funsuite.AnyFunSuiteLike.invokeWithFixture$1(AnyFunSuiteLike.scala:224)
[info]   at org.scalatest.funsuite.AnyFunSuiteLike.$anonfun$runTest$1(AnyFunSuiteLike.scala:236)
[info]   at org.scalatest.SuperEngine.runTestImpl(Engine.scala:306)
[info]   at org.scalatest.funsuite.AnyFunSuiteLike.runTest(AnyFunSuiteLike.scala:236)
[info]   at org.scalatest.funsuite.AnyFunSuiteLike.runTest$(AnyFunSuiteLike.scala:218)
[info]   at org.scalatest.funsuite.AnyFunSuite.runTest(AnyFunSuite.scala:1564)
[info]   at org.scalatest.funsuite.AnyFunSuiteLike.$anonfun$runTests$1(AnyFunSuiteLike.scala:269)
[info]   at org.scalatest.SuperEngine.$anonfun$runTestsInBranch$1(Engine.scala:413)
[info]   at scala.collection.immutable.List.foreach(List.scala:334)
[info]   at org.scalatest.SuperEngine.traverseSubNodes$1(Engine.scala:401)
[info]   at org.scalatest.SuperEngine.runTestsInBranch(Engine.scala:396)
[info]   at org.scalatest.SuperEngine.runTestsImpl(Engine.scala:475)
[info]   at org.scalatest.funsuite.AnyFunSuiteLike.runTests(AnyFunSuiteLike.scala:269)
[info]   at org.scalatest.funsuite.AnyFunSuiteLike.runTests$(AnyFunSuiteLike.scala:268)
[info]   at org.scalatest.funsuite.AnyFunSuite.runTests(AnyFunSuite.scala:1564)
[info]   at org.scalatest.Suite.run(Suite.scala:1114)
[info]   at org.scalatest.Suite.run$(Suite.scala:1096)
[info]   at org.scalatest.funsuite.AnyFunSuite.org$scalatest$funsuite$AnyFunSuiteLike$$super$run(AnyFunSuite.scala:1564)
[info]   at org.scalatest.funsuite.AnyFunSuiteLike.$anonfun$run$1(AnyFunSuiteLike.scala:273)
[info]   at org.scalatest.SuperEngine.runImpl(Engine.scala:535)
[info]   at org.scalatest.funsuite.AnyFunSuiteLike.run(AnyFunSuiteLike.scala:273)
[info]   at org.scalatest.funsuite.AnyFunSuiteLike.run$(AnyFunSuiteLike.scala:272)
[info]   at frameless.TypedDatasetSuite.org$scalatest$BeforeAndAfterAll$$super$run(TypedDatasetSuite.scala:63)
[info]   at org.scalatest.BeforeAndAfterAll.liftedTree1$1(BeforeAndAfterAll.scala:213)
[info]   at org.scalatest.BeforeAndAfterAll.run(BeforeAndAfterAll.scala:210)
[info]   at org.scalatest.BeforeAndAfterAll.run$(BeforeAndAfterAll.scala:208)
[info]   at frameless.TypedDatasetSuite.run(TypedDatasetSuite.scala:63)
[info]   at org.scalatest.tools.Framework.org$scalatest$tools$Framework$$runSuite(Framework.scala:321)
[info]   at org.scalatest.tools.Framework$ScalaTestTask.execute(Framework.scala:517)
[info]   at sbt.ForkMain$Run.lambda$runTest$1(ForkMain.java:414)
[info]   at java.base/java.util.concurrent.FutureTask.run(FutureTask.java:317)
[info]   at java.base/java.util.concurrent.ThreadPoolExecutor.runWorker(ThreadPoolExecutor.java:1144)
[info]   at java.base/java.util.concurrent.ThreadPoolExecutor$Worker.run(ThreadPoolExecutor.java:642)
[info]   at java.base/java.lang.Thread.run(Thread.java:1583)
[info]   Cause: java.lang.ClassCastException: Cannot cast scala.reflect.ClassTag$GenericClassTag to org.apache.spark.sql.catalyst.expressions.Expression
[info]   at java.base/java.lang.Class.cast(Class.java:4067)
[info]   at java.base/jdk.internal.reflect.DirectConstructorHandleAccessor.newInstance(DirectConstructorHandleAccessor.java:62)
[info]   at java.base/java.lang.reflect.Constructor.newInstanceWithCaller(Constructor.java:502)
[info]   at java.base/java.lang.reflect.Constructor.newInstance(Constructor.java:486)
[info]   at frameless.TypedExpressionEncoder$.$anonfun$apply$3(TypedExpressionEncoder.scala:55)
[info]   at scala.Option.map(Option.scala:242)
[info]   at frameless.TypedExpressionEncoder$.apply(TypedExpressionEncoder.scala:54)
[info]   at frameless.TypedDataset$.create(TypedDataset.scala:1325)
[info]   at frameless.DropTupledTest.prop$3(DropTupledTest.scala:42)
[info]   at frameless.DropTupledTest.$anonfun$new$86(DropTupledTest.scala:48)
[info]   at frameless.DropTupledTest.$anonfun$new$86$adapted(DropTupledTest.scala:48)
[info]   at scala.Function1.$anonfun$andThen$1(Function1.scala:87)
[info]   at org.scalacheck.Prop$.$anonfun$forAllShrink$2(Prop.scala:868)
[info]   at org.scalacheck.Prop$.secure(Prop.scala:484)
[info]   at org.scalacheck.Prop$.result$1(Prop.scala:868)
[info]   at org.scalacheck.Prop$.$anonfun$forAllShrink$1(Prop.scala:915)
[info]   at org.scalacheck.Prop$.$anonfun$apply$1(Prop.scala:305)
[info]   at org.scalacheck.PropFromFun.apply(Prop.scala:20)
[info]   at org.scalacheck.Test$.workerFun$1(Test.scala:486)
[info]   at org.scalacheck.Test$.$anonfun$check$4(Test.scala:518)
[info]   at org.scalacheck.Test$.$anonfun$check$4$adapted(Test.scala:518)
[info]   at org.scalacheck.Platform$.runWorkers(Platform.scala:42)
[info]   at org.scalacheck.Test$.check(Test.scala:518)
[info]   at org.scalatestplus.scalacheck.UnitCheckerAsserting$CheckerAssertingImpl.check(CheckerAsserting.scala:90)
[info]   at org.scalatestplus.scalacheck.Checkers.check(Checkers.scala:244)
[info]   at org.scalatestplus.scalacheck.Checkers.check$(Checkers.scala:235)
[info]   at frameless.TypedDatasetSuite.check(TypedDatasetSuite.scala:63)
[info]   at frameless.DropTupledTest.$anonfun$new$73(DropTupledTest.scala:48)
[info]   at org.scalatest.OutcomeOf.outcomeOf(OutcomeOf.scala:85)
[info]   at org.scalatest.OutcomeOf.outcomeOf$(OutcomeOf.scala:83)
[info]   at org.scalatest.OutcomeOf$.outcomeOf(OutcomeOf.scala:104)
[info]   at org.scalatest.Transformer.apply(Transformer.scala:22)
[info]   at org.scalatest.Transformer.apply(Transformer.scala:20)
[info]   at org.scalatest.funsuite.AnyFunSuiteLike$$anon$1.apply(AnyFunSuiteLike.scala:226)
[info]   at org.scalatest.TestSuite.withFixture(TestSuite.scala:196)
[info]   at org.scalatest.TestSuite.withFixture$(TestSuite.scala:195)
[info]   at org.scalatest.funsuite.AnyFunSuite.withFixture(AnyFunSuite.scala:1564)
[info]   at org.scalatest.funsuite.AnyFunSuiteLike.invokeWithFixture$1(AnyFunSuiteLike.scala:224)
[info]   at org.scalatest.funsuite.AnyFunSuiteLike.$anonfun$runTest$1(AnyFunSuiteLike.scala:236)
[info]   at org.scalatest.SuperEngine.runTestImpl(Engine.scala:306)
[info]   at org.scalatest.funsuite.AnyFunSuiteLike.runTest(AnyFunSuiteLike.scala:236)
[info]   at org.scalatest.funsuite.AnyFunSuiteLike.runTest$(AnyFunSuiteLike.scala:218)
[info]   at org.scalatest.funsuite.AnyFunSuite.runTest(AnyFunSuite.scala:1564)
[info]   at org.scalatest.funsuite.AnyFunSuiteLike.$anonfun$runTests$1(AnyFunSuiteLike.scala:269)
[info]   at org.scalatest.SuperEngine.$anonfun$runTestsInBranch$1(Engine.scala:413)
[info]   at scala.collection.immutable.List.foreach(List.scala:334)
[info]   at org.scalatest.SuperEngine.traverseSubNodes$1(Engine.scala:401)
[info]   at org.scalatest.SuperEngine.runTestsInBranch(Engine.scala:396)
[info]   at org.scalatest.SuperEngine.runTestsImpl(Engine.scala:475)
[info]   at org.scalatest.funsuite.AnyFunSuiteLike.runTests(AnyFunSuiteLike.scala:269)
[info]   at org.scalatest.funsuite.AnyFunSuiteLike.runTests$(AnyFunSuiteLike.scala:268)
[info]   at org.scalatest.funsuite.AnyFunSuite.runTests(AnyFunSuite.scala:1564)
[info]   at org.scalatest.Suite.run(Suite.scala:1114)
[info]   at org.scalatest.Suite.run$(Suite.scala:1096)
[info]   at org.scalatest.funsuite.AnyFunSuite.org$scalatest$funsuite$AnyFunSuiteLike$$super$run(AnyFunSuite.scala:1564)
[info]   at org.scalatest.funsuite.AnyFunSuiteLike.$anonfun$run$1(AnyFunSuiteLike.scala:273)
[info]   at org.scalatest.SuperEngine.runImpl(Engine.scala:535)
[info]   at org.scalatest.funsuite.AnyFunSuiteLike.run(AnyFunSuiteLike.scala:273)
[info]   at org.scalatest.funsuite.AnyFunSuiteLike.run$(AnyFunSuiteLike.scala:272)
[info]   at frameless.TypedDatasetSuite.org$scalatest$BeforeAndAfterAll$$super$run(TypedDatasetSuite.scala:63)
[info]   at org.scalatest.BeforeAndAfterAll.liftedTree1$1(BeforeAndAfterAll.scala:213)
[info]   at org.scalatest.BeforeAndAfterAll.run(BeforeAndAfterAll.scala:210)
[info]   at org.scalatest.BeforeAndAfterAll.run$(BeforeAndAfterAll.scala:208)
[info]   at frameless.TypedDatasetSuite.run(TypedDatasetSuite.scala:63)
[info]   at org.scalatest.tools.Framework.org$scalatest$tools$Framework$$runSuite(Framework.scala:321)
[info]   at org.scalatest.tools.Framework$ScalaTestTask.execute(Framework.scala:517)
[info]   at sbt.ForkMain$Run.lambda$runTest$1(ForkMain.java:414)
[info]   at java.base/java.util.concurrent.FutureTask.run(FutureTask.java:317)
[info]   at java.base/java.util.concurrent.ThreadPoolExecutor.runWorker(ThreadPoolExecutor.java:1144)
[info]   at java.base/java.util.concurrent.ThreadPoolExecutor$Worker.run(ThreadPoolExecutor.java:642)
[info]   at java.base/java.lang.Thread.run(Thread.java:1583)
[info] - drop last column *** FAILED *** (4 milliseconds)
[info]   IllegalArgumentException was thrown during property evaluation.
[info]     Message: argument type mismatch
[info]     Occurred when passed generated values (
[info]       arg0 = 0 // 32 shrinks
[info]     )
[info]   org.scalatest.exceptions.GeneratorDrivenPropertyCheckFailedException:
[info]   at org.scalatestplus.scalacheck.CheckerAsserting$$anon$2.indicateFailure(CheckerAsserting.scala:251)
[info]   at org.scalatestplus.scalacheck.CheckerAsserting$$anon$2.indicateFailure(CheckerAsserting.scala:238)
[info]   at org.scalatestplus.scalacheck.UnitCheckerAsserting$CheckerAssertingImpl.check(CheckerAsserting.scala:160)
[info]   at org.scalatestplus.scalacheck.Checkers.check(Checkers.scala:244)
[info]   at org.scalatestplus.scalacheck.Checkers.check$(Checkers.scala:235)
[info]   at frameless.TypedDatasetSuite.check(TypedDatasetSuite.scala:63)
[info]   at frameless.DropTupledTest.$anonfun$new$100(DropTupledTest.scala:63)
[info]   at org.scalatest.OutcomeOf.outcomeOf(OutcomeOf.scala:85)
[info]   at org.scalatest.OutcomeOf.outcomeOf$(OutcomeOf.scala:83)
[info]   at org.scalatest.OutcomeOf$.outcomeOf(OutcomeOf.scala:104)
[info]   at org.scalatest.Transformer.apply(Transformer.scala:22)
[info]   at org.scalatest.Transformer.apply(Transformer.scala:20)
[info]   at org.scalatest.funsuite.AnyFunSuiteLike$$anon$1.apply(AnyFunSuiteLike.scala:226)
[info]   at org.scalatest.TestSuite.withFixture(TestSuite.scala:196)
[info]   at org.scalatest.TestSuite.withFixture$(TestSuite.scala:195)
[info]   at org.scalatest.funsuite.AnyFunSuite.withFixture(AnyFunSuite.scala:1564)
[info]   at org.scalatest.funsuite.AnyFunSuiteLike.invokeWithFixture$1(AnyFunSuiteLike.scala:224)
[info]   at org.scalatest.funsuite.AnyFunSuiteLike.$anonfun$runTest$1(AnyFunSuiteLike.scala:236)
[info]   at org.scalatest.SuperEngine.runTestImpl(Engine.scala:306)
[info]   at org.scalatest.funsuite.AnyFunSuiteLike.runTest(AnyFunSuiteLike.scala:236)
[info]   at org.scalatest.funsuite.AnyFunSuiteLike.runTest$(AnyFunSuiteLike.scala:218)
[info]   at org.scalatest.funsuite.AnyFunSuite.runTest(AnyFunSuite.scala:1564)
[info]   at org.scalatest.funsuite.AnyFunSuiteLike.$anonfun$runTests$1(AnyFunSuiteLike.scala:269)
[info]   at org.scalatest.SuperEngine.$anonfun$runTestsInBranch$1(Engine.scala:413)
[info]   at scala.collection.immutable.List.foreach(List.scala:334)
[info]   at org.scalatest.SuperEngine.traverseSubNodes$1(Engine.scala:401)
[info]   at org.scalatest.SuperEngine.runTestsInBranch(Engine.scala:396)
[info]   at org.scalatest.SuperEngine.runTestsImpl(Engine.scala:475)
[info]   at org.scalatest.funsuite.AnyFunSuiteLike.runTests(AnyFunSuiteLike.scala:269)
[info]   at org.scalatest.funsuite.AnyFunSuiteLike.runTests$(AnyFunSuiteLike.scala:268)
[info]   at org.scalatest.funsuite.AnyFunSuite.runTests(AnyFunSuite.scala:1564)
[info]   at org.scalatest.Suite.run(Suite.scala:1114)
[info]   at org.scalatest.Suite.run$(Suite.scala:1096)
[info]   at org.scalatest.funsuite.AnyFunSuite.org$scalatest$funsuite$AnyFunSuiteLike$$super$run(AnyFunSuite.scala:1564)
[info]   at org.scalatest.funsuite.AnyFunSuiteLike.$anonfun$run$1(AnyFunSuiteLike.scala:273)
[info]   at org.scalatest.SuperEngine.runImpl(Engine.scala:535)
[info]   at org.scalatest.funsuite.AnyFunSuiteLike.run(AnyFunSuiteLike.scala:273)
[info]   at org.scalatest.funsuite.AnyFunSuiteLike.run$(AnyFunSuiteLike.scala:272)
[info]   at frameless.TypedDatasetSuite.org$scalatest$BeforeAndAfterAll$$super$run(TypedDatasetSuite.scala:63)
[info]   at org.scalatest.BeforeAndAfterAll.liftedTree1$1(BeforeAndAfterAll.scala:213)
[info]   at org.scalatest.BeforeAndAfterAll.run(BeforeAndAfterAll.scala:210)
[info]   at org.scalatest.BeforeAndAfterAll.run$(BeforeAndAfterAll.scala:208)
[info]   at frameless.TypedDatasetSuite.run(TypedDatasetSuite.scala:63)
[info]   at org.scalatest.tools.Framework.org$scalatest$tools$Framework$$runSuite(Framework.scala:321)
[info]   at org.scalatest.tools.Framework$ScalaTestTask.execute(Framework.scala:517)
[info]   at sbt.ForkMain$Run.lambda$runTest$1(ForkMain.java:414)
[info]   at java.base/java.util.concurrent.FutureTask.run(FutureTask.java:317)
[info]   at java.base/java.util.concurrent.ThreadPoolExecutor.runWorker(ThreadPoolExecutor.java:1144)
[info]   at java.base/java.util.concurrent.ThreadPoolExecutor$Worker.run(ThreadPoolExecutor.java:642)
[info]   at java.base/java.lang.Thread.run(Thread.java:1583)
[info]   Cause: java.lang.IllegalArgumentException: argument type mismatch
[info]   at java.base/jdk.internal.reflect.DirectConstructorHandleAccessor.newInstance(DirectConstructorHandleAccessor.java:65)
[info]   at java.base/java.lang.reflect.Constructor.newInstanceWithCaller(Constructor.java:502)
[info]   at java.base/java.lang.reflect.Constructor.newInstance(Constructor.java:486)
[info]   at frameless.TypedExpressionEncoder$.$anonfun$apply$3(TypedExpressionEncoder.scala:55)
[info]   at scala.Option.map(Option.scala:242)
[info]   at frameless.TypedExpressionEncoder$.apply(TypedExpressionEncoder.scala:54)
[info]   at frameless.TypedDataset$.create(TypedDataset.scala:1325)
[info]   at frameless.DropTupledTest.prop$4(DropTupledTest.scala:57)
[info]   at frameless.DropTupledTest.$anonfun$new$113(DropTupledTest.scala:63)
[info]   at frameless.DropTupledTest.$anonfun$new$113$adapted(DropTupledTest.scala:63)
[info]   at scala.Function1.$anonfun$andThen$1(Function1.scala:87)
[info]   at org.scalacheck.Prop$.$anonfun$forAllShrink$2(Prop.scala:868)
[info]   at org.scalacheck.Prop$.secure(Prop.scala:484)
[info]   at org.scalacheck.Prop$.result$1(Prop.scala:868)
[info]   at org.scalacheck.Prop$.$anonfun$forAllShrink$4(Prop.scala:880)
[info]   at scala.collection.immutable.Stream.map(Stream.scala:173)
[info]   at org.scalacheck.Prop$.getFirstFailure$1(Prop.scala:880)
[info]   at org.scalacheck.Prop$.shrinker$1(Prop.scala:895)
[info]   at org.scalacheck.Prop$.$anonfun$forAllShrink$1(Prop.scala:916)
[info]   at org.scalacheck.Prop$.$anonfun$apply$1(Prop.scala:305)
[info]   at org.scalacheck.PropFromFun.apply(Prop.scala:20)
[info]   at org.scalacheck.Test$.workerFun$1(Test.scala:486)
[info]   at org.scalacheck.Test$.$anonfun$check$4(Test.scala:518)
[info]   at org.scalacheck.Test$.$anonfun$check$4$adapted(Test.scala:518)
[info]   at org.scalacheck.Platform$.runWorkers(Platform.scala:42)
[info]   at org.scalacheck.Test$.check(Test.scala:518)
[info]   at org.scalatestplus.scalacheck.UnitCheckerAsserting$CheckerAssertingImpl.check(CheckerAsserting.scala:90)
[info]   at org.scalatestplus.scalacheck.Checkers.check(Checkers.scala:244)
[info]   at org.scalatestplus.scalacheck.Checkers.check$(Checkers.scala:235)
[info]   at frameless.TypedDatasetSuite.check(TypedDatasetSuite.scala:63)
[info]   at frameless.DropTupledTest.$anonfun$new$100(DropTupledTest.scala:63)
[info]   at org.scalatest.OutcomeOf.outcomeOf(OutcomeOf.scala:85)
[info]   at org.scalatest.OutcomeOf.outcomeOf$(OutcomeOf.scala:83)
[info]   at org.scalatest.OutcomeOf$.outcomeOf(OutcomeOf.scala:104)
[info]   at org.scalatest.Transformer.apply(Transformer.scala:22)
[info]   at org.scalatest.Transformer.apply(Transformer.scala:20)
[info]   at org.scalatest.funsuite.AnyFunSuiteLike$$anon$1.apply(AnyFunSuiteLike.scala:226)
[info]   at org.scalatest.TestSuite.withFixture(TestSuite.scala:196)
[info]   at org.scalatest.TestSuite.withFixture$(TestSuite.scala:195)
[info]   at org.scalatest.funsuite.AnyFunSuite.withFixture(AnyFunSuite.scala:1564)
[info]   at org.scalatest.funsuite.AnyFunSuiteLike.invokeWithFixture$1(AnyFunSuiteLike.scala:224)
[info]   at org.scalatest.funsuite.AnyFunSuiteLike.$anonfun$runTest$1(AnyFunSuiteLike.scala:236)
[info]   at org.scalatest.SuperEngine.runTestImpl(Engine.scala:306)
[info]   at org.scalatest.funsuite.AnyFunSuiteLike.runTest(AnyFunSuiteLike.scala:236)
[info]   at org.scalatest.funsuite.AnyFunSuiteLike.runTest$(AnyFunSuiteLike.scala:218)
[info]   at org.scalatest.funsuite.AnyFunSuite.runTest(AnyFunSuite.scala:1564)
[info]   at org.scalatest.funsuite.AnyFunSuiteLike.$anonfun$runTests$1(AnyFunSuiteLike.scala:269)
[info]   at org.scalatest.SuperEngine.$anonfun$runTestsInBranch$1(Engine.scala:413)
[info]   at scala.collection.immutable.List.foreach(List.scala:334)
[info]   at org.scalatest.SuperEngine.traverseSubNodes$1(Engine.scala:401)
[info]   at org.scalatest.SuperEngine.runTestsInBranch(Engine.scala:396)
[info]   at org.scalatest.SuperEngine.runTestsImpl(Engine.scala:475)
[info]   at org.scalatest.funsuite.AnyFunSuiteLike.runTests(AnyFunSuiteLike.scala:269)
[info]   at org.scalatest.funsuite.AnyFunSuiteLike.runTests$(AnyFunSuiteLike.scala:268)
[info]   at org.scalatest.funsuite.AnyFunSuite.runTests(AnyFunSuite.scala:1564)
[info]   at org.scalatest.Suite.run(Suite.scala:1114)
[info]   at org.scalatest.Suite.run$(Suite.scala:1096)
[info]   at org.scalatest.funsuite.AnyFunSuite.org$scalatest$funsuite$AnyFunSuiteLike$$super$run(AnyFunSuite.scala:1564)
[info]   at org.scalatest.funsuite.AnyFunSuiteLike.$anonfun$run$1(AnyFunSuiteLike.scala:273)
[info]   at org.scalatest.SuperEngine.runImpl(Engine.scala:535)
[info]   at org.scalatest.funsuite.AnyFunSuiteLike.run(AnyFunSuiteLike.scala:273)
[info]   at org.scalatest.funsuite.AnyFunSuiteLike.run$(AnyFunSuiteLike.scala:272)
[info]   at frameless.TypedDatasetSuite.org$scalatest$BeforeAndAfterAll$$super$run(TypedDatasetSuite.scala:63)
[info]   at org.scalatest.BeforeAndAfterAll.liftedTree1$1(BeforeAndAfterAll.scala:213)
[info]   at org.scalatest.BeforeAndAfterAll.run(BeforeAndAfterAll.scala:210)
[info]   at org.scalatest.BeforeAndAfterAll.run$(BeforeAndAfterAll.scala:208)
[info]   at frameless.TypedDatasetSuite.run(TypedDatasetSuite.scala:63)
[info]   at org.scalatest.tools.Framework.org$scalatest$tools$Framework$$runSuite(Framework.scala:321)
[info]   at org.scalatest.tools.Framework$ScalaTestTask.execute(Framework.scala:517)
[info]   at sbt.ForkMain$Run.lambda$runTest$1(ForkMain.java:414)
[info]   at java.base/java.util.concurrent.FutureTask.run(FutureTask.java:317)
[info]   at java.base/java.util.concurrent.ThreadPoolExecutor.runWorker(ThreadPoolExecutor.java:1144)
[info]   at java.base/java.util.concurrent.ThreadPoolExecutor$Worker.run(ThreadPoolExecutor.java:642)
[info]   at java.base/java.lang.Thread.run(Thread.java:1583)
[info]   Cause: java.lang.ClassCastException: Cannot cast scala.reflect.ClassTag$GenericClassTag to org.apache.spark.sql.catalyst.expressions.Expression
[info]   at java.base/java.lang.Class.cast(Class.java:4067)
[info]   at java.base/jdk.internal.reflect.DirectConstructorHandleAccessor.newInstance(DirectConstructorHandleAccessor.java:62)
[info]   at java.base/java.lang.reflect.Constructor.newInstanceWithCaller(Constructor.java:502)
[info]   at java.base/java.lang.reflect.Constructor.newInstance(Constructor.java:486)
[info]   at frameless.TypedExpressionEncoder$.$anonfun$apply$3(TypedExpressionEncoder.scala:55)
[info]   at scala.Option.map(Option.scala:242)
[info]   at frameless.TypedExpressionEncoder$.apply(TypedExpressionEncoder.scala:54)
[info]   at frameless.TypedDataset$.create(TypedDataset.scala:1325)
[info]   at frameless.DropTupledTest.prop$4(DropTupledTest.scala:57)
[info]   at frameless.DropTupledTest.$anonfun$new$113(DropTupledTest.scala:63)
[info]   at frameless.DropTupledTest.$anonfun$new$113$adapted(DropTupledTest.scala:63)
[info]   at scala.Function1.$anonfun$andThen$1(Function1.scala:87)
[info]   at org.scalacheck.Prop$.$anonfun$forAllShrink$2(Prop.scala:868)
[info]   at org.scalacheck.Prop$.secure(Prop.scala:484)
[info]   at org.scalacheck.Prop$.result$1(Prop.scala:868)
[info]   at org.scalacheck.Prop$.$anonfun$forAllShrink$4(Prop.scala:880)
[info]   at scala.collection.immutable.Stream.map(Stream.scala:173)
[info]   at org.scalacheck.Prop$.getFirstFailure$1(Prop.scala:880)
[info]   at org.scalacheck.Prop$.shrinker$1(Prop.scala:895)
[info]   at org.scalacheck.Prop$.$anonfun$forAllShrink$1(Prop.scala:916)
[info]   at org.scalacheck.Prop$.$anonfun$apply$1(Prop.scala:305)
[info]   at org.scalacheck.PropFromFun.apply(Prop.scala:20)
[info]   at org.scalacheck.Test$.workerFun$1(Test.scala:486)
[info]   at org.scalacheck.Test$.$anonfun$check$4(Test.scala:518)
[info]   at org.scalacheck.Test$.$anonfun$check$4$adapted(Test.scala:518)
[info]   at org.scalacheck.Platform$.runWorkers(Platform.scala:42)
[info]   at org.scalacheck.Test$.check(Test.scala:518)
[info]   at org.scalatestplus.scalacheck.UnitCheckerAsserting$CheckerAssertingImpl.check(CheckerAsserting.scala:90)
[info]   at org.scalatestplus.scalacheck.Checkers.check(Checkers.scala:244)
[info]   at org.scalatestplus.scalacheck.Checkers.check$(Checkers.scala:235)
[info]   at frameless.TypedDatasetSuite.check(TypedDatasetSuite.scala:63)
[info]   at frameless.DropTupledTest.$anonfun$new$100(DropTupledTest.scala:63)
[info]   at org.scalatest.OutcomeOf.outcomeOf(OutcomeOf.scala:85)
[info]   at org.scalatest.OutcomeOf.outcomeOf$(OutcomeOf.scala:83)
[info]   at org.scalatest.OutcomeOf$.outcomeOf(OutcomeOf.scala:104)
[info]   at org.scalatest.Transformer.apply(Transformer.scala:22)
[info]   at org.scalatest.Transformer.apply(Transformer.scala:20)
[info]   at org.scalatest.funsuite.AnyFunSuiteLike$$anon$1.apply(AnyFunSuiteLike.scala:226)
[info]   at org.scalatest.TestSuite.withFixture(TestSuite.scala:196)
[info]   at org.scalatest.TestSuite.withFixture$(TestSuite.scala:195)
[info]   at org.scalatest.funsuite.AnyFunSuite.withFixture(AnyFunSuite.scala:1564)
[info]   at org.scalatest.funsuite.AnyFunSuiteLike.invokeWithFixture$1(AnyFunSuiteLike.scala:224)
[info]   at org.scalatest.funsuite.AnyFunSuiteLike.$anonfun$runTest$1(AnyFunSuiteLike.scala:236)
[info]   at org.scalatest.SuperEngine.runTestImpl(Engine.scala:306)
[info]   at org.scalatest.funsuite.AnyFunSuiteLike.runTest(AnyFunSuiteLike.scala:236)
[info]   at org.scalatest.funsuite.AnyFunSuiteLike.runTest$(AnyFunSuiteLike.scala:218)
[info]   at org.scalatest.funsuite.AnyFunSuite.runTest(AnyFunSuite.scala:1564)
[info]   at org.scalatest.funsuite.AnyFunSuiteLike.$anonfun$runTests$1(AnyFunSuiteLike.scala:269)
[info]   at org.scalatest.SuperEngine.$anonfun$runTestsInBranch$1(Engine.scala:413)
[info]   at scala.collection.immutable.List.foreach(List.scala:334)
[info]   at org.scalatest.SuperEngine.traverseSubNodes$1(Engine.scala:401)
[info]   at org.scalatest.SuperEngine.runTestsInBranch(Engine.scala:396)
[info]   at org.scalatest.SuperEngine.runTestsImpl(Engine.scala:475)
[info]   at org.scalatest.funsuite.AnyFunSuiteLike.runTests(AnyFunSuiteLike.scala:269)
[info]   at org.scalatest.funsuite.AnyFunSuiteLike.runTests$(AnyFunSuiteLike.scala:268)
[info]   at org.scalatest.funsuite.AnyFunSuite.runTests(AnyFunSuite.scala:1564)
[info]   at org.scalatest.Suite.run(Suite.scala:1114)
[info]   at org.scalatest.Suite.run$(Suite.scala:1096)
[info]   at org.scalatest.funsuite.AnyFunSuite.org$scalatest$funsuite$AnyFunSuiteLike$$super$run(AnyFunSuite.scala:1564)
[info]   at org.scalatest.funsuite.AnyFunSuiteLike.$anonfun$run$1(AnyFunSuiteLike.scala:273)
[info]   at org.scalatest.SuperEngine.runImpl(Engine.scala:535)
[info]   at org.scalatest.funsuite.AnyFunSuiteLike.run(AnyFunSuiteLike.scala:273)
[info]   at org.scalatest.funsuite.AnyFunSuiteLike.run$(AnyFunSuiteLike.scala:272)
[info]   at frameless.TypedDatasetSuite.org$scalatest$BeforeAndAfterAll$$super$run(TypedDatasetSuite.scala:63)
[info]   at org.scalatest.BeforeAndAfterAll.liftedTree1$1(BeforeAndAfterAll.scala:213)
[info]   at org.scalatest.BeforeAndAfterAll.run(BeforeAndAfterAll.scala:210)
[info]   at org.scalatest.BeforeAndAfterAll.run$(BeforeAndAfterAll.scala:208)
[info]   at frameless.TypedDatasetSuite.run(TypedDatasetSuite.scala:63)
[info]   at org.scalatest.tools.Framework.org$scalatest$tools$Framework$$runSuite(Framework.scala:321)
[info]   at org.scalatest.tools.Framework$ScalaTestTask.execute(Framework.scala:517)
[info]   at sbt.ForkMain$Run.lambda$runTest$1(ForkMain.java:414)
[info]   at java.base/java.util.concurrent.FutureTask.run(FutureTask.java:317)
[info]   at java.base/java.util.concurrent.ThreadPoolExecutor.runWorker(ThreadPoolExecutor.java:1144)
[info]   at java.base/java.util.concurrent.ThreadPoolExecutor$Worker.run(ThreadPoolExecutor.java:642)
[info]   at java.base/java.lang.Thread.run(Thread.java:1583)
[info] InputFilesTests:
[info] - inputFiles *** FAILED *** (1 millisecond)
[info]   IllegalArgumentException was thrown during property evaluation.
[info]     Message: argument type mismatch
[info]     Occurred when passed generated values (
[info]       arg0 = Vector()
[info]     )
[info]   org.scalatest.exceptions.GeneratorDrivenPropertyCheckFailedException:
[info]   at org.scalatestplus.scalacheck.CheckerAsserting$$anon$2.indicateFailure(CheckerAsserting.scala:251)
[info]   at org.scalatestplus.scalacheck.CheckerAsserting$$anon$2.indicateFailure(CheckerAsserting.scala:238)
[info]   at org.scalatestplus.scalacheck.UnitCheckerAsserting$CheckerAssertingImpl.check(CheckerAsserting.scala:160)
[info]   at org.scalatestplus.scalacheck.Checkers.check(Checkers.scala:371)
[info]   at org.scalatestplus.scalacheck.Checkers.check$(Checkers.scala:369)
[info]   at frameless.TypedDatasetSuite.check(TypedDatasetSuite.scala:63)
[info]   at frameless.InputFilesTests.$anonfun$new$1(InputFilesTests.scala:44)
[info]   at org.scalatest.OutcomeOf.outcomeOf(OutcomeOf.scala:85)
[info]   at org.scalatest.OutcomeOf.outcomeOf$(OutcomeOf.scala:83)
[info]   at org.scalatest.OutcomeOf$.outcomeOf(OutcomeOf.scala:104)
[info]   at org.scalatest.Transformer.apply(Transformer.scala:22)
[info]   at org.scalatest.Transformer.apply(Transformer.scala:20)
[info]   at org.scalatest.funsuite.AnyFunSuiteLike$$anon$1.apply(AnyFunSuiteLike.scala:226)
[info]   at org.scalatest.TestSuite.withFixture(TestSuite.scala:196)
[info]   at org.scalatest.TestSuite.withFixture$(TestSuite.scala:195)
[info]   at org.scalatest.funsuite.AnyFunSuite.withFixture(AnyFunSuite.scala:1564)
[info]   at org.scalatest.funsuite.AnyFunSuiteLike.invokeWithFixture$1(AnyFunSuiteLike.scala:224)
[info]   at org.scalatest.funsuite.AnyFunSuiteLike.$anonfun$runTest$1(AnyFunSuiteLike.scala:236)
[info]   at org.scalatest.SuperEngine.runTestImpl(Engine.scala:306)
[info]   at org.scalatest.funsuite.AnyFunSuiteLike.runTest(AnyFunSuiteLike.scala:236)
[info]   at org.scalatest.funsuite.AnyFunSuiteLike.runTest$(AnyFunSuiteLike.scala:218)
[info]   at org.scalatest.funsuite.AnyFunSuite.runTest(AnyFunSuite.scala:1564)
[info]   at org.scalatest.funsuite.AnyFunSuiteLike.$anonfun$runTests$1(AnyFunSuiteLike.scala:269)
[info]   at org.scalatest.SuperEngine.$anonfun$runTestsInBranch$1(Engine.scala:413)
[info]   at scala.collection.immutable.List.foreach(List.scala:334)
[info]   at org.scalatest.SuperEngine.traverseSubNodes$1(Engine.scala:401)
[info]   at org.scalatest.SuperEngine.runTestsInBranch(Engine.scala:396)
[info]   at org.scalatest.SuperEngine.runTestsImpl(Engine.scala:475)
[info]   at org.scalatest.funsuite.AnyFunSuiteLike.runTests(AnyFunSuiteLike.scala:269)
[info]   at org.scalatest.funsuite.AnyFunSuiteLike.runTests$(AnyFunSuiteLike.scala:268)
[info]   at org.scalatest.funsuite.AnyFunSuite.runTests(AnyFunSuite.scala:1564)
[info]   at org.scalatest.Suite.run(Suite.scala:1114)
[info]   at org.scalatest.Suite.run$(Suite.scala:1096)
[info]   at org.scalatest.funsuite.AnyFunSuite.org$scalatest$funsuite$AnyFunSuiteLike$$super$run(AnyFunSuite.scala:1564)
[info]   at org.scalatest.funsuite.AnyFunSuiteLike.$anonfun$run$1(AnyFunSuiteLike.scala:273)
[info]   at org.scalatest.SuperEngine.runImpl(Engine.scala:535)
[info]   at org.scalatest.funsuite.AnyFunSuiteLike.run(AnyFunSuiteLike.scala:273)
[info]   at org.scalatest.funsuite.AnyFunSuiteLike.run$(AnyFunSuiteLike.scala:272)
[info]   at frameless.TypedDatasetSuite.org$scalatest$BeforeAndAfterAll$$super$run(TypedDatasetSuite.scala:63)
[info]   at org.scalatest.BeforeAndAfterAll.liftedTree1$1(BeforeAndAfterAll.scala:213)
[info]   at org.scalatest.BeforeAndAfterAll.run(BeforeAndAfterAll.scala:210)
[info]   at org.scalatest.BeforeAndAfterAll.run$(BeforeAndAfterAll.scala:208)
[info]   at frameless.TypedDatasetSuite.run(TypedDatasetSuite.scala:63)
[info]   at org.scalatest.tools.Framework.org$scalatest$tools$Framework$$runSuite(Framework.scala:321)
[info]   at org.scalatest.tools.Framework$ScalaTestTask.execute(Framework.scala:517)
[info]   at sbt.ForkMain$Run.lambda$runTest$1(ForkMain.java:414)
[info]   at java.base/java.util.concurrent.FutureTask.run(FutureTask.java:317)
[info]   at java.base/java.util.concurrent.ThreadPoolExecutor.runWorker(ThreadPoolExecutor.java:1144)
[info]   at java.base/java.util.concurrent.ThreadPoolExecutor$Worker.run(ThreadPoolExecutor.java:642)
[info]   at java.base/java.lang.Thread.run(Thread.java:1583)
[info]   Cause: java.lang.IllegalArgumentException: argument type mismatch
[info]   at java.base/jdk.internal.reflect.DirectConstructorHandleAccessor.newInstance(DirectConstructorHandleAccessor.java:65)
[info]   at java.base/java.lang.reflect.Constructor.newInstanceWithCaller(Constructor.java:502)
[info]   at java.base/java.lang.reflect.Constructor.newInstance(Constructor.java:486)
[info]   at frameless.TypedExpressionEncoder$.$anonfun$apply$3(TypedExpressionEncoder.scala:55)
[info]   at scala.Option.map(Option.scala:242)
[info]   at frameless.TypedExpressionEncoder$.apply(TypedExpressionEncoder.scala:54)
[info]   at frameless.TypedDataset$.create(TypedDataset.scala:1325)
[info]   at frameless.InputFilesTests.propText$1(InputFilesTests.scala:16)
[info]   at frameless.InputFilesTests.$anonfun$new$2(InputFilesTests.scala:44)
[info]   at scala.Function1.$anonfun$andThen$1(Function1.scala:87)
[info]   at org.scalacheck.Prop$.$anonfun$forAllShrink$2(Prop.scala:868)
[info]   at org.scalacheck.Prop$.secure(Prop.scala:484)
[info]   at org.scalacheck.Prop$.result$1(Prop.scala:868)
[info]   at org.scalacheck.Prop$.$anonfun$forAllShrink$1(Prop.scala:915)
[info]   at org.scalacheck.Prop$.$anonfun$apply$1(Prop.scala:305)
[info]   at org.scalacheck.PropFromFun.apply(Prop.scala:20)
[info]   at org.scalacheck.Test$.workerFun$1(Test.scala:486)
[info]   at org.scalacheck.Test$.$anonfun$check$4(Test.scala:518)
[info]   at org.scalacheck.Test$.$anonfun$check$4$adapted(Test.scala:518)
[info]   at org.scalacheck.Platform$.runWorkers(Platform.scala:42)
[info]   at org.scalacheck.Test$.check(Test.scala:518)
[info]   at org.scalatestplus.scalacheck.UnitCheckerAsserting$CheckerAssertingImpl.check(CheckerAsserting.scala:90)
[info]   at org.scalatestplus.scalacheck.Checkers.check(Checkers.scala:371)
[info]   at org.scalatestplus.scalacheck.Checkers.check$(Checkers.scala:369)
[info]   at frameless.TypedDatasetSuite.check(TypedDatasetSuite.scala:63)
[info]   at frameless.InputFilesTests.$anonfun$new$1(InputFilesTests.scala:44)
[info]   at org.scalatest.OutcomeOf.outcomeOf(OutcomeOf.scala:85)
[info]   at org.scalatest.OutcomeOf.outcomeOf$(OutcomeOf.scala:83)
[info]   at org.scalatest.OutcomeOf$.outcomeOf(OutcomeOf.scala:104)
[info]   at org.scalatest.Transformer.apply(Transformer.scala:22)
[info]   at org.scalatest.Transformer.apply(Transformer.scala:20)
[info]   at org.scalatest.funsuite.AnyFunSuiteLike$$anon$1.apply(AnyFunSuiteLike.scala:226)
[info]   at org.scalatest.TestSuite.withFixture(TestSuite.scala:196)
[info]   at org.scalatest.TestSuite.withFixture$(TestSuite.scala:195)
[info]   at org.scalatest.funsuite.AnyFunSuite.withFixture(AnyFunSuite.scala:1564)
[info]   at org.scalatest.funsuite.AnyFunSuiteLike.invokeWithFixture$1(AnyFunSuiteLike.scala:224)
[info]   at org.scalatest.funsuite.AnyFunSuiteLike.$anonfun$runTest$1(AnyFunSuiteLike.scala:236)
[info]   at org.scalatest.SuperEngine.runTestImpl(Engine.scala:306)
[info]   at org.scalatest.funsuite.AnyFunSuiteLike.runTest(AnyFunSuiteLike.scala:236)
[info]   at org.scalatest.funsuite.AnyFunSuiteLike.runTest$(AnyFunSuiteLike.scala:218)
[info]   at org.scalatest.funsuite.AnyFunSuite.runTest(AnyFunSuite.scala:1564)
[info]   at org.scalatest.funsuite.AnyFunSuiteLike.$anonfun$runTests$1(AnyFunSuiteLike.scala:269)
[info]   at org.scalatest.SuperEngine.$anonfun$runTestsInBranch$1(Engine.scala:413)
[info]   at scala.collection.immutable.List.foreach(List.scala:334)
[info]   at org.scalatest.SuperEngine.traverseSubNodes$1(Engine.scala:401)
[info]   at org.scalatest.SuperEngine.runTestsInBranch(Engine.scala:396)
[info]   at org.scalatest.SuperEngine.runTestsImpl(Engine.scala:475)
[info]   at org.scalatest.funsuite.AnyFunSuiteLike.runTests(AnyFunSuiteLike.scala:269)
[info]   at org.scalatest.funsuite.AnyFunSuiteLike.runTests$(AnyFunSuiteLike.scala:268)
[info]   at org.scalatest.funsuite.AnyFunSuite.runTests(AnyFunSuite.scala:1564)
[info]   at org.scalatest.Suite.run(Suite.scala:1114)
[info]   at org.scalatest.Suite.run$(Suite.scala:1096)
[info]   at org.scalatest.funsuite.AnyFunSuite.org$scalatest$funsuite$AnyFunSuiteLike$$super$run(AnyFunSuite.scala:1564)
[info]   at org.scalatest.funsuite.AnyFunSuiteLike.$anonfun$run$1(AnyFunSuiteLike.scala:273)
[info]   at org.scalatest.SuperEngine.runImpl(Engine.scala:535)
[info]   at org.scalatest.funsuite.AnyFunSuiteLike.run(AnyFunSuiteLike.scala:273)
[info]   at org.scalatest.funsuite.AnyFunSuiteLike.run$(AnyFunSuiteLike.scala:272)
[info]   at frameless.TypedDatasetSuite.org$scalatest$BeforeAndAfterAll$$super$run(TypedDatasetSuite.scala:63)
[info]   at org.scalatest.BeforeAndAfterAll.liftedTree1$1(BeforeAndAfterAll.scala:213)
[info]   at org.scalatest.BeforeAndAfterAll.run(BeforeAndAfterAll.scala:210)
[info]   at org.scalatest.BeforeAndAfterAll.run$(BeforeAndAfterAll.scala:208)
[info]   at frameless.TypedDatasetSuite.run(TypedDatasetSuite.scala:63)
[info]   at org.scalatest.tools.Framework.org$scalatest$tools$Framework$$runSuite(Framework.scala:321)
[info]   at org.scalatest.tools.Framework$ScalaTestTask.execute(Framework.scala:517)
[info]   at sbt.ForkMain$Run.lambda$runTest$1(ForkMain.java:414)
[info]   at java.base/java.util.concurrent.FutureTask.run(FutureTask.java:317)
[info]   at java.base/java.util.concurrent.ThreadPoolExecutor.runWorker(ThreadPoolExecutor.java:1144)
[info]   at java.base/java.util.concurrent.ThreadPoolExecutor$Worker.run(ThreadPoolExecutor.java:642)
[info]   at java.base/java.lang.Thread.run(Thread.java:1583)
[info]   Cause: java.lang.ClassCastException: Cannot cast scala.reflect.ClassTag$GenericClassTag to org.apache.spark.sql.catalyst.expressions.Expression
[info]   at java.base/java.lang.Class.cast(Class.java:4067)
[info]   at java.base/jdk.internal.reflect.DirectConstructorHandleAccessor.newInstance(DirectConstructorHandleAccessor.java:62)
[info]   at java.base/java.lang.reflect.Constructor.newInstanceWithCaller(Constructor.java:502)
[info]   at java.base/java.lang.reflect.Constructor.newInstance(Constructor.java:486)
[info]   at frameless.TypedExpressionEncoder$.$anonfun$apply$3(TypedExpressionEncoder.scala:55)
[info]   at scala.Option.map(Option.scala:242)
[info]   at frameless.TypedExpressionEncoder$.apply(TypedExpressionEncoder.scala:54)
[info]   at frameless.TypedDataset$.create(TypedDataset.scala:1325)
[info]   at frameless.InputFilesTests.propText$1(InputFilesTests.scala:16)
[info]   at frameless.InputFilesTests.$anonfun$new$2(InputFilesTests.scala:44)
[info]   at scala.Function1.$anonfun$andThen$1(Function1.scala:87)
[info]   at org.scalacheck.Prop$.$anonfun$forAllShrink$2(Prop.scala:868)
[info]   at org.scalacheck.Prop$.secure(Prop.scala:484)
[info]   at org.scalacheck.Prop$.result$1(Prop.scala:868)
[info]   at org.scalacheck.Prop$.$anonfun$forAllShrink$1(Prop.scala:915)
[info]   at org.scalacheck.Prop$.$anonfun$apply$1(Prop.scala:305)
[info]   at org.scalacheck.PropFromFun.apply(Prop.scala:20)
[info]   at org.scalacheck.Test$.workerFun$1(Test.scala:486)
[info]   at org.scalacheck.Test$.$anonfun$check$4(Test.scala:518)
[info]   at org.scalacheck.Test$.$anonfun$check$4$adapted(Test.scala:518)
[info]   at org.scalacheck.Platform$.runWorkers(Platform.scala:42)
[info]   at org.scalacheck.Test$.check(Test.scala:518)
[info]   at org.scalatestplus.scalacheck.UnitCheckerAsserting$CheckerAssertingImpl.check(CheckerAsserting.scala:90)
[info]   at org.scalatestplus.scalacheck.Checkers.check(Checkers.scala:371)
[info]   at org.scalatestplus.scalacheck.Checkers.check$(Checkers.scala:369)
[info]   at frameless.TypedDatasetSuite.check(TypedDatasetSuite.scala:63)
[info]   at frameless.InputFilesTests.$anonfun$new$1(InputFilesTests.scala:44)
[info]   at org.scalatest.OutcomeOf.outcomeOf(OutcomeOf.scala:85)
[info]   at org.scalatest.OutcomeOf.outcomeOf$(OutcomeOf.scala:83)
[info]   at org.scalatest.OutcomeOf$.outcomeOf(OutcomeOf.scala:104)
[info]   at org.scalatest.Transformer.apply(Transformer.scala:22)
[info]   at org.scalatest.Transformer.apply(Transformer.scala:20)
[info]   at org.scalatest.funsuite.AnyFunSuiteLike$$anon$1.apply(AnyFunSuiteLike.scala:226)
[info]   at org.scalatest.TestSuite.withFixture(TestSuite.scala:196)
[info]   at org.scalatest.TestSuite.withFixture$(TestSuite.scala:195)
[info]   at org.scalatest.funsuite.AnyFunSuite.withFixture(AnyFunSuite.scala:1564)
[info]   at org.scalatest.funsuite.AnyFunSuiteLike.invokeWithFixture$1(AnyFunSuiteLike.scala:224)
[info]   at org.scalatest.funsuite.AnyFunSuiteLike.$anonfun$runTest$1(AnyFunSuiteLike.scala:236)
[info]   at org.scalatest.SuperEngine.runTestImpl(Engine.scala:306)
[info]   at org.scalatest.funsuite.AnyFunSuiteLike.runTest(AnyFunSuiteLike.scala:236)
[info]   at org.scalatest.funsuite.AnyFunSuiteLike.runTest$(AnyFunSuiteLike.scala:218)
[info]   at org.scalatest.funsuite.AnyFunSuite.runTest(AnyFunSuite.scala:1564)
[info]   at org.scalatest.funsuite.AnyFunSuiteLike.$anonfun$runTests$1(AnyFunSuiteLike.scala:269)
[info]   at org.scalatest.SuperEngine.$anonfun$runTestsInBranch$1(Engine.scala:413)
[info]   at scala.collection.immutable.List.foreach(List.scala:334)
[info]   at org.scalatest.SuperEngine.traverseSubNodes$1(Engine.scala:401)
[info]   at org.scalatest.SuperEngine.runTestsInBranch(Engine.scala:396)
[info]   at org.scalatest.SuperEngine.runTestsImpl(Engine.scala:475)
[info]   at org.scalatest.funsuite.AnyFunSuiteLike.runTests(AnyFunSuiteLike.scala:269)
[info]   at org.scalatest.funsuite.AnyFunSuiteLike.runTests$(AnyFunSuiteLike.scala:268)
[info]   at org.scalatest.funsuite.AnyFunSuite.runTests(AnyFunSuite.scala:1564)
[info]   at org.scalatest.Suite.run(Suite.scala:1114)
[info]   at org.scalatest.Suite.run$(Suite.scala:1096)
[info]   at org.scalatest.funsuite.AnyFunSuite.org$scalatest$funsuite$AnyFunSuiteLike$$super$run(AnyFunSuite.scala:1564)
[info]   at org.scalatest.funsuite.AnyFunSuiteLike.$anonfun$run$1(AnyFunSuiteLike.scala:273)
[info]   at org.scalatest.SuperEngine.runImpl(Engine.scala:535)
[info]   at org.scalatest.funsuite.AnyFunSuiteLike.run(AnyFunSuiteLike.scala:273)
[info]   at org.scalatest.funsuite.AnyFunSuiteLike.run$(AnyFunSuiteLike.scala:272)
[info]   at frameless.TypedDatasetSuite.org$scalatest$BeforeAndAfterAll$$super$run(TypedDatasetSuite.scala:63)
[info]   at org.scalatest.BeforeAndAfterAll.liftedTree1$1(BeforeAndAfterAll.scala:213)
[info]   at org.scalatest.BeforeAndAfterAll.run(BeforeAndAfterAll.scala:210)
[info]   at org.scalatest.BeforeAndAfterAll.run$(BeforeAndAfterAll.scala:208)
[info]   at frameless.TypedDatasetSuite.run(TypedDatasetSuite.scala:63)
[info]   at org.scalatest.tools.Framework.org$scalatest$tools$Framework$$runSuite(Framework.scala:321)
[info]   at org.scalatest.tools.Framework$ScalaTestTask.execute(Framework.scala:517)
[info]   at sbt.ForkMain$Run.lambda$runTest$1(ForkMain.java:414)
[info]   at java.base/java.util.concurrent.FutureTask.run(FutureTask.java:317)
[info]   at java.base/java.util.concurrent.ThreadPoolExecutor.runWorker(ThreadPoolExecutor.java:1144)
[info]   at java.base/java.util.concurrent.ThreadPoolExecutor$Worker.run(ThreadPoolExecutor.java:642)
[info]   at java.base/java.lang.Thread.run(Thread.java:1583)
[info] SparkSessionTests:
[info] - sparkSession *** FAILED *** (1 millisecond)
[info]   IllegalArgumentException was thrown during property evaluation.
[info]     Message: argument type mismatch
[info]     Occurred when passed generated values (
[info]       arg0 = Vector()
[info]     )
[info]   org.scalatest.exceptions.GeneratorDrivenPropertyCheckFailedException:
[info]   at org.scalatestplus.scalacheck.CheckerAsserting$$anon$2.indicateFailure(CheckerAsserting.scala:251)
[info]   at org.scalatestplus.scalacheck.CheckerAsserting$$anon$2.indicateFailure(CheckerAsserting.scala:238)
[info]   at org.scalatestplus.scalacheck.UnitCheckerAsserting$CheckerAssertingImpl.check(CheckerAsserting.scala:160)
[info]   at org.scalatestplus.scalacheck.Checkers.check(Checkers.scala:371)
[info]   at org.scalatestplus.scalacheck.Checkers.check$(Checkers.scala:369)
[info]   at frameless.TypedDatasetSuite.check(TypedDatasetSuite.scala:63)
[info]   at frameless.SparkSessionTests.$anonfun$new$1(SparkSessionTests.scala:14)
[info]   at org.scalatest.OutcomeOf.outcomeOf(OutcomeOf.scala:85)
[info]   at org.scalatest.OutcomeOf.outcomeOf$(OutcomeOf.scala:83)
[info]   at org.scalatest.OutcomeOf$.outcomeOf(OutcomeOf.scala:104)
[info]   at org.scalatest.Transformer.apply(Transformer.scala:22)
[info]   at org.scalatest.Transformer.apply(Transformer.scala:20)
[info]   at org.scalatest.funsuite.AnyFunSuiteLike$$anon$1.apply(AnyFunSuiteLike.scala:226)
[info]   at org.scalatest.TestSuite.withFixture(TestSuite.scala:196)
[info]   at org.scalatest.TestSuite.withFixture$(TestSuite.scala:195)
[info]   at org.scalatest.funsuite.AnyFunSuite.withFixture(AnyFunSuite.scala:1564)
[info]   at org.scalatest.funsuite.AnyFunSuiteLike.invokeWithFixture$1(AnyFunSuiteLike.scala:224)
[info]   at org.scalatest.funsuite.AnyFunSuiteLike.$anonfun$runTest$1(AnyFunSuiteLike.scala:236)
[info]   at org.scalatest.SuperEngine.runTestImpl(Engine.scala:306)
[info]   at org.scalatest.funsuite.AnyFunSuiteLike.runTest(AnyFunSuiteLike.scala:236)
[info]   at org.scalatest.funsuite.AnyFunSuiteLike.runTest$(AnyFunSuiteLike.scala:218)
[info]   at org.scalatest.funsuite.AnyFunSuite.runTest(AnyFunSuite.scala:1564)
[info]   at org.scalatest.funsuite.AnyFunSuiteLike.$anonfun$runTests$1(AnyFunSuiteLike.scala:269)
[info]   at org.scalatest.SuperEngine.$anonfun$runTestsInBranch$1(Engine.scala:413)
[info]   at scala.collection.immutable.List.foreach(List.scala:334)
[info]   at org.scalatest.SuperEngine.traverseSubNodes$1(Engine.scala:401)
[info]   at org.scalatest.SuperEngine.runTestsInBranch(Engine.scala:396)
[info]   at org.scalatest.SuperEngine.runTestsImpl(Engine.scala:475)
[info]   at org.scalatest.funsuite.AnyFunSuiteLike.runTests(AnyFunSuiteLike.scala:269)
[info]   at org.scalatest.funsuite.AnyFunSuiteLike.runTests$(AnyFunSuiteLike.scala:268)
[info]   at org.scalatest.funsuite.AnyFunSuite.runTests(AnyFunSuite.scala:1564)
[info]   at org.scalatest.Suite.run(Suite.scala:1114)
[info]   at org.scalatest.Suite.run$(Suite.scala:1096)
[info]   at org.scalatest.funsuite.AnyFunSuite.org$scalatest$funsuite$AnyFunSuiteLike$$super$run(AnyFunSuite.scala:1564)
[info]   at org.scalatest.funsuite.AnyFunSuiteLike.$anonfun$run$1(AnyFunSuiteLike.scala:273)
[info]   at org.scalatest.SuperEngine.runImpl(Engine.scala:535)
[info]   at org.scalatest.funsuite.AnyFunSuiteLike.run(AnyFunSuiteLike.scala:273)
[info]   at org.scalatest.funsuite.AnyFunSuiteLike.run$(AnyFunSuiteLike.scala:272)
[info]   at frameless.TypedDatasetSuite.org$scalatest$BeforeAndAfterAll$$super$run(TypedDatasetSuite.scala:63)
[info]   at org.scalatest.BeforeAndAfterAll.liftedTree1$1(BeforeAndAfterAll.scala:213)
[info]   at org.scalatest.BeforeAndAfterAll.run(BeforeAndAfterAll.scala:210)
[info]   at org.scalatest.BeforeAndAfterAll.run$(BeforeAndAfterAll.scala:208)
[info]   at frameless.TypedDatasetSuite.run(TypedDatasetSuite.scala:63)
[info]   at org.scalatest.tools.Framework.org$scalatest$tools$Framework$$runSuite(Framework.scala:321)
[info]   at org.scalatest.tools.Framework$ScalaTestTask.execute(Framework.scala:517)
[info]   at sbt.ForkMain$Run.lambda$runTest$1(ForkMain.java:414)
[info]   at java.base/java.util.concurrent.FutureTask.run(FutureTask.java:317)
[info]   at java.base/java.util.concurrent.ThreadPoolExecutor.runWorker(ThreadPoolExecutor.java:1144)
[info]   at java.base/java.util.concurrent.ThreadPoolExecutor$Worker.run(ThreadPoolExecutor.java:642)
[info]   at java.base/java.lang.Thread.run(Thread.java:1583)
[info]   Cause: java.lang.IllegalArgumentException: argument type mismatch
[info]   at java.base/jdk.internal.reflect.DirectConstructorHandleAccessor.newInstance(DirectConstructorHandleAccessor.java:65)
[info]   at java.base/java.lang.reflect.Constructor.newInstanceWithCaller(Constructor.java:502)
[info]   at java.base/java.lang.reflect.Constructor.newInstance(Constructor.java:486)
[info]   at frameless.TypedExpressionEncoder$.$anonfun$apply$3(TypedExpressionEncoder.scala:55)
[info]   at scala.Option.map(Option.scala:242)
[info]   at frameless.TypedExpressionEncoder$.apply(TypedExpressionEncoder.scala:54)
[info]   at frameless.TypedDataset$.create(TypedDataset.scala:1325)
[info]   at frameless.SparkSessionTests.prop$1(SparkSessionTests.scala:9)
[info]   at frameless.SparkSessionTests.$anonfun$new$4(SparkSessionTests.scala:14)
[info]   at scala.Function1.$anonfun$andThen$1(Function1.scala:87)
[info]   at org.scalacheck.Prop$.$anonfun$forAllShrink$2(Prop.scala:868)
[info]   at org.scalacheck.Prop$.secure(Prop.scala:484)
[info]   at org.scalacheck.Prop$.result$1(Prop.scala:868)
[info]   at org.scalacheck.Prop$.$anonfun$forAllShrink$1(Prop.scala:915)
[info]   at org.scalacheck.Prop$.$anonfun$apply$1(Prop.scala:305)
[info]   at org.scalacheck.PropFromFun.apply(Prop.scala:20)
[info]   at org.scalacheck.Test$.workerFun$1(Test.scala:486)
[info]   at org.scalacheck.Test$.$anonfun$check$4(Test.scala:518)
[info]   at org.scalacheck.Test$.$anonfun$check$4$adapted(Test.scala:518)
[info]   at org.scalacheck.Platform$.runWorkers(Platform.scala:42)
[info]   at org.scalacheck.Test$.check(Test.scala:518)
[info]   at org.scalatestplus.scalacheck.UnitCheckerAsserting$CheckerAssertingImpl.check(CheckerAsserting.scala:90)
[info]   at org.scalatestplus.scalacheck.Checkers.check(Checkers.scala:371)
[info]   at org.scalatestplus.scalacheck.Checkers.check$(Checkers.scala:369)
[info]   at frameless.TypedDatasetSuite.check(TypedDatasetSuite.scala:63)
[info]   at frameless.SparkSessionTests.$anonfun$new$1(SparkSessionTests.scala:14)
[info]   at org.scalatest.OutcomeOf.outcomeOf(OutcomeOf.scala:85)
[info]   at org.scalatest.OutcomeOf.outcomeOf$(OutcomeOf.scala:83)
[info]   at org.scalatest.OutcomeOf$.outcomeOf(OutcomeOf.scala:104)
[info]   at org.scalatest.Transformer.apply(Transformer.scala:22)
[info]   at org.scalatest.Transformer.apply(Transformer.scala:20)
[info]   at org.scalatest.funsuite.AnyFunSuiteLike$$anon$1.apply(AnyFunSuiteLike.scala:226)
[info]   at org.scalatest.TestSuite.withFixture(TestSuite.scala:196)
[info]   at org.scalatest.TestSuite.withFixture$(TestSuite.scala:195)
[info]   at org.scalatest.funsuite.AnyFunSuite.withFixture(AnyFunSuite.scala:1564)
[info]   at org.scalatest.funsuite.AnyFunSuiteLike.invokeWithFixture$1(AnyFunSuiteLike.scala:224)
[info]   at org.scalatest.funsuite.AnyFunSuiteLike.$anonfun$runTest$1(AnyFunSuiteLike.scala:236)
[info]   at org.scalatest.SuperEngine.runTestImpl(Engine.scala:306)
[info]   at org.scalatest.funsuite.AnyFunSuiteLike.runTest(AnyFunSuiteLike.scala:236)
[info]   at org.scalatest.funsuite.AnyFunSuiteLike.runTest$(AnyFunSuiteLike.scala:218)
[info]   at org.scalatest.funsuite.AnyFunSuite.runTest(AnyFunSuite.scala:1564)
[info]   at org.scalatest.funsuite.AnyFunSuiteLike.$anonfun$runTests$1(AnyFunSuiteLike.scala:269)
[info]   at org.scalatest.SuperEngine.$anonfun$runTestsInBranch$1(Engine.scala:413)
[info]   at scala.collection.immutable.List.foreach(List.scala:334)
[info]   at org.scalatest.SuperEngine.traverseSubNodes$1(Engine.scala:401)
[info]   at org.scalatest.SuperEngine.runTestsInBranch(Engine.scala:396)
[info]   at org.scalatest.SuperEngine.runTestsImpl(Engine.scala:475)
[info]   at org.scalatest.funsuite.AnyFunSuiteLike.runTests(AnyFunSuiteLike.scala:269)
[info]   at org.scalatest.funsuite.AnyFunSuiteLike.runTests$(AnyFunSuiteLike.scala:268)
[info]   at org.scalatest.funsuite.AnyFunSuite.runTests(AnyFunSuite.scala:1564)
[info]   at org.scalatest.Suite.run(Suite.scala:1114)
[info]   at org.scalatest.Suite.run$(Suite.scala:1096)
[info]   at org.scalatest.funsuite.AnyFunSuite.org$scalatest$funsuite$AnyFunSuiteLike$$super$run(AnyFunSuite.scala:1564)
[info]   at org.scalatest.funsuite.AnyFunSuiteLike.$anonfun$run$1(AnyFunSuiteLike.scala:273)
[info]   at org.scalatest.SuperEngine.runImpl(Engine.scala:535)
[info]   at org.scalatest.funsuite.AnyFunSuiteLike.run(AnyFunSuiteLike.scala:273)
[info]   at org.scalatest.funsuite.AnyFunSuiteLike.run$(AnyFunSuiteLike.scala:272)
[info]   at frameless.TypedDatasetSuite.org$scalatest$BeforeAndAfterAll$$super$run(TypedDatasetSuite.scala:63)
[info]   at org.scalatest.BeforeAndAfterAll.liftedTree1$1(BeforeAndAfterAll.scala:213)
[info]   at org.scalatest.BeforeAndAfterAll.run(BeforeAndAfterAll.scala:210)
[info]   at org.scalatest.BeforeAndAfterAll.run$(BeforeAndAfterAll.scala:208)
[info]   at frameless.TypedDatasetSuite.run(TypedDatasetSuite.scala:63)
[info]   at org.scalatest.tools.Framework.org$scalatest$tools$Framework$$runSuite(Framework.scala:321)
[info]   at org.scalatest.tools.Framework$ScalaTestTask.execute(Framework.scala:517)
[info]   at sbt.ForkMain$Run.lambda$runTest$1(ForkMain.java:414)
[info]   at java.base/java.util.concurrent.FutureTask.run(FutureTask.java:317)
[info]   at java.base/java.util.concurrent.ThreadPoolExecutor.runWorker(ThreadPoolExecutor.java:1144)
[info]   at java.base/java.util.concurrent.ThreadPoolExecutor$Worker.run(ThreadPoolExecutor.java:642)
[info]   at java.base/java.lang.Thread.run(Thread.java:1583)
[info]   Cause: java.lang.ClassCastException: Cannot cast scala.reflect.ManifestFactory$IntManifest to org.apache.spark.sql.catalyst.expressions.Expression
[info]   at java.base/java.lang.Class.cast(Class.java:4067)
[info]   at java.base/jdk.internal.reflect.DirectConstructorHandleAccessor.newInstance(DirectConstructorHandleAccessor.java:62)
[info]   at java.base/java.lang.reflect.Constructor.newInstanceWithCaller(Constructor.java:502)
[info]   at java.base/java.lang.reflect.Constructor.newInstance(Constructor.java:486)
[info]   at frameless.TypedExpressionEncoder$.$anonfun$apply$3(TypedExpressionEncoder.scala:55)
[info]   at scala.Option.map(Option.scala:242)
[info]   at frameless.TypedExpressionEncoder$.apply(TypedExpressionEncoder.scala:54)
[info]   at frameless.TypedDataset$.create(TypedDataset.scala:1325)
[info]   at frameless.SparkSessionTests.prop$1(SparkSessionTests.scala:9)
[info]   at frameless.SparkSessionTests.$anonfun$new$4(SparkSessionTests.scala:14)
[info]   at scala.Function1.$anonfun$andThen$1(Function1.scala:87)
[info]   at org.scalacheck.Prop$.$anonfun$forAllShrink$2(Prop.scala:868)
[info]   at org.scalacheck.Prop$.secure(Prop.scala:484)
[info]   at org.scalacheck.Prop$.result$1(Prop.scala:868)
[info]   at org.scalacheck.Prop$.$anonfun$forAllShrink$1(Prop.scala:915)
[info]   at org.scalacheck.Prop$.$anonfun$apply$1(Prop.scala:305)
[info]   at org.scalacheck.PropFromFun.apply(Prop.scala:20)
[info]   at org.scalacheck.Test$.workerFun$1(Test.scala:486)
[info]   at org.scalacheck.Test$.$anonfun$check$4(Test.scala:518)
[info]   at org.scalacheck.Test$.$anonfun$check$4$adapted(Test.scala:518)
[info]   at org.scalacheck.Platform$.runWorkers(Platform.scala:42)
[info]   at org.scalacheck.Test$.check(Test.scala:518)
[info]   at org.scalatestplus.scalacheck.UnitCheckerAsserting$CheckerAssertingImpl.check(CheckerAsserting.scala:90)
[info]   at org.scalatestplus.scalacheck.Checkers.check(Checkers.scala:371)
[info]   at org.scalatestplus.scalacheck.Checkers.check$(Checkers.scala:369)
[info]   at frameless.TypedDatasetSuite.check(TypedDatasetSuite.scala:63)
[info]   at frameless.SparkSessionTests.$anonfun$new$1(SparkSessionTests.scala:14)
[info]   at org.scalatest.OutcomeOf.outcomeOf(OutcomeOf.scala:85)
[info]   at org.scalatest.OutcomeOf.outcomeOf$(OutcomeOf.scala:83)
[info]   at org.scalatest.OutcomeOf$.outcomeOf(OutcomeOf.scala:104)
[info]   at org.scalatest.Transformer.apply(Transformer.scala:22)
[info]   at org.scalatest.Transformer.apply(Transformer.scala:20)
[info]   at org.scalatest.funsuite.AnyFunSuiteLike$$anon$1.apply(AnyFunSuiteLike.scala:226)
[info]   at org.scalatest.TestSuite.withFixture(TestSuite.scala:196)
[info]   at org.scalatest.TestSuite.withFixture$(TestSuite.scala:195)
[info]   at org.scalatest.funsuite.AnyFunSuite.withFixture(AnyFunSuite.scala:1564)
[info]   at org.scalatest.funsuite.AnyFunSuiteLike.invokeWithFixture$1(AnyFunSuiteLike.scala:224)
[info]   at org.scalatest.funsuite.AnyFunSuiteLike.$anonfun$runTest$1(AnyFunSuiteLike.scala:236)
[info]   at org.scalatest.SuperEngine.runTestImpl(Engine.scala:306)
[info]   at org.scalatest.funsuite.AnyFunSuiteLike.runTest(AnyFunSuiteLike.scala:236)
[info]   at org.scalatest.funsuite.AnyFunSuiteLike.runTest$(AnyFunSuiteLike.scala:218)
[info]   at org.scalatest.funsuite.AnyFunSuite.runTest(AnyFunSuite.scala:1564)
[info]   at org.scalatest.funsuite.AnyFunSuiteLike.$anonfun$runTests$1(AnyFunSuiteLike.scala:269)
[info]   at org.scalatest.SuperEngine.$anonfun$runTestsInBranch$1(Engine.scala:413)
[info]   at scala.collection.immutable.List.foreach(List.scala:334)
[info]   at org.scalatest.SuperEngine.traverseSubNodes$1(Engine.scala:401)
[info]   at org.scalatest.SuperEngine.runTestsInBranch(Engine.scala:396)
[info]   at org.scalatest.SuperEngine.runTestsImpl(Engine.scala:475)
[info]   at org.scalatest.funsuite.AnyFunSuiteLike.runTests(AnyFunSuiteLike.scala:269)
[info]   at org.scalatest.funsuite.AnyFunSuiteLike.runTests$(AnyFunSuiteLike.scala:268)
[info]   at org.scalatest.funsuite.AnyFunSuite.runTests(AnyFunSuite.scala:1564)
[info]   at org.scalatest.Suite.run(Suite.scala:1114)
[info]   at org.scalatest.Suite.run$(Suite.scala:1096)
[info]   at org.scalatest.funsuite.AnyFunSuite.org$scalatest$funsuite$AnyFunSuiteLike$$super$run(AnyFunSuite.scala:1564)
[info]   at org.scalatest.funsuite.AnyFunSuiteLike.$anonfun$run$1(AnyFunSuiteLike.scala:273)
[info]   at org.scalatest.SuperEngine.runImpl(Engine.scala:535)
[info]   at org.scalatest.funsuite.AnyFunSuiteLike.run(AnyFunSuiteLike.scala:273)
[info]   at org.scalatest.funsuite.AnyFunSuiteLike.run$(AnyFunSuiteLike.scala:272)
[info]   at frameless.TypedDatasetSuite.org$scalatest$BeforeAndAfterAll$$super$run(TypedDatasetSuite.scala:63)
[info]   at org.scalatest.BeforeAndAfterAll.liftedTree1$1(BeforeAndAfterAll.scala:213)
[info]   at org.scalatest.BeforeAndAfterAll.run(BeforeAndAfterAll.scala:210)
[info]   at org.scalatest.BeforeAndAfterAll.run$(BeforeAndAfterAll.scala:208)
[info]   at frameless.TypedDatasetSuite.run(TypedDatasetSuite.scala:63)
[info]   at org.scalatest.tools.Framework.org$scalatest$tools$Framework$$runSuite(Framework.scala:321)
[info]   at org.scalatest.tools.Framework$ScalaTestTask.execute(Framework.scala:517)
[info]   at sbt.ForkMain$Run.lambda$runTest$1(ForkMain.java:414)
[info]   at java.base/java.util.concurrent.FutureTask.run(FutureTask.java:317)
[info]   at java.base/java.util.concurrent.ThreadPoolExecutor.runWorker(ThreadPoolExecutor.java:1144)
[info]   at java.base/java.util.concurrent.ThreadPoolExecutor$Worker.run(ThreadPoolExecutor.java:642)
[info]   at java.base/java.lang.Thread.run(Thread.java:1583)
[info] ColTests:
[info] - col *** FAILED *** (1 millisecond)
[info]   java.lang.IllegalArgumentException: argument type mismatch
[info]   at java.base/jdk.internal.reflect.DirectConstructorHandleAccessor.newInstance(DirectConstructorHandleAccessor.java:65)
[info]   at java.base/java.lang.reflect.Constructor.newInstanceWithCaller(Constructor.java:502)
[info]   at java.base/java.lang.reflect.Constructor.newInstance(Constructor.java:486)
[info]   at frameless.TypedExpressionEncoder$.$anonfun$apply$3(TypedExpressionEncoder.scala:55)
[info]   at scala.Option.map(Option.scala:242)
[info]   at frameless.TypedExpressionEncoder$.apply(TypedExpressionEncoder.scala:54)
[info]   at frameless.TypedDataset$.create(TypedDataset.scala:1325)
[info]   at frameless.ColTests.$anonfun$new$1(ColTests.scala:10)
[info]   at scala.runtime.java8.JFunction0$mcV$sp.apply(JFunction0$mcV$sp.scala:18)
[info]   at org.scalatest.OutcomeOf.outcomeOf(OutcomeOf.scala:85)
[info]   at org.scalatest.OutcomeOf.outcomeOf$(OutcomeOf.scala:83)
[info]   at org.scalatest.OutcomeOf$.outcomeOf(OutcomeOf.scala:104)
[info]   at org.scalatest.Transformer.apply(Transformer.scala:22)
[info]   at org.scalatest.Transformer.apply(Transformer.scala:20)
[info]   at org.scalatest.funsuite.AnyFunSuiteLike$$anon$1.apply(AnyFunSuiteLike.scala:226)
[info]   at org.scalatest.TestSuite.withFixture(TestSuite.scala:196)
[info]   at org.scalatest.TestSuite.withFixture$(TestSuite.scala:195)
[info]   at org.scalatest.funsuite.AnyFunSuite.withFixture(AnyFunSuite.scala:1564)
[info]   at org.scalatest.funsuite.AnyFunSuiteLike.invokeWithFixture$1(AnyFunSuiteLike.scala:224)
[info]   at org.scalatest.funsuite.AnyFunSuiteLike.$anonfun$runTest$1(AnyFunSuiteLike.scala:236)
[info]   at org.scalatest.SuperEngine.runTestImpl(Engine.scala:306)
[info]   at org.scalatest.funsuite.AnyFunSuiteLike.runTest(AnyFunSuiteLike.scala:236)
[info]   at org.scalatest.funsuite.AnyFunSuiteLike.runTest$(AnyFunSuiteLike.scala:218)
[info]   at org.scalatest.funsuite.AnyFunSuite.runTest(AnyFunSuite.scala:1564)
[info]   at org.scalatest.funsuite.AnyFunSuiteLike.$anonfun$runTests$1(AnyFunSuiteLike.scala:269)
[info]   at org.scalatest.SuperEngine.$anonfun$runTestsInBranch$1(Engine.scala:413)
[info]   at scala.collection.immutable.List.foreach(List.scala:334)
[info]   at org.scalatest.SuperEngine.traverseSubNodes$1(Engine.scala:401)
[info]   at org.scalatest.SuperEngine.runTestsInBranch(Engine.scala:396)
[info]   at org.scalatest.SuperEngine.runTestsImpl(Engine.scala:475)
[info]   at org.scalatest.funsuite.AnyFunSuiteLike.runTests(AnyFunSuiteLike.scala:269)
[info]   at org.scalatest.funsuite.AnyFunSuiteLike.runTests$(AnyFunSuiteLike.scala:268)
[info]   at org.scalatest.funsuite.AnyFunSuite.runTests(AnyFunSuite.scala:1564)
[info]   at org.scalatest.Suite.run(Suite.scala:1114)
[info]   at org.scalatest.Suite.run$(Suite.scala:1096)
[info]   at org.scalatest.funsuite.AnyFunSuite.org$scalatest$funsuite$AnyFunSuiteLike$$super$run(AnyFunSuite.scala:1564)
[info]   at org.scalatest.funsuite.AnyFunSuiteLike.$anonfun$run$1(AnyFunSuiteLike.scala:273)
[info]   at org.scalatest.SuperEngine.runImpl(Engine.scala:535)
[info]   at org.scalatest.funsuite.AnyFunSuiteLike.run(AnyFunSuiteLike.scala:273)
[info]   at org.scalatest.funsuite.AnyFunSuiteLike.run$(AnyFunSuiteLike.scala:272)
[info]   at frameless.TypedDatasetSuite.org$scalatest$BeforeAndAfterAll$$super$run(TypedDatasetSuite.scala:63)
[info]   at org.scalatest.BeforeAndAfterAll.liftedTree1$1(BeforeAndAfterAll.scala:213)
[info]   at org.scalatest.BeforeAndAfterAll.run(BeforeAndAfterAll.scala:210)
[info]   at org.scalatest.BeforeAndAfterAll.run$(BeforeAndAfterAll.scala:208)
[info]   at frameless.TypedDatasetSuite.run(TypedDatasetSuite.scala:63)
[info]   at org.scalatest.tools.Framework.org$scalatest$tools$Framework$$runSuite(Framework.scala:321)
[info]   at org.scalatest.tools.Framework$ScalaTestTask.execute(Framework.scala:517)
[info]   at sbt.ForkMain$Run.lambda$runTest$1(ForkMain.java:414)
[info]   at java.base/java.util.concurrent.FutureTask.run(FutureTask.java:317)
[info]   at java.base/java.util.concurrent.ThreadPoolExecutor.runWorker(ThreadPoolExecutor.java:1144)
[info]   at java.base/java.util.concurrent.ThreadPoolExecutor$Worker.run(ThreadPoolExecutor.java:642)
[info]   at java.base/java.lang.Thread.run(Thread.java:1583)
[info]   Cause: java.lang.ClassCastException: Cannot cast scala.reflect.ClassTag$GenericClassTag to org.apache.spark.sql.catalyst.expressions.Expression
[info]   at java.base/java.lang.Class.cast(Class.java:4067)
[info]   at java.base/jdk.internal.reflect.DirectConstructorHandleAccessor.newInstance(DirectConstructorHandleAccessor.java:62)
[info]   at java.base/java.lang.reflect.Constructor.newInstanceWithCaller(Constructor.java:502)
[info]   at java.base/java.lang.reflect.Constructor.newInstance(Constructor.java:486)
[info]   at frameless.TypedExpressionEncoder$.$anonfun$apply$3(TypedExpressionEncoder.scala:55)
[info]   at scala.Option.map(Option.scala:242)
[info]   at frameless.TypedExpressionEncoder$.apply(TypedExpressionEncoder.scala:54)
[info]   at frameless.TypedDataset$.create(TypedDataset.scala:1325)
[info]   at frameless.ColTests.$anonfun$new$1(ColTests.scala:10)
[info]   at scala.runtime.java8.JFunction0$mcV$sp.apply(JFunction0$mcV$sp.scala:18)
[info]   at org.scalatest.OutcomeOf.outcomeOf(OutcomeOf.scala:85)
[info]   at org.scalatest.OutcomeOf.outcomeOf$(OutcomeOf.scala:83)
[info]   at org.scalatest.OutcomeOf$.outcomeOf(OutcomeOf.scala:104)
[info]   at org.scalatest.Transformer.apply(Transformer.scala:22)
[info]   at org.scalatest.Transformer.apply(Transformer.scala:20)
[info]   at org.scalatest.funsuite.AnyFunSuiteLike$$anon$1.apply(AnyFunSuiteLike.scala:226)
[info]   at org.scalatest.TestSuite.withFixture(TestSuite.scala:196)
[info]   at org.scalatest.TestSuite.withFixture$(TestSuite.scala:195)
[info]   at org.scalatest.funsuite.AnyFunSuite.withFixture(AnyFunSuite.scala:1564)
[info]   at org.scalatest.funsuite.AnyFunSuiteLike.invokeWithFixture$1(AnyFunSuiteLike.scala:224)
[info]   at org.scalatest.funsuite.AnyFunSuiteLike.$anonfun$runTest$1(AnyFunSuiteLike.scala:236)
[info]   at org.scalatest.SuperEngine.runTestImpl(Engine.scala:306)
[info]   at org.scalatest.funsuite.AnyFunSuiteLike.runTest(AnyFunSuiteLike.scala:236)
[info]   at org.scalatest.funsuite.AnyFunSuiteLike.runTest$(AnyFunSuiteLike.scala:218)
[info]   at org.scalatest.funsuite.AnyFunSuite.runTest(AnyFunSuite.scala:1564)
[info]   at org.scalatest.funsuite.AnyFunSuiteLike.$anonfun$runTests$1(AnyFunSuiteLike.scala:269)
[info]   at org.scalatest.SuperEngine.$anonfun$runTestsInBranch$1(Engine.scala:413)
[info]   at scala.collection.immutable.List.foreach(List.scala:334)
[info]   at org.scalatest.SuperEngine.traverseSubNodes$1(Engine.scala:401)
[info]   at org.scalatest.SuperEngine.runTestsInBranch(Engine.scala:396)
[info]   at org.scalatest.SuperEngine.runTestsImpl(Engine.scala:475)
[info]   at org.scalatest.funsuite.AnyFunSuiteLike.runTests(AnyFunSuiteLike.scala:269)
[info]   at org.scalatest.funsuite.AnyFunSuiteLike.runTests$(AnyFunSuiteLike.scala:268)
[info]   at org.scalatest.funsuite.AnyFunSuite.runTests(AnyFunSuite.scala:1564)
[info]   at org.scalatest.Suite.run(Suite.scala:1114)
[info]   at org.scalatest.Suite.run$(Suite.scala:1096)
[info]   at org.scalatest.funsuite.AnyFunSuite.org$scalatest$funsuite$AnyFunSuiteLike$$super$run(AnyFunSuite.scala:1564)
[info]   at org.scalatest.funsuite.AnyFunSuiteLike.$anonfun$run$1(AnyFunSuiteLike.scala:273)
[info]   at org.scalatest.SuperEngine.runImpl(Engine.scala:535)
[info]   at org.scalatest.funsuite.AnyFunSuiteLike.run(AnyFunSuiteLike.scala:273)
[info]   at org.scalatest.funsuite.AnyFunSuiteLike.run$(AnyFunSuiteLike.scala:272)
[info]   at frameless.TypedDatasetSuite.org$scalatest$BeforeAndAfterAll$$super$run(TypedDatasetSuite.scala:63)
[info]   at org.scalatest.BeforeAndAfterAll.liftedTree1$1(BeforeAndAfterAll.scala:213)
[info]   at org.scalatest.BeforeAndAfterAll.run(BeforeAndAfterAll.scala:210)
[info]   at org.scalatest.BeforeAndAfterAll.run$(BeforeAndAfterAll.scala:208)
[info]   at frameless.TypedDatasetSuite.run(TypedDatasetSuite.scala:63)
[info]   at org.scalatest.tools.Framework.org$scalatest$tools$Framework$$runSuite(Framework.scala:321)
[info]   at org.scalatest.tools.Framework$ScalaTestTask.execute(Framework.scala:517)
[info]   at sbt.ForkMain$Run.lambda$runTest$1(ForkMain.java:414)
[info]   at java.base/java.util.concurrent.FutureTask.run(FutureTask.java:317)
[info]   at java.base/java.util.concurrent.ThreadPoolExecutor.runWorker(ThreadPoolExecutor.java:1144)
[info]   at java.base/java.util.concurrent.ThreadPoolExecutor$Worker.run(ThreadPoolExecutor.java:642)
[info]   at java.base/java.lang.Thread.run(Thread.java:1583)
[info] - colMany *** FAILED *** (6 milliseconds)
[info]   java.lang.IllegalArgumentException: argument type mismatch
[info]   at java.base/jdk.internal.reflect.DirectConstructorHandleAccessor.newInstance(DirectConstructorHandleAccessor.java:65)
[info]   at java.base/java.lang.reflect.Constructor.newInstanceWithCaller(Constructor.java:502)
[info]   at java.base/java.lang.reflect.Constructor.newInstance(Constructor.java:486)
[info]   at frameless.TypedExpressionEncoder$.$anonfun$apply$3(TypedExpressionEncoder.scala:55)
[info]   at scala.Option.map(Option.scala:242)
[info]   at frameless.TypedExpressionEncoder$.apply(TypedExpressionEncoder.scala:54)
[info]   at frameless.TypedDataset$.create(TypedDataset.scala:1325)
[info]   at frameless.ColTests.$anonfun$new$26(ColTests.scala:34)
[info]   at scala.runtime.java8.JFunction0$mcV$sp.apply(JFunction0$mcV$sp.scala:18)
[info]   at org.scalatest.OutcomeOf.outcomeOf(OutcomeOf.scala:85)
[info]   at org.scalatest.OutcomeOf.outcomeOf$(OutcomeOf.scala:83)
[info]   at org.scalatest.OutcomeOf$.outcomeOf(OutcomeOf.scala:104)
[info]   at org.scalatest.Transformer.apply(Transformer.scala:22)
[info]   at org.scalatest.Transformer.apply(Transformer.scala:20)
[info]   at org.scalatest.funsuite.AnyFunSuiteLike$$anon$1.apply(AnyFunSuiteLike.scala:226)
[info]   at org.scalatest.TestSuite.withFixture(TestSuite.scala:196)
[info]   at org.scalatest.TestSuite.withFixture$(TestSuite.scala:195)
[info]   at org.scalatest.funsuite.AnyFunSuite.withFixture(AnyFunSuite.scala:1564)
[info]   at org.scalatest.funsuite.AnyFunSuiteLike.invokeWithFixture$1(AnyFunSuiteLike.scala:224)
[info]   at org.scalatest.funsuite.AnyFunSuiteLike.$anonfun$runTest$1(AnyFunSuiteLike.scala:236)
[info]   at org.scalatest.SuperEngine.runTestImpl(Engine.scala:306)
[info]   at org.scalatest.funsuite.AnyFunSuiteLike.runTest(AnyFunSuiteLike.scala:236)
[info]   at org.scalatest.funsuite.AnyFunSuiteLike.runTest$(AnyFunSuiteLike.scala:218)
[info]   at org.scalatest.funsuite.AnyFunSuite.runTest(AnyFunSuite.scala:1564)
[info]   at org.scalatest.funsuite.AnyFunSuiteLike.$anonfun$runTests$1(AnyFunSuiteLike.scala:269)
[info]   at org.scalatest.SuperEngine.$anonfun$runTestsInBranch$1(Engine.scala:413)
[info]   at scala.collection.immutable.List.foreach(List.scala:334)
[info]   at org.scalatest.SuperEngine.traverseSubNodes$1(Engine.scala:401)
[info]   at org.scalatest.SuperEngine.runTestsInBranch(Engine.scala:396)
[info]   at org.scalatest.SuperEngine.runTestsImpl(Engine.scala:475)
[info]   at org.scalatest.funsuite.AnyFunSuiteLike.runTests(AnyFunSuiteLike.scala:269)
[info]   at org.scalatest.funsuite.AnyFunSuiteLike.runTests$(AnyFunSuiteLike.scala:268)
[info]   at org.scalatest.funsuite.AnyFunSuite.runTests(AnyFunSuite.scala:1564)
[info]   at org.scalatest.Suite.run(Suite.scala:1114)
[info]   at org.scalatest.Suite.run$(Suite.scala:1096)
[info]   at org.scalatest.funsuite.AnyFunSuite.org$scalatest$funsuite$AnyFunSuiteLike$$super$run(AnyFunSuite.scala:1564)
[info]   at org.scalatest.funsuite.AnyFunSuiteLike.$anonfun$run$1(AnyFunSuiteLike.scala:273)
[info]   at org.scalatest.SuperEngine.runImpl(Engine.scala:535)
[info]   at org.scalatest.funsuite.AnyFunSuiteLike.run(AnyFunSuiteLike.scala:273)
[info]   at org.scalatest.funsuite.AnyFunSuiteLike.run$(AnyFunSuiteLike.scala:272)
[info]   at frameless.TypedDatasetSuite.org$scalatest$BeforeAndAfterAll$$super$run(TypedDatasetSuite.scala:63)
[info]   at org.scalatest.BeforeAndAfterAll.liftedTree1$1(BeforeAndAfterAll.scala:213)
[info]   at org.scalatest.BeforeAndAfterAll.run(BeforeAndAfterAll.scala:210)
[info]   at org.scalatest.BeforeAndAfterAll.run$(BeforeAndAfterAll.scala:208)
[info]   at frameless.TypedDatasetSuite.run(TypedDatasetSuite.scala:63)
[info]   at org.scalatest.tools.Framework.org$scalatest$tools$Framework$$runSuite(Framework.scala:321)
[info]   at org.scalatest.tools.Framework$ScalaTestTask.execute(Framework.scala:517)
[info]   at sbt.ForkMain$Run.lambda$runTest$1(ForkMain.java:414)
[info]   at java.base/java.util.concurrent.FutureTask.run(FutureTask.java:317)
[info]   at java.base/java.util.concurrent.ThreadPoolExecutor.runWorker(ThreadPoolExecutor.java:1144)
[info]   at java.base/java.util.concurrent.ThreadPoolExecutor$Worker.run(ThreadPoolExecutor.java:642)
[info]   at java.base/java.lang.Thread.run(Thread.java:1583)
[info]   Cause: java.lang.ClassCastException: Cannot cast scala.reflect.ClassTag$GenericClassTag to org.apache.spark.sql.catalyst.expressions.Expression
[info]   at java.base/java.lang.Class.cast(Class.java:4067)
[info]   at java.base/jdk.internal.reflect.DirectConstructorHandleAccessor.newInstance(DirectConstructorHandleAccessor.java:62)
[info]   at java.base/java.lang.reflect.Constructor.newInstanceWithCaller(Constructor.java:502)
[info]   at java.base/java.lang.reflect.Constructor.newInstance(Constructor.java:486)
[info]   at frameless.TypedExpressionEncoder$.$anonfun$apply$3(TypedExpressionEncoder.scala:55)
[info]   at scala.Option.map(Option.scala:242)
[info]   at frameless.TypedExpressionEncoder$.apply(TypedExpressionEncoder.scala:54)
[info]   at frameless.TypedDataset$.create(TypedDataset.scala:1325)
[info]   at frameless.ColTests.$anonfun$new$26(ColTests.scala:34)
[info]   at scala.runtime.java8.JFunction0$mcV$sp.apply(JFunction0$mcV$sp.scala:18)
[info]   at org.scalatest.OutcomeOf.outcomeOf(OutcomeOf.scala:85)
[info]   at org.scalatest.OutcomeOf.outcomeOf$(OutcomeOf.scala:83)
[info]   at org.scalatest.OutcomeOf$.outcomeOf(OutcomeOf.scala:104)
[info]   at org.scalatest.Transformer.apply(Transformer.scala:22)
[info]   at org.scalatest.Transformer.apply(Transformer.scala:20)
[info]   at org.scalatest.funsuite.AnyFunSuiteLike$$anon$1.apply(AnyFunSuiteLike.scala:226)
[info]   at org.scalatest.TestSuite.withFixture(TestSuite.scala:196)
[info]   at org.scalatest.TestSuite.withFixture$(TestSuite.scala:195)
[info]   at org.scalatest.funsuite.AnyFunSuite.withFixture(AnyFunSuite.scala:1564)
[info]   at org.scalatest.funsuite.AnyFunSuiteLike.invokeWithFixture$1(AnyFunSuiteLike.scala:224)
[info]   at org.scalatest.funsuite.AnyFunSuiteLike.$anonfun$runTest$1(AnyFunSuiteLike.scala:236)
[info]   at org.scalatest.SuperEngine.runTestImpl(Engine.scala:306)
[info]   at org.scalatest.funsuite.AnyFunSuiteLike.runTest(AnyFunSuiteLike.scala:236)
[info]   at org.scalatest.funsuite.AnyFunSuiteLike.runTest$(AnyFunSuiteLike.scala:218)
[info]   at org.scalatest.funsuite.AnyFunSuite.runTest(AnyFunSuite.scala:1564)
[info]   at org.scalatest.funsuite.AnyFunSuiteLike.$anonfun$runTests$1(AnyFunSuiteLike.scala:269)
[info]   at org.scalatest.SuperEngine.$anonfun$runTestsInBranch$1(Engine.scala:413)
[info]   at scala.collection.immutable.List.foreach(List.scala:334)
[info]   at org.scalatest.SuperEngine.traverseSubNodes$1(Engine.scala:401)
[info]   at org.scalatest.SuperEngine.runTestsInBranch(Engine.scala:396)
[info]   at org.scalatest.SuperEngine.runTestsImpl(Engine.scala:475)
[info]   at org.scalatest.funsuite.AnyFunSuiteLike.runTests(AnyFunSuiteLike.scala:269)
[info]   at org.scalatest.funsuite.AnyFunSuiteLike.runTests$(AnyFunSuiteLike.scala:268)
[info]   at org.scalatest.funsuite.AnyFunSuite.runTests(AnyFunSuite.scala:1564)
[info]   at org.scalatest.Suite.run(Suite.scala:1114)
[info]   at org.scalatest.Suite.run$(Suite.scala:1096)
[info]   at org.scalatest.funsuite.AnyFunSuite.org$scalatest$funsuite$AnyFunSuiteLike$$super$run(AnyFunSuite.scala:1564)
[info]   at org.scalatest.funsuite.AnyFunSuiteLike.$anonfun$run$1(AnyFunSuiteLike.scala:273)
[info]   at org.scalatest.SuperEngine.runImpl(Engine.scala:535)
[info]   at org.scalatest.funsuite.AnyFunSuiteLike.run(AnyFunSuiteLike.scala:273)
[info]   at org.scalatest.funsuite.AnyFunSuiteLike.run$(AnyFunSuiteLike.scala:272)
[info]   at frameless.TypedDatasetSuite.org$scalatest$BeforeAndAfterAll$$super$run(TypedDatasetSuite.scala:63)
[info]   at org.scalatest.BeforeAndAfterAll.liftedTree1$1(BeforeAndAfterAll.scala:213)
[info]   at org.scalatest.BeforeAndAfterAll.run(BeforeAndAfterAll.scala:210)
[info]   at org.scalatest.BeforeAndAfterAll.run$(BeforeAndAfterAll.scala:208)
[info]   at frameless.TypedDatasetSuite.run(TypedDatasetSuite.scala:63)
[info]   at org.scalatest.tools.Framework.org$scalatest$tools$Framework$$runSuite(Framework.scala:321)
[info]   at org.scalatest.tools.Framework$ScalaTestTask.execute(Framework.scala:517)
[info]   at sbt.ForkMain$Run.lambda$runTest$1(ForkMain.java:414)
[info]   at java.base/java.util.concurrent.FutureTask.run(FutureTask.java:317)
[info]   at java.base/java.util.concurrent.ThreadPoolExecutor.runWorker(ThreadPoolExecutor.java:1144)
[info]   at java.base/java.util.concurrent.ThreadPoolExecutor$Worker.run(ThreadPoolExecutor.java:642)
[info]   at java.base/java.lang.Thread.run(Thread.java:1583)
[info] - select colMany *** FAILED *** (5 milliseconds)
[info]   IllegalArgumentException was thrown during property evaluation.
[info]     Message: argument type mismatch
[info]     Occurred when passed generated values (
[info]       arg0 = X2(X2(-194773091,-1206392992),2147483647)
[info]     )
[info]   org.scalatest.exceptions.GeneratorDrivenPropertyCheckFailedException:
[info]   at org.scalatestplus.scalacheck.CheckerAsserting$$anon$2.indicateFailure(CheckerAsserting.scala:251)
[info]   at org.scalatestplus.scalacheck.CheckerAsserting$$anon$2.indicateFailure(CheckerAsserting.scala:238)
[info]   at org.scalatestplus.scalacheck.UnitCheckerAsserting$CheckerAssertingImpl.check(CheckerAsserting.scala:160)
[info]   at org.scalatestplus.scalacheck.Checkers.check(Checkers.scala:244)
[info]   at org.scalatestplus.scalacheck.Checkers.check$(Checkers.scala:235)
[info]   at frameless.TypedDatasetSuite.check(TypedDatasetSuite.scala:63)
[info]   at frameless.ColTests.$anonfun$new$47(ColTests.scala:53)
[info]   at org.scalatest.OutcomeOf.outcomeOf(OutcomeOf.scala:85)
[info]   at org.scalatest.OutcomeOf.outcomeOf$(OutcomeOf.scala:83)
[info]   at org.scalatest.OutcomeOf$.outcomeOf(OutcomeOf.scala:104)
[info]   at org.scalatest.Transformer.apply(Transformer.scala:22)
[info]   at org.scalatest.Transformer.apply(Transformer.scala:20)
[info]   at org.scalatest.funsuite.AnyFunSuiteLike$$anon$1.apply(AnyFunSuiteLike.scala:226)
[info]   at org.scalatest.TestSuite.withFixture(TestSuite.scala:196)
[info]   at org.scalatest.TestSuite.withFixture$(TestSuite.scala:195)
[info]   at org.scalatest.funsuite.AnyFunSuite.withFixture(AnyFunSuite.scala:1564)
[info]   at org.scalatest.funsuite.AnyFunSuiteLike.invokeWithFixture$1(AnyFunSuiteLike.scala:224)
[info]   at org.scalatest.funsuite.AnyFunSuiteLike.$anonfun$runTest$1(AnyFunSuiteLike.scala:236)
[info]   at org.scalatest.SuperEngine.runTestImpl(Engine.scala:306)
[info]   at org.scalatest.funsuite.AnyFunSuiteLike.runTest(AnyFunSuiteLike.scala:236)
[info]   at org.scalatest.funsuite.AnyFunSuiteLike.runTest$(AnyFunSuiteLike.scala:218)
[info]   at org.scalatest.funsuite.AnyFunSuite.runTest(AnyFunSuite.scala:1564)
[info]   at org.scalatest.funsuite.AnyFunSuiteLike.$anonfun$runTests$1(AnyFunSuiteLike.scala:269)
[info]   at org.scalatest.SuperEngine.$anonfun$runTestsInBranch$1(Engine.scala:413)
[info]   at scala.collection.immutable.List.foreach(List.scala:334)
[info]   at org.scalatest.SuperEngine.traverseSubNodes$1(Engine.scala:401)
[info]   at org.scalatest.SuperEngine.runTestsInBranch(Engine.scala:396)
[info]   at org.scalatest.SuperEngine.runTestsImpl(Engine.scala:475)
[info]   at org.scalatest.funsuite.AnyFunSuiteLike.runTests(AnyFunSuiteLike.scala:269)
[info]   at org.scalatest.funsuite.AnyFunSuiteLike.runTests$(AnyFunSuiteLike.scala:268)
[info]   at org.scalatest.funsuite.AnyFunSuite.runTests(AnyFunSuite.scala:1564)
[info]   at org.scalatest.Suite.run(Suite.scala:1114)
[info]   at org.scalatest.Suite.run$(Suite.scala:1096)
[info]   at org.scalatest.funsuite.AnyFunSuite.org$scalatest$funsuite$AnyFunSuiteLike$$super$run(AnyFunSuite.scala:1564)
[info]   at org.scalatest.funsuite.AnyFunSuiteLike.$anonfun$run$1(AnyFunSuiteLike.scala:273)
[info]   at org.scalatest.SuperEngine.runImpl(Engine.scala:535)
[info]   at org.scalatest.funsuite.AnyFunSuiteLike.run(AnyFunSuiteLike.scala:273)
[info]   at org.scalatest.funsuite.AnyFunSuiteLike.run$(AnyFunSuiteLike.scala:272)
[info]   at frameless.TypedDatasetSuite.org$scalatest$BeforeAndAfterAll$$super$run(TypedDatasetSuite.scala:63)
[info]   at org.scalatest.BeforeAndAfterAll.liftedTree1$1(BeforeAndAfterAll.scala:213)
[info]   at org.scalatest.BeforeAndAfterAll.run(BeforeAndAfterAll.scala:210)
[info]   at org.scalatest.BeforeAndAfterAll.run$(BeforeAndAfterAll.scala:208)
[info]   at frameless.TypedDatasetSuite.run(TypedDatasetSuite.scala:63)
[info]   at org.scalatest.tools.Framework.org$scalatest$tools$Framework$$runSuite(Framework.scala:321)
[info]   at org.scalatest.tools.Framework$ScalaTestTask.execute(Framework.scala:517)
[info]   at sbt.ForkMain$Run.lambda$runTest$1(ForkMain.java:414)
[info]   at java.base/java.util.concurrent.FutureTask.run(FutureTask.java:317)
[info]   at java.base/java.util.concurrent.ThreadPoolExecutor.runWorker(ThreadPoolExecutor.java:1144)
[info]   at java.base/java.util.concurrent.ThreadPoolExecutor$Worker.run(ThreadPoolExecutor.java:642)
[info]   at java.base/java.lang.Thread.run(Thread.java:1583)
[info]   Cause: java.lang.IllegalArgumentException: argument type mismatch
[info]   at java.base/jdk.internal.reflect.DirectConstructorHandleAccessor.newInstance(DirectConstructorHandleAccessor.java:65)
[info]   at java.base/java.lang.reflect.Constructor.newInstanceWithCaller(Constructor.java:502)
[info]   at java.base/java.lang.reflect.Constructor.newInstance(Constructor.java:486)
[info]   at frameless.TypedExpressionEncoder$.$anonfun$apply$3(TypedExpressionEncoder.scala:55)
[info]   at scala.Option.map(Option.scala:242)
[info]   at frameless.TypedExpressionEncoder$.apply(TypedExpressionEncoder.scala:54)
[info]   at frameless.TypedDataset$.create(TypedDataset.scala:1325)
[info]   at frameless.ColTests.prop$1(ColTests.scala:47)
[info]   at frameless.ColTests.$anonfun$new$58(ColTests.scala:53)
[info]   at scala.Function1.$anonfun$andThen$1(Function1.scala:87)
[info]   at org.scalacheck.Prop$.$anonfun$forAllShrink$2(Prop.scala:868)
[info]   at org.scalacheck.Prop$.secure(Prop.scala:484)
[info]   at org.scalacheck.Prop$.result$1(Prop.scala:868)
[info]   at org.scalacheck.Prop$.$anonfun$forAllShrink$1(Prop.scala:915)
[info]   at org.scalacheck.Prop$.$anonfun$apply$1(Prop.scala:305)
[info]   at org.scalacheck.PropFromFun.apply(Prop.scala:20)
[info]   at org.scalacheck.Test$.workerFun$1(Test.scala:486)
[info]   at org.scalacheck.Test$.$anonfun$check$4(Test.scala:518)
[info]   at org.scalacheck.Test$.$anonfun$check$4$adapted(Test.scala:518)
[info]   at org.scalacheck.Platform$.runWorkers(Platform.scala:42)
[info]   at org.scalacheck.Test$.check(Test.scala:518)
[info]   at org.scalatestplus.scalacheck.UnitCheckerAsserting$CheckerAssertingImpl.check(CheckerAsserting.scala:90)
[info]   at org.scalatestplus.scalacheck.Checkers.check(Checkers.scala:244)
[info]   at org.scalatestplus.scalacheck.Checkers.check$(Checkers.scala:235)
[info]   at frameless.TypedDatasetSuite.check(TypedDatasetSuite.scala:63)
[info]   at frameless.ColTests.$anonfun$new$47(ColTests.scala:53)
[info]   at org.scalatest.OutcomeOf.outcomeOf(OutcomeOf.scala:85)
[info]   at org.scalatest.OutcomeOf.outcomeOf$(OutcomeOf.scala:83)
[info]   at org.scalatest.OutcomeOf$.outcomeOf(OutcomeOf.scala:104)
[info]   at org.scalatest.Transformer.apply(Transformer.scala:22)
[info]   at org.scalatest.Transformer.apply(Transformer.scala:20)
[info]   at org.scalatest.funsuite.AnyFunSuiteLike$$anon$1.apply(AnyFunSuiteLike.scala:226)
[info]   at org.scalatest.TestSuite.withFixture(TestSuite.scala:196)
[info]   at org.scalatest.TestSuite.withFixture$(TestSuite.scala:195)
[info]   at org.scalatest.funsuite.AnyFunSuite.withFixture(AnyFunSuite.scala:1564)
[info]   at org.scalatest.funsuite.AnyFunSuiteLike.invokeWithFixture$1(AnyFunSuiteLike.scala:224)
[info]   at org.scalatest.funsuite.AnyFunSuiteLike.$anonfun$runTest$1(AnyFunSuiteLike.scala:236)
[info]   at org.scalatest.SuperEngine.runTestImpl(Engine.scala:306)
[info]   at org.scalatest.funsuite.AnyFunSuiteLike.runTest(AnyFunSuiteLike.scala:236)
[info]   at org.scalatest.funsuite.AnyFunSuiteLike.runTest$(AnyFunSuiteLike.scala:218)
[info]   at org.scalatest.funsuite.AnyFunSuite.runTest(AnyFunSuite.scala:1564)
[info]   at org.scalatest.funsuite.AnyFunSuiteLike.$anonfun$runTests$1(AnyFunSuiteLike.scala:269)
[info]   at org.scalatest.SuperEngine.$anonfun$runTestsInBranch$1(Engine.scala:413)
[info]   at scala.collection.immutable.List.foreach(List.scala:334)
[info]   at org.scalatest.SuperEngine.traverseSubNodes$1(Engine.scala:401)
[info]   at org.scalatest.SuperEngine.runTestsInBranch(Engine.scala:396)
[info]   at org.scalatest.SuperEngine.runTestsImpl(Engine.scala:475)
[info]   at org.scalatest.funsuite.AnyFunSuiteLike.runTests(AnyFunSuiteLike.scala:269)
[info]   at org.scalatest.funsuite.AnyFunSuiteLike.runTests$(AnyFunSuiteLike.scala:268)
[info]   at org.scalatest.funsuite.AnyFunSuite.runTests(AnyFunSuite.scala:1564)
[info]   at org.scalatest.Suite.run(Suite.scala:1114)
[info]   at org.scalatest.Suite.run$(Suite.scala:1096)
[info]   at org.scalatest.funsuite.AnyFunSuite.org$scalatest$funsuite$AnyFunSuiteLike$$super$run(AnyFunSuite.scala:1564)
[info]   at org.scalatest.funsuite.AnyFunSuiteLike.$anonfun$run$1(AnyFunSuiteLike.scala:273)
[info]   at org.scalatest.SuperEngine.runImpl(Engine.scala:535)
[info]   at org.scalatest.funsuite.AnyFunSuiteLike.run(AnyFunSuiteLike.scala:273)
[info]   at org.scalatest.funsuite.AnyFunSuiteLike.run$(AnyFunSuiteLike.scala:272)
[info]   at frameless.TypedDatasetSuite.org$scalatest$BeforeAndAfterAll$$super$run(TypedDatasetSuite.scala:63)
[info]   at org.scalatest.BeforeAndAfterAll.liftedTree1$1(BeforeAndAfterAll.scala:213)
[info]   at org.scalatest.BeforeAndAfterAll.run(BeforeAndAfterAll.scala:210)
[info]   at org.scalatest.BeforeAndAfterAll.run$(BeforeAndAfterAll.scala:208)
[info]   at frameless.TypedDatasetSuite.run(TypedDatasetSuite.scala:63)
[info]   at org.scalatest.tools.Framework.org$scalatest$tools$Framework$$runSuite(Framework.scala:321)
[info]   at org.scalatest.tools.Framework$ScalaTestTask.execute(Framework.scala:517)
[info]   at sbt.ForkMain$Run.lambda$runTest$1(ForkMain.java:414)
[info]   at java.base/java.util.concurrent.FutureTask.run(FutureTask.java:317)
[info]   at java.base/java.util.concurrent.ThreadPoolExecutor.runWorker(ThreadPoolExecutor.java:1144)
[info]   at java.base/java.util.concurrent.ThreadPoolExecutor$Worker.run(ThreadPoolExecutor.java:642)
[info]   at java.base/java.lang.Thread.run(Thread.java:1583)
[info]   Cause: java.lang.ClassCastException: Cannot cast scala.reflect.ClassTag$GenericClassTag to org.apache.spark.sql.catalyst.expressions.Expression
[info]   at java.base/java.lang.Class.cast(Class.java:4067)
[info]   at java.base/jdk.internal.reflect.DirectConstructorHandleAccessor.newInstance(DirectConstructorHandleAccessor.java:62)
[info]   at java.base/java.lang.reflect.Constructor.newInstanceWithCaller(Constructor.java:502)
[info]   at java.base/java.lang.reflect.Constructor.newInstance(Constructor.java:486)
[info]   at frameless.TypedExpressionEncoder$.$anonfun$apply$3(TypedExpressionEncoder.scala:55)
[info]   at scala.Option.map(Option.scala:242)
[info]   at frameless.TypedExpressionEncoder$.apply(TypedExpressionEncoder.scala:54)
[info]   at frameless.TypedDataset$.create(TypedDataset.scala:1325)
[info]   at frameless.ColTests.prop$1(ColTests.scala:47)
[info]   at frameless.ColTests.$anonfun$new$58(ColTests.scala:53)
[info]   at scala.Function1.$anonfun$andThen$1(Function1.scala:87)
[info]   at org.scalacheck.Prop$.$anonfun$forAllShrink$2(Prop.scala:868)
[info]   at org.scalacheck.Prop$.secure(Prop.scala:484)
[info]   at org.scalacheck.Prop$.result$1(Prop.scala:868)
[info]   at org.scalacheck.Prop$.$anonfun$forAllShrink$1(Prop.scala:915)
[info]   at org.scalacheck.Prop$.$anonfun$apply$1(Prop.scala:305)
[info]   at org.scalacheck.PropFromFun.apply(Prop.scala:20)
[info]   at org.scalacheck.Test$.workerFun$1(Test.scala:486)
[info]   at org.scalacheck.Test$.$anonfun$check$4(Test.scala:518)
[info]   at org.scalacheck.Test$.$anonfun$check$4$adapted(Test.scala:518)
[info]   at org.scalacheck.Platform$.runWorkers(Platform.scala:42)
[info]   at org.scalacheck.Test$.check(Test.scala:518)
[info]   at org.scalatestplus.scalacheck.UnitCheckerAsserting$CheckerAssertingImpl.check(CheckerAsserting.scala:90)
[info]   at org.scalatestplus.scalacheck.Checkers.check(Checkers.scala:244)
[info]   at org.scalatestplus.scalacheck.Checkers.check$(Checkers.scala:235)
[info]   at frameless.TypedDatasetSuite.check(TypedDatasetSuite.scala:63)
[info]   at frameless.ColTests.$anonfun$new$47(ColTests.scala:53)
[info]   at org.scalatest.OutcomeOf.outcomeOf(OutcomeOf.scala:85)
[info]   at org.scalatest.OutcomeOf.outcomeOf$(OutcomeOf.scala:83)
[info]   at org.scalatest.OutcomeOf$.outcomeOf(OutcomeOf.scala:104)
[info]   at org.scalatest.Transformer.apply(Transformer.scala:22)
[info]   at org.scalatest.Transformer.apply(Transformer.scala:20)
[info]   at org.scalatest.funsuite.AnyFunSuiteLike$$anon$1.apply(AnyFunSuiteLike.scala:226)
[info]   at org.scalatest.TestSuite.withFixture(TestSuite.scala:196)
[info]   at org.scalatest.TestSuite.withFixture$(TestSuite.scala:195)
[info]   at org.scalatest.funsuite.AnyFunSuite.withFixture(AnyFunSuite.scala:1564)
[info]   at org.scalatest.funsuite.AnyFunSuiteLike.invokeWithFixture$1(AnyFunSuiteLike.scala:224)
[info]   at org.scalatest.funsuite.AnyFunSuiteLike.$anonfun$runTest$1(AnyFunSuiteLike.scala:236)
[info]   at org.scalatest.SuperEngine.runTestImpl(Engine.scala:306)
[info]   at org.scalatest.funsuite.AnyFunSuiteLike.runTest(AnyFunSuiteLike.scala:236)
[info]   at org.scalatest.funsuite.AnyFunSuiteLike.runTest$(AnyFunSuiteLike.scala:218)
[info]   at org.scalatest.funsuite.AnyFunSuite.runTest(AnyFunSuite.scala:1564)
[info]   at org.scalatest.funsuite.AnyFunSuiteLike.$anonfun$runTests$1(AnyFunSuiteLike.scala:269)
[info]   at org.scalatest.SuperEngine.$anonfun$runTestsInBranch$1(Engine.scala:413)
[info]   at scala.collection.immutable.List.foreach(List.scala:334)
[info]   at org.scalatest.SuperEngine.traverseSubNodes$1(Engine.scala:401)
[info]   at org.scalatest.SuperEngine.runTestsInBranch(Engine.scala:396)
[info]   at org.scalatest.SuperEngine.runTestsImpl(Engine.scala:475)
[info]   at org.scalatest.funsuite.AnyFunSuiteLike.runTests(AnyFunSuiteLike.scala:269)
[info]   at org.scalatest.funsuite.AnyFunSuiteLike.runTests$(AnyFunSuiteLike.scala:268)
[info]   at org.scalatest.funsuite.AnyFunSuite.runTests(AnyFunSuite.scala:1564)
[info]   at org.scalatest.Suite.run(Suite.scala:1114)
[info]   at org.scalatest.Suite.run$(Suite.scala:1096)
[info]   at org.scalatest.funsuite.AnyFunSuite.org$scalatest$funsuite$AnyFunSuiteLike$$super$run(AnyFunSuite.scala:1564)
[info]   at org.scalatest.funsuite.AnyFunSuiteLike.$anonfun$run$1(AnyFunSuiteLike.scala:273)
[info]   at org.scalatest.SuperEngine.runImpl(Engine.scala:535)
[info]   at org.scalatest.funsuite.AnyFunSuiteLike.run(AnyFunSuiteLike.scala:273)
[info]   at org.scalatest.funsuite.AnyFunSuiteLike.run$(AnyFunSuiteLike.scala:272)
[info]   at frameless.TypedDatasetSuite.org$scalatest$BeforeAndAfterAll$$super$run(TypedDatasetSuite.scala:63)
[info]   at org.scalatest.BeforeAndAfterAll.liftedTree1$1(BeforeAndAfterAll.scala:213)
[info]   at org.scalatest.BeforeAndAfterAll.run(BeforeAndAfterAll.scala:210)
[info]   at org.scalatest.BeforeAndAfterAll.run$(BeforeAndAfterAll.scala:208)
[info]   at frameless.TypedDatasetSuite.run(TypedDatasetSuite.scala:63)
[info]   at org.scalatest.tools.Framework.org$scalatest$tools$Framework$$runSuite(Framework.scala:321)
[info]   at org.scalatest.tools.Framework$ScalaTestTask.execute(Framework.scala:517)
[info]   at sbt.ForkMain$Run.lambda$runTest$1(ForkMain.java:414)
[info]   at java.base/java.util.concurrent.FutureTask.run(FutureTask.java:317)
[info]   at java.base/java.util.concurrent.ThreadPoolExecutor.runWorker(ThreadPoolExecutor.java:1144)
[info]   at java.base/java.util.concurrent.ThreadPoolExecutor$Worker.run(ThreadPoolExecutor.java:642)
[info]   at java.base/java.lang.Thread.run(Thread.java:1583)
[info] DropTest:
[info] - fail to compile on missing value *** FAILED *** (1 millisecond)
[info]   java.lang.IllegalArgumentException: argument type mismatch
[info]   at java.base/jdk.internal.reflect.DirectConstructorHandleAccessor.newInstance(DirectConstructorHandleAccessor.java:65)
[info]   at java.base/java.lang.reflect.Constructor.newInstanceWithCaller(Constructor.java:502)
[info]   at java.base/java.lang.reflect.Constructor.newInstance(Constructor.java:486)
[info]   at frameless.TypedExpressionEncoder$.$anonfun$apply$3(TypedExpressionEncoder.scala:55)
[info]   at scala.Option.map(Option.scala:242)
[info]   at frameless.TypedExpressionEncoder$.apply(TypedExpressionEncoder.scala:54)
[info]   at frameless.TypedDataset$.create(TypedDataset.scala:1325)
[info]   at frameless.DropTest.$anonfun$new$1(DropTest.scala:11)
[info]   at scala.runtime.java8.JFunction0$mcV$sp.apply(JFunction0$mcV$sp.scala:18)
[info]   at org.scalatest.OutcomeOf.outcomeOf(OutcomeOf.scala:85)
[info]   at org.scalatest.OutcomeOf.outcomeOf$(OutcomeOf.scala:83)
[info]   at org.scalatest.OutcomeOf$.outcomeOf(OutcomeOf.scala:104)
[info]   at org.scalatest.Transformer.apply(Transformer.scala:22)
[info]   at org.scalatest.Transformer.apply(Transformer.scala:20)
[info]   at org.scalatest.funsuite.AnyFunSuiteLike$$anon$1.apply(AnyFunSuiteLike.scala:226)
[info]   at org.scalatest.TestSuite.withFixture(TestSuite.scala:196)
[info]   at org.scalatest.TestSuite.withFixture$(TestSuite.scala:195)
[info]   at org.scalatest.funsuite.AnyFunSuite.withFixture(AnyFunSuite.scala:1564)
[info]   at org.scalatest.funsuite.AnyFunSuiteLike.invokeWithFixture$1(AnyFunSuiteLike.scala:224)
[info]   at org.scalatest.funsuite.AnyFunSuiteLike.$anonfun$runTest$1(AnyFunSuiteLike.scala:236)
[info]   at org.scalatest.SuperEngine.runTestImpl(Engine.scala:306)
[info]   at org.scalatest.funsuite.AnyFunSuiteLike.runTest(AnyFunSuiteLike.scala:236)
[info]   at org.scalatest.funsuite.AnyFunSuiteLike.runTest$(AnyFunSuiteLike.scala:218)
[info]   at org.scalatest.funsuite.AnyFunSuite.runTest(AnyFunSuite.scala:1564)
[info]   at org.scalatest.funsuite.AnyFunSuiteLike.$anonfun$runTests$1(AnyFunSuiteLike.scala:269)
[info]   at org.scalatest.SuperEngine.$anonfun$runTestsInBranch$1(Engine.scala:413)
[info]   at scala.collection.immutable.List.foreach(List.scala:334)
[info]   at org.scalatest.SuperEngine.traverseSubNodes$1(Engine.scala:401)
[info]   at org.scalatest.SuperEngine.runTestsInBranch(Engine.scala:396)
[info]   at org.scalatest.SuperEngine.runTestsImpl(Engine.scala:475)
[info]   at org.scalatest.funsuite.AnyFunSuiteLike.runTests(AnyFunSuiteLike.scala:269)
[info]   at org.scalatest.funsuite.AnyFunSuiteLike.runTests$(AnyFunSuiteLike.scala:268)
[info]   at org.scalatest.funsuite.AnyFunSuite.runTests(AnyFunSuite.scala:1564)
[info]   at org.scalatest.Suite.run(Suite.scala:1114)
[info]   at org.scalatest.Suite.run$(Suite.scala:1096)
[info]   at org.scalatest.funsuite.AnyFunSuite.org$scalatest$funsuite$AnyFunSuiteLike$$super$run(AnyFunSuite.scala:1564)
[info]   at org.scalatest.funsuite.AnyFunSuiteLike.$anonfun$run$1(AnyFunSuiteLike.scala:273)
[info]   at org.scalatest.SuperEngine.runImpl(Engine.scala:535)
[info]   at org.scalatest.funsuite.AnyFunSuiteLike.run(AnyFunSuiteLike.scala:273)
[info]   at org.scalatest.funsuite.AnyFunSuiteLike.run$(AnyFunSuiteLike.scala:272)
[info]   at frameless.TypedDatasetSuite.org$scalatest$BeforeAndAfterAll$$super$run(TypedDatasetSuite.scala:63)
[info]   at org.scalatest.BeforeAndAfterAll.liftedTree1$1(BeforeAndAfterAll.scala:213)
[info]   at org.scalatest.BeforeAndAfterAll.run(BeforeAndAfterAll.scala:210)
[info]   at org.scalatest.BeforeAndAfterAll.run$(BeforeAndAfterAll.scala:208)
[info]   at frameless.TypedDatasetSuite.run(TypedDatasetSuite.scala:63)
[info]   at org.scalatest.tools.Framework.org$scalatest$tools$Framework$$runSuite(Framework.scala:321)
[info]   at org.scalatest.tools.Framework$ScalaTestTask.execute(Framework.scala:517)
[info]   at sbt.ForkMain$Run.lambda$runTest$1(ForkMain.java:414)
[info]   at java.base/java.util.concurrent.FutureTask.run(FutureTask.java:317)
[info]   at java.base/java.util.concurrent.ThreadPoolExecutor.runWorker(ThreadPoolExecutor.java:1144)
[info]   at java.base/java.util.concurrent.ThreadPoolExecutor$Worker.run(ThreadPoolExecutor.java:642)
[info]   at java.base/java.lang.Thread.run(Thread.java:1583)
[info]   Cause: java.lang.ClassCastException: Cannot cast scala.reflect.ClassTag$GenericClassTag to org.apache.spark.sql.catalyst.expressions.Expression
[info]   at java.base/java.lang.Class.cast(Class.java:4067)
[info]   at java.base/jdk.internal.reflect.DirectConstructorHandleAccessor.newInstance(DirectConstructorHandleAccessor.java:62)
[info]   at java.base/java.lang.reflect.Constructor.newInstanceWithCaller(Constructor.java:502)
[info]   at java.base/java.lang.reflect.Constructor.newInstance(Constructor.java:486)
[info]   at frameless.TypedExpressionEncoder$.$anonfun$apply$3(TypedExpressionEncoder.scala:55)
[info]   at scala.Option.map(Option.scala:242)
[info]   at frameless.TypedExpressionEncoder$.apply(TypedExpressionEncoder.scala:54)
[info]   at frameless.TypedDataset$.create(TypedDataset.scala:1325)
[info]   at frameless.DropTest.$anonfun$new$1(DropTest.scala:11)
[info]   at scala.runtime.java8.JFunction0$mcV$sp.apply(JFunction0$mcV$sp.scala:18)
[info]   at org.scalatest.OutcomeOf.outcomeOf(OutcomeOf.scala:85)
[info]   at org.scalatest.OutcomeOf.outcomeOf$(OutcomeOf.scala:83)
[info]   at org.scalatest.OutcomeOf$.outcomeOf(OutcomeOf.scala:104)
[info]   at org.scalatest.Transformer.apply(Transformer.scala:22)
[info]   at org.scalatest.Transformer.apply(Transformer.scala:20)
[info]   at org.scalatest.funsuite.AnyFunSuiteLike$$anon$1.apply(AnyFunSuiteLike.scala:226)
[info]   at org.scalatest.TestSuite.withFixture(TestSuite.scala:196)
[info]   at org.scalatest.TestSuite.withFixture$(TestSuite.scala:195)
[info]   at org.scalatest.funsuite.AnyFunSuite.withFixture(AnyFunSuite.scala:1564)
[info]   at org.scalatest.funsuite.AnyFunSuiteLike.invokeWithFixture$1(AnyFunSuiteLike.scala:224)
[info]   at org.scalatest.funsuite.AnyFunSuiteLike.$anonfun$runTest$1(AnyFunSuiteLike.scala:236)
[info]   at org.scalatest.SuperEngine.runTestImpl(Engine.scala:306)
[info]   at org.scalatest.funsuite.AnyFunSuiteLike.runTest(AnyFunSuiteLike.scala:236)
[info]   at org.scalatest.funsuite.AnyFunSuiteLike.runTest$(AnyFunSuiteLike.scala:218)
[info]   at org.scalatest.funsuite.AnyFunSuite.runTest(AnyFunSuite.scala:1564)
[info]   at org.scalatest.funsuite.AnyFunSuiteLike.$anonfun$runTests$1(AnyFunSuiteLike.scala:269)
[info]   at org.scalatest.SuperEngine.$anonfun$runTestsInBranch$1(Engine.scala:413)
[info]   at scala.collection.immutable.List.foreach(List.scala:334)
[info]   at org.scalatest.SuperEngine.traverseSubNodes$1(Engine.scala:401)
[info]   at org.scalatest.SuperEngine.runTestsInBranch(Engine.scala:396)
[info]   at org.scalatest.SuperEngine.runTestsImpl(Engine.scala:475)
[info]   at org.scalatest.funsuite.AnyFunSuiteLike.runTests(AnyFunSuiteLike.scala:269)
[info]   at org.scalatest.funsuite.AnyFunSuiteLike.runTests$(AnyFunSuiteLike.scala:268)
[info]   at org.scalatest.funsuite.AnyFunSuite.runTests(AnyFunSuite.scala:1564)
[info]   at org.scalatest.Suite.run(Suite.scala:1114)
[info]   at org.scalatest.Suite.run$(Suite.scala:1096)
[info]   at org.scalatest.funsuite.AnyFunSuite.org$scalatest$funsuite$AnyFunSuiteLike$$super$run(AnyFunSuite.scala:1564)
[info]   at org.scalatest.funsuite.AnyFunSuiteLike.$anonfun$run$1(AnyFunSuiteLike.scala:273)
[info]   at org.scalatest.SuperEngine.runImpl(Engine.scala:535)
[info]   at org.scalatest.funsuite.AnyFunSuiteLike.run(AnyFunSuiteLike.scala:273)
[info]   at org.scalatest.funsuite.AnyFunSuiteLike.run$(AnyFunSuiteLike.scala:272)
[info]   at frameless.TypedDatasetSuite.org$scalatest$BeforeAndAfterAll$$super$run(TypedDatasetSuite.scala:63)
[info]   at org.scalatest.BeforeAndAfterAll.liftedTree1$1(BeforeAndAfterAll.scala:213)
[info]   at org.scalatest.BeforeAndAfterAll.run(BeforeAndAfterAll.scala:210)
[info]   at org.scalatest.BeforeAndAfterAll.run$(BeforeAndAfterAll.scala:208)
[info]   at frameless.TypedDatasetSuite.run(TypedDatasetSuite.scala:63)
[info]   at org.scalatest.tools.Framework.org$scalatest$tools$Framework$$runSuite(Framework.scala:321)
[info]   at org.scalatest.tools.Framework$ScalaTestTask.execute(Framework.scala:517)
[info]   at sbt.ForkMain$Run.lambda$runTest$1(ForkMain.java:414)
[info]   at java.base/java.util.concurrent.FutureTask.run(FutureTask.java:317)
[info]   at java.base/java.util.concurrent.ThreadPoolExecutor.runWorker(ThreadPoolExecutor.java:1144)
[info]   at java.base/java.util.concurrent.ThreadPoolExecutor$Worker.run(ThreadPoolExecutor.java:642)
[info]   at java.base/java.lang.Thread.run(Thread.java:1583)
[info] - fail to compile on different column name *** FAILED *** (0 milliseconds)
[info]   java.lang.IllegalArgumentException: argument type mismatch
[info]   at java.base/jdk.internal.reflect.DirectConstructorHandleAccessor.newInstance(DirectConstructorHandleAccessor.java:65)
[info]   at java.base/java.lang.reflect.Constructor.newInstanceWithCaller(Constructor.java:502)
[info]   at java.base/java.lang.reflect.Constructor.newInstance(Constructor.java:486)
[info]   at frameless.TypedExpressionEncoder$.$anonfun$apply$3(TypedExpressionEncoder.scala:55)
[info]   at scala.Option.map(Option.scala:242)
[info]   at frameless.TypedExpressionEncoder$.apply(TypedExpressionEncoder.scala:54)
[info]   at frameless.TypedDataset$.create(TypedDataset.scala:1325)
[info]   at frameless.DropTest.$anonfun$new$6(DropTest.scala:18)
[info]   at scala.runtime.java8.JFunction0$mcV$sp.apply(JFunction0$mcV$sp.scala:18)
[info]   at org.scalatest.OutcomeOf.outcomeOf(OutcomeOf.scala:85)
[info]   at org.scalatest.OutcomeOf.outcomeOf$(OutcomeOf.scala:83)
[info]   at org.scalatest.OutcomeOf$.outcomeOf(OutcomeOf.scala:104)
[info]   at org.scalatest.Transformer.apply(Transformer.scala:22)
[info]   at org.scalatest.Transformer.apply(Transformer.scala:20)
[info]   at org.scalatest.funsuite.AnyFunSuiteLike$$anon$1.apply(AnyFunSuiteLike.scala:226)
[info]   at org.scalatest.TestSuite.withFixture(TestSuite.scala:196)
[info]   at org.scalatest.TestSuite.withFixture$(TestSuite.scala:195)
[info]   at org.scalatest.funsuite.AnyFunSuite.withFixture(AnyFunSuite.scala:1564)
[info]   at org.scalatest.funsuite.AnyFunSuiteLike.invokeWithFixture$1(AnyFunSuiteLike.scala:224)
[info]   at org.scalatest.funsuite.AnyFunSuiteLike.$anonfun$runTest$1(AnyFunSuiteLike.scala:236)
[info]   at org.scalatest.SuperEngine.runTestImpl(Engine.scala:306)
[info]   at org.scalatest.funsuite.AnyFunSuiteLike.runTest(AnyFunSuiteLike.scala:236)
[info]   at org.scalatest.funsuite.AnyFunSuiteLike.runTest$(AnyFunSuiteLike.scala:218)
[info]   at org.scalatest.funsuite.AnyFunSuite.runTest(AnyFunSuite.scala:1564)
[info]   at org.scalatest.funsuite.AnyFunSuiteLike.$anonfun$runTests$1(AnyFunSuiteLike.scala:269)
[info]   at org.scalatest.SuperEngine.$anonfun$runTestsInBranch$1(Engine.scala:413)
[info]   at scala.collection.immutable.List.foreach(List.scala:334)
[info]   at org.scalatest.SuperEngine.traverseSubNodes$1(Engine.scala:401)
[info]   at org.scalatest.SuperEngine.runTestsInBranch(Engine.scala:396)
[info]   at org.scalatest.SuperEngine.runTestsImpl(Engine.scala:475)
[info]   at org.scalatest.funsuite.AnyFunSuiteLike.runTests(AnyFunSuiteLike.scala:269)
[info]   at org.scalatest.funsuite.AnyFunSuiteLike.runTests$(AnyFunSuiteLike.scala:268)
[info]   at org.scalatest.funsuite.AnyFunSuite.runTests(AnyFunSuite.scala:1564)
[info]   at org.scalatest.Suite.run(Suite.scala:1114)
[info]   at org.scalatest.Suite.run$(Suite.scala:1096)
[info]   at org.scalatest.funsuite.AnyFunSuite.org$scalatest$funsuite$AnyFunSuiteLike$$super$run(AnyFunSuite.scala:1564)
[info]   at org.scalatest.funsuite.AnyFunSuiteLike.$anonfun$run$1(AnyFunSuiteLike.scala:273)
[info]   at org.scalatest.SuperEngine.runImpl(Engine.scala:535)
[info]   at org.scalatest.funsuite.AnyFunSuiteLike.run(AnyFunSuiteLike.scala:273)
[info]   at org.scalatest.funsuite.AnyFunSuiteLike.run$(AnyFunSuiteLike.scala:272)
[info]   at frameless.TypedDatasetSuite.org$scalatest$BeforeAndAfterAll$$super$run(TypedDatasetSuite.scala:63)
[info]   at org.scalatest.BeforeAndAfterAll.liftedTree1$1(BeforeAndAfterAll.scala:213)
[info]   at org.scalatest.BeforeAndAfterAll.run(BeforeAndAfterAll.scala:210)
[info]   at org.scalatest.BeforeAndAfterAll.run$(BeforeAndAfterAll.scala:208)
[info]   at frameless.TypedDatasetSuite.run(TypedDatasetSuite.scala:63)
[info]   at org.scalatest.tools.Framework.org$scalatest$tools$Framework$$runSuite(Framework.scala:321)
[info]   at org.scalatest.tools.Framework$ScalaTestTask.execute(Framework.scala:517)
[info]   at sbt.ForkMain$Run.lambda$runTest$1(ForkMain.java:414)
[info]   at java.base/java.util.concurrent.FutureTask.run(FutureTask.java:317)
[info]   at java.base/java.util.concurrent.ThreadPoolExecutor.runWorker(ThreadPoolExecutor.java:1144)
[info]   at java.base/java.util.concurrent.ThreadPoolExecutor$Worker.run(ThreadPoolExecutor.java:642)
[info]   at java.base/java.lang.Thread.run(Thread.java:1583)
[info]   Cause: java.lang.ClassCastException: Cannot cast scala.reflect.ClassTag$GenericClassTag to org.apache.spark.sql.catalyst.expressions.Expression
[info]   at java.base/java.lang.Class.cast(Class.java:4067)
[info]   at java.base/jdk.internal.reflect.DirectConstructorHandleAccessor.newInstance(DirectConstructorHandleAccessor.java:62)
[info]   at java.base/java.lang.reflect.Constructor.newInstanceWithCaller(Constructor.java:502)
[info]   at java.base/java.lang.reflect.Constructor.newInstance(Constructor.java:486)
[info]   at frameless.TypedExpressionEncoder$.$anonfun$apply$3(TypedExpressionEncoder.scala:55)
[info]   at scala.Option.map(Option.scala:242)
[info]   at frameless.TypedExpressionEncoder$.apply(TypedExpressionEncoder.scala:54)
[info]   at frameless.TypedDataset$.create(TypedDataset.scala:1325)
[info]   at frameless.DropTest.$anonfun$new$6(DropTest.scala:18)
[info]   at scala.runtime.java8.JFunction0$mcV$sp.apply(JFunction0$mcV$sp.scala:18)
[info]   at org.scalatest.OutcomeOf.outcomeOf(OutcomeOf.scala:85)
[info]   at org.scalatest.OutcomeOf.outcomeOf$(OutcomeOf.scala:83)
[info]   at org.scalatest.OutcomeOf$.outcomeOf(OutcomeOf.scala:104)
[info]   at org.scalatest.Transformer.apply(Transformer.scala:22)
[info]   at org.scalatest.Transformer.apply(Transformer.scala:20)
[info]   at org.scalatest.funsuite.AnyFunSuiteLike$$anon$1.apply(AnyFunSuiteLike.scala:226)
[info]   at org.scalatest.TestSuite.withFixture(TestSuite.scala:196)
[info]   at org.scalatest.TestSuite.withFixture$(TestSuite.scala:195)
[info]   at org.scalatest.funsuite.AnyFunSuite.withFixture(AnyFunSuite.scala:1564)
[info]   at org.scalatest.funsuite.AnyFunSuiteLike.invokeWithFixture$1(AnyFunSuiteLike.scala:224)
[info]   at org.scalatest.funsuite.AnyFunSuiteLike.$anonfun$runTest$1(AnyFunSuiteLike.scala:236)
[info]   at org.scalatest.SuperEngine.runTestImpl(Engine.scala:306)
[info]   at org.scalatest.funsuite.AnyFunSuiteLike.runTest(AnyFunSuiteLike.scala:236)
[info]   at org.scalatest.funsuite.AnyFunSuiteLike.runTest$(AnyFunSuiteLike.scala:218)
[info]   at org.scalatest.funsuite.AnyFunSuite.runTest(AnyFunSuite.scala:1564)
[info]   at org.scalatest.funsuite.AnyFunSuiteLike.$anonfun$runTests$1(AnyFunSuiteLike.scala:269)
[info]   at org.scalatest.SuperEngine.$anonfun$runTestsInBranch$1(Engine.scala:413)
[info]   at scala.collection.immutable.List.foreach(List.scala:334)
[info]   at org.scalatest.SuperEngine.traverseSubNodes$1(Engine.scala:401)
[info]   at org.scalatest.SuperEngine.runTestsInBranch(Engine.scala:396)
[info]   at org.scalatest.SuperEngine.runTestsImpl(Engine.scala:475)
[info]   at org.scalatest.funsuite.AnyFunSuiteLike.runTests(AnyFunSuiteLike.scala:269)
[info]   at org.scalatest.funsuite.AnyFunSuiteLike.runTests$(AnyFunSuiteLike.scala:268)
[info]   at org.scalatest.funsuite.AnyFunSuite.runTests(AnyFunSuite.scala:1564)
[info]   at org.scalatest.Suite.run(Suite.scala:1114)
[info]   at org.scalatest.Suite.run$(Suite.scala:1096)
[info]   at org.scalatest.funsuite.AnyFunSuite.org$scalatest$funsuite$AnyFunSuiteLike$$super$run(AnyFunSuite.scala:1564)
[info]   at org.scalatest.funsuite.AnyFunSuiteLike.$anonfun$run$1(AnyFunSuiteLike.scala:273)
[info]   at org.scalatest.SuperEngine.runImpl(Engine.scala:535)
[info]   at org.scalatest.funsuite.AnyFunSuiteLike.run(AnyFunSuiteLike.scala:273)
[info]   at org.scalatest.funsuite.AnyFunSuiteLike.run$(AnyFunSuiteLike.scala:272)
[info]   at frameless.TypedDatasetSuite.org$scalatest$BeforeAndAfterAll$$super$run(TypedDatasetSuite.scala:63)
[info]   at org.scalatest.BeforeAndAfterAll.liftedTree1$1(BeforeAndAfterAll.scala:213)
[info]   at org.scalatest.BeforeAndAfterAll.run(BeforeAndAfterAll.scala:210)
[info]   at org.scalatest.BeforeAndAfterAll.run$(BeforeAndAfterAll.scala:208)
[info]   at frameless.TypedDatasetSuite.run(TypedDatasetSuite.scala:63)
[info]   at org.scalatest.tools.Framework.org$scalatest$tools$Framework$$runSuite(Framework.scala:321)
[info]   at org.scalatest.tools.Framework$ScalaTestTask.execute(Framework.scala:517)
[info]   at sbt.ForkMain$Run.lambda$runTest$1(ForkMain.java:414)
[info]   at java.base/java.util.concurrent.FutureTask.run(FutureTask.java:317)
[info]   at java.base/java.util.concurrent.ThreadPoolExecutor.runWorker(ThreadPoolExecutor.java:1144)
[info]   at java.base/java.util.concurrent.ThreadPoolExecutor$Worker.run(ThreadPoolExecutor.java:642)
[info]   at java.base/java.lang.Thread.run(Thread.java:1583)
[info] - fail to compile on added column name *** FAILED *** (1 millisecond)
[info]   java.lang.IllegalArgumentException: argument type mismatch
[info]   at java.base/jdk.internal.reflect.DirectConstructorHandleAccessor.newInstance(DirectConstructorHandleAccessor.java:65)
[info]   at java.base/java.lang.reflect.Constructor.newInstanceWithCaller(Constructor.java:502)
[info]   at java.base/java.lang.reflect.Constructor.newInstance(Constructor.java:486)
[info]   at frameless.TypedExpressionEncoder$.$anonfun$apply$3(TypedExpressionEncoder.scala:55)
[info]   at scala.Option.map(Option.scala:242)
[info]   at frameless.TypedExpressionEncoder$.apply(TypedExpressionEncoder.scala:54)
[info]   at frameless.TypedDataset$.create(TypedDataset.scala:1325)
[info]   at frameless.DropTest.$anonfun$new$11(DropTest.scala:25)
[info]   at scala.runtime.java8.JFunction0$mcV$sp.apply(JFunction0$mcV$sp.scala:18)
[info]   at org.scalatest.OutcomeOf.outcomeOf(OutcomeOf.scala:85)
[info]   at org.scalatest.OutcomeOf.outcomeOf$(OutcomeOf.scala:83)
[info]   at org.scalatest.OutcomeOf$.outcomeOf(OutcomeOf.scala:104)
[info]   at org.scalatest.Transformer.apply(Transformer.scala:22)
[info]   at org.scalatest.Transformer.apply(Transformer.scala:20)
[info]   at org.scalatest.funsuite.AnyFunSuiteLike$$anon$1.apply(AnyFunSuiteLike.scala:226)
[info]   at org.scalatest.TestSuite.withFixture(TestSuite.scala:196)
[info]   at org.scalatest.TestSuite.withFixture$(TestSuite.scala:195)
[info]   at org.scalatest.funsuite.AnyFunSuite.withFixture(AnyFunSuite.scala:1564)
[info]   at org.scalatest.funsuite.AnyFunSuiteLike.invokeWithFixture$1(AnyFunSuiteLike.scala:224)
[info]   at org.scalatest.funsuite.AnyFunSuiteLike.$anonfun$runTest$1(AnyFunSuiteLike.scala:236)
[info]   at org.scalatest.SuperEngine.runTestImpl(Engine.scala:306)
[info]   at org.scalatest.funsuite.AnyFunSuiteLike.runTest(AnyFunSuiteLike.scala:236)
[info]   at org.scalatest.funsuite.AnyFunSuiteLike.runTest$(AnyFunSuiteLike.scala:218)
[info]   at org.scalatest.funsuite.AnyFunSuite.runTest(AnyFunSuite.scala:1564)
[info]   at org.scalatest.funsuite.AnyFunSuiteLike.$anonfun$runTests$1(AnyFunSuiteLike.scala:269)
[info]   at org.scalatest.SuperEngine.$anonfun$runTestsInBranch$1(Engine.scala:413)
[info]   at scala.collection.immutable.List.foreach(List.scala:334)
[info]   at org.scalatest.SuperEngine.traverseSubNodes$1(Engine.scala:401)
[info]   at org.scalatest.SuperEngine.runTestsInBranch(Engine.scala:396)
[info]   at org.scalatest.SuperEngine.runTestsImpl(Engine.scala:475)
[info]   at org.scalatest.funsuite.AnyFunSuiteLike.runTests(AnyFunSuiteLike.scala:269)
[info]   at org.scalatest.funsuite.AnyFunSuiteLike.runTests$(AnyFunSuiteLike.scala:268)
[info]   at org.scalatest.funsuite.AnyFunSuite.runTests(AnyFunSuite.scala:1564)
[info]   at org.scalatest.Suite.run(Suite.scala:1114)
[info]   at org.scalatest.Suite.run$(Suite.scala:1096)
[info]   at org.scalatest.funsuite.AnyFunSuite.org$scalatest$funsuite$AnyFunSuiteLike$$super$run(AnyFunSuite.scala:1564)
[info]   at org.scalatest.funsuite.AnyFunSuiteLike.$anonfun$run$1(AnyFunSuiteLike.scala:273)
[info]   at org.scalatest.SuperEngine.runImpl(Engine.scala:535)
[info]   at org.scalatest.funsuite.AnyFunSuiteLike.run(AnyFunSuiteLike.scala:273)
[info]   at org.scalatest.funsuite.AnyFunSuiteLike.run$(AnyFunSuiteLike.scala:272)
[info]   at frameless.TypedDatasetSuite.org$scalatest$BeforeAndAfterAll$$super$run(TypedDatasetSuite.scala:63)
[info]   at org.scalatest.BeforeAndAfterAll.liftedTree1$1(BeforeAndAfterAll.scala:213)
[info]   at org.scalatest.BeforeAndAfterAll.run(BeforeAndAfterAll.scala:210)
[info]   at org.scalatest.BeforeAndAfterAll.run$(BeforeAndAfterAll.scala:208)
[info]   at frameless.TypedDatasetSuite.run(TypedDatasetSuite.scala:63)
[info]   at org.scalatest.tools.Framework.org$scalatest$tools$Framework$$runSuite(Framework.scala:321)
[info]   at org.scalatest.tools.Framework$ScalaTestTask.execute(Framework.scala:517)
[info]   at sbt.ForkMain$Run.lambda$runTest$1(ForkMain.java:414)
[info]   at java.base/java.util.concurrent.FutureTask.run(FutureTask.java:317)
[info]   at java.base/java.util.concurrent.ThreadPoolExecutor.runWorker(ThreadPoolExecutor.java:1144)
[info]   at java.base/java.util.concurrent.ThreadPoolExecutor$Worker.run(ThreadPoolExecutor.java:642)
[info]   at java.base/java.lang.Thread.run(Thread.java:1583)
[info]   Cause: java.lang.ClassCastException: Cannot cast scala.reflect.ClassTag$GenericClassTag to org.apache.spark.sql.catalyst.expressions.Expression
[info]   at java.base/java.lang.Class.cast(Class.java:4067)
[info]   at java.base/jdk.internal.reflect.DirectConstructorHandleAccessor.newInstance(DirectConstructorHandleAccessor.java:62)
[info]   at java.base/java.lang.reflect.Constructor.newInstanceWithCaller(Constructor.java:502)
[info]   at java.base/java.lang.reflect.Constructor.newInstance(Constructor.java:486)
[info]   at frameless.TypedExpressionEncoder$.$anonfun$apply$3(TypedExpressionEncoder.scala:55)
[info]   at scala.Option.map(Option.scala:242)
[info]   at frameless.TypedExpressionEncoder$.apply(TypedExpressionEncoder.scala:54)
[info]   at frameless.TypedDataset$.create(TypedDataset.scala:1325)
[info]   at frameless.DropTest.$anonfun$new$11(DropTest.scala:25)
[info]   at scala.runtime.java8.JFunction0$mcV$sp.apply(JFunction0$mcV$sp.scala:18)
[info]   at org.scalatest.OutcomeOf.outcomeOf(OutcomeOf.scala:85)
[info]   at org.scalatest.OutcomeOf.outcomeOf$(OutcomeOf.scala:83)
[info]   at org.scalatest.OutcomeOf$.outcomeOf(OutcomeOf.scala:104)
[info]   at org.scalatest.Transformer.apply(Transformer.scala:22)
[info]   at org.scalatest.Transformer.apply(Transformer.scala:20)
[info]   at org.scalatest.funsuite.AnyFunSuiteLike$$anon$1.apply(AnyFunSuiteLike.scala:226)
[info]   at org.scalatest.TestSuite.withFixture(TestSuite.scala:196)
[info]   at org.scalatest.TestSuite.withFixture$(TestSuite.scala:195)
[info]   at org.scalatest.funsuite.AnyFunSuite.withFixture(AnyFunSuite.scala:1564)
[info]   at org.scalatest.funsuite.AnyFunSuiteLike.invokeWithFixture$1(AnyFunSuiteLike.scala:224)
[info]   at org.scalatest.funsuite.AnyFunSuiteLike.$anonfun$runTest$1(AnyFunSuiteLike.scala:236)
[info]   at org.scalatest.SuperEngine.runTestImpl(Engine.scala:306)
[info]   at org.scalatest.funsuite.AnyFunSuiteLike.runTest(AnyFunSuiteLike.scala:236)
[info]   at org.scalatest.funsuite.AnyFunSuiteLike.runTest$(AnyFunSuiteLike.scala:218)
[info]   at org.scalatest.funsuite.AnyFunSuite.runTest(AnyFunSuite.scala:1564)
[info]   at org.scalatest.funsuite.AnyFunSuiteLike.$anonfun$runTests$1(AnyFunSuiteLike.scala:269)
[info]   at org.scalatest.SuperEngine.$anonfun$runTestsInBranch$1(Engine.scala:413)
[info]   at scala.collection.immutable.List.foreach(List.scala:334)
[info]   at org.scalatest.SuperEngine.traverseSubNodes$1(Engine.scala:401)
[info]   at org.scalatest.SuperEngine.runTestsInBranch(Engine.scala:396)
[info]   at org.scalatest.SuperEngine.runTestsImpl(Engine.scala:475)
[info]   at org.scalatest.funsuite.AnyFunSuiteLike.runTests(AnyFunSuiteLike.scala:269)
[info]   at org.scalatest.funsuite.AnyFunSuiteLike.runTests$(AnyFunSuiteLike.scala:268)
[info]   at org.scalatest.funsuite.AnyFunSuite.runTests(AnyFunSuite.scala:1564)
[info]   at org.scalatest.Suite.run(Suite.scala:1114)
[info]   at org.scalatest.Suite.run$(Suite.scala:1096)
[info]   at org.scalatest.funsuite.AnyFunSuite.org$scalatest$funsuite$AnyFunSuiteLike$$super$run(AnyFunSuite.scala:1564)
[info]   at org.scalatest.funsuite.AnyFunSuiteLike.$anonfun$run$1(AnyFunSuiteLike.scala:273)
[info]   at org.scalatest.SuperEngine.runImpl(Engine.scala:535)
[info]   at org.scalatest.funsuite.AnyFunSuiteLike.run(AnyFunSuiteLike.scala:273)
[info]   at org.scalatest.funsuite.AnyFunSuiteLike.run$(AnyFunSuiteLike.scala:272)
[info]   at frameless.TypedDatasetSuite.org$scalatest$BeforeAndAfterAll$$super$run(TypedDatasetSuite.scala:63)
[info]   at org.scalatest.BeforeAndAfterAll.liftedTree1$1(BeforeAndAfterAll.scala:213)
[info]   at org.scalatest.BeforeAndAfterAll.run(BeforeAndAfterAll.scala:210)
[info]   at org.scalatest.BeforeAndAfterAll.run$(BeforeAndAfterAll.scala:208)
[info]   at frameless.TypedDatasetSuite.run(TypedDatasetSuite.scala:63)
[info]   at org.scalatest.tools.Framework.org$scalatest$tools$Framework$$runSuite(Framework.scala:321)
[info]   at org.scalatest.tools.Framework$ScalaTestTask.execute(Framework.scala:517)
[info]   at sbt.ForkMain$Run.lambda$runTest$1(ForkMain.java:414)
[info]   at java.base/java.util.concurrent.FutureTask.run(FutureTask.java:317)
[info]   at java.base/java.util.concurrent.ThreadPoolExecutor.runWorker(ThreadPoolExecutor.java:1144)
[info]   at java.base/java.util.concurrent.ThreadPoolExecutor$Worker.run(ThreadPoolExecutor.java:642)
[info]   at java.base/java.lang.Thread.run(Thread.java:1583)
[info] - remove column in the middle *** FAILED *** (1 millisecond)
[info]   java.lang.IllegalArgumentException: argument type mismatch
[info]   at java.base/jdk.internal.reflect.DirectConstructorHandleAccessor.newInstance(DirectConstructorHandleAccessor.java:65)
[info]   at java.base/java.lang.reflect.Constructor.newInstanceWithCaller(Constructor.java:502)
[info]   at java.base/java.lang.reflect.Constructor.newInstance(Constructor.java:486)
[info]   at frameless.TypedExpressionEncoder$.$anonfun$apply$3(TypedExpressionEncoder.scala:55)
[info]   at scala.Option.map(Option.scala:242)
[info]   at frameless.TypedExpressionEncoder$.apply(TypedExpressionEncoder.scala:54)
[info]   at frameless.TypedDataset$.create(TypedDataset.scala:1325)
[info]   at frameless.DropTest.$anonfun$new$16(DropTest.scala:32)
[info]   at scala.runtime.java8.JFunction0$mcV$sp.apply(JFunction0$mcV$sp.scala:18)
[info]   at org.scalatest.OutcomeOf.outcomeOf(OutcomeOf.scala:85)
[info]   at org.scalatest.OutcomeOf.outcomeOf$(OutcomeOf.scala:83)
[info]   at org.scalatest.OutcomeOf$.outcomeOf(OutcomeOf.scala:104)
[info]   at org.scalatest.Transformer.apply(Transformer.scala:22)
[info]   at org.scalatest.Transformer.apply(Transformer.scala:20)
[info]   at org.scalatest.funsuite.AnyFunSuiteLike$$anon$1.apply(AnyFunSuiteLike.scala:226)
[info]   at org.scalatest.TestSuite.withFixture(TestSuite.scala:196)
[info]   at org.scalatest.TestSuite.withFixture$(TestSuite.scala:195)
[info]   at org.scalatest.funsuite.AnyFunSuite.withFixture(AnyFunSuite.scala:1564)
[info]   at org.scalatest.funsuite.AnyFunSuiteLike.invokeWithFixture$1(AnyFunSuiteLike.scala:224)
[info]   at org.scalatest.funsuite.AnyFunSuiteLike.$anonfun$runTest$1(AnyFunSuiteLike.scala:236)
[info]   at org.scalatest.SuperEngine.runTestImpl(Engine.scala:306)
[info]   at org.scalatest.funsuite.AnyFunSuiteLike.runTest(AnyFunSuiteLike.scala:236)
[info]   at org.scalatest.funsuite.AnyFunSuiteLike.runTest$(AnyFunSuiteLike.scala:218)
[info]   at org.scalatest.funsuite.AnyFunSuite.runTest(AnyFunSuite.scala:1564)
[info]   at org.scalatest.funsuite.AnyFunSuiteLike.$anonfun$runTests$1(AnyFunSuiteLike.scala:269)
[info]   at org.scalatest.SuperEngine.$anonfun$runTestsInBranch$1(Engine.scala:413)
[info]   at scala.collection.immutable.List.foreach(List.scala:334)
[info]   at org.scalatest.SuperEngine.traverseSubNodes$1(Engine.scala:401)
[info]   at org.scalatest.SuperEngine.runTestsInBranch(Engine.scala:396)
[info]   at org.scalatest.SuperEngine.runTestsImpl(Engine.scala:475)
[info]   at org.scalatest.funsuite.AnyFunSuiteLike.runTests(AnyFunSuiteLike.scala:269)
[info]   at org.scalatest.funsuite.AnyFunSuiteLike.runTests$(AnyFunSuiteLike.scala:268)
[info]   at org.scalatest.funsuite.AnyFunSuite.runTests(AnyFunSuite.scala:1564)
[info]   at org.scalatest.Suite.run(Suite.scala:1114)
[info]   at org.scalatest.Suite.run$(Suite.scala:1096)
[info]   at org.scalatest.funsuite.AnyFunSuite.org$scalatest$funsuite$AnyFunSuiteLike$$super$run(AnyFunSuite.scala:1564)
[info]   at org.scalatest.funsuite.AnyFunSuiteLike.$anonfun$run$1(AnyFunSuiteLike.scala:273)
[info]   at org.scalatest.SuperEngine.runImpl(Engine.scala:535)
[info]   at org.scalatest.funsuite.AnyFunSuiteLike.run(AnyFunSuiteLike.scala:273)
[info]   at org.scalatest.funsuite.AnyFunSuiteLike.run$(AnyFunSuiteLike.scala:272)
[info]   at frameless.TypedDatasetSuite.org$scalatest$BeforeAndAfterAll$$super$run(TypedDatasetSuite.scala:63)
[info]   at org.scalatest.BeforeAndAfterAll.liftedTree1$1(BeforeAndAfterAll.scala:213)
[info]   at org.scalatest.BeforeAndAfterAll.run(BeforeAndAfterAll.scala:210)
[info]   at org.scalatest.BeforeAndAfterAll.run$(BeforeAndAfterAll.scala:208)
[info]   at frameless.TypedDatasetSuite.run(TypedDatasetSuite.scala:63)
[info]   at org.scalatest.tools.Framework.org$scalatest$tools$Framework$$runSuite(Framework.scala:321)
[info]   at org.scalatest.tools.Framework$ScalaTestTask.execute(Framework.scala:517)
[info]   at sbt.ForkMain$Run.lambda$runTest$1(ForkMain.java:414)
[info]   at java.base/java.util.concurrent.FutureTask.run(FutureTask.java:317)
[info]   at java.base/java.util.concurrent.ThreadPoolExecutor.runWorker(ThreadPoolExecutor.java:1144)
[info]   at java.base/java.util.concurrent.ThreadPoolExecutor$Worker.run(ThreadPoolExecutor.java:642)
[info]   at java.base/java.lang.Thread.run(Thread.java:1583)
[info]   Cause: java.lang.ClassCastException: Cannot cast scala.reflect.ClassTag$GenericClassTag to org.apache.spark.sql.catalyst.expressions.Expression
[info]   at java.base/java.lang.Class.cast(Class.java:4067)
[info]   at java.base/jdk.internal.reflect.DirectConstructorHandleAccessor.newInstance(DirectConstructorHandleAccessor.java:62)
[info]   at java.base/java.lang.reflect.Constructor.newInstanceWithCaller(Constructor.java:502)
[info]   at java.base/java.lang.reflect.Constructor.newInstance(Constructor.java:486)
[info]   at frameless.TypedExpressionEncoder$.$anonfun$apply$3(TypedExpressionEncoder.scala:55)
[info]   at scala.Option.map(Option.scala:242)
[info]   at frameless.TypedExpressionEncoder$.apply(TypedExpressionEncoder.scala:54)
[info]   at frameless.TypedDataset$.create(TypedDataset.scala:1325)
[info]   at frameless.DropTest.$anonfun$new$16(DropTest.scala:32)
[info]   at scala.runtime.java8.JFunction0$mcV$sp.apply(JFunction0$mcV$sp.scala:18)
[info]   at org.scalatest.OutcomeOf.outcomeOf(OutcomeOf.scala:85)
[info]   at org.scalatest.OutcomeOf.outcomeOf$(OutcomeOf.scala:83)
[info]   at org.scalatest.OutcomeOf$.outcomeOf(OutcomeOf.scala:104)
[info]   at org.scalatest.Transformer.apply(Transformer.scala:22)
[info]   at org.scalatest.Transformer.apply(Transformer.scala:20)
[info]   at org.scalatest.funsuite.AnyFunSuiteLike$$anon$1.apply(AnyFunSuiteLike.scala:226)
[info]   at org.scalatest.TestSuite.withFixture(TestSuite.scala:196)
[info]   at org.scalatest.TestSuite.withFixture$(TestSuite.scala:195)
[info]   at org.scalatest.funsuite.AnyFunSuite.withFixture(AnyFunSuite.scala:1564)
[info]   at org.scalatest.funsuite.AnyFunSuiteLike.invokeWithFixture$1(AnyFunSuiteLike.scala:224)
[info]   at org.scalatest.funsuite.AnyFunSuiteLike.$anonfun$runTest$1(AnyFunSuiteLike.scala:236)
[info]   at org.scalatest.SuperEngine.runTestImpl(Engine.scala:306)
[info]   at org.scalatest.funsuite.AnyFunSuiteLike.runTest(AnyFunSuiteLike.scala:236)
[info]   at org.scalatest.funsuite.AnyFunSuiteLike.runTest$(AnyFunSuiteLike.scala:218)
[info]   at org.scalatest.funsuite.AnyFunSuite.runTest(AnyFunSuite.scala:1564)
[info]   at org.scalatest.funsuite.AnyFunSuiteLike.$anonfun$runTests$1(AnyFunSuiteLike.scala:269)
[info]   at org.scalatest.SuperEngine.$anonfun$runTestsInBranch$1(Engine.scala:413)
[info]   at scala.collection.immutable.List.foreach(List.scala:334)
[info]   at org.scalatest.SuperEngine.traverseSubNodes$1(Engine.scala:401)
[info]   at org.scalatest.SuperEngine.runTestsInBranch(Engine.scala:396)
[info]   at org.scalatest.SuperEngine.runTestsImpl(Engine.scala:475)
[info]   at org.scalatest.funsuite.AnyFunSuiteLike.runTests(AnyFunSuiteLike.scala:269)
[info]   at org.scalatest.funsuite.AnyFunSuiteLike.runTests$(AnyFunSuiteLike.scala:268)
[info]   at org.scalatest.funsuite.AnyFunSuite.runTests(AnyFunSuite.scala:1564)
[info]   at org.scalatest.Suite.run(Suite.scala:1114)
[info]   at org.scalatest.Suite.run$(Suite.scala:1096)
[info]   at org.scalatest.funsuite.AnyFunSuite.org$scalatest$funsuite$AnyFunSuiteLike$$super$run(AnyFunSuite.scala:1564)
[info]   at org.scalatest.funsuite.AnyFunSuiteLike.$anonfun$run$1(AnyFunSuiteLike.scala:273)
[info]   at org.scalatest.SuperEngine.runImpl(Engine.scala:535)
[info]   at org.scalatest.funsuite.AnyFunSuiteLike.run(AnyFunSuiteLike.scala:273)
[info]   at org.scalatest.funsuite.AnyFunSuiteLike.run$(AnyFunSuiteLike.scala:272)
[info]   at frameless.TypedDatasetSuite.org$scalatest$BeforeAndAfterAll$$super$run(TypedDatasetSuite.scala:63)
[info]   at org.scalatest.BeforeAndAfterAll.liftedTree1$1(BeforeAndAfterAll.scala:213)
[info]   at org.scalatest.BeforeAndAfterAll.run(BeforeAndAfterAll.scala:210)
[info]   at org.scalatest.BeforeAndAfterAll.run$(BeforeAndAfterAll.scala:208)
[info]   at frameless.TypedDatasetSuite.run(TypedDatasetSuite.scala:63)
[info]   at org.scalatest.tools.Framework.org$scalatest$tools$Framework$$runSuite(Framework.scala:321)
[info]   at org.scalatest.tools.Framework$ScalaTestTask.execute(Framework.scala:517)
[info]   at sbt.ForkMain$Run.lambda$runTest$1(ForkMain.java:414)
[info]   at java.base/java.util.concurrent.FutureTask.run(FutureTask.java:317)
[info]   at java.base/java.util.concurrent.ThreadPoolExecutor.runWorker(ThreadPoolExecutor.java:1144)
[info]   at java.base/java.util.concurrent.ThreadPoolExecutor$Worker.run(ThreadPoolExecutor.java:642)
[info]   at java.base/java.lang.Thread.run(Thread.java:1583)
[info] - drop four columns *** FAILED *** (3 milliseconds)
[info]   IllegalArgumentException was thrown during property evaluation.
[info]     Message: argument type mismatch
[info]     Occurred when passed generated values (
[info]       arg0 = 0 // 30 shrinks
[info]     )
[info]   org.scalatest.exceptions.GeneratorDrivenPropertyCheckFailedException:
[info]   at org.scalatestplus.scalacheck.CheckerAsserting$$anon$2.indicateFailure(CheckerAsserting.scala:251)
[info]   at org.scalatestplus.scalacheck.CheckerAsserting$$anon$2.indicateFailure(CheckerAsserting.scala:238)
[info]   at org.scalatestplus.scalacheck.UnitCheckerAsserting$CheckerAssertingImpl.check(CheckerAsserting.scala:160)
[info]   at org.scalatestplus.scalacheck.Checkers.check(Checkers.scala:244)
[info]   at org.scalatestplus.scalacheck.Checkers.check$(Checkers.scala:235)
[info]   at frameless.TypedDatasetSuite.check(TypedDatasetSuite.scala:63)
[info]   at frameless.DropTest.$anonfun$new$34(DropTest.scala:49)
[info]   at org.scalatest.OutcomeOf.outcomeOf(OutcomeOf.scala:85)
[info]   at org.scalatest.OutcomeOf.outcomeOf$(OutcomeOf.scala:83)
[info]   at org.scalatest.OutcomeOf$.outcomeOf(OutcomeOf.scala:104)
[info]   at org.scalatest.Transformer.apply(Transformer.scala:22)
[info]   at org.scalatest.Transformer.apply(Transformer.scala:20)
[info]   at org.scalatest.funsuite.AnyFunSuiteLike$$anon$1.apply(AnyFunSuiteLike.scala:226)
[info]   at org.scalatest.TestSuite.withFixture(TestSuite.scala:196)
[info]   at org.scalatest.TestSuite.withFixture$(TestSuite.scala:195)
[info]   at org.scalatest.funsuite.AnyFunSuite.withFixture(AnyFunSuite.scala:1564)
[info]   at org.scalatest.funsuite.AnyFunSuiteLike.invokeWithFixture$1(AnyFunSuiteLike.scala:224)
[info]   at org.scalatest.funsuite.AnyFunSuiteLike.$anonfun$runTest$1(AnyFunSuiteLike.scala:236)
[info]   at org.scalatest.SuperEngine.runTestImpl(Engine.scala:306)
[info]   at org.scalatest.funsuite.AnyFunSuiteLike.runTest(AnyFunSuiteLike.scala:236)
[info]   at org.scalatest.funsuite.AnyFunSuiteLike.runTest$(AnyFunSuiteLike.scala:218)
[info]   at org.scalatest.funsuite.AnyFunSuite.runTest(AnyFunSuite.scala:1564)
[info]   at org.scalatest.funsuite.AnyFunSuiteLike.$anonfun$runTests$1(AnyFunSuiteLike.scala:269)
[info]   at org.scalatest.SuperEngine.$anonfun$runTestsInBranch$1(Engine.scala:413)
[info]   at scala.collection.immutable.List.foreach(List.scala:334)
[info]   at org.scalatest.SuperEngine.traverseSubNodes$1(Engine.scala:401)
[info]   at org.scalatest.SuperEngine.runTestsInBranch(Engine.scala:396)
[info]   at org.scalatest.SuperEngine.runTestsImpl(Engine.scala:475)
[info]   at org.scalatest.funsuite.AnyFunSuiteLike.runTests(AnyFunSuiteLike.scala:269)
[info]   at org.scalatest.funsuite.AnyFunSuiteLike.runTests$(AnyFunSuiteLike.scala:268)
[info]   at org.scalatest.funsuite.AnyFunSuite.runTests(AnyFunSuite.scala:1564)
[info]   at org.scalatest.Suite.run(Suite.scala:1114)
[info]   at org.scalatest.Suite.run$(Suite.scala:1096)
[info]   at org.scalatest.funsuite.AnyFunSuite.org$scalatest$funsuite$AnyFunSuiteLike$$super$run(AnyFunSuite.scala:1564)
[info]   at org.scalatest.funsuite.AnyFunSuiteLike.$anonfun$run$1(AnyFunSuiteLike.scala:273)
[info]   at org.scalatest.SuperEngine.runImpl(Engine.scala:535)
[info]   at org.scalatest.funsuite.AnyFunSuiteLike.run(AnyFunSuiteLike.scala:273)
[info]   at org.scalatest.funsuite.AnyFunSuiteLike.run$(AnyFunSuiteLike.scala:272)
[info]   at frameless.TypedDatasetSuite.org$scalatest$BeforeAndAfterAll$$super$run(TypedDatasetSuite.scala:63)
[info]   at org.scalatest.BeforeAndAfterAll.liftedTree1$1(BeforeAndAfterAll.scala:213)
[info]   at org.scalatest.BeforeAndAfterAll.run(BeforeAndAfterAll.scala:210)
[info]   at org.scalatest.BeforeAndAfterAll.run$(BeforeAndAfterAll.scala:208)
[info]   at frameless.TypedDatasetSuite.run(TypedDatasetSuite.scala:63)
[info]   at org.scalatest.tools.Framework.org$scalatest$tools$Framework$$runSuite(Framework.scala:321)
[info]   at org.scalatest.tools.Framework$ScalaTestTask.execute(Framework.scala:517)
[info]   at sbt.ForkMain$Run.lambda$runTest$1(ForkMain.java:414)
[info]   at java.base/java.util.concurrent.FutureTask.run(FutureTask.java:317)
[info]   at java.base/java.util.concurrent.ThreadPoolExecutor.runWorker(ThreadPoolExecutor.java:1144)
[info]   at java.base/java.util.concurrent.ThreadPoolExecutor$Worker.run(ThreadPoolExecutor.java:642)
[info]   at java.base/java.lang.Thread.run(Thread.java:1583)
[info]   Cause: java.lang.IllegalArgumentException: argument type mismatch
[info]   at java.base/jdk.internal.reflect.DirectConstructorHandleAccessor.newInstance(DirectConstructorHandleAccessor.java:65)
[info]   at java.base/java.lang.reflect.Constructor.newInstanceWithCaller(Constructor.java:502)
[info]   at java.base/java.lang.reflect.Constructor.newInstance(Constructor.java:486)
[info]   at frameless.TypedExpressionEncoder$.$anonfun$apply$3(TypedExpressionEncoder.scala:55)
[info]   at scala.Option.map(Option.scala:242)
[info]   at frameless.TypedExpressionEncoder$.apply(TypedExpressionEncoder.scala:54)
[info]   at frameless.TypedDataset$.create(TypedDataset.scala:1325)
[info]   at frameless.DropTest.prop$1(DropTest.scala:40)
[info]   at frameless.DropTest.$anonfun$new$89(DropTest.scala:49)
[info]   at frameless.DropTest.$anonfun$new$89$adapted(DropTest.scala:49)
[info]   at scala.Function1.$anonfun$andThen$1(Function1.scala:87)
[info]   at org.scalacheck.Prop$.$anonfun$forAllShrink$2(Prop.scala:868)
[info]   at org.scalacheck.Prop$.secure(Prop.scala:484)
[info]   at org.scalacheck.Prop$.result$1(Prop.scala:868)
[info]   at org.scalacheck.Prop$.$anonfun$forAllShrink$4(Prop.scala:880)
[info]   at scala.collection.immutable.Stream.map(Stream.scala:173)
[info]   at org.scalacheck.Prop$.getFirstFailure$1(Prop.scala:880)
[info]   at org.scalacheck.Prop$.shrinker$1(Prop.scala:895)
[info]   at org.scalacheck.Prop$.$anonfun$forAllShrink$1(Prop.scala:916)
[info]   at org.scalacheck.Prop$.$anonfun$apply$1(Prop.scala:305)
[info]   at org.scalacheck.PropFromFun.apply(Prop.scala:20)
[info]   at org.scalacheck.Test$.workerFun$1(Test.scala:486)
[info]   at org.scalacheck.Test$.$anonfun$check$4(Test.scala:518)
[info]   at org.scalacheck.Test$.$anonfun$check$4$adapted(Test.scala:518)
[info]   at org.scalacheck.Platform$.runWorkers(Platform.scala:42)
[info]   at org.scalacheck.Test$.check(Test.scala:518)
[info]   at org.scalatestplus.scalacheck.UnitCheckerAsserting$CheckerAssertingImpl.check(CheckerAsserting.scala:90)
[info]   at org.scalatestplus.scalacheck.Checkers.check(Checkers.scala:244)
[info]   at org.scalatestplus.scalacheck.Checkers.check$(Checkers.scala:235)
[info]   at frameless.TypedDatasetSuite.check(TypedDatasetSuite.scala:63)
[info]   at frameless.DropTest.$anonfun$new$34(DropTest.scala:49)
[info]   at org.scalatest.OutcomeOf.outcomeOf(OutcomeOf.scala:85)
[info]   at org.scalatest.OutcomeOf.outcomeOf$(OutcomeOf.scala:83)
[info]   at org.scalatest.OutcomeOf$.outcomeOf(OutcomeOf.scala:104)
[info]   at org.scalatest.Transformer.apply(Transformer.scala:22)
[info]   at org.scalatest.Transformer.apply(Transformer.scala:20)
[info]   at org.scalatest.funsuite.AnyFunSuiteLike$$anon$1.apply(AnyFunSuiteLike.scala:226)
[info]   at org.scalatest.TestSuite.withFixture(TestSuite.scala:196)
[info]   at org.scalatest.TestSuite.withFixture$(TestSuite.scala:195)
[info]   at org.scalatest.funsuite.AnyFunSuite.withFixture(AnyFunSuite.scala:1564)
[info]   at org.scalatest.funsuite.AnyFunSuiteLike.invokeWithFixture$1(AnyFunSuiteLike.scala:224)
[info]   at org.scalatest.funsuite.AnyFunSuiteLike.$anonfun$runTest$1(AnyFunSuiteLike.scala:236)
[info]   at org.scalatest.SuperEngine.runTestImpl(Engine.scala:306)
[info]   at org.scalatest.funsuite.AnyFunSuiteLike.runTest(AnyFunSuiteLike.scala:236)
[info]   at org.scalatest.funsuite.AnyFunSuiteLike.runTest$(AnyFunSuiteLike.scala:218)
[info]   at org.scalatest.funsuite.AnyFunSuite.runTest(AnyFunSuite.scala:1564)
[info]   at org.scalatest.funsuite.AnyFunSuiteLike.$anonfun$runTests$1(AnyFunSuiteLike.scala:269)
[info]   at org.scalatest.SuperEngine.$anonfun$runTestsInBranch$1(Engine.scala:413)
[info]   at scala.collection.immutable.List.foreach(List.scala:334)
[info]   at org.scalatest.SuperEngine.traverseSubNodes$1(Engine.scala:401)
[info]   at org.scalatest.SuperEngine.runTestsInBranch(Engine.scala:396)
[info]   at org.scalatest.SuperEngine.runTestsImpl(Engine.scala:475)
[info]   at org.scalatest.funsuite.AnyFunSuiteLike.runTests(AnyFunSuiteLike.scala:269)
[info]   at org.scalatest.funsuite.AnyFunSuiteLike.runTests$(AnyFunSuiteLike.scala:268)
[info]   at org.scalatest.funsuite.AnyFunSuite.runTests(AnyFunSuite.scala:1564)
[info]   at org.scalatest.Suite.run(Suite.scala:1114)
[info]   at org.scalatest.Suite.run$(Suite.scala:1096)
[info]   at org.scalatest.funsuite.AnyFunSuite.org$scalatest$funsuite$AnyFunSuiteLike$$super$run(AnyFunSuite.scala:1564)
[info]   at org.scalatest.funsuite.AnyFunSuiteLike.$anonfun$run$1(AnyFunSuiteLike.scala:273)
[info]   at org.scalatest.SuperEngine.runImpl(Engine.scala:535)
[info]   at org.scalatest.funsuite.AnyFunSuiteLike.run(AnyFunSuiteLike.scala:273)
[info]   at org.scalatest.funsuite.AnyFunSuiteLike.run$(AnyFunSuiteLike.scala:272)
[info]   at frameless.TypedDatasetSuite.org$scalatest$BeforeAndAfterAll$$super$run(TypedDatasetSuite.scala:63)
[info]   at org.scalatest.BeforeAndAfterAll.liftedTree1$1(BeforeAndAfterAll.scala:213)
[info]   at org.scalatest.BeforeAndAfterAll.run(BeforeAndAfterAll.scala:210)
[info]   at org.scalatest.BeforeAndAfterAll.run$(BeforeAndAfterAll.scala:208)
[info]   at frameless.TypedDatasetSuite.run(TypedDatasetSuite.scala:63)
[info]   at org.scalatest.tools.Framework.org$scalatest$tools$Framework$$runSuite(Framework.scala:321)
[info]   at org.scalatest.tools.Framework$ScalaTestTask.execute(Framework.scala:517)
[info]   at sbt.ForkMain$Run.lambda$runTest$1(ForkMain.java:414)
[info]   at java.base/java.util.concurrent.FutureTask.run(FutureTask.java:317)
[info]   at java.base/java.util.concurrent.ThreadPoolExecutor.runWorker(ThreadPoolExecutor.java:1144)
[info]   at java.base/java.util.concurrent.ThreadPoolExecutor$Worker.run(ThreadPoolExecutor.java:642)
[info]   at java.base/java.lang.Thread.run(Thread.java:1583)
[info]   Cause: java.lang.ClassCastException: Cannot cast scala.reflect.ClassTag$GenericClassTag to org.apache.spark.sql.catalyst.expressions.Expression
[info]   at java.base/java.lang.Class.cast(Class.java:4067)
[info]   at java.base/jdk.internal.reflect.DirectConstructorHandleAccessor.newInstance(DirectConstructorHandleAccessor.java:62)
[info]   at java.base/java.lang.reflect.Constructor.newInstanceWithCaller(Constructor.java:502)
[info]   at java.base/java.lang.reflect.Constructor.newInstance(Constructor.java:486)
[info]   at frameless.TypedExpressionEncoder$.$anonfun$apply$3(TypedExpressionEncoder.scala:55)
[info]   at scala.Option.map(Option.scala:242)
[info]   at frameless.TypedExpressionEncoder$.apply(TypedExpressionEncoder.scala:54)
[info]   at frameless.TypedDataset$.create(TypedDataset.scala:1325)
[info]   at frameless.DropTest.prop$1(DropTest.scala:40)
[info]   at frameless.DropTest.$anonfun$new$89(DropTest.scala:49)
[info]   at frameless.DropTest.$anonfun$new$89$adapted(DropTest.scala:49)
[info]   at scala.Function1.$anonfun$andThen$1(Function1.scala:87)
[info]   at org.scalacheck.Prop$.$anonfun$forAllShrink$2(Prop.scala:868)
[info]   at org.scalacheck.Prop$.secure(Prop.scala:484)
[info]   at org.scalacheck.Prop$.result$1(Prop.scala:868)
[info]   at org.scalacheck.Prop$.$anonfun$forAllShrink$4(Prop.scala:880)
[info]   at scala.collection.immutable.Stream.map(Stream.scala:173)
[info]   at org.scalacheck.Prop$.getFirstFailure$1(Prop.scala:880)
[info]   at org.scalacheck.Prop$.shrinker$1(Prop.scala:895)
[info]   at org.scalacheck.Prop$.$anonfun$forAllShrink$1(Prop.scala:916)
[info]   at org.scalacheck.Prop$.$anonfun$apply$1(Prop.scala:305)
[info]   at org.scalacheck.PropFromFun.apply(Prop.scala:20)
[info]   at org.scalacheck.Test$.workerFun$1(Test.scala:486)
[info]   at org.scalacheck.Test$.$anonfun$check$4(Test.scala:518)
[info]   at org.scalacheck.Test$.$anonfun$check$4$adapted(Test.scala:518)
[info]   at org.scalacheck.Platform$.runWorkers(Platform.scala:42)
[info]   at org.scalacheck.Test$.check(Test.scala:518)
[info]   at org.scalatestplus.scalacheck.UnitCheckerAsserting$CheckerAssertingImpl.check(CheckerAsserting.scala:90)
[info]   at org.scalatestplus.scalacheck.Checkers.check(Checkers.scala:244)
[info]   at org.scalatestplus.scalacheck.Checkers.check$(Checkers.scala:235)
[info]   at frameless.TypedDatasetSuite.check(TypedDatasetSuite.scala:63)
[info]   at frameless.DropTest.$anonfun$new$34(DropTest.scala:49)
[info]   at org.scalatest.OutcomeOf.outcomeOf(OutcomeOf.scala:85)
[info]   at org.scalatest.OutcomeOf.outcomeOf$(OutcomeOf.scala:83)
[info]   at org.scalatest.OutcomeOf$.outcomeOf(OutcomeOf.scala:104)
[info]   at org.scalatest.Transformer.apply(Transformer.scala:22)
[info]   at org.scalatest.Transformer.apply(Transformer.scala:20)
[info]   at org.scalatest.funsuite.AnyFunSuiteLike$$anon$1.apply(AnyFunSuiteLike.scala:226)
[info]   at org.scalatest.TestSuite.withFixture(TestSuite.scala:196)
[info]   at org.scalatest.TestSuite.withFixture$(TestSuite.scala:195)
[info]   at org.scalatest.funsuite.AnyFunSuite.withFixture(AnyFunSuite.scala:1564)
[info]   at org.scalatest.funsuite.AnyFunSuiteLike.invokeWithFixture$1(AnyFunSuiteLike.scala:224)
[info]   at org.scalatest.funsuite.AnyFunSuiteLike.$anonfun$runTest$1(AnyFunSuiteLike.scala:236)
[info]   at org.scalatest.SuperEngine.runTestImpl(Engine.scala:306)
[info]   at org.scalatest.funsuite.AnyFunSuiteLike.runTest(AnyFunSuiteLike.scala:236)
[info]   at org.scalatest.funsuite.AnyFunSuiteLike.runTest$(AnyFunSuiteLike.scala:218)
[info]   at org.scalatest.funsuite.AnyFunSuite.runTest(AnyFunSuite.scala:1564)
[info]   at org.scalatest.funsuite.AnyFunSuiteLike.$anonfun$runTests$1(AnyFunSuiteLike.scala:269)
[info]   at org.scalatest.SuperEngine.$anonfun$runTestsInBranch$1(Engine.scala:413)
[info]   at scala.collection.immutable.List.foreach(List.scala:334)
[info]   at org.scalatest.SuperEngine.traverseSubNodes$1(Engine.scala:401)
[info]   at org.scalatest.SuperEngine.runTestsInBranch(Engine.scala:396)
[info]   at org.scalatest.SuperEngine.runTestsImpl(Engine.scala:475)
[info]   at org.scalatest.funsuite.AnyFunSuiteLike.runTests(AnyFunSuiteLike.scala:269)
[info]   at org.scalatest.funsuite.AnyFunSuiteLike.runTests$(AnyFunSuiteLike.scala:268)
[info]   at org.scalatest.funsuite.AnyFunSuite.runTests(AnyFunSuite.scala:1564)
[info]   at org.scalatest.Suite.run(Suite.scala:1114)
[info]   at org.scalatest.Suite.run$(Suite.scala:1096)
[info]   at org.scalatest.funsuite.AnyFunSuite.org$scalatest$funsuite$AnyFunSuiteLike$$super$run(AnyFunSuite.scala:1564)
[info]   at org.scalatest.funsuite.AnyFunSuiteLike.$anonfun$run$1(AnyFunSuiteLike.scala:273)
[info]   at org.scalatest.SuperEngine.runImpl(Engine.scala:535)
[info]   at org.scalatest.funsuite.AnyFunSuiteLike.run(AnyFunSuiteLike.scala:273)
[info]   at org.scalatest.funsuite.AnyFunSuiteLike.run$(AnyFunSuiteLike.scala:272)
[info]   at frameless.TypedDatasetSuite.org$scalatest$BeforeAndAfterAll$$super$run(TypedDatasetSuite.scala:63)
[info]   at org.scalatest.BeforeAndAfterAll.liftedTree1$1(BeforeAndAfterAll.scala:213)
[info]   at org.scalatest.BeforeAndAfterAll.run(BeforeAndAfterAll.scala:210)
[info]   at org.scalatest.BeforeAndAfterAll.run$(BeforeAndAfterAll.scala:208)
[info]   at frameless.TypedDatasetSuite.run(TypedDatasetSuite.scala:63)
[info]   at org.scalatest.tools.Framework.org$scalatest$tools$Framework$$runSuite(Framework.scala:321)
[info]   at org.scalatest.tools.Framework$ScalaTestTask.execute(Framework.scala:517)
[info]   at sbt.ForkMain$Run.lambda$runTest$1(ForkMain.java:414)
[info]   at java.base/java.util.concurrent.FutureTask.run(FutureTask.java:317)
[info]   at java.base/java.util.concurrent.ThreadPoolExecutor.runWorker(ThreadPoolExecutor.java:1144)
[info]   at java.base/java.util.concurrent.ThreadPoolExecutor$Worker.run(ThreadPoolExecutor.java:642)
[info]   at java.base/java.lang.Thread.run(Thread.java:1583)
[info] JobTests:
[info] map
[info] - identity (4 milliseconds)
[info] - composition (2 milliseconds)
[info] flatMap
[info] - left identity (2 milliseconds)
[info] - right identity (1 millisecond)
[info] - associativity (2 milliseconds)
[info] properties
[info] - read back (4 milliseconds)
[info] OrderByTests:
[info] - single column non nullable orderBy *** FAILED *** (2 milliseconds)
[info]   IllegalArgumentException was thrown during property evaluation.
[info]     Message: argument type mismatch
[info]     Occurred when passed generated values (
[info]       arg0 = Vector()
[info]     )
[info]   org.scalatest.exceptions.GeneratorDrivenPropertyCheckFailedException:
[info]   at org.scalatestplus.scalacheck.CheckerAsserting$$anon$2.indicateFailure(CheckerAsserting.scala:251)
[info]   at org.scalatestplus.scalacheck.CheckerAsserting$$anon$2.indicateFailure(CheckerAsserting.scala:238)
[info]   at org.scalatestplus.scalacheck.UnitCheckerAsserting$CheckerAssertingImpl.check(CheckerAsserting.scala:160)
[info]   at org.scalatestplus.scalacheck.Checkers.check(Checkers.scala:371)
[info]   at org.scalatestplus.scalacheck.Checkers.check$(Checkers.scala:369)
[info]   at frameless.TypedDatasetSuite.check(TypedDatasetSuite.scala:63)
[info]   at frameless.OrderByTests.$anonfun$new$1(OrderByTests.scala:26)
[info]   at org.scalatest.OutcomeOf.outcomeOf(OutcomeOf.scala:85)
[info]   at org.scalatest.OutcomeOf.outcomeOf$(OutcomeOf.scala:83)
[info]   at org.scalatest.OutcomeOf$.outcomeOf(OutcomeOf.scala:104)
[info]   at org.scalatest.Transformer.apply(Transformer.scala:22)
[info]   at org.scalatest.Transformer.apply(Transformer.scala:20)
[info]   at org.scalatest.funsuite.AnyFunSuiteLike$$anon$1.apply(AnyFunSuiteLike.scala:226)
[info]   at org.scalatest.TestSuite.withFixture(TestSuite.scala:196)
[info]   at org.scalatest.TestSuite.withFixture$(TestSuite.scala:195)
[info]   at org.scalatest.funsuite.AnyFunSuite.withFixture(AnyFunSuite.scala:1564)
[info]   at org.scalatest.funsuite.AnyFunSuiteLike.invokeWithFixture$1(AnyFunSuiteLike.scala:224)
[info]   at org.scalatest.funsuite.AnyFunSuiteLike.$anonfun$runTest$1(AnyFunSuiteLike.scala:236)
[info]   at org.scalatest.SuperEngine.runTestImpl(Engine.scala:306)
[info]   at org.scalatest.funsuite.AnyFunSuiteLike.runTest(AnyFunSuiteLike.scala:236)
[info]   at org.scalatest.funsuite.AnyFunSuiteLike.runTest$(AnyFunSuiteLike.scala:218)
[info]   at org.scalatest.funsuite.AnyFunSuite.runTest(AnyFunSuite.scala:1564)
[info]   at org.scalatest.funsuite.AnyFunSuiteLike.$anonfun$runTests$1(AnyFunSuiteLike.scala:269)
[info]   at org.scalatest.SuperEngine.$anonfun$runTestsInBranch$1(Engine.scala:413)
[info]   at scala.collection.immutable.List.foreach(List.scala:334)
[info]   at org.scalatest.SuperEngine.traverseSubNodes$1(Engine.scala:401)
[info]   at org.scalatest.SuperEngine.runTestsInBranch(Engine.scala:396)
[info]   at org.scalatest.SuperEngine.runTestsImpl(Engine.scala:475)
[info]   at org.scalatest.funsuite.AnyFunSuiteLike.runTests(AnyFunSuiteLike.scala:269)
[info]   at org.scalatest.funsuite.AnyFunSuiteLike.runTests$(AnyFunSuiteLike.scala:268)
[info]   at org.scalatest.funsuite.AnyFunSuite.runTests(AnyFunSuite.scala:1564)
[info]   at org.scalatest.Suite.run(Suite.scala:1114)
[info]   at org.scalatest.Suite.run$(Suite.scala:1096)
[info]   at org.scalatest.funsuite.AnyFunSuite.org$scalatest$funsuite$AnyFunSuiteLike$$super$run(AnyFunSuite.scala:1564)
[info]   at org.scalatest.funsuite.AnyFunSuiteLike.$anonfun$run$1(AnyFunSuiteLike.scala:273)
[info]   at org.scalatest.SuperEngine.runImpl(Engine.scala:535)
[info]   at org.scalatest.funsuite.AnyFunSuiteLike.run(AnyFunSuiteLike.scala:273)
[info]   at org.scalatest.funsuite.AnyFunSuiteLike.run$(AnyFunSuiteLike.scala:272)
[info]   at frameless.TypedDatasetSuite.org$scalatest$BeforeAndAfterAll$$super$run(TypedDatasetSuite.scala:63)
[info]   at org.scalatest.BeforeAndAfterAll.liftedTree1$1(BeforeAndAfterAll.scala:213)
[info]   at org.scalatest.BeforeAndAfterAll.run(BeforeAndAfterAll.scala:210)
[info]   at org.scalatest.BeforeAndAfterAll.run$(BeforeAndAfterAll.scala:208)
[info]   at frameless.TypedDatasetSuite.run(TypedDatasetSuite.scala:63)
[info]   at org.scalatest.tools.Framework.org$scalatest$tools$Framework$$runSuite(Framework.scala:321)
[info]   at org.scalatest.tools.Framework$ScalaTestTask.execute(Framework.scala:517)
[info]   at sbt.ForkMain$Run.lambda$runTest$1(ForkMain.java:414)
[info]   at java.base/java.util.concurrent.FutureTask.run(FutureTask.java:317)
[info]   at java.base/java.util.concurrent.ThreadPoolExecutor.runWorker(ThreadPoolExecutor.java:1144)
[info]   at java.base/java.util.concurrent.ThreadPoolExecutor$Worker.run(ThreadPoolExecutor.java:642)
[info]   at java.base/java.lang.Thread.run(Thread.java:1583)
[info]   Cause: java.lang.IllegalArgumentException: argument type mismatch
[info]   at java.base/jdk.internal.reflect.DirectConstructorHandleAccessor.newInstance(DirectConstructorHandleAccessor.java:65)
[info]   at java.base/java.lang.reflect.Constructor.newInstanceWithCaller(Constructor.java:502)
[info]   at java.base/java.lang.reflect.Constructor.newInstance(Constructor.java:486)
[info]   at frameless.TypedExpressionEncoder$.$anonfun$apply$3(TypedExpressionEncoder.scala:55)
[info]   at scala.Option.map(Option.scala:242)
[info]   at frameless.TypedExpressionEncoder$.apply(TypedExpressionEncoder.scala:54)
[info]   at frameless.TypedDataset$.create(TypedDataset.scala:1325)
[info]   at frameless.OrderByTests.prop$1(OrderByTests.scala:18)
[info]   at frameless.OrderByTests.$anonfun$new$13(OrderByTests.scala:26)
[info]   at scala.Function1.$anonfun$andThen$1(Function1.scala:87)
[info]   at org.scalacheck.Prop$.$anonfun$forAllShrink$2(Prop.scala:868)
[info]   at org.scalacheck.Prop$.secure(Prop.scala:484)
[info]   at org.scalacheck.Prop$.result$1(Prop.scala:868)
[info]   at org.scalacheck.Prop$.$anonfun$forAllShrink$1(Prop.scala:915)
[info]   at org.scalacheck.Prop$.$anonfun$apply$1(Prop.scala:305)
[info]   at org.scalacheck.PropFromFun.apply(Prop.scala:20)
[info]   at org.scalacheck.Test$.workerFun$1(Test.scala:486)
[info]   at org.scalacheck.Test$.$anonfun$check$4(Test.scala:518)
[info]   at org.scalacheck.Test$.$anonfun$check$4$adapted(Test.scala:518)
[info]   at org.scalacheck.Platform$.runWorkers(Platform.scala:42)
[info]   at org.scalacheck.Test$.check(Test.scala:518)
[info]   at org.scalatestplus.scalacheck.UnitCheckerAsserting$CheckerAssertingImpl.check(CheckerAsserting.scala:90)
[info]   at org.scalatestplus.scalacheck.Checkers.check(Checkers.scala:371)
[info]   at org.scalatestplus.scalacheck.Checkers.check$(Checkers.scala:369)
[info]   at frameless.TypedDatasetSuite.check(TypedDatasetSuite.scala:63)
[info]   at frameless.OrderByTests.$anonfun$new$1(OrderByTests.scala:26)
[info]   at org.scalatest.OutcomeOf.outcomeOf(OutcomeOf.scala:85)
[info]   at org.scalatest.OutcomeOf.outcomeOf$(OutcomeOf.scala:83)
[info]   at org.scalatest.OutcomeOf$.outcomeOf(OutcomeOf.scala:104)
[info]   at org.scalatest.Transformer.apply(Transformer.scala:22)
[info]   at org.scalatest.Transformer.apply(Transformer.scala:20)
[info]   at org.scalatest.funsuite.AnyFunSuiteLike$$anon$1.apply(AnyFunSuiteLike.scala:226)
[info]   at org.scalatest.TestSuite.withFixture(TestSuite.scala:196)
[info]   at org.scalatest.TestSuite.withFixture$(TestSuite.scala:195)
[info]   at org.scalatest.funsuite.AnyFunSuite.withFixture(AnyFunSuite.scala:1564)
[info]   at org.scalatest.funsuite.AnyFunSuiteLike.invokeWithFixture$1(AnyFunSuiteLike.scala:224)
[info]   at org.scalatest.funsuite.AnyFunSuiteLike.$anonfun$runTest$1(AnyFunSuiteLike.scala:236)
[info]   at org.scalatest.SuperEngine.runTestImpl(Engine.scala:306)
[info]   at org.scalatest.funsuite.AnyFunSuiteLike.runTest(AnyFunSuiteLike.scala:236)
[info]   at org.scalatest.funsuite.AnyFunSuiteLike.runTest$(AnyFunSuiteLike.scala:218)
[info]   at org.scalatest.funsuite.AnyFunSuite.runTest(AnyFunSuite.scala:1564)
[info]   at org.scalatest.funsuite.AnyFunSuiteLike.$anonfun$runTests$1(AnyFunSuiteLike.scala:269)
[info]   at org.scalatest.SuperEngine.$anonfun$runTestsInBranch$1(Engine.scala:413)
[info]   at scala.collection.immutable.List.foreach(List.scala:334)
[info]   at org.scalatest.SuperEngine.traverseSubNodes$1(Engine.scala:401)
[info]   at org.scalatest.SuperEngine.runTestsInBranch(Engine.scala:396)
[info]   at org.scalatest.SuperEngine.runTestsImpl(Engine.scala:475)
[info]   at org.scalatest.funsuite.AnyFunSuiteLike.runTests(AnyFunSuiteLike.scala:269)
[info]   at org.scalatest.funsuite.AnyFunSuiteLike.runTests$(AnyFunSuiteLike.scala:268)
[info]   at org.scalatest.funsuite.AnyFunSuite.runTests(AnyFunSuite.scala:1564)
[info]   at org.scalatest.Suite.run(Suite.scala:1114)
[info]   at org.scalatest.Suite.run$(Suite.scala:1096)
[info]   at org.scalatest.funsuite.AnyFunSuite.org$scalatest$funsuite$AnyFunSuiteLike$$super$run(AnyFunSuite.scala:1564)
[info]   at org.scalatest.funsuite.AnyFunSuiteLike.$anonfun$run$1(AnyFunSuiteLike.scala:273)
[info]   at org.scalatest.SuperEngine.runImpl(Engine.scala:535)
[info]   at org.scalatest.funsuite.AnyFunSuiteLike.run(AnyFunSuiteLike.scala:273)
[info]   at org.scalatest.funsuite.AnyFunSuiteLike.run$(AnyFunSuiteLike.scala:272)
[info]   at frameless.TypedDatasetSuite.org$scalatest$BeforeAndAfterAll$$super$run(TypedDatasetSuite.scala:63)
[info]   at org.scalatest.BeforeAndAfterAll.liftedTree1$1(BeforeAndAfterAll.scala:213)
[info]   at org.scalatest.BeforeAndAfterAll.run(BeforeAndAfterAll.scala:210)
[info]   at org.scalatest.BeforeAndAfterAll.run$(BeforeAndAfterAll.scala:208)
[info]   at frameless.TypedDatasetSuite.run(TypedDatasetSuite.scala:63)
[info]   at org.scalatest.tools.Framework.org$scalatest$tools$Framework$$runSuite(Framework.scala:321)
[info]   at org.scalatest.tools.Framework$ScalaTestTask.execute(Framework.scala:517)
[info]   at sbt.ForkMain$Run.lambda$runTest$1(ForkMain.java:414)
[info]   at java.base/java.util.concurrent.FutureTask.run(FutureTask.java:317)
[info]   at java.base/java.util.concurrent.ThreadPoolExecutor.runWorker(ThreadPoolExecutor.java:1144)
[info]   at java.base/java.util.concurrent.ThreadPoolExecutor$Worker.run(ThreadPoolExecutor.java:642)
[info]   at java.base/java.lang.Thread.run(Thread.java:1583)
[info]   Cause: java.lang.ClassCastException: Cannot cast scala.reflect.ClassTag$GenericClassTag to org.apache.spark.sql.catalyst.expressions.Expression
[info]   at java.base/java.lang.Class.cast(Class.java:4067)
[info]   at java.base/jdk.internal.reflect.DirectConstructorHandleAccessor.newInstance(DirectConstructorHandleAccessor.java:62)
[info]   at java.base/java.lang.reflect.Constructor.newInstanceWithCaller(Constructor.java:502)
[info]   at java.base/java.lang.reflect.Constructor.newInstance(Constructor.java:486)
[info]   at frameless.TypedExpressionEncoder$.$anonfun$apply$3(TypedExpressionEncoder.scala:55)
[info]   at scala.Option.map(Option.scala:242)
[info]   at frameless.TypedExpressionEncoder$.apply(TypedExpressionEncoder.scala:54)
[info]   at frameless.TypedDataset$.create(TypedDataset.scala:1325)
[info]   at frameless.OrderByTests.prop$1(OrderByTests.scala:18)
[info]   at frameless.OrderByTests.$anonfun$new$13(OrderByTests.scala:26)
[info]   at scala.Function1.$anonfun$andThen$1(Function1.scala:87)
[info]   at org.scalacheck.Prop$.$anonfun$forAllShrink$2(Prop.scala:868)
[info]   at org.scalacheck.Prop$.secure(Prop.scala:484)
[info]   at org.scalacheck.Prop$.result$1(Prop.scala:868)
[info]   at org.scalacheck.Prop$.$anonfun$forAllShrink$1(Prop.scala:915)
[info]   at org.scalacheck.Prop$.$anonfun$apply$1(Prop.scala:305)
[info]   at org.scalacheck.PropFromFun.apply(Prop.scala:20)
[info]   at org.scalacheck.Test$.workerFun$1(Test.scala:486)
[info]   at org.scalacheck.Test$.$anonfun$check$4(Test.scala:518)
[info]   at org.scalacheck.Test$.$anonfun$check$4$adapted(Test.scala:518)
[info]   at org.scalacheck.Platform$.runWorkers(Platform.scala:42)
[info]   at org.scalacheck.Test$.check(Test.scala:518)
[info]   at org.scalatestplus.scalacheck.UnitCheckerAsserting$CheckerAssertingImpl.check(CheckerAsserting.scala:90)
[info]   at org.scalatestplus.scalacheck.Checkers.check(Checkers.scala:371)
[info]   at org.scalatestplus.scalacheck.Checkers.check$(Checkers.scala:369)
[info]   at frameless.TypedDatasetSuite.check(TypedDatasetSuite.scala:63)
[info]   at frameless.OrderByTests.$anonfun$new$1(OrderByTests.scala:26)
[info]   at org.scalatest.OutcomeOf.outcomeOf(OutcomeOf.scala:85)
[info]   at org.scalatest.OutcomeOf.outcomeOf$(OutcomeOf.scala:83)
[info]   at org.scalatest.OutcomeOf$.outcomeOf(OutcomeOf.scala:104)
[info]   at org.scalatest.Transformer.apply(Transformer.scala:22)
[info]   at org.scalatest.Transformer.apply(Transformer.scala:20)
[info]   at org.scalatest.funsuite.AnyFunSuiteLike$$anon$1.apply(AnyFunSuiteLike.scala:226)
[info]   at org.scalatest.TestSuite.withFixture(TestSuite.scala:196)
[info]   at org.scalatest.TestSuite.withFixture$(TestSuite.scala:195)
[info]   at org.scalatest.funsuite.AnyFunSuite.withFixture(AnyFunSuite.scala:1564)
[info]   at org.scalatest.funsuite.AnyFunSuiteLike.invokeWithFixture$1(AnyFunSuiteLike.scala:224)
[info]   at org.scalatest.funsuite.AnyFunSuiteLike.$anonfun$runTest$1(AnyFunSuiteLike.scala:236)
[info]   at org.scalatest.SuperEngine.runTestImpl(Engine.scala:306)
[info]   at org.scalatest.funsuite.AnyFunSuiteLike.runTest(AnyFunSuiteLike.scala:236)
[info]   at org.scalatest.funsuite.AnyFunSuiteLike.runTest$(AnyFunSuiteLike.scala:218)
[info]   at org.scalatest.funsuite.AnyFunSuite.runTest(AnyFunSuite.scala:1564)
[info]   at org.scalatest.funsuite.AnyFunSuiteLike.$anonfun$runTests$1(AnyFunSuiteLike.scala:269)
[info]   at org.scalatest.SuperEngine.$anonfun$runTestsInBranch$1(Engine.scala:413)
[info]   at scala.collection.immutable.List.foreach(List.scala:334)
[info]   at org.scalatest.SuperEngine.traverseSubNodes$1(Engine.scala:401)
[info]   at org.scalatest.SuperEngine.runTestsInBranch(Engine.scala:396)
[info]   at org.scalatest.SuperEngine.runTestsImpl(Engine.scala:475)
[info]   at org.scalatest.funsuite.AnyFunSuiteLike.runTests(AnyFunSuiteLike.scala:269)
[info]   at org.scalatest.funsuite.AnyFunSuiteLike.runTests$(AnyFunSuiteLike.scala:268)
[info]   at org.scalatest.funsuite.AnyFunSuite.runTests(AnyFunSuite.scala:1564)
[info]   at org.scalatest.Suite.run(Suite.scala:1114)
[info]   at org.scalatest.Suite.run$(Suite.scala:1096)
[info]   at org.scalatest.funsuite.AnyFunSuite.org$scalatest$funsuite$AnyFunSuiteLike$$super$run(AnyFunSuite.scala:1564)
[info]   at org.scalatest.funsuite.AnyFunSuiteLike.$anonfun$run$1(AnyFunSuiteLike.scala:273)
[info]   at org.scalatest.SuperEngine.runImpl(Engine.scala:535)
[info]   at org.scalatest.funsuite.AnyFunSuiteLike.run(AnyFunSuiteLike.scala:273)
[info]   at org.scalatest.funsuite.AnyFunSuiteLike.run$(AnyFunSuiteLike.scala:272)
[info]   at frameless.TypedDatasetSuite.org$scalatest$BeforeAndAfterAll$$super$run(TypedDatasetSuite.scala:63)
[info]   at org.scalatest.BeforeAndAfterAll.liftedTree1$1(BeforeAndAfterAll.scala:213)
[info]   at org.scalatest.BeforeAndAfterAll.run(BeforeAndAfterAll.scala:210)
[info]   at org.scalatest.BeforeAndAfterAll.run$(BeforeAndAfterAll.scala:208)
[info]   at frameless.TypedDatasetSuite.run(TypedDatasetSuite.scala:63)
[info]   at org.scalatest.tools.Framework.org$scalatest$tools$Framework$$runSuite(Framework.scala:321)
[info]   at org.scalatest.tools.Framework$ScalaTestTask.execute(Framework.scala:517)
[info]   at sbt.ForkMain$Run.lambda$runTest$1(ForkMain.java:414)
[info]   at java.base/java.util.concurrent.FutureTask.run(FutureTask.java:317)
[info]   at java.base/java.util.concurrent.ThreadPoolExecutor.runWorker(ThreadPoolExecutor.java:1144)
[info]   at java.base/java.util.concurrent.ThreadPoolExecutor$Worker.run(ThreadPoolExecutor.java:642)
[info]   at java.base/java.lang.Thread.run(Thread.java:1583)
[info] - single column non nullable partition sorting *** FAILED *** (3 milliseconds)
[info]   IllegalArgumentException was thrown during property evaluation.
[info]     Message: argument type mismatch
[info]     Occurred when passed generated values (
[info]       arg0 = Vector()
[info]     )
[info]   org.scalatest.exceptions.GeneratorDrivenPropertyCheckFailedException:
[info]   at org.scalatestplus.scalacheck.CheckerAsserting$$anon$2.indicateFailure(CheckerAsserting.scala:251)
[info]   at org.scalatestplus.scalacheck.CheckerAsserting$$anon$2.indicateFailure(CheckerAsserting.scala:238)
[info]   at org.scalatestplus.scalacheck.UnitCheckerAsserting$CheckerAssertingImpl.check(CheckerAsserting.scala:160)
[info]   at org.scalatestplus.scalacheck.Checkers.check(Checkers.scala:371)
[info]   at org.scalatestplus.scalacheck.Checkers.check$(Checkers.scala:369)
[info]   at frameless.TypedDatasetSuite.check(TypedDatasetSuite.scala:63)
[info]   at frameless.OrderByTests.$anonfun$new$33(OrderByTests.scala:48)
[info]   at org.scalatest.OutcomeOf.outcomeOf(OutcomeOf.scala:85)
[info]   at org.scalatest.OutcomeOf.outcomeOf$(OutcomeOf.scala:83)
[info]   at org.scalatest.OutcomeOf$.outcomeOf(OutcomeOf.scala:104)
[info]   at org.scalatest.Transformer.apply(Transformer.scala:22)
[info]   at org.scalatest.Transformer.apply(Transformer.scala:20)
[info]   at org.scalatest.funsuite.AnyFunSuiteLike$$anon$1.apply(AnyFunSuiteLike.scala:226)
[info]   at org.scalatest.TestSuite.withFixture(TestSuite.scala:196)
[info]   at org.scalatest.TestSuite.withFixture$(TestSuite.scala:195)
[info]   at org.scalatest.funsuite.AnyFunSuite.withFixture(AnyFunSuite.scala:1564)
[info]   at org.scalatest.funsuite.AnyFunSuiteLike.invokeWithFixture$1(AnyFunSuiteLike.scala:224)
[info]   at org.scalatest.funsuite.AnyFunSuiteLike.$anonfun$runTest$1(AnyFunSuiteLike.scala:236)
[info]   at org.scalatest.SuperEngine.runTestImpl(Engine.scala:306)
[info]   at org.scalatest.funsuite.AnyFunSuiteLike.runTest(AnyFunSuiteLike.scala:236)
[info]   at org.scalatest.funsuite.AnyFunSuiteLike.runTest$(AnyFunSuiteLike.scala:218)
[info]   at org.scalatest.funsuite.AnyFunSuite.runTest(AnyFunSuite.scala:1564)
[info]   at org.scalatest.funsuite.AnyFunSuiteLike.$anonfun$runTests$1(AnyFunSuiteLike.scala:269)
[info]   at org.scalatest.SuperEngine.$anonfun$runTestsInBranch$1(Engine.scala:413)
[info]   at scala.collection.immutable.List.foreach(List.scala:334)
[info]   at org.scalatest.SuperEngine.traverseSubNodes$1(Engine.scala:401)
[info]   at org.scalatest.SuperEngine.runTestsInBranch(Engine.scala:396)
[info]   at org.scalatest.SuperEngine.runTestsImpl(Engine.scala:475)
[info]   at org.scalatest.funsuite.AnyFunSuiteLike.runTests(AnyFunSuiteLike.scala:269)
[info]   at org.scalatest.funsuite.AnyFunSuiteLike.runTests$(AnyFunSuiteLike.scala:268)
[info]   at org.scalatest.funsuite.AnyFunSuite.runTests(AnyFunSuite.scala:1564)
[info]   at org.scalatest.Suite.run(Suite.scala:1114)
[info]   at org.scalatest.Suite.run$(Suite.scala:1096)
[info]   at org.scalatest.funsuite.AnyFunSuite.org$scalatest$funsuite$AnyFunSuiteLike$$super$run(AnyFunSuite.scala:1564)
[info]   at org.scalatest.funsuite.AnyFunSuiteLike.$anonfun$run$1(AnyFunSuiteLike.scala:273)
[info]   at org.scalatest.SuperEngine.runImpl(Engine.scala:535)
[info]   at org.scalatest.funsuite.AnyFunSuiteLike.run(AnyFunSuiteLike.scala:273)
[info]   at org.scalatest.funsuite.AnyFunSuiteLike.run$(AnyFunSuiteLike.scala:272)
[info]   at frameless.TypedDatasetSuite.org$scalatest$BeforeAndAfterAll$$super$run(TypedDatasetSuite.scala:63)
[info]   at org.scalatest.BeforeAndAfterAll.liftedTree1$1(BeforeAndAfterAll.scala:213)
[info]   at org.scalatest.BeforeAndAfterAll.run(BeforeAndAfterAll.scala:210)
[info]   at org.scalatest.BeforeAndAfterAll.run$(BeforeAndAfterAll.scala:208)
[info]   at frameless.TypedDatasetSuite.run(TypedDatasetSuite.scala:63)
[info]   at org.scalatest.tools.Framework.org$scalatest$tools$Framework$$runSuite(Framework.scala:321)
[info]   at org.scalatest.tools.Framework$ScalaTestTask.execute(Framework.scala:517)
[info]   at sbt.ForkMain$Run.lambda$runTest$1(ForkMain.java:414)
[info]   at java.base/java.util.concurrent.FutureTask.run(FutureTask.java:317)
[info]   at java.base/java.util.concurrent.ThreadPoolExecutor.runWorker(ThreadPoolExecutor.java:1144)
[info]   at java.base/java.util.concurrent.ThreadPoolExecutor$Worker.run(ThreadPoolExecutor.java:642)
[info]   at java.base/java.lang.Thread.run(Thread.java:1583)
[info]   Cause: java.lang.IllegalArgumentException: argument type mismatch
[info]   at java.base/jdk.internal.reflect.DirectConstructorHandleAccessor.newInstance(DirectConstructorHandleAccessor.java:65)
[info]   at java.base/java.lang.reflect.Constructor.newInstanceWithCaller(Constructor.java:502)
[info]   at java.base/java.lang.reflect.Constructor.newInstance(Constructor.java:486)
[info]   at frameless.TypedExpressionEncoder$.$anonfun$apply$3(TypedExpressionEncoder.scala:55)
[info]   at scala.Option.map(Option.scala:242)
[info]   at frameless.TypedExpressionEncoder$.apply(TypedExpressionEncoder.scala:54)
[info]   at frameless.TypedDataset$.create(TypedDataset.scala:1325)
[info]   at frameless.OrderByTests.prop$2(OrderByTests.scala:40)
[info]   at frameless.OrderByTests.$anonfun$new$45(OrderByTests.scala:48)
[info]   at scala.Function1.$anonfun$andThen$1(Function1.scala:87)
[info]   at org.scalacheck.Prop$.$anonfun$forAllShrink$2(Prop.scala:868)
[info]   at org.scalacheck.Prop$.secure(Prop.scala:484)
[info]   at org.scalacheck.Prop$.result$1(Prop.scala:868)
[info]   at org.scalacheck.Prop$.$anonfun$forAllShrink$1(Prop.scala:915)
[info]   at org.scalacheck.Prop$.$anonfun$apply$1(Prop.scala:305)
[info]   at org.scalacheck.PropFromFun.apply(Prop.scala:20)
[info]   at org.scalacheck.Test$.workerFun$1(Test.scala:486)
[info]   at org.scalacheck.Test$.$anonfun$check$4(Test.scala:518)
[info]   at org.scalacheck.Test$.$anonfun$check$4$adapted(Test.scala:518)
[info]   at org.scalacheck.Platform$.runWorkers(Platform.scala:42)
[info]   at org.scalacheck.Test$.check(Test.scala:518)
[info]   at org.scalatestplus.scalacheck.UnitCheckerAsserting$CheckerAssertingImpl.check(CheckerAsserting.scala:90)
[info]   at org.scalatestplus.scalacheck.Checkers.check(Checkers.scala:371)
[info]   at org.scalatestplus.scalacheck.Checkers.check$(Checkers.scala:369)
[info]   at frameless.TypedDatasetSuite.check(TypedDatasetSuite.scala:63)
[info]   at frameless.OrderByTests.$anonfun$new$33(OrderByTests.scala:48)
[info]   at org.scalatest.OutcomeOf.outcomeOf(OutcomeOf.scala:85)
[info]   at org.scalatest.OutcomeOf.outcomeOf$(OutcomeOf.scala:83)
[info]   at org.scalatest.OutcomeOf$.outcomeOf(OutcomeOf.scala:104)
[info]   at org.scalatest.Transformer.apply(Transformer.scala:22)
[info]   at org.scalatest.Transformer.apply(Transformer.scala:20)
[info]   at org.scalatest.funsuite.AnyFunSuiteLike$$anon$1.apply(AnyFunSuiteLike.scala:226)
[info]   at org.scalatest.TestSuite.withFixture(TestSuite.scala:196)
[info]   at org.scalatest.TestSuite.withFixture$(TestSuite.scala:195)
[info]   at org.scalatest.funsuite.AnyFunSuite.withFixture(AnyFunSuite.scala:1564)
[info]   at org.scalatest.funsuite.AnyFunSuiteLike.invokeWithFixture$1(AnyFunSuiteLike.scala:224)
[info]   at org.scalatest.funsuite.AnyFunSuiteLike.$anonfun$runTest$1(AnyFunSuiteLike.scala:236)
[info]   at org.scalatest.SuperEngine.runTestImpl(Engine.scala:306)
[info]   at org.scalatest.funsuite.AnyFunSuiteLike.runTest(AnyFunSuiteLike.scala:236)
[info]   at org.scalatest.funsuite.AnyFunSuiteLike.runTest$(AnyFunSuiteLike.scala:218)
[info]   at org.scalatest.funsuite.AnyFunSuite.runTest(AnyFunSuite.scala:1564)
[info]   at org.scalatest.funsuite.AnyFunSuiteLike.$anonfun$runTests$1(AnyFunSuiteLike.scala:269)
[info]   at org.scalatest.SuperEngine.$anonfun$runTestsInBranch$1(Engine.scala:413)
[info]   at scala.collection.immutable.List.foreach(List.scala:334)
[info]   at org.scalatest.SuperEngine.traverseSubNodes$1(Engine.scala:401)
[info]   at org.scalatest.SuperEngine.runTestsInBranch(Engine.scala:396)
[info]   at org.scalatest.SuperEngine.runTestsImpl(Engine.scala:475)
[info]   at org.scalatest.funsuite.AnyFunSuiteLike.runTests(AnyFunSuiteLike.scala:269)
[info]   at org.scalatest.funsuite.AnyFunSuiteLike.runTests$(AnyFunSuiteLike.scala:268)
[info]   at org.scalatest.funsuite.AnyFunSuite.runTests(AnyFunSuite.scala:1564)
[info]   at org.scalatest.Suite.run(Suite.scala:1114)
[info]   at org.scalatest.Suite.run$(Suite.scala:1096)
[info]   at org.scalatest.funsuite.AnyFunSuite.org$scalatest$funsuite$AnyFunSuiteLike$$super$run(AnyFunSuite.scala:1564)
[info]   at org.scalatest.funsuite.AnyFunSuiteLike.$anonfun$run$1(AnyFunSuiteLike.scala:273)
[info]   at org.scalatest.SuperEngine.runImpl(Engine.scala:535)
[info]   at org.scalatest.funsuite.AnyFunSuiteLike.run(AnyFunSuiteLike.scala:273)
[info]   at org.scalatest.funsuite.AnyFunSuiteLike.run$(AnyFunSuiteLike.scala:272)
[info]   at frameless.TypedDatasetSuite.org$scalatest$BeforeAndAfterAll$$super$run(TypedDatasetSuite.scala:63)
[info]   at org.scalatest.BeforeAndAfterAll.liftedTree1$1(BeforeAndAfterAll.scala:213)
[info]   at org.scalatest.BeforeAndAfterAll.run(BeforeAndAfterAll.scala:210)
[info]   at org.scalatest.BeforeAndAfterAll.run$(BeforeAndAfterAll.scala:208)
[info]   at frameless.TypedDatasetSuite.run(TypedDatasetSuite.scala:63)
[info]   at org.scalatest.tools.Framework.org$scalatest$tools$Framework$$runSuite(Framework.scala:321)
[info]   at org.scalatest.tools.Framework$ScalaTestTask.execute(Framework.scala:517)
[info]   at sbt.ForkMain$Run.lambda$runTest$1(ForkMain.java:414)
[info]   at java.base/java.util.concurrent.FutureTask.run(FutureTask.java:317)
[info]   at java.base/java.util.concurrent.ThreadPoolExecutor.runWorker(ThreadPoolExecutor.java:1144)
[info]   at java.base/java.util.concurrent.ThreadPoolExecutor$Worker.run(ThreadPoolExecutor.java:642)
[info]   at java.base/java.lang.Thread.run(Thread.java:1583)
[info]   Cause: java.lang.ClassCastException: Cannot cast scala.reflect.ClassTag$GenericClassTag to org.apache.spark.sql.catalyst.expressions.Expression
[info]   at java.base/java.lang.Class.cast(Class.java:4067)
[info]   at java.base/jdk.internal.reflect.DirectConstructorHandleAccessor.newInstance(DirectConstructorHandleAccessor.java:62)
[info]   at java.base/java.lang.reflect.Constructor.newInstanceWithCaller(Constructor.java:502)
[info]   at java.base/java.lang.reflect.Constructor.newInstance(Constructor.java:486)
[info]   at frameless.TypedExpressionEncoder$.$anonfun$apply$3(TypedExpressionEncoder.scala:55)
[info]   at scala.Option.map(Option.scala:242)
[info]   at frameless.TypedExpressionEncoder$.apply(TypedExpressionEncoder.scala:54)
[info]   at frameless.TypedDataset$.create(TypedDataset.scala:1325)
[info]   at frameless.OrderByTests.prop$2(OrderByTests.scala:40)
[info]   at frameless.OrderByTests.$anonfun$new$45(OrderByTests.scala:48)
[info]   at scala.Function1.$anonfun$andThen$1(Function1.scala:87)
[info]   at org.scalacheck.Prop$.$anonfun$forAllShrink$2(Prop.scala:868)
[info]   at org.scalacheck.Prop$.secure(Prop.scala:484)
[info]   at org.scalacheck.Prop$.result$1(Prop.scala:868)
[info]   at org.scalacheck.Prop$.$anonfun$forAllShrink$1(Prop.scala:915)
[info]   at org.scalacheck.Prop$.$anonfun$apply$1(Prop.scala:305)
[info]   at org.scalacheck.PropFromFun.apply(Prop.scala:20)
[info]   at org.scalacheck.Test$.workerFun$1(Test.scala:486)
[info]   at org.scalacheck.Test$.$anonfun$check$4(Test.scala:518)
[info]   at org.scalacheck.Test$.$anonfun$check$4$adapted(Test.scala:518)
[info]   at org.scalacheck.Platform$.runWorkers(Platform.scala:42)
[info]   at org.scalacheck.Test$.check(Test.scala:518)
[info]   at org.scalatestplus.scalacheck.UnitCheckerAsserting$CheckerAssertingImpl.check(CheckerAsserting.scala:90)
[info]   at org.scalatestplus.scalacheck.Checkers.check(Checkers.scala:371)
[info]   at org.scalatestplus.scalacheck.Checkers.check$(Checkers.scala:369)
[info]   at frameless.TypedDatasetSuite.check(TypedDatasetSuite.scala:63)
[info]   at frameless.OrderByTests.$anonfun$new$33(OrderByTests.scala:48)
[info]   at org.scalatest.OutcomeOf.outcomeOf(OutcomeOf.scala:85)
[info]   at org.scalatest.OutcomeOf.outcomeOf$(OutcomeOf.scala:83)
[info]   at org.scalatest.OutcomeOf$.outcomeOf(OutcomeOf.scala:104)
[info]   at org.scalatest.Transformer.apply(Transformer.scala:22)
[info]   at org.scalatest.Transformer.apply(Transformer.scala:20)
[info]   at org.scalatest.funsuite.AnyFunSuiteLike$$anon$1.apply(AnyFunSuiteLike.scala:226)
[info]   at org.scalatest.TestSuite.withFixture(TestSuite.scala:196)
[info]   at org.scalatest.TestSuite.withFixture$(TestSuite.scala:195)
[info]   at org.scalatest.funsuite.AnyFunSuite.withFixture(AnyFunSuite.scala:1564)
[info]   at org.scalatest.funsuite.AnyFunSuiteLike.invokeWithFixture$1(AnyFunSuiteLike.scala:224)
[info]   at org.scalatest.funsuite.AnyFunSuiteLike.$anonfun$runTest$1(AnyFunSuiteLike.scala:236)
[info]   at org.scalatest.SuperEngine.runTestImpl(Engine.scala:306)
[info]   at org.scalatest.funsuite.AnyFunSuiteLike.runTest(AnyFunSuiteLike.scala:236)
[info]   at org.scalatest.funsuite.AnyFunSuiteLike.runTest$(AnyFunSuiteLike.scala:218)
[info]   at org.scalatest.funsuite.AnyFunSuite.runTest(AnyFunSuite.scala:1564)
[info]   at org.scalatest.funsuite.AnyFunSuiteLike.$anonfun$runTests$1(AnyFunSuiteLike.scala:269)
[info]   at org.scalatest.SuperEngine.$anonfun$runTestsInBranch$1(Engine.scala:413)
[info]   at scala.collection.immutable.List.foreach(List.scala:334)
[info]   at org.scalatest.SuperEngine.traverseSubNodes$1(Engine.scala:401)
[info]   at org.scalatest.SuperEngine.runTestsInBranch(Engine.scala:396)
[info]   at org.scalatest.SuperEngine.runTestsImpl(Engine.scala:475)
[info]   at org.scalatest.funsuite.AnyFunSuiteLike.runTests(AnyFunSuiteLike.scala:269)
[info]   at org.scalatest.funsuite.AnyFunSuiteLike.runTests$(AnyFunSuiteLike.scala:268)
[info]   at org.scalatest.funsuite.AnyFunSuite.runTests(AnyFunSuite.scala:1564)
[info]   at org.scalatest.Suite.run(Suite.scala:1114)
[info]   at org.scalatest.Suite.run$(Suite.scala:1096)
[info]   at org.scalatest.funsuite.AnyFunSuite.org$scalatest$funsuite$AnyFunSuiteLike$$super$run(AnyFunSuite.scala:1564)
[info]   at org.scalatest.funsuite.AnyFunSuiteLike.$anonfun$run$1(AnyFunSuiteLike.scala:273)
[info]   at org.scalatest.SuperEngine.runImpl(Engine.scala:535)
[info]   at org.scalatest.funsuite.AnyFunSuiteLike.run(AnyFunSuiteLike.scala:273)
[info]   at org.scalatest.funsuite.AnyFunSuiteLike.run$(AnyFunSuiteLike.scala:272)
[info]   at frameless.TypedDatasetSuite.org$scalatest$BeforeAndAfterAll$$super$run(TypedDatasetSuite.scala:63)
[info]   at org.scalatest.BeforeAndAfterAll.liftedTree1$1(BeforeAndAfterAll.scala:213)
[info]   at org.scalatest.BeforeAndAfterAll.run(BeforeAndAfterAll.scala:210)
[info]   at org.scalatest.BeforeAndAfterAll.run$(BeforeAndAfterAll.scala:208)
[info]   at frameless.TypedDatasetSuite.run(TypedDatasetSuite.scala:63)
[info]   at org.scalatest.tools.Framework.org$scalatest$tools$Framework$$runSuite(Framework.scala:321)
[info]   at org.scalatest.tools.Framework$ScalaTestTask.execute(Framework.scala:517)
[info]   at sbt.ForkMain$Run.lambda$runTest$1(ForkMain.java:414)
[info]   at java.base/java.util.concurrent.FutureTask.run(FutureTask.java:317)
[info]   at java.base/java.util.concurrent.ThreadPoolExecutor.runWorker(ThreadPoolExecutor.java:1144)
[info]   at java.base/java.util.concurrent.ThreadPoolExecutor$Worker.run(ThreadPoolExecutor.java:642)
[info]   at java.base/java.lang.Thread.run(Thread.java:1583)
[info] - two columns non nullable orderBy *** FAILED *** (1 millisecond)
[info]   IllegalArgumentException was thrown during property evaluation.
[info]     Message: argument type mismatch
[info]     Occurred when passed generated values (
[info]       arg0 = Vector()
[info]     )
[info]   org.scalatest.exceptions.GeneratorDrivenPropertyCheckFailedException:
[info]   at org.scalatestplus.scalacheck.CheckerAsserting$$anon$2.indicateFailure(CheckerAsserting.scala:251)
[info]   at org.scalatestplus.scalacheck.CheckerAsserting$$anon$2.indicateFailure(CheckerAsserting.scala:238)
[info]   at org.scalatestplus.scalacheck.UnitCheckerAsserting$CheckerAssertingImpl.check(CheckerAsserting.scala:160)
[info]   at org.scalatestplus.scalacheck.Checkers.check(Checkers.scala:371)
[info]   at org.scalatestplus.scalacheck.Checkers.check$(Checkers.scala:369)
[info]   at frameless.TypedDatasetSuite.check(TypedDatasetSuite.scala:63)
[info]   at frameless.OrderByTests.$anonfun$new$65(OrderByTests.scala:72)
[info]   at org.scalatest.OutcomeOf.outcomeOf(OutcomeOf.scala:85)
[info]   at org.scalatest.OutcomeOf.outcomeOf$(OutcomeOf.scala:83)
[info]   at org.scalatest.OutcomeOf$.outcomeOf(OutcomeOf.scala:104)
[info]   at org.scalatest.Transformer.apply(Transformer.scala:22)
[info]   at org.scalatest.Transformer.apply(Transformer.scala:20)
[info]   at org.scalatest.funsuite.AnyFunSuiteLike$$anon$1.apply(AnyFunSuiteLike.scala:226)
[info]   at org.scalatest.TestSuite.withFixture(TestSuite.scala:196)
[info]   at org.scalatest.TestSuite.withFixture$(TestSuite.scala:195)
[info]   at org.scalatest.funsuite.AnyFunSuite.withFixture(AnyFunSuite.scala:1564)
[info]   at org.scalatest.funsuite.AnyFunSuiteLike.invokeWithFixture$1(AnyFunSuiteLike.scala:224)
[info]   at org.scalatest.funsuite.AnyFunSuiteLike.$anonfun$runTest$1(AnyFunSuiteLike.scala:236)
[info]   at org.scalatest.SuperEngine.runTestImpl(Engine.scala:306)
[info]   at org.scalatest.funsuite.AnyFunSuiteLike.runTest(AnyFunSuiteLike.scala:236)
[info]   at org.scalatest.funsuite.AnyFunSuiteLike.runTest$(AnyFunSuiteLike.scala:218)
[info]   at org.scalatest.funsuite.AnyFunSuite.runTest(AnyFunSuite.scala:1564)
[info]   at org.scalatest.funsuite.AnyFunSuiteLike.$anonfun$runTests$1(AnyFunSuiteLike.scala:269)
[info]   at org.scalatest.SuperEngine.$anonfun$runTestsInBranch$1(Engine.scala:413)
[info]   at scala.collection.immutable.List.foreach(List.scala:334)
[info]   at org.scalatest.SuperEngine.traverseSubNodes$1(Engine.scala:401)
[info]   at org.scalatest.SuperEngine.runTestsInBranch(Engine.scala:396)
[info]   at org.scalatest.SuperEngine.runTestsImpl(Engine.scala:475)
[info]   at org.scalatest.funsuite.AnyFunSuiteLike.runTests(AnyFunSuiteLike.scala:269)
[info]   at org.scalatest.funsuite.AnyFunSuiteLike.runTests$(AnyFunSuiteLike.scala:268)
[info]   at org.scalatest.funsuite.AnyFunSuite.runTests(AnyFunSuite.scala:1564)
[info]   at org.scalatest.Suite.run(Suite.scala:1114)
[info]   at org.scalatest.Suite.run$(Suite.scala:1096)
[info]   at org.scalatest.funsuite.AnyFunSuite.org$scalatest$funsuite$AnyFunSuiteLike$$super$run(AnyFunSuite.scala:1564)
[info]   at org.scalatest.funsuite.AnyFunSuiteLike.$anonfun$run$1(AnyFunSuiteLike.scala:273)
[info]   at org.scalatest.SuperEngine.runImpl(Engine.scala:535)
[info]   at org.scalatest.funsuite.AnyFunSuiteLike.run(AnyFunSuiteLike.scala:273)
[info]   at org.scalatest.funsuite.AnyFunSuiteLike.run$(AnyFunSuiteLike.scala:272)
[info]   at frameless.TypedDatasetSuite.org$scalatest$BeforeAndAfterAll$$super$run(TypedDatasetSuite.scala:63)
[info]   at org.scalatest.BeforeAndAfterAll.liftedTree1$1(BeforeAndAfterAll.scala:213)
[info]   at org.scalatest.BeforeAndAfterAll.run(BeforeAndAfterAll.scala:210)
[info]   at org.scalatest.BeforeAndAfterAll.run$(BeforeAndAfterAll.scala:208)
[info]   at frameless.TypedDatasetSuite.run(TypedDatasetSuite.scala:63)
[info]   at org.scalatest.tools.Framework.org$scalatest$tools$Framework$$runSuite(Framework.scala:321)
[info]   at org.scalatest.tools.Framework$ScalaTestTask.execute(Framework.scala:517)
[info]   at sbt.ForkMain$Run.lambda$runTest$1(ForkMain.java:414)
[info]   at java.base/java.util.concurrent.FutureTask.run(FutureTask.java:317)
[info]   at java.base/java.util.concurrent.ThreadPoolExecutor.runWorker(ThreadPoolExecutor.java:1144)
[info]   at java.base/java.util.concurrent.ThreadPoolExecutor$Worker.run(ThreadPoolExecutor.java:642)
[info]   at java.base/java.lang.Thread.run(Thread.java:1583)
[info]   Cause: java.lang.IllegalArgumentException: argument type mismatch
[info]   at java.base/jdk.internal.reflect.DirectConstructorHandleAccessor.newInstance(DirectConstructorHandleAccessor.java:65)
[info]   at java.base/java.lang.reflect.Constructor.newInstanceWithCaller(Constructor.java:502)
[info]   at java.base/java.lang.reflect.Constructor.newInstance(Constructor.java:486)
[info]   at frameless.TypedExpressionEncoder$.$anonfun$apply$3(TypedExpressionEncoder.scala:55)
[info]   at scala.Option.map(Option.scala:242)
[info]   at frameless.TypedExpressionEncoder$.apply(TypedExpressionEncoder.scala:54)
[info]   at frameless.TypedDataset$.create(TypedDataset.scala:1325)
[info]   at frameless.OrderByTests.prop$3(OrderByTests.scala:62)
[info]   at frameless.OrderByTests.$anonfun$new$86(OrderByTests.scala:72)
[info]   at scala.Function1.$anonfun$andThen$1(Function1.scala:87)
[info]   at org.scalacheck.Prop$.$anonfun$forAllShrink$2(Prop.scala:868)
[info]   at org.scalacheck.Prop$.secure(Prop.scala:484)
[info]   at org.scalacheck.Prop$.result$1(Prop.scala:868)
[info]   at org.scalacheck.Prop$.$anonfun$forAllShrink$1(Prop.scala:915)
[info]   at org.scalacheck.Prop$.$anonfun$apply$1(Prop.scala:305)
[info]   at org.scalacheck.PropFromFun.apply(Prop.scala:20)
[info]   at org.scalacheck.Test$.workerFun$1(Test.scala:486)
[info]   at org.scalacheck.Test$.$anonfun$check$4(Test.scala:518)
[info]   at org.scalacheck.Test$.$anonfun$check$4$adapted(Test.scala:518)
[info]   at org.scalacheck.Platform$.runWorkers(Platform.scala:42)
[info]   at org.scalacheck.Test$.check(Test.scala:518)
[info]   at org.scalatestplus.scalacheck.UnitCheckerAsserting$CheckerAssertingImpl.check(CheckerAsserting.scala:90)
[info]   at org.scalatestplus.scalacheck.Checkers.check(Checkers.scala:371)
[info]   at org.scalatestplus.scalacheck.Checkers.check$(Checkers.scala:369)
[info]   at frameless.TypedDatasetSuite.check(TypedDatasetSuite.scala:63)
[info]   at frameless.OrderByTests.$anonfun$new$65(OrderByTests.scala:72)
[info]   at org.scalatest.OutcomeOf.outcomeOf(OutcomeOf.scala:85)
[info]   at org.scalatest.OutcomeOf.outcomeOf$(OutcomeOf.scala:83)
[info]   at org.scalatest.OutcomeOf$.outcomeOf(OutcomeOf.scala:104)
[info]   at org.scalatest.Transformer.apply(Transformer.scala:22)
[info]   at org.scalatest.Transformer.apply(Transformer.scala:20)
[info]   at org.scalatest.funsuite.AnyFunSuiteLike$$anon$1.apply(AnyFunSuiteLike.scala:226)
[info]   at org.scalatest.TestSuite.withFixture(TestSuite.scala:196)
[info]   at org.scalatest.TestSuite.withFixture$(TestSuite.scala:195)
[info]   at org.scalatest.funsuite.AnyFunSuite.withFixture(AnyFunSuite.scala:1564)
[info]   at org.scalatest.funsuite.AnyFunSuiteLike.invokeWithFixture$1(AnyFunSuiteLike.scala:224)
[info]   at org.scalatest.funsuite.AnyFunSuiteLike.$anonfun$runTest$1(AnyFunSuiteLike.scala:236)
[info]   at org.scalatest.SuperEngine.runTestImpl(Engine.scala:306)
[info]   at org.scalatest.funsuite.AnyFunSuiteLike.runTest(AnyFunSuiteLike.scala:236)
[info]   at org.scalatest.funsuite.AnyFunSuiteLike.runTest$(AnyFunSuiteLike.scala:218)
[info]   at org.scalatest.funsuite.AnyFunSuite.runTest(AnyFunSuite.scala:1564)
[info]   at org.scalatest.funsuite.AnyFunSuiteLike.$anonfun$runTests$1(AnyFunSuiteLike.scala:269)
[info]   at org.scalatest.SuperEngine.$anonfun$runTestsInBranch$1(Engine.scala:413)
[info]   at scala.collection.immutable.List.foreach(List.scala:334)
[info]   at org.scalatest.SuperEngine.traverseSubNodes$1(Engine.scala:401)
[info]   at org.scalatest.SuperEngine.runTestsInBranch(Engine.scala:396)
[info]   at org.scalatest.SuperEngine.runTestsImpl(Engine.scala:475)
[info]   at org.scalatest.funsuite.AnyFunSuiteLike.runTests(AnyFunSuiteLike.scala:269)
[info]   at org.scalatest.funsuite.AnyFunSuiteLike.runTests$(AnyFunSuiteLike.scala:268)
[info]   at org.scalatest.funsuite.AnyFunSuite.runTests(AnyFunSuite.scala:1564)
[info]   at org.scalatest.Suite.run(Suite.scala:1114)
[info]   at org.scalatest.Suite.run$(Suite.scala:1096)
[info]   at org.scalatest.funsuite.AnyFunSuite.org$scalatest$funsuite$AnyFunSuiteLike$$super$run(AnyFunSuite.scala:1564)
[info]   at org.scalatest.funsuite.AnyFunSuiteLike.$anonfun$run$1(AnyFunSuiteLike.scala:273)
[info]   at org.scalatest.SuperEngine.runImpl(Engine.scala:535)
[info]   at org.scalatest.funsuite.AnyFunSuiteLike.run(AnyFunSuiteLike.scala:273)
[info]   at org.scalatest.funsuite.AnyFunSuiteLike.run$(AnyFunSuiteLike.scala:272)
[info]   at frameless.TypedDatasetSuite.org$scalatest$BeforeAndAfterAll$$super$run(TypedDatasetSuite.scala:63)
[info]   at org.scalatest.BeforeAndAfterAll.liftedTree1$1(BeforeAndAfterAll.scala:213)
[info]   at org.scalatest.BeforeAndAfterAll.run(BeforeAndAfterAll.scala:210)
[info]   at org.scalatest.BeforeAndAfterAll.run$(BeforeAndAfterAll.scala:208)
[info]   at frameless.TypedDatasetSuite.run(TypedDatasetSuite.scala:63)
[info]   at org.scalatest.tools.Framework.org$scalatest$tools$Framework$$runSuite(Framework.scala:321)
[info]   at org.scalatest.tools.Framework$ScalaTestTask.execute(Framework.scala:517)
[info]   at sbt.ForkMain$Run.lambda$runTest$1(ForkMain.java:414)
[info]   at java.base/java.util.concurrent.FutureTask.run(FutureTask.java:317)
[info]   at java.base/java.util.concurrent.ThreadPoolExecutor.runWorker(ThreadPoolExecutor.java:1144)
[info]   at java.base/java.util.concurrent.ThreadPoolExecutor$Worker.run(ThreadPoolExecutor.java:642)
[info]   at java.base/java.lang.Thread.run(Thread.java:1583)
[info]   Cause: java.lang.ClassCastException: Cannot cast scala.reflect.ClassTag$GenericClassTag to org.apache.spark.sql.catalyst.expressions.Expression
[info]   at java.base/java.lang.Class.cast(Class.java:4067)
[info]   at java.base/jdk.internal.reflect.DirectConstructorHandleAccessor.newInstance(DirectConstructorHandleAccessor.java:62)
[info]   at java.base/java.lang.reflect.Constructor.newInstanceWithCaller(Constructor.java:502)
[info]   at java.base/java.lang.reflect.Constructor.newInstance(Constructor.java:486)
[info]   at frameless.TypedExpressionEncoder$.$anonfun$apply$3(TypedExpressionEncoder.scala:55)
[info]   at scala.Option.map(Option.scala:242)
[info]   at frameless.TypedExpressionEncoder$.apply(TypedExpressionEncoder.scala:54)
[info]   at frameless.TypedDataset$.create(TypedDataset.scala:1325)
[info]   at frameless.OrderByTests.prop$3(OrderByTests.scala:62)
[info]   at frameless.OrderByTests.$anonfun$new$86(OrderByTests.scala:72)
[info]   at scala.Function1.$anonfun$andThen$1(Function1.scala:87)
[info]   at org.scalacheck.Prop$.$anonfun$forAllShrink$2(Prop.scala:868)
[info]   at org.scalacheck.Prop$.secure(Prop.scala:484)
[info]   at org.scalacheck.Prop$.result$1(Prop.scala:868)
[info]   at org.scalacheck.Prop$.$anonfun$forAllShrink$1(Prop.scala:915)
[info]   at org.scalacheck.Prop$.$anonfun$apply$1(Prop.scala:305)
[info]   at org.scalacheck.PropFromFun.apply(Prop.scala:20)
[info]   at org.scalacheck.Test$.workerFun$1(Test.scala:486)
[info]   at org.scalacheck.Test$.$anonfun$check$4(Test.scala:518)
[info]   at org.scalacheck.Test$.$anonfun$check$4$adapted(Test.scala:518)
[info]   at org.scalacheck.Platform$.runWorkers(Platform.scala:42)
[info]   at org.scalacheck.Test$.check(Test.scala:518)
[info]   at org.scalatestplus.scalacheck.UnitCheckerAsserting$CheckerAssertingImpl.check(CheckerAsserting.scala:90)
[info]   at org.scalatestplus.scalacheck.Checkers.check(Checkers.scala:371)
[info]   at org.scalatestplus.scalacheck.Checkers.check$(Checkers.scala:369)
[info]   at frameless.TypedDatasetSuite.check(TypedDatasetSuite.scala:63)
[info]   at frameless.OrderByTests.$anonfun$new$65(OrderByTests.scala:72)
[info]   at org.scalatest.OutcomeOf.outcomeOf(OutcomeOf.scala:85)
[info]   at org.scalatest.OutcomeOf.outcomeOf$(OutcomeOf.scala:83)
[info]   at org.scalatest.OutcomeOf$.outcomeOf(OutcomeOf.scala:104)
[info]   at org.scalatest.Transformer.apply(Transformer.scala:22)
[info]   at org.scalatest.Transformer.apply(Transformer.scala:20)
[info]   at org.scalatest.funsuite.AnyFunSuiteLike$$anon$1.apply(AnyFunSuiteLike.scala:226)
[info]   at org.scalatest.TestSuite.withFixture(TestSuite.scala:196)
[info]   at org.scalatest.TestSuite.withFixture$(TestSuite.scala:195)
[info]   at org.scalatest.funsuite.AnyFunSuite.withFixture(AnyFunSuite.scala:1564)
[info]   at org.scalatest.funsuite.AnyFunSuiteLike.invokeWithFixture$1(AnyFunSuiteLike.scala:224)
[info]   at org.scalatest.funsuite.AnyFunSuiteLike.$anonfun$runTest$1(AnyFunSuiteLike.scala:236)
[info]   at org.scalatest.SuperEngine.runTestImpl(Engine.scala:306)
[info]   at org.scalatest.funsuite.AnyFunSuiteLike.runTest(AnyFunSuiteLike.scala:236)
[info]   at org.scalatest.funsuite.AnyFunSuiteLike.runTest$(AnyFunSuiteLike.scala:218)
[info]   at org.scalatest.funsuite.AnyFunSuite.runTest(AnyFunSuite.scala:1564)
[info]   at org.scalatest.funsuite.AnyFunSuiteLike.$anonfun$runTests$1(AnyFunSuiteLike.scala:269)
[info]   at org.scalatest.SuperEngine.$anonfun$runTestsInBranch$1(Engine.scala:413)
[info]   at scala.collection.immutable.List.foreach(List.scala:334)
[info]   at org.scalatest.SuperEngine.traverseSubNodes$1(Engine.scala:401)
[info]   at org.scalatest.SuperEngine.runTestsInBranch(Engine.scala:396)
[info]   at org.scalatest.SuperEngine.runTestsImpl(Engine.scala:475)
[info]   at org.scalatest.funsuite.AnyFunSuiteLike.runTests(AnyFunSuiteLike.scala:269)
[info]   at org.scalatest.funsuite.AnyFunSuiteLike.runTests$(AnyFunSuiteLike.scala:268)
[info]   at org.scalatest.funsuite.AnyFunSuite.runTests(AnyFunSuite.scala:1564)
[info]   at org.scalatest.Suite.run(Suite.scala:1114)
[info]   at org.scalatest.Suite.run$(Suite.scala:1096)
[info]   at org.scalatest.funsuite.AnyFunSuite.org$scalatest$funsuite$AnyFunSuiteLike$$super$run(AnyFunSuite.scala:1564)
[info]   at org.scalatest.funsuite.AnyFunSuiteLike.$anonfun$run$1(AnyFunSuiteLike.scala:273)
[info]   at org.scalatest.SuperEngine.runImpl(Engine.scala:535)
[info]   at org.scalatest.funsuite.AnyFunSuiteLike.run(AnyFunSuiteLike.scala:273)
[info]   at org.scalatest.funsuite.AnyFunSuiteLike.run$(AnyFunSuiteLike.scala:272)
[info]   at frameless.TypedDatasetSuite.org$scalatest$BeforeAndAfterAll$$super$run(TypedDatasetSuite.scala:63)
[info]   at org.scalatest.BeforeAndAfterAll.liftedTree1$1(BeforeAndAfterAll.scala:213)
[info]   at org.scalatest.BeforeAndAfterAll.run(BeforeAndAfterAll.scala:210)
[info]   at org.scalatest.BeforeAndAfterAll.run$(BeforeAndAfterAll.scala:208)
[info]   at frameless.TypedDatasetSuite.run(TypedDatasetSuite.scala:63)
[info]   at org.scalatest.tools.Framework.org$scalatest$tools$Framework$$runSuite(Framework.scala:321)
[info]   at org.scalatest.tools.Framework$ScalaTestTask.execute(Framework.scala:517)
[info]   at sbt.ForkMain$Run.lambda$runTest$1(ForkMain.java:414)
[info]   at java.base/java.util.concurrent.FutureTask.run(FutureTask.java:317)
[info]   at java.base/java.util.concurrent.ThreadPoolExecutor.runWorker(ThreadPoolExecutor.java:1144)
[info]   at java.base/java.util.concurrent.ThreadPoolExecutor$Worker.run(ThreadPoolExecutor.java:642)
[info]   at java.base/java.lang.Thread.run(Thread.java:1583)
[info] - two columns non nullable partition sorting *** FAILED *** (3 milliseconds)
[info]   IllegalArgumentException was thrown during property evaluation.
[info]     Message: argument type mismatch
[info]     Occurred when passed generated values (
[info]       arg0 = Vector()
[info]     )
[info]   org.scalatest.exceptions.GeneratorDrivenPropertyCheckFailedException:
[info]   at org.scalatestplus.scalacheck.CheckerAsserting$$anon$2.indicateFailure(CheckerAsserting.scala:251)
[info]   at org.scalatestplus.scalacheck.CheckerAsserting$$anon$2.indicateFailure(CheckerAsserting.scala:238)
[info]   at org.scalatestplus.scalacheck.UnitCheckerAsserting$CheckerAssertingImpl.check(CheckerAsserting.scala:160)
[info]   at org.scalatestplus.scalacheck.Checkers.check(Checkers.scala:371)
[info]   at org.scalatestplus.scalacheck.Checkers.check$(Checkers.scala:369)
[info]   at frameless.TypedDatasetSuite.check(TypedDatasetSuite.scala:63)
[info]   at frameless.OrderByTests.$anonfun$new$92(OrderByTests.scala:89)
[info]   at org.scalatest.OutcomeOf.outcomeOf(OutcomeOf.scala:85)
[info]   at org.scalatest.OutcomeOf.outcomeOf$(OutcomeOf.scala:83)
[info]   at org.scalatest.OutcomeOf$.outcomeOf(OutcomeOf.scala:104)
[info]   at org.scalatest.Transformer.apply(Transformer.scala:22)
[info]   at org.scalatest.Transformer.apply(Transformer.scala:20)
[info]   at org.scalatest.funsuite.AnyFunSuiteLike$$anon$1.apply(AnyFunSuiteLike.scala:226)
[info]   at org.scalatest.TestSuite.withFixture(TestSuite.scala:196)
[info]   at org.scalatest.TestSuite.withFixture$(TestSuite.scala:195)
[info]   at org.scalatest.funsuite.AnyFunSuite.withFixture(AnyFunSuite.scala:1564)
[info]   at org.scalatest.funsuite.AnyFunSuiteLike.invokeWithFixture$1(AnyFunSuiteLike.scala:224)
[info]   at org.scalatest.funsuite.AnyFunSuiteLike.$anonfun$runTest$1(AnyFunSuiteLike.scala:236)
[info]   at org.scalatest.SuperEngine.runTestImpl(Engine.scala:306)
[info]   at org.scalatest.funsuite.AnyFunSuiteLike.runTest(AnyFunSuiteLike.scala:236)
[info]   at org.scalatest.funsuite.AnyFunSuiteLike.runTest$(AnyFunSuiteLike.scala:218)
[info]   at org.scalatest.funsuite.AnyFunSuite.runTest(AnyFunSuite.scala:1564)
[info]   at org.scalatest.funsuite.AnyFunSuiteLike.$anonfun$runTests$1(AnyFunSuiteLike.scala:269)
[info]   at org.scalatest.SuperEngine.$anonfun$runTestsInBranch$1(Engine.scala:413)
[info]   at scala.collection.immutable.List.foreach(List.scala:334)
[info]   at org.scalatest.SuperEngine.traverseSubNodes$1(Engine.scala:401)
[info]   at org.scalatest.SuperEngine.runTestsInBranch(Engine.scala:396)
[info]   at org.scalatest.SuperEngine.runTestsImpl(Engine.scala:475)
[info]   at org.scalatest.funsuite.AnyFunSuiteLike.runTests(AnyFunSuiteLike.scala:269)
[info]   at org.scalatest.funsuite.AnyFunSuiteLike.runTests$(AnyFunSuiteLike.scala:268)
[info]   at org.scalatest.funsuite.AnyFunSuite.runTests(AnyFunSuite.scala:1564)
[info]   at org.scalatest.Suite.run(Suite.scala:1114)
[info]   at org.scalatest.Suite.run$(Suite.scala:1096)
[info]   at org.scalatest.funsuite.AnyFunSuite.org$scalatest$funsuite$AnyFunSuiteLike$$super$run(AnyFunSuite.scala:1564)
[info]   at org.scalatest.funsuite.AnyFunSuiteLike.$anonfun$run$1(AnyFunSuiteLike.scala:273)
[info]   at org.scalatest.SuperEngine.runImpl(Engine.scala:535)
[info]   at org.scalatest.funsuite.AnyFunSuiteLike.run(AnyFunSuiteLike.scala:273)
[info]   at org.scalatest.funsuite.AnyFunSuiteLike.run$(AnyFunSuiteLike.scala:272)
[info]   at frameless.TypedDatasetSuite.org$scalatest$BeforeAndAfterAll$$super$run(TypedDatasetSuite.scala:63)
[info]   at org.scalatest.BeforeAndAfterAll.liftedTree1$1(BeforeAndAfterAll.scala:213)
[info]   at org.scalatest.BeforeAndAfterAll.run(BeforeAndAfterAll.scala:210)
[info]   at org.scalatest.BeforeAndAfterAll.run$(BeforeAndAfterAll.scala:208)
[info]   at frameless.TypedDatasetSuite.run(TypedDatasetSuite.scala:63)
[info]   at org.scalatest.tools.Framework.org$scalatest$tools$Framework$$runSuite(Framework.scala:321)
[info]   at org.scalatest.tools.Framework$ScalaTestTask.execute(Framework.scala:517)
[info]   at sbt.ForkMain$Run.lambda$runTest$1(ForkMain.java:414)
[info]   at java.base/java.util.concurrent.FutureTask.run(FutureTask.java:317)
[info]   at java.base/java.util.concurrent.ThreadPoolExecutor.runWorker(ThreadPoolExecutor.java:1144)
[info]   at java.base/java.util.concurrent.ThreadPoolExecutor$Worker.run(ThreadPoolExecutor.java:642)
[info]   at java.base/java.lang.Thread.run(Thread.java:1583)
[info]   Cause: java.lang.IllegalArgumentException: argument type mismatch
[info]   at java.base/jdk.internal.reflect.DirectConstructorHandleAccessor.newInstance(DirectConstructorHandleAccessor.java:65)
[info]   at java.base/java.lang.reflect.Constructor.newInstanceWithCaller(Constructor.java:502)
[info]   at java.base/java.lang.reflect.Constructor.newInstance(Constructor.java:486)
[info]   at frameless.TypedExpressionEncoder$.$anonfun$apply$3(TypedExpressionEncoder.scala:55)
[info]   at scala.Option.map(Option.scala:242)
[info]   at frameless.TypedExpressionEncoder$.apply(TypedExpressionEncoder.scala:54)
[info]   at frameless.TypedDataset$.create(TypedDataset.scala:1325)
[info]   at frameless.OrderByTests.prop$4(OrderByTests.scala:79)
[info]   at frameless.OrderByTests.$anonfun$new$113(OrderByTests.scala:89)
[info]   at scala.Function1.$anonfun$andThen$1(Function1.scala:87)
[info]   at org.scalacheck.Prop$.$anonfun$forAllShrink$2(Prop.scala:868)
[info]   at org.scalacheck.Prop$.secure(Prop.scala:484)
[info]   at org.scalacheck.Prop$.result$1(Prop.scala:868)
[info]   at org.scalacheck.Prop$.$anonfun$forAllShrink$1(Prop.scala:915)
[info]   at org.scalacheck.Prop$.$anonfun$apply$1(Prop.scala:305)
[info]   at org.scalacheck.PropFromFun.apply(Prop.scala:20)
[info]   at org.scalacheck.Test$.workerFun$1(Test.scala:486)
[info]   at org.scalacheck.Test$.$anonfun$check$4(Test.scala:518)
[info]   at org.scalacheck.Test$.$anonfun$check$4$adapted(Test.scala:518)
[info]   at org.scalacheck.Platform$.runWorkers(Platform.scala:42)
[info]   at org.scalacheck.Test$.check(Test.scala:518)
[info]   at org.scalatestplus.scalacheck.UnitCheckerAsserting$CheckerAssertingImpl.check(CheckerAsserting.scala:90)
[info]   at org.scalatestplus.scalacheck.Checkers.check(Checkers.scala:371)
[info]   at org.scalatestplus.scalacheck.Checkers.check$(Checkers.scala:369)
[info]   at frameless.TypedDatasetSuite.check(TypedDatasetSuite.scala:63)
[info]   at frameless.OrderByTests.$anonfun$new$92(OrderByTests.scala:89)
[info]   at org.scalatest.OutcomeOf.outcomeOf(OutcomeOf.scala:85)
[info]   at org.scalatest.OutcomeOf.outcomeOf$(OutcomeOf.scala:83)
[info]   at org.scalatest.OutcomeOf$.outcomeOf(OutcomeOf.scala:104)
[info]   at org.scalatest.Transformer.apply(Transformer.scala:22)
[info]   at org.scalatest.Transformer.apply(Transformer.scala:20)
[info]   at org.scalatest.funsuite.AnyFunSuiteLike$$anon$1.apply(AnyFunSuiteLike.scala:226)
[info]   at org.scalatest.TestSuite.withFixture(TestSuite.scala:196)
[info]   at org.scalatest.TestSuite.withFixture$(TestSuite.scala:195)
[info]   at org.scalatest.funsuite.AnyFunSuite.withFixture(AnyFunSuite.scala:1564)
[info]   at org.scalatest.funsuite.AnyFunSuiteLike.invokeWithFixture$1(AnyFunSuiteLike.scala:224)
[info]   at org.scalatest.funsuite.AnyFunSuiteLike.$anonfun$runTest$1(AnyFunSuiteLike.scala:236)
[info]   at org.scalatest.SuperEngine.runTestImpl(Engine.scala:306)
[info]   at org.scalatest.funsuite.AnyFunSuiteLike.runTest(AnyFunSuiteLike.scala:236)
[info]   at org.scalatest.funsuite.AnyFunSuiteLike.runTest$(AnyFunSuiteLike.scala:218)
[info]   at org.scalatest.funsuite.AnyFunSuite.runTest(AnyFunSuite.scala:1564)
[info]   at org.scalatest.funsuite.AnyFunSuiteLike.$anonfun$runTests$1(AnyFunSuiteLike.scala:269)
[info]   at org.scalatest.SuperEngine.$anonfun$runTestsInBranch$1(Engine.scala:413)
[info]   at scala.collection.immutable.List.foreach(List.scala:334)
[info]   at org.scalatest.SuperEngine.traverseSubNodes$1(Engine.scala:401)
[info]   at org.scalatest.SuperEngine.runTestsInBranch(Engine.scala:396)
[info]   at org.scalatest.SuperEngine.runTestsImpl(Engine.scala:475)
[info]   at org.scalatest.funsuite.AnyFunSuiteLike.runTests(AnyFunSuiteLike.scala:269)
[info]   at org.scalatest.funsuite.AnyFunSuiteLike.runTests$(AnyFunSuiteLike.scala:268)
[info]   at org.scalatest.funsuite.AnyFunSuite.runTests(AnyFunSuite.scala:1564)
[info]   at org.scalatest.Suite.run(Suite.scala:1114)
[info]   at org.scalatest.Suite.run$(Suite.scala:1096)
[info]   at org.scalatest.funsuite.AnyFunSuite.org$scalatest$funsuite$AnyFunSuiteLike$$super$run(AnyFunSuite.scala:1564)
[info]   at org.scalatest.funsuite.AnyFunSuiteLike.$anonfun$run$1(AnyFunSuiteLike.scala:273)
[info]   at org.scalatest.SuperEngine.runImpl(Engine.scala:535)
[info]   at org.scalatest.funsuite.AnyFunSuiteLike.run(AnyFunSuiteLike.scala:273)
[info]   at org.scalatest.funsuite.AnyFunSuiteLike.run$(AnyFunSuiteLike.scala:272)
[info]   at frameless.TypedDatasetSuite.org$scalatest$BeforeAndAfterAll$$super$run(TypedDatasetSuite.scala:63)
[info]   at org.scalatest.BeforeAndAfterAll.liftedTree1$1(BeforeAndAfterAll.scala:213)
[info]   at org.scalatest.BeforeAndAfterAll.run(BeforeAndAfterAll.scala:210)
[info]   at org.scalatest.BeforeAndAfterAll.run$(BeforeAndAfterAll.scala:208)
[info]   at frameless.TypedDatasetSuite.run(TypedDatasetSuite.scala:63)
[info]   at org.scalatest.tools.Framework.org$scalatest$tools$Framework$$runSuite(Framework.scala:321)
[info]   at org.scalatest.tools.Framework$ScalaTestTask.execute(Framework.scala:517)
[info]   at sbt.ForkMain$Run.lambda$runTest$1(ForkMain.java:414)
[info]   at java.base/java.util.concurrent.FutureTask.run(FutureTask.java:317)
[info]   at java.base/java.util.concurrent.ThreadPoolExecutor.runWorker(ThreadPoolExecutor.java:1144)
[info]   at java.base/java.util.concurrent.ThreadPoolExecutor$Worker.run(ThreadPoolExecutor.java:642)
[info]   at java.base/java.lang.Thread.run(Thread.java:1583)
[info]   Cause: java.lang.ClassCastException: Cannot cast scala.reflect.ClassTag$GenericClassTag to org.apache.spark.sql.catalyst.expressions.Expression
[info]   at java.base/java.lang.Class.cast(Class.java:4067)
[info]   at java.base/jdk.internal.reflect.DirectConstructorHandleAccessor.newInstance(DirectConstructorHandleAccessor.java:62)
[info]   at java.base/java.lang.reflect.Constructor.newInstanceWithCaller(Constructor.java:502)
[info]   at java.base/java.lang.reflect.Constructor.newInstance(Constructor.java:486)
[info]   at frameless.TypedExpressionEncoder$.$anonfun$apply$3(TypedExpressionEncoder.scala:55)
[info]   at scala.Option.map(Option.scala:242)
[info]   at frameless.TypedExpressionEncoder$.apply(TypedExpressionEncoder.scala:54)
[info]   at frameless.TypedDataset$.create(TypedDataset.scala:1325)
[info]   at frameless.OrderByTests.prop$4(OrderByTests.scala:79)
[info]   at frameless.OrderByTests.$anonfun$new$113(OrderByTests.scala:89)
[info]   at scala.Function1.$anonfun$andThen$1(Function1.scala:87)
[info]   at org.scalacheck.Prop$.$anonfun$forAllShrink$2(Prop.scala:868)
[info]   at org.scalacheck.Prop$.secure(Prop.scala:484)
[info]   at org.scalacheck.Prop$.result$1(Prop.scala:868)
[info]   at org.scalacheck.Prop$.$anonfun$forAllShrink$1(Prop.scala:915)
[info]   at org.scalacheck.Prop$.$anonfun$apply$1(Prop.scala:305)
[info]   at org.scalacheck.PropFromFun.apply(Prop.scala:20)
[info]   at org.scalacheck.Test$.workerFun$1(Test.scala:486)
[info]   at org.scalacheck.Test$.$anonfun$check$4(Test.scala:518)
[info]   at org.scalacheck.Test$.$anonfun$check$4$adapted(Test.scala:518)
[info]   at org.scalacheck.Platform$.runWorkers(Platform.scala:42)
[info]   at org.scalacheck.Test$.check(Test.scala:518)
[info]   at org.scalatestplus.scalacheck.UnitCheckerAsserting$CheckerAssertingImpl.check(CheckerAsserting.scala:90)
[info]   at org.scalatestplus.scalacheck.Checkers.check(Checkers.scala:371)
[info]   at org.scalatestplus.scalacheck.Checkers.check$(Checkers.scala:369)
[info]   at frameless.TypedDatasetSuite.check(TypedDatasetSuite.scala:63)
[info]   at frameless.OrderByTests.$anonfun$new$92(OrderByTests.scala:89)
[info]   at org.scalatest.OutcomeOf.outcomeOf(OutcomeOf.scala:85)
[info]   at org.scalatest.OutcomeOf.outcomeOf$(OutcomeOf.scala:83)
[info]   at org.scalatest.OutcomeOf$.outcomeOf(OutcomeOf.scala:104)
[info]   at org.scalatest.Transformer.apply(Transformer.scala:22)
[info]   at org.scalatest.Transformer.apply(Transformer.scala:20)
[info]   at org.scalatest.funsuite.AnyFunSuiteLike$$anon$1.apply(AnyFunSuiteLike.scala:226)
[info]   at org.scalatest.TestSuite.withFixture(TestSuite.scala:196)
[info]   at org.scalatest.TestSuite.withFixture$(TestSuite.scala:195)
[info]   at org.scalatest.funsuite.AnyFunSuite.withFixture(AnyFunSuite.scala:1564)
[info]   at org.scalatest.funsuite.AnyFunSuiteLike.invokeWithFixture$1(AnyFunSuiteLike.scala:224)
[info]   at org.scalatest.funsuite.AnyFunSuiteLike.$anonfun$runTest$1(AnyFunSuiteLike.scala:236)
[info]   at org.scalatest.SuperEngine.runTestImpl(Engine.scala:306)
[info]   at org.scalatest.funsuite.AnyFunSuiteLike.runTest(AnyFunSuiteLike.scala:236)
[info]   at org.scalatest.funsuite.AnyFunSuiteLike.runTest$(AnyFunSuiteLike.scala:218)
[info]   at org.scalatest.funsuite.AnyFunSuite.runTest(AnyFunSuite.scala:1564)
[info]   at org.scalatest.funsuite.AnyFunSuiteLike.$anonfun$runTests$1(AnyFunSuiteLike.scala:269)
[info]   at org.scalatest.SuperEngine.$anonfun$runTestsInBranch$1(Engine.scala:413)
[info]   at scala.collection.immutable.List.foreach(List.scala:334)
[info]   at org.scalatest.SuperEngine.traverseSubNodes$1(Engine.scala:401)
[info]   at org.scalatest.SuperEngine.runTestsInBranch(Engine.scala:396)
[info]   at org.scalatest.SuperEngine.runTestsImpl(Engine.scala:475)
[info]   at org.scalatest.funsuite.AnyFunSuiteLike.runTests(AnyFunSuiteLike.scala:269)
[info]   at org.scalatest.funsuite.AnyFunSuiteLike.runTests$(AnyFunSuiteLike.scala:268)
[info]   at org.scalatest.funsuite.AnyFunSuite.runTests(AnyFunSuite.scala:1564)
[info]   at org.scalatest.Suite.run(Suite.scala:1114)
[info]   at org.scalatest.Suite.run$(Suite.scala:1096)
[info]   at org.scalatest.funsuite.AnyFunSuite.org$scalatest$funsuite$AnyFunSuiteLike$$super$run(AnyFunSuite.scala:1564)
[info]   at org.scalatest.funsuite.AnyFunSuiteLike.$anonfun$run$1(AnyFunSuiteLike.scala:273)
[info]   at org.scalatest.SuperEngine.runImpl(Engine.scala:535)
[info]   at org.scalatest.funsuite.AnyFunSuiteLike.run(AnyFunSuiteLike.scala:273)
[info]   at org.scalatest.funsuite.AnyFunSuiteLike.run$(AnyFunSuiteLike.scala:272)
[info]   at frameless.TypedDatasetSuite.org$scalatest$BeforeAndAfterAll$$super$run(TypedDatasetSuite.scala:63)
[info]   at org.scalatest.BeforeAndAfterAll.liftedTree1$1(BeforeAndAfterAll.scala:213)
[info]   at org.scalatest.BeforeAndAfterAll.run(BeforeAndAfterAll.scala:210)
[info]   at org.scalatest.BeforeAndAfterAll.run$(BeforeAndAfterAll.scala:208)
[info]   at frameless.TypedDatasetSuite.run(TypedDatasetSuite.scala:63)
[info]   at org.scalatest.tools.Framework.org$scalatest$tools$Framework$$runSuite(Framework.scala:321)
[info]   at org.scalatest.tools.Framework$ScalaTestTask.execute(Framework.scala:517)
[info]   at sbt.ForkMain$Run.lambda$runTest$1(ForkMain.java:414)
[info]   at java.base/java.util.concurrent.FutureTask.run(FutureTask.java:317)
[info]   at java.base/java.util.concurrent.ThreadPoolExecutor.runWorker(ThreadPoolExecutor.java:1144)
[info]   at java.base/java.util.concurrent.ThreadPoolExecutor$Worker.run(ThreadPoolExecutor.java:642)
[info]   at java.base/java.lang.Thread.run(Thread.java:1583)
[info] - three columns non nullable orderBy *** FAILED *** (3 milliseconds)
[info]   IllegalArgumentException was thrown during property evaluation.
[info]     Message: argument type mismatch
[info]     Occurred when passed generated values (
[info]       arg0 = Vector()
[info]     )
[info]   org.scalatest.exceptions.GeneratorDrivenPropertyCheckFailedException:
[info]   at org.scalatestplus.scalacheck.CheckerAsserting$$anon$2.indicateFailure(CheckerAsserting.scala:251)
[info]   at org.scalatestplus.scalacheck.CheckerAsserting$$anon$2.indicateFailure(CheckerAsserting.scala:238)
[info]   at org.scalatestplus.scalacheck.UnitCheckerAsserting$CheckerAssertingImpl.check(CheckerAsserting.scala:160)
[info]   at org.scalatestplus.scalacheck.Checkers.check(Checkers.scala:371)
[info]   at org.scalatestplus.scalacheck.Checkers.check$(Checkers.scala:369)
[info]   at frameless.TypedDatasetSuite.check(TypedDatasetSuite.scala:63)
[info]   at frameless.OrderByTests.$anonfun$new$119(OrderByTests.scala:112)
[info]   at org.scalatest.OutcomeOf.outcomeOf(OutcomeOf.scala:85)
[info]   at org.scalatest.OutcomeOf.outcomeOf$(OutcomeOf.scala:83)
[info]   at org.scalatest.OutcomeOf$.outcomeOf(OutcomeOf.scala:104)
[info]   at org.scalatest.Transformer.apply(Transformer.scala:22)
[info]   at org.scalatest.Transformer.apply(Transformer.scala:20)
[info]   at org.scalatest.funsuite.AnyFunSuiteLike$$anon$1.apply(AnyFunSuiteLike.scala:226)
[info]   at org.scalatest.TestSuite.withFixture(TestSuite.scala:196)
[info]   at org.scalatest.TestSuite.withFixture$(TestSuite.scala:195)
[info]   at org.scalatest.funsuite.AnyFunSuite.withFixture(AnyFunSuite.scala:1564)
[info]   at org.scalatest.funsuite.AnyFunSuiteLike.invokeWithFixture$1(AnyFunSuiteLike.scala:224)
[info]   at org.scalatest.funsuite.AnyFunSuiteLike.$anonfun$runTest$1(AnyFunSuiteLike.scala:236)
[info]   at org.scalatest.SuperEngine.runTestImpl(Engine.scala:306)
[info]   at org.scalatest.funsuite.AnyFunSuiteLike.runTest(AnyFunSuiteLike.scala:236)
[info]   at org.scalatest.funsuite.AnyFunSuiteLike.runTest$(AnyFunSuiteLike.scala:218)
[info]   at org.scalatest.funsuite.AnyFunSuite.runTest(AnyFunSuite.scala:1564)
[info]   at org.scalatest.funsuite.AnyFunSuiteLike.$anonfun$runTests$1(AnyFunSuiteLike.scala:269)
[info]   at org.scalatest.SuperEngine.$anonfun$runTestsInBranch$1(Engine.scala:413)
[info]   at scala.collection.immutable.List.foreach(List.scala:334)
[info]   at org.scalatest.SuperEngine.traverseSubNodes$1(Engine.scala:401)
[info]   at org.scalatest.SuperEngine.runTestsInBranch(Engine.scala:396)
[info]   at org.scalatest.SuperEngine.runTestsImpl(Engine.scala:475)
[info]   at org.scalatest.funsuite.AnyFunSuiteLike.runTests(AnyFunSuiteLike.scala:269)
[info]   at org.scalatest.funsuite.AnyFunSuiteLike.runTests$(AnyFunSuiteLike.scala:268)
[info]   at org.scalatest.funsuite.AnyFunSuite.runTests(AnyFunSuite.scala:1564)
[info]   at org.scalatest.Suite.run(Suite.scala:1114)
[info]   at org.scalatest.Suite.run$(Suite.scala:1096)
[info]   at org.scalatest.funsuite.AnyFunSuite.org$scalatest$funsuite$AnyFunSuiteLike$$super$run(AnyFunSuite.scala:1564)
[info]   at org.scalatest.funsuite.AnyFunSuiteLike.$anonfun$run$1(AnyFunSuiteLike.scala:273)
[info]   at org.scalatest.SuperEngine.runImpl(Engine.scala:535)
[info]   at org.scalatest.funsuite.AnyFunSuiteLike.run(AnyFunSuiteLike.scala:273)
[info]   at org.scalatest.funsuite.AnyFunSuiteLike.run$(AnyFunSuiteLike.scala:272)
[info]   at frameless.TypedDatasetSuite.org$scalatest$BeforeAndAfterAll$$super$run(TypedDatasetSuite.scala:63)
[info]   at org.scalatest.BeforeAndAfterAll.liftedTree1$1(BeforeAndAfterAll.scala:213)
[info]   at org.scalatest.BeforeAndAfterAll.run(BeforeAndAfterAll.scala:210)
[info]   at org.scalatest.BeforeAndAfterAll.run$(BeforeAndAfterAll.scala:208)
[info]   at frameless.TypedDatasetSuite.run(TypedDatasetSuite.scala:63)
[info]   at org.scalatest.tools.Framework.org$scalatest$tools$Framework$$runSuite(Framework.scala:321)
[info]   at org.scalatest.tools.Framework$ScalaTestTask.execute(Framework.scala:517)
[info]   at sbt.ForkMain$Run.lambda$runTest$1(ForkMain.java:414)
[info]   at java.base/java.util.concurrent.FutureTask.run(FutureTask.java:317)
[info]   at java.base/java.util.concurrent.ThreadPoolExecutor.runWorker(ThreadPoolExecutor.java:1144)
[info]   at java.base/java.util.concurrent.ThreadPoolExecutor$Worker.run(ThreadPoolExecutor.java:642)
[info]   at java.base/java.lang.Thread.run(Thread.java:1583)
[info]   Cause: java.lang.IllegalArgumentException: argument type mismatch
[info]   at java.base/jdk.internal.reflect.DirectConstructorHandleAccessor.newInstance(DirectConstructorHandleAccessor.java:65)
[info]   at java.base/java.lang.reflect.Constructor.newInstanceWithCaller(Constructor.java:502)
[info]   at java.base/java.lang.reflect.Constructor.newInstance(Constructor.java:486)
[info]   at frameless.TypedExpressionEncoder$.$anonfun$apply$3(TypedExpressionEncoder.scala:55)
[info]   at scala.Option.map(Option.scala:242)
[info]   at frameless.TypedExpressionEncoder$.apply(TypedExpressionEncoder.scala:54)
[info]   at frameless.TypedDataset$.create(TypedDataset.scala:1325)
[info]   at frameless.OrderByTests.prop$5(OrderByTests.scala:96)
[info]   at frameless.OrderByTests.$anonfun$new$144(OrderByTests.scala:112)
[info]   at scala.Function1.$anonfun$andThen$1(Function1.scala:87)
[info]   at org.scalacheck.Prop$.$anonfun$forAllShrink$2(Prop.scala:868)
[info]   at org.scalacheck.Prop$.secure(Prop.scala:484)
[info]   at org.scalacheck.Prop$.result$1(Prop.scala:868)
[info]   at org.scalacheck.Prop$.$anonfun$forAllShrink$1(Prop.scala:915)
[info]   at org.scalacheck.Prop$.$anonfun$apply$1(Prop.scala:305)
[info]   at org.scalacheck.PropFromFun.apply(Prop.scala:20)
[info]   at org.scalacheck.Test$.workerFun$1(Test.scala:486)
[info]   at org.scalacheck.Test$.$anonfun$check$4(Test.scala:518)
[info]   at org.scalacheck.Test$.$anonfun$check$4$adapted(Test.scala:518)
[info]   at org.scalacheck.Platform$.runWorkers(Platform.scala:42)
[info]   at org.scalacheck.Test$.check(Test.scala:518)
[info]   at org.scalatestplus.scalacheck.UnitCheckerAsserting$CheckerAssertingImpl.check(CheckerAsserting.scala:90)
[info]   at org.scalatestplus.scalacheck.Checkers.check(Checkers.scala:371)
[info]   at org.scalatestplus.scalacheck.Checkers.check$(Checkers.scala:369)
[info]   at frameless.TypedDatasetSuite.check(TypedDatasetSuite.scala:63)
[info]   at frameless.OrderByTests.$anonfun$new$119(OrderByTests.scala:112)
[info]   at org.scalatest.OutcomeOf.outcomeOf(OutcomeOf.scala:85)
[info]   at org.scalatest.OutcomeOf.outcomeOf$(OutcomeOf.scala:83)
[info]   at org.scalatest.OutcomeOf$.outcomeOf(OutcomeOf.scala:104)
[info]   at org.scalatest.Transformer.apply(Transformer.scala:22)
[info]   at org.scalatest.Transformer.apply(Transformer.scala:20)
[info]   at org.scalatest.funsuite.AnyFunSuiteLike$$anon$1.apply(AnyFunSuiteLike.scala:226)
[info]   at org.scalatest.TestSuite.withFixture(TestSuite.scala:196)
[info]   at org.scalatest.TestSuite.withFixture$(TestSuite.scala:195)
[info]   at org.scalatest.funsuite.AnyFunSuite.withFixture(AnyFunSuite.scala:1564)
[info]   at org.scalatest.funsuite.AnyFunSuiteLike.invokeWithFixture$1(AnyFunSuiteLike.scala:224)
[info]   at org.scalatest.funsuite.AnyFunSuiteLike.$anonfun$runTest$1(AnyFunSuiteLike.scala:236)
[info]   at org.scalatest.SuperEngine.runTestImpl(Engine.scala:306)
[info]   at org.scalatest.funsuite.AnyFunSuiteLike.runTest(AnyFunSuiteLike.scala:236)
[info]   at org.scalatest.funsuite.AnyFunSuiteLike.runTest$(AnyFunSuiteLike.scala:218)
[info]   at org.scalatest.funsuite.AnyFunSuite.runTest(AnyFunSuite.scala:1564)
[info]   at org.scalatest.funsuite.AnyFunSuiteLike.$anonfun$runTests$1(AnyFunSuiteLike.scala:269)
[info]   at org.scalatest.SuperEngine.$anonfun$runTestsInBranch$1(Engine.scala:413)
[info]   at scala.collection.immutable.List.foreach(List.scala:334)
[info]   at org.scalatest.SuperEngine.traverseSubNodes$1(Engine.scala:401)
[info]   at org.scalatest.SuperEngine.runTestsInBranch(Engine.scala:396)
[info]   at org.scalatest.SuperEngine.runTestsImpl(Engine.scala:475)
[info]   at org.scalatest.funsuite.AnyFunSuiteLike.runTests(AnyFunSuiteLike.scala:269)
[info]   at org.scalatest.funsuite.AnyFunSuiteLike.runTests$(AnyFunSuiteLike.scala:268)
[info]   at org.scalatest.funsuite.AnyFunSuite.runTests(AnyFunSuite.scala:1564)
[info]   at org.scalatest.Suite.run(Suite.scala:1114)
[info]   at org.scalatest.Suite.run$(Suite.scala:1096)
[info]   at org.scalatest.funsuite.AnyFunSuite.org$scalatest$funsuite$AnyFunSuiteLike$$super$run(AnyFunSuite.scala:1564)
[info]   at org.scalatest.funsuite.AnyFunSuiteLike.$anonfun$run$1(AnyFunSuiteLike.scala:273)
[info]   at org.scalatest.SuperEngine.runImpl(Engine.scala:535)
[info]   at org.scalatest.funsuite.AnyFunSuiteLike.run(AnyFunSuiteLike.scala:273)
[info]   at org.scalatest.funsuite.AnyFunSuiteLike.run$(AnyFunSuiteLike.scala:272)
[info]   at frameless.TypedDatasetSuite.org$scalatest$BeforeAndAfterAll$$super$run(TypedDatasetSuite.scala:63)
[info]   at org.scalatest.BeforeAndAfterAll.liftedTree1$1(BeforeAndAfterAll.scala:213)
[info]   at org.scalatest.BeforeAndAfterAll.run(BeforeAndAfterAll.scala:210)
[info]   at org.scalatest.BeforeAndAfterAll.run$(BeforeAndAfterAll.scala:208)
[info]   at frameless.TypedDatasetSuite.run(TypedDatasetSuite.scala:63)
[info]   at org.scalatest.tools.Framework.org$scalatest$tools$Framework$$runSuite(Framework.scala:321)
[info]   at org.scalatest.tools.Framework$ScalaTestTask.execute(Framework.scala:517)
[info]   at sbt.ForkMain$Run.lambda$runTest$1(ForkMain.java:414)
[info]   at java.base/java.util.concurrent.FutureTask.run(FutureTask.java:317)
[info]   at java.base/java.util.concurrent.ThreadPoolExecutor.runWorker(ThreadPoolExecutor.java:1144)
[info]   at java.base/java.util.concurrent.ThreadPoolExecutor$Worker.run(ThreadPoolExecutor.java:642)
[info]   at java.base/java.lang.Thread.run(Thread.java:1583)
[info]   Cause: java.lang.ClassCastException: Cannot cast scala.reflect.ClassTag$GenericClassTag to org.apache.spark.sql.catalyst.expressions.Expression
[info]   at java.base/java.lang.Class.cast(Class.java:4067)
[info]   at java.base/jdk.internal.reflect.DirectConstructorHandleAccessor.newInstance(DirectConstructorHandleAccessor.java:62)
[info]   at java.base/java.lang.reflect.Constructor.newInstanceWithCaller(Constructor.java:502)
[info]   at java.base/java.lang.reflect.Constructor.newInstance(Constructor.java:486)
[info]   at frameless.TypedExpressionEncoder$.$anonfun$apply$3(TypedExpressionEncoder.scala:55)
[info]   at scala.Option.map(Option.scala:242)
[info]   at frameless.TypedExpressionEncoder$.apply(TypedExpressionEncoder.scala:54)
[info]   at frameless.TypedDataset$.create(TypedDataset.scala:1325)
[info]   at frameless.OrderByTests.prop$5(OrderByTests.scala:96)
[info]   at frameless.OrderByTests.$anonfun$new$144(OrderByTests.scala:112)
[info]   at scala.Function1.$anonfun$andThen$1(Function1.scala:87)
[info]   at org.scalacheck.Prop$.$anonfun$forAllShrink$2(Prop.scala:868)
[info]   at org.scalacheck.Prop$.secure(Prop.scala:484)
[info]   at org.scalacheck.Prop$.result$1(Prop.scala:868)
[info]   at org.scalacheck.Prop$.$anonfun$forAllShrink$1(Prop.scala:915)
[info]   at org.scalacheck.Prop$.$anonfun$apply$1(Prop.scala:305)
[info]   at org.scalacheck.PropFromFun.apply(Prop.scala:20)
[info]   at org.scalacheck.Test$.workerFun$1(Test.scala:486)
[info]   at org.scalacheck.Test$.$anonfun$check$4(Test.scala:518)
[info]   at org.scalacheck.Test$.$anonfun$check$4$adapted(Test.scala:518)
[info]   at org.scalacheck.Platform$.runWorkers(Platform.scala:42)
[info]   at org.scalacheck.Test$.check(Test.scala:518)
[info]   at org.scalatestplus.scalacheck.UnitCheckerAsserting$CheckerAssertingImpl.check(CheckerAsserting.scala:90)
[info]   at org.scalatestplus.scalacheck.Checkers.check(Checkers.scala:371)
[info]   at org.scalatestplus.scalacheck.Checkers.check$(Checkers.scala:369)
[info]   at frameless.TypedDatasetSuite.check(TypedDatasetSuite.scala:63)
[info]   at frameless.OrderByTests.$anonfun$new$119(OrderByTests.scala:112)
[info]   at org.scalatest.OutcomeOf.outcomeOf(OutcomeOf.scala:85)
[info]   at org.scalatest.OutcomeOf.outcomeOf$(OutcomeOf.scala:83)
[info]   at org.scalatest.OutcomeOf$.outcomeOf(OutcomeOf.scala:104)
[info]   at org.scalatest.Transformer.apply(Transformer.scala:22)
[info]   at org.scalatest.Transformer.apply(Transformer.scala:20)
[info]   at org.scalatest.funsuite.AnyFunSuiteLike$$anon$1.apply(AnyFunSuiteLike.scala:226)
[info]   at org.scalatest.TestSuite.withFixture(TestSuite.scala:196)
[info]   at org.scalatest.TestSuite.withFixture$(TestSuite.scala:195)
[info]   at org.scalatest.funsuite.AnyFunSuite.withFixture(AnyFunSuite.scala:1564)
[info]   at org.scalatest.funsuite.AnyFunSuiteLike.invokeWithFixture$1(AnyFunSuiteLike.scala:224)
[info]   at org.scalatest.funsuite.AnyFunSuiteLike.$anonfun$runTest$1(AnyFunSuiteLike.scala:236)
[info]   at org.scalatest.SuperEngine.runTestImpl(Engine.scala:306)
[info]   at org.scalatest.funsuite.AnyFunSuiteLike.runTest(AnyFunSuiteLike.scala:236)
[info]   at org.scalatest.funsuite.AnyFunSuiteLike.runTest$(AnyFunSuiteLike.scala:218)
[info]   at org.scalatest.funsuite.AnyFunSuite.runTest(AnyFunSuite.scala:1564)
[info]   at org.scalatest.funsuite.AnyFunSuiteLike.$anonfun$runTests$1(AnyFunSuiteLike.scala:269)
[info]   at org.scalatest.SuperEngine.$anonfun$runTestsInBranch$1(Engine.scala:413)
[info]   at scala.collection.immutable.List.foreach(List.scala:334)
[info]   at org.scalatest.SuperEngine.traverseSubNodes$1(Engine.scala:401)
[info]   at org.scalatest.SuperEngine.runTestsInBranch(Engine.scala:396)
[info]   at org.scalatest.SuperEngine.runTestsImpl(Engine.scala:475)
[info]   at org.scalatest.funsuite.AnyFunSuiteLike.runTests(AnyFunSuiteLike.scala:269)
[info]   at org.scalatest.funsuite.AnyFunSuiteLike.runTests$(AnyFunSuiteLike.scala:268)
[info]   at org.scalatest.funsuite.AnyFunSuite.runTests(AnyFunSuite.scala:1564)
[info]   at org.scalatest.Suite.run(Suite.scala:1114)
[info]   at org.scalatest.Suite.run$(Suite.scala:1096)
[info]   at org.scalatest.funsuite.AnyFunSuite.org$scalatest$funsuite$AnyFunSuiteLike$$super$run(AnyFunSuite.scala:1564)
[info]   at org.scalatest.funsuite.AnyFunSuiteLike.$anonfun$run$1(AnyFunSuiteLike.scala:273)
[info]   at org.scalatest.SuperEngine.runImpl(Engine.scala:535)
[info]   at org.scalatest.funsuite.AnyFunSuiteLike.run(AnyFunSuiteLike.scala:273)
[info]   at org.scalatest.funsuite.AnyFunSuiteLike.run$(AnyFunSuiteLike.scala:272)
[info]   at frameless.TypedDatasetSuite.org$scalatest$BeforeAndAfterAll$$super$run(TypedDatasetSuite.scala:63)
[info]   at org.scalatest.BeforeAndAfterAll.liftedTree1$1(BeforeAndAfterAll.scala:213)
[info]   at org.scalatest.BeforeAndAfterAll.run(BeforeAndAfterAll.scala:210)
[info]   at org.scalatest.BeforeAndAfterAll.run$(BeforeAndAfterAll.scala:208)
[info]   at frameless.TypedDatasetSuite.run(TypedDatasetSuite.scala:63)
[info]   at org.scalatest.tools.Framework.org$scalatest$tools$Framework$$runSuite(Framework.scala:321)
[info]   at org.scalatest.tools.Framework$ScalaTestTask.execute(Framework.scala:517)
[info]   at sbt.ForkMain$Run.lambda$runTest$1(ForkMain.java:414)
[info]   at java.base/java.util.concurrent.FutureTask.run(FutureTask.java:317)
[info]   at java.base/java.util.concurrent.ThreadPoolExecutor.runWorker(ThreadPoolExecutor.java:1144)
[info]   at java.base/java.util.concurrent.ThreadPoolExecutor$Worker.run(ThreadPoolExecutor.java:642)
[info]   at java.base/java.lang.Thread.run(Thread.java:1583)
[info] - three columns non nullable partition sorting *** FAILED *** (4 milliseconds)
[info]   IllegalArgumentException was thrown during property evaluation.
[info]     Message: argument type mismatch
[info]     Occurred when passed generated values (
[info]       arg0 = Vector()
[info]     )
[info]   org.scalatest.exceptions.GeneratorDrivenPropertyCheckFailedException:
[info]   at org.scalatestplus.scalacheck.CheckerAsserting$$anon$2.indicateFailure(CheckerAsserting.scala:251)
[info]   at org.scalatestplus.scalacheck.CheckerAsserting$$anon$2.indicateFailure(CheckerAsserting.scala:238)
[info]   at org.scalatestplus.scalacheck.UnitCheckerAsserting$CheckerAssertingImpl.check(CheckerAsserting.scala:160)
[info]   at org.scalatestplus.scalacheck.Checkers.check(Checkers.scala:371)
[info]   at org.scalatestplus.scalacheck.Checkers.check$(Checkers.scala:369)
[info]   at frameless.TypedDatasetSuite.check(TypedDatasetSuite.scala:63)
[info]   at frameless.OrderByTests.$anonfun$new$150(OrderByTests.scala:135)
[info]   at org.scalatest.OutcomeOf.outcomeOf(OutcomeOf.scala:85)
[info]   at org.scalatest.OutcomeOf.outcomeOf$(OutcomeOf.scala:83)
[info]   at org.scalatest.OutcomeOf$.outcomeOf(OutcomeOf.scala:104)
[info]   at org.scalatest.Transformer.apply(Transformer.scala:22)
[info]   at org.scalatest.Transformer.apply(Transformer.scala:20)
[info]   at org.scalatest.funsuite.AnyFunSuiteLike$$anon$1.apply(AnyFunSuiteLike.scala:226)
[info]   at org.scalatest.TestSuite.withFixture(TestSuite.scala:196)
[info]   at org.scalatest.TestSuite.withFixture$(TestSuite.scala:195)
[info]   at org.scalatest.funsuite.AnyFunSuite.withFixture(AnyFunSuite.scala:1564)
[info]   at org.scalatest.funsuite.AnyFunSuiteLike.invokeWithFixture$1(AnyFunSuiteLike.scala:224)
[info]   at org.scalatest.funsuite.AnyFunSuiteLike.$anonfun$runTest$1(AnyFunSuiteLike.scala:236)
[info]   at org.scalatest.SuperEngine.runTestImpl(Engine.scala:306)
[info]   at org.scalatest.funsuite.AnyFunSuiteLike.runTest(AnyFunSuiteLike.scala:236)
[info]   at org.scalatest.funsuite.AnyFunSuiteLike.runTest$(AnyFunSuiteLike.scala:218)
[info]   at org.scalatest.funsuite.AnyFunSuite.runTest(AnyFunSuite.scala:1564)
[info]   at org.scalatest.funsuite.AnyFunSuiteLike.$anonfun$runTests$1(AnyFunSuiteLike.scala:269)
[info]   at org.scalatest.SuperEngine.$anonfun$runTestsInBranch$1(Engine.scala:413)
[info]   at scala.collection.immutable.List.foreach(List.scala:334)
[info]   at org.scalatest.SuperEngine.traverseSubNodes$1(Engine.scala:401)
[info]   at org.scalatest.SuperEngine.runTestsInBranch(Engine.scala:396)
[info]   at org.scalatest.SuperEngine.runTestsImpl(Engine.scala:475)
[info]   at org.scalatest.funsuite.AnyFunSuiteLike.runTests(AnyFunSuiteLike.scala:269)
[info]   at org.scalatest.funsuite.AnyFunSuiteLike.runTests$(AnyFunSuiteLike.scala:268)
[info]   at org.scalatest.funsuite.AnyFunSuite.runTests(AnyFunSuite.scala:1564)
[info]   at org.scalatest.Suite.run(Suite.scala:1114)
[info]   at org.scalatest.Suite.run$(Suite.scala:1096)
[info]   at org.scalatest.funsuite.AnyFunSuite.org$scalatest$funsuite$AnyFunSuiteLike$$super$run(AnyFunSuite.scala:1564)
[info]   at org.scalatest.funsuite.AnyFunSuiteLike.$anonfun$run$1(AnyFunSuiteLike.scala:273)
[info]   at org.scalatest.SuperEngine.runImpl(Engine.scala:535)
[info]   at org.scalatest.funsuite.AnyFunSuiteLike.run(AnyFunSuiteLike.scala:273)
[info]   at org.scalatest.funsuite.AnyFunSuiteLike.run$(AnyFunSuiteLike.scala:272)
[info]   at frameless.TypedDatasetSuite.org$scalatest$BeforeAndAfterAll$$super$run(TypedDatasetSuite.scala:63)
[info]   at org.scalatest.BeforeAndAfterAll.liftedTree1$1(BeforeAndAfterAll.scala:213)
[info]   at org.scalatest.BeforeAndAfterAll.run(BeforeAndAfterAll.scala:210)
[info]   at org.scalatest.BeforeAndAfterAll.run$(BeforeAndAfterAll.scala:208)
[info]   at frameless.TypedDatasetSuite.run(TypedDatasetSuite.scala:63)
[info]   at org.scalatest.tools.Framework.org$scalatest$tools$Framework$$runSuite(Framework.scala:321)
[info]   at org.scalatest.tools.Framework$ScalaTestTask.execute(Framework.scala:517)
[info]   at sbt.ForkMain$Run.lambda$runTest$1(ForkMain.java:414)
[info]   at java.base/java.util.concurrent.FutureTask.run(FutureTask.java:317)
[info]   at java.base/java.util.concurrent.ThreadPoolExecutor.runWorker(ThreadPoolExecutor.java:1144)
[info]   at java.base/java.util.concurrent.ThreadPoolExecutor$Worker.run(ThreadPoolExecutor.java:642)
[info]   at java.base/java.lang.Thread.run(Thread.java:1583)
[info]   Cause: java.lang.IllegalArgumentException: argument type mismatch
[info]   at java.base/jdk.internal.reflect.DirectConstructorHandleAccessor.newInstance(DirectConstructorHandleAccessor.java:65)
[info]   at java.base/java.lang.reflect.Constructor.newInstanceWithCaller(Constructor.java:502)
[info]   at java.base/java.lang.reflect.Constructor.newInstance(Constructor.java:486)
[info]   at frameless.TypedExpressionEncoder$.$anonfun$apply$3(TypedExpressionEncoder.scala:55)
[info]   at scala.Option.map(Option.scala:242)
[info]   at frameless.TypedExpressionEncoder$.apply(TypedExpressionEncoder.scala:54)
[info]   at frameless.TypedDataset$.create(TypedDataset.scala:1325)
[info]   at frameless.OrderByTests.prop$6(OrderByTests.scala:119)
[info]   at frameless.OrderByTests.$anonfun$new$175(OrderByTests.scala:135)
[info]   at scala.Function1.$anonfun$andThen$1(Function1.scala:87)
[info]   at org.scalacheck.Prop$.$anonfun$forAllShrink$2(Prop.scala:868)
[info]   at org.scalacheck.Prop$.secure(Prop.scala:484)
[info]   at org.scalacheck.Prop$.result$1(Prop.scala:868)
[info]   at org.scalacheck.Prop$.$anonfun$forAllShrink$1(Prop.scala:915)
[info]   at org.scalacheck.Prop$.$anonfun$apply$1(Prop.scala:305)
[info]   at org.scalacheck.PropFromFun.apply(Prop.scala:20)
[info]   at org.scalacheck.Test$.workerFun$1(Test.scala:486)
[info]   at org.scalacheck.Test$.$anonfun$check$4(Test.scala:518)
[info]   at org.scalacheck.Test$.$anonfun$check$4$adapted(Test.scala:518)
[info]   at org.scalacheck.Platform$.runWorkers(Platform.scala:42)
[info]   at org.scalacheck.Test$.check(Test.scala:518)
[info]   at org.scalatestplus.scalacheck.UnitCheckerAsserting$CheckerAssertingImpl.check(CheckerAsserting.scala:90)
[info]   at org.scalatestplus.scalacheck.Checkers.check(Checkers.scala:371)
[info]   at org.scalatestplus.scalacheck.Checkers.check$(Checkers.scala:369)
[info]   at frameless.TypedDatasetSuite.check(TypedDatasetSuite.scala:63)
[info]   at frameless.OrderByTests.$anonfun$new$150(OrderByTests.scala:135)
[info]   at org.scalatest.OutcomeOf.outcomeOf(OutcomeOf.scala:85)
[info]   at org.scalatest.OutcomeOf.outcomeOf$(OutcomeOf.scala:83)
[info]   at org.scalatest.OutcomeOf$.outcomeOf(OutcomeOf.scala:104)
[info]   at org.scalatest.Transformer.apply(Transformer.scala:22)
[info]   at org.scalatest.Transformer.apply(Transformer.scala:20)
[info]   at org.scalatest.funsuite.AnyFunSuiteLike$$anon$1.apply(AnyFunSuiteLike.scala:226)
[info]   at org.scalatest.TestSuite.withFixture(TestSuite.scala:196)
[info]   at org.scalatest.TestSuite.withFixture$(TestSuite.scala:195)
[info]   at org.scalatest.funsuite.AnyFunSuite.withFixture(AnyFunSuite.scala:1564)
[info]   at org.scalatest.funsuite.AnyFunSuiteLike.invokeWithFixture$1(AnyFunSuiteLike.scala:224)
[info]   at org.scalatest.funsuite.AnyFunSuiteLike.$anonfun$runTest$1(AnyFunSuiteLike.scala:236)
[info]   at org.scalatest.SuperEngine.runTestImpl(Engine.scala:306)
[info]   at org.scalatest.funsuite.AnyFunSuiteLike.runTest(AnyFunSuiteLike.scala:236)
[info]   at org.scalatest.funsuite.AnyFunSuiteLike.runTest$(AnyFunSuiteLike.scala:218)
[info]   at org.scalatest.funsuite.AnyFunSuite.runTest(AnyFunSuite.scala:1564)
[info]   at org.scalatest.funsuite.AnyFunSuiteLike.$anonfun$runTests$1(AnyFunSuiteLike.scala:269)
[info]   at org.scalatest.SuperEngine.$anonfun$runTestsInBranch$1(Engine.scala:413)
[info]   at scala.collection.immutable.List.foreach(List.scala:334)
[info]   at org.scalatest.SuperEngine.traverseSubNodes$1(Engine.scala:401)
[info]   at org.scalatest.SuperEngine.runTestsInBranch(Engine.scala:396)
[info]   at org.scalatest.SuperEngine.runTestsImpl(Engine.scala:475)
[info]   at org.scalatest.funsuite.AnyFunSuiteLike.runTests(AnyFunSuiteLike.scala:269)
[info]   at org.scalatest.funsuite.AnyFunSuiteLike.runTests$(AnyFunSuiteLike.scala:268)
[info]   at org.scalatest.funsuite.AnyFunSuite.runTests(AnyFunSuite.scala:1564)
[info]   at org.scalatest.Suite.run(Suite.scala:1114)
[info]   at org.scalatest.Suite.run$(Suite.scala:1096)
[info]   at org.scalatest.funsuite.AnyFunSuite.org$scalatest$funsuite$AnyFunSuiteLike$$super$run(AnyFunSuite.scala:1564)
[info]   at org.scalatest.funsuite.AnyFunSuiteLike.$anonfun$run$1(AnyFunSuiteLike.scala:273)
[info]   at org.scalatest.SuperEngine.runImpl(Engine.scala:535)
[info]   at org.scalatest.funsuite.AnyFunSuiteLike.run(AnyFunSuiteLike.scala:273)
[info]   at org.scalatest.funsuite.AnyFunSuiteLike.run$(AnyFunSuiteLike.scala:272)
[info]   at frameless.TypedDatasetSuite.org$scalatest$BeforeAndAfterAll$$super$run(TypedDatasetSuite.scala:63)
[info]   at org.scalatest.BeforeAndAfterAll.liftedTree1$1(BeforeAndAfterAll.scala:213)
[info]   at org.scalatest.BeforeAndAfterAll.run(BeforeAndAfterAll.scala:210)
[info]   at org.scalatest.BeforeAndAfterAll.run$(BeforeAndAfterAll.scala:208)
[info]   at frameless.TypedDatasetSuite.run(TypedDatasetSuite.scala:63)
[info]   at org.scalatest.tools.Framework.org$scalatest$tools$Framework$$runSuite(Framework.scala:321)
[info]   at org.scalatest.tools.Framework$ScalaTestTask.execute(Framework.scala:517)
[info]   at sbt.ForkMain$Run.lambda$runTest$1(ForkMain.java:414)
[info]   at java.base/java.util.concurrent.FutureTask.run(FutureTask.java:317)
[info]   at java.base/java.util.concurrent.ThreadPoolExecutor.runWorker(ThreadPoolExecutor.java:1144)
[info]   at java.base/java.util.concurrent.ThreadPoolExecutor$Worker.run(ThreadPoolExecutor.java:642)
[info]   at java.base/java.lang.Thread.run(Thread.java:1583)
[info]   Cause: java.lang.ClassCastException: Cannot cast scala.reflect.ClassTag$GenericClassTag to org.apache.spark.sql.catalyst.expressions.Expression
[info]   at java.base/java.lang.Class.cast(Class.java:4067)
[info]   at java.base/jdk.internal.reflect.DirectConstructorHandleAccessor.newInstance(DirectConstructorHandleAccessor.java:62)
[info]   at java.base/java.lang.reflect.Constructor.newInstanceWithCaller(Constructor.java:502)
[info]   at java.base/java.lang.reflect.Constructor.newInstance(Constructor.java:486)
[info]   at frameless.TypedExpressionEncoder$.$anonfun$apply$3(TypedExpressionEncoder.scala:55)
[info]   at scala.Option.map(Option.scala:242)
[info]   at frameless.TypedExpressionEncoder$.apply(TypedExpressionEncoder.scala:54)
[info]   at frameless.TypedDataset$.create(TypedDataset.scala:1325)
[info]   at frameless.OrderByTests.prop$6(OrderByTests.scala:119)
[info]   at frameless.OrderByTests.$anonfun$new$175(OrderByTests.scala:135)
[info]   at scala.Function1.$anonfun$andThen$1(Function1.scala:87)
[info]   at org.scalacheck.Prop$.$anonfun$forAllShrink$2(Prop.scala:868)
[info]   at org.scalacheck.Prop$.secure(Prop.scala:484)
[info]   at org.scalacheck.Prop$.result$1(Prop.scala:868)
[info]   at org.scalacheck.Prop$.$anonfun$forAllShrink$1(Prop.scala:915)
[info]   at org.scalacheck.Prop$.$anonfun$apply$1(Prop.scala:305)
[info]   at org.scalacheck.PropFromFun.apply(Prop.scala:20)
[info]   at org.scalacheck.Test$.workerFun$1(Test.scala:486)
[info]   at org.scalacheck.Test$.$anonfun$check$4(Test.scala:518)
[info]   at org.scalacheck.Test$.$anonfun$check$4$adapted(Test.scala:518)
[info]   at org.scalacheck.Platform$.runWorkers(Platform.scala:42)
[info]   at org.scalacheck.Test$.check(Test.scala:518)
[info]   at org.scalatestplus.scalacheck.UnitCheckerAsserting$CheckerAssertingImpl.check(CheckerAsserting.scala:90)
[info]   at org.scalatestplus.scalacheck.Checkers.check(Checkers.scala:371)
[info]   at org.scalatestplus.scalacheck.Checkers.check$(Checkers.scala:369)
[info]   at frameless.TypedDatasetSuite.check(TypedDatasetSuite.scala:63)
[info]   at frameless.OrderByTests.$anonfun$new$150(OrderByTests.scala:135)
[info]   at org.scalatest.OutcomeOf.outcomeOf(OutcomeOf.scala:85)
[info]   at org.scalatest.OutcomeOf.outcomeOf$(OutcomeOf.scala:83)
[info]   at org.scalatest.OutcomeOf$.outcomeOf(OutcomeOf.scala:104)
[info]   at org.scalatest.Transformer.apply(Transformer.scala:22)
[info]   at org.scalatest.Transformer.apply(Transformer.scala:20)
[info]   at org.scalatest.funsuite.AnyFunSuiteLike$$anon$1.apply(AnyFunSuiteLike.scala:226)
[info]   at org.scalatest.TestSuite.withFixture(TestSuite.scala:196)
[info]   at org.scalatest.TestSuite.withFixture$(TestSuite.scala:195)
[info]   at org.scalatest.funsuite.AnyFunSuite.withFixture(AnyFunSuite.scala:1564)
[info]   at org.scalatest.funsuite.AnyFunSuiteLike.invokeWithFixture$1(AnyFunSuiteLike.scala:224)
[info]   at org.scalatest.funsuite.AnyFunSuiteLike.$anonfun$runTest$1(AnyFunSuiteLike.scala:236)
[info]   at org.scalatest.SuperEngine.runTestImpl(Engine.scala:306)
[info]   at org.scalatest.funsuite.AnyFunSuiteLike.runTest(AnyFunSuiteLike.scala:236)
[info]   at org.scalatest.funsuite.AnyFunSuiteLike.runTest$(AnyFunSuiteLike.scala:218)
[info]   at org.scalatest.funsuite.AnyFunSuite.runTest(AnyFunSuite.scala:1564)
[info]   at org.scalatest.funsuite.AnyFunSuiteLike.$anonfun$runTests$1(AnyFunSuiteLike.scala:269)
[info]   at org.scalatest.SuperEngine.$anonfun$runTestsInBranch$1(Engine.scala:413)
[info]   at scala.collection.immutable.List.foreach(List.scala:334)
[info]   at org.scalatest.SuperEngine.traverseSubNodes$1(Engine.scala:401)
[info]   at org.scalatest.SuperEngine.runTestsInBranch(Engine.scala:396)
[info]   at org.scalatest.SuperEngine.runTestsImpl(Engine.scala:475)
[info]   at org.scalatest.funsuite.AnyFunSuiteLike.runTests(AnyFunSuiteLike.scala:269)
[info]   at org.scalatest.funsuite.AnyFunSuiteLike.runTests$(AnyFunSuiteLike.scala:268)
[info]   at org.scalatest.funsuite.AnyFunSuite.runTests(AnyFunSuite.scala:1564)
[info]   at org.scalatest.Suite.run(Suite.scala:1114)
[info]   at org.scalatest.Suite.run$(Suite.scala:1096)
[info]   at org.scalatest.funsuite.AnyFunSuite.org$scalatest$funsuite$AnyFunSuiteLike$$super$run(AnyFunSuite.scala:1564)
[info]   at org.scalatest.funsuite.AnyFunSuiteLike.$anonfun$run$1(AnyFunSuiteLike.scala:273)
[info]   at org.scalatest.SuperEngine.runImpl(Engine.scala:535)
[info]   at org.scalatest.funsuite.AnyFunSuiteLike.run(AnyFunSuiteLike.scala:273)
[info]   at org.scalatest.funsuite.AnyFunSuiteLike.run$(AnyFunSuiteLike.scala:272)
[info]   at frameless.TypedDatasetSuite.org$scalatest$BeforeAndAfterAll$$super$run(TypedDatasetSuite.scala:63)
[info]   at org.scalatest.BeforeAndAfterAll.liftedTree1$1(BeforeAndAfterAll.scala:213)
[info]   at org.scalatest.BeforeAndAfterAll.run(BeforeAndAfterAll.scala:210)
[info]   at org.scalatest.BeforeAndAfterAll.run$(BeforeAndAfterAll.scala:208)
[info]   at frameless.TypedDatasetSuite.run(TypedDatasetSuite.scala:63)
[info]   at org.scalatest.tools.Framework.org$scalatest$tools$Framework$$runSuite(Framework.scala:321)
[info]   at org.scalatest.tools.Framework$ScalaTestTask.execute(Framework.scala:517)
[info]   at sbt.ForkMain$Run.lambda$runTest$1(ForkMain.java:414)
[info]   at java.base/java.util.concurrent.FutureTask.run(FutureTask.java:317)
[info]   at java.base/java.util.concurrent.ThreadPoolExecutor.runWorker(ThreadPoolExecutor.java:1144)
[info]   at java.base/java.util.concurrent.ThreadPoolExecutor$Worker.run(ThreadPoolExecutor.java:642)
[info]   at java.base/java.lang.Thread.run(Thread.java:1583)
[info] - sort support for mixed default and explicit ordering *** FAILED *** (3 milliseconds)
[info]   IllegalArgumentException was thrown during property evaluation.
[info]     Message: argument type mismatch
[info]     Occurred when passed generated values (
[info]       arg0 = Vector()
[info]     )
[info]   org.scalatest.exceptions.GeneratorDrivenPropertyCheckFailedException:
[info]   at org.scalatestplus.scalacheck.CheckerAsserting$$anon$2.indicateFailure(CheckerAsserting.scala:251)
[info]   at org.scalatestplus.scalacheck.CheckerAsserting$$anon$2.indicateFailure(CheckerAsserting.scala:238)
[info]   at org.scalatestplus.scalacheck.UnitCheckerAsserting$CheckerAssertingImpl.check(CheckerAsserting.scala:160)
[info]   at org.scalatestplus.scalacheck.Checkers.check(Checkers.scala:371)
[info]   at org.scalatestplus.scalacheck.Checkers.check$(Checkers.scala:369)
[info]   at frameless.TypedDatasetSuite.check(TypedDatasetSuite.scala:63)
[info]   at frameless.OrderByTests.$anonfun$new$181(OrderByTests.scala:150)
[info]   at org.scalatest.OutcomeOf.outcomeOf(OutcomeOf.scala:85)
[info]   at org.scalatest.OutcomeOf.outcomeOf$(OutcomeOf.scala:83)
[info]   at org.scalatest.OutcomeOf$.outcomeOf(OutcomeOf.scala:104)
[info]   at org.scalatest.Transformer.apply(Transformer.scala:22)
[info]   at org.scalatest.Transformer.apply(Transformer.scala:20)
[info]   at org.scalatest.funsuite.AnyFunSuiteLike$$anon$1.apply(AnyFunSuiteLike.scala:226)
[info]   at org.scalatest.TestSuite.withFixture(TestSuite.scala:196)
[info]   at org.scalatest.TestSuite.withFixture$(TestSuite.scala:195)
[info]   at org.scalatest.funsuite.AnyFunSuite.withFixture(AnyFunSuite.scala:1564)
[info]   at org.scalatest.funsuite.AnyFunSuiteLike.invokeWithFixture$1(AnyFunSuiteLike.scala:224)
[info]   at org.scalatest.funsuite.AnyFunSuiteLike.$anonfun$runTest$1(AnyFunSuiteLike.scala:236)
[info]   at org.scalatest.SuperEngine.runTestImpl(Engine.scala:306)
[info]   at org.scalatest.funsuite.AnyFunSuiteLike.runTest(AnyFunSuiteLike.scala:236)
[info]   at org.scalatest.funsuite.AnyFunSuiteLike.runTest$(AnyFunSuiteLike.scala:218)
[info]   at org.scalatest.funsuite.AnyFunSuite.runTest(AnyFunSuite.scala:1564)
[info]   at org.scalatest.funsuite.AnyFunSuiteLike.$anonfun$runTests$1(AnyFunSuiteLike.scala:269)
[info]   at org.scalatest.SuperEngine.$anonfun$runTestsInBranch$1(Engine.scala:413)
[info]   at scala.collection.immutable.List.foreach(List.scala:334)
[info]   at org.scalatest.SuperEngine.traverseSubNodes$1(Engine.scala:401)
[info]   at org.scalatest.SuperEngine.runTestsInBranch(Engine.scala:396)
[info]   at org.scalatest.SuperEngine.runTestsImpl(Engine.scala:475)
[info]   at org.scalatest.funsuite.AnyFunSuiteLike.runTests(AnyFunSuiteLike.scala:269)
[info]   at org.scalatest.funsuite.AnyFunSuiteLike.runTests$(AnyFunSuiteLike.scala:268)
[info]   at org.scalatest.funsuite.AnyFunSuite.runTests(AnyFunSuite.scala:1564)
[info]   at org.scalatest.Suite.run(Suite.scala:1114)
[info]   at org.scalatest.Suite.run$(Suite.scala:1096)
[info]   at org.scalatest.funsuite.AnyFunSuite.org$scalatest$funsuite$AnyFunSuiteLike$$super$run(AnyFunSuite.scala:1564)
[info]   at org.scalatest.funsuite.AnyFunSuiteLike.$anonfun$run$1(AnyFunSuiteLike.scala:273)
[info]   at org.scalatest.SuperEngine.runImpl(Engine.scala:535)
[info]   at org.scalatest.funsuite.AnyFunSuiteLike.run(AnyFunSuiteLike.scala:273)
[info]   at org.scalatest.funsuite.AnyFunSuiteLike.run$(AnyFunSuiteLike.scala:272)
[info]   at frameless.TypedDatasetSuite.org$scalatest$BeforeAndAfterAll$$super$run(TypedDatasetSuite.scala:63)
[info]   at org.scalatest.BeforeAndAfterAll.liftedTree1$1(BeforeAndAfterAll.scala:213)
[info]   at org.scalatest.BeforeAndAfterAll.run(BeforeAndAfterAll.scala:210)
[info]   at org.scalatest.BeforeAndAfterAll.run$(BeforeAndAfterAll.scala:208)
[info]   at frameless.TypedDatasetSuite.run(TypedDatasetSuite.scala:63)
[info]   at org.scalatest.tools.Framework.org$scalatest$tools$Framework$$runSuite(Framework.scala:321)
[info]   at org.scalatest.tools.Framework$ScalaTestTask.execute(Framework.scala:517)
[info]   at sbt.ForkMain$Run.lambda$runTest$1(ForkMain.java:414)
[info]   at java.base/java.util.concurrent.FutureTask.run(FutureTask.java:317)
[info]   at java.base/java.util.concurrent.ThreadPoolExecutor.runWorker(ThreadPoolExecutor.java:1144)
[info]   at java.base/java.util.concurrent.ThreadPoolExecutor$Worker.run(ThreadPoolExecutor.java:642)
[info]   at java.base/java.lang.Thread.run(Thread.java:1583)
[info]   Cause: java.lang.IllegalArgumentException: argument type mismatch
[info]   at java.base/jdk.internal.reflect.DirectConstructorHandleAccessor.newInstance(DirectConstructorHandleAccessor.java:65)
[info]   at java.base/java.lang.reflect.Constructor.newInstanceWithCaller(Constructor.java:502)
[info]   at java.base/java.lang.reflect.Constructor.newInstance(Constructor.java:486)
[info]   at frameless.TypedExpressionEncoder$.$anonfun$apply$3(TypedExpressionEncoder.scala:55)
[info]   at scala.Option.map(Option.scala:242)
[info]   at frameless.TypedExpressionEncoder$.apply(TypedExpressionEncoder.scala:54)
[info]   at frameless.TypedDataset$.create(TypedDataset.scala:1325)
[info]   at frameless.OrderByTests.prop$7(OrderByTests.scala:142)
[info]   at frameless.OrderByTests.$anonfun$new$199(OrderByTests.scala:150)
[info]   at scala.Function1.$anonfun$andThen$1(Function1.scala:87)
[info]   at org.scalacheck.Prop$.$anonfun$forAllShrink$2(Prop.scala:868)
[info]   at org.scalacheck.Prop$.secure(Prop.scala:484)
[info]   at org.scalacheck.Prop$.result$1(Prop.scala:868)
[info]   at org.scalacheck.Prop$.$anonfun$forAllShrink$1(Prop.scala:915)
[info]   at org.scalacheck.Prop$.$anonfun$apply$1(Prop.scala:305)
[info]   at org.scalacheck.PropFromFun.apply(Prop.scala:20)
[info]   at org.scalacheck.Test$.workerFun$1(Test.scala:486)
[info]   at org.scalacheck.Test$.$anonfun$check$4(Test.scala:518)
[info]   at org.scalacheck.Test$.$anonfun$check$4$adapted(Test.scala:518)
[info]   at org.scalacheck.Platform$.runWorkers(Platform.scala:42)
[info]   at org.scalacheck.Test$.check(Test.scala:518)
[info]   at org.scalatestplus.scalacheck.UnitCheckerAsserting$CheckerAssertingImpl.check(CheckerAsserting.scala:90)
[info]   at org.scalatestplus.scalacheck.Checkers.check(Checkers.scala:371)
[info]   at org.scalatestplus.scalacheck.Checkers.check$(Checkers.scala:369)
[info]   at frameless.TypedDatasetSuite.check(TypedDatasetSuite.scala:63)
[info]   at frameless.OrderByTests.$anonfun$new$181(OrderByTests.scala:150)
[info]   at org.scalatest.OutcomeOf.outcomeOf(OutcomeOf.scala:85)
[info]   at org.scalatest.OutcomeOf.outcomeOf$(OutcomeOf.scala:83)
[info]   at org.scalatest.OutcomeOf$.outcomeOf(OutcomeOf.scala:104)
[info]   at org.scalatest.Transformer.apply(Transformer.scala:22)
[info]   at org.scalatest.Transformer.apply(Transformer.scala:20)
[info]   at org.scalatest.funsuite.AnyFunSuiteLike$$anon$1.apply(AnyFunSuiteLike.scala:226)
[info]   at org.scalatest.TestSuite.withFixture(TestSuite.scala:196)
[info]   at org.scalatest.TestSuite.withFixture$(TestSuite.scala:195)
[info]   at org.scalatest.funsuite.AnyFunSuite.withFixture(AnyFunSuite.scala:1564)
[info]   at org.scalatest.funsuite.AnyFunSuiteLike.invokeWithFixture$1(AnyFunSuiteLike.scala:224)
[info]   at org.scalatest.funsuite.AnyFunSuiteLike.$anonfun$runTest$1(AnyFunSuiteLike.scala:236)
[info]   at org.scalatest.SuperEngine.runTestImpl(Engine.scala:306)
[info]   at org.scalatest.funsuite.AnyFunSuiteLike.runTest(AnyFunSuiteLike.scala:236)
[info]   at org.scalatest.funsuite.AnyFunSuiteLike.runTest$(AnyFunSuiteLike.scala:218)
[info]   at org.scalatest.funsuite.AnyFunSuite.runTest(AnyFunSuite.scala:1564)
[info]   at org.scalatest.funsuite.AnyFunSuiteLike.$anonfun$runTests$1(AnyFunSuiteLike.scala:269)
[info]   at org.scalatest.SuperEngine.$anonfun$runTestsInBranch$1(Engine.scala:413)
[info]   at scala.collection.immutable.List.foreach(List.scala:334)
[info]   at org.scalatest.SuperEngine.traverseSubNodes$1(Engine.scala:401)
[info]   at org.scalatest.SuperEngine.runTestsInBranch(Engine.scala:396)
[info]   at org.scalatest.SuperEngine.runTestsImpl(Engine.scala:475)
[info]   at org.scalatest.funsuite.AnyFunSuiteLike.runTests(AnyFunSuiteLike.scala:269)
[info]   at org.scalatest.funsuite.AnyFunSuiteLike.runTests$(AnyFunSuiteLike.scala:268)
[info]   at org.scalatest.funsuite.AnyFunSuite.runTests(AnyFunSuite.scala:1564)
[info]   at org.scalatest.Suite.run(Suite.scala:1114)
[info]   at org.scalatest.Suite.run$(Suite.scala:1096)
[info]   at org.scalatest.funsuite.AnyFunSuite.org$scalatest$funsuite$AnyFunSuiteLike$$super$run(AnyFunSuite.scala:1564)
[info]   at org.scalatest.funsuite.AnyFunSuiteLike.$anonfun$run$1(AnyFunSuiteLike.scala:273)
[info]   at org.scalatest.SuperEngine.runImpl(Engine.scala:535)
[info]   at org.scalatest.funsuite.AnyFunSuiteLike.run(AnyFunSuiteLike.scala:273)
[info]   at org.scalatest.funsuite.AnyFunSuiteLike.run$(AnyFunSuiteLike.scala:272)
[info]   at frameless.TypedDatasetSuite.org$scalatest$BeforeAndAfterAll$$super$run(TypedDatasetSuite.scala:63)
[info]   at org.scalatest.BeforeAndAfterAll.liftedTree1$1(BeforeAndAfterAll.scala:213)
[info]   at org.scalatest.BeforeAndAfterAll.run(BeforeAndAfterAll.scala:210)
[info]   at org.scalatest.BeforeAndAfterAll.run$(BeforeAndAfterAll.scala:208)
[info]   at frameless.TypedDatasetSuite.run(TypedDatasetSuite.scala:63)
[info]   at org.scalatest.tools.Framework.org$scalatest$tools$Framework$$runSuite(Framework.scala:321)
[info]   at org.scalatest.tools.Framework$ScalaTestTask.execute(Framework.scala:517)
[info]   at sbt.ForkMain$Run.lambda$runTest$1(ForkMain.java:414)
[info]   at java.base/java.util.concurrent.FutureTask.run(FutureTask.java:317)
[info]   at java.base/java.util.concurrent.ThreadPoolExecutor.runWorker(ThreadPoolExecutor.java:1144)
[info]   at java.base/java.util.concurrent.ThreadPoolExecutor$Worker.run(ThreadPoolExecutor.java:642)
[info]   at java.base/java.lang.Thread.run(Thread.java:1583)
[info]   Cause: java.lang.ClassCastException: Cannot cast scala.reflect.ClassTag$GenericClassTag to org.apache.spark.sql.catalyst.expressions.Expression
[info]   at java.base/java.lang.Class.cast(Class.java:4067)
[info]   at java.base/jdk.internal.reflect.DirectConstructorHandleAccessor.newInstance(DirectConstructorHandleAccessor.java:62)
[info]   at java.base/java.lang.reflect.Constructor.newInstanceWithCaller(Constructor.java:502)
[info]   at java.base/java.lang.reflect.Constructor.newInstance(Constructor.java:486)
[info]   at frameless.TypedExpressionEncoder$.$anonfun$apply$3(TypedExpressionEncoder.scala:55)
[info]   at scala.Option.map(Option.scala:242)
[info]   at frameless.TypedExpressionEncoder$.apply(TypedExpressionEncoder.scala:54)
[info]   at frameless.TypedDataset$.create(TypedDataset.scala:1325)
[info]   at frameless.OrderByTests.prop$7(OrderByTests.scala:142)
[info]   at frameless.OrderByTests.$anonfun$new$199(OrderByTests.scala:150)
[info]   at scala.Function1.$anonfun$andThen$1(Function1.scala:87)
[info]   at org.scalacheck.Prop$.$anonfun$forAllShrink$2(Prop.scala:868)
[info]   at org.scalacheck.Prop$.secure(Prop.scala:484)
[info]   at org.scalacheck.Prop$.result$1(Prop.scala:868)
[info]   at org.scalacheck.Prop$.$anonfun$forAllShrink$1(Prop.scala:915)
[info]   at org.scalacheck.Prop$.$anonfun$apply$1(Prop.scala:305)
[info]   at org.scalacheck.PropFromFun.apply(Prop.scala:20)
[info]   at org.scalacheck.Test$.workerFun$1(Test.scala:486)
[info]   at org.scalacheck.Test$.$anonfun$check$4(Test.scala:518)
[info]   at org.scalacheck.Test$.$anonfun$check$4$adapted(Test.scala:518)
[info]   at org.scalacheck.Platform$.runWorkers(Platform.scala:42)
[info]   at org.scalacheck.Test$.check(Test.scala:518)
[info]   at org.scalatestplus.scalacheck.UnitCheckerAsserting$CheckerAssertingImpl.check(CheckerAsserting.scala:90)
[info]   at org.scalatestplus.scalacheck.Checkers.check(Checkers.scala:371)
[info]   at org.scalatestplus.scalacheck.Checkers.check$(Checkers.scala:369)
[info]   at frameless.TypedDatasetSuite.check(TypedDatasetSuite.scala:63)
[info]   at frameless.OrderByTests.$anonfun$new$181(OrderByTests.scala:150)
[info]   at org.scalatest.OutcomeOf.outcomeOf(OutcomeOf.scala:85)
[info]   at org.scalatest.OutcomeOf.outcomeOf$(OutcomeOf.scala:83)
[info]   at org.scalatest.OutcomeOf$.outcomeOf(OutcomeOf.scala:104)
[info]   at org.scalatest.Transformer.apply(Transformer.scala:22)
[info]   at org.scalatest.Transformer.apply(Transformer.scala:20)
[info]   at org.scalatest.funsuite.AnyFunSuiteLike$$anon$1.apply(AnyFunSuiteLike.scala:226)
[info]   at org.scalatest.TestSuite.withFixture(TestSuite.scala:196)
[info]   at org.scalatest.TestSuite.withFixture$(TestSuite.scala:195)
[info]   at org.scalatest.funsuite.AnyFunSuite.withFixture(AnyFunSuite.scala:1564)
[info]   at org.scalatest.funsuite.AnyFunSuiteLike.invokeWithFixture$1(AnyFunSuiteLike.scala:224)
[info]   at org.scalatest.funsuite.AnyFunSuiteLike.$anonfun$runTest$1(AnyFunSuiteLike.scala:236)
[info]   at org.scalatest.SuperEngine.runTestImpl(Engine.scala:306)
[info]   at org.scalatest.funsuite.AnyFunSuiteLike.runTest(AnyFunSuiteLike.scala:236)
[info]   at org.scalatest.funsuite.AnyFunSuiteLike.runTest$(AnyFunSuiteLike.scala:218)
[info]   at org.scalatest.funsuite.AnyFunSuite.runTest(AnyFunSuite.scala:1564)
[info]   at org.scalatest.funsuite.AnyFunSuiteLike.$anonfun$runTests$1(AnyFunSuiteLike.scala:269)
[info]   at org.scalatest.SuperEngine.$anonfun$runTestsInBranch$1(Engine.scala:413)
[info]   at scala.collection.immutable.List.foreach(List.scala:334)
[info]   at org.scalatest.SuperEngine.traverseSubNodes$1(Engine.scala:401)
[info]   at org.scalatest.SuperEngine.runTestsInBranch(Engine.scala:396)
[info]   at org.scalatest.SuperEngine.runTestsImpl(Engine.scala:475)
[info]   at org.scalatest.funsuite.AnyFunSuiteLike.runTests(AnyFunSuiteLike.scala:269)
[info]   at org.scalatest.funsuite.AnyFunSuiteLike.runTests$(AnyFunSuiteLike.scala:268)
[info]   at org.scalatest.funsuite.AnyFunSuite.runTests(AnyFunSuite.scala:1564)
[info]   at org.scalatest.Suite.run(Suite.scala:1114)
[info]   at org.scalatest.Suite.run$(Suite.scala:1096)
[info]   at org.scalatest.funsuite.AnyFunSuite.org$scalatest$funsuite$AnyFunSuiteLike$$super$run(AnyFunSuite.scala:1564)
[info]   at org.scalatest.funsuite.AnyFunSuiteLike.$anonfun$run$1(AnyFunSuiteLike.scala:273)
[info]   at org.scalatest.SuperEngine.runImpl(Engine.scala:535)
[info]   at org.scalatest.funsuite.AnyFunSuiteLike.run(AnyFunSuiteLike.scala:273)
[info]   at org.scalatest.funsuite.AnyFunSuiteLike.run$(AnyFunSuiteLike.scala:272)
[info]   at frameless.TypedDatasetSuite.org$scalatest$BeforeAndAfterAll$$super$run(TypedDatasetSuite.scala:63)
[info]   at org.scalatest.BeforeAndAfterAll.liftedTree1$1(BeforeAndAfterAll.scala:213)
[info]   at org.scalatest.BeforeAndAfterAll.run(BeforeAndAfterAll.scala:210)
[info]   at org.scalatest.BeforeAndAfterAll.run$(BeforeAndAfterAll.scala:208)
[info]   at frameless.TypedDatasetSuite.run(TypedDatasetSuite.scala:63)
[info]   at org.scalatest.tools.Framework.org$scalatest$tools$Framework$$runSuite(Framework.scala:321)
[info]   at org.scalatest.tools.Framework$ScalaTestTask.execute(Framework.scala:517)
[info]   at sbt.ForkMain$Run.lambda$runTest$1(ForkMain.java:414)
[info]   at java.base/java.util.concurrent.FutureTask.run(FutureTask.java:317)
[info]   at java.base/java.util.concurrent.ThreadPoolExecutor.runWorker(ThreadPoolExecutor.java:1144)
[info]   at java.base/java.util.concurrent.ThreadPoolExecutor$Worker.run(ThreadPoolExecutor.java:642)
[info]   at java.base/java.lang.Thread.run(Thread.java:1583)
[info] - fail when selected column is not sortable *** FAILED *** (4 milliseconds)
[info]   java.lang.IllegalArgumentException: argument type mismatch
[info]   at java.base/jdk.internal.reflect.DirectConstructorHandleAccessor.newInstance(DirectConstructorHandleAccessor.java:65)
[info]   at java.base/java.lang.reflect.Constructor.newInstanceWithCaller(Constructor.java:502)
[info]   at java.base/java.lang.reflect.Constructor.newInstance(Constructor.java:486)
[info]   at frameless.TypedExpressionEncoder$.$anonfun$apply$3(TypedExpressionEncoder.scala:55)
[info]   at scala.Option.map(Option.scala:242)
[info]   at frameless.TypedExpressionEncoder$.apply(TypedExpressionEncoder.scala:54)
[info]   at frameless.TypedDataset$.create(TypedDataset.scala:1325)
[info]   at frameless.OrderByTests.$anonfun$new$205(OrderByTests.scala:156)
[info]   at scala.runtime.java8.JFunction0$mcV$sp.apply(JFunction0$mcV$sp.scala:18)
[info]   at org.scalatest.OutcomeOf.outcomeOf(OutcomeOf.scala:85)
[info]   at org.scalatest.OutcomeOf.outcomeOf$(OutcomeOf.scala:83)
[info]   at org.scalatest.OutcomeOf$.outcomeOf(OutcomeOf.scala:104)
[info]   at org.scalatest.Transformer.apply(Transformer.scala:22)
[info]   at org.scalatest.Transformer.apply(Transformer.scala:20)
[info]   at org.scalatest.funsuite.AnyFunSuiteLike$$anon$1.apply(AnyFunSuiteLike.scala:226)
[info]   at org.scalatest.TestSuite.withFixture(TestSuite.scala:196)
[info]   at org.scalatest.TestSuite.withFixture$(TestSuite.scala:195)
[info]   at org.scalatest.funsuite.AnyFunSuite.withFixture(AnyFunSuite.scala:1564)
[info]   at org.scalatest.funsuite.AnyFunSuiteLike.invokeWithFixture$1(AnyFunSuiteLike.scala:224)
[info]   at org.scalatest.funsuite.AnyFunSuiteLike.$anonfun$runTest$1(AnyFunSuiteLike.scala:236)
[info]   at org.scalatest.SuperEngine.runTestImpl(Engine.scala:306)
[info]   at org.scalatest.funsuite.AnyFunSuiteLike.runTest(AnyFunSuiteLike.scala:236)
[info]   at org.scalatest.funsuite.AnyFunSuiteLike.runTest$(AnyFunSuiteLike.scala:218)
[info]   at org.scalatest.funsuite.AnyFunSuite.runTest(AnyFunSuite.scala:1564)
[info]   at org.scalatest.funsuite.AnyFunSuiteLike.$anonfun$runTests$1(AnyFunSuiteLike.scala:269)
[info]   at org.scalatest.SuperEngine.$anonfun$runTestsInBranch$1(Engine.scala:413)
[info]   at scala.collection.immutable.List.foreach(List.scala:334)
[info]   at org.scalatest.SuperEngine.traverseSubNodes$1(Engine.scala:401)
[info]   at org.scalatest.SuperEngine.runTestsInBranch(Engine.scala:396)
[info]   at org.scalatest.SuperEngine.runTestsImpl(Engine.scala:475)
[info]   at org.scalatest.funsuite.AnyFunSuiteLike.runTests(AnyFunSuiteLike.scala:269)
[info]   at org.scalatest.funsuite.AnyFunSuiteLike.runTests$(AnyFunSuiteLike.scala:268)
[info]   at org.scalatest.funsuite.AnyFunSuite.runTests(AnyFunSuite.scala:1564)
[info]   at org.scalatest.Suite.run(Suite.scala:1114)
[info]   at org.scalatest.Suite.run$(Suite.scala:1096)
[info]   at org.scalatest.funsuite.AnyFunSuite.org$scalatest$funsuite$AnyFunSuiteLike$$super$run(AnyFunSuite.scala:1564)
[info]   at org.scalatest.funsuite.AnyFunSuiteLike.$anonfun$run$1(AnyFunSuiteLike.scala:273)
[info]   at org.scalatest.SuperEngine.runImpl(Engine.scala:535)
[info]   at org.scalatest.funsuite.AnyFunSuiteLike.run(AnyFunSuiteLike.scala:273)
[info]   at org.scalatest.funsuite.AnyFunSuiteLike.run$(AnyFunSuiteLike.scala:272)
[info]   at frameless.TypedDatasetSuite.org$scalatest$BeforeAndAfterAll$$super$run(TypedDatasetSuite.scala:63)
[info]   at org.scalatest.BeforeAndAfterAll.liftedTree1$1(BeforeAndAfterAll.scala:213)
[info]   at org.scalatest.BeforeAndAfterAll.run(BeforeAndAfterAll.scala:210)
[info]   at org.scalatest.BeforeAndAfterAll.run$(BeforeAndAfterAll.scala:208)
[info]   at frameless.TypedDatasetSuite.run(TypedDatasetSuite.scala:63)
[info]   at org.scalatest.tools.Framework.org$scalatest$tools$Framework$$runSuite(Framework.scala:321)
[info]   at org.scalatest.tools.Framework$ScalaTestTask.execute(Framework.scala:517)
[info]   at sbt.ForkMain$Run.lambda$runTest$1(ForkMain.java:414)
[info]   at java.base/java.util.concurrent.FutureTask.run(FutureTask.java:317)
[info]   at java.base/java.util.concurrent.ThreadPoolExecutor.runWorker(ThreadPoolExecutor.java:1144)
[info]   at java.base/java.util.concurrent.ThreadPoolExecutor$Worker.run(ThreadPoolExecutor.java:642)
[info]   at java.base/java.lang.Thread.run(Thread.java:1583)
[info]   Cause: java.lang.ClassCastException: Cannot cast scala.reflect.ClassTag$GenericClassTag to org.apache.spark.sql.catalyst.expressions.Expression
[info]   at java.base/java.lang.Class.cast(Class.java:4067)
[info]   at java.base/jdk.internal.reflect.DirectConstructorHandleAccessor.newInstance(DirectConstructorHandleAccessor.java:62)
[info]   at java.base/java.lang.reflect.Constructor.newInstanceWithCaller(Constructor.java:502)
[info]   at java.base/java.lang.reflect.Constructor.newInstance(Constructor.java:486)
[info]   at frameless.TypedExpressionEncoder$.$anonfun$apply$3(TypedExpressionEncoder.scala:55)
[info]   at scala.Option.map(Option.scala:242)
[info]   at frameless.TypedExpressionEncoder$.apply(TypedExpressionEncoder.scala:54)
[info]   at frameless.TypedDataset$.create(TypedDataset.scala:1325)
[info]   at frameless.OrderByTests.$anonfun$new$205(OrderByTests.scala:156)
[info]   at scala.runtime.java8.JFunction0$mcV$sp.apply(JFunction0$mcV$sp.scala:18)
[info]   at org.scalatest.OutcomeOf.outcomeOf(OutcomeOf.scala:85)
[info]   at org.scalatest.OutcomeOf.outcomeOf$(OutcomeOf.scala:83)
[info]   at org.scalatest.OutcomeOf$.outcomeOf(OutcomeOf.scala:104)
[info]   at org.scalatest.Transformer.apply(Transformer.scala:22)
[info]   at org.scalatest.Transformer.apply(Transformer.scala:20)
[info]   at org.scalatest.funsuite.AnyFunSuiteLike$$anon$1.apply(AnyFunSuiteLike.scala:226)
[info]   at org.scalatest.TestSuite.withFixture(TestSuite.scala:196)
[info]   at org.scalatest.TestSuite.withFixture$(TestSuite.scala:195)
[info]   at org.scalatest.funsuite.AnyFunSuite.withFixture(AnyFunSuite.scala:1564)
[info]   at org.scalatest.funsuite.AnyFunSuiteLike.invokeWithFixture$1(AnyFunSuiteLike.scala:224)
[info]   at org.scalatest.funsuite.AnyFunSuiteLike.$anonfun$runTest$1(AnyFunSuiteLike.scala:236)
[info]   at org.scalatest.SuperEngine.runTestImpl(Engine.scala:306)
[info]   at org.scalatest.funsuite.AnyFunSuiteLike.runTest(AnyFunSuiteLike.scala:236)
[info]   at org.scalatest.funsuite.AnyFunSuiteLike.runTest$(AnyFunSuiteLike.scala:218)
[info]   at org.scalatest.funsuite.AnyFunSuite.runTest(AnyFunSuite.scala:1564)
[info]   at org.scalatest.funsuite.AnyFunSuiteLike.$anonfun$runTests$1(AnyFunSuiteLike.scala:269)
[info]   at org.scalatest.SuperEngine.$anonfun$runTestsInBranch$1(Engine.scala:413)
[info]   at scala.collection.immutable.List.foreach(List.scala:334)
[info]   at org.scalatest.SuperEngine.traverseSubNodes$1(Engine.scala:401)
[info]   at org.scalatest.SuperEngine.runTestsInBranch(Engine.scala:396)
[info]   at org.scalatest.SuperEngine.runTestsImpl(Engine.scala:475)
[info]   at org.scalatest.funsuite.AnyFunSuiteLike.runTests(AnyFunSuiteLike.scala:269)
[info]   at org.scalatest.funsuite.AnyFunSuiteLike.runTests$(AnyFunSuiteLike.scala:268)
[info]   at org.scalatest.funsuite.AnyFunSuite.runTests(AnyFunSuite.scala:1564)
[info]   at org.scalatest.Suite.run(Suite.scala:1114)
[info]   at org.scalatest.Suite.run$(Suite.scala:1096)
[info]   at org.scalatest.funsuite.AnyFunSuite.org$scalatest$funsuite$AnyFunSuiteLike$$super$run(AnyFunSuite.scala:1564)
[info]   at org.scalatest.funsuite.AnyFunSuiteLike.$anonfun$run$1(AnyFunSuiteLike.scala:273)
[info]   at org.scalatest.SuperEngine.runImpl(Engine.scala:535)
[info]   at org.scalatest.funsuite.AnyFunSuiteLike.run(AnyFunSuiteLike.scala:273)
[info]   at org.scalatest.funsuite.AnyFunSuiteLike.run$(AnyFunSuiteLike.scala:272)
[info]   at frameless.TypedDatasetSuite.org$scalatest$BeforeAndAfterAll$$super$run(TypedDatasetSuite.scala:63)
[info]   at org.scalatest.BeforeAndAfterAll.liftedTree1$1(BeforeAndAfterAll.scala:213)
[info]   at org.scalatest.BeforeAndAfterAll.run(BeforeAndAfterAll.scala:210)
[info]   at org.scalatest.BeforeAndAfterAll.run$(BeforeAndAfterAll.scala:208)
[info]   at frameless.TypedDatasetSuite.run(TypedDatasetSuite.scala:63)
[info]   at org.scalatest.tools.Framework.org$scalatest$tools$Framework$$runSuite(Framework.scala:321)
[info]   at org.scalatest.tools.Framework$ScalaTestTask.execute(Framework.scala:517)
[info]   at sbt.ForkMain$Run.lambda$runTest$1(ForkMain.java:414)
[info]   at java.base/java.util.concurrent.FutureTask.run(FutureTask.java:317)
[info]   at java.base/java.util.concurrent.ThreadPoolExecutor.runWorker(ThreadPoolExecutor.java:1144)
[info]   at java.base/java.util.concurrent.ThreadPoolExecutor$Worker.run(ThreadPoolExecutor.java:642)
[info]   at java.base/java.lang.Thread.run(Thread.java:1583)
[info] - derives a CatalystOrdered for case classes when all fields are comparable *** FAILED *** (5 milliseconds)
[info]   IllegalArgumentException was thrown during property evaluation.
[info]     Message: argument type mismatch
[info]     Occurred when passed generated values (
[info]       arg0 = Vector()
[info]     )
[info]   org.scalatest.exceptions.GeneratorDrivenPropertyCheckFailedException:
[info]   at org.scalatestplus.scalacheck.CheckerAsserting$$anon$2.indicateFailure(CheckerAsserting.scala:251)
[info]   at org.scalatestplus.scalacheck.CheckerAsserting$$anon$2.indicateFailure(CheckerAsserting.scala:238)
[info]   at org.scalatestplus.scalacheck.UnitCheckerAsserting$CheckerAssertingImpl.check(CheckerAsserting.scala:160)
[info]   at org.scalatestplus.scalacheck.Checkers.check(Checkers.scala:371)
[info]   at org.scalatestplus.scalacheck.Checkers.check$(Checkers.scala:369)
[info]   at frameless.TypedDatasetSuite.check(TypedDatasetSuite.scala:63)
[info]   at frameless.OrderByTests.$anonfun$new$212(OrderByTests.scala:177)
[info]   at org.scalatest.OutcomeOf.outcomeOf(OutcomeOf.scala:85)
[info]   at org.scalatest.OutcomeOf.outcomeOf$(OutcomeOf.scala:83)
[info]   at org.scalatest.OutcomeOf$.outcomeOf(OutcomeOf.scala:104)
[info]   at org.scalatest.Transformer.apply(Transformer.scala:22)
[info]   at org.scalatest.Transformer.apply(Transformer.scala:20)
[info]   at org.scalatest.funsuite.AnyFunSuiteLike$$anon$1.apply(AnyFunSuiteLike.scala:226)
[info]   at org.scalatest.TestSuite.withFixture(TestSuite.scala:196)
[info]   at org.scalatest.TestSuite.withFixture$(TestSuite.scala:195)
[info]   at org.scalatest.funsuite.AnyFunSuite.withFixture(AnyFunSuite.scala:1564)
[info]   at org.scalatest.funsuite.AnyFunSuiteLike.invokeWithFixture$1(AnyFunSuiteLike.scala:224)
[info]   at org.scalatest.funsuite.AnyFunSuiteLike.$anonfun$runTest$1(AnyFunSuiteLike.scala:236)
[info]   at org.scalatest.SuperEngine.runTestImpl(Engine.scala:306)
[info]   at org.scalatest.funsuite.AnyFunSuiteLike.runTest(AnyFunSuiteLike.scala:236)
[info]   at org.scalatest.funsuite.AnyFunSuiteLike.runTest$(AnyFunSuiteLike.scala:218)
[info]   at org.scalatest.funsuite.AnyFunSuite.runTest(AnyFunSuite.scala:1564)
[info]   at org.scalatest.funsuite.AnyFunSuiteLike.$anonfun$runTests$1(AnyFunSuiteLike.scala:269)
[info]   at org.scalatest.SuperEngine.$anonfun$runTestsInBranch$1(Engine.scala:413)
[info]   at scala.collection.immutable.List.foreach(List.scala:334)
[info]   at org.scalatest.SuperEngine.traverseSubNodes$1(Engine.scala:401)
[info]   at org.scalatest.SuperEngine.runTestsInBranch(Engine.scala:396)
[info]   at org.scalatest.SuperEngine.runTestsImpl(Engine.scala:475)
[info]   at org.scalatest.funsuite.AnyFunSuiteLike.runTests(AnyFunSuiteLike.scala:269)
[info]   at org.scalatest.funsuite.AnyFunSuiteLike.runTests$(AnyFunSuiteLike.scala:268)
[info]   at org.scalatest.funsuite.AnyFunSuite.runTests(AnyFunSuite.scala:1564)
[info]   at org.scalatest.Suite.run(Suite.scala:1114)
[info]   at org.scalatest.Suite.run$(Suite.scala:1096)
[info]   at org.scalatest.funsuite.AnyFunSuite.org$scalatest$funsuite$AnyFunSuiteLike$$super$run(AnyFunSuite.scala:1564)
[info]   at org.scalatest.funsuite.AnyFunSuiteLike.$anonfun$run$1(AnyFunSuiteLike.scala:273)
[info]   at org.scalatest.SuperEngine.runImpl(Engine.scala:535)
[info]   at org.scalatest.funsuite.AnyFunSuiteLike.run(AnyFunSuiteLike.scala:273)
[info]   at org.scalatest.funsuite.AnyFunSuiteLike.run$(AnyFunSuiteLike.scala:272)
[info]   at frameless.TypedDatasetSuite.org$scalatest$BeforeAndAfterAll$$super$run(TypedDatasetSuite.scala:63)
[info]   at org.scalatest.BeforeAndAfterAll.liftedTree1$1(BeforeAndAfterAll.scala:213)
[info]   at org.scalatest.BeforeAndAfterAll.run(BeforeAndAfterAll.scala:210)
[info]   at org.scalatest.BeforeAndAfterAll.run$(BeforeAndAfterAll.scala:208)
[info]   at frameless.TypedDatasetSuite.run(TypedDatasetSuite.scala:63)
[info]   at org.scalatest.tools.Framework.org$scalatest$tools$Framework$$runSuite(Framework.scala:321)
[info]   at org.scalatest.tools.Framework$ScalaTestTask.execute(Framework.scala:517)
[info]   at sbt.ForkMain$Run.lambda$runTest$1(ForkMain.java:414)
[info]   at java.base/java.util.concurrent.FutureTask.run(FutureTask.java:317)
[info]   at java.base/java.util.concurrent.ThreadPoolExecutor.runWorker(ThreadPoolExecutor.java:1144)
[info]   at java.base/java.util.concurrent.ThreadPoolExecutor$Worker.run(ThreadPoolExecutor.java:642)
[info]   at java.base/java.lang.Thread.run(Thread.java:1583)
[info]   Cause: java.lang.IllegalArgumentException: argument type mismatch
[info]   at java.base/jdk.internal.reflect.DirectConstructorHandleAccessor.newInstance(DirectConstructorHandleAccessor.java:65)
[info]   at java.base/java.lang.reflect.Constructor.newInstanceWithCaller(Constructor.java:502)
[info]   at java.base/java.lang.reflect.Constructor.newInstance(Constructor.java:486)
[info]   at frameless.TypedExpressionEncoder$.$anonfun$apply$3(TypedExpressionEncoder.scala:55)
[info]   at scala.Option.map(Option.scala:242)
[info]   at frameless.TypedExpressionEncoder$.apply(TypedExpressionEncoder.scala:54)
[info]   at frameless.TypedDataset$.create(TypedDataset.scala:1325)
[info]   at frameless.OrderByTests.prop$8(OrderByTests.scala:168)
[info]   at frameless.OrderByTests.$anonfun$new$234(OrderByTests.scala:177)
[info]   at scala.Function1.$anonfun$andThen$1(Function1.scala:87)
[info]   at org.scalacheck.Prop$.$anonfun$forAllShrink$2(Prop.scala:868)
[info]   at org.scalacheck.Prop$.secure(Prop.scala:484)
[info]   at org.scalacheck.Prop$.result$1(Prop.scala:868)
[info]   at org.scalacheck.Prop$.$anonfun$forAllShrink$1(Prop.scala:915)
[info]   at org.scalacheck.Prop$.$anonfun$apply$1(Prop.scala:305)
[info]   at org.scalacheck.PropFromFun.apply(Prop.scala:20)
[info]   at org.scalacheck.Test$.workerFun$1(Test.scala:486)
[info]   at org.scalacheck.Test$.$anonfun$check$4(Test.scala:518)
[info]   at org.scalacheck.Test$.$anonfun$check$4$adapted(Test.scala:518)
[info]   at org.scalacheck.Platform$.runWorkers(Platform.scala:42)
[info]   at org.scalacheck.Test$.check(Test.scala:518)
[info]   at org.scalatestplus.scalacheck.UnitCheckerAsserting$CheckerAssertingImpl.check(CheckerAsserting.scala:90)
[info]   at org.scalatestplus.scalacheck.Checkers.check(Checkers.scala:371)
[info]   at org.scalatestplus.scalacheck.Checkers.check$(Checkers.scala:369)
[info]   at frameless.TypedDatasetSuite.check(TypedDatasetSuite.scala:63)
[info]   at frameless.OrderByTests.$anonfun$new$212(OrderByTests.scala:177)
[info]   at org.scalatest.OutcomeOf.outcomeOf(OutcomeOf.scala:85)
[info]   at org.scalatest.OutcomeOf.outcomeOf$(OutcomeOf.scala:83)
[info]   at org.scalatest.OutcomeOf$.outcomeOf(OutcomeOf.scala:104)
[info]   at org.scalatest.Transformer.apply(Transformer.scala:22)
[info]   at org.scalatest.Transformer.apply(Transformer.scala:20)
[info]   at org.scalatest.funsuite.AnyFunSuiteLike$$anon$1.apply(AnyFunSuiteLike.scala:226)
[info]   at org.scalatest.TestSuite.withFixture(TestSuite.scala:196)
[info]   at org.scalatest.TestSuite.withFixture$(TestSuite.scala:195)
[info]   at org.scalatest.funsuite.AnyFunSuite.withFixture(AnyFunSuite.scala:1564)
[info]   at org.scalatest.funsuite.AnyFunSuiteLike.invokeWithFixture$1(AnyFunSuiteLike.scala:224)
[info]   at org.scalatest.funsuite.AnyFunSuiteLike.$anonfun$runTest$1(AnyFunSuiteLike.scala:236)
[info]   at org.scalatest.SuperEngine.runTestImpl(Engine.scala:306)
[info]   at org.scalatest.funsuite.AnyFunSuiteLike.runTest(AnyFunSuiteLike.scala:236)
[info]   at org.scalatest.funsuite.AnyFunSuiteLike.runTest$(AnyFunSuiteLike.scala:218)
[info]   at org.scalatest.funsuite.AnyFunSuite.runTest(AnyFunSuite.scala:1564)
[info]   at org.scalatest.funsuite.AnyFunSuiteLike.$anonfun$runTests$1(AnyFunSuiteLike.scala:269)
[info]   at org.scalatest.SuperEngine.$anonfun$runTestsInBranch$1(Engine.scala:413)
[info]   at scala.collection.immutable.List.foreach(List.scala:334)
[info]   at org.scalatest.SuperEngine.traverseSubNodes$1(Engine.scala:401)
[info]   at org.scalatest.SuperEngine.runTestsInBranch(Engine.scala:396)
[info]   at org.scalatest.SuperEngine.runTestsImpl(Engine.scala:475)
[info]   at org.scalatest.funsuite.AnyFunSuiteLike.runTests(AnyFunSuiteLike.scala:269)
[info]   at org.scalatest.funsuite.AnyFunSuiteLike.runTests$(AnyFunSuiteLike.scala:268)
[info]   at org.scalatest.funsuite.AnyFunSuite.runTests(AnyFunSuite.scala:1564)
[info]   at org.scalatest.Suite.run(Suite.scala:1114)
[info]   at org.scalatest.Suite.run$(Suite.scala:1096)
[info]   at org.scalatest.funsuite.AnyFunSuite.org$scalatest$funsuite$AnyFunSuiteLike$$super$run(AnyFunSuite.scala:1564)
[info]   at org.scalatest.funsuite.AnyFunSuiteLike.$anonfun$run$1(AnyFunSuiteLike.scala:273)
[info]   at org.scalatest.SuperEngine.runImpl(Engine.scala:535)
[info]   at org.scalatest.funsuite.AnyFunSuiteLike.run(AnyFunSuiteLike.scala:273)
[info]   at org.scalatest.funsuite.AnyFunSuiteLike.run$(AnyFunSuiteLike.scala:272)
[info]   at frameless.TypedDatasetSuite.org$scalatest$BeforeAndAfterAll$$super$run(TypedDatasetSuite.scala:63)
[info]   at org.scalatest.BeforeAndAfterAll.liftedTree1$1(BeforeAndAfterAll.scala:213)
[info]   at org.scalatest.BeforeAndAfterAll.run(BeforeAndAfterAll.scala:210)
[info]   at org.scalatest.BeforeAndAfterAll.run$(BeforeAndAfterAll.scala:208)
[info]   at frameless.TypedDatasetSuite.run(TypedDatasetSuite.scala:63)
[info]   at org.scalatest.tools.Framework.org$scalatest$tools$Framework$$runSuite(Framework.scala:321)
[info]   at org.scalatest.tools.Framework$ScalaTestTask.execute(Framework.scala:517)
[info]   at sbt.ForkMain$Run.lambda$runTest$1(ForkMain.java:414)
[info]   at java.base/java.util.concurrent.FutureTask.run(FutureTask.java:317)
[info]   at java.base/java.util.concurrent.ThreadPoolExecutor.runWorker(ThreadPoolExecutor.java:1144)
[info]   at java.base/java.util.concurrent.ThreadPoolExecutor$Worker.run(ThreadPoolExecutor.java:642)
[info]   at java.base/java.lang.Thread.run(Thread.java:1583)
[info]   Cause: java.lang.ClassCastException: Cannot cast scala.reflect.ClassTag$GenericClassTag to org.apache.spark.sql.catalyst.expressions.Expression
[info]   at java.base/java.lang.Class.cast(Class.java:4067)
[info]   at java.base/jdk.internal.reflect.DirectConstructorHandleAccessor.newInstance(DirectConstructorHandleAccessor.java:62)
[info]   at java.base/java.lang.reflect.Constructor.newInstanceWithCaller(Constructor.java:502)
[info]   at java.base/java.lang.reflect.Constructor.newInstance(Constructor.java:486)
[info]   at frameless.TypedExpressionEncoder$.$anonfun$apply$3(TypedExpressionEncoder.scala:55)
[info]   at scala.Option.map(Option.scala:242)
[info]   at frameless.TypedExpressionEncoder$.apply(TypedExpressionEncoder.scala:54)
[info]   at frameless.TypedDataset$.create(TypedDataset.scala:1325)
[info]   at frameless.OrderByTests.prop$8(OrderByTests.scala:168)
[info]   at frameless.OrderByTests.$anonfun$new$234(OrderByTests.scala:177)
[info]   at scala.Function1.$anonfun$andThen$1(Function1.scala:87)
[info]   at org.scalacheck.Prop$.$anonfun$forAllShrink$2(Prop.scala:868)
[info]   at org.scalacheck.Prop$.secure(Prop.scala:484)
[info]   at org.scalacheck.Prop$.result$1(Prop.scala:868)
[info]   at org.scalacheck.Prop$.$anonfun$forAllShrink$1(Prop.scala:915)
[info]   at org.scalacheck.Prop$.$anonfun$apply$1(Prop.scala:305)
[info]   at org.scalacheck.PropFromFun.apply(Prop.scala:20)
[info]   at org.scalacheck.Test$.workerFun$1(Test.scala:486)
[info]   at org.scalacheck.Test$.$anonfun$check$4(Test.scala:518)
[info]   at org.scalacheck.Test$.$anonfun$check$4$adapted(Test.scala:518)
[info]   at org.scalacheck.Platform$.runWorkers(Platform.scala:42)
[info]   at org.scalacheck.Test$.check(Test.scala:518)
[info]   at org.scalatestplus.scalacheck.UnitCheckerAsserting$CheckerAssertingImpl.check(CheckerAsserting.scala:90)
[info]   at org.scalatestplus.scalacheck.Checkers.check(Checkers.scala:371)
[info]   at org.scalatestplus.scalacheck.Checkers.check$(Checkers.scala:369)
[info]   at frameless.TypedDatasetSuite.check(TypedDatasetSuite.scala:63)
[info]   at frameless.OrderByTests.$anonfun$new$212(OrderByTests.scala:177)
[info]   at org.scalatest.OutcomeOf.outcomeOf(OutcomeOf.scala:85)
[info]   at org.scalatest.OutcomeOf.outcomeOf$(OutcomeOf.scala:83)
[info]   at org.scalatest.OutcomeOf$.outcomeOf(OutcomeOf.scala:104)
[info]   at org.scalatest.Transformer.apply(Transformer.scala:22)
[info]   at org.scalatest.Transformer.apply(Transformer.scala:20)
[info]   at org.scalatest.funsuite.AnyFunSuiteLike$$anon$1.apply(AnyFunSuiteLike.scala:226)
[info]   at org.scalatest.TestSuite.withFixture(TestSuite.scala:196)
[info]   at org.scalatest.TestSuite.withFixture$(TestSuite.scala:195)
[info]   at org.scalatest.funsuite.AnyFunSuite.withFixture(AnyFunSuite.scala:1564)
[info]   at org.scalatest.funsuite.AnyFunSuiteLike.invokeWithFixture$1(AnyFunSuiteLike.scala:224)
[info]   at org.scalatest.funsuite.AnyFunSuiteLike.$anonfun$runTest$1(AnyFunSuiteLike.scala:236)
[info]   at org.scalatest.SuperEngine.runTestImpl(Engine.scala:306)
[info]   at org.scalatest.funsuite.AnyFunSuiteLike.runTest(AnyFunSuiteLike.scala:236)
[info]   at org.scalatest.funsuite.AnyFunSuiteLike.runTest$(AnyFunSuiteLike.scala:218)
[info]   at org.scalatest.funsuite.AnyFunSuite.runTest(AnyFunSuite.scala:1564)
[info]   at org.scalatest.funsuite.AnyFunSuiteLike.$anonfun$runTests$1(AnyFunSuiteLike.scala:269)
[info]   at org.scalatest.SuperEngine.$anonfun$runTestsInBranch$1(Engine.scala:413)
[info]   at scala.collection.immutable.List.foreach(List.scala:334)
[info]   at org.scalatest.SuperEngine.traverseSubNodes$1(Engine.scala:401)
[info]   at org.scalatest.SuperEngine.runTestsInBranch(Engine.scala:396)
[info]   at org.scalatest.SuperEngine.runTestsImpl(Engine.scala:475)
[info]   at org.scalatest.funsuite.AnyFunSuiteLike.runTests(AnyFunSuiteLike.scala:269)
[info]   at org.scalatest.funsuite.AnyFunSuiteLike.runTests$(AnyFunSuiteLike.scala:268)
[info]   at org.scalatest.funsuite.AnyFunSuite.runTests(AnyFunSuite.scala:1564)
[info]   at org.scalatest.Suite.run(Suite.scala:1114)
[info]   at org.scalatest.Suite.run$(Suite.scala:1096)
[info]   at org.scalatest.funsuite.AnyFunSuite.org$scalatest$funsuite$AnyFunSuiteLike$$super$run(AnyFunSuite.scala:1564)
[info]   at org.scalatest.funsuite.AnyFunSuiteLike.$anonfun$run$1(AnyFunSuiteLike.scala:273)
[info]   at org.scalatest.SuperEngine.runImpl(Engine.scala:535)
[info]   at org.scalatest.funsuite.AnyFunSuiteLike.run(AnyFunSuiteLike.scala:273)
[info]   at org.scalatest.funsuite.AnyFunSuiteLike.run$(AnyFunSuiteLike.scala:272)
[info]   at frameless.TypedDatasetSuite.org$scalatest$BeforeAndAfterAll$$super$run(TypedDatasetSuite.scala:63)
[info]   at org.scalatest.BeforeAndAfterAll.liftedTree1$1(BeforeAndAfterAll.scala:213)
[info]   at org.scalatest.BeforeAndAfterAll.run(BeforeAndAfterAll.scala:210)
[info]   at org.scalatest.BeforeAndAfterAll.run$(BeforeAndAfterAll.scala:208)
[info]   at frameless.TypedDatasetSuite.run(TypedDatasetSuite.scala:63)
[info]   at org.scalatest.tools.Framework.org$scalatest$tools$Framework$$runSuite(Framework.scala:321)
[info]   at org.scalatest.tools.Framework$ScalaTestTask.execute(Framework.scala:517)
[info]   at sbt.ForkMain$Run.lambda$runTest$1(ForkMain.java:414)
[info]   at java.base/java.util.concurrent.FutureTask.run(FutureTask.java:317)
[info]   at java.base/java.util.concurrent.ThreadPoolExecutor.runWorker(ThreadPoolExecutor.java:1144)
[info]   at java.base/java.util.concurrent.ThreadPoolExecutor$Worker.run(ThreadPoolExecutor.java:642)
[info]   at java.base/java.lang.Thread.run(Thread.java:1583)
[info] - derives a CatalystOrdered for tuples when all fields are comparable *** FAILED *** (5 milliseconds)
[info]   IllegalArgumentException was thrown during property evaluation.
[info]     Message: argument type mismatch
[info]     Occurred when passed generated values (
[info]       arg0 = Vector()
[info]     )
[info]   org.scalatest.exceptions.GeneratorDrivenPropertyCheckFailedException:
[info]   at org.scalatestplus.scalacheck.CheckerAsserting$$anon$2.indicateFailure(CheckerAsserting.scala:251)
[info]   at org.scalatestplus.scalacheck.CheckerAsserting$$anon$2.indicateFailure(CheckerAsserting.scala:238)
[info]   at org.scalatestplus.scalacheck.UnitCheckerAsserting$CheckerAssertingImpl.check(CheckerAsserting.scala:160)
[info]   at org.scalatestplus.scalacheck.Checkers.check(Checkers.scala:371)
[info]   at org.scalatestplus.scalacheck.Checkers.check$(Checkers.scala:369)
[info]   at frameless.TypedDatasetSuite.check(TypedDatasetSuite.scala:63)
[info]   at frameless.OrderByTests.$anonfun$new$261(OrderByTests.scala:198)
[info]   at org.scalatest.OutcomeOf.outcomeOf(OutcomeOf.scala:85)
[info]   at org.scalatest.OutcomeOf.outcomeOf$(OutcomeOf.scala:83)
[info]   at org.scalatest.OutcomeOf$.outcomeOf(OutcomeOf.scala:104)
[info]   at org.scalatest.Transformer.apply(Transformer.scala:22)
[info]   at org.scalatest.Transformer.apply(Transformer.scala:20)
[info]   at org.scalatest.funsuite.AnyFunSuiteLike$$anon$1.apply(AnyFunSuiteLike.scala:226)
[info]   at org.scalatest.TestSuite.withFixture(TestSuite.scala:196)
[info]   at org.scalatest.TestSuite.withFixture$(TestSuite.scala:195)
[info]   at org.scalatest.funsuite.AnyFunSuite.withFixture(AnyFunSuite.scala:1564)
[info]   at org.scalatest.funsuite.AnyFunSuiteLike.invokeWithFixture$1(AnyFunSuiteLike.scala:224)
[info]   at org.scalatest.funsuite.AnyFunSuiteLike.$anonfun$runTest$1(AnyFunSuiteLike.scala:236)
[info]   at org.scalatest.SuperEngine.runTestImpl(Engine.scala:306)
[info]   at org.scalatest.funsuite.AnyFunSuiteLike.runTest(AnyFunSuiteLike.scala:236)
[info]   at org.scalatest.funsuite.AnyFunSuiteLike.runTest$(AnyFunSuiteLike.scala:218)
[info]   at org.scalatest.funsuite.AnyFunSuite.runTest(AnyFunSuite.scala:1564)
[info]   at org.scalatest.funsuite.AnyFunSuiteLike.$anonfun$runTests$1(AnyFunSuiteLike.scala:269)
[info]   at org.scalatest.SuperEngine.$anonfun$runTestsInBranch$1(Engine.scala:413)
[info]   at scala.collection.immutable.List.foreach(List.scala:334)
[info]   at org.scalatest.SuperEngine.traverseSubNodes$1(Engine.scala:401)
[info]   at org.scalatest.SuperEngine.runTestsInBranch(Engine.scala:396)
[info]   at org.scalatest.SuperEngine.runTestsImpl(Engine.scala:475)
[info]   at org.scalatest.funsuite.AnyFunSuiteLike.runTests(AnyFunSuiteLike.scala:269)
[info]   at org.scalatest.funsuite.AnyFunSuiteLike.runTests$(AnyFunSuiteLike.scala:268)
[info]   at org.scalatest.funsuite.AnyFunSuite.runTests(AnyFunSuite.scala:1564)
[info]   at org.scalatest.Suite.run(Suite.scala:1114)
[info]   at org.scalatest.Suite.run$(Suite.scala:1096)
[info]   at org.scalatest.funsuite.AnyFunSuite.org$scalatest$funsuite$AnyFunSuiteLike$$super$run(AnyFunSuite.scala:1564)
[info]   at org.scalatest.funsuite.AnyFunSuiteLike.$anonfun$run$1(AnyFunSuiteLike.scala:273)
[info]   at org.scalatest.SuperEngine.runImpl(Engine.scala:535)
[info]   at org.scalatest.funsuite.AnyFunSuiteLike.run(AnyFunSuiteLike.scala:273)
[info]   at org.scalatest.funsuite.AnyFunSuiteLike.run$(AnyFunSuiteLike.scala:272)
[info]   at frameless.TypedDatasetSuite.org$scalatest$BeforeAndAfterAll$$super$run(TypedDatasetSuite.scala:63)
[info]   at org.scalatest.BeforeAndAfterAll.liftedTree1$1(BeforeAndAfterAll.scala:213)
[info]   at org.scalatest.BeforeAndAfterAll.run(BeforeAndAfterAll.scala:210)
[info]   at org.scalatest.BeforeAndAfterAll.run$(BeforeAndAfterAll.scala:208)
[info]   at frameless.TypedDatasetSuite.run(TypedDatasetSuite.scala:63)
[info]   at org.scalatest.tools.Framework.org$scalatest$tools$Framework$$runSuite(Framework.scala:321)
[info]   at org.scalatest.tools.Framework$ScalaTestTask.execute(Framework.scala:517)
[info]   at sbt.ForkMain$Run.lambda$runTest$1(ForkMain.java:414)
[info]   at java.base/java.util.concurrent.FutureTask.run(FutureTask.java:317)
[info]   at java.base/java.util.concurrent.ThreadPoolExecutor.runWorker(ThreadPoolExecutor.java:1144)
[info]   at java.base/java.util.concurrent.ThreadPoolExecutor$Worker.run(ThreadPoolExecutor.java:642)
[info]   at java.base/java.lang.Thread.run(Thread.java:1583)
[info]   Cause: java.lang.IllegalArgumentException: argument type mismatch
[info]   at java.base/jdk.internal.reflect.DirectConstructorHandleAccessor.newInstance(DirectConstructorHandleAccessor.java:65)
[info]   at java.base/java.lang.reflect.Constructor.newInstanceWithCaller(Constructor.java:502)
[info]   at java.base/java.lang.reflect.Constructor.newInstance(Constructor.java:486)
[info]   at frameless.TypedExpressionEncoder$.$anonfun$apply$3(TypedExpressionEncoder.scala:55)
[info]   at scala.Option.map(Option.scala:242)
[info]   at frameless.TypedExpressionEncoder$.apply(TypedExpressionEncoder.scala:54)
[info]   at frameless.TypedDataset$.create(TypedDataset.scala:1325)
[info]   at frameless.OrderByTests.prop$9(OrderByTests.scala:189)
[info]   at frameless.OrderByTests.$anonfun$new$283(OrderByTests.scala:198)
[info]   at scala.Function1.$anonfun$andThen$1(Function1.scala:87)
[info]   at org.scalacheck.Prop$.$anonfun$forAllShrink$2(Prop.scala:868)
[info]   at org.scalacheck.Prop$.secure(Prop.scala:484)
[info]   at org.scalacheck.Prop$.result$1(Prop.scala:868)
[info]   at org.scalacheck.Prop$.$anonfun$forAllShrink$1(Prop.scala:915)
[info]   at org.scalacheck.Prop$.$anonfun$apply$1(Prop.scala:305)
[info]   at org.scalacheck.PropFromFun.apply(Prop.scala:20)
[info]   at org.scalacheck.Test$.workerFun$1(Test.scala:486)
[info]   at org.scalacheck.Test$.$anonfun$check$4(Test.scala:518)
[info]   at org.scalacheck.Test$.$anonfun$check$4$adapted(Test.scala:518)
[info]   at org.scalacheck.Platform$.runWorkers(Platform.scala:42)
[info]   at org.scalacheck.Test$.check(Test.scala:518)
[info]   at org.scalatestplus.scalacheck.UnitCheckerAsserting$CheckerAssertingImpl.check(CheckerAsserting.scala:90)
[info]   at org.scalatestplus.scalacheck.Checkers.check(Checkers.scala:371)
[info]   at org.scalatestplus.scalacheck.Checkers.check$(Checkers.scala:369)
[info]   at frameless.TypedDatasetSuite.check(TypedDatasetSuite.scala:63)
[info]   at frameless.OrderByTests.$anonfun$new$261(OrderByTests.scala:198)
[info]   at org.scalatest.OutcomeOf.outcomeOf(OutcomeOf.scala:85)
[info]   at org.scalatest.OutcomeOf.outcomeOf$(OutcomeOf.scala:83)
[info]   at org.scalatest.OutcomeOf$.outcomeOf(OutcomeOf.scala:104)
[info]   at org.scalatest.Transformer.apply(Transformer.scala:22)
[info]   at org.scalatest.Transformer.apply(Transformer.scala:20)
[info]   at org.scalatest.funsuite.AnyFunSuiteLike$$anon$1.apply(AnyFunSuiteLike.scala:226)
[info]   at org.scalatest.TestSuite.withFixture(TestSuite.scala:196)
[info]   at org.scalatest.TestSuite.withFixture$(TestSuite.scala:195)
[info]   at org.scalatest.funsuite.AnyFunSuite.withFixture(AnyFunSuite.scala:1564)
[info]   at org.scalatest.funsuite.AnyFunSuiteLike.invokeWithFixture$1(AnyFunSuiteLike.scala:224)
[info]   at org.scalatest.funsuite.AnyFunSuiteLike.$anonfun$runTest$1(AnyFunSuiteLike.scala:236)
[info]   at org.scalatest.SuperEngine.runTestImpl(Engine.scala:306)
[info]   at org.scalatest.funsuite.AnyFunSuiteLike.runTest(AnyFunSuiteLike.scala:236)
[info]   at org.scalatest.funsuite.AnyFunSuiteLike.runTest$(AnyFunSuiteLike.scala:218)
[info]   at org.scalatest.funsuite.AnyFunSuite.runTest(AnyFunSuite.scala:1564)
[info]   at org.scalatest.funsuite.AnyFunSuiteLike.$anonfun$runTests$1(AnyFunSuiteLike.scala:269)
[info]   at org.scalatest.SuperEngine.$anonfun$runTestsInBranch$1(Engine.scala:413)
[info]   at scala.collection.immutable.List.foreach(List.scala:334)
[info]   at org.scalatest.SuperEngine.traverseSubNodes$1(Engine.scala:401)
[info]   at org.scalatest.SuperEngine.runTestsInBranch(Engine.scala:396)
[info]   at org.scalatest.SuperEngine.runTestsImpl(Engine.scala:475)
[info]   at org.scalatest.funsuite.AnyFunSuiteLike.runTests(AnyFunSuiteLike.scala:269)
[info]   at org.scalatest.funsuite.AnyFunSuiteLike.runTests$(AnyFunSuiteLike.scala:268)
[info]   at org.scalatest.funsuite.AnyFunSuite.runTests(AnyFunSuite.scala:1564)
[info]   at org.scalatest.Suite.run(Suite.scala:1114)
[info]   at org.scalatest.Suite.run$(Suite.scala:1096)
[info]   at org.scalatest.funsuite.AnyFunSuite.org$scalatest$funsuite$AnyFunSuiteLike$$super$run(AnyFunSuite.scala:1564)
[info]   at org.scalatest.funsuite.AnyFunSuiteLike.$anonfun$run$1(AnyFunSuiteLike.scala:273)
[info]   at org.scalatest.SuperEngine.runImpl(Engine.scala:535)
[info]   at org.scalatest.funsuite.AnyFunSuiteLike.run(AnyFunSuiteLike.scala:273)
[info]   at org.scalatest.funsuite.AnyFunSuiteLike.run$(AnyFunSuiteLike.scala:272)
[info]   at frameless.TypedDatasetSuite.org$scalatest$BeforeAndAfterAll$$super$run(TypedDatasetSuite.scala:63)
[info]   at org.scalatest.BeforeAndAfterAll.liftedTree1$1(BeforeAndAfterAll.scala:213)
[info]   at org.scalatest.BeforeAndAfterAll.run(BeforeAndAfterAll.scala:210)
[info]   at org.scalatest.BeforeAndAfterAll.run$(BeforeAndAfterAll.scala:208)
[info]   at frameless.TypedDatasetSuite.run(TypedDatasetSuite.scala:63)
[info]   at org.scalatest.tools.Framework.org$scalatest$tools$Framework$$runSuite(Framework.scala:321)
[info]   at org.scalatest.tools.Framework$ScalaTestTask.execute(Framework.scala:517)
[info]   at sbt.ForkMain$Run.lambda$runTest$1(ForkMain.java:414)
[info]   at java.base/java.util.concurrent.FutureTask.run(FutureTask.java:317)
[info]   at java.base/java.util.concurrent.ThreadPoolExecutor.runWorker(ThreadPoolExecutor.java:1144)
[info]   at java.base/java.util.concurrent.ThreadPoolExecutor$Worker.run(ThreadPoolExecutor.java:642)
[info]   at java.base/java.lang.Thread.run(Thread.java:1583)
[info]   Cause: java.lang.ClassCastException: Cannot cast scala.reflect.ClassTag$GenericClassTag to org.apache.spark.sql.catalyst.expressions.Expression
[info]   at java.base/java.lang.Class.cast(Class.java:4067)
[info]   at java.base/jdk.internal.reflect.DirectConstructorHandleAccessor.newInstance(DirectConstructorHandleAccessor.java:62)
[info]   at java.base/java.lang.reflect.Constructor.newInstanceWithCaller(Constructor.java:502)
[info]   at java.base/java.lang.reflect.Constructor.newInstance(Constructor.java:486)
[info]   at frameless.TypedExpressionEncoder$.$anonfun$apply$3(TypedExpressionEncoder.scala:55)
[info]   at scala.Option.map(Option.scala:242)
[info]   at frameless.TypedExpressionEncoder$.apply(TypedExpressionEncoder.scala:54)
[info]   at frameless.TypedDataset$.create(TypedDataset.scala:1325)
[info]   at frameless.OrderByTests.prop$9(OrderByTests.scala:189)
[info]   at frameless.OrderByTests.$anonfun$new$283(OrderByTests.scala:198)
[info]   at scala.Function1.$anonfun$andThen$1(Function1.scala:87)
[info]   at org.scalacheck.Prop$.$anonfun$forAllShrink$2(Prop.scala:868)
[info]   at org.scalacheck.Prop$.secure(Prop.scala:484)
[info]   at org.scalacheck.Prop$.result$1(Prop.scala:868)
[info]   at org.scalacheck.Prop$.$anonfun$forAllShrink$1(Prop.scala:915)
[info]   at org.scalacheck.Prop$.$anonfun$apply$1(Prop.scala:305)
[info]   at org.scalacheck.PropFromFun.apply(Prop.scala:20)
[info]   at org.scalacheck.Test$.workerFun$1(Test.scala:486)
[info]   at org.scalacheck.Test$.$anonfun$check$4(Test.scala:518)
[info]   at org.scalacheck.Test$.$anonfun$check$4$adapted(Test.scala:518)
[info]   at org.scalacheck.Platform$.runWorkers(Platform.scala:42)
[info]   at org.scalacheck.Test$.check(Test.scala:518)
[info]   at org.scalatestplus.scalacheck.UnitCheckerAsserting$CheckerAssertingImpl.check(CheckerAsserting.scala:90)
[info]   at org.scalatestplus.scalacheck.Checkers.check(Checkers.scala:371)
[info]   at org.scalatestplus.scalacheck.Checkers.check$(Checkers.scala:369)
[info]   at frameless.TypedDatasetSuite.check(TypedDatasetSuite.scala:63)
[info]   at frameless.OrderByTests.$anonfun$new$261(OrderByTests.scala:198)
[info]   at org.scalatest.OutcomeOf.outcomeOf(OutcomeOf.scala:85)
[info]   at org.scalatest.OutcomeOf.outcomeOf$(OutcomeOf.scala:83)
[info]   at org.scalatest.OutcomeOf$.outcomeOf(OutcomeOf.scala:104)
[info]   at org.scalatest.Transformer.apply(Transformer.scala:22)
[info]   at org.scalatest.Transformer.apply(Transformer.scala:20)
[info]   at org.scalatest.funsuite.AnyFunSuiteLike$$anon$1.apply(AnyFunSuiteLike.scala:226)
[info]   at org.scalatest.TestSuite.withFixture(TestSuite.scala:196)
[info]   at org.scalatest.TestSuite.withFixture$(TestSuite.scala:195)
[info]   at org.scalatest.funsuite.AnyFunSuite.withFixture(AnyFunSuite.scala:1564)
[info]   at org.scalatest.funsuite.AnyFunSuiteLike.invokeWithFixture$1(AnyFunSuiteLike.scala:224)
[info]   at org.scalatest.funsuite.AnyFunSuiteLike.$anonfun$runTest$1(AnyFunSuiteLike.scala:236)
[info]   at org.scalatest.SuperEngine.runTestImpl(Engine.scala:306)
[info]   at org.scalatest.funsuite.AnyFunSuiteLike.runTest(AnyFunSuiteLike.scala:236)
[info]   at org.scalatest.funsuite.AnyFunSuiteLike.runTest$(AnyFunSuiteLike.scala:218)
[info]   at org.scalatest.funsuite.AnyFunSuite.runTest(AnyFunSuite.scala:1564)
[info]   at org.scalatest.funsuite.AnyFunSuiteLike.$anonfun$runTests$1(AnyFunSuiteLike.scala:269)
[info]   at org.scalatest.SuperEngine.$anonfun$runTestsInBranch$1(Engine.scala:413)
[info]   at scala.collection.immutable.List.foreach(List.scala:334)
[info]   at org.scalatest.SuperEngine.traverseSubNodes$1(Engine.scala:401)
[info]   at org.scalatest.SuperEngine.runTestsInBranch(Engine.scala:396)
[info]   at org.scalatest.SuperEngine.runTestsImpl(Engine.scala:475)
[info]   at org.scalatest.funsuite.AnyFunSuiteLike.runTests(AnyFunSuiteLike.scala:269)
[info]   at org.scalatest.funsuite.AnyFunSuiteLike.runTests$(AnyFunSuiteLike.scala:268)
[info]   at org.scalatest.funsuite.AnyFunSuite.runTests(AnyFunSuite.scala:1564)
[info]   at org.scalatest.Suite.run(Suite.scala:1114)
[info]   at org.scalatest.Suite.run$(Suite.scala:1096)
[info]   at org.scalatest.funsuite.AnyFunSuite.org$scalatest$funsuite$AnyFunSuiteLike$$super$run(AnyFunSuite.scala:1564)
[info]   at org.scalatest.funsuite.AnyFunSuiteLike.$anonfun$run$1(AnyFunSuiteLike.scala:273)
[info]   at org.scalatest.SuperEngine.runImpl(Engine.scala:535)
[info]   at org.scalatest.funsuite.AnyFunSuiteLike.run(AnyFunSuiteLike.scala:273)
[info]   at org.scalatest.funsuite.AnyFunSuiteLike.run$(AnyFunSuiteLike.scala:272)
[info]   at frameless.TypedDatasetSuite.org$scalatest$BeforeAndAfterAll$$super$run(TypedDatasetSuite.scala:63)
[info]   at org.scalatest.BeforeAndAfterAll.liftedTree1$1(BeforeAndAfterAll.scala:213)
[info]   at org.scalatest.BeforeAndAfterAll.run(BeforeAndAfterAll.scala:210)
[info]   at org.scalatest.BeforeAndAfterAll.run$(BeforeAndAfterAll.scala:208)
[info]   at frameless.TypedDatasetSuite.run(TypedDatasetSuite.scala:63)
[info]   at org.scalatest.tools.Framework.org$scalatest$tools$Framework$$runSuite(Framework.scala:321)
[info]   at org.scalatest.tools.Framework$ScalaTestTask.execute(Framework.scala:517)
[info]   at sbt.ForkMain$Run.lambda$runTest$1(ForkMain.java:414)
[info]   at java.base/java.util.concurrent.FutureTask.run(FutureTask.java:317)
[info]   at java.base/java.util.concurrent.ThreadPoolExecutor.runWorker(ThreadPoolExecutor.java:1144)
[info]   at java.base/java.util.concurrent.ThreadPoolExecutor$Worker.run(ThreadPoolExecutor.java:642)
[info]   at java.base/java.lang.Thread.run(Thread.java:1583)
[info] - fails to compile when one of the field isn't comparable *** FAILED *** (6 milliseconds)
[info]   java.lang.IllegalArgumentException: argument type mismatch
[info]   at java.base/jdk.internal.reflect.DirectConstructorHandleAccessor.newInstance(DirectConstructorHandleAccessor.java:65)
[info]   at java.base/java.lang.reflect.Constructor.newInstanceWithCaller(Constructor.java:502)
[info]   at java.base/java.lang.reflect.Constructor.newInstance(Constructor.java:486)
[info]   at frameless.TypedExpressionEncoder$.$anonfun$apply$3(TypedExpressionEncoder.scala:55)
[info]   at scala.Option.map(Option.scala:242)
[info]   at frameless.TypedExpressionEncoder$.apply(TypedExpressionEncoder.scala:54)
[info]   at frameless.TypedDataset$.create(TypedDataset.scala:1325)
[info]   at frameless.OrderByTests.$anonfun$new$310(OrderByTests.scala:205)
[info]   at scala.runtime.java8.JFunction0$mcV$sp.apply(JFunction0$mcV$sp.scala:18)
[info]   at org.scalatest.OutcomeOf.outcomeOf(OutcomeOf.scala:85)
[info]   at org.scalatest.OutcomeOf.outcomeOf$(OutcomeOf.scala:83)
[info]   at org.scalatest.OutcomeOf$.outcomeOf(OutcomeOf.scala:104)
[info]   at org.scalatest.Transformer.apply(Transformer.scala:22)
[info]   at org.scalatest.Transformer.apply(Transformer.scala:20)
[info]   at org.scalatest.funsuite.AnyFunSuiteLike$$anon$1.apply(AnyFunSuiteLike.scala:226)
[info]   at org.scalatest.TestSuite.withFixture(TestSuite.scala:196)
[info]   at org.scalatest.TestSuite.withFixture$(TestSuite.scala:195)
[info]   at org.scalatest.funsuite.AnyFunSuite.withFixture(AnyFunSuite.scala:1564)
[info]   at org.scalatest.funsuite.AnyFunSuiteLike.invokeWithFixture$1(AnyFunSuiteLike.scala:224)
[info]   at org.scalatest.funsuite.AnyFunSuiteLike.$anonfun$runTest$1(AnyFunSuiteLike.scala:236)
[info]   at org.scalatest.SuperEngine.runTestImpl(Engine.scala:306)
[info]   at org.scalatest.funsuite.AnyFunSuiteLike.runTest(AnyFunSuiteLike.scala:236)
[info]   at org.scalatest.funsuite.AnyFunSuiteLike.runTest$(AnyFunSuiteLike.scala:218)
[info]   at org.scalatest.funsuite.AnyFunSuite.runTest(AnyFunSuite.scala:1564)
[info]   at org.scalatest.funsuite.AnyFunSuiteLike.$anonfun$runTests$1(AnyFunSuiteLike.scala:269)
[info]   at org.scalatest.SuperEngine.$anonfun$runTestsInBranch$1(Engine.scala:413)
[info]   at scala.collection.immutable.List.foreach(List.scala:334)
[info]   at org.scalatest.SuperEngine.traverseSubNodes$1(Engine.scala:401)
[info]   at org.scalatest.SuperEngine.runTestsInBranch(Engine.scala:396)
[info]   at org.scalatest.SuperEngine.runTestsImpl(Engine.scala:475)
[info]   at org.scalatest.funsuite.AnyFunSuiteLike.runTests(AnyFunSuiteLike.scala:269)
[info]   at org.scalatest.funsuite.AnyFunSuiteLike.runTests$(AnyFunSuiteLike.scala:268)
[info]   at org.scalatest.funsuite.AnyFunSuite.runTests(AnyFunSuite.scala:1564)
[info]   at org.scalatest.Suite.run(Suite.scala:1114)
[info]   at org.scalatest.Suite.run$(Suite.scala:1096)
[info]   at org.scalatest.funsuite.AnyFunSuite.org$scalatest$funsuite$AnyFunSuiteLike$$super$run(AnyFunSuite.scala:1564)
[info]   at org.scalatest.funsuite.AnyFunSuiteLike.$anonfun$run$1(AnyFunSuiteLike.scala:273)
[info]   at org.scalatest.SuperEngine.runImpl(Engine.scala:535)
[info]   at org.scalatest.funsuite.AnyFunSuiteLike.run(AnyFunSuiteLike.scala:273)
[info]   at org.scalatest.funsuite.AnyFunSuiteLike.run$(AnyFunSuiteLike.scala:272)
[info]   at frameless.TypedDatasetSuite.org$scalatest$BeforeAndAfterAll$$super$run(TypedDatasetSuite.scala:63)
[info]   at org.scalatest.BeforeAndAfterAll.liftedTree1$1(BeforeAndAfterAll.scala:213)
[info]   at org.scalatest.BeforeAndAfterAll.run(BeforeAndAfterAll.scala:210)
[info]   at org.scalatest.BeforeAndAfterAll.run$(BeforeAndAfterAll.scala:208)
[info]   at frameless.TypedDatasetSuite.run(TypedDatasetSuite.scala:63)
[info]   at org.scalatest.tools.Framework.org$scalatest$tools$Framework$$runSuite(Framework.scala:321)
[info]   at org.scalatest.tools.Framework$ScalaTestTask.execute(Framework.scala:517)
[info]   at sbt.ForkMain$Run.lambda$runTest$1(ForkMain.java:414)
[info]   at java.base/java.util.concurrent.FutureTask.run(FutureTask.java:317)
[info]   at java.base/java.util.concurrent.ThreadPoolExecutor.runWorker(ThreadPoolExecutor.java:1144)
[info]   at java.base/java.util.concurrent.ThreadPoolExecutor$Worker.run(ThreadPoolExecutor.java:642)
[info]   at java.base/java.lang.Thread.run(Thread.java:1583)
[info]   Cause: java.lang.ClassCastException: Cannot cast scala.reflect.ClassTag$GenericClassTag to org.apache.spark.sql.catalyst.expressions.Expression
[info]   at java.base/java.lang.Class.cast(Class.java:4067)
[info]   at java.base/jdk.internal.reflect.DirectConstructorHandleAccessor.newInstance(DirectConstructorHandleAccessor.java:62)
[info]   at java.base/java.lang.reflect.Constructor.newInstanceWithCaller(Constructor.java:502)
[info]   at java.base/java.lang.reflect.Constructor.newInstance(Constructor.java:486)
[info]   at frameless.TypedExpressionEncoder$.$anonfun$apply$3(TypedExpressionEncoder.scala:55)
[info]   at scala.Option.map(Option.scala:242)
[info]   at frameless.TypedExpressionEncoder$.apply(TypedExpressionEncoder.scala:54)
[info]   at frameless.TypedDataset$.create(TypedDataset.scala:1325)
[info]   at frameless.OrderByTests.$anonfun$new$310(OrderByTests.scala:205)
[info]   at scala.runtime.java8.JFunction0$mcV$sp.apply(JFunction0$mcV$sp.scala:18)
[info]   at org.scalatest.OutcomeOf.outcomeOf(OutcomeOf.scala:85)
[info]   at org.scalatest.OutcomeOf.outcomeOf$(OutcomeOf.scala:83)
[info]   at org.scalatest.OutcomeOf$.outcomeOf(OutcomeOf.scala:104)
[info]   at org.scalatest.Transformer.apply(Transformer.scala:22)
[info]   at org.scalatest.Transformer.apply(Transformer.scala:20)
[info]   at org.scalatest.funsuite.AnyFunSuiteLike$$anon$1.apply(AnyFunSuiteLike.scala:226)
[info]   at org.scalatest.TestSuite.withFixture(TestSuite.scala:196)
[info]   at org.scalatest.TestSuite.withFixture$(TestSuite.scala:195)
[info]   at org.scalatest.funsuite.AnyFunSuite.withFixture(AnyFunSuite.scala:1564)
[info]   at org.scalatest.funsuite.AnyFunSuiteLike.invokeWithFixture$1(AnyFunSuiteLike.scala:224)
[info]   at org.scalatest.funsuite.AnyFunSuiteLike.$anonfun$runTest$1(AnyFunSuiteLike.scala:236)
[info]   at org.scalatest.SuperEngine.runTestImpl(Engine.scala:306)
[info]   at org.scalatest.funsuite.AnyFunSuiteLike.runTest(AnyFunSuiteLike.scala:236)
[info]   at org.scalatest.funsuite.AnyFunSuiteLike.runTest$(AnyFunSuiteLike.scala:218)
[info]   at org.scalatest.funsuite.AnyFunSuite.runTest(AnyFunSuite.scala:1564)
[info]   at org.scalatest.funsuite.AnyFunSuiteLike.$anonfun$runTests$1(AnyFunSuiteLike.scala:269)
[info]   at org.scalatest.SuperEngine.$anonfun$runTestsInBranch$1(Engine.scala:413)
[info]   at scala.collection.immutable.List.foreach(List.scala:334)
[info]   at org.scalatest.SuperEngine.traverseSubNodes$1(Engine.scala:401)
[info]   at org.scalatest.SuperEngine.runTestsInBranch(Engine.scala:396)
[info]   at org.scalatest.SuperEngine.runTestsImpl(Engine.scala:475)
[info]   at org.scalatest.funsuite.AnyFunSuiteLike.runTests(AnyFunSuiteLike.scala:269)
[info]   at org.scalatest.funsuite.AnyFunSuiteLike.runTests$(AnyFunSuiteLike.scala:268)
[info]   at org.scalatest.funsuite.AnyFunSuite.runTests(AnyFunSuite.scala:1564)
[info]   at org.scalatest.Suite.run(Suite.scala:1114)
[info]   at org.scalatest.Suite.run$(Suite.scala:1096)
[info]   at org.scalatest.funsuite.AnyFunSuite.org$scalatest$funsuite$AnyFunSuiteLike$$super$run(AnyFunSuite.scala:1564)
[info]   at org.scalatest.funsuite.AnyFunSuiteLike.$anonfun$run$1(AnyFunSuiteLike.scala:273)
[info]   at org.scalatest.SuperEngine.runImpl(Engine.scala:535)
[info]   at org.scalatest.funsuite.AnyFunSuiteLike.run(AnyFunSuiteLike.scala:273)
[info]   at org.scalatest.funsuite.AnyFunSuiteLike.run$(AnyFunSuiteLike.scala:272)
[info]   at frameless.TypedDatasetSuite.org$scalatest$BeforeAndAfterAll$$super$run(TypedDatasetSuite.scala:63)
[info]   at org.scalatest.BeforeAndAfterAll.liftedTree1$1(BeforeAndAfterAll.scala:213)
[info]   at org.scalatest.BeforeAndAfterAll.run(BeforeAndAfterAll.scala:210)
[info]   at org.scalatest.BeforeAndAfterAll.run$(BeforeAndAfterAll.scala:208)
[info]   at frameless.TypedDatasetSuite.run(TypedDatasetSuite.scala:63)
[info]   at org.scalatest.tools.Framework.org$scalatest$tools$Framework$$runSuite(Framework.scala:321)
[info]   at org.scalatest.tools.Framework$ScalaTestTask.execute(Framework.scala:517)
[info]   at sbt.ForkMain$Run.lambda$runTest$1(ForkMain.java:414)
[info]   at java.base/java.util.concurrent.FutureTask.run(FutureTask.java:317)
[info]   at java.base/java.util.concurrent.ThreadPoolExecutor.runWorker(ThreadPoolExecutor.java:1144)
[info]   at java.base/java.util.concurrent.ThreadPoolExecutor$Worker.run(ThreadPoolExecutor.java:642)
[info]   at java.base/java.lang.Thread.run(Thread.java:1583)
[info] ExceptTests:
[info] - except *** FAILED *** (0 milliseconds)
[info]   IllegalArgumentException was thrown during property evaluation.
[info]     Message: argument type mismatch
[info]     Occurred when passed generated values (
[info]       arg0 = Set(),
[info]       arg1 = Set()
[info]     )
[info]   org.scalatest.exceptions.GeneratorDrivenPropertyCheckFailedException:
[info]   at org.scalatestplus.scalacheck.CheckerAsserting$$anon$2.indicateFailure(CheckerAsserting.scala:251)
[info]   at org.scalatestplus.scalacheck.CheckerAsserting$$anon$2.indicateFailure(CheckerAsserting.scala:238)
[info]   at org.scalatestplus.scalacheck.UnitCheckerAsserting$CheckerAssertingImpl.check(CheckerAsserting.scala:160)
[info]   at org.scalatestplus.scalacheck.Checkers.check(Checkers.scala:371)
[info]   at org.scalatestplus.scalacheck.Checkers.check$(Checkers.scala:369)
[info]   at frameless.TypedDatasetSuite.check(TypedDatasetSuite.scala:63)
[info]   at frameless.ExceptTests.$anonfun$new$1(ExceptTests.scala:20)
[info]   at org.scalatest.OutcomeOf.outcomeOf(OutcomeOf.scala:85)
[info]   at org.scalatest.OutcomeOf.outcomeOf$(OutcomeOf.scala:83)
[info]   at org.scalatest.OutcomeOf$.outcomeOf(OutcomeOf.scala:104)
[info]   at org.scalatest.Transformer.apply(Transformer.scala:22)
[info]   at org.scalatest.Transformer.apply(Transformer.scala:20)
[info]   at org.scalatest.funsuite.AnyFunSuiteLike$$anon$1.apply(AnyFunSuiteLike.scala:226)
[info]   at org.scalatest.TestSuite.withFixture(TestSuite.scala:196)
[info]   at org.scalatest.TestSuite.withFixture$(TestSuite.scala:195)
[info]   at org.scalatest.funsuite.AnyFunSuite.withFixture(AnyFunSuite.scala:1564)
[info]   at org.scalatest.funsuite.AnyFunSuiteLike.invokeWithFixture$1(AnyFunSuiteLike.scala:224)
[info]   at org.scalatest.funsuite.AnyFunSuiteLike.$anonfun$runTest$1(AnyFunSuiteLike.scala:236)
[info]   at org.scalatest.SuperEngine.runTestImpl(Engine.scala:306)
[info]   at org.scalatest.funsuite.AnyFunSuiteLike.runTest(AnyFunSuiteLike.scala:236)
[info]   at org.scalatest.funsuite.AnyFunSuiteLike.runTest$(AnyFunSuiteLike.scala:218)
[info]   at org.scalatest.funsuite.AnyFunSuite.runTest(AnyFunSuite.scala:1564)
[info]   at org.scalatest.funsuite.AnyFunSuiteLike.$anonfun$runTests$1(AnyFunSuiteLike.scala:269)
[info]   at org.scalatest.SuperEngine.$anonfun$runTestsInBranch$1(Engine.scala:413)
[info]   at scala.collection.immutable.List.foreach(List.scala:334)
[info]   at org.scalatest.SuperEngine.traverseSubNodes$1(Engine.scala:401)
[info]   at org.scalatest.SuperEngine.runTestsInBranch(Engine.scala:396)
[info]   at org.scalatest.SuperEngine.runTestsImpl(Engine.scala:475)
[info]   at org.scalatest.funsuite.AnyFunSuiteLike.runTests(AnyFunSuiteLike.scala:269)
[info]   at org.scalatest.funsuite.AnyFunSuiteLike.runTests$(AnyFunSuiteLike.scala:268)
[info]   at org.scalatest.funsuite.AnyFunSuite.runTests(AnyFunSuite.scala:1564)
[info]   at org.scalatest.Suite.run(Suite.scala:1114)
[info]   at org.scalatest.Suite.run$(Suite.scala:1096)
[info]   at org.scalatest.funsuite.AnyFunSuite.org$scalatest$funsuite$AnyFunSuiteLike$$super$run(AnyFunSuite.scala:1564)
[info]   at org.scalatest.funsuite.AnyFunSuiteLike.$anonfun$run$1(AnyFunSuiteLike.scala:273)
[info]   at org.scalatest.SuperEngine.runImpl(Engine.scala:535)
[info]   at org.scalatest.funsuite.AnyFunSuiteLike.run(AnyFunSuiteLike.scala:273)
[info]   at org.scalatest.funsuite.AnyFunSuiteLike.run$(AnyFunSuiteLike.scala:272)
[info]   at frameless.TypedDatasetSuite.org$scalatest$BeforeAndAfterAll$$super$run(TypedDatasetSuite.scala:63)
[info]   at org.scalatest.BeforeAndAfterAll.liftedTree1$1(BeforeAndAfterAll.scala:213)
[info]   at org.scalatest.BeforeAndAfterAll.run(BeforeAndAfterAll.scala:210)
[info]   at org.scalatest.BeforeAndAfterAll.run$(BeforeAndAfterAll.scala:208)
[info]   at frameless.TypedDatasetSuite.run(TypedDatasetSuite.scala:63)
[info]   at org.scalatest.tools.Framework.org$scalatest$tools$Framework$$runSuite(Framework.scala:321)
[info]   at org.scalatest.tools.Framework$ScalaTestTask.execute(Framework.scala:517)
[info]   at sbt.ForkMain$Run.lambda$runTest$1(ForkMain.java:414)
[info]   at java.base/java.util.concurrent.FutureTask.run(FutureTask.java:317)
[info]   at java.base/java.util.concurrent.ThreadPoolExecutor.runWorker(ThreadPoolExecutor.java:1144)
[info]   at java.base/java.util.concurrent.ThreadPoolExecutor$Worker.run(ThreadPoolExecutor.java:642)
[info]   at java.base/java.lang.Thread.run(Thread.java:1583)
[info]   Cause: java.lang.IllegalArgumentException: argument type mismatch
[info]   at java.base/jdk.internal.reflect.DirectConstructorHandleAccessor.newInstance(DirectConstructorHandleAccessor.java:65)
[info]   at java.base/java.lang.reflect.Constructor.newInstanceWithCaller(Constructor.java:502)
[info]   at java.base/java.lang.reflect.Constructor.newInstance(Constructor.java:486)
[info]   at frameless.TypedExpressionEncoder$.$anonfun$apply$3(TypedExpressionEncoder.scala:55)
[info]   at scala.Option.map(Option.scala:242)
[info]   at frameless.TypedExpressionEncoder$.apply(TypedExpressionEncoder.scala:54)
[info]   at frameless.TypedDataset$.create(TypedDataset.scala:1325)
[info]   at frameless.ExceptTests.prop$1(ExceptTests.scala:9)
[info]   at frameless.ExceptTests.$anonfun$new$6(ExceptTests.scala:20)
[info]   at org.scalacheck.Prop$.$anonfun$forAll$18(Prop.scala:1131)
[info]   at scala.Function1.$anonfun$andThen$1(Function1.scala:87)
[info]   at org.scalacheck.Prop$.$anonfun$forAllShrink$2(Prop.scala:868)
[info]   at org.scalacheck.Prop$.secure(Prop.scala:484)
[info]   at org.scalacheck.Prop$.result$1(Prop.scala:868)
[info]   at org.scalacheck.Prop$.$anonfun$forAllShrink$1(Prop.scala:915)
[info]   at org.scalacheck.Prop$.$anonfun$apply$1(Prop.scala:305)
[info]   at org.scalacheck.PropFromFun.apply(Prop.scala:20)
[info]   at org.scalacheck.Prop$.result$1(Prop.scala:869)
[info]   at org.scalacheck.Prop$.$anonfun$forAllShrink$1(Prop.scala:915)
[info]   at org.scalacheck.Prop$.$anonfun$apply$1(Prop.scala:305)
[info]   at org.scalacheck.PropFromFun.apply(Prop.scala:20)
[info]   at org.scalacheck.Test$.workerFun$1(Test.scala:486)
[info]   at org.scalacheck.Test$.$anonfun$check$4(Test.scala:518)
[info]   at org.scalacheck.Test$.$anonfun$check$4$adapted(Test.scala:518)
[info]   at org.scalacheck.Platform$.runWorkers(Platform.scala:42)
[info]   at org.scalacheck.Test$.check(Test.scala:518)
[info]   at org.scalatestplus.scalacheck.UnitCheckerAsserting$CheckerAssertingImpl.check(CheckerAsserting.scala:90)
[info]   at org.scalatestplus.scalacheck.Checkers.check(Checkers.scala:371)
[info]   at org.scalatestplus.scalacheck.Checkers.check$(Checkers.scala:369)
[info]   at frameless.TypedDatasetSuite.check(TypedDatasetSuite.scala:63)
[info]   at frameless.ExceptTests.$anonfun$new$1(ExceptTests.scala:20)
[info]   at org.scalatest.OutcomeOf.outcomeOf(OutcomeOf.scala:85)
[info]   at org.scalatest.OutcomeOf.outcomeOf$(OutcomeOf.scala:83)
[info]   at org.scalatest.OutcomeOf$.outcomeOf(OutcomeOf.scala:104)
[info]   at org.scalatest.Transformer.apply(Transformer.scala:22)
[info]   at org.scalatest.Transformer.apply(Transformer.scala:20)
[info]   at org.scalatest.funsuite.AnyFunSuiteLike$$anon$1.apply(AnyFunSuiteLike.scala:226)
[info]   at org.scalatest.TestSuite.withFixture(TestSuite.scala:196)
[info]   at org.scalatest.TestSuite.withFixture$(TestSuite.scala:195)
[info]   at org.scalatest.funsuite.AnyFunSuite.withFixture(AnyFunSuite.scala:1564)
[info]   at org.scalatest.funsuite.AnyFunSuiteLike.invokeWithFixture$1(AnyFunSuiteLike.scala:224)
[info]   at org.scalatest.funsuite.AnyFunSuiteLike.$anonfun$runTest$1(AnyFunSuiteLike.scala:236)
[info]   at org.scalatest.SuperEngine.runTestImpl(Engine.scala:306)
[info]   at org.scalatest.funsuite.AnyFunSuiteLike.runTest(AnyFunSuiteLike.scala:236)
[info]   at org.scalatest.funsuite.AnyFunSuiteLike.runTest$(AnyFunSuiteLike.scala:218)
[info]   at org.scalatest.funsuite.AnyFunSuite.runTest(AnyFunSuite.scala:1564)
[info]   at org.scalatest.funsuite.AnyFunSuiteLike.$anonfun$runTests$1(AnyFunSuiteLike.scala:269)
[info]   at org.scalatest.SuperEngine.$anonfun$runTestsInBranch$1(Engine.scala:413)
[info]   at scala.collection.immutable.List.foreach(List.scala:334)
[info]   at org.scalatest.SuperEngine.traverseSubNodes$1(Engine.scala:401)
[info]   at org.scalatest.SuperEngine.runTestsInBranch(Engine.scala:396)
[info]   at org.scalatest.SuperEngine.runTestsImpl(Engine.scala:475)
[info]   at org.scalatest.funsuite.AnyFunSuiteLike.runTests(AnyFunSuiteLike.scala:269)
[info]   at org.scalatest.funsuite.AnyFunSuiteLike.runTests$(AnyFunSuiteLike.scala:268)
[info]   at org.scalatest.funsuite.AnyFunSuite.runTests(AnyFunSuite.scala:1564)
[info]   at org.scalatest.Suite.run(Suite.scala:1114)
[info]   at org.scalatest.Suite.run$(Suite.scala:1096)
[info]   at org.scalatest.funsuite.AnyFunSuite.org$scalatest$funsuite$AnyFunSuiteLike$$super$run(AnyFunSuite.scala:1564)
[info]   at org.scalatest.funsuite.AnyFunSuiteLike.$anonfun$run$1(AnyFunSuiteLike.scala:273)
[info]   at org.scalatest.SuperEngine.runImpl(Engine.scala:535)
[info]   at org.scalatest.funsuite.AnyFunSuiteLike.run(AnyFunSuiteLike.scala:273)
[info]   at org.scalatest.funsuite.AnyFunSuiteLike.run$(AnyFunSuiteLike.scala:272)
[info]   at frameless.TypedDatasetSuite.org$scalatest$BeforeAndAfterAll$$super$run(TypedDatasetSuite.scala:63)
[info]   at org.scalatest.BeforeAndAfterAll.liftedTree1$1(BeforeAndAfterAll.scala:213)
[info]   at org.scalatest.BeforeAndAfterAll.run(BeforeAndAfterAll.scala:210)
[info]   at org.scalatest.BeforeAndAfterAll.run$(BeforeAndAfterAll.scala:208)
[info]   at frameless.TypedDatasetSuite.run(TypedDatasetSuite.scala:63)
[info]   at org.scalatest.tools.Framework.org$scalatest$tools$Framework$$runSuite(Framework.scala:321)
[info]   at org.scalatest.tools.Framework$ScalaTestTask.execute(Framework.scala:517)
[info]   at sbt.ForkMain$Run.lambda$runTest$1(ForkMain.java:414)
[info]   at java.base/java.util.concurrent.FutureTask.run(FutureTask.java:317)
[info]   at java.base/java.util.concurrent.ThreadPoolExecutor.runWorker(ThreadPoolExecutor.java:1144)
[info]   at java.base/java.util.concurrent.ThreadPoolExecutor$Worker.run(ThreadPoolExecutor.java:642)
[info]   at java.base/java.lang.Thread.run(Thread.java:1583)
[info]   Cause: java.lang.ClassCastException: Cannot cast scala.reflect.ManifestFactory$IntManifest to org.apache.spark.sql.catalyst.expressions.Expression
[info]   at java.base/java.lang.Class.cast(Class.java:4067)
[info]   at java.base/jdk.internal.reflect.DirectConstructorHandleAccessor.newInstance(DirectConstructorHandleAccessor.java:62)
[info]   at java.base/java.lang.reflect.Constructor.newInstanceWithCaller(Constructor.java:502)
[info]   at java.base/java.lang.reflect.Constructor.newInstance(Constructor.java:486)
[info]   at frameless.TypedExpressionEncoder$.$anonfun$apply$3(TypedExpressionEncoder.scala:55)
[info]   at scala.Option.map(Option.scala:242)
[info]   at frameless.TypedExpressionEncoder$.apply(TypedExpressionEncoder.scala:54)
[info]   at frameless.TypedDataset$.create(TypedDataset.scala:1325)
[info]   at frameless.ExceptTests.prop$1(ExceptTests.scala:9)
[info]   at frameless.ExceptTests.$anonfun$new$6(ExceptTests.scala:20)
[info]   at org.scalacheck.Prop$.$anonfun$forAll$18(Prop.scala:1131)
[info]   at scala.Function1.$anonfun$andThen$1(Function1.scala:87)
[info]   at org.scalacheck.Prop$.$anonfun$forAllShrink$2(Prop.scala:868)
[info]   at org.scalacheck.Prop$.secure(Prop.scala:484)
[info]   at org.scalacheck.Prop$.result$1(Prop.scala:868)
[info]   at org.scalacheck.Prop$.$anonfun$forAllShrink$1(Prop.scala:915)
[info]   at org.scalacheck.Prop$.$anonfun$apply$1(Prop.scala:305)
[info]   at org.scalacheck.PropFromFun.apply(Prop.scala:20)
[info]   at org.scalacheck.Prop$.result$1(Prop.scala:869)
[info]   at org.scalacheck.Prop$.$anonfun$forAllShrink$1(Prop.scala:915)
[info]   at org.scalacheck.Prop$.$anonfun$apply$1(Prop.scala:305)
[info]   at org.scalacheck.PropFromFun.apply(Prop.scala:20)
[info]   at org.scalacheck.Test$.workerFun$1(Test.scala:486)
[info]   at org.scalacheck.Test$.$anonfun$check$4(Test.scala:518)
[info]   at org.scalacheck.Test$.$anonfun$check$4$adapted(Test.scala:518)
[info]   at org.scalacheck.Platform$.runWorkers(Platform.scala:42)
[info]   at org.scalacheck.Test$.check(Test.scala:518)
[info]   at org.scalatestplus.scalacheck.UnitCheckerAsserting$CheckerAssertingImpl.check(CheckerAsserting.scala:90)
[info]   at org.scalatestplus.scalacheck.Checkers.check(Checkers.scala:371)
[info]   at org.scalatestplus.scalacheck.Checkers.check$(Checkers.scala:369)
[info]   at frameless.TypedDatasetSuite.check(TypedDatasetSuite.scala:63)
[info]   at frameless.ExceptTests.$anonfun$new$1(ExceptTests.scala:20)
[info]   at org.scalatest.OutcomeOf.outcomeOf(OutcomeOf.scala:85)
[info]   at org.scalatest.OutcomeOf.outcomeOf$(OutcomeOf.scala:83)
[info]   at org.scalatest.OutcomeOf$.outcomeOf(OutcomeOf.scala:104)
[info]   at org.scalatest.Transformer.apply(Transformer.scala:22)
[info]   at org.scalatest.Transformer.apply(Transformer.scala:20)
[info]   at org.scalatest.funsuite.AnyFunSuiteLike$$anon$1.apply(AnyFunSuiteLike.scala:226)
[info]   at org.scalatest.TestSuite.withFixture(TestSuite.scala:196)
[info]   at org.scalatest.TestSuite.withFixture$(TestSuite.scala:195)
[info]   at org.scalatest.funsuite.AnyFunSuite.withFixture(AnyFunSuite.scala:1564)
[info]   at org.scalatest.funsuite.AnyFunSuiteLike.invokeWithFixture$1(AnyFunSuiteLike.scala:224)
[info]   at org.scalatest.funsuite.AnyFunSuiteLike.$anonfun$runTest$1(AnyFunSuiteLike.scala:236)
[info]   at org.scalatest.SuperEngine.runTestImpl(Engine.scala:306)
[info]   at org.scalatest.funsuite.AnyFunSuiteLike.runTest(AnyFunSuiteLike.scala:236)
[info]   at org.scalatest.funsuite.AnyFunSuiteLike.runTest$(AnyFunSuiteLike.scala:218)
[info]   at org.scalatest.funsuite.AnyFunSuite.runTest(AnyFunSuite.scala:1564)
[info]   at org.scalatest.funsuite.AnyFunSuiteLike.$anonfun$runTests$1(AnyFunSuiteLike.scala:269)
[info]   at org.scalatest.SuperEngine.$anonfun$runTestsInBranch$1(Engine.scala:413)
[info]   at scala.collection.immutable.List.foreach(List.scala:334)
[info]   at org.scalatest.SuperEngine.traverseSubNodes$1(Engine.scala:401)
[info]   at org.scalatest.SuperEngine.runTestsInBranch(Engine.scala:396)
[info]   at org.scalatest.SuperEngine.runTestsImpl(Engine.scala:475)
[info]   at org.scalatest.funsuite.AnyFunSuiteLike.runTests(AnyFunSuiteLike.scala:269)
[info]   at org.scalatest.funsuite.AnyFunSuiteLike.runTests$(AnyFunSuiteLike.scala:268)
[info]   at org.scalatest.funsuite.AnyFunSuite.runTests(AnyFunSuite.scala:1564)
[info]   at org.scalatest.Suite.run(Suite.scala:1114)
[info]   at org.scalatest.Suite.run$(Suite.scala:1096)
[info]   at org.scalatest.funsuite.AnyFunSuite.org$scalatest$funsuite$AnyFunSuiteLike$$super$run(AnyFunSuite.scala:1564)
[info]   at org.scalatest.funsuite.AnyFunSuiteLike.$anonfun$run$1(AnyFunSuiteLike.scala:273)
[info]   at org.scalatest.SuperEngine.runImpl(Engine.scala:535)
[info]   at org.scalatest.funsuite.AnyFunSuiteLike.run(AnyFunSuiteLike.scala:273)
[info]   at org.scalatest.funsuite.AnyFunSuiteLike.run$(AnyFunSuiteLike.scala:272)
[info]   at frameless.TypedDatasetSuite.org$scalatest$BeforeAndAfterAll$$super$run(TypedDatasetSuite.scala:63)
[info]   at org.scalatest.BeforeAndAfterAll.liftedTree1$1(BeforeAndAfterAll.scala:213)
[info]   at org.scalatest.BeforeAndAfterAll.run(BeforeAndAfterAll.scala:210)
[info]   at org.scalatest.BeforeAndAfterAll.run$(BeforeAndAfterAll.scala:208)
[info]   at frameless.TypedDatasetSuite.run(TypedDatasetSuite.scala:63)
[info]   at org.scalatest.tools.Framework.org$scalatest$tools$Framework$$runSuite(Framework.scala:321)
[info]   at org.scalatest.tools.Framework$ScalaTestTask.execute(Framework.scala:517)
[info]   at sbt.ForkMain$Run.lambda$runTest$1(ForkMain.java:414)
[info]   at java.base/java.util.concurrent.FutureTask.run(FutureTask.java:317)
[info]   at java.base/java.util.concurrent.ThreadPoolExecutor.runWorker(ThreadPoolExecutor.java:1144)
[info]   at java.base/java.util.concurrent.ThreadPoolExecutor$Worker.run(ThreadPoolExecutor.java:642)
[info]   at java.base/java.lang.Thread.run(Thread.java:1583)
[info] ReduceTests:
[info] - reduce Int *** FAILED *** (3 milliseconds)
[info]   IllegalArgumentException was thrown during property evaluation.
[info]     Message: argument type mismatch
[info]     Occurred when passed generated values (
[info]       arg0 = Vector()
[info]     )
[info]   org.scalatest.exceptions.GeneratorDrivenPropertyCheckFailedException:
[info]   at org.scalatestplus.scalacheck.CheckerAsserting$$anon$2.indicateFailure(CheckerAsserting.scala:251)
[info]   at org.scalatestplus.scalacheck.CheckerAsserting$$anon$2.indicateFailure(CheckerAsserting.scala:238)
[info]   at org.scalatestplus.scalacheck.UnitCheckerAsserting$CheckerAssertingImpl.check(CheckerAsserting.scala:160)
[info]   at org.scalatestplus.scalacheck.Checkers.check(Checkers.scala:371)
[info]   at org.scalatestplus.scalacheck.Checkers.check$(Checkers.scala:369)
[info]   at frameless.TypedDatasetSuite.check(TypedDatasetSuite.scala:63)
[info]   at frameless.ops.deserialized.ReduceTests.$anonfun$new$1(ReduceTests.scala:15)
[info]   at org.scalatest.OutcomeOf.outcomeOf(OutcomeOf.scala:85)
[info]   at org.scalatest.OutcomeOf.outcomeOf$(OutcomeOf.scala:83)
[info]   at org.scalatest.OutcomeOf$.outcomeOf(OutcomeOf.scala:104)
[info]   at org.scalatest.Transformer.apply(Transformer.scala:22)
[info]   at org.scalatest.Transformer.apply(Transformer.scala:20)
[info]   at org.scalatest.funsuite.AnyFunSuiteLike$$anon$1.apply(AnyFunSuiteLike.scala:226)
[info]   at org.scalatest.TestSuite.withFixture(TestSuite.scala:196)
[info]   at org.scalatest.TestSuite.withFixture$(TestSuite.scala:195)
[info]   at org.scalatest.funsuite.AnyFunSuite.withFixture(AnyFunSuite.scala:1564)
[info]   at org.scalatest.funsuite.AnyFunSuiteLike.invokeWithFixture$1(AnyFunSuiteLike.scala:224)
[info]   at org.scalatest.funsuite.AnyFunSuiteLike.$anonfun$runTest$1(AnyFunSuiteLike.scala:236)
[info]   at org.scalatest.SuperEngine.runTestImpl(Engine.scala:306)
[info]   at org.scalatest.funsuite.AnyFunSuiteLike.runTest(AnyFunSuiteLike.scala:236)
[info]   at org.scalatest.funsuite.AnyFunSuiteLike.runTest$(AnyFunSuiteLike.scala:218)
[info]   at org.scalatest.funsuite.AnyFunSuite.runTest(AnyFunSuite.scala:1564)
[info]   at org.scalatest.funsuite.AnyFunSuiteLike.$anonfun$runTests$1(AnyFunSuiteLike.scala:269)
[info]   at org.scalatest.SuperEngine.$anonfun$runTestsInBranch$1(Engine.scala:413)
[info]   at scala.collection.immutable.List.foreach(List.scala:334)
[info]   at org.scalatest.SuperEngine.traverseSubNodes$1(Engine.scala:401)
[info]   at org.scalatest.SuperEngine.runTestsInBranch(Engine.scala:396)
[info]   at org.scalatest.SuperEngine.runTestsImpl(Engine.scala:475)
[info]   at org.scalatest.funsuite.AnyFunSuiteLike.runTests(AnyFunSuiteLike.scala:269)
[info]   at org.scalatest.funsuite.AnyFunSuiteLike.runTests$(AnyFunSuiteLike.scala:268)
[info]   at org.scalatest.funsuite.AnyFunSuite.runTests(AnyFunSuite.scala:1564)
[info]   at org.scalatest.Suite.run(Suite.scala:1114)
[info]   at org.scalatest.Suite.run$(Suite.scala:1096)
[info]   at org.scalatest.funsuite.AnyFunSuite.org$scalatest$funsuite$AnyFunSuiteLike$$super$run(AnyFunSuite.scala:1564)
[info]   at org.scalatest.funsuite.AnyFunSuiteLike.$anonfun$run$1(AnyFunSuiteLike.scala:273)
[info]   at org.scalatest.SuperEngine.runImpl(Engine.scala:535)
[info]   at org.scalatest.funsuite.AnyFunSuiteLike.run(AnyFunSuiteLike.scala:273)
[info]   at org.scalatest.funsuite.AnyFunSuiteLike.run$(AnyFunSuiteLike.scala:272)
[info]   at frameless.TypedDatasetSuite.org$scalatest$BeforeAndAfterAll$$super$run(TypedDatasetSuite.scala:63)
[info]   at org.scalatest.BeforeAndAfterAll.liftedTree1$1(BeforeAndAfterAll.scala:213)
[info]   at org.scalatest.BeforeAndAfterAll.run(BeforeAndAfterAll.scala:210)
[info]   at org.scalatest.BeforeAndAfterAll.run$(BeforeAndAfterAll.scala:208)
[info]   at frameless.TypedDatasetSuite.run(TypedDatasetSuite.scala:63)
[info]   at org.scalatest.tools.Framework.org$scalatest$tools$Framework$$runSuite(Framework.scala:321)
[info]   at org.scalatest.tools.Framework$ScalaTestTask.execute(Framework.scala:517)
[info]   at sbt.ForkMain$Run.lambda$runTest$1(ForkMain.java:414)
[info]   at java.base/java.util.concurrent.FutureTask.run(FutureTask.java:317)
[info]   at java.base/java.util.concurrent.ThreadPoolExecutor.runWorker(ThreadPoolExecutor.java:1144)
[info]   at java.base/java.util.concurrent.ThreadPoolExecutor$Worker.run(ThreadPoolExecutor.java:642)
[info]   at java.base/java.lang.Thread.run(Thread.java:1583)
[info]   Cause: java.lang.IllegalArgumentException: argument type mismatch
[info]   at java.base/jdk.internal.reflect.DirectConstructorHandleAccessor.newInstance(DirectConstructorHandleAccessor.java:65)
[info]   at java.base/java.lang.reflect.Constructor.newInstanceWithCaller(Constructor.java:502)
[info]   at java.base/java.lang.reflect.Constructor.newInstance(Constructor.java:486)
[info]   at frameless.TypedExpressionEncoder$.$anonfun$apply$3(TypedExpressionEncoder.scala:55)
[info]   at scala.Option.map(Option.scala:242)
[info]   at frameless.TypedExpressionEncoder$.apply(TypedExpressionEncoder.scala:54)
[info]   at frameless.TypedDataset$.create(TypedDataset.scala:1325)
[info]   at frameless.ops.deserialized.ReduceTests.$anonfun$prop$1(ReduceTests.scala:10)
[info]   at org.scalacheck.Prop$ExtendedAny.$eq$qmark(Prop.scala:332)
[info]   at frameless.ops.deserialized.ReduceTests.prop(ReduceTests.scala:12)
[info]   at frameless.ops.deserialized.ReduceTests.$anonfun$new$3(ReduceTests.scala:15)
[info]   at scala.Function1.$anonfun$andThen$1(Function1.scala:87)
[info]   at org.scalacheck.Prop$.$anonfun$forAllShrink$2(Prop.scala:868)
[info]   at org.scalacheck.Prop$.secure(Prop.scala:484)
[info]   at org.scalacheck.Prop$.result$1(Prop.scala:868)
[info]   at org.scalacheck.Prop$.$anonfun$forAllShrink$1(Prop.scala:915)
[info]   at org.scalacheck.Prop$.$anonfun$apply$1(Prop.scala:305)
[info]   at org.scalacheck.PropFromFun.apply(Prop.scala:20)
[info]   at org.scalacheck.Test$.workerFun$1(Test.scala:486)
[info]   at org.scalacheck.Test$.$anonfun$check$4(Test.scala:518)
[info]   at org.scalacheck.Test$.$anonfun$check$4$adapted(Test.scala:518)
[info]   at org.scalacheck.Platform$.runWorkers(Platform.scala:42)
[info]   at org.scalacheck.Test$.check(Test.scala:518)
[info]   at org.scalatestplus.scalacheck.UnitCheckerAsserting$CheckerAssertingImpl.check(CheckerAsserting.scala:90)
[info]   at org.scalatestplus.scalacheck.Checkers.check(Checkers.scala:371)
[info]   at org.scalatestplus.scalacheck.Checkers.check$(Checkers.scala:369)
[info]   at frameless.TypedDatasetSuite.check(TypedDatasetSuite.scala:63)
[info]   at frameless.ops.deserialized.ReduceTests.$anonfun$new$1(ReduceTests.scala:15)
[info]   at org.scalatest.OutcomeOf.outcomeOf(OutcomeOf.scala:85)
[info]   at org.scalatest.OutcomeOf.outcomeOf$(OutcomeOf.scala:83)
[info]   at org.scalatest.OutcomeOf$.outcomeOf(OutcomeOf.scala:104)
[info]   at org.scalatest.Transformer.apply(Transformer.scala:22)
[info]   at org.scalatest.Transformer.apply(Transformer.scala:20)
[info]   at org.scalatest.funsuite.AnyFunSuiteLike$$anon$1.apply(AnyFunSuiteLike.scala:226)
[info]   at org.scalatest.TestSuite.withFixture(TestSuite.scala:196)
[info]   at org.scalatest.TestSuite.withFixture$(TestSuite.scala:195)
[info]   at org.scalatest.funsuite.AnyFunSuite.withFixture(AnyFunSuite.scala:1564)
[info]   at org.scalatest.funsuite.AnyFunSuiteLike.invokeWithFixture$1(AnyFunSuiteLike.scala:224)
[info]   at org.scalatest.funsuite.AnyFunSuiteLike.$anonfun$runTest$1(AnyFunSuiteLike.scala:236)
[info]   at org.scalatest.SuperEngine.runTestImpl(Engine.scala:306)
[info]   at org.scalatest.funsuite.AnyFunSuiteLike.runTest(AnyFunSuiteLike.scala:236)
[info]   at org.scalatest.funsuite.AnyFunSuiteLike.runTest$(AnyFunSuiteLike.scala:218)
[info]   at org.scalatest.funsuite.AnyFunSuite.runTest(AnyFunSuite.scala:1564)
[info]   at org.scalatest.funsuite.AnyFunSuiteLike.$anonfun$runTests$1(AnyFunSuiteLike.scala:269)
[info]   at org.scalatest.SuperEngine.$anonfun$runTestsInBranch$1(Engine.scala:413)
[info]   at scala.collection.immutable.List.foreach(List.scala:334)
[info]   at org.scalatest.SuperEngine.traverseSubNodes$1(Engine.scala:401)
[info]   at org.scalatest.SuperEngine.runTestsInBranch(Engine.scala:396)
[info]   at org.scalatest.SuperEngine.runTestsImpl(Engine.scala:475)
[info]   at org.scalatest.funsuite.AnyFunSuiteLike.runTests(AnyFunSuiteLike.scala:269)
[info]   at org.scalatest.funsuite.AnyFunSuiteLike.runTests$(AnyFunSuiteLike.scala:268)
[info]   at org.scalatest.funsuite.AnyFunSuite.runTests(AnyFunSuite.scala:1564)
[info]   at org.scalatest.Suite.run(Suite.scala:1114)
[info]   at org.scalatest.Suite.run$(Suite.scala:1096)
[info]   at org.scalatest.funsuite.AnyFunSuite.org$scalatest$funsuite$AnyFunSuiteLike$$super$run(AnyFunSuite.scala:1564)
[info]   at org.scalatest.funsuite.AnyFunSuiteLike.$anonfun$run$1(AnyFunSuiteLike.scala:273)
[info]   at org.scalatest.SuperEngine.runImpl(Engine.scala:535)
[info]   at org.scalatest.funsuite.AnyFunSuiteLike.run(AnyFunSuiteLike.scala:273)
[info]   at org.scalatest.funsuite.AnyFunSuiteLike.run$(AnyFunSuiteLike.scala:272)
[info]   at frameless.TypedDatasetSuite.org$scalatest$BeforeAndAfterAll$$super$run(TypedDatasetSuite.scala:63)
[info]   at org.scalatest.BeforeAndAfterAll.liftedTree1$1(BeforeAndAfterAll.scala:213)
[info]   at org.scalatest.BeforeAndAfterAll.run(BeforeAndAfterAll.scala:210)
[info]   at org.scalatest.BeforeAndAfterAll.run$(BeforeAndAfterAll.scala:208)
[info]   at frameless.TypedDatasetSuite.run(TypedDatasetSuite.scala:63)
[info]   at org.scalatest.tools.Framework.org$scalatest$tools$Framework$$runSuite(Framework.scala:321)
[info]   at org.scalatest.tools.Framework$ScalaTestTask.execute(Framework.scala:517)
[info]   at sbt.ForkMain$Run.lambda$runTest$1(ForkMain.java:414)
[info]   at java.base/java.util.concurrent.FutureTask.run(FutureTask.java:317)
[info]   at java.base/java.util.concurrent.ThreadPoolExecutor.runWorker(ThreadPoolExecutor.java:1144)
[info]   at java.base/java.util.concurrent.ThreadPoolExecutor$Worker.run(ThreadPoolExecutor.java:642)
[info]   at java.base/java.lang.Thread.run(Thread.java:1583)
[info]   Cause: java.lang.ClassCastException: Cannot cast scala.reflect.ManifestFactory$IntManifest to org.apache.spark.sql.catalyst.expressions.Expression
[info]   at java.base/java.lang.Class.cast(Class.java:4067)
[info]   at java.base/jdk.internal.reflect.DirectConstructorHandleAccessor.newInstance(DirectConstructorHandleAccessor.java:62)
[info]   at java.base/java.lang.reflect.Constructor.newInstanceWithCaller(Constructor.java:502)
[info]   at java.base/java.lang.reflect.Constructor.newInstance(Constructor.java:486)
[info]   at frameless.TypedExpressionEncoder$.$anonfun$apply$3(TypedExpressionEncoder.scala:55)
[info]   at scala.Option.map(Option.scala:242)
[info]   at frameless.TypedExpressionEncoder$.apply(TypedExpressionEncoder.scala:54)
[info]   at frameless.TypedDataset$.create(TypedDataset.scala:1325)
[info]   at frameless.ops.deserialized.ReduceTests.$anonfun$prop$1(ReduceTests.scala:10)
[info]   at org.scalacheck.Prop$ExtendedAny.$eq$qmark(Prop.scala:332)
[info]   at frameless.ops.deserialized.ReduceTests.prop(ReduceTests.scala:12)
[info]   at frameless.ops.deserialized.ReduceTests.$anonfun$new$3(ReduceTests.scala:15)
[info]   at scala.Function1.$anonfun$andThen$1(Function1.scala:87)
[info]   at org.scalacheck.Prop$.$anonfun$forAllShrink$2(Prop.scala:868)
[info]   at org.scalacheck.Prop$.secure(Prop.scala:484)
[info]   at org.scalacheck.Prop$.result$1(Prop.scala:868)
[info]   at org.scalacheck.Prop$.$anonfun$forAllShrink$1(Prop.scala:915)
[info]   at org.scalacheck.Prop$.$anonfun$apply$1(Prop.scala:305)
[info]   at org.scalacheck.PropFromFun.apply(Prop.scala:20)
[info]   at org.scalacheck.Test$.workerFun$1(Test.scala:486)
[info]   at org.scalacheck.Test$.$anonfun$check$4(Test.scala:518)
[info]   at org.scalacheck.Test$.$anonfun$check$4$adapted(Test.scala:518)
[info]   at org.scalacheck.Platform$.runWorkers(Platform.scala:42)
[info]   at org.scalacheck.Test$.check(Test.scala:518)
[info]   at org.scalatestplus.scalacheck.UnitCheckerAsserting$CheckerAssertingImpl.check(CheckerAsserting.scala:90)
[info]   at org.scalatestplus.scalacheck.Checkers.check(Checkers.scala:371)
[info]   at org.scalatestplus.scalacheck.Checkers.check$(Checkers.scala:369)
[info]   at frameless.TypedDatasetSuite.check(TypedDatasetSuite.scala:63)
[info]   at frameless.ops.deserialized.ReduceTests.$anonfun$new$1(ReduceTests.scala:15)
[info]   at org.scalatest.OutcomeOf.outcomeOf(OutcomeOf.scala:85)
[info]   at org.scalatest.OutcomeOf.outcomeOf$(OutcomeOf.scala:83)
[info]   at org.scalatest.OutcomeOf$.outcomeOf(OutcomeOf.scala:104)
[info]   at org.scalatest.Transformer.apply(Transformer.scala:22)
[info]   at org.scalatest.Transformer.apply(Transformer.scala:20)
[info]   at org.scalatest.funsuite.AnyFunSuiteLike$$anon$1.apply(AnyFunSuiteLike.scala:226)
[info]   at org.scalatest.TestSuite.withFixture(TestSuite.scala:196)
[info]   at org.scalatest.TestSuite.withFixture$(TestSuite.scala:195)
[info]   at org.scalatest.funsuite.AnyFunSuite.withFixture(AnyFunSuite.scala:1564)
[info]   at org.scalatest.funsuite.AnyFunSuiteLike.invokeWithFixture$1(AnyFunSuiteLike.scala:224)
[info]   at org.scalatest.funsuite.AnyFunSuiteLike.$anonfun$runTest$1(AnyFunSuiteLike.scala:236)
[info]   at org.scalatest.SuperEngine.runTestImpl(Engine.scala:306)
[info]   at org.scalatest.funsuite.AnyFunSuiteLike.runTest(AnyFunSuiteLike.scala:236)
[info]   at org.scalatest.funsuite.AnyFunSuiteLike.runTest$(AnyFunSuiteLike.scala:218)
[info]   at org.scalatest.funsuite.AnyFunSuite.runTest(AnyFunSuite.scala:1564)
[info]   at org.scalatest.funsuite.AnyFunSuiteLike.$anonfun$runTests$1(AnyFunSuiteLike.scala:269)
[info]   at org.scalatest.SuperEngine.$anonfun$runTestsInBranch$1(Engine.scala:413)
[info]   at scala.collection.immutable.List.foreach(List.scala:334)
[info]   at org.scalatest.SuperEngine.traverseSubNodes$1(Engine.scala:401)
[info]   at org.scalatest.SuperEngine.runTestsInBranch(Engine.scala:396)
[info]   at org.scalatest.SuperEngine.runTestsImpl(Engine.scala:475)
[info]   at org.scalatest.funsuite.AnyFunSuiteLike.runTests(AnyFunSuiteLike.scala:269)
[info]   at org.scalatest.funsuite.AnyFunSuiteLike.runTests$(AnyFunSuiteLike.scala:268)
[info]   at org.scalatest.funsuite.AnyFunSuite.runTests(AnyFunSuite.scala:1564)
[info]   at org.scalatest.Suite.run(Suite.scala:1114)
[info]   at org.scalatest.Suite.run$(Suite.scala:1096)
[info]   at org.scalatest.funsuite.AnyFunSuite.org$scalatest$funsuite$AnyFunSuiteLike$$super$run(AnyFunSuite.scala:1564)
[info]   at org.scalatest.funsuite.AnyFunSuiteLike.$anonfun$run$1(AnyFunSuiteLike.scala:273)
[info]   at org.scalatest.SuperEngine.runImpl(Engine.scala:535)
[info]   at org.scalatest.funsuite.AnyFunSuiteLike.run(AnyFunSuiteLike.scala:273)
[info]   at org.scalatest.funsuite.AnyFunSuiteLike.run$(AnyFunSuiteLike.scala:272)
[info]   at frameless.TypedDatasetSuite.org$scalatest$BeforeAndAfterAll$$super$run(TypedDatasetSuite.scala:63)
[info]   at org.scalatest.BeforeAndAfterAll.liftedTree1$1(BeforeAndAfterAll.scala:213)
[info]   at org.scalatest.BeforeAndAfterAll.run(BeforeAndAfterAll.scala:210)
[info]   at org.scalatest.BeforeAndAfterAll.run$(BeforeAndAfterAll.scala:208)
[info]   at frameless.TypedDatasetSuite.run(TypedDatasetSuite.scala:63)
[info]   at org.scalatest.tools.Framework.org$scalatest$tools$Framework$$runSuite(Framework.scala:321)
[info]   at org.scalatest.tools.Framework$ScalaTestTask.execute(Framework.scala:517)
[info]   at sbt.ForkMain$Run.lambda$runTest$1(ForkMain.java:414)
[info]   at java.base/java.util.concurrent.FutureTask.run(FutureTask.java:317)
[info]   at java.base/java.util.concurrent.ThreadPoolExecutor.runWorker(ThreadPoolExecutor.java:1144)
[info]   at java.base/java.util.concurrent.ThreadPoolExecutor$Worker.run(ThreadPoolExecutor.java:642)
[info]   at java.base/java.lang.Thread.run(Thread.java:1583)
[info] - reduce String *** FAILED *** (1 millisecond)
[info]   IllegalArgumentException was thrown during property evaluation.
[info]     Message: argument type mismatch
[info]     Occurred when passed generated values (
[info]       arg0 = Vector()
[info]     )
[info]   org.scalatest.exceptions.GeneratorDrivenPropertyCheckFailedException:
[info]   at org.scalatestplus.scalacheck.CheckerAsserting$$anon$2.indicateFailure(CheckerAsserting.scala:251)
[info]   at org.scalatestplus.scalacheck.CheckerAsserting$$anon$2.indicateFailure(CheckerAsserting.scala:238)
[info]   at org.scalatestplus.scalacheck.UnitCheckerAsserting$CheckerAssertingImpl.check(CheckerAsserting.scala:160)
[info]   at org.scalatestplus.scalacheck.Checkers.check(Checkers.scala:371)
[info]   at org.scalatestplus.scalacheck.Checkers.check$(Checkers.scala:369)
[info]   at frameless.TypedDatasetSuite.check(TypedDatasetSuite.scala:63)
[info]   at frameless.ops.deserialized.ReduceTests.$anonfun$new$8(ReduceTests.scala:21)
[info]   at org.scalatest.OutcomeOf.outcomeOf(OutcomeOf.scala:85)
[info]   at org.scalatest.OutcomeOf.outcomeOf$(OutcomeOf.scala:83)
[info]   at org.scalatest.OutcomeOf$.outcomeOf(OutcomeOf.scala:104)
[info]   at org.scalatest.Transformer.apply(Transformer.scala:22)
[info]   at org.scalatest.Transformer.apply(Transformer.scala:20)
[info]   at org.scalatest.funsuite.AnyFunSuiteLike$$anon$1.apply(AnyFunSuiteLike.scala:226)
[info]   at org.scalatest.TestSuite.withFixture(TestSuite.scala:196)
[info]   at org.scalatest.TestSuite.withFixture$(TestSuite.scala:195)
[info]   at org.scalatest.funsuite.AnyFunSuite.withFixture(AnyFunSuite.scala:1564)
[info]   at org.scalatest.funsuite.AnyFunSuiteLike.invokeWithFixture$1(AnyFunSuiteLike.scala:224)
[info]   at org.scalatest.funsuite.AnyFunSuiteLike.$anonfun$runTest$1(AnyFunSuiteLike.scala:236)
[info]   at org.scalatest.SuperEngine.runTestImpl(Engine.scala:306)
[info]   at org.scalatest.funsuite.AnyFunSuiteLike.runTest(AnyFunSuiteLike.scala:236)
[info]   at org.scalatest.funsuite.AnyFunSuiteLike.runTest$(AnyFunSuiteLike.scala:218)
[info]   at org.scalatest.funsuite.AnyFunSuite.runTest(AnyFunSuite.scala:1564)
[info]   at org.scalatest.funsuite.AnyFunSuiteLike.$anonfun$runTests$1(AnyFunSuiteLike.scala:269)
[info]   at org.scalatest.SuperEngine.$anonfun$runTestsInBranch$1(Engine.scala:413)
[info]   at scala.collection.immutable.List.foreach(List.scala:334)
[info]   at org.scalatest.SuperEngine.traverseSubNodes$1(Engine.scala:401)
[info]   at org.scalatest.SuperEngine.runTestsInBranch(Engine.scala:396)
[info]   at org.scalatest.SuperEngine.runTestsImpl(Engine.scala:475)
[info]   at org.scalatest.funsuite.AnyFunSuiteLike.runTests(AnyFunSuiteLike.scala:269)
[info]   at org.scalatest.funsuite.AnyFunSuiteLike.runTests$(AnyFunSuiteLike.scala:268)
[info]   at org.scalatest.funsuite.AnyFunSuite.runTests(AnyFunSuite.scala:1564)
[info]   at org.scalatest.Suite.run(Suite.scala:1114)
[info]   at org.scalatest.Suite.run$(Suite.scala:1096)
[info]   at org.scalatest.funsuite.AnyFunSuite.org$scalatest$funsuite$AnyFunSuiteLike$$super$run(AnyFunSuite.scala:1564)
[info]   at org.scalatest.funsuite.AnyFunSuiteLike.$anonfun$run$1(AnyFunSuiteLike.scala:273)
[info]   at org.scalatest.SuperEngine.runImpl(Engine.scala:535)
[info]   at org.scalatest.funsuite.AnyFunSuiteLike.run(AnyFunSuiteLike.scala:273)
[info]   at org.scalatest.funsuite.AnyFunSuiteLike.run$(AnyFunSuiteLike.scala:272)
[info]   at frameless.TypedDatasetSuite.org$scalatest$BeforeAndAfterAll$$super$run(TypedDatasetSuite.scala:63)
[info]   at org.scalatest.BeforeAndAfterAll.liftedTree1$1(BeforeAndAfterAll.scala:213)
[info]   at org.scalatest.BeforeAndAfterAll.run(BeforeAndAfterAll.scala:210)
[info]   at org.scalatest.BeforeAndAfterAll.run$(BeforeAndAfterAll.scala:208)
[info]   at frameless.TypedDatasetSuite.run(TypedDatasetSuite.scala:63)
[info]   at org.scalatest.tools.Framework.org$scalatest$tools$Framework$$runSuite(Framework.scala:321)
[info]   at org.scalatest.tools.Framework$ScalaTestTask.execute(Framework.scala:517)
[info]   at sbt.ForkMain$Run.lambda$runTest$1(ForkMain.java:414)
[info]   at java.base/java.util.concurrent.FutureTask.run(FutureTask.java:317)
[info]   at java.base/java.util.concurrent.ThreadPoolExecutor.runWorker(ThreadPoolExecutor.java:1144)
[info]   at java.base/java.util.concurrent.ThreadPoolExecutor$Worker.run(ThreadPoolExecutor.java:642)
[info]   at java.base/java.lang.Thread.run(Thread.java:1583)
[info]   Cause: java.lang.IllegalArgumentException: argument type mismatch
[info]   at java.base/jdk.internal.reflect.DirectConstructorHandleAccessor.newInstance(DirectConstructorHandleAccessor.java:65)
[info]   at java.base/java.lang.reflect.Constructor.newInstanceWithCaller(Constructor.java:502)
[info]   at java.base/java.lang.reflect.Constructor.newInstance(Constructor.java:486)
[info]   at frameless.TypedExpressionEncoder$.$anonfun$apply$3(TypedExpressionEncoder.scala:55)
[info]   at scala.Option.map(Option.scala:242)
[info]   at frameless.TypedExpressionEncoder$.apply(TypedExpressionEncoder.scala:54)
[info]   at frameless.TypedDataset$.create(TypedDataset.scala:1325)
[info]   at frameless.ops.deserialized.ReduceTests.$anonfun$prop$1(ReduceTests.scala:10)
[info]   at org.scalacheck.Prop$ExtendedAny.$eq$qmark(Prop.scala:332)
[info]   at frameless.ops.deserialized.ReduceTests.prop(ReduceTests.scala:12)
[info]   at frameless.ops.deserialized.ReduceTests.$anonfun$new$10(ReduceTests.scala:21)
[info]   at scala.Function1.$anonfun$andThen$1(Function1.scala:87)
[info]   at org.scalacheck.Prop$.$anonfun$forAllShrink$2(Prop.scala:868)
[info]   at org.scalacheck.Prop$.secure(Prop.scala:484)
[info]   at org.scalacheck.Prop$.result$1(Prop.scala:868)
[info]   at org.scalacheck.Prop$.$anonfun$forAllShrink$1(Prop.scala:915)
[info]   at org.scalacheck.Prop$.$anonfun$apply$1(Prop.scala:305)
[info]   at org.scalacheck.PropFromFun.apply(Prop.scala:20)
[info]   at org.scalacheck.Test$.workerFun$1(Test.scala:486)
[info]   at org.scalacheck.Test$.$anonfun$check$4(Test.scala:518)
[info]   at org.scalacheck.Test$.$anonfun$check$4$adapted(Test.scala:518)
[info]   at org.scalacheck.Platform$.runWorkers(Platform.scala:42)
[info]   at org.scalacheck.Test$.check(Test.scala:518)
[info]   at org.scalatestplus.scalacheck.UnitCheckerAsserting$CheckerAssertingImpl.check(CheckerAsserting.scala:90)
[info]   at org.scalatestplus.scalacheck.Checkers.check(Checkers.scala:371)
[info]   at org.scalatestplus.scalacheck.Checkers.check$(Checkers.scala:369)
[info]   at frameless.TypedDatasetSuite.check(TypedDatasetSuite.scala:63)
[info]   at frameless.ops.deserialized.ReduceTests.$anonfun$new$8(ReduceTests.scala:21)
[info]   at org.scalatest.OutcomeOf.outcomeOf(OutcomeOf.scala:85)
[info]   at org.scalatest.OutcomeOf.outcomeOf$(OutcomeOf.scala:83)
[info]   at org.scalatest.OutcomeOf$.outcomeOf(OutcomeOf.scala:104)
[info]   at org.scalatest.Transformer.apply(Transformer.scala:22)
[info]   at org.scalatest.Transformer.apply(Transformer.scala:20)
[info]   at org.scalatest.funsuite.AnyFunSuiteLike$$anon$1.apply(AnyFunSuiteLike.scala:226)
[info]   at org.scalatest.TestSuite.withFixture(TestSuite.scala:196)
[info]   at org.scalatest.TestSuite.withFixture$(TestSuite.scala:195)
[info]   at org.scalatest.funsuite.AnyFunSuite.withFixture(AnyFunSuite.scala:1564)
[info]   at org.scalatest.funsuite.AnyFunSuiteLike.invokeWithFixture$1(AnyFunSuiteLike.scala:224)
[info]   at org.scalatest.funsuite.AnyFunSuiteLike.$anonfun$runTest$1(AnyFunSuiteLike.scala:236)
[info]   at org.scalatest.SuperEngine.runTestImpl(Engine.scala:306)
[info]   at org.scalatest.funsuite.AnyFunSuiteLike.runTest(AnyFunSuiteLike.scala:236)
[info]   at org.scalatest.funsuite.AnyFunSuiteLike.runTest$(AnyFunSuiteLike.scala:218)
[info]   at org.scalatest.funsuite.AnyFunSuite.runTest(AnyFunSuite.scala:1564)
[info]   at org.scalatest.funsuite.AnyFunSuiteLike.$anonfun$runTests$1(AnyFunSuiteLike.scala:269)
[info]   at org.scalatest.SuperEngine.$anonfun$runTestsInBranch$1(Engine.scala:413)
[info]   at scala.collection.immutable.List.foreach(List.scala:334)
[info]   at org.scalatest.SuperEngine.traverseSubNodes$1(Engine.scala:401)
[info]   at org.scalatest.SuperEngine.runTestsInBranch(Engine.scala:396)
[info]   at org.scalatest.SuperEngine.runTestsImpl(Engine.scala:475)
[info]   at org.scalatest.funsuite.AnyFunSuiteLike.runTests(AnyFunSuiteLike.scala:269)
[info]   at org.scalatest.funsuite.AnyFunSuiteLike.runTests$(AnyFunSuiteLike.scala:268)
[info]   at org.scalatest.funsuite.AnyFunSuite.runTests(AnyFunSuite.scala:1564)
[info]   at org.scalatest.Suite.run(Suite.scala:1114)
[info]   at org.scalatest.Suite.run$(Suite.scala:1096)
[info]   at org.scalatest.funsuite.AnyFunSuite.org$scalatest$funsuite$AnyFunSuiteLike$$super$run(AnyFunSuite.scala:1564)
[info]   at org.scalatest.funsuite.AnyFunSuiteLike.$anonfun$run$1(AnyFunSuiteLike.scala:273)
[info]   at org.scalatest.SuperEngine.runImpl(Engine.scala:535)
[info]   at org.scalatest.funsuite.AnyFunSuiteLike.run(AnyFunSuiteLike.scala:273)
[info]   at org.scalatest.funsuite.AnyFunSuiteLike.run$(AnyFunSuiteLike.scala:272)
[info]   at frameless.TypedDatasetSuite.org$scalatest$BeforeAndAfterAll$$super$run(TypedDatasetSuite.scala:63)
[info]   at org.scalatest.BeforeAndAfterAll.liftedTree1$1(BeforeAndAfterAll.scala:213)
[info]   at org.scalatest.BeforeAndAfterAll.run(BeforeAndAfterAll.scala:210)
[info]   at org.scalatest.BeforeAndAfterAll.run$(BeforeAndAfterAll.scala:208)
[info]   at frameless.TypedDatasetSuite.run(TypedDatasetSuite.scala:63)
[info]   at org.scalatest.tools.Framework.org$scalatest$tools$Framework$$runSuite(Framework.scala:321)
[info]   at org.scalatest.tools.Framework$ScalaTestTask.execute(Framework.scala:517)
[info]   at sbt.ForkMain$Run.lambda$runTest$1(ForkMain.java:414)
[info]   at java.base/java.util.concurrent.FutureTask.run(FutureTask.java:317)
[info]   at java.base/java.util.concurrent.ThreadPoolExecutor.runWorker(ThreadPoolExecutor.java:1144)
[info]   at java.base/java.util.concurrent.ThreadPoolExecutor$Worker.run(ThreadPoolExecutor.java:642)
[info]   at java.base/java.lang.Thread.run(Thread.java:1583)
[info]   Cause: java.lang.ClassCastException: Cannot cast scala.reflect.ClassTag$GenericClassTag to org.apache.spark.sql.catalyst.expressions.Expression
[info]   at java.base/java.lang.Class.cast(Class.java:4067)
[info]   at java.base/jdk.internal.reflect.DirectConstructorHandleAccessor.newInstance(DirectConstructorHandleAccessor.java:62)
[info]   at java.base/java.lang.reflect.Constructor.newInstanceWithCaller(Constructor.java:502)
[info]   at java.base/java.lang.reflect.Constructor.newInstance(Constructor.java:486)
[info]   at frameless.TypedExpressionEncoder$.$anonfun$apply$3(TypedExpressionEncoder.scala:55)
[info]   at scala.Option.map(Option.scala:242)
[info]   at frameless.TypedExpressionEncoder$.apply(TypedExpressionEncoder.scala:54)
[info]   at frameless.TypedDataset$.create(TypedDataset.scala:1325)
[info]   at frameless.ops.deserialized.ReduceTests.$anonfun$prop$1(ReduceTests.scala:10)
[info]   at org.scalacheck.Prop$ExtendedAny.$eq$qmark(Prop.scala:332)
[info]   at frameless.ops.deserialized.ReduceTests.prop(ReduceTests.scala:12)
[info]   at frameless.ops.deserialized.ReduceTests.$anonfun$new$10(ReduceTests.scala:21)
[info]   at scala.Function1.$anonfun$andThen$1(Function1.scala:87)
[info]   at org.scalacheck.Prop$.$anonfun$forAllShrink$2(Prop.scala:868)
[info]   at org.scalacheck.Prop$.secure(Prop.scala:484)
[info]   at org.scalacheck.Prop$.result$1(Prop.scala:868)
[info]   at org.scalacheck.Prop$.$anonfun$forAllShrink$1(Prop.scala:915)
[info]   at org.scalacheck.Prop$.$anonfun$apply$1(Prop.scala:305)
[info]   at org.scalacheck.PropFromFun.apply(Prop.scala:20)
[info]   at org.scalacheck.Test$.workerFun$1(Test.scala:486)
[info]   at org.scalacheck.Test$.$anonfun$check$4(Test.scala:518)
[info]   at org.scalacheck.Test$.$anonfun$check$4$adapted(Test.scala:518)
[info]   at org.scalacheck.Platform$.runWorkers(Platform.scala:42)
[info]   at org.scalacheck.Test$.check(Test.scala:518)
[info]   at org.scalatestplus.scalacheck.UnitCheckerAsserting$CheckerAssertingImpl.check(CheckerAsserting.scala:90)
[info]   at org.scalatestplus.scalacheck.Checkers.check(Checkers.scala:371)
[info]   at org.scalatestplus.scalacheck.Checkers.check$(Checkers.scala:369)
[info]   at frameless.TypedDatasetSuite.check(TypedDatasetSuite.scala:63)
[info]   at frameless.ops.deserialized.ReduceTests.$anonfun$new$8(ReduceTests.scala:21)
[info]   at org.scalatest.OutcomeOf.outcomeOf(OutcomeOf.scala:85)
[info]   at org.scalatest.OutcomeOf.outcomeOf$(OutcomeOf.scala:83)
[info]   at org.scalatest.OutcomeOf$.outcomeOf(OutcomeOf.scala:104)
[info]   at org.scalatest.Transformer.apply(Transformer.scala:22)
[info]   at org.scalatest.Transformer.apply(Transformer.scala:20)
[info]   at org.scalatest.funsuite.AnyFunSuiteLike$$anon$1.apply(AnyFunSuiteLike.scala:226)
[info]   at org.scalatest.TestSuite.withFixture(TestSuite.scala:196)
[info]   at org.scalatest.TestSuite.withFixture$(TestSuite.scala:195)
[info]   at org.scalatest.funsuite.AnyFunSuite.withFixture(AnyFunSuite.scala:1564)
[info]   at org.scalatest.funsuite.AnyFunSuiteLike.invokeWithFixture$1(AnyFunSuiteLike.scala:224)
[info]   at org.scalatest.funsuite.AnyFunSuiteLike.$anonfun$runTest$1(AnyFunSuiteLike.scala:236)
[info]   at org.scalatest.SuperEngine.runTestImpl(Engine.scala:306)
[info]   at org.scalatest.funsuite.AnyFunSuiteLike.runTest(AnyFunSuiteLike.scala:236)
[info]   at org.scalatest.funsuite.AnyFunSuiteLike.runTest$(AnyFunSuiteLike.scala:218)
[info]   at org.scalatest.funsuite.AnyFunSuite.runTest(AnyFunSuite.scala:1564)
[info]   at org.scalatest.funsuite.AnyFunSuiteLike.$anonfun$runTests$1(AnyFunSuiteLike.scala:269)
[info]   at org.scalatest.SuperEngine.$anonfun$runTestsInBranch$1(Engine.scala:413)
[info]   at scala.collection.immutable.List.foreach(List.scala:334)
[info]   at org.scalatest.SuperEngine.traverseSubNodes$1(Engine.scala:401)
[info]   at org.scalatest.SuperEngine.runTestsInBranch(Engine.scala:396)
[info]   at org.scalatest.SuperEngine.runTestsImpl(Engine.scala:475)
[info]   at org.scalatest.funsuite.AnyFunSuiteLike.runTests(AnyFunSuiteLike.scala:269)
[info]   at org.scalatest.funsuite.AnyFunSuiteLike.runTests$(AnyFunSuiteLike.scala:268)
[info]   at org.scalatest.funsuite.AnyFunSuite.runTests(AnyFunSuite.scala:1564)
[info]   at org.scalatest.Suite.run(Suite.scala:1114)
[info]   at org.scalatest.Suite.run$(Suite.scala:1096)
[info]   at org.scalatest.funsuite.AnyFunSuite.org$scalatest$funsuite$AnyFunSuiteLike$$super$run(AnyFunSuite.scala:1564)
[info]   at org.scalatest.funsuite.AnyFunSuiteLike.$anonfun$run$1(AnyFunSuiteLike.scala:273)
[info]   at org.scalatest.SuperEngine.runImpl(Engine.scala:535)
[info]   at org.scalatest.funsuite.AnyFunSuiteLike.run(AnyFunSuiteLike.scala:273)
[info]   at org.scalatest.funsuite.AnyFunSuiteLike.run$(AnyFunSuiteLike.scala:272)
[info]   at frameless.TypedDatasetSuite.org$scalatest$BeforeAndAfterAll$$super$run(TypedDatasetSuite.scala:63)
[info]   at org.scalatest.BeforeAndAfterAll.liftedTree1$1(BeforeAndAfterAll.scala:213)
[info]   at org.scalatest.BeforeAndAfterAll.run(BeforeAndAfterAll.scala:210)
[info]   at org.scalatest.BeforeAndAfterAll.run$(BeforeAndAfterAll.scala:208)
[info]   at frameless.TypedDatasetSuite.run(TypedDatasetSuite.scala:63)
[info]   at org.scalatest.tools.Framework.org$scalatest$tools$Framework$$runSuite(Framework.scala:321)
[info]   at org.scalatest.tools.Framework$ScalaTestTask.execute(Framework.scala:517)
[info]   at sbt.ForkMain$Run.lambda$runTest$1(ForkMain.java:414)
[info]   at java.base/java.util.concurrent.FutureTask.run(FutureTask.java:317)
[info]   at java.base/java.util.concurrent.ThreadPoolExecutor.runWorker(ThreadPoolExecutor.java:1144)
[info]   at java.base/java.util.concurrent.ThreadPoolExecutor$Worker.run(ThreadPoolExecutor.java:642)
[info]   at java.base/java.lang.Thread.run(Thread.java:1583)
[info] IsStreamingTests:
[info] - isStreaming *** FAILED *** (2 milliseconds)
[info]   IllegalArgumentException was thrown during property evaluation.
[info]     Message: argument type mismatch
[info]     Occurred when passed generated values (
[info]       arg0 = Vector()
[info]     )
[info]   org.scalatest.exceptions.GeneratorDrivenPropertyCheckFailedException:
[info]   at org.scalatestplus.scalacheck.CheckerAsserting$$anon$2.indicateFailure(CheckerAsserting.scala:251)
[info]   at org.scalatestplus.scalacheck.CheckerAsserting$$anon$2.indicateFailure(CheckerAsserting.scala:238)
[info]   at org.scalatestplus.scalacheck.UnitCheckerAsserting$CheckerAssertingImpl.check(CheckerAsserting.scala:160)
[info]   at org.scalatestplus.scalacheck.Checkers.check(Checkers.scala:371)
[info]   at org.scalatestplus.scalacheck.Checkers.check$(Checkers.scala:369)
[info]   at frameless.TypedDatasetSuite.check(TypedDatasetSuite.scala:63)
[info]   at frameless.IsStreamingTests.$anonfun$new$1(IsStreamingTests.scala:14)
[info]   at org.scalatest.OutcomeOf.outcomeOf(OutcomeOf.scala:85)
[info]   at org.scalatest.OutcomeOf.outcomeOf$(OutcomeOf.scala:83)
[info]   at org.scalatest.OutcomeOf$.outcomeOf(OutcomeOf.scala:104)
[info]   at org.scalatest.Transformer.apply(Transformer.scala:22)
[info]   at org.scalatest.Transformer.apply(Transformer.scala:20)
[info]   at org.scalatest.funsuite.AnyFunSuiteLike$$anon$1.apply(AnyFunSuiteLike.scala:226)
[info]   at org.scalatest.TestSuite.withFixture(TestSuite.scala:196)
[info]   at org.scalatest.TestSuite.withFixture$(TestSuite.scala:195)
[info]   at org.scalatest.funsuite.AnyFunSuite.withFixture(AnyFunSuite.scala:1564)
[info]   at org.scalatest.funsuite.AnyFunSuiteLike.invokeWithFixture$1(AnyFunSuiteLike.scala:224)
[info]   at org.scalatest.funsuite.AnyFunSuiteLike.$anonfun$runTest$1(AnyFunSuiteLike.scala:236)
[info]   at org.scalatest.SuperEngine.runTestImpl(Engine.scala:306)
[info]   at org.scalatest.funsuite.AnyFunSuiteLike.runTest(AnyFunSuiteLike.scala:236)
[info]   at org.scalatest.funsuite.AnyFunSuiteLike.runTest$(AnyFunSuiteLike.scala:218)
[info]   at org.scalatest.funsuite.AnyFunSuite.runTest(AnyFunSuite.scala:1564)
[info]   at org.scalatest.funsuite.AnyFunSuiteLike.$anonfun$runTests$1(AnyFunSuiteLike.scala:269)
[info]   at org.scalatest.SuperEngine.$anonfun$runTestsInBranch$1(Engine.scala:413)
[info]   at scala.collection.immutable.List.foreach(List.scala:334)
[info]   at org.scalatest.SuperEngine.traverseSubNodes$1(Engine.scala:401)
[info]   at org.scalatest.SuperEngine.runTestsInBranch(Engine.scala:396)
[info]   at org.scalatest.SuperEngine.runTestsImpl(Engine.scala:475)
[info]   at org.scalatest.funsuite.AnyFunSuiteLike.runTests(AnyFunSuiteLike.scala:269)
[info]   at org.scalatest.funsuite.AnyFunSuiteLike.runTests$(AnyFunSuiteLike.scala:268)
[info]   at org.scalatest.funsuite.AnyFunSuite.runTests(AnyFunSuite.scala:1564)
[info]   at org.scalatest.Suite.run(Suite.scala:1114)
[info]   at org.scalatest.Suite.run$(Suite.scala:1096)
[info]   at org.scalatest.funsuite.AnyFunSuite.org$scalatest$funsuite$AnyFunSuiteLike$$super$run(AnyFunSuite.scala:1564)
[info]   at org.scalatest.funsuite.AnyFunSuiteLike.$anonfun$run$1(AnyFunSuiteLike.scala:273)
[info]   at org.scalatest.SuperEngine.runImpl(Engine.scala:535)
[info]   at org.scalatest.funsuite.AnyFunSuiteLike.run(AnyFunSuiteLike.scala:273)
[info]   at org.scalatest.funsuite.AnyFunSuiteLike.run$(AnyFunSuiteLike.scala:272)
[info]   at frameless.TypedDatasetSuite.org$scalatest$BeforeAndAfterAll$$super$run(TypedDatasetSuite.scala:63)
[info]   at org.scalatest.BeforeAndAfterAll.liftedTree1$1(BeforeAndAfterAll.scala:213)
[info]   at org.scalatest.BeforeAndAfterAll.run(BeforeAndAfterAll.scala:210)
[info]   at org.scalatest.BeforeAndAfterAll.run$(BeforeAndAfterAll.scala:208)
[info]   at frameless.TypedDatasetSuite.run(TypedDatasetSuite.scala:63)
[info]   at org.scalatest.tools.Framework.org$scalatest$tools$Framework$$runSuite(Framework.scala:321)
[info]   at org.scalatest.tools.Framework$ScalaTestTask.execute(Framework.scala:517)
[info]   at sbt.ForkMain$Run.lambda$runTest$1(ForkMain.java:414)
[info]   at java.base/java.util.concurrent.FutureTask.run(FutureTask.java:317)
[info]   at java.base/java.util.concurrent.ThreadPoolExecutor.runWorker(ThreadPoolExecutor.java:1144)
[info]   at java.base/java.util.concurrent.ThreadPoolExecutor$Worker.run(ThreadPoolExecutor.java:642)
[info]   at java.base/java.lang.Thread.run(Thread.java:1583)
[info]   Cause: java.lang.IllegalArgumentException: argument type mismatch
[info]   at java.base/jdk.internal.reflect.DirectConstructorHandleAccessor.newInstance(DirectConstructorHandleAccessor.java:65)
[info]   at java.base/java.lang.reflect.Constructor.newInstanceWithCaller(Constructor.java:502)
[info]   at java.base/java.lang.reflect.Constructor.newInstance(Constructor.java:486)
[info]   at frameless.TypedExpressionEncoder$.$anonfun$apply$3(TypedExpressionEncoder.scala:55)
[info]   at scala.Option.map(Option.scala:242)
[info]   at frameless.TypedExpressionEncoder$.apply(TypedExpressionEncoder.scala:54)
[info]   at frameless.TypedDataset$.create(TypedDataset.scala:1325)
[info]   at frameless.IsStreamingTests.prop$1(IsStreamingTests.scala:9)
[info]   at frameless.IsStreamingTests.$anonfun$new$4(IsStreamingTests.scala:14)
[info]   at scala.Function1.$anonfun$andThen$1(Function1.scala:87)
[info]   at org.scalacheck.Prop$.$anonfun$forAllShrink$2(Prop.scala:868)
[info]   at org.scalacheck.Prop$.secure(Prop.scala:484)
[info]   at org.scalacheck.Prop$.result$1(Prop.scala:868)
[info]   at org.scalacheck.Prop$.$anonfun$forAllShrink$1(Prop.scala:915)
[info]   at org.scalacheck.Prop$.$anonfun$apply$1(Prop.scala:305)
[info]   at org.scalacheck.PropFromFun.apply(Prop.scala:20)
[info]   at org.scalacheck.Test$.workerFun$1(Test.scala:486)
[info]   at org.scalacheck.Test$.$anonfun$check$4(Test.scala:518)
[info]   at org.scalacheck.Test$.$anonfun$check$4$adapted(Test.scala:518)
[info]   at org.scalacheck.Platform$.runWorkers(Platform.scala:42)
[info]   at org.scalacheck.Test$.check(Test.scala:518)
[info]   at org.scalatestplus.scalacheck.UnitCheckerAsserting$CheckerAssertingImpl.check(CheckerAsserting.scala:90)
[info]   at org.scalatestplus.scalacheck.Checkers.check(Checkers.scala:371)
[info]   at org.scalatestplus.scalacheck.Checkers.check$(Checkers.scala:369)
[info]   at frameless.TypedDatasetSuite.check(TypedDatasetSuite.scala:63)
[info]   at frameless.IsStreamingTests.$anonfun$new$1(IsStreamingTests.scala:14)
[info]   at org.scalatest.OutcomeOf.outcomeOf(OutcomeOf.scala:85)
[info]   at org.scalatest.OutcomeOf.outcomeOf$(OutcomeOf.scala:83)
[info]   at org.scalatest.OutcomeOf$.outcomeOf(OutcomeOf.scala:104)
[info]   at org.scalatest.Transformer.apply(Transformer.scala:22)
[info]   at org.scalatest.Transformer.apply(Transformer.scala:20)
[info]   at org.scalatest.funsuite.AnyFunSuiteLike$$anon$1.apply(AnyFunSuiteLike.scala:226)
[info]   at org.scalatest.TestSuite.withFixture(TestSuite.scala:196)
[info]   at org.scalatest.TestSuite.withFixture$(TestSuite.scala:195)
[info]   at org.scalatest.funsuite.AnyFunSuite.withFixture(AnyFunSuite.scala:1564)
[info]   at org.scalatest.funsuite.AnyFunSuiteLike.invokeWithFixture$1(AnyFunSuiteLike.scala:224)
[info]   at org.scalatest.funsuite.AnyFunSuiteLike.$anonfun$runTest$1(AnyFunSuiteLike.scala:236)
[info]   at org.scalatest.SuperEngine.runTestImpl(Engine.scala:306)
[info]   at org.scalatest.funsuite.AnyFunSuiteLike.runTest(AnyFunSuiteLike.scala:236)
[info]   at org.scalatest.funsuite.AnyFunSuiteLike.runTest$(AnyFunSuiteLike.scala:218)
[info]   at org.scalatest.funsuite.AnyFunSuite.runTest(AnyFunSuite.scala:1564)
[info]   at org.scalatest.funsuite.AnyFunSuiteLike.$anonfun$runTests$1(AnyFunSuiteLike.scala:269)
[info]   at org.scalatest.SuperEngine.$anonfun$runTestsInBranch$1(Engine.scala:413)
[info]   at scala.collection.immutable.List.foreach(List.scala:334)
[info]   at org.scalatest.SuperEngine.traverseSubNodes$1(Engine.scala:401)
[info]   at org.scalatest.SuperEngine.runTestsInBranch(Engine.scala:396)
[info]   at org.scalatest.SuperEngine.runTestsImpl(Engine.scala:475)
[info]   at org.scalatest.funsuite.AnyFunSuiteLike.runTests(AnyFunSuiteLike.scala:269)
[info]   at org.scalatest.funsuite.AnyFunSuiteLike.runTests$(AnyFunSuiteLike.scala:268)
[info]   at org.scalatest.funsuite.AnyFunSuite.runTests(AnyFunSuite.scala:1564)
[info]   at org.scalatest.Suite.run(Suite.scala:1114)
[info]   at org.scalatest.Suite.run$(Suite.scala:1096)
[info]   at org.scalatest.funsuite.AnyFunSuite.org$scalatest$funsuite$AnyFunSuiteLike$$super$run(AnyFunSuite.scala:1564)
[info]   at org.scalatest.funsuite.AnyFunSuiteLike.$anonfun$run$1(AnyFunSuiteLike.scala:273)
[info]   at org.scalatest.SuperEngine.runImpl(Engine.scala:535)
[info]   at org.scalatest.funsuite.AnyFunSuiteLike.run(AnyFunSuiteLike.scala:273)
[info]   at org.scalatest.funsuite.AnyFunSuiteLike.run$(AnyFunSuiteLike.scala:272)
[info]   at frameless.TypedDatasetSuite.org$scalatest$BeforeAndAfterAll$$super$run(TypedDatasetSuite.scala:63)
[info]   at org.scalatest.BeforeAndAfterAll.liftedTree1$1(BeforeAndAfterAll.scala:213)
[info]   at org.scalatest.BeforeAndAfterAll.run(BeforeAndAfterAll.scala:210)
[info]   at org.scalatest.BeforeAndAfterAll.run$(BeforeAndAfterAll.scala:208)
[info]   at frameless.TypedDatasetSuite.run(TypedDatasetSuite.scala:63)
[info]   at org.scalatest.tools.Framework.org$scalatest$tools$Framework$$runSuite(Framework.scala:321)
[info]   at org.scalatest.tools.Framework$ScalaTestTask.execute(Framework.scala:517)
[info]   at sbt.ForkMain$Run.lambda$runTest$1(ForkMain.java:414)
[info]   at java.base/java.util.concurrent.FutureTask.run(FutureTask.java:317)
[info]   at java.base/java.util.concurrent.ThreadPoolExecutor.runWorker(ThreadPoolExecutor.java:1144)
[info]   at java.base/java.util.concurrent.ThreadPoolExecutor$Worker.run(ThreadPoolExecutor.java:642)
[info]   at java.base/java.lang.Thread.run(Thread.java:1583)
[info]   Cause: java.lang.ClassCastException: Cannot cast scala.reflect.ManifestFactory$IntManifest to org.apache.spark.sql.catalyst.expressions.Expression
[info]   at java.base/java.lang.Class.cast(Class.java:4067)
[info]   at java.base/jdk.internal.reflect.DirectConstructorHandleAccessor.newInstance(DirectConstructorHandleAccessor.java:62)
[info]   at java.base/java.lang.reflect.Constructor.newInstanceWithCaller(Constructor.java:502)
[info]   at java.base/java.lang.reflect.Constructor.newInstance(Constructor.java:486)
[info]   at frameless.TypedExpressionEncoder$.$anonfun$apply$3(TypedExpressionEncoder.scala:55)
[info]   at scala.Option.map(Option.scala:242)
[info]   at frameless.TypedExpressionEncoder$.apply(TypedExpressionEncoder.scala:54)
[info]   at frameless.TypedDataset$.create(TypedDataset.scala:1325)
[info]   at frameless.IsStreamingTests.prop$1(IsStreamingTests.scala:9)
[info]   at frameless.IsStreamingTests.$anonfun$new$4(IsStreamingTests.scala:14)
[info]   at scala.Function1.$anonfun$andThen$1(Function1.scala:87)
[info]   at org.scalacheck.Prop$.$anonfun$forAllShrink$2(Prop.scala:868)
[info]   at org.scalacheck.Prop$.secure(Prop.scala:484)
[info]   at org.scalacheck.Prop$.result$1(Prop.scala:868)
[info]   at org.scalacheck.Prop$.$anonfun$forAllShrink$1(Prop.scala:915)
[info]   at org.scalacheck.Prop$.$anonfun$apply$1(Prop.scala:305)
[info]   at org.scalacheck.PropFromFun.apply(Prop.scala:20)
[info]   at org.scalacheck.Test$.workerFun$1(Test.scala:486)
[info]   at org.scalacheck.Test$.$anonfun$check$4(Test.scala:518)
[info]   at org.scalacheck.Test$.$anonfun$check$4$adapted(Test.scala:518)
[info]   at org.scalacheck.Platform$.runWorkers(Platform.scala:42)
[info]   at org.scalacheck.Test$.check(Test.scala:518)
[info]   at org.scalatestplus.scalacheck.UnitCheckerAsserting$CheckerAssertingImpl.check(CheckerAsserting.scala:90)
[info]   at org.scalatestplus.scalacheck.Checkers.check(Checkers.scala:371)
[info]   at org.scalatestplus.scalacheck.Checkers.check$(Checkers.scala:369)
[info]   at frameless.TypedDatasetSuite.check(TypedDatasetSuite.scala:63)
[info]   at frameless.IsStreamingTests.$anonfun$new$1(IsStreamingTests.scala:14)
[info]   at org.scalatest.OutcomeOf.outcomeOf(OutcomeOf.scala:85)
[info]   at org.scalatest.OutcomeOf.outcomeOf$(OutcomeOf.scala:83)
[info]   at org.scalatest.OutcomeOf$.outcomeOf(OutcomeOf.scala:104)
[info]   at org.scalatest.Transformer.apply(Transformer.scala:22)
[info]   at org.scalatest.Transformer.apply(Transformer.scala:20)
[info]   at org.scalatest.funsuite.AnyFunSuiteLike$$anon$1.apply(AnyFunSuiteLike.scala:226)
[info]   at org.scalatest.TestSuite.withFixture(TestSuite.scala:196)
[info]   at org.scalatest.TestSuite.withFixture$(TestSuite.scala:195)
[info]   at org.scalatest.funsuite.AnyFunSuite.withFixture(AnyFunSuite.scala:1564)
[info]   at org.scalatest.funsuite.AnyFunSuiteLike.invokeWithFixture$1(AnyFunSuiteLike.scala:224)
[info]   at org.scalatest.funsuite.AnyFunSuiteLike.$anonfun$runTest$1(AnyFunSuiteLike.scala:236)
[info]   at org.scalatest.SuperEngine.runTestImpl(Engine.scala:306)
[info]   at org.scalatest.funsuite.AnyFunSuiteLike.runTest(AnyFunSuiteLike.scala:236)
[info]   at org.scalatest.funsuite.AnyFunSuiteLike.runTest$(AnyFunSuiteLike.scala:218)
[info]   at org.scalatest.funsuite.AnyFunSuite.runTest(AnyFunSuite.scala:1564)
[info]   at org.scalatest.funsuite.AnyFunSuiteLike.$anonfun$runTests$1(AnyFunSuiteLike.scala:269)
[info]   at org.scalatest.SuperEngine.$anonfun$runTestsInBranch$1(Engine.scala:413)
[info]   at scala.collection.immutable.List.foreach(List.scala:334)
[info]   at org.scalatest.SuperEngine.traverseSubNodes$1(Engine.scala:401)
[info]   at org.scalatest.SuperEngine.runTestsInBranch(Engine.scala:396)
[info]   at org.scalatest.SuperEngine.runTestsImpl(Engine.scala:475)
[info]   at org.scalatest.funsuite.AnyFunSuiteLike.runTests(AnyFunSuiteLike.scala:269)
[info]   at org.scalatest.funsuite.AnyFunSuiteLike.runTests$(AnyFunSuiteLike.scala:268)
[info]   at org.scalatest.funsuite.AnyFunSuite.runTests(AnyFunSuite.scala:1564)
[info]   at org.scalatest.Suite.run(Suite.scala:1114)
[info]   at org.scalatest.Suite.run$(Suite.scala:1096)
[info]   at org.scalatest.funsuite.AnyFunSuite.org$scalatest$funsuite$AnyFunSuiteLike$$super$run(AnyFunSuite.scala:1564)
[info]   at org.scalatest.funsuite.AnyFunSuiteLike.$anonfun$run$1(AnyFunSuiteLike.scala:273)
[info]   at org.scalatest.SuperEngine.runImpl(Engine.scala:535)
[info]   at org.scalatest.funsuite.AnyFunSuiteLike.run(AnyFunSuiteLike.scala:273)
[info]   at org.scalatest.funsuite.AnyFunSuiteLike.run$(AnyFunSuiteLike.scala:272)
[info]   at frameless.TypedDatasetSuite.org$scalatest$BeforeAndAfterAll$$super$run(TypedDatasetSuite.scala:63)
[info]   at org.scalatest.BeforeAndAfterAll.liftedTree1$1(BeforeAndAfterAll.scala:213)
[info]   at org.scalatest.BeforeAndAfterAll.run(BeforeAndAfterAll.scala:210)
[info]   at org.scalatest.BeforeAndAfterAll.run$(BeforeAndAfterAll.scala:208)
[info]   at frameless.TypedDatasetSuite.run(TypedDatasetSuite.scala:63)
[info]   at org.scalatest.tools.Framework.org$scalatest$tools$Framework$$runSuite(Framework.scala:321)
[info]   at org.scalatest.tools.Framework$ScalaTestTask.execute(Framework.scala:517)
[info]   at sbt.ForkMain$Run.lambda$runTest$1(ForkMain.java:414)
[info]   at java.base/java.util.concurrent.FutureTask.run(FutureTask.java:317)
[info]   at java.base/java.util.concurrent.ThreadPoolExecutor.runWorker(ThreadPoolExecutor.java:1144)
[info]   at java.base/java.util.concurrent.ThreadPoolExecutor$Worker.run(ThreadPoolExecutor.java:642)
[info]   at java.base/java.lang.Thread.run(Thread.java:1583)
[info] RollupTests:
[info] - rollup('a).agg(count()) *** FAILED *** (2 milliseconds)
[info]   IllegalArgumentException was thrown during property evaluation.
[info]     Message: argument type mismatch
[info]     Occurred when passed generated values (
[info]       arg0 = List()
[info]     )
[info]   org.scalatest.exceptions.GeneratorDrivenPropertyCheckFailedException:
[info]   at org.scalatestplus.scalacheck.CheckerAsserting$$anon$2.indicateFailure(CheckerAsserting.scala:251)
[info]   at org.scalatestplus.scalacheck.CheckerAsserting$$anon$2.indicateFailure(CheckerAsserting.scala:238)
[info]   at org.scalatestplus.scalacheck.UnitCheckerAsserting$CheckerAssertingImpl.check(CheckerAsserting.scala:160)
[info]   at org.scalatestplus.scalacheck.Checkers.check(Checkers.scala:371)
[info]   at org.scalatestplus.scalacheck.Checkers.check$(Checkers.scala:369)
[info]   at frameless.TypedDatasetSuite.check(TypedDatasetSuite.scala:63)
[info]   at frameless.ops.RollupTests.$anonfun$new$1(RollupTests.scala:23)
[info]   at org.scalatest.OutcomeOf.outcomeOf(OutcomeOf.scala:85)
[info]   at org.scalatest.OutcomeOf.outcomeOf$(OutcomeOf.scala:83)
[info]   at org.scalatest.OutcomeOf$.outcomeOf(OutcomeOf.scala:104)
[info]   at org.scalatest.Transformer.apply(Transformer.scala:22)
[info]   at org.scalatest.Transformer.apply(Transformer.scala:20)
[info]   at org.scalatest.funsuite.AnyFunSuiteLike$$anon$1.apply(AnyFunSuiteLike.scala:226)
[info]   at org.scalatest.TestSuite.withFixture(TestSuite.scala:196)
[info]   at org.scalatest.TestSuite.withFixture$(TestSuite.scala:195)
[info]   at org.scalatest.funsuite.AnyFunSuite.withFixture(AnyFunSuite.scala:1564)
[info]   at org.scalatest.funsuite.AnyFunSuiteLike.invokeWithFixture$1(AnyFunSuiteLike.scala:224)
[info]   at org.scalatest.funsuite.AnyFunSuiteLike.$anonfun$runTest$1(AnyFunSuiteLike.scala:236)
[info]   at org.scalatest.SuperEngine.runTestImpl(Engine.scala:306)
[info]   at org.scalatest.funsuite.AnyFunSuiteLike.runTest(AnyFunSuiteLike.scala:236)
[info]   at org.scalatest.funsuite.AnyFunSuiteLike.runTest$(AnyFunSuiteLike.scala:218)
[info]   at org.scalatest.funsuite.AnyFunSuite.runTest(AnyFunSuite.scala:1564)
[info]   at org.scalatest.funsuite.AnyFunSuiteLike.$anonfun$runTests$1(AnyFunSuiteLike.scala:269)
[info]   at org.scalatest.SuperEngine.$anonfun$runTestsInBranch$1(Engine.scala:413)
[info]   at scala.collection.immutable.List.foreach(List.scala:334)
[info]   at org.scalatest.SuperEngine.traverseSubNodes$1(Engine.scala:401)
[info]   at org.scalatest.SuperEngine.runTestsInBranch(Engine.scala:396)
[info]   at org.scalatest.SuperEngine.runTestsImpl(Engine.scala:475)
[info]   at org.scalatest.funsuite.AnyFunSuiteLike.runTests(AnyFunSuiteLike.scala:269)
[info]   at org.scalatest.funsuite.AnyFunSuiteLike.runTests$(AnyFunSuiteLike.scala:268)
[info]   at org.scalatest.funsuite.AnyFunSuite.runTests(AnyFunSuite.scala:1564)
[info]   at org.scalatest.Suite.run(Suite.scala:1114)
[info]   at org.scalatest.Suite.run$(Suite.scala:1096)
[info]   at org.scalatest.funsuite.AnyFunSuite.org$scalatest$funsuite$AnyFunSuiteLike$$super$run(AnyFunSuite.scala:1564)
[info]   at org.scalatest.funsuite.AnyFunSuiteLike.$anonfun$run$1(AnyFunSuiteLike.scala:273)
[info]   at org.scalatest.SuperEngine.runImpl(Engine.scala:535)
[info]   at org.scalatest.funsuite.AnyFunSuiteLike.run(AnyFunSuiteLike.scala:273)
[info]   at org.scalatest.funsuite.AnyFunSuiteLike.run$(AnyFunSuiteLike.scala:272)
[info]   at frameless.TypedDatasetSuite.org$scalatest$BeforeAndAfterAll$$super$run(TypedDatasetSuite.scala:63)
[info]   at org.scalatest.BeforeAndAfterAll.liftedTree1$1(BeforeAndAfterAll.scala:213)
[info]   at org.scalatest.BeforeAndAfterAll.run(BeforeAndAfterAll.scala:210)
[info]   at org.scalatest.BeforeAndAfterAll.run$(BeforeAndAfterAll.scala:208)
[info]   at frameless.TypedDatasetSuite.run(TypedDatasetSuite.scala:63)
[info]   at org.scalatest.tools.Framework.org$scalatest$tools$Framework$$runSuite(Framework.scala:321)
[info]   at org.scalatest.tools.Framework$ScalaTestTask.execute(Framework.scala:517)
[info]   at sbt.ForkMain$Run.lambda$runTest$1(ForkMain.java:414)
[info]   at java.base/java.util.concurrent.FutureTask.run(FutureTask.java:317)
[info]   at java.base/java.util.concurrent.ThreadPoolExecutor.runWorker(ThreadPoolExecutor.java:1144)
[info]   at java.base/java.util.concurrent.ThreadPoolExecutor$Worker.run(ThreadPoolExecutor.java:642)
[info]   at java.base/java.lang.Thread.run(Thread.java:1583)
[info]   Cause: java.lang.IllegalArgumentException: argument type mismatch
[info]   at java.base/jdk.internal.reflect.DirectConstructorHandleAccessor.newInstance(DirectConstructorHandleAccessor.java:65)
[info]   at java.base/java.lang.reflect.Constructor.newInstanceWithCaller(Constructor.java:502)
[info]   at java.base/java.lang.reflect.Constructor.newInstance(Constructor.java:486)
[info]   at frameless.TypedExpressionEncoder$.$anonfun$apply$3(TypedExpressionEncoder.scala:55)
[info]   at scala.Option.map(Option.scala:242)
[info]   at frameless.TypedExpressionEncoder$.apply(TypedExpressionEncoder.scala:54)
[info]   at frameless.TypedDataset$.create(TypedDataset.scala:1325)
[info]   at frameless.ops.RollupTests.prop$1(RollupTests.scala:13)
[info]   at frameless.ops.RollupTests.$anonfun$new$13(RollupTests.scala:23)
[info]   at scala.Function1.$anonfun$andThen$1(Function1.scala:87)
[info]   at org.scalacheck.Prop$.$anonfun$forAllShrink$2(Prop.scala:868)
[info]   at org.scalacheck.Prop$.secure(Prop.scala:484)
[info]   at org.scalacheck.Prop$.result$1(Prop.scala:868)
[info]   at org.scalacheck.Prop$.$anonfun$forAllShrink$1(Prop.scala:915)
[info]   at org.scalacheck.Prop$.$anonfun$apply$1(Prop.scala:305)
[info]   at org.scalacheck.PropFromFun.apply(Prop.scala:20)
[info]   at org.scalacheck.Test$.workerFun$1(Test.scala:486)
[info]   at org.scalacheck.Test$.$anonfun$check$4(Test.scala:518)
[info]   at org.scalacheck.Test$.$anonfun$check$4$adapted(Test.scala:518)
[info]   at org.scalacheck.Platform$.runWorkers(Platform.scala:42)
[info]   at org.scalacheck.Test$.check(Test.scala:518)
[info]   at org.scalatestplus.scalacheck.UnitCheckerAsserting$CheckerAssertingImpl.check(CheckerAsserting.scala:90)
[info]   at org.scalatestplus.scalacheck.Checkers.check(Checkers.scala:371)
[info]   at org.scalatestplus.scalacheck.Checkers.check$(Checkers.scala:369)
[info]   at frameless.TypedDatasetSuite.check(TypedDatasetSuite.scala:63)
[info]   at frameless.ops.RollupTests.$anonfun$new$1(RollupTests.scala:23)
[info]   at org.scalatest.OutcomeOf.outcomeOf(OutcomeOf.scala:85)
[info]   at org.scalatest.OutcomeOf.outcomeOf$(OutcomeOf.scala:83)
[info]   at org.scalatest.OutcomeOf$.outcomeOf(OutcomeOf.scala:104)
[info]   at org.scalatest.Transformer.apply(Transformer.scala:22)
[info]   at org.scalatest.Transformer.apply(Transformer.scala:20)
[info]   at org.scalatest.funsuite.AnyFunSuiteLike$$anon$1.apply(AnyFunSuiteLike.scala:226)
[info]   at org.scalatest.TestSuite.withFixture(TestSuite.scala:196)
[info]   at org.scalatest.TestSuite.withFixture$(TestSuite.scala:195)
[info]   at org.scalatest.funsuite.AnyFunSuite.withFixture(AnyFunSuite.scala:1564)
[info]   at org.scalatest.funsuite.AnyFunSuiteLike.invokeWithFixture$1(AnyFunSuiteLike.scala:224)
[info]   at org.scalatest.funsuite.AnyFunSuiteLike.$anonfun$runTest$1(AnyFunSuiteLike.scala:236)
[info]   at org.scalatest.SuperEngine.runTestImpl(Engine.scala:306)
[info]   at org.scalatest.funsuite.AnyFunSuiteLike.runTest(AnyFunSuiteLike.scala:236)
[info]   at org.scalatest.funsuite.AnyFunSuiteLike.runTest$(AnyFunSuiteLike.scala:218)
[info]   at org.scalatest.funsuite.AnyFunSuite.runTest(AnyFunSuite.scala:1564)
[info]   at org.scalatest.funsuite.AnyFunSuiteLike.$anonfun$runTests$1(AnyFunSuiteLike.scala:269)
[info]   at org.scalatest.SuperEngine.$anonfun$runTestsInBranch$1(Engine.scala:413)
[info]   at scala.collection.immutable.List.foreach(List.scala:334)
[info]   at org.scalatest.SuperEngine.traverseSubNodes$1(Engine.scala:401)
[info]   at org.scalatest.SuperEngine.runTestsInBranch(Engine.scala:396)
[info]   at org.scalatest.SuperEngine.runTestsImpl(Engine.scala:475)
[info]   at org.scalatest.funsuite.AnyFunSuiteLike.runTests(AnyFunSuiteLike.scala:269)
[info]   at org.scalatest.funsuite.AnyFunSuiteLike.runTests$(AnyFunSuiteLike.scala:268)
[info]   at org.scalatest.funsuite.AnyFunSuite.runTests(AnyFunSuite.scala:1564)
[info]   at org.scalatest.Suite.run(Suite.scala:1114)
[info]   at org.scalatest.Suite.run$(Suite.scala:1096)
[info]   at org.scalatest.funsuite.AnyFunSuite.org$scalatest$funsuite$AnyFunSuiteLike$$super$run(AnyFunSuite.scala:1564)
[info]   at org.scalatest.funsuite.AnyFunSuiteLike.$anonfun$run$1(AnyFunSuiteLike.scala:273)
[info]   at org.scalatest.SuperEngine.runImpl(Engine.scala:535)
[info]   at org.scalatest.funsuite.AnyFunSuiteLike.run(AnyFunSuiteLike.scala:273)
[info]   at org.scalatest.funsuite.AnyFunSuiteLike.run$(AnyFunSuiteLike.scala:272)
[info]   at frameless.TypedDatasetSuite.org$scalatest$BeforeAndAfterAll$$super$run(TypedDatasetSuite.scala:63)
[info]   at org.scalatest.BeforeAndAfterAll.liftedTree1$1(BeforeAndAfterAll.scala:213)
[info]   at org.scalatest.BeforeAndAfterAll.run(BeforeAndAfterAll.scala:210)
[info]   at org.scalatest.BeforeAndAfterAll.run$(BeforeAndAfterAll.scala:208)
[info]   at frameless.TypedDatasetSuite.run(TypedDatasetSuite.scala:63)
[info]   at org.scalatest.tools.Framework.org$scalatest$tools$Framework$$runSuite(Framework.scala:321)
[info]   at org.scalatest.tools.Framework$ScalaTestTask.execute(Framework.scala:517)
[info]   at sbt.ForkMain$Run.lambda$runTest$1(ForkMain.java:414)
[info]   at java.base/java.util.concurrent.FutureTask.run(FutureTask.java:317)
[info]   at java.base/java.util.concurrent.ThreadPoolExecutor.runWorker(ThreadPoolExecutor.java:1144)
[info]   at java.base/java.util.concurrent.ThreadPoolExecutor$Worker.run(ThreadPoolExecutor.java:642)
[info]   at java.base/java.lang.Thread.run(Thread.java:1583)
[info]   Cause: java.lang.ClassCastException: Cannot cast scala.reflect.ClassTag$GenericClassTag to org.apache.spark.sql.catalyst.expressions.Expression
[info]   at java.base/java.lang.Class.cast(Class.java:4067)
[info]   at java.base/jdk.internal.reflect.DirectConstructorHandleAccessor.newInstance(DirectConstructorHandleAccessor.java:62)
[info]   at java.base/java.lang.reflect.Constructor.newInstanceWithCaller(Constructor.java:502)
[info]   at java.base/java.lang.reflect.Constructor.newInstance(Constructor.java:486)
[info]   at frameless.TypedExpressionEncoder$.$anonfun$apply$3(TypedExpressionEncoder.scala:55)
[info]   at scala.Option.map(Option.scala:242)
[info]   at frameless.TypedExpressionEncoder$.apply(TypedExpressionEncoder.scala:54)
[info]   at frameless.TypedDataset$.create(TypedDataset.scala:1325)
[info]   at frameless.ops.RollupTests.prop$1(RollupTests.scala:13)
[info]   at frameless.ops.RollupTests.$anonfun$new$13(RollupTests.scala:23)
[info]   at scala.Function1.$anonfun$andThen$1(Function1.scala:87)
[info]   at org.scalacheck.Prop$.$anonfun$forAllShrink$2(Prop.scala:868)
[info]   at org.scalacheck.Prop$.secure(Prop.scala:484)
[info]   at org.scalacheck.Prop$.result$1(Prop.scala:868)
[info]   at org.scalacheck.Prop$.$anonfun$forAllShrink$1(Prop.scala:915)
[info]   at org.scalacheck.Prop$.$anonfun$apply$1(Prop.scala:305)
[info]   at org.scalacheck.PropFromFun.apply(Prop.scala:20)
[info]   at org.scalacheck.Test$.workerFun$1(Test.scala:486)
[info]   at org.scalacheck.Test$.$anonfun$check$4(Test.scala:518)
[info]   at org.scalacheck.Test$.$anonfun$check$4$adapted(Test.scala:518)
[info]   at org.scalacheck.Platform$.runWorkers(Platform.scala:42)
[info]   at org.scalacheck.Test$.check(Test.scala:518)
[info]   at org.scalatestplus.scalacheck.UnitCheckerAsserting$CheckerAssertingImpl.check(CheckerAsserting.scala:90)
[info]   at org.scalatestplus.scalacheck.Checkers.check(Checkers.scala:371)
[info]   at org.scalatestplus.scalacheck.Checkers.check$(Checkers.scala:369)
[info]   at frameless.TypedDatasetSuite.check(TypedDatasetSuite.scala:63)
[info]   at frameless.ops.RollupTests.$anonfun$new$1(RollupTests.scala:23)
[info]   at org.scalatest.OutcomeOf.outcomeOf(OutcomeOf.scala:85)
[info]   at org.scalatest.OutcomeOf.outcomeOf$(OutcomeOf.scala:83)
[info]   at org.scalatest.OutcomeOf$.outcomeOf(OutcomeOf.scala:104)
[info]   at org.scalatest.Transformer.apply(Transformer.scala:22)
[info]   at org.scalatest.Transformer.apply(Transformer.scala:20)
[info]   at org.scalatest.funsuite.AnyFunSuiteLike$$anon$1.apply(AnyFunSuiteLike.scala:226)
[info]   at org.scalatest.TestSuite.withFixture(TestSuite.scala:196)
[info]   at org.scalatest.TestSuite.withFixture$(TestSuite.scala:195)
[info]   at org.scalatest.funsuite.AnyFunSuite.withFixture(AnyFunSuite.scala:1564)
[info]   at org.scalatest.funsuite.AnyFunSuiteLike.invokeWithFixture$1(AnyFunSuiteLike.scala:224)
[info]   at org.scalatest.funsuite.AnyFunSuiteLike.$anonfun$runTest$1(AnyFunSuiteLike.scala:236)
[info]   at org.scalatest.SuperEngine.runTestImpl(Engine.scala:306)
[info]   at org.scalatest.funsuite.AnyFunSuiteLike.runTest(AnyFunSuiteLike.scala:236)
[info]   at org.scalatest.funsuite.AnyFunSuiteLike.runTest$(AnyFunSuiteLike.scala:218)
[info]   at org.scalatest.funsuite.AnyFunSuite.runTest(AnyFunSuite.scala:1564)
[info]   at org.scalatest.funsuite.AnyFunSuiteLike.$anonfun$runTests$1(AnyFunSuiteLike.scala:269)
[info]   at org.scalatest.SuperEngine.$anonfun$runTestsInBranch$1(Engine.scala:413)
[info]   at scala.collection.immutable.List.foreach(List.scala:334)
[info]   at org.scalatest.SuperEngine.traverseSubNodes$1(Engine.scala:401)
[info]   at org.scalatest.SuperEngine.runTestsInBranch(Engine.scala:396)
[info]   at org.scalatest.SuperEngine.runTestsImpl(Engine.scala:475)
[info]   at org.scalatest.funsuite.AnyFunSuiteLike.runTests(AnyFunSuiteLike.scala:269)
[info]   at org.scalatest.funsuite.AnyFunSuiteLike.runTests$(AnyFunSuiteLike.scala:268)
[info]   at org.scalatest.funsuite.AnyFunSuite.runTests(AnyFunSuite.scala:1564)
[info]   at org.scalatest.Suite.run(Suite.scala:1114)
[info]   at org.scalatest.Suite.run$(Suite.scala:1096)
[info]   at org.scalatest.funsuite.AnyFunSuite.org$scalatest$funsuite$AnyFunSuiteLike$$super$run(AnyFunSuite.scala:1564)
[info]   at org.scalatest.funsuite.AnyFunSuiteLike.$anonfun$run$1(AnyFunSuiteLike.scala:273)
[info]   at org.scalatest.SuperEngine.runImpl(Engine.scala:535)
[info]   at org.scalatest.funsuite.AnyFunSuiteLike.run(AnyFunSuiteLike.scala:273)
[info]   at org.scalatest.funsuite.AnyFunSuiteLike.run$(AnyFunSuiteLike.scala:272)
[info]   at frameless.TypedDatasetSuite.org$scalatest$BeforeAndAfterAll$$super$run(TypedDatasetSuite.scala:63)
[info]   at org.scalatest.BeforeAndAfterAll.liftedTree1$1(BeforeAndAfterAll.scala:213)
[info]   at org.scalatest.BeforeAndAfterAll.run(BeforeAndAfterAll.scala:210)
[info]   at org.scalatest.BeforeAndAfterAll.run$(BeforeAndAfterAll.scala:208)
[info]   at frameless.TypedDatasetSuite.run(TypedDatasetSuite.scala:63)
[info]   at org.scalatest.tools.Framework.org$scalatest$tools$Framework$$runSuite(Framework.scala:321)
[info]   at org.scalatest.tools.Framework$ScalaTestTask.execute(Framework.scala:517)
[info]   at sbt.ForkMain$Run.lambda$runTest$1(ForkMain.java:414)
[info]   at java.base/java.util.concurrent.FutureTask.run(FutureTask.java:317)
[info]   at java.base/java.util.concurrent.ThreadPoolExecutor.runWorker(ThreadPoolExecutor.java:1144)
[info]   at java.base/java.util.concurrent.ThreadPoolExecutor$Worker.run(ThreadPoolExecutor.java:642)
[info]   at java.base/java.lang.Thread.run(Thread.java:1583)
[info] - rollup('a, 'b).agg(count()) *** FAILED *** (1 millisecond)
[info]   IllegalArgumentException was thrown during property evaluation.
[info]     Message: argument type mismatch
[info]     Occurred when passed generated values (
[info]       arg0 = List()
[info]     )
[info]   org.scalatest.exceptions.GeneratorDrivenPropertyCheckFailedException:
[info]   at org.scalatestplus.scalacheck.CheckerAsserting$$anon$2.indicateFailure(CheckerAsserting.scala:251)
[info]   at org.scalatestplus.scalacheck.CheckerAsserting$$anon$2.indicateFailure(CheckerAsserting.scala:238)
[info]   at org.scalatestplus.scalacheck.UnitCheckerAsserting$CheckerAssertingImpl.check(CheckerAsserting.scala:160)
[info]   at org.scalatestplus.scalacheck.Checkers.check(Checkers.scala:371)
[info]   at org.scalatestplus.scalacheck.Checkers.check$(Checkers.scala:369)
[info]   at frameless.TypedDatasetSuite.check(TypedDatasetSuite.scala:63)
[info]   at frameless.ops.RollupTests.$anonfun$new$15(RollupTests.scala:40)
[info]   at org.scalatest.OutcomeOf.outcomeOf(OutcomeOf.scala:85)
[info]   at org.scalatest.OutcomeOf.outcomeOf$(OutcomeOf.scala:83)
[info]   at org.scalatest.OutcomeOf$.outcomeOf(OutcomeOf.scala:104)
[info]   at org.scalatest.Transformer.apply(Transformer.scala:22)
[info]   at org.scalatest.Transformer.apply(Transformer.scala:20)
[info]   at org.scalatest.funsuite.AnyFunSuiteLike$$anon$1.apply(AnyFunSuiteLike.scala:226)
[info]   at org.scalatest.TestSuite.withFixture(TestSuite.scala:196)
[info]   at org.scalatest.TestSuite.withFixture$(TestSuite.scala:195)
[info]   at org.scalatest.funsuite.AnyFunSuite.withFixture(AnyFunSuite.scala:1564)
[info]   at org.scalatest.funsuite.AnyFunSuiteLike.invokeWithFixture$1(AnyFunSuiteLike.scala:224)
[info]   at org.scalatest.funsuite.AnyFunSuiteLike.$anonfun$runTest$1(AnyFunSuiteLike.scala:236)
[info]   at org.scalatest.SuperEngine.runTestImpl(Engine.scala:306)
[info]   at org.scalatest.funsuite.AnyFunSuiteLike.runTest(AnyFunSuiteLike.scala:236)
[info]   at org.scalatest.funsuite.AnyFunSuiteLike.runTest$(AnyFunSuiteLike.scala:218)
[info]   at org.scalatest.funsuite.AnyFunSuite.runTest(AnyFunSuite.scala:1564)
[info]   at org.scalatest.funsuite.AnyFunSuiteLike.$anonfun$runTests$1(AnyFunSuiteLike.scala:269)
[info]   at org.scalatest.SuperEngine.$anonfun$runTestsInBranch$1(Engine.scala:413)
[info]   at scala.collection.immutable.List.foreach(List.scala:334)
[info]   at org.scalatest.SuperEngine.traverseSubNodes$1(Engine.scala:401)
[info]   at org.scalatest.SuperEngine.runTestsInBranch(Engine.scala:396)
[info]   at org.scalatest.SuperEngine.runTestsImpl(Engine.scala:475)
[info]   at org.scalatest.funsuite.AnyFunSuiteLike.runTests(AnyFunSuiteLike.scala:269)
[info]   at org.scalatest.funsuite.AnyFunSuiteLike.runTests$(AnyFunSuiteLike.scala:268)
[info]   at org.scalatest.funsuite.AnyFunSuite.runTests(AnyFunSuite.scala:1564)
[info]   at org.scalatest.Suite.run(Suite.scala:1114)
[info]   at org.scalatest.Suite.run$(Suite.scala:1096)
[info]   at org.scalatest.funsuite.AnyFunSuite.org$scalatest$funsuite$AnyFunSuiteLike$$super$run(AnyFunSuite.scala:1564)
[info]   at org.scalatest.funsuite.AnyFunSuiteLike.$anonfun$run$1(AnyFunSuiteLike.scala:273)
[info]   at org.scalatest.SuperEngine.runImpl(Engine.scala:535)
[info]   at org.scalatest.funsuite.AnyFunSuiteLike.run(AnyFunSuiteLike.scala:273)
[info]   at org.scalatest.funsuite.AnyFunSuiteLike.run$(AnyFunSuiteLike.scala:272)
[info]   at frameless.TypedDatasetSuite.org$scalatest$BeforeAndAfterAll$$super$run(TypedDatasetSuite.scala:63)
[info]   at org.scalatest.BeforeAndAfterAll.liftedTree1$1(BeforeAndAfterAll.scala:213)
[info]   at org.scalatest.BeforeAndAfterAll.run(BeforeAndAfterAll.scala:210)
[info]   at org.scalatest.BeforeAndAfterAll.run$(BeforeAndAfterAll.scala:208)
[info]   at frameless.TypedDatasetSuite.run(TypedDatasetSuite.scala:63)
[info]   at org.scalatest.tools.Framework.org$scalatest$tools$Framework$$runSuite(Framework.scala:321)
[info]   at org.scalatest.tools.Framework$ScalaTestTask.execute(Framework.scala:517)
[info]   at sbt.ForkMain$Run.lambda$runTest$1(ForkMain.java:414)
[info]   at java.base/java.util.concurrent.FutureTask.run(FutureTask.java:317)
[info]   at java.base/java.util.concurrent.ThreadPoolExecutor.runWorker(ThreadPoolExecutor.java:1144)
[info]   at java.base/java.util.concurrent.ThreadPoolExecutor$Worker.run(ThreadPoolExecutor.java:642)
[info]   at java.base/java.lang.Thread.run(Thread.java:1583)
[info]   Cause: java.lang.IllegalArgumentException: argument type mismatch
[info]   at java.base/jdk.internal.reflect.DirectConstructorHandleAccessor.newInstance(DirectConstructorHandleAccessor.java:65)
[info]   at java.base/java.lang.reflect.Constructor.newInstanceWithCaller(Constructor.java:502)
[info]   at java.base/java.lang.reflect.Constructor.newInstance(Constructor.java:486)
[info]   at frameless.TypedExpressionEncoder$.$anonfun$apply$3(TypedExpressionEncoder.scala:55)
[info]   at scala.Option.map(Option.scala:242)
[info]   at frameless.TypedExpressionEncoder$.apply(TypedExpressionEncoder.scala:54)
[info]   at frameless.TypedDataset$.create(TypedDataset.scala:1325)
[info]   at frameless.ops.RollupTests.prop$2(RollupTests.scala:29)
[info]   at frameless.ops.RollupTests.$anonfun$new$29(RollupTests.scala:40)
[info]   at scala.Function1.$anonfun$andThen$1(Function1.scala:87)
[info]   at org.scalacheck.Prop$.$anonfun$forAllShrink$2(Prop.scala:868)
[info]   at org.scalacheck.Prop$.secure(Prop.scala:484)
[info]   at org.scalacheck.Prop$.result$1(Prop.scala:868)
[info]   at org.scalacheck.Prop$.$anonfun$forAllShrink$1(Prop.scala:915)
[info]   at org.scalacheck.Prop$.$anonfun$apply$1(Prop.scala:305)
[info]   at org.scalacheck.PropFromFun.apply(Prop.scala:20)
[info]   at org.scalacheck.Test$.workerFun$1(Test.scala:486)
[info]   at org.scalacheck.Test$.$anonfun$check$4(Test.scala:518)
[info]   at org.scalacheck.Test$.$anonfun$check$4$adapted(Test.scala:518)
[info]   at org.scalacheck.Platform$.runWorkers(Platform.scala:42)
[info]   at org.scalacheck.Test$.check(Test.scala:518)
[info]   at org.scalatestplus.scalacheck.UnitCheckerAsserting$CheckerAssertingImpl.check(CheckerAsserting.scala:90)
[info]   at org.scalatestplus.scalacheck.Checkers.check(Checkers.scala:371)
[info]   at org.scalatestplus.scalacheck.Checkers.check$(Checkers.scala:369)
[info]   at frameless.TypedDatasetSuite.check(TypedDatasetSuite.scala:63)
[info]   at frameless.ops.RollupTests.$anonfun$new$15(RollupTests.scala:40)
[info]   at org.scalatest.OutcomeOf.outcomeOf(OutcomeOf.scala:85)
[info]   at org.scalatest.OutcomeOf.outcomeOf$(OutcomeOf.scala:83)
[info]   at org.scalatest.OutcomeOf$.outcomeOf(OutcomeOf.scala:104)
[info]   at org.scalatest.Transformer.apply(Transformer.scala:22)
[info]   at org.scalatest.Transformer.apply(Transformer.scala:20)
[info]   at org.scalatest.funsuite.AnyFunSuiteLike$$anon$1.apply(AnyFunSuiteLike.scala:226)
[info]   at org.scalatest.TestSuite.withFixture(TestSuite.scala:196)
[info]   at org.scalatest.TestSuite.withFixture$(TestSuite.scala:195)
[info]   at org.scalatest.funsuite.AnyFunSuite.withFixture(AnyFunSuite.scala:1564)
[info]   at org.scalatest.funsuite.AnyFunSuiteLike.invokeWithFixture$1(AnyFunSuiteLike.scala:224)
[info]   at org.scalatest.funsuite.AnyFunSuiteLike.$anonfun$runTest$1(AnyFunSuiteLike.scala:236)
[info]   at org.scalatest.SuperEngine.runTestImpl(Engine.scala:306)
[info]   at org.scalatest.funsuite.AnyFunSuiteLike.runTest(AnyFunSuiteLike.scala:236)
[info]   at org.scalatest.funsuite.AnyFunSuiteLike.runTest$(AnyFunSuiteLike.scala:218)
[info]   at org.scalatest.funsuite.AnyFunSuite.runTest(AnyFunSuite.scala:1564)
[info]   at org.scalatest.funsuite.AnyFunSuiteLike.$anonfun$runTests$1(AnyFunSuiteLike.scala:269)
[info]   at org.scalatest.SuperEngine.$anonfun$runTestsInBranch$1(Engine.scala:413)
[info]   at scala.collection.immutable.List.foreach(List.scala:334)
[info]   at org.scalatest.SuperEngine.traverseSubNodes$1(Engine.scala:401)
[info]   at org.scalatest.SuperEngine.runTestsInBranch(Engine.scala:396)
[info]   at org.scalatest.SuperEngine.runTestsImpl(Engine.scala:475)
[info]   at org.scalatest.funsuite.AnyFunSuiteLike.runTests(AnyFunSuiteLike.scala:269)
[info]   at org.scalatest.funsuite.AnyFunSuiteLike.runTests$(AnyFunSuiteLike.scala:268)
[info]   at org.scalatest.funsuite.AnyFunSuite.runTests(AnyFunSuite.scala:1564)
[info]   at org.scalatest.Suite.run(Suite.scala:1114)
[info]   at org.scalatest.Suite.run$(Suite.scala:1096)
[info]   at org.scalatest.funsuite.AnyFunSuite.org$scalatest$funsuite$AnyFunSuiteLike$$super$run(AnyFunSuite.scala:1564)
[info]   at org.scalatest.funsuite.AnyFunSuiteLike.$anonfun$run$1(AnyFunSuiteLike.scala:273)
[info]   at org.scalatest.SuperEngine.runImpl(Engine.scala:535)
[info]   at org.scalatest.funsuite.AnyFunSuiteLike.run(AnyFunSuiteLike.scala:273)
[info]   at org.scalatest.funsuite.AnyFunSuiteLike.run$(AnyFunSuiteLike.scala:272)
[info]   at frameless.TypedDatasetSuite.org$scalatest$BeforeAndAfterAll$$super$run(TypedDatasetSuite.scala:63)
[info]   at org.scalatest.BeforeAndAfterAll.liftedTree1$1(BeforeAndAfterAll.scala:213)
[info]   at org.scalatest.BeforeAndAfterAll.run(BeforeAndAfterAll.scala:210)
[info]   at org.scalatest.BeforeAndAfterAll.run$(BeforeAndAfterAll.scala:208)
[info]   at frameless.TypedDatasetSuite.run(TypedDatasetSuite.scala:63)
[info]   at org.scalatest.tools.Framework.org$scalatest$tools$Framework$$runSuite(Framework.scala:321)
[info]   at org.scalatest.tools.Framework$ScalaTestTask.execute(Framework.scala:517)
[info]   at sbt.ForkMain$Run.lambda$runTest$1(ForkMain.java:414)
[info]   at java.base/java.util.concurrent.FutureTask.run(FutureTask.java:317)
[info]   at java.base/java.util.concurrent.ThreadPoolExecutor.runWorker(ThreadPoolExecutor.java:1144)
[info]   at java.base/java.util.concurrent.ThreadPoolExecutor$Worker.run(ThreadPoolExecutor.java:642)
[info]   at java.base/java.lang.Thread.run(Thread.java:1583)
[info]   Cause: java.lang.ClassCastException: Cannot cast scala.reflect.ClassTag$GenericClassTag to org.apache.spark.sql.catalyst.expressions.Expression
[info]   at java.base/java.lang.Class.cast(Class.java:4067)
[info]   at java.base/jdk.internal.reflect.DirectConstructorHandleAccessor.newInstance(DirectConstructorHandleAccessor.java:62)
[info]   at java.base/java.lang.reflect.Constructor.newInstanceWithCaller(Constructor.java:502)
[info]   at java.base/java.lang.reflect.Constructor.newInstance(Constructor.java:486)
[info]   at frameless.TypedExpressionEncoder$.$anonfun$apply$3(TypedExpressionEncoder.scala:55)
[info]   at scala.Option.map(Option.scala:242)
[info]   at frameless.TypedExpressionEncoder$.apply(TypedExpressionEncoder.scala:54)
[info]   at frameless.TypedDataset$.create(TypedDataset.scala:1325)
[info]   at frameless.ops.RollupTests.prop$2(RollupTests.scala:29)
[info]   at frameless.ops.RollupTests.$anonfun$new$29(RollupTests.scala:40)
[info]   at scala.Function1.$anonfun$andThen$1(Function1.scala:87)
[info]   at org.scalacheck.Prop$.$anonfun$forAllShrink$2(Prop.scala:868)
[info]   at org.scalacheck.Prop$.secure(Prop.scala:484)
[info]   at org.scalacheck.Prop$.result$1(Prop.scala:868)
[info]   at org.scalacheck.Prop$.$anonfun$forAllShrink$1(Prop.scala:915)
[info]   at org.scalacheck.Prop$.$anonfun$apply$1(Prop.scala:305)
[info]   at org.scalacheck.PropFromFun.apply(Prop.scala:20)
[info]   at org.scalacheck.Test$.workerFun$1(Test.scala:486)
[info]   at org.scalacheck.Test$.$anonfun$check$4(Test.scala:518)
[info]   at org.scalacheck.Test$.$anonfun$check$4$adapted(Test.scala:518)
[info]   at org.scalacheck.Platform$.runWorkers(Platform.scala:42)
[info]   at org.scalacheck.Test$.check(Test.scala:518)
[info]   at org.scalatestplus.scalacheck.UnitCheckerAsserting$CheckerAssertingImpl.check(CheckerAsserting.scala:90)
[info]   at org.scalatestplus.scalacheck.Checkers.check(Checkers.scala:371)
[info]   at org.scalatestplus.scalacheck.Checkers.check$(Checkers.scala:369)
[info]   at frameless.TypedDatasetSuite.check(TypedDatasetSuite.scala:63)
[info]   at frameless.ops.RollupTests.$anonfun$new$15(RollupTests.scala:40)
[info]   at org.scalatest.OutcomeOf.outcomeOf(OutcomeOf.scala:85)
[info]   at org.scalatest.OutcomeOf.outcomeOf$(OutcomeOf.scala:83)
[info]   at org.scalatest.OutcomeOf$.outcomeOf(OutcomeOf.scala:104)
[info]   at org.scalatest.Transformer.apply(Transformer.scala:22)
[info]   at org.scalatest.Transformer.apply(Transformer.scala:20)
[info]   at org.scalatest.funsuite.AnyFunSuiteLike$$anon$1.apply(AnyFunSuiteLike.scala:226)
[info]   at org.scalatest.TestSuite.withFixture(TestSuite.scala:196)
[info]   at org.scalatest.TestSuite.withFixture$(TestSuite.scala:195)
[info]   at org.scalatest.funsuite.AnyFunSuite.withFixture(AnyFunSuite.scala:1564)
[info]   at org.scalatest.funsuite.AnyFunSuiteLike.invokeWithFixture$1(AnyFunSuiteLike.scala:224)
[info]   at org.scalatest.funsuite.AnyFunSuiteLike.$anonfun$runTest$1(AnyFunSuiteLike.scala:236)
[info]   at org.scalatest.SuperEngine.runTestImpl(Engine.scala:306)
[info]   at org.scalatest.funsuite.AnyFunSuiteLike.runTest(AnyFunSuiteLike.scala:236)
[info]   at org.scalatest.funsuite.AnyFunSuiteLike.runTest$(AnyFunSuiteLike.scala:218)
[info]   at org.scalatest.funsuite.AnyFunSuite.runTest(AnyFunSuite.scala:1564)
[info]   at org.scalatest.funsuite.AnyFunSuiteLike.$anonfun$runTests$1(AnyFunSuiteLike.scala:269)
[info]   at org.scalatest.SuperEngine.$anonfun$runTestsInBranch$1(Engine.scala:413)
[info]   at scala.collection.immutable.List.foreach(List.scala:334)
[info]   at org.scalatest.SuperEngine.traverseSubNodes$1(Engine.scala:401)
[info]   at org.scalatest.SuperEngine.runTestsInBranch(Engine.scala:396)
[info]   at org.scalatest.SuperEngine.runTestsImpl(Engine.scala:475)
[info]   at org.scalatest.funsuite.AnyFunSuiteLike.runTests(AnyFunSuiteLike.scala:269)
[info]   at org.scalatest.funsuite.AnyFunSuiteLike.runTests$(AnyFunSuiteLike.scala:268)
[info]   at org.scalatest.funsuite.AnyFunSuite.runTests(AnyFunSuite.scala:1564)
[info]   at org.scalatest.Suite.run(Suite.scala:1114)
[info]   at org.scalatest.Suite.run$(Suite.scala:1096)
[info]   at org.scalatest.funsuite.AnyFunSuite.org$scalatest$funsuite$AnyFunSuiteLike$$super$run(AnyFunSuite.scala:1564)
[info]   at org.scalatest.funsuite.AnyFunSuiteLike.$anonfun$run$1(AnyFunSuiteLike.scala:273)
[info]   at org.scalatest.SuperEngine.runImpl(Engine.scala:535)
[info]   at org.scalatest.funsuite.AnyFunSuiteLike.run(AnyFunSuiteLike.scala:273)
[info]   at org.scalatest.funsuite.AnyFunSuiteLike.run$(AnyFunSuiteLike.scala:272)
[info]   at frameless.TypedDatasetSuite.org$scalatest$BeforeAndAfterAll$$super$run(TypedDatasetSuite.scala:63)
[info]   at org.scalatest.BeforeAndAfterAll.liftedTree1$1(BeforeAndAfterAll.scala:213)
[info]   at org.scalatest.BeforeAndAfterAll.run(BeforeAndAfterAll.scala:210)
[info]   at org.scalatest.BeforeAndAfterAll.run$(BeforeAndAfterAll.scala:208)
[info]   at frameless.TypedDatasetSuite.run(TypedDatasetSuite.scala:63)
[info]   at org.scalatest.tools.Framework.org$scalatest$tools$Framework$$runSuite(Framework.scala:321)
[info]   at org.scalatest.tools.Framework$ScalaTestTask.execute(Framework.scala:517)
[info]   at sbt.ForkMain$Run.lambda$runTest$1(ForkMain.java:414)
[info]   at java.base/java.util.concurrent.FutureTask.run(FutureTask.java:317)
[info]   at java.base/java.util.concurrent.ThreadPoolExecutor.runWorker(ThreadPoolExecutor.java:1144)
[info]   at java.base/java.util.concurrent.ThreadPoolExecutor$Worker.run(ThreadPoolExecutor.java:642)
[info]   at java.base/java.lang.Thread.run(Thread.java:1583)
[info] - rollup('a).agg(sum('b) *** FAILED *** (2 milliseconds)
[info]   IllegalArgumentException was thrown during property evaluation.
[info]     Message: argument type mismatch
[info]     Occurred when passed generated values (
[info]       arg0 = List()
[info]     )
[info]   org.scalatest.exceptions.GeneratorDrivenPropertyCheckFailedException:
[info]   at org.scalatestplus.scalacheck.CheckerAsserting$$anon$2.indicateFailure(CheckerAsserting.scala:251)
[info]   at org.scalatestplus.scalacheck.CheckerAsserting$$anon$2.indicateFailure(CheckerAsserting.scala:238)
[info]   at org.scalatestplus.scalacheck.UnitCheckerAsserting$CheckerAssertingImpl.check(CheckerAsserting.scala:160)
[info]   at org.scalatestplus.scalacheck.Checkers.check(Checkers.scala:371)
[info]   at org.scalatestplus.scalacheck.Checkers.check$(Checkers.scala:369)
[info]   at frameless.TypedDatasetSuite.check(TypedDatasetSuite.scala:63)
[info]   at frameless.ops.RollupTests.$anonfun$new$31(RollupTests.scala:57)
[info]   at org.scalatest.OutcomeOf.outcomeOf(OutcomeOf.scala:85)
[info]   at org.scalatest.OutcomeOf.outcomeOf$(OutcomeOf.scala:83)
[info]   at org.scalatest.OutcomeOf$.outcomeOf(OutcomeOf.scala:104)
[info]   at org.scalatest.Transformer.apply(Transformer.scala:22)
[info]   at org.scalatest.Transformer.apply(Transformer.scala:20)
[info]   at org.scalatest.funsuite.AnyFunSuiteLike$$anon$1.apply(AnyFunSuiteLike.scala:226)
[info]   at org.scalatest.TestSuite.withFixture(TestSuite.scala:196)
[info]   at org.scalatest.TestSuite.withFixture$(TestSuite.scala:195)
[info]   at org.scalatest.funsuite.AnyFunSuite.withFixture(AnyFunSuite.scala:1564)
[info]   at org.scalatest.funsuite.AnyFunSuiteLike.invokeWithFixture$1(AnyFunSuiteLike.scala:224)
[info]   at org.scalatest.funsuite.AnyFunSuiteLike.$anonfun$runTest$1(AnyFunSuiteLike.scala:236)
[info]   at org.scalatest.SuperEngine.runTestImpl(Engine.scala:306)
[info]   at org.scalatest.funsuite.AnyFunSuiteLike.runTest(AnyFunSuiteLike.scala:236)
[info]   at org.scalatest.funsuite.AnyFunSuiteLike.runTest$(AnyFunSuiteLike.scala:218)
[info]   at org.scalatest.funsuite.AnyFunSuite.runTest(AnyFunSuite.scala:1564)
[info]   at org.scalatest.funsuite.AnyFunSuiteLike.$anonfun$runTests$1(AnyFunSuiteLike.scala:269)
[info]   at org.scalatest.SuperEngine.$anonfun$runTestsInBranch$1(Engine.scala:413)
[info]   at scala.collection.immutable.List.foreach(List.scala:334)
[info]   at org.scalatest.SuperEngine.traverseSubNodes$1(Engine.scala:401)
[info]   at org.scalatest.SuperEngine.runTestsInBranch(Engine.scala:396)
[info]   at org.scalatest.SuperEngine.runTestsImpl(Engine.scala:475)
[info]   at org.scalatest.funsuite.AnyFunSuiteLike.runTests(AnyFunSuiteLike.scala:269)
[info]   at org.scalatest.funsuite.AnyFunSuiteLike.runTests$(AnyFunSuiteLike.scala:268)
[info]   at org.scalatest.funsuite.AnyFunSuite.runTests(AnyFunSuite.scala:1564)
[info]   at org.scalatest.Suite.run(Suite.scala:1114)
[info]   at org.scalatest.Suite.run$(Suite.scala:1096)
[info]   at org.scalatest.funsuite.AnyFunSuite.org$scalatest$funsuite$AnyFunSuiteLike$$super$run(AnyFunSuite.scala:1564)
[info]   at org.scalatest.funsuite.AnyFunSuiteLike.$anonfun$run$1(AnyFunSuiteLike.scala:273)
[info]   at org.scalatest.SuperEngine.runImpl(Engine.scala:535)
[info]   at org.scalatest.funsuite.AnyFunSuiteLike.run(AnyFunSuiteLike.scala:273)
[info]   at org.scalatest.funsuite.AnyFunSuiteLike.run$(AnyFunSuiteLike.scala:272)
[info]   at frameless.TypedDatasetSuite.org$scalatest$BeforeAndAfterAll$$super$run(TypedDatasetSuite.scala:63)
[info]   at org.scalatest.BeforeAndAfterAll.liftedTree1$1(BeforeAndAfterAll.scala:213)
[info]   at org.scalatest.BeforeAndAfterAll.run(BeforeAndAfterAll.scala:210)
[info]   at org.scalatest.BeforeAndAfterAll.run$(BeforeAndAfterAll.scala:208)
[info]   at frameless.TypedDatasetSuite.run(TypedDatasetSuite.scala:63)
[info]   at org.scalatest.tools.Framework.org$scalatest$tools$Framework$$runSuite(Framework.scala:321)
[info]   at org.scalatest.tools.Framework$ScalaTestTask.execute(Framework.scala:517)
[info]   at sbt.ForkMain$Run.lambda$runTest$1(ForkMain.java:414)
[info]   at java.base/java.util.concurrent.FutureTask.run(FutureTask.java:317)
[info]   at java.base/java.util.concurrent.ThreadPoolExecutor.runWorker(ThreadPoolExecutor.java:1144)
[info]   at java.base/java.util.concurrent.ThreadPoolExecutor$Worker.run(ThreadPoolExecutor.java:642)
[info]   at java.base/java.lang.Thread.run(Thread.java:1583)
[info]   Cause: java.lang.IllegalArgumentException: argument type mismatch
[info]   at java.base/jdk.internal.reflect.DirectConstructorHandleAccessor.newInstance(DirectConstructorHandleAccessor.java:65)
[info]   at java.base/java.lang.reflect.Constructor.newInstanceWithCaller(Constructor.java:502)
[info]   at java.base/java.lang.reflect.Constructor.newInstance(Constructor.java:486)
[info]   at frameless.TypedExpressionEncoder$.$anonfun$apply$3(TypedExpressionEncoder.scala:55)
[info]   at scala.Option.map(Option.scala:242)
[info]   at frameless.TypedExpressionEncoder$.apply(TypedExpressionEncoder.scala:54)
[info]   at frameless.TypedDataset$.create(TypedDataset.scala:1325)
[info]   at frameless.ops.RollupTests.prop$3(RollupTests.scala:46)
[info]   at frameless.ops.RollupTests.$anonfun$new$45(RollupTests.scala:57)
[info]   at scala.Function1.$anonfun$andThen$1(Function1.scala:87)
[info]   at org.scalacheck.Prop$.$anonfun$forAllShrink$2(Prop.scala:868)
[info]   at org.scalacheck.Prop$.secure(Prop.scala:484)
[info]   at org.scalacheck.Prop$.result$1(Prop.scala:868)
[info]   at org.scalacheck.Prop$.$anonfun$forAllShrink$1(Prop.scala:915)
[info]   at org.scalacheck.Prop$.$anonfun$apply$1(Prop.scala:305)
[info]   at org.scalacheck.PropFromFun.apply(Prop.scala:20)
[info]   at org.scalacheck.Test$.workerFun$1(Test.scala:486)
[info]   at org.scalacheck.Test$.$anonfun$check$4(Test.scala:518)
[info]   at org.scalacheck.Test$.$anonfun$check$4$adapted(Test.scala:518)
[info]   at org.scalacheck.Platform$.runWorkers(Platform.scala:42)
[info]   at org.scalacheck.Test$.check(Test.scala:518)
[info]   at org.scalatestplus.scalacheck.UnitCheckerAsserting$CheckerAssertingImpl.check(CheckerAsserting.scala:90)
[info]   at org.scalatestplus.scalacheck.Checkers.check(Checkers.scala:371)
[info]   at org.scalatestplus.scalacheck.Checkers.check$(Checkers.scala:369)
[info]   at frameless.TypedDatasetSuite.check(TypedDatasetSuite.scala:63)
[info]   at frameless.ops.RollupTests.$anonfun$new$31(RollupTests.scala:57)
[info]   at org.scalatest.OutcomeOf.outcomeOf(OutcomeOf.scala:85)
[info]   at org.scalatest.OutcomeOf.outcomeOf$(OutcomeOf.scala:83)
[info]   at org.scalatest.OutcomeOf$.outcomeOf(OutcomeOf.scala:104)
[info]   at org.scalatest.Transformer.apply(Transformer.scala:22)
[info]   at org.scalatest.Transformer.apply(Transformer.scala:20)
[info]   at org.scalatest.funsuite.AnyFunSuiteLike$$anon$1.apply(AnyFunSuiteLike.scala:226)
[info]   at org.scalatest.TestSuite.withFixture(TestSuite.scala:196)
[info]   at org.scalatest.TestSuite.withFixture$(TestSuite.scala:195)
[info]   at org.scalatest.funsuite.AnyFunSuite.withFixture(AnyFunSuite.scala:1564)
[info]   at org.scalatest.funsuite.AnyFunSuiteLike.invokeWithFixture$1(AnyFunSuiteLike.scala:224)
[info]   at org.scalatest.funsuite.AnyFunSuiteLike.$anonfun$runTest$1(AnyFunSuiteLike.scala:236)
[info]   at org.scalatest.SuperEngine.runTestImpl(Engine.scala:306)
[info]   at org.scalatest.funsuite.AnyFunSuiteLike.runTest(AnyFunSuiteLike.scala:236)
[info]   at org.scalatest.funsuite.AnyFunSuiteLike.runTest$(AnyFunSuiteLike.scala:218)
[info]   at org.scalatest.funsuite.AnyFunSuite.runTest(AnyFunSuite.scala:1564)
[info]   at org.scalatest.funsuite.AnyFunSuiteLike.$anonfun$runTests$1(AnyFunSuiteLike.scala:269)
[info]   at org.scalatest.SuperEngine.$anonfun$runTestsInBranch$1(Engine.scala:413)
[info]   at scala.collection.immutable.List.foreach(List.scala:334)
[info]   at org.scalatest.SuperEngine.traverseSubNodes$1(Engine.scala:401)
[info]   at org.scalatest.SuperEngine.runTestsInBranch(Engine.scala:396)
[info]   at org.scalatest.SuperEngine.runTestsImpl(Engine.scala:475)
[info]   at org.scalatest.funsuite.AnyFunSuiteLike.runTests(AnyFunSuiteLike.scala:269)
[info]   at org.scalatest.funsuite.AnyFunSuiteLike.runTests$(AnyFunSuiteLike.scala:268)
[info]   at org.scalatest.funsuite.AnyFunSuite.runTests(AnyFunSuite.scala:1564)
[info]   at org.scalatest.Suite.run(Suite.scala:1114)
[info]   at org.scalatest.Suite.run$(Suite.scala:1096)
[info]   at org.scalatest.funsuite.AnyFunSuite.org$scalatest$funsuite$AnyFunSuiteLike$$super$run(AnyFunSuite.scala:1564)
[info]   at org.scalatest.funsuite.AnyFunSuiteLike.$anonfun$run$1(AnyFunSuiteLike.scala:273)
[info]   at org.scalatest.SuperEngine.runImpl(Engine.scala:535)
[info]   at org.scalatest.funsuite.AnyFunSuiteLike.run(AnyFunSuiteLike.scala:273)
[info]   at org.scalatest.funsuite.AnyFunSuiteLike.run$(AnyFunSuiteLike.scala:272)
[info]   at frameless.TypedDatasetSuite.org$scalatest$BeforeAndAfterAll$$super$run(TypedDatasetSuite.scala:63)
[info]   at org.scalatest.BeforeAndAfterAll.liftedTree1$1(BeforeAndAfterAll.scala:213)
[info]   at org.scalatest.BeforeAndAfterAll.run(BeforeAndAfterAll.scala:210)
[info]   at org.scalatest.BeforeAndAfterAll.run$(BeforeAndAfterAll.scala:208)
[info]   at frameless.TypedDatasetSuite.run(TypedDatasetSuite.scala:63)
[info]   at org.scalatest.tools.Framework.org$scalatest$tools$Framework$$runSuite(Framework.scala:321)
[info]   at org.scalatest.tools.Framework$ScalaTestTask.execute(Framework.scala:517)
[info]   at sbt.ForkMain$Run.lambda$runTest$1(ForkMain.java:414)
[info]   at java.base/java.util.concurrent.FutureTask.run(FutureTask.java:317)
[info]   at java.base/java.util.concurrent.ThreadPoolExecutor.runWorker(ThreadPoolExecutor.java:1144)
[info]   at java.base/java.util.concurrent.ThreadPoolExecutor$Worker.run(ThreadPoolExecutor.java:642)
[info]   at java.base/java.lang.Thread.run(Thread.java:1583)
[info]   Cause: java.lang.ClassCastException: Cannot cast scala.reflect.ClassTag$GenericClassTag to org.apache.spark.sql.catalyst.expressions.Expression
[info]   at java.base/java.lang.Class.cast(Class.java:4067)
[info]   at java.base/jdk.internal.reflect.DirectConstructorHandleAccessor.newInstance(DirectConstructorHandleAccessor.java:62)
[info]   at java.base/java.lang.reflect.Constructor.newInstanceWithCaller(Constructor.java:502)
[info]   at java.base/java.lang.reflect.Constructor.newInstance(Constructor.java:486)
[info]   at frameless.TypedExpressionEncoder$.$anonfun$apply$3(TypedExpressionEncoder.scala:55)
[info]   at scala.Option.map(Option.scala:242)
[info]   at frameless.TypedExpressionEncoder$.apply(TypedExpressionEncoder.scala:54)
[info]   at frameless.TypedDataset$.create(TypedDataset.scala:1325)
[info]   at frameless.ops.RollupTests.prop$3(RollupTests.scala:46)
[info]   at frameless.ops.RollupTests.$anonfun$new$45(RollupTests.scala:57)
[info]   at scala.Function1.$anonfun$andThen$1(Function1.scala:87)
[info]   at org.scalacheck.Prop$.$anonfun$forAllShrink$2(Prop.scala:868)
[info]   at org.scalacheck.Prop$.secure(Prop.scala:484)
[info]   at org.scalacheck.Prop$.result$1(Prop.scala:868)
[info]   at org.scalacheck.Prop$.$anonfun$forAllShrink$1(Prop.scala:915)
[info]   at org.scalacheck.Prop$.$anonfun$apply$1(Prop.scala:305)
[info]   at org.scalacheck.PropFromFun.apply(Prop.scala:20)
[info]   at org.scalacheck.Test$.workerFun$1(Test.scala:486)
[info]   at org.scalacheck.Test$.$anonfun$check$4(Test.scala:518)
[info]   at org.scalacheck.Test$.$anonfun$check$4$adapted(Test.scala:518)
[info]   at org.scalacheck.Platform$.runWorkers(Platform.scala:42)
[info]   at org.scalacheck.Test$.check(Test.scala:518)
[info]   at org.scalatestplus.scalacheck.UnitCheckerAsserting$CheckerAssertingImpl.check(CheckerAsserting.scala:90)
[info]   at org.scalatestplus.scalacheck.Checkers.check(Checkers.scala:371)
[info]   at org.scalatestplus.scalacheck.Checkers.check$(Checkers.scala:369)
[info]   at frameless.TypedDatasetSuite.check(TypedDatasetSuite.scala:63)
[info]   at frameless.ops.RollupTests.$anonfun$new$31(RollupTests.scala:57)
[info]   at org.scalatest.OutcomeOf.outcomeOf(OutcomeOf.scala:85)
[info]   at org.scalatest.OutcomeOf.outcomeOf$(OutcomeOf.scala:83)
[info]   at org.scalatest.OutcomeOf$.outcomeOf(OutcomeOf.scala:104)
[info]   at org.scalatest.Transformer.apply(Transformer.scala:22)
[info]   at org.scalatest.Transformer.apply(Transformer.scala:20)
[info]   at org.scalatest.funsuite.AnyFunSuiteLike$$anon$1.apply(AnyFunSuiteLike.scala:226)
[info]   at org.scalatest.TestSuite.withFixture(TestSuite.scala:196)
[info]   at org.scalatest.TestSuite.withFixture$(TestSuite.scala:195)
[info]   at org.scalatest.funsuite.AnyFunSuite.withFixture(AnyFunSuite.scala:1564)
[info]   at org.scalatest.funsuite.AnyFunSuiteLike.invokeWithFixture$1(AnyFunSuiteLike.scala:224)
[info]   at org.scalatest.funsuite.AnyFunSuiteLike.$anonfun$runTest$1(AnyFunSuiteLike.scala:236)
[info]   at org.scalatest.SuperEngine.runTestImpl(Engine.scala:306)
[info]   at org.scalatest.funsuite.AnyFunSuiteLike.runTest(AnyFunSuiteLike.scala:236)
[info]   at org.scalatest.funsuite.AnyFunSuiteLike.runTest$(AnyFunSuiteLike.scala:218)
[info]   at org.scalatest.funsuite.AnyFunSuite.runTest(AnyFunSuite.scala:1564)
[info]   at org.scalatest.funsuite.AnyFunSuiteLike.$anonfun$runTests$1(AnyFunSuiteLike.scala:269)
[info]   at org.scalatest.SuperEngine.$anonfun$runTestsInBranch$1(Engine.scala:413)
[info]   at scala.collection.immutable.List.foreach(List.scala:334)
[info]   at org.scalatest.SuperEngine.traverseSubNodes$1(Engine.scala:401)
[info]   at org.scalatest.SuperEngine.runTestsInBranch(Engine.scala:396)
[info]   at org.scalatest.SuperEngine.runTestsImpl(Engine.scala:475)
[info]   at org.scalatest.funsuite.AnyFunSuiteLike.runTests(AnyFunSuiteLike.scala:269)
[info]   at org.scalatest.funsuite.AnyFunSuiteLike.runTests$(AnyFunSuiteLike.scala:268)
[info]   at org.scalatest.funsuite.AnyFunSuite.runTests(AnyFunSuite.scala:1564)
[info]   at org.scalatest.Suite.run(Suite.scala:1114)
[info]   at org.scalatest.Suite.run$(Suite.scala:1096)
[info]   at org.scalatest.funsuite.AnyFunSuite.org$scalatest$funsuite$AnyFunSuiteLike$$super$run(AnyFunSuite.scala:1564)
[info]   at org.scalatest.funsuite.AnyFunSuiteLike.$anonfun$run$1(AnyFunSuiteLike.scala:273)
[info]   at org.scalatest.SuperEngine.runImpl(Engine.scala:535)
[info]   at org.scalatest.funsuite.AnyFunSuiteLike.run(AnyFunSuiteLike.scala:273)
[info]   at org.scalatest.funsuite.AnyFunSuiteLike.run$(AnyFunSuiteLike.scala:272)
[info]   at frameless.TypedDatasetSuite.org$scalatest$BeforeAndAfterAll$$super$run(TypedDatasetSuite.scala:63)
[info]   at org.scalatest.BeforeAndAfterAll.liftedTree1$1(BeforeAndAfterAll.scala:213)
[info]   at org.scalatest.BeforeAndAfterAll.run(BeforeAndAfterAll.scala:210)
[info]   at org.scalatest.BeforeAndAfterAll.run$(BeforeAndAfterAll.scala:208)
[info]   at frameless.TypedDatasetSuite.run(TypedDatasetSuite.scala:63)
[info]   at org.scalatest.tools.Framework.org$scalatest$tools$Framework$$runSuite(Framework.scala:321)
[info]   at org.scalatest.tools.Framework$ScalaTestTask.execute(Framework.scala:517)
[info]   at sbt.ForkMain$Run.lambda$runTest$1(ForkMain.java:414)
[info]   at java.base/java.util.concurrent.FutureTask.run(FutureTask.java:317)
[info]   at java.base/java.util.concurrent.ThreadPoolExecutor.runWorker(ThreadPoolExecutor.java:1144)
[info]   at java.base/java.util.concurrent.ThreadPoolExecutor$Worker.run(ThreadPoolExecutor.java:642)
[info]   at java.base/java.lang.Thread.run(Thread.java:1583)
[info] - rollup('a).mapGroups('a, sum('b)) *** FAILED *** (1 millisecond)
[info]   IllegalArgumentException was thrown during property evaluation.
[info]     Message: argument type mismatch
[info]     Occurred when passed generated values (
[info]       arg0 = List()
[info]     )
[info]   org.scalatest.exceptions.GeneratorDrivenPropertyCheckFailedException:
[info]   at org.scalatestplus.scalacheck.CheckerAsserting$$anon$2.indicateFailure(CheckerAsserting.scala:251)
[info]   at org.scalatestplus.scalacheck.CheckerAsserting$$anon$2.indicateFailure(CheckerAsserting.scala:238)
[info]   at org.scalatestplus.scalacheck.UnitCheckerAsserting$CheckerAssertingImpl.check(CheckerAsserting.scala:160)
[info]   at org.scalatestplus.scalacheck.Checkers.check(Checkers.scala:371)
[info]   at org.scalatestplus.scalacheck.Checkers.check$(Checkers.scala:369)
[info]   at frameless.TypedDatasetSuite.check(TypedDatasetSuite.scala:63)
[info]   at frameless.ops.RollupTests.$anonfun$new$47(RollupTests.scala:74)
[info]   at org.scalatest.OutcomeOf.outcomeOf(OutcomeOf.scala:85)
[info]   at org.scalatest.OutcomeOf.outcomeOf$(OutcomeOf.scala:83)
[info]   at org.scalatest.OutcomeOf$.outcomeOf(OutcomeOf.scala:104)
[info]   at org.scalatest.Transformer.apply(Transformer.scala:22)
[info]   at org.scalatest.Transformer.apply(Transformer.scala:20)
[info]   at org.scalatest.funsuite.AnyFunSuiteLike$$anon$1.apply(AnyFunSuiteLike.scala:226)
[info]   at org.scalatest.TestSuite.withFixture(TestSuite.scala:196)
[info]   at org.scalatest.TestSuite.withFixture$(TestSuite.scala:195)
[info]   at org.scalatest.funsuite.AnyFunSuite.withFixture(AnyFunSuite.scala:1564)
[info]   at org.scalatest.funsuite.AnyFunSuiteLike.invokeWithFixture$1(AnyFunSuiteLike.scala:224)
[info]   at org.scalatest.funsuite.AnyFunSuiteLike.$anonfun$runTest$1(AnyFunSuiteLike.scala:236)
[info]   at org.scalatest.SuperEngine.runTestImpl(Engine.scala:306)
[info]   at org.scalatest.funsuite.AnyFunSuiteLike.runTest(AnyFunSuiteLike.scala:236)
[info]   at org.scalatest.funsuite.AnyFunSuiteLike.runTest$(AnyFunSuiteLike.scala:218)
[info]   at org.scalatest.funsuite.AnyFunSuite.runTest(AnyFunSuite.scala:1564)
[info]   at org.scalatest.funsuite.AnyFunSuiteLike.$anonfun$runTests$1(AnyFunSuiteLike.scala:269)
[info]   at org.scalatest.SuperEngine.$anonfun$runTestsInBranch$1(Engine.scala:413)
[info]   at scala.collection.immutable.List.foreach(List.scala:334)
[info]   at org.scalatest.SuperEngine.traverseSubNodes$1(Engine.scala:401)
[info]   at org.scalatest.SuperEngine.runTestsInBranch(Engine.scala:396)
[info]   at org.scalatest.SuperEngine.runTestsImpl(Engine.scala:475)
[info]   at org.scalatest.funsuite.AnyFunSuiteLike.runTests(AnyFunSuiteLike.scala:269)
[info]   at org.scalatest.funsuite.AnyFunSuiteLike.runTests$(AnyFunSuiteLike.scala:268)
[info]   at org.scalatest.funsuite.AnyFunSuite.runTests(AnyFunSuite.scala:1564)
[info]   at org.scalatest.Suite.run(Suite.scala:1114)
[info]   at org.scalatest.Suite.run$(Suite.scala:1096)
[info]   at org.scalatest.funsuite.AnyFunSuite.org$scalatest$funsuite$AnyFunSuiteLike$$super$run(AnyFunSuite.scala:1564)
[info]   at org.scalatest.funsuite.AnyFunSuiteLike.$anonfun$run$1(AnyFunSuiteLike.scala:273)
[info]   at org.scalatest.SuperEngine.runImpl(Engine.scala:535)
[info]   at org.scalatest.funsuite.AnyFunSuiteLike.run(AnyFunSuiteLike.scala:273)
[info]   at org.scalatest.funsuite.AnyFunSuiteLike.run$(AnyFunSuiteLike.scala:272)
[info]   at frameless.TypedDatasetSuite.org$scalatest$BeforeAndAfterAll$$super$run(TypedDatasetSuite.scala:63)
[info]   at org.scalatest.BeforeAndAfterAll.liftedTree1$1(BeforeAndAfterAll.scala:213)
[info]   at org.scalatest.BeforeAndAfterAll.run(BeforeAndAfterAll.scala:210)
[info]   at org.scalatest.BeforeAndAfterAll.run$(BeforeAndAfterAll.scala:208)
[info]   at frameless.TypedDatasetSuite.run(TypedDatasetSuite.scala:63)
[info]   at org.scalatest.tools.Framework.org$scalatest$tools$Framework$$runSuite(Framework.scala:321)
[info]   at org.scalatest.tools.Framework$ScalaTestTask.execute(Framework.scala:517)
[info]   at sbt.ForkMain$Run.lambda$runTest$1(ForkMain.java:414)
[info]   at java.base/java.util.concurrent.FutureTask.run(FutureTask.java:317)
[info]   at java.base/java.util.concurrent.ThreadPoolExecutor.runWorker(ThreadPoolExecutor.java:1144)
[info]   at java.base/java.util.concurrent.ThreadPoolExecutor$Worker.run(ThreadPoolExecutor.java:642)
[info]   at java.base/java.lang.Thread.run(Thread.java:1583)
[info]   Cause: java.lang.IllegalArgumentException: argument type mismatch
[info]   at java.base/jdk.internal.reflect.DirectConstructorHandleAccessor.newInstance(DirectConstructorHandleAccessor.java:65)
[info]   at java.base/java.lang.reflect.Constructor.newInstanceWithCaller(Constructor.java:502)
[info]   at java.base/java.lang.reflect.Constructor.newInstance(Constructor.java:486)
[info]   at frameless.TypedExpressionEncoder$.$anonfun$apply$3(TypedExpressionEncoder.scala:55)
[info]   at scala.Option.map(Option.scala:242)
[info]   at frameless.TypedExpressionEncoder$.apply(TypedExpressionEncoder.scala:54)
[info]   at frameless.TypedDataset$.create(TypedDataset.scala:1325)
[info]   at frameless.ops.RollupTests.prop$4(RollupTests.scala:63)
[info]   at frameless.ops.RollupTests.$anonfun$new$67(RollupTests.scala:74)
[info]   at scala.Function1.$anonfun$andThen$1(Function1.scala:87)
[info]   at org.scalacheck.Prop$.$anonfun$forAllShrink$2(Prop.scala:868)
[info]   at org.scalacheck.Prop$.secure(Prop.scala:484)
[info]   at org.scalacheck.Prop$.result$1(Prop.scala:868)
[info]   at org.scalacheck.Prop$.$anonfun$forAllShrink$1(Prop.scala:915)
[info]   at org.scalacheck.Prop$.$anonfun$apply$1(Prop.scala:305)
[info]   at org.scalacheck.PropFromFun.apply(Prop.scala:20)
[info]   at org.scalacheck.Test$.workerFun$1(Test.scala:486)
[info]   at org.scalacheck.Test$.$anonfun$check$4(Test.scala:518)
[info]   at org.scalacheck.Test$.$anonfun$check$4$adapted(Test.scala:518)
[info]   at org.scalacheck.Platform$.runWorkers(Platform.scala:42)
[info]   at org.scalacheck.Test$.check(Test.scala:518)
[info]   at org.scalatestplus.scalacheck.UnitCheckerAsserting$CheckerAssertingImpl.check(CheckerAsserting.scala:90)
[info]   at org.scalatestplus.scalacheck.Checkers.check(Checkers.scala:371)
[info]   at org.scalatestplus.scalacheck.Checkers.check$(Checkers.scala:369)
[info]   at frameless.TypedDatasetSuite.check(TypedDatasetSuite.scala:63)
[info]   at frameless.ops.RollupTests.$anonfun$new$47(RollupTests.scala:74)
[info]   at org.scalatest.OutcomeOf.outcomeOf(OutcomeOf.scala:85)
[info]   at org.scalatest.OutcomeOf.outcomeOf$(OutcomeOf.scala:83)
[info]   at org.scalatest.OutcomeOf$.outcomeOf(OutcomeOf.scala:104)
[info]   at org.scalatest.Transformer.apply(Transformer.scala:22)
[info]   at org.scalatest.Transformer.apply(Transformer.scala:20)
[info]   at org.scalatest.funsuite.AnyFunSuiteLike$$anon$1.apply(AnyFunSuiteLike.scala:226)
[info]   at org.scalatest.TestSuite.withFixture(TestSuite.scala:196)
[info]   at org.scalatest.TestSuite.withFixture$(TestSuite.scala:195)
[info]   at org.scalatest.funsuite.AnyFunSuite.withFixture(AnyFunSuite.scala:1564)
[info]   at org.scalatest.funsuite.AnyFunSuiteLike.invokeWithFixture$1(AnyFunSuiteLike.scala:224)
[info]   at org.scalatest.funsuite.AnyFunSuiteLike.$anonfun$runTest$1(AnyFunSuiteLike.scala:236)
[info]   at org.scalatest.SuperEngine.runTestImpl(Engine.scala:306)
[info]   at org.scalatest.funsuite.AnyFunSuiteLike.runTest(AnyFunSuiteLike.scala:236)
[info]   at org.scalatest.funsuite.AnyFunSuiteLike.runTest$(AnyFunSuiteLike.scala:218)
[info]   at org.scalatest.funsuite.AnyFunSuite.runTest(AnyFunSuite.scala:1564)
[info]   at org.scalatest.funsuite.AnyFunSuiteLike.$anonfun$runTests$1(AnyFunSuiteLike.scala:269)
[info]   at org.scalatest.SuperEngine.$anonfun$runTestsInBranch$1(Engine.scala:413)
[info]   at scala.collection.immutable.List.foreach(List.scala:334)
[info]   at org.scalatest.SuperEngine.traverseSubNodes$1(Engine.scala:401)
[info]   at org.scalatest.SuperEngine.runTestsInBranch(Engine.scala:396)
[info]   at org.scalatest.SuperEngine.runTestsImpl(Engine.scala:475)
[info]   at org.scalatest.funsuite.AnyFunSuiteLike.runTests(AnyFunSuiteLike.scala:269)
[info]   at org.scalatest.funsuite.AnyFunSuiteLike.runTests$(AnyFunSuiteLike.scala:268)
[info]   at org.scalatest.funsuite.AnyFunSuite.runTests(AnyFunSuite.scala:1564)
[info]   at org.scalatest.Suite.run(Suite.scala:1114)
[info]   at org.scalatest.Suite.run$(Suite.scala:1096)
[info]   at org.scalatest.funsuite.AnyFunSuite.org$scalatest$funsuite$AnyFunSuiteLike$$super$run(AnyFunSuite.scala:1564)
[info]   at org.scalatest.funsuite.AnyFunSuiteLike.$anonfun$run$1(AnyFunSuiteLike.scala:273)
[info]   at org.scalatest.SuperEngine.runImpl(Engine.scala:535)
[info]   at org.scalatest.funsuite.AnyFunSuiteLike.run(AnyFunSuiteLike.scala:273)
[info]   at org.scalatest.funsuite.AnyFunSuiteLike.run$(AnyFunSuiteLike.scala:272)
[info]   at frameless.TypedDatasetSuite.org$scalatest$BeforeAndAfterAll$$super$run(TypedDatasetSuite.scala:63)
[info]   at org.scalatest.BeforeAndAfterAll.liftedTree1$1(BeforeAndAfterAll.scala:213)
[info]   at org.scalatest.BeforeAndAfterAll.run(BeforeAndAfterAll.scala:210)
[info]   at org.scalatest.BeforeAndAfterAll.run$(BeforeAndAfterAll.scala:208)
[info]   at frameless.TypedDatasetSuite.run(TypedDatasetSuite.scala:63)
[info]   at org.scalatest.tools.Framework.org$scalatest$tools$Framework$$runSuite(Framework.scala:321)
[info]   at org.scalatest.tools.Framework$ScalaTestTask.execute(Framework.scala:517)
[info]   at sbt.ForkMain$Run.lambda$runTest$1(ForkMain.java:414)
[info]   at java.base/java.util.concurrent.FutureTask.run(FutureTask.java:317)
[info]   at java.base/java.util.concurrent.ThreadPoolExecutor.runWorker(ThreadPoolExecutor.java:1144)
[info]   at java.base/java.util.concurrent.ThreadPoolExecutor$Worker.run(ThreadPoolExecutor.java:642)
[info]   at java.base/java.lang.Thread.run(Thread.java:1583)
[info]   Cause: java.lang.ClassCastException: Cannot cast scala.reflect.ClassTag$GenericClassTag to org.apache.spark.sql.catalyst.expressions.Expression
[info]   at java.base/java.lang.Class.cast(Class.java:4067)
[info]   at java.base/jdk.internal.reflect.DirectConstructorHandleAccessor.newInstance(DirectConstructorHandleAccessor.java:62)
[info]   at java.base/java.lang.reflect.Constructor.newInstanceWithCaller(Constructor.java:502)
[info]   at java.base/java.lang.reflect.Constructor.newInstance(Constructor.java:486)
[info]   at frameless.TypedExpressionEncoder$.$anonfun$apply$3(TypedExpressionEncoder.scala:55)
[info]   at scala.Option.map(Option.scala:242)
[info]   at frameless.TypedExpressionEncoder$.apply(TypedExpressionEncoder.scala:54)
[info]   at frameless.TypedDataset$.create(TypedDataset.scala:1325)
[info]   at frameless.ops.RollupTests.prop$4(RollupTests.scala:63)
[info]   at frameless.ops.RollupTests.$anonfun$new$67(RollupTests.scala:74)
[info]   at scala.Function1.$anonfun$andThen$1(Function1.scala:87)
[info]   at org.scalacheck.Prop$.$anonfun$forAllShrink$2(Prop.scala:868)
[info]   at org.scalacheck.Prop$.secure(Prop.scala:484)
[info]   at org.scalacheck.Prop$.result$1(Prop.scala:868)
[info]   at org.scalacheck.Prop$.$anonfun$forAllShrink$1(Prop.scala:915)
[info]   at org.scalacheck.Prop$.$anonfun$apply$1(Prop.scala:305)
[info]   at org.scalacheck.PropFromFun.apply(Prop.scala:20)
[info]   at org.scalacheck.Test$.workerFun$1(Test.scala:486)
[info]   at org.scalacheck.Test$.$anonfun$check$4(Test.scala:518)
[info]   at org.scalacheck.Test$.$anonfun$check$4$adapted(Test.scala:518)
[info]   at org.scalacheck.Platform$.runWorkers(Platform.scala:42)
[info]   at org.scalacheck.Test$.check(Test.scala:518)
[info]   at org.scalatestplus.scalacheck.UnitCheckerAsserting$CheckerAssertingImpl.check(CheckerAsserting.scala:90)
[info]   at org.scalatestplus.scalacheck.Checkers.check(Checkers.scala:371)
[info]   at org.scalatestplus.scalacheck.Checkers.check$(Checkers.scala:369)
[info]   at frameless.TypedDatasetSuite.check(TypedDatasetSuite.scala:63)
[info]   at frameless.ops.RollupTests.$anonfun$new$47(RollupTests.scala:74)
[info]   at org.scalatest.OutcomeOf.outcomeOf(OutcomeOf.scala:85)
[info]   at org.scalatest.OutcomeOf.outcomeOf$(OutcomeOf.scala:83)
[info]   at org.scalatest.OutcomeOf$.outcomeOf(OutcomeOf.scala:104)
[info]   at org.scalatest.Transformer.apply(Transformer.scala:22)
[info]   at org.scalatest.Transformer.apply(Transformer.scala:20)
[info]   at org.scalatest.funsuite.AnyFunSuiteLike$$anon$1.apply(AnyFunSuiteLike.scala:226)
[info]   at org.scalatest.TestSuite.withFixture(TestSuite.scala:196)
[info]   at org.scalatest.TestSuite.withFixture$(TestSuite.scala:195)
[info]   at org.scalatest.funsuite.AnyFunSuite.withFixture(AnyFunSuite.scala:1564)
[info]   at org.scalatest.funsuite.AnyFunSuiteLike.invokeWithFixture$1(AnyFunSuiteLike.scala:224)
[info]   at org.scalatest.funsuite.AnyFunSuiteLike.$anonfun$runTest$1(AnyFunSuiteLike.scala:236)
[info]   at org.scalatest.SuperEngine.runTestImpl(Engine.scala:306)
[info]   at org.scalatest.funsuite.AnyFunSuiteLike.runTest(AnyFunSuiteLike.scala:236)
[info]   at org.scalatest.funsuite.AnyFunSuiteLike.runTest$(AnyFunSuiteLike.scala:218)
[info]   at org.scalatest.funsuite.AnyFunSuite.runTest(AnyFunSuite.scala:1564)
[info]   at org.scalatest.funsuite.AnyFunSuiteLike.$anonfun$runTests$1(AnyFunSuiteLike.scala:269)
[info]   at org.scalatest.SuperEngine.$anonfun$runTestsInBranch$1(Engine.scala:413)
[info]   at scala.collection.immutable.List.foreach(List.scala:334)
[info]   at org.scalatest.SuperEngine.traverseSubNodes$1(Engine.scala:401)
[info]   at org.scalatest.SuperEngine.runTestsInBranch(Engine.scala:396)
[info]   at org.scalatest.SuperEngine.runTestsImpl(Engine.scala:475)
[info]   at org.scalatest.funsuite.AnyFunSuiteLike.runTests(AnyFunSuiteLike.scala:269)
[info]   at org.scalatest.funsuite.AnyFunSuiteLike.runTests$(AnyFunSuiteLike.scala:268)
[info]   at org.scalatest.funsuite.AnyFunSuite.runTests(AnyFunSuite.scala:1564)
[info]   at org.scalatest.Suite.run(Suite.scala:1114)
[info]   at org.scalatest.Suite.run$(Suite.scala:1096)
[info]   at org.scalatest.funsuite.AnyFunSuite.org$scalatest$funsuite$AnyFunSuiteLike$$super$run(AnyFunSuite.scala:1564)
[info]   at org.scalatest.funsuite.AnyFunSuiteLike.$anonfun$run$1(AnyFunSuiteLike.scala:273)
[info]   at org.scalatest.SuperEngine.runImpl(Engine.scala:535)
[info]   at org.scalatest.funsuite.AnyFunSuiteLike.run(AnyFunSuiteLike.scala:273)
[info]   at org.scalatest.funsuite.AnyFunSuiteLike.run$(AnyFunSuiteLike.scala:272)
[info]   at frameless.TypedDatasetSuite.org$scalatest$BeforeAndAfterAll$$super$run(TypedDatasetSuite.scala:63)
[info]   at org.scalatest.BeforeAndAfterAll.liftedTree1$1(BeforeAndAfterAll.scala:213)
[info]   at org.scalatest.BeforeAndAfterAll.run(BeforeAndAfterAll.scala:210)
[info]   at org.scalatest.BeforeAndAfterAll.run$(BeforeAndAfterAll.scala:208)
[info]   at frameless.TypedDatasetSuite.run(TypedDatasetSuite.scala:63)
[info]   at org.scalatest.tools.Framework.org$scalatest$tools$Framework$$runSuite(Framework.scala:321)
[info]   at org.scalatest.tools.Framework$ScalaTestTask.execute(Framework.scala:517)
[info]   at sbt.ForkMain$Run.lambda$runTest$1(ForkMain.java:414)
[info]   at java.base/java.util.concurrent.FutureTask.run(FutureTask.java:317)
[info]   at java.base/java.util.concurrent.ThreadPoolExecutor.runWorker(ThreadPoolExecutor.java:1144)
[info]   at java.base/java.util.concurrent.ThreadPoolExecutor$Worker.run(ThreadPoolExecutor.java:642)
[info]   at java.base/java.lang.Thread.run(Thread.java:1583)
[info] - rollup('a).agg(sum('b), sum('c)) to rollup('a).agg(sum('a), sum('b), sum('a), sum('b), sum('a)) *** FAILED *** (2 milliseconds)
[info]   IllegalArgumentException was thrown during property evaluation.
[info]     Message: argument type mismatch
[info]     Occurred when passed generated values (
[info]       arg0 = List()
[info]     )
[info]   org.scalatest.exceptions.GeneratorDrivenPropertyCheckFailedException:
[info]   at org.scalatestplus.scalacheck.CheckerAsserting$$anon$2.indicateFailure(CheckerAsserting.scala:251)
[info]   at org.scalatestplus.scalacheck.CheckerAsserting$$anon$2.indicateFailure(CheckerAsserting.scala:238)
[info]   at org.scalatestplus.scalacheck.UnitCheckerAsserting$CheckerAssertingImpl.check(CheckerAsserting.scala:160)
[info]   at org.scalatestplus.scalacheck.Checkers.check(Checkers.scala:371)
[info]   at org.scalatestplus.scalacheck.Checkers.check$(Checkers.scala:369)
[info]   at frameless.TypedDatasetSuite.check(TypedDatasetSuite.scala:63)
[info]   at frameless.ops.RollupTests.$anonfun$new$69(RollupTests.scala:136)
[info]   at org.scalatest.OutcomeOf.outcomeOf(OutcomeOf.scala:85)
[info]   at org.scalatest.OutcomeOf.outcomeOf$(OutcomeOf.scala:83)
[info]   at org.scalatest.OutcomeOf$.outcomeOf(OutcomeOf.scala:104)
[info]   at org.scalatest.Transformer.apply(Transformer.scala:22)
[info]   at org.scalatest.Transformer.apply(Transformer.scala:20)
[info]   at org.scalatest.funsuite.AnyFunSuiteLike$$anon$1.apply(AnyFunSuiteLike.scala:226)
[info]   at org.scalatest.TestSuite.withFixture(TestSuite.scala:196)
[info]   at org.scalatest.TestSuite.withFixture$(TestSuite.scala:195)
[info]   at org.scalatest.funsuite.AnyFunSuite.withFixture(AnyFunSuite.scala:1564)
[info]   at org.scalatest.funsuite.AnyFunSuiteLike.invokeWithFixture$1(AnyFunSuiteLike.scala:224)
[info]   at org.scalatest.funsuite.AnyFunSuiteLike.$anonfun$runTest$1(AnyFunSuiteLike.scala:236)
[info]   at org.scalatest.SuperEngine.runTestImpl(Engine.scala:306)
[info]   at org.scalatest.funsuite.AnyFunSuiteLike.runTest(AnyFunSuiteLike.scala:236)
[info]   at org.scalatest.funsuite.AnyFunSuiteLike.runTest$(AnyFunSuiteLike.scala:218)
[info]   at org.scalatest.funsuite.AnyFunSuite.runTest(AnyFunSuite.scala:1564)
[info]   at org.scalatest.funsuite.AnyFunSuiteLike.$anonfun$runTests$1(AnyFunSuiteLike.scala:269)
[info]   at org.scalatest.SuperEngine.$anonfun$runTestsInBranch$1(Engine.scala:413)
[info]   at scala.collection.immutable.List.foreach(List.scala:334)
[info]   at org.scalatest.SuperEngine.traverseSubNodes$1(Engine.scala:401)
[info]   at org.scalatest.SuperEngine.runTestsInBranch(Engine.scala:396)
[info]   at org.scalatest.SuperEngine.runTestsImpl(Engine.scala:475)
[info]   at org.scalatest.funsuite.AnyFunSuiteLike.runTests(AnyFunSuiteLike.scala:269)
[info]   at org.scalatest.funsuite.AnyFunSuiteLike.runTests$(AnyFunSuiteLike.scala:268)
[info]   at org.scalatest.funsuite.AnyFunSuite.runTests(AnyFunSuite.scala:1564)
[info]   at org.scalatest.Suite.run(Suite.scala:1114)
[info]   at org.scalatest.Suite.run$(Suite.scala:1096)
[info]   at org.scalatest.funsuite.AnyFunSuite.org$scalatest$funsuite$AnyFunSuiteLike$$super$run(AnyFunSuite.scala:1564)
[info]   at org.scalatest.funsuite.AnyFunSuiteLike.$anonfun$run$1(AnyFunSuiteLike.scala:273)
[info]   at org.scalatest.SuperEngine.runImpl(Engine.scala:535)
[info]   at org.scalatest.funsuite.AnyFunSuiteLike.run(AnyFunSuiteLike.scala:273)
[info]   at org.scalatest.funsuite.AnyFunSuiteLike.run$(AnyFunSuiteLike.scala:272)
[info]   at frameless.TypedDatasetSuite.org$scalatest$BeforeAndAfterAll$$super$run(TypedDatasetSuite.scala:63)
[info]   at org.scalatest.BeforeAndAfterAll.liftedTree1$1(BeforeAndAfterAll.scala:213)
[info]   at org.scalatest.BeforeAndAfterAll.run(BeforeAndAfterAll.scala:210)
[info]   at org.scalatest.BeforeAndAfterAll.run$(BeforeAndAfterAll.scala:208)
[info]   at frameless.TypedDatasetSuite.run(TypedDatasetSuite.scala:63)
[info]   at org.scalatest.tools.Framework.org$scalatest$tools$Framework$$runSuite(Framework.scala:321)
[info]   at org.scalatest.tools.Framework$ScalaTestTask.execute(Framework.scala:517)
[info]   at sbt.ForkMain$Run.lambda$runTest$1(ForkMain.java:414)
[info]   at java.base/java.util.concurrent.FutureTask.run(FutureTask.java:317)
[info]   at java.base/java.util.concurrent.ThreadPoolExecutor.runWorker(ThreadPoolExecutor.java:1144)
[info]   at java.base/java.util.concurrent.ThreadPoolExecutor$Worker.run(ThreadPoolExecutor.java:642)
[info]   at java.base/java.lang.Thread.run(Thread.java:1583)
[info]   Cause: java.lang.IllegalArgumentException: argument type mismatch
[info]   at java.base/jdk.internal.reflect.DirectConstructorHandleAccessor.newInstance(DirectConstructorHandleAccessor.java:65)
[info]   at java.base/java.lang.reflect.Constructor.newInstanceWithCaller(Constructor.java:502)
[info]   at java.base/java.lang.reflect.Constructor.newInstance(Constructor.java:486)
[info]   at frameless.TypedExpressionEncoder$.$anonfun$apply$3(TypedExpressionEncoder.scala:55)
[info]   at scala.Option.map(Option.scala:242)
[info]   at frameless.TypedExpressionEncoder$.apply(TypedExpressionEncoder.scala:54)
[info]   at frameless.TypedDataset$.create(TypedDataset.scala:1325)
[info]   at frameless.ops.RollupTests.prop$5(RollupTests.scala:89)
[info]   at frameless.ops.RollupTests.$anonfun$new$103(RollupTests.scala:136)
[info]   at scala.Function1.$anonfun$andThen$1(Function1.scala:87)
[info]   at org.scalacheck.Prop$.$anonfun$forAllShrink$2(Prop.scala:868)
[info]   at org.scalacheck.Prop$.secure(Prop.scala:484)
[info]   at org.scalacheck.Prop$.result$1(Prop.scala:868)
[info]   at org.scalacheck.Prop$.$anonfun$forAllShrink$1(Prop.scala:915)
[info]   at org.scalacheck.Prop$.$anonfun$apply$1(Prop.scala:305)
[info]   at org.scalacheck.PropFromFun.apply(Prop.scala:20)
[info]   at org.scalacheck.Test$.workerFun$1(Test.scala:486)
[info]   at org.scalacheck.Test$.$anonfun$check$4(Test.scala:518)
[info]   at org.scalacheck.Test$.$anonfun$check$4$adapted(Test.scala:518)
[info]   at org.scalacheck.Platform$.runWorkers(Platform.scala:42)
[info]   at org.scalacheck.Test$.check(Test.scala:518)
[info]   at org.scalatestplus.scalacheck.UnitCheckerAsserting$CheckerAssertingImpl.check(CheckerAsserting.scala:90)
[info]   at org.scalatestplus.scalacheck.Checkers.check(Checkers.scala:371)
[info]   at org.scalatestplus.scalacheck.Checkers.check$(Checkers.scala:369)
[info]   at frameless.TypedDatasetSuite.check(TypedDatasetSuite.scala:63)
[info]   at frameless.ops.RollupTests.$anonfun$new$69(RollupTests.scala:136)
[info]   at org.scalatest.OutcomeOf.outcomeOf(OutcomeOf.scala:85)
[info]   at org.scalatest.OutcomeOf.outcomeOf$(OutcomeOf.scala:83)
[info]   at org.scalatest.OutcomeOf$.outcomeOf(OutcomeOf.scala:104)
[info]   at org.scalatest.Transformer.apply(Transformer.scala:22)
[info]   at org.scalatest.Transformer.apply(Transformer.scala:20)
[info]   at org.scalatest.funsuite.AnyFunSuiteLike$$anon$1.apply(AnyFunSuiteLike.scala:226)
[info]   at org.scalatest.TestSuite.withFixture(TestSuite.scala:196)
[info]   at org.scalatest.TestSuite.withFixture$(TestSuite.scala:195)
[info]   at org.scalatest.funsuite.AnyFunSuite.withFixture(AnyFunSuite.scala:1564)
[info]   at org.scalatest.funsuite.AnyFunSuiteLike.invokeWithFixture$1(AnyFunSuiteLike.scala:224)
[info]   at org.scalatest.funsuite.AnyFunSuiteLike.$anonfun$runTest$1(AnyFunSuiteLike.scala:236)
[info]   at org.scalatest.SuperEngine.runTestImpl(Engine.scala:306)
[info]   at org.scalatest.funsuite.AnyFunSuiteLike.runTest(AnyFunSuiteLike.scala:236)
[info]   at org.scalatest.funsuite.AnyFunSuiteLike.runTest$(AnyFunSuiteLike.scala:218)
[info]   at org.scalatest.funsuite.AnyFunSuite.runTest(AnyFunSuite.scala:1564)
[info]   at org.scalatest.funsuite.AnyFunSuiteLike.$anonfun$runTests$1(AnyFunSuiteLike.scala:269)
[info]   at org.scalatest.SuperEngine.$anonfun$runTestsInBranch$1(Engine.scala:413)
[info]   at scala.collection.immutable.List.foreach(List.scala:334)
[info]   at org.scalatest.SuperEngine.traverseSubNodes$1(Engine.scala:401)
[info]   at org.scalatest.SuperEngine.runTestsInBranch(Engine.scala:396)
[info]   at org.scalatest.SuperEngine.runTestsImpl(Engine.scala:475)
[info]   at org.scalatest.funsuite.AnyFunSuiteLike.runTests(AnyFunSuiteLike.scala:269)
[info]   at org.scalatest.funsuite.AnyFunSuiteLike.runTests$(AnyFunSuiteLike.scala:268)
[info]   at org.scalatest.funsuite.AnyFunSuite.runTests(AnyFunSuite.scala:1564)
[info]   at org.scalatest.Suite.run(Suite.scala:1114)
[info]   at org.scalatest.Suite.run$(Suite.scala:1096)
[info]   at org.scalatest.funsuite.AnyFunSuite.org$scalatest$funsuite$AnyFunSuiteLike$$super$run(AnyFunSuite.scala:1564)
[info]   at org.scalatest.funsuite.AnyFunSuiteLike.$anonfun$run$1(AnyFunSuiteLike.scala:273)
[info]   at org.scalatest.SuperEngine.runImpl(Engine.scala:535)
[info]   at org.scalatest.funsuite.AnyFunSuiteLike.run(AnyFunSuiteLike.scala:273)
[info]   at org.scalatest.funsuite.AnyFunSuiteLike.run$(AnyFunSuiteLike.scala:272)
[info]   at frameless.TypedDatasetSuite.org$scalatest$BeforeAndAfterAll$$super$run(TypedDatasetSuite.scala:63)
[info]   at org.scalatest.BeforeAndAfterAll.liftedTree1$1(BeforeAndAfterAll.scala:213)
[info]   at org.scalatest.BeforeAndAfterAll.run(BeforeAndAfterAll.scala:210)
[info]   at org.scalatest.BeforeAndAfterAll.run$(BeforeAndAfterAll.scala:208)
[info]   at frameless.TypedDatasetSuite.run(TypedDatasetSuite.scala:63)
[info]   at org.scalatest.tools.Framework.org$scalatest$tools$Framework$$runSuite(Framework.scala:321)
[info]   at org.scalatest.tools.Framework$ScalaTestTask.execute(Framework.scala:517)
[info]   at sbt.ForkMain$Run.lambda$runTest$1(ForkMain.java:414)
[info]   at java.base/java.util.concurrent.FutureTask.run(FutureTask.java:317)
[info]   at java.base/java.util.concurrent.ThreadPoolExecutor.runWorker(ThreadPoolExecutor.java:1144)
[info]   at java.base/java.util.concurrent.ThreadPoolExecutor$Worker.run(ThreadPoolExecutor.java:642)
[info]   at java.base/java.lang.Thread.run(Thread.java:1583)
[info]   Cause: java.lang.ClassCastException: Cannot cast scala.reflect.ClassTag$GenericClassTag to org.apache.spark.sql.catalyst.expressions.Expression
[info]   at java.base/java.lang.Class.cast(Class.java:4067)
[info]   at java.base/jdk.internal.reflect.DirectConstructorHandleAccessor.newInstance(DirectConstructorHandleAccessor.java:62)
[info]   at java.base/java.lang.reflect.Constructor.newInstanceWithCaller(Constructor.java:502)
[info]   at java.base/java.lang.reflect.Constructor.newInstance(Constructor.java:486)
[info]   at frameless.TypedExpressionEncoder$.$anonfun$apply$3(TypedExpressionEncoder.scala:55)
[info]   at scala.Option.map(Option.scala:242)
[info]   at frameless.TypedExpressionEncoder$.apply(TypedExpressionEncoder.scala:54)
[info]   at frameless.TypedDataset$.create(TypedDataset.scala:1325)
[info]   at frameless.ops.RollupTests.prop$5(RollupTests.scala:89)
[info]   at frameless.ops.RollupTests.$anonfun$new$103(RollupTests.scala:136)
[info]   at scala.Function1.$anonfun$andThen$1(Function1.scala:87)
[info]   at org.scalacheck.Prop$.$anonfun$forAllShrink$2(Prop.scala:868)
[info]   at org.scalacheck.Prop$.secure(Prop.scala:484)
[info]   at org.scalacheck.Prop$.result$1(Prop.scala:868)
[info]   at org.scalacheck.Prop$.$anonfun$forAllShrink$1(Prop.scala:915)
[info]   at org.scalacheck.Prop$.$anonfun$apply$1(Prop.scala:305)
[info]   at org.scalacheck.PropFromFun.apply(Prop.scala:20)
[info]   at org.scalacheck.Test$.workerFun$1(Test.scala:486)
[info]   at org.scalacheck.Test$.$anonfun$check$4(Test.scala:518)
[info]   at org.scalacheck.Test$.$anonfun$check$4$adapted(Test.scala:518)
[info]   at org.scalacheck.Platform$.runWorkers(Platform.scala:42)
[info]   at org.scalacheck.Test$.check(Test.scala:518)
[info]   at org.scalatestplus.scalacheck.UnitCheckerAsserting$CheckerAssertingImpl.check(CheckerAsserting.scala:90)
[info]   at org.scalatestplus.scalacheck.Checkers.check(Checkers.scala:371)
[info]   at org.scalatestplus.scalacheck.Checkers.check$(Checkers.scala:369)
[info]   at frameless.TypedDatasetSuite.check(TypedDatasetSuite.scala:63)
[info]   at frameless.ops.RollupTests.$anonfun$new$69(RollupTests.scala:136)
[info]   at org.scalatest.OutcomeOf.outcomeOf(OutcomeOf.scala:85)
[info]   at org.scalatest.OutcomeOf.outcomeOf$(OutcomeOf.scala:83)
[info]   at org.scalatest.OutcomeOf$.outcomeOf(OutcomeOf.scala:104)
[info]   at org.scalatest.Transformer.apply(Transformer.scala:22)
[info]   at org.scalatest.Transformer.apply(Transformer.scala:20)
[info]   at org.scalatest.funsuite.AnyFunSuiteLike$$anon$1.apply(AnyFunSuiteLike.scala:226)
[info]   at org.scalatest.TestSuite.withFixture(TestSuite.scala:196)
[info]   at org.scalatest.TestSuite.withFixture$(TestSuite.scala:195)
[info]   at org.scalatest.funsuite.AnyFunSuite.withFixture(AnyFunSuite.scala:1564)
[info]   at org.scalatest.funsuite.AnyFunSuiteLike.invokeWithFixture$1(AnyFunSuiteLike.scala:224)
[info]   at org.scalatest.funsuite.AnyFunSuiteLike.$anonfun$runTest$1(AnyFunSuiteLike.scala:236)
[info]   at org.scalatest.SuperEngine.runTestImpl(Engine.scala:306)
[info]   at org.scalatest.funsuite.AnyFunSuiteLike.runTest(AnyFunSuiteLike.scala:236)
[info]   at org.scalatest.funsuite.AnyFunSuiteLike.runTest$(AnyFunSuiteLike.scala:218)
[info]   at org.scalatest.funsuite.AnyFunSuite.runTest(AnyFunSuite.scala:1564)
[info]   at org.scalatest.funsuite.AnyFunSuiteLike.$anonfun$runTests$1(AnyFunSuiteLike.scala:269)
[info]   at org.scalatest.SuperEngine.$anonfun$runTestsInBranch$1(Engine.scala:413)
[info]   at scala.collection.immutable.List.foreach(List.scala:334)
[info]   at org.scalatest.SuperEngine.traverseSubNodes$1(Engine.scala:401)
[info]   at org.scalatest.SuperEngine.runTestsInBranch(Engine.scala:396)
[info]   at org.scalatest.SuperEngine.runTestsImpl(Engine.scala:475)
[info]   at org.scalatest.funsuite.AnyFunSuiteLike.runTests(AnyFunSuiteLike.scala:269)
[info]   at org.scalatest.funsuite.AnyFunSuiteLike.runTests$(AnyFunSuiteLike.scala:268)
[info]   at org.scalatest.funsuite.AnyFunSuite.runTests(AnyFunSuite.scala:1564)
[info]   at org.scalatest.Suite.run(Suite.scala:1114)
[info]   at org.scalatest.Suite.run$(Suite.scala:1096)
[info]   at org.scalatest.funsuite.AnyFunSuite.org$scalatest$funsuite$AnyFunSuiteLike$$super$run(AnyFunSuite.scala:1564)
[info]   at org.scalatest.funsuite.AnyFunSuiteLike.$anonfun$run$1(AnyFunSuiteLike.scala:273)
[info]   at org.scalatest.SuperEngine.runImpl(Engine.scala:535)
[info]   at org.scalatest.funsuite.AnyFunSuiteLike.run(AnyFunSuiteLike.scala:273)
[info]   at org.scalatest.funsuite.AnyFunSuiteLike.run$(AnyFunSuiteLike.scala:272)
[info]   at frameless.TypedDatasetSuite.org$scalatest$BeforeAndAfterAll$$super$run(TypedDatasetSuite.scala:63)
[info]   at org.scalatest.BeforeAndAfterAll.liftedTree1$1(BeforeAndAfterAll.scala:213)
[info]   at org.scalatest.BeforeAndAfterAll.run(BeforeAndAfterAll.scala:210)
[info]   at org.scalatest.BeforeAndAfterAll.run$(BeforeAndAfterAll.scala:208)
[info]   at frameless.TypedDatasetSuite.run(TypedDatasetSuite.scala:63)
[info]   at org.scalatest.tools.Framework.org$scalatest$tools$Framework$$runSuite(Framework.scala:321)
[info]   at org.scalatest.tools.Framework$ScalaTestTask.execute(Framework.scala:517)
[info]   at sbt.ForkMain$Run.lambda$runTest$1(ForkMain.java:414)
[info]   at java.base/java.util.concurrent.FutureTask.run(FutureTask.java:317)
[info]   at java.base/java.util.concurrent.ThreadPoolExecutor.runWorker(ThreadPoolExecutor.java:1144)
[info]   at java.base/java.util.concurrent.ThreadPoolExecutor$Worker.run(ThreadPoolExecutor.java:642)
[info]   at java.base/java.lang.Thread.run(Thread.java:1583)
[info] - rollup('a, 'b).agg(sum('c), sum('d)) *** FAILED *** (3 milliseconds)
[info]   IllegalArgumentException was thrown during property evaluation.
[info]     Message: argument type mismatch
[info]     Occurred when passed generated values (
[info]       arg0 = List()
[info]     )
[info]   org.scalatest.exceptions.GeneratorDrivenPropertyCheckFailedException:
[info]   at org.scalatestplus.scalacheck.CheckerAsserting$$anon$2.indicateFailure(CheckerAsserting.scala:251)
[info]   at org.scalatestplus.scalacheck.CheckerAsserting$$anon$2.indicateFailure(CheckerAsserting.scala:238)
[info]   at org.scalatestplus.scalacheck.UnitCheckerAsserting$CheckerAssertingImpl.check(CheckerAsserting.scala:160)
[info]   at org.scalatestplus.scalacheck.Checkers.check(Checkers.scala:371)
[info]   at org.scalatestplus.scalacheck.Checkers.check$(Checkers.scala:369)
[info]   at frameless.TypedDatasetSuite.check(TypedDatasetSuite.scala:63)
[info]   at frameless.ops.RollupTests.$anonfun$new$105(RollupTests.scala:171)
[info]   at org.scalatest.OutcomeOf.outcomeOf(OutcomeOf.scala:85)
[info]   at org.scalatest.OutcomeOf.outcomeOf$(OutcomeOf.scala:83)
[info]   at org.scalatest.OutcomeOf$.outcomeOf(OutcomeOf.scala:104)
[info]   at org.scalatest.Transformer.apply(Transformer.scala:22)
[info]   at org.scalatest.Transformer.apply(Transformer.scala:20)
[info]   at org.scalatest.funsuite.AnyFunSuiteLike$$anon$1.apply(AnyFunSuiteLike.scala:226)
[info]   at org.scalatest.TestSuite.withFixture(TestSuite.scala:196)
[info]   at org.scalatest.TestSuite.withFixture$(TestSuite.scala:195)
[info]   at org.scalatest.funsuite.AnyFunSuite.withFixture(AnyFunSuite.scala:1564)
[info]   at org.scalatest.funsuite.AnyFunSuiteLike.invokeWithFixture$1(AnyFunSuiteLike.scala:224)
[info]   at org.scalatest.funsuite.AnyFunSuiteLike.$anonfun$runTest$1(AnyFunSuiteLike.scala:236)
[info]   at org.scalatest.SuperEngine.runTestImpl(Engine.scala:306)
[info]   at org.scalatest.funsuite.AnyFunSuiteLike.runTest(AnyFunSuiteLike.scala:236)
[info]   at org.scalatest.funsuite.AnyFunSuiteLike.runTest$(AnyFunSuiteLike.scala:218)
[info]   at org.scalatest.funsuite.AnyFunSuite.runTest(AnyFunSuite.scala:1564)
[info]   at org.scalatest.funsuite.AnyFunSuiteLike.$anonfun$runTests$1(AnyFunSuiteLike.scala:269)
[info]   at org.scalatest.SuperEngine.$anonfun$runTestsInBranch$1(Engine.scala:413)
[info]   at scala.collection.immutable.List.foreach(List.scala:334)
[info]   at org.scalatest.SuperEngine.traverseSubNodes$1(Engine.scala:401)
[info]   at org.scalatest.SuperEngine.runTestsInBranch(Engine.scala:396)
[info]   at org.scalatest.SuperEngine.runTestsImpl(Engine.scala:475)
[info]   at org.scalatest.funsuite.AnyFunSuiteLike.runTests(AnyFunSuiteLike.scala:269)
[info]   at org.scalatest.funsuite.AnyFunSuiteLike.runTests$(AnyFunSuiteLike.scala:268)
[info]   at org.scalatest.funsuite.AnyFunSuite.runTests(AnyFunSuite.scala:1564)
[info]   at org.scalatest.Suite.run(Suite.scala:1114)
[info]   at org.scalatest.Suite.run$(Suite.scala:1096)
[info]   at org.scalatest.funsuite.AnyFunSuite.org$scalatest$funsuite$AnyFunSuiteLike$$super$run(AnyFunSuite.scala:1564)
[info]   at org.scalatest.funsuite.AnyFunSuiteLike.$anonfun$run$1(AnyFunSuiteLike.scala:273)
[info]   at org.scalatest.SuperEngine.runImpl(Engine.scala:535)
[info]   at org.scalatest.funsuite.AnyFunSuiteLike.run(AnyFunSuiteLike.scala:273)
[info]   at org.scalatest.funsuite.AnyFunSuiteLike.run$(AnyFunSuiteLike.scala:272)
[info]   at frameless.TypedDatasetSuite.org$scalatest$BeforeAndAfterAll$$super$run(TypedDatasetSuite.scala:63)
[info]   at org.scalatest.BeforeAndAfterAll.liftedTree1$1(BeforeAndAfterAll.scala:213)
[info]   at org.scalatest.BeforeAndAfterAll.run(BeforeAndAfterAll.scala:210)
[info]   at org.scalatest.BeforeAndAfterAll.run$(BeforeAndAfterAll.scala:208)
[info]   at frameless.TypedDatasetSuite.run(TypedDatasetSuite.scala:63)
[info]   at org.scalatest.tools.Framework.org$scalatest$tools$Framework$$runSuite(Framework.scala:321)
[info]   at org.scalatest.tools.Framework$ScalaTestTask.execute(Framework.scala:517)
[info]   at sbt.ForkMain$Run.lambda$runTest$1(ForkMain.java:414)
[info]   at java.base/java.util.concurrent.FutureTask.run(FutureTask.java:317)
[info]   at java.base/java.util.concurrent.ThreadPoolExecutor.runWorker(ThreadPoolExecutor.java:1144)
[info]   at java.base/java.util.concurrent.ThreadPoolExecutor$Worker.run(ThreadPoolExecutor.java:642)
[info]   at java.base/java.lang.Thread.run(Thread.java:1583)
[info]   Cause: java.lang.IllegalArgumentException: argument type mismatch
[info]   at java.base/jdk.internal.reflect.DirectConstructorHandleAccessor.newInstance(DirectConstructorHandleAccessor.java:65)
[info]   at java.base/java.lang.reflect.Constructor.newInstanceWithCaller(Constructor.java:502)
[info]   at java.base/java.lang.reflect.Constructor.newInstance(Constructor.java:486)
[info]   at frameless.TypedExpressionEncoder$.$anonfun$apply$3(TypedExpressionEncoder.scala:55)
[info]   at scala.Option.map(Option.scala:242)
[info]   at frameless.TypedExpressionEncoder$.apply(TypedExpressionEncoder.scala:54)
[info]   at frameless.TypedDataset$.create(TypedDataset.scala:1325)
[info]   at frameless.ops.RollupTests.prop$6(RollupTests.scala:152)
[info]   at frameless.ops.RollupTests.$anonfun$new$123(RollupTests.scala:171)
[info]   at scala.Function1.$anonfun$andThen$1(Function1.scala:87)
[info]   at org.scalacheck.Prop$.$anonfun$forAllShrink$2(Prop.scala:868)
[info]   at org.scalacheck.Prop$.secure(Prop.scala:484)
[info]   at org.scalacheck.Prop$.result$1(Prop.scala:868)
[info]   at org.scalacheck.Prop$.$anonfun$forAllShrink$1(Prop.scala:915)
[info]   at org.scalacheck.Prop$.$anonfun$apply$1(Prop.scala:305)
[info]   at org.scalacheck.PropFromFun.apply(Prop.scala:20)
[info]   at org.scalacheck.Test$.workerFun$1(Test.scala:486)
[info]   at org.scalacheck.Test$.$anonfun$check$4(Test.scala:518)
[info]   at org.scalacheck.Test$.$anonfun$check$4$adapted(Test.scala:518)
[info]   at org.scalacheck.Platform$.runWorkers(Platform.scala:42)
[info]   at org.scalacheck.Test$.check(Test.scala:518)
[info]   at org.scalatestplus.scalacheck.UnitCheckerAsserting$CheckerAssertingImpl.check(CheckerAsserting.scala:90)
[info]   at org.scalatestplus.scalacheck.Checkers.check(Checkers.scala:371)
[info]   at org.scalatestplus.scalacheck.Checkers.check$(Checkers.scala:369)
[info]   at frameless.TypedDatasetSuite.check(TypedDatasetSuite.scala:63)
[info]   at frameless.ops.RollupTests.$anonfun$new$105(RollupTests.scala:171)
[info]   at org.scalatest.OutcomeOf.outcomeOf(OutcomeOf.scala:85)
[info]   at org.scalatest.OutcomeOf.outcomeOf$(OutcomeOf.scala:83)
[info]   at org.scalatest.OutcomeOf$.outcomeOf(OutcomeOf.scala:104)
[info]   at org.scalatest.Transformer.apply(Transformer.scala:22)
[info]   at org.scalatest.Transformer.apply(Transformer.scala:20)
[info]   at org.scalatest.funsuite.AnyFunSuiteLike$$anon$1.apply(AnyFunSuiteLike.scala:226)
[info]   at org.scalatest.TestSuite.withFixture(TestSuite.scala:196)
[info]   at org.scalatest.TestSuite.withFixture$(TestSuite.scala:195)
[info]   at org.scalatest.funsuite.AnyFunSuite.withFixture(AnyFunSuite.scala:1564)
[info]   at org.scalatest.funsuite.AnyFunSuiteLike.invokeWithFixture$1(AnyFunSuiteLike.scala:224)
[info]   at org.scalatest.funsuite.AnyFunSuiteLike.$anonfun$runTest$1(AnyFunSuiteLike.scala:236)
[info]   at org.scalatest.SuperEngine.runTestImpl(Engine.scala:306)
[info]   at org.scalatest.funsuite.AnyFunSuiteLike.runTest(AnyFunSuiteLike.scala:236)
[info]   at org.scalatest.funsuite.AnyFunSuiteLike.runTest$(AnyFunSuiteLike.scala:218)
[info]   at org.scalatest.funsuite.AnyFunSuite.runTest(AnyFunSuite.scala:1564)
[info]   at org.scalatest.funsuite.AnyFunSuiteLike.$anonfun$runTests$1(AnyFunSuiteLike.scala:269)
[info]   at org.scalatest.SuperEngine.$anonfun$runTestsInBranch$1(Engine.scala:413)
[info]   at scala.collection.immutable.List.foreach(List.scala:334)
[info]   at org.scalatest.SuperEngine.traverseSubNodes$1(Engine.scala:401)
[info]   at org.scalatest.SuperEngine.runTestsInBranch(Engine.scala:396)
[info]   at org.scalatest.SuperEngine.runTestsImpl(Engine.scala:475)
[info]   at org.scalatest.funsuite.AnyFunSuiteLike.runTests(AnyFunSuiteLike.scala:269)
[info]   at org.scalatest.funsuite.AnyFunSuiteLike.runTests$(AnyFunSuiteLike.scala:268)
[info]   at org.scalatest.funsuite.AnyFunSuite.runTests(AnyFunSuite.scala:1564)
[info]   at org.scalatest.Suite.run(Suite.scala:1114)
[info]   at org.scalatest.Suite.run$(Suite.scala:1096)
[info]   at org.scalatest.funsuite.AnyFunSuite.org$scalatest$funsuite$AnyFunSuiteLike$$super$run(AnyFunSuite.scala:1564)
[info]   at org.scalatest.funsuite.AnyFunSuiteLike.$anonfun$run$1(AnyFunSuiteLike.scala:273)
[info]   at org.scalatest.SuperEngine.runImpl(Engine.scala:535)
[info]   at org.scalatest.funsuite.AnyFunSuiteLike.run(AnyFunSuiteLike.scala:273)
[info]   at org.scalatest.funsuite.AnyFunSuiteLike.run$(AnyFunSuiteLike.scala:272)
[info]   at frameless.TypedDatasetSuite.org$scalatest$BeforeAndAfterAll$$super$run(TypedDatasetSuite.scala:63)
[info]   at org.scalatest.BeforeAndAfterAll.liftedTree1$1(BeforeAndAfterAll.scala:213)
[info]   at org.scalatest.BeforeAndAfterAll.run(BeforeAndAfterAll.scala:210)
[info]   at org.scalatest.BeforeAndAfterAll.run$(BeforeAndAfterAll.scala:208)
[info]   at frameless.TypedDatasetSuite.run(TypedDatasetSuite.scala:63)
[info]   at org.scalatest.tools.Framework.org$scalatest$tools$Framework$$runSuite(Framework.scala:321)
[info]   at org.scalatest.tools.Framework$ScalaTestTask.execute(Framework.scala:517)
[info]   at sbt.ForkMain$Run.lambda$runTest$1(ForkMain.java:414)
[info]   at java.base/java.util.concurrent.FutureTask.run(FutureTask.java:317)
[info]   at java.base/java.util.concurrent.ThreadPoolExecutor.runWorker(ThreadPoolExecutor.java:1144)
[info]   at java.base/java.util.concurrent.ThreadPoolExecutor$Worker.run(ThreadPoolExecutor.java:642)
[info]   at java.base/java.lang.Thread.run(Thread.java:1583)
[info]   Cause: java.lang.ClassCastException: Cannot cast scala.reflect.ClassTag$GenericClassTag to org.apache.spark.sql.catalyst.expressions.Expression
[info]   at java.base/java.lang.Class.cast(Class.java:4067)
[info]   at java.base/jdk.internal.reflect.DirectConstructorHandleAccessor.newInstance(DirectConstructorHandleAccessor.java:62)
[info]   at java.base/java.lang.reflect.Constructor.newInstanceWithCaller(Constructor.java:502)
[info]   at java.base/java.lang.reflect.Constructor.newInstance(Constructor.java:486)
[info]   at frameless.TypedExpressionEncoder$.$anonfun$apply$3(TypedExpressionEncoder.scala:55)
[info]   at scala.Option.map(Option.scala:242)
[info]   at frameless.TypedExpressionEncoder$.apply(TypedExpressionEncoder.scala:54)
[info]   at frameless.TypedDataset$.create(TypedDataset.scala:1325)
[info]   at frameless.ops.RollupTests.prop$6(RollupTests.scala:152)
[info]   at frameless.ops.RollupTests.$anonfun$new$123(RollupTests.scala:171)
[info]   at scala.Function1.$anonfun$andThen$1(Function1.scala:87)
[info]   at org.scalacheck.Prop$.$anonfun$forAllShrink$2(Prop.scala:868)
[info]   at org.scalacheck.Prop$.secure(Prop.scala:484)
[info]   at org.scalacheck.Prop$.result$1(Prop.scala:868)
[info]   at org.scalacheck.Prop$.$anonfun$forAllShrink$1(Prop.scala:915)
[info]   at org.scalacheck.Prop$.$anonfun$apply$1(Prop.scala:305)
[info]   at org.scalacheck.PropFromFun.apply(Prop.scala:20)
[info]   at org.scalacheck.Test$.workerFun$1(Test.scala:486)
[info]   at org.scalacheck.Test$.$anonfun$check$4(Test.scala:518)
[info]   at org.scalacheck.Test$.$anonfun$check$4$adapted(Test.scala:518)
[info]   at org.scalacheck.Platform$.runWorkers(Platform.scala:42)
[info]   at org.scalacheck.Test$.check(Test.scala:518)
[info]   at org.scalatestplus.scalacheck.UnitCheckerAsserting$CheckerAssertingImpl.check(CheckerAsserting.scala:90)
[info]   at org.scalatestplus.scalacheck.Checkers.check(Checkers.scala:371)
[info]   at org.scalatestplus.scalacheck.Checkers.check$(Checkers.scala:369)
[info]   at frameless.TypedDatasetSuite.check(TypedDatasetSuite.scala:63)
[info]   at frameless.ops.RollupTests.$anonfun$new$105(RollupTests.scala:171)
[info]   at org.scalatest.OutcomeOf.outcomeOf(OutcomeOf.scala:85)
[info]   at org.scalatest.OutcomeOf.outcomeOf$(OutcomeOf.scala:83)
[info]   at org.scalatest.OutcomeOf$.outcomeOf(OutcomeOf.scala:104)
[info]   at org.scalatest.Transformer.apply(Transformer.scala:22)
[info]   at org.scalatest.Transformer.apply(Transformer.scala:20)
[info]   at org.scalatest.funsuite.AnyFunSuiteLike$$anon$1.apply(AnyFunSuiteLike.scala:226)
[info]   at org.scalatest.TestSuite.withFixture(TestSuite.scala:196)
[info]   at org.scalatest.TestSuite.withFixture$(TestSuite.scala:195)
[info]   at org.scalatest.funsuite.AnyFunSuite.withFixture(AnyFunSuite.scala:1564)
[info]   at org.scalatest.funsuite.AnyFunSuiteLike.invokeWithFixture$1(AnyFunSuiteLike.scala:224)
[info]   at org.scalatest.funsuite.AnyFunSuiteLike.$anonfun$runTest$1(AnyFunSuiteLike.scala:236)
[info]   at org.scalatest.SuperEngine.runTestImpl(Engine.scala:306)
[info]   at org.scalatest.funsuite.AnyFunSuiteLike.runTest(AnyFunSuiteLike.scala:236)
[info]   at org.scalatest.funsuite.AnyFunSuiteLike.runTest$(AnyFunSuiteLike.scala:218)
[info]   at org.scalatest.funsuite.AnyFunSuite.runTest(AnyFunSuite.scala:1564)
[info]   at org.scalatest.funsuite.AnyFunSuiteLike.$anonfun$runTests$1(AnyFunSuiteLike.scala:269)
[info]   at org.scalatest.SuperEngine.$anonfun$runTestsInBranch$1(Engine.scala:413)
[info]   at scala.collection.immutable.List.foreach(List.scala:334)
[info]   at org.scalatest.SuperEngine.traverseSubNodes$1(Engine.scala:401)
[info]   at org.scalatest.SuperEngine.runTestsInBranch(Engine.scala:396)
[info]   at org.scalatest.SuperEngine.runTestsImpl(Engine.scala:475)
[info]   at org.scalatest.funsuite.AnyFunSuiteLike.runTests(AnyFunSuiteLike.scala:269)
[info]   at org.scalatest.funsuite.AnyFunSuiteLike.runTests$(AnyFunSuiteLike.scala:268)
[info]   at org.scalatest.funsuite.AnyFunSuite.runTests(AnyFunSuite.scala:1564)
[info]   at org.scalatest.Suite.run(Suite.scala:1114)
[info]   at org.scalatest.Suite.run$(Suite.scala:1096)
[info]   at org.scalatest.funsuite.AnyFunSuite.org$scalatest$funsuite$AnyFunSuiteLike$$super$run(AnyFunSuite.scala:1564)
[info]   at org.scalatest.funsuite.AnyFunSuiteLike.$anonfun$run$1(AnyFunSuiteLike.scala:273)
[info]   at org.scalatest.SuperEngine.runImpl(Engine.scala:535)
[info]   at org.scalatest.funsuite.AnyFunSuiteLike.run(AnyFunSuiteLike.scala:273)
[info]   at org.scalatest.funsuite.AnyFunSuiteLike.run$(AnyFunSuiteLike.scala:272)
[info]   at frameless.TypedDatasetSuite.org$scalatest$BeforeAndAfterAll$$super$run(TypedDatasetSuite.scala:63)
[info]   at org.scalatest.BeforeAndAfterAll.liftedTree1$1(BeforeAndAfterAll.scala:213)
[info]   at org.scalatest.BeforeAndAfterAll.run(BeforeAndAfterAll.scala:210)
[info]   at org.scalatest.BeforeAndAfterAll.run$(BeforeAndAfterAll.scala:208)
[info]   at frameless.TypedDatasetSuite.run(TypedDatasetSuite.scala:63)
[info]   at org.scalatest.tools.Framework.org$scalatest$tools$Framework$$runSuite(Framework.scala:321)
[info]   at org.scalatest.tools.Framework$ScalaTestTask.execute(Framework.scala:517)
[info]   at sbt.ForkMain$Run.lambda$runTest$1(ForkMain.java:414)
[info]   at java.base/java.util.concurrent.FutureTask.run(FutureTask.java:317)
[info]   at java.base/java.util.concurrent.ThreadPoolExecutor.runWorker(ThreadPoolExecutor.java:1144)
[info]   at java.base/java.util.concurrent.ThreadPoolExecutor$Worker.run(ThreadPoolExecutor.java:642)
[info]   at java.base/java.lang.Thread.run(Thread.java:1583)
[info] - rollup('a, 'b).agg(sum('c)) to rollup('a, 'b).agg(sum('c),sum('c),sum('c),sum('c),sum('c)) *** FAILED *** (2 milliseconds)
[info]   IllegalArgumentException was thrown during property evaluation.
[info]     Message: argument type mismatch
[info]     Occurred when passed generated values (
[info]       arg0 = List()
[info]     )
[info]   org.scalatest.exceptions.GeneratorDrivenPropertyCheckFailedException:
[info]   at org.scalatestplus.scalacheck.CheckerAsserting$$anon$2.indicateFailure(CheckerAsserting.scala:251)
[info]   at org.scalatestplus.scalacheck.CheckerAsserting$$anon$2.indicateFailure(CheckerAsserting.scala:238)
[info]   at org.scalatestplus.scalacheck.UnitCheckerAsserting$CheckerAssertingImpl.check(CheckerAsserting.scala:160)
[info]   at org.scalatestplus.scalacheck.Checkers.check(Checkers.scala:371)
[info]   at org.scalatestplus.scalacheck.Checkers.check$(Checkers.scala:369)
[info]   at frameless.TypedDatasetSuite.check(TypedDatasetSuite.scala:63)
[info]   at frameless.ops.RollupTests.$anonfun$new$125(RollupTests.scala:248)
[info]   at org.scalatest.OutcomeOf.outcomeOf(OutcomeOf.scala:85)
[info]   at org.scalatest.OutcomeOf.outcomeOf$(OutcomeOf.scala:83)
[info]   at org.scalatest.OutcomeOf$.outcomeOf(OutcomeOf.scala:104)
[info]   at org.scalatest.Transformer.apply(Transformer.scala:22)
[info]   at org.scalatest.Transformer.apply(Transformer.scala:20)
[info]   at org.scalatest.funsuite.AnyFunSuiteLike$$anon$1.apply(AnyFunSuiteLike.scala:226)
[info]   at org.scalatest.TestSuite.withFixture(TestSuite.scala:196)
[info]   at org.scalatest.TestSuite.withFixture$(TestSuite.scala:195)
[info]   at org.scalatest.funsuite.AnyFunSuite.withFixture(AnyFunSuite.scala:1564)
[info]   at org.scalatest.funsuite.AnyFunSuiteLike.invokeWithFixture$1(AnyFunSuiteLike.scala:224)
[info]   at org.scalatest.funsuite.AnyFunSuiteLike.$anonfun$runTest$1(AnyFunSuiteLike.scala:236)
[info]   at org.scalatest.SuperEngine.runTestImpl(Engine.scala:306)
[info]   at org.scalatest.funsuite.AnyFunSuiteLike.runTest(AnyFunSuiteLike.scala:236)
[info]   at org.scalatest.funsuite.AnyFunSuiteLike.runTest$(AnyFunSuiteLike.scala:218)
[info]   at org.scalatest.funsuite.AnyFunSuite.runTest(AnyFunSuite.scala:1564)
[info]   at org.scalatest.funsuite.AnyFunSuiteLike.$anonfun$runTests$1(AnyFunSuiteLike.scala:269)
[info]   at org.scalatest.SuperEngine.$anonfun$runTestsInBranch$1(Engine.scala:413)
[info]   at scala.collection.immutable.List.foreach(List.scala:334)
[info]   at org.scalatest.SuperEngine.traverseSubNodes$1(Engine.scala:401)
[info]   at org.scalatest.SuperEngine.runTestsInBranch(Engine.scala:396)
[info]   at org.scalatest.SuperEngine.runTestsImpl(Engine.scala:475)
[info]   at org.scalatest.funsuite.AnyFunSuiteLike.runTests(AnyFunSuiteLike.scala:269)
[info]   at org.scalatest.funsuite.AnyFunSuiteLike.runTests$(AnyFunSuiteLike.scala:268)
[info]   at org.scalatest.funsuite.AnyFunSuite.runTests(AnyFunSuite.scala:1564)
[info]   at org.scalatest.Suite.run(Suite.scala:1114)
[info]   at org.scalatest.Suite.run$(Suite.scala:1096)
[info]   at org.scalatest.funsuite.AnyFunSuite.org$scalatest$funsuite$AnyFunSuiteLike$$super$run(AnyFunSuite.scala:1564)
[info]   at org.scalatest.funsuite.AnyFunSuiteLike.$anonfun$run$1(AnyFunSuiteLike.scala:273)
[info]   at org.scalatest.SuperEngine.runImpl(Engine.scala:535)
[info]   at org.scalatest.funsuite.AnyFunSuiteLike.run(AnyFunSuiteLike.scala:273)
[info]   at org.scalatest.funsuite.AnyFunSuiteLike.run$(AnyFunSuiteLike.scala:272)
[info]   at frameless.TypedDatasetSuite.org$scalatest$BeforeAndAfterAll$$super$run(TypedDatasetSuite.scala:63)
[info]   at org.scalatest.BeforeAndAfterAll.liftedTree1$1(BeforeAndAfterAll.scala:213)
[info]   at org.scalatest.BeforeAndAfterAll.run(BeforeAndAfterAll.scala:210)
[info]   at org.scalatest.BeforeAndAfterAll.run$(BeforeAndAfterAll.scala:208)
[info]   at frameless.TypedDatasetSuite.run(TypedDatasetSuite.scala:63)
[info]   at org.scalatest.tools.Framework.org$scalatest$tools$Framework$$runSuite(Framework.scala:321)
[info]   at org.scalatest.tools.Framework$ScalaTestTask.execute(Framework.scala:517)
[info]   at sbt.ForkMain$Run.lambda$runTest$1(ForkMain.java:414)
[info]   at java.base/java.util.concurrent.FutureTask.run(FutureTask.java:317)
[info]   at java.base/java.util.concurrent.ThreadPoolExecutor.runWorker(ThreadPoolExecutor.java:1144)
[info]   at java.base/java.util.concurrent.ThreadPoolExecutor$Worker.run(ThreadPoolExecutor.java:642)
[info]   at java.base/java.lang.Thread.run(Thread.java:1583)
[info]   Cause: java.lang.IllegalArgumentException: argument type mismatch
[info]   at java.base/jdk.internal.reflect.DirectConstructorHandleAccessor.newInstance(DirectConstructorHandleAccessor.java:65)
[info]   at java.base/java.lang.reflect.Constructor.newInstanceWithCaller(Constructor.java:502)
[info]   at java.base/java.lang.reflect.Constructor.newInstance(Constructor.java:486)
[info]   at frameless.TypedExpressionEncoder$.$anonfun$apply$3(TypedExpressionEncoder.scala:55)
[info]   at scala.Option.map(Option.scala:242)
[info]   at frameless.TypedExpressionEncoder$.apply(TypedExpressionEncoder.scala:54)
[info]   at frameless.TypedDataset$.create(TypedDataset.scala:1325)
[info]   at frameless.ops.RollupTests.prop$7(RollupTests.scala:181)
[info]   at frameless.ops.RollupTests.$anonfun$new$165(RollupTests.scala:248)
[info]   at scala.Function1.$anonfun$andThen$1(Function1.scala:87)
[info]   at org.scalacheck.Prop$.$anonfun$forAllShrink$2(Prop.scala:868)
[info]   at org.scalacheck.Prop$.secure(Prop.scala:484)
[info]   at org.scalacheck.Prop$.result$1(Prop.scala:868)
[info]   at org.scalacheck.Prop$.$anonfun$forAllShrink$1(Prop.scala:915)
[info]   at org.scalacheck.Prop$.$anonfun$apply$1(Prop.scala:305)
[info]   at org.scalacheck.PropFromFun.apply(Prop.scala:20)
[info]   at org.scalacheck.Test$.workerFun$1(Test.scala:486)
[info]   at org.scalacheck.Test$.$anonfun$check$4(Test.scala:518)
[info]   at org.scalacheck.Test$.$anonfun$check$4$adapted(Test.scala:518)
[info]   at org.scalacheck.Platform$.runWorkers(Platform.scala:42)
[info]   at org.scalacheck.Test$.check(Test.scala:518)
[info]   at org.scalatestplus.scalacheck.UnitCheckerAsserting$CheckerAssertingImpl.check(CheckerAsserting.scala:90)
[info]   at org.scalatestplus.scalacheck.Checkers.check(Checkers.scala:371)
[info]   at org.scalatestplus.scalacheck.Checkers.check$(Checkers.scala:369)
[info]   at frameless.TypedDatasetSuite.check(TypedDatasetSuite.scala:63)
[info]   at frameless.ops.RollupTests.$anonfun$new$125(RollupTests.scala:248)
[info]   at org.scalatest.OutcomeOf.outcomeOf(OutcomeOf.scala:85)
[info]   at org.scalatest.OutcomeOf.outcomeOf$(OutcomeOf.scala:83)
[info]   at org.scalatest.OutcomeOf$.outcomeOf(OutcomeOf.scala:104)
[info]   at org.scalatest.Transformer.apply(Transformer.scala:22)
[info]   at org.scalatest.Transformer.apply(Transformer.scala:20)
[info]   at org.scalatest.funsuite.AnyFunSuiteLike$$anon$1.apply(AnyFunSuiteLike.scala:226)
[info]   at org.scalatest.TestSuite.withFixture(TestSuite.scala:196)
[info]   at org.scalatest.TestSuite.withFixture$(TestSuite.scala:195)
[info]   at org.scalatest.funsuite.AnyFunSuite.withFixture(AnyFunSuite.scala:1564)
[info]   at org.scalatest.funsuite.AnyFunSuiteLike.invokeWithFixture$1(AnyFunSuiteLike.scala:224)
[info]   at org.scalatest.funsuite.AnyFunSuiteLike.$anonfun$runTest$1(AnyFunSuiteLike.scala:236)
[info]   at org.scalatest.SuperEngine.runTestImpl(Engine.scala:306)
[info]   at org.scalatest.funsuite.AnyFunSuiteLike.runTest(AnyFunSuiteLike.scala:236)
[info]   at org.scalatest.funsuite.AnyFunSuiteLike.runTest$(AnyFunSuiteLike.scala:218)
[info]   at org.scalatest.funsuite.AnyFunSuite.runTest(AnyFunSuite.scala:1564)
[info]   at org.scalatest.funsuite.AnyFunSuiteLike.$anonfun$runTests$1(AnyFunSuiteLike.scala:269)
[info]   at org.scalatest.SuperEngine.$anonfun$runTestsInBranch$1(Engine.scala:413)
[info]   at scala.collection.immutable.List.foreach(List.scala:334)
[info]   at org.scalatest.SuperEngine.traverseSubNodes$1(Engine.scala:401)
[info]   at org.scalatest.SuperEngine.runTestsInBranch(Engine.scala:396)
[info]   at org.scalatest.SuperEngine.runTestsImpl(Engine.scala:475)
[info]   at org.scalatest.funsuite.AnyFunSuiteLike.runTests(AnyFunSuiteLike.scala:269)
[info]   at org.scalatest.funsuite.AnyFunSuiteLike.runTests$(AnyFunSuiteLike.scala:268)
[info]   at org.scalatest.funsuite.AnyFunSuite.runTests(AnyFunSuite.scala:1564)
[info]   at org.scalatest.Suite.run(Suite.scala:1114)
[info]   at org.scalatest.Suite.run$(Suite.scala:1096)
[info]   at org.scalatest.funsuite.AnyFunSuite.org$scalatest$funsuite$AnyFunSuiteLike$$super$run(AnyFunSuite.scala:1564)
[info]   at org.scalatest.funsuite.AnyFunSuiteLike.$anonfun$run$1(AnyFunSuiteLike.scala:273)
[info]   at org.scalatest.SuperEngine.runImpl(Engine.scala:535)
[info]   at org.scalatest.funsuite.AnyFunSuiteLike.run(AnyFunSuiteLike.scala:273)
[info]   at org.scalatest.funsuite.AnyFunSuiteLike.run$(AnyFunSuiteLike.scala:272)
[info]   at frameless.TypedDatasetSuite.org$scalatest$BeforeAndAfterAll$$super$run(TypedDatasetSuite.scala:63)
[info]   at org.scalatest.BeforeAndAfterAll.liftedTree1$1(BeforeAndAfterAll.scala:213)
[info]   at org.scalatest.BeforeAndAfterAll.run(BeforeAndAfterAll.scala:210)
[info]   at org.scalatest.BeforeAndAfterAll.run$(BeforeAndAfterAll.scala:208)
[info]   at frameless.TypedDatasetSuite.run(TypedDatasetSuite.scala:63)
[info]   at org.scalatest.tools.Framework.org$scalatest$tools$Framework$$runSuite(Framework.scala:321)
[info]   at org.scalatest.tools.Framework$ScalaTestTask.execute(Framework.scala:517)
[info]   at sbt.ForkMain$Run.lambda$runTest$1(ForkMain.java:414)
[info]   at java.base/java.util.concurrent.FutureTask.run(FutureTask.java:317)
[info]   at java.base/java.util.concurrent.ThreadPoolExecutor.runWorker(ThreadPoolExecutor.java:1144)
[info]   at java.base/java.util.concurrent.ThreadPoolExecutor$Worker.run(ThreadPoolExecutor.java:642)
[info]   at java.base/java.lang.Thread.run(Thread.java:1583)
[info]   Cause: java.lang.ClassCastException: Cannot cast scala.reflect.ClassTag$GenericClassTag to org.apache.spark.sql.catalyst.expressions.Expression
[info]   at java.base/java.lang.Class.cast(Class.java:4067)
[info]   at java.base/jdk.internal.reflect.DirectConstructorHandleAccessor.newInstance(DirectConstructorHandleAccessor.java:62)
[info]   at java.base/java.lang.reflect.Constructor.newInstanceWithCaller(Constructor.java:502)
[info]   at java.base/java.lang.reflect.Constructor.newInstance(Constructor.java:486)
[info]   at frameless.TypedExpressionEncoder$.$anonfun$apply$3(TypedExpressionEncoder.scala:55)
[info]   at scala.Option.map(Option.scala:242)
[info]   at frameless.TypedExpressionEncoder$.apply(TypedExpressionEncoder.scala:54)
[info]   at frameless.TypedDataset$.create(TypedDataset.scala:1325)
[info]   at frameless.ops.RollupTests.prop$7(RollupTests.scala:181)
[info]   at frameless.ops.RollupTests.$anonfun$new$165(RollupTests.scala:248)
[info]   at scala.Function1.$anonfun$andThen$1(Function1.scala:87)
[info]   at org.scalacheck.Prop$.$anonfun$forAllShrink$2(Prop.scala:868)
[info]   at org.scalacheck.Prop$.secure(Prop.scala:484)
[info]   at org.scalacheck.Prop$.result$1(Prop.scala:868)
[info]   at org.scalacheck.Prop$.$anonfun$forAllShrink$1(Prop.scala:915)
[info]   at org.scalacheck.Prop$.$anonfun$apply$1(Prop.scala:305)
[info]   at org.scalacheck.PropFromFun.apply(Prop.scala:20)
[info]   at org.scalacheck.Test$.workerFun$1(Test.scala:486)
[info]   at org.scalacheck.Test$.$anonfun$check$4(Test.scala:518)
[info]   at org.scalacheck.Test$.$anonfun$check$4$adapted(Test.scala:518)
[info]   at org.scalacheck.Platform$.runWorkers(Platform.scala:42)
[info]   at org.scalacheck.Test$.check(Test.scala:518)
[info]   at org.scalatestplus.scalacheck.UnitCheckerAsserting$CheckerAssertingImpl.check(CheckerAsserting.scala:90)
[info]   at org.scalatestplus.scalacheck.Checkers.check(Checkers.scala:371)
[info]   at org.scalatestplus.scalacheck.Checkers.check$(Checkers.scala:369)
[info]   at frameless.TypedDatasetSuite.check(TypedDatasetSuite.scala:63)
[info]   at frameless.ops.RollupTests.$anonfun$new$125(RollupTests.scala:248)
[info]   at org.scalatest.OutcomeOf.outcomeOf(OutcomeOf.scala:85)
[info]   at org.scalatest.OutcomeOf.outcomeOf$(OutcomeOf.scala:83)
[info]   at org.scalatest.OutcomeOf$.outcomeOf(OutcomeOf.scala:104)
[info]   at org.scalatest.Transformer.apply(Transformer.scala:22)
[info]   at org.scalatest.Transformer.apply(Transformer.scala:20)
[info]   at org.scalatest.funsuite.AnyFunSuiteLike$$anon$1.apply(AnyFunSuiteLike.scala:226)
[info]   at org.scalatest.TestSuite.withFixture(TestSuite.scala:196)
[info]   at org.scalatest.TestSuite.withFixture$(TestSuite.scala:195)
[info]   at org.scalatest.funsuite.AnyFunSuite.withFixture(AnyFunSuite.scala:1564)
[info]   at org.scalatest.funsuite.AnyFunSuiteLike.invokeWithFixture$1(AnyFunSuiteLike.scala:224)
[info]   at org.scalatest.funsuite.AnyFunSuiteLike.$anonfun$runTest$1(AnyFunSuiteLike.scala:236)
[info]   at org.scalatest.SuperEngine.runTestImpl(Engine.scala:306)
[info]   at org.scalatest.funsuite.AnyFunSuiteLike.runTest(AnyFunSuiteLike.scala:236)
[info]   at org.scalatest.funsuite.AnyFunSuiteLike.runTest$(AnyFunSuiteLike.scala:218)
[info]   at org.scalatest.funsuite.AnyFunSuite.runTest(AnyFunSuite.scala:1564)
[info]   at org.scalatest.funsuite.AnyFunSuiteLike.$anonfun$runTests$1(AnyFunSuiteLike.scala:269)
[info]   at org.scalatest.SuperEngine.$anonfun$runTestsInBranch$1(Engine.scala:413)
[info]   at scala.collection.immutable.List.foreach(List.scala:334)
[info]   at org.scalatest.SuperEngine.traverseSubNodes$1(Engine.scala:401)
[info]   at org.scalatest.SuperEngine.runTestsInBranch(Engine.scala:396)
[info]   at org.scalatest.SuperEngine.runTestsImpl(Engine.scala:475)
[info]   at org.scalatest.funsuite.AnyFunSuiteLike.runTests(AnyFunSuiteLike.scala:269)
[info]   at org.scalatest.funsuite.AnyFunSuiteLike.runTests$(AnyFunSuiteLike.scala:268)
[info]   at org.scalatest.funsuite.AnyFunSuite.runTests(AnyFunSuite.scala:1564)
[info]   at org.scalatest.Suite.run(Suite.scala:1114)
[info]   at org.scalatest.Suite.run$(Suite.scala:1096)
[info]   at org.scalatest.funsuite.AnyFunSuite.org$scalatest$funsuite$AnyFunSuiteLike$$super$run(AnyFunSuite.scala:1564)
[info]   at org.scalatest.funsuite.AnyFunSuiteLike.$anonfun$run$1(AnyFunSuiteLike.scala:273)
[info]   at org.scalatest.SuperEngine.runImpl(Engine.scala:535)
[info]   at org.scalatest.funsuite.AnyFunSuiteLike.run(AnyFunSuiteLike.scala:273)
[info]   at org.scalatest.funsuite.AnyFunSuiteLike.run$(AnyFunSuiteLike.scala:272)
[info]   at frameless.TypedDatasetSuite.org$scalatest$BeforeAndAfterAll$$super$run(TypedDatasetSuite.scala:63)
[info]   at org.scalatest.BeforeAndAfterAll.liftedTree1$1(BeforeAndAfterAll.scala:213)
[info]   at org.scalatest.BeforeAndAfterAll.run(BeforeAndAfterAll.scala:210)
[info]   at org.scalatest.BeforeAndAfterAll.run$(BeforeAndAfterAll.scala:208)
[info]   at frameless.TypedDatasetSuite.run(TypedDatasetSuite.scala:63)
[info]   at org.scalatest.tools.Framework.org$scalatest$tools$Framework$$runSuite(Framework.scala:321)
[info]   at org.scalatest.tools.Framework$ScalaTestTask.execute(Framework.scala:517)
[info]   at sbt.ForkMain$Run.lambda$runTest$1(ForkMain.java:414)
[info]   at java.base/java.util.concurrent.FutureTask.run(FutureTask.java:317)
[info]   at java.base/java.util.concurrent.ThreadPoolExecutor.runWorker(ThreadPoolExecutor.java:1144)
[info]   at java.base/java.util.concurrent.ThreadPoolExecutor$Worker.run(ThreadPoolExecutor.java:642)
[info]   at java.base/java.lang.Thread.run(Thread.java:1583)
[info] - rollup('a, 'b).mapGroups('a, 'b, sum('c)) *** FAILED *** (3 milliseconds)
[info]   IllegalArgumentException was thrown during property evaluation.
[info]     Message: argument type mismatch
[info]     Occurred when passed generated values (
[info]       arg0 = List()
[info]     )
[info]   org.scalatest.exceptions.GeneratorDrivenPropertyCheckFailedException:
[info]   at org.scalatestplus.scalacheck.CheckerAsserting$$anon$2.indicateFailure(CheckerAsserting.scala:251)
[info]   at org.scalatestplus.scalacheck.CheckerAsserting$$anon$2.indicateFailure(CheckerAsserting.scala:238)
[info]   at org.scalatestplus.scalacheck.UnitCheckerAsserting$CheckerAssertingImpl.check(CheckerAsserting.scala:160)
[info]   at org.scalatestplus.scalacheck.Checkers.check(Checkers.scala:371)
[info]   at org.scalatestplus.scalacheck.Checkers.check$(Checkers.scala:369)
[info]   at frameless.TypedDatasetSuite.check(TypedDatasetSuite.scala:63)
[info]   at frameless.ops.RollupTests.$anonfun$new$167(RollupTests.scala:273)
[info]   at org.scalatest.OutcomeOf.outcomeOf(OutcomeOf.scala:85)
[info]   at org.scalatest.OutcomeOf.outcomeOf$(OutcomeOf.scala:83)
[info]   at org.scalatest.OutcomeOf$.outcomeOf(OutcomeOf.scala:104)
[info]   at org.scalatest.Transformer.apply(Transformer.scala:22)
[info]   at org.scalatest.Transformer.apply(Transformer.scala:20)
[info]   at org.scalatest.funsuite.AnyFunSuiteLike$$anon$1.apply(AnyFunSuiteLike.scala:226)
[info]   at org.scalatest.TestSuite.withFixture(TestSuite.scala:196)
[info]   at org.scalatest.TestSuite.withFixture$(TestSuite.scala:195)
[info]   at org.scalatest.funsuite.AnyFunSuite.withFixture(AnyFunSuite.scala:1564)
[info]   at org.scalatest.funsuite.AnyFunSuiteLike.invokeWithFixture$1(AnyFunSuiteLike.scala:224)
[info]   at org.scalatest.funsuite.AnyFunSuiteLike.$anonfun$runTest$1(AnyFunSuiteLike.scala:236)
[info]   at org.scalatest.SuperEngine.runTestImpl(Engine.scala:306)
[info]   at org.scalatest.funsuite.AnyFunSuiteLike.runTest(AnyFunSuiteLike.scala:236)
[info]   at org.scalatest.funsuite.AnyFunSuiteLike.runTest$(AnyFunSuiteLike.scala:218)
[info]   at org.scalatest.funsuite.AnyFunSuite.runTest(AnyFunSuite.scala:1564)
[info]   at org.scalatest.funsuite.AnyFunSuiteLike.$anonfun$runTests$1(AnyFunSuiteLike.scala:269)
[info]   at org.scalatest.SuperEngine.$anonfun$runTestsInBranch$1(Engine.scala:413)
[info]   at scala.collection.immutable.List.foreach(List.scala:334)
[info]   at org.scalatest.SuperEngine.traverseSubNodes$1(Engine.scala:401)
[info]   at org.scalatest.SuperEngine.runTestsInBranch(Engine.scala:396)
[info]   at org.scalatest.SuperEngine.runTestsImpl(Engine.scala:475)
[info]   at org.scalatest.funsuite.AnyFunSuiteLike.runTests(AnyFunSuiteLike.scala:269)
[info]   at org.scalatest.funsuite.AnyFunSuiteLike.runTests$(AnyFunSuiteLike.scala:268)
[info]   at org.scalatest.funsuite.AnyFunSuite.runTests(AnyFunSuite.scala:1564)
[info]   at org.scalatest.Suite.run(Suite.scala:1114)
[info]   at org.scalatest.Suite.run$(Suite.scala:1096)
[info]   at org.scalatest.funsuite.AnyFunSuite.org$scalatest$funsuite$AnyFunSuiteLike$$super$run(AnyFunSuite.scala:1564)
[info]   at org.scalatest.funsuite.AnyFunSuiteLike.$anonfun$run$1(AnyFunSuiteLike.scala:273)
[info]   at org.scalatest.SuperEngine.runImpl(Engine.scala:535)
[info]   at org.scalatest.funsuite.AnyFunSuiteLike.run(AnyFunSuiteLike.scala:273)
[info]   at org.scalatest.funsuite.AnyFunSuiteLike.run$(AnyFunSuiteLike.scala:272)
[info]   at frameless.TypedDatasetSuite.org$scalatest$BeforeAndAfterAll$$super$run(TypedDatasetSuite.scala:63)
[info]   at org.scalatest.BeforeAndAfterAll.liftedTree1$1(BeforeAndAfterAll.scala:213)
[info]   at org.scalatest.BeforeAndAfterAll.run(BeforeAndAfterAll.scala:210)
[info]   at org.scalatest.BeforeAndAfterAll.run$(BeforeAndAfterAll.scala:208)
[info]   at frameless.TypedDatasetSuite.run(TypedDatasetSuite.scala:63)
[info]   at org.scalatest.tools.Framework.org$scalatest$tools$Framework$$runSuite(Framework.scala:321)
[info]   at org.scalatest.tools.Framework$ScalaTestTask.execute(Framework.scala:517)
[info]   at sbt.ForkMain$Run.lambda$runTest$1(ForkMain.java:414)
[info]   at java.base/java.util.concurrent.FutureTask.run(FutureTask.java:317)
[info]   at java.base/java.util.concurrent.ThreadPoolExecutor.runWorker(ThreadPoolExecutor.java:1144)
[info]   at java.base/java.util.concurrent.ThreadPoolExecutor$Worker.run(ThreadPoolExecutor.java:642)
[info]   at java.base/java.lang.Thread.run(Thread.java:1583)
[info]   Cause: java.lang.IllegalArgumentException: argument type mismatch
[info]   at java.base/jdk.internal.reflect.DirectConstructorHandleAccessor.newInstance(DirectConstructorHandleAccessor.java:65)
[info]   at java.base/java.lang.reflect.Constructor.newInstanceWithCaller(Constructor.java:502)
[info]   at java.base/java.lang.reflect.Constructor.newInstance(Constructor.java:486)
[info]   at frameless.TypedExpressionEncoder$.$anonfun$apply$3(TypedExpressionEncoder.scala:55)
[info]   at scala.Option.map(Option.scala:242)
[info]   at frameless.TypedExpressionEncoder$.apply(TypedExpressionEncoder.scala:54)
[info]   at frameless.TypedDataset$.create(TypedDataset.scala:1325)
[info]   at frameless.ops.RollupTests.prop$8(RollupTests.scala:257)
[info]   at frameless.ops.RollupTests.$anonfun$new$190(RollupTests.scala:273)
[info]   at scala.Function1.$anonfun$andThen$1(Function1.scala:87)
[info]   at org.scalacheck.Prop$.$anonfun$forAllShrink$2(Prop.scala:868)
[info]   at org.scalacheck.Prop$.secure(Prop.scala:484)
[info]   at org.scalacheck.Prop$.result$1(Prop.scala:868)
[info]   at org.scalacheck.Prop$.$anonfun$forAllShrink$1(Prop.scala:915)
[info]   at org.scalacheck.Prop$.$anonfun$apply$1(Prop.scala:305)
[info]   at org.scalacheck.PropFromFun.apply(Prop.scala:20)
[info]   at org.scalacheck.Test$.workerFun$1(Test.scala:486)
[info]   at org.scalacheck.Test$.$anonfun$check$4(Test.scala:518)
[info]   at org.scalacheck.Test$.$anonfun$check$4$adapted(Test.scala:518)
[info]   at org.scalacheck.Platform$.runWorkers(Platform.scala:42)
[info]   at org.scalacheck.Test$.check(Test.scala:518)
[info]   at org.scalatestplus.scalacheck.UnitCheckerAsserting$CheckerAssertingImpl.check(CheckerAsserting.scala:90)
[info]   at org.scalatestplus.scalacheck.Checkers.check(Checkers.scala:371)
[info]   at org.scalatestplus.scalacheck.Checkers.check$(Checkers.scala:369)
[info]   at frameless.TypedDatasetSuite.check(TypedDatasetSuite.scala:63)
[info]   at frameless.ops.RollupTests.$anonfun$new$167(RollupTests.scala:273)
[info]   at org.scalatest.OutcomeOf.outcomeOf(OutcomeOf.scala:85)
[info]   at org.scalatest.OutcomeOf.outcomeOf$(OutcomeOf.scala:83)
[info]   at org.scalatest.OutcomeOf$.outcomeOf(OutcomeOf.scala:104)
[info]   at org.scalatest.Transformer.apply(Transformer.scala:22)
[info]   at org.scalatest.Transformer.apply(Transformer.scala:20)
[info]   at org.scalatest.funsuite.AnyFunSuiteLike$$anon$1.apply(AnyFunSuiteLike.scala:226)
[info]   at org.scalatest.TestSuite.withFixture(TestSuite.scala:196)
[info]   at org.scalatest.TestSuite.withFixture$(TestSuite.scala:195)
[info]   at org.scalatest.funsuite.AnyFunSuite.withFixture(AnyFunSuite.scala:1564)
[info]   at org.scalatest.funsuite.AnyFunSuiteLike.invokeWithFixture$1(AnyFunSuiteLike.scala:224)
[info]   at org.scalatest.funsuite.AnyFunSuiteLike.$anonfun$runTest$1(AnyFunSuiteLike.scala:236)
[info]   at org.scalatest.SuperEngine.runTestImpl(Engine.scala:306)
[info]   at org.scalatest.funsuite.AnyFunSuiteLike.runTest(AnyFunSuiteLike.scala:236)
[info]   at org.scalatest.funsuite.AnyFunSuiteLike.runTest$(AnyFunSuiteLike.scala:218)
[info]   at org.scalatest.funsuite.AnyFunSuite.runTest(AnyFunSuite.scala:1564)
[info]   at org.scalatest.funsuite.AnyFunSuiteLike.$anonfun$runTests$1(AnyFunSuiteLike.scala:269)
[info]   at org.scalatest.SuperEngine.$anonfun$runTestsInBranch$1(Engine.scala:413)
[info]   at scala.collection.immutable.List.foreach(List.scala:334)
[info]   at org.scalatest.SuperEngine.traverseSubNodes$1(Engine.scala:401)
[info]   at org.scalatest.SuperEngine.runTestsInBranch(Engine.scala:396)
[info]   at org.scalatest.SuperEngine.runTestsImpl(Engine.scala:475)
[info]   at org.scalatest.funsuite.AnyFunSuiteLike.runTests(AnyFunSuiteLike.scala:269)
[info]   at org.scalatest.funsuite.AnyFunSuiteLike.runTests$(AnyFunSuiteLike.scala:268)
[info]   at org.scalatest.funsuite.AnyFunSuite.runTests(AnyFunSuite.scala:1564)
[info]   at org.scalatest.Suite.run(Suite.scala:1114)
[info]   at org.scalatest.Suite.run$(Suite.scala:1096)
[info]   at org.scalatest.funsuite.AnyFunSuite.org$scalatest$funsuite$AnyFunSuiteLike$$super$run(AnyFunSuite.scala:1564)
[info]   at org.scalatest.funsuite.AnyFunSuiteLike.$anonfun$run$1(AnyFunSuiteLike.scala:273)
[info]   at org.scalatest.SuperEngine.runImpl(Engine.scala:535)
[info]   at org.scalatest.funsuite.AnyFunSuiteLike.run(AnyFunSuiteLike.scala:273)
[info]   at org.scalatest.funsuite.AnyFunSuiteLike.run$(AnyFunSuiteLike.scala:272)
[info]   at frameless.TypedDatasetSuite.org$scalatest$BeforeAndAfterAll$$super$run(TypedDatasetSuite.scala:63)
[info]   at org.scalatest.BeforeAndAfterAll.liftedTree1$1(BeforeAndAfterAll.scala:213)
[info]   at org.scalatest.BeforeAndAfterAll.run(BeforeAndAfterAll.scala:210)
[info]   at org.scalatest.BeforeAndAfterAll.run$(BeforeAndAfterAll.scala:208)
[info]   at frameless.TypedDatasetSuite.run(TypedDatasetSuite.scala:63)
[info]   at org.scalatest.tools.Framework.org$scalatest$tools$Framework$$runSuite(Framework.scala:321)
[info]   at org.scalatest.tools.Framework$ScalaTestTask.execute(Framework.scala:517)
[info]   at sbt.ForkMain$Run.lambda$runTest$1(ForkMain.java:414)
[info]   at java.base/java.util.concurrent.FutureTask.run(FutureTask.java:317)
[info]   at java.base/java.util.concurrent.ThreadPoolExecutor.runWorker(ThreadPoolExecutor.java:1144)
[info]   at java.base/java.util.concurrent.ThreadPoolExecutor$Worker.run(ThreadPoolExecutor.java:642)
[info]   at java.base/java.lang.Thread.run(Thread.java:1583)
[info]   Cause: java.lang.ClassCastException: Cannot cast scala.reflect.ClassTag$GenericClassTag to org.apache.spark.sql.catalyst.expressions.Expression
[info]   at java.base/java.lang.Class.cast(Class.java:4067)
[info]   at java.base/jdk.internal.reflect.DirectConstructorHandleAccessor.newInstance(DirectConstructorHandleAccessor.java:62)
[info]   at java.base/java.lang.reflect.Constructor.newInstanceWithCaller(Constructor.java:502)
[info]   at java.base/java.lang.reflect.Constructor.newInstance(Constructor.java:486)
[info]   at frameless.TypedExpressionEncoder$.$anonfun$apply$3(TypedExpressionEncoder.scala:55)
[info]   at scala.Option.map(Option.scala:242)
[info]   at frameless.TypedExpressionEncoder$.apply(TypedExpressionEncoder.scala:54)
[info]   at frameless.TypedDataset$.create(TypedDataset.scala:1325)
[info]   at frameless.ops.RollupTests.prop$8(RollupTests.scala:257)
[info]   at frameless.ops.RollupTests.$anonfun$new$190(RollupTests.scala:273)
[info]   at scala.Function1.$anonfun$andThen$1(Function1.scala:87)
[info]   at org.scalacheck.Prop$.$anonfun$forAllShrink$2(Prop.scala:868)
[info]   at org.scalacheck.Prop$.secure(Prop.scala:484)
[info]   at org.scalacheck.Prop$.result$1(Prop.scala:868)
[info]   at org.scalacheck.Prop$.$anonfun$forAllShrink$1(Prop.scala:915)
[info]   at org.scalacheck.Prop$.$anonfun$apply$1(Prop.scala:305)
[info]   at org.scalacheck.PropFromFun.apply(Prop.scala:20)
[info]   at org.scalacheck.Test$.workerFun$1(Test.scala:486)
[info]   at org.scalacheck.Test$.$anonfun$check$4(Test.scala:518)
[info]   at org.scalacheck.Test$.$anonfun$check$4$adapted(Test.scala:518)
[info]   at org.scalacheck.Platform$.runWorkers(Platform.scala:42)
[info]   at org.scalacheck.Test$.check(Test.scala:518)
[info]   at org.scalatestplus.scalacheck.UnitCheckerAsserting$CheckerAssertingImpl.check(CheckerAsserting.scala:90)
[info]   at org.scalatestplus.scalacheck.Checkers.check(Checkers.scala:371)
[info]   at org.scalatestplus.scalacheck.Checkers.check$(Checkers.scala:369)
[info]   at frameless.TypedDatasetSuite.check(TypedDatasetSuite.scala:63)
[info]   at frameless.ops.RollupTests.$anonfun$new$167(RollupTests.scala:273)
[info]   at org.scalatest.OutcomeOf.outcomeOf(OutcomeOf.scala:85)
[info]   at org.scalatest.OutcomeOf.outcomeOf$(OutcomeOf.scala:83)
[info]   at org.scalatest.OutcomeOf$.outcomeOf(OutcomeOf.scala:104)
[info]   at org.scalatest.Transformer.apply(Transformer.scala:22)
[info]   at org.scalatest.Transformer.apply(Transformer.scala:20)
[info]   at org.scalatest.funsuite.AnyFunSuiteLike$$anon$1.apply(AnyFunSuiteLike.scala:226)
[info]   at org.scalatest.TestSuite.withFixture(TestSuite.scala:196)
[info]   at org.scalatest.TestSuite.withFixture$(TestSuite.scala:195)
[info]   at org.scalatest.funsuite.AnyFunSuite.withFixture(AnyFunSuite.scala:1564)
[info]   at org.scalatest.funsuite.AnyFunSuiteLike.invokeWithFixture$1(AnyFunSuiteLike.scala:224)
[info]   at org.scalatest.funsuite.AnyFunSuiteLike.$anonfun$runTest$1(AnyFunSuiteLike.scala:236)
[info]   at org.scalatest.SuperEngine.runTestImpl(Engine.scala:306)
[info]   at org.scalatest.funsuite.AnyFunSuiteLike.runTest(AnyFunSuiteLike.scala:236)
[info]   at org.scalatest.funsuite.AnyFunSuiteLike.runTest$(AnyFunSuiteLike.scala:218)
[info]   at org.scalatest.funsuite.AnyFunSuite.runTest(AnyFunSuite.scala:1564)
[info]   at org.scalatest.funsuite.AnyFunSuiteLike.$anonfun$runTests$1(AnyFunSuiteLike.scala:269)
[info]   at org.scalatest.SuperEngine.$anonfun$runTestsInBranch$1(Engine.scala:413)
[info]   at scala.collection.immutable.List.foreach(List.scala:334)
[info]   at org.scalatest.SuperEngine.traverseSubNodes$1(Engine.scala:401)
[info]   at org.scalatest.SuperEngine.runTestsInBranch(Engine.scala:396)
[info]   at org.scalatest.SuperEngine.runTestsImpl(Engine.scala:475)
[info]   at org.scalatest.funsuite.AnyFunSuiteLike.runTests(AnyFunSuiteLike.scala:269)
[info]   at org.scalatest.funsuite.AnyFunSuiteLike.runTests$(AnyFunSuiteLike.scala:268)
[info]   at org.scalatest.funsuite.AnyFunSuite.runTests(AnyFunSuite.scala:1564)
[info]   at org.scalatest.Suite.run(Suite.scala:1114)
[info]   at org.scalatest.Suite.run$(Suite.scala:1096)
[info]   at org.scalatest.funsuite.AnyFunSuite.org$scalatest$funsuite$AnyFunSuiteLike$$super$run(AnyFunSuite.scala:1564)
[info]   at org.scalatest.funsuite.AnyFunSuiteLike.$anonfun$run$1(AnyFunSuiteLike.scala:273)
[info]   at org.scalatest.SuperEngine.runImpl(Engine.scala:535)
[info]   at org.scalatest.funsuite.AnyFunSuiteLike.run(AnyFunSuiteLike.scala:273)
[info]   at org.scalatest.funsuite.AnyFunSuiteLike.run$(AnyFunSuiteLike.scala:272)
[info]   at frameless.TypedDatasetSuite.org$scalatest$BeforeAndAfterAll$$super$run(TypedDatasetSuite.scala:63)
[info]   at org.scalatest.BeforeAndAfterAll.liftedTree1$1(BeforeAndAfterAll.scala:213)
[info]   at org.scalatest.BeforeAndAfterAll.run(BeforeAndAfterAll.scala:210)
[info]   at org.scalatest.BeforeAndAfterAll.run$(BeforeAndAfterAll.scala:208)
[info]   at frameless.TypedDatasetSuite.run(TypedDatasetSuite.scala:63)
[info]   at org.scalatest.tools.Framework.org$scalatest$tools$Framework$$runSuite(Framework.scala:321)
[info]   at org.scalatest.tools.Framework$ScalaTestTask.execute(Framework.scala:517)
[info]   at sbt.ForkMain$Run.lambda$runTest$1(ForkMain.java:414)
[info]   at java.base/java.util.concurrent.FutureTask.run(FutureTask.java:317)
[info]   at java.base/java.util.concurrent.ThreadPoolExecutor.runWorker(ThreadPoolExecutor.java:1144)
[info]   at java.base/java.util.concurrent.ThreadPoolExecutor$Worker.run(ThreadPoolExecutor.java:642)
[info]   at java.base/java.lang.Thread.run(Thread.java:1583)
[info] - rollup('a).mapGroups(('a, toVector(('a, 'b)) *** FAILED *** (2 milliseconds)
[info]   IllegalArgumentException was thrown during property evaluation.
[info]     Message: argument type mismatch
[info]     Occurred when passed generated values (
[info]       arg0 = Vector()
[info]     )
[info]   org.scalatest.exceptions.GeneratorDrivenPropertyCheckFailedException:
[info]   at org.scalatestplus.scalacheck.CheckerAsserting$$anon$2.indicateFailure(CheckerAsserting.scala:251)
[info]   at org.scalatestplus.scalacheck.CheckerAsserting$$anon$2.indicateFailure(CheckerAsserting.scala:238)
[info]   at org.scalatestplus.scalacheck.UnitCheckerAsserting$CheckerAssertingImpl.check(CheckerAsserting.scala:160)
[info]   at org.scalatestplus.scalacheck.Checkers.check(Checkers.scala:371)
[info]   at org.scalatestplus.scalacheck.Checkers.check$(Checkers.scala:369)
[info]   at frameless.TypedDatasetSuite.check(TypedDatasetSuite.scala:63)
[info]   at frameless.ops.RollupTests.$anonfun$new$192(RollupTests.scala:294)
[info]   at org.scalatest.OutcomeOf.outcomeOf(OutcomeOf.scala:85)
[info]   at org.scalatest.OutcomeOf.outcomeOf$(OutcomeOf.scala:83)
[info]   at org.scalatest.OutcomeOf$.outcomeOf(OutcomeOf.scala:104)
[info]   at org.scalatest.Transformer.apply(Transformer.scala:22)
[info]   at org.scalatest.Transformer.apply(Transformer.scala:20)
[info]   at org.scalatest.funsuite.AnyFunSuiteLike$$anon$1.apply(AnyFunSuiteLike.scala:226)
[info]   at org.scalatest.TestSuite.withFixture(TestSuite.scala:196)
[info]   at org.scalatest.TestSuite.withFixture$(TestSuite.scala:195)
[info]   at org.scalatest.funsuite.AnyFunSuite.withFixture(AnyFunSuite.scala:1564)
[info]   at org.scalatest.funsuite.AnyFunSuiteLike.invokeWithFixture$1(AnyFunSuiteLike.scala:224)
[info]   at org.scalatest.funsuite.AnyFunSuiteLike.$anonfun$runTest$1(AnyFunSuiteLike.scala:236)
[info]   at org.scalatest.SuperEngine.runTestImpl(Engine.scala:306)
[info]   at org.scalatest.funsuite.AnyFunSuiteLike.runTest(AnyFunSuiteLike.scala:236)
[info]   at org.scalatest.funsuite.AnyFunSuiteLike.runTest$(AnyFunSuiteLike.scala:218)
[info]   at org.scalatest.funsuite.AnyFunSuite.runTest(AnyFunSuite.scala:1564)
[info]   at org.scalatest.funsuite.AnyFunSuiteLike.$anonfun$runTests$1(AnyFunSuiteLike.scala:269)
[info]   at org.scalatest.SuperEngine.$anonfun$runTestsInBranch$1(Engine.scala:413)
[info]   at scala.collection.immutable.List.foreach(List.scala:334)
[info]   at org.scalatest.SuperEngine.traverseSubNodes$1(Engine.scala:401)
[info]   at org.scalatest.SuperEngine.runTestsInBranch(Engine.scala:396)
[info]   at org.scalatest.SuperEngine.runTestsImpl(Engine.scala:475)
[info]   at org.scalatest.funsuite.AnyFunSuiteLike.runTests(AnyFunSuiteLike.scala:269)
[info]   at org.scalatest.funsuite.AnyFunSuiteLike.runTests$(AnyFunSuiteLike.scala:268)
[info]   at org.scalatest.funsuite.AnyFunSuite.runTests(AnyFunSuite.scala:1564)
[info]   at org.scalatest.Suite.run(Suite.scala:1114)
[info]   at org.scalatest.Suite.run$(Suite.scala:1096)
[info]   at org.scalatest.funsuite.AnyFunSuite.org$scalatest$funsuite$AnyFunSuiteLike$$super$run(AnyFunSuite.scala:1564)
[info]   at org.scalatest.funsuite.AnyFunSuiteLike.$anonfun$run$1(AnyFunSuiteLike.scala:273)
[info]   at org.scalatest.SuperEngine.runImpl(Engine.scala:535)
[info]   at org.scalatest.funsuite.AnyFunSuiteLike.run(AnyFunSuiteLike.scala:273)
[info]   at org.scalatest.funsuite.AnyFunSuiteLike.run$(AnyFunSuiteLike.scala:272)
[info]   at frameless.TypedDatasetSuite.org$scalatest$BeforeAndAfterAll$$super$run(TypedDatasetSuite.scala:63)
[info]   at org.scalatest.BeforeAndAfterAll.liftedTree1$1(BeforeAndAfterAll.scala:213)
[info]   at org.scalatest.BeforeAndAfterAll.run(BeforeAndAfterAll.scala:210)
[info]   at org.scalatest.BeforeAndAfterAll.run$(BeforeAndAfterAll.scala:208)
[info]   at frameless.TypedDatasetSuite.run(TypedDatasetSuite.scala:63)
[info]   at org.scalatest.tools.Framework.org$scalatest$tools$Framework$$runSuite(Framework.scala:321)
[info]   at org.scalatest.tools.Framework$ScalaTestTask.execute(Framework.scala:517)
[info]   at sbt.ForkMain$Run.lambda$runTest$1(ForkMain.java:414)
[info]   at java.base/java.util.concurrent.FutureTask.run(FutureTask.java:317)
[info]   at java.base/java.util.concurrent.ThreadPoolExecutor.runWorker(ThreadPoolExecutor.java:1144)
[info]   at java.base/java.util.concurrent.ThreadPoolExecutor$Worker.run(ThreadPoolExecutor.java:642)
[info]   at java.base/java.lang.Thread.run(Thread.java:1583)
[info]   Cause: java.lang.IllegalArgumentException: argument type mismatch
[info]   at java.base/jdk.internal.reflect.DirectConstructorHandleAccessor.newInstance(DirectConstructorHandleAccessor.java:65)
[info]   at java.base/java.lang.reflect.Constructor.newInstanceWithCaller(Constructor.java:502)
[info]   at java.base/java.lang.reflect.Constructor.newInstance(Constructor.java:486)
[info]   at frameless.TypedExpressionEncoder$.$anonfun$apply$3(TypedExpressionEncoder.scala:55)
[info]   at scala.Option.map(Option.scala:242)
[info]   at frameless.TypedExpressionEncoder$.apply(TypedExpressionEncoder.scala:54)
[info]   at frameless.TypedDataset$.create(TypedDataset.scala:1325)
[info]   at frameless.ops.RollupTests.prop$9(RollupTests.scala:281)
[info]   at frameless.ops.RollupTests.$anonfun$new$208(RollupTests.scala:294)
[info]   at scala.Function1.$anonfun$andThen$1(Function1.scala:87)
[info]   at org.scalacheck.Prop$.$anonfun$forAllShrink$2(Prop.scala:868)
[info]   at org.scalacheck.Prop$.secure(Prop.scala:484)
[info]   at org.scalacheck.Prop$.result$1(Prop.scala:868)
[info]   at org.scalacheck.Prop$.$anonfun$forAllShrink$1(Prop.scala:915)
[info]   at org.scalacheck.Prop$.$anonfun$apply$1(Prop.scala:305)
[info]   at org.scalacheck.PropFromFun.apply(Prop.scala:20)
[info]   at org.scalacheck.Test$.workerFun$1(Test.scala:486)
[info]   at org.scalacheck.Test$.$anonfun$check$4(Test.scala:518)
[info]   at org.scalacheck.Test$.$anonfun$check$4$adapted(Test.scala:518)
[info]   at org.scalacheck.Platform$.runWorkers(Platform.scala:42)
[info]   at org.scalacheck.Test$.check(Test.scala:518)
[info]   at org.scalatestplus.scalacheck.UnitCheckerAsserting$CheckerAssertingImpl.check(CheckerAsserting.scala:90)
[info]   at org.scalatestplus.scalacheck.Checkers.check(Checkers.scala:371)
[info]   at org.scalatestplus.scalacheck.Checkers.check$(Checkers.scala:369)
[info]   at frameless.TypedDatasetSuite.check(TypedDatasetSuite.scala:63)
[info]   at frameless.ops.RollupTests.$anonfun$new$192(RollupTests.scala:294)
[info]   at org.scalatest.OutcomeOf.outcomeOf(OutcomeOf.scala:85)
[info]   at org.scalatest.OutcomeOf.outcomeOf$(OutcomeOf.scala:83)
[info]   at org.scalatest.OutcomeOf$.outcomeOf(OutcomeOf.scala:104)
[info]   at org.scalatest.Transformer.apply(Transformer.scala:22)
[info]   at org.scalatest.Transformer.apply(Transformer.scala:20)
[info]   at org.scalatest.funsuite.AnyFunSuiteLike$$anon$1.apply(AnyFunSuiteLike.scala:226)
[info]   at org.scalatest.TestSuite.withFixture(TestSuite.scala:196)
[info]   at org.scalatest.TestSuite.withFixture$(TestSuite.scala:195)
[info]   at org.scalatest.funsuite.AnyFunSuite.withFixture(AnyFunSuite.scala:1564)
[info]   at org.scalatest.funsuite.AnyFunSuiteLike.invokeWithFixture$1(AnyFunSuiteLike.scala:224)
[info]   at org.scalatest.funsuite.AnyFunSuiteLike.$anonfun$runTest$1(AnyFunSuiteLike.scala:236)
[info]   at org.scalatest.SuperEngine.runTestImpl(Engine.scala:306)
[info]   at org.scalatest.funsuite.AnyFunSuiteLike.runTest(AnyFunSuiteLike.scala:236)
[info]   at org.scalatest.funsuite.AnyFunSuiteLike.runTest$(AnyFunSuiteLike.scala:218)
[info]   at org.scalatest.funsuite.AnyFunSuite.runTest(AnyFunSuite.scala:1564)
[info]   at org.scalatest.funsuite.AnyFunSuiteLike.$anonfun$runTests$1(AnyFunSuiteLike.scala:269)
[info]   at org.scalatest.SuperEngine.$anonfun$runTestsInBranch$1(Engine.scala:413)
[info]   at scala.collection.immutable.List.foreach(List.scala:334)
[info]   at org.scalatest.SuperEngine.traverseSubNodes$1(Engine.scala:401)
[info]   at org.scalatest.SuperEngine.runTestsInBranch(Engine.scala:396)
[info]   at org.scalatest.SuperEngine.runTestsImpl(Engine.scala:475)
[info]   at org.scalatest.funsuite.AnyFunSuiteLike.runTests(AnyFunSuiteLike.scala:269)
[info]   at org.scalatest.funsuite.AnyFunSuiteLike.runTests$(AnyFunSuiteLike.scala:268)
[info]   at org.scalatest.funsuite.AnyFunSuite.runTests(AnyFunSuite.scala:1564)
[info]   at org.scalatest.Suite.run(Suite.scala:1114)
[info]   at org.scalatest.Suite.run$(Suite.scala:1096)
[info]   at org.scalatest.funsuite.AnyFunSuite.org$scalatest$funsuite$AnyFunSuiteLike$$super$run(AnyFunSuite.scala:1564)
[info]   at org.scalatest.funsuite.AnyFunSuiteLike.$anonfun$run$1(AnyFunSuiteLike.scala:273)
[info]   at org.scalatest.SuperEngine.runImpl(Engine.scala:535)
[info]   at org.scalatest.funsuite.AnyFunSuiteLike.run(AnyFunSuiteLike.scala:273)
[info]   at org.scalatest.funsuite.AnyFunSuiteLike.run$(AnyFunSuiteLike.scala:272)
[info]   at frameless.TypedDatasetSuite.org$scalatest$BeforeAndAfterAll$$super$run(TypedDatasetSuite.scala:63)
[info]   at org.scalatest.BeforeAndAfterAll.liftedTree1$1(BeforeAndAfterAll.scala:213)
[info]   at org.scalatest.BeforeAndAfterAll.run(BeforeAndAfterAll.scala:210)
[info]   at org.scalatest.BeforeAndAfterAll.run$(BeforeAndAfterAll.scala:208)
[info]   at frameless.TypedDatasetSuite.run(TypedDatasetSuite.scala:63)
[info]   at org.scalatest.tools.Framework.org$scalatest$tools$Framework$$runSuite(Framework.scala:321)
[info]   at org.scalatest.tools.Framework$ScalaTestTask.execute(Framework.scala:517)
[info]   at sbt.ForkMain$Run.lambda$runTest$1(ForkMain.java:414)
[info]   at java.base/java.util.concurrent.FutureTask.run(FutureTask.java:317)
[info]   at java.base/java.util.concurrent.ThreadPoolExecutor.runWorker(ThreadPoolExecutor.java:1144)
[info]   at java.base/java.util.concurrent.ThreadPoolExecutor$Worker.run(ThreadPoolExecutor.java:642)
[info]   at java.base/java.lang.Thread.run(Thread.java:1583)
[info]   Cause: java.lang.ClassCastException: Cannot cast scala.reflect.ClassTag$GenericClassTag to org.apache.spark.sql.catalyst.expressions.Expression
[info]   at java.base/java.lang.Class.cast(Class.java:4067)
[info]   at java.base/jdk.internal.reflect.DirectConstructorHandleAccessor.newInstance(DirectConstructorHandleAccessor.java:62)
[info]   at java.base/java.lang.reflect.Constructor.newInstanceWithCaller(Constructor.java:502)
[info]   at java.base/java.lang.reflect.Constructor.newInstance(Constructor.java:486)
[info]   at frameless.TypedExpressionEncoder$.$anonfun$apply$3(TypedExpressionEncoder.scala:55)
[info]   at scala.Option.map(Option.scala:242)
[info]   at frameless.TypedExpressionEncoder$.apply(TypedExpressionEncoder.scala:54)
[info]   at frameless.TypedDataset$.create(TypedDataset.scala:1325)
[info]   at frameless.ops.RollupTests.prop$9(RollupTests.scala:281)
[info]   at frameless.ops.RollupTests.$anonfun$new$208(RollupTests.scala:294)
[info]   at scala.Function1.$anonfun$andThen$1(Function1.scala:87)
[info]   at org.scalacheck.Prop$.$anonfun$forAllShrink$2(Prop.scala:868)
[info]   at org.scalacheck.Prop$.secure(Prop.scala:484)
[info]   at org.scalacheck.Prop$.result$1(Prop.scala:868)
[info]   at org.scalacheck.Prop$.$anonfun$forAllShrink$1(Prop.scala:915)
[info]   at org.scalacheck.Prop$.$anonfun$apply$1(Prop.scala:305)
[info]   at org.scalacheck.PropFromFun.apply(Prop.scala:20)
[info]   at org.scalacheck.Test$.workerFun$1(Test.scala:486)
[info]   at org.scalacheck.Test$.$anonfun$check$4(Test.scala:518)
[info]   at org.scalacheck.Test$.$anonfun$check$4$adapted(Test.scala:518)
[info]   at org.scalacheck.Platform$.runWorkers(Platform.scala:42)
[info]   at org.scalacheck.Test$.check(Test.scala:518)
[info]   at org.scalatestplus.scalacheck.UnitCheckerAsserting$CheckerAssertingImpl.check(CheckerAsserting.scala:90)
[info]   at org.scalatestplus.scalacheck.Checkers.check(Checkers.scala:371)
[info]   at org.scalatestplus.scalacheck.Checkers.check$(Checkers.scala:369)
[info]   at frameless.TypedDatasetSuite.check(TypedDatasetSuite.scala:63)
[info]   at frameless.ops.RollupTests.$anonfun$new$192(RollupTests.scala:294)
[info]   at org.scalatest.OutcomeOf.outcomeOf(OutcomeOf.scala:85)
[info]   at org.scalatest.OutcomeOf.outcomeOf$(OutcomeOf.scala:83)
[info]   at org.scalatest.OutcomeOf$.outcomeOf(OutcomeOf.scala:104)
[info]   at org.scalatest.Transformer.apply(Transformer.scala:22)
[info]   at org.scalatest.Transformer.apply(Transformer.scala:20)
[info]   at org.scalatest.funsuite.AnyFunSuiteLike$$anon$1.apply(AnyFunSuiteLike.scala:226)
[info]   at org.scalatest.TestSuite.withFixture(TestSuite.scala:196)
[info]   at org.scalatest.TestSuite.withFixture$(TestSuite.scala:195)
[info]   at org.scalatest.funsuite.AnyFunSuite.withFixture(AnyFunSuite.scala:1564)
[info]   at org.scalatest.funsuite.AnyFunSuiteLike.invokeWithFixture$1(AnyFunSuiteLike.scala:224)
[info]   at org.scalatest.funsuite.AnyFunSuiteLike.$anonfun$runTest$1(AnyFunSuiteLike.scala:236)
[info]   at org.scalatest.SuperEngine.runTestImpl(Engine.scala:306)
[info]   at org.scalatest.funsuite.AnyFunSuiteLike.runTest(AnyFunSuiteLike.scala:236)
[info]   at org.scalatest.funsuite.AnyFunSuiteLike.runTest$(AnyFunSuiteLike.scala:218)
[info]   at org.scalatest.funsuite.AnyFunSuite.runTest(AnyFunSuite.scala:1564)
[info]   at org.scalatest.funsuite.AnyFunSuiteLike.$anonfun$runTests$1(AnyFunSuiteLike.scala:269)
[info]   at org.scalatest.SuperEngine.$anonfun$runTestsInBranch$1(Engine.scala:413)
[info]   at scala.collection.immutable.List.foreach(List.scala:334)
[info]   at org.scalatest.SuperEngine.traverseSubNodes$1(Engine.scala:401)
[info]   at org.scalatest.SuperEngine.runTestsInBranch(Engine.scala:396)
[info]   at org.scalatest.SuperEngine.runTestsImpl(Engine.scala:475)
[info]   at org.scalatest.funsuite.AnyFunSuiteLike.runTests(AnyFunSuiteLike.scala:269)
[info]   at org.scalatest.funsuite.AnyFunSuiteLike.runTests$(AnyFunSuiteLike.scala:268)
[info]   at org.scalatest.funsuite.AnyFunSuite.runTests(AnyFunSuite.scala:1564)
[info]   at org.scalatest.Suite.run(Suite.scala:1114)
[info]   at org.scalatest.Suite.run$(Suite.scala:1096)
[info]   at org.scalatest.funsuite.AnyFunSuite.org$scalatest$funsuite$AnyFunSuiteLike$$super$run(AnyFunSuite.scala:1564)
[info]   at org.scalatest.funsuite.AnyFunSuiteLike.$anonfun$run$1(AnyFunSuiteLike.scala:273)
[info]   at org.scalatest.SuperEngine.runImpl(Engine.scala:535)
[info]   at org.scalatest.funsuite.AnyFunSuiteLike.run(AnyFunSuiteLike.scala:273)
[info]   at org.scalatest.funsuite.AnyFunSuiteLike.run$(AnyFunSuiteLike.scala:272)
[info]   at frameless.TypedDatasetSuite.org$scalatest$BeforeAndAfterAll$$super$run(TypedDatasetSuite.scala:63)
[info]   at org.scalatest.BeforeAndAfterAll.liftedTree1$1(BeforeAndAfterAll.scala:213)
[info]   at org.scalatest.BeforeAndAfterAll.run(BeforeAndAfterAll.scala:210)
[info]   at org.scalatest.BeforeAndAfterAll.run$(BeforeAndAfterAll.scala:208)
[info]   at frameless.TypedDatasetSuite.run(TypedDatasetSuite.scala:63)
[info]   at org.scalatest.tools.Framework.org$scalatest$tools$Framework$$runSuite(Framework.scala:321)
[info]   at org.scalatest.tools.Framework$ScalaTestTask.execute(Framework.scala:517)
[info]   at sbt.ForkMain$Run.lambda$runTest$1(ForkMain.java:414)
[info]   at java.base/java.util.concurrent.FutureTask.run(FutureTask.java:317)
[info]   at java.base/java.util.concurrent.ThreadPoolExecutor.runWorker(ThreadPoolExecutor.java:1144)
[info]   at java.base/java.util.concurrent.ThreadPoolExecutor$Worker.run(ThreadPoolExecutor.java:642)
[info]   at java.base/java.lang.Thread.run(Thread.java:1583)
[info] - rollup('a).flatMapGroups(('a, toVector(('a, 'b)) *** FAILED *** (3 milliseconds)
[info]   IllegalArgumentException was thrown during property evaluation.
[info]     Message: argument type mismatch
[info]     Occurred when passed generated values (
[info]       arg0 = Vector()
[info]     )
[info]   org.scalatest.exceptions.GeneratorDrivenPropertyCheckFailedException:
[info]   at org.scalatestplus.scalacheck.CheckerAsserting$$anon$2.indicateFailure(CheckerAsserting.scala:251)
[info]   at org.scalatestplus.scalacheck.CheckerAsserting$$anon$2.indicateFailure(CheckerAsserting.scala:238)
[info]   at org.scalatestplus.scalacheck.UnitCheckerAsserting$CheckerAssertingImpl.check(CheckerAsserting.scala:160)
[info]   at org.scalatestplus.scalacheck.Checkers.check(Checkers.scala:371)
[info]   at org.scalatestplus.scalacheck.Checkers.check$(Checkers.scala:369)
[info]   at frameless.TypedDatasetSuite.check(TypedDatasetSuite.scala:63)
[info]   at frameless.ops.RollupTests.$anonfun$new$218(RollupTests.scala:321)
[info]   at org.scalatest.OutcomeOf.outcomeOf(OutcomeOf.scala:85)
[info]   at org.scalatest.OutcomeOf.outcomeOf$(OutcomeOf.scala:83)
[info]   at org.scalatest.OutcomeOf$.outcomeOf(OutcomeOf.scala:104)
[info]   at org.scalatest.Transformer.apply(Transformer.scala:22)
[info]   at org.scalatest.Transformer.apply(Transformer.scala:20)
[info]   at org.scalatest.funsuite.AnyFunSuiteLike$$anon$1.apply(AnyFunSuiteLike.scala:226)
[info]   at org.scalatest.TestSuite.withFixture(TestSuite.scala:196)
[info]   at org.scalatest.TestSuite.withFixture$(TestSuite.scala:195)
[info]   at org.scalatest.funsuite.AnyFunSuite.withFixture(AnyFunSuite.scala:1564)
[info]   at org.scalatest.funsuite.AnyFunSuiteLike.invokeWithFixture$1(AnyFunSuiteLike.scala:224)
[info]   at org.scalatest.funsuite.AnyFunSuiteLike.$anonfun$runTest$1(AnyFunSuiteLike.scala:236)
[info]   at org.scalatest.SuperEngine.runTestImpl(Engine.scala:306)
[info]   at org.scalatest.funsuite.AnyFunSuiteLike.runTest(AnyFunSuiteLike.scala:236)
[info]   at org.scalatest.funsuite.AnyFunSuiteLike.runTest$(AnyFunSuiteLike.scala:218)
[info]   at org.scalatest.funsuite.AnyFunSuite.runTest(AnyFunSuite.scala:1564)
[info]   at org.scalatest.funsuite.AnyFunSuiteLike.$anonfun$runTests$1(AnyFunSuiteLike.scala:269)
[info]   at org.scalatest.SuperEngine.$anonfun$runTestsInBranch$1(Engine.scala:413)
[info]   at scala.collection.immutable.List.foreach(List.scala:334)
[info]   at org.scalatest.SuperEngine.traverseSubNodes$1(Engine.scala:401)
[info]   at org.scalatest.SuperEngine.runTestsInBranch(Engine.scala:396)
[info]   at org.scalatest.SuperEngine.runTestsImpl(Engine.scala:475)
[info]   at org.scalatest.funsuite.AnyFunSuiteLike.runTests(AnyFunSuiteLike.scala:269)
[info]   at org.scalatest.funsuite.AnyFunSuiteLike.runTests$(AnyFunSuiteLike.scala:268)
[info]   at org.scalatest.funsuite.AnyFunSuite.runTests(AnyFunSuite.scala:1564)
[info]   at org.scalatest.Suite.run(Suite.scala:1114)
[info]   at org.scalatest.Suite.run$(Suite.scala:1096)
[info]   at org.scalatest.funsuite.AnyFunSuite.org$scalatest$funsuite$AnyFunSuiteLike$$super$run(AnyFunSuite.scala:1564)
[info]   at org.scalatest.funsuite.AnyFunSuiteLike.$anonfun$run$1(AnyFunSuiteLike.scala:273)
[info]   at org.scalatest.SuperEngine.runImpl(Engine.scala:535)
[info]   at org.scalatest.funsuite.AnyFunSuiteLike.run(AnyFunSuiteLike.scala:273)
[info]   at org.scalatest.funsuite.AnyFunSuiteLike.run$(AnyFunSuiteLike.scala:272)
[info]   at frameless.TypedDatasetSuite.org$scalatest$BeforeAndAfterAll$$super$run(TypedDatasetSuite.scala:63)
[info]   at org.scalatest.BeforeAndAfterAll.liftedTree1$1(BeforeAndAfterAll.scala:213)
[info]   at org.scalatest.BeforeAndAfterAll.run(BeforeAndAfterAll.scala:210)
[info]   at org.scalatest.BeforeAndAfterAll.run$(BeforeAndAfterAll.scala:208)
[info]   at frameless.TypedDatasetSuite.run(TypedDatasetSuite.scala:63)
[info]   at org.scalatest.tools.Framework.org$scalatest$tools$Framework$$runSuite(Framework.scala:321)
[info]   at org.scalatest.tools.Framework$ScalaTestTask.execute(Framework.scala:517)
[info]   at sbt.ForkMain$Run.lambda$runTest$1(ForkMain.java:414)
[info]   at java.base/java.util.concurrent.FutureTask.run(FutureTask.java:317)
[info]   at java.base/java.util.concurrent.ThreadPoolExecutor.runWorker(ThreadPoolExecutor.java:1144)
[info]   at java.base/java.util.concurrent.ThreadPoolExecutor$Worker.run(ThreadPoolExecutor.java:642)
[info]   at java.base/java.lang.Thread.run(Thread.java:1583)
[info]   Cause: java.lang.IllegalArgumentException: argument type mismatch
[info]   at java.base/jdk.internal.reflect.DirectConstructorHandleAccessor.newInstance(DirectConstructorHandleAccessor.java:65)
[info]   at java.base/java.lang.reflect.Constructor.newInstanceWithCaller(Constructor.java:502)
[info]   at java.base/java.lang.reflect.Constructor.newInstance(Constructor.java:486)
[info]   at frameless.TypedExpressionEncoder$.$anonfun$apply$3(TypedExpressionEncoder.scala:55)
[info]   at scala.Option.map(Option.scala:242)
[info]   at frameless.TypedExpressionEncoder$.apply(TypedExpressionEncoder.scala:54)
[info]   at frameless.TypedDataset$.create(TypedDataset.scala:1325)
[info]   at frameless.ops.RollupTests.prop$10(RollupTests.scala:304)
[info]   at frameless.ops.RollupTests.$anonfun$new$236(RollupTests.scala:321)
[info]   at scala.Function1.$anonfun$andThen$1(Function1.scala:87)
[info]   at org.scalacheck.Prop$.$anonfun$forAllShrink$2(Prop.scala:868)
[info]   at org.scalacheck.Prop$.secure(Prop.scala:484)
[info]   at org.scalacheck.Prop$.result$1(Prop.scala:868)
[info]   at org.scalacheck.Prop$.$anonfun$forAllShrink$1(Prop.scala:915)
[info]   at org.scalacheck.Prop$.$anonfun$apply$1(Prop.scala:305)
[info]   at org.scalacheck.PropFromFun.apply(Prop.scala:20)
[info]   at org.scalacheck.Test$.workerFun$1(Test.scala:486)
[info]   at org.scalacheck.Test$.$anonfun$check$4(Test.scala:518)
[info]   at org.scalacheck.Test$.$anonfun$check$4$adapted(Test.scala:518)
[info]   at org.scalacheck.Platform$.runWorkers(Platform.scala:42)
[info]   at org.scalacheck.Test$.check(Test.scala:518)
[info]   at org.scalatestplus.scalacheck.UnitCheckerAsserting$CheckerAssertingImpl.check(CheckerAsserting.scala:90)
[info]   at org.scalatestplus.scalacheck.Checkers.check(Checkers.scala:371)
[info]   at org.scalatestplus.scalacheck.Checkers.check$(Checkers.scala:369)
[info]   at frameless.TypedDatasetSuite.check(TypedDatasetSuite.scala:63)
[info]   at frameless.ops.RollupTests.$anonfun$new$218(RollupTests.scala:321)
[info]   at org.scalatest.OutcomeOf.outcomeOf(OutcomeOf.scala:85)
[info]   at org.scalatest.OutcomeOf.outcomeOf$(OutcomeOf.scala:83)
[info]   at org.scalatest.OutcomeOf$.outcomeOf(OutcomeOf.scala:104)
[info]   at org.scalatest.Transformer.apply(Transformer.scala:22)
[info]   at org.scalatest.Transformer.apply(Transformer.scala:20)
[info]   at org.scalatest.funsuite.AnyFunSuiteLike$$anon$1.apply(AnyFunSuiteLike.scala:226)
[info]   at org.scalatest.TestSuite.withFixture(TestSuite.scala:196)
[info]   at org.scalatest.TestSuite.withFixture$(TestSuite.scala:195)
[info]   at org.scalatest.funsuite.AnyFunSuite.withFixture(AnyFunSuite.scala:1564)
[info]   at org.scalatest.funsuite.AnyFunSuiteLike.invokeWithFixture$1(AnyFunSuiteLike.scala:224)
[info]   at org.scalatest.funsuite.AnyFunSuiteLike.$anonfun$runTest$1(AnyFunSuiteLike.scala:236)
[info]   at org.scalatest.SuperEngine.runTestImpl(Engine.scala:306)
[info]   at org.scalatest.funsuite.AnyFunSuiteLike.runTest(AnyFunSuiteLike.scala:236)
[info]   at org.scalatest.funsuite.AnyFunSuiteLike.runTest$(AnyFunSuiteLike.scala:218)
[info]   at org.scalatest.funsuite.AnyFunSuite.runTest(AnyFunSuite.scala:1564)
[info]   at org.scalatest.funsuite.AnyFunSuiteLike.$anonfun$runTests$1(AnyFunSuiteLike.scala:269)
[info]   at org.scalatest.SuperEngine.$anonfun$runTestsInBranch$1(Engine.scala:413)
[info]   at scala.collection.immutable.List.foreach(List.scala:334)
[info]   at org.scalatest.SuperEngine.traverseSubNodes$1(Engine.scala:401)
[info]   at org.scalatest.SuperEngine.runTestsInBranch(Engine.scala:396)
[info]   at org.scalatest.SuperEngine.runTestsImpl(Engine.scala:475)
[info]   at org.scalatest.funsuite.AnyFunSuiteLike.runTests(AnyFunSuiteLike.scala:269)
[info]   at org.scalatest.funsuite.AnyFunSuiteLike.runTests$(AnyFunSuiteLike.scala:268)
[info]   at org.scalatest.funsuite.AnyFunSuite.runTests(AnyFunSuite.scala:1564)
[info]   at org.scalatest.Suite.run(Suite.scala:1114)
[info]   at org.scalatest.Suite.run$(Suite.scala:1096)
[info]   at org.scalatest.funsuite.AnyFunSuite.org$scalatest$funsuite$AnyFunSuiteLike$$super$run(AnyFunSuite.scala:1564)
[info]   at org.scalatest.funsuite.AnyFunSuiteLike.$anonfun$run$1(AnyFunSuiteLike.scala:273)
[info]   at org.scalatest.SuperEngine.runImpl(Engine.scala:535)
[info]   at org.scalatest.funsuite.AnyFunSuiteLike.run(AnyFunSuiteLike.scala:273)
[info]   at org.scalatest.funsuite.AnyFunSuiteLike.run$(AnyFunSuiteLike.scala:272)
[info]   at frameless.TypedDatasetSuite.org$scalatest$BeforeAndAfterAll$$super$run(TypedDatasetSuite.scala:63)
[info]   at org.scalatest.BeforeAndAfterAll.liftedTree1$1(BeforeAndAfterAll.scala:213)
[info]   at org.scalatest.BeforeAndAfterAll.run(BeforeAndAfterAll.scala:210)
[info]   at org.scalatest.BeforeAndAfterAll.run$(BeforeAndAfterAll.scala:208)
[info]   at frameless.TypedDatasetSuite.run(TypedDatasetSuite.scala:63)
[info]   at org.scalatest.tools.Framework.org$scalatest$tools$Framework$$runSuite(Framework.scala:321)
[info]   at org.scalatest.tools.Framework$ScalaTestTask.execute(Framework.scala:517)
[info]   at sbt.ForkMain$Run.lambda$runTest$1(ForkMain.java:414)
[info]   at java.base/java.util.concurrent.FutureTask.run(FutureTask.java:317)
[info]   at java.base/java.util.concurrent.ThreadPoolExecutor.runWorker(ThreadPoolExecutor.java:1144)
[info]   at java.base/java.util.concurrent.ThreadPoolExecutor$Worker.run(ThreadPoolExecutor.java:642)
[info]   at java.base/java.lang.Thread.run(Thread.java:1583)
[info]   Cause: java.lang.ClassCastException: Cannot cast scala.reflect.ClassTag$GenericClassTag to org.apache.spark.sql.catalyst.expressions.Expression
[info]   at java.base/java.lang.Class.cast(Class.java:4067)
[info]   at java.base/jdk.internal.reflect.DirectConstructorHandleAccessor.newInstance(DirectConstructorHandleAccessor.java:62)
[info]   at java.base/java.lang.reflect.Constructor.newInstanceWithCaller(Constructor.java:502)
[info]   at java.base/java.lang.reflect.Constructor.newInstance(Constructor.java:486)
[info]   at frameless.TypedExpressionEncoder$.$anonfun$apply$3(TypedExpressionEncoder.scala:55)
[info]   at scala.Option.map(Option.scala:242)
[info]   at frameless.TypedExpressionEncoder$.apply(TypedExpressionEncoder.scala:54)
[info]   at frameless.TypedDataset$.create(TypedDataset.scala:1325)
[info]   at frameless.ops.RollupTests.prop$10(RollupTests.scala:304)
[info]   at frameless.ops.RollupTests.$anonfun$new$236(RollupTests.scala:321)
[info]   at scala.Function1.$anonfun$andThen$1(Function1.scala:87)
[info]   at org.scalacheck.Prop$.$anonfun$forAllShrink$2(Prop.scala:868)
[info]   at org.scalacheck.Prop$.secure(Prop.scala:484)
[info]   at org.scalacheck.Prop$.result$1(Prop.scala:868)
[info]   at org.scalacheck.Prop$.$anonfun$forAllShrink$1(Prop.scala:915)
[info]   at org.scalacheck.Prop$.$anonfun$apply$1(Prop.scala:305)
[info]   at org.scalacheck.PropFromFun.apply(Prop.scala:20)
[info]   at org.scalacheck.Test$.workerFun$1(Test.scala:486)
[info]   at org.scalacheck.Test$.$anonfun$check$4(Test.scala:518)
[info]   at org.scalacheck.Test$.$anonfun$check$4$adapted(Test.scala:518)
[info]   at org.scalacheck.Platform$.runWorkers(Platform.scala:42)
[info]   at org.scalacheck.Test$.check(Test.scala:518)
[info]   at org.scalatestplus.scalacheck.UnitCheckerAsserting$CheckerAssertingImpl.check(CheckerAsserting.scala:90)
[info]   at org.scalatestplus.scalacheck.Checkers.check(Checkers.scala:371)
[info]   at org.scalatestplus.scalacheck.Checkers.check$(Checkers.scala:369)
[info]   at frameless.TypedDatasetSuite.check(TypedDatasetSuite.scala:63)
[info]   at frameless.ops.RollupTests.$anonfun$new$218(RollupTests.scala:321)
[info]   at org.scalatest.OutcomeOf.outcomeOf(OutcomeOf.scala:85)
[info]   at org.scalatest.OutcomeOf.outcomeOf$(OutcomeOf.scala:83)
[info]   at org.scalatest.OutcomeOf$.outcomeOf(OutcomeOf.scala:104)
[info]   at org.scalatest.Transformer.apply(Transformer.scala:22)
[info]   at org.scalatest.Transformer.apply(Transformer.scala:20)
[info]   at org.scalatest.funsuite.AnyFunSuiteLike$$anon$1.apply(AnyFunSuiteLike.scala:226)
[info]   at org.scalatest.TestSuite.withFixture(TestSuite.scala:196)
[info]   at org.scalatest.TestSuite.withFixture$(TestSuite.scala:195)
[info]   at org.scalatest.funsuite.AnyFunSuite.withFixture(AnyFunSuite.scala:1564)
[info]   at org.scalatest.funsuite.AnyFunSuiteLike.invokeWithFixture$1(AnyFunSuiteLike.scala:224)
[info]   at org.scalatest.funsuite.AnyFunSuiteLike.$anonfun$runTest$1(AnyFunSuiteLike.scala:236)
[info]   at org.scalatest.SuperEngine.runTestImpl(Engine.scala:306)
[info]   at org.scalatest.funsuite.AnyFunSuiteLike.runTest(AnyFunSuiteLike.scala:236)
[info]   at org.scalatest.funsuite.AnyFunSuiteLike.runTest$(AnyFunSuiteLike.scala:218)
[info]   at org.scalatest.funsuite.AnyFunSuite.runTest(AnyFunSuite.scala:1564)
[info]   at org.scalatest.funsuite.AnyFunSuiteLike.$anonfun$runTests$1(AnyFunSuiteLike.scala:269)
[info]   at org.scalatest.SuperEngine.$anonfun$runTestsInBranch$1(Engine.scala:413)
[info]   at scala.collection.immutable.List.foreach(List.scala:334)
[info]   at org.scalatest.SuperEngine.traverseSubNodes$1(Engine.scala:401)
[info]   at org.scalatest.SuperEngine.runTestsInBranch(Engine.scala:396)
[info]   at org.scalatest.SuperEngine.runTestsImpl(Engine.scala:475)
[info]   at org.scalatest.funsuite.AnyFunSuiteLike.runTests(AnyFunSuiteLike.scala:269)
[info]   at org.scalatest.funsuite.AnyFunSuiteLike.runTests$(AnyFunSuiteLike.scala:268)
[info]   at org.scalatest.funsuite.AnyFunSuite.runTests(AnyFunSuite.scala:1564)
[info]   at org.scalatest.Suite.run(Suite.scala:1114)
[info]   at org.scalatest.Suite.run$(Suite.scala:1096)
[info]   at org.scalatest.funsuite.AnyFunSuite.org$scalatest$funsuite$AnyFunSuiteLike$$super$run(AnyFunSuite.scala:1564)
[info]   at org.scalatest.funsuite.AnyFunSuiteLike.$anonfun$run$1(AnyFunSuiteLike.scala:273)
[info]   at org.scalatest.SuperEngine.runImpl(Engine.scala:535)
[info]   at org.scalatest.funsuite.AnyFunSuiteLike.run(AnyFunSuiteLike.scala:273)
[info]   at org.scalatest.funsuite.AnyFunSuiteLike.run$(AnyFunSuiteLike.scala:272)
[info]   at frameless.TypedDatasetSuite.org$scalatest$BeforeAndAfterAll$$super$run(TypedDatasetSuite.scala:63)
[info]   at org.scalatest.BeforeAndAfterAll.liftedTree1$1(BeforeAndAfterAll.scala:213)
[info]   at org.scalatest.BeforeAndAfterAll.run(BeforeAndAfterAll.scala:210)
[info]   at org.scalatest.BeforeAndAfterAll.run$(BeforeAndAfterAll.scala:208)
[info]   at frameless.TypedDatasetSuite.run(TypedDatasetSuite.scala:63)
[info]   at org.scalatest.tools.Framework.org$scalatest$tools$Framework$$runSuite(Framework.scala:321)
[info]   at org.scalatest.tools.Framework$ScalaTestTask.execute(Framework.scala:517)
[info]   at sbt.ForkMain$Run.lambda$runTest$1(ForkMain.java:414)
[info]   at java.base/java.util.concurrent.FutureTask.run(FutureTask.java:317)
[info]   at java.base/java.util.concurrent.ThreadPoolExecutor.runWorker(ThreadPoolExecutor.java:1144)
[info]   at java.base/java.util.concurrent.ThreadPoolExecutor$Worker.run(ThreadPoolExecutor.java:642)
[info]   at java.base/java.lang.Thread.run(Thread.java:1583)
[info] - rollup('a, 'b).flatMapGroups((('a,'b) toVector((('a,'b), 'c)) *** FAILED *** (3 milliseconds)
[info]   IllegalArgumentException was thrown during property evaluation.
[info]     Message: argument type mismatch
[info]     Occurred when passed generated values (
[info]       arg0 = Vector()
[info]     )
[info]   org.scalatest.exceptions.GeneratorDrivenPropertyCheckFailedException:
[info]   at org.scalatestplus.scalacheck.CheckerAsserting$$anon$2.indicateFailure(CheckerAsserting.scala:251)
[info]   at org.scalatestplus.scalacheck.CheckerAsserting$$anon$2.indicateFailure(CheckerAsserting.scala:238)
[info]   at org.scalatestplus.scalacheck.UnitCheckerAsserting$CheckerAssertingImpl.check(CheckerAsserting.scala:160)
[info]   at org.scalatestplus.scalacheck.Checkers.check(Checkers.scala:371)
[info]   at org.scalatestplus.scalacheck.Checkers.check$(Checkers.scala:369)
[info]   at frameless.TypedDatasetSuite.check(TypedDatasetSuite.scala:63)
[info]   at frameless.ops.RollupTests.$anonfun$new$246(RollupTests.scala:350)
[info]   at org.scalatest.OutcomeOf.outcomeOf(OutcomeOf.scala:85)
[info]   at org.scalatest.OutcomeOf.outcomeOf$(OutcomeOf.scala:83)
[info]   at org.scalatest.OutcomeOf$.outcomeOf(OutcomeOf.scala:104)
[info]   at org.scalatest.Transformer.apply(Transformer.scala:22)
[info]   at org.scalatest.Transformer.apply(Transformer.scala:20)
[info]   at org.scalatest.funsuite.AnyFunSuiteLike$$anon$1.apply(AnyFunSuiteLike.scala:226)
[info]   at org.scalatest.TestSuite.withFixture(TestSuite.scala:196)
[info]   at org.scalatest.TestSuite.withFixture$(TestSuite.scala:195)
[info]   at org.scalatest.funsuite.AnyFunSuite.withFixture(AnyFunSuite.scala:1564)
[info]   at org.scalatest.funsuite.AnyFunSuiteLike.invokeWithFixture$1(AnyFunSuiteLike.scala:224)
[info]   at org.scalatest.funsuite.AnyFunSuiteLike.$anonfun$runTest$1(AnyFunSuiteLike.scala:236)
[info]   at org.scalatest.SuperEngine.runTestImpl(Engine.scala:306)
[info]   at org.scalatest.funsuite.AnyFunSuiteLike.runTest(AnyFunSuiteLike.scala:236)
[info]   at org.scalatest.funsuite.AnyFunSuiteLike.runTest$(AnyFunSuiteLike.scala:218)
[info]   at org.scalatest.funsuite.AnyFunSuite.runTest(AnyFunSuite.scala:1564)
[info]   at org.scalatest.funsuite.AnyFunSuiteLike.$anonfun$runTests$1(AnyFunSuiteLike.scala:269)
[info]   at org.scalatest.SuperEngine.$anonfun$runTestsInBranch$1(Engine.scala:413)
[info]   at scala.collection.immutable.List.foreach(List.scala:334)
[info]   at org.scalatest.SuperEngine.traverseSubNodes$1(Engine.scala:401)
[info]   at org.scalatest.SuperEngine.runTestsInBranch(Engine.scala:396)
[info]   at org.scalatest.SuperEngine.runTestsImpl(Engine.scala:475)
[info]   at org.scalatest.funsuite.AnyFunSuiteLike.runTests(AnyFunSuiteLike.scala:269)
[info]   at org.scalatest.funsuite.AnyFunSuiteLike.runTests$(AnyFunSuiteLike.scala:268)
[info]   at org.scalatest.funsuite.AnyFunSuite.runTests(AnyFunSuite.scala:1564)
[info]   at org.scalatest.Suite.run(Suite.scala:1114)
[info]   at org.scalatest.Suite.run$(Suite.scala:1096)
[info]   at org.scalatest.funsuite.AnyFunSuite.org$scalatest$funsuite$AnyFunSuiteLike$$super$run(AnyFunSuite.scala:1564)
[info]   at org.scalatest.funsuite.AnyFunSuiteLike.$anonfun$run$1(AnyFunSuiteLike.scala:273)
[info]   at org.scalatest.SuperEngine.runImpl(Engine.scala:535)
[info]   at org.scalatest.funsuite.AnyFunSuiteLike.run(AnyFunSuiteLike.scala:273)
[info]   at org.scalatest.funsuite.AnyFunSuiteLike.run$(AnyFunSuiteLike.scala:272)
[info]   at frameless.TypedDatasetSuite.org$scalatest$BeforeAndAfterAll$$super$run(TypedDatasetSuite.scala:63)
[info]   at org.scalatest.BeforeAndAfterAll.liftedTree1$1(BeforeAndAfterAll.scala:213)
[info]   at org.scalatest.BeforeAndAfterAll.run(BeforeAndAfterAll.scala:210)
[info]   at org.scalatest.BeforeAndAfterAll.run$(BeforeAndAfterAll.scala:208)
[info]   at frameless.TypedDatasetSuite.run(TypedDatasetSuite.scala:63)
[info]   at org.scalatest.tools.Framework.org$scalatest$tools$Framework$$runSuite(Framework.scala:321)
[info]   at org.scalatest.tools.Framework$ScalaTestTask.execute(Framework.scala:517)
[info]   at sbt.ForkMain$Run.lambda$runTest$1(ForkMain.java:414)
[info]   at java.base/java.util.concurrent.FutureTask.run(FutureTask.java:317)
[info]   at java.base/java.util.concurrent.ThreadPoolExecutor.runWorker(ThreadPoolExecutor.java:1144)
[info]   at java.base/java.util.concurrent.ThreadPoolExecutor$Worker.run(ThreadPoolExecutor.java:642)
[info]   at java.base/java.lang.Thread.run(Thread.java:1583)
[info]   Cause: java.lang.IllegalArgumentException: argument type mismatch
[info]   at java.base/jdk.internal.reflect.DirectConstructorHandleAccessor.newInstance(DirectConstructorHandleAccessor.java:65)
[info]   at java.base/java.lang.reflect.Constructor.newInstanceWithCaller(Constructor.java:502)
[info]   at java.base/java.lang.reflect.Constructor.newInstance(Constructor.java:486)
[info]   at frameless.TypedExpressionEncoder$.$anonfun$apply$3(TypedExpressionEncoder.scala:55)
[info]   at scala.Option.map(Option.scala:242)
[info]   at frameless.TypedExpressionEncoder$.apply(TypedExpressionEncoder.scala:54)
[info]   at frameless.TypedDataset$.create(TypedDataset.scala:1325)
[info]   at frameless.ops.RollupTests.prop$11(RollupTests.scala:332)
[info]   at frameless.ops.RollupTests.$anonfun$new$266(RollupTests.scala:350)
[info]   at scala.Function1.$anonfun$andThen$1(Function1.scala:87)
[info]   at org.scalacheck.Prop$.$anonfun$forAllShrink$2(Prop.scala:868)
[info]   at org.scalacheck.Prop$.secure(Prop.scala:484)
[info]   at org.scalacheck.Prop$.result$1(Prop.scala:868)
[info]   at org.scalacheck.Prop$.$anonfun$forAllShrink$1(Prop.scala:915)
[info]   at org.scalacheck.Prop$.$anonfun$apply$1(Prop.scala:305)
[info]   at org.scalacheck.PropFromFun.apply(Prop.scala:20)
[info]   at org.scalacheck.Test$.workerFun$1(Test.scala:486)
[info]   at org.scalacheck.Test$.$anonfun$check$4(Test.scala:518)
[info]   at org.scalacheck.Test$.$anonfun$check$4$adapted(Test.scala:518)
[info]   at org.scalacheck.Platform$.runWorkers(Platform.scala:42)
[info]   at org.scalacheck.Test$.check(Test.scala:518)
[info]   at org.scalatestplus.scalacheck.UnitCheckerAsserting$CheckerAssertingImpl.check(CheckerAsserting.scala:90)
[info]   at org.scalatestplus.scalacheck.Checkers.check(Checkers.scala:371)
[info]   at org.scalatestplus.scalacheck.Checkers.check$(Checkers.scala:369)
[info]   at frameless.TypedDatasetSuite.check(TypedDatasetSuite.scala:63)
[info]   at frameless.ops.RollupTests.$anonfun$new$246(RollupTests.scala:350)
[info]   at org.scalatest.OutcomeOf.outcomeOf(OutcomeOf.scala:85)
[info]   at org.scalatest.OutcomeOf.outcomeOf$(OutcomeOf.scala:83)
[info]   at org.scalatest.OutcomeOf$.outcomeOf(OutcomeOf.scala:104)
[info]   at org.scalatest.Transformer.apply(Transformer.scala:22)
[info]   at org.scalatest.Transformer.apply(Transformer.scala:20)
[info]   at org.scalatest.funsuite.AnyFunSuiteLike$$anon$1.apply(AnyFunSuiteLike.scala:226)
[info]   at org.scalatest.TestSuite.withFixture(TestSuite.scala:196)
[info]   at org.scalatest.TestSuite.withFixture$(TestSuite.scala:195)
[info]   at org.scalatest.funsuite.AnyFunSuite.withFixture(AnyFunSuite.scala:1564)
[info]   at org.scalatest.funsuite.AnyFunSuiteLike.invokeWithFixture$1(AnyFunSuiteLike.scala:224)
[info]   at org.scalatest.funsuite.AnyFunSuiteLike.$anonfun$runTest$1(AnyFunSuiteLike.scala:236)
[info]   at org.scalatest.SuperEngine.runTestImpl(Engine.scala:306)
[info]   at org.scalatest.funsuite.AnyFunSuiteLike.runTest(AnyFunSuiteLike.scala:236)
[info]   at org.scalatest.funsuite.AnyFunSuiteLike.runTest$(AnyFunSuiteLike.scala:218)
[info]   at org.scalatest.funsuite.AnyFunSuite.runTest(AnyFunSuite.scala:1564)
[info]   at org.scalatest.funsuite.AnyFunSuiteLike.$anonfun$runTests$1(AnyFunSuiteLike.scala:269)
[info]   at org.scalatest.SuperEngine.$anonfun$runTestsInBranch$1(Engine.scala:413)
[info]   at scala.collection.immutable.List.foreach(List.scala:334)
[info]   at org.scalatest.SuperEngine.traverseSubNodes$1(Engine.scala:401)
[info]   at org.scalatest.SuperEngine.runTestsInBranch(Engine.scala:396)
[info]   at org.scalatest.SuperEngine.runTestsImpl(Engine.scala:475)
[info]   at org.scalatest.funsuite.AnyFunSuiteLike.runTests(AnyFunSuiteLike.scala:269)
[info]   at org.scalatest.funsuite.AnyFunSuiteLike.runTests$(AnyFunSuiteLike.scala:268)
[info]   at org.scalatest.funsuite.AnyFunSuite.runTests(AnyFunSuite.scala:1564)
[info]   at org.scalatest.Suite.run(Suite.scala:1114)
[info]   at org.scalatest.Suite.run$(Suite.scala:1096)
[info]   at org.scalatest.funsuite.AnyFunSuite.org$scalatest$funsuite$AnyFunSuiteLike$$super$run(AnyFunSuite.scala:1564)
[info]   at org.scalatest.funsuite.AnyFunSuiteLike.$anonfun$run$1(AnyFunSuiteLike.scala:273)
[info]   at org.scalatest.SuperEngine.runImpl(Engine.scala:535)
[info]   at org.scalatest.funsuite.AnyFunSuiteLike.run(AnyFunSuiteLike.scala:273)
[info]   at org.scalatest.funsuite.AnyFunSuiteLike.run$(AnyFunSuiteLike.scala:272)
[info]   at frameless.TypedDatasetSuite.org$scalatest$BeforeAndAfterAll$$super$run(TypedDatasetSuite.scala:63)
[info]   at org.scalatest.BeforeAndAfterAll.liftedTree1$1(BeforeAndAfterAll.scala:213)
[info]   at org.scalatest.BeforeAndAfterAll.run(BeforeAndAfterAll.scala:210)
[info]   at org.scalatest.BeforeAndAfterAll.run$(BeforeAndAfterAll.scala:208)
[info]   at frameless.TypedDatasetSuite.run(TypedDatasetSuite.scala:63)
[info]   at org.scalatest.tools.Framework.org$scalatest$tools$Framework$$runSuite(Framework.scala:321)
[info]   at org.scalatest.tools.Framework$ScalaTestTask.execute(Framework.scala:517)
[info]   at sbt.ForkMain$Run.lambda$runTest$1(ForkMain.java:414)
[info]   at java.base/java.util.concurrent.FutureTask.run(FutureTask.java:317)
[info]   at java.base/java.util.concurrent.ThreadPoolExecutor.runWorker(ThreadPoolExecutor.java:1144)
[info]   at java.base/java.util.concurrent.ThreadPoolExecutor$Worker.run(ThreadPoolExecutor.java:642)
[info]   at java.base/java.lang.Thread.run(Thread.java:1583)
[info]   Cause: java.lang.ClassCastException: Cannot cast scala.reflect.ClassTag$GenericClassTag to org.apache.spark.sql.catalyst.expressions.Expression
[info]   at java.base/java.lang.Class.cast(Class.java:4067)
[info]   at java.base/jdk.internal.reflect.DirectConstructorHandleAccessor.newInstance(DirectConstructorHandleAccessor.java:62)
[info]   at java.base/java.lang.reflect.Constructor.newInstanceWithCaller(Constructor.java:502)
[info]   at java.base/java.lang.reflect.Constructor.newInstance(Constructor.java:486)
[info]   at frameless.TypedExpressionEncoder$.$anonfun$apply$3(TypedExpressionEncoder.scala:55)
[info]   at scala.Option.map(Option.scala:242)
[info]   at frameless.TypedExpressionEncoder$.apply(TypedExpressionEncoder.scala:54)
[info]   at frameless.TypedDataset$.create(TypedDataset.scala:1325)
[info]   at frameless.ops.RollupTests.prop$11(RollupTests.scala:332)
[info]   at frameless.ops.RollupTests.$anonfun$new$266(RollupTests.scala:350)
[info]   at scala.Function1.$anonfun$andThen$1(Function1.scala:87)
[info]   at org.scalacheck.Prop$.$anonfun$forAllShrink$2(Prop.scala:868)
[info]   at org.scalacheck.Prop$.secure(Prop.scala:484)
[info]   at org.scalacheck.Prop$.result$1(Prop.scala:868)
[info]   at org.scalacheck.Prop$.$anonfun$forAllShrink$1(Prop.scala:915)
[info]   at org.scalacheck.Prop$.$anonfun$apply$1(Prop.scala:305)
[info]   at org.scalacheck.PropFromFun.apply(Prop.scala:20)
[info]   at org.scalacheck.Test$.workerFun$1(Test.scala:486)
[info]   at org.scalacheck.Test$.$anonfun$check$4(Test.scala:518)
[info]   at org.scalacheck.Test$.$anonfun$check$4$adapted(Test.scala:518)
[info]   at org.scalacheck.Platform$.runWorkers(Platform.scala:42)
[info]   at org.scalacheck.Test$.check(Test.scala:518)
[info]   at org.scalatestplus.scalacheck.UnitCheckerAsserting$CheckerAssertingImpl.check(CheckerAsserting.scala:90)
[info]   at org.scalatestplus.scalacheck.Checkers.check(Checkers.scala:371)
[info]   at org.scalatestplus.scalacheck.Checkers.check$(Checkers.scala:369)
[info]   at frameless.TypedDatasetSuite.check(TypedDatasetSuite.scala:63)
[info]   at frameless.ops.RollupTests.$anonfun$new$246(RollupTests.scala:350)
[info]   at org.scalatest.OutcomeOf.outcomeOf(OutcomeOf.scala:85)
[info]   at org.scalatest.OutcomeOf.outcomeOf$(OutcomeOf.scala:83)
[info]   at org.scalatest.OutcomeOf$.outcomeOf(OutcomeOf.scala:104)
[info]   at org.scalatest.Transformer.apply(Transformer.scala:22)
[info]   at org.scalatest.Transformer.apply(Transformer.scala:20)
[info]   at org.scalatest.funsuite.AnyFunSuiteLike$$anon$1.apply(AnyFunSuiteLike.scala:226)
[info]   at org.scalatest.TestSuite.withFixture(TestSuite.scala:196)
[info]   at org.scalatest.TestSuite.withFixture$(TestSuite.scala:195)
[info]   at org.scalatest.funsuite.AnyFunSuite.withFixture(AnyFunSuite.scala:1564)
[info]   at org.scalatest.funsuite.AnyFunSuiteLike.invokeWithFixture$1(AnyFunSuiteLike.scala:224)
[info]   at org.scalatest.funsuite.AnyFunSuiteLike.$anonfun$runTest$1(AnyFunSuiteLike.scala:236)
[info]   at org.scalatest.SuperEngine.runTestImpl(Engine.scala:306)
[info]   at org.scalatest.funsuite.AnyFunSuiteLike.runTest(AnyFunSuiteLike.scala:236)
[info]   at org.scalatest.funsuite.AnyFunSuiteLike.runTest$(AnyFunSuiteLike.scala:218)
[info]   at org.scalatest.funsuite.AnyFunSuite.runTest(AnyFunSuite.scala:1564)
[info]   at org.scalatest.funsuite.AnyFunSuiteLike.$anonfun$runTests$1(AnyFunSuiteLike.scala:269)
[info]   at org.scalatest.SuperEngine.$anonfun$runTestsInBranch$1(Engine.scala:413)
[info]   at scala.collection.immutable.List.foreach(List.scala:334)
[info]   at org.scalatest.SuperEngine.traverseSubNodes$1(Engine.scala:401)
[info]   at org.scalatest.SuperEngine.runTestsInBranch(Engine.scala:396)
[info]   at org.scalatest.SuperEngine.runTestsImpl(Engine.scala:475)
[info]   at org.scalatest.funsuite.AnyFunSuiteLike.runTests(AnyFunSuiteLike.scala:269)
[info]   at org.scalatest.funsuite.AnyFunSuiteLike.runTests$(AnyFunSuiteLike.scala:268)
[info]   at org.scalatest.funsuite.AnyFunSuite.runTests(AnyFunSuite.scala:1564)
[info]   at org.scalatest.Suite.run(Suite.scala:1114)
[info]   at org.scalatest.Suite.run$(Suite.scala:1096)
[info]   at org.scalatest.funsuite.AnyFunSuite.org$scalatest$funsuite$AnyFunSuiteLike$$super$run(AnyFunSuite.scala:1564)
[info]   at org.scalatest.funsuite.AnyFunSuiteLike.$anonfun$run$1(AnyFunSuiteLike.scala:273)
[info]   at org.scalatest.SuperEngine.runImpl(Engine.scala:535)
[info]   at org.scalatest.funsuite.AnyFunSuiteLike.run(AnyFunSuiteLike.scala:273)
[info]   at org.scalatest.funsuite.AnyFunSuiteLike.run$(AnyFunSuiteLike.scala:272)
[info]   at frameless.TypedDatasetSuite.org$scalatest$BeforeAndAfterAll$$super$run(TypedDatasetSuite.scala:63)
[info]   at org.scalatest.BeforeAndAfterAll.liftedTree1$1(BeforeAndAfterAll.scala:213)
[info]   at org.scalatest.BeforeAndAfterAll.run(BeforeAndAfterAll.scala:210)
[info]   at org.scalatest.BeforeAndAfterAll.run$(BeforeAndAfterAll.scala:208)
[info]   at frameless.TypedDatasetSuite.run(TypedDatasetSuite.scala:63)
[info]   at org.scalatest.tools.Framework.org$scalatest$tools$Framework$$runSuite(Framework.scala:321)
[info]   at org.scalatest.tools.Framework$ScalaTestTask.execute(Framework.scala:517)
[info]   at sbt.ForkMain$Run.lambda$runTest$1(ForkMain.java:414)
[info]   at java.base/java.util.concurrent.FutureTask.run(FutureTask.java:317)
[info]   at java.base/java.util.concurrent.ThreadPoolExecutor.runWorker(ThreadPoolExecutor.java:1144)
[info]   at java.base/java.util.concurrent.ThreadPoolExecutor$Worker.run(ThreadPoolExecutor.java:642)
[info]   at java.base/java.lang.Thread.run(Thread.java:1583)
[info] - rollupMany('a).agg(sum('b)) *** FAILED *** (2 milliseconds)
[info]   IllegalArgumentException was thrown during property evaluation.
[info]     Message: argument type mismatch
[info]     Occurred when passed generated values (
[info]       arg0 = List()
[info]     )
[info]   org.scalatest.exceptions.GeneratorDrivenPropertyCheckFailedException:
[info]   at org.scalatestplus.scalacheck.CheckerAsserting$$anon$2.indicateFailure(CheckerAsserting.scala:251)
[info]   at org.scalatestplus.scalacheck.CheckerAsserting$$anon$2.indicateFailure(CheckerAsserting.scala:238)
[info]   at org.scalatestplus.scalacheck.UnitCheckerAsserting$CheckerAssertingImpl.check(CheckerAsserting.scala:160)
[info]   at org.scalatestplus.scalacheck.Checkers.check(Checkers.scala:371)
[info]   at org.scalatestplus.scalacheck.Checkers.check$(Checkers.scala:369)
[info]   at frameless.TypedDatasetSuite.check(TypedDatasetSuite.scala:63)
[info]   at frameless.ops.RollupTests.$anonfun$new$276(RollupTests.scala:368)
[info]   at org.scalatest.OutcomeOf.outcomeOf(OutcomeOf.scala:85)
[info]   at org.scalatest.OutcomeOf.outcomeOf$(OutcomeOf.scala:83)
[info]   at org.scalatest.OutcomeOf$.outcomeOf(OutcomeOf.scala:104)
[info]   at org.scalatest.Transformer.apply(Transformer.scala:22)
[info]   at org.scalatest.Transformer.apply(Transformer.scala:20)
[info]   at org.scalatest.funsuite.AnyFunSuiteLike$$anon$1.apply(AnyFunSuiteLike.scala:226)
[info]   at org.scalatest.TestSuite.withFixture(TestSuite.scala:196)
[info]   at org.scalatest.TestSuite.withFixture$(TestSuite.scala:195)
[info]   at org.scalatest.funsuite.AnyFunSuite.withFixture(AnyFunSuite.scala:1564)
[info]   at org.scalatest.funsuite.AnyFunSuiteLike.invokeWithFixture$1(AnyFunSuiteLike.scala:224)
[info]   at org.scalatest.funsuite.AnyFunSuiteLike.$anonfun$runTest$1(AnyFunSuiteLike.scala:236)
[info]   at org.scalatest.SuperEngine.runTestImpl(Engine.scala:306)
[info]   at org.scalatest.funsuite.AnyFunSuiteLike.runTest(AnyFunSuiteLike.scala:236)
[info]   at org.scalatest.funsuite.AnyFunSuiteLike.runTest$(AnyFunSuiteLike.scala:218)
[info]   at org.scalatest.funsuite.AnyFunSuite.runTest(AnyFunSuite.scala:1564)
[info]   at org.scalatest.funsuite.AnyFunSuiteLike.$anonfun$runTests$1(AnyFunSuiteLike.scala:269)
[info]   at org.scalatest.SuperEngine.$anonfun$runTestsInBranch$1(Engine.scala:413)
[info]   at scala.collection.immutable.List.foreach(List.scala:334)
[info]   at org.scalatest.SuperEngine.traverseSubNodes$1(Engine.scala:401)
[info]   at org.scalatest.SuperEngine.runTestsInBranch(Engine.scala:396)
[info]   at org.scalatest.SuperEngine.runTestsImpl(Engine.scala:475)
[info]   at org.scalatest.funsuite.AnyFunSuiteLike.runTests(AnyFunSuiteLike.scala:269)
[info]   at org.scalatest.funsuite.AnyFunSuiteLike.runTests$(AnyFunSuiteLike.scala:268)
[info]   at org.scalatest.funsuite.AnyFunSuite.runTests(AnyFunSuite.scala:1564)
[info]   at org.scalatest.Suite.run(Suite.scala:1114)
[info]   at org.scalatest.Suite.run$(Suite.scala:1096)
[info]   at org.scalatest.funsuite.AnyFunSuite.org$scalatest$funsuite$AnyFunSuiteLike$$super$run(AnyFunSuite.scala:1564)
[info]   at org.scalatest.funsuite.AnyFunSuiteLike.$anonfun$run$1(AnyFunSuiteLike.scala:273)
[info]   at org.scalatest.SuperEngine.runImpl(Engine.scala:535)
[info]   at org.scalatest.funsuite.AnyFunSuiteLike.run(AnyFunSuiteLike.scala:273)
[info]   at org.scalatest.funsuite.AnyFunSuiteLike.run$(AnyFunSuiteLike.scala:272)
[info]   at frameless.TypedDatasetSuite.org$scalatest$BeforeAndAfterAll$$super$run(TypedDatasetSuite.scala:63)
[info]   at org.scalatest.BeforeAndAfterAll.liftedTree1$1(BeforeAndAfterAll.scala:213)
[info]   at org.scalatest.BeforeAndAfterAll.run(BeforeAndAfterAll.scala:210)
[info]   at org.scalatest.BeforeAndAfterAll.run$(BeforeAndAfterAll.scala:208)
[info]   at frameless.TypedDatasetSuite.run(TypedDatasetSuite.scala:63)
[info]   at org.scalatest.tools.Framework.org$scalatest$tools$Framework$$runSuite(Framework.scala:321)
[info]   at org.scalatest.tools.Framework$ScalaTestTask.execute(Framework.scala:517)
[info]   at sbt.ForkMain$Run.lambda$runTest$1(ForkMain.java:414)
[info]   at java.base/java.util.concurrent.FutureTask.run(FutureTask.java:317)
[info]   at java.base/java.util.concurrent.ThreadPoolExecutor.runWorker(ThreadPoolExecutor.java:1144)
[info]   at java.base/java.util.concurrent.ThreadPoolExecutor$Worker.run(ThreadPoolExecutor.java:642)
[info]   at java.base/java.lang.Thread.run(Thread.java:1583)
[info]   Cause: java.lang.IllegalArgumentException: argument type mismatch
[info]   at java.base/jdk.internal.reflect.DirectConstructorHandleAccessor.newInstance(DirectConstructorHandleAccessor.java:65)
[info]   at java.base/java.lang.reflect.Constructor.newInstanceWithCaller(Constructor.java:502)
[info]   at java.base/java.lang.reflect.Constructor.newInstance(Constructor.java:486)
[info]   at frameless.TypedExpressionEncoder$.$anonfun$apply$3(TypedExpressionEncoder.scala:55)
[info]   at scala.Option.map(Option.scala:242)
[info]   at frameless.TypedExpressionEncoder$.apply(TypedExpressionEncoder.scala:54)
[info]   at frameless.TypedDataset$.create(TypedDataset.scala:1325)
[info]   at frameless.ops.RollupTests.prop$12(RollupTests.scala:358)
[info]   at frameless.ops.RollupTests.$anonfun$new$292(RollupTests.scala:368)
[info]   at scala.Function1.$anonfun$andThen$1(Function1.scala:87)
[info]   at org.scalacheck.Prop$.$anonfun$forAllShrink$2(Prop.scala:868)
[info]   at org.scalacheck.Prop$.secure(Prop.scala:484)
[info]   at org.scalacheck.Prop$.result$1(Prop.scala:868)
[info]   at org.scalacheck.Prop$.$anonfun$forAllShrink$1(Prop.scala:915)
[info]   at org.scalacheck.Prop$.$anonfun$apply$1(Prop.scala:305)
[info]   at org.scalacheck.PropFromFun.apply(Prop.scala:20)
[info]   at org.scalacheck.Test$.workerFun$1(Test.scala:486)
[info]   at org.scalacheck.Test$.$anonfun$check$4(Test.scala:518)
[info]   at org.scalacheck.Test$.$anonfun$check$4$adapted(Test.scala:518)
[info]   at org.scalacheck.Platform$.runWorkers(Platform.scala:42)
[info]   at org.scalacheck.Test$.check(Test.scala:518)
[info]   at org.scalatestplus.scalacheck.UnitCheckerAsserting$CheckerAssertingImpl.check(CheckerAsserting.scala:90)
[info]   at org.scalatestplus.scalacheck.Checkers.check(Checkers.scala:371)
[info]   at org.scalatestplus.scalacheck.Checkers.check$(Checkers.scala:369)
[info]   at frameless.TypedDatasetSuite.check(TypedDatasetSuite.scala:63)
[info]   at frameless.ops.RollupTests.$anonfun$new$276(RollupTests.scala:368)
[info]   at org.scalatest.OutcomeOf.outcomeOf(OutcomeOf.scala:85)
[info]   at org.scalatest.OutcomeOf.outcomeOf$(OutcomeOf.scala:83)
[info]   at org.scalatest.OutcomeOf$.outcomeOf(OutcomeOf.scala:104)
[info]   at org.scalatest.Transformer.apply(Transformer.scala:22)
[info]   at org.scalatest.Transformer.apply(Transformer.scala:20)
[info]   at org.scalatest.funsuite.AnyFunSuiteLike$$anon$1.apply(AnyFunSuiteLike.scala:226)
[info]   at org.scalatest.TestSuite.withFixture(TestSuite.scala:196)
[info]   at org.scalatest.TestSuite.withFixture$(TestSuite.scala:195)
[info]   at org.scalatest.funsuite.AnyFunSuite.withFixture(AnyFunSuite.scala:1564)
[info]   at org.scalatest.funsuite.AnyFunSuiteLike.invokeWithFixture$1(AnyFunSuiteLike.scala:224)
[info]   at org.scalatest.funsuite.AnyFunSuiteLike.$anonfun$runTest$1(AnyFunSuiteLike.scala:236)
[info]   at org.scalatest.SuperEngine.runTestImpl(Engine.scala:306)
[info]   at org.scalatest.funsuite.AnyFunSuiteLike.runTest(AnyFunSuiteLike.scala:236)
[info]   at org.scalatest.funsuite.AnyFunSuiteLike.runTest$(AnyFunSuiteLike.scala:218)
[info]   at org.scalatest.funsuite.AnyFunSuite.runTest(AnyFunSuite.scala:1564)
[info]   at org.scalatest.funsuite.AnyFunSuiteLike.$anonfun$runTests$1(AnyFunSuiteLike.scala:269)
[info]   at org.scalatest.SuperEngine.$anonfun$runTestsInBranch$1(Engine.scala:413)
[info]   at scala.collection.immutable.List.foreach(List.scala:334)
[info]   at org.scalatest.SuperEngine.traverseSubNodes$1(Engine.scala:401)
[info]   at org.scalatest.SuperEngine.runTestsInBranch(Engine.scala:396)
[info]   at org.scalatest.SuperEngine.runTestsImpl(Engine.scala:475)
[info]   at org.scalatest.funsuite.AnyFunSuiteLike.runTests(AnyFunSuiteLike.scala:269)
[info]   at org.scalatest.funsuite.AnyFunSuiteLike.runTests$(AnyFunSuiteLike.scala:268)
[info]   at org.scalatest.funsuite.AnyFunSuite.runTests(AnyFunSuite.scala:1564)
[info]   at org.scalatest.Suite.run(Suite.scala:1114)
[info]   at org.scalatest.Suite.run$(Suite.scala:1096)
[info]   at org.scalatest.funsuite.AnyFunSuite.org$scalatest$funsuite$AnyFunSuiteLike$$super$run(AnyFunSuite.scala:1564)
[info]   at org.scalatest.funsuite.AnyFunSuiteLike.$anonfun$run$1(AnyFunSuiteLike.scala:273)
[info]   at org.scalatest.SuperEngine.runImpl(Engine.scala:535)
[info]   at org.scalatest.funsuite.AnyFunSuiteLike.run(AnyFunSuiteLike.scala:273)
[info]   at org.scalatest.funsuite.AnyFunSuiteLike.run$(AnyFunSuiteLike.scala:272)
[info]   at frameless.TypedDatasetSuite.org$scalatest$BeforeAndAfterAll$$super$run(TypedDatasetSuite.scala:63)
[info]   at org.scalatest.BeforeAndAfterAll.liftedTree1$1(BeforeAndAfterAll.scala:213)
[info]   at org.scalatest.BeforeAndAfterAll.run(BeforeAndAfterAll.scala:210)
[info]   at org.scalatest.BeforeAndAfterAll.run$(BeforeAndAfterAll.scala:208)
[info]   at frameless.TypedDatasetSuite.run(TypedDatasetSuite.scala:63)
[info]   at org.scalatest.tools.Framework.org$scalatest$tools$Framework$$runSuite(Framework.scala:321)
[info]   at org.scalatest.tools.Framework$ScalaTestTask.execute(Framework.scala:517)
[info]   at sbt.ForkMain$Run.lambda$runTest$1(ForkMain.java:414)
[info]   at java.base/java.util.concurrent.FutureTask.run(FutureTask.java:317)
[info]   at java.base/java.util.concurrent.ThreadPoolExecutor.runWorker(ThreadPoolExecutor.java:1144)
[info]   at java.base/java.util.concurrent.ThreadPoolExecutor$Worker.run(ThreadPoolExecutor.java:642)
[info]   at java.base/java.lang.Thread.run(Thread.java:1583)
[info]   Cause: java.lang.ClassCastException: Cannot cast scala.reflect.ClassTag$GenericClassTag to org.apache.spark.sql.catalyst.expressions.Expression
[info]   at java.base/java.lang.Class.cast(Class.java:4067)
[info]   at java.base/jdk.internal.reflect.DirectConstructorHandleAccessor.newInstance(DirectConstructorHandleAccessor.java:62)
[info]   at java.base/java.lang.reflect.Constructor.newInstanceWithCaller(Constructor.java:502)
[info]   at java.base/java.lang.reflect.Constructor.newInstance(Constructor.java:486)
[info]   at frameless.TypedExpressionEncoder$.$anonfun$apply$3(TypedExpressionEncoder.scala:55)
[info]   at scala.Option.map(Option.scala:242)
[info]   at frameless.TypedExpressionEncoder$.apply(TypedExpressionEncoder.scala:54)
[info]   at frameless.TypedDataset$.create(TypedDataset.scala:1325)
[info]   at frameless.ops.RollupTests.prop$12(RollupTests.scala:358)
[info]   at frameless.ops.RollupTests.$anonfun$new$292(RollupTests.scala:368)
[info]   at scala.Function1.$anonfun$andThen$1(Function1.scala:87)
[info]   at org.scalacheck.Prop$.$anonfun$forAllShrink$2(Prop.scala:868)
[info]   at org.scalacheck.Prop$.secure(Prop.scala:484)
[info]   at org.scalacheck.Prop$.result$1(Prop.scala:868)
[info]   at org.scalacheck.Prop$.$anonfun$forAllShrink$1(Prop.scala:915)
[info]   at org.scalacheck.Prop$.$anonfun$apply$1(Prop.scala:305)
[info]   at org.scalacheck.PropFromFun.apply(Prop.scala:20)
[info]   at org.scalacheck.Test$.workerFun$1(Test.scala:486)
[info]   at org.scalacheck.Test$.$anonfun$check$4(Test.scala:518)
[info]   at org.scalacheck.Test$.$anonfun$check$4$adapted(Test.scala:518)
[info]   at org.scalacheck.Platform$.runWorkers(Platform.scala:42)
[info]   at org.scalacheck.Test$.check(Test.scala:518)
[info]   at org.scalatestplus.scalacheck.UnitCheckerAsserting$CheckerAssertingImpl.check(CheckerAsserting.scala:90)
[info]   at org.scalatestplus.scalacheck.Checkers.check(Checkers.scala:371)
[info]   at org.scalatestplus.scalacheck.Checkers.check$(Checkers.scala:369)
[info]   at frameless.TypedDatasetSuite.check(TypedDatasetSuite.scala:63)
[info]   at frameless.ops.RollupTests.$anonfun$new$276(RollupTests.scala:368)
[info]   at org.scalatest.OutcomeOf.outcomeOf(OutcomeOf.scala:85)
[info]   at org.scalatest.OutcomeOf.outcomeOf$(OutcomeOf.scala:83)
[info]   at org.scalatest.OutcomeOf$.outcomeOf(OutcomeOf.scala:104)
[info]   at org.scalatest.Transformer.apply(Transformer.scala:22)
[info]   at org.scalatest.Transformer.apply(Transformer.scala:20)
[info]   at org.scalatest.funsuite.AnyFunSuiteLike$$anon$1.apply(AnyFunSuiteLike.scala:226)
[info]   at org.scalatest.TestSuite.withFixture(TestSuite.scala:196)
[info]   at org.scalatest.TestSuite.withFixture$(TestSuite.scala:195)
[info]   at org.scalatest.funsuite.AnyFunSuite.withFixture(AnyFunSuite.scala:1564)
[info]   at org.scalatest.funsuite.AnyFunSuiteLike.invokeWithFixture$1(AnyFunSuiteLike.scala:224)
[info]   at org.scalatest.funsuite.AnyFunSuiteLike.$anonfun$runTest$1(AnyFunSuiteLike.scala:236)
[info]   at org.scalatest.SuperEngine.runTestImpl(Engine.scala:306)
[info]   at org.scalatest.funsuite.AnyFunSuiteLike.runTest(AnyFunSuiteLike.scala:236)
[info]   at org.scalatest.funsuite.AnyFunSuiteLike.runTest$(AnyFunSuiteLike.scala:218)
[info]   at org.scalatest.funsuite.AnyFunSuite.runTest(AnyFunSuite.scala:1564)
[info]   at org.scalatest.funsuite.AnyFunSuiteLike.$anonfun$runTests$1(AnyFunSuiteLike.scala:269)
[info]   at org.scalatest.SuperEngine.$anonfun$runTestsInBranch$1(Engine.scala:413)
[info]   at scala.collection.immutable.List.foreach(List.scala:334)
[info]   at org.scalatest.SuperEngine.traverseSubNodes$1(Engine.scala:401)
[info]   at org.scalatest.SuperEngine.runTestsInBranch(Engine.scala:396)
[info]   at org.scalatest.SuperEngine.runTestsImpl(Engine.scala:475)
[info]   at org.scalatest.funsuite.AnyFunSuiteLike.runTests(AnyFunSuiteLike.scala:269)
[info]   at org.scalatest.funsuite.AnyFunSuiteLike.runTests$(AnyFunSuiteLike.scala:268)
[info]   at org.scalatest.funsuite.AnyFunSuite.runTests(AnyFunSuite.scala:1564)
[info]   at org.scalatest.Suite.run(Suite.scala:1114)
[info]   at org.scalatest.Suite.run$(Suite.scala:1096)
[info]   at org.scalatest.funsuite.AnyFunSuite.org$scalatest$funsuite$AnyFunSuiteLike$$super$run(AnyFunSuite.scala:1564)
[info]   at org.scalatest.funsuite.AnyFunSuiteLike.$anonfun$run$1(AnyFunSuiteLike.scala:273)
[info]   at org.scalatest.SuperEngine.runImpl(Engine.scala:535)
[info]   at org.scalatest.funsuite.AnyFunSuiteLike.run(AnyFunSuiteLike.scala:273)
[info]   at org.scalatest.funsuite.AnyFunSuiteLike.run$(AnyFunSuiteLike.scala:272)
[info]   at frameless.TypedDatasetSuite.org$scalatest$BeforeAndAfterAll$$super$run(TypedDatasetSuite.scala:63)
[info]   at org.scalatest.BeforeAndAfterAll.liftedTree1$1(BeforeAndAfterAll.scala:213)
[info]   at org.scalatest.BeforeAndAfterAll.run(BeforeAndAfterAll.scala:210)
[info]   at org.scalatest.BeforeAndAfterAll.run$(BeforeAndAfterAll.scala:208)
[info]   at frameless.TypedDatasetSuite.run(TypedDatasetSuite.scala:63)
[info]   at org.scalatest.tools.Framework.org$scalatest$tools$Framework$$runSuite(Framework.scala:321)
[info]   at org.scalatest.tools.Framework$ScalaTestTask.execute(Framework.scala:517)
[info]   at sbt.ForkMain$Run.lambda$runTest$1(ForkMain.java:414)
[info]   at java.base/java.util.concurrent.FutureTask.run(FutureTask.java:317)
[info]   at java.base/java.util.concurrent.ThreadPoolExecutor.runWorker(ThreadPoolExecutor.java:1144)
[info]   at java.base/java.util.concurrent.ThreadPoolExecutor$Worker.run(ThreadPoolExecutor.java:642)
[info]   at java.base/java.lang.Thread.run(Thread.java:1583)
[info] FramelessSyntaxTests:
[info] - dataset typed - toTyped *** FAILED *** (3 milliseconds)
[info]   IllegalArgumentException was thrown during property evaluation.
[info]     Message: argument type mismatch
[info]     Occurred when passed generated values (
[info]       arg0 = Vector()
[info]     )
[info]   org.scalatest.exceptions.GeneratorDrivenPropertyCheckFailedException:
[info]   at org.scalatestplus.scalacheck.CheckerAsserting$$anon$2.indicateFailure(CheckerAsserting.scala:251)
[info]   at org.scalatestplus.scalacheck.CheckerAsserting$$anon$2.indicateFailure(CheckerAsserting.scala:238)
[info]   at org.scalatestplus.scalacheck.UnitCheckerAsserting$CheckerAssertingImpl.check(CheckerAsserting.scala:160)
[info]   at org.scalatestplus.scalacheck.Checkers.check(Checkers.scala:371)
[info]   at org.scalatestplus.scalacheck.Checkers.check$(Checkers.scala:369)
[info]   at frameless.TypedDatasetSuite.check(TypedDatasetSuite.scala:63)
[info]   at frameless.syntax.FramelessSyntaxTests.$anonfun$new$1(FramelessSyntaxTests.scala:34)
[info]   at org.scalatest.OutcomeOf.outcomeOf(OutcomeOf.scala:85)
[info]   at org.scalatest.OutcomeOf.outcomeOf$(OutcomeOf.scala:83)
[info]   at org.scalatest.OutcomeOf$.outcomeOf(OutcomeOf.scala:104)
[info]   at org.scalatest.Transformer.apply(Transformer.scala:22)
[info]   at org.scalatest.Transformer.apply(Transformer.scala:20)
[info]   at org.scalatest.funsuite.AnyFunSuiteLike$$anon$1.apply(AnyFunSuiteLike.scala:226)
[info]   at org.scalatest.TestSuite.withFixture(TestSuite.scala:196)
[info]   at org.scalatest.TestSuite.withFixture$(TestSuite.scala:195)
[info]   at org.scalatest.funsuite.AnyFunSuite.withFixture(AnyFunSuite.scala:1564)
[info]   at org.scalatest.funsuite.AnyFunSuiteLike.invokeWithFixture$1(AnyFunSuiteLike.scala:224)
[info]   at org.scalatest.funsuite.AnyFunSuiteLike.$anonfun$runTest$1(AnyFunSuiteLike.scala:236)
[info]   at org.scalatest.SuperEngine.runTestImpl(Engine.scala:306)
[info]   at org.scalatest.funsuite.AnyFunSuiteLike.runTest(AnyFunSuiteLike.scala:236)
[info]   at org.scalatest.funsuite.AnyFunSuiteLike.runTest$(AnyFunSuiteLike.scala:218)
[info]   at org.scalatest.funsuite.AnyFunSuite.runTest(AnyFunSuite.scala:1564)
[info]   at org.scalatest.funsuite.AnyFunSuiteLike.$anonfun$runTests$1(AnyFunSuiteLike.scala:269)
[info]   at org.scalatest.SuperEngine.$anonfun$runTestsInBranch$1(Engine.scala:413)
[info]   at scala.collection.immutable.List.foreach(List.scala:334)
[info]   at org.scalatest.SuperEngine.traverseSubNodes$1(Engine.scala:401)
[info]   at org.scalatest.SuperEngine.runTestsInBranch(Engine.scala:396)
[info]   at org.scalatest.SuperEngine.runTestsImpl(Engine.scala:475)
[info]   at org.scalatest.funsuite.AnyFunSuiteLike.runTests(AnyFunSuiteLike.scala:269)
[info]   at org.scalatest.funsuite.AnyFunSuiteLike.runTests$(AnyFunSuiteLike.scala:268)
[info]   at org.scalatest.funsuite.AnyFunSuite.runTests(AnyFunSuite.scala:1564)
[info]   at org.scalatest.Suite.run(Suite.scala:1114)
[info]   at org.scalatest.Suite.run$(Suite.scala:1096)
[info]   at org.scalatest.funsuite.AnyFunSuite.org$scalatest$funsuite$AnyFunSuiteLike$$super$run(AnyFunSuite.scala:1564)
[info]   at org.scalatest.funsuite.AnyFunSuiteLike.$anonfun$run$1(AnyFunSuiteLike.scala:273)
[info]   at org.scalatest.SuperEngine.runImpl(Engine.scala:535)
[info]   at org.scalatest.funsuite.AnyFunSuiteLike.run(AnyFunSuiteLike.scala:273)
[info]   at org.scalatest.funsuite.AnyFunSuiteLike.run$(AnyFunSuiteLike.scala:272)
[info]   at frameless.TypedDatasetSuite.org$scalatest$BeforeAndAfterAll$$super$run(TypedDatasetSuite.scala:63)
[info]   at org.scalatest.BeforeAndAfterAll.liftedTree1$1(BeforeAndAfterAll.scala:213)
[info]   at org.scalatest.BeforeAndAfterAll.run(BeforeAndAfterAll.scala:210)
[info]   at org.scalatest.BeforeAndAfterAll.run$(BeforeAndAfterAll.scala:208)
[info]   at frameless.TypedDatasetSuite.run(TypedDatasetSuite.scala:63)
[info]   at org.scalatest.tools.Framework.org$scalatest$tools$Framework$$runSuite(Framework.scala:321)
[info]   at org.scalatest.tools.Framework$ScalaTestTask.execute(Framework.scala:517)
[info]   at sbt.ForkMain$Run.lambda$runTest$1(ForkMain.java:414)
[info]   at java.base/java.util.concurrent.FutureTask.run(FutureTask.java:317)
[info]   at java.base/java.util.concurrent.ThreadPoolExecutor.runWorker(ThreadPoolExecutor.java:1144)
[info]   at java.base/java.util.concurrent.ThreadPoolExecutor$Worker.run(ThreadPoolExecutor.java:642)
[info]   at java.base/java.lang.Thread.run(Thread.java:1583)
[info]   Cause: java.lang.IllegalArgumentException: argument type mismatch
[info]   at java.base/jdk.internal.reflect.DirectConstructorHandleAccessor.newInstance(DirectConstructorHandleAccessor.java:65)
[info]   at java.base/java.lang.reflect.Constructor.newInstanceWithCaller(Constructor.java:502)
[info]   at java.base/java.lang.reflect.Constructor.newInstance(Constructor.java:486)
[info]   at frameless.TypedExpressionEncoder$.$anonfun$apply$3(TypedExpressionEncoder.scala:55)
[info]   at scala.Option.map(Option.scala:242)
[info]   at frameless.TypedExpressionEncoder$.apply(TypedExpressionEncoder.scala:54)
[info]   at frameless.syntax.FramelessSyntaxTests.prop$1(FramelessSyntaxTests.scala:28)
[info]   at frameless.syntax.FramelessSyntaxTests.$anonfun$new$4(FramelessSyntaxTests.scala:34)
[info]   at scala.Function1.$anonfun$andThen$1(Function1.scala:87)
[info]   at org.scalacheck.Prop$.$anonfun$forAllShrink$2(Prop.scala:868)
[info]   at org.scalacheck.Prop$.secure(Prop.scala:484)
[info]   at org.scalacheck.Prop$.result$1(Prop.scala:868)
[info]   at org.scalacheck.Prop$.$anonfun$forAllShrink$1(Prop.scala:915)
[info]   at org.scalacheck.Prop$.$anonfun$apply$1(Prop.scala:305)
[info]   at org.scalacheck.PropFromFun.apply(Prop.scala:20)
[info]   at org.scalacheck.Test$.workerFun$1(Test.scala:486)
[info]   at org.scalacheck.Test$.$anonfun$check$4(Test.scala:518)
[info]   at org.scalacheck.Test$.$anonfun$check$4$adapted(Test.scala:518)
[info]   at org.scalacheck.Platform$.runWorkers(Platform.scala:42)
[info]   at org.scalacheck.Test$.check(Test.scala:518)
[info]   at org.scalatestplus.scalacheck.UnitCheckerAsserting$CheckerAssertingImpl.check(CheckerAsserting.scala:90)
[info]   at org.scalatestplus.scalacheck.Checkers.check(Checkers.scala:371)
[info]   at org.scalatestplus.scalacheck.Checkers.check$(Checkers.scala:369)
[info]   at frameless.TypedDatasetSuite.check(TypedDatasetSuite.scala:63)
[info]   at frameless.syntax.FramelessSyntaxTests.$anonfun$new$1(FramelessSyntaxTests.scala:34)
[info]   at org.scalatest.OutcomeOf.outcomeOf(OutcomeOf.scala:85)
[info]   at org.scalatest.OutcomeOf.outcomeOf$(OutcomeOf.scala:83)
[info]   at org.scalatest.OutcomeOf$.outcomeOf(OutcomeOf.scala:104)
[info]   at org.scalatest.Transformer.apply(Transformer.scala:22)
[info]   at org.scalatest.Transformer.apply(Transformer.scala:20)
[info]   at org.scalatest.funsuite.AnyFunSuiteLike$$anon$1.apply(AnyFunSuiteLike.scala:226)
[info]   at org.scalatest.TestSuite.withFixture(TestSuite.scala:196)
[info]   at org.scalatest.TestSuite.withFixture$(TestSuite.scala:195)
[info]   at org.scalatest.funsuite.AnyFunSuite.withFixture(AnyFunSuite.scala:1564)
[info]   at org.scalatest.funsuite.AnyFunSuiteLike.invokeWithFixture$1(AnyFunSuiteLike.scala:224)
[info]   at org.scalatest.funsuite.AnyFunSuiteLike.$anonfun$runTest$1(AnyFunSuiteLike.scala:236)
[info]   at org.scalatest.SuperEngine.runTestImpl(Engine.scala:306)
[info]   at org.scalatest.funsuite.AnyFunSuiteLike.runTest(AnyFunSuiteLike.scala:236)
[info]   at org.scalatest.funsuite.AnyFunSuiteLike.runTest$(AnyFunSuiteLike.scala:218)
[info]   at org.scalatest.funsuite.AnyFunSuite.runTest(AnyFunSuite.scala:1564)
[info]   at org.scalatest.funsuite.AnyFunSuiteLike.$anonfun$runTests$1(AnyFunSuiteLike.scala:269)
[info]   at org.scalatest.SuperEngine.$anonfun$runTestsInBranch$1(Engine.scala:413)
[info]   at scala.collection.immutable.List.foreach(List.scala:334)
[info]   at org.scalatest.SuperEngine.traverseSubNodes$1(Engine.scala:401)
[info]   at org.scalatest.SuperEngine.runTestsInBranch(Engine.scala:396)
[info]   at org.scalatest.SuperEngine.runTestsImpl(Engine.scala:475)
[info]   at org.scalatest.funsuite.AnyFunSuiteLike.runTests(AnyFunSuiteLike.scala:269)
[info]   at org.scalatest.funsuite.AnyFunSuiteLike.runTests$(AnyFunSuiteLike.scala:268)
[info]   at org.scalatest.funsuite.AnyFunSuite.runTests(AnyFunSuite.scala:1564)
[info]   at org.scalatest.Suite.run(Suite.scala:1114)
[info]   at org.scalatest.Suite.run$(Suite.scala:1096)
[info]   at org.scalatest.funsuite.AnyFunSuite.org$scalatest$funsuite$AnyFunSuiteLike$$super$run(AnyFunSuite.scala:1564)
[info]   at org.scalatest.funsuite.AnyFunSuiteLike.$anonfun$run$1(AnyFunSuiteLike.scala:273)
[info]   at org.scalatest.SuperEngine.runImpl(Engine.scala:535)
[info]   at org.scalatest.funsuite.AnyFunSuiteLike.run(AnyFunSuiteLike.scala:273)
[info]   at org.scalatest.funsuite.AnyFunSuiteLike.run$(AnyFunSuiteLike.scala:272)
[info]   at frameless.TypedDatasetSuite.org$scalatest$BeforeAndAfterAll$$super$run(TypedDatasetSuite.scala:63)
[info]   at org.scalatest.BeforeAndAfterAll.liftedTree1$1(BeforeAndAfterAll.scala:213)
[info]   at org.scalatest.BeforeAndAfterAll.run(BeforeAndAfterAll.scala:210)
[info]   at org.scalatest.BeforeAndAfterAll.run$(BeforeAndAfterAll.scala:208)
[info]   at frameless.TypedDatasetSuite.run(TypedDatasetSuite.scala:63)
[info]   at org.scalatest.tools.Framework.org$scalatest$tools$Framework$$runSuite(Framework.scala:321)
[info]   at org.scalatest.tools.Framework$ScalaTestTask.execute(Framework.scala:517)
[info]   at sbt.ForkMain$Run.lambda$runTest$1(ForkMain.java:414)
[info]   at java.base/java.util.concurrent.FutureTask.run(FutureTask.java:317)
[info]   at java.base/java.util.concurrent.ThreadPoolExecutor.runWorker(ThreadPoolExecutor.java:1144)
[info]   at java.base/java.util.concurrent.ThreadPoolExecutor$Worker.run(ThreadPoolExecutor.java:642)
[info]   at java.base/java.lang.Thread.run(Thread.java:1583)
[info]   Cause: java.lang.ClassCastException: Cannot cast scala.reflect.ClassTag$GenericClassTag to org.apache.spark.sql.catalyst.expressions.Expression
[info]   at java.base/java.lang.Class.cast(Class.java:4067)
[info]   at java.base/jdk.internal.reflect.DirectConstructorHandleAccessor.newInstance(DirectConstructorHandleAccessor.java:62)
[info]   at java.base/java.lang.reflect.Constructor.newInstanceWithCaller(Constructor.java:502)
[info]   at java.base/java.lang.reflect.Constructor.newInstance(Constructor.java:486)
[info]   at frameless.TypedExpressionEncoder$.$anonfun$apply$3(TypedExpressionEncoder.scala:55)
[info]   at scala.Option.map(Option.scala:242)
[info]   at frameless.TypedExpressionEncoder$.apply(TypedExpressionEncoder.scala:54)
[info]   at frameless.syntax.FramelessSyntaxTests.prop$1(FramelessSyntaxTests.scala:28)
[info]   at frameless.syntax.FramelessSyntaxTests.$anonfun$new$4(FramelessSyntaxTests.scala:34)
[info]   at scala.Function1.$anonfun$andThen$1(Function1.scala:87)
[info]   at org.scalacheck.Prop$.$anonfun$forAllShrink$2(Prop.scala:868)
[info]   at org.scalacheck.Prop$.secure(Prop.scala:484)
[info]   at org.scalacheck.Prop$.result$1(Prop.scala:868)
[info]   at org.scalacheck.Prop$.$anonfun$forAllShrink$1(Prop.scala:915)
[info]   at org.scalacheck.Prop$.$anonfun$apply$1(Prop.scala:305)
[info]   at org.scalacheck.PropFromFun.apply(Prop.scala:20)
[info]   at org.scalacheck.Test$.workerFun$1(Test.scala:486)
[info]   at org.scalacheck.Test$.$anonfun$check$4(Test.scala:518)
[info]   at org.scalacheck.Test$.$anonfun$check$4$adapted(Test.scala:518)
[info]   at org.scalacheck.Platform$.runWorkers(Platform.scala:42)
[info]   at org.scalacheck.Test$.check(Test.scala:518)
[info]   at org.scalatestplus.scalacheck.UnitCheckerAsserting$CheckerAssertingImpl.check(CheckerAsserting.scala:90)
[info]   at org.scalatestplus.scalacheck.Checkers.check(Checkers.scala:371)
[info]   at org.scalatestplus.scalacheck.Checkers.check$(Checkers.scala:369)
[info]   at frameless.TypedDatasetSuite.check(TypedDatasetSuite.scala:63)
[info]   at frameless.syntax.FramelessSyntaxTests.$anonfun$new$1(FramelessSyntaxTests.scala:34)
[info]   at org.scalatest.OutcomeOf.outcomeOf(OutcomeOf.scala:85)
[info]   at org.scalatest.OutcomeOf.outcomeOf$(OutcomeOf.scala:83)
[info]   at org.scalatest.OutcomeOf$.outcomeOf(OutcomeOf.scala:104)
[info]   at org.scalatest.Transformer.apply(Transformer.scala:22)
[info]   at org.scalatest.Transformer.apply(Transformer.scala:20)
[info]   at org.scalatest.funsuite.AnyFunSuiteLike$$anon$1.apply(AnyFunSuiteLike.scala:226)
[info]   at org.scalatest.TestSuite.withFixture(TestSuite.scala:196)
[info]   at org.scalatest.TestSuite.withFixture$(TestSuite.scala:195)
[info]   at org.scalatest.funsuite.AnyFunSuite.withFixture(AnyFunSuite.scala:1564)
[info]   at org.scalatest.funsuite.AnyFunSuiteLike.invokeWithFixture$1(AnyFunSuiteLike.scala:224)
[info]   at org.scalatest.funsuite.AnyFunSuiteLike.$anonfun$runTest$1(AnyFunSuiteLike.scala:236)
[info]   at org.scalatest.SuperEngine.runTestImpl(Engine.scala:306)
[info]   at org.scalatest.funsuite.AnyFunSuiteLike.runTest(AnyFunSuiteLike.scala:236)
[info]   at org.scalatest.funsuite.AnyFunSuiteLike.runTest$(AnyFunSuiteLike.scala:218)
[info]   at org.scalatest.funsuite.AnyFunSuite.runTest(AnyFunSuite.scala:1564)
[info]   at org.scalatest.funsuite.AnyFunSuiteLike.$anonfun$runTests$1(AnyFunSuiteLike.scala:269)
[info]   at org.scalatest.SuperEngine.$anonfun$runTestsInBranch$1(Engine.scala:413)
[info]   at scala.collection.immutable.List.foreach(List.scala:334)
[info]   at org.scalatest.SuperEngine.traverseSubNodes$1(Engine.scala:401)
[info]   at org.scalatest.SuperEngine.runTestsInBranch(Engine.scala:396)
[info]   at org.scalatest.SuperEngine.runTestsImpl(Engine.scala:475)
[info]   at org.scalatest.funsuite.AnyFunSuiteLike.runTests(AnyFunSuiteLike.scala:269)
[info]   at org.scalatest.funsuite.AnyFunSuiteLike.runTests$(AnyFunSuiteLike.scala:268)
[info]   at org.scalatest.funsuite.AnyFunSuite.runTests(AnyFunSuite.scala:1564)
[info]   at org.scalatest.Suite.run(Suite.scala:1114)
[info]   at org.scalatest.Suite.run$(Suite.scala:1096)
[info]   at org.scalatest.funsuite.AnyFunSuite.org$scalatest$funsuite$AnyFunSuiteLike$$super$run(AnyFunSuite.scala:1564)
[info]   at org.scalatest.funsuite.AnyFunSuiteLike.$anonfun$run$1(AnyFunSuiteLike.scala:273)
[info]   at org.scalatest.SuperEngine.runImpl(Engine.scala:535)
[info]   at org.scalatest.funsuite.AnyFunSuiteLike.run(AnyFunSuiteLike.scala:273)
[info]   at org.scalatest.funsuite.AnyFunSuiteLike.run$(AnyFunSuiteLike.scala:272)
[info]   at frameless.TypedDatasetSuite.org$scalatest$BeforeAndAfterAll$$super$run(TypedDatasetSuite.scala:63)
[info]   at org.scalatest.BeforeAndAfterAll.liftedTree1$1(BeforeAndAfterAll.scala:213)
[info]   at org.scalatest.BeforeAndAfterAll.run(BeforeAndAfterAll.scala:210)
[info]   at org.scalatest.BeforeAndAfterAll.run$(BeforeAndAfterAll.scala:208)
[info]   at frameless.TypedDatasetSuite.run(TypedDatasetSuite.scala:63)
[info]   at org.scalatest.tools.Framework.org$scalatest$tools$Framework$$runSuite(Framework.scala:321)
[info]   at org.scalatest.tools.Framework$ScalaTestTask.execute(Framework.scala:517)
[info]   at sbt.ForkMain$Run.lambda$runTest$1(ForkMain.java:414)
[info]   at java.base/java.util.concurrent.FutureTask.run(FutureTask.java:317)
[info]   at java.base/java.util.concurrent.ThreadPoolExecutor.runWorker(ThreadPoolExecutor.java:1144)
[info]   at java.base/java.util.concurrent.ThreadPoolExecutor$Worker.run(ThreadPoolExecutor.java:642)
[info]   at java.base/java.lang.Thread.run(Thread.java:1583)
[info] - frameless typed column and aggregate *** FAILED *** (71 milliseconds)
[info]   IllegalArgumentException was thrown during property evaluation.
[info]     Message: argument type mismatch
[info]     Occurred when passed generated values (
[info]       arg0 = 0, // 31 shrinks
[info]       arg1 = 0 // 31 shrinks
[info]     )
[info]   org.scalatest.exceptions.GeneratorDrivenPropertyCheckFailedException:
[info]   at org.scalatestplus.scalacheck.CheckerAsserting$$anon$2.indicateFailure(CheckerAsserting.scala:251)
[info]   at org.scalatestplus.scalacheck.CheckerAsserting$$anon$2.indicateFailure(CheckerAsserting.scala:238)
[info]   at org.scalatestplus.scalacheck.UnitCheckerAsserting$CheckerAssertingImpl.check(CheckerAsserting.scala:160)
[info]   at org.scalatestplus.scalacheck.Checkers.check(Checkers.scala:371)
[info]   at org.scalatestplus.scalacheck.Checkers.check$(Checkers.scala:369)
[info]   at frameless.TypedDatasetSuite.check(TypedDatasetSuite.scala:63)
[info]   at frameless.syntax.FramelessSyntaxTests.$anonfun$new$16(FramelessSyntaxTests.scala:46)
[info]   at org.scalatest.OutcomeOf.outcomeOf(OutcomeOf.scala:85)
[info]   at org.scalatest.OutcomeOf.outcomeOf$(OutcomeOf.scala:83)
[info]   at org.scalatest.OutcomeOf$.outcomeOf(OutcomeOf.scala:104)
[info]   at org.scalatest.Transformer.apply(Transformer.scala:22)
[info]   at org.scalatest.Transformer.apply(Transformer.scala:20)
[info]   at org.scalatest.funsuite.AnyFunSuiteLike$$anon$1.apply(AnyFunSuiteLike.scala:226)
[info]   at org.scalatest.TestSuite.withFixture(TestSuite.scala:196)
[info]   at org.scalatest.TestSuite.withFixture$(TestSuite.scala:195)
[info]   at org.scalatest.funsuite.AnyFunSuite.withFixture(AnyFunSuite.scala:1564)
[info]   at org.scalatest.funsuite.AnyFunSuiteLike.invokeWithFixture$1(AnyFunSuiteLike.scala:224)
[info]   at org.scalatest.funsuite.AnyFunSuiteLike.$anonfun$runTest$1(AnyFunSuiteLike.scala:236)
[info]   at org.scalatest.SuperEngine.runTestImpl(Engine.scala:306)
[info]   at org.scalatest.funsuite.AnyFunSuiteLike.runTest(AnyFunSuiteLike.scala:236)
[info]   at org.scalatest.funsuite.AnyFunSuiteLike.runTest$(AnyFunSuiteLike.scala:218)
[info]   at org.scalatest.funsuite.AnyFunSuite.runTest(AnyFunSuite.scala:1564)
[info]   at org.scalatest.funsuite.AnyFunSuiteLike.$anonfun$runTests$1(AnyFunSuiteLike.scala:269)
[info]   at org.scalatest.SuperEngine.$anonfun$runTestsInBranch$1(Engine.scala:413)
[info]   at scala.collection.immutable.List.foreach(List.scala:334)
[info]   at org.scalatest.SuperEngine.traverseSubNodes$1(Engine.scala:401)
[info]   at org.scalatest.SuperEngine.runTestsInBranch(Engine.scala:396)
[info]   at org.scalatest.SuperEngine.runTestsImpl(Engine.scala:475)
[info]   at org.scalatest.funsuite.AnyFunSuiteLike.runTests(AnyFunSuiteLike.scala:269)
[info]   at org.scalatest.funsuite.AnyFunSuiteLike.runTests$(AnyFunSuiteLike.scala:268)
[info]   at org.scalatest.funsuite.AnyFunSuite.runTests(AnyFunSuite.scala:1564)
[info]   at org.scalatest.Suite.run(Suite.scala:1114)
[info]   at org.scalatest.Suite.run$(Suite.scala:1096)
[info]   at org.scalatest.funsuite.AnyFunSuite.org$scalatest$funsuite$AnyFunSuiteLike$$super$run(AnyFunSuite.scala:1564)
[info]   at org.scalatest.funsuite.AnyFunSuiteLike.$anonfun$run$1(AnyFunSuiteLike.scala:273)
[info]   at org.scalatest.SuperEngine.runImpl(Engine.scala:535)
[info]   at org.scalatest.funsuite.AnyFunSuiteLike.run(AnyFunSuiteLike.scala:273)
[info]   at org.scalatest.funsuite.AnyFunSuiteLike.run$(AnyFunSuiteLike.scala:272)
[info]   at frameless.TypedDatasetSuite.org$scalatest$BeforeAndAfterAll$$super$run(TypedDatasetSuite.scala:63)
[info]   at org.scalatest.BeforeAndAfterAll.liftedTree1$1(BeforeAndAfterAll.scala:213)
[info]   at org.scalatest.BeforeAndAfterAll.run(BeforeAndAfterAll.scala:210)
[info]   at org.scalatest.BeforeAndAfterAll.run$(BeforeAndAfterAll.scala:208)
[info]   at frameless.TypedDatasetSuite.run(TypedDatasetSuite.scala:63)
[info]   at org.scalatest.tools.Framework.org$scalatest$tools$Framework$$runSuite(Framework.scala:321)
[info]   at org.scalatest.tools.Framework$ScalaTestTask.execute(Framework.scala:517)
[info]   at sbt.ForkMain$Run.lambda$runTest$1(ForkMain.java:414)
[info]   at java.base/java.util.concurrent.FutureTask.run(FutureTask.java:317)
[info]   at java.base/java.util.concurrent.ThreadPoolExecutor.runWorker(ThreadPoolExecutor.java:1144)
[info]   at java.base/java.util.concurrent.ThreadPoolExecutor$Worker.run(ThreadPoolExecutor.java:642)
[info]   at java.base/java.lang.Thread.run(Thread.java:1583)
[info]   Cause: java.lang.IllegalArgumentException: argument type mismatch
[info]   at java.base/jdk.internal.reflect.DirectConstructorHandleAccessor.newInstance(DirectConstructorHandleAccessor.java:65)
[info]   at java.base/java.lang.reflect.Constructor.newInstanceWithCaller(Constructor.java:502)
[info]   at java.base/java.lang.reflect.Constructor.newInstance(Constructor.java:486)
[info]   at frameless.TypedExpressionEncoder$.$anonfun$apply$3(TypedExpressionEncoder.scala:55)
[info]   at scala.Option.map(Option.scala:242)
[info]   at frameless.TypedExpressionEncoder$.apply(TypedExpressionEncoder.scala:54)
[info]   at frameless.TypedDataset$.create(TypedDataset.scala:1325)
[info]   at frameless.syntax.FramelessSyntaxTests.prop$2(FramelessSyntaxTests.scala:40)
[info]   at frameless.syntax.FramelessSyntaxTests.$anonfun$new$34(FramelessSyntaxTests.scala:46)
[info]   at frameless.syntax.FramelessSyntaxTests.$anonfun$new$34$adapted(FramelessSyntaxTests.scala:46)
[info]   at org.scalacheck.Prop$.$anonfun$forAll$18(Prop.scala:1131)
[info]   at scala.Function1.$anonfun$andThen$1(Function1.scala:87)
[info]   at org.scalacheck.Prop$.$anonfun$forAllShrink$2(Prop.scala:868)
[info]   at org.scalacheck.Prop$.secure(Prop.scala:484)
[info]   at org.scalacheck.Prop$.result$1(Prop.scala:868)
[info]   at org.scalacheck.Prop$.$anonfun$forAllShrink$4(Prop.scala:880)
[info]   at scala.collection.immutable.Stream.map(Stream.scala:173)
[info]   at org.scalacheck.Prop$.getFirstFailure$1(Prop.scala:880)
[info]   at org.scalacheck.Prop$.shrinker$1(Prop.scala:895)
[info]   at org.scalacheck.Prop$.$anonfun$forAllShrink$1(Prop.scala:916)
[info]   at org.scalacheck.Prop$.$anonfun$apply$1(Prop.scala:305)
[info]   at org.scalacheck.PropFromFun.apply(Prop.scala:20)
[info]   at org.scalacheck.Prop$.result$1(Prop.scala:869)
[info]   at org.scalacheck.Prop$.$anonfun$forAllShrink$4(Prop.scala:880)
[info]   at scala.collection.immutable.Stream.map(Stream.scala:173)
[info]   at org.scalacheck.Prop$.getFirstFailure$1(Prop.scala:880)
[info]   at org.scalacheck.Prop$.shrinker$1(Prop.scala:895)
[info]   at org.scalacheck.Prop$.$anonfun$forAllShrink$1(Prop.scala:916)
[info]   at org.scalacheck.Prop$.$anonfun$apply$1(Prop.scala:305)
[info]   at org.scalacheck.PropFromFun.apply(Prop.scala:20)
[info]   at org.scalacheck.Test$.workerFun$1(Test.scala:486)
[info]   at org.scalacheck.Test$.$anonfun$check$4(Test.scala:518)
[info]   at org.scalacheck.Test$.$anonfun$check$4$adapted(Test.scala:518)
[info]   at org.scalacheck.Platform$.runWorkers(Platform.scala:42)
[info]   at org.scalacheck.Test$.check(Test.scala:518)
[info]   at org.scalatestplus.scalacheck.UnitCheckerAsserting$CheckerAssertingImpl.check(CheckerAsserting.scala:90)
[info]   at org.scalatestplus.scalacheck.Checkers.check(Checkers.scala:371)
[info]   at org.scalatestplus.scalacheck.Checkers.check$(Checkers.scala:369)
[info]   at frameless.TypedDatasetSuite.check(TypedDatasetSuite.scala:63)
[info]   at frameless.syntax.FramelessSyntaxTests.$anonfun$new$16(FramelessSyntaxTests.scala:46)
[info]   at org.scalatest.OutcomeOf.outcomeOf(OutcomeOf.scala:85)
[info]   at org.scalatest.OutcomeOf.outcomeOf$(OutcomeOf.scala:83)
[info]   at org.scalatest.OutcomeOf$.outcomeOf(OutcomeOf.scala:104)
[info]   at org.scalatest.Transformer.apply(Transformer.scala:22)
[info]   at org.scalatest.Transformer.apply(Transformer.scala:20)
[info]   at org.scalatest.funsuite.AnyFunSuiteLike$$anon$1.apply(AnyFunSuiteLike.scala:226)
[info]   at org.scalatest.TestSuite.withFixture(TestSuite.scala:196)
[info]   at org.scalatest.TestSuite.withFixture$(TestSuite.scala:195)
[info]   at org.scalatest.funsuite.AnyFunSuite.withFixture(AnyFunSuite.scala:1564)
[info]   at org.scalatest.funsuite.AnyFunSuiteLike.invokeWithFixture$1(AnyFunSuiteLike.scala:224)
[info]   at org.scalatest.funsuite.AnyFunSuiteLike.$anonfun$runTest$1(AnyFunSuiteLike.scala:236)
[info]   at org.scalatest.SuperEngine.runTestImpl(Engine.scala:306)
[info]   at org.scalatest.funsuite.AnyFunSuiteLike.runTest(AnyFunSuiteLike.scala:236)
[info]   at org.scalatest.funsuite.AnyFunSuiteLike.runTest$(AnyFunSuiteLike.scala:218)
[info]   at org.scalatest.funsuite.AnyFunSuite.runTest(AnyFunSuite.scala:1564)
[info]   at org.scalatest.funsuite.AnyFunSuiteLike.$anonfun$runTests$1(AnyFunSuiteLike.scala:269)
[info]   at org.scalatest.SuperEngine.$anonfun$runTestsInBranch$1(Engine.scala:413)
[info]   at scala.collection.immutable.List.foreach(List.scala:334)
[info]   at org.scalatest.SuperEngine.traverseSubNodes$1(Engine.scala:401)
[info]   at org.scalatest.SuperEngine.runTestsInBranch(Engine.scala:396)
[info]   at org.scalatest.SuperEngine.runTestsImpl(Engine.scala:475)
[info]   at org.scalatest.funsuite.AnyFunSuiteLike.runTests(AnyFunSuiteLike.scala:269)
[info]   at org.scalatest.funsuite.AnyFunSuiteLike.runTests$(AnyFunSuiteLike.scala:268)
[info]   at org.scalatest.funsuite.AnyFunSuite.runTests(AnyFunSuite.scala:1564)
[info]   at org.scalatest.Suite.run(Suite.scala:1114)
[info]   at org.scalatest.Suite.run$(Suite.scala:1096)
[info]   at org.scalatest.funsuite.AnyFunSuite.org$scalatest$funsuite$AnyFunSuiteLike$$super$run(AnyFunSuite.scala:1564)
[info]   at org.scalatest.funsuite.AnyFunSuiteLike.$anonfun$run$1(AnyFunSuiteLike.scala:273)
[info]   at org.scalatest.SuperEngine.runImpl(Engine.scala:535)
[info]   at org.scalatest.funsuite.AnyFunSuiteLike.run(AnyFunSuiteLike.scala:273)
[info]   at org.scalatest.funsuite.AnyFunSuiteLike.run$(AnyFunSuiteLike.scala:272)
[info]   at frameless.TypedDatasetSuite.org$scalatest$BeforeAndAfterAll$$super$run(TypedDatasetSuite.scala:63)
[info]   at org.scalatest.BeforeAndAfterAll.liftedTree1$1(BeforeAndAfterAll.scala:213)
[info]   at org.scalatest.BeforeAndAfterAll.run(BeforeAndAfterAll.scala:210)
[info]   at org.scalatest.BeforeAndAfterAll.run$(BeforeAndAfterAll.scala:208)
[info]   at frameless.TypedDatasetSuite.run(TypedDatasetSuite.scala:63)
[info]   at org.scalatest.tools.Framework.org$scalatest$tools$Framework$$runSuite(Framework.scala:321)
[info]   at org.scalatest.tools.Framework$ScalaTestTask.execute(Framework.scala:517)
[info]   at sbt.ForkMain$Run.lambda$runTest$1(ForkMain.java:414)
[info]   at java.base/java.util.concurrent.FutureTask.run(FutureTask.java:317)
[info]   at java.base/java.util.concurrent.ThreadPoolExecutor.runWorker(ThreadPoolExecutor.java:1144)
[info]   at java.base/java.util.concurrent.ThreadPoolExecutor$Worker.run(ThreadPoolExecutor.java:642)
[info]   at java.base/java.lang.Thread.run(Thread.java:1583)
[info]   Cause: java.lang.ClassCastException: Cannot cast scala.reflect.ClassTag$GenericClassTag to org.apache.spark.sql.catalyst.expressions.Expression
[info]   at java.base/java.lang.Class.cast(Class.java:4067)
[info]   at java.base/jdk.internal.reflect.DirectConstructorHandleAccessor.newInstance(DirectConstructorHandleAccessor.java:62)
[info]   at java.base/java.lang.reflect.Constructor.newInstanceWithCaller(Constructor.java:502)
[info]   at java.base/java.lang.reflect.Constructor.newInstance(Constructor.java:486)
[info]   at frameless.TypedExpressionEncoder$.$anonfun$apply$3(TypedExpressionEncoder.scala:55)
[info]   at scala.Option.map(Option.scala:242)
[info]   at frameless.TypedExpressionEncoder$.apply(TypedExpressionEncoder.scala:54)
[info]   at frameless.TypedDataset$.create(TypedDataset.scala:1325)
[info]   at frameless.syntax.FramelessSyntaxTests.prop$2(FramelessSyntaxTests.scala:40)
[info]   at frameless.syntax.FramelessSyntaxTests.$anonfun$new$34(FramelessSyntaxTests.scala:46)
[info]   at frameless.syntax.FramelessSyntaxTests.$anonfun$new$34$adapted(FramelessSyntaxTests.scala:46)
[info]   at org.scalacheck.Prop$.$anonfun$forAll$18(Prop.scala:1131)
[info]   at scala.Function1.$anonfun$andThen$1(Function1.scala:87)
[info]   at org.scalacheck.Prop$.$anonfun$forAllShrink$2(Prop.scala:868)
[info]   at org.scalacheck.Prop$.secure(Prop.scala:484)
[info]   at org.scalacheck.Prop$.result$1(Prop.scala:868)
[info]   at org.scalacheck.Prop$.$anonfun$forAllShrink$4(Prop.scala:880)
[info]   at scala.collection.immutable.Stream.map(Stream.scala:173)
[info]   at org.scalacheck.Prop$.getFirstFailure$1(Prop.scala:880)
[info]   at org.scalacheck.Prop$.shrinker$1(Prop.scala:895)
[info]   at org.scalacheck.Prop$.$anonfun$forAllShrink$1(Prop.scala:916)
[info]   at org.scalacheck.Prop$.$anonfun$apply$1(Prop.scala:305)
[info]   at org.scalacheck.PropFromFun.apply(Prop.scala:20)
[info]   at org.scalacheck.Prop$.result$1(Prop.scala:869)
[info]   at org.scalacheck.Prop$.$anonfun$forAllShrink$4(Prop.scala:880)
[info]   at scala.collection.immutable.Stream.map(Stream.scala:173)
[info]   at org.scalacheck.Prop$.getFirstFailure$1(Prop.scala:880)
[info]   at org.scalacheck.Prop$.shrinker$1(Prop.scala:895)
[info]   at org.scalacheck.Prop$.$anonfun$forAllShrink$1(Prop.scala:916)
[info]   at org.scalacheck.Prop$.$anonfun$apply$1(Prop.scala:305)
[info]   at org.scalacheck.PropFromFun.apply(Prop.scala:20)
[info]   at org.scalacheck.Test$.workerFun$1(Test.scala:486)
[info]   at org.scalacheck.Test$.$anonfun$check$4(Test.scala:518)
[info]   at org.scalacheck.Test$.$anonfun$check$4$adapted(Test.scala:518)
[info]   at org.scalacheck.Platform$.runWorkers(Platform.scala:42)
[info]   at org.scalacheck.Test$.check(Test.scala:518)
[info]   at org.scalatestplus.scalacheck.UnitCheckerAsserting$CheckerAssertingImpl.check(CheckerAsserting.scala:90)
[info]   at org.scalatestplus.scalacheck.Checkers.check(Checkers.scala:371)
[info]   at org.scalatestplus.scalacheck.Checkers.check$(Checkers.scala:369)
[info]   at frameless.TypedDatasetSuite.check(TypedDatasetSuite.scala:63)
[info]   at frameless.syntax.FramelessSyntaxTests.$anonfun$new$16(FramelessSyntaxTests.scala:46)
[info]   at org.scalatest.OutcomeOf.outcomeOf(OutcomeOf.scala:85)
[info]   at org.scalatest.OutcomeOf.outcomeOf$(OutcomeOf.scala:83)
[info]   at org.scalatest.OutcomeOf$.outcomeOf(OutcomeOf.scala:104)
[info]   at org.scalatest.Transformer.apply(Transformer.scala:22)
[info]   at org.scalatest.Transformer.apply(Transformer.scala:20)
[info]   at org.scalatest.funsuite.AnyFunSuiteLike$$anon$1.apply(AnyFunSuiteLike.scala:226)
[info]   at org.scalatest.TestSuite.withFixture(TestSuite.scala:196)
[info]   at org.scalatest.TestSuite.withFixture$(TestSuite.scala:195)
[info]   at org.scalatest.funsuite.AnyFunSuite.withFixture(AnyFunSuite.scala:1564)
[info]   at org.scalatest.funsuite.AnyFunSuiteLike.invokeWithFixture$1(AnyFunSuiteLike.scala:224)
[info]   at org.scalatest.funsuite.AnyFunSuiteLike.$anonfun$runTest$1(AnyFunSuiteLike.scala:236)
[info]   at org.scalatest.SuperEngine.runTestImpl(Engine.scala:306)
[info]   at org.scalatest.funsuite.AnyFunSuiteLike.runTest(AnyFunSuiteLike.scala:236)
[info]   at org.scalatest.funsuite.AnyFunSuiteLike.runTest$(AnyFunSuiteLike.scala:218)
[info]   at org.scalatest.funsuite.AnyFunSuite.runTest(AnyFunSuite.scala:1564)
[info]   at org.scalatest.funsuite.AnyFunSuiteLike.$anonfun$runTests$1(AnyFunSuiteLike.scala:269)
[info]   at org.scalatest.SuperEngine.$anonfun$runTestsInBranch$1(Engine.scala:413)
[info]   at scala.collection.immutable.List.foreach(List.scala:334)
[info]   at org.scalatest.SuperEngine.traverseSubNodes$1(Engine.scala:401)
[info]   at org.scalatest.SuperEngine.runTestsInBranch(Engine.scala:396)
[info]   at org.scalatest.SuperEngine.runTestsImpl(Engine.scala:475)
[info]   at org.scalatest.funsuite.AnyFunSuiteLike.runTests(AnyFunSuiteLike.scala:269)
[info]   at org.scalatest.funsuite.AnyFunSuiteLike.runTests$(AnyFunSuiteLike.scala:268)
[info]   at org.scalatest.funsuite.AnyFunSuite.runTests(AnyFunSuite.scala:1564)
[info]   at org.scalatest.Suite.run(Suite.scala:1114)
[info]   at org.scalatest.Suite.run$(Suite.scala:1096)
[info]   at org.scalatest.funsuite.AnyFunSuite.org$scalatest$funsuite$AnyFunSuiteLike$$super$run(AnyFunSuite.scala:1564)
[info]   at org.scalatest.funsuite.AnyFunSuiteLike.$anonfun$run$1(AnyFunSuiteLike.scala:273)
[info]   at org.scalatest.SuperEngine.runImpl(Engine.scala:535)
[info]   at org.scalatest.funsuite.AnyFunSuiteLike.run(AnyFunSuiteLike.scala:273)
[info]   at org.scalatest.funsuite.AnyFunSuiteLike.run$(AnyFunSuiteLike.scala:272)
[info]   at frameless.TypedDatasetSuite.org$scalatest$BeforeAndAfterAll$$super$run(TypedDatasetSuite.scala:63)
[info]   at org.scalatest.BeforeAndAfterAll.liftedTree1$1(BeforeAndAfterAll.scala:213)
[info]   at org.scalatest.BeforeAndAfterAll.run(BeforeAndAfterAll.scala:210)
[info]   at org.scalatest.BeforeAndAfterAll.run$(BeforeAndAfterAll.scala:208)
[info]   at frameless.TypedDatasetSuite.run(TypedDatasetSuite.scala:63)
[info]   at org.scalatest.tools.Framework.org$scalatest$tools$Framework$$runSuite(Framework.scala:321)
[info]   at org.scalatest.tools.Framework$ScalaTestTask.execute(Framework.scala:517)
[info]   at sbt.ForkMain$Run.lambda$runTest$1(ForkMain.java:414)
[info]   at java.base/java.util.concurrent.FutureTask.run(FutureTask.java:317)
[info]   at java.base/java.util.concurrent.ThreadPoolExecutor.runWorker(ThreadPoolExecutor.java:1144)
[info]   at java.base/java.util.concurrent.ThreadPoolExecutor$Worker.run(ThreadPoolExecutor.java:642)
[info]   at java.base/java.lang.Thread.run(Thread.java:1583)
[info] ColumnTypesTest:
[info] - test summoning *** FAILED *** (4 milliseconds)
[info]   IllegalArgumentException was thrown during property evaluation.
[info]     Message: argument type mismatch
[info]     Occurred when passed generated values (
[info]       arg0 = Vector()
[info]     )
[info]   org.scalatest.exceptions.GeneratorDrivenPropertyCheckFailedException:
[info]   at org.scalatestplus.scalacheck.CheckerAsserting$$anon$2.indicateFailure(CheckerAsserting.scala:251)
[info]   at org.scalatestplus.scalacheck.CheckerAsserting$$anon$2.indicateFailure(CheckerAsserting.scala:238)
[info]   at org.scalatestplus.scalacheck.UnitCheckerAsserting$CheckerAssertingImpl.check(CheckerAsserting.scala:160)
[info]   at org.scalatestplus.scalacheck.Checkers.check(Checkers.scala:371)
[info]   at org.scalatestplus.scalacheck.Checkers.check$(Checkers.scala:369)
[info]   at frameless.TypedDatasetSuite.check(TypedDatasetSuite.scala:63)
[info]   at frameless.ops.ColumnTypesTest.$anonfun$new$1(ColumnTypesTest.scala:24)
[info]   at org.scalatest.OutcomeOf.outcomeOf(OutcomeOf.scala:85)
[info]   at org.scalatest.OutcomeOf.outcomeOf$(OutcomeOf.scala:83)
[info]   at org.scalatest.OutcomeOf$.outcomeOf(OutcomeOf.scala:104)
[info]   at org.scalatest.Transformer.apply(Transformer.scala:22)
[info]   at org.scalatest.Transformer.apply(Transformer.scala:20)
[info]   at org.scalatest.funsuite.AnyFunSuiteLike$$anon$1.apply(AnyFunSuiteLike.scala:226)
[info]   at org.scalatest.TestSuite.withFixture(TestSuite.scala:196)
[info]   at org.scalatest.TestSuite.withFixture$(TestSuite.scala:195)
[info]   at org.scalatest.funsuite.AnyFunSuite.withFixture(AnyFunSuite.scala:1564)
[info]   at org.scalatest.funsuite.AnyFunSuiteLike.invokeWithFixture$1(AnyFunSuiteLike.scala:224)
[info]   at org.scalatest.funsuite.AnyFunSuiteLike.$anonfun$runTest$1(AnyFunSuiteLike.scala:236)
[info]   at org.scalatest.SuperEngine.runTestImpl(Engine.scala:306)
[info]   at org.scalatest.funsuite.AnyFunSuiteLike.runTest(AnyFunSuiteLike.scala:236)
[info]   at org.scalatest.funsuite.AnyFunSuiteLike.runTest$(AnyFunSuiteLike.scala:218)
[info]   at org.scalatest.funsuite.AnyFunSuite.runTest(AnyFunSuite.scala:1564)
[info]   at org.scalatest.funsuite.AnyFunSuiteLike.$anonfun$runTests$1(AnyFunSuiteLike.scala:269)
[info]   at org.scalatest.SuperEngine.$anonfun$runTestsInBranch$1(Engine.scala:413)
[info]   at scala.collection.immutable.List.foreach(List.scala:334)
[info]   at org.scalatest.SuperEngine.traverseSubNodes$1(Engine.scala:401)
[info]   at org.scalatest.SuperEngine.runTestsInBranch(Engine.scala:396)
[info]   at org.scalatest.SuperEngine.runTestsImpl(Engine.scala:475)
[info]   at org.scalatest.funsuite.AnyFunSuiteLike.runTests(AnyFunSuiteLike.scala:269)
[info]   at org.scalatest.funsuite.AnyFunSuiteLike.runTests$(AnyFunSuiteLike.scala:268)
[info]   at org.scalatest.funsuite.AnyFunSuite.runTests(AnyFunSuite.scala:1564)
[info]   at org.scalatest.Suite.run(Suite.scala:1114)
[info]   at org.scalatest.Suite.run$(Suite.scala:1096)
[info]   at org.scalatest.funsuite.AnyFunSuite.org$scalatest$funsuite$AnyFunSuiteLike$$super$run(AnyFunSuite.scala:1564)
[info]   at org.scalatest.funsuite.AnyFunSuiteLike.$anonfun$run$1(AnyFunSuiteLike.scala:273)
[info]   at org.scalatest.SuperEngine.runImpl(Engine.scala:535)
[info]   at org.scalatest.funsuite.AnyFunSuiteLike.run(AnyFunSuiteLike.scala:273)
[info]   at org.scalatest.funsuite.AnyFunSuiteLike.run$(AnyFunSuiteLike.scala:272)
[info]   at frameless.TypedDatasetSuite.org$scalatest$BeforeAndAfterAll$$super$run(TypedDatasetSuite.scala:63)
[info]   at org.scalatest.BeforeAndAfterAll.liftedTree1$1(BeforeAndAfterAll.scala:213)
[info]   at org.scalatest.BeforeAndAfterAll.run(BeforeAndAfterAll.scala:210)
[info]   at org.scalatest.BeforeAndAfterAll.run$(BeforeAndAfterAll.scala:208)
[info]   at frameless.TypedDatasetSuite.run(TypedDatasetSuite.scala:63)
[info]   at org.scalatest.tools.Framework.org$scalatest$tools$Framework$$runSuite(Framework.scala:321)
[info]   at org.scalatest.tools.Framework$ScalaTestTask.execute(Framework.scala:517)
[info]   at sbt.ForkMain$Run.lambda$runTest$1(ForkMain.java:414)
[info]   at java.base/java.util.concurrent.FutureTask.run(FutureTask.java:317)
[info]   at java.base/java.util.concurrent.ThreadPoolExecutor.runWorker(ThreadPoolExecutor.java:1144)
[info]   at java.base/java.util.concurrent.ThreadPoolExecutor$Worker.run(ThreadPoolExecutor.java:642)
[info]   at java.base/java.lang.Thread.run(Thread.java:1583)
[info]   Cause: java.lang.IllegalArgumentException: argument type mismatch
[info]   at java.base/jdk.internal.reflect.DirectConstructorHandleAccessor.newInstance(DirectConstructorHandleAccessor.java:65)
[info]   at java.base/java.lang.reflect.Constructor.newInstanceWithCaller(Constructor.java:502)
[info]   at java.base/java.lang.reflect.Constructor.newInstance(Constructor.java:486)
[info]   at frameless.TypedExpressionEncoder$.$anonfun$apply$3(TypedExpressionEncoder.scala:55)
[info]   at scala.Option.map(Option.scala:242)
[info]   at frameless.TypedExpressionEncoder$.apply(TypedExpressionEncoder.scala:54)
[info]   at frameless.TypedDataset$.create(TypedDataset.scala:1325)
[info]   at frameless.ops.ColumnTypesTest.prop$1(ColumnTypesTest.scala:12)
[info]   at frameless.ops.ColumnTypesTest.$anonfun$new$14(ColumnTypesTest.scala:24)
[info]   at scala.Function1.$anonfun$andThen$1(Function1.scala:87)
[info]   at org.scalacheck.Prop$.$anonfun$forAllShrink$2(Prop.scala:868)
[info]   at org.scalacheck.Prop$.secure(Prop.scala:484)
[info]   at org.scalacheck.Prop$.result$1(Prop.scala:868)
[info]   at org.scalacheck.Prop$.$anonfun$forAllShrink$1(Prop.scala:915)
[info]   at org.scalacheck.Prop$.$anonfun$apply$1(Prop.scala:305)
[info]   at org.scalacheck.PropFromFun.apply(Prop.scala:20)
[info]   at org.scalacheck.Test$.workerFun$1(Test.scala:486)
[info]   at org.scalacheck.Test$.$anonfun$check$4(Test.scala:518)
[info]   at org.scalacheck.Test$.$anonfun$check$4$adapted(Test.scala:518)
[info]   at org.scalacheck.Platform$.runWorkers(Platform.scala:42)
[info]   at org.scalacheck.Test$.check(Test.scala:518)
[info]   at org.scalatestplus.scalacheck.UnitCheckerAsserting$CheckerAssertingImpl.check(CheckerAsserting.scala:90)
[info]   at org.scalatestplus.scalacheck.Checkers.check(Checkers.scala:371)
[info]   at org.scalatestplus.scalacheck.Checkers.check$(Checkers.scala:369)
[info]   at frameless.TypedDatasetSuite.check(TypedDatasetSuite.scala:63)
[info]   at frameless.ops.ColumnTypesTest.$anonfun$new$1(ColumnTypesTest.scala:24)
[info]   at org.scalatest.OutcomeOf.outcomeOf(OutcomeOf.scala:85)
[info]   at org.scalatest.OutcomeOf.outcomeOf$(OutcomeOf.scala:83)
[info]   at org.scalatest.OutcomeOf$.outcomeOf(OutcomeOf.scala:104)
[info]   at org.scalatest.Transformer.apply(Transformer.scala:22)
[info]   at org.scalatest.Transformer.apply(Transformer.scala:20)
[info]   at org.scalatest.funsuite.AnyFunSuiteLike$$anon$1.apply(AnyFunSuiteLike.scala:226)
[info]   at org.scalatest.TestSuite.withFixture(TestSuite.scala:196)
[info]   at org.scalatest.TestSuite.withFixture$(TestSuite.scala:195)
[info]   at org.scalatest.funsuite.AnyFunSuite.withFixture(AnyFunSuite.scala:1564)
[info]   at org.scalatest.funsuite.AnyFunSuiteLike.invokeWithFixture$1(AnyFunSuiteLike.scala:224)
[info]   at org.scalatest.funsuite.AnyFunSuiteLike.$anonfun$runTest$1(AnyFunSuiteLike.scala:236)
[info]   at org.scalatest.SuperEngine.runTestImpl(Engine.scala:306)
[info]   at org.scalatest.funsuite.AnyFunSuiteLike.runTest(AnyFunSuiteLike.scala:236)
[info]   at org.scalatest.funsuite.AnyFunSuiteLike.runTest$(AnyFunSuiteLike.scala:218)
[info]   at org.scalatest.funsuite.AnyFunSuite.runTest(AnyFunSuite.scala:1564)
[info]   at org.scalatest.funsuite.AnyFunSuiteLike.$anonfun$runTests$1(AnyFunSuiteLike.scala:269)
[info]   at org.scalatest.SuperEngine.$anonfun$runTestsInBranch$1(Engine.scala:413)
[info]   at scala.collection.immutable.List.foreach(List.scala:334)
[info]   at org.scalatest.SuperEngine.traverseSubNodes$1(Engine.scala:401)
[info]   at org.scalatest.SuperEngine.runTestsInBranch(Engine.scala:396)
[info]   at org.scalatest.SuperEngine.runTestsImpl(Engine.scala:475)
[info]   at org.scalatest.funsuite.AnyFunSuiteLike.runTests(AnyFunSuiteLike.scala:269)
[info]   at org.scalatest.funsuite.AnyFunSuiteLike.runTests$(AnyFunSuiteLike.scala:268)
[info]   at org.scalatest.funsuite.AnyFunSuite.runTests(AnyFunSuite.scala:1564)
[info]   at org.scalatest.Suite.run(Suite.scala:1114)
[info]   at org.scalatest.Suite.run$(Suite.scala:1096)
[info]   at org.scalatest.funsuite.AnyFunSuite.org$scalatest$funsuite$AnyFunSuiteLike$$super$run(AnyFunSuite.scala:1564)
[info]   at org.scalatest.funsuite.AnyFunSuiteLike.$anonfun$run$1(AnyFunSuiteLike.scala:273)
[info]   at org.scalatest.SuperEngine.runImpl(Engine.scala:535)
[info]   at org.scalatest.funsuite.AnyFunSuiteLike.run(AnyFunSuiteLike.scala:273)
[info]   at org.scalatest.funsuite.AnyFunSuiteLike.run$(AnyFunSuiteLike.scala:272)
[info]   at frameless.TypedDatasetSuite.org$scalatest$BeforeAndAfterAll$$super$run(TypedDatasetSuite.scala:63)
[info]   at org.scalatest.BeforeAndAfterAll.liftedTree1$1(BeforeAndAfterAll.scala:213)
[info]   at org.scalatest.BeforeAndAfterAll.run(BeforeAndAfterAll.scala:210)
[info]   at org.scalatest.BeforeAndAfterAll.run$(BeforeAndAfterAll.scala:208)
[info]   at frameless.TypedDatasetSuite.run(TypedDatasetSuite.scala:63)
[info]   at org.scalatest.tools.Framework.org$scalatest$tools$Framework$$runSuite(Framework.scala:321)
[info]   at org.scalatest.tools.Framework$ScalaTestTask.execute(Framework.scala:517)
[info]   at sbt.ForkMain$Run.lambda$runTest$1(ForkMain.java:414)
[info]   at java.base/java.util.concurrent.FutureTask.run(FutureTask.java:317)
[info]   at java.base/java.util.concurrent.ThreadPoolExecutor.runWorker(ThreadPoolExecutor.java:1144)
[info]   at java.base/java.util.concurrent.ThreadPoolExecutor$Worker.run(ThreadPoolExecutor.java:642)
[info]   at java.base/java.lang.Thread.run(Thread.java:1583)
[info]   Cause: java.lang.ClassCastException: Cannot cast scala.reflect.ClassTag$GenericClassTag to org.apache.spark.sql.catalyst.expressions.Expression
[info]   at java.base/java.lang.Class.cast(Class.java:4067)
[info]   at java.base/jdk.internal.reflect.DirectConstructorHandleAccessor.newInstance(DirectConstructorHandleAccessor.java:62)
[info]   at java.base/java.lang.reflect.Constructor.newInstanceWithCaller(Constructor.java:502)
[info]   at java.base/java.lang.reflect.Constructor.newInstance(Constructor.java:486)
[info]   at frameless.TypedExpressionEncoder$.$anonfun$apply$3(TypedExpressionEncoder.scala:55)
[info]   at scala.Option.map(Option.scala:242)
[info]   at frameless.TypedExpressionEncoder$.apply(TypedExpressionEncoder.scala:54)
[info]   at frameless.TypedDataset$.create(TypedDataset.scala:1325)
[info]   at frameless.ops.ColumnTypesTest.prop$1(ColumnTypesTest.scala:12)
[info]   at frameless.ops.ColumnTypesTest.$anonfun$new$14(ColumnTypesTest.scala:24)
[info]   at scala.Function1.$anonfun$andThen$1(Function1.scala:87)
[info]   at org.scalacheck.Prop$.$anonfun$forAllShrink$2(Prop.scala:868)
[info]   at org.scalacheck.Prop$.secure(Prop.scala:484)
[info]   at org.scalacheck.Prop$.result$1(Prop.scala:868)
[info]   at org.scalacheck.Prop$.$anonfun$forAllShrink$1(Prop.scala:915)
[info]   at org.scalacheck.Prop$.$anonfun$apply$1(Prop.scala:305)
[info]   at org.scalacheck.PropFromFun.apply(Prop.scala:20)
[info]   at org.scalacheck.Test$.workerFun$1(Test.scala:486)
[info]   at org.scalacheck.Test$.$anonfun$check$4(Test.scala:518)
[info]   at org.scalacheck.Test$.$anonfun$check$4$adapted(Test.scala:518)
[info]   at org.scalacheck.Platform$.runWorkers(Platform.scala:42)
[info]   at org.scalacheck.Test$.check(Test.scala:518)
[info]   at org.scalatestplus.scalacheck.UnitCheckerAsserting$CheckerAssertingImpl.check(CheckerAsserting.scala:90)
[info]   at org.scalatestplus.scalacheck.Checkers.check(Checkers.scala:371)
[info]   at org.scalatestplus.scalacheck.Checkers.check$(Checkers.scala:369)
[info]   at frameless.TypedDatasetSuite.check(TypedDatasetSuite.scala:63)
[info]   at frameless.ops.ColumnTypesTest.$anonfun$new$1(ColumnTypesTest.scala:24)
[info]   at org.scalatest.OutcomeOf.outcomeOf(OutcomeOf.scala:85)
[info]   at org.scalatest.OutcomeOf.outcomeOf$(OutcomeOf.scala:83)
[info]   at org.scalatest.OutcomeOf$.outcomeOf(OutcomeOf.scala:104)
[info]   at org.scalatest.Transformer.apply(Transformer.scala:22)
[info]   at org.scalatest.Transformer.apply(Transformer.scala:20)
[info]   at org.scalatest.funsuite.AnyFunSuiteLike$$anon$1.apply(AnyFunSuiteLike.scala:226)
[info]   at org.scalatest.TestSuite.withFixture(TestSuite.scala:196)
[info]   at org.scalatest.TestSuite.withFixture$(TestSuite.scala:195)
[info]   at org.scalatest.funsuite.AnyFunSuite.withFixture(AnyFunSuite.scala:1564)
[info]   at org.scalatest.funsuite.AnyFunSuiteLike.invokeWithFixture$1(AnyFunSuiteLike.scala:224)
[info]   at org.scalatest.funsuite.AnyFunSuiteLike.$anonfun$runTest$1(AnyFunSuiteLike.scala:236)
[info]   at org.scalatest.SuperEngine.runTestImpl(Engine.scala:306)
[info]   at org.scalatest.funsuite.AnyFunSuiteLike.runTest(AnyFunSuiteLike.scala:236)
[info]   at org.scalatest.funsuite.AnyFunSuiteLike.runTest$(AnyFunSuiteLike.scala:218)
[info]   at org.scalatest.funsuite.AnyFunSuite.runTest(AnyFunSuite.scala:1564)
[info]   at org.scalatest.funsuite.AnyFunSuiteLike.$anonfun$runTests$1(AnyFunSuiteLike.scala:269)
[info]   at org.scalatest.SuperEngine.$anonfun$runTestsInBranch$1(Engine.scala:413)
[info]   at scala.collection.immutable.List.foreach(List.scala:334)
[info]   at org.scalatest.SuperEngine.traverseSubNodes$1(Engine.scala:401)
[info]   at org.scalatest.SuperEngine.runTestsInBranch(Engine.scala:396)
[info]   at org.scalatest.SuperEngine.runTestsImpl(Engine.scala:475)
[info]   at org.scalatest.funsuite.AnyFunSuiteLike.runTests(AnyFunSuiteLike.scala:269)
[info]   at org.scalatest.funsuite.AnyFunSuiteLike.runTests$(AnyFunSuiteLike.scala:268)
[info]   at org.scalatest.funsuite.AnyFunSuite.runTests(AnyFunSuite.scala:1564)
[info]   at org.scalatest.Suite.run(Suite.scala:1114)
[info]   at org.scalatest.Suite.run$(Suite.scala:1096)
[info]   at org.scalatest.funsuite.AnyFunSuite.org$scalatest$funsuite$AnyFunSuiteLike$$super$run(AnyFunSuite.scala:1564)
[info]   at org.scalatest.funsuite.AnyFunSuiteLike.$anonfun$run$1(AnyFunSuiteLike.scala:273)
[info]   at org.scalatest.SuperEngine.runImpl(Engine.scala:535)
[info]   at org.scalatest.funsuite.AnyFunSuiteLike.run(AnyFunSuiteLike.scala:273)
[info]   at org.scalatest.funsuite.AnyFunSuiteLike.run$(AnyFunSuiteLike.scala:272)
[info]   at frameless.TypedDatasetSuite.org$scalatest$BeforeAndAfterAll$$super$run(TypedDatasetSuite.scala:63)
[info]   at org.scalatest.BeforeAndAfterAll.liftedTree1$1(BeforeAndAfterAll.scala:213)
[info]   at org.scalatest.BeforeAndAfterAll.run(BeforeAndAfterAll.scala:210)
[info]   at org.scalatest.BeforeAndAfterAll.run$(BeforeAndAfterAll.scala:208)
[info]   at frameless.TypedDatasetSuite.run(TypedDatasetSuite.scala:63)
[info]   at org.scalatest.tools.Framework.org$scalatest$tools$Framework$$runSuite(Framework.scala:321)
[info]   at org.scalatest.tools.Framework$ScalaTestTask.execute(Framework.scala:517)
[info]   at sbt.ForkMain$Run.lambda$runTest$1(ForkMain.java:414)
[info]   at java.base/java.util.concurrent.FutureTask.run(FutureTask.java:317)
[info]   at java.base/java.util.concurrent.ThreadPoolExecutor.runWorker(ThreadPoolExecutor.java:1144)
[info]   at java.base/java.util.concurrent.ThreadPoolExecutor$Worker.run(ThreadPoolExecutor.java:642)
[info]   at java.base/java.lang.Thread.run(Thread.java:1583)
[info] InjectionTests:
[info] - Injection based encoders *** FAILED *** (1 millisecond)
[info]   IllegalArgumentException was thrown during property evaluation.
[info]     Message: argument type mismatch
[info]     Occurred when passed generated values (
[info]       arg0 = Vector()
[info]     )
[info]   org.scalatest.exceptions.GeneratorDrivenPropertyCheckFailedException:
[info]   at org.scalatestplus.scalacheck.CheckerAsserting$$anon$2.indicateFailure(CheckerAsserting.scala:251)
[info]   at org.scalatestplus.scalacheck.CheckerAsserting$$anon$2.indicateFailure(CheckerAsserting.scala:238)
[info]   at org.scalatestplus.scalacheck.UnitCheckerAsserting$CheckerAssertingImpl.check(CheckerAsserting.scala:160)
[info]   at org.scalatestplus.scalacheck.Checkers.check(Checkers.scala:371)
[info]   at org.scalatestplus.scalacheck.Checkers.check$(Checkers.scala:369)
[info]   at frameless.TypedDatasetSuite.check(TypedDatasetSuite.scala:63)
[info]   at frameless.InjectionTests.$anonfun$new$1(InjectionTests.scala:136)
[info]   at org.scalatest.OutcomeOf.outcomeOf(OutcomeOf.scala:85)
[info]   at org.scalatest.OutcomeOf.outcomeOf$(OutcomeOf.scala:83)
[info]   at org.scalatest.OutcomeOf$.outcomeOf(OutcomeOf.scala:104)
[info]   at org.scalatest.Transformer.apply(Transformer.scala:22)
[info]   at org.scalatest.Transformer.apply(Transformer.scala:20)
[info]   at org.scalatest.funsuite.AnyFunSuiteLike$$anon$1.apply(AnyFunSuiteLike.scala:226)
[info]   at org.scalatest.TestSuite.withFixture(TestSuite.scala:196)
[info]   at org.scalatest.TestSuite.withFixture$(TestSuite.scala:195)
[info]   at org.scalatest.funsuite.AnyFunSuite.withFixture(AnyFunSuite.scala:1564)
[info]   at org.scalatest.funsuite.AnyFunSuiteLike.invokeWithFixture$1(AnyFunSuiteLike.scala:224)
[info]   at org.scalatest.funsuite.AnyFunSuiteLike.$anonfun$runTest$1(AnyFunSuiteLike.scala:236)
[info]   at org.scalatest.SuperEngine.runTestImpl(Engine.scala:306)
[info]   at org.scalatest.funsuite.AnyFunSuiteLike.runTest(AnyFunSuiteLike.scala:236)
[info]   at org.scalatest.funsuite.AnyFunSuiteLike.runTest$(AnyFunSuiteLike.scala:218)
[info]   at org.scalatest.funsuite.AnyFunSuite.runTest(AnyFunSuite.scala:1564)
[info]   at org.scalatest.funsuite.AnyFunSuiteLike.$anonfun$runTests$1(AnyFunSuiteLike.scala:269)
[info]   at org.scalatest.SuperEngine.$anonfun$runTestsInBranch$1(Engine.scala:413)
[info]   at scala.collection.immutable.List.foreach(List.scala:334)
[info]   at org.scalatest.SuperEngine.traverseSubNodes$1(Engine.scala:401)
[info]   at org.scalatest.SuperEngine.runTestsInBranch(Engine.scala:396)
[info]   at org.scalatest.SuperEngine.runTestsImpl(Engine.scala:475)
[info]   at org.scalatest.funsuite.AnyFunSuiteLike.runTests(AnyFunSuiteLike.scala:269)
[info]   at org.scalatest.funsuite.AnyFunSuiteLike.runTests$(AnyFunSuiteLike.scala:268)
[info]   at org.scalatest.funsuite.AnyFunSuite.runTests(AnyFunSuite.scala:1564)
[info]   at org.scalatest.Suite.run(Suite.scala:1114)
[info]   at org.scalatest.Suite.run$(Suite.scala:1096)
[info]   at org.scalatest.funsuite.AnyFunSuite.org$scalatest$funsuite$AnyFunSuiteLike$$super$run(AnyFunSuite.scala:1564)
[info]   at org.scalatest.funsuite.AnyFunSuiteLike.$anonfun$run$1(AnyFunSuiteLike.scala:273)
[info]   at org.scalatest.SuperEngine.runImpl(Engine.scala:535)
[info]   at org.scalatest.funsuite.AnyFunSuiteLike.run(AnyFunSuiteLike.scala:273)
[info]   at org.scalatest.funsuite.AnyFunSuiteLike.run$(AnyFunSuiteLike.scala:272)
[info]   at frameless.TypedDatasetSuite.org$scalatest$BeforeAndAfterAll$$super$run(TypedDatasetSuite.scala:63)
[info]   at org.scalatest.BeforeAndAfterAll.liftedTree1$1(BeforeAndAfterAll.scala:213)
[info]   at org.scalatest.BeforeAndAfterAll.run(BeforeAndAfterAll.scala:210)
[info]   at org.scalatest.BeforeAndAfterAll.run$(BeforeAndAfterAll.scala:208)
[info]   at frameless.TypedDatasetSuite.run(TypedDatasetSuite.scala:63)
[info]   at org.scalatest.tools.Framework.org$scalatest$tools$Framework$$runSuite(Framework.scala:321)
[info]   at org.scalatest.tools.Framework$ScalaTestTask.execute(Framework.scala:517)
[info]   at sbt.ForkMain$Run.lambda$runTest$1(ForkMain.java:414)
[info]   at java.base/java.util.concurrent.FutureTask.run(FutureTask.java:317)
[info]   at java.base/java.util.concurrent.ThreadPoolExecutor.runWorker(ThreadPoolExecutor.java:1144)
[info]   at java.base/java.util.concurrent.ThreadPoolExecutor$Worker.run(ThreadPoolExecutor.java:642)
[info]   at java.base/java.lang.Thread.run(Thread.java:1583)
[info]   Cause: java.lang.IllegalArgumentException: argument type mismatch
[info]   at java.base/jdk.internal.reflect.DirectConstructorHandleAccessor.newInstance(DirectConstructorHandleAccessor.java:65)
[info]   at java.base/java.lang.reflect.Constructor.newInstanceWithCaller(Constructor.java:502)
[info]   at java.base/java.lang.reflect.Constructor.newInstance(Constructor.java:486)
[info]   at frameless.TypedExpressionEncoder$.$anonfun$apply$3(TypedExpressionEncoder.scala:55)
[info]   at scala.Option.map(Option.scala:242)
[info]   at frameless.TypedExpressionEncoder$.apply(TypedExpressionEncoder.scala:54)
[info]   at frameless.TypedDataset$.create(TypedDataset.scala:1325)
[info]   at frameless.CollectTests$.$anonfun$prop$1(CollectTests.scala:89)
[info]   at org.scalacheck.Prop$ExtendedAny.$qmark$eq(Prop.scala:329)
[info]   at frameless.CollectTests$.prop(CollectTests.scala:89)
[info]   at frameless.InjectionTests.$anonfun$new$2(InjectionTests.scala:136)
[info]   at scala.Function1.$anonfun$andThen$1(Function1.scala:87)
[info]   at org.scalacheck.Prop$.$anonfun$forAllShrink$2(Prop.scala:868)
[info]   at org.scalacheck.Prop$.secure(Prop.scala:484)
[info]   at org.scalacheck.Prop$.result$1(Prop.scala:868)
[info]   at org.scalacheck.Prop$.$anonfun$forAllShrink$1(Prop.scala:915)
[info]   at org.scalacheck.Prop$.$anonfun$apply$1(Prop.scala:305)
[info]   at org.scalacheck.PropFromFun.apply(Prop.scala:20)
[info]   at org.scalacheck.Test$.workerFun$1(Test.scala:486)
[info]   at org.scalacheck.Test$.$anonfun$check$4(Test.scala:518)
[info]   at org.scalacheck.Test$.$anonfun$check$4$adapted(Test.scala:518)
[info]   at org.scalacheck.Platform$.runWorkers(Platform.scala:42)
[info]   at org.scalacheck.Test$.check(Test.scala:518)
[info]   at org.scalatestplus.scalacheck.UnitCheckerAsserting$CheckerAssertingImpl.check(CheckerAsserting.scala:90)
[info]   at org.scalatestplus.scalacheck.Checkers.check(Checkers.scala:371)
[info]   at org.scalatestplus.scalacheck.Checkers.check$(Checkers.scala:369)
[info]   at frameless.TypedDatasetSuite.check(TypedDatasetSuite.scala:63)
[info]   at frameless.InjectionTests.$anonfun$new$1(InjectionTests.scala:136)
[info]   at org.scalatest.OutcomeOf.outcomeOf(OutcomeOf.scala:85)
[info]   at org.scalatest.OutcomeOf.outcomeOf$(OutcomeOf.scala:83)
[info]   at org.scalatest.OutcomeOf$.outcomeOf(OutcomeOf.scala:104)
[info]   at org.scalatest.Transformer.apply(Transformer.scala:22)
[info]   at org.scalatest.Transformer.apply(Transformer.scala:20)
[info]   at org.scalatest.funsuite.AnyFunSuiteLike$$anon$1.apply(AnyFunSuiteLike.scala:226)
[info]   at org.scalatest.TestSuite.withFixture(TestSuite.scala:196)
[info]   at org.scalatest.TestSuite.withFixture$(TestSuite.scala:195)
[info]   at org.scalatest.funsuite.AnyFunSuite.withFixture(AnyFunSuite.scala:1564)
[info]   at org.scalatest.funsuite.AnyFunSuiteLike.invokeWithFixture$1(AnyFunSuiteLike.scala:224)
[info]   at org.scalatest.funsuite.AnyFunSuiteLike.$anonfun$runTest$1(AnyFunSuiteLike.scala:236)
[info]   at org.scalatest.SuperEngine.runTestImpl(Engine.scala:306)
[info]   at org.scalatest.funsuite.AnyFunSuiteLike.runTest(AnyFunSuiteLike.scala:236)
[info]   at org.scalatest.funsuite.AnyFunSuiteLike.runTest$(AnyFunSuiteLike.scala:218)
[info]   at org.scalatest.funsuite.AnyFunSuite.runTest(AnyFunSuite.scala:1564)
[info]   at org.scalatest.funsuite.AnyFunSuiteLike.$anonfun$runTests$1(AnyFunSuiteLike.scala:269)
[info]   at org.scalatest.SuperEngine.$anonfun$runTestsInBranch$1(Engine.scala:413)
[info]   at scala.collection.immutable.List.foreach(List.scala:334)
[info]   at org.scalatest.SuperEngine.traverseSubNodes$1(Engine.scala:401)
[info]   at org.scalatest.SuperEngine.runTestsInBranch(Engine.scala:396)
[info]   at org.scalatest.SuperEngine.runTestsImpl(Engine.scala:475)
[info]   at org.scalatest.funsuite.AnyFunSuiteLike.runTests(AnyFunSuiteLike.scala:269)
[info]   at org.scalatest.funsuite.AnyFunSuiteLike.runTests$(AnyFunSuiteLike.scala:268)
[info]   at org.scalatest.funsuite.AnyFunSuite.runTests(AnyFunSuite.scala:1564)
[info]   at org.scalatest.Suite.run(Suite.scala:1114)
[info]   at org.scalatest.Suite.run$(Suite.scala:1096)
[info]   at org.scalatest.funsuite.AnyFunSuite.org$scalatest$funsuite$AnyFunSuiteLike$$super$run(AnyFunSuite.scala:1564)
[info]   at org.scalatest.funsuite.AnyFunSuiteLike.$anonfun$run$1(AnyFunSuiteLike.scala:273)
[info]   at org.scalatest.SuperEngine.runImpl(Engine.scala:535)
[info]   at org.scalatest.funsuite.AnyFunSuiteLike.run(AnyFunSuiteLike.scala:273)
[info]   at org.scalatest.funsuite.AnyFunSuiteLike.run$(AnyFunSuiteLike.scala:272)
[info]   at frameless.TypedDatasetSuite.org$scalatest$BeforeAndAfterAll$$super$run(TypedDatasetSuite.scala:63)
[info]   at org.scalatest.BeforeAndAfterAll.liftedTree1$1(BeforeAndAfterAll.scala:213)
[info]   at org.scalatest.BeforeAndAfterAll.run(BeforeAndAfterAll.scala:210)
[info]   at org.scalatest.BeforeAndAfterAll.run$(BeforeAndAfterAll.scala:208)
[info]   at frameless.TypedDatasetSuite.run(TypedDatasetSuite.scala:63)
[info]   at org.scalatest.tools.Framework.org$scalatest$tools$Framework$$runSuite(Framework.scala:321)
[info]   at org.scalatest.tools.Framework$ScalaTestTask.execute(Framework.scala:517)
[info]   at sbt.ForkMain$Run.lambda$runTest$1(ForkMain.java:414)
[info]   at java.base/java.util.concurrent.FutureTask.run(FutureTask.java:317)
[info]   at java.base/java.util.concurrent.ThreadPoolExecutor.runWorker(ThreadPoolExecutor.java:1144)
[info]   at java.base/java.util.concurrent.ThreadPoolExecutor$Worker.run(ThreadPoolExecutor.java:642)
[info]   at java.base/java.lang.Thread.run(Thread.java:1583)
[info]   Cause: java.lang.ClassCastException: Cannot cast scala.reflect.ClassTag$GenericClassTag to org.apache.spark.sql.catalyst.expressions.Expression
[info]   at java.base/java.lang.Class.cast(Class.java:4067)
[info]   at java.base/jdk.internal.reflect.DirectConstructorHandleAccessor.newInstance(DirectConstructorHandleAccessor.java:62)
[info]   at java.base/java.lang.reflect.Constructor.newInstanceWithCaller(Constructor.java:502)
[info]   at java.base/java.lang.reflect.Constructor.newInstance(Constructor.java:486)
[info]   at frameless.TypedExpressionEncoder$.$anonfun$apply$3(TypedExpressionEncoder.scala:55)
[info]   at scala.Option.map(Option.scala:242)
[info]   at frameless.TypedExpressionEncoder$.apply(TypedExpressionEncoder.scala:54)
[info]   at frameless.TypedDataset$.create(TypedDataset.scala:1325)
[info]   at frameless.CollectTests$.$anonfun$prop$1(CollectTests.scala:89)
[info]   at org.scalacheck.Prop$ExtendedAny.$qmark$eq(Prop.scala:329)
[info]   at frameless.CollectTests$.prop(CollectTests.scala:89)
[info]   at frameless.InjectionTests.$anonfun$new$2(InjectionTests.scala:136)
[info]   at scala.Function1.$anonfun$andThen$1(Function1.scala:87)
[info]   at org.scalacheck.Prop$.$anonfun$forAllShrink$2(Prop.scala:868)
[info]   at org.scalacheck.Prop$.secure(Prop.scala:484)
[info]   at org.scalacheck.Prop$.result$1(Prop.scala:868)
[info]   at org.scalacheck.Prop$.$anonfun$forAllShrink$1(Prop.scala:915)
[info]   at org.scalacheck.Prop$.$anonfun$apply$1(Prop.scala:305)
[info]   at org.scalacheck.PropFromFun.apply(Prop.scala:20)
[info]   at org.scalacheck.Test$.workerFun$1(Test.scala:486)
[info]   at org.scalacheck.Test$.$anonfun$check$4(Test.scala:518)
[info]   at org.scalacheck.Test$.$anonfun$check$4$adapted(Test.scala:518)
[info]   at org.scalacheck.Platform$.runWorkers(Platform.scala:42)
[info]   at org.scalacheck.Test$.check(Test.scala:518)
[info]   at org.scalatestplus.scalacheck.UnitCheckerAsserting$CheckerAssertingImpl.check(CheckerAsserting.scala:90)
[info]   at org.scalatestplus.scalacheck.Checkers.check(Checkers.scala:371)
[info]   at org.scalatestplus.scalacheck.Checkers.check$(Checkers.scala:369)
[info]   at frameless.TypedDatasetSuite.check(TypedDatasetSuite.scala:63)
[info]   at frameless.InjectionTests.$anonfun$new$1(InjectionTests.scala:136)
[info]   at org.scalatest.OutcomeOf.outcomeOf(OutcomeOf.scala:85)
[info]   at org.scalatest.OutcomeOf.outcomeOf$(OutcomeOf.scala:83)
[info]   at org.scalatest.OutcomeOf$.outcomeOf(OutcomeOf.scala:104)
[info]   at org.scalatest.Transformer.apply(Transformer.scala:22)
[info]   at org.scalatest.Transformer.apply(Transformer.scala:20)
[info]   at org.scalatest.funsuite.AnyFunSuiteLike$$anon$1.apply(AnyFunSuiteLike.scala:226)
[info]   at org.scalatest.TestSuite.withFixture(TestSuite.scala:196)
[info]   at org.scalatest.TestSuite.withFixture$(TestSuite.scala:195)
[info]   at org.scalatest.funsuite.AnyFunSuite.withFixture(AnyFunSuite.scala:1564)
[info]   at org.scalatest.funsuite.AnyFunSuiteLike.invokeWithFixture$1(AnyFunSuiteLike.scala:224)
[info]   at org.scalatest.funsuite.AnyFunSuiteLike.$anonfun$runTest$1(AnyFunSuiteLike.scala:236)
[info]   at org.scalatest.SuperEngine.runTestImpl(Engine.scala:306)
[info]   at org.scalatest.funsuite.AnyFunSuiteLike.runTest(AnyFunSuiteLike.scala:236)
[info]   at org.scalatest.funsuite.AnyFunSuiteLike.runTest$(AnyFunSuiteLike.scala:218)
[info]   at org.scalatest.funsuite.AnyFunSuite.runTest(AnyFunSuite.scala:1564)
[info]   at org.scalatest.funsuite.AnyFunSuiteLike.$anonfun$runTests$1(AnyFunSuiteLike.scala:269)
[info]   at org.scalatest.SuperEngine.$anonfun$runTestsInBranch$1(Engine.scala:413)
[info]   at scala.collection.immutable.List.foreach(List.scala:334)
[info]   at org.scalatest.SuperEngine.traverseSubNodes$1(Engine.scala:401)
[info]   at org.scalatest.SuperEngine.runTestsInBranch(Engine.scala:396)
[info]   at org.scalatest.SuperEngine.runTestsImpl(Engine.scala:475)
[info]   at org.scalatest.funsuite.AnyFunSuiteLike.runTests(AnyFunSuiteLike.scala:269)
[info]   at org.scalatest.funsuite.AnyFunSuiteLike.runTests$(AnyFunSuiteLike.scala:268)
[info]   at org.scalatest.funsuite.AnyFunSuite.runTests(AnyFunSuite.scala:1564)
[info]   at org.scalatest.Suite.run(Suite.scala:1114)
[info]   at org.scalatest.Suite.run$(Suite.scala:1096)
[info]   at org.scalatest.funsuite.AnyFunSuite.org$scalatest$funsuite$AnyFunSuiteLike$$super$run(AnyFunSuite.scala:1564)
[info]   at org.scalatest.funsuite.AnyFunSuiteLike.$anonfun$run$1(AnyFunSuiteLike.scala:273)
[info]   at org.scalatest.SuperEngine.runImpl(Engine.scala:535)
[info]   at org.scalatest.funsuite.AnyFunSuiteLike.run(AnyFunSuiteLike.scala:273)
[info]   at org.scalatest.funsuite.AnyFunSuiteLike.run$(AnyFunSuiteLike.scala:272)
[info]   at frameless.TypedDatasetSuite.org$scalatest$BeforeAndAfterAll$$super$run(TypedDatasetSuite.scala:63)
[info]   at org.scalatest.BeforeAndAfterAll.liftedTree1$1(BeforeAndAfterAll.scala:213)
[info]   at org.scalatest.BeforeAndAfterAll.run(BeforeAndAfterAll.scala:210)
[info]   at org.scalatest.BeforeAndAfterAll.run$(BeforeAndAfterAll.scala:208)
[info]   at frameless.TypedDatasetSuite.run(TypedDatasetSuite.scala:63)
[info]   at org.scalatest.tools.Framework.org$scalatest$tools$Framework$$runSuite(Framework.scala:321)
[info]   at org.scalatest.tools.Framework$ScalaTestTask.execute(Framework.scala:517)
[info]   at sbt.ForkMain$Run.lambda$runTest$1(ForkMain.java:414)
[info]   at java.base/java.util.concurrent.FutureTask.run(FutureTask.java:317)
[info]   at java.base/java.util.concurrent.ThreadPoolExecutor.runWorker(ThreadPoolExecutor.java:1144)
[info]   at java.base/java.util.concurrent.ThreadPoolExecutor$Worker.run(ThreadPoolExecutor.java:642)
[info]   at java.base/java.lang.Thread.run(Thread.java:1583)
[info] - TypedEncoder[Person] is ambiguous (0 milliseconds)
[info] - Resolve ambiguity by importing usingInjection *** FAILED *** (7 milliseconds)
[info]   IllegalArgumentException was thrown during property evaluation.
[info]     Message: argument type mismatch
[info]     Occurred when passed generated values (
[info]       arg0 = Vector()
[info]     )
[info]   org.scalatest.exceptions.GeneratorDrivenPropertyCheckFailedException:
[info]   at org.scalatestplus.scalacheck.CheckerAsserting$$anon$2.indicateFailure(CheckerAsserting.scala:251)
[info]   at org.scalatestplus.scalacheck.CheckerAsserting$$anon$2.indicateFailure(CheckerAsserting.scala:238)
[info]   at org.scalatestplus.scalacheck.UnitCheckerAsserting$CheckerAssertingImpl.check(CheckerAsserting.scala:160)
[info]   at org.scalatestplus.scalacheck.Checkers.check(Checkers.scala:371)
[info]   at org.scalatestplus.scalacheck.Checkers.check$(Checkers.scala:369)
[info]   at frameless.TypedDatasetSuite.check(TypedDatasetSuite.scala:63)
[info]   at frameless.InjectionTests.$anonfun$new$97(InjectionTests.scala:174)
[info]   at org.scalatest.OutcomeOf.outcomeOf(OutcomeOf.scala:85)
[info]   at org.scalatest.OutcomeOf.outcomeOf$(OutcomeOf.scala:83)
[info]   at org.scalatest.OutcomeOf$.outcomeOf(OutcomeOf.scala:104)
[info]   at org.scalatest.Transformer.apply(Transformer.scala:22)
[info]   at org.scalatest.Transformer.apply(Transformer.scala:20)
[info]   at org.scalatest.funsuite.AnyFunSuiteLike$$anon$1.apply(AnyFunSuiteLike.scala:226)
[info]   at org.scalatest.TestSuite.withFixture(TestSuite.scala:196)
[info]   at org.scalatest.TestSuite.withFixture$(TestSuite.scala:195)
[info]   at org.scalatest.funsuite.AnyFunSuite.withFixture(AnyFunSuite.scala:1564)
[info]   at org.scalatest.funsuite.AnyFunSuiteLike.invokeWithFixture$1(AnyFunSuiteLike.scala:224)
[info]   at org.scalatest.funsuite.AnyFunSuiteLike.$anonfun$runTest$1(AnyFunSuiteLike.scala:236)
[info]   at org.scalatest.SuperEngine.runTestImpl(Engine.scala:306)
[info]   at org.scalatest.funsuite.AnyFunSuiteLike.runTest(AnyFunSuiteLike.scala:236)
[info]   at org.scalatest.funsuite.AnyFunSuiteLike.runTest$(AnyFunSuiteLike.scala:218)
[info]   at org.scalatest.funsuite.AnyFunSuite.runTest(AnyFunSuite.scala:1564)
[info]   at org.scalatest.funsuite.AnyFunSuiteLike.$anonfun$runTests$1(AnyFunSuiteLike.scala:269)
[info]   at org.scalatest.SuperEngine.$anonfun$runTestsInBranch$1(Engine.scala:413)
[info]   at scala.collection.immutable.List.foreach(List.scala:334)
[info]   at org.scalatest.SuperEngine.traverseSubNodes$1(Engine.scala:401)
[info]   at org.scalatest.SuperEngine.runTestsInBranch(Engine.scala:396)
[info]   at org.scalatest.SuperEngine.runTestsImpl(Engine.scala:475)
[info]   at org.scalatest.funsuite.AnyFunSuiteLike.runTests(AnyFunSuiteLike.scala:269)
[info]   at org.scalatest.funsuite.AnyFunSuiteLike.runTests$(AnyFunSuiteLike.scala:268)
[info]   at org.scalatest.funsuite.AnyFunSuite.runTests(AnyFunSuite.scala:1564)
[info]   at org.scalatest.Suite.run(Suite.scala:1114)
[info]   at org.scalatest.Suite.run$(Suite.scala:1096)
[info]   at org.scalatest.funsuite.AnyFunSuite.org$scalatest$funsuite$AnyFunSuiteLike$$super$run(AnyFunSuite.scala:1564)
[info]   at org.scalatest.funsuite.AnyFunSuiteLike.$anonfun$run$1(AnyFunSuiteLike.scala:273)
[info]   at org.scalatest.SuperEngine.runImpl(Engine.scala:535)
[info]   at org.scalatest.funsuite.AnyFunSuiteLike.run(AnyFunSuiteLike.scala:273)
[info]   at org.scalatest.funsuite.AnyFunSuiteLike.run$(AnyFunSuiteLike.scala:272)
[info]   at frameless.TypedDatasetSuite.org$scalatest$BeforeAndAfterAll$$super$run(TypedDatasetSuite.scala:63)
[info]   at org.scalatest.BeforeAndAfterAll.liftedTree1$1(BeforeAndAfterAll.scala:213)
[info]   at org.scalatest.BeforeAndAfterAll.run(BeforeAndAfterAll.scala:210)
[info]   at org.scalatest.BeforeAndAfterAll.run$(BeforeAndAfterAll.scala:208)
[info]   at frameless.TypedDatasetSuite.run(TypedDatasetSuite.scala:63)
[info]   at org.scalatest.tools.Framework.org$scalatest$tools$Framework$$runSuite(Framework.scala:321)
[info]   at org.scalatest.tools.Framework$ScalaTestTask.execute(Framework.scala:517)
[info]   at sbt.ForkMain$Run.lambda$runTest$1(ForkMain.java:414)
[info]   at java.base/java.util.concurrent.FutureTask.run(FutureTask.java:317)
[info]   at java.base/java.util.concurrent.ThreadPoolExecutor.runWorker(ThreadPoolExecutor.java:1144)
[info]   at java.base/java.util.concurrent.ThreadPoolExecutor$Worker.run(ThreadPoolExecutor.java:642)
[info]   at java.base/java.lang.Thread.run(Thread.java:1583)
[info]   Cause: java.lang.IllegalArgumentException: argument type mismatch
[info]   at java.base/jdk.internal.reflect.DirectConstructorHandleAccessor.newInstance(DirectConstructorHandleAccessor.java:65)
[info]   at java.base/java.lang.reflect.Constructor.newInstanceWithCaller(Constructor.java:502)
[info]   at java.base/java.lang.reflect.Constructor.newInstance(Constructor.java:486)
[info]   at frameless.TypedExpressionEncoder$.$anonfun$apply$3(TypedExpressionEncoder.scala:55)
[info]   at scala.Option.map(Option.scala:242)
[info]   at frameless.TypedExpressionEncoder$.apply(TypedExpressionEncoder.scala:54)
[info]   at frameless.TypedDataset$.create(TypedDataset.scala:1325)
[info]   at frameless.CollectTests$.$anonfun$prop$1(CollectTests.scala:89)
[info]   at org.scalacheck.Prop$ExtendedAny.$qmark$eq(Prop.scala:329)
[info]   at frameless.CollectTests$.prop(CollectTests.scala:89)
[info]   at frameless.InjectionTests.$anonfun$new$98(InjectionTests.scala:174)
[info]   at scala.Function1.$anonfun$andThen$1(Function1.scala:87)
[info]   at org.scalacheck.Prop$.$anonfun$forAllShrink$2(Prop.scala:868)
[info]   at org.scalacheck.Prop$.secure(Prop.scala:484)
[info]   at org.scalacheck.Prop$.result$1(Prop.scala:868)
[info]   at org.scalacheck.Prop$.$anonfun$forAllShrink$1(Prop.scala:915)
[info]   at org.scalacheck.Prop$.$anonfun$apply$1(Prop.scala:305)
[info]   at org.scalacheck.PropFromFun.apply(Prop.scala:20)
[info]   at org.scalacheck.Test$.workerFun$1(Test.scala:486)
[info]   at org.scalacheck.Test$.$anonfun$check$4(Test.scala:518)
[info]   at org.scalacheck.Test$.$anonfun$check$4$adapted(Test.scala:518)
[info]   at org.scalacheck.Platform$.runWorkers(Platform.scala:42)
[info]   at org.scalacheck.Test$.check(Test.scala:518)
[info]   at org.scalatestplus.scalacheck.UnitCheckerAsserting$CheckerAssertingImpl.check(CheckerAsserting.scala:90)
[info]   at org.scalatestplus.scalacheck.Checkers.check(Checkers.scala:371)
[info]   at org.scalatestplus.scalacheck.Checkers.check$(Checkers.scala:369)
[info]   at frameless.TypedDatasetSuite.check(TypedDatasetSuite.scala:63)
[info]   at frameless.InjectionTests.$anonfun$new$97(InjectionTests.scala:174)
[info]   at org.scalatest.OutcomeOf.outcomeOf(OutcomeOf.scala:85)
[info]   at org.scalatest.OutcomeOf.outcomeOf$(OutcomeOf.scala:83)
[info]   at org.scalatest.OutcomeOf$.outcomeOf(OutcomeOf.scala:104)
[info]   at org.scalatest.Transformer.apply(Transformer.scala:22)
[info]   at org.scalatest.Transformer.apply(Transformer.scala:20)
[info]   at org.scalatest.funsuite.AnyFunSuiteLike$$anon$1.apply(AnyFunSuiteLike.scala:226)
[info]   at org.scalatest.TestSuite.withFixture(TestSuite.scala:196)
[info]   at org.scalatest.TestSuite.withFixture$(TestSuite.scala:195)
[info]   at org.scalatest.funsuite.AnyFunSuite.withFixture(AnyFunSuite.scala:1564)
[info]   at org.scalatest.funsuite.AnyFunSuiteLike.invokeWithFixture$1(AnyFunSuiteLike.scala:224)
[info]   at org.scalatest.funsuite.AnyFunSuiteLike.$anonfun$runTest$1(AnyFunSuiteLike.scala:236)
[info]   at org.scalatest.SuperEngine.runTestImpl(Engine.scala:306)
[info]   at org.scalatest.funsuite.AnyFunSuiteLike.runTest(AnyFunSuiteLike.scala:236)
[info]   at org.scalatest.funsuite.AnyFunSuiteLike.runTest$(AnyFunSuiteLike.scala:218)
[info]   at org.scalatest.funsuite.AnyFunSuite.runTest(AnyFunSuite.scala:1564)
[info]   at org.scalatest.funsuite.AnyFunSuiteLike.$anonfun$runTests$1(AnyFunSuiteLike.scala:269)
[info]   at org.scalatest.SuperEngine.$anonfun$runTestsInBranch$1(Engine.scala:413)
[info]   at scala.collection.immutable.List.foreach(List.scala:334)
[info]   at org.scalatest.SuperEngine.traverseSubNodes$1(Engine.scala:401)
[info]   at org.scalatest.SuperEngine.runTestsInBranch(Engine.scala:396)
[info]   at org.scalatest.SuperEngine.runTestsImpl(Engine.scala:475)
[info]   at org.scalatest.funsuite.AnyFunSuiteLike.runTests(AnyFunSuiteLike.scala:269)
[info]   at org.scalatest.funsuite.AnyFunSuiteLike.runTests$(AnyFunSuiteLike.scala:268)
[info]   at org.scalatest.funsuite.AnyFunSuite.runTests(AnyFunSuite.scala:1564)
[info]   at org.scalatest.Suite.run(Suite.scala:1114)
[info]   at org.scalatest.Suite.run$(Suite.scala:1096)
[info]   at org.scalatest.funsuite.AnyFunSuite.org$scalatest$funsuite$AnyFunSuiteLike$$super$run(AnyFunSuite.scala:1564)
[info]   at org.scalatest.funsuite.AnyFunSuiteLike.$anonfun$run$1(AnyFunSuiteLike.scala:273)
[info]   at org.scalatest.SuperEngine.runImpl(Engine.scala:535)
[info]   at org.scalatest.funsuite.AnyFunSuiteLike.run(AnyFunSuiteLike.scala:273)
[info]   at org.scalatest.funsuite.AnyFunSuiteLike.run$(AnyFunSuiteLike.scala:272)
[info]   at frameless.TypedDatasetSuite.org$scalatest$BeforeAndAfterAll$$super$run(TypedDatasetSuite.scala:63)
[info]   at org.scalatest.BeforeAndAfterAll.liftedTree1$1(BeforeAndAfterAll.scala:213)
[info]   at org.scalatest.BeforeAndAfterAll.run(BeforeAndAfterAll.scala:210)
[info]   at org.scalatest.BeforeAndAfterAll.run$(BeforeAndAfterAll.scala:208)
[info]   at frameless.TypedDatasetSuite.run(TypedDatasetSuite.scala:63)
[info]   at org.scalatest.tools.Framework.org$scalatest$tools$Framework$$runSuite(Framework.scala:321)
[info]   at org.scalatest.tools.Framework$ScalaTestTask.execute(Framework.scala:517)
[info]   at sbt.ForkMain$Run.lambda$runTest$1(ForkMain.java:414)
[info]   at java.base/java.util.concurrent.FutureTask.run(FutureTask.java:317)
[info]   at java.base/java.util.concurrent.ThreadPoolExecutor.runWorker(ThreadPoolExecutor.java:1144)
[info]   at java.base/java.util.concurrent.ThreadPoolExecutor$Worker.run(ThreadPoolExecutor.java:642)
[info]   at java.base/java.lang.Thread.run(Thread.java:1583)
[info]   Cause: java.lang.ClassCastException: Cannot cast scala.reflect.ClassTag$GenericClassTag to org.apache.spark.sql.catalyst.expressions.Expression
[info]   at java.base/java.lang.Class.cast(Class.java:4067)
[info]   at java.base/jdk.internal.reflect.DirectConstructorHandleAccessor.newInstance(DirectConstructorHandleAccessor.java:62)
[info]   at java.base/java.lang.reflect.Constructor.newInstanceWithCaller(Constructor.java:502)
[info]   at java.base/java.lang.reflect.Constructor.newInstance(Constructor.java:486)
[info]   at frameless.TypedExpressionEncoder$.$anonfun$apply$3(TypedExpressionEncoder.scala:55)
[info]   at scala.Option.map(Option.scala:242)
[info]   at frameless.TypedExpressionEncoder$.apply(TypedExpressionEncoder.scala:54)
[info]   at frameless.TypedDataset$.create(TypedDataset.scala:1325)
[info]   at frameless.CollectTests$.$anonfun$prop$1(CollectTests.scala:89)
[info]   at org.scalacheck.Prop$ExtendedAny.$qmark$eq(Prop.scala:329)
[info]   at frameless.CollectTests$.prop(CollectTests.scala:89)
[info]   at frameless.InjectionTests.$anonfun$new$98(InjectionTests.scala:174)
[info]   at scala.Function1.$anonfun$andThen$1(Function1.scala:87)
[info]   at org.scalacheck.Prop$.$anonfun$forAllShrink$2(Prop.scala:868)
[info]   at org.scalacheck.Prop$.secure(Prop.scala:484)
[info]   at org.scalacheck.Prop$.result$1(Prop.scala:868)
[info]   at org.scalacheck.Prop$.$anonfun$forAllShrink$1(Prop.scala:915)
[info]   at org.scalacheck.Prop$.$anonfun$apply$1(Prop.scala:305)
[info]   at org.scalacheck.PropFromFun.apply(Prop.scala:20)
[info]   at org.scalacheck.Test$.workerFun$1(Test.scala:486)
[info]   at org.scalacheck.Test$.$anonfun$check$4(Test.scala:518)
[info]   at org.scalacheck.Test$.$anonfun$check$4$adapted(Test.scala:518)
[info]   at org.scalacheck.Platform$.runWorkers(Platform.scala:42)
[info]   at org.scalacheck.Test$.check(Test.scala:518)
[info]   at org.scalatestplus.scalacheck.UnitCheckerAsserting$CheckerAssertingImpl.check(CheckerAsserting.scala:90)
[info]   at org.scalatestplus.scalacheck.Checkers.check(Checkers.scala:371)
[info]   at org.scalatestplus.scalacheck.Checkers.check$(Checkers.scala:369)
[info]   at frameless.TypedDatasetSuite.check(TypedDatasetSuite.scala:63)
[info]   at frameless.InjectionTests.$anonfun$new$97(InjectionTests.scala:174)
[info]   at org.scalatest.OutcomeOf.outcomeOf(OutcomeOf.scala:85)
[info]   at org.scalatest.OutcomeOf.outcomeOf$(OutcomeOf.scala:83)
[info]   at org.scalatest.OutcomeOf$.outcomeOf(OutcomeOf.scala:104)
[info]   at org.scalatest.Transformer.apply(Transformer.scala:22)
[info]   at org.scalatest.Transformer.apply(Transformer.scala:20)
[info]   at org.scalatest.funsuite.AnyFunSuiteLike$$anon$1.apply(AnyFunSuiteLike.scala:226)
[info]   at org.scalatest.TestSuite.withFixture(TestSuite.scala:196)
[info]   at org.scalatest.TestSuite.withFixture$(TestSuite.scala:195)
[info]   at org.scalatest.funsuite.AnyFunSuite.withFixture(AnyFunSuite.scala:1564)
[info]   at org.scalatest.funsuite.AnyFunSuiteLike.invokeWithFixture$1(AnyFunSuiteLike.scala:224)
[info]   at org.scalatest.funsuite.AnyFunSuiteLike.$anonfun$runTest$1(AnyFunSuiteLike.scala:236)
[info]   at org.scalatest.SuperEngine.runTestImpl(Engine.scala:306)
[info]   at org.scalatest.funsuite.AnyFunSuiteLike.runTest(AnyFunSuiteLike.scala:236)
[info]   at org.scalatest.funsuite.AnyFunSuiteLike.runTest$(AnyFunSuiteLike.scala:218)
[info]   at org.scalatest.funsuite.AnyFunSuite.runTest(AnyFunSuite.scala:1564)
[info]   at org.scalatest.funsuite.AnyFunSuiteLike.$anonfun$runTests$1(AnyFunSuiteLike.scala:269)
[info]   at org.scalatest.SuperEngine.$anonfun$runTestsInBranch$1(Engine.scala:413)
[info]   at scala.collection.immutable.List.foreach(List.scala:334)
[info]   at org.scalatest.SuperEngine.traverseSubNodes$1(Engine.scala:401)
[info]   at org.scalatest.SuperEngine.runTestsInBranch(Engine.scala:396)
[info]   at org.scalatest.SuperEngine.runTestsImpl(Engine.scala:475)
[info]   at org.scalatest.funsuite.AnyFunSuiteLike.runTests(AnyFunSuiteLike.scala:269)
[info]   at org.scalatest.funsuite.AnyFunSuiteLike.runTests$(AnyFunSuiteLike.scala:268)
[info]   at org.scalatest.funsuite.AnyFunSuite.runTests(AnyFunSuite.scala:1564)
[info]   at org.scalatest.Suite.run(Suite.scala:1114)
[info]   at org.scalatest.Suite.run$(Suite.scala:1096)
[info]   at org.scalatest.funsuite.AnyFunSuite.org$scalatest$funsuite$AnyFunSuiteLike$$super$run(AnyFunSuite.scala:1564)
[info]   at org.scalatest.funsuite.AnyFunSuiteLike.$anonfun$run$1(AnyFunSuiteLike.scala:273)
[info]   at org.scalatest.SuperEngine.runImpl(Engine.scala:535)
[info]   at org.scalatest.funsuite.AnyFunSuiteLike.run(AnyFunSuiteLike.scala:273)
[info]   at org.scalatest.funsuite.AnyFunSuiteLike.run$(AnyFunSuiteLike.scala:272)
[info]   at frameless.TypedDatasetSuite.org$scalatest$BeforeAndAfterAll$$super$run(TypedDatasetSuite.scala:63)
[info]   at org.scalatest.BeforeAndAfterAll.liftedTree1$1(BeforeAndAfterAll.scala:213)
[info]   at org.scalatest.BeforeAndAfterAll.run(BeforeAndAfterAll.scala:210)
[info]   at org.scalatest.BeforeAndAfterAll.run$(BeforeAndAfterAll.scala:208)
[info]   at frameless.TypedDatasetSuite.run(TypedDatasetSuite.scala:63)
[info]   at org.scalatest.tools.Framework.org$scalatest$tools$Framework$$runSuite(Framework.scala:321)
[info]   at org.scalatest.tools.Framework$ScalaTestTask.execute(Framework.scala:517)
[info]   at sbt.ForkMain$Run.lambda$runTest$1(ForkMain.java:414)
[info]   at java.base/java.util.concurrent.FutureTask.run(FutureTask.java:317)
[info]   at java.base/java.util.concurrent.ThreadPoolExecutor.runWorker(ThreadPoolExecutor.java:1144)
[info]   at java.base/java.util.concurrent.ThreadPoolExecutor$Worker.run(ThreadPoolExecutor.java:642)
[info]   at java.base/java.lang.Thread.run(Thread.java:1583)
[info] - Resolve ambiguity by importing usingDerivation *** FAILED *** (4 milliseconds)
[info]   IllegalArgumentException was thrown during property evaluation.
[info]     Message: argument type mismatch
[info]     Occurred when passed generated values (
[info]       arg0 = Vector()
[info]     )
[info]   org.scalatest.exceptions.GeneratorDrivenPropertyCheckFailedException:
[info]   at org.scalatestplus.scalacheck.CheckerAsserting$$anon$2.indicateFailure(CheckerAsserting.scala:251)
[info]   at org.scalatestplus.scalacheck.CheckerAsserting$$anon$2.indicateFailure(CheckerAsserting.scala:238)
[info]   at org.scalatestplus.scalacheck.UnitCheckerAsserting$CheckerAssertingImpl.check(CheckerAsserting.scala:160)
[info]   at org.scalatestplus.scalacheck.Checkers.check(Checkers.scala:371)
[info]   at org.scalatestplus.scalacheck.Checkers.check$(Checkers.scala:369)
[info]   at frameless.TypedDatasetSuite.check(TypedDatasetSuite.scala:63)
[info]   at frameless.InjectionTests.$anonfun$new$130(InjectionTests.scala:185)
[info]   at org.scalatest.OutcomeOf.outcomeOf(OutcomeOf.scala:85)
[info]   at org.scalatest.OutcomeOf.outcomeOf$(OutcomeOf.scala:83)
[info]   at org.scalatest.OutcomeOf$.outcomeOf(OutcomeOf.scala:104)
[info]   at org.scalatest.Transformer.apply(Transformer.scala:22)
[info]   at org.scalatest.Transformer.apply(Transformer.scala:20)
[info]   at org.scalatest.funsuite.AnyFunSuiteLike$$anon$1.apply(AnyFunSuiteLike.scala:226)
[info]   at org.scalatest.TestSuite.withFixture(TestSuite.scala:196)
[info]   at org.scalatest.TestSuite.withFixture$(TestSuite.scala:195)
[info]   at org.scalatest.funsuite.AnyFunSuite.withFixture(AnyFunSuite.scala:1564)
[info]   at org.scalatest.funsuite.AnyFunSuiteLike.invokeWithFixture$1(AnyFunSuiteLike.scala:224)
[info]   at org.scalatest.funsuite.AnyFunSuiteLike.$anonfun$runTest$1(AnyFunSuiteLike.scala:236)
[info]   at org.scalatest.SuperEngine.runTestImpl(Engine.scala:306)
[info]   at org.scalatest.funsuite.AnyFunSuiteLike.runTest(AnyFunSuiteLike.scala:236)
[info]   at org.scalatest.funsuite.AnyFunSuiteLike.runTest$(AnyFunSuiteLike.scala:218)
[info]   at org.scalatest.funsuite.AnyFunSuite.runTest(AnyFunSuite.scala:1564)
[info]   at org.scalatest.funsuite.AnyFunSuiteLike.$anonfun$runTests$1(AnyFunSuiteLike.scala:269)
[info]   at org.scalatest.SuperEngine.$anonfun$runTestsInBranch$1(Engine.scala:413)
[info]   at scala.collection.immutable.List.foreach(List.scala:334)
[info]   at org.scalatest.SuperEngine.traverseSubNodes$1(Engine.scala:401)
[info]   at org.scalatest.SuperEngine.runTestsInBranch(Engine.scala:396)
[info]   at org.scalatest.SuperEngine.runTestsImpl(Engine.scala:475)
[info]   at org.scalatest.funsuite.AnyFunSuiteLike.runTests(AnyFunSuiteLike.scala:269)
[info]   at org.scalatest.funsuite.AnyFunSuiteLike.runTests$(AnyFunSuiteLike.scala:268)
[info]   at org.scalatest.funsuite.AnyFunSuite.runTests(AnyFunSuite.scala:1564)
[info]   at org.scalatest.Suite.run(Suite.scala:1114)
[info]   at org.scalatest.Suite.run$(Suite.scala:1096)
[info]   at org.scalatest.funsuite.AnyFunSuite.org$scalatest$funsuite$AnyFunSuiteLike$$super$run(AnyFunSuite.scala:1564)
[info]   at org.scalatest.funsuite.AnyFunSuiteLike.$anonfun$run$1(AnyFunSuiteLike.scala:273)
[info]   at org.scalatest.SuperEngine.runImpl(Engine.scala:535)
[info]   at org.scalatest.funsuite.AnyFunSuiteLike.run(AnyFunSuiteLike.scala:273)
[info]   at org.scalatest.funsuite.AnyFunSuiteLike.run$(AnyFunSuiteLike.scala:272)
[info]   at frameless.TypedDatasetSuite.org$scalatest$BeforeAndAfterAll$$super$run(TypedDatasetSuite.scala:63)
[info]   at org.scalatest.BeforeAndAfterAll.liftedTree1$1(BeforeAndAfterAll.scala:213)
[info]   at org.scalatest.BeforeAndAfterAll.run(BeforeAndAfterAll.scala:210)
[info]   at org.scalatest.BeforeAndAfterAll.run$(BeforeAndAfterAll.scala:208)
[info]   at frameless.TypedDatasetSuite.run(TypedDatasetSuite.scala:63)
[info]   at org.scalatest.tools.Framework.org$scalatest$tools$Framework$$runSuite(Framework.scala:321)
[info]   at org.scalatest.tools.Framework$ScalaTestTask.execute(Framework.scala:517)
[info]   at sbt.ForkMain$Run.lambda$runTest$1(ForkMain.java:414)
[info]   at java.base/java.util.concurrent.FutureTask.run(FutureTask.java:317)
[info]   at java.base/java.util.concurrent.ThreadPoolExecutor.runWorker(ThreadPoolExecutor.java:1144)
[info]   at java.base/java.util.concurrent.ThreadPoolExecutor$Worker.run(ThreadPoolExecutor.java:642)
[info]   at java.base/java.lang.Thread.run(Thread.java:1583)
[info]   Cause: java.lang.IllegalArgumentException: argument type mismatch
[info]   at java.base/jdk.internal.reflect.DirectConstructorHandleAccessor.newInstance(DirectConstructorHandleAccessor.java:65)
[info]   at java.base/java.lang.reflect.Constructor.newInstanceWithCaller(Constructor.java:502)
[info]   at java.base/java.lang.reflect.Constructor.newInstance(Constructor.java:486)
[info]   at frameless.TypedExpressionEncoder$.$anonfun$apply$3(TypedExpressionEncoder.scala:55)
[info]   at scala.Option.map(Option.scala:242)
[info]   at frameless.TypedExpressionEncoder$.apply(TypedExpressionEncoder.scala:54)
[info]   at frameless.TypedDataset$.create(TypedDataset.scala:1325)
[info]   at frameless.CollectTests$.$anonfun$prop$1(CollectTests.scala:89)
[info]   at org.scalacheck.Prop$ExtendedAny.$qmark$eq(Prop.scala:329)
[info]   at frameless.CollectTests$.prop(CollectTests.scala:89)
[info]   at frameless.InjectionTests.$anonfun$new$135(InjectionTests.scala:185)
[info]   at scala.Function1.$anonfun$andThen$1(Function1.scala:87)
[info]   at org.scalacheck.Prop$.$anonfun$forAllShrink$2(Prop.scala:868)
[info]   at org.scalacheck.Prop$.secure(Prop.scala:484)
[info]   at org.scalacheck.Prop$.result$1(Prop.scala:868)
[info]   at org.scalacheck.Prop$.$anonfun$forAllShrink$1(Prop.scala:915)
[info]   at org.scalacheck.Prop$.$anonfun$apply$1(Prop.scala:305)
[info]   at org.scalacheck.PropFromFun.apply(Prop.scala:20)
[info]   at org.scalacheck.Test$.workerFun$1(Test.scala:486)
[info]   at org.scalacheck.Test$.$anonfun$check$4(Test.scala:518)
[info]   at org.scalacheck.Test$.$anonfun$check$4$adapted(Test.scala:518)
[info]   at org.scalacheck.Platform$.runWorkers(Platform.scala:42)
[info]   at org.scalacheck.Test$.check(Test.scala:518)
[info]   at org.scalatestplus.scalacheck.UnitCheckerAsserting$CheckerAssertingImpl.check(CheckerAsserting.scala:90)
[info]   at org.scalatestplus.scalacheck.Checkers.check(Checkers.scala:371)
[info]   at org.scalatestplus.scalacheck.Checkers.check$(Checkers.scala:369)
[info]   at frameless.TypedDatasetSuite.check(TypedDatasetSuite.scala:63)
[info]   at frameless.InjectionTests.$anonfun$new$130(InjectionTests.scala:185)
[info]   at org.scalatest.OutcomeOf.outcomeOf(OutcomeOf.scala:85)
[info]   at org.scalatest.OutcomeOf.outcomeOf$(OutcomeOf.scala:83)
[info]   at org.scalatest.OutcomeOf$.outcomeOf(OutcomeOf.scala:104)
[info]   at org.scalatest.Transformer.apply(Transformer.scala:22)
[info]   at org.scalatest.Transformer.apply(Transformer.scala:20)
[info]   at org.scalatest.funsuite.AnyFunSuiteLike$$anon$1.apply(AnyFunSuiteLike.scala:226)
[info]   at org.scalatest.TestSuite.withFixture(TestSuite.scala:196)
[info]   at org.scalatest.TestSuite.withFixture$(TestSuite.scala:195)
[info]   at org.scalatest.funsuite.AnyFunSuite.withFixture(AnyFunSuite.scala:1564)
[info]   at org.scalatest.funsuite.AnyFunSuiteLike.invokeWithFixture$1(AnyFunSuiteLike.scala:224)
[info]   at org.scalatest.funsuite.AnyFunSuiteLike.$anonfun$runTest$1(AnyFunSuiteLike.scala:236)
[info]   at org.scalatest.SuperEngine.runTestImpl(Engine.scala:306)
[info]   at org.scalatest.funsuite.AnyFunSuiteLike.runTest(AnyFunSuiteLike.scala:236)
[info]   at org.scalatest.funsuite.AnyFunSuiteLike.runTest$(AnyFunSuiteLike.scala:218)
[info]   at org.scalatest.funsuite.AnyFunSuite.runTest(AnyFunSuite.scala:1564)
[info]   at org.scalatest.funsuite.AnyFunSuiteLike.$anonfun$runTests$1(AnyFunSuiteLike.scala:269)
[info]   at org.scalatest.SuperEngine.$anonfun$runTestsInBranch$1(Engine.scala:413)
[info]   at scala.collection.immutable.List.foreach(List.scala:334)
[info]   at org.scalatest.SuperEngine.traverseSubNodes$1(Engine.scala:401)
[info]   at org.scalatest.SuperEngine.runTestsInBranch(Engine.scala:396)
[info]   at org.scalatest.SuperEngine.runTestsImpl(Engine.scala:475)
[info]   at org.scalatest.funsuite.AnyFunSuiteLike.runTests(AnyFunSuiteLike.scala:269)
[info]   at org.scalatest.funsuite.AnyFunSuiteLike.runTests$(AnyFunSuiteLike.scala:268)
[info]   at org.scalatest.funsuite.AnyFunSuite.runTests(AnyFunSuite.scala:1564)
[info]   at org.scalatest.Suite.run(Suite.scala:1114)
[info]   at org.scalatest.Suite.run$(Suite.scala:1096)
[info]   at org.scalatest.funsuite.AnyFunSuite.org$scalatest$funsuite$AnyFunSuiteLike$$super$run(AnyFunSuite.scala:1564)
[info]   at org.scalatest.funsuite.AnyFunSuiteLike.$anonfun$run$1(AnyFunSuiteLike.scala:273)
[info]   at org.scalatest.SuperEngine.runImpl(Engine.scala:535)
[info]   at org.scalatest.funsuite.AnyFunSuiteLike.run(AnyFunSuiteLike.scala:273)
[info]   at org.scalatest.funsuite.AnyFunSuiteLike.run$(AnyFunSuiteLike.scala:272)
[info]   at frameless.TypedDatasetSuite.org$scalatest$BeforeAndAfterAll$$super$run(TypedDatasetSuite.scala:63)
[info]   at org.scalatest.BeforeAndAfterAll.liftedTree1$1(BeforeAndAfterAll.scala:213)
[info]   at org.scalatest.BeforeAndAfterAll.run(BeforeAndAfterAll.scala:210)
[info]   at org.scalatest.BeforeAndAfterAll.run$(BeforeAndAfterAll.scala:208)
[info]   at frameless.TypedDatasetSuite.run(TypedDatasetSuite.scala:63)
[info]   at org.scalatest.tools.Framework.org$scalatest$tools$Framework$$runSuite(Framework.scala:321)
[info]   at org.scalatest.tools.Framework$ScalaTestTask.execute(Framework.scala:517)
[info]   at sbt.ForkMain$Run.lambda$runTest$1(ForkMain.java:414)
[info]   at java.base/java.util.concurrent.FutureTask.run(FutureTask.java:317)
[info]   at java.base/java.util.concurrent.ThreadPoolExecutor.runWorker(ThreadPoolExecutor.java:1144)
[info]   at java.base/java.util.concurrent.ThreadPoolExecutor$Worker.run(ThreadPoolExecutor.java:642)
[info]   at java.base/java.lang.Thread.run(Thread.java:1583)
[info]   Cause: java.lang.ClassCastException: Cannot cast scala.reflect.ClassTag$GenericClassTag to org.apache.spark.sql.catalyst.expressions.Expression
[info]   at java.base/java.lang.Class.cast(Class.java:4067)
[info]   at java.base/jdk.internal.reflect.DirectConstructorHandleAccessor.newInstance(DirectConstructorHandleAccessor.java:62)
[info]   at java.base/java.lang.reflect.Constructor.newInstanceWithCaller(Constructor.java:502)
[info]   at java.base/java.lang.reflect.Constructor.newInstance(Constructor.java:486)
[info]   at frameless.TypedExpressionEncoder$.$anonfun$apply$3(TypedExpressionEncoder.scala:55)
[info]   at scala.Option.map(Option.scala:242)
[info]   at frameless.TypedExpressionEncoder$.apply(TypedExpressionEncoder.scala:54)
[info]   at frameless.TypedDataset$.create(TypedDataset.scala:1325)
[info]   at frameless.CollectTests$.$anonfun$prop$1(CollectTests.scala:89)
[info]   at org.scalacheck.Prop$ExtendedAny.$qmark$eq(Prop.scala:329)
[info]   at frameless.CollectTests$.prop(CollectTests.scala:89)
[info]   at frameless.InjectionTests.$anonfun$new$135(InjectionTests.scala:185)
[info]   at scala.Function1.$anonfun$andThen$1(Function1.scala:87)
[info]   at org.scalacheck.Prop$.$anonfun$forAllShrink$2(Prop.scala:868)
[info]   at org.scalacheck.Prop$.secure(Prop.scala:484)
[info]   at org.scalacheck.Prop$.result$1(Prop.scala:868)
[info]   at org.scalacheck.Prop$.$anonfun$forAllShrink$1(Prop.scala:915)
[info]   at org.scalacheck.Prop$.$anonfun$apply$1(Prop.scala:305)
[info]   at org.scalacheck.PropFromFun.apply(Prop.scala:20)
[info]   at org.scalacheck.Test$.workerFun$1(Test.scala:486)
[info]   at org.scalacheck.Test$.$anonfun$check$4(Test.scala:518)
[info]   at org.scalacheck.Test$.$anonfun$check$4$adapted(Test.scala:518)
[info]   at org.scalacheck.Platform$.runWorkers(Platform.scala:42)
[info]   at org.scalacheck.Test$.check(Test.scala:518)
[info]   at org.scalatestplus.scalacheck.UnitCheckerAsserting$CheckerAssertingImpl.check(CheckerAsserting.scala:90)
[info]   at org.scalatestplus.scalacheck.Checkers.check(Checkers.scala:371)
[info]   at org.scalatestplus.scalacheck.Checkers.check$(Checkers.scala:369)
[info]   at frameless.TypedDatasetSuite.check(TypedDatasetSuite.scala:63)
[info]   at frameless.InjectionTests.$anonfun$new$130(InjectionTests.scala:185)
[info]   at org.scalatest.OutcomeOf.outcomeOf(OutcomeOf.scala:85)
[info]   at org.scalatest.OutcomeOf.outcomeOf$(OutcomeOf.scala:83)
[info]   at org.scalatest.OutcomeOf$.outcomeOf(OutcomeOf.scala:104)
[info]   at org.scalatest.Transformer.apply(Transformer.scala:22)
[info]   at org.scalatest.Transformer.apply(Transformer.scala:20)
[info]   at org.scalatest.funsuite.AnyFunSuiteLike$$anon$1.apply(AnyFunSuiteLike.scala:226)
[info]   at org.scalatest.TestSuite.withFixture(TestSuite.scala:196)
[info]   at org.scalatest.TestSuite.withFixture$(TestSuite.scala:195)
[info]   at org.scalatest.funsuite.AnyFunSuite.withFixture(AnyFunSuite.scala:1564)
[info]   at org.scalatest.funsuite.AnyFunSuiteLike.invokeWithFixture$1(AnyFunSuiteLike.scala:224)
[info]   at org.scalatest.funsuite.AnyFunSuiteLike.$anonfun$runTest$1(AnyFunSuiteLike.scala:236)
[info]   at org.scalatest.SuperEngine.runTestImpl(Engine.scala:306)
[info]   at org.scalatest.funsuite.AnyFunSuiteLike.runTest(AnyFunSuiteLike.scala:236)
[info]   at org.scalatest.funsuite.AnyFunSuiteLike.runTest$(AnyFunSuiteLike.scala:218)
[info]   at org.scalatest.funsuite.AnyFunSuite.runTest(AnyFunSuite.scala:1564)
[info]   at org.scalatest.funsuite.AnyFunSuiteLike.$anonfun$runTests$1(AnyFunSuiteLike.scala:269)
[info]   at org.scalatest.SuperEngine.$anonfun$runTestsInBranch$1(Engine.scala:413)
[info]   at scala.collection.immutable.List.foreach(List.scala:334)
[info]   at org.scalatest.SuperEngine.traverseSubNodes$1(Engine.scala:401)
[info]   at org.scalatest.SuperEngine.runTestsInBranch(Engine.scala:396)
[info]   at org.scalatest.SuperEngine.runTestsImpl(Engine.scala:475)
[info]   at org.scalatest.funsuite.AnyFunSuiteLike.runTests(AnyFunSuiteLike.scala:269)
[info]   at org.scalatest.funsuite.AnyFunSuiteLike.runTests$(AnyFunSuiteLike.scala:268)
[info]   at org.scalatest.funsuite.AnyFunSuite.runTests(AnyFunSuite.scala:1564)
[info]   at org.scalatest.Suite.run(Suite.scala:1114)
[info]   at org.scalatest.Suite.run$(Suite.scala:1096)
[info]   at org.scalatest.funsuite.AnyFunSuite.org$scalatest$funsuite$AnyFunSuiteLike$$super$run(AnyFunSuite.scala:1564)
[info]   at org.scalatest.funsuite.AnyFunSuiteLike.$anonfun$run$1(AnyFunSuiteLike.scala:273)
[info]   at org.scalatest.SuperEngine.runImpl(Engine.scala:535)
[info]   at org.scalatest.funsuite.AnyFunSuiteLike.run(AnyFunSuiteLike.scala:273)
[info]   at org.scalatest.funsuite.AnyFunSuiteLike.run$(AnyFunSuiteLike.scala:272)
[info]   at frameless.TypedDatasetSuite.org$scalatest$BeforeAndAfterAll$$super$run(TypedDatasetSuite.scala:63)
[info]   at org.scalatest.BeforeAndAfterAll.liftedTree1$1(BeforeAndAfterAll.scala:213)
[info]   at org.scalatest.BeforeAndAfterAll.run(BeforeAndAfterAll.scala:210)
[info]   at org.scalatest.BeforeAndAfterAll.run$(BeforeAndAfterAll.scala:208)
[info]   at frameless.TypedDatasetSuite.run(TypedDatasetSuite.scala:63)
[info]   at org.scalatest.tools.Framework.org$scalatest$tools$Framework$$runSuite(Framework.scala:321)
[info]   at org.scalatest.tools.Framework$ScalaTestTask.execute(Framework.scala:517)
[info]   at sbt.ForkMain$Run.lambda$runTest$1(ForkMain.java:414)
[info]   at java.base/java.util.concurrent.FutureTask.run(FutureTask.java:317)
[info]   at java.base/java.util.concurrent.ThreadPoolExecutor.runWorker(ThreadPoolExecutor.java:1144)
[info]   at java.base/java.util.concurrent.ThreadPoolExecutor$Worker.run(ThreadPoolExecutor.java:642)
[info]   at java.base/java.lang.Thread.run(Thread.java:1583)
[info] - TypedEncoder[Employee] implicit is missing (0 milliseconds)
[info] - Resolve missing implicit by deriving Injection instance *** FAILED *** (21 milliseconds)
[info]   IllegalArgumentException was thrown during property evaluation.
[info]     Message: argument type mismatch
[info]     Occurred when passed generated values (
[info]       arg0 = Vector()
[info]     )
[info]   org.scalatest.exceptions.GeneratorDrivenPropertyCheckFailedException:
[info]   at org.scalatestplus.scalacheck.CheckerAsserting$$anon$2.indicateFailure(CheckerAsserting.scala:251)
[info]   at org.scalatestplus.scalacheck.CheckerAsserting$$anon$2.indicateFailure(CheckerAsserting.scala:238)
[info]   at org.scalatestplus.scalacheck.UnitCheckerAsserting$CheckerAssertingImpl.check(CheckerAsserting.scala:160)
[info]   at org.scalatestplus.scalacheck.Checkers.check(Checkers.scala:371)
[info]   at org.scalatestplus.scalacheck.Checkers.check$(Checkers.scala:369)
[info]   at frameless.TypedDatasetSuite.check(TypedDatasetSuite.scala:63)
[info]   at frameless.InjectionTests.$anonfun$new$142(InjectionTests.scala:198)
[info]   at org.scalatest.OutcomeOf.outcomeOf(OutcomeOf.scala:85)
[info]   at org.scalatest.OutcomeOf.outcomeOf$(OutcomeOf.scala:83)
[info]   at org.scalatest.OutcomeOf$.outcomeOf(OutcomeOf.scala:104)
[info]   at org.scalatest.Transformer.apply(Transformer.scala:22)
[info]   at org.scalatest.Transformer.apply(Transformer.scala:20)
[info]   at org.scalatest.funsuite.AnyFunSuiteLike$$anon$1.apply(AnyFunSuiteLike.scala:226)
[info]   at org.scalatest.TestSuite.withFixture(TestSuite.scala:196)
[info]   at org.scalatest.TestSuite.withFixture$(TestSuite.scala:195)
[info]   at org.scalatest.funsuite.AnyFunSuite.withFixture(AnyFunSuite.scala:1564)
[info]   at org.scalatest.funsuite.AnyFunSuiteLike.invokeWithFixture$1(AnyFunSuiteLike.scala:224)
[info]   at org.scalatest.funsuite.AnyFunSuiteLike.$anonfun$runTest$1(AnyFunSuiteLike.scala:236)
[info]   at org.scalatest.SuperEngine.runTestImpl(Engine.scala:306)
[info]   at org.scalatest.funsuite.AnyFunSuiteLike.runTest(AnyFunSuiteLike.scala:236)
[info]   at org.scalatest.funsuite.AnyFunSuiteLike.runTest$(AnyFunSuiteLike.scala:218)
[info]   at org.scalatest.funsuite.AnyFunSuite.runTest(AnyFunSuite.scala:1564)
[info]   at org.scalatest.funsuite.AnyFunSuiteLike.$anonfun$runTests$1(AnyFunSuiteLike.scala:269)
[info]   at org.scalatest.SuperEngine.$anonfun$runTestsInBranch$1(Engine.scala:413)
[info]   at scala.collection.immutable.List.foreach(List.scala:334)
[info]   at org.scalatest.SuperEngine.traverseSubNodes$1(Engine.scala:401)
[info]   at org.scalatest.SuperEngine.runTestsInBranch(Engine.scala:396)
[info]   at org.scalatest.SuperEngine.runTestsImpl(Engine.scala:475)
[info]   at org.scalatest.funsuite.AnyFunSuiteLike.runTests(AnyFunSuiteLike.scala:269)
[info]   at org.scalatest.funsuite.AnyFunSuiteLike.runTests$(AnyFunSuiteLike.scala:268)
[info]   at org.scalatest.funsuite.AnyFunSuite.runTests(AnyFunSuite.scala:1564)
[info]   at org.scalatest.Suite.run(Suite.scala:1114)
[info]   at org.scalatest.Suite.run$(Suite.scala:1096)
[info]   at org.scalatest.funsuite.AnyFunSuite.org$scalatest$funsuite$AnyFunSuiteLike$$super$run(AnyFunSuite.scala:1564)
[info]   at org.scalatest.funsuite.AnyFunSuiteLike.$anonfun$run$1(AnyFunSuiteLike.scala:273)
[info]   at org.scalatest.SuperEngine.runImpl(Engine.scala:535)
[info]   at org.scalatest.funsuite.AnyFunSuiteLike.run(AnyFunSuiteLike.scala:273)
[info]   at org.scalatest.funsuite.AnyFunSuiteLike.run$(AnyFunSuiteLike.scala:272)
[info]   at frameless.TypedDatasetSuite.org$scalatest$BeforeAndAfterAll$$super$run(TypedDatasetSuite.scala:63)
[info]   at org.scalatest.BeforeAndAfterAll.liftedTree1$1(BeforeAndAfterAll.scala:213)
[info]   at org.scalatest.BeforeAndAfterAll.run(BeforeAndAfterAll.scala:210)
[info]   at org.scalatest.BeforeAndAfterAll.run$(BeforeAndAfterAll.scala:208)
[info]   at frameless.TypedDatasetSuite.run(TypedDatasetSuite.scala:63)
[info]   at org.scalatest.tools.Framework.org$scalatest$tools$Framework$$runSuite(Framework.scala:321)
[info]   at org.scalatest.tools.Framework$ScalaTestTask.execute(Framework.scala:517)
[info]   at sbt.ForkMain$Run.lambda$runTest$1(ForkMain.java:414)
[info]   at java.base/java.util.concurrent.FutureTask.run(FutureTask.java:317)
[info]   at java.base/java.util.concurrent.ThreadPoolExecutor.runWorker(ThreadPoolExecutor.java:1144)
[info]   at java.base/java.util.concurrent.ThreadPoolExecutor$Worker.run(ThreadPoolExecutor.java:642)
[info]   at java.base/java.lang.Thread.run(Thread.java:1583)
[info]   Cause: java.lang.IllegalArgumentException: argument type mismatch
[info]   at java.base/jdk.internal.reflect.DirectConstructorHandleAccessor.newInstance(DirectConstructorHandleAccessor.java:65)
[info]   at java.base/java.lang.reflect.Constructor.newInstanceWithCaller(Constructor.java:502)
[info]   at java.base/java.lang.reflect.Constructor.newInstance(Constructor.java:486)
[info]   at frameless.TypedExpressionEncoder$.$anonfun$apply$3(TypedExpressionEncoder.scala:55)
[info]   at scala.Option.map(Option.scala:242)
[info]   at frameless.TypedExpressionEncoder$.apply(TypedExpressionEncoder.scala:54)
[info]   at frameless.TypedDataset$.create(TypedDataset.scala:1325)
[info]   at frameless.CollectTests$.$anonfun$prop$1(CollectTests.scala:89)
[info]   at org.scalacheck.Prop$ExtendedAny.$qmark$eq(Prop.scala:329)
[info]   at frameless.CollectTests$.prop(CollectTests.scala:89)
[info]   at frameless.InjectionTests.$anonfun$new$143(InjectionTests.scala:198)
[info]   at scala.Function1.$anonfun$andThen$1(Function1.scala:87)
[info]   at org.scalacheck.Prop$.$anonfun$forAllShrink$2(Prop.scala:868)
[info]   at org.scalacheck.Prop$.secure(Prop.scala:484)
[info]   at org.scalacheck.Prop$.result$1(Prop.scala:868)
[info]   at org.scalacheck.Prop$.$anonfun$forAllShrink$1(Prop.scala:915)
[info]   at org.scalacheck.Prop$.$anonfun$apply$1(Prop.scala:305)
[info]   at org.scalacheck.PropFromFun.apply(Prop.scala:20)
[info]   at org.scalacheck.Test$.workerFun$1(Test.scala:486)
[info]   at org.scalacheck.Test$.$anonfun$check$4(Test.scala:518)
[info]   at org.scalacheck.Test$.$anonfun$check$4$adapted(Test.scala:518)
[info]   at org.scalacheck.Platform$.runWorkers(Platform.scala:42)
[info]   at org.scalacheck.Test$.check(Test.scala:518)
[info]   at org.scalatestplus.scalacheck.UnitCheckerAsserting$CheckerAssertingImpl.check(CheckerAsserting.scala:90)
[info]   at org.scalatestplus.scalacheck.Checkers.check(Checkers.scala:371)
[info]   at org.scalatestplus.scalacheck.Checkers.check$(Checkers.scala:369)
[info]   at frameless.TypedDatasetSuite.check(TypedDatasetSuite.scala:63)
[info]   at frameless.InjectionTests.$anonfun$new$142(InjectionTests.scala:198)
[info]   at org.scalatest.OutcomeOf.outcomeOf(OutcomeOf.scala:85)
[info]   at org.scalatest.OutcomeOf.outcomeOf$(OutcomeOf.scala:83)
[info]   at org.scalatest.OutcomeOf$.outcomeOf(OutcomeOf.scala:104)
[info]   at org.scalatest.Transformer.apply(Transformer.scala:22)
[info]   at org.scalatest.Transformer.apply(Transformer.scala:20)
[info]   at org.scalatest.funsuite.AnyFunSuiteLike$$anon$1.apply(AnyFunSuiteLike.scala:226)
[info]   at org.scalatest.TestSuite.withFixture(TestSuite.scala:196)
[info]   at org.scalatest.TestSuite.withFixture$(TestSuite.scala:195)
[info]   at org.scalatest.funsuite.AnyFunSuite.withFixture(AnyFunSuite.scala:1564)
[info]   at org.scalatest.funsuite.AnyFunSuiteLike.invokeWithFixture$1(AnyFunSuiteLike.scala:224)
[info]   at org.scalatest.funsuite.AnyFunSuiteLike.$anonfun$runTest$1(AnyFunSuiteLike.scala:236)
[info]   at org.scalatest.SuperEngine.runTestImpl(Engine.scala:306)
[info]   at org.scalatest.funsuite.AnyFunSuiteLike.runTest(AnyFunSuiteLike.scala:236)
[info]   at org.scalatest.funsuite.AnyFunSuiteLike.runTest$(AnyFunSuiteLike.scala:218)
[info]   at org.scalatest.funsuite.AnyFunSuite.runTest(AnyFunSuite.scala:1564)
[info]   at org.scalatest.funsuite.AnyFunSuiteLike.$anonfun$runTests$1(AnyFunSuiteLike.scala:269)
[info]   at org.scalatest.SuperEngine.$anonfun$runTestsInBranch$1(Engine.scala:413)
[info]   at scala.collection.immutable.List.foreach(List.scala:334)
[info]   at org.scalatest.SuperEngine.traverseSubNodes$1(Engine.scala:401)
[info]   at org.scalatest.SuperEngine.runTestsInBranch(Engine.scala:396)
[info]   at org.scalatest.SuperEngine.runTestsImpl(Engine.scala:475)
[info]   at org.scalatest.funsuite.AnyFunSuiteLike.runTests(AnyFunSuiteLike.scala:269)
[info]   at org.scalatest.funsuite.AnyFunSuiteLike.runTests$(AnyFunSuiteLike.scala:268)
[info]   at org.scalatest.funsuite.AnyFunSuite.runTests(AnyFunSuite.scala:1564)
[info]   at org.scalatest.Suite.run(Suite.scala:1114)
[info]   at org.scalatest.Suite.run$(Suite.scala:1096)
[info]   at org.scalatest.funsuite.AnyFunSuite.org$scalatest$funsuite$AnyFunSuiteLike$$super$run(AnyFunSuite.scala:1564)
[info]   at org.scalatest.funsuite.AnyFunSuiteLike.$anonfun$run$1(AnyFunSuiteLike.scala:273)
[info]   at org.scalatest.SuperEngine.runImpl(Engine.scala:535)
[info]   at org.scalatest.funsuite.AnyFunSuiteLike.run(AnyFunSuiteLike.scala:273)
[info]   at org.scalatest.funsuite.AnyFunSuiteLike.run$(AnyFunSuiteLike.scala:272)
[info]   at frameless.TypedDatasetSuite.org$scalatest$BeforeAndAfterAll$$super$run(TypedDatasetSuite.scala:63)
[info]   at org.scalatest.BeforeAndAfterAll.liftedTree1$1(BeforeAndAfterAll.scala:213)
[info]   at org.scalatest.BeforeAndAfterAll.run(BeforeAndAfterAll.scala:210)
[info]   at org.scalatest.BeforeAndAfterAll.run$(BeforeAndAfterAll.scala:208)
[info]   at frameless.TypedDatasetSuite.run(TypedDatasetSuite.scala:63)
[info]   at org.scalatest.tools.Framework.org$scalatest$tools$Framework$$runSuite(Framework.scala:321)
[info]   at org.scalatest.tools.Framework$ScalaTestTask.execute(Framework.scala:517)
[info]   at sbt.ForkMain$Run.lambda$runTest$1(ForkMain.java:414)
[info]   at java.base/java.util.concurrent.FutureTask.run(FutureTask.java:317)
[info]   at java.base/java.util.concurrent.ThreadPoolExecutor.runWorker(ThreadPoolExecutor.java:1144)
[info]   at java.base/java.util.concurrent.ThreadPoolExecutor$Worker.run(ThreadPoolExecutor.java:642)
[info]   at java.base/java.lang.Thread.run(Thread.java:1583)
[info]   Cause: java.lang.ClassCastException: Cannot cast scala.reflect.ClassTag$GenericClassTag to org.apache.spark.sql.catalyst.expressions.Expression
[info]   at java.base/java.lang.Class.cast(Class.java:4067)
[info]   at java.base/jdk.internal.reflect.DirectConstructorHandleAccessor.newInstance(DirectConstructorHandleAccessor.java:62)
[info]   at java.base/java.lang.reflect.Constructor.newInstanceWithCaller(Constructor.java:502)
[info]   at java.base/java.lang.reflect.Constructor.newInstance(Constructor.java:486)
[info]   at frameless.TypedExpressionEncoder$.$anonfun$apply$3(TypedExpressionEncoder.scala:55)
[info]   at scala.Option.map(Option.scala:242)
[info]   at frameless.TypedExpressionEncoder$.apply(TypedExpressionEncoder.scala:54)
[info]   at frameless.TypedDataset$.create(TypedDataset.scala:1325)
[info]   at frameless.CollectTests$.$anonfun$prop$1(CollectTests.scala:89)
[info]   at org.scalacheck.Prop$ExtendedAny.$qmark$eq(Prop.scala:329)
[info]   at frameless.CollectTests$.prop(CollectTests.scala:89)
[info]   at frameless.InjectionTests.$anonfun$new$143(InjectionTests.scala:198)
[info]   at scala.Function1.$anonfun$andThen$1(Function1.scala:87)
[info]   at org.scalacheck.Prop$.$anonfun$forAllShrink$2(Prop.scala:868)
[info]   at org.scalacheck.Prop$.secure(Prop.scala:484)
[info]   at org.scalacheck.Prop$.result$1(Prop.scala:868)
[info]   at org.scalacheck.Prop$.$anonfun$forAllShrink$1(Prop.scala:915)
[info]   at org.scalacheck.Prop$.$anonfun$apply$1(Prop.scala:305)
[info]   at org.scalacheck.PropFromFun.apply(Prop.scala:20)
[info]   at org.scalacheck.Test$.workerFun$1(Test.scala:486)
[info]   at org.scalacheck.Test$.$anonfun$check$4(Test.scala:518)
[info]   at org.scalacheck.Test$.$anonfun$check$4$adapted(Test.scala:518)
[info]   at org.scalacheck.Platform$.runWorkers(Platform.scala:42)
[info]   at org.scalacheck.Test$.check(Test.scala:518)
[info]   at org.scalatestplus.scalacheck.UnitCheckerAsserting$CheckerAssertingImpl.check(CheckerAsserting.scala:90)
[info]   at org.scalatestplus.scalacheck.Checkers.check(Checkers.scala:371)
[info]   at org.scalatestplus.scalacheck.Checkers.check$(Checkers.scala:369)
[info]   at frameless.TypedDatasetSuite.check(TypedDatasetSuite.scala:63)
[info]   at frameless.InjectionTests.$anonfun$new$142(InjectionTests.scala:198)
[info]   at org.scalatest.OutcomeOf.outcomeOf(OutcomeOf.scala:85)
[info]   at org.scalatest.OutcomeOf.outcomeOf$(OutcomeOf.scala:83)
[info]   at org.scalatest.OutcomeOf$.outcomeOf(OutcomeOf.scala:104)
[info]   at org.scalatest.Transformer.apply(Transformer.scala:22)
[info]   at org.scalatest.Transformer.apply(Transformer.scala:20)
[info]   at org.scalatest.funsuite.AnyFunSuiteLike$$anon$1.apply(AnyFunSuiteLike.scala:226)
[info]   at org.scalatest.TestSuite.withFixture(TestSuite.scala:196)
[info]   at org.scalatest.TestSuite.withFixture$(TestSuite.scala:195)
[info]   at org.scalatest.funsuite.AnyFunSuite.withFixture(AnyFunSuite.scala:1564)
[info]   at org.scalatest.funsuite.AnyFunSuiteLike.invokeWithFixture$1(AnyFunSuiteLike.scala:224)
[info]   at org.scalatest.funsuite.AnyFunSuiteLike.$anonfun$runTest$1(AnyFunSuiteLike.scala:236)
[info]   at org.scalatest.SuperEngine.runTestImpl(Engine.scala:306)
[info]   at org.scalatest.funsuite.AnyFunSuiteLike.runTest(AnyFunSuiteLike.scala:236)
[info]   at org.scalatest.funsuite.AnyFunSuiteLike.runTest$(AnyFunSuiteLike.scala:218)
[info]   at org.scalatest.funsuite.AnyFunSuite.runTest(AnyFunSuite.scala:1564)
[info]   at org.scalatest.funsuite.AnyFunSuiteLike.$anonfun$runTests$1(AnyFunSuiteLike.scala:269)
[info]   at org.scalatest.SuperEngine.$anonfun$runTestsInBranch$1(Engine.scala:413)
[info]   at scala.collection.immutable.List.foreach(List.scala:334)
[info]   at org.scalatest.SuperEngine.traverseSubNodes$1(Engine.scala:401)
[info]   at org.scalatest.SuperEngine.runTestsInBranch(Engine.scala:396)
[info]   at org.scalatest.SuperEngine.runTestsImpl(Engine.scala:475)
[info]   at org.scalatest.funsuite.AnyFunSuiteLike.runTests(AnyFunSuiteLike.scala:269)
[info]   at org.scalatest.funsuite.AnyFunSuiteLike.runTests$(AnyFunSuiteLike.scala:268)
[info]   at org.scalatest.funsuite.AnyFunSuite.runTests(AnyFunSuite.scala:1564)
[info]   at org.scalatest.Suite.run(Suite.scala:1114)
[info]   at org.scalatest.Suite.run$(Suite.scala:1096)
[info]   at org.scalatest.funsuite.AnyFunSuite.org$scalatest$funsuite$AnyFunSuiteLike$$super$run(AnyFunSuite.scala:1564)
[info]   at org.scalatest.funsuite.AnyFunSuiteLike.$anonfun$run$1(AnyFunSuiteLike.scala:273)
[info]   at org.scalatest.SuperEngine.runImpl(Engine.scala:535)
[info]   at org.scalatest.funsuite.AnyFunSuiteLike.run(AnyFunSuiteLike.scala:273)
[info]   at org.scalatest.funsuite.AnyFunSuiteLike.run$(AnyFunSuiteLike.scala:272)
[info]   at frameless.TypedDatasetSuite.org$scalatest$BeforeAndAfterAll$$super$run(TypedDatasetSuite.scala:63)
[info]   at org.scalatest.BeforeAndAfterAll.liftedTree1$1(BeforeAndAfterAll.scala:213)
[info]   at org.scalatest.BeforeAndAfterAll.run(BeforeAndAfterAll.scala:210)
[info]   at org.scalatest.BeforeAndAfterAll.run$(BeforeAndAfterAll.scala:208)
[info]   at frameless.TypedDatasetSuite.run(TypedDatasetSuite.scala:63)
[info]   at org.scalatest.tools.Framework.org$scalatest$tools$Framework$$runSuite(Framework.scala:321)
[info]   at org.scalatest.tools.Framework$ScalaTestTask.execute(Framework.scala:517)
[info]   at sbt.ForkMain$Run.lambda$runTest$1(ForkMain.java:414)
[info]   at java.base/java.util.concurrent.FutureTask.run(FutureTask.java:317)
[info]   at java.base/java.util.concurrent.ThreadPoolExecutor.runWorker(ThreadPoolExecutor.java:1144)
[info]   at java.base/java.util.concurrent.ThreadPoolExecutor$Worker.run(ThreadPoolExecutor.java:642)
[info]   at java.base/java.lang.Thread.run(Thread.java:1583)
[info] - TypedEncoder[Maybe] cannot be derived (0 milliseconds)
[info] - Derive encoder for type with data constructors defined in the companion object *** FAILED *** (5 milliseconds)
[info]   IllegalArgumentException was thrown during property evaluation.
[info]     Message: argument type mismatch
[info]     Occurred when passed generated values (
[info]       arg0 = Vector()
[info]     )
[info]   org.scalatest.exceptions.GeneratorDrivenPropertyCheckFailedException:
[info]   at org.scalatestplus.scalacheck.CheckerAsserting$$anon$2.indicateFailure(CheckerAsserting.scala:251)
[info]   at org.scalatestplus.scalacheck.CheckerAsserting$$anon$2.indicateFailure(CheckerAsserting.scala:238)
[info]   at org.scalatestplus.scalacheck.UnitCheckerAsserting$CheckerAssertingImpl.check(CheckerAsserting.scala:160)
[info]   at org.scalatestplus.scalacheck.Checkers.check(Checkers.scala:371)
[info]   at org.scalatestplus.scalacheck.Checkers.check$(Checkers.scala:369)
[info]   at frameless.TypedDatasetSuite.check(TypedDatasetSuite.scala:63)
[info]   at frameless.InjectionTests.$anonfun$new$204(InjectionTests.scala:218)
[info]   at org.scalatest.OutcomeOf.outcomeOf(OutcomeOf.scala:85)
[info]   at org.scalatest.OutcomeOf.outcomeOf$(OutcomeOf.scala:83)
[info]   at org.scalatest.OutcomeOf$.outcomeOf(OutcomeOf.scala:104)
[info]   at org.scalatest.Transformer.apply(Transformer.scala:22)
[info]   at org.scalatest.Transformer.apply(Transformer.scala:20)
[info]   at org.scalatest.funsuite.AnyFunSuiteLike$$anon$1.apply(AnyFunSuiteLike.scala:226)
[info]   at org.scalatest.TestSuite.withFixture(TestSuite.scala:196)
[info]   at org.scalatest.TestSuite.withFixture$(TestSuite.scala:195)
[info]   at org.scalatest.funsuite.AnyFunSuite.withFixture(AnyFunSuite.scala:1564)
[info]   at org.scalatest.funsuite.AnyFunSuiteLike.invokeWithFixture$1(AnyFunSuiteLike.scala:224)
[info]   at org.scalatest.funsuite.AnyFunSuiteLike.$anonfun$runTest$1(AnyFunSuiteLike.scala:236)
[info]   at org.scalatest.SuperEngine.runTestImpl(Engine.scala:306)
[info]   at org.scalatest.funsuite.AnyFunSuiteLike.runTest(AnyFunSuiteLike.scala:236)
[info]   at org.scalatest.funsuite.AnyFunSuiteLike.runTest$(AnyFunSuiteLike.scala:218)
[info]   at org.scalatest.funsuite.AnyFunSuite.runTest(AnyFunSuite.scala:1564)
[info]   at org.scalatest.funsuite.AnyFunSuiteLike.$anonfun$runTests$1(AnyFunSuiteLike.scala:269)
[info]   at org.scalatest.SuperEngine.$anonfun$runTestsInBranch$1(Engine.scala:413)
[info]   at scala.collection.immutable.List.foreach(List.scala:334)
[info]   at org.scalatest.SuperEngine.traverseSubNodes$1(Engine.scala:401)
[info]   at org.scalatest.SuperEngine.runTestsInBranch(Engine.scala:396)
[info]   at org.scalatest.SuperEngine.runTestsImpl(Engine.scala:475)
[info]   at org.scalatest.funsuite.AnyFunSuiteLike.runTests(AnyFunSuiteLike.scala:269)
[info]   at org.scalatest.funsuite.AnyFunSuiteLike.runTests$(AnyFunSuiteLike.scala:268)
[info]   at org.scalatest.funsuite.AnyFunSuite.runTests(AnyFunSuite.scala:1564)
[info]   at org.scalatest.Suite.run(Suite.scala:1114)
[info]   at org.scalatest.Suite.run$(Suite.scala:1096)
[info]   at org.scalatest.funsuite.AnyFunSuite.org$scalatest$funsuite$AnyFunSuiteLike$$super$run(AnyFunSuite.scala:1564)
[info]   at org.scalatest.funsuite.AnyFunSuiteLike.$anonfun$run$1(AnyFunSuiteLike.scala:273)
[info]   at org.scalatest.SuperEngine.runImpl(Engine.scala:535)
[info]   at org.scalatest.funsuite.AnyFunSuiteLike.run(AnyFunSuiteLike.scala:273)
[info]   at org.scalatest.funsuite.AnyFunSuiteLike.run$(AnyFunSuiteLike.scala:272)
[info]   at frameless.TypedDatasetSuite.org$scalatest$BeforeAndAfterAll$$super$run(TypedDatasetSuite.scala:63)
[info]   at org.scalatest.BeforeAndAfterAll.liftedTree1$1(BeforeAndAfterAll.scala:213)
[info]   at org.scalatest.BeforeAndAfterAll.run(BeforeAndAfterAll.scala:210)
[info]   at org.scalatest.BeforeAndAfterAll.run$(BeforeAndAfterAll.scala:208)
[info]   at frameless.TypedDatasetSuite.run(TypedDatasetSuite.scala:63)
[info]   at org.scalatest.tools.Framework.org$scalatest$tools$Framework$$runSuite(Framework.scala:321)
[info]   at org.scalatest.tools.Framework$ScalaTestTask.execute(Framework.scala:517)
[info]   at sbt.ForkMain$Run.lambda$runTest$1(ForkMain.java:414)
[info]   at java.base/java.util.concurrent.FutureTask.run(FutureTask.java:317)
[info]   at java.base/java.util.concurrent.ThreadPoolExecutor.runWorker(ThreadPoolExecutor.java:1144)
[info]   at java.base/java.util.concurrent.ThreadPoolExecutor$Worker.run(ThreadPoolExecutor.java:642)
[info]   at java.base/java.lang.Thread.run(Thread.java:1583)
[info]   Cause: java.lang.IllegalArgumentException: argument type mismatch
[info]   at java.base/jdk.internal.reflect.DirectConstructorHandleAccessor.newInstance(DirectConstructorHandleAccessor.java:65)
[info]   at java.base/java.lang.reflect.Constructor.newInstanceWithCaller(Constructor.java:502)
[info]   at java.base/java.lang.reflect.Constructor.newInstance(Constructor.java:486)
[info]   at frameless.TypedExpressionEncoder$.$anonfun$apply$3(TypedExpressionEncoder.scala:55)
[info]   at scala.Option.map(Option.scala:242)
[info]   at frameless.TypedExpressionEncoder$.apply(TypedExpressionEncoder.scala:54)
[info]   at frameless.TypedDataset$.create(TypedDataset.scala:1325)
[info]   at frameless.CollectTests$.$anonfun$prop$1(CollectTests.scala:89)
[info]   at org.scalacheck.Prop$ExtendedAny.$qmark$eq(Prop.scala:329)
[info]   at frameless.CollectTests$.prop(CollectTests.scala:89)
[info]   at frameless.InjectionTests.$anonfun$new$205(InjectionTests.scala:218)
[info]   at scala.Function1.$anonfun$andThen$1(Function1.scala:87)
[info]   at org.scalacheck.Prop$.$anonfun$forAllShrink$2(Prop.scala:868)
[info]   at org.scalacheck.Prop$.secure(Prop.scala:484)
[info]   at org.scalacheck.Prop$.result$1(Prop.scala:868)
[info]   at org.scalacheck.Prop$.$anonfun$forAllShrink$1(Prop.scala:915)
[info]   at org.scalacheck.Prop$.$anonfun$apply$1(Prop.scala:305)
[info]   at org.scalacheck.PropFromFun.apply(Prop.scala:20)
[info]   at org.scalacheck.Test$.workerFun$1(Test.scala:486)
[info]   at org.scalacheck.Test$.$anonfun$check$4(Test.scala:518)
[info]   at org.scalacheck.Test$.$anonfun$check$4$adapted(Test.scala:518)
[info]   at org.scalacheck.Platform$.runWorkers(Platform.scala:42)
[info]   at org.scalacheck.Test$.check(Test.scala:518)
[info]   at org.scalatestplus.scalacheck.UnitCheckerAsserting$CheckerAssertingImpl.check(CheckerAsserting.scala:90)
[info]   at org.scalatestplus.scalacheck.Checkers.check(Checkers.scala:371)
[info]   at org.scalatestplus.scalacheck.Checkers.check$(Checkers.scala:369)
[info]   at frameless.TypedDatasetSuite.check(TypedDatasetSuite.scala:63)
[info]   at frameless.InjectionTests.$anonfun$new$204(InjectionTests.scala:218)
[info]   at org.scalatest.OutcomeOf.outcomeOf(OutcomeOf.scala:85)
[info]   at org.scalatest.OutcomeOf.outcomeOf$(OutcomeOf.scala:83)
[info]   at org.scalatest.OutcomeOf$.outcomeOf(OutcomeOf.scala:104)
[info]   at org.scalatest.Transformer.apply(Transformer.scala:22)
[info]   at org.scalatest.Transformer.apply(Transformer.scala:20)
[info]   at org.scalatest.funsuite.AnyFunSuiteLike$$anon$1.apply(AnyFunSuiteLike.scala:226)
[info]   at org.scalatest.TestSuite.withFixture(TestSuite.scala:196)
[info]   at org.scalatest.TestSuite.withFixture$(TestSuite.scala:195)
[info]   at org.scalatest.funsuite.AnyFunSuite.withFixture(AnyFunSuite.scala:1564)
[info]   at org.scalatest.funsuite.AnyFunSuiteLike.invokeWithFixture$1(AnyFunSuiteLike.scala:224)
[info]   at org.scalatest.funsuite.AnyFunSuiteLike.$anonfun$runTest$1(AnyFunSuiteLike.scala:236)
[info]   at org.scalatest.SuperEngine.runTestImpl(Engine.scala:306)
[info]   at org.scalatest.funsuite.AnyFunSuiteLike.runTest(AnyFunSuiteLike.scala:236)
[info]   at org.scalatest.funsuite.AnyFunSuiteLike.runTest$(AnyFunSuiteLike.scala:218)
[info]   at org.scalatest.funsuite.AnyFunSuite.runTest(AnyFunSuite.scala:1564)
[info]   at org.scalatest.funsuite.AnyFunSuiteLike.$anonfun$runTests$1(AnyFunSuiteLike.scala:269)
[info]   at org.scalatest.SuperEngine.$anonfun$runTestsInBranch$1(Engine.scala:413)
[info]   at scala.collection.immutable.List.foreach(List.scala:334)
[info]   at org.scalatest.SuperEngine.traverseSubNodes$1(Engine.scala:401)
[info]   at org.scalatest.SuperEngine.runTestsInBranch(Engine.scala:396)
[info]   at org.scalatest.SuperEngine.runTestsImpl(Engine.scala:475)
[info]   at org.scalatest.funsuite.AnyFunSuiteLike.runTests(AnyFunSuiteLike.scala:269)
[info]   at org.scalatest.funsuite.AnyFunSuiteLike.runTests$(AnyFunSuiteLike.scala:268)
[info]   at org.scalatest.funsuite.AnyFunSuite.runTests(AnyFunSuite.scala:1564)
[info]   at org.scalatest.Suite.run(Suite.scala:1114)
[info]   at org.scalatest.Suite.run$(Suite.scala:1096)
[info]   at org.scalatest.funsuite.AnyFunSuite.org$scalatest$funsuite$AnyFunSuiteLike$$super$run(AnyFunSuite.scala:1564)
[info]   at org.scalatest.funsuite.AnyFunSuiteLike.$anonfun$run$1(AnyFunSuiteLike.scala:273)
[info]   at org.scalatest.SuperEngine.runImpl(Engine.scala:535)
[info]   at org.scalatest.funsuite.AnyFunSuiteLike.run(AnyFunSuiteLike.scala:273)
[info]   at org.scalatest.funsuite.AnyFunSuiteLike.run$(AnyFunSuiteLike.scala:272)
[info]   at frameless.TypedDatasetSuite.org$scalatest$BeforeAndAfterAll$$super$run(TypedDatasetSuite.scala:63)
[info]   at org.scalatest.BeforeAndAfterAll.liftedTree1$1(BeforeAndAfterAll.scala:213)
[info]   at org.scalatest.BeforeAndAfterAll.run(BeforeAndAfterAll.scala:210)
[info]   at org.scalatest.BeforeAndAfterAll.run$(BeforeAndAfterAll.scala:208)
[info]   at frameless.TypedDatasetSuite.run(TypedDatasetSuite.scala:63)
[info]   at org.scalatest.tools.Framework.org$scalatest$tools$Framework$$runSuite(Framework.scala:321)
[info]   at org.scalatest.tools.Framework$ScalaTestTask.execute(Framework.scala:517)
[info]   at sbt.ForkMain$Run.lambda$runTest$1(ForkMain.java:414)
[info]   at java.base/java.util.concurrent.FutureTask.run(FutureTask.java:317)
[info]   at java.base/java.util.concurrent.ThreadPoolExecutor.runWorker(ThreadPoolExecutor.java:1144)
[info]   at java.base/java.util.concurrent.ThreadPoolExecutor$Worker.run(ThreadPoolExecutor.java:642)
[info]   at java.base/java.lang.Thread.run(Thread.java:1583)
[info]   Cause: java.lang.ClassCastException: Cannot cast scala.reflect.ClassTag$GenericClassTag to org.apache.spark.sql.catalyst.expressions.Expression
[info]   at java.base/java.lang.Class.cast(Class.java:4067)
[info]   at java.base/jdk.internal.reflect.DirectConstructorHandleAccessor.newInstance(DirectConstructorHandleAccessor.java:62)
[info]   at java.base/java.lang.reflect.Constructor.newInstanceWithCaller(Constructor.java:502)
[info]   at java.base/java.lang.reflect.Constructor.newInstance(Constructor.java:486)
[info]   at frameless.TypedExpressionEncoder$.$anonfun$apply$3(TypedExpressionEncoder.scala:55)
[info]   at scala.Option.map(Option.scala:242)
[info]   at frameless.TypedExpressionEncoder$.apply(TypedExpressionEncoder.scala:54)
[info]   at frameless.TypedDataset$.create(TypedDataset.scala:1325)
[info]   at frameless.CollectTests$.$anonfun$prop$1(CollectTests.scala:89)
[info]   at org.scalacheck.Prop$ExtendedAny.$qmark$eq(Prop.scala:329)
[info]   at frameless.CollectTests$.prop(CollectTests.scala:89)
[info]   at frameless.InjectionTests.$anonfun$new$205(InjectionTests.scala:218)
[info]   at scala.Function1.$anonfun$andThen$1(Function1.scala:87)
[info]   at org.scalacheck.Prop$.$anonfun$forAllShrink$2(Prop.scala:868)
[info]   at org.scalacheck.Prop$.secure(Prop.scala:484)
[info]   at org.scalacheck.Prop$.result$1(Prop.scala:868)
[info]   at org.scalacheck.Prop$.$anonfun$forAllShrink$1(Prop.scala:915)
[info]   at org.scalacheck.Prop$.$anonfun$apply$1(Prop.scala:305)
[info]   at org.scalacheck.PropFromFun.apply(Prop.scala:20)
[info]   at org.scalacheck.Test$.workerFun$1(Test.scala:486)
[info]   at org.scalacheck.Test$.$anonfun$check$4(Test.scala:518)
[info]   at org.scalacheck.Test$.$anonfun$check$4$adapted(Test.scala:518)
[info]   at org.scalacheck.Platform$.runWorkers(Platform.scala:42)
[info]   at org.scalacheck.Test$.check(Test.scala:518)
[info]   at org.scalatestplus.scalacheck.UnitCheckerAsserting$CheckerAssertingImpl.check(CheckerAsserting.scala:90)
[info]   at org.scalatestplus.scalacheck.Checkers.check(Checkers.scala:371)
[info]   at org.scalatestplus.scalacheck.Checkers.check$(Checkers.scala:369)
[info]   at frameless.TypedDatasetSuite.check(TypedDatasetSuite.scala:63)
[info]   at frameless.InjectionTests.$anonfun$new$204(InjectionTests.scala:218)
[info]   at org.scalatest.OutcomeOf.outcomeOf(OutcomeOf.scala:85)
[info]   at org.scalatest.OutcomeOf.outcomeOf$(OutcomeOf.scala:83)
[info]   at org.scalatest.OutcomeOf$.outcomeOf(OutcomeOf.scala:104)
[info]   at org.scalatest.Transformer.apply(Transformer.scala:22)
[info]   at org.scalatest.Transformer.apply(Transformer.scala:20)
[info]   at org.scalatest.funsuite.AnyFunSuiteLike$$anon$1.apply(AnyFunSuiteLike.scala:226)
[info]   at org.scalatest.TestSuite.withFixture(TestSuite.scala:196)
[info]   at org.scalatest.TestSuite.withFixture$(TestSuite.scala:195)
[info]   at org.scalatest.funsuite.AnyFunSuite.withFixture(AnyFunSuite.scala:1564)
[info]   at org.scalatest.funsuite.AnyFunSuiteLike.invokeWithFixture$1(AnyFunSuiteLike.scala:224)
[info]   at org.scalatest.funsuite.AnyFunSuiteLike.$anonfun$runTest$1(AnyFunSuiteLike.scala:236)
[info]   at org.scalatest.SuperEngine.runTestImpl(Engine.scala:306)
[info]   at org.scalatest.funsuite.AnyFunSuiteLike.runTest(AnyFunSuiteLike.scala:236)
[info]   at org.scalatest.funsuite.AnyFunSuiteLike.runTest$(AnyFunSuiteLike.scala:218)
[info]   at org.scalatest.funsuite.AnyFunSuite.runTest(AnyFunSuite.scala:1564)
[info]   at org.scalatest.funsuite.AnyFunSuiteLike.$anonfun$runTests$1(AnyFunSuiteLike.scala:269)
[info]   at org.scalatest.SuperEngine.$anonfun$runTestsInBranch$1(Engine.scala:413)
[info]   at scala.collection.immutable.List.foreach(List.scala:334)
[info]   at org.scalatest.SuperEngine.traverseSubNodes$1(Engine.scala:401)
[info]   at org.scalatest.SuperEngine.runTestsInBranch(Engine.scala:396)
[info]   at org.scalatest.SuperEngine.runTestsImpl(Engine.scala:475)
[info]   at org.scalatest.funsuite.AnyFunSuiteLike.runTests(AnyFunSuiteLike.scala:269)
[info]   at org.scalatest.funsuite.AnyFunSuiteLike.runTests$(AnyFunSuiteLike.scala:268)
[info]   at org.scalatest.funsuite.AnyFunSuite.runTests(AnyFunSuite.scala:1564)
[info]   at org.scalatest.Suite.run(Suite.scala:1114)
[info]   at org.scalatest.Suite.run$(Suite.scala:1096)
[info]   at org.scalatest.funsuite.AnyFunSuite.org$scalatest$funsuite$AnyFunSuiteLike$$super$run(AnyFunSuite.scala:1564)
[info]   at org.scalatest.funsuite.AnyFunSuiteLike.$anonfun$run$1(AnyFunSuiteLike.scala:273)
[info]   at org.scalatest.SuperEngine.runImpl(Engine.scala:535)
[info]   at org.scalatest.funsuite.AnyFunSuiteLike.run(AnyFunSuiteLike.scala:273)
[info]   at org.scalatest.funsuite.AnyFunSuiteLike.run$(AnyFunSuiteLike.scala:272)
[info]   at frameless.TypedDatasetSuite.org$scalatest$BeforeAndAfterAll$$super$run(TypedDatasetSuite.scala:63)
[info]   at org.scalatest.BeforeAndAfterAll.liftedTree1$1(BeforeAndAfterAll.scala:213)
[info]   at org.scalatest.BeforeAndAfterAll.run(BeforeAndAfterAll.scala:210)
[info]   at org.scalatest.BeforeAndAfterAll.run$(BeforeAndAfterAll.scala:208)
[info]   at frameless.TypedDatasetSuite.run(TypedDatasetSuite.scala:63)
[info]   at org.scalatest.tools.Framework.org$scalatest$tools$Framework$$runSuite(Framework.scala:321)
[info]   at org.scalatest.tools.Framework$ScalaTestTask.execute(Framework.scala:517)
[info]   at sbt.ForkMain$Run.lambda$runTest$1(ForkMain.java:414)
[info]   at java.base/java.util.concurrent.FutureTask.run(FutureTask.java:317)
[info]   at java.base/java.util.concurrent.ThreadPoolExecutor.runWorker(ThreadPoolExecutor.java:1144)
[info]   at java.base/java.util.concurrent.ThreadPoolExecutor$Worker.run(ThreadPoolExecutor.java:642)
[info]   at java.base/java.lang.Thread.run(Thread.java:1583)
[info] - Derive encoder for type with data constructors defined as parameterless case classes *** FAILED *** (5 milliseconds)
[info]   IllegalArgumentException was thrown during property evaluation.
[info]     Message: argument type mismatch
[info]     Occurred when passed generated values (
[info]       arg0 = Vector()
[info]     )
[info]   org.scalatest.exceptions.GeneratorDrivenPropertyCheckFailedException:
[info]   at org.scalatestplus.scalacheck.CheckerAsserting$$anon$2.indicateFailure(CheckerAsserting.scala:251)
[info]   at org.scalatestplus.scalacheck.CheckerAsserting$$anon$2.indicateFailure(CheckerAsserting.scala:238)
[info]   at org.scalatestplus.scalacheck.UnitCheckerAsserting$CheckerAssertingImpl.check(CheckerAsserting.scala:160)
[info]   at org.scalatestplus.scalacheck.Checkers.check(Checkers.scala:371)
[info]   at org.scalatestplus.scalacheck.Checkers.check$(Checkers.scala:369)
[info]   at frameless.TypedDatasetSuite.check(TypedDatasetSuite.scala:63)
[info]   at frameless.InjectionTests.$anonfun$new$255(InjectionTests.scala:229)
[info]   at org.scalatest.OutcomeOf.outcomeOf(OutcomeOf.scala:85)
[info]   at org.scalatest.OutcomeOf.outcomeOf$(OutcomeOf.scala:83)
[info]   at org.scalatest.OutcomeOf$.outcomeOf(OutcomeOf.scala:104)
[info]   at org.scalatest.Transformer.apply(Transformer.scala:22)
[info]   at org.scalatest.Transformer.apply(Transformer.scala:20)
[info]   at org.scalatest.funsuite.AnyFunSuiteLike$$anon$1.apply(AnyFunSuiteLike.scala:226)
[info]   at org.scalatest.TestSuite.withFixture(TestSuite.scala:196)
[info]   at org.scalatest.TestSuite.withFixture$(TestSuite.scala:195)
[info]   at org.scalatest.funsuite.AnyFunSuite.withFixture(AnyFunSuite.scala:1564)
[info]   at org.scalatest.funsuite.AnyFunSuiteLike.invokeWithFixture$1(AnyFunSuiteLike.scala:224)
[info]   at org.scalatest.funsuite.AnyFunSuiteLike.$anonfun$runTest$1(AnyFunSuiteLike.scala:236)
[info]   at org.scalatest.SuperEngine.runTestImpl(Engine.scala:306)
[info]   at org.scalatest.funsuite.AnyFunSuiteLike.runTest(AnyFunSuiteLike.scala:236)
[info]   at org.scalatest.funsuite.AnyFunSuiteLike.runTest$(AnyFunSuiteLike.scala:218)
[info]   at org.scalatest.funsuite.AnyFunSuite.runTest(AnyFunSuite.scala:1564)
[info]   at org.scalatest.funsuite.AnyFunSuiteLike.$anonfun$runTests$1(AnyFunSuiteLike.scala:269)
[info]   at org.scalatest.SuperEngine.$anonfun$runTestsInBranch$1(Engine.scala:413)
[info]   at scala.collection.immutable.List.foreach(List.scala:334)
[info]   at org.scalatest.SuperEngine.traverseSubNodes$1(Engine.scala:401)
[info]   at org.scalatest.SuperEngine.runTestsInBranch(Engine.scala:396)
[info]   at org.scalatest.SuperEngine.runTestsImpl(Engine.scala:475)
[info]   at org.scalatest.funsuite.AnyFunSuiteLike.runTests(AnyFunSuiteLike.scala:269)
[info]   at org.scalatest.funsuite.AnyFunSuiteLike.runTests$(AnyFunSuiteLike.scala:268)
[info]   at org.scalatest.funsuite.AnyFunSuite.runTests(AnyFunSuite.scala:1564)
[info]   at org.scalatest.Suite.run(Suite.scala:1114)
[info]   at org.scalatest.Suite.run$(Suite.scala:1096)
[info]   at org.scalatest.funsuite.AnyFunSuite.org$scalatest$funsuite$AnyFunSuiteLike$$super$run(AnyFunSuite.scala:1564)
[info]   at org.scalatest.funsuite.AnyFunSuiteLike.$anonfun$run$1(AnyFunSuiteLike.scala:273)
[info]   at org.scalatest.SuperEngine.runImpl(Engine.scala:535)
[info]   at org.scalatest.funsuite.AnyFunSuiteLike.run(AnyFunSuiteLike.scala:273)
[info]   at org.scalatest.funsuite.AnyFunSuiteLike.run$(AnyFunSuiteLike.scala:272)
[info]   at frameless.TypedDatasetSuite.org$scalatest$BeforeAndAfterAll$$super$run(TypedDatasetSuite.scala:63)
[info]   at org.scalatest.BeforeAndAfterAll.liftedTree1$1(BeforeAndAfterAll.scala:213)
[info]   at org.scalatest.BeforeAndAfterAll.run(BeforeAndAfterAll.scala:210)
[info]   at org.scalatest.BeforeAndAfterAll.run$(BeforeAndAfterAll.scala:208)
[info]   at frameless.TypedDatasetSuite.run(TypedDatasetSuite.scala:63)
[info]   at org.scalatest.tools.Framework.org$scalatest$tools$Framework$$runSuite(Framework.scala:321)
[info]   at org.scalatest.tools.Framework$ScalaTestTask.execute(Framework.scala:517)
[info]   at sbt.ForkMain$Run.lambda$runTest$1(ForkMain.java:414)
[info]   at java.base/java.util.concurrent.FutureTask.run(FutureTask.java:317)
[info]   at java.base/java.util.concurrent.ThreadPoolExecutor.runWorker(ThreadPoolExecutor.java:1144)
[info]   at java.base/java.util.concurrent.ThreadPoolExecutor$Worker.run(ThreadPoolExecutor.java:642)
[info]   at java.base/java.lang.Thread.run(Thread.java:1583)
[info]   Cause: java.lang.IllegalArgumentException: argument type mismatch
[info]   at java.base/jdk.internal.reflect.DirectConstructorHandleAccessor.newInstance(DirectConstructorHandleAccessor.java:65)
[info]   at java.base/java.lang.reflect.Constructor.newInstanceWithCaller(Constructor.java:502)
[info]   at java.base/java.lang.reflect.Constructor.newInstance(Constructor.java:486)
[info]   at frameless.TypedExpressionEncoder$.$anonfun$apply$3(TypedExpressionEncoder.scala:55)
[info]   at scala.Option.map(Option.scala:242)
[info]   at frameless.TypedExpressionEncoder$.apply(TypedExpressionEncoder.scala:54)
[info]   at frameless.TypedDataset$.create(TypedDataset.scala:1325)
[info]   at frameless.CollectTests$.$anonfun$prop$1(CollectTests.scala:89)
[info]   at org.scalacheck.Prop$ExtendedAny.$qmark$eq(Prop.scala:329)
[info]   at frameless.CollectTests$.prop(CollectTests.scala:89)
[info]   at frameless.InjectionTests.$anonfun$new$256(InjectionTests.scala:229)
[info]   at scala.Function1.$anonfun$andThen$1(Function1.scala:87)
[info]   at org.scalacheck.Prop$.$anonfun$forAllShrink$2(Prop.scala:868)
[info]   at org.scalacheck.Prop$.secure(Prop.scala:484)
[info]   at org.scalacheck.Prop$.result$1(Prop.scala:868)
[info]   at org.scalacheck.Prop$.$anonfun$forAllShrink$1(Prop.scala:915)
[info]   at org.scalacheck.Prop$.$anonfun$apply$1(Prop.scala:305)
[info]   at org.scalacheck.PropFromFun.apply(Prop.scala:20)
[info]   at org.scalacheck.Test$.workerFun$1(Test.scala:486)
[info]   at org.scalacheck.Test$.$anonfun$check$4(Test.scala:518)
[info]   at org.scalacheck.Test$.$anonfun$check$4$adapted(Test.scala:518)
[info]   at org.scalacheck.Platform$.runWorkers(Platform.scala:42)
[info]   at org.scalacheck.Test$.check(Test.scala:518)
[info]   at org.scalatestplus.scalacheck.UnitCheckerAsserting$CheckerAssertingImpl.check(CheckerAsserting.scala:90)
[info]   at org.scalatestplus.scalacheck.Checkers.check(Checkers.scala:371)
[info]   at org.scalatestplus.scalacheck.Checkers.check$(Checkers.scala:369)
[info]   at frameless.TypedDatasetSuite.check(TypedDatasetSuite.scala:63)
[info]   at frameless.InjectionTests.$anonfun$new$255(InjectionTests.scala:229)
[info]   at org.scalatest.OutcomeOf.outcomeOf(OutcomeOf.scala:85)
[info]   at org.scalatest.OutcomeOf.outcomeOf$(OutcomeOf.scala:83)
[info]   at org.scalatest.OutcomeOf$.outcomeOf(OutcomeOf.scala:104)
[info]   at org.scalatest.Transformer.apply(Transformer.scala:22)
[info]   at org.scalatest.Transformer.apply(Transformer.scala:20)
[info]   at org.scalatest.funsuite.AnyFunSuiteLike$$anon$1.apply(AnyFunSuiteLike.scala:226)
[info]   at org.scalatest.TestSuite.withFixture(TestSuite.scala:196)
[info]   at org.scalatest.TestSuite.withFixture$(TestSuite.scala:195)
[info]   at org.scalatest.funsuite.AnyFunSuite.withFixture(AnyFunSuite.scala:1564)
[info]   at org.scalatest.funsuite.AnyFunSuiteLike.invokeWithFixture$1(AnyFunSuiteLike.scala:224)
[info]   at org.scalatest.funsuite.AnyFunSuiteLike.$anonfun$runTest$1(AnyFunSuiteLike.scala:236)
[info]   at org.scalatest.SuperEngine.runTestImpl(Engine.scala:306)
[info]   at org.scalatest.funsuite.AnyFunSuiteLike.runTest(AnyFunSuiteLike.scala:236)
[info]   at org.scalatest.funsuite.AnyFunSuiteLike.runTest$(AnyFunSuiteLike.scala:218)
[info]   at org.scalatest.funsuite.AnyFunSuite.runTest(AnyFunSuite.scala:1564)
[info]   at org.scalatest.funsuite.AnyFunSuiteLike.$anonfun$runTests$1(AnyFunSuiteLike.scala:269)
[info]   at org.scalatest.SuperEngine.$anonfun$runTestsInBranch$1(Engine.scala:413)
[info]   at scala.collection.immutable.List.foreach(List.scala:334)
[info]   at org.scalatest.SuperEngine.traverseSubNodes$1(Engine.scala:401)
[info]   at org.scalatest.SuperEngine.runTestsInBranch(Engine.scala:396)
[info]   at org.scalatest.SuperEngine.runTestsImpl(Engine.scala:475)
[info]   at org.scalatest.funsuite.AnyFunSuiteLike.runTests(AnyFunSuiteLike.scala:269)
[info]   at org.scalatest.funsuite.AnyFunSuiteLike.runTests$(AnyFunSuiteLike.scala:268)
[info]   at org.scalatest.funsuite.AnyFunSuite.runTests(AnyFunSuite.scala:1564)
[info]   at org.scalatest.Suite.run(Suite.scala:1114)
[info]   at org.scalatest.Suite.run$(Suite.scala:1096)
[info]   at org.scalatest.funsuite.AnyFunSuite.org$scalatest$funsuite$AnyFunSuiteLike$$super$run(AnyFunSuite.scala:1564)
[info]   at org.scalatest.funsuite.AnyFunSuiteLike.$anonfun$run$1(AnyFunSuiteLike.scala:273)
[info]   at org.scalatest.SuperEngine.runImpl(Engine.scala:535)
[info]   at org.scalatest.funsuite.AnyFunSuiteLike.run(AnyFunSuiteLike.scala:273)
[info]   at org.scalatest.funsuite.AnyFunSuiteLike.run$(AnyFunSuiteLike.scala:272)
[info]   at frameless.TypedDatasetSuite.org$scalatest$BeforeAndAfterAll$$super$run(TypedDatasetSuite.scala:63)
[info]   at org.scalatest.BeforeAndAfterAll.liftedTree1$1(BeforeAndAfterAll.scala:213)
[info]   at org.scalatest.BeforeAndAfterAll.run(BeforeAndAfterAll.scala:210)
[info]   at org.scalatest.BeforeAndAfterAll.run$(BeforeAndAfterAll.scala:208)
[info]   at frameless.TypedDatasetSuite.run(TypedDatasetSuite.scala:63)
[info]   at org.scalatest.tools.Framework.org$scalatest$tools$Framework$$runSuite(Framework.scala:321)
[info]   at org.scalatest.tools.Framework$ScalaTestTask.execute(Framework.scala:517)
[info]   at sbt.ForkMain$Run.lambda$runTest$1(ForkMain.java:414)
[info]   at java.base/java.util.concurrent.FutureTask.run(FutureTask.java:317)
[info]   at java.base/java.util.concurrent.ThreadPoolExecutor.runWorker(ThreadPoolExecutor.java:1144)
[info]   at java.base/java.util.concurrent.ThreadPoolExecutor$Worker.run(ThreadPoolExecutor.java:642)
[info]   at java.base/java.lang.Thread.run(Thread.java:1583)
[info]   Cause: java.lang.ClassCastException: Cannot cast scala.reflect.ClassTag$GenericClassTag to org.apache.spark.sql.catalyst.expressions.Expression
[info]   at java.base/java.lang.Class.cast(Class.java:4067)
[info]   at java.base/jdk.internal.reflect.DirectConstructorHandleAccessor.newInstance(DirectConstructorHandleAccessor.java:62)
[info]   at java.base/java.lang.reflect.Constructor.newInstanceWithCaller(Constructor.java:502)
[info]   at java.base/java.lang.reflect.Constructor.newInstance(Constructor.java:486)
[info]   at frameless.TypedExpressionEncoder$.$anonfun$apply$3(TypedExpressionEncoder.scala:55)
[info]   at scala.Option.map(Option.scala:242)
[info]   at frameless.TypedExpressionEncoder$.apply(TypedExpressionEncoder.scala:54)
[info]   at frameless.TypedDataset$.create(TypedDataset.scala:1325)
[info]   at frameless.CollectTests$.$anonfun$prop$1(CollectTests.scala:89)
[info]   at org.scalacheck.Prop$ExtendedAny.$qmark$eq(Prop.scala:329)
[info]   at frameless.CollectTests$.prop(CollectTests.scala:89)
[info]   at frameless.InjectionTests.$anonfun$new$256(InjectionTests.scala:229)
[info]   at scala.Function1.$anonfun$andThen$1(Function1.scala:87)
[info]   at org.scalacheck.Prop$.$anonfun$forAllShrink$2(Prop.scala:868)
[info]   at org.scalacheck.Prop$.secure(Prop.scala:484)
[info]   at org.scalacheck.Prop$.result$1(Prop.scala:868)
[info]   at org.scalacheck.Prop$.$anonfun$forAllShrink$1(Prop.scala:915)
[info]   at org.scalacheck.Prop$.$anonfun$apply$1(Prop.scala:305)
[info]   at org.scalacheck.PropFromFun.apply(Prop.scala:20)
[info]   at org.scalacheck.Test$.workerFun$1(Test.scala:486)
[info]   at org.scalacheck.Test$.$anonfun$check$4(Test.scala:518)
[info]   at org.scalacheck.Test$.$anonfun$check$4$adapted(Test.scala:518)
[info]   at org.scalacheck.Platform$.runWorkers(Platform.scala:42)
[info]   at org.scalacheck.Test$.check(Test.scala:518)
[info]   at org.scalatestplus.scalacheck.UnitCheckerAsserting$CheckerAssertingImpl.check(CheckerAsserting.scala:90)
[info]   at org.scalatestplus.scalacheck.Checkers.check(Checkers.scala:371)
[info]   at org.scalatestplus.scalacheck.Checkers.check$(Checkers.scala:369)
[info]   at frameless.TypedDatasetSuite.check(TypedDatasetSuite.scala:63)
[info]   at frameless.InjectionTests.$anonfun$new$255(InjectionTests.scala:229)
[info]   at org.scalatest.OutcomeOf.outcomeOf(OutcomeOf.scala:85)
[info]   at org.scalatest.OutcomeOf.outcomeOf$(OutcomeOf.scala:83)
[info]   at org.scalatest.OutcomeOf$.outcomeOf(OutcomeOf.scala:104)
[info]   at org.scalatest.Transformer.apply(Transformer.scala:22)
[info]   at org.scalatest.Transformer.apply(Transformer.scala:20)
[info]   at org.scalatest.funsuite.AnyFunSuiteLike$$anon$1.apply(AnyFunSuiteLike.scala:226)
[info]   at org.scalatest.TestSuite.withFixture(TestSuite.scala:196)
[info]   at org.scalatest.TestSuite.withFixture$(TestSuite.scala:195)
[info]   at org.scalatest.funsuite.AnyFunSuite.withFixture(AnyFunSuite.scala:1564)
[info]   at org.scalatest.funsuite.AnyFunSuiteLike.invokeWithFixture$1(AnyFunSuiteLike.scala:224)
[info]   at org.scalatest.funsuite.AnyFunSuiteLike.$anonfun$runTest$1(AnyFunSuiteLike.scala:236)
[info]   at org.scalatest.SuperEngine.runTestImpl(Engine.scala:306)
[info]   at org.scalatest.funsuite.AnyFunSuiteLike.runTest(AnyFunSuiteLike.scala:236)
[info]   at org.scalatest.funsuite.AnyFunSuiteLike.runTest$(AnyFunSuiteLike.scala:218)
[info]   at org.scalatest.funsuite.AnyFunSuite.runTest(AnyFunSuite.scala:1564)
[info]   at org.scalatest.funsuite.AnyFunSuiteLike.$anonfun$runTests$1(AnyFunSuiteLike.scala:269)
[info]   at org.scalatest.SuperEngine.$anonfun$runTestsInBranch$1(Engine.scala:413)
[info]   at scala.collection.immutable.List.foreach(List.scala:334)
[info]   at org.scalatest.SuperEngine.traverseSubNodes$1(Engine.scala:401)
[info]   at org.scalatest.SuperEngine.runTestsInBranch(Engine.scala:396)
[info]   at org.scalatest.SuperEngine.runTestsImpl(Engine.scala:475)
[info]   at org.scalatest.funsuite.AnyFunSuiteLike.runTests(AnyFunSuiteLike.scala:269)
[info]   at org.scalatest.funsuite.AnyFunSuiteLike.runTests$(AnyFunSuiteLike.scala:268)
[info]   at org.scalatest.funsuite.AnyFunSuite.runTests(AnyFunSuite.scala:1564)
[info]   at org.scalatest.Suite.run(Suite.scala:1114)
[info]   at org.scalatest.Suite.run$(Suite.scala:1096)
[info]   at org.scalatest.funsuite.AnyFunSuite.org$scalatest$funsuite$AnyFunSuiteLike$$super$run(AnyFunSuite.scala:1564)
[info]   at org.scalatest.funsuite.AnyFunSuiteLike.$anonfun$run$1(AnyFunSuiteLike.scala:273)
[info]   at org.scalatest.SuperEngine.runImpl(Engine.scala:535)
[info]   at org.scalatest.funsuite.AnyFunSuiteLike.run(AnyFunSuiteLike.scala:273)
[info]   at org.scalatest.funsuite.AnyFunSuiteLike.run$(AnyFunSuiteLike.scala:272)
[info]   at frameless.TypedDatasetSuite.org$scalatest$BeforeAndAfterAll$$super$run(TypedDatasetSuite.scala:63)
[info]   at org.scalatest.BeforeAndAfterAll.liftedTree1$1(BeforeAndAfterAll.scala:213)
[info]   at org.scalatest.BeforeAndAfterAll.run(BeforeAndAfterAll.scala:210)
[info]   at org.scalatest.BeforeAndAfterAll.run$(BeforeAndAfterAll.scala:208)
[info]   at frameless.TypedDatasetSuite.run(TypedDatasetSuite.scala:63)
[info]   at org.scalatest.tools.Framework.org$scalatest$tools$Framework$$runSuite(Framework.scala:321)
[info]   at org.scalatest.tools.Framework$ScalaTestTask.execute(Framework.scala:517)
[info]   at sbt.ForkMain$Run.lambda$runTest$1(ForkMain.java:414)
[info]   at java.base/java.util.concurrent.FutureTask.run(FutureTask.java:317)
[info]   at java.base/java.util.concurrent.ThreadPoolExecutor.runWorker(ThreadPoolExecutor.java:1144)
[info]   at java.base/java.util.concurrent.ThreadPoolExecutor$Worker.run(ThreadPoolExecutor.java:642)
[info]   at java.base/java.lang.Thread.run(Thread.java:1583)
[info] - Derive encoder for phantom type *** FAILED *** (6 milliseconds)
[info]   IllegalArgumentException was thrown during property evaluation.
[info]     Message: argument type mismatch
[info]     Occurred when passed generated values (
[info]       arg0 = Vector()
[info]     )
[info]   org.scalatest.exceptions.GeneratorDrivenPropertyCheckFailedException:
[info]   at org.scalatestplus.scalacheck.CheckerAsserting$$anon$2.indicateFailure(CheckerAsserting.scala:251)
[info]   at org.scalatestplus.scalacheck.CheckerAsserting$$anon$2.indicateFailure(CheckerAsserting.scala:238)
[info]   at org.scalatestplus.scalacheck.UnitCheckerAsserting$CheckerAssertingImpl.check(CheckerAsserting.scala:160)
[info]   at org.scalatestplus.scalacheck.Checkers.check(Checkers.scala:371)
[info]   at org.scalatestplus.scalacheck.Checkers.check$(Checkers.scala:369)
[info]   at frameless.TypedDatasetSuite.check(TypedDatasetSuite.scala:63)
[info]   at frameless.InjectionTests.$anonfun$new$331(InjectionTests.scala:240)
[info]   at org.scalatest.OutcomeOf.outcomeOf(OutcomeOf.scala:85)
[info]   at org.scalatest.OutcomeOf.outcomeOf$(OutcomeOf.scala:83)
[info]   at org.scalatest.OutcomeOf$.outcomeOf(OutcomeOf.scala:104)
[info]   at org.scalatest.Transformer.apply(Transformer.scala:22)
[info]   at org.scalatest.Transformer.apply(Transformer.scala:20)
[info]   at org.scalatest.funsuite.AnyFunSuiteLike$$anon$1.apply(AnyFunSuiteLike.scala:226)
[info]   at org.scalatest.TestSuite.withFixture(TestSuite.scala:196)
[info]   at org.scalatest.TestSuite.withFixture$(TestSuite.scala:195)
[info]   at org.scalatest.funsuite.AnyFunSuite.withFixture(AnyFunSuite.scala:1564)
[info]   at org.scalatest.funsuite.AnyFunSuiteLike.invokeWithFixture$1(AnyFunSuiteLike.scala:224)
[info]   at org.scalatest.funsuite.AnyFunSuiteLike.$anonfun$runTest$1(AnyFunSuiteLike.scala:236)
[info]   at org.scalatest.SuperEngine.runTestImpl(Engine.scala:306)
[info]   at org.scalatest.funsuite.AnyFunSuiteLike.runTest(AnyFunSuiteLike.scala:236)
[info]   at org.scalatest.funsuite.AnyFunSuiteLike.runTest$(AnyFunSuiteLike.scala:218)
[info]   at org.scalatest.funsuite.AnyFunSuite.runTest(AnyFunSuite.scala:1564)
[info]   at org.scalatest.funsuite.AnyFunSuiteLike.$anonfun$runTests$1(AnyFunSuiteLike.scala:269)
[info]   at org.scalatest.SuperEngine.$anonfun$runTestsInBranch$1(Engine.scala:413)
[info]   at scala.collection.immutable.List.foreach(List.scala:334)
[info]   at org.scalatest.SuperEngine.traverseSubNodes$1(Engine.scala:401)
[info]   at org.scalatest.SuperEngine.runTestsInBranch(Engine.scala:396)
[info]   at org.scalatest.SuperEngine.runTestsImpl(Engine.scala:475)
[info]   at org.scalatest.funsuite.AnyFunSuiteLike.runTests(AnyFunSuiteLike.scala:269)
[info]   at org.scalatest.funsuite.AnyFunSuiteLike.runTests$(AnyFunSuiteLike.scala:268)
[info]   at org.scalatest.funsuite.AnyFunSuite.runTests(AnyFunSuite.scala:1564)
[info]   at org.scalatest.Suite.run(Suite.scala:1114)
[info]   at org.scalatest.Suite.run$(Suite.scala:1096)
[info]   at org.scalatest.funsuite.AnyFunSuite.org$scalatest$funsuite$AnyFunSuiteLike$$super$run(AnyFunSuite.scala:1564)
[info]   at org.scalatest.funsuite.AnyFunSuiteLike.$anonfun$run$1(AnyFunSuiteLike.scala:273)
[info]   at org.scalatest.SuperEngine.runImpl(Engine.scala:535)
[info]   at org.scalatest.funsuite.AnyFunSuiteLike.run(AnyFunSuiteLike.scala:273)
[info]   at org.scalatest.funsuite.AnyFunSuiteLike.run$(AnyFunSuiteLike.scala:272)
[info]   at frameless.TypedDatasetSuite.org$scalatest$BeforeAndAfterAll$$super$run(TypedDatasetSuite.scala:63)
[info]   at org.scalatest.BeforeAndAfterAll.liftedTree1$1(BeforeAndAfterAll.scala:213)
[info]   at org.scalatest.BeforeAndAfterAll.run(BeforeAndAfterAll.scala:210)
[info]   at org.scalatest.BeforeAndAfterAll.run$(BeforeAndAfterAll.scala:208)
[info]   at frameless.TypedDatasetSuite.run(TypedDatasetSuite.scala:63)
[info]   at org.scalatest.tools.Framework.org$scalatest$tools$Framework$$runSuite(Framework.scala:321)
[info]   at org.scalatest.tools.Framework$ScalaTestTask.execute(Framework.scala:517)
[info]   at sbt.ForkMain$Run.lambda$runTest$1(ForkMain.java:414)
[info]   at java.base/java.util.concurrent.FutureTask.run(FutureTask.java:317)
[info]   at java.base/java.util.concurrent.ThreadPoolExecutor.runWorker(ThreadPoolExecutor.java:1144)
[info]   at java.base/java.util.concurrent.ThreadPoolExecutor$Worker.run(ThreadPoolExecutor.java:642)
[info]   at java.base/java.lang.Thread.run(Thread.java:1583)
[info]   Cause: java.lang.IllegalArgumentException: argument type mismatch
[info]   at java.base/jdk.internal.reflect.DirectConstructorHandleAccessor.newInstance(DirectConstructorHandleAccessor.java:65)
[info]   at java.base/java.lang.reflect.Constructor.newInstanceWithCaller(Constructor.java:502)
[info]   at java.base/java.lang.reflect.Constructor.newInstance(Constructor.java:486)
[info]   at frameless.TypedExpressionEncoder$.$anonfun$apply$3(TypedExpressionEncoder.scala:55)
[info]   at scala.Option.map(Option.scala:242)
[info]   at frameless.TypedExpressionEncoder$.apply(TypedExpressionEncoder.scala:54)
[info]   at frameless.TypedDataset$.create(TypedDataset.scala:1325)
[info]   at frameless.CollectTests$.$anonfun$prop$1(CollectTests.scala:89)
[info]   at org.scalacheck.Prop$ExtendedAny.$qmark$eq(Prop.scala:329)
[info]   at frameless.CollectTests$.prop(CollectTests.scala:89)
[info]   at frameless.InjectionTests.$anonfun$new$332(InjectionTests.scala:240)
[info]   at scala.Function1.$anonfun$andThen$1(Function1.scala:87)
[info]   at org.scalacheck.Prop$.$anonfun$forAllShrink$2(Prop.scala:868)
[info]   at org.scalacheck.Prop$.secure(Prop.scala:484)
[info]   at org.scalacheck.Prop$.result$1(Prop.scala:868)
[info]   at org.scalacheck.Prop$.$anonfun$forAllShrink$1(Prop.scala:915)
[info]   at org.scalacheck.Prop$.$anonfun$apply$1(Prop.scala:305)
[info]   at org.scalacheck.PropFromFun.apply(Prop.scala:20)
[info]   at org.scalacheck.Test$.workerFun$1(Test.scala:486)
[info]   at org.scalacheck.Test$.$anonfun$check$4(Test.scala:518)
[info]   at org.scalacheck.Test$.$anonfun$check$4$adapted(Test.scala:518)
[info]   at org.scalacheck.Platform$.runWorkers(Platform.scala:42)
[info]   at org.scalacheck.Test$.check(Test.scala:518)
[info]   at org.scalatestplus.scalacheck.UnitCheckerAsserting$CheckerAssertingImpl.check(CheckerAsserting.scala:90)
[info]   at org.scalatestplus.scalacheck.Checkers.check(Checkers.scala:371)
[info]   at org.scalatestplus.scalacheck.Checkers.check$(Checkers.scala:369)
[info]   at frameless.TypedDatasetSuite.check(TypedDatasetSuite.scala:63)
[info]   at frameless.InjectionTests.$anonfun$new$331(InjectionTests.scala:240)
[info]   at org.scalatest.OutcomeOf.outcomeOf(OutcomeOf.scala:85)
[info]   at org.scalatest.OutcomeOf.outcomeOf$(OutcomeOf.scala:83)
[info]   at org.scalatest.OutcomeOf$.outcomeOf(OutcomeOf.scala:104)
[info]   at org.scalatest.Transformer.apply(Transformer.scala:22)
[info]   at org.scalatest.Transformer.apply(Transformer.scala:20)
[info]   at org.scalatest.funsuite.AnyFunSuiteLike$$anon$1.apply(AnyFunSuiteLike.scala:226)
[info]   at org.scalatest.TestSuite.withFixture(TestSuite.scala:196)
[info]   at org.scalatest.TestSuite.withFixture$(TestSuite.scala:195)
[info]   at org.scalatest.funsuite.AnyFunSuite.withFixture(AnyFunSuite.scala:1564)
[info]   at org.scalatest.funsuite.AnyFunSuiteLike.invokeWithFixture$1(AnyFunSuiteLike.scala:224)
[info]   at org.scalatest.funsuite.AnyFunSuiteLike.$anonfun$runTest$1(AnyFunSuiteLike.scala:236)
[info]   at org.scalatest.SuperEngine.runTestImpl(Engine.scala:306)
[info]   at org.scalatest.funsuite.AnyFunSuiteLike.runTest(AnyFunSuiteLike.scala:236)
[info]   at org.scalatest.funsuite.AnyFunSuiteLike.runTest$(AnyFunSuiteLike.scala:218)
[info]   at org.scalatest.funsuite.AnyFunSuite.runTest(AnyFunSuite.scala:1564)
[info]   at org.scalatest.funsuite.AnyFunSuiteLike.$anonfun$runTests$1(AnyFunSuiteLike.scala:269)
[info]   at org.scalatest.SuperEngine.$anonfun$runTestsInBranch$1(Engine.scala:413)
[info]   at scala.collection.immutable.List.foreach(List.scala:334)
[info]   at org.scalatest.SuperEngine.traverseSubNodes$1(Engine.scala:401)
[info]   at org.scalatest.SuperEngine.runTestsInBranch(Engine.scala:396)
[info]   at org.scalatest.SuperEngine.runTestsImpl(Engine.scala:475)
[info]   at org.scalatest.funsuite.AnyFunSuiteLike.runTests(AnyFunSuiteLike.scala:269)
[info]   at org.scalatest.funsuite.AnyFunSuiteLike.runTests$(AnyFunSuiteLike.scala:268)
[info]   at org.scalatest.funsuite.AnyFunSuite.runTests(AnyFunSuite.scala:1564)
[info]   at org.scalatest.Suite.run(Suite.scala:1114)
[info]   at org.scalatest.Suite.run$(Suite.scala:1096)
[info]   at org.scalatest.funsuite.AnyFunSuite.org$scalatest$funsuite$AnyFunSuiteLike$$super$run(AnyFunSuite.scala:1564)
[info]   at org.scalatest.funsuite.AnyFunSuiteLike.$anonfun$run$1(AnyFunSuiteLike.scala:273)
[info]   at org.scalatest.SuperEngine.runImpl(Engine.scala:535)
[info]   at org.scalatest.funsuite.AnyFunSuiteLike.run(AnyFunSuiteLike.scala:273)
[info]   at org.scalatest.funsuite.AnyFunSuiteLike.run$(AnyFunSuiteLike.scala:272)
[info]   at frameless.TypedDatasetSuite.org$scalatest$BeforeAndAfterAll$$super$run(TypedDatasetSuite.scala:63)
[info]   at org.scalatest.BeforeAndAfterAll.liftedTree1$1(BeforeAndAfterAll.scala:213)
[info]   at org.scalatest.BeforeAndAfterAll.run(BeforeAndAfterAll.scala:210)
[info]   at org.scalatest.BeforeAndAfterAll.run$(BeforeAndAfterAll.scala:208)
[info]   at frameless.TypedDatasetSuite.run(TypedDatasetSuite.scala:63)
[info]   at org.scalatest.tools.Framework.org$scalatest$tools$Framework$$runSuite(Framework.scala:321)
[info]   at org.scalatest.tools.Framework$ScalaTestTask.execute(Framework.scala:517)
[info]   at sbt.ForkMain$Run.lambda$runTest$1(ForkMain.java:414)
[info]   at java.base/java.util.concurrent.FutureTask.run(FutureTask.java:317)
[info]   at java.base/java.util.concurrent.ThreadPoolExecutor.runWorker(ThreadPoolExecutor.java:1144)
[info]   at java.base/java.util.concurrent.ThreadPoolExecutor$Worker.run(ThreadPoolExecutor.java:642)
[info]   at java.base/java.lang.Thread.run(Thread.java:1583)
[info]   Cause: java.lang.ClassCastException: Cannot cast scala.reflect.ClassTag$GenericClassTag to org.apache.spark.sql.catalyst.expressions.Expression
[info]   at java.base/java.lang.Class.cast(Class.java:4067)
[info]   at java.base/jdk.internal.reflect.DirectConstructorHandleAccessor.newInstance(DirectConstructorHandleAccessor.java:62)
[info]   at java.base/java.lang.reflect.Constructor.newInstanceWithCaller(Constructor.java:502)
[info]   at java.base/java.lang.reflect.Constructor.newInstance(Constructor.java:486)
[info]   at frameless.TypedExpressionEncoder$.$anonfun$apply$3(TypedExpressionEncoder.scala:55)
[info]   at scala.Option.map(Option.scala:242)
[info]   at frameless.TypedExpressionEncoder$.apply(TypedExpressionEncoder.scala:54)
[info]   at frameless.TypedDataset$.create(TypedDataset.scala:1325)
[info]   at frameless.CollectTests$.$anonfun$prop$1(CollectTests.scala:89)
[info]   at org.scalacheck.Prop$ExtendedAny.$qmark$eq(Prop.scala:329)
[info]   at frameless.CollectTests$.prop(CollectTests.scala:89)
[info]   at frameless.InjectionTests.$anonfun$new$332(InjectionTests.scala:240)
[info]   at scala.Function1.$anonfun$andThen$1(Function1.scala:87)
[info]   at org.scalacheck.Prop$.$anonfun$forAllShrink$2(Prop.scala:868)
[info]   at org.scalacheck.Prop$.secure(Prop.scala:484)
[info]   at org.scalacheck.Prop$.result$1(Prop.scala:868)
[info]   at org.scalacheck.Prop$.$anonfun$forAllShrink$1(Prop.scala:915)
[info]   at org.scalacheck.Prop$.$anonfun$apply$1(Prop.scala:305)
[info]   at org.scalacheck.PropFromFun.apply(Prop.scala:20)
[info]   at org.scalacheck.Test$.workerFun$1(Test.scala:486)
[info]   at org.scalacheck.Test$.$anonfun$check$4(Test.scala:518)
[info]   at org.scalacheck.Test$.$anonfun$check$4$adapted(Test.scala:518)
[info]   at org.scalacheck.Platform$.runWorkers(Platform.scala:42)
[info]   at org.scalacheck.Test$.check(Test.scala:518)
[info]   at org.scalatestplus.scalacheck.UnitCheckerAsserting$CheckerAssertingImpl.check(CheckerAsserting.scala:90)
[info]   at org.scalatestplus.scalacheck.Checkers.check(Checkers.scala:371)
[info]   at org.scalatestplus.scalacheck.Checkers.check$(Checkers.scala:369)
[info]   at frameless.TypedDatasetSuite.check(TypedDatasetSuite.scala:63)
[info]   at frameless.InjectionTests.$anonfun$new$331(InjectionTests.scala:240)
[info]   at org.scalatest.OutcomeOf.outcomeOf(OutcomeOf.scala:85)
[info]   at org.scalatest.OutcomeOf.outcomeOf$(OutcomeOf.scala:83)
[info]   at org.scalatest.OutcomeOf$.outcomeOf(OutcomeOf.scala:104)
[info]   at org.scalatest.Transformer.apply(Transformer.scala:22)
[info]   at org.scalatest.Transformer.apply(Transformer.scala:20)
[info]   at org.scalatest.funsuite.AnyFunSuiteLike$$anon$1.apply(AnyFunSuiteLike.scala:226)
[info]   at org.scalatest.TestSuite.withFixture(TestSuite.scala:196)
[info]   at org.scalatest.TestSuite.withFixture$(TestSuite.scala:195)
[info]   at org.scalatest.funsuite.AnyFunSuite.withFixture(AnyFunSuite.scala:1564)
[info]   at org.scalatest.funsuite.AnyFunSuiteLike.invokeWithFixture$1(AnyFunSuiteLike.scala:224)
[info]   at org.scalatest.funsuite.AnyFunSuiteLike.$anonfun$runTest$1(AnyFunSuiteLike.scala:236)
[info]   at org.scalatest.SuperEngine.runTestImpl(Engine.scala:306)
[info]   at org.scalatest.funsuite.AnyFunSuiteLike.runTest(AnyFunSuiteLike.scala:236)
[info]   at org.scalatest.funsuite.AnyFunSuiteLike.runTest$(AnyFunSuiteLike.scala:218)
[info]   at org.scalatest.funsuite.AnyFunSuite.runTest(AnyFunSuite.scala:1564)
[info]   at org.scalatest.funsuite.AnyFunSuiteLike.$anonfun$runTests$1(AnyFunSuiteLike.scala:269)
[info]   at org.scalatest.SuperEngine.$anonfun$runTestsInBranch$1(Engine.scala:413)
[info]   at scala.collection.immutable.List.foreach(List.scala:334)
[info]   at org.scalatest.SuperEngine.traverseSubNodes$1(Engine.scala:401)
[info]   at org.scalatest.SuperEngine.runTestsInBranch(Engine.scala:396)
[info]   at org.scalatest.SuperEngine.runTestsImpl(Engine.scala:475)
[info]   at org.scalatest.funsuite.AnyFunSuiteLike.runTests(AnyFunSuiteLike.scala:269)
[info]   at org.scalatest.funsuite.AnyFunSuiteLike.runTests$(AnyFunSuiteLike.scala:268)
[info]   at org.scalatest.funsuite.AnyFunSuite.runTests(AnyFunSuite.scala:1564)
[info]   at org.scalatest.Suite.run(Suite.scala:1114)
[info]   at org.scalatest.Suite.run$(Suite.scala:1096)
[info]   at org.scalatest.funsuite.AnyFunSuite.org$scalatest$funsuite$AnyFunSuiteLike$$super$run(AnyFunSuite.scala:1564)
[info]   at org.scalatest.funsuite.AnyFunSuiteLike.$anonfun$run$1(AnyFunSuiteLike.scala:273)
[info]   at org.scalatest.SuperEngine.runImpl(Engine.scala:535)
[info]   at org.scalatest.funsuite.AnyFunSuiteLike.run(AnyFunSuiteLike.scala:273)
[info]   at org.scalatest.funsuite.AnyFunSuiteLike.run$(AnyFunSuiteLike.scala:272)
[info]   at frameless.TypedDatasetSuite.org$scalatest$BeforeAndAfterAll$$super$run(TypedDatasetSuite.scala:63)
[info]   at org.scalatest.BeforeAndAfterAll.liftedTree1$1(BeforeAndAfterAll.scala:213)
[info]   at org.scalatest.BeforeAndAfterAll.run(BeforeAndAfterAll.scala:210)
[info]   at org.scalatest.BeforeAndAfterAll.run$(BeforeAndAfterAll.scala:208)
[info]   at frameless.TypedDatasetSuite.run(TypedDatasetSuite.scala:63)
[info]   at org.scalatest.tools.Framework.org$scalatest$tools$Framework$$runSuite(Framework.scala:321)
[info]   at org.scalatest.tools.Framework$ScalaTestTask.execute(Framework.scala:517)
[info]   at sbt.ForkMain$Run.lambda$runTest$1(ForkMain.java:414)
[info]   at java.base/java.util.concurrent.FutureTask.run(FutureTask.java:317)
[info]   at java.base/java.util.concurrent.ThreadPoolExecutor.runWorker(ThreadPoolExecutor.java:1144)
[info]   at java.base/java.util.concurrent.ThreadPoolExecutor$Worker.run(ThreadPoolExecutor.java:642)
[info]   at java.base/java.lang.Thread.run(Thread.java:1583)
[info] - Derive encoder for ADT with abstract class as the base type *** FAILED *** (4 milliseconds)
[info]   IllegalArgumentException was thrown during property evaluation.
[info]     Message: argument type mismatch
[info]     Occurred when passed generated values (
[info]       arg0 = Vector()
[info]     )
[info]   org.scalatest.exceptions.GeneratorDrivenPropertyCheckFailedException:
[info]   at org.scalatestplus.scalacheck.CheckerAsserting$$anon$2.indicateFailure(CheckerAsserting.scala:251)
[info]   at org.scalatestplus.scalacheck.CheckerAsserting$$anon$2.indicateFailure(CheckerAsserting.scala:238)
[info]   at org.scalatestplus.scalacheck.UnitCheckerAsserting$CheckerAssertingImpl.check(CheckerAsserting.scala:160)
[info]   at org.scalatestplus.scalacheck.Checkers.check(Checkers.scala:371)
[info]   at org.scalatestplus.scalacheck.Checkers.check$(Checkers.scala:369)
[info]   at frameless.TypedDatasetSuite.check(TypedDatasetSuite.scala:63)
[info]   at frameless.InjectionTests.$anonfun$new$364(InjectionTests.scala:251)
[info]   at org.scalatest.OutcomeOf.outcomeOf(OutcomeOf.scala:85)
[info]   at org.scalatest.OutcomeOf.outcomeOf$(OutcomeOf.scala:83)
[info]   at org.scalatest.OutcomeOf$.outcomeOf(OutcomeOf.scala:104)
[info]   at org.scalatest.Transformer.apply(Transformer.scala:22)
[info]   at org.scalatest.Transformer.apply(Transformer.scala:20)
[info]   at org.scalatest.funsuite.AnyFunSuiteLike$$anon$1.apply(AnyFunSuiteLike.scala:226)
[info]   at org.scalatest.TestSuite.withFixture(TestSuite.scala:196)
[info]   at org.scalatest.TestSuite.withFixture$(TestSuite.scala:195)
[info]   at org.scalatest.funsuite.AnyFunSuite.withFixture(AnyFunSuite.scala:1564)
[info]   at org.scalatest.funsuite.AnyFunSuiteLike.invokeWithFixture$1(AnyFunSuiteLike.scala:224)
[info]   at org.scalatest.funsuite.AnyFunSuiteLike.$anonfun$runTest$1(AnyFunSuiteLike.scala:236)
[info]   at org.scalatest.SuperEngine.runTestImpl(Engine.scala:306)
[info]   at org.scalatest.funsuite.AnyFunSuiteLike.runTest(AnyFunSuiteLike.scala:236)
[info]   at org.scalatest.funsuite.AnyFunSuiteLike.runTest$(AnyFunSuiteLike.scala:218)
[info]   at org.scalatest.funsuite.AnyFunSuite.runTest(AnyFunSuite.scala:1564)
[info]   at org.scalatest.funsuite.AnyFunSuiteLike.$anonfun$runTests$1(AnyFunSuiteLike.scala:269)
[info]   at org.scalatest.SuperEngine.$anonfun$runTestsInBranch$1(Engine.scala:413)
[info]   at scala.collection.immutable.List.foreach(List.scala:334)
[info]   at org.scalatest.SuperEngine.traverseSubNodes$1(Engine.scala:401)
[info]   at org.scalatest.SuperEngine.runTestsInBranch(Engine.scala:396)
[info]   at org.scalatest.SuperEngine.runTestsImpl(Engine.scala:475)
[info]   at org.scalatest.funsuite.AnyFunSuiteLike.runTests(AnyFunSuiteLike.scala:269)
[info]   at org.scalatest.funsuite.AnyFunSuiteLike.runTests$(AnyFunSuiteLike.scala:268)
[info]   at org.scalatest.funsuite.AnyFunSuite.runTests(AnyFunSuite.scala:1564)
[info]   at org.scalatest.Suite.run(Suite.scala:1114)
[info]   at org.scalatest.Suite.run$(Suite.scala:1096)
[info]   at org.scalatest.funsuite.AnyFunSuite.org$scalatest$funsuite$AnyFunSuiteLike$$super$run(AnyFunSuite.scala:1564)
[info]   at org.scalatest.funsuite.AnyFunSuiteLike.$anonfun$run$1(AnyFunSuiteLike.scala:273)
[info]   at org.scalatest.SuperEngine.runImpl(Engine.scala:535)
[info]   at org.scalatest.funsuite.AnyFunSuiteLike.run(AnyFunSuiteLike.scala:273)
[info]   at org.scalatest.funsuite.AnyFunSuiteLike.run$(AnyFunSuiteLike.scala:272)
[info]   at frameless.TypedDatasetSuite.org$scalatest$BeforeAndAfterAll$$super$run(TypedDatasetSuite.scala:63)
[info]   at org.scalatest.BeforeAndAfterAll.liftedTree1$1(BeforeAndAfterAll.scala:213)
[info]   at org.scalatest.BeforeAndAfterAll.run(BeforeAndAfterAll.scala:210)
[info]   at org.scalatest.BeforeAndAfterAll.run$(BeforeAndAfterAll.scala:208)
[info]   at frameless.TypedDatasetSuite.run(TypedDatasetSuite.scala:63)
[info]   at org.scalatest.tools.Framework.org$scalatest$tools$Framework$$runSuite(Framework.scala:321)
[info]   at org.scalatest.tools.Framework$ScalaTestTask.execute(Framework.scala:517)
[info]   at sbt.ForkMain$Run.lambda$runTest$1(ForkMain.java:414)
[info]   at java.base/java.util.concurrent.FutureTask.run(FutureTask.java:317)
[info]   at java.base/java.util.concurrent.ThreadPoolExecutor.runWorker(ThreadPoolExecutor.java:1144)
[info]   at java.base/java.util.concurrent.ThreadPoolExecutor$Worker.run(ThreadPoolExecutor.java:642)
[info]   at java.base/java.lang.Thread.run(Thread.java:1583)
[info]   Cause: java.lang.IllegalArgumentException: argument type mismatch
[info]   at java.base/jdk.internal.reflect.DirectConstructorHandleAccessor.newInstance(DirectConstructorHandleAccessor.java:65)
[info]   at java.base/java.lang.reflect.Constructor.newInstanceWithCaller(Constructor.java:502)
[info]   at java.base/java.lang.reflect.Constructor.newInstance(Constructor.java:486)
[info]   at frameless.TypedExpressionEncoder$.$anonfun$apply$3(TypedExpressionEncoder.scala:55)
[info]   at scala.Option.map(Option.scala:242)
[info]   at frameless.TypedExpressionEncoder$.apply(TypedExpressionEncoder.scala:54)
[info]   at frameless.TypedDataset$.create(TypedDataset.scala:1325)
[info]   at frameless.CollectTests$.$anonfun$prop$1(CollectTests.scala:89)
[info]   at org.scalacheck.Prop$ExtendedAny.$qmark$eq(Prop.scala:329)
[info]   at frameless.CollectTests$.prop(CollectTests.scala:89)
[info]   at frameless.InjectionTests.$anonfun$new$365(InjectionTests.scala:251)
[info]   at scala.Function1.$anonfun$andThen$1(Function1.scala:87)
[info]   at org.scalacheck.Prop$.$anonfun$forAllShrink$2(Prop.scala:868)
[info]   at org.scalacheck.Prop$.secure(Prop.scala:484)
[info]   at org.scalacheck.Prop$.result$1(Prop.scala:868)
[info]   at org.scalacheck.Prop$.$anonfun$forAllShrink$1(Prop.scala:915)
[info]   at org.scalacheck.Prop$.$anonfun$apply$1(Prop.scala:305)
[info]   at org.scalacheck.PropFromFun.apply(Prop.scala:20)
[info]   at org.scalacheck.Test$.workerFun$1(Test.scala:486)
[info]   at org.scalacheck.Test$.$anonfun$check$4(Test.scala:518)
[info]   at org.scalacheck.Test$.$anonfun$check$4$adapted(Test.scala:518)
[info]   at org.scalacheck.Platform$.runWorkers(Platform.scala:42)
[info]   at org.scalacheck.Test$.check(Test.scala:518)
[info]   at org.scalatestplus.scalacheck.UnitCheckerAsserting$CheckerAssertingImpl.check(CheckerAsserting.scala:90)
[info]   at org.scalatestplus.scalacheck.Checkers.check(Checkers.scala:371)
[info]   at org.scalatestplus.scalacheck.Checkers.check$(Checkers.scala:369)
[info]   at frameless.TypedDatasetSuite.check(TypedDatasetSuite.scala:63)
[info]   at frameless.InjectionTests.$anonfun$new$364(InjectionTests.scala:251)
[info]   at org.scalatest.OutcomeOf.outcomeOf(OutcomeOf.scala:85)
[info]   at org.scalatest.OutcomeOf.outcomeOf$(OutcomeOf.scala:83)
[info]   at org.scalatest.OutcomeOf$.outcomeOf(OutcomeOf.scala:104)
[info]   at org.scalatest.Transformer.apply(Transformer.scala:22)
[info]   at org.scalatest.Transformer.apply(Transformer.scala:20)
[info]   at org.scalatest.funsuite.AnyFunSuiteLike$$anon$1.apply(AnyFunSuiteLike.scala:226)
[info]   at org.scalatest.TestSuite.withFixture(TestSuite.scala:196)
[info]   at org.scalatest.TestSuite.withFixture$(TestSuite.scala:195)
[info]   at org.scalatest.funsuite.AnyFunSuite.withFixture(AnyFunSuite.scala:1564)
[info]   at org.scalatest.funsuite.AnyFunSuiteLike.invokeWithFixture$1(AnyFunSuiteLike.scala:224)
[info]   at org.scalatest.funsuite.AnyFunSuiteLike.$anonfun$runTest$1(AnyFunSuiteLike.scala:236)
[info]   at org.scalatest.SuperEngine.runTestImpl(Engine.scala:306)
[info]   at org.scalatest.funsuite.AnyFunSuiteLike.runTest(AnyFunSuiteLike.scala:236)
[info]   at org.scalatest.funsuite.AnyFunSuiteLike.runTest$(AnyFunSuiteLike.scala:218)
[info]   at org.scalatest.funsuite.AnyFunSuite.runTest(AnyFunSuite.scala:1564)
[info]   at org.scalatest.funsuite.AnyFunSuiteLike.$anonfun$runTests$1(AnyFunSuiteLike.scala:269)
[info]   at org.scalatest.SuperEngine.$anonfun$runTestsInBranch$1(Engine.scala:413)
[info]   at scala.collection.immutable.List.foreach(List.scala:334)
[info]   at org.scalatest.SuperEngine.traverseSubNodes$1(Engine.scala:401)
[info]   at org.scalatest.SuperEngine.runTestsInBranch(Engine.scala:396)
[info]   at org.scalatest.SuperEngine.runTestsImpl(Engine.scala:475)
[info]   at org.scalatest.funsuite.AnyFunSuiteLike.runTests(AnyFunSuiteLike.scala:269)
[info]   at org.scalatest.funsuite.AnyFunSuiteLike.runTests$(AnyFunSuiteLike.scala:268)
[info]   at org.scalatest.funsuite.AnyFunSuite.runTests(AnyFunSuite.scala:1564)
[info]   at org.scalatest.Suite.run(Suite.scala:1114)
[info]   at org.scalatest.Suite.run$(Suite.scala:1096)
[info]   at org.scalatest.funsuite.AnyFunSuite.org$scalatest$funsuite$AnyFunSuiteLike$$super$run(AnyFunSuite.scala:1564)
[info]   at org.scalatest.funsuite.AnyFunSuiteLike.$anonfun$run$1(AnyFunSuiteLike.scala:273)
[info]   at org.scalatest.SuperEngine.runImpl(Engine.scala:535)
[info]   at org.scalatest.funsuite.AnyFunSuiteLike.run(AnyFunSuiteLike.scala:273)
[info]   at org.scalatest.funsuite.AnyFunSuiteLike.run$(AnyFunSuiteLike.scala:272)
[info]   at frameless.TypedDatasetSuite.org$scalatest$BeforeAndAfterAll$$super$run(TypedDatasetSuite.scala:63)
[info]   at org.scalatest.BeforeAndAfterAll.liftedTree1$1(BeforeAndAfterAll.scala:213)
[info]   at org.scalatest.BeforeAndAfterAll.run(BeforeAndAfterAll.scala:210)
[info]   at org.scalatest.BeforeAndAfterAll.run$(BeforeAndAfterAll.scala:208)
[info]   at frameless.TypedDatasetSuite.run(TypedDatasetSuite.scala:63)
[info]   at org.scalatest.tools.Framework.org$scalatest$tools$Framework$$runSuite(Framework.scala:321)
[info]   at org.scalatest.tools.Framework$ScalaTestTask.execute(Framework.scala:517)
[info]   at sbt.ForkMain$Run.lambda$runTest$1(ForkMain.java:414)
[info]   at java.base/java.util.concurrent.FutureTask.run(FutureTask.java:317)
[info]   at java.base/java.util.concurrent.ThreadPoolExecutor.runWorker(ThreadPoolExecutor.java:1144)
[info]   at java.base/java.util.concurrent.ThreadPoolExecutor$Worker.run(ThreadPoolExecutor.java:642)
[info]   at java.base/java.lang.Thread.run(Thread.java:1583)
[info]   Cause: java.lang.ClassCastException: Cannot cast scala.reflect.ClassTag$GenericClassTag to org.apache.spark.sql.catalyst.expressions.Expression
[info]   at java.base/java.lang.Class.cast(Class.java:4067)
[info]   at java.base/jdk.internal.reflect.DirectConstructorHandleAccessor.newInstance(DirectConstructorHandleAccessor.java:62)
[info]   at java.base/java.lang.reflect.Constructor.newInstanceWithCaller(Constructor.java:502)
[info]   at java.base/java.lang.reflect.Constructor.newInstance(Constructor.java:486)
[info]   at frameless.TypedExpressionEncoder$.$anonfun$apply$3(TypedExpressionEncoder.scala:55)
[info]   at scala.Option.map(Option.scala:242)
[info]   at frameless.TypedExpressionEncoder$.apply(TypedExpressionEncoder.scala:54)
[info]   at frameless.TypedDataset$.create(TypedDataset.scala:1325)
[info]   at frameless.CollectTests$.$anonfun$prop$1(CollectTests.scala:89)
[info]   at org.scalacheck.Prop$ExtendedAny.$qmark$eq(Prop.scala:329)
[info]   at frameless.CollectTests$.prop(CollectTests.scala:89)
[info]   at frameless.InjectionTests.$anonfun$new$365(InjectionTests.scala:251)
[info]   at scala.Function1.$anonfun$andThen$1(Function1.scala:87)
[info]   at org.scalacheck.Prop$.$anonfun$forAllShrink$2(Prop.scala:868)
[info]   at org.scalacheck.Prop$.secure(Prop.scala:484)
[info]   at org.scalacheck.Prop$.result$1(Prop.scala:868)
[info]   at org.scalacheck.Prop$.$anonfun$forAllShrink$1(Prop.scala:915)
[info]   at org.scalacheck.Prop$.$anonfun$apply$1(Prop.scala:305)
[info]   at org.scalacheck.PropFromFun.apply(Prop.scala:20)
[info]   at org.scalacheck.Test$.workerFun$1(Test.scala:486)
[info]   at org.scalacheck.Test$.$anonfun$check$4(Test.scala:518)
[info]   at org.scalacheck.Test$.$anonfun$check$4$adapted(Test.scala:518)
[info]   at org.scalacheck.Platform$.runWorkers(Platform.scala:42)
[info]   at org.scalacheck.Test$.check(Test.scala:518)
[info]   at org.scalatestplus.scalacheck.UnitCheckerAsserting$CheckerAssertingImpl.check(CheckerAsserting.scala:90)
[info]   at org.scalatestplus.scalacheck.Checkers.check(Checkers.scala:371)
[info]   at org.scalatestplus.scalacheck.Checkers.check$(Checkers.scala:369)
[info]   at frameless.TypedDatasetSuite.check(TypedDatasetSuite.scala:63)
[info]   at frameless.InjectionTests.$anonfun$new$364(InjectionTests.scala:251)
[info]   at org.scalatest.OutcomeOf.outcomeOf(OutcomeOf.scala:85)
[info]   at org.scalatest.OutcomeOf.outcomeOf$(OutcomeOf.scala:83)
[info]   at org.scalatest.OutcomeOf$.outcomeOf(OutcomeOf.scala:104)
[info]   at org.scalatest.Transformer.apply(Transformer.scala:22)
[info]   at org.scalatest.Transformer.apply(Transformer.scala:20)
[info]   at org.scalatest.funsuite.AnyFunSuiteLike$$anon$1.apply(AnyFunSuiteLike.scala:226)
[info]   at org.scalatest.TestSuite.withFixture(TestSuite.scala:196)
[info]   at org.scalatest.TestSuite.withFixture$(TestSuite.scala:195)
[info]   at org.scalatest.funsuite.AnyFunSuite.withFixture(AnyFunSuite.scala:1564)
[info]   at org.scalatest.funsuite.AnyFunSuiteLike.invokeWithFixture$1(AnyFunSuiteLike.scala:224)
[info]   at org.scalatest.funsuite.AnyFunSuiteLike.$anonfun$runTest$1(AnyFunSuiteLike.scala:236)
[info]   at org.scalatest.SuperEngine.runTestImpl(Engine.scala:306)
[info]   at org.scalatest.funsuite.AnyFunSuiteLike.runTest(AnyFunSuiteLike.scala:236)
[info]   at org.scalatest.funsuite.AnyFunSuiteLike.runTest$(AnyFunSuiteLike.scala:218)
[info]   at org.scalatest.funsuite.AnyFunSuite.runTest(AnyFunSuite.scala:1564)
[info]   at org.scalatest.funsuite.AnyFunSuiteLike.$anonfun$runTests$1(AnyFunSuiteLike.scala:269)
[info]   at org.scalatest.SuperEngine.$anonfun$runTestsInBranch$1(Engine.scala:413)
[info]   at scala.collection.immutable.List.foreach(List.scala:334)
[info]   at org.scalatest.SuperEngine.traverseSubNodes$1(Engine.scala:401)
[info]   at org.scalatest.SuperEngine.runTestsInBranch(Engine.scala:396)
[info]   at org.scalatest.SuperEngine.runTestsImpl(Engine.scala:475)
[info]   at org.scalatest.funsuite.AnyFunSuiteLike.runTests(AnyFunSuiteLike.scala:269)
[info]   at org.scalatest.funsuite.AnyFunSuiteLike.runTests$(AnyFunSuiteLike.scala:268)
[info]   at org.scalatest.funsuite.AnyFunSuite.runTests(AnyFunSuite.scala:1564)
[info]   at org.scalatest.Suite.run(Suite.scala:1114)
[info]   at org.scalatest.Suite.run$(Suite.scala:1096)
[info]   at org.scalatest.funsuite.AnyFunSuite.org$scalatest$funsuite$AnyFunSuiteLike$$super$run(AnyFunSuite.scala:1564)
[info]   at org.scalatest.funsuite.AnyFunSuiteLike.$anonfun$run$1(AnyFunSuiteLike.scala:273)
[info]   at org.scalatest.SuperEngine.runImpl(Engine.scala:535)
[info]   at org.scalatest.funsuite.AnyFunSuiteLike.run(AnyFunSuiteLike.scala:273)
[info]   at org.scalatest.funsuite.AnyFunSuiteLike.run$(AnyFunSuiteLike.scala:272)
[info]   at frameless.TypedDatasetSuite.org$scalatest$BeforeAndAfterAll$$super$run(TypedDatasetSuite.scala:63)
[info]   at org.scalatest.BeforeAndAfterAll.liftedTree1$1(BeforeAndAfterAll.scala:213)
[info]   at org.scalatest.BeforeAndAfterAll.run(BeforeAndAfterAll.scala:210)
[info]   at org.scalatest.BeforeAndAfterAll.run$(BeforeAndAfterAll.scala:208)
[info]   at frameless.TypedDatasetSuite.run(TypedDatasetSuite.scala:63)
[info]   at org.scalatest.tools.Framework.org$scalatest$tools$Framework$$runSuite(Framework.scala:321)
[info]   at org.scalatest.tools.Framework$ScalaTestTask.execute(Framework.scala:517)
[info]   at sbt.ForkMain$Run.lambda$runTest$1(ForkMain.java:414)
[info]   at java.base/java.util.concurrent.FutureTask.run(FutureTask.java:317)
[info]   at java.base/java.util.concurrent.ThreadPoolExecutor.runWorker(ThreadPoolExecutor.java:1144)
[info]   at java.base/java.util.concurrent.ThreadPoolExecutor$Worker.run(ThreadPoolExecutor.java:642)
[info]   at java.base/java.lang.Thread.run(Thread.java:1583)
[info] - apply method of derived Injection instance produces the correct string (7 milliseconds)
[info] - invert method of derived Injection instance produces the correct value (4 milliseconds)
[info] - invert method of derived Injection instance should throw exception if string does not match data constructor names (3 milliseconds)
[info] TakeTests:
[info] - take *** FAILED *** (4 milliseconds)
[info]   IllegalArgumentException was thrown during property evaluation.
[info]     Message: argument type mismatch
[info]     Occurred when passed generated values (
[info]       arg0 = 0, // 31 shrinks
[info]       arg1 = Vector()
[info]     )
[info]   org.scalatest.exceptions.GeneratorDrivenPropertyCheckFailedException:
[info]   at org.scalatestplus.scalacheck.CheckerAsserting$$anon$2.indicateFailure(CheckerAsserting.scala:251)
[info]   at org.scalatestplus.scalacheck.CheckerAsserting$$anon$2.indicateFailure(CheckerAsserting.scala:238)
[info]   at org.scalatestplus.scalacheck.UnitCheckerAsserting$CheckerAssertingImpl.check(CheckerAsserting.scala:160)
[info]   at org.scalatestplus.scalacheck.Checkers.check(Checkers.scala:371)
[info]   at org.scalatestplus.scalacheck.Checkers.check$(Checkers.scala:369)
[info]   at frameless.TypedDatasetSuite.check(TypedDatasetSuite.scala:63)
[info]   at frameless.TakeTests.$anonfun$new$1(TakeTests.scala:21)
[info]   at org.scalatest.OutcomeOf.outcomeOf(OutcomeOf.scala:85)
[info]   at org.scalatest.OutcomeOf.outcomeOf$(OutcomeOf.scala:83)
[info]   at org.scalatest.OutcomeOf$.outcomeOf(OutcomeOf.scala:104)
[info]   at org.scalatest.Transformer.apply(Transformer.scala:22)
[info]   at org.scalatest.Transformer.apply(Transformer.scala:20)
[info]   at org.scalatest.funsuite.AnyFunSuiteLike$$anon$1.apply(AnyFunSuiteLike.scala:226)
[info]   at org.scalatest.TestSuite.withFixture(TestSuite.scala:196)
[info]   at org.scalatest.TestSuite.withFixture$(TestSuite.scala:195)
[info]   at org.scalatest.funsuite.AnyFunSuite.withFixture(AnyFunSuite.scala:1564)
[info]   at org.scalatest.funsuite.AnyFunSuiteLike.invokeWithFixture$1(AnyFunSuiteLike.scala:224)
[info]   at org.scalatest.funsuite.AnyFunSuiteLike.$anonfun$runTest$1(AnyFunSuiteLike.scala:236)
[info]   at org.scalatest.SuperEngine.runTestImpl(Engine.scala:306)
[info]   at org.scalatest.funsuite.AnyFunSuiteLike.runTest(AnyFunSuiteLike.scala:236)
[info]   at org.scalatest.funsuite.AnyFunSuiteLike.runTest$(AnyFunSuiteLike.scala:218)
[info]   at org.scalatest.funsuite.AnyFunSuite.runTest(AnyFunSuite.scala:1564)
[info]   at org.scalatest.funsuite.AnyFunSuiteLike.$anonfun$runTests$1(AnyFunSuiteLike.scala:269)
[info]   at org.scalatest.SuperEngine.$anonfun$runTestsInBranch$1(Engine.scala:413)
[info]   at scala.collection.immutable.List.foreach(List.scala:334)
[info]   at org.scalatest.SuperEngine.traverseSubNodes$1(Engine.scala:401)
[info]   at org.scalatest.SuperEngine.runTestsInBranch(Engine.scala:396)
[info]   at org.scalatest.SuperEngine.runTestsImpl(Engine.scala:475)
[info]   at org.scalatest.funsuite.AnyFunSuiteLike.runTests(AnyFunSuiteLike.scala:269)
[info]   at org.scalatest.funsuite.AnyFunSuiteLike.runTests$(AnyFunSuiteLike.scala:268)
[info]   at org.scalatest.funsuite.AnyFunSuite.runTests(AnyFunSuite.scala:1564)
[info]   at org.scalatest.Suite.run(Suite.scala:1114)
[info]   at org.scalatest.Suite.run$(Suite.scala:1096)
[info]   at org.scalatest.funsuite.AnyFunSuite.org$scalatest$funsuite$AnyFunSuiteLike$$super$run(AnyFunSuite.scala:1564)
[info]   at org.scalatest.funsuite.AnyFunSuiteLike.$anonfun$run$1(AnyFunSuiteLike.scala:273)
[info]   at org.scalatest.SuperEngine.runImpl(Engine.scala:535)
[info]   at org.scalatest.funsuite.AnyFunSuiteLike.run(AnyFunSuiteLike.scala:273)
[info]   at org.scalatest.funsuite.AnyFunSuiteLike.run$(AnyFunSuiteLike.scala:272)
[info]   at frameless.TypedDatasetSuite.org$scalatest$BeforeAndAfterAll$$super$run(TypedDatasetSuite.scala:63)
[info]   at org.scalatest.BeforeAndAfterAll.liftedTree1$1(BeforeAndAfterAll.scala:213)
[info]   at org.scalatest.BeforeAndAfterAll.run(BeforeAndAfterAll.scala:210)
[info]   at org.scalatest.BeforeAndAfterAll.run$(BeforeAndAfterAll.scala:208)
[info]   at frameless.TypedDatasetSuite.run(TypedDatasetSuite.scala:63)
[info]   at org.scalatest.tools.Framework.org$scalatest$tools$Framework$$runSuite(Framework.scala:321)
[info]   at org.scalatest.tools.Framework$ScalaTestTask.execute(Framework.scala:517)
[info]   at sbt.ForkMain$Run.lambda$runTest$1(ForkMain.java:414)
[info]   at java.base/java.util.concurrent.FutureTask.run(FutureTask.java:317)
[info]   at java.base/java.util.concurrent.ThreadPoolExecutor.runWorker(ThreadPoolExecutor.java:1144)
[info]   at java.base/java.util.concurrent.ThreadPoolExecutor$Worker.run(ThreadPoolExecutor.java:642)
[info]   at java.base/java.lang.Thread.run(Thread.java:1583)
[info]   Cause: java.lang.IllegalArgumentException: argument type mismatch
[info]   at java.base/jdk.internal.reflect.DirectConstructorHandleAccessor.newInstance(DirectConstructorHandleAccessor.java:65)
[info]   at java.base/java.lang.reflect.Constructor.newInstanceWithCaller(Constructor.java:502)
[info]   at java.base/java.lang.reflect.Constructor.newInstance(Constructor.java:486)
[info]   at frameless.TypedExpressionEncoder$.$anonfun$apply$3(TypedExpressionEncoder.scala:55)
[info]   at scala.Option.map(Option.scala:242)
[info]   at frameless.TypedExpressionEncoder$.apply(TypedExpressionEncoder.scala:54)
[info]   at frameless.TypedDataset$.create(TypedDataset.scala:1325)
[info]   at frameless.TakeTests.$anonfun$new$3(TakeTests.scala:10)
[info]   at org.scalacheck.Prop$ExtendedAny.$eq$qmark(Prop.scala:332)
[info]   at frameless.TakeTests.$anonfun$new$2(TakeTests.scala:10)
[info]   at org.scalacheck.Prop.$anonfun$$eq$eq$greater$1(Prop.scala:134)
[info]   at org.scalacheck.Prop.$anonfun$flatMap$1(Prop.scala:60)
[info]   at org.scalacheck.Prop$.$anonfun$apply$1(Prop.scala:305)
[info]   at org.scalacheck.PropFromFun.apply(Prop.scala:20)
[info]   at org.scalacheck.Prop$.result$1(Prop.scala:869)
[info]   at org.scalacheck.Prop$.$anonfun$forAllShrink$1(Prop.scala:915)
[info]   at org.scalacheck.Prop$.$anonfun$apply$1(Prop.scala:305)
[info]   at org.scalacheck.PropFromFun.apply(Prop.scala:20)
[info]   at org.scalacheck.Prop$.result$1(Prop.scala:869)
[info]   at org.scalacheck.Prop$.$anonfun$forAllShrink$4(Prop.scala:880)
[info]   at scala.collection.immutable.Stream.map(Stream.scala:173)
[info]   at org.scalacheck.Prop$.getFirstFailure$1(Prop.scala:880)
[info]   at org.scalacheck.Prop$.shrinker$1(Prop.scala:895)
[info]   at org.scalacheck.Prop$.$anonfun$forAllShrink$1(Prop.scala:916)
[info]   at org.scalacheck.Prop$.$anonfun$apply$1(Prop.scala:305)
[info]   at org.scalacheck.PropFromFun.apply(Prop.scala:20)
[info]   at org.scalacheck.Test$.workerFun$1(Test.scala:486)
[info]   at org.scalacheck.Test$.$anonfun$check$4(Test.scala:518)
[info]   at org.scalacheck.Test$.$anonfun$check$4$adapted(Test.scala:518)
[info]   at org.scalacheck.Platform$.runWorkers(Platform.scala:42)
[info]   at org.scalacheck.Test$.check(Test.scala:518)
[info]   at org.scalatestplus.scalacheck.UnitCheckerAsserting$CheckerAssertingImpl.check(CheckerAsserting.scala:90)
[info]   at org.scalatestplus.scalacheck.Checkers.check(Checkers.scala:371)
[info]   at org.scalatestplus.scalacheck.Checkers.check$(Checkers.scala:369)
[info]   at frameless.TypedDatasetSuite.check(TypedDatasetSuite.scala:63)
[info]   at frameless.TakeTests.$anonfun$new$1(TakeTests.scala:21)
[info]   at org.scalatest.OutcomeOf.outcomeOf(OutcomeOf.scala:85)
[info]   at org.scalatest.OutcomeOf.outcomeOf$(OutcomeOf.scala:83)
[info]   at org.scalatest.OutcomeOf$.outcomeOf(OutcomeOf.scala:104)
[info]   at org.scalatest.Transformer.apply(Transformer.scala:22)
[info]   at org.scalatest.Transformer.apply(Transformer.scala:20)
[info]   at org.scalatest.funsuite.AnyFunSuiteLike$$anon$1.apply(AnyFunSuiteLike.scala:226)
[info]   at org.scalatest.TestSuite.withFixture(TestSuite.scala:196)
[info]   at org.scalatest.TestSuite.withFixture$(TestSuite.scala:195)
[info]   at org.scalatest.funsuite.AnyFunSuite.withFixture(AnyFunSuite.scala:1564)
[info]   at org.scalatest.funsuite.AnyFunSuiteLike.invokeWithFixture$1(AnyFunSuiteLike.scala:224)
[info]   at org.scalatest.funsuite.AnyFunSuiteLike.$anonfun$runTest$1(AnyFunSuiteLike.scala:236)
[info]   at org.scalatest.SuperEngine.runTestImpl(Engine.scala:306)
[info]   at org.scalatest.funsuite.AnyFunSuiteLike.runTest(AnyFunSuiteLike.scala:236)
[info]   at org.scalatest.funsuite.AnyFunSuiteLike.runTest$(AnyFunSuiteLike.scala:218)
[info]   at org.scalatest.funsuite.AnyFunSuite.runTest(AnyFunSuite.scala:1564)
[info]   at org.scalatest.funsuite.AnyFunSuiteLike.$anonfun$runTests$1(AnyFunSuiteLike.scala:269)
[info]   at org.scalatest.SuperEngine.$anonfun$runTestsInBranch$1(Engine.scala:413)
[info]   at scala.collection.immutable.List.foreach(List.scala:334)
[info]   at org.scalatest.SuperEngine.traverseSubNodes$1(Engine.scala:401)
[info]   at org.scalatest.SuperEngine.runTestsInBranch(Engine.scala:396)
[info]   at org.scalatest.SuperEngine.runTestsImpl(Engine.scala:475)
[info]   at org.scalatest.funsuite.AnyFunSuiteLike.runTests(AnyFunSuiteLike.scala:269)
[info]   at org.scalatest.funsuite.AnyFunSuiteLike.runTests$(AnyFunSuiteLike.scala:268)
[info]   at org.scalatest.funsuite.AnyFunSuite.runTests(AnyFunSuite.scala:1564)
[info]   at org.scalatest.Suite.run(Suite.scala:1114)
[info]   at org.scalatest.Suite.run$(Suite.scala:1096)
[info]   at org.scalatest.funsuite.AnyFunSuite.org$scalatest$funsuite$AnyFunSuiteLike$$super$run(AnyFunSuite.scala:1564)
[info]   at org.scalatest.funsuite.AnyFunSuiteLike.$anonfun$run$1(AnyFunSuiteLike.scala:273)
[info]   at org.scalatest.SuperEngine.runImpl(Engine.scala:535)
[info]   at org.scalatest.funsuite.AnyFunSuiteLike.run(AnyFunSuiteLike.scala:273)
[info]   at org.scalatest.funsuite.AnyFunSuiteLike.run$(AnyFunSuiteLike.scala:272)
[info]   at frameless.TypedDatasetSuite.org$scalatest$BeforeAndAfterAll$$super$run(TypedDatasetSuite.scala:63)
[info]   at org.scalatest.BeforeAndAfterAll.liftedTree1$1(BeforeAndAfterAll.scala:213)
[info]   at org.scalatest.BeforeAndAfterAll.run(BeforeAndAfterAll.scala:210)
[info]   at org.scalatest.BeforeAndAfterAll.run$(BeforeAndAfterAll.scala:208)
[info]   at frameless.TypedDatasetSuite.run(TypedDatasetSuite.scala:63)
[info]   at org.scalatest.tools.Framework.org$scalatest$tools$Framework$$runSuite(Framework.scala:321)
[info]   at org.scalatest.tools.Framework$ScalaTestTask.execute(Framework.scala:517)
[info]   at sbt.ForkMain$Run.lambda$runTest$1(ForkMain.java:414)
[info]   at java.base/java.util.concurrent.FutureTask.run(FutureTask.java:317)
[info]   at java.base/java.util.concurrent.ThreadPoolExecutor.runWorker(ThreadPoolExecutor.java:1144)
[info]   at java.base/java.util.concurrent.ThreadPoolExecutor$Worker.run(ThreadPoolExecutor.java:642)
[info]   at java.base/java.lang.Thread.run(Thread.java:1583)
[info]   Cause: java.lang.ClassCastException: Cannot cast scala.reflect.ManifestFactory$IntManifest to org.apache.spark.sql.catalyst.expressions.Expression
[info]   at java.base/java.lang.Class.cast(Class.java:4067)
[info]   at java.base/jdk.internal.reflect.DirectConstructorHandleAccessor.newInstance(DirectConstructorHandleAccessor.java:62)
[info]   at java.base/java.lang.reflect.Constructor.newInstanceWithCaller(Constructor.java:502)
[info]   at java.base/java.lang.reflect.Constructor.newInstance(Constructor.java:486)
[info]   at frameless.TypedExpressionEncoder$.$anonfun$apply$3(TypedExpressionEncoder.scala:55)
[info]   at scala.Option.map(Option.scala:242)
[info]   at frameless.TypedExpressionEncoder$.apply(TypedExpressionEncoder.scala:54)
[info]   at frameless.TypedDataset$.create(TypedDataset.scala:1325)
[info]   at frameless.TakeTests.$anonfun$new$3(TakeTests.scala:10)
[info]   at org.scalacheck.Prop$ExtendedAny.$eq$qmark(Prop.scala:332)
[info]   at frameless.TakeTests.$anonfun$new$2(TakeTests.scala:10)
[info]   at org.scalacheck.Prop.$anonfun$$eq$eq$greater$1(Prop.scala:134)
[info]   at org.scalacheck.Prop.$anonfun$flatMap$1(Prop.scala:60)
[info]   at org.scalacheck.Prop$.$anonfun$apply$1(Prop.scala:305)
[info]   at org.scalacheck.PropFromFun.apply(Prop.scala:20)
[info]   at org.scalacheck.Prop$.result$1(Prop.scala:869)
[info]   at org.scalacheck.Prop$.$anonfun$forAllShrink$1(Prop.scala:915)
[info]   at org.scalacheck.Prop$.$anonfun$apply$1(Prop.scala:305)
[info]   at org.scalacheck.PropFromFun.apply(Prop.scala:20)
[info]   at org.scalacheck.Prop$.result$1(Prop.scala:869)
[info]   at org.scalacheck.Prop$.$anonfun$forAllShrink$4(Prop.scala:880)
[info]   at scala.collection.immutable.Stream.map(Stream.scala:173)
[info]   at org.scalacheck.Prop$.getFirstFailure$1(Prop.scala:880)
[info]   at org.scalacheck.Prop$.shrinker$1(Prop.scala:895)
[info]   at org.scalacheck.Prop$.$anonfun$forAllShrink$1(Prop.scala:916)
[info]   at org.scalacheck.Prop$.$anonfun$apply$1(Prop.scala:305)
[info]   at org.scalacheck.PropFromFun.apply(Prop.scala:20)
[info]   at org.scalacheck.Test$.workerFun$1(Test.scala:486)
[info]   at org.scalacheck.Test$.$anonfun$check$4(Test.scala:518)
[info]   at org.scalacheck.Test$.$anonfun$check$4$adapted(Test.scala:518)
[info]   at org.scalacheck.Platform$.runWorkers(Platform.scala:42)
[info]   at org.scalacheck.Test$.check(Test.scala:518)
[info]   at org.scalatestplus.scalacheck.UnitCheckerAsserting$CheckerAssertingImpl.check(CheckerAsserting.scala:90)
[info]   at org.scalatestplus.scalacheck.Checkers.check(Checkers.scala:371)
[info]   at org.scalatestplus.scalacheck.Checkers.check$(Checkers.scala:369)
[info]   at frameless.TypedDatasetSuite.check(TypedDatasetSuite.scala:63)
[info]   at frameless.TakeTests.$anonfun$new$1(TakeTests.scala:21)
[info]   at org.scalatest.OutcomeOf.outcomeOf(OutcomeOf.scala:85)
[info]   at org.scalatest.OutcomeOf.outcomeOf$(OutcomeOf.scala:83)
[info]   at org.scalatest.OutcomeOf$.outcomeOf(OutcomeOf.scala:104)
[info]   at org.scalatest.Transformer.apply(Transformer.scala:22)
[info]   at org.scalatest.Transformer.apply(Transformer.scala:20)
[info]   at org.scalatest.funsuite.AnyFunSuiteLike$$anon$1.apply(AnyFunSuiteLike.scala:226)
[info]   at org.scalatest.TestSuite.withFixture(TestSuite.scala:196)
[info]   at org.scalatest.TestSuite.withFixture$(TestSuite.scala:195)
[info]   at org.scalatest.funsuite.AnyFunSuite.withFixture(AnyFunSuite.scala:1564)
[info]   at org.scalatest.funsuite.AnyFunSuiteLike.invokeWithFixture$1(AnyFunSuiteLike.scala:224)
[info]   at org.scalatest.funsuite.AnyFunSuiteLike.$anonfun$runTest$1(AnyFunSuiteLike.scala:236)
[info]   at org.scalatest.SuperEngine.runTestImpl(Engine.scala:306)
[info]   at org.scalatest.funsuite.AnyFunSuiteLike.runTest(AnyFunSuiteLike.scala:236)
[info]   at org.scalatest.funsuite.AnyFunSuiteLike.runTest$(AnyFunSuiteLike.scala:218)
[info]   at org.scalatest.funsuite.AnyFunSuite.runTest(AnyFunSuite.scala:1564)
[info]   at org.scalatest.funsuite.AnyFunSuiteLike.$anonfun$runTests$1(AnyFunSuiteLike.scala:269)
[info]   at org.scalatest.SuperEngine.$anonfun$runTestsInBranch$1(Engine.scala:413)
[info]   at scala.collection.immutable.List.foreach(List.scala:334)
[info]   at org.scalatest.SuperEngine.traverseSubNodes$1(Engine.scala:401)
[info]   at org.scalatest.SuperEngine.runTestsInBranch(Engine.scala:396)
[info]   at org.scalatest.SuperEngine.runTestsImpl(Engine.scala:475)
[info]   at org.scalatest.funsuite.AnyFunSuiteLike.runTests(AnyFunSuiteLike.scala:269)
[info]   at org.scalatest.funsuite.AnyFunSuiteLike.runTests$(AnyFunSuiteLike.scala:268)
[info]   at org.scalatest.funsuite.AnyFunSuite.runTests(AnyFunSuite.scala:1564)
[info]   at org.scalatest.Suite.run(Suite.scala:1114)
[info]   at org.scalatest.Suite.run$(Suite.scala:1096)
[info]   at org.scalatest.funsuite.AnyFunSuite.org$scalatest$funsuite$AnyFunSuiteLike$$super$run(AnyFunSuite.scala:1564)
[info]   at org.scalatest.funsuite.AnyFunSuiteLike.$anonfun$run$1(AnyFunSuiteLike.scala:273)
[info]   at org.scalatest.SuperEngine.runImpl(Engine.scala:535)
[info]   at org.scalatest.funsuite.AnyFunSuiteLike.run(AnyFunSuiteLike.scala:273)
[info]   at org.scalatest.funsuite.AnyFunSuiteLike.run$(AnyFunSuiteLike.scala:272)
[info]   at frameless.TypedDatasetSuite.org$scalatest$BeforeAndAfterAll$$super$run(TypedDatasetSuite.scala:63)
[info]   at org.scalatest.BeforeAndAfterAll.liftedTree1$1(BeforeAndAfterAll.scala:213)
[info]   at org.scalatest.BeforeAndAfterAll.run(BeforeAndAfterAll.scala:210)
[info]   at org.scalatest.BeforeAndAfterAll.run$(BeforeAndAfterAll.scala:208)
[info]   at frameless.TypedDatasetSuite.run(TypedDatasetSuite.scala:63)
[info]   at org.scalatest.tools.Framework.org$scalatest$tools$Framework$$runSuite(Framework.scala:321)
[info]   at org.scalatest.tools.Framework$ScalaTestTask.execute(Framework.scala:517)
[info]   at sbt.ForkMain$Run.lambda$runTest$1(ForkMain.java:414)
[info]   at java.base/java.util.concurrent.FutureTask.run(FutureTask.java:317)
[info]   at java.base/java.util.concurrent.ThreadPoolExecutor.runWorker(ThreadPoolExecutor.java:1144)
[info]   at java.base/java.util.concurrent.ThreadPoolExecutor$Worker.run(ThreadPoolExecutor.java:642)
[info]   at java.base/java.lang.Thread.run(Thread.java:1583)
[info] FlattenTests:
[info] - simple flatten test *** FAILED *** (2 milliseconds)
[info]   java.lang.IllegalArgumentException: argument type mismatch
[info]   at java.base/jdk.internal.reflect.DirectConstructorHandleAccessor.newInstance(DirectConstructorHandleAccessor.java:65)
[info]   at java.base/java.lang.reflect.Constructor.newInstanceWithCaller(Constructor.java:502)
[info]   at java.base/java.lang.reflect.Constructor.newInstance(Constructor.java:486)
[info]   at frameless.TypedExpressionEncoder$.$anonfun$apply$3(TypedExpressionEncoder.scala:55)
[info]   at scala.Option.map(Option.scala:242)
[info]   at frameless.TypedExpressionEncoder$.apply(TypedExpressionEncoder.scala:54)
[info]   at frameless.TypedDataset$.create(TypedDataset.scala:1325)
[info]   at frameless.FlattenTests.$anonfun$new$1(FlattenTests.scala:10)
[info]   at org.scalatest.OutcomeOf.outcomeOf(OutcomeOf.scala:85)
[info]   at org.scalatest.OutcomeOf.outcomeOf$(OutcomeOf.scala:83)
[info]   at org.scalatest.OutcomeOf$.outcomeOf(OutcomeOf.scala:104)
[info]   at org.scalatest.Transformer.apply(Transformer.scala:22)
[info]   at org.scalatest.Transformer.apply(Transformer.scala:20)
[info]   at org.scalatest.funsuite.AnyFunSuiteLike$$anon$1.apply(AnyFunSuiteLike.scala:226)
[info]   at org.scalatest.TestSuite.withFixture(TestSuite.scala:196)
[info]   at org.scalatest.TestSuite.withFixture$(TestSuite.scala:195)
[info]   at org.scalatest.funsuite.AnyFunSuite.withFixture(AnyFunSuite.scala:1564)
[info]   at org.scalatest.funsuite.AnyFunSuiteLike.invokeWithFixture$1(AnyFunSuiteLike.scala:224)
[info]   at org.scalatest.funsuite.AnyFunSuiteLike.$anonfun$runTest$1(AnyFunSuiteLike.scala:236)
[info]   at org.scalatest.SuperEngine.runTestImpl(Engine.scala:306)
[info]   at org.scalatest.funsuite.AnyFunSuiteLike.runTest(AnyFunSuiteLike.scala:236)
[info]   at org.scalatest.funsuite.AnyFunSuiteLike.runTest$(AnyFunSuiteLike.scala:218)
[info]   at org.scalatest.funsuite.AnyFunSuite.runTest(AnyFunSuite.scala:1564)
[info]   at org.scalatest.funsuite.AnyFunSuiteLike.$anonfun$runTests$1(AnyFunSuiteLike.scala:269)
[info]   at org.scalatest.SuperEngine.$anonfun$runTestsInBranch$1(Engine.scala:413)
[info]   at scala.collection.immutable.List.foreach(List.scala:334)
[info]   at org.scalatest.SuperEngine.traverseSubNodes$1(Engine.scala:401)
[info]   at org.scalatest.SuperEngine.runTestsInBranch(Engine.scala:396)
[info]   at org.scalatest.SuperEngine.runTestsImpl(Engine.scala:475)
[info]   at org.scalatest.funsuite.AnyFunSuiteLike.runTests(AnyFunSuiteLike.scala:269)
[info]   at org.scalatest.funsuite.AnyFunSuiteLike.runTests$(AnyFunSuiteLike.scala:268)
[info]   at org.scalatest.funsuite.AnyFunSuite.runTests(AnyFunSuite.scala:1564)
[info]   at org.scalatest.Suite.run(Suite.scala:1114)
[info]   at org.scalatest.Suite.run$(Suite.scala:1096)
[info]   at org.scalatest.funsuite.AnyFunSuite.org$scalatest$funsuite$AnyFunSuiteLike$$super$run(AnyFunSuite.scala:1564)
[info]   at org.scalatest.funsuite.AnyFunSuiteLike.$anonfun$run$1(AnyFunSuiteLike.scala:273)
[info]   at org.scalatest.SuperEngine.runImpl(Engine.scala:535)
[info]   at org.scalatest.funsuite.AnyFunSuiteLike.run(AnyFunSuiteLike.scala:273)
[info]   at org.scalatest.funsuite.AnyFunSuiteLike.run$(AnyFunSuiteLike.scala:272)
[info]   at frameless.TypedDatasetSuite.org$scalatest$BeforeAndAfterAll$$super$run(TypedDatasetSuite.scala:63)
[info]   at org.scalatest.BeforeAndAfterAll.liftedTree1$1(BeforeAndAfterAll.scala:213)
[info]   at org.scalatest.BeforeAndAfterAll.run(BeforeAndAfterAll.scala:210)
[info]   at org.scalatest.BeforeAndAfterAll.run$(BeforeAndAfterAll.scala:208)
[info]   at frameless.TypedDatasetSuite.run(TypedDatasetSuite.scala:63)
[info]   at org.scalatest.tools.Framework.org$scalatest$tools$Framework$$runSuite(Framework.scala:321)
[info]   at org.scalatest.tools.Framework$ScalaTestTask.execute(Framework.scala:517)
[info]   at sbt.ForkMain$Run.lambda$runTest$1(ForkMain.java:414)
[info]   at java.base/java.util.concurrent.FutureTask.run(FutureTask.java:317)
[info]   at java.base/java.util.concurrent.ThreadPoolExecutor.runWorker(ThreadPoolExecutor.java:1144)
[info]   at java.base/java.util.concurrent.ThreadPoolExecutor$Worker.run(ThreadPoolExecutor.java:642)
[info]   at java.base/java.lang.Thread.run(Thread.java:1583)
[info]   Cause: java.lang.ClassCastException: Cannot cast scala.reflect.ClassTag$GenericClassTag to org.apache.spark.sql.catalyst.expressions.Expression
[info]   at java.base/java.lang.Class.cast(Class.java:4067)
[info]   at java.base/jdk.internal.reflect.DirectConstructorHandleAccessor.newInstance(DirectConstructorHandleAccessor.java:62)
[info]   at java.base/java.lang.reflect.Constructor.newInstanceWithCaller(Constructor.java:502)
[info]   at java.base/java.lang.reflect.Constructor.newInstance(Constructor.java:486)
[info]   at frameless.TypedExpressionEncoder$.$anonfun$apply$3(TypedExpressionEncoder.scala:55)
[info]   at scala.Option.map(Option.scala:242)
[info]   at frameless.TypedExpressionEncoder$.apply(TypedExpressionEncoder.scala:54)
[info]   at frameless.TypedDataset$.create(TypedDataset.scala:1325)
[info]   at frameless.FlattenTests.$anonfun$new$1(FlattenTests.scala:10)
[info]   at org.scalatest.OutcomeOf.outcomeOf(OutcomeOf.scala:85)
[info]   at org.scalatest.OutcomeOf.outcomeOf$(OutcomeOf.scala:83)
[info]   at org.scalatest.OutcomeOf$.outcomeOf(OutcomeOf.scala:104)
[info]   at org.scalatest.Transformer.apply(Transformer.scala:22)
[info]   at org.scalatest.Transformer.apply(Transformer.scala:20)
[info]   at org.scalatest.funsuite.AnyFunSuiteLike$$anon$1.apply(AnyFunSuiteLike.scala:226)
[info]   at org.scalatest.TestSuite.withFixture(TestSuite.scala:196)
[info]   at org.scalatest.TestSuite.withFixture$(TestSuite.scala:195)
[info]   at org.scalatest.funsuite.AnyFunSuite.withFixture(AnyFunSuite.scala:1564)
[info]   at org.scalatest.funsuite.AnyFunSuiteLike.invokeWithFixture$1(AnyFunSuiteLike.scala:224)
[info]   at org.scalatest.funsuite.AnyFunSuiteLike.$anonfun$runTest$1(AnyFunSuiteLike.scala:236)
[info]   at org.scalatest.SuperEngine.runTestImpl(Engine.scala:306)
[info]   at org.scalatest.funsuite.AnyFunSuiteLike.runTest(AnyFunSuiteLike.scala:236)
[info]   at org.scalatest.funsuite.AnyFunSuiteLike.runTest$(AnyFunSuiteLike.scala:218)
[info]   at org.scalatest.funsuite.AnyFunSuite.runTest(AnyFunSuite.scala:1564)
[info]   at org.scalatest.funsuite.AnyFunSuiteLike.$anonfun$runTests$1(AnyFunSuiteLike.scala:269)
[info]   at org.scalatest.SuperEngine.$anonfun$runTestsInBranch$1(Engine.scala:413)
[info]   at scala.collection.immutable.List.foreach(List.scala:334)
[info]   at org.scalatest.SuperEngine.traverseSubNodes$1(Engine.scala:401)
[info]   at org.scalatest.SuperEngine.runTestsInBranch(Engine.scala:396)
[info]   at org.scalatest.SuperEngine.runTestsImpl(Engine.scala:475)
[info]   at org.scalatest.funsuite.AnyFunSuiteLike.runTests(AnyFunSuiteLike.scala:269)
[info]   at org.scalatest.funsuite.AnyFunSuiteLike.runTests$(AnyFunSuiteLike.scala:268)
[info]   at org.scalatest.funsuite.AnyFunSuite.runTests(AnyFunSuite.scala:1564)
[info]   at org.scalatest.Suite.run(Suite.scala:1114)
[info]   at org.scalatest.Suite.run$(Suite.scala:1096)
[info]   at org.scalatest.funsuite.AnyFunSuite.org$scalatest$funsuite$AnyFunSuiteLike$$super$run(AnyFunSuite.scala:1564)
[info]   at org.scalatest.funsuite.AnyFunSuiteLike.$anonfun$run$1(AnyFunSuiteLike.scala:273)
[info]   at org.scalatest.SuperEngine.runImpl(Engine.scala:535)
[info]   at org.scalatest.funsuite.AnyFunSuiteLike.run(AnyFunSuiteLike.scala:273)
[info]   at org.scalatest.funsuite.AnyFunSuiteLike.run$(AnyFunSuiteLike.scala:272)
[info]   at frameless.TypedDatasetSuite.org$scalatest$BeforeAndAfterAll$$super$run(TypedDatasetSuite.scala:63)
[info]   at org.scalatest.BeforeAndAfterAll.liftedTree1$1(BeforeAndAfterAll.scala:213)
[info]   at org.scalatest.BeforeAndAfterAll.run(BeforeAndAfterAll.scala:210)
[info]   at org.scalatest.BeforeAndAfterAll.run$(BeforeAndAfterAll.scala:208)
[info]   at frameless.TypedDatasetSuite.run(TypedDatasetSuite.scala:63)
[info]   at org.scalatest.tools.Framework.org$scalatest$tools$Framework$$runSuite(Framework.scala:321)
[info]   at org.scalatest.tools.Framework$ScalaTestTask.execute(Framework.scala:517)
[info]   at sbt.ForkMain$Run.lambda$runTest$1(ForkMain.java:414)
[info]   at java.base/java.util.concurrent.FutureTask.run(FutureTask.java:317)
[info]   at java.base/java.util.concurrent.ThreadPoolExecutor.runWorker(ThreadPoolExecutor.java:1144)
[info]   at java.base/java.util.concurrent.ThreadPoolExecutor$Worker.run(ThreadPoolExecutor.java:642)
[info]   at java.base/java.lang.Thread.run(Thread.java:1583)
[info] - different Optional types *** FAILED *** (3 milliseconds)
[info]   IllegalArgumentException was thrown during property evaluation.
[info]     Message: argument type mismatch
[info]     Occurred when passed generated values (
[info]       arg0 = List()
[info]     )
[info]   org.scalatest.exceptions.GeneratorDrivenPropertyCheckFailedException:
[info]   at org.scalatestplus.scalacheck.CheckerAsserting$$anon$2.indicateFailure(CheckerAsserting.scala:251)
[info]   at org.scalatestplus.scalacheck.CheckerAsserting$$anon$2.indicateFailure(CheckerAsserting.scala:238)
[info]   at org.scalatestplus.scalacheck.UnitCheckerAsserting$CheckerAssertingImpl.check(CheckerAsserting.scala:160)
[info]   at org.scalatestplus.scalacheck.Checkers.check(Checkers.scala:371)
[info]   at org.scalatestplus.scalacheck.Checkers.check$(Checkers.scala:369)
[info]   at frameless.TypedDatasetSuite.check(TypedDatasetSuite.scala:63)
[info]   at frameless.FlattenTests.$anonfun$new$14(FlattenTests.scala:24)
[info]   at org.scalatest.OutcomeOf.outcomeOf(OutcomeOf.scala:85)
[info]   at org.scalatest.OutcomeOf.outcomeOf$(OutcomeOf.scala:83)
[info]   at org.scalatest.OutcomeOf$.outcomeOf(OutcomeOf.scala:104)
[info]   at org.scalatest.Transformer.apply(Transformer.scala:22)
[info]   at org.scalatest.Transformer.apply(Transformer.scala:20)
[info]   at org.scalatest.funsuite.AnyFunSuiteLike$$anon$1.apply(AnyFunSuiteLike.scala:226)
[info]   at org.scalatest.TestSuite.withFixture(TestSuite.scala:196)
[info]   at org.scalatest.TestSuite.withFixture$(TestSuite.scala:195)
[info]   at org.scalatest.funsuite.AnyFunSuite.withFixture(AnyFunSuite.scala:1564)
[info]   at org.scalatest.funsuite.AnyFunSuiteLike.invokeWithFixture$1(AnyFunSuiteLike.scala:224)
[info]   at org.scalatest.funsuite.AnyFunSuiteLike.$anonfun$runTest$1(AnyFunSuiteLike.scala:236)
[info]   at org.scalatest.SuperEngine.runTestImpl(Engine.scala:306)
[info]   at org.scalatest.funsuite.AnyFunSuiteLike.runTest(AnyFunSuiteLike.scala:236)
[info]   at org.scalatest.funsuite.AnyFunSuiteLike.runTest$(AnyFunSuiteLike.scala:218)
[info]   at org.scalatest.funsuite.AnyFunSuite.runTest(AnyFunSuite.scala:1564)
[info]   at org.scalatest.funsuite.AnyFunSuiteLike.$anonfun$runTests$1(AnyFunSuiteLike.scala:269)
[info]   at org.scalatest.SuperEngine.$anonfun$runTestsInBranch$1(Engine.scala:413)
[info]   at scala.collection.immutable.List.foreach(List.scala:334)
[info]   at org.scalatest.SuperEngine.traverseSubNodes$1(Engine.scala:401)
[info]   at org.scalatest.SuperEngine.runTestsInBranch(Engine.scala:396)
[info]   at org.scalatest.SuperEngine.runTestsImpl(Engine.scala:475)
[info]   at org.scalatest.funsuite.AnyFunSuiteLike.runTests(AnyFunSuiteLike.scala:269)
[info]   at org.scalatest.funsuite.AnyFunSuiteLike.runTests$(AnyFunSuiteLike.scala:268)
[info]   at org.scalatest.funsuite.AnyFunSuite.runTests(AnyFunSuite.scala:1564)
[info]   at org.scalatest.Suite.run(Suite.scala:1114)
[info]   at org.scalatest.Suite.run$(Suite.scala:1096)
[info]   at org.scalatest.funsuite.AnyFunSuite.org$scalatest$funsuite$AnyFunSuiteLike$$super$run(AnyFunSuite.scala:1564)
[info]   at org.scalatest.funsuite.AnyFunSuiteLike.$anonfun$run$1(AnyFunSuiteLike.scala:273)
[info]   at org.scalatest.SuperEngine.runImpl(Engine.scala:535)
[info]   at org.scalatest.funsuite.AnyFunSuiteLike.run(AnyFunSuiteLike.scala:273)
[info]   at org.scalatest.funsuite.AnyFunSuiteLike.run$(AnyFunSuiteLike.scala:272)
[info]   at frameless.TypedDatasetSuite.org$scalatest$BeforeAndAfterAll$$super$run(TypedDatasetSuite.scala:63)
[info]   at org.scalatest.BeforeAndAfterAll.liftedTree1$1(BeforeAndAfterAll.scala:213)
[info]   at org.scalatest.BeforeAndAfterAll.run(BeforeAndAfterAll.scala:210)
[info]   at org.scalatest.BeforeAndAfterAll.run$(BeforeAndAfterAll.scala:208)
[info]   at frameless.TypedDatasetSuite.run(TypedDatasetSuite.scala:63)
[info]   at org.scalatest.tools.Framework.org$scalatest$tools$Framework$$runSuite(Framework.scala:321)
[info]   at org.scalatest.tools.Framework$ScalaTestTask.execute(Framework.scala:517)
[info]   at sbt.ForkMain$Run.lambda$runTest$1(ForkMain.java:414)
[info]   at java.base/java.util.concurrent.FutureTask.run(FutureTask.java:317)
[info]   at java.base/java.util.concurrent.ThreadPoolExecutor.runWorker(ThreadPoolExecutor.java:1144)
[info]   at java.base/java.util.concurrent.ThreadPoolExecutor$Worker.run(ThreadPoolExecutor.java:642)
[info]   at java.base/java.lang.Thread.run(Thread.java:1583)
[info]   Cause: java.lang.IllegalArgumentException: argument type mismatch
[info]   at java.base/jdk.internal.reflect.DirectConstructorHandleAccessor.newInstance(DirectConstructorHandleAccessor.java:65)
[info]   at java.base/java.lang.reflect.Constructor.newInstanceWithCaller(Constructor.java:502)
[info]   at java.base/java.lang.reflect.Constructor.newInstance(Constructor.java:486)
[info]   at frameless.TypedExpressionEncoder$.$anonfun$apply$3(TypedExpressionEncoder.scala:55)
[info]   at scala.Option.map(Option.scala:242)
[info]   at frameless.TypedExpressionEncoder$.apply(TypedExpressionEncoder.scala:54)
[info]   at frameless.TypedDataset$.create(TypedDataset.scala:1325)
[info]   at frameless.FlattenTests.prop$1(FlattenTests.scala:16)
[info]   at frameless.FlattenTests.$anonfun$new$31(FlattenTests.scala:24)
[info]   at scala.Function1.$anonfun$andThen$1(Function1.scala:87)
[info]   at org.scalacheck.Prop$.$anonfun$forAllShrink$2(Prop.scala:868)
[info]   at org.scalacheck.Prop$.secure(Prop.scala:484)
[info]   at org.scalacheck.Prop$.result$1(Prop.scala:868)
[info]   at org.scalacheck.Prop$.$anonfun$forAllShrink$1(Prop.scala:915)
[info]   at org.scalacheck.Prop$.$anonfun$apply$1(Prop.scala:305)
[info]   at org.scalacheck.PropFromFun.apply(Prop.scala:20)
[info]   at org.scalacheck.Test$.workerFun$1(Test.scala:486)
[info]   at org.scalacheck.Test$.$anonfun$check$4(Test.scala:518)
[info]   at org.scalacheck.Test$.$anonfun$check$4$adapted(Test.scala:518)
[info]   at org.scalacheck.Platform$.runWorkers(Platform.scala:42)
[info]   at org.scalacheck.Test$.check(Test.scala:518)
[info]   at org.scalatestplus.scalacheck.UnitCheckerAsserting$CheckerAssertingImpl.check(CheckerAsserting.scala:90)
[info]   at org.scalatestplus.scalacheck.Checkers.check(Checkers.scala:371)
[info]   at org.scalatestplus.scalacheck.Checkers.check$(Checkers.scala:369)
[info]   at frameless.TypedDatasetSuite.check(TypedDatasetSuite.scala:63)
[info]   at frameless.FlattenTests.$anonfun$new$14(FlattenTests.scala:24)
[info]   at org.scalatest.OutcomeOf.outcomeOf(OutcomeOf.scala:85)
[info]   at org.scalatest.OutcomeOf.outcomeOf$(OutcomeOf.scala:83)
[info]   at org.scalatest.OutcomeOf$.outcomeOf(OutcomeOf.scala:104)
[info]   at org.scalatest.Transformer.apply(Transformer.scala:22)
[info]   at org.scalatest.Transformer.apply(Transformer.scala:20)
[info]   at org.scalatest.funsuite.AnyFunSuiteLike$$anon$1.apply(AnyFunSuiteLike.scala:226)
[info]   at org.scalatest.TestSuite.withFixture(TestSuite.scala:196)
[info]   at org.scalatest.TestSuite.withFixture$(TestSuite.scala:195)
[info]   at org.scalatest.funsuite.AnyFunSuite.withFixture(AnyFunSuite.scala:1564)
[info]   at org.scalatest.funsuite.AnyFunSuiteLike.invokeWithFixture$1(AnyFunSuiteLike.scala:224)
[info]   at org.scalatest.funsuite.AnyFunSuiteLike.$anonfun$runTest$1(AnyFunSuiteLike.scala:236)
[info]   at org.scalatest.SuperEngine.runTestImpl(Engine.scala:306)
[info]   at org.scalatest.funsuite.AnyFunSuiteLike.runTest(AnyFunSuiteLike.scala:236)
[info]   at org.scalatest.funsuite.AnyFunSuiteLike.runTest$(AnyFunSuiteLike.scala:218)
[info]   at org.scalatest.funsuite.AnyFunSuite.runTest(AnyFunSuite.scala:1564)
[info]   at org.scalatest.funsuite.AnyFunSuiteLike.$anonfun$runTests$1(AnyFunSuiteLike.scala:269)
[info]   at org.scalatest.SuperEngine.$anonfun$runTestsInBranch$1(Engine.scala:413)
[info]   at scala.collection.immutable.List.foreach(List.scala:334)
[info]   at org.scalatest.SuperEngine.traverseSubNodes$1(Engine.scala:401)
[info]   at org.scalatest.SuperEngine.runTestsInBranch(Engine.scala:396)
[info]   at org.scalatest.SuperEngine.runTestsImpl(Engine.scala:475)
[info]   at org.scalatest.funsuite.AnyFunSuiteLike.runTests(AnyFunSuiteLike.scala:269)
[info]   at org.scalatest.funsuite.AnyFunSuiteLike.runTests$(AnyFunSuiteLike.scala:268)
[info]   at org.scalatest.funsuite.AnyFunSuite.runTests(AnyFunSuite.scala:1564)
[info]   at org.scalatest.Suite.run(Suite.scala:1114)
[info]   at org.scalatest.Suite.run$(Suite.scala:1096)
[info]   at org.scalatest.funsuite.AnyFunSuite.org$scalatest$funsuite$AnyFunSuiteLike$$super$run(AnyFunSuite.scala:1564)
[info]   at org.scalatest.funsuite.AnyFunSuiteLike.$anonfun$run$1(AnyFunSuiteLike.scala:273)
[info]   at org.scalatest.SuperEngine.runImpl(Engine.scala:535)
[info]   at org.scalatest.funsuite.AnyFunSuiteLike.run(AnyFunSuiteLike.scala:273)
[info]   at org.scalatest.funsuite.AnyFunSuiteLike.run$(AnyFunSuiteLike.scala:272)
[info]   at frameless.TypedDatasetSuite.org$scalatest$BeforeAndAfterAll$$super$run(TypedDatasetSuite.scala:63)
[info]   at org.scalatest.BeforeAndAfterAll.liftedTree1$1(BeforeAndAfterAll.scala:213)
[info]   at org.scalatest.BeforeAndAfterAll.run(BeforeAndAfterAll.scala:210)
[info]   at org.scalatest.BeforeAndAfterAll.run$(BeforeAndAfterAll.scala:208)
[info]   at frameless.TypedDatasetSuite.run(TypedDatasetSuite.scala:63)
[info]   at org.scalatest.tools.Framework.org$scalatest$tools$Framework$$runSuite(Framework.scala:321)
[info]   at org.scalatest.tools.Framework$ScalaTestTask.execute(Framework.scala:517)
[info]   at sbt.ForkMain$Run.lambda$runTest$1(ForkMain.java:414)
[info]   at java.base/java.util.concurrent.FutureTask.run(FutureTask.java:317)
[info]   at java.base/java.util.concurrent.ThreadPoolExecutor.runWorker(ThreadPoolExecutor.java:1144)
[info]   at java.base/java.util.concurrent.ThreadPoolExecutor$Worker.run(ThreadPoolExecutor.java:642)
[info]   at java.base/java.lang.Thread.run(Thread.java:1583)
[info]   Cause: java.lang.ClassCastException: Cannot cast scala.reflect.ClassTag$GenericClassTag to org.apache.spark.sql.catalyst.expressions.Expression
[info]   at java.base/java.lang.Class.cast(Class.java:4067)
[info]   at java.base/jdk.internal.reflect.DirectConstructorHandleAccessor.newInstance(DirectConstructorHandleAccessor.java:62)
[info]   at java.base/java.lang.reflect.Constructor.newInstanceWithCaller(Constructor.java:502)
[info]   at java.base/java.lang.reflect.Constructor.newInstance(Constructor.java:486)
[info]   at frameless.TypedExpressionEncoder$.$anonfun$apply$3(TypedExpressionEncoder.scala:55)
[info]   at scala.Option.map(Option.scala:242)
[info]   at frameless.TypedExpressionEncoder$.apply(TypedExpressionEncoder.scala:54)
[info]   at frameless.TypedDataset$.create(TypedDataset.scala:1325)
[info]   at frameless.FlattenTests.prop$1(FlattenTests.scala:16)
[info]   at frameless.FlattenTests.$anonfun$new$31(FlattenTests.scala:24)
[info]   at scala.Function1.$anonfun$andThen$1(Function1.scala:87)
[info]   at org.scalacheck.Prop$.$anonfun$forAllShrink$2(Prop.scala:868)
[info]   at org.scalacheck.Prop$.secure(Prop.scala:484)
[info]   at org.scalacheck.Prop$.result$1(Prop.scala:868)
[info]   at org.scalacheck.Prop$.$anonfun$forAllShrink$1(Prop.scala:915)
[info]   at org.scalacheck.Prop$.$anonfun$apply$1(Prop.scala:305)
[info]   at org.scalacheck.PropFromFun.apply(Prop.scala:20)
[info]   at org.scalacheck.Test$.workerFun$1(Test.scala:486)
[info]   at org.scalacheck.Test$.$anonfun$check$4(Test.scala:518)
[info]   at org.scalacheck.Test$.$anonfun$check$4$adapted(Test.scala:518)
[info]   at org.scalacheck.Platform$.runWorkers(Platform.scala:42)
[info]   at org.scalacheck.Test$.check(Test.scala:518)
[info]   at org.scalatestplus.scalacheck.UnitCheckerAsserting$CheckerAssertingImpl.check(CheckerAsserting.scala:90)
[info]   at org.scalatestplus.scalacheck.Checkers.check(Checkers.scala:371)
[info]   at org.scalatestplus.scalacheck.Checkers.check$(Checkers.scala:369)
[info]   at frameless.TypedDatasetSuite.check(TypedDatasetSuite.scala:63)
[info]   at frameless.FlattenTests.$anonfun$new$14(FlattenTests.scala:24)
[info]   at org.scalatest.OutcomeOf.outcomeOf(OutcomeOf.scala:85)
[info]   at org.scalatest.OutcomeOf.outcomeOf$(OutcomeOf.scala:83)
[info]   at org.scalatest.OutcomeOf$.outcomeOf(OutcomeOf.scala:104)
[info]   at org.scalatest.Transformer.apply(Transformer.scala:22)
[info]   at org.scalatest.Transformer.apply(Transformer.scala:20)
[info]   at org.scalatest.funsuite.AnyFunSuiteLike$$anon$1.apply(AnyFunSuiteLike.scala:226)
[info]   at org.scalatest.TestSuite.withFixture(TestSuite.scala:196)
[info]   at org.scalatest.TestSuite.withFixture$(TestSuite.scala:195)
[info]   at org.scalatest.funsuite.AnyFunSuite.withFixture(AnyFunSuite.scala:1564)
[info]   at org.scalatest.funsuite.AnyFunSuiteLike.invokeWithFixture$1(AnyFunSuiteLike.scala:224)
[info]   at org.scalatest.funsuite.AnyFunSuiteLike.$anonfun$runTest$1(AnyFunSuiteLike.scala:236)
[info]   at org.scalatest.SuperEngine.runTestImpl(Engine.scala:306)
[info]   at org.scalatest.funsuite.AnyFunSuiteLike.runTest(AnyFunSuiteLike.scala:236)
[info]   at org.scalatest.funsuite.AnyFunSuiteLike.runTest$(AnyFunSuiteLike.scala:218)
[info]   at org.scalatest.funsuite.AnyFunSuite.runTest(AnyFunSuite.scala:1564)
[info]   at org.scalatest.funsuite.AnyFunSuiteLike.$anonfun$runTests$1(AnyFunSuiteLike.scala:269)
[info]   at org.scalatest.SuperEngine.$anonfun$runTestsInBranch$1(Engine.scala:413)
[info]   at scala.collection.immutable.List.foreach(List.scala:334)
[info]   at org.scalatest.SuperEngine.traverseSubNodes$1(Engine.scala:401)
[info]   at org.scalatest.SuperEngine.runTestsInBranch(Engine.scala:396)
[info]   at org.scalatest.SuperEngine.runTestsImpl(Engine.scala:475)
[info]   at org.scalatest.funsuite.AnyFunSuiteLike.runTests(AnyFunSuiteLike.scala:269)
[info]   at org.scalatest.funsuite.AnyFunSuiteLike.runTests$(AnyFunSuiteLike.scala:268)
[info]   at org.scalatest.funsuite.AnyFunSuite.runTests(AnyFunSuite.scala:1564)
[info]   at org.scalatest.Suite.run(Suite.scala:1114)
[info]   at org.scalatest.Suite.run$(Suite.scala:1096)
[info]   at org.scalatest.funsuite.AnyFunSuite.org$scalatest$funsuite$AnyFunSuiteLike$$super$run(AnyFunSuite.scala:1564)
[info]   at org.scalatest.funsuite.AnyFunSuiteLike.$anonfun$run$1(AnyFunSuiteLike.scala:273)
[info]   at org.scalatest.SuperEngine.runImpl(Engine.scala:535)
[info]   at org.scalatest.funsuite.AnyFunSuiteLike.run(AnyFunSuiteLike.scala:273)
[info]   at org.scalatest.funsuite.AnyFunSuiteLike.run$(AnyFunSuiteLike.scala:272)
[info]   at frameless.TypedDatasetSuite.org$scalatest$BeforeAndAfterAll$$super$run(TypedDatasetSuite.scala:63)
[info]   at org.scalatest.BeforeAndAfterAll.liftedTree1$1(BeforeAndAfterAll.scala:213)
[info]   at org.scalatest.BeforeAndAfterAll.run(BeforeAndAfterAll.scala:210)
[info]   at org.scalatest.BeforeAndAfterAll.run$(BeforeAndAfterAll.scala:208)
[info]   at frameless.TypedDatasetSuite.run(TypedDatasetSuite.scala:63)
[info]   at org.scalatest.tools.Framework.org$scalatest$tools$Framework$$runSuite(Framework.scala:321)
[info]   at org.scalatest.tools.Framework$ScalaTestTask.execute(Framework.scala:517)
[info]   at sbt.ForkMain$Run.lambda$runTest$1(ForkMain.java:414)
[info]   at java.base/java.util.concurrent.FutureTask.run(FutureTask.java:317)
[info]   at java.base/java.util.concurrent.ThreadPoolExecutor.runWorker(ThreadPoolExecutor.java:1144)
[info]   at java.base/java.util.concurrent.ThreadPoolExecutor$Worker.run(ThreadPoolExecutor.java:642)
[info]   at java.base/java.lang.Thread.run(Thread.java:1583)
[info] ForeachTests:
[info] - foreach *** FAILED *** (1 millisecond)
[info]   IllegalArgumentException was thrown during property evaluation.
[info]     Message: argument type mismatch
[info]     Occurred when passed generated values (
[info]       arg0 = Vector()
[info]     )
[info]   org.scalatest.exceptions.GeneratorDrivenPropertyCheckFailedException:
[info]   at org.scalatestplus.scalacheck.CheckerAsserting$$anon$2.indicateFailure(CheckerAsserting.scala:251)
[info]   at org.scalatestplus.scalacheck.CheckerAsserting$$anon$2.indicateFailure(CheckerAsserting.scala:238)
[info]   at org.scalatestplus.scalacheck.UnitCheckerAsserting$CheckerAssertingImpl.check(CheckerAsserting.scala:160)
[info]   at org.scalatestplus.scalacheck.Checkers.check(Checkers.scala:371)
[info]   at org.scalatestplus.scalacheck.Checkers.check$(Checkers.scala:369)
[info]   at frameless.TypedDatasetSuite.check(TypedDatasetSuite.scala:63)
[info]   at frameless.forward.ForeachTests.$anonfun$new$1(ForeachTests.scala:22)
[info]   at org.scalatest.OutcomeOf.outcomeOf(OutcomeOf.scala:85)
[info]   at org.scalatest.OutcomeOf.outcomeOf$(OutcomeOf.scala:83)
[info]   at org.scalatest.OutcomeOf$.outcomeOf(OutcomeOf.scala:104)
[info]   at org.scalatest.Transformer.apply(Transformer.scala:22)
[info]   at org.scalatest.Transformer.apply(Transformer.scala:20)
[info]   at org.scalatest.funsuite.AnyFunSuiteLike$$anon$1.apply(AnyFunSuiteLike.scala:226)
[info]   at org.scalatest.TestSuite.withFixture(TestSuite.scala:196)
[info]   at org.scalatest.TestSuite.withFixture$(TestSuite.scala:195)
[info]   at org.scalatest.funsuite.AnyFunSuite.withFixture(AnyFunSuite.scala:1564)
[info]   at org.scalatest.funsuite.AnyFunSuiteLike.invokeWithFixture$1(AnyFunSuiteLike.scala:224)
[info]   at org.scalatest.funsuite.AnyFunSuiteLike.$anonfun$runTest$1(AnyFunSuiteLike.scala:236)
[info]   at org.scalatest.SuperEngine.runTestImpl(Engine.scala:306)
[info]   at org.scalatest.funsuite.AnyFunSuiteLike.runTest(AnyFunSuiteLike.scala:236)
[info]   at org.scalatest.funsuite.AnyFunSuiteLike.runTest$(AnyFunSuiteLike.scala:218)
[info]   at org.scalatest.funsuite.AnyFunSuite.runTest(AnyFunSuite.scala:1564)
[info]   at org.scalatest.funsuite.AnyFunSuiteLike.$anonfun$runTests$1(AnyFunSuiteLike.scala:269)
[info]   at org.scalatest.SuperEngine.$anonfun$runTestsInBranch$1(Engine.scala:413)
[info]   at scala.collection.immutable.List.foreach(List.scala:334)
[info]   at org.scalatest.SuperEngine.traverseSubNodes$1(Engine.scala:401)
[info]   at org.scalatest.SuperEngine.runTestsInBranch(Engine.scala:396)
[info]   at org.scalatest.SuperEngine.runTestsImpl(Engine.scala:475)
[info]   at org.scalatest.funsuite.AnyFunSuiteLike.runTests(AnyFunSuiteLike.scala:269)
[info]   at org.scalatest.funsuite.AnyFunSuiteLike.runTests$(AnyFunSuiteLike.scala:268)
[info]   at org.scalatest.funsuite.AnyFunSuite.runTests(AnyFunSuite.scala:1564)
[info]   at org.scalatest.Suite.run(Suite.scala:1114)
[info]   at org.scalatest.Suite.run$(Suite.scala:1096)
[info]   at org.scalatest.funsuite.AnyFunSuite.org$scalatest$funsuite$AnyFunSuiteLike$$super$run(AnyFunSuite.scala:1564)
[info]   at org.scalatest.funsuite.AnyFunSuiteLike.$anonfun$run$1(AnyFunSuiteLike.scala:273)
[info]   at org.scalatest.SuperEngine.runImpl(Engine.scala:535)
[info]   at org.scalatest.funsuite.AnyFunSuiteLike.run(AnyFunSuiteLike.scala:273)
[info]   at org.scalatest.funsuite.AnyFunSuiteLike.run$(AnyFunSuiteLike.scala:272)
[info]   at frameless.TypedDatasetSuite.org$scalatest$BeforeAndAfterAll$$super$run(TypedDatasetSuite.scala:63)
[info]   at org.scalatest.BeforeAndAfterAll.liftedTree1$1(BeforeAndAfterAll.scala:213)
[info]   at org.scalatest.BeforeAndAfterAll.run(BeforeAndAfterAll.scala:210)
[info]   at org.scalatest.BeforeAndAfterAll.run$(BeforeAndAfterAll.scala:208)
[info]   at frameless.TypedDatasetSuite.run(TypedDatasetSuite.scala:63)
[info]   at org.scalatest.tools.Framework.org$scalatest$tools$Framework$$runSuite(Framework.scala:321)
[info]   at org.scalatest.tools.Framework$ScalaTestTask.execute(Framework.scala:517)
[info]   at sbt.ForkMain$Run.lambda$runTest$1(ForkMain.java:414)
[info]   at java.base/java.util.concurrent.FutureTask.run(FutureTask.java:317)
[info]   at java.base/java.util.concurrent.ThreadPoolExecutor.runWorker(ThreadPoolExecutor.java:1144)
[info]   at java.base/java.util.concurrent.ThreadPoolExecutor$Worker.run(ThreadPoolExecutor.java:642)
[info]   at java.base/java.lang.Thread.run(Thread.java:1583)
[info]   Cause: java.lang.IllegalArgumentException: argument type mismatch
[info]   at java.base/jdk.internal.reflect.DirectConstructorHandleAccessor.newInstance(DirectConstructorHandleAccessor.java:65)
[info]   at java.base/java.lang.reflect.Constructor.newInstanceWithCaller(Constructor.java:502)
[info]   at java.base/java.lang.reflect.Constructor.newInstance(Constructor.java:486)
[info]   at frameless.TypedExpressionEncoder$.$anonfun$apply$3(TypedExpressionEncoder.scala:55)
[info]   at scala.Option.map(Option.scala:242)
[info]   at frameless.TypedExpressionEncoder$.apply(TypedExpressionEncoder.scala:54)
[info]   at frameless.TypedDataset$.create(TypedDataset.scala:1325)
[info]   at frameless.forward.ForeachTests.prop$1(ForeachTests.scala:17)
[info]   at frameless.forward.ForeachTests.$anonfun$new$5(ForeachTests.scala:22)
[info]   at scala.Function1.$anonfun$andThen$1(Function1.scala:87)
[info]   at org.scalacheck.Prop$.$anonfun$forAllShrink$2(Prop.scala:868)
[info]   at org.scalacheck.Prop$.secure(Prop.scala:484)
[info]   at org.scalacheck.Prop$.result$1(Prop.scala:868)
[info]   at org.scalacheck.Prop$.$anonfun$forAllShrink$1(Prop.scala:915)
[info]   at org.scalacheck.Prop$.$anonfun$apply$1(Prop.scala:305)
[info]   at org.scalacheck.PropFromFun.apply(Prop.scala:20)
[info]   at org.scalacheck.Test$.workerFun$1(Test.scala:486)
[info]   at org.scalacheck.Test$.$anonfun$check$4(Test.scala:518)
[info]   at org.scalacheck.Test$.$anonfun$check$4$adapted(Test.scala:518)
[info]   at org.scalacheck.Platform$.runWorkers(Platform.scala:42)
[info]   at org.scalacheck.Test$.check(Test.scala:518)
[info]   at org.scalatestplus.scalacheck.UnitCheckerAsserting$CheckerAssertingImpl.check(CheckerAsserting.scala:90)
[info]   at org.scalatestplus.scalacheck.Checkers.check(Checkers.scala:371)
[info]   at org.scalatestplus.scalacheck.Checkers.check$(Checkers.scala:369)
[info]   at frameless.TypedDatasetSuite.check(TypedDatasetSuite.scala:63)
[info]   at frameless.forward.ForeachTests.$anonfun$new$1(ForeachTests.scala:22)
[info]   at org.scalatest.OutcomeOf.outcomeOf(OutcomeOf.scala:85)
[info]   at org.scalatest.OutcomeOf.outcomeOf$(OutcomeOf.scala:83)
[info]   at org.scalatest.OutcomeOf$.outcomeOf(OutcomeOf.scala:104)
[info]   at org.scalatest.Transformer.apply(Transformer.scala:22)
[info]   at org.scalatest.Transformer.apply(Transformer.scala:20)
[info]   at org.scalatest.funsuite.AnyFunSuiteLike$$anon$1.apply(AnyFunSuiteLike.scala:226)
[info]   at org.scalatest.TestSuite.withFixture(TestSuite.scala:196)
[info]   at org.scalatest.TestSuite.withFixture$(TestSuite.scala:195)
[info]   at org.scalatest.funsuite.AnyFunSuite.withFixture(AnyFunSuite.scala:1564)
[info]   at org.scalatest.funsuite.AnyFunSuiteLike.invokeWithFixture$1(AnyFunSuiteLike.scala:224)
[info]   at org.scalatest.funsuite.AnyFunSuiteLike.$anonfun$runTest$1(AnyFunSuiteLike.scala:236)
[info]   at org.scalatest.SuperEngine.runTestImpl(Engine.scala:306)
[info]   at org.scalatest.funsuite.AnyFunSuiteLike.runTest(AnyFunSuiteLike.scala:236)
[info]   at org.scalatest.funsuite.AnyFunSuiteLike.runTest$(AnyFunSuiteLike.scala:218)
[info]   at org.scalatest.funsuite.AnyFunSuite.runTest(AnyFunSuite.scala:1564)
[info]   at org.scalatest.funsuite.AnyFunSuiteLike.$anonfun$runTests$1(AnyFunSuiteLike.scala:269)
[info]   at org.scalatest.SuperEngine.$anonfun$runTestsInBranch$1(Engine.scala:413)
[info]   at scala.collection.immutable.List.foreach(List.scala:334)
[info]   at org.scalatest.SuperEngine.traverseSubNodes$1(Engine.scala:401)
[info]   at org.scalatest.SuperEngine.runTestsInBranch(Engine.scala:396)
[info]   at org.scalatest.SuperEngine.runTestsImpl(Engine.scala:475)
[info]   at org.scalatest.funsuite.AnyFunSuiteLike.runTests(AnyFunSuiteLike.scala:269)
[info]   at org.scalatest.funsuite.AnyFunSuiteLike.runTests$(AnyFunSuiteLike.scala:268)
[info]   at org.scalatest.funsuite.AnyFunSuite.runTests(AnyFunSuite.scala:1564)
[info]   at org.scalatest.Suite.run(Suite.scala:1114)
[info]   at org.scalatest.Suite.run$(Suite.scala:1096)
[info]   at org.scalatest.funsuite.AnyFunSuite.org$scalatest$funsuite$AnyFunSuiteLike$$super$run(AnyFunSuite.scala:1564)
[info]   at org.scalatest.funsuite.AnyFunSuiteLike.$anonfun$run$1(AnyFunSuiteLike.scala:273)
[info]   at org.scalatest.SuperEngine.runImpl(Engine.scala:535)
[info]   at org.scalatest.funsuite.AnyFunSuiteLike.run(AnyFunSuiteLike.scala:273)
[info]   at org.scalatest.funsuite.AnyFunSuiteLike.run$(AnyFunSuiteLike.scala:272)
[info]   at frameless.TypedDatasetSuite.org$scalatest$BeforeAndAfterAll$$super$run(TypedDatasetSuite.scala:63)
[info]   at org.scalatest.BeforeAndAfterAll.liftedTree1$1(BeforeAndAfterAll.scala:213)
[info]   at org.scalatest.BeforeAndAfterAll.run(BeforeAndAfterAll.scala:210)
[info]   at org.scalatest.BeforeAndAfterAll.run$(BeforeAndAfterAll.scala:208)
[info]   at frameless.TypedDatasetSuite.run(TypedDatasetSuite.scala:63)
[info]   at org.scalatest.tools.Framework.org$scalatest$tools$Framework$$runSuite(Framework.scala:321)
[info]   at org.scalatest.tools.Framework$ScalaTestTask.execute(Framework.scala:517)
[info]   at sbt.ForkMain$Run.lambda$runTest$1(ForkMain.java:414)
[info]   at java.base/java.util.concurrent.FutureTask.run(FutureTask.java:317)
[info]   at java.base/java.util.concurrent.ThreadPoolExecutor.runWorker(ThreadPoolExecutor.java:1144)
[info]   at java.base/java.util.concurrent.ThreadPoolExecutor$Worker.run(ThreadPoolExecutor.java:642)
[info]   at java.base/java.lang.Thread.run(Thread.java:1583)
[info]   Cause: java.lang.ClassCastException: Cannot cast scala.reflect.ManifestFactory$IntManifest to org.apache.spark.sql.catalyst.expressions.Expression
[info]   at java.base/java.lang.Class.cast(Class.java:4067)
[info]   at java.base/jdk.internal.reflect.DirectConstructorHandleAccessor.newInstance(DirectConstructorHandleAccessor.java:62)
[info]   at java.base/java.lang.reflect.Constructor.newInstanceWithCaller(Constructor.java:502)
[info]   at java.base/java.lang.reflect.Constructor.newInstance(Constructor.java:486)
[info]   at frameless.TypedExpressionEncoder$.$anonfun$apply$3(TypedExpressionEncoder.scala:55)
[info]   at scala.Option.map(Option.scala:242)
[info]   at frameless.TypedExpressionEncoder$.apply(TypedExpressionEncoder.scala:54)
[info]   at frameless.TypedDataset$.create(TypedDataset.scala:1325)
[info]   at frameless.forward.ForeachTests.prop$1(ForeachTests.scala:17)
[info]   at frameless.forward.ForeachTests.$anonfun$new$5(ForeachTests.scala:22)
[info]   at scala.Function1.$anonfun$andThen$1(Function1.scala:87)
[info]   at org.scalacheck.Prop$.$anonfun$forAllShrink$2(Prop.scala:868)
[info]   at org.scalacheck.Prop$.secure(Prop.scala:484)
[info]   at org.scalacheck.Prop$.result$1(Prop.scala:868)
[info]   at org.scalacheck.Prop$.$anonfun$forAllShrink$1(Prop.scala:915)
[info]   at org.scalacheck.Prop$.$anonfun$apply$1(Prop.scala:305)
[info]   at org.scalacheck.PropFromFun.apply(Prop.scala:20)
[info]   at org.scalacheck.Test$.workerFun$1(Test.scala:486)
[info]   at org.scalacheck.Test$.$anonfun$check$4(Test.scala:518)
[info]   at org.scalacheck.Test$.$anonfun$check$4$adapted(Test.scala:518)
[info]   at org.scalacheck.Platform$.runWorkers(Platform.scala:42)
[info]   at org.scalacheck.Test$.check(Test.scala:518)
[info]   at org.scalatestplus.scalacheck.UnitCheckerAsserting$CheckerAssertingImpl.check(CheckerAsserting.scala:90)
[info]   at org.scalatestplus.scalacheck.Checkers.check(Checkers.scala:371)
[info]   at org.scalatestplus.scalacheck.Checkers.check$(Checkers.scala:369)
[info]   at frameless.TypedDatasetSuite.check(TypedDatasetSuite.scala:63)
[info]   at frameless.forward.ForeachTests.$anonfun$new$1(ForeachTests.scala:22)
[info]   at org.scalatest.OutcomeOf.outcomeOf(OutcomeOf.scala:85)
[info]   at org.scalatest.OutcomeOf.outcomeOf$(OutcomeOf.scala:83)
[info]   at org.scalatest.OutcomeOf$.outcomeOf(OutcomeOf.scala:104)
[info]   at org.scalatest.Transformer.apply(Transformer.scala:22)
[info]   at org.scalatest.Transformer.apply(Transformer.scala:20)
[info]   at org.scalatest.funsuite.AnyFunSuiteLike$$anon$1.apply(AnyFunSuiteLike.scala:226)
[info]   at org.scalatest.TestSuite.withFixture(TestSuite.scala:196)
[info]   at org.scalatest.TestSuite.withFixture$(TestSuite.scala:195)
[info]   at org.scalatest.funsuite.AnyFunSuite.withFixture(AnyFunSuite.scala:1564)
[info]   at org.scalatest.funsuite.AnyFunSuiteLike.invokeWithFixture$1(AnyFunSuiteLike.scala:224)
[info]   at org.scalatest.funsuite.AnyFunSuiteLike.$anonfun$runTest$1(AnyFunSuiteLike.scala:236)
[info]   at org.scalatest.SuperEngine.runTestImpl(Engine.scala:306)
[info]   at org.scalatest.funsuite.AnyFunSuiteLike.runTest(AnyFunSuiteLike.scala:236)
[info]   at org.scalatest.funsuite.AnyFunSuiteLike.runTest$(AnyFunSuiteLike.scala:218)
[info]   at org.scalatest.funsuite.AnyFunSuite.runTest(AnyFunSuite.scala:1564)
[info]   at org.scalatest.funsuite.AnyFunSuiteLike.$anonfun$runTests$1(AnyFunSuiteLike.scala:269)
[info]   at org.scalatest.SuperEngine.$anonfun$runTestsInBranch$1(Engine.scala:413)
[info]   at scala.collection.immutable.List.foreach(List.scala:334)
[info]   at org.scalatest.SuperEngine.traverseSubNodes$1(Engine.scala:401)
[info]   at org.scalatest.SuperEngine.runTestsInBranch(Engine.scala:396)
[info]   at org.scalatest.SuperEngine.runTestsImpl(Engine.scala:475)
[info]   at org.scalatest.funsuite.AnyFunSuiteLike.runTests(AnyFunSuiteLike.scala:269)
[info]   at org.scalatest.funsuite.AnyFunSuiteLike.runTests$(AnyFunSuiteLike.scala:268)
[info]   at org.scalatest.funsuite.AnyFunSuite.runTests(AnyFunSuite.scala:1564)
[info]   at org.scalatest.Suite.run(Suite.scala:1114)
[info]   at org.scalatest.Suite.run$(Suite.scala:1096)
[info]   at org.scalatest.funsuite.AnyFunSuite.org$scalatest$funsuite$AnyFunSuiteLike$$super$run(AnyFunSuite.scala:1564)
[info]   at org.scalatest.funsuite.AnyFunSuiteLike.$anonfun$run$1(AnyFunSuiteLike.scala:273)
[info]   at org.scalatest.SuperEngine.runImpl(Engine.scala:535)
[info]   at org.scalatest.funsuite.AnyFunSuiteLike.run(AnyFunSuiteLike.scala:273)
[info]   at org.scalatest.funsuite.AnyFunSuiteLike.run$(AnyFunSuiteLike.scala:272)
[info]   at frameless.TypedDatasetSuite.org$scalatest$BeforeAndAfterAll$$super$run(TypedDatasetSuite.scala:63)
[info]   at org.scalatest.BeforeAndAfterAll.liftedTree1$1(BeforeAndAfterAll.scala:213)
[info]   at org.scalatest.BeforeAndAfterAll.run(BeforeAndAfterAll.scala:210)
[info]   at org.scalatest.BeforeAndAfterAll.run$(BeforeAndAfterAll.scala:208)
[info]   at frameless.TypedDatasetSuite.run(TypedDatasetSuite.scala:63)
[info]   at org.scalatest.tools.Framework.org$scalatest$tools$Framework$$runSuite(Framework.scala:321)
[info]   at org.scalatest.tools.Framework$ScalaTestTask.execute(Framework.scala:517)
[info]   at sbt.ForkMain$Run.lambda$runTest$1(ForkMain.java:414)
[info]   at java.base/java.util.concurrent.FutureTask.run(FutureTask.java:317)
[info]   at java.base/java.util.concurrent.ThreadPoolExecutor.runWorker(ThreadPoolExecutor.java:1144)
[info]   at java.base/java.util.concurrent.ThreadPoolExecutor$Worker.run(ThreadPoolExecutor.java:642)
[info]   at java.base/java.lang.Thread.run(Thread.java:1583)
[info] - foreachPartition *** FAILED *** (1 millisecond)
[info]   IllegalArgumentException was thrown during property evaluation.
[info]     Message: argument type mismatch
[info]     Occurred when passed generated values (
[info]       arg0 = Vector()
[info]     )
[info]   org.scalatest.exceptions.GeneratorDrivenPropertyCheckFailedException:
[info]   at org.scalatestplus.scalacheck.CheckerAsserting$$anon$2.indicateFailure(CheckerAsserting.scala:251)
[info]   at org.scalatestplus.scalacheck.CheckerAsserting$$anon$2.indicateFailure(CheckerAsserting.scala:238)
[info]   at org.scalatestplus.scalacheck.UnitCheckerAsserting$CheckerAssertingImpl.check(CheckerAsserting.scala:160)
[info]   at org.scalatestplus.scalacheck.Checkers.check(Checkers.scala:371)
[info]   at org.scalatestplus.scalacheck.Checkers.check$(Checkers.scala:369)
[info]   at frameless.TypedDatasetSuite.check(TypedDatasetSuite.scala:63)
[info]   at frameless.forward.ForeachTests.$anonfun$new$9(ForeachTests.scala:36)
[info]   at org.scalatest.OutcomeOf.outcomeOf(OutcomeOf.scala:85)
[info]   at org.scalatest.OutcomeOf.outcomeOf$(OutcomeOf.scala:83)
[info]   at org.scalatest.OutcomeOf$.outcomeOf(OutcomeOf.scala:104)
[info]   at org.scalatest.Transformer.apply(Transformer.scala:22)
[info]   at org.scalatest.Transformer.apply(Transformer.scala:20)
[info]   at org.scalatest.funsuite.AnyFunSuiteLike$$anon$1.apply(AnyFunSuiteLike.scala:226)
[info]   at org.scalatest.TestSuite.withFixture(TestSuite.scala:196)
[info]   at org.scalatest.TestSuite.withFixture$(TestSuite.scala:195)
[info]   at org.scalatest.funsuite.AnyFunSuite.withFixture(AnyFunSuite.scala:1564)
[info]   at org.scalatest.funsuite.AnyFunSuiteLike.invokeWithFixture$1(AnyFunSuiteLike.scala:224)
[info]   at org.scalatest.funsuite.AnyFunSuiteLike.$anonfun$runTest$1(AnyFunSuiteLike.scala:236)
[info]   at org.scalatest.SuperEngine.runTestImpl(Engine.scala:306)
[info]   at org.scalatest.funsuite.AnyFunSuiteLike.runTest(AnyFunSuiteLike.scala:236)
[info]   at org.scalatest.funsuite.AnyFunSuiteLike.runTest$(AnyFunSuiteLike.scala:218)
[info]   at org.scalatest.funsuite.AnyFunSuite.runTest(AnyFunSuite.scala:1564)
[info]   at org.scalatest.funsuite.AnyFunSuiteLike.$anonfun$runTests$1(AnyFunSuiteLike.scala:269)
[info]   at org.scalatest.SuperEngine.$anonfun$runTestsInBranch$1(Engine.scala:413)
[info]   at scala.collection.immutable.List.foreach(List.scala:334)
[info]   at org.scalatest.SuperEngine.traverseSubNodes$1(Engine.scala:401)
[info]   at org.scalatest.SuperEngine.runTestsInBranch(Engine.scala:396)
[info]   at org.scalatest.SuperEngine.runTestsImpl(Engine.scala:475)
[info]   at org.scalatest.funsuite.AnyFunSuiteLike.runTests(AnyFunSuiteLike.scala:269)
[info]   at org.scalatest.funsuite.AnyFunSuiteLike.runTests$(AnyFunSuiteLike.scala:268)
[info]   at org.scalatest.funsuite.AnyFunSuite.runTests(AnyFunSuite.scala:1564)
[info]   at org.scalatest.Suite.run(Suite.scala:1114)
[info]   at org.scalatest.Suite.run$(Suite.scala:1096)
[info]   at org.scalatest.funsuite.AnyFunSuite.org$scalatest$funsuite$AnyFunSuiteLike$$super$run(AnyFunSuite.scala:1564)
[info]   at org.scalatest.funsuite.AnyFunSuiteLike.$anonfun$run$1(AnyFunSuiteLike.scala:273)
[info]   at org.scalatest.SuperEngine.runImpl(Engine.scala:535)
[info]   at org.scalatest.funsuite.AnyFunSuiteLike.run(AnyFunSuiteLike.scala:273)
[info]   at org.scalatest.funsuite.AnyFunSuiteLike.run$(AnyFunSuiteLike.scala:272)
[info]   at frameless.TypedDatasetSuite.org$scalatest$BeforeAndAfterAll$$super$run(TypedDatasetSuite.scala:63)
[info]   at org.scalatest.BeforeAndAfterAll.liftedTree1$1(BeforeAndAfterAll.scala:213)
[info]   at org.scalatest.BeforeAndAfterAll.run(BeforeAndAfterAll.scala:210)
[info]   at org.scalatest.BeforeAndAfterAll.run$(BeforeAndAfterAll.scala:208)
[info]   at frameless.TypedDatasetSuite.run(TypedDatasetSuite.scala:63)
[info]   at org.scalatest.tools.Framework.org$scalatest$tools$Framework$$runSuite(Framework.scala:321)
[info]   at org.scalatest.tools.Framework$ScalaTestTask.execute(Framework.scala:517)
[info]   at sbt.ForkMain$Run.lambda$runTest$1(ForkMain.java:414)
[info]   at java.base/java.util.concurrent.FutureTask.run(FutureTask.java:317)
[info]   at java.base/java.util.concurrent.ThreadPoolExecutor.runWorker(ThreadPoolExecutor.java:1144)
[info]   at java.base/java.util.concurrent.ThreadPoolExecutor$Worker.run(ThreadPoolExecutor.java:642)
[info]   at java.base/java.lang.Thread.run(Thread.java:1583)
[info]   Cause: java.lang.IllegalArgumentException: argument type mismatch
[info]   at java.base/jdk.internal.reflect.DirectConstructorHandleAccessor.newInstance(DirectConstructorHandleAccessor.java:65)
[info]   at java.base/java.lang.reflect.Constructor.newInstanceWithCaller(Constructor.java:502)
[info]   at java.base/java.lang.reflect.Constructor.newInstance(Constructor.java:486)
[info]   at frameless.TypedExpressionEncoder$.$anonfun$apply$3(TypedExpressionEncoder.scala:55)
[info]   at scala.Option.map(Option.scala:242)
[info]   at frameless.TypedExpressionEncoder$.apply(TypedExpressionEncoder.scala:54)
[info]   at frameless.TypedDataset$.create(TypedDataset.scala:1325)
[info]   at frameless.forward.ForeachTests.prop$2(ForeachTests.scala:31)
[info]   at frameless.forward.ForeachTests.$anonfun$new$14(ForeachTests.scala:36)
[info]   at scala.Function1.$anonfun$andThen$1(Function1.scala:87)
[info]   at org.scalacheck.Prop$.$anonfun$forAllShrink$2(Prop.scala:868)
[info]   at org.scalacheck.Prop$.secure(Prop.scala:484)
[info]   at org.scalacheck.Prop$.result$1(Prop.scala:868)
[info]   at org.scalacheck.Prop$.$anonfun$forAllShrink$1(Prop.scala:915)
[info]   at org.scalacheck.Prop$.$anonfun$apply$1(Prop.scala:305)
[info]   at org.scalacheck.PropFromFun.apply(Prop.scala:20)
[info]   at org.scalacheck.Test$.workerFun$1(Test.scala:486)
[info]   at org.scalacheck.Test$.$anonfun$check$4(Test.scala:518)
[info]   at org.scalacheck.Test$.$anonfun$check$4$adapted(Test.scala:518)
[info]   at org.scalacheck.Platform$.runWorkers(Platform.scala:42)
[info]   at org.scalacheck.Test$.check(Test.scala:518)
[info]   at org.scalatestplus.scalacheck.UnitCheckerAsserting$CheckerAssertingImpl.check(CheckerAsserting.scala:90)
[info]   at org.scalatestplus.scalacheck.Checkers.check(Checkers.scala:371)
[info]   at org.scalatestplus.scalacheck.Checkers.check$(Checkers.scala:369)
[info]   at frameless.TypedDatasetSuite.check(TypedDatasetSuite.scala:63)
[info]   at frameless.forward.ForeachTests.$anonfun$new$9(ForeachTests.scala:36)
[info]   at org.scalatest.OutcomeOf.outcomeOf(OutcomeOf.scala:85)
[info]   at org.scalatest.OutcomeOf.outcomeOf$(OutcomeOf.scala:83)
[info]   at org.scalatest.OutcomeOf$.outcomeOf(OutcomeOf.scala:104)
[info]   at org.scalatest.Transformer.apply(Transformer.scala:22)
[info]   at org.scalatest.Transformer.apply(Transformer.scala:20)
[info]   at org.scalatest.funsuite.AnyFunSuiteLike$$anon$1.apply(AnyFunSuiteLike.scala:226)
[info]   at org.scalatest.TestSuite.withFixture(TestSuite.scala:196)
[info]   at org.scalatest.TestSuite.withFixture$(TestSuite.scala:195)
[info]   at org.scalatest.funsuite.AnyFunSuite.withFixture(AnyFunSuite.scala:1564)
[info]   at org.scalatest.funsuite.AnyFunSuiteLike.invokeWithFixture$1(AnyFunSuiteLike.scala:224)
[info]   at org.scalatest.funsuite.AnyFunSuiteLike.$anonfun$runTest$1(AnyFunSuiteLike.scala:236)
[info]   at org.scalatest.SuperEngine.runTestImpl(Engine.scala:306)
[info]   at org.scalatest.funsuite.AnyFunSuiteLike.runTest(AnyFunSuiteLike.scala:236)
[info]   at org.scalatest.funsuite.AnyFunSuiteLike.runTest$(AnyFunSuiteLike.scala:218)
[info]   at org.scalatest.funsuite.AnyFunSuite.runTest(AnyFunSuite.scala:1564)
[info]   at org.scalatest.funsuite.AnyFunSuiteLike.$anonfun$runTests$1(AnyFunSuiteLike.scala:269)
[info]   at org.scalatest.SuperEngine.$anonfun$runTestsInBranch$1(Engine.scala:413)
[info]   at scala.collection.immutable.List.foreach(List.scala:334)
[info]   at org.scalatest.SuperEngine.traverseSubNodes$1(Engine.scala:401)
[info]   at org.scalatest.SuperEngine.runTestsInBranch(Engine.scala:396)
[info]   at org.scalatest.SuperEngine.runTestsImpl(Engine.scala:475)
[info]   at org.scalatest.funsuite.AnyFunSuiteLike.runTests(AnyFunSuiteLike.scala:269)
[info]   at org.scalatest.funsuite.AnyFunSuiteLike.runTests$(AnyFunSuiteLike.scala:268)
[info]   at org.scalatest.funsuite.AnyFunSuite.runTests(AnyFunSuite.scala:1564)
[info]   at org.scalatest.Suite.run(Suite.scala:1114)
[info]   at org.scalatest.Suite.run$(Suite.scala:1096)
[info]   at org.scalatest.funsuite.AnyFunSuite.org$scalatest$funsuite$AnyFunSuiteLike$$super$run(AnyFunSuite.scala:1564)
[info]   at org.scalatest.funsuite.AnyFunSuiteLike.$anonfun$run$1(AnyFunSuiteLike.scala:273)
[info]   at org.scalatest.SuperEngine.runImpl(Engine.scala:535)
[info]   at org.scalatest.funsuite.AnyFunSuiteLike.run(AnyFunSuiteLike.scala:273)
[info]   at org.scalatest.funsuite.AnyFunSuiteLike.run$(AnyFunSuiteLike.scala:272)
[info]   at frameless.TypedDatasetSuite.org$scalatest$BeforeAndAfterAll$$super$run(TypedDatasetSuite.scala:63)
[info]   at org.scalatest.BeforeAndAfterAll.liftedTree1$1(BeforeAndAfterAll.scala:213)
[info]   at org.scalatest.BeforeAndAfterAll.run(BeforeAndAfterAll.scala:210)
[info]   at org.scalatest.BeforeAndAfterAll.run$(BeforeAndAfterAll.scala:208)
[info]   at frameless.TypedDatasetSuite.run(TypedDatasetSuite.scala:63)
[info]   at org.scalatest.tools.Framework.org$scalatest$tools$Framework$$runSuite(Framework.scala:321)
[info]   at org.scalatest.tools.Framework$ScalaTestTask.execute(Framework.scala:517)
[info]   at sbt.ForkMain$Run.lambda$runTest$1(ForkMain.java:414)
[info]   at java.base/java.util.concurrent.FutureTask.run(FutureTask.java:317)
[info]   at java.base/java.util.concurrent.ThreadPoolExecutor.runWorker(ThreadPoolExecutor.java:1144)
[info]   at java.base/java.util.concurrent.ThreadPoolExecutor$Worker.run(ThreadPoolExecutor.java:642)
[info]   at java.base/java.lang.Thread.run(Thread.java:1583)
[info]   Cause: java.lang.ClassCastException: Cannot cast scala.reflect.ManifestFactory$IntManifest to org.apache.spark.sql.catalyst.expressions.Expression
[info]   at java.base/java.lang.Class.cast(Class.java:4067)
[info]   at java.base/jdk.internal.reflect.DirectConstructorHandleAccessor.newInstance(DirectConstructorHandleAccessor.java:62)
[info]   at java.base/java.lang.reflect.Constructor.newInstanceWithCaller(Constructor.java:502)
[info]   at java.base/java.lang.reflect.Constructor.newInstance(Constructor.java:486)
[info]   at frameless.TypedExpressionEncoder$.$anonfun$apply$3(TypedExpressionEncoder.scala:55)
[info]   at scala.Option.map(Option.scala:242)
[info]   at frameless.TypedExpressionEncoder$.apply(TypedExpressionEncoder.scala:54)
[info]   at frameless.TypedDataset$.create(TypedDataset.scala:1325)
[info]   at frameless.forward.ForeachTests.prop$2(ForeachTests.scala:31)
[info]   at frameless.forward.ForeachTests.$anonfun$new$14(ForeachTests.scala:36)
[info]   at scala.Function1.$anonfun$andThen$1(Function1.scala:87)
[info]   at org.scalacheck.Prop$.$anonfun$forAllShrink$2(Prop.scala:868)
[info]   at org.scalacheck.Prop$.secure(Prop.scala:484)
[info]   at org.scalacheck.Prop$.result$1(Prop.scala:868)
[info]   at org.scalacheck.Prop$.$anonfun$forAllShrink$1(Prop.scala:915)
[info]   at org.scalacheck.Prop$.$anonfun$apply$1(Prop.scala:305)
[info]   at org.scalacheck.PropFromFun.apply(Prop.scala:20)
[info]   at org.scalacheck.Test$.workerFun$1(Test.scala:486)
[info]   at org.scalacheck.Test$.$anonfun$check$4(Test.scala:518)
[info]   at org.scalacheck.Test$.$anonfun$check$4$adapted(Test.scala:518)
[info]   at org.scalacheck.Platform$.runWorkers(Platform.scala:42)
[info]   at org.scalacheck.Test$.check(Test.scala:518)
[info]   at org.scalatestplus.scalacheck.UnitCheckerAsserting$CheckerAssertingImpl.check(CheckerAsserting.scala:90)
[info]   at org.scalatestplus.scalacheck.Checkers.check(Checkers.scala:371)
[info]   at org.scalatestplus.scalacheck.Checkers.check$(Checkers.scala:369)
[info]   at frameless.TypedDatasetSuite.check(TypedDatasetSuite.scala:63)
[info]   at frameless.forward.ForeachTests.$anonfun$new$9(ForeachTests.scala:36)
[info]   at org.scalatest.OutcomeOf.outcomeOf(OutcomeOf.scala:85)
[info]   at org.scalatest.OutcomeOf.outcomeOf$(OutcomeOf.scala:83)
[info]   at org.scalatest.OutcomeOf$.outcomeOf(OutcomeOf.scala:104)
[info]   at org.scalatest.Transformer.apply(Transformer.scala:22)
[info]   at org.scalatest.Transformer.apply(Transformer.scala:20)
[info]   at org.scalatest.funsuite.AnyFunSuiteLike$$anon$1.apply(AnyFunSuiteLike.scala:226)
[info]   at org.scalatest.TestSuite.withFixture(TestSuite.scala:196)
[info]   at org.scalatest.TestSuite.withFixture$(TestSuite.scala:195)
[info]   at org.scalatest.funsuite.AnyFunSuite.withFixture(AnyFunSuite.scala:1564)
[info]   at org.scalatest.funsuite.AnyFunSuiteLike.invokeWithFixture$1(AnyFunSuiteLike.scala:224)
[info]   at org.scalatest.funsuite.AnyFunSuiteLike.$anonfun$runTest$1(AnyFunSuiteLike.scala:236)
[info]   at org.scalatest.SuperEngine.runTestImpl(Engine.scala:306)
[info]   at org.scalatest.funsuite.AnyFunSuiteLike.runTest(AnyFunSuiteLike.scala:236)
[info]   at org.scalatest.funsuite.AnyFunSuiteLike.runTest$(AnyFunSuiteLike.scala:218)
[info]   at org.scalatest.funsuite.AnyFunSuite.runTest(AnyFunSuite.scala:1564)
[info]   at org.scalatest.funsuite.AnyFunSuiteLike.$anonfun$runTests$1(AnyFunSuiteLike.scala:269)
[info]   at org.scalatest.SuperEngine.$anonfun$runTestsInBranch$1(Engine.scala:413)
[info]   at scala.collection.immutable.List.foreach(List.scala:334)
[info]   at org.scalatest.SuperEngine.traverseSubNodes$1(Engine.scala:401)
[info]   at org.scalatest.SuperEngine.runTestsInBranch(Engine.scala:396)
[info]   at org.scalatest.SuperEngine.runTestsImpl(Engine.scala:475)
[info]   at org.scalatest.funsuite.AnyFunSuiteLike.runTests(AnyFunSuiteLike.scala:269)
[info]   at org.scalatest.funsuite.AnyFunSuiteLike.runTests$(AnyFunSuiteLike.scala:268)
[info]   at org.scalatest.funsuite.AnyFunSuite.runTests(AnyFunSuite.scala:1564)
[info]   at org.scalatest.Suite.run(Suite.scala:1114)
[info]   at org.scalatest.Suite.run$(Suite.scala:1096)
[info]   at org.scalatest.funsuite.AnyFunSuite.org$scalatest$funsuite$AnyFunSuiteLike$$super$run(AnyFunSuite.scala:1564)
[info]   at org.scalatest.funsuite.AnyFunSuiteLike.$anonfun$run$1(AnyFunSuiteLike.scala:273)
[info]   at org.scalatest.SuperEngine.runImpl(Engine.scala:535)
[info]   at org.scalatest.funsuite.AnyFunSuiteLike.run(AnyFunSuiteLike.scala:273)
[info]   at org.scalatest.funsuite.AnyFunSuiteLike.run$(AnyFunSuiteLike.scala:272)
[info]   at frameless.TypedDatasetSuite.org$scalatest$BeforeAndAfterAll$$super$run(TypedDatasetSuite.scala:63)
[info]   at org.scalatest.BeforeAndAfterAll.liftedTree1$1(BeforeAndAfterAll.scala:213)
[info]   at org.scalatest.BeforeAndAfterAll.run(BeforeAndAfterAll.scala:210)
[info]   at org.scalatest.BeforeAndAfterAll.run$(BeforeAndAfterAll.scala:208)
[info]   at frameless.TypedDatasetSuite.run(TypedDatasetSuite.scala:63)
[info]   at org.scalatest.tools.Framework.org$scalatest$tools$Framework$$runSuite(Framework.scala:321)
[info]   at org.scalatest.tools.Framework$ScalaTestTask.execute(Framework.scala:517)
[info]   at sbt.ForkMain$Run.lambda$runTest$1(ForkMain.java:414)
[info]   at java.base/java.util.concurrent.FutureTask.run(FutureTask.java:317)
[info]   at java.base/java.util.concurrent.ThreadPoolExecutor.runWorker(ThreadPoolExecutor.java:1144)
[info]   at java.base/java.util.concurrent.ThreadPoolExecutor$Worker.run(ThreadPoolExecutor.java:642)
[info]   at java.base/java.lang.Thread.run(Thread.java:1583)
[info] SQLContextTests:
[info] - sqlContext *** FAILED *** (1 millisecond)
[info]   IllegalArgumentException was thrown during property evaluation.
[info]     Message: argument type mismatch
[info]     Occurred when passed generated values (
[info]       arg0 = Vector()
[info]     )
[info]   org.scalatest.exceptions.GeneratorDrivenPropertyCheckFailedException:
[info]   at org.scalatestplus.scalacheck.CheckerAsserting$$anon$2.indicateFailure(CheckerAsserting.scala:251)
[info]   at org.scalatestplus.scalacheck.CheckerAsserting$$anon$2.indicateFailure(CheckerAsserting.scala:238)
[info]   at org.scalatestplus.scalacheck.UnitCheckerAsserting$CheckerAssertingImpl.check(CheckerAsserting.scala:160)
[info]   at org.scalatestplus.scalacheck.Checkers.check(Checkers.scala:371)
[info]   at org.scalatestplus.scalacheck.Checkers.check$(Checkers.scala:369)
[info]   at frameless.TypedDatasetSuite.check(TypedDatasetSuite.scala:63)
[info]   at frameless.SQLContextTests.$anonfun$new$1(SQLContextTests.scala:15)
[info]   at org.scalatest.OutcomeOf.outcomeOf(OutcomeOf.scala:85)
[info]   at org.scalatest.OutcomeOf.outcomeOf$(OutcomeOf.scala:83)
[info]   at org.scalatest.OutcomeOf$.outcomeOf(OutcomeOf.scala:104)
[info]   at org.scalatest.Transformer.apply(Transformer.scala:22)
[info]   at org.scalatest.Transformer.apply(Transformer.scala:20)
[info]   at org.scalatest.funsuite.AnyFunSuiteLike$$anon$1.apply(AnyFunSuiteLike.scala:226)
[info]   at org.scalatest.TestSuite.withFixture(TestSuite.scala:196)
[info]   at org.scalatest.TestSuite.withFixture$(TestSuite.scala:195)
[info]   at org.scalatest.funsuite.AnyFunSuite.withFixture(AnyFunSuite.scala:1564)
[info]   at org.scalatest.funsuite.AnyFunSuiteLike.invokeWithFixture$1(AnyFunSuiteLike.scala:224)
[info]   at org.scalatest.funsuite.AnyFunSuiteLike.$anonfun$runTest$1(AnyFunSuiteLike.scala:236)
[info]   at org.scalatest.SuperEngine.runTestImpl(Engine.scala:306)
[info]   at org.scalatest.funsuite.AnyFunSuiteLike.runTest(AnyFunSuiteLike.scala:236)
[info]   at org.scalatest.funsuite.AnyFunSuiteLike.runTest$(AnyFunSuiteLike.scala:218)
[info]   at org.scalatest.funsuite.AnyFunSuite.runTest(AnyFunSuite.scala:1564)
[info]   at org.scalatest.funsuite.AnyFunSuiteLike.$anonfun$runTests$1(AnyFunSuiteLike.scala:269)
[info]   at org.scalatest.SuperEngine.$anonfun$runTestsInBranch$1(Engine.scala:413)
[info]   at scala.collection.immutable.List.foreach(List.scala:334)
[info]   at org.scalatest.SuperEngine.traverseSubNodes$1(Engine.scala:401)
[info]   at org.scalatest.SuperEngine.runTestsInBranch(Engine.scala:396)
[info]   at org.scalatest.SuperEngine.runTestsImpl(Engine.scala:475)
[info]   at org.scalatest.funsuite.AnyFunSuiteLike.runTests(AnyFunSuiteLike.scala:269)
[info]   at org.scalatest.funsuite.AnyFunSuiteLike.runTests$(AnyFunSuiteLike.scala:268)
[info]   at org.scalatest.funsuite.AnyFunSuite.runTests(AnyFunSuite.scala:1564)
[info]   at org.scalatest.Suite.run(Suite.scala:1114)
[info]   at org.scalatest.Suite.run$(Suite.scala:1096)
[info]   at org.scalatest.funsuite.AnyFunSuite.org$scalatest$funsuite$AnyFunSuiteLike$$super$run(AnyFunSuite.scala:1564)
[info]   at org.scalatest.funsuite.AnyFunSuiteLike.$anonfun$run$1(AnyFunSuiteLike.scala:273)
[info]   at org.scalatest.SuperEngine.runImpl(Engine.scala:535)
[info]   at org.scalatest.funsuite.AnyFunSuiteLike.run(AnyFunSuiteLike.scala:273)
[info]   at org.scalatest.funsuite.AnyFunSuiteLike.run$(AnyFunSuiteLike.scala:272)
[info]   at frameless.TypedDatasetSuite.org$scalatest$BeforeAndAfterAll$$super$run(TypedDatasetSuite.scala:63)
[info]   at org.scalatest.BeforeAndAfterAll.liftedTree1$1(BeforeAndAfterAll.scala:213)
[info]   at org.scalatest.BeforeAndAfterAll.run(BeforeAndAfterAll.scala:210)
[info]   at org.scalatest.BeforeAndAfterAll.run$(BeforeAndAfterAll.scala:208)
[info]   at frameless.TypedDatasetSuite.run(TypedDatasetSuite.scala:63)
[info]   at org.scalatest.tools.Framework.org$scalatest$tools$Framework$$runSuite(Framework.scala:321)
[info]   at org.scalatest.tools.Framework$ScalaTestTask.execute(Framework.scala:517)
[info]   at sbt.ForkMain$Run.lambda$runTest$1(ForkMain.java:414)
[info]   at java.base/java.util.concurrent.FutureTask.run(FutureTask.java:317)
[info]   at java.base/java.util.concurrent.ThreadPoolExecutor.runWorker(ThreadPoolExecutor.java:1144)
[info]   at java.base/java.util.concurrent.ThreadPoolExecutor$Worker.run(ThreadPoolExecutor.java:642)
[info]   at java.base/java.lang.Thread.run(Thread.java:1583)
[info]   Cause: java.lang.IllegalArgumentException: argument type mismatch
[info]   at java.base/jdk.internal.reflect.DirectConstructorHandleAccessor.newInstance(DirectConstructorHandleAccessor.java:65)
[info]   at java.base/java.lang.reflect.Constructor.newInstanceWithCaller(Constructor.java:502)
[info]   at java.base/java.lang.reflect.Constructor.newInstance(Constructor.java:486)
[info]   at frameless.TypedExpressionEncoder$.$anonfun$apply$3(TypedExpressionEncoder.scala:55)
[info]   at scala.Option.map(Option.scala:242)
[info]   at frameless.TypedExpressionEncoder$.apply(TypedExpressionEncoder.scala:54)
[info]   at frameless.TypedDataset$.create(TypedDataset.scala:1325)
[info]   at frameless.SQLContextTests.prop$1(SQLContextTests.scala:10)
[info]   at frameless.SQLContextTests.$anonfun$new$4(SQLContextTests.scala:15)
[info]   at scala.Function1.$anonfun$andThen$1(Function1.scala:87)
[info]   at org.scalacheck.Prop$.$anonfun$forAllShrink$2(Prop.scala:868)
[info]   at org.scalacheck.Prop$.secure(Prop.scala:484)
[info]   at org.scalacheck.Prop$.result$1(Prop.scala:868)
[info]   at org.scalacheck.Prop$.$anonfun$forAllShrink$1(Prop.scala:915)
[info]   at org.scalacheck.Prop$.$anonfun$apply$1(Prop.scala:305)
[info]   at org.scalacheck.PropFromFun.apply(Prop.scala:20)
[info]   at org.scalacheck.Test$.workerFun$1(Test.scala:486)
[info]   at org.scalacheck.Test$.$anonfun$check$4(Test.scala:518)
[info]   at org.scalacheck.Test$.$anonfun$check$4$adapted(Test.scala:518)
[info]   at org.scalacheck.Platform$.runWorkers(Platform.scala:42)
[info]   at org.scalacheck.Test$.check(Test.scala:518)
[info]   at org.scalatestplus.scalacheck.UnitCheckerAsserting$CheckerAssertingImpl.check(CheckerAsserting.scala:90)
[info]   at org.scalatestplus.scalacheck.Checkers.check(Checkers.scala:371)
[info]   at org.scalatestplus.scalacheck.Checkers.check$(Checkers.scala:369)
[info]   at frameless.TypedDatasetSuite.check(TypedDatasetSuite.scala:63)
[info]   at frameless.SQLContextTests.$anonfun$new$1(SQLContextTests.scala:15)
[info]   at org.scalatest.OutcomeOf.outcomeOf(OutcomeOf.scala:85)
[info]   at org.scalatest.OutcomeOf.outcomeOf$(OutcomeOf.scala:83)
[info]   at org.scalatest.OutcomeOf$.outcomeOf(OutcomeOf.scala:104)
[info]   at org.scalatest.Transformer.apply(Transformer.scala:22)
[info]   at org.scalatest.Transformer.apply(Transformer.scala:20)
[info]   at org.scalatest.funsuite.AnyFunSuiteLike$$anon$1.apply(AnyFunSuiteLike.scala:226)
[info]   at org.scalatest.TestSuite.withFixture(TestSuite.scala:196)
[info]   at org.scalatest.TestSuite.withFixture$(TestSuite.scala:195)
[info]   at org.scalatest.funsuite.AnyFunSuite.withFixture(AnyFunSuite.scala:1564)
[info]   at org.scalatest.funsuite.AnyFunSuiteLike.invokeWithFixture$1(AnyFunSuiteLike.scala:224)
[info]   at org.scalatest.funsuite.AnyFunSuiteLike.$anonfun$runTest$1(AnyFunSuiteLike.scala:236)
[info]   at org.scalatest.SuperEngine.runTestImpl(Engine.scala:306)
[info]   at org.scalatest.funsuite.AnyFunSuiteLike.runTest(AnyFunSuiteLike.scala:236)
[info]   at org.scalatest.funsuite.AnyFunSuiteLike.runTest$(AnyFunSuiteLike.scala:218)
[info]   at org.scalatest.funsuite.AnyFunSuite.runTest(AnyFunSuite.scala:1564)
[info]   at org.scalatest.funsuite.AnyFunSuiteLike.$anonfun$runTests$1(AnyFunSuiteLike.scala:269)
[info]   at org.scalatest.SuperEngine.$anonfun$runTestsInBranch$1(Engine.scala:413)
[info]   at scala.collection.immutable.List.foreach(List.scala:334)
[info]   at org.scalatest.SuperEngine.traverseSubNodes$1(Engine.scala:401)
[info]   at org.scalatest.SuperEngine.runTestsInBranch(Engine.scala:396)
[info]   at org.scalatest.SuperEngine.runTestsImpl(Engine.scala:475)
[info]   at org.scalatest.funsuite.AnyFunSuiteLike.runTests(AnyFunSuiteLike.scala:269)
[info]   at org.scalatest.funsuite.AnyFunSuiteLike.runTests$(AnyFunSuiteLike.scala:268)
[info]   at org.scalatest.funsuite.AnyFunSuite.runTests(AnyFunSuite.scala:1564)
[info]   at org.scalatest.Suite.run(Suite.scala:1114)
[info]   at org.scalatest.Suite.run$(Suite.scala:1096)
[info]   at org.scalatest.funsuite.AnyFunSuite.org$scalatest$funsuite$AnyFunSuiteLike$$super$run(AnyFunSuite.scala:1564)
[info]   at org.scalatest.funsuite.AnyFunSuiteLike.$anonfun$run$1(AnyFunSuiteLike.scala:273)
[info]   at org.scalatest.SuperEngine.runImpl(Engine.scala:535)
[info]   at org.scalatest.funsuite.AnyFunSuiteLike.run(AnyFunSuiteLike.scala:273)
[info]   at org.scalatest.funsuite.AnyFunSuiteLike.run$(AnyFunSuiteLike.scala:272)
[info]   at frameless.TypedDatasetSuite.org$scalatest$BeforeAndAfterAll$$super$run(TypedDatasetSuite.scala:63)
[info]   at org.scalatest.BeforeAndAfterAll.liftedTree1$1(BeforeAndAfterAll.scala:213)
[info]   at org.scalatest.BeforeAndAfterAll.run(BeforeAndAfterAll.scala:210)
[info]   at org.scalatest.BeforeAndAfterAll.run$(BeforeAndAfterAll.scala:208)
[info]   at frameless.TypedDatasetSuite.run(TypedDatasetSuite.scala:63)
[info]   at org.scalatest.tools.Framework.org$scalatest$tools$Framework$$runSuite(Framework.scala:321)
[info]   at org.scalatest.tools.Framework$ScalaTestTask.execute(Framework.scala:517)
[info]   at sbt.ForkMain$Run.lambda$runTest$1(ForkMain.java:414)
[info]   at java.base/java.util.concurrent.FutureTask.run(FutureTask.java:317)
[info]   at java.base/java.util.concurrent.ThreadPoolExecutor.runWorker(ThreadPoolExecutor.java:1144)
[info]   at java.base/java.util.concurrent.ThreadPoolExecutor$Worker.run(ThreadPoolExecutor.java:642)
[info]   at java.base/java.lang.Thread.run(Thread.java:1583)
[info]   Cause: java.lang.ClassCastException: Cannot cast scala.reflect.ManifestFactory$IntManifest to org.apache.spark.sql.catalyst.expressions.Expression
[info]   at java.base/java.lang.Class.cast(Class.java:4067)
[info]   at java.base/jdk.internal.reflect.DirectConstructorHandleAccessor.newInstance(DirectConstructorHandleAccessor.java:62)
[info]   at java.base/java.lang.reflect.Constructor.newInstanceWithCaller(Constructor.java:502)
[info]   at java.base/java.lang.reflect.Constructor.newInstance(Constructor.java:486)
[info]   at frameless.TypedExpressionEncoder$.$anonfun$apply$3(TypedExpressionEncoder.scala:55)
[info]   at scala.Option.map(Option.scala:242)
[info]   at frameless.TypedExpressionEncoder$.apply(TypedExpressionEncoder.scala:54)
[info]   at frameless.TypedDataset$.create(TypedDataset.scala:1325)
[info]   at frameless.SQLContextTests.prop$1(SQLContextTests.scala:10)
[info]   at frameless.SQLContextTests.$anonfun$new$4(SQLContextTests.scala:15)
[info]   at scala.Function1.$anonfun$andThen$1(Function1.scala:87)
[info]   at org.scalacheck.Prop$.$anonfun$forAllShrink$2(Prop.scala:868)
[info]   at org.scalacheck.Prop$.secure(Prop.scala:484)
[info]   at org.scalacheck.Prop$.result$1(Prop.scala:868)
[info]   at org.scalacheck.Prop$.$anonfun$forAllShrink$1(Prop.scala:915)
[info]   at org.scalacheck.Prop$.$anonfun$apply$1(Prop.scala:305)
[info]   at org.scalacheck.PropFromFun.apply(Prop.scala:20)
[info]   at org.scalacheck.Test$.workerFun$1(Test.scala:486)
[info]   at org.scalacheck.Test$.$anonfun$check$4(Test.scala:518)
[info]   at org.scalacheck.Test$.$anonfun$check$4$adapted(Test.scala:518)
[info]   at org.scalacheck.Platform$.runWorkers(Platform.scala:42)
[info]   at org.scalacheck.Test$.check(Test.scala:518)
[info]   at org.scalatestplus.scalacheck.UnitCheckerAsserting$CheckerAssertingImpl.check(CheckerAsserting.scala:90)
[info]   at org.scalatestplus.scalacheck.Checkers.check(Checkers.scala:371)
[info]   at org.scalatestplus.scalacheck.Checkers.check$(Checkers.scala:369)
[info]   at frameless.TypedDatasetSuite.check(TypedDatasetSuite.scala:63)
[info]   at frameless.SQLContextTests.$anonfun$new$1(SQLContextTests.scala:15)
[info]   at org.scalatest.OutcomeOf.outcomeOf(OutcomeOf.scala:85)
[info]   at org.scalatest.OutcomeOf.outcomeOf$(OutcomeOf.scala:83)
[info]   at org.scalatest.OutcomeOf$.outcomeOf(OutcomeOf.scala:104)
[info]   at org.scalatest.Transformer.apply(Transformer.scala:22)
[info]   at org.scalatest.Transformer.apply(Transformer.scala:20)
[info]   at org.scalatest.funsuite.AnyFunSuiteLike$$anon$1.apply(AnyFunSuiteLike.scala:226)
[info]   at org.scalatest.TestSuite.withFixture(TestSuite.scala:196)
[info]   at org.scalatest.TestSuite.withFixture$(TestSuite.scala:195)
[info]   at org.scalatest.funsuite.AnyFunSuite.withFixture(AnyFunSuite.scala:1564)
[info]   at org.scalatest.funsuite.AnyFunSuiteLike.invokeWithFixture$1(AnyFunSuiteLike.scala:224)
[info]   at org.scalatest.funsuite.AnyFunSuiteLike.$anonfun$runTest$1(AnyFunSuiteLike.scala:236)
[info]   at org.scalatest.SuperEngine.runTestImpl(Engine.scala:306)
[info]   at org.scalatest.funsuite.AnyFunSuiteLike.runTest(AnyFunSuiteLike.scala:236)
[info]   at org.scalatest.funsuite.AnyFunSuiteLike.runTest$(AnyFunSuiteLike.scala:218)
[info]   at org.scalatest.funsuite.AnyFunSuite.runTest(AnyFunSuite.scala:1564)
[info]   at org.scalatest.funsuite.AnyFunSuiteLike.$anonfun$runTests$1(AnyFunSuiteLike.scala:269)
[info]   at org.scalatest.SuperEngine.$anonfun$runTestsInBranch$1(Engine.scala:413)
[info]   at scala.collection.immutable.List.foreach(List.scala:334)
[info]   at org.scalatest.SuperEngine.traverseSubNodes$1(Engine.scala:401)
[info]   at org.scalatest.SuperEngine.runTestsInBranch(Engine.scala:396)
[info]   at org.scalatest.SuperEngine.runTestsImpl(Engine.scala:475)
[info]   at org.scalatest.funsuite.AnyFunSuiteLike.runTests(AnyFunSuiteLike.scala:269)
[info]   at org.scalatest.funsuite.AnyFunSuiteLike.runTests$(AnyFunSuiteLike.scala:268)
[info]   at org.scalatest.funsuite.AnyFunSuite.runTests(AnyFunSuite.scala:1564)
[info]   at org.scalatest.Suite.run(Suite.scala:1114)
[info]   at org.scalatest.Suite.run$(Suite.scala:1096)
[info]   at org.scalatest.funsuite.AnyFunSuite.org$scalatest$funsuite$AnyFunSuiteLike$$super$run(AnyFunSuite.scala:1564)
[info]   at org.scalatest.funsuite.AnyFunSuiteLike.$anonfun$run$1(AnyFunSuiteLike.scala:273)
[info]   at org.scalatest.SuperEngine.runImpl(Engine.scala:535)
[info]   at org.scalatest.funsuite.AnyFunSuiteLike.run(AnyFunSuiteLike.scala:273)
[info]   at org.scalatest.funsuite.AnyFunSuiteLike.run$(AnyFunSuiteLike.scala:272)
[info]   at frameless.TypedDatasetSuite.org$scalatest$BeforeAndAfterAll$$super$run(TypedDatasetSuite.scala:63)
[info]   at org.scalatest.BeforeAndAfterAll.liftedTree1$1(BeforeAndAfterAll.scala:213)
[info]   at org.scalatest.BeforeAndAfterAll.run(BeforeAndAfterAll.scala:210)
[info]   at org.scalatest.BeforeAndAfterAll.run$(BeforeAndAfterAll.scala:208)
[info]   at frameless.TypedDatasetSuite.run(TypedDatasetSuite.scala:63)
[info]   at org.scalatest.tools.Framework.org$scalatest$tools$Framework$$runSuite(Framework.scala:321)
[info]   at org.scalatest.tools.Framework$ScalaTestTask.execute(Framework.scala:517)
[info]   at sbt.ForkMain$Run.lambda$runTest$1(ForkMain.java:414)
[info]   at java.base/java.util.concurrent.FutureTask.run(FutureTask.java:317)
[info]   at java.base/java.util.concurrent.ThreadPoolExecutor.runWorker(ThreadPoolExecutor.java:1144)
[info]   at java.base/java.util.concurrent.ThreadPoolExecutor$Worker.run(ThreadPoolExecutor.java:642)
[info]   at java.base/java.lang.Thread.run(Thread.java:1583)
[info] GroupByTests:
[info] - groupByMany('a).agg(sum('b)) *** FAILED *** (2 milliseconds)
[info]   IllegalArgumentException was thrown during property evaluation.
[info]     Message: argument type mismatch
[info]     Occurred when passed generated values (
[info]       arg0 = List()
[info]     )
[info]   org.scalatest.exceptions.GeneratorDrivenPropertyCheckFailedException:
[info]   at org.scalatestplus.scalacheck.CheckerAsserting$$anon$2.indicateFailure(CheckerAsserting.scala:251)
[info]   at org.scalatestplus.scalacheck.CheckerAsserting$$anon$2.indicateFailure(CheckerAsserting.scala:238)
[info]   at org.scalatestplus.scalacheck.UnitCheckerAsserting$CheckerAssertingImpl.check(CheckerAsserting.scala:160)
[info]   at org.scalatestplus.scalacheck.Checkers.check(Checkers.scala:371)
[info]   at org.scalatestplus.scalacheck.Checkers.check$(Checkers.scala:369)
[info]   at frameless.TypedDatasetSuite.check(TypedDatasetSuite.scala:63)
[info]   at frameless.GroupByTests.$anonfun$new$1(GroupByTests.scala:28)
[info]   at org.scalatest.OutcomeOf.outcomeOf(OutcomeOf.scala:85)
[info]   at org.scalatest.OutcomeOf.outcomeOf$(OutcomeOf.scala:83)
[info]   at org.scalatest.OutcomeOf$.outcomeOf(OutcomeOf.scala:104)
[info]   at org.scalatest.Transformer.apply(Transformer.scala:22)
[info]   at org.scalatest.Transformer.apply(Transformer.scala:20)
[info]   at org.scalatest.funsuite.AnyFunSuiteLike$$anon$1.apply(AnyFunSuiteLike.scala:226)
[info]   at org.scalatest.TestSuite.withFixture(TestSuite.scala:196)
[info]   at org.scalatest.TestSuite.withFixture$(TestSuite.scala:195)
[info]   at org.scalatest.funsuite.AnyFunSuite.withFixture(AnyFunSuite.scala:1564)
[info]   at org.scalatest.funsuite.AnyFunSuiteLike.invokeWithFixture$1(AnyFunSuiteLike.scala:224)
[info]   at org.scalatest.funsuite.AnyFunSuiteLike.$anonfun$runTest$1(AnyFunSuiteLike.scala:236)
[info]   at org.scalatest.SuperEngine.runTestImpl(Engine.scala:306)
[info]   at org.scalatest.funsuite.AnyFunSuiteLike.runTest(AnyFunSuiteLike.scala:236)
[info]   at org.scalatest.funsuite.AnyFunSuiteLike.runTest$(AnyFunSuiteLike.scala:218)
[info]   at org.scalatest.funsuite.AnyFunSuite.runTest(AnyFunSuite.scala:1564)
[info]   at org.scalatest.funsuite.AnyFunSuiteLike.$anonfun$runTests$1(AnyFunSuiteLike.scala:269)
[info]   at org.scalatest.SuperEngine.$anonfun$runTestsInBranch$1(Engine.scala:413)
[info]   at scala.collection.immutable.List.foreach(List.scala:334)
[info]   at org.scalatest.SuperEngine.traverseSubNodes$1(Engine.scala:401)
[info]   at org.scalatest.SuperEngine.runTestsInBranch(Engine.scala:396)
[info]   at org.scalatest.SuperEngine.runTestsImpl(Engine.scala:475)
[info]   at org.scalatest.funsuite.AnyFunSuiteLike.runTests(AnyFunSuiteLike.scala:269)
[info]   at org.scalatest.funsuite.AnyFunSuiteLike.runTests$(AnyFunSuiteLike.scala:268)
[info]   at org.scalatest.funsuite.AnyFunSuite.runTests(AnyFunSuite.scala:1564)
[info]   at org.scalatest.Suite.run(Suite.scala:1114)
[info]   at org.scalatest.Suite.run$(Suite.scala:1096)
[info]   at org.scalatest.funsuite.AnyFunSuite.org$scalatest$funsuite$AnyFunSuiteLike$$super$run(AnyFunSuite.scala:1564)
[info]   at org.scalatest.funsuite.AnyFunSuiteLike.$anonfun$run$1(AnyFunSuiteLike.scala:273)
[info]   at org.scalatest.SuperEngine.runImpl(Engine.scala:535)
[info]   at org.scalatest.funsuite.AnyFunSuiteLike.run(AnyFunSuiteLike.scala:273)
[info]   at org.scalatest.funsuite.AnyFunSuiteLike.run$(AnyFunSuiteLike.scala:272)
[info]   at frameless.TypedDatasetSuite.org$scalatest$BeforeAndAfterAll$$super$run(TypedDatasetSuite.scala:63)
[info]   at org.scalatest.BeforeAndAfterAll.liftedTree1$1(BeforeAndAfterAll.scala:213)
[info]   at org.scalatest.BeforeAndAfterAll.run(BeforeAndAfterAll.scala:210)
[info]   at org.scalatest.BeforeAndAfterAll.run$(BeforeAndAfterAll.scala:208)
[info]   at frameless.TypedDatasetSuite.run(TypedDatasetSuite.scala:63)
[info]   at org.scalatest.tools.Framework.org$scalatest$tools$Framework$$runSuite(Framework.scala:321)
[info]   at org.scalatest.tools.Framework$ScalaTestTask.execute(Framework.scala:517)
[info]   at sbt.ForkMain$Run.lambda$runTest$1(ForkMain.java:414)
[info]   at java.base/java.util.concurrent.FutureTask.run(FutureTask.java:317)
[info]   at java.base/java.util.concurrent.ThreadPoolExecutor.runWorker(ThreadPoolExecutor.java:1144)
[info]   at java.base/java.util.concurrent.ThreadPoolExecutor$Worker.run(ThreadPoolExecutor.java:642)
[info]   at java.base/java.lang.Thread.run(Thread.java:1583)
[info]   Cause: java.lang.IllegalArgumentException: argument type mismatch
[info]   at java.base/jdk.internal.reflect.DirectConstructorHandleAccessor.newInstance(DirectConstructorHandleAccessor.java:65)
[info]   at java.base/java.lang.reflect.Constructor.newInstanceWithCaller(Constructor.java:502)
[info]   at java.base/java.lang.reflect.Constructor.newInstance(Constructor.java:486)
[info]   at frameless.TypedExpressionEncoder$.$anonfun$apply$3(TypedExpressionEncoder.scala:55)
[info]   at scala.Option.map(Option.scala:242)
[info]   at frameless.TypedExpressionEncoder$.apply(TypedExpressionEncoder.scala:54)
[info]   at frameless.TypedDataset$.create(TypedDataset.scala:1325)
[info]   at frameless.GroupByTests.prop$1(GroupByTests.scala:18)
[info]   at frameless.GroupByTests.$anonfun$new$21(GroupByTests.scala:28)
[info]   at scala.Function1.$anonfun$andThen$1(Function1.scala:87)
[info]   at org.scalacheck.Prop$.$anonfun$forAllShrink$2(Prop.scala:868)
[info]   at org.scalacheck.Prop$.secure(Prop.scala:484)
[info]   at org.scalacheck.Prop$.result$1(Prop.scala:868)
[info]   at org.scalacheck.Prop$.$anonfun$forAllShrink$1(Prop.scala:915)
[info]   at org.scalacheck.Prop$.$anonfun$apply$1(Prop.scala:305)
[info]   at org.scalacheck.PropFromFun.apply(Prop.scala:20)
[info]   at org.scalacheck.Test$.workerFun$1(Test.scala:486)
[info]   at org.scalacheck.Test$.$anonfun$check$4(Test.scala:518)
[info]   at org.scalacheck.Test$.$anonfun$check$4$adapted(Test.scala:518)
[info]   at org.scalacheck.Platform$.runWorkers(Platform.scala:42)
[info]   at org.scalacheck.Test$.check(Test.scala:518)
[info]   at org.scalatestplus.scalacheck.UnitCheckerAsserting$CheckerAssertingImpl.check(CheckerAsserting.scala:90)
[info]   at org.scalatestplus.scalacheck.Checkers.check(Checkers.scala:371)
[info]   at org.scalatestplus.scalacheck.Checkers.check$(Checkers.scala:369)
[info]   at frameless.TypedDatasetSuite.check(TypedDatasetSuite.scala:63)
[info]   at frameless.GroupByTests.$anonfun$new$1(GroupByTests.scala:28)
[info]   at org.scalatest.OutcomeOf.outcomeOf(OutcomeOf.scala:85)
[info]   at org.scalatest.OutcomeOf.outcomeOf$(OutcomeOf.scala:83)
[info]   at org.scalatest.OutcomeOf$.outcomeOf(OutcomeOf.scala:104)
[info]   at org.scalatest.Transformer.apply(Transformer.scala:22)
[info]   at org.scalatest.Transformer.apply(Transformer.scala:20)
[info]   at org.scalatest.funsuite.AnyFunSuiteLike$$anon$1.apply(AnyFunSuiteLike.scala:226)
[info]   at org.scalatest.TestSuite.withFixture(TestSuite.scala:196)
[info]   at org.scalatest.TestSuite.withFixture$(TestSuite.scala:195)
[info]   at org.scalatest.funsuite.AnyFunSuite.withFixture(AnyFunSuite.scala:1564)
[info]   at org.scalatest.funsuite.AnyFunSuiteLike.invokeWithFixture$1(AnyFunSuiteLike.scala:224)
[info]   at org.scalatest.funsuite.AnyFunSuiteLike.$anonfun$runTest$1(AnyFunSuiteLike.scala:236)
[info]   at org.scalatest.SuperEngine.runTestImpl(Engine.scala:306)
[info]   at org.scalatest.funsuite.AnyFunSuiteLike.runTest(AnyFunSuiteLike.scala:236)
[info]   at org.scalatest.funsuite.AnyFunSuiteLike.runTest$(AnyFunSuiteLike.scala:218)
[info]   at org.scalatest.funsuite.AnyFunSuite.runTest(AnyFunSuite.scala:1564)
[info]   at org.scalatest.funsuite.AnyFunSuiteLike.$anonfun$runTests$1(AnyFunSuiteLike.scala:269)
[info]   at org.scalatest.SuperEngine.$anonfun$runTestsInBranch$1(Engine.scala:413)
[info]   at scala.collection.immutable.List.foreach(List.scala:334)
[info]   at org.scalatest.SuperEngine.traverseSubNodes$1(Engine.scala:401)
[info]   at org.scalatest.SuperEngine.runTestsInBranch(Engine.scala:396)
[info]   at org.scalatest.SuperEngine.runTestsImpl(Engine.scala:475)
[info]   at org.scalatest.funsuite.AnyFunSuiteLike.runTests(AnyFunSuiteLike.scala:269)
[info]   at org.scalatest.funsuite.AnyFunSuiteLike.runTests$(AnyFunSuiteLike.scala:268)
[info]   at org.scalatest.funsuite.AnyFunSuite.runTests(AnyFunSuite.scala:1564)
[info]   at org.scalatest.Suite.run(Suite.scala:1114)
[info]   at org.scalatest.Suite.run$(Suite.scala:1096)
[info]   at org.scalatest.funsuite.AnyFunSuite.org$scalatest$funsuite$AnyFunSuiteLike$$super$run(AnyFunSuite.scala:1564)
[info]   at org.scalatest.funsuite.AnyFunSuiteLike.$anonfun$run$1(AnyFunSuiteLike.scala:273)
[info]   at org.scalatest.SuperEngine.runImpl(Engine.scala:535)
[info]   at org.scalatest.funsuite.AnyFunSuiteLike.run(AnyFunSuiteLike.scala:273)
[info]   at org.scalatest.funsuite.AnyFunSuiteLike.run$(AnyFunSuiteLike.scala:272)
[info]   at frameless.TypedDatasetSuite.org$scalatest$BeforeAndAfterAll$$super$run(TypedDatasetSuite.scala:63)
[info]   at org.scalatest.BeforeAndAfterAll.liftedTree1$1(BeforeAndAfterAll.scala:213)
[info]   at org.scalatest.BeforeAndAfterAll.run(BeforeAndAfterAll.scala:210)
[info]   at org.scalatest.BeforeAndAfterAll.run$(BeforeAndAfterAll.scala:208)
[info]   at frameless.TypedDatasetSuite.run(TypedDatasetSuite.scala:63)
[info]   at org.scalatest.tools.Framework.org$scalatest$tools$Framework$$runSuite(Framework.scala:321)
[info]   at org.scalatest.tools.Framework$ScalaTestTask.execute(Framework.scala:517)
[info]   at sbt.ForkMain$Run.lambda$runTest$1(ForkMain.java:414)
[info]   at java.base/java.util.concurrent.FutureTask.run(FutureTask.java:317)
[info]   at java.base/java.util.concurrent.ThreadPoolExecutor.runWorker(ThreadPoolExecutor.java:1144)
[info]   at java.base/java.util.concurrent.ThreadPoolExecutor$Worker.run(ThreadPoolExecutor.java:642)
[info]   at java.base/java.lang.Thread.run(Thread.java:1583)
[info]   Cause: java.lang.ClassCastException: Cannot cast scala.reflect.ClassTag$GenericClassTag to org.apache.spark.sql.catalyst.expressions.Expression
[info]   at java.base/java.lang.Class.cast(Class.java:4067)
[info]   at java.base/jdk.internal.reflect.DirectConstructorHandleAccessor.newInstance(DirectConstructorHandleAccessor.java:62)
[info]   at java.base/java.lang.reflect.Constructor.newInstanceWithCaller(Constructor.java:502)
[info]   at java.base/java.lang.reflect.Constructor.newInstance(Constructor.java:486)
[info]   at frameless.TypedExpressionEncoder$.$anonfun$apply$3(TypedExpressionEncoder.scala:55)
[info]   at scala.Option.map(Option.scala:242)
[info]   at frameless.TypedExpressionEncoder$.apply(TypedExpressionEncoder.scala:54)
[info]   at frameless.TypedDataset$.create(TypedDataset.scala:1325)
[info]   at frameless.GroupByTests.prop$1(GroupByTests.scala:18)
[info]   at frameless.GroupByTests.$anonfun$new$21(GroupByTests.scala:28)
[info]   at scala.Function1.$anonfun$andThen$1(Function1.scala:87)
[info]   at org.scalacheck.Prop$.$anonfun$forAllShrink$2(Prop.scala:868)
[info]   at org.scalacheck.Prop$.secure(Prop.scala:484)
[info]   at org.scalacheck.Prop$.result$1(Prop.scala:868)
[info]   at org.scalacheck.Prop$.$anonfun$forAllShrink$1(Prop.scala:915)
[info]   at org.scalacheck.Prop$.$anonfun$apply$1(Prop.scala:305)
[info]   at org.scalacheck.PropFromFun.apply(Prop.scala:20)
[info]   at org.scalacheck.Test$.workerFun$1(Test.scala:486)
[info]   at org.scalacheck.Test$.$anonfun$check$4(Test.scala:518)
[info]   at org.scalacheck.Test$.$anonfun$check$4$adapted(Test.scala:518)
[info]   at org.scalacheck.Platform$.runWorkers(Platform.scala:42)
[info]   at org.scalacheck.Test$.check(Test.scala:518)
[info]   at org.scalatestplus.scalacheck.UnitCheckerAsserting$CheckerAssertingImpl.check(CheckerAsserting.scala:90)
[info]   at org.scalatestplus.scalacheck.Checkers.check(Checkers.scala:371)
[info]   at org.scalatestplus.scalacheck.Checkers.check$(Checkers.scala:369)
[info]   at frameless.TypedDatasetSuite.check(TypedDatasetSuite.scala:63)
[info]   at frameless.GroupByTests.$anonfun$new$1(GroupByTests.scala:28)
[info]   at org.scalatest.OutcomeOf.outcomeOf(OutcomeOf.scala:85)
[info]   at org.scalatest.OutcomeOf.outcomeOf$(OutcomeOf.scala:83)
[info]   at org.scalatest.OutcomeOf$.outcomeOf(OutcomeOf.scala:104)
[info]   at org.scalatest.Transformer.apply(Transformer.scala:22)
[info]   at org.scalatest.Transformer.apply(Transformer.scala:20)
[info]   at org.scalatest.funsuite.AnyFunSuiteLike$$anon$1.apply(AnyFunSuiteLike.scala:226)
[info]   at org.scalatest.TestSuite.withFixture(TestSuite.scala:196)
[info]   at org.scalatest.TestSuite.withFixture$(TestSuite.scala:195)
[info]   at org.scalatest.funsuite.AnyFunSuite.withFixture(AnyFunSuite.scala:1564)
[info]   at org.scalatest.funsuite.AnyFunSuiteLike.invokeWithFixture$1(AnyFunSuiteLike.scala:224)
[info]   at org.scalatest.funsuite.AnyFunSuiteLike.$anonfun$runTest$1(AnyFunSuiteLike.scala:236)
[info]   at org.scalatest.SuperEngine.runTestImpl(Engine.scala:306)
[info]   at org.scalatest.funsuite.AnyFunSuiteLike.runTest(AnyFunSuiteLike.scala:236)
[info]   at org.scalatest.funsuite.AnyFunSuiteLike.runTest$(AnyFunSuiteLike.scala:218)
[info]   at org.scalatest.funsuite.AnyFunSuite.runTest(AnyFunSuite.scala:1564)
[info]   at org.scalatest.funsuite.AnyFunSuiteLike.$anonfun$runTests$1(AnyFunSuiteLike.scala:269)
[info]   at org.scalatest.SuperEngine.$anonfun$runTestsInBranch$1(Engine.scala:413)
[info]   at scala.collection.immutable.List.foreach(List.scala:334)
[info]   at org.scalatest.SuperEngine.traverseSubNodes$1(Engine.scala:401)
[info]   at org.scalatest.SuperEngine.runTestsInBranch(Engine.scala:396)
[info]   at org.scalatest.SuperEngine.runTestsImpl(Engine.scala:475)
[info]   at org.scalatest.funsuite.AnyFunSuiteLike.runTests(AnyFunSuiteLike.scala:269)
[info]   at org.scalatest.funsuite.AnyFunSuiteLike.runTests$(AnyFunSuiteLike.scala:268)
[info]   at org.scalatest.funsuite.AnyFunSuite.runTests(AnyFunSuite.scala:1564)
[info]   at org.scalatest.Suite.run(Suite.scala:1114)
[info]   at org.scalatest.Suite.run$(Suite.scala:1096)
[info]   at org.scalatest.funsuite.AnyFunSuite.org$scalatest$funsuite$AnyFunSuiteLike$$super$run(AnyFunSuite.scala:1564)
[info]   at org.scalatest.funsuite.AnyFunSuiteLike.$anonfun$run$1(AnyFunSuiteLike.scala:273)
[info]   at org.scalatest.SuperEngine.runImpl(Engine.scala:535)
[info]   at org.scalatest.funsuite.AnyFunSuiteLike.run(AnyFunSuiteLike.scala:273)
[info]   at org.scalatest.funsuite.AnyFunSuiteLike.run$(AnyFunSuiteLike.scala:272)
[info]   at frameless.TypedDatasetSuite.org$scalatest$BeforeAndAfterAll$$super$run(TypedDatasetSuite.scala:63)
[info]   at org.scalatest.BeforeAndAfterAll.liftedTree1$1(BeforeAndAfterAll.scala:213)
[info]   at org.scalatest.BeforeAndAfterAll.run(BeforeAndAfterAll.scala:210)
[info]   at org.scalatest.BeforeAndAfterAll.run$(BeforeAndAfterAll.scala:208)
[info]   at frameless.TypedDatasetSuite.run(TypedDatasetSuite.scala:63)
[info]   at org.scalatest.tools.Framework.org$scalatest$tools$Framework$$runSuite(Framework.scala:321)
[info]   at org.scalatest.tools.Framework$ScalaTestTask.execute(Framework.scala:517)
[info]   at sbt.ForkMain$Run.lambda$runTest$1(ForkMain.java:414)
[info]   at java.base/java.util.concurrent.FutureTask.run(FutureTask.java:317)
[info]   at java.base/java.util.concurrent.ThreadPoolExecutor.runWorker(ThreadPoolExecutor.java:1144)
[info]   at java.base/java.util.concurrent.ThreadPoolExecutor$Worker.run(ThreadPoolExecutor.java:642)
[info]   at java.base/java.lang.Thread.run(Thread.java:1583)
[info] - agg(sum('a)) *** FAILED *** (2 milliseconds)
[info]   IllegalArgumentException was thrown during property evaluation.
[info]     Message: argument type mismatch
[info]     Occurred when passed generated values (
[info]       arg0 = List()
[info]     )
[info]   org.scalatest.exceptions.GeneratorDrivenPropertyCheckFailedException:
[info]   at org.scalatestplus.scalacheck.CheckerAsserting$$anon$2.indicateFailure(CheckerAsserting.scala:251)
[info]   at org.scalatestplus.scalacheck.CheckerAsserting$$anon$2.indicateFailure(CheckerAsserting.scala:238)
[info]   at org.scalatestplus.scalacheck.UnitCheckerAsserting$CheckerAssertingImpl.check(CheckerAsserting.scala:160)
[info]   at org.scalatestplus.scalacheck.Checkers.check(Checkers.scala:371)
[info]   at org.scalatestplus.scalacheck.Checkers.check$(Checkers.scala:369)
[info]   at frameless.TypedDatasetSuite.check(TypedDatasetSuite.scala:63)
[info]   at frameless.GroupByTests.$anonfun$new$23(GroupByTests.scala:45)
[info]   at org.scalatest.OutcomeOf.outcomeOf(OutcomeOf.scala:85)
[info]   at org.scalatest.OutcomeOf.outcomeOf$(OutcomeOf.scala:83)
[info]   at org.scalatest.OutcomeOf$.outcomeOf(OutcomeOf.scala:104)
[info]   at org.scalatest.Transformer.apply(Transformer.scala:22)
[info]   at org.scalatest.Transformer.apply(Transformer.scala:20)
[info]   at org.scalatest.funsuite.AnyFunSuiteLike$$anon$1.apply(AnyFunSuiteLike.scala:226)
[info]   at org.scalatest.TestSuite.withFixture(TestSuite.scala:196)
[info]   at org.scalatest.TestSuite.withFixture$(TestSuite.scala:195)
[info]   at org.scalatest.funsuite.AnyFunSuite.withFixture(AnyFunSuite.scala:1564)
[info]   at org.scalatest.funsuite.AnyFunSuiteLike.invokeWithFixture$1(AnyFunSuiteLike.scala:224)
[info]   at org.scalatest.funsuite.AnyFunSuiteLike.$anonfun$runTest$1(AnyFunSuiteLike.scala:236)
[info]   at org.scalatest.SuperEngine.runTestImpl(Engine.scala:306)
[info]   at org.scalatest.funsuite.AnyFunSuiteLike.runTest(AnyFunSuiteLike.scala:236)
[info]   at org.scalatest.funsuite.AnyFunSuiteLike.runTest$(AnyFunSuiteLike.scala:218)
[info]   at org.scalatest.funsuite.AnyFunSuite.runTest(AnyFunSuite.scala:1564)
[info]   at org.scalatest.funsuite.AnyFunSuiteLike.$anonfun$runTests$1(AnyFunSuiteLike.scala:269)
[info]   at org.scalatest.SuperEngine.$anonfun$runTestsInBranch$1(Engine.scala:413)
[info]   at scala.collection.immutable.List.foreach(List.scala:334)
[info]   at org.scalatest.SuperEngine.traverseSubNodes$1(Engine.scala:401)
[info]   at org.scalatest.SuperEngine.runTestsInBranch(Engine.scala:396)
[info]   at org.scalatest.SuperEngine.runTestsImpl(Engine.scala:475)
[info]   at org.scalatest.funsuite.AnyFunSuiteLike.runTests(AnyFunSuiteLike.scala:269)
[info]   at org.scalatest.funsuite.AnyFunSuiteLike.runTests$(AnyFunSuiteLike.scala:268)
[info]   at org.scalatest.funsuite.AnyFunSuite.runTests(AnyFunSuite.scala:1564)
[info]   at org.scalatest.Suite.run(Suite.scala:1114)
[info]   at org.scalatest.Suite.run$(Suite.scala:1096)
[info]   at org.scalatest.funsuite.AnyFunSuite.org$scalatest$funsuite$AnyFunSuiteLike$$super$run(AnyFunSuite.scala:1564)
[info]   at org.scalatest.funsuite.AnyFunSuiteLike.$anonfun$run$1(AnyFunSuiteLike.scala:273)
[info]   at org.scalatest.SuperEngine.runImpl(Engine.scala:535)
[info]   at org.scalatest.funsuite.AnyFunSuiteLike.run(AnyFunSuiteLike.scala:273)
[info]   at org.scalatest.funsuite.AnyFunSuiteLike.run$(AnyFunSuiteLike.scala:272)
[info]   at frameless.TypedDatasetSuite.org$scalatest$BeforeAndAfterAll$$super$run(TypedDatasetSuite.scala:63)
[info]   at org.scalatest.BeforeAndAfterAll.liftedTree1$1(BeforeAndAfterAll.scala:213)
[info]   at org.scalatest.BeforeAndAfterAll.run(BeforeAndAfterAll.scala:210)
[info]   at org.scalatest.BeforeAndAfterAll.run$(BeforeAndAfterAll.scala:208)
[info]   at frameless.TypedDatasetSuite.run(TypedDatasetSuite.scala:63)
[info]   at org.scalatest.tools.Framework.org$scalatest$tools$Framework$$runSuite(Framework.scala:321)
[info]   at org.scalatest.tools.Framework$ScalaTestTask.execute(Framework.scala:517)
[info]   at sbt.ForkMain$Run.lambda$runTest$1(ForkMain.java:414)
[info]   at java.base/java.util.concurrent.FutureTask.run(FutureTask.java:317)
[info]   at java.base/java.util.concurrent.ThreadPoolExecutor.runWorker(ThreadPoolExecutor.java:1144)
[info]   at java.base/java.util.concurrent.ThreadPoolExecutor$Worker.run(ThreadPoolExecutor.java:642)
[info]   at java.base/java.lang.Thread.run(Thread.java:1583)
[info]   Cause: java.lang.IllegalArgumentException: argument type mismatch
[info]   at java.base/jdk.internal.reflect.DirectConstructorHandleAccessor.newInstance(DirectConstructorHandleAccessor.java:65)
[info]   at java.base/java.lang.reflect.Constructor.newInstanceWithCaller(Constructor.java:502)
[info]   at java.base/java.lang.reflect.Constructor.newInstance(Constructor.java:486)
[info]   at frameless.TypedExpressionEncoder$.$anonfun$apply$3(TypedExpressionEncoder.scala:55)
[info]   at scala.Option.map(Option.scala:242)
[info]   at frameless.TypedExpressionEncoder$.apply(TypedExpressionEncoder.scala:54)
[info]   at frameless.TypedDataset$.create(TypedDataset.scala:1325)
[info]   at frameless.GroupByTests.prop$2(GroupByTests.scala:36)
[info]   at frameless.GroupByTests.$anonfun$new$33(GroupByTests.scala:45)
[info]   at scala.Function1.$anonfun$andThen$1(Function1.scala:87)
[info]   at org.scalacheck.Prop$.$anonfun$forAllShrink$2(Prop.scala:868)
[info]   at org.scalacheck.Prop$.secure(Prop.scala:484)
[info]   at org.scalacheck.Prop$.result$1(Prop.scala:868)
[info]   at org.scalacheck.Prop$.$anonfun$forAllShrink$1(Prop.scala:915)
[info]   at org.scalacheck.Prop$.$anonfun$apply$1(Prop.scala:305)
[info]   at org.scalacheck.PropFromFun.apply(Prop.scala:20)
[info]   at org.scalacheck.Test$.workerFun$1(Test.scala:486)
[info]   at org.scalacheck.Test$.$anonfun$check$4(Test.scala:518)
[info]   at org.scalacheck.Test$.$anonfun$check$4$adapted(Test.scala:518)
[info]   at org.scalacheck.Platform$.runWorkers(Platform.scala:42)
[info]   at org.scalacheck.Test$.check(Test.scala:518)
[info]   at org.scalatestplus.scalacheck.UnitCheckerAsserting$CheckerAssertingImpl.check(CheckerAsserting.scala:90)
[info]   at org.scalatestplus.scalacheck.Checkers.check(Checkers.scala:371)
[info]   at org.scalatestplus.scalacheck.Checkers.check$(Checkers.scala:369)
[info]   at frameless.TypedDatasetSuite.check(TypedDatasetSuite.scala:63)
[info]   at frameless.GroupByTests.$anonfun$new$23(GroupByTests.scala:45)
[info]   at org.scalatest.OutcomeOf.outcomeOf(OutcomeOf.scala:85)
[info]   at org.scalatest.OutcomeOf.outcomeOf$(OutcomeOf.scala:83)
[info]   at org.scalatest.OutcomeOf$.outcomeOf(OutcomeOf.scala:104)
[info]   at org.scalatest.Transformer.apply(Transformer.scala:22)
[info]   at org.scalatest.Transformer.apply(Transformer.scala:20)
[info]   at org.scalatest.funsuite.AnyFunSuiteLike$$anon$1.apply(AnyFunSuiteLike.scala:226)
[info]   at org.scalatest.TestSuite.withFixture(TestSuite.scala:196)
[info]   at org.scalatest.TestSuite.withFixture$(TestSuite.scala:195)
[info]   at org.scalatest.funsuite.AnyFunSuite.withFixture(AnyFunSuite.scala:1564)
[info]   at org.scalatest.funsuite.AnyFunSuiteLike.invokeWithFixture$1(AnyFunSuiteLike.scala:224)
[info]   at org.scalatest.funsuite.AnyFunSuiteLike.$anonfun$runTest$1(AnyFunSuiteLike.scala:236)
[info]   at org.scalatest.SuperEngine.runTestImpl(Engine.scala:306)
[info]   at org.scalatest.funsuite.AnyFunSuiteLike.runTest(AnyFunSuiteLike.scala:236)
[info]   at org.scalatest.funsuite.AnyFunSuiteLike.runTest$(AnyFunSuiteLike.scala:218)
[info]   at org.scalatest.funsuite.AnyFunSuite.runTest(AnyFunSuite.scala:1564)
[info]   at org.scalatest.funsuite.AnyFunSuiteLike.$anonfun$runTests$1(AnyFunSuiteLike.scala:269)
[info]   at org.scalatest.SuperEngine.$anonfun$runTestsInBranch$1(Engine.scala:413)
[info]   at scala.collection.immutable.List.foreach(List.scala:334)
[info]   at org.scalatest.SuperEngine.traverseSubNodes$1(Engine.scala:401)
[info]   at org.scalatest.SuperEngine.runTestsInBranch(Engine.scala:396)
[info]   at org.scalatest.SuperEngine.runTestsImpl(Engine.scala:475)
[info]   at org.scalatest.funsuite.AnyFunSuiteLike.runTests(AnyFunSuiteLike.scala:269)
[info]   at org.scalatest.funsuite.AnyFunSuiteLike.runTests$(AnyFunSuiteLike.scala:268)
[info]   at org.scalatest.funsuite.AnyFunSuite.runTests(AnyFunSuite.scala:1564)
[info]   at org.scalatest.Suite.run(Suite.scala:1114)
[info]   at org.scalatest.Suite.run$(Suite.scala:1096)
[info]   at org.scalatest.funsuite.AnyFunSuite.org$scalatest$funsuite$AnyFunSuiteLike$$super$run(AnyFunSuite.scala:1564)
[info]   at org.scalatest.funsuite.AnyFunSuiteLike.$anonfun$run$1(AnyFunSuiteLike.scala:273)
[info]   at org.scalatest.SuperEngine.runImpl(Engine.scala:535)
[info]   at org.scalatest.funsuite.AnyFunSuiteLike.run(AnyFunSuiteLike.scala:273)
[info]   at org.scalatest.funsuite.AnyFunSuiteLike.run$(AnyFunSuiteLike.scala:272)
[info]   at frameless.TypedDatasetSuite.org$scalatest$BeforeAndAfterAll$$super$run(TypedDatasetSuite.scala:63)
[info]   at org.scalatest.BeforeAndAfterAll.liftedTree1$1(BeforeAndAfterAll.scala:213)
[info]   at org.scalatest.BeforeAndAfterAll.run(BeforeAndAfterAll.scala:210)
[info]   at org.scalatest.BeforeAndAfterAll.run$(BeforeAndAfterAll.scala:208)
[info]   at frameless.TypedDatasetSuite.run(TypedDatasetSuite.scala:63)
[info]   at org.scalatest.tools.Framework.org$scalatest$tools$Framework$$runSuite(Framework.scala:321)
[info]   at org.scalatest.tools.Framework$ScalaTestTask.execute(Framework.scala:517)
[info]   at sbt.ForkMain$Run.lambda$runTest$1(ForkMain.java:414)
[info]   at java.base/java.util.concurrent.FutureTask.run(FutureTask.java:317)
[info]   at java.base/java.util.concurrent.ThreadPoolExecutor.runWorker(ThreadPoolExecutor.java:1144)
[info]   at java.base/java.util.concurrent.ThreadPoolExecutor$Worker.run(ThreadPoolExecutor.java:642)
[info]   at java.base/java.lang.Thread.run(Thread.java:1583)
[info]   Cause: java.lang.ClassCastException: Cannot cast scala.reflect.ClassTag$GenericClassTag to org.apache.spark.sql.catalyst.expressions.Expression
[info]   at java.base/java.lang.Class.cast(Class.java:4067)
[info]   at java.base/jdk.internal.reflect.DirectConstructorHandleAccessor.newInstance(DirectConstructorHandleAccessor.java:62)
[info]   at java.base/java.lang.reflect.Constructor.newInstanceWithCaller(Constructor.java:502)
[info]   at java.base/java.lang.reflect.Constructor.newInstance(Constructor.java:486)
[info]   at frameless.TypedExpressionEncoder$.$anonfun$apply$3(TypedExpressionEncoder.scala:55)
[info]   at scala.Option.map(Option.scala:242)
[info]   at frameless.TypedExpressionEncoder$.apply(TypedExpressionEncoder.scala:54)
[info]   at frameless.TypedDataset$.create(TypedDataset.scala:1325)
[info]   at frameless.GroupByTests.prop$2(GroupByTests.scala:36)
[info]   at frameless.GroupByTests.$anonfun$new$33(GroupByTests.scala:45)
[info]   at scala.Function1.$anonfun$andThen$1(Function1.scala:87)
[info]   at org.scalacheck.Prop$.$anonfun$forAllShrink$2(Prop.scala:868)
[info]   at org.scalacheck.Prop$.secure(Prop.scala:484)
[info]   at org.scalacheck.Prop$.result$1(Prop.scala:868)
[info]   at org.scalacheck.Prop$.$anonfun$forAllShrink$1(Prop.scala:915)
[info]   at org.scalacheck.Prop$.$anonfun$apply$1(Prop.scala:305)
[info]   at org.scalacheck.PropFromFun.apply(Prop.scala:20)
[info]   at org.scalacheck.Test$.workerFun$1(Test.scala:486)
[info]   at org.scalacheck.Test$.$anonfun$check$4(Test.scala:518)
[info]   at org.scalacheck.Test$.$anonfun$check$4$adapted(Test.scala:518)
[info]   at org.scalacheck.Platform$.runWorkers(Platform.scala:42)
[info]   at org.scalacheck.Test$.check(Test.scala:518)
[info]   at org.scalatestplus.scalacheck.UnitCheckerAsserting$CheckerAssertingImpl.check(CheckerAsserting.scala:90)
[info]   at org.scalatestplus.scalacheck.Checkers.check(Checkers.scala:371)
[info]   at org.scalatestplus.scalacheck.Checkers.check$(Checkers.scala:369)
[info]   at frameless.TypedDatasetSuite.check(TypedDatasetSuite.scala:63)
[info]   at frameless.GroupByTests.$anonfun$new$23(GroupByTests.scala:45)
[info]   at org.scalatest.OutcomeOf.outcomeOf(OutcomeOf.scala:85)
[info]   at org.scalatest.OutcomeOf.outcomeOf$(OutcomeOf.scala:83)
[info]   at org.scalatest.OutcomeOf$.outcomeOf(OutcomeOf.scala:104)
[info]   at org.scalatest.Transformer.apply(Transformer.scala:22)
[info]   at org.scalatest.Transformer.apply(Transformer.scala:20)
[info]   at org.scalatest.funsuite.AnyFunSuiteLike$$anon$1.apply(AnyFunSuiteLike.scala:226)
[info]   at org.scalatest.TestSuite.withFixture(TestSuite.scala:196)
[info]   at org.scalatest.TestSuite.withFixture$(TestSuite.scala:195)
[info]   at org.scalatest.funsuite.AnyFunSuite.withFixture(AnyFunSuite.scala:1564)
[info]   at org.scalatest.funsuite.AnyFunSuiteLike.invokeWithFixture$1(AnyFunSuiteLike.scala:224)
[info]   at org.scalatest.funsuite.AnyFunSuiteLike.$anonfun$runTest$1(AnyFunSuiteLike.scala:236)
[info]   at org.scalatest.SuperEngine.runTestImpl(Engine.scala:306)
[info]   at org.scalatest.funsuite.AnyFunSuiteLike.runTest(AnyFunSuiteLike.scala:236)
[info]   at org.scalatest.funsuite.AnyFunSuiteLike.runTest$(AnyFunSuiteLike.scala:218)
[info]   at org.scalatest.funsuite.AnyFunSuite.runTest(AnyFunSuite.scala:1564)
[info]   at org.scalatest.funsuite.AnyFunSuiteLike.$anonfun$runTests$1(AnyFunSuiteLike.scala:269)
[info]   at org.scalatest.SuperEngine.$anonfun$runTestsInBranch$1(Engine.scala:413)
[info]   at scala.collection.immutable.List.foreach(List.scala:334)
[info]   at org.scalatest.SuperEngine.traverseSubNodes$1(Engine.scala:401)
[info]   at org.scalatest.SuperEngine.runTestsInBranch(Engine.scala:396)
[info]   at org.scalatest.SuperEngine.runTestsImpl(Engine.scala:475)
[info]   at org.scalatest.funsuite.AnyFunSuiteLike.runTests(AnyFunSuiteLike.scala:269)
[info]   at org.scalatest.funsuite.AnyFunSuiteLike.runTests$(AnyFunSuiteLike.scala:268)
[info]   at org.scalatest.funsuite.AnyFunSuite.runTests(AnyFunSuite.scala:1564)
[info]   at org.scalatest.Suite.run(Suite.scala:1114)
[info]   at org.scalatest.Suite.run$(Suite.scala:1096)
[info]   at org.scalatest.funsuite.AnyFunSuite.org$scalatest$funsuite$AnyFunSuiteLike$$super$run(AnyFunSuite.scala:1564)
[info]   at org.scalatest.funsuite.AnyFunSuiteLike.$anonfun$run$1(AnyFunSuiteLike.scala:273)
[info]   at org.scalatest.SuperEngine.runImpl(Engine.scala:535)
[info]   at org.scalatest.funsuite.AnyFunSuiteLike.run(AnyFunSuiteLike.scala:273)
[info]   at org.scalatest.funsuite.AnyFunSuiteLike.run$(AnyFunSuiteLike.scala:272)
[info]   at frameless.TypedDatasetSuite.org$scalatest$BeforeAndAfterAll$$super$run(TypedDatasetSuite.scala:63)
[info]   at org.scalatest.BeforeAndAfterAll.liftedTree1$1(BeforeAndAfterAll.scala:213)
[info]   at org.scalatest.BeforeAndAfterAll.run(BeforeAndAfterAll.scala:210)
[info]   at org.scalatest.BeforeAndAfterAll.run$(BeforeAndAfterAll.scala:208)
[info]   at frameless.TypedDatasetSuite.run(TypedDatasetSuite.scala:63)
[info]   at org.scalatest.tools.Framework.org$scalatest$tools$Framework$$runSuite(Framework.scala:321)
[info]   at org.scalatest.tools.Framework$ScalaTestTask.execute(Framework.scala:517)
[info]   at sbt.ForkMain$Run.lambda$runTest$1(ForkMain.java:414)
[info]   at java.base/java.util.concurrent.FutureTask.run(FutureTask.java:317)
[info]   at java.base/java.util.concurrent.ThreadPoolExecutor.runWorker(ThreadPoolExecutor.java:1144)
[info]   at java.base/java.util.concurrent.ThreadPoolExecutor$Worker.run(ThreadPoolExecutor.java:642)
[info]   at java.base/java.lang.Thread.run(Thread.java:1583)
[info] - agg(sum('a), sum('b)) *** FAILED *** (3 milliseconds)
[info]   IllegalArgumentException was thrown during property evaluation.
[info]     Message: argument type mismatch
[info]     Occurred when passed generated values (
[info]       arg0 = List()
[info]     )
[info]   org.scalatest.exceptions.GeneratorDrivenPropertyCheckFailedException:
[info]   at org.scalatestplus.scalacheck.CheckerAsserting$$anon$2.indicateFailure(CheckerAsserting.scala:251)
[info]   at org.scalatestplus.scalacheck.CheckerAsserting$$anon$2.indicateFailure(CheckerAsserting.scala:238)
[info]   at org.scalatestplus.scalacheck.UnitCheckerAsserting$CheckerAssertingImpl.check(CheckerAsserting.scala:160)
[info]   at org.scalatestplus.scalacheck.Checkers.check(Checkers.scala:371)
[info]   at org.scalatestplus.scalacheck.Checkers.check$(Checkers.scala:369)
[info]   at frameless.TypedDatasetSuite.check(TypedDatasetSuite.scala:63)
[info]   at frameless.GroupByTests.$anonfun$new$35(GroupByTests.scala:68)
[info]   at org.scalatest.OutcomeOf.outcomeOf(OutcomeOf.scala:85)
[info]   at org.scalatest.OutcomeOf.outcomeOf$(OutcomeOf.scala:83)
[info]   at org.scalatest.OutcomeOf$.outcomeOf(OutcomeOf.scala:104)
[info]   at org.scalatest.Transformer.apply(Transformer.scala:22)
[info]   at org.scalatest.Transformer.apply(Transformer.scala:20)
[info]   at org.scalatest.funsuite.AnyFunSuiteLike$$anon$1.apply(AnyFunSuiteLike.scala:226)
[info]   at org.scalatest.TestSuite.withFixture(TestSuite.scala:196)
[info]   at org.scalatest.TestSuite.withFixture$(TestSuite.scala:195)
[info]   at org.scalatest.funsuite.AnyFunSuite.withFixture(AnyFunSuite.scala:1564)
[info]   at org.scalatest.funsuite.AnyFunSuiteLike.invokeWithFixture$1(AnyFunSuiteLike.scala:224)
[info]   at org.scalatest.funsuite.AnyFunSuiteLike.$anonfun$runTest$1(AnyFunSuiteLike.scala:236)
[info]   at org.scalatest.SuperEngine.runTestImpl(Engine.scala:306)
[info]   at org.scalatest.funsuite.AnyFunSuiteLike.runTest(AnyFunSuiteLike.scala:236)
[info]   at org.scalatest.funsuite.AnyFunSuiteLike.runTest$(AnyFunSuiteLike.scala:218)
[info]   at org.scalatest.funsuite.AnyFunSuite.runTest(AnyFunSuite.scala:1564)
[info]   at org.scalatest.funsuite.AnyFunSuiteLike.$anonfun$runTests$1(AnyFunSuiteLike.scala:269)
[info]   at org.scalatest.SuperEngine.$anonfun$runTestsInBranch$1(Engine.scala:413)
[info]   at scala.collection.immutable.List.foreach(List.scala:334)
[info]   at org.scalatest.SuperEngine.traverseSubNodes$1(Engine.scala:401)
[info]   at org.scalatest.SuperEngine.runTestsInBranch(Engine.scala:396)
[info]   at org.scalatest.SuperEngine.runTestsImpl(Engine.scala:475)
[info]   at org.scalatest.funsuite.AnyFunSuiteLike.runTests(AnyFunSuiteLike.scala:269)
[info]   at org.scalatest.funsuite.AnyFunSuiteLike.runTests$(AnyFunSuiteLike.scala:268)
[info]   at org.scalatest.funsuite.AnyFunSuite.runTests(AnyFunSuite.scala:1564)
[info]   at org.scalatest.Suite.run(Suite.scala:1114)
[info]   at org.scalatest.Suite.run$(Suite.scala:1096)
[info]   at org.scalatest.funsuite.AnyFunSuite.org$scalatest$funsuite$AnyFunSuiteLike$$super$run(AnyFunSuite.scala:1564)
[info]   at org.scalatest.funsuite.AnyFunSuiteLike.$anonfun$run$1(AnyFunSuiteLike.scala:273)
[info]   at org.scalatest.SuperEngine.runImpl(Engine.scala:535)
[info]   at org.scalatest.funsuite.AnyFunSuiteLike.run(AnyFunSuiteLike.scala:273)
[info]   at org.scalatest.funsuite.AnyFunSuiteLike.run$(AnyFunSuiteLike.scala:272)
[info]   at frameless.TypedDatasetSuite.org$scalatest$BeforeAndAfterAll$$super$run(TypedDatasetSuite.scala:63)
[info]   at org.scalatest.BeforeAndAfterAll.liftedTree1$1(BeforeAndAfterAll.scala:213)
[info]   at org.scalatest.BeforeAndAfterAll.run(BeforeAndAfterAll.scala:210)
[info]   at org.scalatest.BeforeAndAfterAll.run$(BeforeAndAfterAll.scala:208)
[info]   at frameless.TypedDatasetSuite.run(TypedDatasetSuite.scala:63)
[info]   at org.scalatest.tools.Framework.org$scalatest$tools$Framework$$runSuite(Framework.scala:321)
[info]   at org.scalatest.tools.Framework$ScalaTestTask.execute(Framework.scala:517)
[info]   at sbt.ForkMain$Run.lambda$runTest$1(ForkMain.java:414)
[info]   at java.base/java.util.concurrent.FutureTask.run(FutureTask.java:317)
[info]   at java.base/java.util.concurrent.ThreadPoolExecutor.runWorker(ThreadPoolExecutor.java:1144)
[info]   at java.base/java.util.concurrent.ThreadPoolExecutor$Worker.run(ThreadPoolExecutor.java:642)
[info]   at java.base/java.lang.Thread.run(Thread.java:1583)
[info]   Cause: java.lang.IllegalArgumentException: argument type mismatch
[info]   at java.base/jdk.internal.reflect.DirectConstructorHandleAccessor.newInstance(DirectConstructorHandleAccessor.java:65)
[info]   at java.base/java.lang.reflect.Constructor.newInstanceWithCaller(Constructor.java:502)
[info]   at java.base/java.lang.reflect.Constructor.newInstance(Constructor.java:486)
[info]   at frameless.TypedExpressionEncoder$.$anonfun$apply$3(TypedExpressionEncoder.scala:55)
[info]   at scala.Option.map(Option.scala:242)
[info]   at frameless.TypedExpressionEncoder$.apply(TypedExpressionEncoder.scala:54)
[info]   at frameless.TypedDataset$.create(TypedDataset.scala:1325)
[info]   at frameless.GroupByTests.prop$3(GroupByTests.scala:57)
[info]   at frameless.GroupByTests.$anonfun$new$48(GroupByTests.scala:68)
[info]   at scala.Function1.$anonfun$andThen$1(Function1.scala:87)
[info]   at org.scalacheck.Prop$.$anonfun$forAllShrink$2(Prop.scala:868)
[info]   at org.scalacheck.Prop$.secure(Prop.scala:484)
[info]   at org.scalacheck.Prop$.result$1(Prop.scala:868)
[info]   at org.scalacheck.Prop$.$anonfun$forAllShrink$1(Prop.scala:915)
[info]   at org.scalacheck.Prop$.$anonfun$apply$1(Prop.scala:305)
[info]   at org.scalacheck.PropFromFun.apply(Prop.scala:20)
[info]   at org.scalacheck.Test$.workerFun$1(Test.scala:486)
[info]   at org.scalacheck.Test$.$anonfun$check$4(Test.scala:518)
[info]   at org.scalacheck.Test$.$anonfun$check$4$adapted(Test.scala:518)
[info]   at org.scalacheck.Platform$.runWorkers(Platform.scala:42)
[info]   at org.scalacheck.Test$.check(Test.scala:518)
[info]   at org.scalatestplus.scalacheck.UnitCheckerAsserting$CheckerAssertingImpl.check(CheckerAsserting.scala:90)
[info]   at org.scalatestplus.scalacheck.Checkers.check(Checkers.scala:371)
[info]   at org.scalatestplus.scalacheck.Checkers.check$(Checkers.scala:369)
[info]   at frameless.TypedDatasetSuite.check(TypedDatasetSuite.scala:63)
[info]   at frameless.GroupByTests.$anonfun$new$35(GroupByTests.scala:68)
[info]   at org.scalatest.OutcomeOf.outcomeOf(OutcomeOf.scala:85)
[info]   at org.scalatest.OutcomeOf.outcomeOf$(OutcomeOf.scala:83)
[info]   at org.scalatest.OutcomeOf$.outcomeOf(OutcomeOf.scala:104)
[info]   at org.scalatest.Transformer.apply(Transformer.scala:22)
[info]   at org.scalatest.Transformer.apply(Transformer.scala:20)
[info]   at org.scalatest.funsuite.AnyFunSuiteLike$$anon$1.apply(AnyFunSuiteLike.scala:226)
[info]   at org.scalatest.TestSuite.withFixture(TestSuite.scala:196)
[info]   at org.scalatest.TestSuite.withFixture$(TestSuite.scala:195)
[info]   at org.scalatest.funsuite.AnyFunSuite.withFixture(AnyFunSuite.scala:1564)
[info]   at org.scalatest.funsuite.AnyFunSuiteLike.invokeWithFixture$1(AnyFunSuiteLike.scala:224)
[info]   at org.scalatest.funsuite.AnyFunSuiteLike.$anonfun$runTest$1(AnyFunSuiteLike.scala:236)
[info]   at org.scalatest.SuperEngine.runTestImpl(Engine.scala:306)
[info]   at org.scalatest.funsuite.AnyFunSuiteLike.runTest(AnyFunSuiteLike.scala:236)
[info]   at org.scalatest.funsuite.AnyFunSuiteLike.runTest$(AnyFunSuiteLike.scala:218)
[info]   at org.scalatest.funsuite.AnyFunSuite.runTest(AnyFunSuite.scala:1564)
[info]   at org.scalatest.funsuite.AnyFunSuiteLike.$anonfun$runTests$1(AnyFunSuiteLike.scala:269)
[info]   at org.scalatest.SuperEngine.$anonfun$runTestsInBranch$1(Engine.scala:413)
[info]   at scala.collection.immutable.List.foreach(List.scala:334)
[info]   at org.scalatest.SuperEngine.traverseSubNodes$1(Engine.scala:401)
[info]   at org.scalatest.SuperEngine.runTestsInBranch(Engine.scala:396)
[info]   at org.scalatest.SuperEngine.runTestsImpl(Engine.scala:475)
[info]   at org.scalatest.funsuite.AnyFunSuiteLike.runTests(AnyFunSuiteLike.scala:269)
[info]   at org.scalatest.funsuite.AnyFunSuiteLike.runTests$(AnyFunSuiteLike.scala:268)
[info]   at org.scalatest.funsuite.AnyFunSuite.runTests(AnyFunSuite.scala:1564)
[info]   at org.scalatest.Suite.run(Suite.scala:1114)
[info]   at org.scalatest.Suite.run$(Suite.scala:1096)
[info]   at org.scalatest.funsuite.AnyFunSuite.org$scalatest$funsuite$AnyFunSuiteLike$$super$run(AnyFunSuite.scala:1564)
[info]   at org.scalatest.funsuite.AnyFunSuiteLike.$anonfun$run$1(AnyFunSuiteLike.scala:273)
[info]   at org.scalatest.SuperEngine.runImpl(Engine.scala:535)
[info]   at org.scalatest.funsuite.AnyFunSuiteLike.run(AnyFunSuiteLike.scala:273)
[info]   at org.scalatest.funsuite.AnyFunSuiteLike.run$(AnyFunSuiteLike.scala:272)
[info]   at frameless.TypedDatasetSuite.org$scalatest$BeforeAndAfterAll$$super$run(TypedDatasetSuite.scala:63)
[info]   at org.scalatest.BeforeAndAfterAll.liftedTree1$1(BeforeAndAfterAll.scala:213)
[info]   at org.scalatest.BeforeAndAfterAll.run(BeforeAndAfterAll.scala:210)
[info]   at org.scalatest.BeforeAndAfterAll.run$(BeforeAndAfterAll.scala:208)
[info]   at frameless.TypedDatasetSuite.run(TypedDatasetSuite.scala:63)
[info]   at org.scalatest.tools.Framework.org$scalatest$tools$Framework$$runSuite(Framework.scala:321)
[info]   at org.scalatest.tools.Framework$ScalaTestTask.execute(Framework.scala:517)
[info]   at sbt.ForkMain$Run.lambda$runTest$1(ForkMain.java:414)
[info]   at java.base/java.util.concurrent.FutureTask.run(FutureTask.java:317)
[info]   at java.base/java.util.concurrent.ThreadPoolExecutor.runWorker(ThreadPoolExecutor.java:1144)
[info]   at java.base/java.util.concurrent.ThreadPoolExecutor$Worker.run(ThreadPoolExecutor.java:642)
[info]   at java.base/java.lang.Thread.run(Thread.java:1583)
[info]   Cause: java.lang.ClassCastException: Cannot cast scala.reflect.ClassTag$GenericClassTag to org.apache.spark.sql.catalyst.expressions.Expression
[info]   at java.base/java.lang.Class.cast(Class.java:4067)
[info]   at java.base/jdk.internal.reflect.DirectConstructorHandleAccessor.newInstance(DirectConstructorHandleAccessor.java:62)
[info]   at java.base/java.lang.reflect.Constructor.newInstanceWithCaller(Constructor.java:502)
[info]   at java.base/java.lang.reflect.Constructor.newInstance(Constructor.java:486)
[info]   at frameless.TypedExpressionEncoder$.$anonfun$apply$3(TypedExpressionEncoder.scala:55)
[info]   at scala.Option.map(Option.scala:242)
[info]   at frameless.TypedExpressionEncoder$.apply(TypedExpressionEncoder.scala:54)
[info]   at frameless.TypedDataset$.create(TypedDataset.scala:1325)
[info]   at frameless.GroupByTests.prop$3(GroupByTests.scala:57)
[info]   at frameless.GroupByTests.$anonfun$new$48(GroupByTests.scala:68)
[info]   at scala.Function1.$anonfun$andThen$1(Function1.scala:87)
[info]   at org.scalacheck.Prop$.$anonfun$forAllShrink$2(Prop.scala:868)
[info]   at org.scalacheck.Prop$.secure(Prop.scala:484)
[info]   at org.scalacheck.Prop$.result$1(Prop.scala:868)
[info]   at org.scalacheck.Prop$.$anonfun$forAllShrink$1(Prop.scala:915)
[info]   at org.scalacheck.Prop$.$anonfun$apply$1(Prop.scala:305)
[info]   at org.scalacheck.PropFromFun.apply(Prop.scala:20)
[info]   at org.scalacheck.Test$.workerFun$1(Test.scala:486)
[info]   at org.scalacheck.Test$.$anonfun$check$4(Test.scala:518)
[info]   at org.scalacheck.Test$.$anonfun$check$4$adapted(Test.scala:518)
[info]   at org.scalacheck.Platform$.runWorkers(Platform.scala:42)
[info]   at org.scalacheck.Test$.check(Test.scala:518)
[info]   at org.scalatestplus.scalacheck.UnitCheckerAsserting$CheckerAssertingImpl.check(CheckerAsserting.scala:90)
[info]   at org.scalatestplus.scalacheck.Checkers.check(Checkers.scala:371)
[info]   at org.scalatestplus.scalacheck.Checkers.check$(Checkers.scala:369)
[info]   at frameless.TypedDatasetSuite.check(TypedDatasetSuite.scala:63)
[info]   at frameless.GroupByTests.$anonfun$new$35(GroupByTests.scala:68)
[info]   at org.scalatest.OutcomeOf.outcomeOf(OutcomeOf.scala:85)
[info]   at org.scalatest.OutcomeOf.outcomeOf$(OutcomeOf.scala:83)
[info]   at org.scalatest.OutcomeOf$.outcomeOf(OutcomeOf.scala:104)
[info]   at org.scalatest.Transformer.apply(Transformer.scala:22)
[info]   at org.scalatest.Transformer.apply(Transformer.scala:20)
[info]   at org.scalatest.funsuite.AnyFunSuiteLike$$anon$1.apply(AnyFunSuiteLike.scala:226)
[info]   at org.scalatest.TestSuite.withFixture(TestSuite.scala:196)
[info]   at org.scalatest.TestSuite.withFixture$(TestSuite.scala:195)
[info]   at org.scalatest.funsuite.AnyFunSuite.withFixture(AnyFunSuite.scala:1564)
[info]   at org.scalatest.funsuite.AnyFunSuiteLike.invokeWithFixture$1(AnyFunSuiteLike.scala:224)
[info]   at org.scalatest.funsuite.AnyFunSuiteLike.$anonfun$runTest$1(AnyFunSuiteLike.scala:236)
[info]   at org.scalatest.SuperEngine.runTestImpl(Engine.scala:306)
[info]   at org.scalatest.funsuite.AnyFunSuiteLike.runTest(AnyFunSuiteLike.scala:236)
[info]   at org.scalatest.funsuite.AnyFunSuiteLike.runTest$(AnyFunSuiteLike.scala:218)
[info]   at org.scalatest.funsuite.AnyFunSuite.runTest(AnyFunSuite.scala:1564)
[info]   at org.scalatest.funsuite.AnyFunSuiteLike.$anonfun$runTests$1(AnyFunSuiteLike.scala:269)
[info]   at org.scalatest.SuperEngine.$anonfun$runTestsInBranch$1(Engine.scala:413)
[info]   at scala.collection.immutable.List.foreach(List.scala:334)
[info]   at org.scalatest.SuperEngine.traverseSubNodes$1(Engine.scala:401)
[info]   at org.scalatest.SuperEngine.runTestsInBranch(Engine.scala:396)
[info]   at org.scalatest.SuperEngine.runTestsImpl(Engine.scala:475)
[info]   at org.scalatest.funsuite.AnyFunSuiteLike.runTests(AnyFunSuiteLike.scala:269)
[info]   at org.scalatest.funsuite.AnyFunSuiteLike.runTests$(AnyFunSuiteLike.scala:268)
[info]   at org.scalatest.funsuite.AnyFunSuite.runTests(AnyFunSuite.scala:1564)
[info]   at org.scalatest.Suite.run(Suite.scala:1114)
[info]   at org.scalatest.Suite.run$(Suite.scala:1096)
[info]   at org.scalatest.funsuite.AnyFunSuite.org$scalatest$funsuite$AnyFunSuiteLike$$super$run(AnyFunSuite.scala:1564)
[info]   at org.scalatest.funsuite.AnyFunSuiteLike.$anonfun$run$1(AnyFunSuiteLike.scala:273)
[info]   at org.scalatest.SuperEngine.runImpl(Engine.scala:535)
[info]   at org.scalatest.funsuite.AnyFunSuiteLike.run(AnyFunSuiteLike.scala:273)
[info]   at org.scalatest.funsuite.AnyFunSuiteLike.run$(AnyFunSuiteLike.scala:272)
[info]   at frameless.TypedDatasetSuite.org$scalatest$BeforeAndAfterAll$$super$run(TypedDatasetSuite.scala:63)
[info]   at org.scalatest.BeforeAndAfterAll.liftedTree1$1(BeforeAndAfterAll.scala:213)
[info]   at org.scalatest.BeforeAndAfterAll.run(BeforeAndAfterAll.scala:210)
[info]   at org.scalatest.BeforeAndAfterAll.run$(BeforeAndAfterAll.scala:208)
[info]   at frameless.TypedDatasetSuite.run(TypedDatasetSuite.scala:63)
[info]   at org.scalatest.tools.Framework.org$scalatest$tools$Framework$$runSuite(Framework.scala:321)
[info]   at org.scalatest.tools.Framework$ScalaTestTask.execute(Framework.scala:517)
[info]   at sbt.ForkMain$Run.lambda$runTest$1(ForkMain.java:414)
[info]   at java.base/java.util.concurrent.FutureTask.run(FutureTask.java:317)
[info]   at java.base/java.util.concurrent.ThreadPoolExecutor.runWorker(ThreadPoolExecutor.java:1144)
[info]   at java.base/java.util.concurrent.ThreadPoolExecutor$Worker.run(ThreadPoolExecutor.java:642)
[info]   at java.base/java.lang.Thread.run(Thread.java:1583)
[info] - agg(sum('a), sum('b), sum('c)) *** FAILED *** (3 milliseconds)
[info]   IllegalArgumentException was thrown during property evaluation.
[info]     Message: argument type mismatch
[info]     Occurred when passed generated values (
[info]       arg0 = List()
[info]     )
[info]   org.scalatest.exceptions.GeneratorDrivenPropertyCheckFailedException:
[info]   at org.scalatestplus.scalacheck.CheckerAsserting$$anon$2.indicateFailure(CheckerAsserting.scala:251)
[info]   at org.scalatestplus.scalacheck.CheckerAsserting$$anon$2.indicateFailure(CheckerAsserting.scala:238)
[info]   at org.scalatestplus.scalacheck.UnitCheckerAsserting$CheckerAssertingImpl.check(CheckerAsserting.scala:160)
[info]   at org.scalatestplus.scalacheck.Checkers.check(Checkers.scala:371)
[info]   at org.scalatestplus.scalacheck.Checkers.check$(Checkers.scala:369)
[info]   at frameless.TypedDatasetSuite.check(TypedDatasetSuite.scala:63)
[info]   at frameless.GroupByTests.$anonfun$new$50(GroupByTests.scala:95)
[info]   at org.scalatest.OutcomeOf.outcomeOf(OutcomeOf.scala:85)
[info]   at org.scalatest.OutcomeOf.outcomeOf$(OutcomeOf.scala:83)
[info]   at org.scalatest.OutcomeOf$.outcomeOf(OutcomeOf.scala:104)
[info]   at org.scalatest.Transformer.apply(Transformer.scala:22)
[info]   at org.scalatest.Transformer.apply(Transformer.scala:20)
[info]   at org.scalatest.funsuite.AnyFunSuiteLike$$anon$1.apply(AnyFunSuiteLike.scala:226)
[info]   at org.scalatest.TestSuite.withFixture(TestSuite.scala:196)
[info]   at org.scalatest.TestSuite.withFixture$(TestSuite.scala:195)
[info]   at org.scalatest.funsuite.AnyFunSuite.withFixture(AnyFunSuite.scala:1564)
[info]   at org.scalatest.funsuite.AnyFunSuiteLike.invokeWithFixture$1(AnyFunSuiteLike.scala:224)
[info]   at org.scalatest.funsuite.AnyFunSuiteLike.$anonfun$runTest$1(AnyFunSuiteLike.scala:236)
[info]   at org.scalatest.SuperEngine.runTestImpl(Engine.scala:306)
[info]   at org.scalatest.funsuite.AnyFunSuiteLike.runTest(AnyFunSuiteLike.scala:236)
[info]   at org.scalatest.funsuite.AnyFunSuiteLike.runTest$(AnyFunSuiteLike.scala:218)
[info]   at org.scalatest.funsuite.AnyFunSuite.runTest(AnyFunSuite.scala:1564)
[info]   at org.scalatest.funsuite.AnyFunSuiteLike.$anonfun$runTests$1(AnyFunSuiteLike.scala:269)
[info]   at org.scalatest.SuperEngine.$anonfun$runTestsInBranch$1(Engine.scala:413)
[info]   at scala.collection.immutable.List.foreach(List.scala:334)
[info]   at org.scalatest.SuperEngine.traverseSubNodes$1(Engine.scala:401)
[info]   at org.scalatest.SuperEngine.runTestsInBranch(Engine.scala:396)
[info]   at org.scalatest.SuperEngine.runTestsImpl(Engine.scala:475)
[info]   at org.scalatest.funsuite.AnyFunSuiteLike.runTests(AnyFunSuiteLike.scala:269)
[info]   at org.scalatest.funsuite.AnyFunSuiteLike.runTests$(AnyFunSuiteLike.scala:268)
[info]   at org.scalatest.funsuite.AnyFunSuite.runTests(AnyFunSuite.scala:1564)
[info]   at org.scalatest.Suite.run(Suite.scala:1114)
[info]   at org.scalatest.Suite.run$(Suite.scala:1096)
[info]   at org.scalatest.funsuite.AnyFunSuite.org$scalatest$funsuite$AnyFunSuiteLike$$super$run(AnyFunSuite.scala:1564)
[info]   at org.scalatest.funsuite.AnyFunSuiteLike.$anonfun$run$1(AnyFunSuiteLike.scala:273)
[info]   at org.scalatest.SuperEngine.runImpl(Engine.scala:535)
[info]   at org.scalatest.funsuite.AnyFunSuiteLike.run(AnyFunSuiteLike.scala:273)
[info]   at org.scalatest.funsuite.AnyFunSuiteLike.run$(AnyFunSuiteLike.scala:272)
[info]   at frameless.TypedDatasetSuite.org$scalatest$BeforeAndAfterAll$$super$run(TypedDatasetSuite.scala:63)
[info]   at org.scalatest.BeforeAndAfterAll.liftedTree1$1(BeforeAndAfterAll.scala:213)
[info]   at org.scalatest.BeforeAndAfterAll.run(BeforeAndAfterAll.scala:210)
[info]   at org.scalatest.BeforeAndAfterAll.run$(BeforeAndAfterAll.scala:208)
[info]   at frameless.TypedDatasetSuite.run(TypedDatasetSuite.scala:63)
[info]   at org.scalatest.tools.Framework.org$scalatest$tools$Framework$$runSuite(Framework.scala:321)
[info]   at org.scalatest.tools.Framework$ScalaTestTask.execute(Framework.scala:517)
[info]   at sbt.ForkMain$Run.lambda$runTest$1(ForkMain.java:414)
[info]   at java.base/java.util.concurrent.FutureTask.run(FutureTask.java:317)
[info]   at java.base/java.util.concurrent.ThreadPoolExecutor.runWorker(ThreadPoolExecutor.java:1144)
[info]   at java.base/java.util.concurrent.ThreadPoolExecutor$Worker.run(ThreadPoolExecutor.java:642)
[info]   at java.base/java.lang.Thread.run(Thread.java:1583)
[info]   Cause: java.lang.IllegalArgumentException: argument type mismatch
[info]   at java.base/jdk.internal.reflect.DirectConstructorHandleAccessor.newInstance(DirectConstructorHandleAccessor.java:65)
[info]   at java.base/java.lang.reflect.Constructor.newInstanceWithCaller(Constructor.java:502)
[info]   at java.base/java.lang.reflect.Constructor.newInstance(Constructor.java:486)
[info]   at frameless.TypedExpressionEncoder$.$anonfun$apply$3(TypedExpressionEncoder.scala:55)
[info]   at scala.Option.map(Option.scala:242)
[info]   at frameless.TypedExpressionEncoder$.apply(TypedExpressionEncoder.scala:54)
[info]   at frameless.TypedDataset$.create(TypedDataset.scala:1325)
[info]   at frameless.GroupByTests.prop$4(GroupByTests.scala:82)
[info]   at frameless.GroupByTests.$anonfun$new$66(GroupByTests.scala:95)
[info]   at scala.Function1.$anonfun$andThen$1(Function1.scala:87)
[info]   at org.scalacheck.Prop$.$anonfun$forAllShrink$2(Prop.scala:868)
[info]   at org.scalacheck.Prop$.secure(Prop.scala:484)
[info]   at org.scalacheck.Prop$.result$1(Prop.scala:868)
[info]   at org.scalacheck.Prop$.$anonfun$forAllShrink$1(Prop.scala:915)
[info]   at org.scalacheck.Prop$.$anonfun$apply$1(Prop.scala:305)
[info]   at org.scalacheck.PropFromFun.apply(Prop.scala:20)
[info]   at org.scalacheck.Test$.workerFun$1(Test.scala:486)
[info]   at org.scalacheck.Test$.$anonfun$check$4(Test.scala:518)
[info]   at org.scalacheck.Test$.$anonfun$check$4$adapted(Test.scala:518)
[info]   at org.scalacheck.Platform$.runWorkers(Platform.scala:42)
[info]   at org.scalacheck.Test$.check(Test.scala:518)
[info]   at org.scalatestplus.scalacheck.UnitCheckerAsserting$CheckerAssertingImpl.check(CheckerAsserting.scala:90)
[info]   at org.scalatestplus.scalacheck.Checkers.check(Checkers.scala:371)
[info]   at org.scalatestplus.scalacheck.Checkers.check$(Checkers.scala:369)
[info]   at frameless.TypedDatasetSuite.check(TypedDatasetSuite.scala:63)
[info]   at frameless.GroupByTests.$anonfun$new$50(GroupByTests.scala:95)
[info]   at org.scalatest.OutcomeOf.outcomeOf(OutcomeOf.scala:85)
[info]   at org.scalatest.OutcomeOf.outcomeOf$(OutcomeOf.scala:83)
[info]   at org.scalatest.OutcomeOf$.outcomeOf(OutcomeOf.scala:104)
[info]   at org.scalatest.Transformer.apply(Transformer.scala:22)
[info]   at org.scalatest.Transformer.apply(Transformer.scala:20)
[info]   at org.scalatest.funsuite.AnyFunSuiteLike$$anon$1.apply(AnyFunSuiteLike.scala:226)
[info]   at org.scalatest.TestSuite.withFixture(TestSuite.scala:196)
[info]   at org.scalatest.TestSuite.withFixture$(TestSuite.scala:195)
[info]   at org.scalatest.funsuite.AnyFunSuite.withFixture(AnyFunSuite.scala:1564)
[info]   at org.scalatest.funsuite.AnyFunSuiteLike.invokeWithFixture$1(AnyFunSuiteLike.scala:224)
[info]   at org.scalatest.funsuite.AnyFunSuiteLike.$anonfun$runTest$1(AnyFunSuiteLike.scala:236)
[info]   at org.scalatest.SuperEngine.runTestImpl(Engine.scala:306)
[info]   at org.scalatest.funsuite.AnyFunSuiteLike.runTest(AnyFunSuiteLike.scala:236)
[info]   at org.scalatest.funsuite.AnyFunSuiteLike.runTest$(AnyFunSuiteLike.scala:218)
[info]   at org.scalatest.funsuite.AnyFunSuite.runTest(AnyFunSuite.scala:1564)
[info]   at org.scalatest.funsuite.AnyFunSuiteLike.$anonfun$runTests$1(AnyFunSuiteLike.scala:269)
[info]   at org.scalatest.SuperEngine.$anonfun$runTestsInBranch$1(Engine.scala:413)
[info]   at scala.collection.immutable.List.foreach(List.scala:334)
[info]   at org.scalatest.SuperEngine.traverseSubNodes$1(Engine.scala:401)
[info]   at org.scalatest.SuperEngine.runTestsInBranch(Engine.scala:396)
[info]   at org.scalatest.SuperEngine.runTestsImpl(Engine.scala:475)
[info]   at org.scalatest.funsuite.AnyFunSuiteLike.runTests(AnyFunSuiteLike.scala:269)
[info]   at org.scalatest.funsuite.AnyFunSuiteLike.runTests$(AnyFunSuiteLike.scala:268)
[info]   at org.scalatest.funsuite.AnyFunSuite.runTests(AnyFunSuite.scala:1564)
[info]   at org.scalatest.Suite.run(Suite.scala:1114)
[info]   at org.scalatest.Suite.run$(Suite.scala:1096)
[info]   at org.scalatest.funsuite.AnyFunSuite.org$scalatest$funsuite$AnyFunSuiteLike$$super$run(AnyFunSuite.scala:1564)
[info]   at org.scalatest.funsuite.AnyFunSuiteLike.$anonfun$run$1(AnyFunSuiteLike.scala:273)
[info]   at org.scalatest.SuperEngine.runImpl(Engine.scala:535)
[info]   at org.scalatest.funsuite.AnyFunSuiteLike.run(AnyFunSuiteLike.scala:273)
[info]   at org.scalatest.funsuite.AnyFunSuiteLike.run$(AnyFunSuiteLike.scala:272)
[info]   at frameless.TypedDatasetSuite.org$scalatest$BeforeAndAfterAll$$super$run(TypedDatasetSuite.scala:63)
[info]   at org.scalatest.BeforeAndAfterAll.liftedTree1$1(BeforeAndAfterAll.scala:213)
[info]   at org.scalatest.BeforeAndAfterAll.run(BeforeAndAfterAll.scala:210)
[info]   at org.scalatest.BeforeAndAfterAll.run$(BeforeAndAfterAll.scala:208)
[info]   at frameless.TypedDatasetSuite.run(TypedDatasetSuite.scala:63)
[info]   at org.scalatest.tools.Framework.org$scalatest$tools$Framework$$runSuite(Framework.scala:321)
[info]   at org.scalatest.tools.Framework$ScalaTestTask.execute(Framework.scala:517)
[info]   at sbt.ForkMain$Run.lambda$runTest$1(ForkMain.java:414)
[info]   at java.base/java.util.concurrent.FutureTask.run(FutureTask.java:317)
[info]   at java.base/java.util.concurrent.ThreadPoolExecutor.runWorker(ThreadPoolExecutor.java:1144)
[info]   at java.base/java.util.concurrent.ThreadPoolExecutor$Worker.run(ThreadPoolExecutor.java:642)
[info]   at java.base/java.lang.Thread.run(Thread.java:1583)
[info]   Cause: java.lang.ClassCastException: Cannot cast scala.reflect.ClassTag$GenericClassTag to org.apache.spark.sql.catalyst.expressions.Expression
[info]   at java.base/java.lang.Class.cast(Class.java:4067)
[info]   at java.base/jdk.internal.reflect.DirectConstructorHandleAccessor.newInstance(DirectConstructorHandleAccessor.java:62)
[info]   at java.base/java.lang.reflect.Constructor.newInstanceWithCaller(Constructor.java:502)
[info]   at java.base/java.lang.reflect.Constructor.newInstance(Constructor.java:486)
[info]   at frameless.TypedExpressionEncoder$.$anonfun$apply$3(TypedExpressionEncoder.scala:55)
[info]   at scala.Option.map(Option.scala:242)
[info]   at frameless.TypedExpressionEncoder$.apply(TypedExpressionEncoder.scala:54)
[info]   at frameless.TypedDataset$.create(TypedDataset.scala:1325)
[info]   at frameless.GroupByTests.prop$4(GroupByTests.scala:82)
[info]   at frameless.GroupByTests.$anonfun$new$66(GroupByTests.scala:95)
[info]   at scala.Function1.$anonfun$andThen$1(Function1.scala:87)
[info]   at org.scalacheck.Prop$.$anonfun$forAllShrink$2(Prop.scala:868)
[info]   at org.scalacheck.Prop$.secure(Prop.scala:484)
[info]   at org.scalacheck.Prop$.result$1(Prop.scala:868)
[info]   at org.scalacheck.Prop$.$anonfun$forAllShrink$1(Prop.scala:915)
[info]   at org.scalacheck.Prop$.$anonfun$apply$1(Prop.scala:305)
[info]   at org.scalacheck.PropFromFun.apply(Prop.scala:20)
[info]   at org.scalacheck.Test$.workerFun$1(Test.scala:486)
[info]   at org.scalacheck.Test$.$anonfun$check$4(Test.scala:518)
[info]   at org.scalacheck.Test$.$anonfun$check$4$adapted(Test.scala:518)
[info]   at org.scalacheck.Platform$.runWorkers(Platform.scala:42)
[info]   at org.scalacheck.Test$.check(Test.scala:518)
[info]   at org.scalatestplus.scalacheck.UnitCheckerAsserting$CheckerAssertingImpl.check(CheckerAsserting.scala:90)
[info]   at org.scalatestplus.scalacheck.Checkers.check(Checkers.scala:371)
[info]   at org.scalatestplus.scalacheck.Checkers.check$(Checkers.scala:369)
[info]   at frameless.TypedDatasetSuite.check(TypedDatasetSuite.scala:63)
[info]   at frameless.GroupByTests.$anonfun$new$50(GroupByTests.scala:95)
[info]   at org.scalatest.OutcomeOf.outcomeOf(OutcomeOf.scala:85)
[info]   at org.scalatest.OutcomeOf.outcomeOf$(OutcomeOf.scala:83)
[info]   at org.scalatest.OutcomeOf$.outcomeOf(OutcomeOf.scala:104)
[info]   at org.scalatest.Transformer.apply(Transformer.scala:22)
[info]   at org.scalatest.Transformer.apply(Transformer.scala:20)
[info]   at org.scalatest.funsuite.AnyFunSuiteLike$$anon$1.apply(AnyFunSuiteLike.scala:226)
[info]   at org.scalatest.TestSuite.withFixture(TestSuite.scala:196)
[info]   at org.scalatest.TestSuite.withFixture$(TestSuite.scala:195)
[info]   at org.scalatest.funsuite.AnyFunSuite.withFixture(AnyFunSuite.scala:1564)
[info]   at org.scalatest.funsuite.AnyFunSuiteLike.invokeWithFixture$1(AnyFunSuiteLike.scala:224)
[info]   at org.scalatest.funsuite.AnyFunSuiteLike.$anonfun$runTest$1(AnyFunSuiteLike.scala:236)
[info]   at org.scalatest.SuperEngine.runTestImpl(Engine.scala:306)
[info]   at org.scalatest.funsuite.AnyFunSuiteLike.runTest(AnyFunSuiteLike.scala:236)
[info]   at org.scalatest.funsuite.AnyFunSuiteLike.runTest$(AnyFunSuiteLike.scala:218)
[info]   at org.scalatest.funsuite.AnyFunSuite.runTest(AnyFunSuite.scala:1564)
[info]   at org.scalatest.funsuite.AnyFunSuiteLike.$anonfun$runTests$1(AnyFunSuiteLike.scala:269)
[info]   at org.scalatest.SuperEngine.$anonfun$runTestsInBranch$1(Engine.scala:413)
[info]   at scala.collection.immutable.List.foreach(List.scala:334)
[info]   at org.scalatest.SuperEngine.traverseSubNodes$1(Engine.scala:401)
[info]   at org.scalatest.SuperEngine.runTestsInBranch(Engine.scala:396)
[info]   at org.scalatest.SuperEngine.runTestsImpl(Engine.scala:475)
[info]   at org.scalatest.funsuite.AnyFunSuiteLike.runTests(AnyFunSuiteLike.scala:269)
[info]   at org.scalatest.funsuite.AnyFunSuiteLike.runTests$(AnyFunSuiteLike.scala:268)
[info]   at org.scalatest.funsuite.AnyFunSuite.runTests(AnyFunSuite.scala:1564)
[info]   at org.scalatest.Suite.run(Suite.scala:1114)
[info]   at org.scalatest.Suite.run$(Suite.scala:1096)
[info]   at org.scalatest.funsuite.AnyFunSuite.org$scalatest$funsuite$AnyFunSuiteLike$$super$run(AnyFunSuite.scala:1564)
[info]   at org.scalatest.funsuite.AnyFunSuiteLike.$anonfun$run$1(AnyFunSuiteLike.scala:273)
[info]   at org.scalatest.SuperEngine.runImpl(Engine.scala:535)
[info]   at org.scalatest.funsuite.AnyFunSuiteLike.run(AnyFunSuiteLike.scala:273)
[info]   at org.scalatest.funsuite.AnyFunSuiteLike.run$(AnyFunSuiteLike.scala:272)
[info]   at frameless.TypedDatasetSuite.org$scalatest$BeforeAndAfterAll$$super$run(TypedDatasetSuite.scala:63)
[info]   at org.scalatest.BeforeAndAfterAll.liftedTree1$1(BeforeAndAfterAll.scala:213)
[info]   at org.scalatest.BeforeAndAfterAll.run(BeforeAndAfterAll.scala:210)
[info]   at org.scalatest.BeforeAndAfterAll.run$(BeforeAndAfterAll.scala:208)
[info]   at frameless.TypedDatasetSuite.run(TypedDatasetSuite.scala:63)
[info]   at org.scalatest.tools.Framework.org$scalatest$tools$Framework$$runSuite(Framework.scala:321)
[info]   at org.scalatest.tools.Framework$ScalaTestTask.execute(Framework.scala:517)
[info]   at sbt.ForkMain$Run.lambda$runTest$1(ForkMain.java:414)
[info]   at java.base/java.util.concurrent.FutureTask.run(FutureTask.java:317)
[info]   at java.base/java.util.concurrent.ThreadPoolExecutor.runWorker(ThreadPoolExecutor.java:1144)
[info]   at java.base/java.util.concurrent.ThreadPoolExecutor$Worker.run(ThreadPoolExecutor.java:642)
[info]   at java.base/java.lang.Thread.run(Thread.java:1583)
[info] - agg(sum('a), sum('b), min('c), max('d)) *** FAILED *** (1 millisecond)
[info]   IllegalArgumentException was thrown during property evaluation.
[info]     Message: argument type mismatch
[info]     Occurred when passed generated values (
[info]       arg0 = List()
[info]     )
[info]   org.scalatest.exceptions.GeneratorDrivenPropertyCheckFailedException:
[info]   at org.scalatestplus.scalacheck.CheckerAsserting$$anon$2.indicateFailure(CheckerAsserting.scala:251)
[info]   at org.scalatestplus.scalacheck.CheckerAsserting$$anon$2.indicateFailure(CheckerAsserting.scala:238)
[info]   at org.scalatestplus.scalacheck.UnitCheckerAsserting$CheckerAssertingImpl.check(CheckerAsserting.scala:160)
[info]   at org.scalatestplus.scalacheck.Checkers.check(Checkers.scala:371)
[info]   at org.scalatestplus.scalacheck.Checkers.check$(Checkers.scala:369)
[info]   at frameless.TypedDatasetSuite.check(TypedDatasetSuite.scala:63)
[info]   at frameless.GroupByTests.$anonfun$new$68(GroupByTests.scala:126)
[info]   at org.scalatest.OutcomeOf.outcomeOf(OutcomeOf.scala:85)
[info]   at org.scalatest.OutcomeOf.outcomeOf$(OutcomeOf.scala:83)
[info]   at org.scalatest.OutcomeOf$.outcomeOf(OutcomeOf.scala:104)
[info]   at org.scalatest.Transformer.apply(Transformer.scala:22)
[info]   at org.scalatest.Transformer.apply(Transformer.scala:20)
[info]   at org.scalatest.funsuite.AnyFunSuiteLike$$anon$1.apply(AnyFunSuiteLike.scala:226)
[info]   at org.scalatest.TestSuite.withFixture(TestSuite.scala:196)
[info]   at org.scalatest.TestSuite.withFixture$(TestSuite.scala:195)
[info]   at org.scalatest.funsuite.AnyFunSuite.withFixture(AnyFunSuite.scala:1564)
[info]   at org.scalatest.funsuite.AnyFunSuiteLike.invokeWithFixture$1(AnyFunSuiteLike.scala:224)
[info]   at org.scalatest.funsuite.AnyFunSuiteLike.$anonfun$runTest$1(AnyFunSuiteLike.scala:236)
[info]   at org.scalatest.SuperEngine.runTestImpl(Engine.scala:306)
[info]   at org.scalatest.funsuite.AnyFunSuiteLike.runTest(AnyFunSuiteLike.scala:236)
[info]   at org.scalatest.funsuite.AnyFunSuiteLike.runTest$(AnyFunSuiteLike.scala:218)
[info]   at org.scalatest.funsuite.AnyFunSuite.runTest(AnyFunSuite.scala:1564)
[info]   at org.scalatest.funsuite.AnyFunSuiteLike.$anonfun$runTests$1(AnyFunSuiteLike.scala:269)
[info]   at org.scalatest.SuperEngine.$anonfun$runTestsInBranch$1(Engine.scala:413)
[info]   at scala.collection.immutable.List.foreach(List.scala:334)
[info]   at org.scalatest.SuperEngine.traverseSubNodes$1(Engine.scala:401)
[info]   at org.scalatest.SuperEngine.runTestsInBranch(Engine.scala:396)
[info]   at org.scalatest.SuperEngine.runTestsImpl(Engine.scala:475)
[info]   at org.scalatest.funsuite.AnyFunSuiteLike.runTests(AnyFunSuiteLike.scala:269)
[info]   at org.scalatest.funsuite.AnyFunSuiteLike.runTests$(AnyFunSuiteLike.scala:268)
[info]   at org.scalatest.funsuite.AnyFunSuite.runTests(AnyFunSuite.scala:1564)
[info]   at org.scalatest.Suite.run(Suite.scala:1114)
[info]   at org.scalatest.Suite.run$(Suite.scala:1096)
[info]   at org.scalatest.funsuite.AnyFunSuite.org$scalatest$funsuite$AnyFunSuiteLike$$super$run(AnyFunSuite.scala:1564)
[info]   at org.scalatest.funsuite.AnyFunSuiteLike.$anonfun$run$1(AnyFunSuiteLike.scala:273)
[info]   at org.scalatest.SuperEngine.runImpl(Engine.scala:535)
[info]   at org.scalatest.funsuite.AnyFunSuiteLike.run(AnyFunSuiteLike.scala:273)
[info]   at org.scalatest.funsuite.AnyFunSuiteLike.run$(AnyFunSuiteLike.scala:272)
[info]   at frameless.TypedDatasetSuite.org$scalatest$BeforeAndAfterAll$$super$run(TypedDatasetSuite.scala:63)
[info]   at org.scalatest.BeforeAndAfterAll.liftedTree1$1(BeforeAndAfterAll.scala:213)
[info]   at org.scalatest.BeforeAndAfterAll.run(BeforeAndAfterAll.scala:210)
[info]   at org.scalatest.BeforeAndAfterAll.run$(BeforeAndAfterAll.scala:208)
[info]   at frameless.TypedDatasetSuite.run(TypedDatasetSuite.scala:63)
[info]   at org.scalatest.tools.Framework.org$scalatest$tools$Framework$$runSuite(Framework.scala:321)
[info]   at org.scalatest.tools.Framework$ScalaTestTask.execute(Framework.scala:517)
[info]   at sbt.ForkMain$Run.lambda$runTest$1(ForkMain.java:414)
[info]   at java.base/java.util.concurrent.FutureTask.run(FutureTask.java:317)
[info]   at java.base/java.util.concurrent.ThreadPoolExecutor.runWorker(ThreadPoolExecutor.java:1144)
[info]   at java.base/java.util.concurrent.ThreadPoolExecutor$Worker.run(ThreadPoolExecutor.java:642)
[info]   at java.base/java.lang.Thread.run(Thread.java:1583)
[info]   Cause: java.lang.IllegalArgumentException: argument type mismatch
[info]   at java.base/jdk.internal.reflect.DirectConstructorHandleAccessor.newInstance(DirectConstructorHandleAccessor.java:65)
[info]   at java.base/java.lang.reflect.Constructor.newInstanceWithCaller(Constructor.java:502)
[info]   at java.base/java.lang.reflect.Constructor.newInstance(Constructor.java:486)
[info]   at frameless.TypedExpressionEncoder$.$anonfun$apply$3(TypedExpressionEncoder.scala:55)
[info]   at scala.Option.map(Option.scala:242)
[info]   at frameless.TypedExpressionEncoder$.apply(TypedExpressionEncoder.scala:54)
[info]   at frameless.TypedDataset$.create(TypedDataset.scala:1325)
[info]   at frameless.GroupByTests.prop$5(GroupByTests.scala:111)
[info]   at frameless.GroupByTests.$anonfun$new$87(GroupByTests.scala:126)
[info]   at scala.Function1.$anonfun$andThen$1(Function1.scala:87)
[info]   at org.scalacheck.Prop$.$anonfun$forAllShrink$2(Prop.scala:868)
[info]   at org.scalacheck.Prop$.secure(Prop.scala:484)
[info]   at org.scalacheck.Prop$.result$1(Prop.scala:868)
[info]   at org.scalacheck.Prop$.$anonfun$forAllShrink$1(Prop.scala:915)
[info]   at org.scalacheck.Prop$.$anonfun$apply$1(Prop.scala:305)
[info]   at org.scalacheck.PropFromFun.apply(Prop.scala:20)
[info]   at org.scalacheck.Test$.workerFun$1(Test.scala:486)
[info]   at org.scalacheck.Test$.$anonfun$check$4(Test.scala:518)
[info]   at org.scalacheck.Test$.$anonfun$check$4$adapted(Test.scala:518)
[info]   at org.scalacheck.Platform$.runWorkers(Platform.scala:42)
[info]   at org.scalacheck.Test$.check(Test.scala:518)
[info]   at org.scalatestplus.scalacheck.UnitCheckerAsserting$CheckerAssertingImpl.check(CheckerAsserting.scala:90)
[info]   at org.scalatestplus.scalacheck.Checkers.check(Checkers.scala:371)
[info]   at org.scalatestplus.scalacheck.Checkers.check$(Checkers.scala:369)
[info]   at frameless.TypedDatasetSuite.check(TypedDatasetSuite.scala:63)
[info]   at frameless.GroupByTests.$anonfun$new$68(GroupByTests.scala:126)
[info]   at org.scalatest.OutcomeOf.outcomeOf(OutcomeOf.scala:85)
[info]   at org.scalatest.OutcomeOf.outcomeOf$(OutcomeOf.scala:83)
[info]   at org.scalatest.OutcomeOf$.outcomeOf(OutcomeOf.scala:104)
[info]   at org.scalatest.Transformer.apply(Transformer.scala:22)
[info]   at org.scalatest.Transformer.apply(Transformer.scala:20)
[info]   at org.scalatest.funsuite.AnyFunSuiteLike$$anon$1.apply(AnyFunSuiteLike.scala:226)
[info]   at org.scalatest.TestSuite.withFixture(TestSuite.scala:196)
[info]   at org.scalatest.TestSuite.withFixture$(TestSuite.scala:195)
[info]   at org.scalatest.funsuite.AnyFunSuite.withFixture(AnyFunSuite.scala:1564)
[info]   at org.scalatest.funsuite.AnyFunSuiteLike.invokeWithFixture$1(AnyFunSuiteLike.scala:224)
[info]   at org.scalatest.funsuite.AnyFunSuiteLike.$anonfun$runTest$1(AnyFunSuiteLike.scala:236)
[info]   at org.scalatest.SuperEngine.runTestImpl(Engine.scala:306)
[info]   at org.scalatest.funsuite.AnyFunSuiteLike.runTest(AnyFunSuiteLike.scala:236)
[info]   at org.scalatest.funsuite.AnyFunSuiteLike.runTest$(AnyFunSuiteLike.scala:218)
[info]   at org.scalatest.funsuite.AnyFunSuite.runTest(AnyFunSuite.scala:1564)
[info]   at org.scalatest.funsuite.AnyFunSuiteLike.$anonfun$runTests$1(AnyFunSuiteLike.scala:269)
[info]   at org.scalatest.SuperEngine.$anonfun$runTestsInBranch$1(Engine.scala:413)
[info]   at scala.collection.immutable.List.foreach(List.scala:334)
[info]   at org.scalatest.SuperEngine.traverseSubNodes$1(Engine.scala:401)
[info]   at org.scalatest.SuperEngine.runTestsInBranch(Engine.scala:396)
[info]   at org.scalatest.SuperEngine.runTestsImpl(Engine.scala:475)
[info]   at org.scalatest.funsuite.AnyFunSuiteLike.runTests(AnyFunSuiteLike.scala:269)
[info]   at org.scalatest.funsuite.AnyFunSuiteLike.runTests$(AnyFunSuiteLike.scala:268)
[info]   at org.scalatest.funsuite.AnyFunSuite.runTests(AnyFunSuite.scala:1564)
[info]   at org.scalatest.Suite.run(Suite.scala:1114)
[info]   at org.scalatest.Suite.run$(Suite.scala:1096)
[info]   at org.scalatest.funsuite.AnyFunSuite.org$scalatest$funsuite$AnyFunSuiteLike$$super$run(AnyFunSuite.scala:1564)
[info]   at org.scalatest.funsuite.AnyFunSuiteLike.$anonfun$run$1(AnyFunSuiteLike.scala:273)
[info]   at org.scalatest.SuperEngine.runImpl(Engine.scala:535)
[info]   at org.scalatest.funsuite.AnyFunSuiteLike.run(AnyFunSuiteLike.scala:273)
[info]   at org.scalatest.funsuite.AnyFunSuiteLike.run$(AnyFunSuiteLike.scala:272)
[info]   at frameless.TypedDatasetSuite.org$scalatest$BeforeAndAfterAll$$super$run(TypedDatasetSuite.scala:63)
[info]   at org.scalatest.BeforeAndAfterAll.liftedTree1$1(BeforeAndAfterAll.scala:213)
[info]   at org.scalatest.BeforeAndAfterAll.run(BeforeAndAfterAll.scala:210)
[info]   at org.scalatest.BeforeAndAfterAll.run$(BeforeAndAfterAll.scala:208)
[info]   at frameless.TypedDatasetSuite.run(TypedDatasetSuite.scala:63)
[info]   at org.scalatest.tools.Framework.org$scalatest$tools$Framework$$runSuite(Framework.scala:321)
[info]   at org.scalatest.tools.Framework$ScalaTestTask.execute(Framework.scala:517)
[info]   at sbt.ForkMain$Run.lambda$runTest$1(ForkMain.java:414)
[info]   at java.base/java.util.concurrent.FutureTask.run(FutureTask.java:317)
[info]   at java.base/java.util.concurrent.ThreadPoolExecutor.runWorker(ThreadPoolExecutor.java:1144)
[info]   at java.base/java.util.concurrent.ThreadPoolExecutor$Worker.run(ThreadPoolExecutor.java:642)
[info]   at java.base/java.lang.Thread.run(Thread.java:1583)
[info]   Cause: java.lang.ClassCastException: Cannot cast scala.reflect.ClassTag$GenericClassTag to org.apache.spark.sql.catalyst.expressions.Expression
[info]   at java.base/java.lang.Class.cast(Class.java:4067)
[info]   at java.base/jdk.internal.reflect.DirectConstructorHandleAccessor.newInstance(DirectConstructorHandleAccessor.java:62)
[info]   at java.base/java.lang.reflect.Constructor.newInstanceWithCaller(Constructor.java:502)
[info]   at java.base/java.lang.reflect.Constructor.newInstance(Constructor.java:486)
[info]   at frameless.TypedExpressionEncoder$.$anonfun$apply$3(TypedExpressionEncoder.scala:55)
[info]   at scala.Option.map(Option.scala:242)
[info]   at frameless.TypedExpressionEncoder$.apply(TypedExpressionEncoder.scala:54)
[info]   at frameless.TypedDataset$.create(TypedDataset.scala:1325)
[info]   at frameless.GroupByTests.prop$5(GroupByTests.scala:111)
[info]   at frameless.GroupByTests.$anonfun$new$87(GroupByTests.scala:126)
[info]   at scala.Function1.$anonfun$andThen$1(Function1.scala:87)
[info]   at org.scalacheck.Prop$.$anonfun$forAllShrink$2(Prop.scala:868)
[info]   at org.scalacheck.Prop$.secure(Prop.scala:484)
[info]   at org.scalacheck.Prop$.result$1(Prop.scala:868)
[info]   at org.scalacheck.Prop$.$anonfun$forAllShrink$1(Prop.scala:915)
[info]   at org.scalacheck.Prop$.$anonfun$apply$1(Prop.scala:305)
[info]   at org.scalacheck.PropFromFun.apply(Prop.scala:20)
[info]   at org.scalacheck.Test$.workerFun$1(Test.scala:486)
[info]   at org.scalacheck.Test$.$anonfun$check$4(Test.scala:518)
[info]   at org.scalacheck.Test$.$anonfun$check$4$adapted(Test.scala:518)
[info]   at org.scalacheck.Platform$.runWorkers(Platform.scala:42)
[info]   at org.scalacheck.Test$.check(Test.scala:518)
[info]   at org.scalatestplus.scalacheck.UnitCheckerAsserting$CheckerAssertingImpl.check(CheckerAsserting.scala:90)
[info]   at org.scalatestplus.scalacheck.Checkers.check(Checkers.scala:371)
[info]   at org.scalatestplus.scalacheck.Checkers.check$(Checkers.scala:369)
[info]   at frameless.TypedDatasetSuite.check(TypedDatasetSuite.scala:63)
[info]   at frameless.GroupByTests.$anonfun$new$68(GroupByTests.scala:126)
[info]   at org.scalatest.OutcomeOf.outcomeOf(OutcomeOf.scala:85)
[info]   at org.scalatest.OutcomeOf.outcomeOf$(OutcomeOf.scala:83)
[info]   at org.scalatest.OutcomeOf$.outcomeOf(OutcomeOf.scala:104)
[info]   at org.scalatest.Transformer.apply(Transformer.scala:22)
[info]   at org.scalatest.Transformer.apply(Transformer.scala:20)
[info]   at org.scalatest.funsuite.AnyFunSuiteLike$$anon$1.apply(AnyFunSuiteLike.scala:226)
[info]   at org.scalatest.TestSuite.withFixture(TestSuite.scala:196)
[info]   at org.scalatest.TestSuite.withFixture$(TestSuite.scala:195)
[info]   at org.scalatest.funsuite.AnyFunSuite.withFixture(AnyFunSuite.scala:1564)
[info]   at org.scalatest.funsuite.AnyFunSuiteLike.invokeWithFixture$1(AnyFunSuiteLike.scala:224)
[info]   at org.scalatest.funsuite.AnyFunSuiteLike.$anonfun$runTest$1(AnyFunSuiteLike.scala:236)
[info]   at org.scalatest.SuperEngine.runTestImpl(Engine.scala:306)
[info]   at org.scalatest.funsuite.AnyFunSuiteLike.runTest(AnyFunSuiteLike.scala:236)
[info]   at org.scalatest.funsuite.AnyFunSuiteLike.runTest$(AnyFunSuiteLike.scala:218)
[info]   at org.scalatest.funsuite.AnyFunSuite.runTest(AnyFunSuite.scala:1564)
[info]   at org.scalatest.funsuite.AnyFunSuiteLike.$anonfun$runTests$1(AnyFunSuiteLike.scala:269)
[info]   at org.scalatest.SuperEngine.$anonfun$runTestsInBranch$1(Engine.scala:413)
[info]   at scala.collection.immutable.List.foreach(List.scala:334)
[info]   at org.scalatest.SuperEngine.traverseSubNodes$1(Engine.scala:401)
[info]   at org.scalatest.SuperEngine.runTestsInBranch(Engine.scala:396)
[info]   at org.scalatest.SuperEngine.runTestsImpl(Engine.scala:475)
[info]   at org.scalatest.funsuite.AnyFunSuiteLike.runTests(AnyFunSuiteLike.scala:269)
[info]   at org.scalatest.funsuite.AnyFunSuiteLike.runTests$(AnyFunSuiteLike.scala:268)
[info]   at org.scalatest.funsuite.AnyFunSuite.runTests(AnyFunSuite.scala:1564)
[info]   at org.scalatest.Suite.run(Suite.scala:1114)
[info]   at org.scalatest.Suite.run$(Suite.scala:1096)
[info]   at org.scalatest.funsuite.AnyFunSuite.org$scalatest$funsuite$AnyFunSuiteLike$$super$run(AnyFunSuite.scala:1564)
[info]   at org.scalatest.funsuite.AnyFunSuiteLike.$anonfun$run$1(AnyFunSuiteLike.scala:273)
[info]   at org.scalatest.SuperEngine.runImpl(Engine.scala:535)
[info]   at org.scalatest.funsuite.AnyFunSuiteLike.run(AnyFunSuiteLike.scala:273)
[info]   at org.scalatest.funsuite.AnyFunSuiteLike.run$(AnyFunSuiteLike.scala:272)
[info]   at frameless.TypedDatasetSuite.org$scalatest$BeforeAndAfterAll$$super$run(TypedDatasetSuite.scala:63)
[info]   at org.scalatest.BeforeAndAfterAll.liftedTree1$1(BeforeAndAfterAll.scala:213)
[info]   at org.scalatest.BeforeAndAfterAll.run(BeforeAndAfterAll.scala:210)
[info]   at org.scalatest.BeforeAndAfterAll.run$(BeforeAndAfterAll.scala:208)
[info]   at frameless.TypedDatasetSuite.run(TypedDatasetSuite.scala:63)
[info]   at org.scalatest.tools.Framework.org$scalatest$tools$Framework$$runSuite(Framework.scala:321)
[info]   at org.scalatest.tools.Framework$ScalaTestTask.execute(Framework.scala:517)
[info]   at sbt.ForkMain$Run.lambda$runTest$1(ForkMain.java:414)
[info]   at java.base/java.util.concurrent.FutureTask.run(FutureTask.java:317)
[info]   at java.base/java.util.concurrent.ThreadPoolExecutor.runWorker(ThreadPoolExecutor.java:1144)
[info]   at java.base/java.util.concurrent.ThreadPoolExecutor$Worker.run(ThreadPoolExecutor.java:642)
[info]   at java.base/java.lang.Thread.run(Thread.java:1583)
[info] - groupBy('a).agg(sum('b)) *** FAILED *** (2 milliseconds)
[info]   IllegalArgumentException was thrown during property evaluation.
[info]     Message: argument type mismatch
[info]     Occurred when passed generated values (
[info]       arg0 = List()
[info]     )
[info]   org.scalatest.exceptions.GeneratorDrivenPropertyCheckFailedException:
[info]   at org.scalatestplus.scalacheck.CheckerAsserting$$anon$2.indicateFailure(CheckerAsserting.scala:251)
[info]   at org.scalatestplus.scalacheck.CheckerAsserting$$anon$2.indicateFailure(CheckerAsserting.scala:238)
[info]   at org.scalatestplus.scalacheck.UnitCheckerAsserting$CheckerAssertingImpl.check(CheckerAsserting.scala:160)
[info]   at org.scalatestplus.scalacheck.Checkers.check(Checkers.scala:371)
[info]   at org.scalatestplus.scalacheck.Checkers.check$(Checkers.scala:369)
[info]   at frameless.TypedDatasetSuite.check(TypedDatasetSuite.scala:63)
[info]   at frameless.GroupByTests.$anonfun$new$93(GroupByTests.scala:151)
[info]   at org.scalatest.OutcomeOf.outcomeOf(OutcomeOf.scala:85)
[info]   at org.scalatest.OutcomeOf.outcomeOf$(OutcomeOf.scala:83)
[info]   at org.scalatest.OutcomeOf$.outcomeOf(OutcomeOf.scala:104)
[info]   at org.scalatest.Transformer.apply(Transformer.scala:22)
[info]   at org.scalatest.Transformer.apply(Transformer.scala:20)
[info]   at org.scalatest.funsuite.AnyFunSuiteLike$$anon$1.apply(AnyFunSuiteLike.scala:226)
[info]   at org.scalatest.TestSuite.withFixture(TestSuite.scala:196)
[info]   at org.scalatest.TestSuite.withFixture$(TestSuite.scala:195)
[info]   at org.scalatest.funsuite.AnyFunSuite.withFixture(AnyFunSuite.scala:1564)
[info]   at org.scalatest.funsuite.AnyFunSuiteLike.invokeWithFixture$1(AnyFunSuiteLike.scala:224)
[info]   at org.scalatest.funsuite.AnyFunSuiteLike.$anonfun$runTest$1(AnyFunSuiteLike.scala:236)
[info]   at org.scalatest.SuperEngine.runTestImpl(Engine.scala:306)
[info]   at org.scalatest.funsuite.AnyFunSuiteLike.runTest(AnyFunSuiteLike.scala:236)
[info]   at org.scalatest.funsuite.AnyFunSuiteLike.runTest$(AnyFunSuiteLike.scala:218)
[info]   at org.scalatest.funsuite.AnyFunSuite.runTest(AnyFunSuite.scala:1564)
[info]   at org.scalatest.funsuite.AnyFunSuiteLike.$anonfun$runTests$1(AnyFunSuiteLike.scala:269)
[info]   at org.scalatest.SuperEngine.$anonfun$runTestsInBranch$1(Engine.scala:413)
[info]   at scala.collection.immutable.List.foreach(List.scala:334)
[info]   at org.scalatest.SuperEngine.traverseSubNodes$1(Engine.scala:401)
[info]   at org.scalatest.SuperEngine.runTestsInBranch(Engine.scala:396)
[info]   at org.scalatest.SuperEngine.runTestsImpl(Engine.scala:475)
[info]   at org.scalatest.funsuite.AnyFunSuiteLike.runTests(AnyFunSuiteLike.scala:269)
[info]   at org.scalatest.funsuite.AnyFunSuiteLike.runTests$(AnyFunSuiteLike.scala:268)
[info]   at org.scalatest.funsuite.AnyFunSuite.runTests(AnyFunSuite.scala:1564)
[info]   at org.scalatest.Suite.run(Suite.scala:1114)
[info]   at org.scalatest.Suite.run$(Suite.scala:1096)
[info]   at org.scalatest.funsuite.AnyFunSuite.org$scalatest$funsuite$AnyFunSuiteLike$$super$run(AnyFunSuite.scala:1564)
[info]   at org.scalatest.funsuite.AnyFunSuiteLike.$anonfun$run$1(AnyFunSuiteLike.scala:273)
[info]   at org.scalatest.SuperEngine.runImpl(Engine.scala:535)
[info]   at org.scalatest.funsuite.AnyFunSuiteLike.run(AnyFunSuiteLike.scala:273)
[info]   at org.scalatest.funsuite.AnyFunSuiteLike.run$(AnyFunSuiteLike.scala:272)
[info]   at frameless.TypedDatasetSuite.org$scalatest$BeforeAndAfterAll$$super$run(TypedDatasetSuite.scala:63)
[info]   at org.scalatest.BeforeAndAfterAll.liftedTree1$1(BeforeAndAfterAll.scala:213)
[info]   at org.scalatest.BeforeAndAfterAll.run(BeforeAndAfterAll.scala:210)
[info]   at org.scalatest.BeforeAndAfterAll.run$(BeforeAndAfterAll.scala:208)
[info]   at frameless.TypedDatasetSuite.run(TypedDatasetSuite.scala:63)
[info]   at org.scalatest.tools.Framework.org$scalatest$tools$Framework$$runSuite(Framework.scala:321)
[info]   at org.scalatest.tools.Framework$ScalaTestTask.execute(Framework.scala:517)
[info]   at sbt.ForkMain$Run.lambda$runTest$1(ForkMain.java:414)
[info]   at java.base/java.util.concurrent.FutureTask.run(FutureTask.java:317)
[info]   at java.base/java.util.concurrent.ThreadPoolExecutor.runWorker(ThreadPoolExecutor.java:1144)
[info]   at java.base/java.util.concurrent.ThreadPoolExecutor$Worker.run(ThreadPoolExecutor.java:642)
[info]   at java.base/java.lang.Thread.run(Thread.java:1583)
[info]   Cause: java.lang.IllegalArgumentException: argument type mismatch
[info]   at java.base/jdk.internal.reflect.DirectConstructorHandleAccessor.newInstance(DirectConstructorHandleAccessor.java:65)
[info]   at java.base/java.lang.reflect.Constructor.newInstanceWithCaller(Constructor.java:502)
[info]   at java.base/java.lang.reflect.Constructor.newInstance(Constructor.java:486)
[info]   at frameless.TypedExpressionEncoder$.$anonfun$apply$3(TypedExpressionEncoder.scala:55)
[info]   at scala.Option.map(Option.scala:242)
[info]   at frameless.TypedExpressionEncoder$.apply(TypedExpressionEncoder.scala:54)
[info]   at frameless.TypedDataset$.create(TypedDataset.scala:1325)
[info]   at frameless.GroupByTests.prop$6(GroupByTests.scala:141)
[info]   at frameless.GroupByTests.$anonfun$new$109(GroupByTests.scala:151)
[info]   at scala.Function1.$anonfun$andThen$1(Function1.scala:87)
[info]   at org.scalacheck.Prop$.$anonfun$forAllShrink$2(Prop.scala:868)
[info]   at org.scalacheck.Prop$.secure(Prop.scala:484)
[info]   at org.scalacheck.Prop$.result$1(Prop.scala:868)
[info]   at org.scalacheck.Prop$.$anonfun$forAllShrink$1(Prop.scala:915)
[info]   at org.scalacheck.Prop$.$anonfun$apply$1(Prop.scala:305)
[info]   at org.scalacheck.PropFromFun.apply(Prop.scala:20)
[info]   at org.scalacheck.Test$.workerFun$1(Test.scala:486)
[info]   at org.scalacheck.Test$.$anonfun$check$4(Test.scala:518)
[info]   at org.scalacheck.Test$.$anonfun$check$4$adapted(Test.scala:518)
[info]   at org.scalacheck.Platform$.runWorkers(Platform.scala:42)
[info]   at org.scalacheck.Test$.check(Test.scala:518)
[info]   at org.scalatestplus.scalacheck.UnitCheckerAsserting$CheckerAssertingImpl.check(CheckerAsserting.scala:90)
[info]   at org.scalatestplus.scalacheck.Checkers.check(Checkers.scala:371)
[info]   at org.scalatestplus.scalacheck.Checkers.check$(Checkers.scala:369)
[info]   at frameless.TypedDatasetSuite.check(TypedDatasetSuite.scala:63)
[info]   at frameless.GroupByTests.$anonfun$new$93(GroupByTests.scala:151)
[info]   at org.scalatest.OutcomeOf.outcomeOf(OutcomeOf.scala:85)
[info]   at org.scalatest.OutcomeOf.outcomeOf$(OutcomeOf.scala:83)
[info]   at org.scalatest.OutcomeOf$.outcomeOf(OutcomeOf.scala:104)
[info]   at org.scalatest.Transformer.apply(Transformer.scala:22)
[info]   at org.scalatest.Transformer.apply(Transformer.scala:20)
[info]   at org.scalatest.funsuite.AnyFunSuiteLike$$anon$1.apply(AnyFunSuiteLike.scala:226)
[info]   at org.scalatest.TestSuite.withFixture(TestSuite.scala:196)
[info]   at org.scalatest.TestSuite.withFixture$(TestSuite.scala:195)
[info]   at org.scalatest.funsuite.AnyFunSuite.withFixture(AnyFunSuite.scala:1564)
[info]   at org.scalatest.funsuite.AnyFunSuiteLike.invokeWithFixture$1(AnyFunSuiteLike.scala:224)
[info]   at org.scalatest.funsuite.AnyFunSuiteLike.$anonfun$runTest$1(AnyFunSuiteLike.scala:236)
[info]   at org.scalatest.SuperEngine.runTestImpl(Engine.scala:306)
[info]   at org.scalatest.funsuite.AnyFunSuiteLike.runTest(AnyFunSuiteLike.scala:236)
[info]   at org.scalatest.funsuite.AnyFunSuiteLike.runTest$(AnyFunSuiteLike.scala:218)
[info]   at org.scalatest.funsuite.AnyFunSuite.runTest(AnyFunSuite.scala:1564)
[info]   at org.scalatest.funsuite.AnyFunSuiteLike.$anonfun$runTests$1(AnyFunSuiteLike.scala:269)
[info]   at org.scalatest.SuperEngine.$anonfun$runTestsInBranch$1(Engine.scala:413)
[info]   at scala.collection.immutable.List.foreach(List.scala:334)
[info]   at org.scalatest.SuperEngine.traverseSubNodes$1(Engine.scala:401)
[info]   at org.scalatest.SuperEngine.runTestsInBranch(Engine.scala:396)
[info]   at org.scalatest.SuperEngine.runTestsImpl(Engine.scala:475)
[info]   at org.scalatest.funsuite.AnyFunSuiteLike.runTests(AnyFunSuiteLike.scala:269)
[info]   at org.scalatest.funsuite.AnyFunSuiteLike.runTests$(AnyFunSuiteLike.scala:268)
[info]   at org.scalatest.funsuite.AnyFunSuite.runTests(AnyFunSuite.scala:1564)
[info]   at org.scalatest.Suite.run(Suite.scala:1114)
[info]   at org.scalatest.Suite.run$(Suite.scala:1096)
[info]   at org.scalatest.funsuite.AnyFunSuite.org$scalatest$funsuite$AnyFunSuiteLike$$super$run(AnyFunSuite.scala:1564)
[info]   at org.scalatest.funsuite.AnyFunSuiteLike.$anonfun$run$1(AnyFunSuiteLike.scala:273)
[info]   at org.scalatest.SuperEngine.runImpl(Engine.scala:535)
[info]   at org.scalatest.funsuite.AnyFunSuiteLike.run(AnyFunSuiteLike.scala:273)
[info]   at org.scalatest.funsuite.AnyFunSuiteLike.run$(AnyFunSuiteLike.scala:272)
[info]   at frameless.TypedDatasetSuite.org$scalatest$BeforeAndAfterAll$$super$run(TypedDatasetSuite.scala:63)
[info]   at org.scalatest.BeforeAndAfterAll.liftedTree1$1(BeforeAndAfterAll.scala:213)
[info]   at org.scalatest.BeforeAndAfterAll.run(BeforeAndAfterAll.scala:210)
[info]   at org.scalatest.BeforeAndAfterAll.run$(BeforeAndAfterAll.scala:208)
[info]   at frameless.TypedDatasetSuite.run(TypedDatasetSuite.scala:63)
[info]   at org.scalatest.tools.Framework.org$scalatest$tools$Framework$$runSuite(Framework.scala:321)
[info]   at org.scalatest.tools.Framework$ScalaTestTask.execute(Framework.scala:517)
[info]   at sbt.ForkMain$Run.lambda$runTest$1(ForkMain.java:414)
[info]   at java.base/java.util.concurrent.FutureTask.run(FutureTask.java:317)
[info]   at java.base/java.util.concurrent.ThreadPoolExecutor.runWorker(ThreadPoolExecutor.java:1144)
[info]   at java.base/java.util.concurrent.ThreadPoolExecutor$Worker.run(ThreadPoolExecutor.java:642)
[info]   at java.base/java.lang.Thread.run(Thread.java:1583)
[info]   Cause: java.lang.ClassCastException: Cannot cast scala.reflect.ClassTag$GenericClassTag to org.apache.spark.sql.catalyst.expressions.Expression
[info]   at java.base/java.lang.Class.cast(Class.java:4067)
[info]   at java.base/jdk.internal.reflect.DirectConstructorHandleAccessor.newInstance(DirectConstructorHandleAccessor.java:62)
[info]   at java.base/java.lang.reflect.Constructor.newInstanceWithCaller(Constructor.java:502)
[info]   at java.base/java.lang.reflect.Constructor.newInstance(Constructor.java:486)
[info]   at frameless.TypedExpressionEncoder$.$anonfun$apply$3(TypedExpressionEncoder.scala:55)
[info]   at scala.Option.map(Option.scala:242)
[info]   at frameless.TypedExpressionEncoder$.apply(TypedExpressionEncoder.scala:54)
[info]   at frameless.TypedDataset$.create(TypedDataset.scala:1325)
[info]   at frameless.GroupByTests.prop$6(GroupByTests.scala:141)
[info]   at frameless.GroupByTests.$anonfun$new$109(GroupByTests.scala:151)
[info]   at scala.Function1.$anonfun$andThen$1(Function1.scala:87)
[info]   at org.scalacheck.Prop$.$anonfun$forAllShrink$2(Prop.scala:868)
[info]   at org.scalacheck.Prop$.secure(Prop.scala:484)
[info]   at org.scalacheck.Prop$.result$1(Prop.scala:868)
[info]   at org.scalacheck.Prop$.$anonfun$forAllShrink$1(Prop.scala:915)
[info]   at org.scalacheck.Prop$.$anonfun$apply$1(Prop.scala:305)
[info]   at org.scalacheck.PropFromFun.apply(Prop.scala:20)
[info]   at org.scalacheck.Test$.workerFun$1(Test.scala:486)
[info]   at org.scalacheck.Test$.$anonfun$check$4(Test.scala:518)
[info]   at org.scalacheck.Test$.$anonfun$check$4$adapted(Test.scala:518)
[info]   at org.scalacheck.Platform$.runWorkers(Platform.scala:42)
[info]   at org.scalacheck.Test$.check(Test.scala:518)
[info]   at org.scalatestplus.scalacheck.UnitCheckerAsserting$CheckerAssertingImpl.check(CheckerAsserting.scala:90)
[info]   at org.scalatestplus.scalacheck.Checkers.check(Checkers.scala:371)
[info]   at org.scalatestplus.scalacheck.Checkers.check$(Checkers.scala:369)
[info]   at frameless.TypedDatasetSuite.check(TypedDatasetSuite.scala:63)
[info]   at frameless.GroupByTests.$anonfun$new$93(GroupByTests.scala:151)
[info]   at org.scalatest.OutcomeOf.outcomeOf(OutcomeOf.scala:85)
[info]   at org.scalatest.OutcomeOf.outcomeOf$(OutcomeOf.scala:83)
[info]   at org.scalatest.OutcomeOf$.outcomeOf(OutcomeOf.scala:104)
[info]   at org.scalatest.Transformer.apply(Transformer.scala:22)
[info]   at org.scalatest.Transformer.apply(Transformer.scala:20)
[info]   at org.scalatest.funsuite.AnyFunSuiteLike$$anon$1.apply(AnyFunSuiteLike.scala:226)
[info]   at org.scalatest.TestSuite.withFixture(TestSuite.scala:196)
[info]   at org.scalatest.TestSuite.withFixture$(TestSuite.scala:195)
[info]   at org.scalatest.funsuite.AnyFunSuite.withFixture(AnyFunSuite.scala:1564)
[info]   at org.scalatest.funsuite.AnyFunSuiteLike.invokeWithFixture$1(AnyFunSuiteLike.scala:224)
[info]   at org.scalatest.funsuite.AnyFunSuiteLike.$anonfun$runTest$1(AnyFunSuiteLike.scala:236)
[info]   at org.scalatest.SuperEngine.runTestImpl(Engine.scala:306)
[info]   at org.scalatest.funsuite.AnyFunSuiteLike.runTest(AnyFunSuiteLike.scala:236)
[info]   at org.scalatest.funsuite.AnyFunSuiteLike.runTest$(AnyFunSuiteLike.scala:218)
[info]   at org.scalatest.funsuite.AnyFunSuite.runTest(AnyFunSuite.scala:1564)
[info]   at org.scalatest.funsuite.AnyFunSuiteLike.$anonfun$runTests$1(AnyFunSuiteLike.scala:269)
[info]   at org.scalatest.SuperEngine.$anonfun$runTestsInBranch$1(Engine.scala:413)
[info]   at scala.collection.immutable.List.foreach(List.scala:334)
[info]   at org.scalatest.SuperEngine.traverseSubNodes$1(Engine.scala:401)
[info]   at org.scalatest.SuperEngine.runTestsInBranch(Engine.scala:396)
[info]   at org.scalatest.SuperEngine.runTestsImpl(Engine.scala:475)
[info]   at org.scalatest.funsuite.AnyFunSuiteLike.runTests(AnyFunSuiteLike.scala:269)
[info]   at org.scalatest.funsuite.AnyFunSuiteLike.runTests$(AnyFunSuiteLike.scala:268)
[info]   at org.scalatest.funsuite.AnyFunSuite.runTests(AnyFunSuite.scala:1564)
[info]   at org.scalatest.Suite.run(Suite.scala:1114)
[info]   at org.scalatest.Suite.run$(Suite.scala:1096)
[info]   at org.scalatest.funsuite.AnyFunSuite.org$scalatest$funsuite$AnyFunSuiteLike$$super$run(AnyFunSuite.scala:1564)
[info]   at org.scalatest.funsuite.AnyFunSuiteLike.$anonfun$run$1(AnyFunSuiteLike.scala:273)
[info]   at org.scalatest.SuperEngine.runImpl(Engine.scala:535)
[info]   at org.scalatest.funsuite.AnyFunSuiteLike.run(AnyFunSuiteLike.scala:273)
[info]   at org.scalatest.funsuite.AnyFunSuiteLike.run$(AnyFunSuiteLike.scala:272)
[info]   at frameless.TypedDatasetSuite.org$scalatest$BeforeAndAfterAll$$super$run(TypedDatasetSuite.scala:63)
[info]   at org.scalatest.BeforeAndAfterAll.liftedTree1$1(BeforeAndAfterAll.scala:213)
[info]   at org.scalatest.BeforeAndAfterAll.run(BeforeAndAfterAll.scala:210)
[info]   at org.scalatest.BeforeAndAfterAll.run$(BeforeAndAfterAll.scala:208)
[info]   at frameless.TypedDatasetSuite.run(TypedDatasetSuite.scala:63)
[info]   at org.scalatest.tools.Framework.org$scalatest$tools$Framework$$runSuite(Framework.scala:321)
[info]   at org.scalatest.tools.Framework$ScalaTestTask.execute(Framework.scala:517)
[info]   at sbt.ForkMain$Run.lambda$runTest$1(ForkMain.java:414)
[info]   at java.base/java.util.concurrent.FutureTask.run(FutureTask.java:317)
[info]   at java.base/java.util.concurrent.ThreadPoolExecutor.runWorker(ThreadPoolExecutor.java:1144)
[info]   at java.base/java.util.concurrent.ThreadPoolExecutor$Worker.run(ThreadPoolExecutor.java:642)
[info]   at java.base/java.lang.Thread.run(Thread.java:1583)
[info] - groupBy('a).mapGroups('a, sum('b)) *** FAILED *** (2 milliseconds)
[info]   IllegalArgumentException was thrown during property evaluation.
[info]     Message: argument type mismatch
[info]     Occurred when passed generated values (
[info]       arg0 = List()
[info]     )
[info]   org.scalatest.exceptions.GeneratorDrivenPropertyCheckFailedException:
[info]   at org.scalatestplus.scalacheck.CheckerAsserting$$anon$2.indicateFailure(CheckerAsserting.scala:251)
[info]   at org.scalatestplus.scalacheck.CheckerAsserting$$anon$2.indicateFailure(CheckerAsserting.scala:238)
[info]   at org.scalatestplus.scalacheck.UnitCheckerAsserting$CheckerAssertingImpl.check(CheckerAsserting.scala:160)
[info]   at org.scalatestplus.scalacheck.Checkers.check(Checkers.scala:371)
[info]   at org.scalatestplus.scalacheck.Checkers.check$(Checkers.scala:369)
[info]   at frameless.TypedDatasetSuite.check(TypedDatasetSuite.scala:63)
[info]   at frameless.GroupByTests.$anonfun$new$111(GroupByTests.scala:171)
[info]   at org.scalatest.OutcomeOf.outcomeOf(OutcomeOf.scala:85)
[info]   at org.scalatest.OutcomeOf.outcomeOf$(OutcomeOf.scala:83)
[info]   at org.scalatest.OutcomeOf$.outcomeOf(OutcomeOf.scala:104)
[info]   at org.scalatest.Transformer.apply(Transformer.scala:22)
[info]   at org.scalatest.Transformer.apply(Transformer.scala:20)
[info]   at org.scalatest.funsuite.AnyFunSuiteLike$$anon$1.apply(AnyFunSuiteLike.scala:226)
[info]   at org.scalatest.TestSuite.withFixture(TestSuite.scala:196)
[info]   at org.scalatest.TestSuite.withFixture$(TestSuite.scala:195)
[info]   at org.scalatest.funsuite.AnyFunSuite.withFixture(AnyFunSuite.scala:1564)
[info]   at org.scalatest.funsuite.AnyFunSuiteLike.invokeWithFixture$1(AnyFunSuiteLike.scala:224)
[info]   at org.scalatest.funsuite.AnyFunSuiteLike.$anonfun$runTest$1(AnyFunSuiteLike.scala:236)
[info]   at org.scalatest.SuperEngine.runTestImpl(Engine.scala:306)
[info]   at org.scalatest.funsuite.AnyFunSuiteLike.runTest(AnyFunSuiteLike.scala:236)
[info]   at org.scalatest.funsuite.AnyFunSuiteLike.runTest$(AnyFunSuiteLike.scala:218)
[info]   at org.scalatest.funsuite.AnyFunSuite.runTest(AnyFunSuite.scala:1564)
[info]   at org.scalatest.funsuite.AnyFunSuiteLike.$anonfun$runTests$1(AnyFunSuiteLike.scala:269)
[info]   at org.scalatest.SuperEngine.$anonfun$runTestsInBranch$1(Engine.scala:413)
[info]   at scala.collection.immutable.List.foreach(List.scala:334)
[info]   at org.scalatest.SuperEngine.traverseSubNodes$1(Engine.scala:401)
[info]   at org.scalatest.SuperEngine.runTestsInBranch(Engine.scala:396)
[info]   at org.scalatest.SuperEngine.runTestsImpl(Engine.scala:475)
[info]   at org.scalatest.funsuite.AnyFunSuiteLike.runTests(AnyFunSuiteLike.scala:269)
[info]   at org.scalatest.funsuite.AnyFunSuiteLike.runTests$(AnyFunSuiteLike.scala:268)
[info]   at org.scalatest.funsuite.AnyFunSuite.runTests(AnyFunSuite.scala:1564)
[info]   at org.scalatest.Suite.run(Suite.scala:1114)
[info]   at org.scalatest.Suite.run$(Suite.scala:1096)
[info]   at org.scalatest.funsuite.AnyFunSuite.org$scalatest$funsuite$AnyFunSuiteLike$$super$run(AnyFunSuite.scala:1564)
[info]   at org.scalatest.funsuite.AnyFunSuiteLike.$anonfun$run$1(AnyFunSuiteLike.scala:273)
[info]   at org.scalatest.SuperEngine.runImpl(Engine.scala:535)
[info]   at org.scalatest.funsuite.AnyFunSuiteLike.run(AnyFunSuiteLike.scala:273)
[info]   at org.scalatest.funsuite.AnyFunSuiteLike.run$(AnyFunSuiteLike.scala:272)
[info]   at frameless.TypedDatasetSuite.org$scalatest$BeforeAndAfterAll$$super$run(TypedDatasetSuite.scala:63)
[info]   at org.scalatest.BeforeAndAfterAll.liftedTree1$1(BeforeAndAfterAll.scala:213)
[info]   at org.scalatest.BeforeAndAfterAll.run(BeforeAndAfterAll.scala:210)
[info]   at org.scalatest.BeforeAndAfterAll.run$(BeforeAndAfterAll.scala:208)
[info]   at frameless.TypedDatasetSuite.run(TypedDatasetSuite.scala:63)
[info]   at org.scalatest.tools.Framework.org$scalatest$tools$Framework$$runSuite(Framework.scala:321)
[info]   at org.scalatest.tools.Framework$ScalaTestTask.execute(Framework.scala:517)
[info]   at sbt.ForkMain$Run.lambda$runTest$1(ForkMain.java:414)
[info]   at java.base/java.util.concurrent.FutureTask.run(FutureTask.java:317)
[info]   at java.base/java.util.concurrent.ThreadPoolExecutor.runWorker(ThreadPoolExecutor.java:1144)
[info]   at java.base/java.util.concurrent.ThreadPoolExecutor$Worker.run(ThreadPoolExecutor.java:642)
[info]   at java.base/java.lang.Thread.run(Thread.java:1583)
[info]   Cause: java.lang.IllegalArgumentException: argument type mismatch
[info]   at java.base/jdk.internal.reflect.DirectConstructorHandleAccessor.newInstance(DirectConstructorHandleAccessor.java:65)
[info]   at java.base/java.lang.reflect.Constructor.newInstanceWithCaller(Constructor.java:502)
[info]   at java.base/java.lang.reflect.Constructor.newInstance(Constructor.java:486)
[info]   at frameless.TypedExpressionEncoder$.$anonfun$apply$3(TypedExpressionEncoder.scala:55)
[info]   at scala.Option.map(Option.scala:242)
[info]   at frameless.TypedExpressionEncoder$.apply(TypedExpressionEncoder.scala:54)
[info]   at frameless.TypedDataset$.create(TypedDataset.scala:1325)
[info]   at frameless.GroupByTests.prop$7(GroupByTests.scala:159)
[info]   at frameless.GroupByTests.$anonfun$new$133(GroupByTests.scala:171)
[info]   at scala.Function1.$anonfun$andThen$1(Function1.scala:87)
[info]   at org.scalacheck.Prop$.$anonfun$forAllShrink$2(Prop.scala:868)
[info]   at org.scalacheck.Prop$.secure(Prop.scala:484)
[info]   at org.scalacheck.Prop$.result$1(Prop.scala:868)
[info]   at org.scalacheck.Prop$.$anonfun$forAllShrink$1(Prop.scala:915)
[info]   at org.scalacheck.Prop$.$anonfun$apply$1(Prop.scala:305)
[info]   at org.scalacheck.PropFromFun.apply(Prop.scala:20)
[info]   at org.scalacheck.Test$.workerFun$1(Test.scala:486)
[info]   at org.scalacheck.Test$.$anonfun$check$4(Test.scala:518)
[info]   at org.scalacheck.Test$.$anonfun$check$4$adapted(Test.scala:518)
[info]   at org.scalacheck.Platform$.runWorkers(Platform.scala:42)
[info]   at org.scalacheck.Test$.check(Test.scala:518)
[info]   at org.scalatestplus.scalacheck.UnitCheckerAsserting$CheckerAssertingImpl.check(CheckerAsserting.scala:90)
[info]   at org.scalatestplus.scalacheck.Checkers.check(Checkers.scala:371)
[info]   at org.scalatestplus.scalacheck.Checkers.check$(Checkers.scala:369)
[info]   at frameless.TypedDatasetSuite.check(TypedDatasetSuite.scala:63)
[info]   at frameless.GroupByTests.$anonfun$new$111(GroupByTests.scala:171)
[info]   at org.scalatest.OutcomeOf.outcomeOf(OutcomeOf.scala:85)
[info]   at org.scalatest.OutcomeOf.outcomeOf$(OutcomeOf.scala:83)
[info]   at org.scalatest.OutcomeOf$.outcomeOf(OutcomeOf.scala:104)
[info]   at org.scalatest.Transformer.apply(Transformer.scala:22)
[info]   at org.scalatest.Transformer.apply(Transformer.scala:20)
[info]   at org.scalatest.funsuite.AnyFunSuiteLike$$anon$1.apply(AnyFunSuiteLike.scala:226)
[info]   at org.scalatest.TestSuite.withFixture(TestSuite.scala:196)
[info]   at org.scalatest.TestSuite.withFixture$(TestSuite.scala:195)
[info]   at org.scalatest.funsuite.AnyFunSuite.withFixture(AnyFunSuite.scala:1564)
[info]   at org.scalatest.funsuite.AnyFunSuiteLike.invokeWithFixture$1(AnyFunSuiteLike.scala:224)
[info]   at org.scalatest.funsuite.AnyFunSuiteLike.$anonfun$runTest$1(AnyFunSuiteLike.scala:236)
[info]   at org.scalatest.SuperEngine.runTestImpl(Engine.scala:306)
[info]   at org.scalatest.funsuite.AnyFunSuiteLike.runTest(AnyFunSuiteLike.scala:236)
[info]   at org.scalatest.funsuite.AnyFunSuiteLike.runTest$(AnyFunSuiteLike.scala:218)
[info]   at org.scalatest.funsuite.AnyFunSuite.runTest(AnyFunSuite.scala:1564)
[info]   at org.scalatest.funsuite.AnyFunSuiteLike.$anonfun$runTests$1(AnyFunSuiteLike.scala:269)
[info]   at org.scalatest.SuperEngine.$anonfun$runTestsInBranch$1(Engine.scala:413)
[info]   at scala.collection.immutable.List.foreach(List.scala:334)
[info]   at org.scalatest.SuperEngine.traverseSubNodes$1(Engine.scala:401)
[info]   at org.scalatest.SuperEngine.runTestsInBranch(Engine.scala:396)
[info]   at org.scalatest.SuperEngine.runTestsImpl(Engine.scala:475)
[info]   at org.scalatest.funsuite.AnyFunSuiteLike.runTests(AnyFunSuiteLike.scala:269)
[info]   at org.scalatest.funsuite.AnyFunSuiteLike.runTests$(AnyFunSuiteLike.scala:268)
[info]   at org.scalatest.funsuite.AnyFunSuite.runTests(AnyFunSuite.scala:1564)
[info]   at org.scalatest.Suite.run(Suite.scala:1114)
[info]   at org.scalatest.Suite.run$(Suite.scala:1096)
[info]   at org.scalatest.funsuite.AnyFunSuite.org$scalatest$funsuite$AnyFunSuiteLike$$super$run(AnyFunSuite.scala:1564)
[info]   at org.scalatest.funsuite.AnyFunSuiteLike.$anonfun$run$1(AnyFunSuiteLike.scala:273)
[info]   at org.scalatest.SuperEngine.runImpl(Engine.scala:535)
[info]   at org.scalatest.funsuite.AnyFunSuiteLike.run(AnyFunSuiteLike.scala:273)
[info]   at org.scalatest.funsuite.AnyFunSuiteLike.run$(AnyFunSuiteLike.scala:272)
[info]   at frameless.TypedDatasetSuite.org$scalatest$BeforeAndAfterAll$$super$run(TypedDatasetSuite.scala:63)
[info]   at org.scalatest.BeforeAndAfterAll.liftedTree1$1(BeforeAndAfterAll.scala:213)
[info]   at org.scalatest.BeforeAndAfterAll.run(BeforeAndAfterAll.scala:210)
[info]   at org.scalatest.BeforeAndAfterAll.run$(BeforeAndAfterAll.scala:208)
[info]   at frameless.TypedDatasetSuite.run(TypedDatasetSuite.scala:63)
[info]   at org.scalatest.tools.Framework.org$scalatest$tools$Framework$$runSuite(Framework.scala:321)
[info]   at org.scalatest.tools.Framework$ScalaTestTask.execute(Framework.scala:517)
[info]   at sbt.ForkMain$Run.lambda$runTest$1(ForkMain.java:414)
[info]   at java.base/java.util.concurrent.FutureTask.run(FutureTask.java:317)
[info]   at java.base/java.util.concurrent.ThreadPoolExecutor.runWorker(ThreadPoolExecutor.java:1144)
[info]   at java.base/java.util.concurrent.ThreadPoolExecutor$Worker.run(ThreadPoolExecutor.java:642)
[info]   at java.base/java.lang.Thread.run(Thread.java:1583)
[info]   Cause: java.lang.ClassCastException: Cannot cast scala.reflect.ClassTag$GenericClassTag to org.apache.spark.sql.catalyst.expressions.Expression
[info]   at java.base/java.lang.Class.cast(Class.java:4067)
[info]   at java.base/jdk.internal.reflect.DirectConstructorHandleAccessor.newInstance(DirectConstructorHandleAccessor.java:62)
[info]   at java.base/java.lang.reflect.Constructor.newInstanceWithCaller(Constructor.java:502)
[info]   at java.base/java.lang.reflect.Constructor.newInstance(Constructor.java:486)
[info]   at frameless.TypedExpressionEncoder$.$anonfun$apply$3(TypedExpressionEncoder.scala:55)
[info]   at scala.Option.map(Option.scala:242)
[info]   at frameless.TypedExpressionEncoder$.apply(TypedExpressionEncoder.scala:54)
[info]   at frameless.TypedDataset$.create(TypedDataset.scala:1325)
[info]   at frameless.GroupByTests.prop$7(GroupByTests.scala:159)
[info]   at frameless.GroupByTests.$anonfun$new$133(GroupByTests.scala:171)
[info]   at scala.Function1.$anonfun$andThen$1(Function1.scala:87)
[info]   at org.scalacheck.Prop$.$anonfun$forAllShrink$2(Prop.scala:868)
[info]   at org.scalacheck.Prop$.secure(Prop.scala:484)
[info]   at org.scalacheck.Prop$.result$1(Prop.scala:868)
[info]   at org.scalacheck.Prop$.$anonfun$forAllShrink$1(Prop.scala:915)
[info]   at org.scalacheck.Prop$.$anonfun$apply$1(Prop.scala:305)
[info]   at org.scalacheck.PropFromFun.apply(Prop.scala:20)
[info]   at org.scalacheck.Test$.workerFun$1(Test.scala:486)
[info]   at org.scalacheck.Test$.$anonfun$check$4(Test.scala:518)
[info]   at org.scalacheck.Test$.$anonfun$check$4$adapted(Test.scala:518)
[info]   at org.scalacheck.Platform$.runWorkers(Platform.scala:42)
[info]   at org.scalacheck.Test$.check(Test.scala:518)
[info]   at org.scalatestplus.scalacheck.UnitCheckerAsserting$CheckerAssertingImpl.check(CheckerAsserting.scala:90)
[info]   at org.scalatestplus.scalacheck.Checkers.check(Checkers.scala:371)
[info]   at org.scalatestplus.scalacheck.Checkers.check$(Checkers.scala:369)
[info]   at frameless.TypedDatasetSuite.check(TypedDatasetSuite.scala:63)
[info]   at frameless.GroupByTests.$anonfun$new$111(GroupByTests.scala:171)
[info]   at org.scalatest.OutcomeOf.outcomeOf(OutcomeOf.scala:85)
[info]   at org.scalatest.OutcomeOf.outcomeOf$(OutcomeOf.scala:83)
[info]   at org.scalatest.OutcomeOf$.outcomeOf(OutcomeOf.scala:104)
[info]   at org.scalatest.Transformer.apply(Transformer.scala:22)
[info]   at org.scalatest.Transformer.apply(Transformer.scala:20)
[info]   at org.scalatest.funsuite.AnyFunSuiteLike$$anon$1.apply(AnyFunSuiteLike.scala:226)
[info]   at org.scalatest.TestSuite.withFixture(TestSuite.scala:196)
[info]   at org.scalatest.TestSuite.withFixture$(TestSuite.scala:195)
[info]   at org.scalatest.funsuite.AnyFunSuite.withFixture(AnyFunSuite.scala:1564)
[info]   at org.scalatest.funsuite.AnyFunSuiteLike.invokeWithFixture$1(AnyFunSuiteLike.scala:224)
[info]   at org.scalatest.funsuite.AnyFunSuiteLike.$anonfun$runTest$1(AnyFunSuiteLike.scala:236)
[info]   at org.scalatest.SuperEngine.runTestImpl(Engine.scala:306)
[info]   at org.scalatest.funsuite.AnyFunSuiteLike.runTest(AnyFunSuiteLike.scala:236)
[info]   at org.scalatest.funsuite.AnyFunSuiteLike.runTest$(AnyFunSuiteLike.scala:218)
[info]   at org.scalatest.funsuite.AnyFunSuite.runTest(AnyFunSuite.scala:1564)
[info]   at org.scalatest.funsuite.AnyFunSuiteLike.$anonfun$runTests$1(AnyFunSuiteLike.scala:269)
[info]   at org.scalatest.SuperEngine.$anonfun$runTestsInBranch$1(Engine.scala:413)
[info]   at scala.collection.immutable.List.foreach(List.scala:334)
[info]   at org.scalatest.SuperEngine.traverseSubNodes$1(Engine.scala:401)
[info]   at org.scalatest.SuperEngine.runTestsInBranch(Engine.scala:396)
[info]   at org.scalatest.SuperEngine.runTestsImpl(Engine.scala:475)
[info]   at org.scalatest.funsuite.AnyFunSuiteLike.runTests(AnyFunSuiteLike.scala:269)
[info]   at org.scalatest.funsuite.AnyFunSuiteLike.runTests$(AnyFunSuiteLike.scala:268)
[info]   at org.scalatest.funsuite.AnyFunSuite.runTests(AnyFunSuite.scala:1564)
[info]   at org.scalatest.Suite.run(Suite.scala:1114)
[info]   at org.scalatest.Suite.run$(Suite.scala:1096)
[info]   at org.scalatest.funsuite.AnyFunSuite.org$scalatest$funsuite$AnyFunSuiteLike$$super$run(AnyFunSuite.scala:1564)
[info]   at org.scalatest.funsuite.AnyFunSuiteLike.$anonfun$run$1(AnyFunSuiteLike.scala:273)
[info]   at org.scalatest.SuperEngine.runImpl(Engine.scala:535)
[info]   at org.scalatest.funsuite.AnyFunSuiteLike.run(AnyFunSuiteLike.scala:273)
[info]   at org.scalatest.funsuite.AnyFunSuiteLike.run$(AnyFunSuiteLike.scala:272)
[info]   at frameless.TypedDatasetSuite.org$scalatest$BeforeAndAfterAll$$super$run(TypedDatasetSuite.scala:63)
[info]   at org.scalatest.BeforeAndAfterAll.liftedTree1$1(BeforeAndAfterAll.scala:213)
[info]   at org.scalatest.BeforeAndAfterAll.run(BeforeAndAfterAll.scala:210)
[info]   at org.scalatest.BeforeAndAfterAll.run$(BeforeAndAfterAll.scala:208)
[info]   at frameless.TypedDatasetSuite.run(TypedDatasetSuite.scala:63)
[info]   at org.scalatest.tools.Framework.org$scalatest$tools$Framework$$runSuite(Framework.scala:321)
[info]   at org.scalatest.tools.Framework$ScalaTestTask.execute(Framework.scala:517)
[info]   at sbt.ForkMain$Run.lambda$runTest$1(ForkMain.java:414)
[info]   at java.base/java.util.concurrent.FutureTask.run(FutureTask.java:317)
[info]   at java.base/java.util.concurrent.ThreadPoolExecutor.runWorker(ThreadPoolExecutor.java:1144)
[info]   at java.base/java.util.concurrent.ThreadPoolExecutor$Worker.run(ThreadPoolExecutor.java:642)
[info]   at java.base/java.lang.Thread.run(Thread.java:1583)
[info] - groupBy('a).agg(sum('b), sum('c)) to groupBy('a).agg(sum('a), sum('b), sum('a), sum('b), sum('a)) *** FAILED *** (3 milliseconds)
[info]   IllegalArgumentException was thrown during property evaluation.
[info]     Message: argument type mismatch
[info]     Occurred when passed generated values (
[info]       arg0 = List()
[info]     )
[info]   org.scalatest.exceptions.GeneratorDrivenPropertyCheckFailedException:
[info]   at org.scalatestplus.scalacheck.CheckerAsserting$$anon$2.indicateFailure(CheckerAsserting.scala:251)
[info]   at org.scalatestplus.scalacheck.CheckerAsserting$$anon$2.indicateFailure(CheckerAsserting.scala:238)
[info]   at org.scalatestplus.scalacheck.UnitCheckerAsserting$CheckerAssertingImpl.check(CheckerAsserting.scala:160)
[info]   at org.scalatestplus.scalacheck.Checkers.check(Checkers.scala:371)
[info]   at org.scalatestplus.scalacheck.Checkers.check$(Checkers.scala:369)
[info]   at frameless.TypedDatasetSuite.check(TypedDatasetSuite.scala:63)
[info]   at frameless.GroupByTests.$anonfun$new$135(GroupByTests.scala:243)
[info]   at org.scalatest.OutcomeOf.outcomeOf(OutcomeOf.scala:85)
[info]   at org.scalatest.OutcomeOf.outcomeOf$(OutcomeOf.scala:83)
[info]   at org.scalatest.OutcomeOf$.outcomeOf(OutcomeOf.scala:104)
[info]   at org.scalatest.Transformer.apply(Transformer.scala:22)
[info]   at org.scalatest.Transformer.apply(Transformer.scala:20)
[info]   at org.scalatest.funsuite.AnyFunSuiteLike$$anon$1.apply(AnyFunSuiteLike.scala:226)
[info]   at org.scalatest.TestSuite.withFixture(TestSuite.scala:196)
[info]   at org.scalatest.TestSuite.withFixture$(TestSuite.scala:195)
[info]   at org.scalatest.funsuite.AnyFunSuite.withFixture(AnyFunSuite.scala:1564)
[info]   at org.scalatest.funsuite.AnyFunSuiteLike.invokeWithFixture$1(AnyFunSuiteLike.scala:224)
[info]   at org.scalatest.funsuite.AnyFunSuiteLike.$anonfun$runTest$1(AnyFunSuiteLike.scala:236)
[info]   at org.scalatest.SuperEngine.runTestImpl(Engine.scala:306)
[info]   at org.scalatest.funsuite.AnyFunSuiteLike.runTest(AnyFunSuiteLike.scala:236)
[info]   at org.scalatest.funsuite.AnyFunSuiteLike.runTest$(AnyFunSuiteLike.scala:218)
[info]   at org.scalatest.funsuite.AnyFunSuite.runTest(AnyFunSuite.scala:1564)
[info]   at org.scalatest.funsuite.AnyFunSuiteLike.$anonfun$runTests$1(AnyFunSuiteLike.scala:269)
[info]   at org.scalatest.SuperEngine.$anonfun$runTestsInBranch$1(Engine.scala:413)
[info]   at scala.collection.immutable.List.foreach(List.scala:334)
[info]   at org.scalatest.SuperEngine.traverseSubNodes$1(Engine.scala:401)
[info]   at org.scalatest.SuperEngine.runTestsInBranch(Engine.scala:396)
[info]   at org.scalatest.SuperEngine.runTestsImpl(Engine.scala:475)
[info]   at org.scalatest.funsuite.AnyFunSuiteLike.runTests(AnyFunSuiteLike.scala:269)
[info]   at org.scalatest.funsuite.AnyFunSuiteLike.runTests$(AnyFunSuiteLike.scala:268)
[info]   at org.scalatest.funsuite.AnyFunSuite.runTests(AnyFunSuite.scala:1564)
[info]   at org.scalatest.Suite.run(Suite.scala:1114)
[info]   at org.scalatest.Suite.run$(Suite.scala:1096)
[info]   at org.scalatest.funsuite.AnyFunSuite.org$scalatest$funsuite$AnyFunSuiteLike$$super$run(AnyFunSuite.scala:1564)
[info]   at org.scalatest.funsuite.AnyFunSuiteLike.$anonfun$run$1(AnyFunSuiteLike.scala:273)
[info]   at org.scalatest.SuperEngine.runImpl(Engine.scala:535)
[info]   at org.scalatest.funsuite.AnyFunSuiteLike.run(AnyFunSuiteLike.scala:273)
[info]   at org.scalatest.funsuite.AnyFunSuiteLike.run$(AnyFunSuiteLike.scala:272)
[info]   at frameless.TypedDatasetSuite.org$scalatest$BeforeAndAfterAll$$super$run(TypedDatasetSuite.scala:63)
[info]   at org.scalatest.BeforeAndAfterAll.liftedTree1$1(BeforeAndAfterAll.scala:213)
[info]   at org.scalatest.BeforeAndAfterAll.run(BeforeAndAfterAll.scala:210)
[info]   at org.scalatest.BeforeAndAfterAll.run$(BeforeAndAfterAll.scala:208)
[info]   at frameless.TypedDatasetSuite.run(TypedDatasetSuite.scala:63)
[info]   at org.scalatest.tools.Framework.org$scalatest$tools$Framework$$runSuite(Framework.scala:321)
[info]   at org.scalatest.tools.Framework$ScalaTestTask.execute(Framework.scala:517)
[info]   at sbt.ForkMain$Run.lambda$runTest$1(ForkMain.java:414)
[info]   at java.base/java.util.concurrent.FutureTask.run(FutureTask.java:317)
[info]   at java.base/java.util.concurrent.ThreadPoolExecutor.runWorker(ThreadPoolExecutor.java:1144)
[info]   at java.base/java.util.concurrent.ThreadPoolExecutor$Worker.run(ThreadPoolExecutor.java:642)
[info]   at java.base/java.lang.Thread.run(Thread.java:1583)
[info]   Cause: java.lang.IllegalArgumentException: argument type mismatch
[info]   at java.base/jdk.internal.reflect.DirectConstructorHandleAccessor.newInstance(DirectConstructorHandleAccessor.java:65)
[info]   at java.base/java.lang.reflect.Constructor.newInstanceWithCaller(Constructor.java:502)
[info]   at java.base/java.lang.reflect.Constructor.newInstance(Constructor.java:486)
[info]   at frameless.TypedExpressionEncoder$.$anonfun$apply$3(TypedExpressionEncoder.scala:55)
[info]   at scala.Option.map(Option.scala:242)
[info]   at frameless.TypedExpressionEncoder$.apply(TypedExpressionEncoder.scala:54)
[info]   at frameless.TypedDataset$.create(TypedDataset.scala:1325)
[info]   at frameless.GroupByTests.prop$8(GroupByTests.scala:188)
[info]   at frameless.GroupByTests.$anonfun$new$191(GroupByTests.scala:243)
[info]   at scala.Function1.$anonfun$andThen$1(Function1.scala:87)
[info]   at org.scalacheck.Prop$.$anonfun$forAllShrink$2(Prop.scala:868)
[info]   at org.scalacheck.Prop$.secure(Prop.scala:484)
[info]   at org.scalacheck.Prop$.result$1(Prop.scala:868)
[info]   at org.scalacheck.Prop$.$anonfun$forAllShrink$1(Prop.scala:915)
[info]   at org.scalacheck.Prop$.$anonfun$apply$1(Prop.scala:305)
[info]   at org.scalacheck.PropFromFun.apply(Prop.scala:20)
[info]   at org.scalacheck.Test$.workerFun$1(Test.scala:486)
[info]   at org.scalacheck.Test$.$anonfun$check$4(Test.scala:518)
[info]   at org.scalacheck.Test$.$anonfun$check$4$adapted(Test.scala:518)
[info]   at org.scalacheck.Platform$.runWorkers(Platform.scala:42)
[info]   at org.scalacheck.Test$.check(Test.scala:518)
[info]   at org.scalatestplus.scalacheck.UnitCheckerAsserting$CheckerAssertingImpl.check(CheckerAsserting.scala:90)
[info]   at org.scalatestplus.scalacheck.Checkers.check(Checkers.scala:371)
[info]   at org.scalatestplus.scalacheck.Checkers.check$(Checkers.scala:369)
[info]   at frameless.TypedDatasetSuite.check(TypedDatasetSuite.scala:63)
[info]   at frameless.GroupByTests.$anonfun$new$135(GroupByTests.scala:243)
[info]   at org.scalatest.OutcomeOf.outcomeOf(OutcomeOf.scala:85)
[info]   at org.scalatest.OutcomeOf.outcomeOf$(OutcomeOf.scala:83)
[info]   at org.scalatest.OutcomeOf$.outcomeOf(OutcomeOf.scala:104)
[info]   at org.scalatest.Transformer.apply(Transformer.scala:22)
[info]   at org.scalatest.Transformer.apply(Transformer.scala:20)
[info]   at org.scalatest.funsuite.AnyFunSuiteLike$$anon$1.apply(AnyFunSuiteLike.scala:226)
[info]   at org.scalatest.TestSuite.withFixture(TestSuite.scala:196)
[info]   at org.scalatest.TestSuite.withFixture$(TestSuite.scala:195)
[info]   at org.scalatest.funsuite.AnyFunSuite.withFixture(AnyFunSuite.scala:1564)
[info]   at org.scalatest.funsuite.AnyFunSuiteLike.invokeWithFixture$1(AnyFunSuiteLike.scala:224)
[info]   at org.scalatest.funsuite.AnyFunSuiteLike.$anonfun$runTest$1(AnyFunSuiteLike.scala:236)
[info]   at org.scalatest.SuperEngine.runTestImpl(Engine.scala:306)
[info]   at org.scalatest.funsuite.AnyFunSuiteLike.runTest(AnyFunSuiteLike.scala:236)
[info]   at org.scalatest.funsuite.AnyFunSuiteLike.runTest$(AnyFunSuiteLike.scala:218)
[info]   at org.scalatest.funsuite.AnyFunSuite.runTest(AnyFunSuite.scala:1564)
[info]   at org.scalatest.funsuite.AnyFunSuiteLike.$anonfun$runTests$1(AnyFunSuiteLike.scala:269)
[info]   at org.scalatest.SuperEngine.$anonfun$runTestsInBranch$1(Engine.scala:413)
[info]   at scala.collection.immutable.List.foreach(List.scala:334)
[info]   at org.scalatest.SuperEngine.traverseSubNodes$1(Engine.scala:401)
[info]   at org.scalatest.SuperEngine.runTestsInBranch(Engine.scala:396)
[info]   at org.scalatest.SuperEngine.runTestsImpl(Engine.scala:475)
[info]   at org.scalatest.funsuite.AnyFunSuiteLike.runTests(AnyFunSuiteLike.scala:269)
[info]   at org.scalatest.funsuite.AnyFunSuiteLike.runTests$(AnyFunSuiteLike.scala:268)
[info]   at org.scalatest.funsuite.AnyFunSuite.runTests(AnyFunSuite.scala:1564)
[info]   at org.scalatest.Suite.run(Suite.scala:1114)
[info]   at org.scalatest.Suite.run$(Suite.scala:1096)
[info]   at org.scalatest.funsuite.AnyFunSuite.org$scalatest$funsuite$AnyFunSuiteLike$$super$run(AnyFunSuite.scala:1564)
[info]   at org.scalatest.funsuite.AnyFunSuiteLike.$anonfun$run$1(AnyFunSuiteLike.scala:273)
[info]   at org.scalatest.SuperEngine.runImpl(Engine.scala:535)
[info]   at org.scalatest.funsuite.AnyFunSuiteLike.run(AnyFunSuiteLike.scala:273)
[info]   at org.scalatest.funsuite.AnyFunSuiteLike.run$(AnyFunSuiteLike.scala:272)
[info]   at frameless.TypedDatasetSuite.org$scalatest$BeforeAndAfterAll$$super$run(TypedDatasetSuite.scala:63)
[info]   at org.scalatest.BeforeAndAfterAll.liftedTree1$1(BeforeAndAfterAll.scala:213)
[info]   at org.scalatest.BeforeAndAfterAll.run(BeforeAndAfterAll.scala:210)
[info]   at org.scalatest.BeforeAndAfterAll.run$(BeforeAndAfterAll.scala:208)
[info]   at frameless.TypedDatasetSuite.run(TypedDatasetSuite.scala:63)
[info]   at org.scalatest.tools.Framework.org$scalatest$tools$Framework$$runSuite(Framework.scala:321)
[info]   at org.scalatest.tools.Framework$ScalaTestTask.execute(Framework.scala:517)
[info]   at sbt.ForkMain$Run.lambda$runTest$1(ForkMain.java:414)
[info]   at java.base/java.util.concurrent.FutureTask.run(FutureTask.java:317)
[info]   at java.base/java.util.concurrent.ThreadPoolExecutor.runWorker(ThreadPoolExecutor.java:1144)
[info]   at java.base/java.util.concurrent.ThreadPoolExecutor$Worker.run(ThreadPoolExecutor.java:642)
[info]   at java.base/java.lang.Thread.run(Thread.java:1583)
[info]   Cause: java.lang.ClassCastException: Cannot cast scala.reflect.ClassTag$GenericClassTag to org.apache.spark.sql.catalyst.expressions.Expression
[info]   at java.base/java.lang.Class.cast(Class.java:4067)
[info]   at java.base/jdk.internal.reflect.DirectConstructorHandleAccessor.newInstance(DirectConstructorHandleAccessor.java:62)
[info]   at java.base/java.lang.reflect.Constructor.newInstanceWithCaller(Constructor.java:502)
[info]   at java.base/java.lang.reflect.Constructor.newInstance(Constructor.java:486)
[info]   at frameless.TypedExpressionEncoder$.$anonfun$apply$3(TypedExpressionEncoder.scala:55)
[info]   at scala.Option.map(Option.scala:242)
[info]   at frameless.TypedExpressionEncoder$.apply(TypedExpressionEncoder.scala:54)
[info]   at frameless.TypedDataset$.create(TypedDataset.scala:1325)
[info]   at frameless.GroupByTests.prop$8(GroupByTests.scala:188)
[info]   at frameless.GroupByTests.$anonfun$new$191(GroupByTests.scala:243)
[info]   at scala.Function1.$anonfun$andThen$1(Function1.scala:87)
[info]   at org.scalacheck.Prop$.$anonfun$forAllShrink$2(Prop.scala:868)
[info]   at org.scalacheck.Prop$.secure(Prop.scala:484)
[info]   at org.scalacheck.Prop$.result$1(Prop.scala:868)
[info]   at org.scalacheck.Prop$.$anonfun$forAllShrink$1(Prop.scala:915)
[info]   at org.scalacheck.Prop$.$anonfun$apply$1(Prop.scala:305)
[info]   at org.scalacheck.PropFromFun.apply(Prop.scala:20)
[info]   at org.scalacheck.Test$.workerFun$1(Test.scala:486)
[info]   at org.scalacheck.Test$.$anonfun$check$4(Test.scala:518)
[info]   at org.scalacheck.Test$.$anonfun$check$4$adapted(Test.scala:518)
[info]   at org.scalacheck.Platform$.runWorkers(Platform.scala:42)
[info]   at org.scalacheck.Test$.check(Test.scala:518)
[info]   at org.scalatestplus.scalacheck.UnitCheckerAsserting$CheckerAssertingImpl.check(CheckerAsserting.scala:90)
[info]   at org.scalatestplus.scalacheck.Checkers.check(Checkers.scala:371)
[info]   at org.scalatestplus.scalacheck.Checkers.check$(Checkers.scala:369)
[info]   at frameless.TypedDatasetSuite.check(TypedDatasetSuite.scala:63)
[info]   at frameless.GroupByTests.$anonfun$new$135(GroupByTests.scala:243)
[info]   at org.scalatest.OutcomeOf.outcomeOf(OutcomeOf.scala:85)
[info]   at org.scalatest.OutcomeOf.outcomeOf$(OutcomeOf.scala:83)
[info]   at org.scalatest.OutcomeOf$.outcomeOf(OutcomeOf.scala:104)
[info]   at org.scalatest.Transformer.apply(Transformer.scala:22)
[info]   at org.scalatest.Transformer.apply(Transformer.scala:20)
[info]   at org.scalatest.funsuite.AnyFunSuiteLike$$anon$1.apply(AnyFunSuiteLike.scala:226)
[info]   at org.scalatest.TestSuite.withFixture(TestSuite.scala:196)
[info]   at org.scalatest.TestSuite.withFixture$(TestSuite.scala:195)
[info]   at org.scalatest.funsuite.AnyFunSuite.withFixture(AnyFunSuite.scala:1564)
[info]   at org.scalatest.funsuite.AnyFunSuiteLike.invokeWithFixture$1(AnyFunSuiteLike.scala:224)
[info]   at org.scalatest.funsuite.AnyFunSuiteLike.$anonfun$runTest$1(AnyFunSuiteLike.scala:236)
[info]   at org.scalatest.SuperEngine.runTestImpl(Engine.scala:306)
[info]   at org.scalatest.funsuite.AnyFunSuiteLike.runTest(AnyFunSuiteLike.scala:236)
[info]   at org.scalatest.funsuite.AnyFunSuiteLike.runTest$(AnyFunSuiteLike.scala:218)
[info]   at org.scalatest.funsuite.AnyFunSuite.runTest(AnyFunSuite.scala:1564)
[info]   at org.scalatest.funsuite.AnyFunSuiteLike.$anonfun$runTests$1(AnyFunSuiteLike.scala:269)
[info]   at org.scalatest.SuperEngine.$anonfun$runTestsInBranch$1(Engine.scala:413)
[info]   at scala.collection.immutable.List.foreach(List.scala:334)
[info]   at org.scalatest.SuperEngine.traverseSubNodes$1(Engine.scala:401)
[info]   at org.scalatest.SuperEngine.runTestsInBranch(Engine.scala:396)
[info]   at org.scalatest.SuperEngine.runTestsImpl(Engine.scala:475)
[info]   at org.scalatest.funsuite.AnyFunSuiteLike.runTests(AnyFunSuiteLike.scala:269)
[info]   at org.scalatest.funsuite.AnyFunSuiteLike.runTests$(AnyFunSuiteLike.scala:268)
[info]   at org.scalatest.funsuite.AnyFunSuite.runTests(AnyFunSuite.scala:1564)
[info]   at org.scalatest.Suite.run(Suite.scala:1114)
[info]   at org.scalatest.Suite.run$(Suite.scala:1096)
[info]   at org.scalatest.funsuite.AnyFunSuite.org$scalatest$funsuite$AnyFunSuiteLike$$super$run(AnyFunSuite.scala:1564)
[info]   at org.scalatest.funsuite.AnyFunSuiteLike.$anonfun$run$1(AnyFunSuiteLike.scala:273)
[info]   at org.scalatest.SuperEngine.runImpl(Engine.scala:535)
[info]   at org.scalatest.funsuite.AnyFunSuiteLike.run(AnyFunSuiteLike.scala:273)
[info]   at org.scalatest.funsuite.AnyFunSuiteLike.run$(AnyFunSuiteLike.scala:272)
[info]   at frameless.TypedDatasetSuite.org$scalatest$BeforeAndAfterAll$$super$run(TypedDatasetSuite.scala:63)
[info]   at org.scalatest.BeforeAndAfterAll.liftedTree1$1(BeforeAndAfterAll.scala:213)
[info]   at org.scalatest.BeforeAndAfterAll.run(BeforeAndAfterAll.scala:210)
[info]   at org.scalatest.BeforeAndAfterAll.run$(BeforeAndAfterAll.scala:208)
[info]   at frameless.TypedDatasetSuite.run(TypedDatasetSuite.scala:63)
[info]   at org.scalatest.tools.Framework.org$scalatest$tools$Framework$$runSuite(Framework.scala:321)
[info]   at org.scalatest.tools.Framework$ScalaTestTask.execute(Framework.scala:517)
[info]   at sbt.ForkMain$Run.lambda$runTest$1(ForkMain.java:414)
[info]   at java.base/java.util.concurrent.FutureTask.run(FutureTask.java:317)
[info]   at java.base/java.util.concurrent.ThreadPoolExecutor.runWorker(ThreadPoolExecutor.java:1144)
[info]   at java.base/java.util.concurrent.ThreadPoolExecutor$Worker.run(ThreadPoolExecutor.java:642)
[info]   at java.base/java.lang.Thread.run(Thread.java:1583)
[info] - groupBy('a, 'b).agg(sum('c)) to groupBy('a, 'b).agg(sum('c),sum('c),sum('c),sum('c),sum('c)) *** FAILED *** (3 milliseconds)
[info]   IllegalArgumentException was thrown during property evaluation.
[info]     Message: argument type mismatch
[info]     Occurred when passed generated values (
[info]       arg0 = List()
[info]     )
[info]   org.scalatest.exceptions.GeneratorDrivenPropertyCheckFailedException:
[info]   at org.scalatestplus.scalacheck.CheckerAsserting$$anon$2.indicateFailure(CheckerAsserting.scala:251)
[info]   at org.scalatestplus.scalacheck.CheckerAsserting$$anon$2.indicateFailure(CheckerAsserting.scala:238)
[info]   at org.scalatestplus.scalacheck.UnitCheckerAsserting$CheckerAssertingImpl.check(CheckerAsserting.scala:160)
[info]   at org.scalatestplus.scalacheck.Checkers.check(Checkers.scala:371)
[info]   at org.scalatestplus.scalacheck.Checkers.check$(Checkers.scala:369)
[info]   at frameless.TypedDatasetSuite.check(TypedDatasetSuite.scala:63)
[info]   at frameless.GroupByTests.$anonfun$new$193(GroupByTests.scala:314)
[info]   at org.scalatest.OutcomeOf.outcomeOf(OutcomeOf.scala:85)
[info]   at org.scalatest.OutcomeOf.outcomeOf$(OutcomeOf.scala:83)
[info]   at org.scalatest.OutcomeOf$.outcomeOf(OutcomeOf.scala:104)
[info]   at org.scalatest.Transformer.apply(Transformer.scala:22)
[info]   at org.scalatest.Transformer.apply(Transformer.scala:20)
[info]   at org.scalatest.funsuite.AnyFunSuiteLike$$anon$1.apply(AnyFunSuiteLike.scala:226)
[info]   at org.scalatest.TestSuite.withFixture(TestSuite.scala:196)
[info]   at org.scalatest.TestSuite.withFixture$(TestSuite.scala:195)
[info]   at org.scalatest.funsuite.AnyFunSuite.withFixture(AnyFunSuite.scala:1564)
[info]   at org.scalatest.funsuite.AnyFunSuiteLike.invokeWithFixture$1(AnyFunSuiteLike.scala:224)
[info]   at org.scalatest.funsuite.AnyFunSuiteLike.$anonfun$runTest$1(AnyFunSuiteLike.scala:236)
[info]   at org.scalatest.SuperEngine.runTestImpl(Engine.scala:306)
[info]   at org.scalatest.funsuite.AnyFunSuiteLike.runTest(AnyFunSuiteLike.scala:236)
[info]   at org.scalatest.funsuite.AnyFunSuiteLike.runTest$(AnyFunSuiteLike.scala:218)
[info]   at org.scalatest.funsuite.AnyFunSuite.runTest(AnyFunSuite.scala:1564)
[info]   at org.scalatest.funsuite.AnyFunSuiteLike.$anonfun$runTests$1(AnyFunSuiteLike.scala:269)
[info]   at org.scalatest.SuperEngine.$anonfun$runTestsInBranch$1(Engine.scala:413)
[info]   at scala.collection.immutable.List.foreach(List.scala:334)
[info]   at org.scalatest.SuperEngine.traverseSubNodes$1(Engine.scala:401)
[info]   at org.scalatest.SuperEngine.runTestsInBranch(Engine.scala:396)
[info]   at org.scalatest.SuperEngine.runTestsImpl(Engine.scala:475)
[info]   at org.scalatest.funsuite.AnyFunSuiteLike.runTests(AnyFunSuiteLike.scala:269)
[info]   at org.scalatest.funsuite.AnyFunSuiteLike.runTests$(AnyFunSuiteLike.scala:268)
[info]   at org.scalatest.funsuite.AnyFunSuite.runTests(AnyFunSuite.scala:1564)
[info]   at org.scalatest.Suite.run(Suite.scala:1114)
[info]   at org.scalatest.Suite.run$(Suite.scala:1096)
[info]   at org.scalatest.funsuite.AnyFunSuite.org$scalatest$funsuite$AnyFunSuiteLike$$super$run(AnyFunSuite.scala:1564)
[info]   at org.scalatest.funsuite.AnyFunSuiteLike.$anonfun$run$1(AnyFunSuiteLike.scala:273)
[info]   at org.scalatest.SuperEngine.runImpl(Engine.scala:535)
[info]   at org.scalatest.funsuite.AnyFunSuiteLike.run(AnyFunSuiteLike.scala:273)
[info]   at org.scalatest.funsuite.AnyFunSuiteLike.run$(AnyFunSuiteLike.scala:272)
[info]   at frameless.TypedDatasetSuite.org$scalatest$BeforeAndAfterAll$$super$run(TypedDatasetSuite.scala:63)
[info]   at org.scalatest.BeforeAndAfterAll.liftedTree1$1(BeforeAndAfterAll.scala:213)
[info]   at org.scalatest.BeforeAndAfterAll.run(BeforeAndAfterAll.scala:210)
[info]   at org.scalatest.BeforeAndAfterAll.run$(BeforeAndAfterAll.scala:208)
[info]   at frameless.TypedDatasetSuite.run(TypedDatasetSuite.scala:63)
[info]   at org.scalatest.tools.Framework.org$scalatest$tools$Framework$$runSuite(Framework.scala:321)
[info]   at org.scalatest.tools.Framework$ScalaTestTask.execute(Framework.scala:517)
[info]   at sbt.ForkMain$Run.lambda$runTest$1(ForkMain.java:414)
[info]   at java.base/java.util.concurrent.FutureTask.run(FutureTask.java:317)
[info]   at java.base/java.util.concurrent.ThreadPoolExecutor.runWorker(ThreadPoolExecutor.java:1144)
[info]   at java.base/java.util.concurrent.ThreadPoolExecutor$Worker.run(ThreadPoolExecutor.java:642)
[info]   at java.base/java.lang.Thread.run(Thread.java:1583)
[info]   Cause: java.lang.IllegalArgumentException: argument type mismatch
[info]   at java.base/jdk.internal.reflect.DirectConstructorHandleAccessor.newInstance(DirectConstructorHandleAccessor.java:65)
[info]   at java.base/java.lang.reflect.Constructor.newInstanceWithCaller(Constructor.java:502)
[info]   at java.base/java.lang.reflect.Constructor.newInstance(Constructor.java:486)
[info]   at frameless.TypedExpressionEncoder$.$anonfun$apply$3(TypedExpressionEncoder.scala:55)
[info]   at scala.Option.map(Option.scala:242)
[info]   at frameless.TypedExpressionEncoder$.apply(TypedExpressionEncoder.scala:54)
[info]   at frameless.TypedDataset$.create(TypedDataset.scala:1325)
[info]   at frameless.GroupByTests.prop$9(GroupByTests.scala:257)
[info]   at frameless.GroupByTests.$anonfun$new$248(GroupByTests.scala:314)
[info]   at scala.Function1.$anonfun$andThen$1(Function1.scala:87)
[info]   at org.scalacheck.Prop$.$anonfun$forAllShrink$2(Prop.scala:868)
[info]   at org.scalacheck.Prop$.secure(Prop.scala:484)
[info]   at org.scalacheck.Prop$.result$1(Prop.scala:868)
[info]   at org.scalacheck.Prop$.$anonfun$forAllShrink$1(Prop.scala:915)
[info]   at org.scalacheck.Prop$.$anonfun$apply$1(Prop.scala:305)
[info]   at org.scalacheck.PropFromFun.apply(Prop.scala:20)
[info]   at org.scalacheck.Test$.workerFun$1(Test.scala:486)
[info]   at org.scalacheck.Test$.$anonfun$check$4(Test.scala:518)
[info]   at org.scalacheck.Test$.$anonfun$check$4$adapted(Test.scala:518)
[info]   at org.scalacheck.Platform$.runWorkers(Platform.scala:42)
[info]   at org.scalacheck.Test$.check(Test.scala:518)
[info]   at org.scalatestplus.scalacheck.UnitCheckerAsserting$CheckerAssertingImpl.check(CheckerAsserting.scala:90)
[info]   at org.scalatestplus.scalacheck.Checkers.check(Checkers.scala:371)
[info]   at org.scalatestplus.scalacheck.Checkers.check$(Checkers.scala:369)
[info]   at frameless.TypedDatasetSuite.check(TypedDatasetSuite.scala:63)
[info]   at frameless.GroupByTests.$anonfun$new$193(GroupByTests.scala:314)
[info]   at org.scalatest.OutcomeOf.outcomeOf(OutcomeOf.scala:85)
[info]   at org.scalatest.OutcomeOf.outcomeOf$(OutcomeOf.scala:83)
[info]   at org.scalatest.OutcomeOf$.outcomeOf(OutcomeOf.scala:104)
[info]   at org.scalatest.Transformer.apply(Transformer.scala:22)
[info]   at org.scalatest.Transformer.apply(Transformer.scala:20)
[info]   at org.scalatest.funsuite.AnyFunSuiteLike$$anon$1.apply(AnyFunSuiteLike.scala:226)
[info]   at org.scalatest.TestSuite.withFixture(TestSuite.scala:196)
[info]   at org.scalatest.TestSuite.withFixture$(TestSuite.scala:195)
[info]   at org.scalatest.funsuite.AnyFunSuite.withFixture(AnyFunSuite.scala:1564)
[info]   at org.scalatest.funsuite.AnyFunSuiteLike.invokeWithFixture$1(AnyFunSuiteLike.scala:224)
[info]   at org.scalatest.funsuite.AnyFunSuiteLike.$anonfun$runTest$1(AnyFunSuiteLike.scala:236)
[info]   at org.scalatest.SuperEngine.runTestImpl(Engine.scala:306)
[info]   at org.scalatest.funsuite.AnyFunSuiteLike.runTest(AnyFunSuiteLike.scala:236)
[info]   at org.scalatest.funsuite.AnyFunSuiteLike.runTest$(AnyFunSuiteLike.scala:218)
[info]   at org.scalatest.funsuite.AnyFunSuite.runTest(AnyFunSuite.scala:1564)
[info]   at org.scalatest.funsuite.AnyFunSuiteLike.$anonfun$runTests$1(AnyFunSuiteLike.scala:269)
[info]   at org.scalatest.SuperEngine.$anonfun$runTestsInBranch$1(Engine.scala:413)
[info]   at scala.collection.immutable.List.foreach(List.scala:334)
[info]   at org.scalatest.SuperEngine.traverseSubNodes$1(Engine.scala:401)
[info]   at org.scalatest.SuperEngine.runTestsInBranch(Engine.scala:396)
[info]   at org.scalatest.SuperEngine.runTestsImpl(Engine.scala:475)
[info]   at org.scalatest.funsuite.AnyFunSuiteLike.runTests(AnyFunSuiteLike.scala:269)
[info]   at org.scalatest.funsuite.AnyFunSuiteLike.runTests$(AnyFunSuiteLike.scala:268)
[info]   at org.scalatest.funsuite.AnyFunSuite.runTests(AnyFunSuite.scala:1564)
[info]   at org.scalatest.Suite.run(Suite.scala:1114)
[info]   at org.scalatest.Suite.run$(Suite.scala:1096)
[info]   at org.scalatest.funsuite.AnyFunSuite.org$scalatest$funsuite$AnyFunSuiteLike$$super$run(AnyFunSuite.scala:1564)
[info]   at org.scalatest.funsuite.AnyFunSuiteLike.$anonfun$run$1(AnyFunSuiteLike.scala:273)
[info]   at org.scalatest.SuperEngine.runImpl(Engine.scala:535)
[info]   at org.scalatest.funsuite.AnyFunSuiteLike.run(AnyFunSuiteLike.scala:273)
[info]   at org.scalatest.funsuite.AnyFunSuiteLike.run$(AnyFunSuiteLike.scala:272)
[info]   at frameless.TypedDatasetSuite.org$scalatest$BeforeAndAfterAll$$super$run(TypedDatasetSuite.scala:63)
[info]   at org.scalatest.BeforeAndAfterAll.liftedTree1$1(BeforeAndAfterAll.scala:213)
[info]   at org.scalatest.BeforeAndAfterAll.run(BeforeAndAfterAll.scala:210)
[info]   at org.scalatest.BeforeAndAfterAll.run$(BeforeAndAfterAll.scala:208)
[info]   at frameless.TypedDatasetSuite.run(TypedDatasetSuite.scala:63)
[info]   at org.scalatest.tools.Framework.org$scalatest$tools$Framework$$runSuite(Framework.scala:321)
[info]   at org.scalatest.tools.Framework$ScalaTestTask.execute(Framework.scala:517)
[info]   at sbt.ForkMain$Run.lambda$runTest$1(ForkMain.java:414)
[info]   at java.base/java.util.concurrent.FutureTask.run(FutureTask.java:317)
[info]   at java.base/java.util.concurrent.ThreadPoolExecutor.runWorker(ThreadPoolExecutor.java:1144)
[info]   at java.base/java.util.concurrent.ThreadPoolExecutor$Worker.run(ThreadPoolExecutor.java:642)
[info]   at java.base/java.lang.Thread.run(Thread.java:1583)
[info]   Cause: java.lang.ClassCastException: Cannot cast scala.reflect.ClassTag$GenericClassTag to org.apache.spark.sql.catalyst.expressions.Expression
[info]   at java.base/java.lang.Class.cast(Class.java:4067)
[info]   at java.base/jdk.internal.reflect.DirectConstructorHandleAccessor.newInstance(DirectConstructorHandleAccessor.java:62)
[info]   at java.base/java.lang.reflect.Constructor.newInstanceWithCaller(Constructor.java:502)
[info]   at java.base/java.lang.reflect.Constructor.newInstance(Constructor.java:486)
[info]   at frameless.TypedExpressionEncoder$.$anonfun$apply$3(TypedExpressionEncoder.scala:55)
[info]   at scala.Option.map(Option.scala:242)
[info]   at frameless.TypedExpressionEncoder$.apply(TypedExpressionEncoder.scala:54)
[info]   at frameless.TypedDataset$.create(TypedDataset.scala:1325)
[info]   at frameless.GroupByTests.prop$9(GroupByTests.scala:257)
[info]   at frameless.GroupByTests.$anonfun$new$248(GroupByTests.scala:314)
[info]   at scala.Function1.$anonfun$andThen$1(Function1.scala:87)
[info]   at org.scalacheck.Prop$.$anonfun$forAllShrink$2(Prop.scala:868)
[info]   at org.scalacheck.Prop$.secure(Prop.scala:484)
[info]   at org.scalacheck.Prop$.result$1(Prop.scala:868)
[info]   at org.scalacheck.Prop$.$anonfun$forAllShrink$1(Prop.scala:915)
[info]   at org.scalacheck.Prop$.$anonfun$apply$1(Prop.scala:305)
[info]   at org.scalacheck.PropFromFun.apply(Prop.scala:20)
[info]   at org.scalacheck.Test$.workerFun$1(Test.scala:486)
[info]   at org.scalacheck.Test$.$anonfun$check$4(Test.scala:518)
[info]   at org.scalacheck.Test$.$anonfun$check$4$adapted(Test.scala:518)
[info]   at org.scalacheck.Platform$.runWorkers(Platform.scala:42)
[info]   at org.scalacheck.Test$.check(Test.scala:518)
[info]   at org.scalatestplus.scalacheck.UnitCheckerAsserting$CheckerAssertingImpl.check(CheckerAsserting.scala:90)
[info]   at org.scalatestplus.scalacheck.Checkers.check(Checkers.scala:371)
[info]   at org.scalatestplus.scalacheck.Checkers.check$(Checkers.scala:369)
[info]   at frameless.TypedDatasetSuite.check(TypedDatasetSuite.scala:63)
[info]   at frameless.GroupByTests.$anonfun$new$193(GroupByTests.scala:314)
[info]   at org.scalatest.OutcomeOf.outcomeOf(OutcomeOf.scala:85)
[info]   at org.scalatest.OutcomeOf.outcomeOf$(OutcomeOf.scala:83)
[info]   at org.scalatest.OutcomeOf$.outcomeOf(OutcomeOf.scala:104)
[info]   at org.scalatest.Transformer.apply(Transformer.scala:22)
[info]   at org.scalatest.Transformer.apply(Transformer.scala:20)
[info]   at org.scalatest.funsuite.AnyFunSuiteLike$$anon$1.apply(AnyFunSuiteLike.scala:226)
[info]   at org.scalatest.TestSuite.withFixture(TestSuite.scala:196)
[info]   at org.scalatest.TestSuite.withFixture$(TestSuite.scala:195)
[info]   at org.scalatest.funsuite.AnyFunSuite.withFixture(AnyFunSuite.scala:1564)
[info]   at org.scalatest.funsuite.AnyFunSuiteLike.invokeWithFixture$1(AnyFunSuiteLike.scala:224)
[info]   at org.scalatest.funsuite.AnyFunSuiteLike.$anonfun$runTest$1(AnyFunSuiteLike.scala:236)
[info]   at org.scalatest.SuperEngine.runTestImpl(Engine.scala:306)
[info]   at org.scalatest.funsuite.AnyFunSuiteLike.runTest(AnyFunSuiteLike.scala:236)
[info]   at org.scalatest.funsuite.AnyFunSuiteLike.runTest$(AnyFunSuiteLike.scala:218)
[info]   at org.scalatest.funsuite.AnyFunSuite.runTest(AnyFunSuite.scala:1564)
[info]   at org.scalatest.funsuite.AnyFunSuiteLike.$anonfun$runTests$1(AnyFunSuiteLike.scala:269)
[info]   at org.scalatest.SuperEngine.$anonfun$runTestsInBranch$1(Engine.scala:413)
[info]   at scala.collection.immutable.List.foreach(List.scala:334)
[info]   at org.scalatest.SuperEngine.traverseSubNodes$1(Engine.scala:401)
[info]   at org.scalatest.SuperEngine.runTestsInBranch(Engine.scala:396)
[info]   at org.scalatest.SuperEngine.runTestsImpl(Engine.scala:475)
[info]   at org.scalatest.funsuite.AnyFunSuiteLike.runTests(AnyFunSuiteLike.scala:269)
[info]   at org.scalatest.funsuite.AnyFunSuiteLike.runTests$(AnyFunSuiteLike.scala:268)
[info]   at org.scalatest.funsuite.AnyFunSuite.runTests(AnyFunSuite.scala:1564)
[info]   at org.scalatest.Suite.run(Suite.scala:1114)
[info]   at org.scalatest.Suite.run$(Suite.scala:1096)
[info]   at org.scalatest.funsuite.AnyFunSuite.org$scalatest$funsuite$AnyFunSuiteLike$$super$run(AnyFunSuite.scala:1564)
[info]   at org.scalatest.funsuite.AnyFunSuiteLike.$anonfun$run$1(AnyFunSuiteLike.scala:273)
[info]   at org.scalatest.SuperEngine.runImpl(Engine.scala:535)
[info]   at org.scalatest.funsuite.AnyFunSuiteLike.run(AnyFunSuiteLike.scala:273)
[info]   at org.scalatest.funsuite.AnyFunSuiteLike.run$(AnyFunSuiteLike.scala:272)
[info]   at frameless.TypedDatasetSuite.org$scalatest$BeforeAndAfterAll$$super$run(TypedDatasetSuite.scala:63)
[info]   at org.scalatest.BeforeAndAfterAll.liftedTree1$1(BeforeAndAfterAll.scala:213)
[info]   at org.scalatest.BeforeAndAfterAll.run(BeforeAndAfterAll.scala:210)
[info]   at org.scalatest.BeforeAndAfterAll.run$(BeforeAndAfterAll.scala:208)
[info]   at frameless.TypedDatasetSuite.run(TypedDatasetSuite.scala:63)
[info]   at org.scalatest.tools.Framework.org$scalatest$tools$Framework$$runSuite(Framework.scala:321)
[info]   at org.scalatest.tools.Framework$ScalaTestTask.execute(Framework.scala:517)
[info]   at sbt.ForkMain$Run.lambda$runTest$1(ForkMain.java:414)
[info]   at java.base/java.util.concurrent.FutureTask.run(FutureTask.java:317)
[info]   at java.base/java.util.concurrent.ThreadPoolExecutor.runWorker(ThreadPoolExecutor.java:1144)
[info]   at java.base/java.util.concurrent.ThreadPoolExecutor$Worker.run(ThreadPoolExecutor.java:642)
[info]   at java.base/java.lang.Thread.run(Thread.java:1583)
[info] - groupBy('a, 'b).agg(sum('c), sum('d)) *** FAILED *** (3 milliseconds)
[info]   IllegalArgumentException was thrown during property evaluation.
[info]     Message: argument type mismatch
[info]     Occurred when passed generated values (
[info]       arg0 = List()
[info]     )
[info]   org.scalatest.exceptions.GeneratorDrivenPropertyCheckFailedException:
[info]   at org.scalatestplus.scalacheck.CheckerAsserting$$anon$2.indicateFailure(CheckerAsserting.scala:251)
[info]   at org.scalatestplus.scalacheck.CheckerAsserting$$anon$2.indicateFailure(CheckerAsserting.scala:238)
[info]   at org.scalatestplus.scalacheck.UnitCheckerAsserting$CheckerAssertingImpl.check(CheckerAsserting.scala:160)
[info]   at org.scalatestplus.scalacheck.Checkers.check(Checkers.scala:371)
[info]   at org.scalatestplus.scalacheck.Checkers.check$(Checkers.scala:369)
[info]   at frameless.TypedDatasetSuite.check(TypedDatasetSuite.scala:63)
[info]   at frameless.GroupByTests.$anonfun$new$250(GroupByTests.scala:352)
[info]   at org.scalatest.OutcomeOf.outcomeOf(OutcomeOf.scala:85)
[info]   at org.scalatest.OutcomeOf.outcomeOf$(OutcomeOf.scala:83)
[info]   at org.scalatest.OutcomeOf$.outcomeOf(OutcomeOf.scala:104)
[info]   at org.scalatest.Transformer.apply(Transformer.scala:22)
[info]   at org.scalatest.Transformer.apply(Transformer.scala:20)
[info]   at org.scalatest.funsuite.AnyFunSuiteLike$$anon$1.apply(AnyFunSuiteLike.scala:226)
[info]   at org.scalatest.TestSuite.withFixture(TestSuite.scala:196)
[info]   at org.scalatest.TestSuite.withFixture$(TestSuite.scala:195)
[info]   at org.scalatest.funsuite.AnyFunSuite.withFixture(AnyFunSuite.scala:1564)
[info]   at org.scalatest.funsuite.AnyFunSuiteLike.invokeWithFixture$1(AnyFunSuiteLike.scala:224)
[info]   at org.scalatest.funsuite.AnyFunSuiteLike.$anonfun$runTest$1(AnyFunSuiteLike.scala:236)
[info]   at org.scalatest.SuperEngine.runTestImpl(Engine.scala:306)
[info]   at org.scalatest.funsuite.AnyFunSuiteLike.runTest(AnyFunSuiteLike.scala:236)
[info]   at org.scalatest.funsuite.AnyFunSuiteLike.runTest$(AnyFunSuiteLike.scala:218)
[info]   at org.scalatest.funsuite.AnyFunSuite.runTest(AnyFunSuite.scala:1564)
[info]   at org.scalatest.funsuite.AnyFunSuiteLike.$anonfun$runTests$1(AnyFunSuiteLike.scala:269)
[info]   at org.scalatest.SuperEngine.$anonfun$runTestsInBranch$1(Engine.scala:413)
[info]   at scala.collection.immutable.List.foreach(List.scala:334)
[info]   at org.scalatest.SuperEngine.traverseSubNodes$1(Engine.scala:401)
[info]   at org.scalatest.SuperEngine.runTestsInBranch(Engine.scala:396)
[info]   at org.scalatest.SuperEngine.runTestsImpl(Engine.scala:475)
[info]   at org.scalatest.funsuite.AnyFunSuiteLike.runTests(AnyFunSuiteLike.scala:269)
[info]   at org.scalatest.funsuite.AnyFunSuiteLike.runTests$(AnyFunSuiteLike.scala:268)
[info]   at org.scalatest.funsuite.AnyFunSuite.runTests(AnyFunSuite.scala:1564)
[info]   at org.scalatest.Suite.run(Suite.scala:1114)
[info]   at org.scalatest.Suite.run$(Suite.scala:1096)
[info]   at org.scalatest.funsuite.AnyFunSuite.org$scalatest$funsuite$AnyFunSuiteLike$$super$run(AnyFunSuite.scala:1564)
[info]   at org.scalatest.funsuite.AnyFunSuiteLike.$anonfun$run$1(AnyFunSuiteLike.scala:273)
[info]   at org.scalatest.SuperEngine.runImpl(Engine.scala:535)
[info]   at org.scalatest.funsuite.AnyFunSuiteLike.run(AnyFunSuiteLike.scala:273)
[info]   at org.scalatest.funsuite.AnyFunSuiteLike.run$(AnyFunSuiteLike.scala:272)
[info]   at frameless.TypedDatasetSuite.org$scalatest$BeforeAndAfterAll$$super$run(TypedDatasetSuite.scala:63)
[info]   at org.scalatest.BeforeAndAfterAll.liftedTree1$1(BeforeAndAfterAll.scala:213)
[info]   at org.scalatest.BeforeAndAfterAll.run(BeforeAndAfterAll.scala:210)
[info]   at org.scalatest.BeforeAndAfterAll.run$(BeforeAndAfterAll.scala:208)
[info]   at frameless.TypedDatasetSuite.run(TypedDatasetSuite.scala:63)
[info]   at org.scalatest.tools.Framework.org$scalatest$tools$Framework$$runSuite(Framework.scala:321)
[info]   at org.scalatest.tools.Framework$ScalaTestTask.execute(Framework.scala:517)
[info]   at sbt.ForkMain$Run.lambda$runTest$1(ForkMain.java:414)
[info]   at java.base/java.util.concurrent.FutureTask.run(FutureTask.java:317)
[info]   at java.base/java.util.concurrent.ThreadPoolExecutor.runWorker(ThreadPoolExecutor.java:1144)
[info]   at java.base/java.util.concurrent.ThreadPoolExecutor$Worker.run(ThreadPoolExecutor.java:642)
[info]   at java.base/java.lang.Thread.run(Thread.java:1583)
[info]   Cause: java.lang.IllegalArgumentException: argument type mismatch
[info]   at java.base/jdk.internal.reflect.DirectConstructorHandleAccessor.newInstance(DirectConstructorHandleAccessor.java:65)
[info]   at java.base/java.lang.reflect.Constructor.newInstanceWithCaller(Constructor.java:502)
[info]   at java.base/java.lang.reflect.Constructor.newInstance(Constructor.java:486)
[info]   at frameless.TypedExpressionEncoder$.$anonfun$apply$3(TypedExpressionEncoder.scala:55)
[info]   at scala.Option.map(Option.scala:242)
[info]   at frameless.TypedExpressionEncoder$.apply(TypedExpressionEncoder.scala:54)
[info]   at frameless.TypedDataset$.create(TypedDataset.scala:1325)
[info]   at frameless.GroupByTests.prop$10(GroupByTests.scala:332)
[info]   at frameless.GroupByTests.$anonfun$new$272(GroupByTests.scala:352)
[info]   at scala.Function1.$anonfun$andThen$1(Function1.scala:87)
[info]   at org.scalacheck.Prop$.$anonfun$forAllShrink$2(Prop.scala:868)
[info]   at org.scalacheck.Prop$.secure(Prop.scala:484)
[info]   at org.scalacheck.Prop$.result$1(Prop.scala:868)
[info]   at org.scalacheck.Prop$.$anonfun$forAllShrink$1(Prop.scala:915)
[info]   at org.scalacheck.Prop$.$anonfun$apply$1(Prop.scala:305)
[info]   at org.scalacheck.PropFromFun.apply(Prop.scala:20)
[info]   at org.scalacheck.Test$.workerFun$1(Test.scala:486)
[info]   at org.scalacheck.Test$.$anonfun$check$4(Test.scala:518)
[info]   at org.scalacheck.Test$.$anonfun$check$4$adapted(Test.scala:518)
[info]   at org.scalacheck.Platform$.runWorkers(Platform.scala:42)
[info]   at org.scalacheck.Test$.check(Test.scala:518)
[info]   at org.scalatestplus.scalacheck.UnitCheckerAsserting$CheckerAssertingImpl.check(CheckerAsserting.scala:90)
[info]   at org.scalatestplus.scalacheck.Checkers.check(Checkers.scala:371)
[info]   at org.scalatestplus.scalacheck.Checkers.check$(Checkers.scala:369)
[info]   at frameless.TypedDatasetSuite.check(TypedDatasetSuite.scala:63)
[info]   at frameless.GroupByTests.$anonfun$new$250(GroupByTests.scala:352)
[info]   at org.scalatest.OutcomeOf.outcomeOf(OutcomeOf.scala:85)
[info]   at org.scalatest.OutcomeOf.outcomeOf$(OutcomeOf.scala:83)
[info]   at org.scalatest.OutcomeOf$.outcomeOf(OutcomeOf.scala:104)
[info]   at org.scalatest.Transformer.apply(Transformer.scala:22)
[info]   at org.scalatest.Transformer.apply(Transformer.scala:20)
[info]   at org.scalatest.funsuite.AnyFunSuiteLike$$anon$1.apply(AnyFunSuiteLike.scala:226)
[info]   at org.scalatest.TestSuite.withFixture(TestSuite.scala:196)
[info]   at org.scalatest.TestSuite.withFixture$(TestSuite.scala:195)
[info]   at org.scalatest.funsuite.AnyFunSuite.withFixture(AnyFunSuite.scala:1564)
[info]   at org.scalatest.funsuite.AnyFunSuiteLike.invokeWithFixture$1(AnyFunSuiteLike.scala:224)
[info]   at org.scalatest.funsuite.AnyFunSuiteLike.$anonfun$runTest$1(AnyFunSuiteLike.scala:236)
[info]   at org.scalatest.SuperEngine.runTestImpl(Engine.scala:306)
[info]   at org.scalatest.funsuite.AnyFunSuiteLike.runTest(AnyFunSuiteLike.scala:236)
[info]   at org.scalatest.funsuite.AnyFunSuiteLike.runTest$(AnyFunSuiteLike.scala:218)
[info]   at org.scalatest.funsuite.AnyFunSuite.runTest(AnyFunSuite.scala:1564)
[info]   at org.scalatest.funsuite.AnyFunSuiteLike.$anonfun$runTests$1(AnyFunSuiteLike.scala:269)
[info]   at org.scalatest.SuperEngine.$anonfun$runTestsInBranch$1(Engine.scala:413)
[info]   at scala.collection.immutable.List.foreach(List.scala:334)
[info]   at org.scalatest.SuperEngine.traverseSubNodes$1(Engine.scala:401)
[info]   at org.scalatest.SuperEngine.runTestsInBranch(Engine.scala:396)
[info]   at org.scalatest.SuperEngine.runTestsImpl(Engine.scala:475)
[info]   at org.scalatest.funsuite.AnyFunSuiteLike.runTests(AnyFunSuiteLike.scala:269)
[info]   at org.scalatest.funsuite.AnyFunSuiteLike.runTests$(AnyFunSuiteLike.scala:268)
[info]   at org.scalatest.funsuite.AnyFunSuite.runTests(AnyFunSuite.scala:1564)
[info]   at org.scalatest.Suite.run(Suite.scala:1114)
[info]   at org.scalatest.Suite.run$(Suite.scala:1096)
[info]   at org.scalatest.funsuite.AnyFunSuite.org$scalatest$funsuite$AnyFunSuiteLike$$super$run(AnyFunSuite.scala:1564)
[info]   at org.scalatest.funsuite.AnyFunSuiteLike.$anonfun$run$1(AnyFunSuiteLike.scala:273)
[info]   at org.scalatest.SuperEngine.runImpl(Engine.scala:535)
[info]   at org.scalatest.funsuite.AnyFunSuiteLike.run(AnyFunSuiteLike.scala:273)
[info]   at org.scalatest.funsuite.AnyFunSuiteLike.run$(AnyFunSuiteLike.scala:272)
[info]   at frameless.TypedDatasetSuite.org$scalatest$BeforeAndAfterAll$$super$run(TypedDatasetSuite.scala:63)
[info]   at org.scalatest.BeforeAndAfterAll.liftedTree1$1(BeforeAndAfterAll.scala:213)
[info]   at org.scalatest.BeforeAndAfterAll.run(BeforeAndAfterAll.scala:210)
[info]   at org.scalatest.BeforeAndAfterAll.run$(BeforeAndAfterAll.scala:208)
[info]   at frameless.TypedDatasetSuite.run(TypedDatasetSuite.scala:63)
[info]   at org.scalatest.tools.Framework.org$scalatest$tools$Framework$$runSuite(Framework.scala:321)
[info]   at org.scalatest.tools.Framework$ScalaTestTask.execute(Framework.scala:517)
[info]   at sbt.ForkMain$Run.lambda$runTest$1(ForkMain.java:414)
[info]   at java.base/java.util.concurrent.FutureTask.run(FutureTask.java:317)
[info]   at java.base/java.util.concurrent.ThreadPoolExecutor.runWorker(ThreadPoolExecutor.java:1144)
[info]   at java.base/java.util.concurrent.ThreadPoolExecutor$Worker.run(ThreadPoolExecutor.java:642)
[info]   at java.base/java.lang.Thread.run(Thread.java:1583)
[info]   Cause: java.lang.ClassCastException: Cannot cast scala.reflect.ClassTag$GenericClassTag to org.apache.spark.sql.catalyst.expressions.Expression
[info]   at java.base/java.lang.Class.cast(Class.java:4067)
[info]   at java.base/jdk.internal.reflect.DirectConstructorHandleAccessor.newInstance(DirectConstructorHandleAccessor.java:62)
[info]   at java.base/java.lang.reflect.Constructor.newInstanceWithCaller(Constructor.java:502)
[info]   at java.base/java.lang.reflect.Constructor.newInstance(Constructor.java:486)
[info]   at frameless.TypedExpressionEncoder$.$anonfun$apply$3(TypedExpressionEncoder.scala:55)
[info]   at scala.Option.map(Option.scala:242)
[info]   at frameless.TypedExpressionEncoder$.apply(TypedExpressionEncoder.scala:54)
[info]   at frameless.TypedDataset$.create(TypedDataset.scala:1325)
[info]   at frameless.GroupByTests.prop$10(GroupByTests.scala:332)
[info]   at frameless.GroupByTests.$anonfun$new$272(GroupByTests.scala:352)
[info]   at scala.Function1.$anonfun$andThen$1(Function1.scala:87)
[info]   at org.scalacheck.Prop$.$anonfun$forAllShrink$2(Prop.scala:868)
[info]   at org.scalacheck.Prop$.secure(Prop.scala:484)
[info]   at org.scalacheck.Prop$.result$1(Prop.scala:868)
[info]   at org.scalacheck.Prop$.$anonfun$forAllShrink$1(Prop.scala:915)
[info]   at org.scalacheck.Prop$.$anonfun$apply$1(Prop.scala:305)
[info]   at org.scalacheck.PropFromFun.apply(Prop.scala:20)
[info]   at org.scalacheck.Test$.workerFun$1(Test.scala:486)
[info]   at org.scalacheck.Test$.$anonfun$check$4(Test.scala:518)
[info]   at org.scalacheck.Test$.$anonfun$check$4$adapted(Test.scala:518)
[info]   at org.scalacheck.Platform$.runWorkers(Platform.scala:42)
[info]   at org.scalacheck.Test$.check(Test.scala:518)
[info]   at org.scalatestplus.scalacheck.UnitCheckerAsserting$CheckerAssertingImpl.check(CheckerAsserting.scala:90)
[info]   at org.scalatestplus.scalacheck.Checkers.check(Checkers.scala:371)
[info]   at org.scalatestplus.scalacheck.Checkers.check$(Checkers.scala:369)
[info]   at frameless.TypedDatasetSuite.check(TypedDatasetSuite.scala:63)
[info]   at frameless.GroupByTests.$anonfun$new$250(GroupByTests.scala:352)
[info]   at org.scalatest.OutcomeOf.outcomeOf(OutcomeOf.scala:85)
[info]   at org.scalatest.OutcomeOf.outcomeOf$(OutcomeOf.scala:83)
[info]   at org.scalatest.OutcomeOf$.outcomeOf(OutcomeOf.scala:104)
[info]   at org.scalatest.Transformer.apply(Transformer.scala:22)
[info]   at org.scalatest.Transformer.apply(Transformer.scala:20)
[info]   at org.scalatest.funsuite.AnyFunSuiteLike$$anon$1.apply(AnyFunSuiteLike.scala:226)
[info]   at org.scalatest.TestSuite.withFixture(TestSuite.scala:196)
[info]   at org.scalatest.TestSuite.withFixture$(TestSuite.scala:195)
[info]   at org.scalatest.funsuite.AnyFunSuite.withFixture(AnyFunSuite.scala:1564)
[info]   at org.scalatest.funsuite.AnyFunSuiteLike.invokeWithFixture$1(AnyFunSuiteLike.scala:224)
[info]   at org.scalatest.funsuite.AnyFunSuiteLike.$anonfun$runTest$1(AnyFunSuiteLike.scala:236)
[info]   at org.scalatest.SuperEngine.runTestImpl(Engine.scala:306)
[info]   at org.scalatest.funsuite.AnyFunSuiteLike.runTest(AnyFunSuiteLike.scala:236)
[info]   at org.scalatest.funsuite.AnyFunSuiteLike.runTest$(AnyFunSuiteLike.scala:218)
[info]   at org.scalatest.funsuite.AnyFunSuite.runTest(AnyFunSuite.scala:1564)
[info]   at org.scalatest.funsuite.AnyFunSuiteLike.$anonfun$runTests$1(AnyFunSuiteLike.scala:269)
[info]   at org.scalatest.SuperEngine.$anonfun$runTestsInBranch$1(Engine.scala:413)
[info]   at scala.collection.immutable.List.foreach(List.scala:334)
[info]   at org.scalatest.SuperEngine.traverseSubNodes$1(Engine.scala:401)
[info]   at org.scalatest.SuperEngine.runTestsInBranch(Engine.scala:396)
[info]   at org.scalatest.SuperEngine.runTestsImpl(Engine.scala:475)
[info]   at org.scalatest.funsuite.AnyFunSuiteLike.runTests(AnyFunSuiteLike.scala:269)
[info]   at org.scalatest.funsuite.AnyFunSuiteLike.runTests$(AnyFunSuiteLike.scala:268)
[info]   at org.scalatest.funsuite.AnyFunSuite.runTests(AnyFunSuite.scala:1564)
[info]   at org.scalatest.Suite.run(Suite.scala:1114)
[info]   at org.scalatest.Suite.run$(Suite.scala:1096)
[info]   at org.scalatest.funsuite.AnyFunSuite.org$scalatest$funsuite$AnyFunSuiteLike$$super$run(AnyFunSuite.scala:1564)
[info]   at org.scalatest.funsuite.AnyFunSuiteLike.$anonfun$run$1(AnyFunSuiteLike.scala:273)
[info]   at org.scalatest.SuperEngine.runImpl(Engine.scala:535)
[info]   at org.scalatest.funsuite.AnyFunSuiteLike.run(AnyFunSuiteLike.scala:273)
[info]   at org.scalatest.funsuite.AnyFunSuiteLike.run$(AnyFunSuiteLike.scala:272)
[info]   at frameless.TypedDatasetSuite.org$scalatest$BeforeAndAfterAll$$super$run(TypedDatasetSuite.scala:63)
[info]   at org.scalatest.BeforeAndAfterAll.liftedTree1$1(BeforeAndAfterAll.scala:213)
[info]   at org.scalatest.BeforeAndAfterAll.run(BeforeAndAfterAll.scala:210)
[info]   at org.scalatest.BeforeAndAfterAll.run$(BeforeAndAfterAll.scala:208)
[info]   at frameless.TypedDatasetSuite.run(TypedDatasetSuite.scala:63)
[info]   at org.scalatest.tools.Framework.org$scalatest$tools$Framework$$runSuite(Framework.scala:321)
[info]   at org.scalatest.tools.Framework$ScalaTestTask.execute(Framework.scala:517)
[info]   at sbt.ForkMain$Run.lambda$runTest$1(ForkMain.java:414)
[info]   at java.base/java.util.concurrent.FutureTask.run(FutureTask.java:317)
[info]   at java.base/java.util.concurrent.ThreadPoolExecutor.runWorker(ThreadPoolExecutor.java:1144)
[info]   at java.base/java.util.concurrent.ThreadPoolExecutor$Worker.run(ThreadPoolExecutor.java:642)
[info]   at java.base/java.lang.Thread.run(Thread.java:1583)
[info] - groupBy('a, 'b).mapGroups('a, 'b, sum('c)) *** FAILED *** (2 milliseconds)
[info]   IllegalArgumentException was thrown during property evaluation.
[info]     Message: argument type mismatch
[info]     Occurred when passed generated values (
[info]       arg0 = List()
[info]     )
[info]   org.scalatest.exceptions.GeneratorDrivenPropertyCheckFailedException:
[info]   at org.scalatestplus.scalacheck.CheckerAsserting$$anon$2.indicateFailure(CheckerAsserting.scala:251)
[info]   at org.scalatestplus.scalacheck.CheckerAsserting$$anon$2.indicateFailure(CheckerAsserting.scala:238)
[info]   at org.scalatestplus.scalacheck.UnitCheckerAsserting$CheckerAssertingImpl.check(CheckerAsserting.scala:160)
[info]   at org.scalatestplus.scalacheck.Checkers.check(Checkers.scala:371)
[info]   at org.scalatestplus.scalacheck.Checkers.check$(Checkers.scala:369)
[info]   at frameless.TypedDatasetSuite.check(TypedDatasetSuite.scala:63)
[info]   at frameless.GroupByTests.$anonfun$new$274(GroupByTests.scala:378)
[info]   at org.scalatest.OutcomeOf.outcomeOf(OutcomeOf.scala:85)
[info]   at org.scalatest.OutcomeOf.outcomeOf$(OutcomeOf.scala:83)
[info]   at org.scalatest.OutcomeOf$.outcomeOf(OutcomeOf.scala:104)
[info]   at org.scalatest.Transformer.apply(Transformer.scala:22)
[info]   at org.scalatest.Transformer.apply(Transformer.scala:20)
[info]   at org.scalatest.funsuite.AnyFunSuiteLike$$anon$1.apply(AnyFunSuiteLike.scala:226)
[info]   at org.scalatest.TestSuite.withFixture(TestSuite.scala:196)
[info]   at org.scalatest.TestSuite.withFixture$(TestSuite.scala:195)
[info]   at org.scalatest.funsuite.AnyFunSuite.withFixture(AnyFunSuite.scala:1564)
[info]   at org.scalatest.funsuite.AnyFunSuiteLike.invokeWithFixture$1(AnyFunSuiteLike.scala:224)
[info]   at org.scalatest.funsuite.AnyFunSuiteLike.$anonfun$runTest$1(AnyFunSuiteLike.scala:236)
[info]   at org.scalatest.SuperEngine.runTestImpl(Engine.scala:306)
[info]   at org.scalatest.funsuite.AnyFunSuiteLike.runTest(AnyFunSuiteLike.scala:236)
[info]   at org.scalatest.funsuite.AnyFunSuiteLike.runTest$(AnyFunSuiteLike.scala:218)
[info]   at org.scalatest.funsuite.AnyFunSuite.runTest(AnyFunSuite.scala:1564)
[info]   at org.scalatest.funsuite.AnyFunSuiteLike.$anonfun$runTests$1(AnyFunSuiteLike.scala:269)
[info]   at org.scalatest.SuperEngine.$anonfun$runTestsInBranch$1(Engine.scala:413)
[info]   at scala.collection.immutable.List.foreach(List.scala:334)
[info]   at org.scalatest.SuperEngine.traverseSubNodes$1(Engine.scala:401)
[info]   at org.scalatest.SuperEngine.runTestsInBranch(Engine.scala:396)
[info]   at org.scalatest.SuperEngine.runTestsImpl(Engine.scala:475)
[info]   at org.scalatest.funsuite.AnyFunSuiteLike.runTests(AnyFunSuiteLike.scala:269)
[info]   at org.scalatest.funsuite.AnyFunSuiteLike.runTests$(AnyFunSuiteLike.scala:268)
[info]   at org.scalatest.funsuite.AnyFunSuite.runTests(AnyFunSuite.scala:1564)
[info]   at org.scalatest.Suite.run(Suite.scala:1114)
[info]   at org.scalatest.Suite.run$(Suite.scala:1096)
[info]   at org.scalatest.funsuite.AnyFunSuite.org$scalatest$funsuite$AnyFunSuiteLike$$super$run(AnyFunSuite.scala:1564)
[info]   at org.scalatest.funsuite.AnyFunSuiteLike.$anonfun$run$1(AnyFunSuiteLike.scala:273)
[info]   at org.scalatest.SuperEngine.runImpl(Engine.scala:535)
[info]   at org.scalatest.funsuite.AnyFunSuiteLike.run(AnyFunSuiteLike.scala:273)
[info]   at org.scalatest.funsuite.AnyFunSuiteLike.run$(AnyFunSuiteLike.scala:272)
[info]   at frameless.TypedDatasetSuite.org$scalatest$BeforeAndAfterAll$$super$run(TypedDatasetSuite.scala:63)
[info]   at org.scalatest.BeforeAndAfterAll.liftedTree1$1(BeforeAndAfterAll.scala:213)
[info]   at org.scalatest.BeforeAndAfterAll.run(BeforeAndAfterAll.scala:210)
[info]   at org.scalatest.BeforeAndAfterAll.run$(BeforeAndAfterAll.scala:208)
[info]   at frameless.TypedDatasetSuite.run(TypedDatasetSuite.scala:63)
[info]   at org.scalatest.tools.Framework.org$scalatest$tools$Framework$$runSuite(Framework.scala:321)
[info]   at org.scalatest.tools.Framework$ScalaTestTask.execute(Framework.scala:517)
[info]   at sbt.ForkMain$Run.lambda$runTest$1(ForkMain.java:414)
[info]   at java.base/java.util.concurrent.FutureTask.run(FutureTask.java:317)
[info]   at java.base/java.util.concurrent.ThreadPoolExecutor.runWorker(ThreadPoolExecutor.java:1144)
[info]   at java.base/java.util.concurrent.ThreadPoolExecutor$Worker.run(ThreadPoolExecutor.java:642)
[info]   at java.base/java.lang.Thread.run(Thread.java:1583)
[info]   Cause: java.lang.IllegalArgumentException: argument type mismatch
[info]   at java.base/jdk.internal.reflect.DirectConstructorHandleAccessor.newInstance(DirectConstructorHandleAccessor.java:65)
[info]   at java.base/java.lang.reflect.Constructor.newInstanceWithCaller(Constructor.java:502)
[info]   at java.base/java.lang.reflect.Constructor.newInstance(Constructor.java:486)
[info]   at frameless.TypedExpressionEncoder$.$anonfun$apply$3(TypedExpressionEncoder.scala:55)
[info]   at scala.Option.map(Option.scala:242)
[info]   at frameless.TypedExpressionEncoder$.apply(TypedExpressionEncoder.scala:54)
[info]   at frameless.TypedDataset$.create(TypedDataset.scala:1325)
[info]   at frameless.GroupByTests.prop$11(GroupByTests.scala:361)
[info]   at frameless.GroupByTests.$anonfun$new$299(GroupByTests.scala:378)
[info]   at scala.Function1.$anonfun$andThen$1(Function1.scala:87)
[info]   at org.scalacheck.Prop$.$anonfun$forAllShrink$2(Prop.scala:868)
[info]   at org.scalacheck.Prop$.secure(Prop.scala:484)
[info]   at org.scalacheck.Prop$.result$1(Prop.scala:868)
[info]   at org.scalacheck.Prop$.$anonfun$forAllShrink$1(Prop.scala:915)
[info]   at org.scalacheck.Prop$.$anonfun$apply$1(Prop.scala:305)
[info]   at org.scalacheck.PropFromFun.apply(Prop.scala:20)
[info]   at org.scalacheck.Test$.workerFun$1(Test.scala:486)
[info]   at org.scalacheck.Test$.$anonfun$check$4(Test.scala:518)
[info]   at org.scalacheck.Test$.$anonfun$check$4$adapted(Test.scala:518)
[info]   at org.scalacheck.Platform$.runWorkers(Platform.scala:42)
[info]   at org.scalacheck.Test$.check(Test.scala:518)
[info]   at org.scalatestplus.scalacheck.UnitCheckerAsserting$CheckerAssertingImpl.check(CheckerAsserting.scala:90)
[info]   at org.scalatestplus.scalacheck.Checkers.check(Checkers.scala:371)
[info]   at org.scalatestplus.scalacheck.Checkers.check$(Checkers.scala:369)
[info]   at frameless.TypedDatasetSuite.check(TypedDatasetSuite.scala:63)
[info]   at frameless.GroupByTests.$anonfun$new$274(GroupByTests.scala:378)
[info]   at org.scalatest.OutcomeOf.outcomeOf(OutcomeOf.scala:85)
[info]   at org.scalatest.OutcomeOf.outcomeOf$(OutcomeOf.scala:83)
[info]   at org.scalatest.OutcomeOf$.outcomeOf(OutcomeOf.scala:104)
[info]   at org.scalatest.Transformer.apply(Transformer.scala:22)
[info]   at org.scalatest.Transformer.apply(Transformer.scala:20)
[info]   at org.scalatest.funsuite.AnyFunSuiteLike$$anon$1.apply(AnyFunSuiteLike.scala:226)
[info]   at org.scalatest.TestSuite.withFixture(TestSuite.scala:196)
[info]   at org.scalatest.TestSuite.withFixture$(TestSuite.scala:195)
[info]   at org.scalatest.funsuite.AnyFunSuite.withFixture(AnyFunSuite.scala:1564)
[info]   at org.scalatest.funsuite.AnyFunSuiteLike.invokeWithFixture$1(AnyFunSuiteLike.scala:224)
[info]   at org.scalatest.funsuite.AnyFunSuiteLike.$anonfun$runTest$1(AnyFunSuiteLike.scala:236)
[info]   at org.scalatest.SuperEngine.runTestImpl(Engine.scala:306)
[info]   at org.scalatest.funsuite.AnyFunSuiteLike.runTest(AnyFunSuiteLike.scala:236)
[info]   at org.scalatest.funsuite.AnyFunSuiteLike.runTest$(AnyFunSuiteLike.scala:218)
[info]   at org.scalatest.funsuite.AnyFunSuite.runTest(AnyFunSuite.scala:1564)
[info]   at org.scalatest.funsuite.AnyFunSuiteLike.$anonfun$runTests$1(AnyFunSuiteLike.scala:269)
[info]   at org.scalatest.SuperEngine.$anonfun$runTestsInBranch$1(Engine.scala:413)
[info]   at scala.collection.immutable.List.foreach(List.scala:334)
[info]   at org.scalatest.SuperEngine.traverseSubNodes$1(Engine.scala:401)
[info]   at org.scalatest.SuperEngine.runTestsInBranch(Engine.scala:396)
[info]   at org.scalatest.SuperEngine.runTestsImpl(Engine.scala:475)
[info]   at org.scalatest.funsuite.AnyFunSuiteLike.runTests(AnyFunSuiteLike.scala:269)
[info]   at org.scalatest.funsuite.AnyFunSuiteLike.runTests$(AnyFunSuiteLike.scala:268)
[info]   at org.scalatest.funsuite.AnyFunSuite.runTests(AnyFunSuite.scala:1564)
[info]   at org.scalatest.Suite.run(Suite.scala:1114)
[info]   at org.scalatest.Suite.run$(Suite.scala:1096)
[info]   at org.scalatest.funsuite.AnyFunSuite.org$scalatest$funsuite$AnyFunSuiteLike$$super$run(AnyFunSuite.scala:1564)
[info]   at org.scalatest.funsuite.AnyFunSuiteLike.$anonfun$run$1(AnyFunSuiteLike.scala:273)
[info]   at org.scalatest.SuperEngine.runImpl(Engine.scala:535)
[info]   at org.scalatest.funsuite.AnyFunSuiteLike.run(AnyFunSuiteLike.scala:273)
[info]   at org.scalatest.funsuite.AnyFunSuiteLike.run$(AnyFunSuiteLike.scala:272)
[info]   at frameless.TypedDatasetSuite.org$scalatest$BeforeAndAfterAll$$super$run(TypedDatasetSuite.scala:63)
[info]   at org.scalatest.BeforeAndAfterAll.liftedTree1$1(BeforeAndAfterAll.scala:213)
[info]   at org.scalatest.BeforeAndAfterAll.run(BeforeAndAfterAll.scala:210)
[info]   at org.scalatest.BeforeAndAfterAll.run$(BeforeAndAfterAll.scala:208)
[info]   at frameless.TypedDatasetSuite.run(TypedDatasetSuite.scala:63)
[info]   at org.scalatest.tools.Framework.org$scalatest$tools$Framework$$runSuite(Framework.scala:321)
[info]   at org.scalatest.tools.Framework$ScalaTestTask.execute(Framework.scala:517)
[info]   at sbt.ForkMain$Run.lambda$runTest$1(ForkMain.java:414)
[info]   at java.base/java.util.concurrent.FutureTask.run(FutureTask.java:317)
[info]   at java.base/java.util.concurrent.ThreadPoolExecutor.runWorker(ThreadPoolExecutor.java:1144)
[info]   at java.base/java.util.concurrent.ThreadPoolExecutor$Worker.run(ThreadPoolExecutor.java:642)
[info]   at java.base/java.lang.Thread.run(Thread.java:1583)
[info]   Cause: java.lang.ClassCastException: Cannot cast scala.reflect.ClassTag$GenericClassTag to org.apache.spark.sql.catalyst.expressions.Expression
[info]   at java.base/java.lang.Class.cast(Class.java:4067)
[info]   at java.base/jdk.internal.reflect.DirectConstructorHandleAccessor.newInstance(DirectConstructorHandleAccessor.java:62)
[info]   at java.base/java.lang.reflect.Constructor.newInstanceWithCaller(Constructor.java:502)
[info]   at java.base/java.lang.reflect.Constructor.newInstance(Constructor.java:486)
[info]   at frameless.TypedExpressionEncoder$.$anonfun$apply$3(TypedExpressionEncoder.scala:55)
[info]   at scala.Option.map(Option.scala:242)
[info]   at frameless.TypedExpressionEncoder$.apply(TypedExpressionEncoder.scala:54)
[info]   at frameless.TypedDataset$.create(TypedDataset.scala:1325)
[info]   at frameless.GroupByTests.prop$11(GroupByTests.scala:361)
[info]   at frameless.GroupByTests.$anonfun$new$299(GroupByTests.scala:378)
[info]   at scala.Function1.$anonfun$andThen$1(Function1.scala:87)
[info]   at org.scalacheck.Prop$.$anonfun$forAllShrink$2(Prop.scala:868)
[info]   at org.scalacheck.Prop$.secure(Prop.scala:484)
[info]   at org.scalacheck.Prop$.result$1(Prop.scala:868)
[info]   at org.scalacheck.Prop$.$anonfun$forAllShrink$1(Prop.scala:915)
[info]   at org.scalacheck.Prop$.$anonfun$apply$1(Prop.scala:305)
[info]   at org.scalacheck.PropFromFun.apply(Prop.scala:20)
[info]   at org.scalacheck.Test$.workerFun$1(Test.scala:486)
[info]   at org.scalacheck.Test$.$anonfun$check$4(Test.scala:518)
[info]   at org.scalacheck.Test$.$anonfun$check$4$adapted(Test.scala:518)
[info]   at org.scalacheck.Platform$.runWorkers(Platform.scala:42)
[info]   at org.scalacheck.Test$.check(Test.scala:518)
[info]   at org.scalatestplus.scalacheck.UnitCheckerAsserting$CheckerAssertingImpl.check(CheckerAsserting.scala:90)
[info]   at org.scalatestplus.scalacheck.Checkers.check(Checkers.scala:371)
[info]   at org.scalatestplus.scalacheck.Checkers.check$(Checkers.scala:369)
[info]   at frameless.TypedDatasetSuite.check(TypedDatasetSuite.scala:63)
[info]   at frameless.GroupByTests.$anonfun$new$274(GroupByTests.scala:378)
[info]   at org.scalatest.OutcomeOf.outcomeOf(OutcomeOf.scala:85)
[info]   at org.scalatest.OutcomeOf.outcomeOf$(OutcomeOf.scala:83)
[info]   at org.scalatest.OutcomeOf$.outcomeOf(OutcomeOf.scala:104)
[info]   at org.scalatest.Transformer.apply(Transformer.scala:22)
[info]   at org.scalatest.Transformer.apply(Transformer.scala:20)
[info]   at org.scalatest.funsuite.AnyFunSuiteLike$$anon$1.apply(AnyFunSuiteLike.scala:226)
[info]   at org.scalatest.TestSuite.withFixture(TestSuite.scala:196)
[info]   at org.scalatest.TestSuite.withFixture$(TestSuite.scala:195)
[info]   at org.scalatest.funsuite.AnyFunSuite.withFixture(AnyFunSuite.scala:1564)
[info]   at org.scalatest.funsuite.AnyFunSuiteLike.invokeWithFixture$1(AnyFunSuiteLike.scala:224)
[info]   at org.scalatest.funsuite.AnyFunSuiteLike.$anonfun$runTest$1(AnyFunSuiteLike.scala:236)
[info]   at org.scalatest.SuperEngine.runTestImpl(Engine.scala:306)
[info]   at org.scalatest.funsuite.AnyFunSuiteLike.runTest(AnyFunSuiteLike.scala:236)
[info]   at org.scalatest.funsuite.AnyFunSuiteLike.runTest$(AnyFunSuiteLike.scala:218)
[info]   at org.scalatest.funsuite.AnyFunSuite.runTest(AnyFunSuite.scala:1564)
[info]   at org.scalatest.funsuite.AnyFunSuiteLike.$anonfun$runTests$1(AnyFunSuiteLike.scala:269)
[info]   at org.scalatest.SuperEngine.$anonfun$runTestsInBranch$1(Engine.scala:413)
[info]   at scala.collection.immutable.List.foreach(List.scala:334)
[info]   at org.scalatest.SuperEngine.traverseSubNodes$1(Engine.scala:401)
[info]   at org.scalatest.SuperEngine.runTestsInBranch(Engine.scala:396)
[info]   at org.scalatest.SuperEngine.runTestsImpl(Engine.scala:475)
[info]   at org.scalatest.funsuite.AnyFunSuiteLike.runTests(AnyFunSuiteLike.scala:269)
[info]   at org.scalatest.funsuite.AnyFunSuiteLike.runTests$(AnyFunSuiteLike.scala:268)
[info]   at org.scalatest.funsuite.AnyFunSuite.runTests(AnyFunSuite.scala:1564)
[info]   at org.scalatest.Suite.run(Suite.scala:1114)
[info]   at org.scalatest.Suite.run$(Suite.scala:1096)
[info]   at org.scalatest.funsuite.AnyFunSuite.org$scalatest$funsuite$AnyFunSuiteLike$$super$run(AnyFunSuite.scala:1564)
[info]   at org.scalatest.funsuite.AnyFunSuiteLike.$anonfun$run$1(AnyFunSuiteLike.scala:273)
[info]   at org.scalatest.SuperEngine.runImpl(Engine.scala:535)
[info]   at org.scalatest.funsuite.AnyFunSuiteLike.run(AnyFunSuiteLike.scala:273)
[info]   at org.scalatest.funsuite.AnyFunSuiteLike.run$(AnyFunSuiteLike.scala:272)
[info]   at frameless.TypedDatasetSuite.org$scalatest$BeforeAndAfterAll$$super$run(TypedDatasetSuite.scala:63)
[info]   at org.scalatest.BeforeAndAfterAll.liftedTree1$1(BeforeAndAfterAll.scala:213)
[info]   at org.scalatest.BeforeAndAfterAll.run(BeforeAndAfterAll.scala:210)
[info]   at org.scalatest.BeforeAndAfterAll.run$(BeforeAndAfterAll.scala:208)
[info]   at frameless.TypedDatasetSuite.run(TypedDatasetSuite.scala:63)
[info]   at org.scalatest.tools.Framework.org$scalatest$tools$Framework$$runSuite(Framework.scala:321)
[info]   at org.scalatest.tools.Framework$ScalaTestTask.execute(Framework.scala:517)
[info]   at sbt.ForkMain$Run.lambda$runTest$1(ForkMain.java:414)
[info]   at java.base/java.util.concurrent.FutureTask.run(FutureTask.java:317)
[info]   at java.base/java.util.concurrent.ThreadPoolExecutor.runWorker(ThreadPoolExecutor.java:1144)
[info]   at java.base/java.util.concurrent.ThreadPoolExecutor$Worker.run(ThreadPoolExecutor.java:642)
[info]   at java.base/java.lang.Thread.run(Thread.java:1583)
[info] - groupBy('a).mapGroups(('a, toVector(('a, 'b)) *** FAILED *** (2 milliseconds)
[info]   IllegalArgumentException was thrown during property evaluation.
[info]     Message: argument type mismatch
[info]     Occurred when passed generated values (
[info]       arg0 = Vector()
[info]     )
[info]   org.scalatest.exceptions.GeneratorDrivenPropertyCheckFailedException:
[info]   at org.scalatestplus.scalacheck.CheckerAsserting$$anon$2.indicateFailure(CheckerAsserting.scala:251)
[info]   at org.scalatestplus.scalacheck.CheckerAsserting$$anon$2.indicateFailure(CheckerAsserting.scala:238)
[info]   at org.scalatestplus.scalacheck.UnitCheckerAsserting$CheckerAssertingImpl.check(CheckerAsserting.scala:160)
[info]   at org.scalatestplus.scalacheck.Checkers.check(Checkers.scala:371)
[info]   at org.scalatestplus.scalacheck.Checkers.check$(Checkers.scala:369)
[info]   at frameless.TypedDatasetSuite.check(TypedDatasetSuite.scala:63)
[info]   at frameless.GroupByTests.$anonfun$new$301(GroupByTests.scala:399)
[info]   at org.scalatest.OutcomeOf.outcomeOf(OutcomeOf.scala:85)
[info]   at org.scalatest.OutcomeOf.outcomeOf$(OutcomeOf.scala:83)
[info]   at org.scalatest.OutcomeOf$.outcomeOf(OutcomeOf.scala:104)
[info]   at org.scalatest.Transformer.apply(Transformer.scala:22)
[info]   at org.scalatest.Transformer.apply(Transformer.scala:20)
[info]   at org.scalatest.funsuite.AnyFunSuiteLike$$anon$1.apply(AnyFunSuiteLike.scala:226)
[info]   at org.scalatest.TestSuite.withFixture(TestSuite.scala:196)
[info]   at org.scalatest.TestSuite.withFixture$(TestSuite.scala:195)
[info]   at org.scalatest.funsuite.AnyFunSuite.withFixture(AnyFunSuite.scala:1564)
[info]   at org.scalatest.funsuite.AnyFunSuiteLike.invokeWithFixture$1(AnyFunSuiteLike.scala:224)
[info]   at org.scalatest.funsuite.AnyFunSuiteLike.$anonfun$runTest$1(AnyFunSuiteLike.scala:236)
[info]   at org.scalatest.SuperEngine.runTestImpl(Engine.scala:306)
[info]   at org.scalatest.funsuite.AnyFunSuiteLike.runTest(AnyFunSuiteLike.scala:236)
[info]   at org.scalatest.funsuite.AnyFunSuiteLike.runTest$(AnyFunSuiteLike.scala:218)
[info]   at org.scalatest.funsuite.AnyFunSuite.runTest(AnyFunSuite.scala:1564)
[info]   at org.scalatest.funsuite.AnyFunSuiteLike.$anonfun$runTests$1(AnyFunSuiteLike.scala:269)
[info]   at org.scalatest.SuperEngine.$anonfun$runTestsInBranch$1(Engine.scala:413)
[info]   at scala.collection.immutable.List.foreach(List.scala:334)
[info]   at org.scalatest.SuperEngine.traverseSubNodes$1(Engine.scala:401)
[info]   at org.scalatest.SuperEngine.runTestsInBranch(Engine.scala:396)
[info]   at org.scalatest.SuperEngine.runTestsImpl(Engine.scala:475)
[info]   at org.scalatest.funsuite.AnyFunSuiteLike.runTests(AnyFunSuiteLike.scala:269)
[info]   at org.scalatest.funsuite.AnyFunSuiteLike.runTests$(AnyFunSuiteLike.scala:268)
[info]   at org.scalatest.funsuite.AnyFunSuite.runTests(AnyFunSuite.scala:1564)
[info]   at org.scalatest.Suite.run(Suite.scala:1114)
[info]   at org.scalatest.Suite.run$(Suite.scala:1096)
[info]   at org.scalatest.funsuite.AnyFunSuite.org$scalatest$funsuite$AnyFunSuiteLike$$super$run(AnyFunSuite.scala:1564)
[info]   at org.scalatest.funsuite.AnyFunSuiteLike.$anonfun$run$1(AnyFunSuiteLike.scala:273)
[info]   at org.scalatest.SuperEngine.runImpl(Engine.scala:535)
[info]   at org.scalatest.funsuite.AnyFunSuiteLike.run(AnyFunSuiteLike.scala:273)
[info]   at org.scalatest.funsuite.AnyFunSuiteLike.run$(AnyFunSuiteLike.scala:272)
[info]   at frameless.TypedDatasetSuite.org$scalatest$BeforeAndAfterAll$$super$run(TypedDatasetSuite.scala:63)
[info]   at org.scalatest.BeforeAndAfterAll.liftedTree1$1(BeforeAndAfterAll.scala:213)
[info]   at org.scalatest.BeforeAndAfterAll.run(BeforeAndAfterAll.scala:210)
[info]   at org.scalatest.BeforeAndAfterAll.run$(BeforeAndAfterAll.scala:208)
[info]   at frameless.TypedDatasetSuite.run(TypedDatasetSuite.scala:63)
[info]   at org.scalatest.tools.Framework.org$scalatest$tools$Framework$$runSuite(Framework.scala:321)
[info]   at org.scalatest.tools.Framework$ScalaTestTask.execute(Framework.scala:517)
[info]   at sbt.ForkMain$Run.lambda$runTest$1(ForkMain.java:414)
[info]   at java.base/java.util.concurrent.FutureTask.run(FutureTask.java:317)
[info]   at java.base/java.util.concurrent.ThreadPoolExecutor.runWorker(ThreadPoolExecutor.java:1144)
[info]   at java.base/java.util.concurrent.ThreadPoolExecutor$Worker.run(ThreadPoolExecutor.java:642)
[info]   at java.base/java.lang.Thread.run(Thread.java:1583)
[info]   Cause: java.lang.IllegalArgumentException: argument type mismatch
[info]   at java.base/jdk.internal.reflect.DirectConstructorHandleAccessor.newInstance(DirectConstructorHandleAccessor.java:65)
[info]   at java.base/java.lang.reflect.Constructor.newInstanceWithCaller(Constructor.java:502)
[info]   at java.base/java.lang.reflect.Constructor.newInstance(Constructor.java:486)
[info]   at frameless.TypedExpressionEncoder$.$anonfun$apply$3(TypedExpressionEncoder.scala:55)
[info]   at scala.Option.map(Option.scala:242)
[info]   at frameless.TypedExpressionEncoder$.apply(TypedExpressionEncoder.scala:54)
[info]   at frameless.TypedDataset$.create(TypedDataset.scala:1325)
[info]   at frameless.GroupByTests.prop$12(GroupByTests.scala:386)
[info]   at frameless.GroupByTests.$anonfun$new$317(GroupByTests.scala:399)
[info]   at scala.Function1.$anonfun$andThen$1(Function1.scala:87)
[info]   at org.scalacheck.Prop$.$anonfun$forAllShrink$2(Prop.scala:868)
[info]   at org.scalacheck.Prop$.secure(Prop.scala:484)
[info]   at org.scalacheck.Prop$.result$1(Prop.scala:868)
[info]   at org.scalacheck.Prop$.$anonfun$forAllShrink$1(Prop.scala:915)
[info]   at org.scalacheck.Prop$.$anonfun$apply$1(Prop.scala:305)
[info]   at org.scalacheck.PropFromFun.apply(Prop.scala:20)
[info]   at org.scalacheck.Test$.workerFun$1(Test.scala:486)
[info]   at org.scalacheck.Test$.$anonfun$check$4(Test.scala:518)
[info]   at org.scalacheck.Test$.$anonfun$check$4$adapted(Test.scala:518)
[info]   at org.scalacheck.Platform$.runWorkers(Platform.scala:42)
[info]   at org.scalacheck.Test$.check(Test.scala:518)
[info]   at org.scalatestplus.scalacheck.UnitCheckerAsserting$CheckerAssertingImpl.check(CheckerAsserting.scala:90)
[info]   at org.scalatestplus.scalacheck.Checkers.check(Checkers.scala:371)
[info]   at org.scalatestplus.scalacheck.Checkers.check$(Checkers.scala:369)
[info]   at frameless.TypedDatasetSuite.check(TypedDatasetSuite.scala:63)
[info]   at frameless.GroupByTests.$anonfun$new$301(GroupByTests.scala:399)
[info]   at org.scalatest.OutcomeOf.outcomeOf(OutcomeOf.scala:85)
[info]   at org.scalatest.OutcomeOf.outcomeOf$(OutcomeOf.scala:83)
[info]   at org.scalatest.OutcomeOf$.outcomeOf(OutcomeOf.scala:104)
[info]   at org.scalatest.Transformer.apply(Transformer.scala:22)
[info]   at org.scalatest.Transformer.apply(Transformer.scala:20)
[info]   at org.scalatest.funsuite.AnyFunSuiteLike$$anon$1.apply(AnyFunSuiteLike.scala:226)
[info]   at org.scalatest.TestSuite.withFixture(TestSuite.scala:196)
[info]   at org.scalatest.TestSuite.withFixture$(TestSuite.scala:195)
[info]   at org.scalatest.funsuite.AnyFunSuite.withFixture(AnyFunSuite.scala:1564)
[info]   at org.scalatest.funsuite.AnyFunSuiteLike.invokeWithFixture$1(AnyFunSuiteLike.scala:224)
[info]   at org.scalatest.funsuite.AnyFunSuiteLike.$anonfun$runTest$1(AnyFunSuiteLike.scala:236)
[info]   at org.scalatest.SuperEngine.runTestImpl(Engine.scala:306)
[info]   at org.scalatest.funsuite.AnyFunSuiteLike.runTest(AnyFunSuiteLike.scala:236)
[info]   at org.scalatest.funsuite.AnyFunSuiteLike.runTest$(AnyFunSuiteLike.scala:218)
[info]   at org.scalatest.funsuite.AnyFunSuite.runTest(AnyFunSuite.scala:1564)
[info]   at org.scalatest.funsuite.AnyFunSuiteLike.$anonfun$runTests$1(AnyFunSuiteLike.scala:269)
[info]   at org.scalatest.SuperEngine.$anonfun$runTestsInBranch$1(Engine.scala:413)
[info]   at scala.collection.immutable.List.foreach(List.scala:334)
[info]   at org.scalatest.SuperEngine.traverseSubNodes$1(Engine.scala:401)
[info]   at org.scalatest.SuperEngine.runTestsInBranch(Engine.scala:396)
[info]   at org.scalatest.SuperEngine.runTestsImpl(Engine.scala:475)
[info]   at org.scalatest.funsuite.AnyFunSuiteLike.runTests(AnyFunSuiteLike.scala:269)
[info]   at org.scalatest.funsuite.AnyFunSuiteLike.runTests$(AnyFunSuiteLike.scala:268)
[info]   at org.scalatest.funsuite.AnyFunSuite.runTests(AnyFunSuite.scala:1564)
[info]   at org.scalatest.Suite.run(Suite.scala:1114)
[info]   at org.scalatest.Suite.run$(Suite.scala:1096)
[info]   at org.scalatest.funsuite.AnyFunSuite.org$scalatest$funsuite$AnyFunSuiteLike$$super$run(AnyFunSuite.scala:1564)
[info]   at org.scalatest.funsuite.AnyFunSuiteLike.$anonfun$run$1(AnyFunSuiteLike.scala:273)
[info]   at org.scalatest.SuperEngine.runImpl(Engine.scala:535)
[info]   at org.scalatest.funsuite.AnyFunSuiteLike.run(AnyFunSuiteLike.scala:273)
[info]   at org.scalatest.funsuite.AnyFunSuiteLike.run$(AnyFunSuiteLike.scala:272)
[info]   at frameless.TypedDatasetSuite.org$scalatest$BeforeAndAfterAll$$super$run(TypedDatasetSuite.scala:63)
[info]   at org.scalatest.BeforeAndAfterAll.liftedTree1$1(BeforeAndAfterAll.scala:213)
[info]   at org.scalatest.BeforeAndAfterAll.run(BeforeAndAfterAll.scala:210)
[info]   at org.scalatest.BeforeAndAfterAll.run$(BeforeAndAfterAll.scala:208)
[info]   at frameless.TypedDatasetSuite.run(TypedDatasetSuite.scala:63)
[info]   at org.scalatest.tools.Framework.org$scalatest$tools$Framework$$runSuite(Framework.scala:321)
[info]   at org.scalatest.tools.Framework$ScalaTestTask.execute(Framework.scala:517)
[info]   at sbt.ForkMain$Run.lambda$runTest$1(ForkMain.java:414)
[info]   at java.base/java.util.concurrent.FutureTask.run(FutureTask.java:317)
[info]   at java.base/java.util.concurrent.ThreadPoolExecutor.runWorker(ThreadPoolExecutor.java:1144)
[info]   at java.base/java.util.concurrent.ThreadPoolExecutor$Worker.run(ThreadPoolExecutor.java:642)
[info]   at java.base/java.lang.Thread.run(Thread.java:1583)
[info]   Cause: java.lang.ClassCastException: Cannot cast scala.reflect.ClassTag$GenericClassTag to org.apache.spark.sql.catalyst.expressions.Expression
[info]   at java.base/java.lang.Class.cast(Class.java:4067)
[info]   at java.base/jdk.internal.reflect.DirectConstructorHandleAccessor.newInstance(DirectConstructorHandleAccessor.java:62)
[info]   at java.base/java.lang.reflect.Constructor.newInstanceWithCaller(Constructor.java:502)
[info]   at java.base/java.lang.reflect.Constructor.newInstance(Constructor.java:486)
[info]   at frameless.TypedExpressionEncoder$.$anonfun$apply$3(TypedExpressionEncoder.scala:55)
[info]   at scala.Option.map(Option.scala:242)
[info]   at frameless.TypedExpressionEncoder$.apply(TypedExpressionEncoder.scala:54)
[info]   at frameless.TypedDataset$.create(TypedDataset.scala:1325)
[info]   at frameless.GroupByTests.prop$12(GroupByTests.scala:386)
[info]   at frameless.GroupByTests.$anonfun$new$317(GroupByTests.scala:399)
[info]   at scala.Function1.$anonfun$andThen$1(Function1.scala:87)
[info]   at org.scalacheck.Prop$.$anonfun$forAllShrink$2(Prop.scala:868)
[info]   at org.scalacheck.Prop$.secure(Prop.scala:484)
[info]   at org.scalacheck.Prop$.result$1(Prop.scala:868)
[info]   at org.scalacheck.Prop$.$anonfun$forAllShrink$1(Prop.scala:915)
[info]   at org.scalacheck.Prop$.$anonfun$apply$1(Prop.scala:305)
[info]   at org.scalacheck.PropFromFun.apply(Prop.scala:20)
[info]   at org.scalacheck.Test$.workerFun$1(Test.scala:486)
[info]   at org.scalacheck.Test$.$anonfun$check$4(Test.scala:518)
[info]   at org.scalacheck.Test$.$anonfun$check$4$adapted(Test.scala:518)
[info]   at org.scalacheck.Platform$.runWorkers(Platform.scala:42)
[info]   at org.scalacheck.Test$.check(Test.scala:518)
[info]   at org.scalatestplus.scalacheck.UnitCheckerAsserting$CheckerAssertingImpl.check(CheckerAsserting.scala:90)
[info]   at org.scalatestplus.scalacheck.Checkers.check(Checkers.scala:371)
[info]   at org.scalatestplus.scalacheck.Checkers.check$(Checkers.scala:369)
[info]   at frameless.TypedDatasetSuite.check(TypedDatasetSuite.scala:63)
[info]   at frameless.GroupByTests.$anonfun$new$301(GroupByTests.scala:399)
[info]   at org.scalatest.OutcomeOf.outcomeOf(OutcomeOf.scala:85)
[info]   at org.scalatest.OutcomeOf.outcomeOf$(OutcomeOf.scala:83)
[info]   at org.scalatest.OutcomeOf$.outcomeOf(OutcomeOf.scala:104)
[info]   at org.scalatest.Transformer.apply(Transformer.scala:22)
[info]   at org.scalatest.Transformer.apply(Transformer.scala:20)
[info]   at org.scalatest.funsuite.AnyFunSuiteLike$$anon$1.apply(AnyFunSuiteLike.scala:226)
[info]   at org.scalatest.TestSuite.withFixture(TestSuite.scala:196)
[info]   at org.scalatest.TestSuite.withFixture$(TestSuite.scala:195)
[info]   at org.scalatest.funsuite.AnyFunSuite.withFixture(AnyFunSuite.scala:1564)
[info]   at org.scalatest.funsuite.AnyFunSuiteLike.invokeWithFixture$1(AnyFunSuiteLike.scala:224)
[info]   at org.scalatest.funsuite.AnyFunSuiteLike.$anonfun$runTest$1(AnyFunSuiteLike.scala:236)
[info]   at org.scalatest.SuperEngine.runTestImpl(Engine.scala:306)
[info]   at org.scalatest.funsuite.AnyFunSuiteLike.runTest(AnyFunSuiteLike.scala:236)
[info]   at org.scalatest.funsuite.AnyFunSuiteLike.runTest$(AnyFunSuiteLike.scala:218)
[info]   at org.scalatest.funsuite.AnyFunSuite.runTest(AnyFunSuite.scala:1564)
[info]   at org.scalatest.funsuite.AnyFunSuiteLike.$anonfun$runTests$1(AnyFunSuiteLike.scala:269)
[info]   at org.scalatest.SuperEngine.$anonfun$runTestsInBranch$1(Engine.scala:413)
[info]   at scala.collection.immutable.List.foreach(List.scala:334)
[info]   at org.scalatest.SuperEngine.traverseSubNodes$1(Engine.scala:401)
[info]   at org.scalatest.SuperEngine.runTestsInBranch(Engine.scala:396)
[info]   at org.scalatest.SuperEngine.runTestsImpl(Engine.scala:475)
[info]   at org.scalatest.funsuite.AnyFunSuiteLike.runTests(AnyFunSuiteLike.scala:269)
[info]   at org.scalatest.funsuite.AnyFunSuiteLike.runTests$(AnyFunSuiteLike.scala:268)
[info]   at org.scalatest.funsuite.AnyFunSuite.runTests(AnyFunSuite.scala:1564)
[info]   at org.scalatest.Suite.run(Suite.scala:1114)
[info]   at org.scalatest.Suite.run$(Suite.scala:1096)
[info]   at org.scalatest.funsuite.AnyFunSuite.org$scalatest$funsuite$AnyFunSuiteLike$$super$run(AnyFunSuite.scala:1564)
[info]   at org.scalatest.funsuite.AnyFunSuiteLike.$anonfun$run$1(AnyFunSuiteLike.scala:273)
[info]   at org.scalatest.SuperEngine.runImpl(Engine.scala:535)
[info]   at org.scalatest.funsuite.AnyFunSuiteLike.run(AnyFunSuiteLike.scala:273)
[info]   at org.scalatest.funsuite.AnyFunSuiteLike.run$(AnyFunSuiteLike.scala:272)
[info]   at frameless.TypedDatasetSuite.org$scalatest$BeforeAndAfterAll$$super$run(TypedDatasetSuite.scala:63)
[info]   at org.scalatest.BeforeAndAfterAll.liftedTree1$1(BeforeAndAfterAll.scala:213)
[info]   at org.scalatest.BeforeAndAfterAll.run(BeforeAndAfterAll.scala:210)
[info]   at org.scalatest.BeforeAndAfterAll.run$(BeforeAndAfterAll.scala:208)
[info]   at frameless.TypedDatasetSuite.run(TypedDatasetSuite.scala:63)
[info]   at org.scalatest.tools.Framework.org$scalatest$tools$Framework$$runSuite(Framework.scala:321)
[info]   at org.scalatest.tools.Framework$ScalaTestTask.execute(Framework.scala:517)
[info]   at sbt.ForkMain$Run.lambda$runTest$1(ForkMain.java:414)
[info]   at java.base/java.util.concurrent.FutureTask.run(FutureTask.java:317)
[info]   at java.base/java.util.concurrent.ThreadPoolExecutor.runWorker(ThreadPoolExecutor.java:1144)
[info]   at java.base/java.util.concurrent.ThreadPoolExecutor$Worker.run(ThreadPoolExecutor.java:642)
[info]   at java.base/java.lang.Thread.run(Thread.java:1583)
[info] - groupBy('a).flatMapGroups(('a, toVector(('a, 'b)) *** FAILED *** (2 milliseconds)
[info]   IllegalArgumentException was thrown during property evaluation.
[info]     Message: argument type mismatch
[info]     Occurred when passed generated values (
[info]       arg0 = Vector()
[info]     )
[info]   org.scalatest.exceptions.GeneratorDrivenPropertyCheckFailedException:
[info]   at org.scalatestplus.scalacheck.CheckerAsserting$$anon$2.indicateFailure(CheckerAsserting.scala:251)
[info]   at org.scalatestplus.scalacheck.CheckerAsserting$$anon$2.indicateFailure(CheckerAsserting.scala:238)
[info]   at org.scalatestplus.scalacheck.UnitCheckerAsserting$CheckerAssertingImpl.check(CheckerAsserting.scala:160)
[info]   at org.scalatestplus.scalacheck.Checkers.check(Checkers.scala:371)
[info]   at org.scalatestplus.scalacheck.Checkers.check$(Checkers.scala:369)
[info]   at frameless.TypedDatasetSuite.check(TypedDatasetSuite.scala:63)
[info]   at frameless.GroupByTests.$anonfun$new$327(GroupByTests.scala:426)
[info]   at org.scalatest.OutcomeOf.outcomeOf(OutcomeOf.scala:85)
[info]   at org.scalatest.OutcomeOf.outcomeOf$(OutcomeOf.scala:83)
[info]   at org.scalatest.OutcomeOf$.outcomeOf(OutcomeOf.scala:104)
[info]   at org.scalatest.Transformer.apply(Transformer.scala:22)
[info]   at org.scalatest.Transformer.apply(Transformer.scala:20)
[info]   at org.scalatest.funsuite.AnyFunSuiteLike$$anon$1.apply(AnyFunSuiteLike.scala:226)
[info]   at org.scalatest.TestSuite.withFixture(TestSuite.scala:196)
[info]   at org.scalatest.TestSuite.withFixture$(TestSuite.scala:195)
[info]   at org.scalatest.funsuite.AnyFunSuite.withFixture(AnyFunSuite.scala:1564)
[info]   at org.scalatest.funsuite.AnyFunSuiteLike.invokeWithFixture$1(AnyFunSuiteLike.scala:224)
[info]   at org.scalatest.funsuite.AnyFunSuiteLike.$anonfun$runTest$1(AnyFunSuiteLike.scala:236)
[info]   at org.scalatest.SuperEngine.runTestImpl(Engine.scala:306)
[info]   at org.scalatest.funsuite.AnyFunSuiteLike.runTest(AnyFunSuiteLike.scala:236)
[info]   at org.scalatest.funsuite.AnyFunSuiteLike.runTest$(AnyFunSuiteLike.scala:218)
[info]   at org.scalatest.funsuite.AnyFunSuite.runTest(AnyFunSuite.scala:1564)
[info]   at org.scalatest.funsuite.AnyFunSuiteLike.$anonfun$runTests$1(AnyFunSuiteLike.scala:269)
[info]   at org.scalatest.SuperEngine.$anonfun$runTestsInBranch$1(Engine.scala:413)
[info]   at scala.collection.immutable.List.foreach(List.scala:334)
[info]   at org.scalatest.SuperEngine.traverseSubNodes$1(Engine.scala:401)
[info]   at org.scalatest.SuperEngine.runTestsInBranch(Engine.scala:396)
[info]   at org.scalatest.SuperEngine.runTestsImpl(Engine.scala:475)
[info]   at org.scalatest.funsuite.AnyFunSuiteLike.runTests(AnyFunSuiteLike.scala:269)
[info]   at org.scalatest.funsuite.AnyFunSuiteLike.runTests$(AnyFunSuiteLike.scala:268)
[info]   at org.scalatest.funsuite.AnyFunSuite.runTests(AnyFunSuite.scala:1564)
[info]   at org.scalatest.Suite.run(Suite.scala:1114)
[info]   at org.scalatest.Suite.run$(Suite.scala:1096)
[info]   at org.scalatest.funsuite.AnyFunSuite.org$scalatest$funsuite$AnyFunSuiteLike$$super$run(AnyFunSuite.scala:1564)
[info]   at org.scalatest.funsuite.AnyFunSuiteLike.$anonfun$run$1(AnyFunSuiteLike.scala:273)
[info]   at org.scalatest.SuperEngine.runImpl(Engine.scala:535)
[info]   at org.scalatest.funsuite.AnyFunSuiteLike.run(AnyFunSuiteLike.scala:273)
[info]   at org.scalatest.funsuite.AnyFunSuiteLike.run$(AnyFunSuiteLike.scala:272)
[info]   at frameless.TypedDatasetSuite.org$scalatest$BeforeAndAfterAll$$super$run(TypedDatasetSuite.scala:63)
[info]   at org.scalatest.BeforeAndAfterAll.liftedTree1$1(BeforeAndAfterAll.scala:213)
[info]   at org.scalatest.BeforeAndAfterAll.run(BeforeAndAfterAll.scala:210)
[info]   at org.scalatest.BeforeAndAfterAll.run$(BeforeAndAfterAll.scala:208)
[info]   at frameless.TypedDatasetSuite.run(TypedDatasetSuite.scala:63)
[info]   at org.scalatest.tools.Framework.org$scalatest$tools$Framework$$runSuite(Framework.scala:321)
[info]   at org.scalatest.tools.Framework$ScalaTestTask.execute(Framework.scala:517)
[info]   at sbt.ForkMain$Run.lambda$runTest$1(ForkMain.java:414)
[info]   at java.base/java.util.concurrent.FutureTask.run(FutureTask.java:317)
[info]   at java.base/java.util.concurrent.ThreadPoolExecutor.runWorker(ThreadPoolExecutor.java:1144)
[info]   at java.base/java.util.concurrent.ThreadPoolExecutor$Worker.run(ThreadPoolExecutor.java:642)
[info]   at java.base/java.lang.Thread.run(Thread.java:1583)
[info]   Cause: java.lang.IllegalArgumentException: argument type mismatch
[info]   at java.base/jdk.internal.reflect.DirectConstructorHandleAccessor.newInstance(DirectConstructorHandleAccessor.java:65)
[info]   at java.base/java.lang.reflect.Constructor.newInstanceWithCaller(Constructor.java:502)
[info]   at java.base/java.lang.reflect.Constructor.newInstance(Constructor.java:486)
[info]   at frameless.TypedExpressionEncoder$.$anonfun$apply$3(TypedExpressionEncoder.scala:55)
[info]   at scala.Option.map(Option.scala:242)
[info]   at frameless.TypedExpressionEncoder$.apply(TypedExpressionEncoder.scala:54)
[info]   at frameless.TypedDataset$.create(TypedDataset.scala:1325)
[info]   at frameless.GroupByTests.prop$13(GroupByTests.scala:409)
[info]   at frameless.GroupByTests.$anonfun$new$345(GroupByTests.scala:426)
[info]   at scala.Function1.$anonfun$andThen$1(Function1.scala:87)
[info]   at org.scalacheck.Prop$.$anonfun$forAllShrink$2(Prop.scala:868)
[info]   at org.scalacheck.Prop$.secure(Prop.scala:484)
[info]   at org.scalacheck.Prop$.result$1(Prop.scala:868)
[info]   at org.scalacheck.Prop$.$anonfun$forAllShrink$1(Prop.scala:915)
[info]   at org.scalacheck.Prop$.$anonfun$apply$1(Prop.scala:305)
[info]   at org.scalacheck.PropFromFun.apply(Prop.scala:20)
[info]   at org.scalacheck.Test$.workerFun$1(Test.scala:486)
[info]   at org.scalacheck.Test$.$anonfun$check$4(Test.scala:518)
[info]   at org.scalacheck.Test$.$anonfun$check$4$adapted(Test.scala:518)
[info]   at org.scalacheck.Platform$.runWorkers(Platform.scala:42)
[info]   at org.scalacheck.Test$.check(Test.scala:518)
[info]   at org.scalatestplus.scalacheck.UnitCheckerAsserting$CheckerAssertingImpl.check(CheckerAsserting.scala:90)
[info]   at org.scalatestplus.scalacheck.Checkers.check(Checkers.scala:371)
[info]   at org.scalatestplus.scalacheck.Checkers.check$(Checkers.scala:369)
[info]   at frameless.TypedDatasetSuite.check(TypedDatasetSuite.scala:63)
[info]   at frameless.GroupByTests.$anonfun$new$327(GroupByTests.scala:426)
[info]   at org.scalatest.OutcomeOf.outcomeOf(OutcomeOf.scala:85)
[info]   at org.scalatest.OutcomeOf.outcomeOf$(OutcomeOf.scala:83)
[info]   at org.scalatest.OutcomeOf$.outcomeOf(OutcomeOf.scala:104)
[info]   at org.scalatest.Transformer.apply(Transformer.scala:22)
[info]   at org.scalatest.Transformer.apply(Transformer.scala:20)
[info]   at org.scalatest.funsuite.AnyFunSuiteLike$$anon$1.apply(AnyFunSuiteLike.scala:226)
[info]   at org.scalatest.TestSuite.withFixture(TestSuite.scala:196)
[info]   at org.scalatest.TestSuite.withFixture$(TestSuite.scala:195)
[info]   at org.scalatest.funsuite.AnyFunSuite.withFixture(AnyFunSuite.scala:1564)
[info]   at org.scalatest.funsuite.AnyFunSuiteLike.invokeWithFixture$1(AnyFunSuiteLike.scala:224)
[info]   at org.scalatest.funsuite.AnyFunSuiteLike.$anonfun$runTest$1(AnyFunSuiteLike.scala:236)
[info]   at org.scalatest.SuperEngine.runTestImpl(Engine.scala:306)
[info]   at org.scalatest.funsuite.AnyFunSuiteLike.runTest(AnyFunSuiteLike.scala:236)
[info]   at org.scalatest.funsuite.AnyFunSuiteLike.runTest$(AnyFunSuiteLike.scala:218)
[info]   at org.scalatest.funsuite.AnyFunSuite.runTest(AnyFunSuite.scala:1564)
[info]   at org.scalatest.funsuite.AnyFunSuiteLike.$anonfun$runTests$1(AnyFunSuiteLike.scala:269)
[info]   at org.scalatest.SuperEngine.$anonfun$runTestsInBranch$1(Engine.scala:413)
[info]   at scala.collection.immutable.List.foreach(List.scala:334)
[info]   at org.scalatest.SuperEngine.traverseSubNodes$1(Engine.scala:401)
[info]   at org.scalatest.SuperEngine.runTestsInBranch(Engine.scala:396)
[info]   at org.scalatest.SuperEngine.runTestsImpl(Engine.scala:475)
[info]   at org.scalatest.funsuite.AnyFunSuiteLike.runTests(AnyFunSuiteLike.scala:269)
[info]   at org.scalatest.funsuite.AnyFunSuiteLike.runTests$(AnyFunSuiteLike.scala:268)
[info]   at org.scalatest.funsuite.AnyFunSuite.runTests(AnyFunSuite.scala:1564)
[info]   at org.scalatest.Suite.run(Suite.scala:1114)
[info]   at org.scalatest.Suite.run$(Suite.scala:1096)
[info]   at org.scalatest.funsuite.AnyFunSuite.org$scalatest$funsuite$AnyFunSuiteLike$$super$run(AnyFunSuite.scala:1564)
[info]   at org.scalatest.funsuite.AnyFunSuiteLike.$anonfun$run$1(AnyFunSuiteLike.scala:273)
[info]   at org.scalatest.SuperEngine.runImpl(Engine.scala:535)
[info]   at org.scalatest.funsuite.AnyFunSuiteLike.run(AnyFunSuiteLike.scala:273)
[info]   at org.scalatest.funsuite.AnyFunSuiteLike.run$(AnyFunSuiteLike.scala:272)
[info]   at frameless.TypedDatasetSuite.org$scalatest$BeforeAndAfterAll$$super$run(TypedDatasetSuite.scala:63)
[info]   at org.scalatest.BeforeAndAfterAll.liftedTree1$1(BeforeAndAfterAll.scala:213)
[info]   at org.scalatest.BeforeAndAfterAll.run(BeforeAndAfterAll.scala:210)
[info]   at org.scalatest.BeforeAndAfterAll.run$(BeforeAndAfterAll.scala:208)
[info]   at frameless.TypedDatasetSuite.run(TypedDatasetSuite.scala:63)
[info]   at org.scalatest.tools.Framework.org$scalatest$tools$Framework$$runSuite(Framework.scala:321)
[info]   at org.scalatest.tools.Framework$ScalaTestTask.execute(Framework.scala:517)
[info]   at sbt.ForkMain$Run.lambda$runTest$1(ForkMain.java:414)
[info]   at java.base/java.util.concurrent.FutureTask.run(FutureTask.java:317)
[info]   at java.base/java.util.concurrent.ThreadPoolExecutor.runWorker(ThreadPoolExecutor.java:1144)
[info]   at java.base/java.util.concurrent.ThreadPoolExecutor$Worker.run(ThreadPoolExecutor.java:642)
[info]   at java.base/java.lang.Thread.run(Thread.java:1583)
[info]   Cause: java.lang.ClassCastException: Cannot cast scala.reflect.ClassTag$GenericClassTag to org.apache.spark.sql.catalyst.expressions.Expression
[info]   at java.base/java.lang.Class.cast(Class.java:4067)
[info]   at java.base/jdk.internal.reflect.DirectConstructorHandleAccessor.newInstance(DirectConstructorHandleAccessor.java:62)
[info]   at java.base/java.lang.reflect.Constructor.newInstanceWithCaller(Constructor.java:502)
[info]   at java.base/java.lang.reflect.Constructor.newInstance(Constructor.java:486)
[info]   at frameless.TypedExpressionEncoder$.$anonfun$apply$3(TypedExpressionEncoder.scala:55)
[info]   at scala.Option.map(Option.scala:242)
[info]   at frameless.TypedExpressionEncoder$.apply(TypedExpressionEncoder.scala:54)
[info]   at frameless.TypedDataset$.create(TypedDataset.scala:1325)
[info]   at frameless.GroupByTests.prop$13(GroupByTests.scala:409)
[info]   at frameless.GroupByTests.$anonfun$new$345(GroupByTests.scala:426)
[info]   at scala.Function1.$anonfun$andThen$1(Function1.scala:87)
[info]   at org.scalacheck.Prop$.$anonfun$forAllShrink$2(Prop.scala:868)
[info]   at org.scalacheck.Prop$.secure(Prop.scala:484)
[info]   at org.scalacheck.Prop$.result$1(Prop.scala:868)
[info]   at org.scalacheck.Prop$.$anonfun$forAllShrink$1(Prop.scala:915)
[info]   at org.scalacheck.Prop$.$anonfun$apply$1(Prop.scala:305)
[info]   at org.scalacheck.PropFromFun.apply(Prop.scala:20)
[info]   at org.scalacheck.Test$.workerFun$1(Test.scala:486)
[info]   at org.scalacheck.Test$.$anonfun$check$4(Test.scala:518)
[info]   at org.scalacheck.Test$.$anonfun$check$4$adapted(Test.scala:518)
[info]   at org.scalacheck.Platform$.runWorkers(Platform.scala:42)
[info]   at org.scalacheck.Test$.check(Test.scala:518)
[info]   at org.scalatestplus.scalacheck.UnitCheckerAsserting$CheckerAssertingImpl.check(CheckerAsserting.scala:90)
[info]   at org.scalatestplus.scalacheck.Checkers.check(Checkers.scala:371)
[info]   at org.scalatestplus.scalacheck.Checkers.check$(Checkers.scala:369)
[info]   at frameless.TypedDatasetSuite.check(TypedDatasetSuite.scala:63)
[info]   at frameless.GroupByTests.$anonfun$new$327(GroupByTests.scala:426)
[info]   at org.scalatest.OutcomeOf.outcomeOf(OutcomeOf.scala:85)
[info]   at org.scalatest.OutcomeOf.outcomeOf$(OutcomeOf.scala:83)
[info]   at org.scalatest.OutcomeOf$.outcomeOf(OutcomeOf.scala:104)
[info]   at org.scalatest.Transformer.apply(Transformer.scala:22)
[info]   at org.scalatest.Transformer.apply(Transformer.scala:20)
[info]   at org.scalatest.funsuite.AnyFunSuiteLike$$anon$1.apply(AnyFunSuiteLike.scala:226)
[info]   at org.scalatest.TestSuite.withFixture(TestSuite.scala:196)
[info]   at org.scalatest.TestSuite.withFixture$(TestSuite.scala:195)
[info]   at org.scalatest.funsuite.AnyFunSuite.withFixture(AnyFunSuite.scala:1564)
[info]   at org.scalatest.funsuite.AnyFunSuiteLike.invokeWithFixture$1(AnyFunSuiteLike.scala:224)
[info]   at org.scalatest.funsuite.AnyFunSuiteLike.$anonfun$runTest$1(AnyFunSuiteLike.scala:236)
[info]   at org.scalatest.SuperEngine.runTestImpl(Engine.scala:306)
[info]   at org.scalatest.funsuite.AnyFunSuiteLike.runTest(AnyFunSuiteLike.scala:236)
[info]   at org.scalatest.funsuite.AnyFunSuiteLike.runTest$(AnyFunSuiteLike.scala:218)
[info]   at org.scalatest.funsuite.AnyFunSuite.runTest(AnyFunSuite.scala:1564)
[info]   at org.scalatest.funsuite.AnyFunSuiteLike.$anonfun$runTests$1(AnyFunSuiteLike.scala:269)
[info]   at org.scalatest.SuperEngine.$anonfun$runTestsInBranch$1(Engine.scala:413)
[info]   at scala.collection.immutable.List.foreach(List.scala:334)
[info]   at org.scalatest.SuperEngine.traverseSubNodes$1(Engine.scala:401)
[info]   at org.scalatest.SuperEngine.runTestsInBranch(Engine.scala:396)
[info]   at org.scalatest.SuperEngine.runTestsImpl(Engine.scala:475)
[info]   at org.scalatest.funsuite.AnyFunSuiteLike.runTests(AnyFunSuiteLike.scala:269)
[info]   at org.scalatest.funsuite.AnyFunSuiteLike.runTests$(AnyFunSuiteLike.scala:268)
[info]   at org.scalatest.funsuite.AnyFunSuite.runTests(AnyFunSuite.scala:1564)
[info]   at org.scalatest.Suite.run(Suite.scala:1114)
[info]   at org.scalatest.Suite.run$(Suite.scala:1096)
[info]   at org.scalatest.funsuite.AnyFunSuite.org$scalatest$funsuite$AnyFunSuiteLike$$super$run(AnyFunSuite.scala:1564)
[info]   at org.scalatest.funsuite.AnyFunSuiteLike.$anonfun$run$1(AnyFunSuiteLike.scala:273)
[info]   at org.scalatest.SuperEngine.runImpl(Engine.scala:535)
[info]   at org.scalatest.funsuite.AnyFunSuiteLike.run(AnyFunSuiteLike.scala:273)
[info]   at org.scalatest.funsuite.AnyFunSuiteLike.run$(AnyFunSuiteLike.scala:272)
[info]   at frameless.TypedDatasetSuite.org$scalatest$BeforeAndAfterAll$$super$run(TypedDatasetSuite.scala:63)
[info]   at org.scalatest.BeforeAndAfterAll.liftedTree1$1(BeforeAndAfterAll.scala:213)
[info]   at org.scalatest.BeforeAndAfterAll.run(BeforeAndAfterAll.scala:210)
[info]   at org.scalatest.BeforeAndAfterAll.run$(BeforeAndAfterAll.scala:208)
[info]   at frameless.TypedDatasetSuite.run(TypedDatasetSuite.scala:63)
[info]   at org.scalatest.tools.Framework.org$scalatest$tools$Framework$$runSuite(Framework.scala:321)
[info]   at org.scalatest.tools.Framework$ScalaTestTask.execute(Framework.scala:517)
[info]   at sbt.ForkMain$Run.lambda$runTest$1(ForkMain.java:414)
[info]   at java.base/java.util.concurrent.FutureTask.run(FutureTask.java:317)
[info]   at java.base/java.util.concurrent.ThreadPoolExecutor.runWorker(ThreadPoolExecutor.java:1144)
[info]   at java.base/java.util.concurrent.ThreadPoolExecutor$Worker.run(ThreadPoolExecutor.java:642)
[info]   at java.base/java.lang.Thread.run(Thread.java:1583)
[info] - groupBy('a, 'b).flatMapGroups((('a,'b) toVector((('a,'b), 'c)) *** FAILED *** (2 milliseconds)
[info]   IllegalArgumentException was thrown during property evaluation.
[info]     Message: argument type mismatch
[info]     Occurred when passed generated values (
[info]       arg0 = Vector()
[info]     )
[info]   org.scalatest.exceptions.GeneratorDrivenPropertyCheckFailedException:
[info]   at org.scalatestplus.scalacheck.CheckerAsserting$$anon$2.indicateFailure(CheckerAsserting.scala:251)
[info]   at org.scalatestplus.scalacheck.CheckerAsserting$$anon$2.indicateFailure(CheckerAsserting.scala:238)
[info]   at org.scalatestplus.scalacheck.UnitCheckerAsserting$CheckerAssertingImpl.check(CheckerAsserting.scala:160)
[info]   at org.scalatestplus.scalacheck.Checkers.check(Checkers.scala:371)
[info]   at org.scalatestplus.scalacheck.Checkers.check$(Checkers.scala:369)
[info]   at frameless.TypedDatasetSuite.check(TypedDatasetSuite.scala:63)
[info]   at frameless.GroupByTests.$anonfun$new$355(GroupByTests.scala:455)
[info]   at org.scalatest.OutcomeOf.outcomeOf(OutcomeOf.scala:85)
[info]   at org.scalatest.OutcomeOf.outcomeOf$(OutcomeOf.scala:83)
[info]   at org.scalatest.OutcomeOf$.outcomeOf(OutcomeOf.scala:104)
[info]   at org.scalatest.Transformer.apply(Transformer.scala:22)
[info]   at org.scalatest.Transformer.apply(Transformer.scala:20)
[info]   at org.scalatest.funsuite.AnyFunSuiteLike$$anon$1.apply(AnyFunSuiteLike.scala:226)
[info]   at org.scalatest.TestSuite.withFixture(TestSuite.scala:196)
[info]   at org.scalatest.TestSuite.withFixture$(TestSuite.scala:195)
[info]   at org.scalatest.funsuite.AnyFunSuite.withFixture(AnyFunSuite.scala:1564)
[info]   at org.scalatest.funsuite.AnyFunSuiteLike.invokeWithFixture$1(AnyFunSuiteLike.scala:224)
[info]   at org.scalatest.funsuite.AnyFunSuiteLike.$anonfun$runTest$1(AnyFunSuiteLike.scala:236)
[info]   at org.scalatest.SuperEngine.runTestImpl(Engine.scala:306)
[info]   at org.scalatest.funsuite.AnyFunSuiteLike.runTest(AnyFunSuiteLike.scala:236)
[info]   at org.scalatest.funsuite.AnyFunSuiteLike.runTest$(AnyFunSuiteLike.scala:218)
[info]   at org.scalatest.funsuite.AnyFunSuite.runTest(AnyFunSuite.scala:1564)
[info]   at org.scalatest.funsuite.AnyFunSuiteLike.$anonfun$runTests$1(AnyFunSuiteLike.scala:269)
[info]   at org.scalatest.SuperEngine.$anonfun$runTestsInBranch$1(Engine.scala:413)
[info]   at scala.collection.immutable.List.foreach(List.scala:334)
[info]   at org.scalatest.SuperEngine.traverseSubNodes$1(Engine.scala:401)
[info]   at org.scalatest.SuperEngine.runTestsInBranch(Engine.scala:396)
[info]   at org.scalatest.SuperEngine.runTestsImpl(Engine.scala:475)
[info]   at org.scalatest.funsuite.AnyFunSuiteLike.runTests(AnyFunSuiteLike.scala:269)
[info]   at org.scalatest.funsuite.AnyFunSuiteLike.runTests$(AnyFunSuiteLike.scala:268)
[info]   at org.scalatest.funsuite.AnyFunSuite.runTests(AnyFunSuite.scala:1564)
[info]   at org.scalatest.Suite.run(Suite.scala:1114)
[info]   at org.scalatest.Suite.run$(Suite.scala:1096)
[info]   at org.scalatest.funsuite.AnyFunSuite.org$scalatest$funsuite$AnyFunSuiteLike$$super$run(AnyFunSuite.scala:1564)
[info]   at org.scalatest.funsuite.AnyFunSuiteLike.$anonfun$run$1(AnyFunSuiteLike.scala:273)
[info]   at org.scalatest.SuperEngine.runImpl(Engine.scala:535)
[info]   at org.scalatest.funsuite.AnyFunSuiteLike.run(AnyFunSuiteLike.scala:273)
[info]   at org.scalatest.funsuite.AnyFunSuiteLike.run$(AnyFunSuiteLike.scala:272)
[info]   at frameless.TypedDatasetSuite.org$scalatest$BeforeAndAfterAll$$super$run(TypedDatasetSuite.scala:63)
[info]   at org.scalatest.BeforeAndAfterAll.liftedTree1$1(BeforeAndAfterAll.scala:213)
[info]   at org.scalatest.BeforeAndAfterAll.run(BeforeAndAfterAll.scala:210)
[info]   at org.scalatest.BeforeAndAfterAll.run$(BeforeAndAfterAll.scala:208)
[info]   at frameless.TypedDatasetSuite.run(TypedDatasetSuite.scala:63)
[info]   at org.scalatest.tools.Framework.org$scalatest$tools$Framework$$runSuite(Framework.scala:321)
[info]   at org.scalatest.tools.Framework$ScalaTestTask.execute(Framework.scala:517)
[info]   at sbt.ForkMain$Run.lambda$runTest$1(ForkMain.java:414)
[info]   at java.base/java.util.concurrent.FutureTask.run(FutureTask.java:317)
[info]   at java.base/java.util.concurrent.ThreadPoolExecutor.runWorker(ThreadPoolExecutor.java:1144)
[info]   at java.base/java.util.concurrent.ThreadPoolExecutor$Worker.run(ThreadPoolExecutor.java:642)
[info]   at java.base/java.lang.Thread.run(Thread.java:1583)
[info]   Cause: java.lang.IllegalArgumentException: argument type mismatch
[info]   at java.base/jdk.internal.reflect.DirectConstructorHandleAccessor.newInstance(DirectConstructorHandleAccessor.java:65)
[info]   at java.base/java.lang.reflect.Constructor.newInstanceWithCaller(Constructor.java:502)
[info]   at java.base/java.lang.reflect.Constructor.newInstance(Constructor.java:486)
[info]   at frameless.TypedExpressionEncoder$.$anonfun$apply$3(TypedExpressionEncoder.scala:55)
[info]   at scala.Option.map(Option.scala:242)
[info]   at frameless.TypedExpressionEncoder$.apply(TypedExpressionEncoder.scala:54)
[info]   at frameless.TypedDataset$.create(TypedDataset.scala:1325)
[info]   at frameless.GroupByTests.prop$14(GroupByTests.scala:437)
[info]   at frameless.GroupByTests.$anonfun$new$375(GroupByTests.scala:455)
[info]   at scala.Function1.$anonfun$andThen$1(Function1.scala:87)
[info]   at org.scalacheck.Prop$.$anonfun$forAllShrink$2(Prop.scala:868)
[info]   at org.scalacheck.Prop$.secure(Prop.scala:484)
[info]   at org.scalacheck.Prop$.result$1(Prop.scala:868)
[info]   at org.scalacheck.Prop$.$anonfun$forAllShrink$1(Prop.scala:915)
[info]   at org.scalacheck.Prop$.$anonfun$apply$1(Prop.scala:305)
[info]   at org.scalacheck.PropFromFun.apply(Prop.scala:20)
[info]   at org.scalacheck.Test$.workerFun$1(Test.scala:486)
[info]   at org.scalacheck.Test$.$anonfun$check$4(Test.scala:518)
[info]   at org.scalacheck.Test$.$anonfun$check$4$adapted(Test.scala:518)
[info]   at org.scalacheck.Platform$.runWorkers(Platform.scala:42)
[info]   at org.scalacheck.Test$.check(Test.scala:518)
[info]   at org.scalatestplus.scalacheck.UnitCheckerAsserting$CheckerAssertingImpl.check(CheckerAsserting.scala:90)
[info]   at org.scalatestplus.scalacheck.Checkers.check(Checkers.scala:371)
[info]   at org.scalatestplus.scalacheck.Checkers.check$(Checkers.scala:369)
[info]   at frameless.TypedDatasetSuite.check(TypedDatasetSuite.scala:63)
[info]   at frameless.GroupByTests.$anonfun$new$355(GroupByTests.scala:455)
[info]   at org.scalatest.OutcomeOf.outcomeOf(OutcomeOf.scala:85)
[info]   at org.scalatest.OutcomeOf.outcomeOf$(OutcomeOf.scala:83)
[info]   at org.scalatest.OutcomeOf$.outcomeOf(OutcomeOf.scala:104)
[info]   at org.scalatest.Transformer.apply(Transformer.scala:22)
[info]   at org.scalatest.Transformer.apply(Transformer.scala:20)
[info]   at org.scalatest.funsuite.AnyFunSuiteLike$$anon$1.apply(AnyFunSuiteLike.scala:226)
[info]   at org.scalatest.TestSuite.withFixture(TestSuite.scala:196)
[info]   at org.scalatest.TestSuite.withFixture$(TestSuite.scala:195)
[info]   at org.scalatest.funsuite.AnyFunSuite.withFixture(AnyFunSuite.scala:1564)
[info]   at org.scalatest.funsuite.AnyFunSuiteLike.invokeWithFixture$1(AnyFunSuiteLike.scala:224)
[info]   at org.scalatest.funsuite.AnyFunSuiteLike.$anonfun$runTest$1(AnyFunSuiteLike.scala:236)
[info]   at org.scalatest.SuperEngine.runTestImpl(Engine.scala:306)
[info]   at org.scalatest.funsuite.AnyFunSuiteLike.runTest(AnyFunSuiteLike.scala:236)
[info]   at org.scalatest.funsuite.AnyFunSuiteLike.runTest$(AnyFunSuiteLike.scala:218)
[info]   at org.scalatest.funsuite.AnyFunSuite.runTest(AnyFunSuite.scala:1564)
[info]   at org.scalatest.funsuite.AnyFunSuiteLike.$anonfun$runTests$1(AnyFunSuiteLike.scala:269)
[info]   at org.scalatest.SuperEngine.$anonfun$runTestsInBranch$1(Engine.scala:413)
[info]   at scala.collection.immutable.List.foreach(List.scala:334)
[info]   at org.scalatest.SuperEngine.traverseSubNodes$1(Engine.scala:401)
[info]   at org.scalatest.SuperEngine.runTestsInBranch(Engine.scala:396)
[info]   at org.scalatest.SuperEngine.runTestsImpl(Engine.scala:475)
[info]   at org.scalatest.funsuite.AnyFunSuiteLike.runTests(AnyFunSuiteLike.scala:269)
[info]   at org.scalatest.funsuite.AnyFunSuiteLike.runTests$(AnyFunSuiteLike.scala:268)
[info]   at org.scalatest.funsuite.AnyFunSuite.runTests(AnyFunSuite.scala:1564)
[info]   at org.scalatest.Suite.run(Suite.scala:1114)
[info]   at org.scalatest.Suite.run$(Suite.scala:1096)
[info]   at org.scalatest.funsuite.AnyFunSuite.org$scalatest$funsuite$AnyFunSuiteLike$$super$run(AnyFunSuite.scala:1564)
[info]   at org.scalatest.funsuite.AnyFunSuiteLike.$anonfun$run$1(AnyFunSuiteLike.scala:273)
[info]   at org.scalatest.SuperEngine.runImpl(Engine.scala:535)
[info]   at org.scalatest.funsuite.AnyFunSuiteLike.run(AnyFunSuiteLike.scala:273)
[info]   at org.scalatest.funsuite.AnyFunSuiteLike.run$(AnyFunSuiteLike.scala:272)
[info]   at frameless.TypedDatasetSuite.org$scalatest$BeforeAndAfterAll$$super$run(TypedDatasetSuite.scala:63)
[info]   at org.scalatest.BeforeAndAfterAll.liftedTree1$1(BeforeAndAfterAll.scala:213)
[info]   at org.scalatest.BeforeAndAfterAll.run(BeforeAndAfterAll.scala:210)
[info]   at org.scalatest.BeforeAndAfterAll.run$(BeforeAndAfterAll.scala:208)
[info]   at frameless.TypedDatasetSuite.run(TypedDatasetSuite.scala:63)
[info]   at org.scalatest.tools.Framework.org$scalatest$tools$Framework$$runSuite(Framework.scala:321)
[info]   at org.scalatest.tools.Framework$ScalaTestTask.execute(Framework.scala:517)
[info]   at sbt.ForkMain$Run.lambda$runTest$1(ForkMain.java:414)
[info]   at java.base/java.util.concurrent.FutureTask.run(FutureTask.java:317)
[info]   at java.base/java.util.concurrent.ThreadPoolExecutor.runWorker(ThreadPoolExecutor.java:1144)
[info]   at java.base/java.util.concurrent.ThreadPoolExecutor$Worker.run(ThreadPoolExecutor.java:642)
[info]   at java.base/java.lang.Thread.run(Thread.java:1583)
[info]   Cause: java.lang.ClassCastException: Cannot cast scala.reflect.ClassTag$GenericClassTag to org.apache.spark.sql.catalyst.expressions.Expression
[info]   at java.base/java.lang.Class.cast(Class.java:4067)
[info]   at java.base/jdk.internal.reflect.DirectConstructorHandleAccessor.newInstance(DirectConstructorHandleAccessor.java:62)
[info]   at java.base/java.lang.reflect.Constructor.newInstanceWithCaller(Constructor.java:502)
[info]   at java.base/java.lang.reflect.Constructor.newInstance(Constructor.java:486)
[info]   at frameless.TypedExpressionEncoder$.$anonfun$apply$3(TypedExpressionEncoder.scala:55)
[info]   at scala.Option.map(Option.scala:242)
[info]   at frameless.TypedExpressionEncoder$.apply(TypedExpressionEncoder.scala:54)
[info]   at frameless.TypedDataset$.create(TypedDataset.scala:1325)
[info]   at frameless.GroupByTests.prop$14(GroupByTests.scala:437)
[info]   at frameless.GroupByTests.$anonfun$new$375(GroupByTests.scala:455)
[info]   at scala.Function1.$anonfun$andThen$1(Function1.scala:87)
[info]   at org.scalacheck.Prop$.$anonfun$forAllShrink$2(Prop.scala:868)
[info]   at org.scalacheck.Prop$.secure(Prop.scala:484)
[info]   at org.scalacheck.Prop$.result$1(Prop.scala:868)
[info]   at org.scalacheck.Prop$.$anonfun$forAllShrink$1(Prop.scala:915)
[info]   at org.scalacheck.Prop$.$anonfun$apply$1(Prop.scala:305)
[info]   at org.scalacheck.PropFromFun.apply(Prop.scala:20)
[info]   at org.scalacheck.Test$.workerFun$1(Test.scala:486)
[info]   at org.scalacheck.Test$.$anonfun$check$4(Test.scala:518)
[info]   at org.scalacheck.Test$.$anonfun$check$4$adapted(Test.scala:518)
[info]   at org.scalacheck.Platform$.runWorkers(Platform.scala:42)
[info]   at org.scalacheck.Test$.check(Test.scala:518)
[info]   at org.scalatestplus.scalacheck.UnitCheckerAsserting$CheckerAssertingImpl.check(CheckerAsserting.scala:90)
[info]   at org.scalatestplus.scalacheck.Checkers.check(Checkers.scala:371)
[info]   at org.scalatestplus.scalacheck.Checkers.check$(Checkers.scala:369)
[info]   at frameless.TypedDatasetSuite.check(TypedDatasetSuite.scala:63)
[info]   at frameless.GroupByTests.$anonfun$new$355(GroupByTests.scala:455)
[info]   at org.scalatest.OutcomeOf.outcomeOf(OutcomeOf.scala:85)
[info]   at org.scalatest.OutcomeOf.outcomeOf$(OutcomeOf.scala:83)
[info]   at org.scalatest.OutcomeOf$.outcomeOf(OutcomeOf.scala:104)
[info]   at org.scalatest.Transformer.apply(Transformer.scala:22)
[info]   at org.scalatest.Transformer.apply(Transformer.scala:20)
[info]   at org.scalatest.funsuite.AnyFunSuiteLike$$anon$1.apply(AnyFunSuiteLike.scala:226)
[info]   at org.scalatest.TestSuite.withFixture(TestSuite.scala:196)
[info]   at org.scalatest.TestSuite.withFixture$(TestSuite.scala:195)
[info]   at org.scalatest.funsuite.AnyFunSuite.withFixture(AnyFunSuite.scala:1564)
[info]   at org.scalatest.funsuite.AnyFunSuiteLike.invokeWithFixture$1(AnyFunSuiteLike.scala:224)
[info]   at org.scalatest.funsuite.AnyFunSuiteLike.$anonfun$runTest$1(AnyFunSuiteLike.scala:236)
[info]   at org.scalatest.SuperEngine.runTestImpl(Engine.scala:306)
[info]   at org.scalatest.funsuite.AnyFunSuiteLike.runTest(AnyFunSuiteLike.scala:236)
[info]   at org.scalatest.funsuite.AnyFunSuiteLike.runTest$(AnyFunSuiteLike.scala:218)
[info]   at org.scalatest.funsuite.AnyFunSuite.runTest(AnyFunSuite.scala:1564)
[info]   at org.scalatest.funsuite.AnyFunSuiteLike.$anonfun$runTests$1(AnyFunSuiteLike.scala:269)
[info]   at org.scalatest.SuperEngine.$anonfun$runTestsInBranch$1(Engine.scala:413)
[info]   at scala.collection.immutable.List.foreach(List.scala:334)
[info]   at org.scalatest.SuperEngine.traverseSubNodes$1(Engine.scala:401)
[info]   at org.scalatest.SuperEngine.runTestsInBranch(Engine.scala:396)
[info]   at org.scalatest.SuperEngine.runTestsImpl(Engine.scala:475)
[info]   at org.scalatest.funsuite.AnyFunSuiteLike.runTests(AnyFunSuiteLike.scala:269)
[info]   at org.scalatest.funsuite.AnyFunSuiteLike.runTests$(AnyFunSuiteLike.scala:268)
[info]   at org.scalatest.funsuite.AnyFunSuite.runTests(AnyFunSuite.scala:1564)
[info]   at org.scalatest.Suite.run(Suite.scala:1114)
[info]   at org.scalatest.Suite.run$(Suite.scala:1096)
[info]   at org.scalatest.funsuite.AnyFunSuite.org$scalatest$funsuite$AnyFunSuiteLike$$super$run(AnyFunSuite.scala:1564)
[info]   at org.scalatest.funsuite.AnyFunSuiteLike.$anonfun$run$1(AnyFunSuiteLike.scala:273)
[info]   at org.scalatest.SuperEngine.runImpl(Engine.scala:535)
[info]   at org.scalatest.funsuite.AnyFunSuiteLike.run(AnyFunSuiteLike.scala:273)
[info]   at org.scalatest.funsuite.AnyFunSuiteLike.run$(AnyFunSuiteLike.scala:272)
[info]   at frameless.TypedDatasetSuite.org$scalatest$BeforeAndAfterAll$$super$run(TypedDatasetSuite.scala:63)
[info]   at org.scalatest.BeforeAndAfterAll.liftedTree1$1(BeforeAndAfterAll.scala:213)
[info]   at org.scalatest.BeforeAndAfterAll.run(BeforeAndAfterAll.scala:210)
[info]   at org.scalatest.BeforeAndAfterAll.run$(BeforeAndAfterAll.scala:208)
[info]   at frameless.TypedDatasetSuite.run(TypedDatasetSuite.scala:63)
[info]   at org.scalatest.tools.Framework.org$scalatest$tools$Framework$$runSuite(Framework.scala:321)
[info]   at org.scalatest.tools.Framework$ScalaTestTask.execute(Framework.scala:517)
[info]   at sbt.ForkMain$Run.lambda$runTest$1(ForkMain.java:414)
[info]   at java.base/java.util.concurrent.FutureTask.run(FutureTask.java:317)
[info]   at java.base/java.util.concurrent.ThreadPoolExecutor.runWorker(ThreadPoolExecutor.java:1144)
[info]   at java.base/java.util.concurrent.ThreadPoolExecutor$Worker.run(ThreadPoolExecutor.java:642)
[info]   at java.base/java.lang.Thread.run(Thread.java:1583)
[info] EncoderTests:
[info] - It should encode deeply nested collections (9 milliseconds)
[info] - It should encode java.time.Instant (1 millisecond)
[info] - It should encode java.time.Duration (2 milliseconds)
[info] - It should encode java.time.Period (2 milliseconds)
[info] WriteStreamTests:
[info] - write csv *** FAILED *** (21 milliseconds)
[info]   IllegalArgumentException was thrown during property evaluation.
[info]     Message: argument type mismatch
[info]     Occurred when passed generated values (
[info]       arg0 = List() // 1 shrink
[info]     )
[info]   org.scalatest.exceptions.GeneratorDrivenPropertyCheckFailedException:
[info]   at org.scalatestplus.scalacheck.CheckerAsserting$$anon$2.indicateFailure(CheckerAsserting.scala:251)
[info]   at org.scalatestplus.scalacheck.CheckerAsserting$$anon$2.indicateFailure(CheckerAsserting.scala:238)
[info]   at org.scalatestplus.scalacheck.UnitCheckerAsserting$CheckerAssertingImpl.check(CheckerAsserting.scala:160)
[info]   at org.scalatestplus.scalacheck.Checkers.check(Checkers.scala:371)
[info]   at org.scalatestplus.scalacheck.Checkers.check$(Checkers.scala:369)
[info]   at frameless.TypedDatasetSuite.check(TypedDatasetSuite.scala:63)
[info]   at frameless.WriteStreamTests.$anonfun$new$1(WriteStreamTests.scala:55)
[info]   at org.scalatest.OutcomeOf.outcomeOf(OutcomeOf.scala:85)
[info]   at org.scalatest.OutcomeOf.outcomeOf$(OutcomeOf.scala:83)
[info]   at org.scalatest.OutcomeOf$.outcomeOf(OutcomeOf.scala:104)
[info]   at org.scalatest.Transformer.apply(Transformer.scala:22)
[info]   at org.scalatest.Transformer.apply(Transformer.scala:20)
[info]   at org.scalatest.funsuite.AnyFunSuiteLike$$anon$1.apply(AnyFunSuiteLike.scala:226)
[info]   at org.scalatest.TestSuite.withFixture(TestSuite.scala:196)
[info]   at org.scalatest.TestSuite.withFixture$(TestSuite.scala:195)
[info]   at org.scalatest.funsuite.AnyFunSuite.withFixture(AnyFunSuite.scala:1564)
[info]   at org.scalatest.funsuite.AnyFunSuiteLike.invokeWithFixture$1(AnyFunSuiteLike.scala:224)
[info]   at org.scalatest.funsuite.AnyFunSuiteLike.$anonfun$runTest$1(AnyFunSuiteLike.scala:236)
[info]   at org.scalatest.SuperEngine.runTestImpl(Engine.scala:306)
[info]   at org.scalatest.funsuite.AnyFunSuiteLike.runTest(AnyFunSuiteLike.scala:236)
[info]   at org.scalatest.funsuite.AnyFunSuiteLike.runTest$(AnyFunSuiteLike.scala:218)
[info]   at org.scalatest.funsuite.AnyFunSuite.runTest(AnyFunSuite.scala:1564)
[info]   at org.scalatest.funsuite.AnyFunSuiteLike.$anonfun$runTests$1(AnyFunSuiteLike.scala:269)
[info]   at org.scalatest.SuperEngine.$anonfun$runTestsInBranch$1(Engine.scala:413)
[info]   at scala.collection.immutable.List.foreach(List.scala:334)
[info]   at org.scalatest.SuperEngine.traverseSubNodes$1(Engine.scala:401)
[info]   at org.scalatest.SuperEngine.runTestsInBranch(Engine.scala:396)
[info]   at org.scalatest.SuperEngine.runTestsImpl(Engine.scala:475)
[info]   at org.scalatest.funsuite.AnyFunSuiteLike.runTests(AnyFunSuiteLike.scala:269)
[info]   at org.scalatest.funsuite.AnyFunSuiteLike.runTests$(AnyFunSuiteLike.scala:268)
[info]   at org.scalatest.funsuite.AnyFunSuite.runTests(AnyFunSuite.scala:1564)
[info]   at org.scalatest.Suite.run(Suite.scala:1114)
[info]   at org.scalatest.Suite.run$(Suite.scala:1096)
[info]   at org.scalatest.funsuite.AnyFunSuite.org$scalatest$funsuite$AnyFunSuiteLike$$super$run(AnyFunSuite.scala:1564)
[info]   at org.scalatest.funsuite.AnyFunSuiteLike.$anonfun$run$1(AnyFunSuiteLike.scala:273)
[info]   at org.scalatest.SuperEngine.runImpl(Engine.scala:535)
[info]   at org.scalatest.funsuite.AnyFunSuiteLike.run(AnyFunSuiteLike.scala:273)
[info]   at org.scalatest.funsuite.AnyFunSuiteLike.run$(AnyFunSuiteLike.scala:272)
[info]   at frameless.TypedDatasetSuite.org$scalatest$BeforeAndAfterAll$$super$run(TypedDatasetSuite.scala:63)
[info]   at org.scalatest.BeforeAndAfterAll.liftedTree1$1(BeforeAndAfterAll.scala:213)
[info]   at org.scalatest.BeforeAndAfterAll.run(BeforeAndAfterAll.scala:210)
[info]   at org.scalatest.BeforeAndAfterAll.run$(BeforeAndAfterAll.scala:208)
[info]   at frameless.TypedDatasetSuite.run(TypedDatasetSuite.scala:63)
[info]   at org.scalatest.tools.Framework.org$scalatest$tools$Framework$$runSuite(Framework.scala:321)
[info]   at org.scalatest.tools.Framework$ScalaTestTask.execute(Framework.scala:517)
[info]   at sbt.ForkMain$Run.lambda$runTest$1(ForkMain.java:414)
[info]   at java.base/java.util.concurrent.FutureTask.run(FutureTask.java:317)
[info]   at java.base/java.util.concurrent.ThreadPoolExecutor.runWorker(ThreadPoolExecutor.java:1144)
[info]   at java.base/java.util.concurrent.ThreadPoolExecutor$Worker.run(ThreadPoolExecutor.java:642)
[info]   at java.base/java.lang.Thread.run(Thread.java:1583)
[info]   Cause: java.lang.IllegalArgumentException: argument type mismatch
[info]   at java.base/jdk.internal.reflect.DirectConstructorHandleAccessor.newInstance(DirectConstructorHandleAccessor.java:65)
[info]   at java.base/java.lang.reflect.Constructor.newInstanceWithCaller(Constructor.java:502)
[info]   at java.base/java.lang.reflect.Constructor.newInstance(Constructor.java:486)
[info]   at frameless.TypedExpressionEncoder$.$anonfun$apply$3(TypedExpressionEncoder.scala:55)
[info]   at scala.Option.map(Option.scala:242)
[info]   at frameless.TypedExpressionEncoder$.apply(TypedExpressionEncoder.scala:54)
[info]   at frameless.TypedDataset$.createUnsafe(TypedDataset.scala:1378)
[info]   at frameless.TypedDataset$.create(TypedDataset.scala:1341)
[info]   at frameless.WriteStreamTests.prop$1(WriteStreamTests.scala:38)
[info]   at frameless.WriteStreamTests.$anonfun$new$9(WriteStreamTests.scala:55)
[info]   at org.scalacheck.Prop$.$anonfun$forAllShrink$2(Prop.scala:868)
[info]   at org.scalacheck.Prop$.secure(Prop.scala:484)
[info]   at org.scalacheck.Prop$.result$1(Prop.scala:868)
[info]   at org.scalacheck.Prop$.$anonfun$forAllShrink$4(Prop.scala:880)
[info]   at scala.collection.immutable.Stream.map(Stream.scala:173)
[info]   at org.scalacheck.Prop$.getFirstFailure$1(Prop.scala:880)
[info]   at org.scalacheck.Prop$.shrinker$1(Prop.scala:895)
[info]   at org.scalacheck.Prop$.$anonfun$forAllShrink$1(Prop.scala:916)
[info]   at org.scalacheck.Prop$.$anonfun$apply$1(Prop.scala:305)
[info]   at org.scalacheck.PropFromFun.apply(Prop.scala:20)
[info]   at org.scalacheck.Test$.workerFun$1(Test.scala:486)
[info]   at org.scalacheck.Test$.$anonfun$check$4(Test.scala:518)
[info]   at org.scalacheck.Test$.$anonfun$check$4$adapted(Test.scala:518)
[info]   at org.scalacheck.Platform$.runWorkers(Platform.scala:42)
[info]   at org.scalacheck.Test$.check(Test.scala:518)
[info]   at org.scalatestplus.scalacheck.UnitCheckerAsserting$CheckerAssertingImpl.check(CheckerAsserting.scala:90)
[info]   at org.scalatestplus.scalacheck.Checkers.check(Checkers.scala:371)
[info]   at org.scalatestplus.scalacheck.Checkers.check$(Checkers.scala:369)
[info]   at frameless.TypedDatasetSuite.check(TypedDatasetSuite.scala:63)
[info]   at frameless.WriteStreamTests.$anonfun$new$1(WriteStreamTests.scala:55)
[info]   at org.scalatest.OutcomeOf.outcomeOf(OutcomeOf.scala:85)
[info]   at org.scalatest.OutcomeOf.outcomeOf$(OutcomeOf.scala:83)
[info]   at org.scalatest.OutcomeOf$.outcomeOf(OutcomeOf.scala:104)
[info]   at org.scalatest.Transformer.apply(Transformer.scala:22)
[info]   at org.scalatest.Transformer.apply(Transformer.scala:20)
[info]   at org.scalatest.funsuite.AnyFunSuiteLike$$anon$1.apply(AnyFunSuiteLike.scala:226)
[info]   at org.scalatest.TestSuite.withFixture(TestSuite.scala:196)
[info]   at org.scalatest.TestSuite.withFixture$(TestSuite.scala:195)
[info]   at org.scalatest.funsuite.AnyFunSuite.withFixture(AnyFunSuite.scala:1564)
[info]   at org.scalatest.funsuite.AnyFunSuiteLike.invokeWithFixture$1(AnyFunSuiteLike.scala:224)
[info]   at org.scalatest.funsuite.AnyFunSuiteLike.$anonfun$runTest$1(AnyFunSuiteLike.scala:236)
[info]   at org.scalatest.SuperEngine.runTestImpl(Engine.scala:306)
[info]   at org.scalatest.funsuite.AnyFunSuiteLike.runTest(AnyFunSuiteLike.scala:236)
[info]   at org.scalatest.funsuite.AnyFunSuiteLike.runTest$(AnyFunSuiteLike.scala:218)
[info]   at org.scalatest.funsuite.AnyFunSuite.runTest(AnyFunSuite.scala:1564)
[info]   at org.scalatest.funsuite.AnyFunSuiteLike.$anonfun$runTests$1(AnyFunSuiteLike.scala:269)
[info]   at org.scalatest.SuperEngine.$anonfun$runTestsInBranch$1(Engine.scala:413)
[info]   at scala.collection.immutable.List.foreach(List.scala:334)
[info]   at org.scalatest.SuperEngine.traverseSubNodes$1(Engine.scala:401)
[info]   at org.scalatest.SuperEngine.runTestsInBranch(Engine.scala:396)
[info]   at org.scalatest.SuperEngine.runTestsImpl(Engine.scala:475)
[info]   at org.scalatest.funsuite.AnyFunSuiteLike.runTests(AnyFunSuiteLike.scala:269)
[info]   at org.scalatest.funsuite.AnyFunSuiteLike.runTests$(AnyFunSuiteLike.scala:268)
[info]   at org.scalatest.funsuite.AnyFunSuite.runTests(AnyFunSuite.scala:1564)
[info]   at org.scalatest.Suite.run(Suite.scala:1114)
[info]   at org.scalatest.Suite.run$(Suite.scala:1096)
[info]   at org.scalatest.funsuite.AnyFunSuite.org$scalatest$funsuite$AnyFunSuiteLike$$super$run(AnyFunSuite.scala:1564)
[info]   at org.scalatest.funsuite.AnyFunSuiteLike.$anonfun$run$1(AnyFunSuiteLike.scala:273)
[info]   at org.scalatest.SuperEngine.runImpl(Engine.scala:535)
[info]   at org.scalatest.funsuite.AnyFunSuiteLike.run(AnyFunSuiteLike.scala:273)
[info]   at org.scalatest.funsuite.AnyFunSuiteLike.run$(AnyFunSuiteLike.scala:272)
[info]   at frameless.TypedDatasetSuite.org$scalatest$BeforeAndAfterAll$$super$run(TypedDatasetSuite.scala:63)
[info]   at org.scalatest.BeforeAndAfterAll.liftedTree1$1(BeforeAndAfterAll.scala:213)
[info]   at org.scalatest.BeforeAndAfterAll.run(BeforeAndAfterAll.scala:210)
[info]   at org.scalatest.BeforeAndAfterAll.run$(BeforeAndAfterAll.scala:208)
[info]   at frameless.TypedDatasetSuite.run(TypedDatasetSuite.scala:63)
[info]   at org.scalatest.tools.Framework.org$scalatest$tools$Framework$$runSuite(Framework.scala:321)
[info]   at org.scalatest.tools.Framework$ScalaTestTask.execute(Framework.scala:517)
[info]   at sbt.ForkMain$Run.lambda$runTest$1(ForkMain.java:414)
[info]   at java.base/java.util.concurrent.FutureTask.run(FutureTask.java:317)
[info]   at java.base/java.util.concurrent.ThreadPoolExecutor.runWorker(ThreadPoolExecutor.java:1144)
[info]   at java.base/java.util.concurrent.ThreadPoolExecutor$Worker.run(ThreadPoolExecutor.java:642)
[info]   at java.base/java.lang.Thread.run(Thread.java:1583)
[info]   Cause: java.lang.ClassCastException: Cannot cast scala.reflect.ClassTag$GenericClassTag to org.apache.spark.sql.catalyst.expressions.Expression
[info]   at java.base/java.lang.Class.cast(Class.java:4067)
[info]   at java.base/jdk.internal.reflect.DirectConstructorHandleAccessor.newInstance(DirectConstructorHandleAccessor.java:62)
[info]   at java.base/java.lang.reflect.Constructor.newInstanceWithCaller(Constructor.java:502)
[info]   at java.base/java.lang.reflect.Constructor.newInstance(Constructor.java:486)
[info]   at frameless.TypedExpressionEncoder$.$anonfun$apply$3(TypedExpressionEncoder.scala:55)
[info]   at scala.Option.map(Option.scala:242)
[info]   at frameless.TypedExpressionEncoder$.apply(TypedExpressionEncoder.scala:54)
[info]   at frameless.TypedDataset$.createUnsafe(TypedDataset.scala:1378)
[info]   at frameless.TypedDataset$.create(TypedDataset.scala:1341)
[info]   at frameless.WriteStreamTests.prop$1(WriteStreamTests.scala:38)
[info]   at frameless.WriteStreamTests.$anonfun$new$9(WriteStreamTests.scala:55)
[info]   at org.scalacheck.Prop$.$anonfun$forAllShrink$2(Prop.scala:868)
[info]   at org.scalacheck.Prop$.secure(Prop.scala:484)
[info]   at org.scalacheck.Prop$.result$1(Prop.scala:868)
[info]   at org.scalacheck.Prop$.$anonfun$forAllShrink$4(Prop.scala:880)
[info]   at scala.collection.immutable.Stream.map(Stream.scala:173)
[info]   at org.scalacheck.Prop$.getFirstFailure$1(Prop.scala:880)
[info]   at org.scalacheck.Prop$.shrinker$1(Prop.scala:895)
[info]   at org.scalacheck.Prop$.$anonfun$forAllShrink$1(Prop.scala:916)
[info]   at org.scalacheck.Prop$.$anonfun$apply$1(Prop.scala:305)
[info]   at org.scalacheck.PropFromFun.apply(Prop.scala:20)
[info]   at org.scalacheck.Test$.workerFun$1(Test.scala:486)
[info]   at org.scalacheck.Test$.$anonfun$check$4(Test.scala:518)
[info]   at org.scalacheck.Test$.$anonfun$check$4$adapted(Test.scala:518)
[info]   at org.scalacheck.Platform$.runWorkers(Platform.scala:42)
[info]   at org.scalacheck.Test$.check(Test.scala:518)
[info]   at org.scalatestplus.scalacheck.UnitCheckerAsserting$CheckerAssertingImpl.check(CheckerAsserting.scala:90)
[info]   at org.scalatestplus.scalacheck.Checkers.check(Checkers.scala:371)
[info]   at org.scalatestplus.scalacheck.Checkers.check$(Checkers.scala:369)
[info]   at frameless.TypedDatasetSuite.check(TypedDatasetSuite.scala:63)
[info]   at frameless.WriteStreamTests.$anonfun$new$1(WriteStreamTests.scala:55)
[info]   at org.scalatest.OutcomeOf.outcomeOf(OutcomeOf.scala:85)
[info]   at org.scalatest.OutcomeOf.outcomeOf$(OutcomeOf.scala:83)
[info]   at org.scalatest.OutcomeOf$.outcomeOf(OutcomeOf.scala:104)
[info]   at org.scalatest.Transformer.apply(Transformer.scala:22)
[info]   at org.scalatest.Transformer.apply(Transformer.scala:20)
[info]   at org.scalatest.funsuite.AnyFunSuiteLike$$anon$1.apply(AnyFunSuiteLike.scala:226)
[info]   at org.scalatest.TestSuite.withFixture(TestSuite.scala:196)
[info]   at org.scalatest.TestSuite.withFixture$(TestSuite.scala:195)
[info]   at org.scalatest.funsuite.AnyFunSuite.withFixture(AnyFunSuite.scala:1564)
[info]   at org.scalatest.funsuite.AnyFunSuiteLike.invokeWithFixture$1(AnyFunSuiteLike.scala:224)
[info]   at org.scalatest.funsuite.AnyFunSuiteLike.$anonfun$runTest$1(AnyFunSuiteLike.scala:236)
[info]   at org.scalatest.SuperEngine.runTestImpl(Engine.scala:306)
[info]   at org.scalatest.funsuite.AnyFunSuiteLike.runTest(AnyFunSuiteLike.scala:236)
[info]   at org.scalatest.funsuite.AnyFunSuiteLike.runTest$(AnyFunSuiteLike.scala:218)
[info]   at org.scalatest.funsuite.AnyFunSuite.runTest(AnyFunSuite.scala:1564)
[info]   at org.scalatest.funsuite.AnyFunSuiteLike.$anonfun$runTests$1(AnyFunSuiteLike.scala:269)
[info]   at org.scalatest.SuperEngine.$anonfun$runTestsInBranch$1(Engine.scala:413)
[info]   at scala.collection.immutable.List.foreach(List.scala:334)
[info]   at org.scalatest.SuperEngine.traverseSubNodes$1(Engine.scala:401)
[info]   at org.scalatest.SuperEngine.runTestsInBranch(Engine.scala:396)
[info]   at org.scalatest.SuperEngine.runTestsImpl(Engine.scala:475)
[info]   at org.scalatest.funsuite.AnyFunSuiteLike.runTests(AnyFunSuiteLike.scala:269)
[info]   at org.scalatest.funsuite.AnyFunSuiteLike.runTests$(AnyFunSuiteLike.scala:268)
[info]   at org.scalatest.funsuite.AnyFunSuite.runTests(AnyFunSuite.scala:1564)
[info]   at org.scalatest.Suite.run(Suite.scala:1114)
[info]   at org.scalatest.Suite.run$(Suite.scala:1096)
[info]   at org.scalatest.funsuite.AnyFunSuite.org$scalatest$funsuite$AnyFunSuiteLike$$super$run(AnyFunSuite.scala:1564)
[info]   at org.scalatest.funsuite.AnyFunSuiteLike.$anonfun$run$1(AnyFunSuiteLike.scala:273)
[info]   at org.scalatest.SuperEngine.runImpl(Engine.scala:535)
[info]   at org.scalatest.funsuite.AnyFunSuiteLike.run(AnyFunSuiteLike.scala:273)
[info]   at org.scalatest.funsuite.AnyFunSuiteLike.run$(AnyFunSuiteLike.scala:272)
[info]   at frameless.TypedDatasetSuite.org$scalatest$BeforeAndAfterAll$$super$run(TypedDatasetSuite.scala:63)
[info]   at org.scalatest.BeforeAndAfterAll.liftedTree1$1(BeforeAndAfterAll.scala:213)
[info]   at org.scalatest.BeforeAndAfterAll.run(BeforeAndAfterAll.scala:210)
[info]   at org.scalatest.BeforeAndAfterAll.run$(BeforeAndAfterAll.scala:208)
[info]   at frameless.TypedDatasetSuite.run(TypedDatasetSuite.scala:63)
[info]   at org.scalatest.tools.Framework.org$scalatest$tools$Framework$$runSuite(Framework.scala:321)
[info]   at org.scalatest.tools.Framework$ScalaTestTask.execute(Framework.scala:517)
[info]   at sbt.ForkMain$Run.lambda$runTest$1(ForkMain.java:414)
[info]   at java.base/java.util.concurrent.FutureTask.run(FutureTask.java:317)
[info]   at java.base/java.util.concurrent.ThreadPoolExecutor.runWorker(ThreadPoolExecutor.java:1144)
[info]   at java.base/java.util.concurrent.ThreadPoolExecutor$Worker.run(ThreadPoolExecutor.java:642)
[info]   at java.base/java.lang.Thread.run(Thread.java:1583)
[info] - write parquet *** FAILED *** (44 milliseconds)
[info]   IllegalArgumentException was thrown during property evaluation.
[info]     Message: argument type mismatch
[info]     Occurred when passed generated values (
[info]       arg0 = List() // 1 shrink
[info]     )
[info]   org.scalatest.exceptions.GeneratorDrivenPropertyCheckFailedException:
[info]   at org.scalatestplus.scalacheck.CheckerAsserting$$anon$2.indicateFailure(CheckerAsserting.scala:251)
[info]   at org.scalatestplus.scalacheck.CheckerAsserting$$anon$2.indicateFailure(CheckerAsserting.scala:238)
[info]   at org.scalatestplus.scalacheck.UnitCheckerAsserting$CheckerAssertingImpl.check(CheckerAsserting.scala:160)
[info]   at org.scalatestplus.scalacheck.Checkers.check(Checkers.scala:371)
[info]   at org.scalatestplus.scalacheck.Checkers.check$(Checkers.scala:369)
[info]   at frameless.TypedDatasetSuite.check(TypedDatasetSuite.scala:63)
[info]   at frameless.WriteStreamTests.$anonfun$new$14(WriteStreamTests.scala:85)
[info]   at org.scalatest.OutcomeOf.outcomeOf(OutcomeOf.scala:85)
[info]   at org.scalatest.OutcomeOf.outcomeOf$(OutcomeOf.scala:83)
[info]   at org.scalatest.OutcomeOf$.outcomeOf(OutcomeOf.scala:104)
[info]   at org.scalatest.Transformer.apply(Transformer.scala:22)
[info]   at org.scalatest.Transformer.apply(Transformer.scala:20)
[info]   at org.scalatest.funsuite.AnyFunSuiteLike$$anon$1.apply(AnyFunSuiteLike.scala:226)
[info]   at org.scalatest.TestSuite.withFixture(TestSuite.scala:196)
[info]   at org.scalatest.TestSuite.withFixture$(TestSuite.scala:195)
[info]   at org.scalatest.funsuite.AnyFunSuite.withFixture(AnyFunSuite.scala:1564)
[info]   at org.scalatest.funsuite.AnyFunSuiteLike.invokeWithFixture$1(AnyFunSuiteLike.scala:224)
[info]   at org.scalatest.funsuite.AnyFunSuiteLike.$anonfun$runTest$1(AnyFunSuiteLike.scala:236)
[info]   at org.scalatest.SuperEngine.runTestImpl(Engine.scala:306)
[info]   at org.scalatest.funsuite.AnyFunSuiteLike.runTest(AnyFunSuiteLike.scala:236)
[info]   at org.scalatest.funsuite.AnyFunSuiteLike.runTest$(AnyFunSuiteLike.scala:218)
[info]   at org.scalatest.funsuite.AnyFunSuite.runTest(AnyFunSuite.scala:1564)
[info]   at org.scalatest.funsuite.AnyFunSuiteLike.$anonfun$runTests$1(AnyFunSuiteLike.scala:269)
[info]   at org.scalatest.SuperEngine.$anonfun$runTestsInBranch$1(Engine.scala:413)
[info]   at scala.collection.immutable.List.foreach(List.scala:334)
[info]   at org.scalatest.SuperEngine.traverseSubNodes$1(Engine.scala:401)
[info]   at org.scalatest.SuperEngine.runTestsInBranch(Engine.scala:396)
[info]   at org.scalatest.SuperEngine.runTestsImpl(Engine.scala:475)
[info]   at org.scalatest.funsuite.AnyFunSuiteLike.runTests(AnyFunSuiteLike.scala:269)
[info]   at org.scalatest.funsuite.AnyFunSuiteLike.runTests$(AnyFunSuiteLike.scala:268)
[info]   at org.scalatest.funsuite.AnyFunSuite.runTests(AnyFunSuite.scala:1564)
[info]   at org.scalatest.Suite.run(Suite.scala:1114)
[info]   at org.scalatest.Suite.run$(Suite.scala:1096)
[info]   at org.scalatest.funsuite.AnyFunSuite.org$scalatest$funsuite$AnyFunSuiteLike$$super$run(AnyFunSuite.scala:1564)
[info]   at org.scalatest.funsuite.AnyFunSuiteLike.$anonfun$run$1(AnyFunSuiteLike.scala:273)
[info]   at org.scalatest.SuperEngine.runImpl(Engine.scala:535)
[info]   at org.scalatest.funsuite.AnyFunSuiteLike.run(AnyFunSuiteLike.scala:273)
[info]   at org.scalatest.funsuite.AnyFunSuiteLike.run$(AnyFunSuiteLike.scala:272)
[info]   at frameless.TypedDatasetSuite.org$scalatest$BeforeAndAfterAll$$super$run(TypedDatasetSuite.scala:63)
[info]   at org.scalatest.BeforeAndAfterAll.liftedTree1$1(BeforeAndAfterAll.scala:213)
[info]   at org.scalatest.BeforeAndAfterAll.run(BeforeAndAfterAll.scala:210)
[info]   at org.scalatest.BeforeAndAfterAll.run$(BeforeAndAfterAll.scala:208)
[info]   at frameless.TypedDatasetSuite.run(TypedDatasetSuite.scala:63)
[info]   at org.scalatest.tools.Framework.org$scalatest$tools$Framework$$runSuite(Framework.scala:321)
[info]   at org.scalatest.tools.Framework$ScalaTestTask.execute(Framework.scala:517)
[info]   at sbt.ForkMain$Run.lambda$runTest$1(ForkMain.java:414)
[info]   at java.base/java.util.concurrent.FutureTask.run(FutureTask.java:317)
[info]   at java.base/java.util.concurrent.ThreadPoolExecutor.runWorker(ThreadPoolExecutor.java:1144)
[info]   at java.base/java.util.concurrent.ThreadPoolExecutor$Worker.run(ThreadPoolExecutor.java:642)
[info]   at java.base/java.lang.Thread.run(Thread.java:1583)
[info]   Cause: java.lang.IllegalArgumentException: argument type mismatch
[info]   at java.base/jdk.internal.reflect.DirectConstructorHandleAccessor.newInstance(DirectConstructorHandleAccessor.java:65)
[info]   at java.base/java.lang.reflect.Constructor.newInstanceWithCaller(Constructor.java:502)
[info]   at java.base/java.lang.reflect.Constructor.newInstance(Constructor.java:486)
[info]   at frameless.TypedExpressionEncoder$.$anonfun$apply$3(TypedExpressionEncoder.scala:55)
[info]   at scala.Option.map(Option.scala:242)
[info]   at frameless.TypedExpressionEncoder$.apply(TypedExpressionEncoder.scala:54)
[info]   at frameless.TypedDataset$.createUnsafe(TypedDataset.scala:1378)
[info]   at frameless.TypedDataset$.create(TypedDataset.scala:1341)
[info]   at frameless.WriteStreamTests.prop$2(WriteStreamTests.scala:68)
[info]   at frameless.WriteStreamTests.$anonfun$new$21(WriteStreamTests.scala:85)
[info]   at org.scalacheck.Prop$.$anonfun$forAllShrink$2(Prop.scala:868)
[info]   at org.scalacheck.Prop$.secure(Prop.scala:484)
[info]   at org.scalacheck.Prop$.result$1(Prop.scala:868)
[info]   at org.scalacheck.Prop$.$anonfun$forAllShrink$4(Prop.scala:880)
[info]   at scala.collection.immutable.Stream.map(Stream.scala:173)
[info]   at org.scalacheck.Prop$.getFirstFailure$1(Prop.scala:880)
[info]   at org.scalacheck.Prop$.shrinker$1(Prop.scala:895)
[info]   at org.scalacheck.Prop$.$anonfun$forAllShrink$1(Prop.scala:916)
[info]   at org.scalacheck.Prop$.$anonfun$apply$1(Prop.scala:305)
[info]   at org.scalacheck.PropFromFun.apply(Prop.scala:20)
[info]   at org.scalacheck.Test$.workerFun$1(Test.scala:486)
[info]   at org.scalacheck.Test$.$anonfun$check$4(Test.scala:518)
[info]   at org.scalacheck.Test$.$anonfun$check$4$adapted(Test.scala:518)
[info]   at org.scalacheck.Platform$.runWorkers(Platform.scala:42)
[info]   at org.scalacheck.Test$.check(Test.scala:518)
[info]   at org.scalatestplus.scalacheck.UnitCheckerAsserting$CheckerAssertingImpl.check(CheckerAsserting.scala:90)
[info]   at org.scalatestplus.scalacheck.Checkers.check(Checkers.scala:371)
[info]   at org.scalatestplus.scalacheck.Checkers.check$(Checkers.scala:369)
[info]   at frameless.TypedDatasetSuite.check(TypedDatasetSuite.scala:63)
[info]   at frameless.WriteStreamTests.$anonfun$new$14(WriteStreamTests.scala:85)
[info]   at org.scalatest.OutcomeOf.outcomeOf(OutcomeOf.scala:85)
[info]   at org.scalatest.OutcomeOf.outcomeOf$(OutcomeOf.scala:83)
[info]   at org.scalatest.OutcomeOf$.outcomeOf(OutcomeOf.scala:104)
[info]   at org.scalatest.Transformer.apply(Transformer.scala:22)
[info]   at org.scalatest.Transformer.apply(Transformer.scala:20)
[info]   at org.scalatest.funsuite.AnyFunSuiteLike$$anon$1.apply(AnyFunSuiteLike.scala:226)
[info]   at org.scalatest.TestSuite.withFixture(TestSuite.scala:196)
[info]   at org.scalatest.TestSuite.withFixture$(TestSuite.scala:195)
[info]   at org.scalatest.funsuite.AnyFunSuite.withFixture(AnyFunSuite.scala:1564)
[info]   at org.scalatest.funsuite.AnyFunSuiteLike.invokeWithFixture$1(AnyFunSuiteLike.scala:224)
[info]   at org.scalatest.funsuite.AnyFunSuiteLike.$anonfun$runTest$1(AnyFunSuiteLike.scala:236)
[info]   at org.scalatest.SuperEngine.runTestImpl(Engine.scala:306)
[info]   at org.scalatest.funsuite.AnyFunSuiteLike.runTest(AnyFunSuiteLike.scala:236)
[info]   at org.scalatest.funsuite.AnyFunSuiteLike.runTest$(AnyFunSuiteLike.scala:218)
[info]   at org.scalatest.funsuite.AnyFunSuite.runTest(AnyFunSuite.scala:1564)
[info]   at org.scalatest.funsuite.AnyFunSuiteLike.$anonfun$runTests$1(AnyFunSuiteLike.scala:269)
[info]   at org.scalatest.SuperEngine.$anonfun$runTestsInBranch$1(Engine.scala:413)
[info]   at scala.collection.immutable.List.foreach(List.scala:334)
[info]   at org.scalatest.SuperEngine.traverseSubNodes$1(Engine.scala:401)
[info]   at org.scalatest.SuperEngine.runTestsInBranch(Engine.scala:396)
[info]   at org.scalatest.SuperEngine.runTestsImpl(Engine.scala:475)
[info]   at org.scalatest.funsuite.AnyFunSuiteLike.runTests(AnyFunSuiteLike.scala:269)
[info]   at org.scalatest.funsuite.AnyFunSuiteLike.runTests$(AnyFunSuiteLike.scala:268)
[info]   at org.scalatest.funsuite.AnyFunSuite.runTests(AnyFunSuite.scala:1564)
[info]   at org.scalatest.Suite.run(Suite.scala:1114)
[info]   at org.scalatest.Suite.run$(Suite.scala:1096)
[info]   at org.scalatest.funsuite.AnyFunSuite.org$scalatest$funsuite$AnyFunSuiteLike$$super$run(AnyFunSuite.scala:1564)
[info]   at org.scalatest.funsuite.AnyFunSuiteLike.$anonfun$run$1(AnyFunSuiteLike.scala:273)
[info]   at org.scalatest.SuperEngine.runImpl(Engine.scala:535)
[info]   at org.scalatest.funsuite.AnyFunSuiteLike.run(AnyFunSuiteLike.scala:273)
[info]   at org.scalatest.funsuite.AnyFunSuiteLike.run$(AnyFunSuiteLike.scala:272)
[info]   at frameless.TypedDatasetSuite.org$scalatest$BeforeAndAfterAll$$super$run(TypedDatasetSuite.scala:63)
[info]   at org.scalatest.BeforeAndAfterAll.liftedTree1$1(BeforeAndAfterAll.scala:213)
[info]   at org.scalatest.BeforeAndAfterAll.run(BeforeAndAfterAll.scala:210)
[info]   at org.scalatest.BeforeAndAfterAll.run$(BeforeAndAfterAll.scala:208)
[info]   at frameless.TypedDatasetSuite.run(TypedDatasetSuite.scala:63)
[info]   at org.scalatest.tools.Framework.org$scalatest$tools$Framework$$runSuite(Framework.scala:321)
[info]   at org.scalatest.tools.Framework$ScalaTestTask.execute(Framework.scala:517)
[info]   at sbt.ForkMain$Run.lambda$runTest$1(ForkMain.java:414)
[info]   at java.base/java.util.concurrent.FutureTask.run(FutureTask.java:317)
[info]   at java.base/java.util.concurrent.ThreadPoolExecutor.runWorker(ThreadPoolExecutor.java:1144)
[info]   at java.base/java.util.concurrent.ThreadPoolExecutor$Worker.run(ThreadPoolExecutor.java:642)
[info]   at java.base/java.lang.Thread.run(Thread.java:1583)
[info]   Cause: java.lang.ClassCastException: Cannot cast scala.reflect.ClassTag$GenericClassTag to org.apache.spark.sql.catalyst.expressions.Expression
[info]   at java.base/java.lang.Class.cast(Class.java:4067)
[info]   at java.base/jdk.internal.reflect.DirectConstructorHandleAccessor.newInstance(DirectConstructorHandleAccessor.java:62)
[info]   at java.base/java.lang.reflect.Constructor.newInstanceWithCaller(Constructor.java:502)
[info]   at java.base/java.lang.reflect.Constructor.newInstance(Constructor.java:486)
[info]   at frameless.TypedExpressionEncoder$.$anonfun$apply$3(TypedExpressionEncoder.scala:55)
[info]   at scala.Option.map(Option.scala:242)
[info]   at frameless.TypedExpressionEncoder$.apply(TypedExpressionEncoder.scala:54)
[info]   at frameless.TypedDataset$.createUnsafe(TypedDataset.scala:1378)
[info]   at frameless.TypedDataset$.create(TypedDataset.scala:1341)
[info]   at frameless.WriteStreamTests.prop$2(WriteStreamTests.scala:68)
[info]   at frameless.WriteStreamTests.$anonfun$new$21(WriteStreamTests.scala:85)
[info]   at org.scalacheck.Prop$.$anonfun$forAllShrink$2(Prop.scala:868)
[info]   at org.scalacheck.Prop$.secure(Prop.scala:484)
[info]   at org.scalacheck.Prop$.result$1(Prop.scala:868)
[info]   at org.scalacheck.Prop$.$anonfun$forAllShrink$4(Prop.scala:880)
[info]   at scala.collection.immutable.Stream.map(Stream.scala:173)
[info]   at org.scalacheck.Prop$.getFirstFailure$1(Prop.scala:880)
[info]   at org.scalacheck.Prop$.shrinker$1(Prop.scala:895)
[info]   at org.scalacheck.Prop$.$anonfun$forAllShrink$1(Prop.scala:916)
[info]   at org.scalacheck.Prop$.$anonfun$apply$1(Prop.scala:305)
[info]   at org.scalacheck.PropFromFun.apply(Prop.scala:20)
[info]   at org.scalacheck.Test$.workerFun$1(Test.scala:486)
[info]   at org.scalacheck.Test$.$anonfun$check$4(Test.scala:518)
[info]   at org.scalacheck.Test$.$anonfun$check$4$adapted(Test.scala:518)
[info]   at org.scalacheck.Platform$.runWorkers(Platform.scala:42)
[info]   at org.scalacheck.Test$.check(Test.scala:518)
[info]   at org.scalatestplus.scalacheck.UnitCheckerAsserting$CheckerAssertingImpl.check(CheckerAsserting.scala:90)
[info]   at org.scalatestplus.scalacheck.Checkers.check(Checkers.scala:371)
[info]   at org.scalatestplus.scalacheck.Checkers.check$(Checkers.scala:369)
[info]   at frameless.TypedDatasetSuite.check(TypedDatasetSuite.scala:63)
[info]   at frameless.WriteStreamTests.$anonfun$new$14(WriteStreamTests.scala:85)
[info]   at org.scalatest.OutcomeOf.outcomeOf(OutcomeOf.scala:85)
[info]   at org.scalatest.OutcomeOf.outcomeOf$(OutcomeOf.scala:83)
[info]   at org.scalatest.OutcomeOf$.outcomeOf(OutcomeOf.scala:104)
[info]   at org.scalatest.Transformer.apply(Transformer.scala:22)
[info]   at org.scalatest.Transformer.apply(Transformer.scala:20)
[info]   at org.scalatest.funsuite.AnyFunSuiteLike$$anon$1.apply(AnyFunSuiteLike.scala:226)
[info]   at org.scalatest.TestSuite.withFixture(TestSuite.scala:196)
[info]   at org.scalatest.TestSuite.withFixture$(TestSuite.scala:195)
[info]   at org.scalatest.funsuite.AnyFunSuite.withFixture(AnyFunSuite.scala:1564)
[info]   at org.scalatest.funsuite.AnyFunSuiteLike.invokeWithFixture$1(AnyFunSuiteLike.scala:224)
[info]   at org.scalatest.funsuite.AnyFunSuiteLike.$anonfun$runTest$1(AnyFunSuiteLike.scala:236)
[info]   at org.scalatest.SuperEngine.runTestImpl(Engine.scala:306)
[info]   at org.scalatest.funsuite.AnyFunSuiteLike.runTest(AnyFunSuiteLike.scala:236)
[info]   at org.scalatest.funsuite.AnyFunSuiteLike.runTest$(AnyFunSuiteLike.scala:218)
[info]   at org.scalatest.funsuite.AnyFunSuite.runTest(AnyFunSuite.scala:1564)
[info]   at org.scalatest.funsuite.AnyFunSuiteLike.$anonfun$runTests$1(AnyFunSuiteLike.scala:269)
[info]   at org.scalatest.SuperEngine.$anonfun$runTestsInBranch$1(Engine.scala:413)
[info]   at scala.collection.immutable.List.foreach(List.scala:334)
[info]   at org.scalatest.SuperEngine.traverseSubNodes$1(Engine.scala:401)
[info]   at org.scalatest.SuperEngine.runTestsInBranch(Engine.scala:396)
[info]   at org.scalatest.SuperEngine.runTestsImpl(Engine.scala:475)
[info]   at org.scalatest.funsuite.AnyFunSuiteLike.runTests(AnyFunSuiteLike.scala:269)
[info]   at org.scalatest.funsuite.AnyFunSuiteLike.runTests$(AnyFunSuiteLike.scala:268)
[info]   at org.scalatest.funsuite.AnyFunSuite.runTests(AnyFunSuite.scala:1564)
[info]   at org.scalatest.Suite.run(Suite.scala:1114)
[info]   at org.scalatest.Suite.run$(Suite.scala:1096)
[info]   at org.scalatest.funsuite.AnyFunSuite.org$scalatest$funsuite$AnyFunSuiteLike$$super$run(AnyFunSuite.scala:1564)
[info]   at org.scalatest.funsuite.AnyFunSuiteLike.$anonfun$run$1(AnyFunSuiteLike.scala:273)
[info]   at org.scalatest.SuperEngine.runImpl(Engine.scala:535)
[info]   at org.scalatest.funsuite.AnyFunSuiteLike.run(AnyFunSuiteLike.scala:273)
[info]   at org.scalatest.funsuite.AnyFunSuiteLike.run$(AnyFunSuiteLike.scala:272)
[info]   at frameless.TypedDatasetSuite.org$scalatest$BeforeAndAfterAll$$super$run(TypedDatasetSuite.scala:63)
[info]   at org.scalatest.BeforeAndAfterAll.liftedTree1$1(BeforeAndAfterAll.scala:213)
[info]   at org.scalatest.BeforeAndAfterAll.run(BeforeAndAfterAll.scala:210)
[info]   at org.scalatest.BeforeAndAfterAll.run$(BeforeAndAfterAll.scala:208)
[info]   at frameless.TypedDatasetSuite.run(TypedDatasetSuite.scala:63)
[info]   at org.scalatest.tools.Framework.org$scalatest$tools$Framework$$runSuite(Framework.scala:321)
[info]   at org.scalatest.tools.Framework$ScalaTestTask.execute(Framework.scala:517)
[info]   at sbt.ForkMain$Run.lambda$runTest$1(ForkMain.java:414)
[info]   at java.base/java.util.concurrent.FutureTask.run(FutureTask.java:317)
[info]   at java.base/java.util.concurrent.ThreadPoolExecutor.runWorker(ThreadPoolExecutor.java:1144)
[info]   at java.base/java.util.concurrent.ThreadPoolExecutor$Worker.run(ThreadPoolExecutor.java:642)
[info]   at java.base/java.lang.Thread.run(Thread.java:1583)
[info] ExplodeTests:
[info] - simple explode test *** FAILED *** (2 milliseconds)
[info]   java.lang.IllegalArgumentException: argument type mismatch
[info]   at java.base/jdk.internal.reflect.DirectConstructorHandleAccessor.newInstance(DirectConstructorHandleAccessor.java:65)
[info]   at java.base/java.lang.reflect.Constructor.newInstanceWithCaller(Constructor.java:502)
[info]   at java.base/java.lang.reflect.Constructor.newInstance(Constructor.java:486)
[info]   at frameless.TypedExpressionEncoder$.$anonfun$apply$3(TypedExpressionEncoder.scala:55)
[info]   at scala.Option.map(Option.scala:242)
[info]   at frameless.TypedExpressionEncoder$.apply(TypedExpressionEncoder.scala:54)
[info]   at frameless.TypedDataset$.create(TypedDataset.scala:1325)
[info]   at frameless.ExplodeTests.$anonfun$new$1(ExplodeTests.scala:12)
[info]   at org.scalatest.OutcomeOf.outcomeOf(OutcomeOf.scala:85)
[info]   at org.scalatest.OutcomeOf.outcomeOf$(OutcomeOf.scala:83)
[info]   at org.scalatest.OutcomeOf$.outcomeOf(OutcomeOf.scala:104)
[info]   at org.scalatest.Transformer.apply(Transformer.scala:22)
[info]   at org.scalatest.Transformer.apply(Transformer.scala:20)
[info]   at org.scalatest.funsuite.AnyFunSuiteLike$$anon$1.apply(AnyFunSuiteLike.scala:226)
[info]   at org.scalatest.TestSuite.withFixture(TestSuite.scala:196)
[info]   at org.scalatest.TestSuite.withFixture$(TestSuite.scala:195)
[info]   at org.scalatest.funsuite.AnyFunSuite.withFixture(AnyFunSuite.scala:1564)
[info]   at org.scalatest.funsuite.AnyFunSuiteLike.invokeWithFixture$1(AnyFunSuiteLike.scala:224)
[info]   at org.scalatest.funsuite.AnyFunSuiteLike.$anonfun$runTest$1(AnyFunSuiteLike.scala:236)
[info]   at org.scalatest.SuperEngine.runTestImpl(Engine.scala:306)
[info]   at org.scalatest.funsuite.AnyFunSuiteLike.runTest(AnyFunSuiteLike.scala:236)
[info]   at org.scalatest.funsuite.AnyFunSuiteLike.runTest$(AnyFunSuiteLike.scala:218)
[info]   at org.scalatest.funsuite.AnyFunSuite.runTest(AnyFunSuite.scala:1564)
[info]   at org.scalatest.funsuite.AnyFunSuiteLike.$anonfun$runTests$1(AnyFunSuiteLike.scala:269)
[info]   at org.scalatest.SuperEngine.$anonfun$runTestsInBranch$1(Engine.scala:413)
[info]   at scala.collection.immutable.List.foreach(List.scala:334)
[info]   at org.scalatest.SuperEngine.traverseSubNodes$1(Engine.scala:401)
[info]   at org.scalatest.SuperEngine.runTestsInBranch(Engine.scala:396)
[info]   at org.scalatest.SuperEngine.runTestsImpl(Engine.scala:475)
[info]   at org.scalatest.funsuite.AnyFunSuiteLike.runTests(AnyFunSuiteLike.scala:269)
[info]   at org.scalatest.funsuite.AnyFunSuiteLike.runTests$(AnyFunSuiteLike.scala:268)
[info]   at org.scalatest.funsuite.AnyFunSuite.runTests(AnyFunSuite.scala:1564)
[info]   at org.scalatest.Suite.run(Suite.scala:1114)
[info]   at org.scalatest.Suite.run$(Suite.scala:1096)
[info]   at org.scalatest.funsuite.AnyFunSuite.org$scalatest$funsuite$AnyFunSuiteLike$$super$run(AnyFunSuite.scala:1564)
[info]   at org.scalatest.funsuite.AnyFunSuiteLike.$anonfun$run$1(AnyFunSuiteLike.scala:273)
[info]   at org.scalatest.SuperEngine.runImpl(Engine.scala:535)
[info]   at org.scalatest.funsuite.AnyFunSuiteLike.run(AnyFunSuiteLike.scala:273)
[info]   at org.scalatest.funsuite.AnyFunSuiteLike.run$(AnyFunSuiteLike.scala:272)
[info]   at frameless.TypedDatasetSuite.org$scalatest$BeforeAndAfterAll$$super$run(TypedDatasetSuite.scala:63)
[info]   at org.scalatest.BeforeAndAfterAll.liftedTree1$1(BeforeAndAfterAll.scala:213)
[info]   at org.scalatest.BeforeAndAfterAll.run(BeforeAndAfterAll.scala:210)
[info]   at org.scalatest.BeforeAndAfterAll.run$(BeforeAndAfterAll.scala:208)
[info]   at frameless.TypedDatasetSuite.run(TypedDatasetSuite.scala:63)
[info]   at org.scalatest.tools.Framework.org$scalatest$tools$Framework$$runSuite(Framework.scala:321)
[info]   at org.scalatest.tools.Framework$ScalaTestTask.execute(Framework.scala:517)
[info]   at sbt.ForkMain$Run.lambda$runTest$1(ForkMain.java:414)
[info]   at java.base/java.util.concurrent.FutureTask.run(FutureTask.java:317)
[info]   at java.base/java.util.concurrent.ThreadPoolExecutor.runWorker(ThreadPoolExecutor.java:1144)
[info]   at java.base/java.util.concurrent.ThreadPoolExecutor$Worker.run(ThreadPoolExecutor.java:642)
[info]   at java.base/java.lang.Thread.run(Thread.java:1583)
[info]   Cause: java.lang.ClassCastException: Cannot cast scala.reflect.ClassTag$GenericClassTag to org.apache.spark.sql.catalyst.expressions.Expression
[info]   at java.base/java.lang.Class.cast(Class.java:4067)
[info]   at java.base/jdk.internal.reflect.DirectConstructorHandleAccessor.newInstance(DirectConstructorHandleAccessor.java:62)
[info]   at java.base/java.lang.reflect.Constructor.newInstanceWithCaller(Constructor.java:502)
[info]   at java.base/java.lang.reflect.Constructor.newInstance(Constructor.java:486)
[info]   at frameless.TypedExpressionEncoder$.$anonfun$apply$3(TypedExpressionEncoder.scala:55)
[info]   at scala.Option.map(Option.scala:242)
[info]   at frameless.TypedExpressionEncoder$.apply(TypedExpressionEncoder.scala:54)
[info]   at frameless.TypedDataset$.create(TypedDataset.scala:1325)
[info]   at frameless.ExplodeTests.$anonfun$new$1(ExplodeTests.scala:12)
[info]   at org.scalatest.OutcomeOf.outcomeOf(OutcomeOf.scala:85)
[info]   at org.scalatest.OutcomeOf.outcomeOf$(OutcomeOf.scala:83)
[info]   at org.scalatest.OutcomeOf$.outcomeOf(OutcomeOf.scala:104)
[info]   at org.scalatest.Transformer.apply(Transformer.scala:22)
[info]   at org.scalatest.Transformer.apply(Transformer.scala:20)
[info]   at org.scalatest.funsuite.AnyFunSuiteLike$$anon$1.apply(AnyFunSuiteLike.scala:226)
[info]   at org.scalatest.TestSuite.withFixture(TestSuite.scala:196)
[info]   at org.scalatest.TestSuite.withFixture$(TestSuite.scala:195)
[info]   at org.scalatest.funsuite.AnyFunSuite.withFixture(AnyFunSuite.scala:1564)
[info]   at org.scalatest.funsuite.AnyFunSuiteLike.invokeWithFixture$1(AnyFunSuiteLike.scala:224)
[info]   at org.scalatest.funsuite.AnyFunSuiteLike.$anonfun$runTest$1(AnyFunSuiteLike.scala:236)
[info]   at org.scalatest.SuperEngine.runTestImpl(Engine.scala:306)
[info]   at org.scalatest.funsuite.AnyFunSuiteLike.runTest(AnyFunSuiteLike.scala:236)
[info]   at org.scalatest.funsuite.AnyFunSuiteLike.runTest$(AnyFunSuiteLike.scala:218)
[info]   at org.scalatest.funsuite.AnyFunSuite.runTest(AnyFunSuite.scala:1564)
[info]   at org.scalatest.funsuite.AnyFunSuiteLike.$anonfun$runTests$1(AnyFunSuiteLike.scala:269)
[info]   at org.scalatest.SuperEngine.$anonfun$runTestsInBranch$1(Engine.scala:413)
[info]   at scala.collection.immutable.List.foreach(List.scala:334)
[info]   at org.scalatest.SuperEngine.traverseSubNodes$1(Engine.scala:401)
[info]   at org.scalatest.SuperEngine.runTestsInBranch(Engine.scala:396)
[info]   at org.scalatest.SuperEngine.runTestsImpl(Engine.scala:475)
[info]   at org.scalatest.funsuite.AnyFunSuiteLike.runTests(AnyFunSuiteLike.scala:269)
[info]   at org.scalatest.funsuite.AnyFunSuiteLike.runTests$(AnyFunSuiteLike.scala:268)
[info]   at org.scalatest.funsuite.AnyFunSuite.runTests(AnyFunSuite.scala:1564)
[info]   at org.scalatest.Suite.run(Suite.scala:1114)
[info]   at org.scalatest.Suite.run$(Suite.scala:1096)
[info]   at org.scalatest.funsuite.AnyFunSuite.org$scalatest$funsuite$AnyFunSuiteLike$$super$run(AnyFunSuite.scala:1564)
[info]   at org.scalatest.funsuite.AnyFunSuiteLike.$anonfun$run$1(AnyFunSuiteLike.scala:273)
[info]   at org.scalatest.SuperEngine.runImpl(Engine.scala:535)
[info]   at org.scalatest.funsuite.AnyFunSuiteLike.run(AnyFunSuiteLike.scala:273)
[info]   at org.scalatest.funsuite.AnyFunSuiteLike.run$(AnyFunSuiteLike.scala:272)
[info]   at frameless.TypedDatasetSuite.org$scalatest$BeforeAndAfterAll$$super$run(TypedDatasetSuite.scala:63)
[info]   at org.scalatest.BeforeAndAfterAll.liftedTree1$1(BeforeAndAfterAll.scala:213)
[info]   at org.scalatest.BeforeAndAfterAll.run(BeforeAndAfterAll.scala:210)
[info]   at org.scalatest.BeforeAndAfterAll.run$(BeforeAndAfterAll.scala:208)
[info]   at frameless.TypedDatasetSuite.run(TypedDatasetSuite.scala:63)
[info]   at org.scalatest.tools.Framework.org$scalatest$tools$Framework$$runSuite(Framework.scala:321)
[info]   at org.scalatest.tools.Framework$ScalaTestTask.execute(Framework.scala:517)
[info]   at sbt.ForkMain$Run.lambda$runTest$1(ForkMain.java:414)
[info]   at java.base/java.util.concurrent.FutureTask.run(FutureTask.java:317)
[info]   at java.base/java.util.concurrent.ThreadPoolExecutor.runWorker(ThreadPoolExecutor.java:1144)
[info]   at java.base/java.util.concurrent.ThreadPoolExecutor$Worker.run(ThreadPoolExecutor.java:642)
[info]   at java.base/java.lang.Thread.run(Thread.java:1583)
[info] - explode on vectors/list/seq *** FAILED *** (4 milliseconds)
[info]   IllegalArgumentException was thrown during property evaluation.
[info]     Message: argument type mismatch
[info]     Occurred when passed generated values (
[info]       arg0 = List()
[info]     )
[info]   org.scalatest.exceptions.GeneratorDrivenPropertyCheckFailedException:
[info]   at org.scalatestplus.scalacheck.CheckerAsserting$$anon$2.indicateFailure(CheckerAsserting.scala:251)
[info]   at org.scalatestplus.scalacheck.CheckerAsserting$$anon$2.indicateFailure(CheckerAsserting.scala:238)
[info]   at org.scalatestplus.scalacheck.UnitCheckerAsserting$CheckerAssertingImpl.check(CheckerAsserting.scala:160)
[info]   at org.scalatestplus.scalacheck.Checkers.check(Checkers.scala:371)
[info]   at org.scalatestplus.scalacheck.Checkers.check$(Checkers.scala:369)
[info]   at frameless.TypedDatasetSuite.check(TypedDatasetSuite.scala:63)
[info]   at frameless.ExplodeTests.$anonfun$new$14(ExplodeTests.scala:26)
[info]   at org.scalatest.OutcomeOf.outcomeOf(OutcomeOf.scala:85)
[info]   at org.scalatest.OutcomeOf.outcomeOf$(OutcomeOf.scala:83)
[info]   at org.scalatest.OutcomeOf$.outcomeOf(OutcomeOf.scala:104)
[info]   at org.scalatest.Transformer.apply(Transformer.scala:22)
[info]   at org.scalatest.Transformer.apply(Transformer.scala:20)
[info]   at org.scalatest.funsuite.AnyFunSuiteLike$$anon$1.apply(AnyFunSuiteLike.scala:226)
[info]   at org.scalatest.TestSuite.withFixture(TestSuite.scala:196)
[info]   at org.scalatest.TestSuite.withFixture$(TestSuite.scala:195)
[info]   at org.scalatest.funsuite.AnyFunSuite.withFixture(AnyFunSuite.scala:1564)
[info]   at org.scalatest.funsuite.AnyFunSuiteLike.invokeWithFixture$1(AnyFunSuiteLike.scala:224)
[info]   at org.scalatest.funsuite.AnyFunSuiteLike.$anonfun$runTest$1(AnyFunSuiteLike.scala:236)
[info]   at org.scalatest.SuperEngine.runTestImpl(Engine.scala:306)
[info]   at org.scalatest.funsuite.AnyFunSuiteLike.runTest(AnyFunSuiteLike.scala:236)
[info]   at org.scalatest.funsuite.AnyFunSuiteLike.runTest$(AnyFunSuiteLike.scala:218)
[info]   at org.scalatest.funsuite.AnyFunSuite.runTest(AnyFunSuite.scala:1564)
[info]   at org.scalatest.funsuite.AnyFunSuiteLike.$anonfun$runTests$1(AnyFunSuiteLike.scala:269)
[info]   at org.scalatest.SuperEngine.$anonfun$runTestsInBranch$1(Engine.scala:413)
[info]   at scala.collection.immutable.List.foreach(List.scala:334)
[info]   at org.scalatest.SuperEngine.traverseSubNodes$1(Engine.scala:401)
[info]   at org.scalatest.SuperEngine.runTestsInBranch(Engine.scala:396)
[info]   at org.scalatest.SuperEngine.runTestsImpl(Engine.scala:475)
[info]   at org.scalatest.funsuite.AnyFunSuiteLike.runTests(AnyFunSuiteLike.scala:269)
[info]   at org.scalatest.funsuite.AnyFunSuiteLike.runTests$(AnyFunSuiteLike.scala:268)
[info]   at org.scalatest.funsuite.AnyFunSuite.runTests(AnyFunSuite.scala:1564)
[info]   at org.scalatest.Suite.run(Suite.scala:1114)
[info]   at org.scalatest.Suite.run$(Suite.scala:1096)
[info]   at org.scalatest.funsuite.AnyFunSuite.org$scalatest$funsuite$AnyFunSuiteLike$$super$run(AnyFunSuite.scala:1564)
[info]   at org.scalatest.funsuite.AnyFunSuiteLike.$anonfun$run$1(AnyFunSuiteLike.scala:273)
[info]   at org.scalatest.SuperEngine.runImpl(Engine.scala:535)
[info]   at org.scalatest.funsuite.AnyFunSuiteLike.run(AnyFunSuiteLike.scala:273)
[info]   at org.scalatest.funsuite.AnyFunSuiteLike.run$(AnyFunSuiteLike.scala:272)
[info]   at frameless.TypedDatasetSuite.org$scalatest$BeforeAndAfterAll$$super$run(TypedDatasetSuite.scala:63)
[info]   at org.scalatest.BeforeAndAfterAll.liftedTree1$1(BeforeAndAfterAll.scala:213)
[info]   at org.scalatest.BeforeAndAfterAll.run(BeforeAndAfterAll.scala:210)
[info]   at org.scalatest.BeforeAndAfterAll.run$(BeforeAndAfterAll.scala:208)
[info]   at frameless.TypedDatasetSuite.run(TypedDatasetSuite.scala:63)
[info]   at org.scalatest.tools.Framework.org$scalatest$tools$Framework$$runSuite(Framework.scala:321)
[info]   at org.scalatest.tools.Framework$ScalaTestTask.execute(Framework.scala:517)
[info]   at sbt.ForkMain$Run.lambda$runTest$1(ForkMain.java:414)
[info]   at java.base/java.util.concurrent.FutureTask.run(FutureTask.java:317)
[info]   at java.base/java.util.concurrent.ThreadPoolExecutor.runWorker(ThreadPoolExecutor.java:1144)
[info]   at java.base/java.util.concurrent.ThreadPoolExecutor$Worker.run(ThreadPoolExecutor.java:642)
[info]   at java.base/java.lang.Thread.run(Thread.java:1583)
[info]   Cause: java.lang.IllegalArgumentException: argument type mismatch
[info]   at java.base/jdk.internal.reflect.DirectConstructorHandleAccessor.newInstance(DirectConstructorHandleAccessor.java:65)
[info]   at java.base/java.lang.reflect.Constructor.newInstanceWithCaller(Constructor.java:502)
[info]   at java.base/java.lang.reflect.Constructor.newInstance(Constructor.java:486)
[info]   at frameless.TypedExpressionEncoder$.$anonfun$apply$3(TypedExpressionEncoder.scala:55)
[info]   at scala.Option.map(Option.scala:242)
[info]   at frameless.TypedExpressionEncoder$.apply(TypedExpressionEncoder.scala:54)
[info]   at frameless.TypedDataset$.create(TypedDataset.scala:1325)
[info]   at frameless.ExplodeTests.prop$1(ExplodeTests.scala:18)
[info]   at frameless.ExplodeTests.$anonfun$new$31(ExplodeTests.scala:26)
[info]   at scala.Function1.$anonfun$andThen$1(Function1.scala:87)
[info]   at org.scalacheck.Prop$.$anonfun$forAllShrink$2(Prop.scala:868)
[info]   at org.scalacheck.Prop$.secure(Prop.scala:484)
[info]   at org.scalacheck.Prop$.result$1(Prop.scala:868)
[info]   at org.scalacheck.Prop$.$anonfun$forAllShrink$1(Prop.scala:915)
[info]   at org.scalacheck.Prop$.$anonfun$apply$1(Prop.scala:305)
[info]   at org.scalacheck.PropFromFun.apply(Prop.scala:20)
[info]   at org.scalacheck.Test$.workerFun$1(Test.scala:486)
[info]   at org.scalacheck.Test$.$anonfun$check$4(Test.scala:518)
[info]   at org.scalacheck.Test$.$anonfun$check$4$adapted(Test.scala:518)
[info]   at org.scalacheck.Platform$.runWorkers(Platform.scala:42)
[info]   at org.scalacheck.Test$.check(Test.scala:518)
[info]   at org.scalatestplus.scalacheck.UnitCheckerAsserting$CheckerAssertingImpl.check(CheckerAsserting.scala:90)
[info]   at org.scalatestplus.scalacheck.Checkers.check(Checkers.scala:371)
[info]   at org.scalatestplus.scalacheck.Checkers.check$(Checkers.scala:369)
[info]   at frameless.TypedDatasetSuite.check(TypedDatasetSuite.scala:63)
[info]   at frameless.ExplodeTests.$anonfun$new$14(ExplodeTests.scala:26)
[info]   at org.scalatest.OutcomeOf.outcomeOf(OutcomeOf.scala:85)
[info]   at org.scalatest.OutcomeOf.outcomeOf$(OutcomeOf.scala:83)
[info]   at org.scalatest.OutcomeOf$.outcomeOf(OutcomeOf.scala:104)
[info]   at org.scalatest.Transformer.apply(Transformer.scala:22)
[info]   at org.scalatest.Transformer.apply(Transformer.scala:20)
[info]   at org.scalatest.funsuite.AnyFunSuiteLike$$anon$1.apply(AnyFunSuiteLike.scala:226)
[info]   at org.scalatest.TestSuite.withFixture(TestSuite.scala:196)
[info]   at org.scalatest.TestSuite.withFixture$(TestSuite.scala:195)
[info]   at org.scalatest.funsuite.AnyFunSuite.withFixture(AnyFunSuite.scala:1564)
[info]   at org.scalatest.funsuite.AnyFunSuiteLike.invokeWithFixture$1(AnyFunSuiteLike.scala:224)
[info]   at org.scalatest.funsuite.AnyFunSuiteLike.$anonfun$runTest$1(AnyFunSuiteLike.scala:236)
[info]   at org.scalatest.SuperEngine.runTestImpl(Engine.scala:306)
[info]   at org.scalatest.funsuite.AnyFunSuiteLike.runTest(AnyFunSuiteLike.scala:236)
[info]   at org.scalatest.funsuite.AnyFunSuiteLike.runTest$(AnyFunSuiteLike.scala:218)
[info]   at org.scalatest.funsuite.AnyFunSuite.runTest(AnyFunSuite.scala:1564)
[info]   at org.scalatest.funsuite.AnyFunSuiteLike.$anonfun$runTests$1(AnyFunSuiteLike.scala:269)
[info]   at org.scalatest.SuperEngine.$anonfun$runTestsInBranch$1(Engine.scala:413)
[info]   at scala.collection.immutable.List.foreach(List.scala:334)
[info]   at org.scalatest.SuperEngine.traverseSubNodes$1(Engine.scala:401)
[info]   at org.scalatest.SuperEngine.runTestsInBranch(Engine.scala:396)
[info]   at org.scalatest.SuperEngine.runTestsImpl(Engine.scala:475)
[info]   at org.scalatest.funsuite.AnyFunSuiteLike.runTests(AnyFunSuiteLike.scala:269)
[info]   at org.scalatest.funsuite.AnyFunSuiteLike.runTests$(AnyFunSuiteLike.scala:268)
[info]   at org.scalatest.funsuite.AnyFunSuite.runTests(AnyFunSuite.scala:1564)
[info]   at org.scalatest.Suite.run(Suite.scala:1114)
[info]   at org.scalatest.Suite.run$(Suite.scala:1096)
[info]   at org.scalatest.funsuite.AnyFunSuite.org$scalatest$funsuite$AnyFunSuiteLike$$super$run(AnyFunSuite.scala:1564)
[info]   at org.scalatest.funsuite.AnyFunSuiteLike.$anonfun$run$1(AnyFunSuiteLike.scala:273)
[info]   at org.scalatest.SuperEngine.runImpl(Engine.scala:535)
[info]   at org.scalatest.funsuite.AnyFunSuiteLike.run(AnyFunSuiteLike.scala:273)
[info]   at org.scalatest.funsuite.AnyFunSuiteLike.run$(AnyFunSuiteLike.scala:272)
[info]   at frameless.TypedDatasetSuite.org$scalatest$BeforeAndAfterAll$$super$run(TypedDatasetSuite.scala:63)
[info]   at org.scalatest.BeforeAndAfterAll.liftedTree1$1(BeforeAndAfterAll.scala:213)
[info]   at org.scalatest.BeforeAndAfterAll.run(BeforeAndAfterAll.scala:210)
[info]   at org.scalatest.BeforeAndAfterAll.run$(BeforeAndAfterAll.scala:208)
[info]   at frameless.TypedDatasetSuite.run(TypedDatasetSuite.scala:63)
[info]   at org.scalatest.tools.Framework.org$scalatest$tools$Framework$$runSuite(Framework.scala:321)
[info]   at org.scalatest.tools.Framework$ScalaTestTask.execute(Framework.scala:517)
[info]   at sbt.ForkMain$Run.lambda$runTest$1(ForkMain.java:414)
[info]   at java.base/java.util.concurrent.FutureTask.run(FutureTask.java:317)
[info]   at java.base/java.util.concurrent.ThreadPoolExecutor.runWorker(ThreadPoolExecutor.java:1144)
[info]   at java.base/java.util.concurrent.ThreadPoolExecutor$Worker.run(ThreadPoolExecutor.java:642)
[info]   at java.base/java.lang.Thread.run(Thread.java:1583)
[info]   Cause: java.lang.ClassCastException: Cannot cast scala.reflect.ClassTag$GenericClassTag to org.apache.spark.sql.catalyst.expressions.Expression
[info]   at java.base/java.lang.Class.cast(Class.java:4067)
[info]   at java.base/jdk.internal.reflect.DirectConstructorHandleAccessor.newInstance(DirectConstructorHandleAccessor.java:62)
[info]   at java.base/java.lang.reflect.Constructor.newInstanceWithCaller(Constructor.java:502)
[info]   at java.base/java.lang.reflect.Constructor.newInstance(Constructor.java:486)
[info]   at frameless.TypedExpressionEncoder$.$anonfun$apply$3(TypedExpressionEncoder.scala:55)
[info]   at scala.Option.map(Option.scala:242)
[info]   at frameless.TypedExpressionEncoder$.apply(TypedExpressionEncoder.scala:54)
[info]   at frameless.TypedDataset$.create(TypedDataset.scala:1325)
[info]   at frameless.ExplodeTests.prop$1(ExplodeTests.scala:18)
[info]   at frameless.ExplodeTests.$anonfun$new$31(ExplodeTests.scala:26)
[info]   at scala.Function1.$anonfun$andThen$1(Function1.scala:87)
[info]   at org.scalacheck.Prop$.$anonfun$forAllShrink$2(Prop.scala:868)
[info]   at org.scalacheck.Prop$.secure(Prop.scala:484)
[info]   at org.scalacheck.Prop$.result$1(Prop.scala:868)
[info]   at org.scalacheck.Prop$.$anonfun$forAllShrink$1(Prop.scala:915)
[info]   at org.scalacheck.Prop$.$anonfun$apply$1(Prop.scala:305)
[info]   at org.scalacheck.PropFromFun.apply(Prop.scala:20)
[info]   at org.scalacheck.Test$.workerFun$1(Test.scala:486)
[info]   at org.scalacheck.Test$.$anonfun$check$4(Test.scala:518)
[info]   at org.scalacheck.Test$.$anonfun$check$4$adapted(Test.scala:518)
[info]   at org.scalacheck.Platform$.runWorkers(Platform.scala:42)
[info]   at org.scalacheck.Test$.check(Test.scala:518)
[info]   at org.scalatestplus.scalacheck.UnitCheckerAsserting$CheckerAssertingImpl.check(CheckerAsserting.scala:90)
[info]   at org.scalatestplus.scalacheck.Checkers.check(Checkers.scala:371)
[info]   at org.scalatestplus.scalacheck.Checkers.check$(Checkers.scala:369)
[info]   at frameless.TypedDatasetSuite.check(TypedDatasetSuite.scala:63)
[info]   at frameless.ExplodeTests.$anonfun$new$14(ExplodeTests.scala:26)
[info]   at org.scalatest.OutcomeOf.outcomeOf(OutcomeOf.scala:85)
[info]   at org.scalatest.OutcomeOf.outcomeOf$(OutcomeOf.scala:83)
[info]   at org.scalatest.OutcomeOf$.outcomeOf(OutcomeOf.scala:104)
[info]   at org.scalatest.Transformer.apply(Transformer.scala:22)
[info]   at org.scalatest.Transformer.apply(Transformer.scala:20)
[info]   at org.scalatest.funsuite.AnyFunSuiteLike$$anon$1.apply(AnyFunSuiteLike.scala:226)
[info]   at org.scalatest.TestSuite.withFixture(TestSuite.scala:196)
[info]   at org.scalatest.TestSuite.withFixture$(TestSuite.scala:195)
[info]   at org.scalatest.funsuite.AnyFunSuite.withFixture(AnyFunSuite.scala:1564)
[info]   at org.scalatest.funsuite.AnyFunSuiteLike.invokeWithFixture$1(AnyFunSuiteLike.scala:224)
[info]   at org.scalatest.funsuite.AnyFunSuiteLike.$anonfun$runTest$1(AnyFunSuiteLike.scala:236)
[info]   at org.scalatest.SuperEngine.runTestImpl(Engine.scala:306)
[info]   at org.scalatest.funsuite.AnyFunSuiteLike.runTest(AnyFunSuiteLike.scala:236)
[info]   at org.scalatest.funsuite.AnyFunSuiteLike.runTest$(AnyFunSuiteLike.scala:218)
[info]   at org.scalatest.funsuite.AnyFunSuite.runTest(AnyFunSuite.scala:1564)
[info]   at org.scalatest.funsuite.AnyFunSuiteLike.$anonfun$runTests$1(AnyFunSuiteLike.scala:269)
[info]   at org.scalatest.SuperEngine.$anonfun$runTestsInBranch$1(Engine.scala:413)
[info]   at scala.collection.immutable.List.foreach(List.scala:334)
[info]   at org.scalatest.SuperEngine.traverseSubNodes$1(Engine.scala:401)
[info]   at org.scalatest.SuperEngine.runTestsInBranch(Engine.scala:396)
[info]   at org.scalatest.SuperEngine.runTestsImpl(Engine.scala:475)
[info]   at org.scalatest.funsuite.AnyFunSuiteLike.runTests(AnyFunSuiteLike.scala:269)
[info]   at org.scalatest.funsuite.AnyFunSuiteLike.runTests$(AnyFunSuiteLike.scala:268)
[info]   at org.scalatest.funsuite.AnyFunSuite.runTests(AnyFunSuite.scala:1564)
[info]   at org.scalatest.Suite.run(Suite.scala:1114)
[info]   at org.scalatest.Suite.run$(Suite.scala:1096)
[info]   at org.scalatest.funsuite.AnyFunSuite.org$scalatest$funsuite$AnyFunSuiteLike$$super$run(AnyFunSuite.scala:1564)
[info]   at org.scalatest.funsuite.AnyFunSuiteLike.$anonfun$run$1(AnyFunSuiteLike.scala:273)
[info]   at org.scalatest.SuperEngine.runImpl(Engine.scala:535)
[info]   at org.scalatest.funsuite.AnyFunSuiteLike.run(AnyFunSuiteLike.scala:273)
[info]   at org.scalatest.funsuite.AnyFunSuiteLike.run$(AnyFunSuiteLike.scala:272)
[info]   at frameless.TypedDatasetSuite.org$scalatest$BeforeAndAfterAll$$super$run(TypedDatasetSuite.scala:63)
[info]   at org.scalatest.BeforeAndAfterAll.liftedTree1$1(BeforeAndAfterAll.scala:213)
[info]   at org.scalatest.BeforeAndAfterAll.run(BeforeAndAfterAll.scala:210)
[info]   at org.scalatest.BeforeAndAfterAll.run$(BeforeAndAfterAll.scala:208)
[info]   at frameless.TypedDatasetSuite.run(TypedDatasetSuite.scala:63)
[info]   at org.scalatest.tools.Framework.org$scalatest$tools$Framework$$runSuite(Framework.scala:321)
[info]   at org.scalatest.tools.Framework$ScalaTestTask.execute(Framework.scala:517)
[info]   at sbt.ForkMain$Run.lambda$runTest$1(ForkMain.java:414)
[info]   at java.base/java.util.concurrent.FutureTask.run(FutureTask.java:317)
[info]   at java.base/java.util.concurrent.ThreadPoolExecutor.runWorker(ThreadPoolExecutor.java:1144)
[info]   at java.base/java.util.concurrent.ThreadPoolExecutor$Worker.run(ThreadPoolExecutor.java:642)
[info]   at java.base/java.lang.Thread.run(Thread.java:1583)
[info] - explode on arrays *** FAILED *** (3 milliseconds)
[info]   IllegalArgumentException was thrown during property evaluation.
[info]     Message: argument type mismatch
[info]     Occurred when passed generated values (
[info]       arg0 = List()
[info]     )
[info]   org.scalatest.exceptions.GeneratorDrivenPropertyCheckFailedException:
[info]   at org.scalatestplus.scalacheck.CheckerAsserting$$anon$2.indicateFailure(CheckerAsserting.scala:251)
[info]   at org.scalatestplus.scalacheck.CheckerAsserting$$anon$2.indicateFailure(CheckerAsserting.scala:238)
[info]   at org.scalatestplus.scalacheck.UnitCheckerAsserting$CheckerAssertingImpl.check(CheckerAsserting.scala:160)
[info]   at org.scalatestplus.scalacheck.Checkers.check(Checkers.scala:371)
[info]   at org.scalatestplus.scalacheck.Checkers.check$(Checkers.scala:369)
[info]   at frameless.TypedDatasetSuite.check(TypedDatasetSuite.scala:63)
[info]   at frameless.ExplodeTests.$anonfun$new$55(ExplodeTests.scala:46)
[info]   at org.scalatest.OutcomeOf.outcomeOf(OutcomeOf.scala:85)
[info]   at org.scalatest.OutcomeOf.outcomeOf$(OutcomeOf.scala:83)
[info]   at org.scalatest.OutcomeOf$.outcomeOf(OutcomeOf.scala:104)
[info]   at org.scalatest.Transformer.apply(Transformer.scala:22)
[info]   at org.scalatest.Transformer.apply(Transformer.scala:20)
[info]   at org.scalatest.funsuite.AnyFunSuiteLike$$anon$1.apply(AnyFunSuiteLike.scala:226)
[info]   at org.scalatest.TestSuite.withFixture(TestSuite.scala:196)
[info]   at org.scalatest.TestSuite.withFixture$(TestSuite.scala:195)
[info]   at org.scalatest.funsuite.AnyFunSuite.withFixture(AnyFunSuite.scala:1564)
[info]   at org.scalatest.funsuite.AnyFunSuiteLike.invokeWithFixture$1(AnyFunSuiteLike.scala:224)
[info]   at org.scalatest.funsuite.AnyFunSuiteLike.$anonfun$runTest$1(AnyFunSuiteLike.scala:236)
[info]   at org.scalatest.SuperEngine.runTestImpl(Engine.scala:306)
[info]   at org.scalatest.funsuite.AnyFunSuiteLike.runTest(AnyFunSuiteLike.scala:236)
[info]   at org.scalatest.funsuite.AnyFunSuiteLike.runTest$(AnyFunSuiteLike.scala:218)
[info]   at org.scalatest.funsuite.AnyFunSuite.runTest(AnyFunSuite.scala:1564)
[info]   at org.scalatest.funsuite.AnyFunSuiteLike.$anonfun$runTests$1(AnyFunSuiteLike.scala:269)
[info]   at org.scalatest.SuperEngine.$anonfun$runTestsInBranch$1(Engine.scala:413)
[info]   at scala.collection.immutable.List.foreach(List.scala:334)
[info]   at org.scalatest.SuperEngine.traverseSubNodes$1(Engine.scala:401)
[info]   at org.scalatest.SuperEngine.runTestsInBranch(Engine.scala:396)
[info]   at org.scalatest.SuperEngine.runTestsImpl(Engine.scala:475)
[info]   at org.scalatest.funsuite.AnyFunSuiteLike.runTests(AnyFunSuiteLike.scala:269)
[info]   at org.scalatest.funsuite.AnyFunSuiteLike.runTests$(AnyFunSuiteLike.scala:268)
[info]   at org.scalatest.funsuite.AnyFunSuite.runTests(AnyFunSuite.scala:1564)
[info]   at org.scalatest.Suite.run(Suite.scala:1114)
[info]   at org.scalatest.Suite.run$(Suite.scala:1096)
[info]   at org.scalatest.funsuite.AnyFunSuite.org$scalatest$funsuite$AnyFunSuiteLike$$super$run(AnyFunSuite.scala:1564)
[info]   at org.scalatest.funsuite.AnyFunSuiteLike.$anonfun$run$1(AnyFunSuiteLike.scala:273)
[info]   at org.scalatest.SuperEngine.runImpl(Engine.scala:535)
[info]   at org.scalatest.funsuite.AnyFunSuiteLike.run(AnyFunSuiteLike.scala:273)
[info]   at org.scalatest.funsuite.AnyFunSuiteLike.run$(AnyFunSuiteLike.scala:272)
[info]   at frameless.TypedDatasetSuite.org$scalatest$BeforeAndAfterAll$$super$run(TypedDatasetSuite.scala:63)
[info]   at org.scalatest.BeforeAndAfterAll.liftedTree1$1(BeforeAndAfterAll.scala:213)
[info]   at org.scalatest.BeforeAndAfterAll.run(BeforeAndAfterAll.scala:210)
[info]   at org.scalatest.BeforeAndAfterAll.run$(BeforeAndAfterAll.scala:208)
[info]   at frameless.TypedDatasetSuite.run(TypedDatasetSuite.scala:63)
[info]   at org.scalatest.tools.Framework.org$scalatest$tools$Framework$$runSuite(Framework.scala:321)
[info]   at org.scalatest.tools.Framework$ScalaTestTask.execute(Framework.scala:517)
[info]   at sbt.ForkMain$Run.lambda$runTest$1(ForkMain.java:414)
[info]   at java.base/java.util.concurrent.FutureTask.run(FutureTask.java:317)
[info]   at java.base/java.util.concurrent.ThreadPoolExecutor.runWorker(ThreadPoolExecutor.java:1144)
[info]   at java.base/java.util.concurrent.ThreadPoolExecutor$Worker.run(ThreadPoolExecutor.java:642)
[info]   at java.base/java.lang.Thread.run(Thread.java:1583)
[info]   Cause: java.lang.IllegalArgumentException: argument type mismatch
[info]   at java.base/jdk.internal.reflect.DirectConstructorHandleAccessor.newInstance(DirectConstructorHandleAccessor.java:65)
[info]   at java.base/java.lang.reflect.Constructor.newInstanceWithCaller(Constructor.java:502)
[info]   at java.base/java.lang.reflect.Constructor.newInstance(Constructor.java:486)
[info]   at frameless.TypedExpressionEncoder$.$anonfun$apply$3(TypedExpressionEncoder.scala:55)
[info]   at scala.Option.map(Option.scala:242)
[info]   at frameless.TypedExpressionEncoder$.apply(TypedExpressionEncoder.scala:54)
[info]   at frameless.TypedDataset$.create(TypedDataset.scala:1325)
[info]   at frameless.ExplodeTests.prop$2(ExplodeTests.scala:38)
[info]   at frameless.ExplodeTests.$anonfun$new$72(ExplodeTests.scala:46)
[info]   at scala.Function1.$anonfun$andThen$1(Function1.scala:87)
[info]   at org.scalacheck.Prop$.$anonfun$forAllShrink$2(Prop.scala:868)
[info]   at org.scalacheck.Prop$.secure(Prop.scala:484)
[info]   at org.scalacheck.Prop$.result$1(Prop.scala:868)
[info]   at org.scalacheck.Prop$.$anonfun$forAllShrink$1(Prop.scala:915)
[info]   at org.scalacheck.Prop$.$anonfun$apply$1(Prop.scala:305)
[info]   at org.scalacheck.PropFromFun.apply(Prop.scala:20)
[info]   at org.scalacheck.Test$.workerFun$1(Test.scala:486)
[info]   at org.scalacheck.Test$.$anonfun$check$4(Test.scala:518)
[info]   at org.scalacheck.Test$.$anonfun$check$4$adapted(Test.scala:518)
[info]   at org.scalacheck.Platform$.runWorkers(Platform.scala:42)
[info]   at org.scalacheck.Test$.check(Test.scala:518)
[info]   at org.scalatestplus.scalacheck.UnitCheckerAsserting$CheckerAssertingImpl.check(CheckerAsserting.scala:90)
[info]   at org.scalatestplus.scalacheck.Checkers.check(Checkers.scala:371)
[info]   at org.scalatestplus.scalacheck.Checkers.check$(Checkers.scala:369)
[info]   at frameless.TypedDatasetSuite.check(TypedDatasetSuite.scala:63)
[info]   at frameless.ExplodeTests.$anonfun$new$55(ExplodeTests.scala:46)
[info]   at org.scalatest.OutcomeOf.outcomeOf(OutcomeOf.scala:85)
[info]   at org.scalatest.OutcomeOf.outcomeOf$(OutcomeOf.scala:83)
[info]   at org.scalatest.OutcomeOf$.outcomeOf(OutcomeOf.scala:104)
[info]   at org.scalatest.Transformer.apply(Transformer.scala:22)
[info]   at org.scalatest.Transformer.apply(Transformer.scala:20)
[info]   at org.scalatest.funsuite.AnyFunSuiteLike$$anon$1.apply(AnyFunSuiteLike.scala:226)
[info]   at org.scalatest.TestSuite.withFixture(TestSuite.scala:196)
[info]   at org.scalatest.TestSuite.withFixture$(TestSuite.scala:195)
[info]   at org.scalatest.funsuite.AnyFunSuite.withFixture(AnyFunSuite.scala:1564)
[info]   at org.scalatest.funsuite.AnyFunSuiteLike.invokeWithFixture$1(AnyFunSuiteLike.scala:224)
[info]   at org.scalatest.funsuite.AnyFunSuiteLike.$anonfun$runTest$1(AnyFunSuiteLike.scala:236)
[info]   at org.scalatest.SuperEngine.runTestImpl(Engine.scala:306)
[info]   at org.scalatest.funsuite.AnyFunSuiteLike.runTest(AnyFunSuiteLike.scala:236)
[info]   at org.scalatest.funsuite.AnyFunSuiteLike.runTest$(AnyFunSuiteLike.scala:218)
[info]   at org.scalatest.funsuite.AnyFunSuite.runTest(AnyFunSuite.scala:1564)
[info]   at org.scalatest.funsuite.AnyFunSuiteLike.$anonfun$runTests$1(AnyFunSuiteLike.scala:269)
[info]   at org.scalatest.SuperEngine.$anonfun$runTestsInBranch$1(Engine.scala:413)
[info]   at scala.collection.immutable.List.foreach(List.scala:334)
[info]   at org.scalatest.SuperEngine.traverseSubNodes$1(Engine.scala:401)
[info]   at org.scalatest.SuperEngine.runTestsInBranch(Engine.scala:396)
[info]   at org.scalatest.SuperEngine.runTestsImpl(Engine.scala:475)
[info]   at org.scalatest.funsuite.AnyFunSuiteLike.runTests(AnyFunSuiteLike.scala:269)
[info]   at org.scalatest.funsuite.AnyFunSuiteLike.runTests$(AnyFunSuiteLike.scala:268)
[info]   at org.scalatest.funsuite.AnyFunSuite.runTests(AnyFunSuite.scala:1564)
[info]   at org.scalatest.Suite.run(Suite.scala:1114)
[info]   at org.scalatest.Suite.run$(Suite.scala:1096)
[info]   at org.scalatest.funsuite.AnyFunSuite.org$scalatest$funsuite$AnyFunSuiteLike$$super$run(AnyFunSuite.scala:1564)
[info]   at org.scalatest.funsuite.AnyFunSuiteLike.$anonfun$run$1(AnyFunSuiteLike.scala:273)
[info]   at org.scalatest.SuperEngine.runImpl(Engine.scala:535)
[info]   at org.scalatest.funsuite.AnyFunSuiteLike.run(AnyFunSuiteLike.scala:273)
[info]   at org.scalatest.funsuite.AnyFunSuiteLike.run$(AnyFunSuiteLike.scala:272)
[info]   at frameless.TypedDatasetSuite.org$scalatest$BeforeAndAfterAll$$super$run(TypedDatasetSuite.scala:63)
[info]   at org.scalatest.BeforeAndAfterAll.liftedTree1$1(BeforeAndAfterAll.scala:213)
[info]   at org.scalatest.BeforeAndAfterAll.run(BeforeAndAfterAll.scala:210)
[info]   at org.scalatest.BeforeAndAfterAll.run$(BeforeAndAfterAll.scala:208)
[info]   at frameless.TypedDatasetSuite.run(TypedDatasetSuite.scala:63)
[info]   at org.scalatest.tools.Framework.org$scalatest$tools$Framework$$runSuite(Framework.scala:321)
[info]   at org.scalatest.tools.Framework$ScalaTestTask.execute(Framework.scala:517)
[info]   at sbt.ForkMain$Run.lambda$runTest$1(ForkMain.java:414)
[info]   at java.base/java.util.concurrent.FutureTask.run(FutureTask.java:317)
[info]   at java.base/java.util.concurrent.ThreadPoolExecutor.runWorker(ThreadPoolExecutor.java:1144)
[info]   at java.base/java.util.concurrent.ThreadPoolExecutor$Worker.run(ThreadPoolExecutor.java:642)
[info]   at java.base/java.lang.Thread.run(Thread.java:1583)
[info]   Cause: java.lang.ClassCastException: Cannot cast scala.reflect.ClassTag$GenericClassTag to org.apache.spark.sql.catalyst.expressions.Expression
[info]   at java.base/java.lang.Class.cast(Class.java:4067)
[info]   at java.base/jdk.internal.reflect.DirectConstructorHandleAccessor.newInstance(DirectConstructorHandleAccessor.java:62)
[info]   at java.base/java.lang.reflect.Constructor.newInstanceWithCaller(Constructor.java:502)
[info]   at java.base/java.lang.reflect.Constructor.newInstance(Constructor.java:486)
[info]   at frameless.TypedExpressionEncoder$.$anonfun$apply$3(TypedExpressionEncoder.scala:55)
[info]   at scala.Option.map(Option.scala:242)
[info]   at frameless.TypedExpressionEncoder$.apply(TypedExpressionEncoder.scala:54)
[info]   at frameless.TypedDataset$.create(TypedDataset.scala:1325)
[info]   at frameless.ExplodeTests.prop$2(ExplodeTests.scala:38)
[info]   at frameless.ExplodeTests.$anonfun$new$72(ExplodeTests.scala:46)
[info]   at scala.Function1.$anonfun$andThen$1(Function1.scala:87)
[info]   at org.scalacheck.Prop$.$anonfun$forAllShrink$2(Prop.scala:868)
[info]   at org.scalacheck.Prop$.secure(Prop.scala:484)
[info]   at org.scalacheck.Prop$.result$1(Prop.scala:868)
[info]   at org.scalacheck.Prop$.$anonfun$forAllShrink$1(Prop.scala:915)
[info]   at org.scalacheck.Prop$.$anonfun$apply$1(Prop.scala:305)
[info]   at org.scalacheck.PropFromFun.apply(Prop.scala:20)
[info]   at org.scalacheck.Test$.workerFun$1(Test.scala:486)
[info]   at org.scalacheck.Test$.$anonfun$check$4(Test.scala:518)
[info]   at org.scalacheck.Test$.$anonfun$check$4$adapted(Test.scala:518)
[info]   at org.scalacheck.Platform$.runWorkers(Platform.scala:42)
[info]   at org.scalacheck.Test$.check(Test.scala:518)
[info]   at org.scalatestplus.scalacheck.UnitCheckerAsserting$CheckerAssertingImpl.check(CheckerAsserting.scala:90)
[info]   at org.scalatestplus.scalacheck.Checkers.check(Checkers.scala:371)
[info]   at org.scalatestplus.scalacheck.Checkers.check$(Checkers.scala:369)
[info]   at frameless.TypedDatasetSuite.check(TypedDatasetSuite.scala:63)
[info]   at frameless.ExplodeTests.$anonfun$new$55(ExplodeTests.scala:46)
[info]   at org.scalatest.OutcomeOf.outcomeOf(OutcomeOf.scala:85)
[info]   at org.scalatest.OutcomeOf.outcomeOf$(OutcomeOf.scala:83)
[info]   at org.scalatest.OutcomeOf$.outcomeOf(OutcomeOf.scala:104)
[info]   at org.scalatest.Transformer.apply(Transformer.scala:22)
[info]   at org.scalatest.Transformer.apply(Transformer.scala:20)
[info]   at org.scalatest.funsuite.AnyFunSuiteLike$$anon$1.apply(AnyFunSuiteLike.scala:226)
[info]   at org.scalatest.TestSuite.withFixture(TestSuite.scala:196)
[info]   at org.scalatest.TestSuite.withFixture$(TestSuite.scala:195)
[info]   at org.scalatest.funsuite.AnyFunSuite.withFixture(AnyFunSuite.scala:1564)
[info]   at org.scalatest.funsuite.AnyFunSuiteLike.invokeWithFixture$1(AnyFunSuiteLike.scala:224)
[info]   at org.scalatest.funsuite.AnyFunSuiteLike.$anonfun$runTest$1(AnyFunSuiteLike.scala:236)
[info]   at org.scalatest.SuperEngine.runTestImpl(Engine.scala:306)
[info]   at org.scalatest.funsuite.AnyFunSuiteLike.runTest(AnyFunSuiteLike.scala:236)
[info]   at org.scalatest.funsuite.AnyFunSuiteLike.runTest$(AnyFunSuiteLike.scala:218)
[info]   at org.scalatest.funsuite.AnyFunSuite.runTest(AnyFunSuite.scala:1564)
[info]   at org.scalatest.funsuite.AnyFunSuiteLike.$anonfun$runTests$1(AnyFunSuiteLike.scala:269)
[info]   at org.scalatest.SuperEngine.$anonfun$runTestsInBranch$1(Engine.scala:413)
[info]   at scala.collection.immutable.List.foreach(List.scala:334)
[info]   at org.scalatest.SuperEngine.traverseSubNodes$1(Engine.scala:401)
[info]   at org.scalatest.SuperEngine.runTestsInBranch(Engine.scala:396)
[info]   at org.scalatest.SuperEngine.runTestsImpl(Engine.scala:475)
[info]   at org.scalatest.funsuite.AnyFunSuiteLike.runTests(AnyFunSuiteLike.scala:269)
[info]   at org.scalatest.funsuite.AnyFunSuiteLike.runTests$(AnyFunSuiteLike.scala:268)
[info]   at org.scalatest.funsuite.AnyFunSuite.runTests(AnyFunSuite.scala:1564)
[info]   at org.scalatest.Suite.run(Suite.scala:1114)
[info]   at org.scalatest.Suite.run$(Suite.scala:1096)
[info]   at org.scalatest.funsuite.AnyFunSuite.org$scalatest$funsuite$AnyFunSuiteLike$$super$run(AnyFunSuite.scala:1564)
[info]   at org.scalatest.funsuite.AnyFunSuiteLike.$anonfun$run$1(AnyFunSuiteLike.scala:273)
[info]   at org.scalatest.SuperEngine.runImpl(Engine.scala:535)
[info]   at org.scalatest.funsuite.AnyFunSuiteLike.run(AnyFunSuiteLike.scala:273)
[info]   at org.scalatest.funsuite.AnyFunSuiteLike.run$(AnyFunSuiteLike.scala:272)
[info]   at frameless.TypedDatasetSuite.org$scalatest$BeforeAndAfterAll$$super$run(TypedDatasetSuite.scala:63)
[info]   at org.scalatest.BeforeAndAfterAll.liftedTree1$1(BeforeAndAfterAll.scala:213)
[info]   at org.scalatest.BeforeAndAfterAll.run(BeforeAndAfterAll.scala:210)
[info]   at org.scalatest.BeforeAndAfterAll.run$(BeforeAndAfterAll.scala:208)
[info]   at frameless.TypedDatasetSuite.run(TypedDatasetSuite.scala:63)
[info]   at org.scalatest.tools.Framework.org$scalatest$tools$Framework$$runSuite(Framework.scala:321)
[info]   at org.scalatest.tools.Framework$ScalaTestTask.execute(Framework.scala:517)
[info]   at sbt.ForkMain$Run.lambda$runTest$1(ForkMain.java:414)
[info]   at java.base/java.util.concurrent.FutureTask.run(FutureTask.java:317)
[info]   at java.base/java.util.concurrent.ThreadPoolExecutor.runWorker(ThreadPoolExecutor.java:1144)
[info]   at java.base/java.util.concurrent.ThreadPoolExecutor$Worker.run(ThreadPoolExecutor.java:642)
[info]   at java.base/java.lang.Thread.run(Thread.java:1583)
[info] - explode on maps *** FAILED *** (5 milliseconds)
[info]   IllegalArgumentException was thrown during property evaluation.
[info]     Message: argument type mismatch
[info]     Occurred when passed generated values (
[info]       arg0 = List()
[info]     )
[info]   org.scalatest.exceptions.GeneratorDrivenPropertyCheckFailedException:
[info]   at org.scalatestplus.scalacheck.CheckerAsserting$$anon$2.indicateFailure(CheckerAsserting.scala:251)
[info]   at org.scalatestplus.scalacheck.CheckerAsserting$$anon$2.indicateFailure(CheckerAsserting.scala:238)
[info]   at org.scalatestplus.scalacheck.UnitCheckerAsserting$CheckerAssertingImpl.check(CheckerAsserting.scala:160)
[info]   at org.scalatestplus.scalacheck.Checkers.check(Checkers.scala:371)
[info]   at org.scalatestplus.scalacheck.Checkers.check$(Checkers.scala:369)
[info]   at frameless.TypedDatasetSuite.check(TypedDatasetSuite.scala:63)
[info]   at frameless.ExplodeTests.$anonfun$new$81(ExplodeTests.scala:61)
[info]   at org.scalatest.OutcomeOf.outcomeOf(OutcomeOf.scala:85)
[info]   at org.scalatest.OutcomeOf.outcomeOf$(OutcomeOf.scala:83)
[info]   at org.scalatest.OutcomeOf$.outcomeOf(OutcomeOf.scala:104)
[info]   at org.scalatest.Transformer.apply(Transformer.scala:22)
[info]   at org.scalatest.Transformer.apply(Transformer.scala:20)
[info]   at org.scalatest.funsuite.AnyFunSuiteLike$$anon$1.apply(AnyFunSuiteLike.scala:226)
[info]   at org.scalatest.TestSuite.withFixture(TestSuite.scala:196)
[info]   at org.scalatest.TestSuite.withFixture$(TestSuite.scala:195)
[info]   at org.scalatest.funsuite.AnyFunSuite.withFixture(AnyFunSuite.scala:1564)
[info]   at org.scalatest.funsuite.AnyFunSuiteLike.invokeWithFixture$1(AnyFunSuiteLike.scala:224)
[info]   at org.scalatest.funsuite.AnyFunSuiteLike.$anonfun$runTest$1(AnyFunSuiteLike.scala:236)
[info]   at org.scalatest.SuperEngine.runTestImpl(Engine.scala:306)
[info]   at org.scalatest.funsuite.AnyFunSuiteLike.runTest(AnyFunSuiteLike.scala:236)
[info]   at org.scalatest.funsuite.AnyFunSuiteLike.runTest$(AnyFunSuiteLike.scala:218)
[info]   at org.scalatest.funsuite.AnyFunSuite.runTest(AnyFunSuite.scala:1564)
[info]   at org.scalatest.funsuite.AnyFunSuiteLike.$anonfun$runTests$1(AnyFunSuiteLike.scala:269)
[info]   at org.scalatest.SuperEngine.$anonfun$runTestsInBranch$1(Engine.scala:413)
[info]   at scala.collection.immutable.List.foreach(List.scala:334)
[info]   at org.scalatest.SuperEngine.traverseSubNodes$1(Engine.scala:401)
[info]   at org.scalatest.SuperEngine.runTestsInBranch(Engine.scala:396)
[info]   at org.scalatest.SuperEngine.runTestsImpl(Engine.scala:475)
[info]   at org.scalatest.funsuite.AnyFunSuiteLike.runTests(AnyFunSuiteLike.scala:269)
[info]   at org.scalatest.funsuite.AnyFunSuiteLike.runTests$(AnyFunSuiteLike.scala:268)
[info]   at org.scalatest.funsuite.AnyFunSuite.runTests(AnyFunSuite.scala:1564)
[info]   at org.scalatest.Suite.run(Suite.scala:1114)
[info]   at org.scalatest.Suite.run$(Suite.scala:1096)
[info]   at org.scalatest.funsuite.AnyFunSuite.org$scalatest$funsuite$AnyFunSuiteLike$$super$run(AnyFunSuite.scala:1564)
[info]   at org.scalatest.funsuite.AnyFunSuiteLike.$anonfun$run$1(AnyFunSuiteLike.scala:273)
[info]   at org.scalatest.SuperEngine.runImpl(Engine.scala:535)
[info]   at org.scalatest.funsuite.AnyFunSuiteLike.run(AnyFunSuiteLike.scala:273)
[info]   at org.scalatest.funsuite.AnyFunSuiteLike.run$(AnyFunSuiteLike.scala:272)
[info]   at frameless.TypedDatasetSuite.org$scalatest$BeforeAndAfterAll$$super$run(TypedDatasetSuite.scala:63)
[info]   at org.scalatest.BeforeAndAfterAll.liftedTree1$1(BeforeAndAfterAll.scala:213)
[info]   at org.scalatest.BeforeAndAfterAll.run(BeforeAndAfterAll.scala:210)
[info]   at org.scalatest.BeforeAndAfterAll.run$(BeforeAndAfterAll.scala:208)
[info]   at frameless.TypedDatasetSuite.run(TypedDatasetSuite.scala:63)
[info]   at org.scalatest.tools.Framework.org$scalatest$tools$Framework$$runSuite(Framework.scala:321)
[info]   at org.scalatest.tools.Framework$ScalaTestTask.execute(Framework.scala:517)
[info]   at sbt.ForkMain$Run.lambda$runTest$1(ForkMain.java:414)
[info]   at java.base/java.util.concurrent.FutureTask.run(FutureTask.java:317)
[info]   at java.base/java.util.concurrent.ThreadPoolExecutor.runWorker(ThreadPoolExecutor.java:1144)
[info]   at java.base/java.util.concurrent.ThreadPoolExecutor$Worker.run(ThreadPoolExecutor.java:642)
[info]   at java.base/java.lang.Thread.run(Thread.java:1583)
[info]   Cause: java.lang.IllegalArgumentException: argument type mismatch
[info]   at java.base/jdk.internal.reflect.DirectConstructorHandleAccessor.newInstance(DirectConstructorHandleAccessor.java:65)
[info]   at java.base/java.lang.reflect.Constructor.newInstanceWithCaller(Constructor.java:502)
[info]   at java.base/java.lang.reflect.Constructor.newInstance(Constructor.java:486)
[info]   at frameless.TypedExpressionEncoder$.$anonfun$apply$3(TypedExpressionEncoder.scala:55)
[info]   at scala.Option.map(Option.scala:242)
[info]   at frameless.TypedExpressionEncoder$.apply(TypedExpressionEncoder.scala:54)
[info]   at frameless.TypedDataset$.create(TypedDataset.scala:1325)
[info]   at frameless.ExplodeTests.prop$3(ExplodeTests.scala:53)
[info]   at frameless.ExplodeTests.$anonfun$new$98(ExplodeTests.scala:61)
[info]   at scala.Function1.$anonfun$andThen$1(Function1.scala:87)
[info]   at org.scalacheck.Prop$.$anonfun$forAllShrink$2(Prop.scala:868)
[info]   at org.scalacheck.Prop$.secure(Prop.scala:484)
[info]   at org.scalacheck.Prop$.result$1(Prop.scala:868)
[info]   at org.scalacheck.Prop$.$anonfun$forAllShrink$1(Prop.scala:915)
[info]   at org.scalacheck.Prop$.$anonfun$apply$1(Prop.scala:305)
[info]   at org.scalacheck.PropFromFun.apply(Prop.scala:20)
[info]   at org.scalacheck.Test$.workerFun$1(Test.scala:486)
[info]   at org.scalacheck.Test$.$anonfun$check$4(Test.scala:518)
[info]   at org.scalacheck.Test$.$anonfun$check$4$adapted(Test.scala:518)
[info]   at org.scalacheck.Platform$.runWorkers(Platform.scala:42)
[info]   at org.scalacheck.Test$.check(Test.scala:518)
[info]   at org.scalatestplus.scalacheck.UnitCheckerAsserting$CheckerAssertingImpl.check(CheckerAsserting.scala:90)
[info]   at org.scalatestplus.scalacheck.Checkers.check(Checkers.scala:371)
[info]   at org.scalatestplus.scalacheck.Checkers.check$(Checkers.scala:369)
[info]   at frameless.TypedDatasetSuite.check(TypedDatasetSuite.scala:63)
[info]   at frameless.ExplodeTests.$anonfun$new$81(ExplodeTests.scala:61)
[info]   at org.scalatest.OutcomeOf.outcomeOf(OutcomeOf.scala:85)
[info]   at org.scalatest.OutcomeOf.outcomeOf$(OutcomeOf.scala:83)
[info]   at org.scalatest.OutcomeOf$.outcomeOf(OutcomeOf.scala:104)
[info]   at org.scalatest.Transformer.apply(Transformer.scala:22)
[info]   at org.scalatest.Transformer.apply(Transformer.scala:20)
[info]   at org.scalatest.funsuite.AnyFunSuiteLike$$anon$1.apply(AnyFunSuiteLike.scala:226)
[info]   at org.scalatest.TestSuite.withFixture(TestSuite.scala:196)
[info]   at org.scalatest.TestSuite.withFixture$(TestSuite.scala:195)
[info]   at org.scalatest.funsuite.AnyFunSuite.withFixture(AnyFunSuite.scala:1564)
[info]   at org.scalatest.funsuite.AnyFunSuiteLike.invokeWithFixture$1(AnyFunSuiteLike.scala:224)
[info]   at org.scalatest.funsuite.AnyFunSuiteLike.$anonfun$runTest$1(AnyFunSuiteLike.scala:236)
[info]   at org.scalatest.SuperEngine.runTestImpl(Engine.scala:306)
[info]   at org.scalatest.funsuite.AnyFunSuiteLike.runTest(AnyFunSuiteLike.scala:236)
[info]   at org.scalatest.funsuite.AnyFunSuiteLike.runTest$(AnyFunSuiteLike.scala:218)
[info]   at org.scalatest.funsuite.AnyFunSuite.runTest(AnyFunSuite.scala:1564)
[info]   at org.scalatest.funsuite.AnyFunSuiteLike.$anonfun$runTests$1(AnyFunSuiteLike.scala:269)
[info]   at org.scalatest.SuperEngine.$anonfun$runTestsInBranch$1(Engine.scala:413)
[info]   at scala.collection.immutable.List.foreach(List.scala:334)
[info]   at org.scalatest.SuperEngine.traverseSubNodes$1(Engine.scala:401)
[info]   at org.scalatest.SuperEngine.runTestsInBranch(Engine.scala:396)
[info]   at org.scalatest.SuperEngine.runTestsImpl(Engine.scala:475)
[info]   at org.scalatest.funsuite.AnyFunSuiteLike.runTests(AnyFunSuiteLike.scala:269)
[info]   at org.scalatest.funsuite.AnyFunSuiteLike.runTests$(AnyFunSuiteLike.scala:268)
[info]   at org.scalatest.funsuite.AnyFunSuite.runTests(AnyFunSuite.scala:1564)
[info]   at org.scalatest.Suite.run(Suite.scala:1114)
[info]   at org.scalatest.Suite.run$(Suite.scala:1096)
[info]   at org.scalatest.funsuite.AnyFunSuite.org$scalatest$funsuite$AnyFunSuiteLike$$super$run(AnyFunSuite.scala:1564)
[info]   at org.scalatest.funsuite.AnyFunSuiteLike.$anonfun$run$1(AnyFunSuiteLike.scala:273)
[info]   at org.scalatest.SuperEngine.runImpl(Engine.scala:535)
[info]   at org.scalatest.funsuite.AnyFunSuiteLike.run(AnyFunSuiteLike.scala:273)
[info]   at org.scalatest.funsuite.AnyFunSuiteLike.run$(AnyFunSuiteLike.scala:272)
[info]   at frameless.TypedDatasetSuite.org$scalatest$BeforeAndAfterAll$$super$run(TypedDatasetSuite.scala:63)
[info]   at org.scalatest.BeforeAndAfterAll.liftedTree1$1(BeforeAndAfterAll.scala:213)
[info]   at org.scalatest.BeforeAndAfterAll.run(BeforeAndAfterAll.scala:210)
[info]   at org.scalatest.BeforeAndAfterAll.run$(BeforeAndAfterAll.scala:208)
[info]   at frameless.TypedDatasetSuite.run(TypedDatasetSuite.scala:63)
[info]   at org.scalatest.tools.Framework.org$scalatest$tools$Framework$$runSuite(Framework.scala:321)
[info]   at org.scalatest.tools.Framework$ScalaTestTask.execute(Framework.scala:517)
[info]   at sbt.ForkMain$Run.lambda$runTest$1(ForkMain.java:414)
[info]   at java.base/java.util.concurrent.FutureTask.run(FutureTask.java:317)
[info]   at java.base/java.util.concurrent.ThreadPoolExecutor.runWorker(ThreadPoolExecutor.java:1144)
[info]   at java.base/java.util.concurrent.ThreadPoolExecutor$Worker.run(ThreadPoolExecutor.java:642)
[info]   at java.base/java.lang.Thread.run(Thread.java:1583)
[info]   Cause: java.lang.ClassCastException: Cannot cast scala.reflect.ClassTag$GenericClassTag to org.apache.spark.sql.catalyst.expressions.Expression
[info]   at java.base/java.lang.Class.cast(Class.java:4067)
[info]   at java.base/jdk.internal.reflect.DirectConstructorHandleAccessor.newInstance(DirectConstructorHandleAccessor.java:62)
[info]   at java.base/java.lang.reflect.Constructor.newInstanceWithCaller(Constructor.java:502)
[info]   at java.base/java.lang.reflect.Constructor.newInstance(Constructor.java:486)
[info]   at frameless.TypedExpressionEncoder$.$anonfun$apply$3(TypedExpressionEncoder.scala:55)
[info]   at scala.Option.map(Option.scala:242)
[info]   at frameless.TypedExpressionEncoder$.apply(TypedExpressionEncoder.scala:54)
[info]   at frameless.TypedDataset$.create(TypedDataset.scala:1325)
[info]   at frameless.ExplodeTests.prop$3(ExplodeTests.scala:53)
[info]   at frameless.ExplodeTests.$anonfun$new$98(ExplodeTests.scala:61)
[info]   at scala.Function1.$anonfun$andThen$1(Function1.scala:87)
[info]   at org.scalacheck.Prop$.$anonfun$forAllShrink$2(Prop.scala:868)
[info]   at org.scalacheck.Prop$.secure(Prop.scala:484)
[info]   at org.scalacheck.Prop$.result$1(Prop.scala:868)
[info]   at org.scalacheck.Prop$.$anonfun$forAllShrink$1(Prop.scala:915)
[info]   at org.scalacheck.Prop$.$anonfun$apply$1(Prop.scala:305)
[info]   at org.scalacheck.PropFromFun.apply(Prop.scala:20)
[info]   at org.scalacheck.Test$.workerFun$1(Test.scala:486)
[info]   at org.scalacheck.Test$.$anonfun$check$4(Test.scala:518)
[info]   at org.scalacheck.Test$.$anonfun$check$4$adapted(Test.scala:518)
[info]   at org.scalacheck.Platform$.runWorkers(Platform.scala:42)
[info]   at org.scalacheck.Test$.check(Test.scala:518)
[info]   at org.scalatestplus.scalacheck.UnitCheckerAsserting$CheckerAssertingImpl.check(CheckerAsserting.scala:90)
[info]   at org.scalatestplus.scalacheck.Checkers.check(Checkers.scala:371)
[info]   at org.scalatestplus.scalacheck.Checkers.check$(Checkers.scala:369)
[info]   at frameless.TypedDatasetSuite.check(TypedDatasetSuite.scala:63)
[info]   at frameless.ExplodeTests.$anonfun$new$81(ExplodeTests.scala:61)
[info]   at org.scalatest.OutcomeOf.outcomeOf(OutcomeOf.scala:85)
[info]   at org.scalatest.OutcomeOf.outcomeOf$(OutcomeOf.scala:83)
[info]   at org.scalatest.OutcomeOf$.outcomeOf(OutcomeOf.scala:104)
[info]   at org.scalatest.Transformer.apply(Transformer.scala:22)
[info]   at org.scalatest.Transformer.apply(Transformer.scala:20)
[info]   at org.scalatest.funsuite.AnyFunSuiteLike$$anon$1.apply(AnyFunSuiteLike.scala:226)
[info]   at org.scalatest.TestSuite.withFixture(TestSuite.scala:196)
[info]   at org.scalatest.TestSuite.withFixture$(TestSuite.scala:195)
[info]   at org.scalatest.funsuite.AnyFunSuite.withFixture(AnyFunSuite.scala:1564)
[info]   at org.scalatest.funsuite.AnyFunSuiteLike.invokeWithFixture$1(AnyFunSuiteLike.scala:224)
[info]   at org.scalatest.funsuite.AnyFunSuiteLike.$anonfun$runTest$1(AnyFunSuiteLike.scala:236)
[info]   at org.scalatest.SuperEngine.runTestImpl(Engine.scala:306)
[info]   at org.scalatest.funsuite.AnyFunSuiteLike.runTest(AnyFunSuiteLike.scala:236)
[info]   at org.scalatest.funsuite.AnyFunSuiteLike.runTest$(AnyFunSuiteLike.scala:218)
[info]   at org.scalatest.funsuite.AnyFunSuite.runTest(AnyFunSuite.scala:1564)
[info]   at org.scalatest.funsuite.AnyFunSuiteLike.$anonfun$runTests$1(AnyFunSuiteLike.scala:269)
[info]   at org.scalatest.SuperEngine.$anonfun$runTestsInBranch$1(Engine.scala:413)
[info]   at scala.collection.immutable.List.foreach(List.scala:334)
[info]   at org.scalatest.SuperEngine.traverseSubNodes$1(Engine.scala:401)
[info]   at org.scalatest.SuperEngine.runTestsInBranch(Engine.scala:396)
[info]   at org.scalatest.SuperEngine.runTestsImpl(Engine.scala:475)
[info]   at org.scalatest.funsuite.AnyFunSuiteLike.runTests(AnyFunSuiteLike.scala:269)
[info]   at org.scalatest.funsuite.AnyFunSuiteLike.runTests$(AnyFunSuiteLike.scala:268)
[info]   at org.scalatest.funsuite.AnyFunSuite.runTests(AnyFunSuite.scala:1564)
[info]   at org.scalatest.Suite.run(Suite.scala:1114)
[info]   at org.scalatest.Suite.run$(Suite.scala:1096)
[info]   at org.scalatest.funsuite.AnyFunSuite.org$scalatest$funsuite$AnyFunSuiteLike$$super$run(AnyFunSuite.scala:1564)
[info]   at org.scalatest.funsuite.AnyFunSuiteLike.$anonfun$run$1(AnyFunSuiteLike.scala:273)
[info]   at org.scalatest.SuperEngine.runImpl(Engine.scala:535)
[info]   at org.scalatest.funsuite.AnyFunSuiteLike.run(AnyFunSuiteLike.scala:273)
[info]   at org.scalatest.funsuite.AnyFunSuiteLike.run$(AnyFunSuiteLike.scala:272)
[info]   at frameless.TypedDatasetSuite.org$scalatest$BeforeAndAfterAll$$super$run(TypedDatasetSuite.scala:63)
[info]   at org.scalatest.BeforeAndAfterAll.liftedTree1$1(BeforeAndAfterAll.scala:213)
[info]   at org.scalatest.BeforeAndAfterAll.run(BeforeAndAfterAll.scala:210)
[info]   at org.scalatest.BeforeAndAfterAll.run$(BeforeAndAfterAll.scala:208)
[info]   at frameless.TypedDatasetSuite.run(TypedDatasetSuite.scala:63)
[info]   at org.scalatest.tools.Framework.org$scalatest$tools$Framework$$runSuite(Framework.scala:321)
[info]   at org.scalatest.tools.Framework$ScalaTestTask.execute(Framework.scala:517)
[info]   at sbt.ForkMain$Run.lambda$runTest$1(ForkMain.java:414)
[info]   at java.base/java.util.concurrent.FutureTask.run(FutureTask.java:317)
[info]   at java.base/java.util.concurrent.ThreadPoolExecutor.runWorker(ThreadPoolExecutor.java:1144)
[info]   at java.base/java.util.concurrent.ThreadPoolExecutor$Worker.run(ThreadPoolExecutor.java:642)
[info]   at java.base/java.lang.Thread.run(Thread.java:1583)
[info] - explode on maps preserving other columns *** FAILED *** (4 milliseconds)
[info]   IllegalArgumentException was thrown during property evaluation.
[info]     Message: argument type mismatch
[info]     Occurred when passed generated values (
[info]       arg0 = List()
[info]     )
[info]   org.scalatest.exceptions.GeneratorDrivenPropertyCheckFailedException:
[info]   at org.scalatestplus.scalacheck.CheckerAsserting$$anon$2.indicateFailure(CheckerAsserting.scala:251)
[info]   at org.scalatestplus.scalacheck.CheckerAsserting$$anon$2.indicateFailure(CheckerAsserting.scala:238)
[info]   at org.scalatestplus.scalacheck.UnitCheckerAsserting$CheckerAssertingImpl.check(CheckerAsserting.scala:160)
[info]   at org.scalatestplus.scalacheck.Checkers.check(Checkers.scala:371)
[info]   at org.scalatestplus.scalacheck.Checkers.check$(Checkers.scala:369)
[info]   at frameless.TypedDatasetSuite.check(TypedDatasetSuite.scala:63)
[info]   at frameless.ExplodeTests.$anonfun$new$104(ExplodeTests.scala:76)
[info]   at org.scalatest.OutcomeOf.outcomeOf(OutcomeOf.scala:85)
[info]   at org.scalatest.OutcomeOf.outcomeOf$(OutcomeOf.scala:83)
[info]   at org.scalatest.OutcomeOf$.outcomeOf(OutcomeOf.scala:104)
[info]   at org.scalatest.Transformer.apply(Transformer.scala:22)
[info]   at org.scalatest.Transformer.apply(Transformer.scala:20)
[info]   at org.scalatest.funsuite.AnyFunSuiteLike$$anon$1.apply(AnyFunSuiteLike.scala:226)
[info]   at org.scalatest.TestSuite.withFixture(TestSuite.scala:196)
[info]   at org.scalatest.TestSuite.withFixture$(TestSuite.scala:195)
[info]   at org.scalatest.funsuite.AnyFunSuite.withFixture(AnyFunSuite.scala:1564)
[info]   at org.scalatest.funsuite.AnyFunSuiteLike.invokeWithFixture$1(AnyFunSuiteLike.scala:224)
[info]   at org.scalatest.funsuite.AnyFunSuiteLike.$anonfun$runTest$1(AnyFunSuiteLike.scala:236)
[info]   at org.scalatest.SuperEngine.runTestImpl(Engine.scala:306)
[info]   at org.scalatest.funsuite.AnyFunSuiteLike.runTest(AnyFunSuiteLike.scala:236)
[info]   at org.scalatest.funsuite.AnyFunSuiteLike.runTest$(AnyFunSuiteLike.scala:218)
[info]   at org.scalatest.funsuite.AnyFunSuite.runTest(AnyFunSuite.scala:1564)
[info]   at org.scalatest.funsuite.AnyFunSuiteLike.$anonfun$runTests$1(AnyFunSuiteLike.scala:269)
[info]   at org.scalatest.SuperEngine.$anonfun$runTestsInBranch$1(Engine.scala:413)
[info]   at scala.collection.immutable.List.foreach(List.scala:334)
[info]   at org.scalatest.SuperEngine.traverseSubNodes$1(Engine.scala:401)
[info]   at org.scalatest.SuperEngine.runTestsInBranch(Engine.scala:396)
[info]   at org.scalatest.SuperEngine.runTestsImpl(Engine.scala:475)
[info]   at org.scalatest.funsuite.AnyFunSuiteLike.runTests(AnyFunSuiteLike.scala:269)
[info]   at org.scalatest.funsuite.AnyFunSuiteLike.runTests$(AnyFunSuiteLike.scala:268)
[info]   at org.scalatest.funsuite.AnyFunSuite.runTests(AnyFunSuite.scala:1564)
[info]   at org.scalatest.Suite.run(Suite.scala:1114)
[info]   at org.scalatest.Suite.run$(Suite.scala:1096)
[info]   at org.scalatest.funsuite.AnyFunSuite.org$scalatest$funsuite$AnyFunSuiteLike$$super$run(AnyFunSuite.scala:1564)
[info]   at org.scalatest.funsuite.AnyFunSuiteLike.$anonfun$run$1(AnyFunSuiteLike.scala:273)
[info]   at org.scalatest.SuperEngine.runImpl(Engine.scala:535)
[info]   at org.scalatest.funsuite.AnyFunSuiteLike.run(AnyFunSuiteLike.scala:273)
[info]   at org.scalatest.funsuite.AnyFunSuiteLike.run$(AnyFunSuiteLike.scala:272)
[info]   at frameless.TypedDatasetSuite.org$scalatest$BeforeAndAfterAll$$super$run(TypedDatasetSuite.scala:63)
[info]   at org.scalatest.BeforeAndAfterAll.liftedTree1$1(BeforeAndAfterAll.scala:213)
[info]   at org.scalatest.BeforeAndAfterAll.run(BeforeAndAfterAll.scala:210)
[info]   at org.scalatest.BeforeAndAfterAll.run$(BeforeAndAfterAll.scala:208)
[info]   at frameless.TypedDatasetSuite.run(TypedDatasetSuite.scala:63)
[info]   at org.scalatest.tools.Framework.org$scalatest$tools$Framework$$runSuite(Framework.scala:321)
[info]   at org.scalatest.tools.Framework$ScalaTestTask.execute(Framework.scala:517)
[info]   at sbt.ForkMain$Run.lambda$runTest$1(ForkMain.java:414)
[info]   at java.base/java.util.concurrent.FutureTask.run(FutureTask.java:317)
[info]   at java.base/java.util.concurrent.ThreadPoolExecutor.runWorker(ThreadPoolExecutor.java:1144)
[info]   at java.base/java.util.concurrent.ThreadPoolExecutor$Worker.run(ThreadPoolExecutor.java:642)
[info]   at java.base/java.lang.Thread.run(Thread.java:1583)
[info]   Cause: java.lang.IllegalArgumentException: argument type mismatch
[info]   at java.base/jdk.internal.reflect.DirectConstructorHandleAccessor.newInstance(DirectConstructorHandleAccessor.java:65)
[info]   at java.base/java.lang.reflect.Constructor.newInstanceWithCaller(Constructor.java:502)
[info]   at java.base/java.lang.reflect.Constructor.newInstance(Constructor.java:486)
[info]   at frameless.TypedExpressionEncoder$.$anonfun$apply$3(TypedExpressionEncoder.scala:55)
[info]   at scala.Option.map(Option.scala:242)
[info]   at frameless.TypedExpressionEncoder$.apply(TypedExpressionEncoder.scala:54)
[info]   at frameless.TypedDataset$.create(TypedDataset.scala:1325)
[info]   at frameless.ExplodeTests.prop$4(ExplodeTests.scala:68)
[info]   at frameless.ExplodeTests.$anonfun$new$121(ExplodeTests.scala:76)
[info]   at scala.Function1.$anonfun$andThen$1(Function1.scala:87)
[info]   at org.scalacheck.Prop$.$anonfun$forAllShrink$2(Prop.scala:868)
[info]   at org.scalacheck.Prop$.secure(Prop.scala:484)
[info]   at org.scalacheck.Prop$.result$1(Prop.scala:868)
[info]   at org.scalacheck.Prop$.$anonfun$forAllShrink$1(Prop.scala:915)
[info]   at org.scalacheck.Prop$.$anonfun$apply$1(Prop.scala:305)
[info]   at org.scalacheck.PropFromFun.apply(Prop.scala:20)
[info]   at org.scalacheck.Test$.workerFun$1(Test.scala:486)
[info]   at org.scalacheck.Test$.$anonfun$check$4(Test.scala:518)
[info]   at org.scalacheck.Test$.$anonfun$check$4$adapted(Test.scala:518)
[info]   at org.scalacheck.Platform$.runWorkers(Platform.scala:42)
[info]   at org.scalacheck.Test$.check(Test.scala:518)
[info]   at org.scalatestplus.scalacheck.UnitCheckerAsserting$CheckerAssertingImpl.check(CheckerAsserting.scala:90)
[info]   at org.scalatestplus.scalacheck.Checkers.check(Checkers.scala:371)
[info]   at org.scalatestplus.scalacheck.Checkers.check$(Checkers.scala:369)
[info]   at frameless.TypedDatasetSuite.check(TypedDatasetSuite.scala:63)
[info]   at frameless.ExplodeTests.$anonfun$new$104(ExplodeTests.scala:76)
[info]   at org.scalatest.OutcomeOf.outcomeOf(OutcomeOf.scala:85)
[info]   at org.scalatest.OutcomeOf.outcomeOf$(OutcomeOf.scala:83)
[info]   at org.scalatest.OutcomeOf$.outcomeOf(OutcomeOf.scala:104)
[info]   at org.scalatest.Transformer.apply(Transformer.scala:22)
[info]   at org.scalatest.Transformer.apply(Transformer.scala:20)
[info]   at org.scalatest.funsuite.AnyFunSuiteLike$$anon$1.apply(AnyFunSuiteLike.scala:226)
[info]   at org.scalatest.TestSuite.withFixture(TestSuite.scala:196)
[info]   at org.scalatest.TestSuite.withFixture$(TestSuite.scala:195)
[info]   at org.scalatest.funsuite.AnyFunSuite.withFixture(AnyFunSuite.scala:1564)
[info]   at org.scalatest.funsuite.AnyFunSuiteLike.invokeWithFixture$1(AnyFunSuiteLike.scala:224)
[info]   at org.scalatest.funsuite.AnyFunSuiteLike.$anonfun$runTest$1(AnyFunSuiteLike.scala:236)
[info]   at org.scalatest.SuperEngine.runTestImpl(Engine.scala:306)
[info]   at org.scalatest.funsuite.AnyFunSuiteLike.runTest(AnyFunSuiteLike.scala:236)
[info]   at org.scalatest.funsuite.AnyFunSuiteLike.runTest$(AnyFunSuiteLike.scala:218)
[info]   at org.scalatest.funsuite.AnyFunSuite.runTest(AnyFunSuite.scala:1564)
[info]   at org.scalatest.funsuite.AnyFunSuiteLike.$anonfun$runTests$1(AnyFunSuiteLike.scala:269)
[info]   at org.scalatest.SuperEngine.$anonfun$runTestsInBranch$1(Engine.scala:413)
[info]   at scala.collection.immutable.List.foreach(List.scala:334)
[info]   at org.scalatest.SuperEngine.traverseSubNodes$1(Engine.scala:401)
[info]   at org.scalatest.SuperEngine.runTestsInBranch(Engine.scala:396)
[info]   at org.scalatest.SuperEngine.runTestsImpl(Engine.scala:475)
[info]   at org.scalatest.funsuite.AnyFunSuiteLike.runTests(AnyFunSuiteLike.scala:269)
[info]   at org.scalatest.funsuite.AnyFunSuiteLike.runTests$(AnyFunSuiteLike.scala:268)
[info]   at org.scalatest.funsuite.AnyFunSuite.runTests(AnyFunSuite.scala:1564)
[info]   at org.scalatest.Suite.run(Suite.scala:1114)
[info]   at org.scalatest.Suite.run$(Suite.scala:1096)
[info]   at org.scalatest.funsuite.AnyFunSuite.org$scalatest$funsuite$AnyFunSuiteLike$$super$run(AnyFunSuite.scala:1564)
[info]   at org.scalatest.funsuite.AnyFunSuiteLike.$anonfun$run$1(AnyFunSuiteLike.scala:273)
[info]   at org.scalatest.SuperEngine.runImpl(Engine.scala:535)
[info]   at org.scalatest.funsuite.AnyFunSuiteLike.run(AnyFunSuiteLike.scala:273)
[info]   at org.scalatest.funsuite.AnyFunSuiteLike.run$(AnyFunSuiteLike.scala:272)
[info]   at frameless.TypedDatasetSuite.org$scalatest$BeforeAndAfterAll$$super$run(TypedDatasetSuite.scala:63)
[info]   at org.scalatest.BeforeAndAfterAll.liftedTree1$1(BeforeAndAfterAll.scala:213)
[info]   at org.scalatest.BeforeAndAfterAll.run(BeforeAndAfterAll.scala:210)
[info]   at org.scalatest.BeforeAndAfterAll.run$(BeforeAndAfterAll.scala:208)
[info]   at frameless.TypedDatasetSuite.run(TypedDatasetSuite.scala:63)
[info]   at org.scalatest.tools.Framework.org$scalatest$tools$Framework$$runSuite(Framework.scala:321)
[info]   at org.scalatest.tools.Framework$ScalaTestTask.execute(Framework.scala:517)
[info]   at sbt.ForkMain$Run.lambda$runTest$1(ForkMain.java:414)
[info]   at java.base/java.util.concurrent.FutureTask.run(FutureTask.java:317)
[info]   at java.base/java.util.concurrent.ThreadPoolExecutor.runWorker(ThreadPoolExecutor.java:1144)
[info]   at java.base/java.util.concurrent.ThreadPoolExecutor$Worker.run(ThreadPoolExecutor.java:642)
[info]   at java.base/java.lang.Thread.run(Thread.java:1583)
[info]   Cause: java.lang.ClassCastException: Cannot cast scala.reflect.ClassTag$GenericClassTag to org.apache.spark.sql.catalyst.expressions.Expression
[info]   at java.base/java.lang.Class.cast(Class.java:4067)
[info]   at java.base/jdk.internal.reflect.DirectConstructorHandleAccessor.newInstance(DirectConstructorHandleAccessor.java:62)
[info]   at java.base/java.lang.reflect.Constructor.newInstanceWithCaller(Constructor.java:502)
[info]   at java.base/java.lang.reflect.Constructor.newInstance(Constructor.java:486)
[info]   at frameless.TypedExpressionEncoder$.$anonfun$apply$3(TypedExpressionEncoder.scala:55)
[info]   at scala.Option.map(Option.scala:242)
[info]   at frameless.TypedExpressionEncoder$.apply(TypedExpressionEncoder.scala:54)
[info]   at frameless.TypedDataset$.create(TypedDataset.scala:1325)
[info]   at frameless.ExplodeTests.prop$4(ExplodeTests.scala:68)
[info]   at frameless.ExplodeTests.$anonfun$new$121(ExplodeTests.scala:76)
[info]   at scala.Function1.$anonfun$andThen$1(Function1.scala:87)
[info]   at org.scalacheck.Prop$.$anonfun$forAllShrink$2(Prop.scala:868)
[info]   at org.scalacheck.Prop$.secure(Prop.scala:484)
[info]   at org.scalacheck.Prop$.result$1(Prop.scala:868)
[info]   at org.scalacheck.Prop$.$anonfun$forAllShrink$1(Prop.scala:915)
[info]   at org.scalacheck.Prop$.$anonfun$apply$1(Prop.scala:305)
[info]   at org.scalacheck.PropFromFun.apply(Prop.scala:20)
[info]   at org.scalacheck.Test$.workerFun$1(Test.scala:486)
[info]   at org.scalacheck.Test$.$anonfun$check$4(Test.scala:518)
[info]   at org.scalacheck.Test$.$anonfun$check$4$adapted(Test.scala:518)
[info]   at org.scalacheck.Platform$.runWorkers(Platform.scala:42)
[info]   at org.scalacheck.Test$.check(Test.scala:518)
[info]   at org.scalatestplus.scalacheck.UnitCheckerAsserting$CheckerAssertingImpl.check(CheckerAsserting.scala:90)
[info]   at org.scalatestplus.scalacheck.Checkers.check(Checkers.scala:371)
[info]   at org.scalatestplus.scalacheck.Checkers.check$(Checkers.scala:369)
[info]   at frameless.TypedDatasetSuite.check(TypedDatasetSuite.scala:63)
[info]   at frameless.ExplodeTests.$anonfun$new$104(ExplodeTests.scala:76)
[info]   at org.scalatest.OutcomeOf.outcomeOf(OutcomeOf.scala:85)
[info]   at org.scalatest.OutcomeOf.outcomeOf$(OutcomeOf.scala:83)
[info]   at org.scalatest.OutcomeOf$.outcomeOf(OutcomeOf.scala:104)
[info]   at org.scalatest.Transformer.apply(Transformer.scala:22)
[info]   at org.scalatest.Transformer.apply(Transformer.scala:20)
[info]   at org.scalatest.funsuite.AnyFunSuiteLike$$anon$1.apply(AnyFunSuiteLike.scala:226)
[info]   at org.scalatest.TestSuite.withFixture(TestSuite.scala:196)
[info]   at org.scalatest.TestSuite.withFixture$(TestSuite.scala:195)
[info]   at org.scalatest.funsuite.AnyFunSuite.withFixture(AnyFunSuite.scala:1564)
[info]   at org.scalatest.funsuite.AnyFunSuiteLike.invokeWithFixture$1(AnyFunSuiteLike.scala:224)
[info]   at org.scalatest.funsuite.AnyFunSuiteLike.$anonfun$runTest$1(AnyFunSuiteLike.scala:236)
[info]   at org.scalatest.SuperEngine.runTestImpl(Engine.scala:306)
[info]   at org.scalatest.funsuite.AnyFunSuiteLike.runTest(AnyFunSuiteLike.scala:236)
[info]   at org.scalatest.funsuite.AnyFunSuiteLike.runTest$(AnyFunSuiteLike.scala:218)
[info]   at org.scalatest.funsuite.AnyFunSuite.runTest(AnyFunSuite.scala:1564)
[info]   at org.scalatest.funsuite.AnyFunSuiteLike.$anonfun$runTests$1(AnyFunSuiteLike.scala:269)
[info]   at org.scalatest.SuperEngine.$anonfun$runTestsInBranch$1(Engine.scala:413)
[info]   at scala.collection.immutable.List.foreach(List.scala:334)
[info]   at org.scalatest.SuperEngine.traverseSubNodes$1(Engine.scala:401)
[info]   at org.scalatest.SuperEngine.runTestsInBranch(Engine.scala:396)
[info]   at org.scalatest.SuperEngine.runTestsImpl(Engine.scala:475)
[info]   at org.scalatest.funsuite.AnyFunSuiteLike.runTests(AnyFunSuiteLike.scala:269)
[info]   at org.scalatest.funsuite.AnyFunSuiteLike.runTests$(AnyFunSuiteLike.scala:268)
[info]   at org.scalatest.funsuite.AnyFunSuite.runTests(AnyFunSuite.scala:1564)
[info]   at org.scalatest.Suite.run(Suite.scala:1114)
[info]   at org.scalatest.Suite.run$(Suite.scala:1096)
[info]   at org.scalatest.funsuite.AnyFunSuite.org$scalatest$funsuite$AnyFunSuiteLike$$super$run(AnyFunSuite.scala:1564)
[info]   at org.scalatest.funsuite.AnyFunSuiteLike.$anonfun$run$1(AnyFunSuiteLike.scala:273)
[info]   at org.scalatest.SuperEngine.runImpl(Engine.scala:535)
[info]   at org.scalatest.funsuite.AnyFunSuiteLike.run(AnyFunSuiteLike.scala:273)
[info]   at org.scalatest.funsuite.AnyFunSuiteLike.run$(AnyFunSuiteLike.scala:272)
[info]   at frameless.TypedDatasetSuite.org$scalatest$BeforeAndAfterAll$$super$run(TypedDatasetSuite.scala:63)
[info]   at org.scalatest.BeforeAndAfterAll.liftedTree1$1(BeforeAndAfterAll.scala:213)
[info]   at org.scalatest.BeforeAndAfterAll.run(BeforeAndAfterAll.scala:210)
[info]   at org.scalatest.BeforeAndAfterAll.run$(BeforeAndAfterAll.scala:208)
[info]   at frameless.TypedDatasetSuite.run(TypedDatasetSuite.scala:63)
[info]   at org.scalatest.tools.Framework.org$scalatest$tools$Framework$$runSuite(Framework.scala:321)
[info]   at org.scalatest.tools.Framework$ScalaTestTask.execute(Framework.scala:517)
[info]   at sbt.ForkMain$Run.lambda$runTest$1(ForkMain.java:414)
[info]   at java.base/java.util.concurrent.FutureTask.run(FutureTask.java:317)
[info]   at java.base/java.util.concurrent.ThreadPoolExecutor.runWorker(ThreadPoolExecutor.java:1144)
[info]   at java.base/java.util.concurrent.ThreadPoolExecutor$Worker.run(ThreadPoolExecutor.java:642)
[info]   at java.base/java.lang.Thread.run(Thread.java:1583)
[info] - explode on maps making sure no key / value naming collision happens *** FAILED *** (6 milliseconds)
[info]   IllegalArgumentException was thrown during property evaluation.
[info]     Message: argument type mismatch
[info]     Occurred when passed generated values (
[info]       arg0 = List()
[info]     )
[info]   org.scalatest.exceptions.GeneratorDrivenPropertyCheckFailedException:
[info]   at org.scalatestplus.scalacheck.CheckerAsserting$$anon$2.indicateFailure(CheckerAsserting.scala:251)
[info]   at org.scalatestplus.scalacheck.CheckerAsserting$$anon$2.indicateFailure(CheckerAsserting.scala:238)
[info]   at org.scalatestplus.scalacheck.UnitCheckerAsserting$CheckerAssertingImpl.check(CheckerAsserting.scala:160)
[info]   at org.scalatestplus.scalacheck.Checkers.check(Checkers.scala:371)
[info]   at org.scalatestplus.scalacheck.Checkers.check$(Checkers.scala:369)
[info]   at frameless.TypedDatasetSuite.check(TypedDatasetSuite.scala:63)
[info]   at frameless.ExplodeTests.$anonfun$new$127(ExplodeTests.scala:91)
[info]   at org.scalatest.OutcomeOf.outcomeOf(OutcomeOf.scala:85)
[info]   at org.scalatest.OutcomeOf.outcomeOf$(OutcomeOf.scala:83)
[info]   at org.scalatest.OutcomeOf$.outcomeOf(OutcomeOf.scala:104)
[info]   at org.scalatest.Transformer.apply(Transformer.scala:22)
[info]   at org.scalatest.Transformer.apply(Transformer.scala:20)
[info]   at org.scalatest.funsuite.AnyFunSuiteLike$$anon$1.apply(AnyFunSuiteLike.scala:226)
[info]   at org.scalatest.TestSuite.withFixture(TestSuite.scala:196)
[info]   at org.scalatest.TestSuite.withFixture$(TestSuite.scala:195)
[info]   at org.scalatest.funsuite.AnyFunSuite.withFixture(AnyFunSuite.scala:1564)
[info]   at org.scalatest.funsuite.AnyFunSuiteLike.invokeWithFixture$1(AnyFunSuiteLike.scala:224)
[info]   at org.scalatest.funsuite.AnyFunSuiteLike.$anonfun$runTest$1(AnyFunSuiteLike.scala:236)
[info]   at org.scalatest.SuperEngine.runTestImpl(Engine.scala:306)
[info]   at org.scalatest.funsuite.AnyFunSuiteLike.runTest(AnyFunSuiteLike.scala:236)
[info]   at org.scalatest.funsuite.AnyFunSuiteLike.runTest$(AnyFunSuiteLike.scala:218)
[info]   at org.scalatest.funsuite.AnyFunSuite.runTest(AnyFunSuite.scala:1564)
[info]   at org.scalatest.funsuite.AnyFunSuiteLike.$anonfun$runTests$1(AnyFunSuiteLike.scala:269)
[info]   at org.scalatest.SuperEngine.$anonfun$runTestsInBranch$1(Engine.scala:413)
[info]   at scala.collection.immutable.List.foreach(List.scala:334)
[info]   at org.scalatest.SuperEngine.traverseSubNodes$1(Engine.scala:401)
[info]   at org.scalatest.SuperEngine.runTestsInBranch(Engine.scala:396)
[info]   at org.scalatest.SuperEngine.runTestsImpl(Engine.scala:475)
[info]   at org.scalatest.funsuite.AnyFunSuiteLike.runTests(AnyFunSuiteLike.scala:269)
[info]   at org.scalatest.funsuite.AnyFunSuiteLike.runTests$(AnyFunSuiteLike.scala:268)
[info]   at org.scalatest.funsuite.AnyFunSuite.runTests(AnyFunSuite.scala:1564)
[info]   at org.scalatest.Suite.run(Suite.scala:1114)
[info]   at org.scalatest.Suite.run$(Suite.scala:1096)
[info]   at org.scalatest.funsuite.AnyFunSuite.org$scalatest$funsuite$AnyFunSuiteLike$$super$run(AnyFunSuite.scala:1564)
[info]   at org.scalatest.funsuite.AnyFunSuiteLike.$anonfun$run$1(AnyFunSuiteLike.scala:273)
[info]   at org.scalatest.SuperEngine.runImpl(Engine.scala:535)
[info]   at org.scalatest.funsuite.AnyFunSuiteLike.run(AnyFunSuiteLike.scala:273)
[info]   at org.scalatest.funsuite.AnyFunSuiteLike.run$(AnyFunSuiteLike.scala:272)
[info]   at frameless.TypedDatasetSuite.org$scalatest$BeforeAndAfterAll$$super$run(TypedDatasetSuite.scala:63)
[info]   at org.scalatest.BeforeAndAfterAll.liftedTree1$1(BeforeAndAfterAll.scala:213)
[info]   at org.scalatest.BeforeAndAfterAll.run(BeforeAndAfterAll.scala:210)
[info]   at org.scalatest.BeforeAndAfterAll.run$(BeforeAndAfterAll.scala:208)
[info]   at frameless.TypedDatasetSuite.run(TypedDatasetSuite.scala:63)
[info]   at org.scalatest.tools.Framework.org$scalatest$tools$Framework$$runSuite(Framework.scala:321)
[info]   at org.scalatest.tools.Framework$ScalaTestTask.execute(Framework.scala:517)
[info]   at sbt.ForkMain$Run.lambda$runTest$1(ForkMain.java:414)
[info]   at java.base/java.util.concurrent.FutureTask.run(FutureTask.java:317)
[info]   at java.base/java.util.concurrent.ThreadPoolExecutor.runWorker(ThreadPoolExecutor.java:1144)
[info]   at java.base/java.util.concurrent.ThreadPoolExecutor$Worker.run(ThreadPoolExecutor.java:642)
[info]   at java.base/java.lang.Thread.run(Thread.java:1583)
[info]   Cause: java.lang.IllegalArgumentException: argument type mismatch
[info]   at java.base/jdk.internal.reflect.DirectConstructorHandleAccessor.newInstance(DirectConstructorHandleAccessor.java:65)
[info]   at java.base/java.lang.reflect.Constructor.newInstanceWithCaller(Constructor.java:502)
[info]   at java.base/java.lang.reflect.Constructor.newInstance(Constructor.java:486)
[info]   at frameless.TypedExpressionEncoder$.$anonfun$apply$3(TypedExpressionEncoder.scala:55)
[info]   at scala.Option.map(Option.scala:242)
[info]   at frameless.TypedExpressionEncoder$.apply(TypedExpressionEncoder.scala:54)
[info]   at frameless.TypedDataset$.create(TypedDataset.scala:1325)
[info]   at frameless.ExplodeTests.prop$5(ExplodeTests.scala:83)
[info]   at frameless.ExplodeTests.$anonfun$new$144(ExplodeTests.scala:91)
[info]   at scala.Function1.$anonfun$andThen$1(Function1.scala:87)
[info]   at org.scalacheck.Prop$.$anonfun$forAllShrink$2(Prop.scala:868)
[info]   at org.scalacheck.Prop$.secure(Prop.scala:484)
[info]   at org.scalacheck.Prop$.result$1(Prop.scala:868)
[info]   at org.scalacheck.Prop$.$anonfun$forAllShrink$1(Prop.scala:915)
[info]   at org.scalacheck.Prop$.$anonfun$apply$1(Prop.scala:305)
[info]   at org.scalacheck.PropFromFun.apply(Prop.scala:20)
[info]   at org.scalacheck.Test$.workerFun$1(Test.scala:486)
[info]   at org.scalacheck.Test$.$anonfun$check$4(Test.scala:518)
[info]   at org.scalacheck.Test$.$anonfun$check$4$adapted(Test.scala:518)
[info]   at org.scalacheck.Platform$.runWorkers(Platform.scala:42)
[info]   at org.scalacheck.Test$.check(Test.scala:518)
[info]   at org.scalatestplus.scalacheck.UnitCheckerAsserting$CheckerAssertingImpl.check(CheckerAsserting.scala:90)
[info]   at org.scalatestplus.scalacheck.Checkers.check(Checkers.scala:371)
[info]   at org.scalatestplus.scalacheck.Checkers.check$(Checkers.scala:369)
[info]   at frameless.TypedDatasetSuite.check(TypedDatasetSuite.scala:63)
[info]   at frameless.ExplodeTests.$anonfun$new$127(ExplodeTests.scala:91)
[info]   at org.scalatest.OutcomeOf.outcomeOf(OutcomeOf.scala:85)
[info]   at org.scalatest.OutcomeOf.outcomeOf$(OutcomeOf.scala:83)
[info]   at org.scalatest.OutcomeOf$.outcomeOf(OutcomeOf.scala:104)
[info]   at org.scalatest.Transformer.apply(Transformer.scala:22)
[info]   at org.scalatest.Transformer.apply(Transformer.scala:20)
[info]   at org.scalatest.funsuite.AnyFunSuiteLike$$anon$1.apply(AnyFunSuiteLike.scala:226)
[info]   at org.scalatest.TestSuite.withFixture(TestSuite.scala:196)
[info]   at org.scalatest.TestSuite.withFixture$(TestSuite.scala:195)
[info]   at org.scalatest.funsuite.AnyFunSuite.withFixture(AnyFunSuite.scala:1564)
[info]   at org.scalatest.funsuite.AnyFunSuiteLike.invokeWithFixture$1(AnyFunSuiteLike.scala:224)
[info]   at org.scalatest.funsuite.AnyFunSuiteLike.$anonfun$runTest$1(AnyFunSuiteLike.scala:236)
[info]   at org.scalatest.SuperEngine.runTestImpl(Engine.scala:306)
[info]   at org.scalatest.funsuite.AnyFunSuiteLike.runTest(AnyFunSuiteLike.scala:236)
[info]   at org.scalatest.funsuite.AnyFunSuiteLike.runTest$(AnyFunSuiteLike.scala:218)
[info]   at org.scalatest.funsuite.AnyFunSuite.runTest(AnyFunSuite.scala:1564)
[info]   at org.scalatest.funsuite.AnyFunSuiteLike.$anonfun$runTests$1(AnyFunSuiteLike.scala:269)
[info]   at org.scalatest.SuperEngine.$anonfun$runTestsInBranch$1(Engine.scala:413)
[info]   at scala.collection.immutable.List.foreach(List.scala:334)
[info]   at org.scalatest.SuperEngine.traverseSubNodes$1(Engine.scala:401)
[info]   at org.scalatest.SuperEngine.runTestsInBranch(Engine.scala:396)
[info]   at org.scalatest.SuperEngine.runTestsImpl(Engine.scala:475)
[info]   at org.scalatest.funsuite.AnyFunSuiteLike.runTests(AnyFunSuiteLike.scala:269)
[info]   at org.scalatest.funsuite.AnyFunSuiteLike.runTests$(AnyFunSuiteLike.scala:268)
[info]   at org.scalatest.funsuite.AnyFunSuite.runTests(AnyFunSuite.scala:1564)
[info]   at org.scalatest.Suite.run(Suite.scala:1114)
[info]   at org.scalatest.Suite.run$(Suite.scala:1096)
[info]   at org.scalatest.funsuite.AnyFunSuite.org$scalatest$funsuite$AnyFunSuiteLike$$super$run(AnyFunSuite.scala:1564)
[info]   at org.scalatest.funsuite.AnyFunSuiteLike.$anonfun$run$1(AnyFunSuiteLike.scala:273)
[info]   at org.scalatest.SuperEngine.runImpl(Engine.scala:535)
[info]   at org.scalatest.funsuite.AnyFunSuiteLike.run(AnyFunSuiteLike.scala:273)
[info]   at org.scalatest.funsuite.AnyFunSuiteLike.run$(AnyFunSuiteLike.scala:272)
[info]   at frameless.TypedDatasetSuite.org$scalatest$BeforeAndAfterAll$$super$run(TypedDatasetSuite.scala:63)
[info]   at org.scalatest.BeforeAndAfterAll.liftedTree1$1(BeforeAndAfterAll.scala:213)
[info]   at org.scalatest.BeforeAndAfterAll.run(BeforeAndAfterAll.scala:210)
[info]   at org.scalatest.BeforeAndAfterAll.run$(BeforeAndAfterAll.scala:208)
[info]   at frameless.TypedDatasetSuite.run(TypedDatasetSuite.scala:63)
[info]   at org.scalatest.tools.Framework.org$scalatest$tools$Framework$$runSuite(Framework.scala:321)
[info]   at org.scalatest.tools.Framework$ScalaTestTask.execute(Framework.scala:517)
[info]   at sbt.ForkMain$Run.lambda$runTest$1(ForkMain.java:414)
[info]   at java.base/java.util.concurrent.FutureTask.run(FutureTask.java:317)
[info]   at java.base/java.util.concurrent.ThreadPoolExecutor.runWorker(ThreadPoolExecutor.java:1144)
[info]   at java.base/java.util.concurrent.ThreadPoolExecutor$Worker.run(ThreadPoolExecutor.java:642)
[info]   at java.base/java.lang.Thread.run(Thread.java:1583)
[info]   Cause: java.lang.ClassCastException: Cannot cast scala.reflect.ClassTag$GenericClassTag to org.apache.spark.sql.catalyst.expressions.Expression
[info]   at java.base/java.lang.Class.cast(Class.java:4067)
[info]   at java.base/jdk.internal.reflect.DirectConstructorHandleAccessor.newInstance(DirectConstructorHandleAccessor.java:62)
[info]   at java.base/java.lang.reflect.Constructor.newInstanceWithCaller(Constructor.java:502)
[info]   at java.base/java.lang.reflect.Constructor.newInstance(Constructor.java:486)
[info]   at frameless.TypedExpressionEncoder$.$anonfun$apply$3(TypedExpressionEncoder.scala:55)
[info]   at scala.Option.map(Option.scala:242)
[info]   at frameless.TypedExpressionEncoder$.apply(TypedExpressionEncoder.scala:54)
[info]   at frameless.TypedDataset$.create(TypedDataset.scala:1325)
[info]   at frameless.ExplodeTests.prop$5(ExplodeTests.scala:83)
[info]   at frameless.ExplodeTests.$anonfun$new$144(ExplodeTests.scala:91)
[info]   at scala.Function1.$anonfun$andThen$1(Function1.scala:87)
[info]   at org.scalacheck.Prop$.$anonfun$forAllShrink$2(Prop.scala:868)
[info]   at org.scalacheck.Prop$.secure(Prop.scala:484)
[info]   at org.scalacheck.Prop$.result$1(Prop.scala:868)
[info]   at org.scalacheck.Prop$.$anonfun$forAllShrink$1(Prop.scala:915)
[info]   at org.scalacheck.Prop$.$anonfun$apply$1(Prop.scala:305)
[info]   at org.scalacheck.PropFromFun.apply(Prop.scala:20)
[info]   at org.scalacheck.Test$.workerFun$1(Test.scala:486)
[info]   at org.scalacheck.Test$.$anonfun$check$4(Test.scala:518)
[info]   at org.scalacheck.Test$.$anonfun$check$4$adapted(Test.scala:518)
[info]   at org.scalacheck.Platform$.runWorkers(Platform.scala:42)
[info]   at org.scalacheck.Test$.check(Test.scala:518)
[info]   at org.scalatestplus.scalacheck.UnitCheckerAsserting$CheckerAssertingImpl.check(CheckerAsserting.scala:90)
[info]   at org.scalatestplus.scalacheck.Checkers.check(Checkers.scala:371)
[info]   at org.scalatestplus.scalacheck.Checkers.check$(Checkers.scala:369)
[info]   at frameless.TypedDatasetSuite.check(TypedDatasetSuite.scala:63)
[info]   at frameless.ExplodeTests.$anonfun$new$127(ExplodeTests.scala:91)
[info]   at org.scalatest.OutcomeOf.outcomeOf(OutcomeOf.scala:85)
[info]   at org.scalatest.OutcomeOf.outcomeOf$(OutcomeOf.scala:83)
[info]   at org.scalatest.OutcomeOf$.outcomeOf(OutcomeOf.scala:104)
[info]   at org.scalatest.Transformer.apply(Transformer.scala:22)
[info]   at org.scalatest.Transformer.apply(Transformer.scala:20)
[info]   at org.scalatest.funsuite.AnyFunSuiteLike$$anon$1.apply(AnyFunSuiteLike.scala:226)
[info]   at org.scalatest.TestSuite.withFixture(TestSuite.scala:196)
[info]   at org.scalatest.TestSuite.withFixture$(TestSuite.scala:195)
[info]   at org.scalatest.funsuite.AnyFunSuite.withFixture(AnyFunSuite.scala:1564)
[info]   at org.scalatest.funsuite.AnyFunSuiteLike.invokeWithFixture$1(AnyFunSuiteLike.scala:224)
[info]   at org.scalatest.funsuite.AnyFunSuiteLike.$anonfun$runTest$1(AnyFunSuiteLike.scala:236)
[info]   at org.scalatest.SuperEngine.runTestImpl(Engine.scala:306)
[info]   at org.scalatest.funsuite.AnyFunSuiteLike.runTest(AnyFunSuiteLike.scala:236)
[info]   at org.scalatest.funsuite.AnyFunSuiteLike.runTest$(AnyFunSuiteLike.scala:218)
[info]   at org.scalatest.funsuite.AnyFunSuite.runTest(AnyFunSuite.scala:1564)
[info]   at org.scalatest.funsuite.AnyFunSuiteLike.$anonfun$runTests$1(AnyFunSuiteLike.scala:269)
[info]   at org.scalatest.SuperEngine.$anonfun$runTestsInBranch$1(Engine.scala:413)
[info]   at scala.collection.immutable.List.foreach(List.scala:334)
[info]   at org.scalatest.SuperEngine.traverseSubNodes$1(Engine.scala:401)
[info]   at org.scalatest.SuperEngine.runTestsInBranch(Engine.scala:396)
[info]   at org.scalatest.SuperEngine.runTestsImpl(Engine.scala:475)
[info]   at org.scalatest.funsuite.AnyFunSuiteLike.runTests(AnyFunSuiteLike.scala:269)
[info]   at org.scalatest.funsuite.AnyFunSuiteLike.runTests$(AnyFunSuiteLike.scala:268)
[info]   at org.scalatest.funsuite.AnyFunSuite.runTests(AnyFunSuite.scala:1564)
[info]   at org.scalatest.Suite.run(Suite.scala:1114)
[info]   at org.scalatest.Suite.run$(Suite.scala:1096)
[info]   at org.scalatest.funsuite.AnyFunSuite.org$scalatest$funsuite$AnyFunSuiteLike$$super$run(AnyFunSuite.scala:1564)
[info]   at org.scalatest.funsuite.AnyFunSuiteLike.$anonfun$run$1(AnyFunSuiteLike.scala:273)
[info]   at org.scalatest.SuperEngine.runImpl(Engine.scala:535)
[info]   at org.scalatest.funsuite.AnyFunSuiteLike.run(AnyFunSuiteLike.scala:273)
[info]   at org.scalatest.funsuite.AnyFunSuiteLike.run$(AnyFunSuiteLike.scala:272)
[info]   at frameless.TypedDatasetSuite.org$scalatest$BeforeAndAfterAll$$super$run(TypedDatasetSuite.scala:63)
[info]   at org.scalatest.BeforeAndAfterAll.liftedTree1$1(BeforeAndAfterAll.scala:213)
[info]   at org.scalatest.BeforeAndAfterAll.run(BeforeAndAfterAll.scala:210)
[info]   at org.scalatest.BeforeAndAfterAll.run$(BeforeAndAfterAll.scala:208)
[info]   at frameless.TypedDatasetSuite.run(TypedDatasetSuite.scala:63)
[info]   at org.scalatest.tools.Framework.org$scalatest$tools$Framework$$runSuite(Framework.scala:321)
[info]   at org.scalatest.tools.Framework$ScalaTestTask.execute(Framework.scala:517)
[info]   at sbt.ForkMain$Run.lambda$runTest$1(ForkMain.java:414)
[info]   at java.base/java.util.concurrent.FutureTask.run(FutureTask.java:317)
[info]   at java.base/java.util.concurrent.ThreadPoolExecutor.runWorker(ThreadPoolExecutor.java:1144)
[info]   at java.base/java.util.concurrent.ThreadPoolExecutor$Worker.run(ThreadPoolExecutor.java:642)
[info]   at java.base/java.lang.Thread.run(Thread.java:1583)
[info] StorageLevelTests:
[info] - storageLevel *** FAILED *** (2 milliseconds)
[info]   IllegalArgumentException was thrown during property evaluation.
[info]     Message: argument type mismatch
[info]     Occurred when passed generated values (
[info]       arg0 = Vector(),
[info]       arg1 = StorageLevel(disk, memory, deserialized, 1 replicas)
[info]     )
[info]   org.scalatest.exceptions.GeneratorDrivenPropertyCheckFailedException:
[info]   at org.scalatestplus.scalacheck.CheckerAsserting$$anon$2.indicateFailure(CheckerAsserting.scala:251)
[info]   at org.scalatestplus.scalacheck.CheckerAsserting$$anon$2.indicateFailure(CheckerAsserting.scala:238)
[info]   at org.scalatestplus.scalacheck.UnitCheckerAsserting$CheckerAssertingImpl.check(CheckerAsserting.scala:160)
[info]   at org.scalatestplus.scalacheck.Checkers.check(Checkers.scala:371)
[info]   at org.scalatestplus.scalacheck.Checkers.check$(Checkers.scala:369)
[info]   at frameless.TypedDatasetSuite.check(TypedDatasetSuite.scala:63)
[info]   at frameless.StorageLevelTests.$anonfun$new$1(StorageLevelTests.scala:26)
[info]   at org.scalatest.OutcomeOf.outcomeOf(OutcomeOf.scala:85)
[info]   at org.scalatest.OutcomeOf.outcomeOf$(OutcomeOf.scala:83)
[info]   at org.scalatest.OutcomeOf$.outcomeOf(OutcomeOf.scala:104)
[info]   at org.scalatest.Transformer.apply(Transformer.scala:22)
[info]   at org.scalatest.Transformer.apply(Transformer.scala:20)
[info]   at org.scalatest.funsuite.AnyFunSuiteLike$$anon$1.apply(AnyFunSuiteLike.scala:226)
[info]   at org.scalatest.TestSuite.withFixture(TestSuite.scala:196)
[info]   at org.scalatest.TestSuite.withFixture$(TestSuite.scala:195)
[info]   at org.scalatest.funsuite.AnyFunSuite.withFixture(AnyFunSuite.scala:1564)
[info]   at org.scalatest.funsuite.AnyFunSuiteLike.invokeWithFixture$1(AnyFunSuiteLike.scala:224)
[info]   at org.scalatest.funsuite.AnyFunSuiteLike.$anonfun$runTest$1(AnyFunSuiteLike.scala:236)
[info]   at org.scalatest.SuperEngine.runTestImpl(Engine.scala:306)
[info]   at org.scalatest.funsuite.AnyFunSuiteLike.runTest(AnyFunSuiteLike.scala:236)
[info]   at org.scalatest.funsuite.AnyFunSuiteLike.runTest$(AnyFunSuiteLike.scala:218)
[info]   at org.scalatest.funsuite.AnyFunSuite.runTest(AnyFunSuite.scala:1564)
[info]   at org.scalatest.funsuite.AnyFunSuiteLike.$anonfun$runTests$1(AnyFunSuiteLike.scala:269)
[info]   at org.scalatest.SuperEngine.$anonfun$runTestsInBranch$1(Engine.scala:413)
[info]   at scala.collection.immutable.List.foreach(List.scala:334)
[info]   at org.scalatest.SuperEngine.traverseSubNodes$1(Engine.scala:401)
[info]   at org.scalatest.SuperEngine.runTestsInBranch(Engine.scala:396)
[info]   at org.scalatest.SuperEngine.runTestsImpl(Engine.scala:475)
[info]   at org.scalatest.funsuite.AnyFunSuiteLike.runTests(AnyFunSuiteLike.scala:269)
[info]   at org.scalatest.funsuite.AnyFunSuiteLike.runTests$(AnyFunSuiteLike.scala:268)
[info]   at org.scalatest.funsuite.AnyFunSuite.runTests(AnyFunSuite.scala:1564)
[info]   at org.scalatest.Suite.run(Suite.scala:1114)
[info]   at org.scalatest.Suite.run$(Suite.scala:1096)
[info]   at org.scalatest.funsuite.AnyFunSuite.org$scalatest$funsuite$AnyFunSuiteLike$$super$run(AnyFunSuite.scala:1564)
[info]   at org.scalatest.funsuite.AnyFunSuiteLike.$anonfun$run$1(AnyFunSuiteLike.scala:273)
[info]   at org.scalatest.SuperEngine.runImpl(Engine.scala:535)
[info]   at org.scalatest.funsuite.AnyFunSuiteLike.run(AnyFunSuiteLike.scala:273)
[info]   at org.scalatest.funsuite.AnyFunSuiteLike.run$(AnyFunSuiteLike.scala:272)
[info]   at frameless.TypedDatasetSuite.org$scalatest$BeforeAndAfterAll$$super$run(TypedDatasetSuite.scala:63)
[info]   at org.scalatest.BeforeAndAfterAll.liftedTree1$1(BeforeAndAfterAll.scala:213)
[info]   at org.scalatest.BeforeAndAfterAll.run(BeforeAndAfterAll.scala:210)
[info]   at org.scalatest.BeforeAndAfterAll.run$(BeforeAndAfterAll.scala:208)
[info]   at frameless.TypedDatasetSuite.run(TypedDatasetSuite.scala:63)
[info]   at org.scalatest.tools.Framework.org$scalatest$tools$Framework$$runSuite(Framework.scala:321)
[info]   at org.scalatest.tools.Framework$ScalaTestTask.execute(Framework.scala:517)
[info]   at sbt.ForkMain$Run.lambda$runTest$1(ForkMain.java:414)
[info]   at java.base/java.util.concurrent.FutureTask.run(FutureTask.java:317)
[info]   at java.base/java.util.concurrent.ThreadPoolExecutor.runWorker(ThreadPoolExecutor.java:1144)
[info]   at java.base/java.util.concurrent.ThreadPoolExecutor$Worker.run(ThreadPoolExecutor.java:642)
[info]   at java.base/java.lang.Thread.run(Thread.java:1583)
[info]   Cause: java.lang.IllegalArgumentException: argument type mismatch
[info]   at java.base/jdk.internal.reflect.DirectConstructorHandleAccessor.newInstance(DirectConstructorHandleAccessor.java:65)
[info]   at java.base/java.lang.reflect.Constructor.newInstanceWithCaller(Constructor.java:502)
[info]   at java.base/java.lang.reflect.Constructor.newInstance(Constructor.java:486)
[info]   at frameless.TypedExpressionEncoder$.$anonfun$apply$3(TypedExpressionEncoder.scala:55)
[info]   at scala.Option.map(Option.scala:242)
[info]   at frameless.TypedExpressionEncoder$.apply(TypedExpressionEncoder.scala:54)
[info]   at frameless.TypedDataset$.create(TypedDataset.scala:1325)
[info]   at frameless.StorageLevelTests.$anonfun$new$2(StorageLevelTests.scala:17)
[info]   at org.scalacheck.Prop$.$anonfun$forAll$3(Prop.scala:949)
[info]   at org.scalacheck.Prop$.$anonfun$forAllShrink$2(Prop.scala:868)
[info]   at org.scalacheck.Prop$.secure(Prop.scala:484)
[info]   at org.scalacheck.Prop$.result$1(Prop.scala:868)
[info]   at org.scalacheck.Prop$.$anonfun$forAllShrink$1(Prop.scala:915)
[info]   at org.scalacheck.Prop$.$anonfun$apply$1(Prop.scala:305)
[info]   at org.scalacheck.PropFromFun.apply(Prop.scala:20)
[info]   at org.scalacheck.Prop$.result$1(Prop.scala:869)
[info]   at org.scalacheck.Prop$.$anonfun$forAllShrink$1(Prop.scala:915)
[info]   at org.scalacheck.Prop$.$anonfun$apply$1(Prop.scala:305)
[info]   at org.scalacheck.PropFromFun.apply(Prop.scala:20)
[info]   at org.scalacheck.Test$.workerFun$1(Test.scala:486)
[info]   at org.scalacheck.Test$.$anonfun$check$4(Test.scala:518)
[info]   at org.scalacheck.Test$.$anonfun$check$4$adapted(Test.scala:518)
[info]   at org.scalacheck.Platform$.runWorkers(Platform.scala:42)
[info]   at org.scalacheck.Test$.check(Test.scala:518)
[info]   at org.scalatestplus.scalacheck.UnitCheckerAsserting$CheckerAssertingImpl.check(CheckerAsserting.scala:90)
[info]   at org.scalatestplus.scalacheck.Checkers.check(Checkers.scala:371)
[info]   at org.scalatestplus.scalacheck.Checkers.check$(Checkers.scala:369)
[info]   at frameless.TypedDatasetSuite.check(TypedDatasetSuite.scala:63)
[info]   at frameless.StorageLevelTests.$anonfun$new$1(StorageLevelTests.scala:26)
[info]   at org.scalatest.OutcomeOf.outcomeOf(OutcomeOf.scala:85)
[info]   at org.scalatest.OutcomeOf.outcomeOf$(OutcomeOf.scala:83)
[info]   at org.scalatest.OutcomeOf$.outcomeOf(OutcomeOf.scala:104)
[info]   at org.scalatest.Transformer.apply(Transformer.scala:22)
[info]   at org.scalatest.Transformer.apply(Transformer.scala:20)
[info]   at org.scalatest.funsuite.AnyFunSuiteLike$$anon$1.apply(AnyFunSuiteLike.scala:226)
[info]   at org.scalatest.TestSuite.withFixture(TestSuite.scala:196)
[info]   at org.scalatest.TestSuite.withFixture$(TestSuite.scala:195)
[info]   at org.scalatest.funsuite.AnyFunSuite.withFixture(AnyFunSuite.scala:1564)
[info]   at org.scalatest.funsuite.AnyFunSuiteLike.invokeWithFixture$1(AnyFunSuiteLike.scala:224)
[info]   at org.scalatest.funsuite.AnyFunSuiteLike.$anonfun$runTest$1(AnyFunSuiteLike.scala:236)
[info]   at org.scalatest.SuperEngine.runTestImpl(Engine.scala:306)
[info]   at org.scalatest.funsuite.AnyFunSuiteLike.runTest(AnyFunSuiteLike.scala:236)
[info]   at org.scalatest.funsuite.AnyFunSuiteLike.runTest$(AnyFunSuiteLike.scala:218)
[info]   at org.scalatest.funsuite.AnyFunSuite.runTest(AnyFunSuite.scala:1564)
[info]   at org.scalatest.funsuite.AnyFunSuiteLike.$anonfun$runTests$1(AnyFunSuiteLike.scala:269)
[info]   at org.scalatest.SuperEngine.$anonfun$runTestsInBranch$1(Engine.scala:413)
[info]   at scala.collection.immutable.List.foreach(List.scala:334)
[info]   at org.scalatest.SuperEngine.traverseSubNodes$1(Engine.scala:401)
[info]   at org.scalatest.SuperEngine.runTestsInBranch(Engine.scala:396)
[info]   at org.scalatest.SuperEngine.runTestsImpl(Engine.scala:475)
[info]   at org.scalatest.funsuite.AnyFunSuiteLike.runTests(AnyFunSuiteLike.scala:269)
[info]   at org.scalatest.funsuite.AnyFunSuiteLike.runTests$(AnyFunSuiteLike.scala:268)
[info]   at org.scalatest.funsuite.AnyFunSuite.runTests(AnyFunSuite.scala:1564)
[info]   at org.scalatest.Suite.run(Suite.scala:1114)
[info]   at org.scalatest.Suite.run$(Suite.scala:1096)
[info]   at org.scalatest.funsuite.AnyFunSuite.org$scalatest$funsuite$AnyFunSuiteLike$$super$run(AnyFunSuite.scala:1564)
[info]   at org.scalatest.funsuite.AnyFunSuiteLike.$anonfun$run$1(AnyFunSuiteLike.scala:273)
[info]   at org.scalatest.SuperEngine.runImpl(Engine.scala:535)
[info]   at org.scalatest.funsuite.AnyFunSuiteLike.run(AnyFunSuiteLike.scala:273)
[info]   at org.scalatest.funsuite.AnyFunSuiteLike.run$(AnyFunSuiteLike.scala:272)
[info]   at frameless.TypedDatasetSuite.org$scalatest$BeforeAndAfterAll$$super$run(TypedDatasetSuite.scala:63)
[info]   at org.scalatest.BeforeAndAfterAll.liftedTree1$1(BeforeAndAfterAll.scala:213)
[info]   at org.scalatest.BeforeAndAfterAll.run(BeforeAndAfterAll.scala:210)
[info]   at org.scalatest.BeforeAndAfterAll.run$(BeforeAndAfterAll.scala:208)
[info]   at frameless.TypedDatasetSuite.run(TypedDatasetSuite.scala:63)
[info]   at org.scalatest.tools.Framework.org$scalatest$tools$Framework$$runSuite(Framework.scala:321)
[info]   at org.scalatest.tools.Framework$ScalaTestTask.execute(Framework.scala:517)
[info]   at sbt.ForkMain$Run.lambda$runTest$1(ForkMain.java:414)
[info]   at java.base/java.util.concurrent.FutureTask.run(FutureTask.java:317)
[info]   at java.base/java.util.concurrent.ThreadPoolExecutor.runWorker(ThreadPoolExecutor.java:1144)
[info]   at java.base/java.util.concurrent.ThreadPoolExecutor$Worker.run(ThreadPoolExecutor.java:642)
[info]   at java.base/java.lang.Thread.run(Thread.java:1583)
[info]   Cause: java.lang.ClassCastException: Cannot cast scala.reflect.ManifestFactory$IntManifest to org.apache.spark.sql.catalyst.expressions.Expression
[info]   at java.base/java.lang.Class.cast(Class.java:4067)
[info]   at java.base/jdk.internal.reflect.DirectConstructorHandleAccessor.newInstance(DirectConstructorHandleAccessor.java:62)
[info]   at java.base/java.lang.reflect.Constructor.newInstanceWithCaller(Constructor.java:502)
[info]   at java.base/java.lang.reflect.Constructor.newInstance(Constructor.java:486)
[info]   at frameless.TypedExpressionEncoder$.$anonfun$apply$3(TypedExpressionEncoder.scala:55)
[info]   at scala.Option.map(Option.scala:242)
[info]   at frameless.TypedExpressionEncoder$.apply(TypedExpressionEncoder.scala:54)
[info]   at frameless.TypedDataset$.create(TypedDataset.scala:1325)
[info]   at frameless.StorageLevelTests.$anonfun$new$2(StorageLevelTests.scala:17)
[info]   at org.scalacheck.Prop$.$anonfun$forAll$3(Prop.scala:949)
[info]   at org.scalacheck.Prop$.$anonfun$forAllShrink$2(Prop.scala:868)
[info]   at org.scalacheck.Prop$.secure(Prop.scala:484)
[info]   at org.scalacheck.Prop$.result$1(Prop.scala:868)
[info]   at org.scalacheck.Prop$.$anonfun$forAllShrink$1(Prop.scala:915)
[info]   at org.scalacheck.Prop$.$anonfun$apply$1(Prop.scala:305)
[info]   at org.scalacheck.PropFromFun.apply(Prop.scala:20)
[info]   at org.scalacheck.Prop$.result$1(Prop.scala:869)
[info]   at org.scalacheck.Prop$.$anonfun$forAllShrink$1(Prop.scala:915)
[info]   at org.scalacheck.Prop$.$anonfun$apply$1(Prop.scala:305)
[info]   at org.scalacheck.PropFromFun.apply(Prop.scala:20)
[info]   at org.scalacheck.Test$.workerFun$1(Test.scala:486)
[info]   at org.scalacheck.Test$.$anonfun$check$4(Test.scala:518)
[info]   at org.scalacheck.Test$.$anonfun$check$4$adapted(Test.scala:518)
[info]   at org.scalacheck.Platform$.runWorkers(Platform.scala:42)
[info]   at org.scalacheck.Test$.check(Test.scala:518)
[info]   at org.scalatestplus.scalacheck.UnitCheckerAsserting$CheckerAssertingImpl.check(CheckerAsserting.scala:90)
[info]   at org.scalatestplus.scalacheck.Checkers.check(Checkers.scala:371)
[info]   at org.scalatestplus.scalacheck.Checkers.check$(Checkers.scala:369)
[info]   at frameless.TypedDatasetSuite.check(TypedDatasetSuite.scala:63)
[info]   at frameless.StorageLevelTests.$anonfun$new$1(StorageLevelTests.scala:26)
[info]   at org.scalatest.OutcomeOf.outcomeOf(OutcomeOf.scala:85)
[info]   at org.scalatest.OutcomeOf.outcomeOf$(OutcomeOf.scala:83)
[info]   at org.scalatest.OutcomeOf$.outcomeOf(OutcomeOf.scala:104)
[info]   at org.scalatest.Transformer.apply(Transformer.scala:22)
[info]   at org.scalatest.Transformer.apply(Transformer.scala:20)
[info]   at org.scalatest.funsuite.AnyFunSuiteLike$$anon$1.apply(AnyFunSuiteLike.scala:226)
[info]   at org.scalatest.TestSuite.withFixture(TestSuite.scala:196)
[info]   at org.scalatest.TestSuite.withFixture$(TestSuite.scala:195)
[info]   at org.scalatest.funsuite.AnyFunSuite.withFixture(AnyFunSuite.scala:1564)
[info]   at org.scalatest.funsuite.AnyFunSuiteLike.invokeWithFixture$1(AnyFunSuiteLike.scala:224)
[info]   at org.scalatest.funsuite.AnyFunSuiteLike.$anonfun$runTest$1(AnyFunSuiteLike.scala:236)
[info]   at org.scalatest.SuperEngine.runTestImpl(Engine.scala:306)
[info]   at org.scalatest.funsuite.AnyFunSuiteLike.runTest(AnyFunSuiteLike.scala:236)
[info]   at org.scalatest.funsuite.AnyFunSuiteLike.runTest$(AnyFunSuiteLike.scala:218)
[info]   at org.scalatest.funsuite.AnyFunSuite.runTest(AnyFunSuite.scala:1564)
[info]   at org.scalatest.funsuite.AnyFunSuiteLike.$anonfun$runTests$1(AnyFunSuiteLike.scala:269)
[info]   at org.scalatest.SuperEngine.$anonfun$runTestsInBranch$1(Engine.scala:413)
[info]   at scala.collection.immutable.List.foreach(List.scala:334)
[info]   at org.scalatest.SuperEngine.traverseSubNodes$1(Engine.scala:401)
[info]   at org.scalatest.SuperEngine.runTestsInBranch(Engine.scala:396)
[info]   at org.scalatest.SuperEngine.runTestsImpl(Engine.scala:475)
[info]   at org.scalatest.funsuite.AnyFunSuiteLike.runTests(AnyFunSuiteLike.scala:269)
[info]   at org.scalatest.funsuite.AnyFunSuiteLike.runTests$(AnyFunSuiteLike.scala:268)
[info]   at org.scalatest.funsuite.AnyFunSuite.runTests(AnyFunSuite.scala:1564)
[info]   at org.scalatest.Suite.run(Suite.scala:1114)
[info]   at org.scalatest.Suite.run$(Suite.scala:1096)
[info]   at org.scalatest.funsuite.AnyFunSuite.org$scalatest$funsuite$AnyFunSuiteLike$$super$run(AnyFunSuite.scala:1564)
[info]   at org.scalatest.funsuite.AnyFunSuiteLike.$anonfun$run$1(AnyFunSuiteLike.scala:273)
[info]   at org.scalatest.SuperEngine.runImpl(Engine.scala:535)
[info]   at org.scalatest.funsuite.AnyFunSuiteLike.run(AnyFunSuiteLike.scala:273)
[info]   at org.scalatest.funsuite.AnyFunSuiteLike.run$(AnyFunSuiteLike.scala:272)
[info]   at frameless.TypedDatasetSuite.org$scalatest$BeforeAndAfterAll$$super$run(TypedDatasetSuite.scala:63)
[info]   at org.scalatest.BeforeAndAfterAll.liftedTree1$1(BeforeAndAfterAll.scala:213)
[info]   at org.scalatest.BeforeAndAfterAll.run(BeforeAndAfterAll.scala:210)
[info]   at org.scalatest.BeforeAndAfterAll.run$(BeforeAndAfterAll.scala:208)
[info]   at frameless.TypedDatasetSuite.run(TypedDatasetSuite.scala:63)
[info]   at org.scalatest.tools.Framework.org$scalatest$tools$Framework$$runSuite(Framework.scala:321)
[info]   at org.scalatest.tools.Framework$ScalaTestTask.execute(Framework.scala:517)
[info]   at sbt.ForkMain$Run.lambda$runTest$1(ForkMain.java:414)
[info]   at java.base/java.util.concurrent.FutureTask.run(FutureTask.java:317)
[info]   at java.base/java.util.concurrent.ThreadPoolExecutor.runWorker(ThreadPoolExecutor.java:1144)
[info]   at java.base/java.util.concurrent.ThreadPoolExecutor$Worker.run(ThreadPoolExecutor.java:642)
[info]   at java.base/java.lang.Thread.run(Thread.java:1583)
[info] FirstTests:
[info] - first *** FAILED *** (2 milliseconds)
[info]   IllegalArgumentException was thrown during property evaluation.
[info]     Message: argument type mismatch
[info]     Occurred when passed generated values (
[info]       arg0 = Vector()
[info]     )
[info]   org.scalatest.exceptions.GeneratorDrivenPropertyCheckFailedException:
[info]   at org.scalatestplus.scalacheck.CheckerAsserting$$anon$2.indicateFailure(CheckerAsserting.scala:251)
[info]   at org.scalatestplus.scalacheck.CheckerAsserting$$anon$2.indicateFailure(CheckerAsserting.scala:238)
[info]   at org.scalatestplus.scalacheck.UnitCheckerAsserting$CheckerAssertingImpl.check(CheckerAsserting.scala:160)
[info]   at org.scalatestplus.scalacheck.Checkers.check(Checkers.scala:371)
[info]   at org.scalatestplus.scalacheck.Checkers.check$(Checkers.scala:369)
[info]   at frameless.TypedDatasetSuite.check(TypedDatasetSuite.scala:63)
[info]   at frameless.FirstTests.$anonfun$new$1(FirstTests.scala:12)
[info]   at org.scalatest.OutcomeOf.outcomeOf(OutcomeOf.scala:85)
[info]   at org.scalatest.OutcomeOf.outcomeOf$(OutcomeOf.scala:83)
[info]   at org.scalatest.OutcomeOf$.outcomeOf(OutcomeOf.scala:104)
[info]   at org.scalatest.Transformer.apply(Transformer.scala:22)
[info]   at org.scalatest.Transformer.apply(Transformer.scala:20)
[info]   at org.scalatest.funsuite.AnyFunSuiteLike$$anon$1.apply(AnyFunSuiteLike.scala:226)
[info]   at org.scalatest.TestSuite.withFixture(TestSuite.scala:196)
[info]   at org.scalatest.TestSuite.withFixture$(TestSuite.scala:195)
[info]   at org.scalatest.funsuite.AnyFunSuite.withFixture(AnyFunSuite.scala:1564)
[info]   at org.scalatest.funsuite.AnyFunSuiteLike.invokeWithFixture$1(AnyFunSuiteLike.scala:224)
[info]   at org.scalatest.funsuite.AnyFunSuiteLike.$anonfun$runTest$1(AnyFunSuiteLike.scala:236)
[info]   at org.scalatest.SuperEngine.runTestImpl(Engine.scala:306)
[info]   at org.scalatest.funsuite.AnyFunSuiteLike.runTest(AnyFunSuiteLike.scala:236)
[info]   at org.scalatest.funsuite.AnyFunSuiteLike.runTest$(AnyFunSuiteLike.scala:218)
[info]   at org.scalatest.funsuite.AnyFunSuite.runTest(AnyFunSuite.scala:1564)
[info]   at org.scalatest.funsuite.AnyFunSuiteLike.$anonfun$runTests$1(AnyFunSuiteLike.scala:269)
[info]   at org.scalatest.SuperEngine.$anonfun$runTestsInBranch$1(Engine.scala:413)
[info]   at scala.collection.immutable.List.foreach(List.scala:334)
[info]   at org.scalatest.SuperEngine.traverseSubNodes$1(Engine.scala:401)
[info]   at org.scalatest.SuperEngine.runTestsInBranch(Engine.scala:396)
[info]   at org.scalatest.SuperEngine.runTestsImpl(Engine.scala:475)
[info]   at org.scalatest.funsuite.AnyFunSuiteLike.runTests(AnyFunSuiteLike.scala:269)
[info]   at org.scalatest.funsuite.AnyFunSuiteLike.runTests$(AnyFunSuiteLike.scala:268)
[info]   at org.scalatest.funsuite.AnyFunSuite.runTests(AnyFunSuite.scala:1564)
[info]   at org.scalatest.Suite.run(Suite.scala:1114)
[info]   at org.scalatest.Suite.run$(Suite.scala:1096)
[info]   at org.scalatest.funsuite.AnyFunSuite.org$scalatest$funsuite$AnyFunSuiteLike$$super$run(AnyFunSuite.scala:1564)
[info]   at org.scalatest.funsuite.AnyFunSuiteLike.$anonfun$run$1(AnyFunSuiteLike.scala:273)
[info]   at org.scalatest.SuperEngine.runImpl(Engine.scala:535)
[info]   at org.scalatest.funsuite.AnyFunSuiteLike.run(AnyFunSuiteLike.scala:273)
[info]   at org.scalatest.funsuite.AnyFunSuiteLike.run$(AnyFunSuiteLike.scala:272)
[info]   at frameless.TypedDatasetSuite.org$scalatest$BeforeAndAfterAll$$super$run(TypedDatasetSuite.scala:63)
[info]   at org.scalatest.BeforeAndAfterAll.liftedTree1$1(BeforeAndAfterAll.scala:213)
[info]   at org.scalatest.BeforeAndAfterAll.run(BeforeAndAfterAll.scala:210)
[info]   at org.scalatest.BeforeAndAfterAll.run$(BeforeAndAfterAll.scala:208)
[info]   at frameless.TypedDatasetSuite.run(TypedDatasetSuite.scala:63)
[info]   at org.scalatest.tools.Framework.org$scalatest$tools$Framework$$runSuite(Framework.scala:321)
[info]   at org.scalatest.tools.Framework$ScalaTestTask.execute(Framework.scala:517)
[info]   at sbt.ForkMain$Run.lambda$runTest$1(ForkMain.java:414)
[info]   at java.base/java.util.concurrent.FutureTask.run(FutureTask.java:317)
[info]   at java.base/java.util.concurrent.ThreadPoolExecutor.runWorker(ThreadPoolExecutor.java:1144)
[info]   at java.base/java.util.concurrent.ThreadPoolExecutor$Worker.run(ThreadPoolExecutor.java:642)
[info]   at java.base/java.lang.Thread.run(Thread.java:1583)
[info]   Cause: java.lang.IllegalArgumentException: argument type mismatch
[info]   at java.base/jdk.internal.reflect.DirectConstructorHandleAccessor.newInstance(DirectConstructorHandleAccessor.java:65)
[info]   at java.base/java.lang.reflect.Constructor.newInstanceWithCaller(Constructor.java:502)
[info]   at java.base/java.lang.reflect.Constructor.newInstance(Constructor.java:486)
[info]   at frameless.TypedExpressionEncoder$.$anonfun$apply$3(TypedExpressionEncoder.scala:55)
[info]   at scala.Option.map(Option.scala:242)
[info]   at frameless.TypedExpressionEncoder$.apply(TypedExpressionEncoder.scala:54)
[info]   at frameless.TypedDataset$.create(TypedDataset.scala:1325)
[info]   at frameless.FirstTests.$anonfun$new$2(FirstTests.scala:10)
[info]   at org.scalacheck.Prop$ExtendedAny.$eq$qmark(Prop.scala:332)
[info]   at frameless.FirstTests.prop$1(FirstTests.scala:10)
[info]   at frameless.FirstTests.$anonfun$new$4(FirstTests.scala:12)
[info]   at scala.Function1.$anonfun$andThen$1(Function1.scala:87)
[info]   at org.scalacheck.Prop$.$anonfun$forAllShrink$2(Prop.scala:868)
[info]   at org.scalacheck.Prop$.secure(Prop.scala:484)
[info]   at org.scalacheck.Prop$.result$1(Prop.scala:868)
[info]   at org.scalacheck.Prop$.$anonfun$forAllShrink$1(Prop.scala:915)
[info]   at org.scalacheck.Prop$.$anonfun$apply$1(Prop.scala:305)
[info]   at org.scalacheck.PropFromFun.apply(Prop.scala:20)
[info]   at org.scalacheck.Test$.workerFun$1(Test.scala:486)
[info]   at org.scalacheck.Test$.$anonfun$check$4(Test.scala:518)
[info]   at org.scalacheck.Test$.$anonfun$check$4$adapted(Test.scala:518)
[info]   at org.scalacheck.Platform$.runWorkers(Platform.scala:42)
[info]   at org.scalacheck.Test$.check(Test.scala:518)
[info]   at org.scalatestplus.scalacheck.UnitCheckerAsserting$CheckerAssertingImpl.check(CheckerAsserting.scala:90)
[info]   at org.scalatestplus.scalacheck.Checkers.check(Checkers.scala:371)
[info]   at org.scalatestplus.scalacheck.Checkers.check$(Checkers.scala:369)
[info]   at frameless.TypedDatasetSuite.check(TypedDatasetSuite.scala:63)
[info]   at frameless.FirstTests.$anonfun$new$1(FirstTests.scala:12)
[info]   at org.scalatest.OutcomeOf.outcomeOf(OutcomeOf.scala:85)
[info]   at org.scalatest.OutcomeOf.outcomeOf$(OutcomeOf.scala:83)
[info]   at org.scalatest.OutcomeOf$.outcomeOf(OutcomeOf.scala:104)
[info]   at org.scalatest.Transformer.apply(Transformer.scala:22)
[info]   at org.scalatest.Transformer.apply(Transformer.scala:20)
[info]   at org.scalatest.funsuite.AnyFunSuiteLike$$anon$1.apply(AnyFunSuiteLike.scala:226)
[info]   at org.scalatest.TestSuite.withFixture(TestSuite.scala:196)
[info]   at org.scalatest.TestSuite.withFixture$(TestSuite.scala:195)
[info]   at org.scalatest.funsuite.AnyFunSuite.withFixture(AnyFunSuite.scala:1564)
[info]   at org.scalatest.funsuite.AnyFunSuiteLike.invokeWithFixture$1(AnyFunSuiteLike.scala:224)
[info]   at org.scalatest.funsuite.AnyFunSuiteLike.$anonfun$runTest$1(AnyFunSuiteLike.scala:236)
[info]   at org.scalatest.SuperEngine.runTestImpl(Engine.scala:306)
[info]   at org.scalatest.funsuite.AnyFunSuiteLike.runTest(AnyFunSuiteLike.scala:236)
[info]   at org.scalatest.funsuite.AnyFunSuiteLike.runTest$(AnyFunSuiteLike.scala:218)
[info]   at org.scalatest.funsuite.AnyFunSuite.runTest(AnyFunSuite.scala:1564)
[info]   at org.scalatest.funsuite.AnyFunSuiteLike.$anonfun$runTests$1(AnyFunSuiteLike.scala:269)
[info]   at org.scalatest.SuperEngine.$anonfun$runTestsInBranch$1(Engine.scala:413)
[info]   at scala.collection.immutable.List.foreach(List.scala:334)
[info]   at org.scalatest.SuperEngine.traverseSubNodes$1(Engine.scala:401)
[info]   at org.scalatest.SuperEngine.runTestsInBranch(Engine.scala:396)
[info]   at org.scalatest.SuperEngine.runTestsImpl(Engine.scala:475)
[info]   at org.scalatest.funsuite.AnyFunSuiteLike.runTests(AnyFunSuiteLike.scala:269)
[info]   at org.scalatest.funsuite.AnyFunSuiteLike.runTests$(AnyFunSuiteLike.scala:268)
[info]   at org.scalatest.funsuite.AnyFunSuite.runTests(AnyFunSuite.scala:1564)
[info]   at org.scalatest.Suite.run(Suite.scala:1114)
[info]   at org.scalatest.Suite.run$(Suite.scala:1096)
[info]   at org.scalatest.funsuite.AnyFunSuite.org$scalatest$funsuite$AnyFunSuiteLike$$super$run(AnyFunSuite.scala:1564)
[info]   at org.scalatest.funsuite.AnyFunSuiteLike.$anonfun$run$1(AnyFunSuiteLike.scala:273)
[info]   at org.scalatest.SuperEngine.runImpl(Engine.scala:535)
[info]   at org.scalatest.funsuite.AnyFunSuiteLike.run(AnyFunSuiteLike.scala:273)
[info]   at org.scalatest.funsuite.AnyFunSuiteLike.run$(AnyFunSuiteLike.scala:272)
[info]   at frameless.TypedDatasetSuite.org$scalatest$BeforeAndAfterAll$$super$run(TypedDatasetSuite.scala:63)
[info]   at org.scalatest.BeforeAndAfterAll.liftedTree1$1(BeforeAndAfterAll.scala:213)
[info]   at org.scalatest.BeforeAndAfterAll.run(BeforeAndAfterAll.scala:210)
[info]   at org.scalatest.BeforeAndAfterAll.run$(BeforeAndAfterAll.scala:208)
[info]   at frameless.TypedDatasetSuite.run(TypedDatasetSuite.scala:63)
[info]   at org.scalatest.tools.Framework.org$scalatest$tools$Framework$$runSuite(Framework.scala:321)
[info]   at org.scalatest.tools.Framework$ScalaTestTask.execute(Framework.scala:517)
[info]   at sbt.ForkMain$Run.lambda$runTest$1(ForkMain.java:414)
[info]   at java.base/java.util.concurrent.FutureTask.run(FutureTask.java:317)
[info]   at java.base/java.util.concurrent.ThreadPoolExecutor.runWorker(ThreadPoolExecutor.java:1144)
[info]   at java.base/java.util.concurrent.ThreadPoolExecutor$Worker.run(ThreadPoolExecutor.java:642)
[info]   at java.base/java.lang.Thread.run(Thread.java:1583)
[info]   Cause: java.lang.ClassCastException: Cannot cast scala.reflect.ManifestFactory$IntManifest to org.apache.spark.sql.catalyst.expressions.Expression
[info]   at java.base/java.lang.Class.cast(Class.java:4067)
[info]   at java.base/jdk.internal.reflect.DirectConstructorHandleAccessor.newInstance(DirectConstructorHandleAccessor.java:62)
[info]   at java.base/java.lang.reflect.Constructor.newInstanceWithCaller(Constructor.java:502)
[info]   at java.base/java.lang.reflect.Constructor.newInstance(Constructor.java:486)
[info]   at frameless.TypedExpressionEncoder$.$anonfun$apply$3(TypedExpressionEncoder.scala:55)
[info]   at scala.Option.map(Option.scala:242)
[info]   at frameless.TypedExpressionEncoder$.apply(TypedExpressionEncoder.scala:54)
[info]   at frameless.TypedDataset$.create(TypedDataset.scala:1325)
[info]   at frameless.FirstTests.$anonfun$new$2(FirstTests.scala:10)
[info]   at org.scalacheck.Prop$ExtendedAny.$eq$qmark(Prop.scala:332)
[info]   at frameless.FirstTests.prop$1(FirstTests.scala:10)
[info]   at frameless.FirstTests.$anonfun$new$4(FirstTests.scala:12)
[info]   at scala.Function1.$anonfun$andThen$1(Function1.scala:87)
[info]   at org.scalacheck.Prop$.$anonfun$forAllShrink$2(Prop.scala:868)
[info]   at org.scalacheck.Prop$.secure(Prop.scala:484)
[info]   at org.scalacheck.Prop$.result$1(Prop.scala:868)
[info]   at org.scalacheck.Prop$.$anonfun$forAllShrink$1(Prop.scala:915)
[info]   at org.scalacheck.Prop$.$anonfun$apply$1(Prop.scala:305)
[info]   at org.scalacheck.PropFromFun.apply(Prop.scala:20)
[info]   at org.scalacheck.Test$.workerFun$1(Test.scala:486)
[info]   at org.scalacheck.Test$.$anonfun$check$4(Test.scala:518)
[info]   at org.scalacheck.Test$.$anonfun$check$4$adapted(Test.scala:518)
[info]   at org.scalacheck.Platform$.runWorkers(Platform.scala:42)
[info]   at org.scalacheck.Test$.check(Test.scala:518)
[info]   at org.scalatestplus.scalacheck.UnitCheckerAsserting$CheckerAssertingImpl.check(CheckerAsserting.scala:90)
[info]   at org.scalatestplus.scalacheck.Checkers.check(Checkers.scala:371)
[info]   at org.scalatestplus.scalacheck.Checkers.check$(Checkers.scala:369)
[info]   at frameless.TypedDatasetSuite.check(TypedDatasetSuite.scala:63)
[info]   at frameless.FirstTests.$anonfun$new$1(FirstTests.scala:12)
[info]   at org.scalatest.OutcomeOf.outcomeOf(OutcomeOf.scala:85)
[info]   at org.scalatest.OutcomeOf.outcomeOf$(OutcomeOf.scala:83)
[info]   at org.scalatest.OutcomeOf$.outcomeOf(OutcomeOf.scala:104)
[info]   at org.scalatest.Transformer.apply(Transformer.scala:22)
[info]   at org.scalatest.Transformer.apply(Transformer.scala:20)
[info]   at org.scalatest.funsuite.AnyFunSuiteLike$$anon$1.apply(AnyFunSuiteLike.scala:226)
[info]   at org.scalatest.TestSuite.withFixture(TestSuite.scala:196)
[info]   at org.scalatest.TestSuite.withFixture$(TestSuite.scala:195)
[info]   at org.scalatest.funsuite.AnyFunSuite.withFixture(AnyFunSuite.scala:1564)
[info]   at org.scalatest.funsuite.AnyFunSuiteLike.invokeWithFixture$1(AnyFunSuiteLike.scala:224)
[info]   at org.scalatest.funsuite.AnyFunSuiteLike.$anonfun$runTest$1(AnyFunSuiteLike.scala:236)
[info]   at org.scalatest.SuperEngine.runTestImpl(Engine.scala:306)
[info]   at org.scalatest.funsuite.AnyFunSuiteLike.runTest(AnyFunSuiteLike.scala:236)
[info]   at org.scalatest.funsuite.AnyFunSuiteLike.runTest$(AnyFunSuiteLike.scala:218)
[info]   at org.scalatest.funsuite.AnyFunSuite.runTest(AnyFunSuite.scala:1564)
[info]   at org.scalatest.funsuite.AnyFunSuiteLike.$anonfun$runTests$1(AnyFunSuiteLike.scala:269)
[info]   at org.scalatest.SuperEngine.$anonfun$runTestsInBranch$1(Engine.scala:413)
[info]   at scala.collection.immutable.List.foreach(List.scala:334)
[info]   at org.scalatest.SuperEngine.traverseSubNodes$1(Engine.scala:401)
[info]   at org.scalatest.SuperEngine.runTestsInBranch(Engine.scala:396)
[info]   at org.scalatest.SuperEngine.runTestsImpl(Engine.scala:475)
[info]   at org.scalatest.funsuite.AnyFunSuiteLike.runTests(AnyFunSuiteLike.scala:269)
[info]   at org.scalatest.funsuite.AnyFunSuiteLike.runTests$(AnyFunSuiteLike.scala:268)
[info]   at org.scalatest.funsuite.AnyFunSuite.runTests(AnyFunSuite.scala:1564)
[info]   at org.scalatest.Suite.run(Suite.scala:1114)
[info]   at org.scalatest.Suite.run$(Suite.scala:1096)
[info]   at org.scalatest.funsuite.AnyFunSuite.org$scalatest$funsuite$AnyFunSuiteLike$$super$run(AnyFunSuite.scala:1564)
[info]   at org.scalatest.funsuite.AnyFunSuiteLike.$anonfun$run$1(AnyFunSuiteLike.scala:273)
[info]   at org.scalatest.SuperEngine.runImpl(Engine.scala:535)
[info]   at org.scalatest.funsuite.AnyFunSuiteLike.run(AnyFunSuiteLike.scala:273)
[info]   at org.scalatest.funsuite.AnyFunSuiteLike.run$(AnyFunSuiteLike.scala:272)
[info]   at frameless.TypedDatasetSuite.org$scalatest$BeforeAndAfterAll$$super$run(TypedDatasetSuite.scala:63)
[info]   at org.scalatest.BeforeAndAfterAll.liftedTree1$1(BeforeAndAfterAll.scala:213)
[info]   at org.scalatest.BeforeAndAfterAll.run(BeforeAndAfterAll.scala:210)
[info]   at org.scalatest.BeforeAndAfterAll.run$(BeforeAndAfterAll.scala:208)
[info]   at frameless.TypedDatasetSuite.run(TypedDatasetSuite.scala:63)
[info]   at org.scalatest.tools.Framework.org$scalatest$tools$Framework$$runSuite(Framework.scala:321)
[info]   at org.scalatest.tools.Framework$ScalaTestTask.execute(Framework.scala:517)
[info]   at sbt.ForkMain$Run.lambda$runTest$1(ForkMain.java:414)
[info]   at java.base/java.util.concurrent.FutureTask.run(FutureTask.java:317)
[info]   at java.base/java.util.concurrent.ThreadPoolExecutor.runWorker(ThreadPoolExecutor.java:1144)
[info]   at java.base/java.util.concurrent.ThreadPoolExecutor$Worker.run(ThreadPoolExecutor.java:642)
[info]   at java.base/java.lang.Thread.run(Thread.java:1583)
[info] - first on empty dataset should return None *** FAILED *** (0 milliseconds)
[info]   java.lang.IllegalArgumentException: argument type mismatch
[info]   at java.base/jdk.internal.reflect.DirectConstructorHandleAccessor.newInstance(DirectConstructorHandleAccessor.java:65)
[info]   at java.base/java.lang.reflect.Constructor.newInstanceWithCaller(Constructor.java:502)
[info]   at java.base/java.lang.reflect.Constructor.newInstance(Constructor.java:486)
[info]   at frameless.TypedExpressionEncoder$.$anonfun$apply$3(TypedExpressionEncoder.scala:55)
[info]   at scala.Option.map(Option.scala:242)
[info]   at frameless.TypedExpressionEncoder$.apply(TypedExpressionEncoder.scala:54)
[info]   at frameless.TypedDataset$.create(TypedDataset.scala:1325)
[info]   at frameless.FirstTests.$anonfun$new$8(FirstTests.scala:17)
[info]   at org.scalatest.OutcomeOf.outcomeOf(OutcomeOf.scala:85)
[info]   at org.scalatest.OutcomeOf.outcomeOf$(OutcomeOf.scala:83)
[info]   at org.scalatest.OutcomeOf$.outcomeOf(OutcomeOf.scala:104)
[info]   at org.scalatest.Transformer.apply(Transformer.scala:22)
[info]   at org.scalatest.Transformer.apply(Transformer.scala:20)
[info]   at org.scalatest.funsuite.AnyFunSuiteLike$$anon$1.apply(AnyFunSuiteLike.scala:226)
[info]   at org.scalatest.TestSuite.withFixture(TestSuite.scala:196)
[info]   at org.scalatest.TestSuite.withFixture$(TestSuite.scala:195)
[info]   at org.scalatest.funsuite.AnyFunSuite.withFixture(AnyFunSuite.scala:1564)
[info]   at org.scalatest.funsuite.AnyFunSuiteLike.invokeWithFixture$1(AnyFunSuiteLike.scala:224)
[info]   at org.scalatest.funsuite.AnyFunSuiteLike.$anonfun$runTest$1(AnyFunSuiteLike.scala:236)
[info]   at org.scalatest.SuperEngine.runTestImpl(Engine.scala:306)
[info]   at org.scalatest.funsuite.AnyFunSuiteLike.runTest(AnyFunSuiteLike.scala:236)
[info]   at org.scalatest.funsuite.AnyFunSuiteLike.runTest$(AnyFunSuiteLike.scala:218)
[info]   at org.scalatest.funsuite.AnyFunSuite.runTest(AnyFunSuite.scala:1564)
[info]   at org.scalatest.funsuite.AnyFunSuiteLike.$anonfun$runTests$1(AnyFunSuiteLike.scala:269)
[info]   at org.scalatest.SuperEngine.$anonfun$runTestsInBranch$1(Engine.scala:413)
[info]   at scala.collection.immutable.List.foreach(List.scala:334)
[info]   at org.scalatest.SuperEngine.traverseSubNodes$1(Engine.scala:401)
[info]   at org.scalatest.SuperEngine.runTestsInBranch(Engine.scala:396)
[info]   at org.scalatest.SuperEngine.runTestsImpl(Engine.scala:475)
[info]   at org.scalatest.funsuite.AnyFunSuiteLike.runTests(AnyFunSuiteLike.scala:269)
[info]   at org.scalatest.funsuite.AnyFunSuiteLike.runTests$(AnyFunSuiteLike.scala:268)
[info]   at org.scalatest.funsuite.AnyFunSuite.runTests(AnyFunSuite.scala:1564)
[info]   at org.scalatest.Suite.run(Suite.scala:1114)
[info]   at org.scalatest.Suite.run$(Suite.scala:1096)
[info]   at org.scalatest.funsuite.AnyFunSuite.org$scalatest$funsuite$AnyFunSuiteLike$$super$run(AnyFunSuite.scala:1564)
[info]   at org.scalatest.funsuite.AnyFunSuiteLike.$anonfun$run$1(AnyFunSuiteLike.scala:273)
[info]   at org.scalatest.SuperEngine.runImpl(Engine.scala:535)
[info]   at org.scalatest.funsuite.AnyFunSuiteLike.run(AnyFunSuiteLike.scala:273)
[info]   at org.scalatest.funsuite.AnyFunSuiteLike.run$(AnyFunSuiteLike.scala:272)
[info]   at frameless.TypedDatasetSuite.org$scalatest$BeforeAndAfterAll$$super$run(TypedDatasetSuite.scala:63)
[info]   at org.scalatest.BeforeAndAfterAll.liftedTree1$1(BeforeAndAfterAll.scala:213)
[info]   at org.scalatest.BeforeAndAfterAll.run(BeforeAndAfterAll.scala:210)
[info]   at org.scalatest.BeforeAndAfterAll.run$(BeforeAndAfterAll.scala:208)
[info]   at frameless.TypedDatasetSuite.run(TypedDatasetSuite.scala:63)
[info]   at org.scalatest.tools.Framework.org$scalatest$tools$Framework$$runSuite(Framework.scala:321)
[info]   at org.scalatest.tools.Framework$ScalaTestTask.execute(Framework.scala:517)
[info]   at sbt.ForkMain$Run.lambda$runTest$1(ForkMain.java:414)
[info]   at java.base/java.util.concurrent.FutureTask.run(FutureTask.java:317)
[info]   at java.base/java.util.concurrent.ThreadPoolExecutor.runWorker(ThreadPoolExecutor.java:1144)
[info]   at java.base/java.util.concurrent.ThreadPoolExecutor$Worker.run(ThreadPoolExecutor.java:642)
[info]   at java.base/java.lang.Thread.run(Thread.java:1583)
[info]   Cause: java.lang.ClassCastException: Cannot cast scala.reflect.ManifestFactory$IntManifest to org.apache.spark.sql.catalyst.expressions.Expression
[info]   at java.base/java.lang.Class.cast(Class.java:4067)
[info]   at java.base/jdk.internal.reflect.DirectConstructorHandleAccessor.newInstance(DirectConstructorHandleAccessor.java:62)
[info]   at java.base/java.lang.reflect.Constructor.newInstanceWithCaller(Constructor.java:502)
[info]   at java.base/java.lang.reflect.Constructor.newInstance(Constructor.java:486)
[info]   at frameless.TypedExpressionEncoder$.$anonfun$apply$3(TypedExpressionEncoder.scala:55)
[info]   at scala.Option.map(Option.scala:242)
[info]   at frameless.TypedExpressionEncoder$.apply(TypedExpressionEncoder.scala:54)
[info]   at frameless.TypedDataset$.create(TypedDataset.scala:1325)
[info]   at frameless.FirstTests.$anonfun$new$8(FirstTests.scala:17)
[info]   at org.scalatest.OutcomeOf.outcomeOf(OutcomeOf.scala:85)
[info]   at org.scalatest.OutcomeOf.outcomeOf$(OutcomeOf.scala:83)
[info]   at org.scalatest.OutcomeOf$.outcomeOf(OutcomeOf.scala:104)
[info]   at org.scalatest.Transformer.apply(Transformer.scala:22)
[info]   at org.scalatest.Transformer.apply(Transformer.scala:20)
[info]   at org.scalatest.funsuite.AnyFunSuiteLike$$anon$1.apply(AnyFunSuiteLike.scala:226)
[info]   at org.scalatest.TestSuite.withFixture(TestSuite.scala:196)
[info]   at org.scalatest.TestSuite.withFixture$(TestSuite.scala:195)
[info]   at org.scalatest.funsuite.AnyFunSuite.withFixture(AnyFunSuite.scala:1564)
[info]   at org.scalatest.funsuite.AnyFunSuiteLike.invokeWithFixture$1(AnyFunSuiteLike.scala:224)
[info]   at org.scalatest.funsuite.AnyFunSuiteLike.$anonfun$runTest$1(AnyFunSuiteLike.scala:236)
[info]   at org.scalatest.SuperEngine.runTestImpl(Engine.scala:306)
[info]   at org.scalatest.funsuite.AnyFunSuiteLike.runTest(AnyFunSuiteLike.scala:236)
[info]   at org.scalatest.funsuite.AnyFunSuiteLike.runTest$(AnyFunSuiteLike.scala:218)
[info]   at org.scalatest.funsuite.AnyFunSuite.runTest(AnyFunSuite.scala:1564)
[info]   at org.scalatest.funsuite.AnyFunSuiteLike.$anonfun$runTests$1(AnyFunSuiteLike.scala:269)
[info]   at org.scalatest.SuperEngine.$anonfun$runTestsInBranch$1(Engine.scala:413)
[info]   at scala.collection.immutable.List.foreach(List.scala:334)
[info]   at org.scalatest.SuperEngine.traverseSubNodes$1(Engine.scala:401)
[info]   at org.scalatest.SuperEngine.runTestsInBranch(Engine.scala:396)
[info]   at org.scalatest.SuperEngine.runTestsImpl(Engine.scala:475)
[info]   at org.scalatest.funsuite.AnyFunSuiteLike.runTests(AnyFunSuiteLike.scala:269)
[info]   at org.scalatest.funsuite.AnyFunSuiteLike.runTests$(AnyFunSuiteLike.scala:268)
[info]   at org.scalatest.funsuite.AnyFunSuite.runTests(AnyFunSuite.scala:1564)
[info]   at org.scalatest.Suite.run(Suite.scala:1114)
[info]   at org.scalatest.Suite.run$(Suite.scala:1096)
[info]   at org.scalatest.funsuite.AnyFunSuite.org$scalatest$funsuite$AnyFunSuiteLike$$super$run(AnyFunSuite.scala:1564)
[info]   at org.scalatest.funsuite.AnyFunSuiteLike.$anonfun$run$1(AnyFunSuiteLike.scala:273)
[info]   at org.scalatest.SuperEngine.runImpl(Engine.scala:535)
[info]   at org.scalatest.funsuite.AnyFunSuiteLike.run(AnyFunSuiteLike.scala:273)
[info]   at org.scalatest.funsuite.AnyFunSuiteLike.run$(AnyFunSuiteLike.scala:272)
[info]   at frameless.TypedDatasetSuite.org$scalatest$BeforeAndAfterAll$$super$run(TypedDatasetSuite.scala:63)
[info]   at org.scalatest.BeforeAndAfterAll.liftedTree1$1(BeforeAndAfterAll.scala:213)
[info]   at org.scalatest.BeforeAndAfterAll.run(BeforeAndAfterAll.scala:210)
[info]   at org.scalatest.BeforeAndAfterAll.run$(BeforeAndAfterAll.scala:208)
[info]   at frameless.TypedDatasetSuite.run(TypedDatasetSuite.scala:63)
[info]   at org.scalatest.tools.Framework.org$scalatest$tools$Framework$$runSuite(Framework.scala:321)
[info]   at org.scalatest.tools.Framework$ScalaTestTask.execute(Framework.scala:517)
[info]   at sbt.ForkMain$Run.lambda$runTest$1(ForkMain.java:414)
[info]   at java.base/java.util.concurrent.FutureTask.run(FutureTask.java:317)
[info]   at java.base/java.util.concurrent.ThreadPoolExecutor.runWorker(ThreadPoolExecutor.java:1144)
[info]   at java.base/java.util.concurrent.ThreadPoolExecutor$Worker.run(ThreadPoolExecutor.java:642)
[info]   at java.base/java.lang.Thread.run(Thread.java:1583)
[info] Run completed in 1 minute.
[info] Total number of tests run: 414
[info] Suites: completed 70, aborted 0
[info] Tests: succeeded 31, failed 383, canceled 0, ignored 0, pending 0
[info] *** 383 TESTS FAILED ***
[error] Failed tests:
[error] 	frameless.QueryExecutionTests
[error] 	frameless.functions.AggregateFunctionsTests
[error] 	frameless.ops.deserialized.MapTests
[error] 	frameless.WithColumnTest
[error] 	frameless.IsLocalTests
[error] 	frameless.ops.deserialized.FlatMapTests
[error] 	frameless.ops.deserialized.MapPartitionsTests
[error] 	frameless.ops.SmartProjectTest
[error] 	frameless.WithColumnTupledTest
[error] 	frameless.SelectTests
[error] 	frameless.FilterTests
[error] 	frameless.functions.UdfTests
[error] 	frameless.CastTests
[error] 	frameless.functions.UnaryFunctionsTest
[error] 	frameless.ColumnsTests
[error] 	frameless.SelfJoinTests
[error] 	frameless.UnionTests
[error] 	frameless.NumericTests
[error] 	frameless.RecordEncoderTests
[error] 	frameless.ToJSONTests
[error] 	frameless.CollectTests
[error] 	frameless.ColumnViaLambdaTests
[error] 	frameless.ops.deserialized.FilterTests
[error] 	frameless.CreateTests
[error] 	frameless.WriteTests
[error] 	frameless.RandomSplitTests
[error] 	frameless.BitwiseTests
[error] 	frameless.ops.CubeTests
[error] 	frameless.IntersectTests
[error] 	frameless.LitTests
[error] 	frameless.ColumnTests
[error] 	frameless.SchemaTests
[error] 	frameless.DistinctTests
[error] 	frameless.sql.rules.FramelessLitPushDownTests
[error] 	frameless.LimitTests
[error] 	frameless.ops.PivotTest
[error] 	frameless.forward.HeadTests
[error] 	frameless.AsTests
[error] 	frameless.CountTests
[error] 	frameless.CheckpointTests
[error] 	frameless.ToLocalIteratorTests
[error] 	frameless.functions.NonAggregateFunctionsTests
[error] 	frameless.JoinTests
[error] 	frameless.DropTupledTest
[error] 	frameless.InputFilesTests
[error] 	frameless.SparkSessionTests
[error] 	frameless.ColTests
[error] 	frameless.DropTest
[error] 	frameless.OrderByTests
[error] 	frameless.ExceptTests
[error] 	frameless.ops.deserialized.ReduceTests
[error] 	frameless.IsStreamingTests
[error] 	frameless.ops.RollupTests
[error] 	frameless.syntax.FramelessSyntaxTests
[error] 	frameless.ops.ColumnTypesTest
[error] 	frameless.InjectionTests
[error] 	frameless.TakeTests
[error] 	frameless.FlattenTests
[error] 	frameless.forward.ForeachTests
[error] 	frameless.SQLContextTests
[error] 	frameless.GroupByTests
[error] 	frameless.WriteStreamTests
[error] 	frameless.ExplodeTests
[error] 	frameless.StorageLevelTests
[error] 	frameless.FirstTests
[error] (Test / test) sbt.TestsFailedException: Tests unsuccessful
[error] Total time: 63 s (0:01:03.0), completed Oct 2, 2025, 3:07:45 a.m.
